iter rel_error rel_residual
0 5.2160642579e+00 1.8522180612e-01
1 6.5970901821e+00 4.6009055556e-02
2 4.8179388786e+00 3.8603349395e-02
3 4.3906134644e+00 9.1333628105e-03
4 4.6697512766e+00 1.6454614741e-02
5 3.9610630642e+00 5.9863420458e-03
6 3.4682855832e+00 6.4067707549e-03
7 3.2005640565e+00 6.0429990218e-03
8 2.9527656670e+00 4.0315352302e-03
9 2.5752089434e+00 7.5308195247e-03
10 2.4512361538e+00 2.2869476271e-03
11 2.3912943854e+00 3.0692730534e-03
12 2.3538615370e+00 2.6863017981e-03
13 2.3463193080e+00 2.2836978913e-03
14 2.2904572762e+00 2.5160735851e-03
15 2.1836248015e+00 2.7923631260e-03
16 2.1684340142e+00 1.7863787293e-03
17 2.1954744310e+00 9.3653076768e-04
18 2.2086586288e+00 9.3171065364e-04
19 2.1969695862e+00 8.9620278705e-04
20 2.1762961263e+00 6.4886349922e-04
21 2.1604598343e+00 7.6996504630e-04
22 2.1562780009e+00 1.0505567957e-03
23 2.2040359254e+00 1.0301201256e-03
24 2.1858800531e+00 5.6489332419e-04
25 2.0659997200e+00 1.4308449743e-03
26 2.0015663865e+00 9.7379842360e-04
27 2.0069375912e+00 4.9800508749e-04
28 2.0086120318e+00 9.1894516440e-04
29 2.0296971557e+00 6.5701163171e-04
30 2.0306269665e+00 7.8995806778e-04
31 2.0268012331e+00 4.6041538645e-04
32 2.0355741099e+00 5.9783334459e-04
33 2.0227509453e+00 4.8349716020e-04
34 2.0171835080e+00 3.5579556422e-04
35 2.0184648429e+00 2.7016225592e-04
36 2.0022881088e+00 2.1441504588e-04
37 1.9902956731e+00 1.8561749629e-04
38 1.9603797126e+00 2.7855763891e-04
39 1.9089560149e+00 2.6002460038e-04
40 1.8781420423e+00 2.0626337490e-04
41 1.8730595912e+00 1.8720620921e-04
42 1.8751083238e+00 1.7810369715e-04
43 1.8728200633e+00 2.5066570989e-04
44 1.8556253687e+00 2.3243758652e-04
45 1.8378876294e+00 1.7213207759e-04
46 1.8278629954e+00 2.1150808313e-04
47 1.8229353553e+00 2.1630254042e-04
48 1.8253922903e+00 9.7471231769e-05
49 1.8199543578e+00 1.1955770041e-04
50 1.8009079903e+00 1.2668976273e-04
51 1.7833664765e+00 1.0423232474e-04
52 1.7755811935e+00 1.0027323041e-04
53 1.7680879362e+00 9.4763621891e-05
54 1.7612176819e+00 4.6453131271e-05
55 1.7553461400e+00 2.3394018701e-04
56 1.7493717677e+00 1.9197108359e-04
57 1.7447620368e+00 1.3741832779e-04
58 1.7412613992e+00 6.1215774074e-05
59 1.7319584223e+00 1.0654885444e-04
60 1.7039749348e+00 9.6900513776e-05
61 1.6679977580e+00 7.7695771208e-05
62 1.6375725349e+00 7.6485727887e-05
63 1.5627223221e+00 1.5779481888e-04
64 1.5244051901e+00 1.4561081989e-04
65 1.4591775621e+00 1.0552843328e-04
66 1.3584880872e+00 2.2167312951e-04
67 1.2547190009e+00 3.0023089522e-04
68 1.1349027187e+00 2.6863282342e-04
69 1.0070334262e+00 3.8153007314e-05
70 1.0049367728e+00 3.4855233731e-05
71 9.9959619742e-01 4.3907791804e-05
72 9.8937247898e-01 5.0505854359e-05
73 9.8420277131e-01 2.6908833618e-05
74 9.7949097180e-01 3.0894134694e-05
75 9.7640611045e-01 3.7391284260e-05
76 9.7149125858e-01 3.9762996225e-05
77 9.6486777826e-01 4.5515025673e-05
78 9.5009527777e-01 2.2049456954e-05
79 9.4744350432e-01 3.3492710750e-05
80 9.3980161581e-01 5.5894595442e-05
81 9.1767403731e-01 4.8742492342e-05
82 9.0490083126e-01 5.8688641343e-05
83 8.8693916733e-01 6.1590041654e-05
84 8.6413568609e-01 3.1814283943e-05
85 8.5924003946e-01 2.4856766445e-05
86 8.5731451746e-01 2.7755854528e-05
87 8.5207803520e-01 1.8411257065e-05
88 8.4487069212e-01 3.3304639885e-05
89 8.4183287309e-01 3.4800415622e-05
90 8.1537464824e-01 6.2534023739e-05
91 7.9764508626e-01 5.1231754009e-05
92 7.7678502524e-01 3.7301811651e-05
93 7.0066711363e-01 4.5328618297e-04
94 6.6431891476e-01 2.5651390229e-04
95 6.5153445643e-01 4.6845693457e-05
96 6.4299721763e-01 8.4831417828e-05
97 5.9561428495e-01 1.6839096242e-04
98 5.9022392438e-01 8.5650864927e-05
99 5.9245011340e-01 5.7306225929e-05
100 5.9245853384e-01 7.0491967012e-05
101 5.9691114097e-01 4.9995268814e-05
102 5.9765119763e-01 3.1118323810e-05
103 5.9625247153e-01 1.5754440447e-05
104 5.9516627614e-01 1.3899660600e-05
105 5.8489472760e-01 4.0996490842e-05
106 5.4969056949e-01 7.1097983734e-05
107 4.8131327519e-01 4.0979200582e-05
108 4.5699869317e-01 6.0492740081e-05
109 5.9069538829e-02 1.3761044465e-05
110 5.6761460928e-02 9.9739012722e-06
111 3.8159831183e-02 5.3382514275e-05
112 1.4325797461e-02 3.9111800557e-05
113 4.0718828509e-03 1.2793602904e-05
114 3.9926286617e-03 2.9111270513e-06
115 3.9525642323e-03 1.2669539577e-06
116 3.7187205147e-03 1.9212472433e-06
117 2.1677536186e-03 4.1029852726e-06
118 2.1267558572e-03 4.8462471292e-07
119 2.1132219986e-03 3.7089957391e-07
120 2.0510357749e-03 8.0681920805e-07
121 1.2502419742e-03 4.1544479035e-07
122 1.2304416103e-03 1.4742278057e-07
123 1.2268644081e-03 3.8192831581e-08
124 1.2183952003e-03 1.7880852381e-07
125 9.8833659386e-04 3.3204141932e-07
126 8.1421884562e-05 8.1421547233e-08
127 4.9550684239e-05 2.3331671527e-08
128 3.7226498829e-05 1.2538715399e-08
129 3.7049373044e-05 5.4095819101e-09
130 3.6578100290e-05 1.7903827714e-08
131 3.2354997974e-05 7.1532047162e-09
132 1.4404788194e-05 1.1542174673e-08
133 3.5473853158e-06 4.3402716063e-09
134 2.2121527067e-06 2.6351762856e-09
135 1.5283918541e-06 9.0409115219e-10
136 1.4982572074e-06 6.7450254460e-10
137 1.4219744298e-06 2.5406385892e-10
138 1.3761962027e-06 2.0581991544e-10
139 1.3606410044e-06 1.8068476617e-10
140 1.3592160795e-06 1.7863847498e-10
141 1.3389550212e-06 2.0677273605e-10
142 1.2623492478e-06 2.7594738874e-10
143 1.0915198985e-06 2.6414742912e-10
144 9.6688891405e-07 3.4733734029e-10
145 9.0780163958e-07 1.7832449893e-10
146 8.7711565042e-07 1.0598855936e-10
147 8.6667305183e-07 7.2126148687e-11
