iter rel_error rel_residual
0 2.5327495275e+01 3.9544981252e-01
1 2.4501476419e+01 1.9650417498e-01
2 2.2865642134e+01 1.0969098834e-01
3 2.1341648279e+01 8.8557676853e-02
4 1.9213920085e+01 5.5349416433e-02
5 1.7495293161e+01 4.4082518997e-02
6 1.5924659296e+01 3.3893975483e-02
7 1.4712814600e+01 2.6588410762e-02
8 1.3781095945e+01 2.2497044380e-02
9 1.2963229714e+01 1.7685050073e-02
10 1.2148056375e+01 1.6001886424e-02
11 1.1230749878e+01 1.2589423876e-02
12 1.0322309945e+01 1.1673094274e-02
13 9.4594279065e+00 9.1179749723e-03
14 8.7314277844e+00 8.6586261133e-03
15 7.9895742192e+00 7.2114092775e-03
16 7.3579717552e+00 6.4648879673e-03
17 6.7944248838e+00 5.5807183322e-03
18 6.3179603135e+00 4.9668526523e-03
19 5.8861201477e+00 4.5011765890e-03
20 5.4978753904e+00 4.0756431183e-03
21 5.1631682225e+00 3.8854803637e-03
22 4.9174056607e+00 3.3690308079e-03
23 4.7432544512e+00 3.2445851720e-03
24 4.6102006575e+00 2.8394937489e-03
25 4.4990568850e+00 2.7509374506e-03
26 4.4033283084e+00 2.4547959042e-03
27 4.3376715527e+00 2.3199715264e-03
28 4.2955343465e+00 2.1059975694e-03
29 4.2634308690e+00 1.9660779803e-03
30 4.2277956023e+00 1.8549169128e-03
31 4.1914951323e+00 1.7354034257e-03
32 4.1519261089e+00 1.6835428864e-03
33 4.1035922106e+00 1.5683726004e-03
34 4.0564152151e+00 1.5121766620e-03
35 4.0061294805e+00 1.3940088862e-03
36 3.9504740969e+00 1.3144168449e-03
37 3.8902105810e+00 1.2556362334e-03
38 3.8268035698e+00 1.2029507196e-03
39 3.7652408976e+00 1.1464348134e-03
40 3.7096402474e+00 1.0684170039e-03
41 3.6591898857e+00 1.0195815711e-03
42 3.6126022682e+00 9.5732795634e-04
43 3.5693815078e+00 9.2498859228e-04
44 3.5334195941e+00 8.8558474671e-04
45 3.5017545427e+00 8.5612802536e-04
46 3.4742742701e+00 8.1305304523e-04
47 3.4499439938e+00 7.4909490344e-04
48 3.4280637916e+00 7.4791352021e-04
49 3.4071890925e+00 7.0036589332e-04
50 3.3866835780e+00 6.8467642982e-04
51 3.3668165677e+00 6.4604054449e-04
52 3.3465299809e+00 6.0347050363e-04
53 3.3248573493e+00 6.0556593217e-04
54 3.3037088061e+00 5.5376404255e-04
55 3.2814850949e+00 5.7331443626e-04
56 3.2589564270e+00 5.2462029058e-04
57 3.2377968875e+00 5.3387135221e-04
58 3.2173764640e+00 4.9033366912e-04
59 3.1988637347e+00 4.7451161896e-04
60 3.1806261586e+00 4.6657414634e-04
61 3.1642826000e+00 4.2894577464e-04
62 3.1480077328e+00 4.4170156071e-04
63 3.1325738038e+00 4.0742878573e-04
64 3.1188807004e+00 4.1333959781e-04
65 3.1054622856e+00 3.9475340444e-04
66 3.0934282189e+00 3.7583138903e-04
67 3.0814043915e+00 3.8078503735e-04
68 3.0690509103e+00 3.5626435092e-04
69 3.0582850782e+00 3.5496415148e-04
70 3.0474823816e+00 3.4516101623e-04
71 3.0368756087e+00 3.3897335723e-04
72 3.0272111634e+00 3.3077480421e-04
73 3.0171195801e+00 3.1633410917e-04
74 3.0060301502e+00 3.1606846886e-04
75 2.9953889166e+00 2.9980229268e-04
76 2.9852556360e+00 2.9973742044e-04
77 2.9751822066e+00 2.8673018688e-04
78 2.9653719242e+00 2.7813087947e-04
79 2.9562264219e+00 2.7385701176e-04
80 2.9473016847e+00 2.6016150647e-04
81 2.9389386853e+00 2.5940678899e-04
82 2.9310652708e+00 2.4146977890e-04
83 2.9239288365e+00 2.4342655397e-04
84 2.9163667993e+00 2.3196708215e-04
85 2.9085146462e+00 2.3694562064e-04
86 2.9006262450e+00 2.2674258604e-04
87 2.8928611548e+00 2.2768668112e-04
88 2.8849340986e+00 2.1737126115e-04
89 2.8773940794e+00 2.1439618612e-04
90 2.8700288341e+00 2.1124911257e-04
91 2.8625632267e+00 2.0524723100e-04
92 2.8550948826e+00 2.0006532824e-04
93 2.8483485578e+00 1.9065735051e-04
94 2.8410722384e+00 1.9064048568e-04
95 2.8339699533e+00 1.8326080287e-04
96 2.8274626407e+00 1.7851856759e-04
97 2.8204561973e+00 1.7674731178e-04
98 2.8139842135e+00 1.6880909115e-04
99 2.8079116259e+00 1.6427539074e-04
100 2.8018461737e+00 1.6482476350e-04
101 2.7960216021e+00 1.5339658144e-04
102 2.7902952934e+00 1.5908056625e-04
103 2.7848156344e+00 1.4861450519e-04
104 2.7794039755e+00 1.4842880296e-04
105 2.7740772669e+00 1.4471380420e-04
106 2.7686182771e+00 1.4251010620e-04
107 2.7634739652e+00 1.4065213596e-04
108 2.7585957271e+00 1.3656677698e-04
109 2.7534198076e+00 1.3853691618e-04
110 2.7482631041e+00 1.3482313956e-04
111 2.7430578756e+00 1.3452738583e-04
112 2.7380462197e+00 1.3076032965e-04
113 2.7329728954e+00 1.3224459680e-04
114 2.7283464067e+00 1.2596391696e-04
115 2.7238372914e+00 1.2495269010e-04
116 2.7195995204e+00 1.1572538858e-04
117 2.7158136041e+00 1.1772610000e-04
118 2.7116477537e+00 1.1557636184e-04
119 2.7076699579e+00 1.1441835476e-04
120 2.7033637365e+00 1.1453785005e-04
121 2.6992152623e+00 1.1043335733e-04
122 2.6951937086e+00 1.0923857554e-04
123 2.6913733330e+00 1.0610281285e-04
124 2.6876065421e+00 1.0596607000e-04
125 2.6836955311e+00 1.0573449571e-04
126 2.6798653043e+00 1.0059702163e-04
127 2.6759524247e+00 1.0479038728e-04
128 2.6720114459e+00 9.7929278354e-05
129 2.6686008525e+00 9.8162615632e-05
130 2.6649577184e+00 9.1038333847e-05
131 2.6617893995e+00 9.3322756225e-05
132 2.6583620868e+00 8.8290030309e-05
133 2.6549545362e+00 9.0848499746e-05
134 2.6515492519e+00 8.5740712857e-05
135 2.6482221864e+00 8.5651771052e-05
136 2.6449514757e+00 8.3901951330e-05
137 2.6416420665e+00 8.1474536927e-05
138 2.6385284492e+00 8.0390932222e-05
139 2.6351989469e+00 7.6397256421e-05
140 2.6320584011e+00 7.7877184441e-05
141 2.6287307384e+00 7.4574159962e-05
142 2.6253559784e+00 7.6036823612e-05
143 2.6220496040e+00 7.2584008660e-05
144 2.6187644545e+00 7.3544958283e-05
145 2.6154617649e+00 7.0263639928e-05
146 2.6122571706e+00 7.1059576367e-05
147 2.6091470712e+00 6.8552277813e-05
148 2.6061296977e+00 6.8243235698e-05
149 2.6033223019e+00 6.5332086980e-05
150 2.6006075090e+00 6.6812579718e-05
151 2.5976216154e+00 6.4922764519e-05
152 2.5946098735e+00 6.5791484680e-05
153 2.5916180885e+00 6.4116078300e-05
154 2.5886323008e+00 6.4045888143e-05
155 2.5856920674e+00 6.0991661522e-05
156 2.5827536189e+00 6.0894280571e-05
157 2.5797351572e+00 5.9448261894e-05
158 2.5768072852e+00 5.8592839405e-05
159 2.5737938076e+00 5.9464900962e-05
160 2.5706895211e+00 5.7541620539e-05
161 2.5676529743e+00 5.7536483449e-05
162 2.5645299947e+00 5.6642896195e-05
163 2.5614952075e+00 5.6106037967e-05
164 2.5583644272e+00 5.5746208668e-05
165 2.5554771517e+00 5.4106119916e-05
166 2.5525850856e+00 5.4840426296e-05
167 2.5498661586e+00 5.3103632767e-05
168 2.5471310684e+00 5.4109037046e-05
169 2.5442947918e+00 5.3702753142e-05
170 2.5414865812e+00 5.3174250234e-05
171 2.5385772481e+00 5.3415967480e-05
172 2.5357372591e+00 5.2779549906e-05
173 2.5327131050e+00 5.3094976244e-05
174 2.5297944431e+00 5.2136937314e-05
175 2.5265857383e+00 5.2741417916e-05
176 2.5234475199e+00 5.1148750542e-05
177 2.5204228441e+00 5.1166998087e-05
178 2.5172952477e+00 5.0052152787e-05
179 2.5142221828e+00 5.0027099217e-05
180 2.5112055680e+00 4.9008248216e-05
181 2.5083871433e+00 4.7547131912e-05
182 2.5056123532e+00 4.7123623228e-05
183 2.5028406209e+00 4.7075694061e-05
184 2.4999893851e+00 4.6396497312e-05
185 2.4972064208e+00 4.6272203075e-05
186 2.4942821618e+00 4.5757317333e-05
187 2.4914544593e+00 4.6708873352e-05
188 2.4885328528e+00 4.4652268259e-05
189 2.4856876819e+00 4.5071612314e-05
190 2.4828500459e+00 4.4381348189e-05
191 2.4802969416e+00 4.2860178502e-05
192 2.4777238817e+00 4.3488499546e-05
193 2.4750594685e+00 4.2780833164e-05
194 2.4721432348e+00 4.3472719143e-05
195 2.4692462133e+00 4.2814727653e-05
196 2.4662267033e+00 4.3081147847e-05
197 2.4634030145e+00 4.2051613034e-05
198 2.4606607043e+00 4.1464538436e-05
199 2.4580375333e+00 4.1633366073e-05
200 2.4553070871e+00 4.0808489475e-05
201 2.4525897784e+00 4.0782617133e-05
202 2.4497716780e+00 4.0978695468e-05
203 2.4471919277e+00 4.0338242971e-05
204 2.4445996207e+00 3.9117254586e-05
205 2.4419892961e+00 3.8619655117e-05
206 2.4394674741e+00 3.7564898434e-05
207 2.4371871924e+00 3.7969352672e-05
208 2.4349091992e+00 3.7331721494e-05
209 2.4324104195e+00 3.8050481216e-05
210 2.4299460652e+00 3.7083325123e-05
211 2.4274223271e+00 3.7106100029e-05
212 2.4250675252e+00 3.6485800910e-05
213 2.4226044783e+00 3.6840092415e-05
214 2.4202686694e+00 3.6029911228e-05
215 2.4179626626e+00 3.6494433561e-05
216 2.4155898849e+00 3.5629632928e-05
217 2.4131155682e+00 3.6402649816e-05
218 2.4106359856e+00 3.6326726357e-05
219 2.4082260010e+00 3.4929657379e-05
220 2.4059071229e+00 3.4359388393e-05
221 2.4037218147e+00 3.3529089458e-05
222 2.4015950209e+00 3.3613586526e-05
223 2.3992817793e+00 3.4251734145e-05
224 2.3970385760e+00 3.2400271187e-05
225 2.3947879767e+00 3.3232066378e-05
226 2.3926811614e+00 3.1930165687e-05
227 2.3906125878e+00 3.2061532313e-05
228 2.3885118996e+00 3.1637502859e-05
229 2.3864030554e+00 3.1600952766e-05
230 2.3842369696e+00 3.0903392372e-05
231 2.3821927456e+00 3.0736488034e-05
232 2.3802295578e+00 3.0175430351e-05
233 2.3782947792e+00 2.9663559300e-05
234 2.3765087070e+00 2.8800538031e-05
235 2.3746003738e+00 2.9189221335e-05
236 2.3727412642e+00 2.8989591227e-05
237 2.3707849451e+00 2.9173196518e-05
238 2.3687618514e+00 2.9020887388e-05
239 2.3667378790e+00 2.8367200571e-05
240 2.3647083482e+00 2.8463704378e-05
241 2.3627347789e+00 2.7334771893e-05
242 2.3608396477e+00 2.7504757279e-05
243 2.3589200232e+00 2.6757342131e-05
244 2.3571560106e+00 2.6634798253e-05
245 2.3553714139e+00 2.6235632991e-05
246 2.3535706400e+00 2.6319625871e-05
247 2.3517525477e+00 2.5976122359e-05
248 2.3499542064e+00 2.5288845584e-05
249 2.3481894059e+00 2.5736332194e-05
250 2.3463886573e+00 2.5167308901e-05
251 2.3446182058e+00 2.4716287940e-05
252 2.3428750819e+00 2.4819491997e-05
253 2.3410968020e+00 2.4219128291e-05
254 2.3393522800e+00 2.4210335449e-05
255 2.3375958013e+00 2.3986507495e-05
256 2.3358445391e+00 2.3574752068e-05
257 2.3341649454e+00 2.3744451772e-05
258 2.3324325103e+00 2.3111247123e-05
259 2.3306951299e+00 2.3473904127e-05
260 2.3289427421e+00 2.2657019233e-05
261 2.3272669398e+00 2.3229346785e-05
262 2.3256560294e+00 2.2155292250e-05
263 2.3241526090e+00 2.2768303477e-05
264 2.3224422797e+00 2.2353187877e-05
265 2.3206403430e+00 2.2708619197e-05
266 2.3188205085e+00 2.2167930988e-05
267 2.3171149909e+00 2.1929452550e-05
268 2.3154251744e+00 2.1268538427e-05
269 2.3138215932e+00 2.1312014120e-05
270 2.3121889529e+00 2.1093714372e-05
271 2.3105839724e+00 2.1350750090e-05
272 2.3088810340e+00 2.1244809880e-05
273 2.3071772967e+00 2.1207928333e-05
274 2.3054584790e+00 2.0787061563e-05
275 2.3038435002e+00 2.0498603925e-05
276 2.3022562016e+00 2.0450968637e-05
277 2.3007505835e+00 2.0289757775e-05
278 2.2991462026e+00 2.0301310763e-05
279 2.2974681880e+00 1.9674520585e-05
280 2.2957481364e+00 2.0289618030e-05
281 2.2940476222e+00 1.9393965571e-05
282 2.2923360300e+00 2.0053200167e-05
283 2.2905587788e+00 1.9220587964e-05
284 2.2889297991e+00 1.9200958317e-05
285 2.2873343156e+00 1.9020944993e-05
286 2.2858459478e+00 1.9334565315e-05
287 2.2840763029e+00 1.9239116600e-05
288 2.2822803009e+00 1.9262589611e-05
289 2.2805174353e+00 1.8942264872e-05
290 2.2788568455e+00 1.8682674136e-05
291 2.2772156629e+00 1.8946841495e-05
292 2.2755079971e+00 1.8845831638e-05
293 2.2737980855e+00 1.8521475436e-05
294 2.2720205297e+00 1.8806522490e-05
295 2.2702717882e+00 1.8240493663e-05
296 2.2686224870e+00 1.8685613777e-05
297 2.2669304459e+00 1.8087266484e-05
298 2.2652325356e+00 1.8723668885e-05
299 2.2634107441e+00 1.8085403205e-05
300 2.2617095103e+00 1.8174047498e-05
301 2.2599415137e+00 1.7896691614e-05
302 2.2581029391e+00 1.8482672105e-05
303 2.2561798741e+00 1.8086063271e-05
304 2.2542686690e+00 1.8297060681e-05
305 2.2523336210e+00 1.7883772044e-05
306 2.2505579004e+00 1.7597792939e-05
307 2.2489415384e+00 1.6937624488e-05
308 2.2472477869e+00 1.7384110780e-05
309 2.2455356931e+00 1.6824177101e-05
310 2.2437230655e+00 1.7377868802e-05
311 2.2418788695e+00 1.7062977069e-05
312 2.2400516896e+00 1.7210794253e-05
313 2.2382092169e+00 1.6475576332e-05
314 2.2364486690e+00 1.6882611593e-05
315 2.2346287111e+00 1.6533219390e-05
316 2.2328344991e+00 1.6686581096e-05
317 2.2310105085e+00 1.6905288792e-05
318 2.2291962844e+00 1.6461749140e-05
319 2.2274059580e+00 1.6619994271e-05
320 2.2254842668e+00 1.6514001190e-05
321 2.2236548907e+00 1.6311427491e-05
322 2.2220174336e+00 1.5591714261e-05
323 2.2204375098e+00 1.5694353715e-05
324 2.2187015423e+00 1.6067959715e-05
325 2.2168707993e+00 1.5989901040e-05
326 2.2150468387e+00 1.5751535912e-05
327 2.2132627853e+00 1.5556389084e-05
328 2.2115115379e+00 1.5536802592e-05
329 2.2098903193e+00 1.5198013594e-05
330 2.2081731478e+00 1.5692161341e-05
331 2.2063009711e+00 1.5525927759e-05
332 2.2044711625e+00 1.5642879677e-05
333 2.2025884601e+00 1.5510644013e-05
334 2.2007089266e+00 1.5478615029e-05
335 2.1988294230e+00 1.5508885809e-05
336 2.1969023214e+00 1.5588280316e-05
337 2.1950799105e+00 1.5208490418e-05
338 2.1933171043e+00 1.5099744787e-05
339 2.1915153337e+00 1.5101377675e-05
340 2.1896992478e+00 1.5178369556e-05
341 2.1878305854e+00 1.5212011422e-05
342 2.1859760071e+00 1.5424171892e-05
343 2.1840595596e+00 1.5294641410e-05
344 2.1822176847e+00 1.4963308151e-05
345 2.1803106410e+00 1.5266535450e-05
346 2.1783270951e+00 1.5071429332e-05
347 2.1763356282e+00 1.5343752199e-05
348 2.1743498081e+00 1.4726638075e-05
349 2.1723635815e+00 1.5146420961e-05
350 2.1703722449e+00 1.4884650504e-05
351 2.1685148011e+00 1.4761547211e-05
352 2.1666691025e+00 1.4687457158e-05
353 2.1646992264e+00 1.5061021466e-05
354 2.1626588773e+00 1.4627636024e-05
355 2.1605915603e+00 1.5124922028e-05
356 2.1585119776e+00 1.4525058605e-05
357 2.1565964764e+00 1.4574461820e-05
358 2.1547338070e+00 1.4251760335e-05
359 2.1528742742e+00 1.4605014162e-05
360 2.1509269942e+00 1.4278842774e-05
361 2.1489702043e+00 1.4645602383e-05
362 2.1469047881e+00 1.4564765224e-05
363 2.1448986113e+00 1.4603116282e-05
364 2.1427804494e+00 1.4611409562e-05
365 2.1406717802e+00 1.4571777223e-05
366 2.1386344681e+00 1.4482016626e-05
367 2.1365671710e+00 1.4461780678e-05
368 2.1345859051e+00 1.3971353440e-05
369 2.1326409112e+00 1.4074439842e-05
370 2.1306615765e+00 1.3982247574e-05
371 2.1287924955e+00 1.3770050039e-05
372 2.1269058903e+00 1.4086150654e-05
373 2.1248569705e+00 1.3838080320e-05
374 2.1228723029e+00 1.3739691964e-05
375 2.1208652301e+00 1.3701106296e-05
376 2.1188705888e+00 1.3556602845e-05
377 2.1170160588e+00 1.3354782703e-05
378 2.1152170983e+00 1.3122258421e-05
379 2.1135407473e+00 1.3187263341e-05
380 2.1116875078e+00 1.3402616499e-05
381 2.1097608025e+00 1.3230801127e-05
382 2.1079068406e+00 1.3293758674e-05
383 2.1061273722e+00 1.3008399986e-05
384 2.1043527129e+00 1.3050042030e-05
385 2.1025078468e+00 1.3063282543e-05
386 2.1006779692e+00 1.3231610277e-05
387 2.0986817769e+00 1.3387713544e-05
388 2.0966316565e+00 1.3354237730e-05
389 2.0945772317e+00 1.3182810911e-05
390 2.0926302344e+00 1.2757989405e-05
391 2.0907099784e+00 1.2856485803e-05
392 2.0887666726e+00 1.2861991311e-05
393 2.0868971899e+00 1.2670029287e-05
394 2.0851375952e+00 1.2355630816e-05
395 2.0833060017e+00 1.2409030193e-05
396 2.0813979948e+00 1.2504032900e-05
397 2.0794909103e+00 1.2558289955e-05
398 2.0775808085e+00 1.2452038221e-05
399 2.0757794969e+00 1.2250875271e-05
400 2.0740019689e+00 1.2329798374e-05
401 2.0721791563e+00 1.2420499313e-05
402 2.0704175335e+00 1.2045129245e-05
403 2.0686942522e+00 1.2132573855e-05
404 2.0669488334e+00 1.2016777634e-05
405 2.0650836392e+00 1.2109571302e-05
406 2.0631924732e+00 1.2019732614e-05
407 2.0613077261e+00 1.1873821722e-05
408 2.0594278285e+00 1.2069626304e-05
409 2.0575474554e+00 1.1854254811e-05
410 2.0557089843e+00 1.2020760178e-05
411 2.0538828399e+00 1.1838793000e-05
412 2.0520173027e+00 1.2113890001e-05
413 2.0500964321e+00 1.1985918110e-05
414 2.0482415896e+00 1.1773965140e-05
415 2.0463775439e+00 1.2059486933e-05
416 2.0444686272e+00 1.1755002046e-05
417 2.0425774235e+00 1.1926504227e-05
418 2.0407802259e+00 1.1395038590e-05
419 2.0390945902e+00 1.1583478796e-05
420 2.0372884944e+00 1.1386747229e-05
421 2.0354739775e+00 1.1548391723e-05
422 2.0335721202e+00 1.1569507544e-05
423 2.0316501564e+00 1.1564517942e-05
424 2.0298534341e+00 1.1374206497e-05
425 2.0280266859e+00 1.1606357357e-05
426 2.0261640463e+00 1.1575658501e-05
427 2.0242216358e+00 1.1809990544e-05
428 2.0222351719e+00 1.1793265318e-05
429 2.0202739816e+00 1.1559840948e-05
430 2.0183856658e+00 1.1441225156e-05
431 2.0165817475e+00 1.1316984377e-05
432 2.0148398682e+00 1.1125025073e-05
433 2.0131194940e+00 1.1076400232e-05
434 2.0115161624e+00 1.0718286268e-05
435 2.0099227894e+00 1.1305179274e-05
436 2.0080653922e+00 1.1269448810e-05
437 2.0062018017e+00 1.1057893797e-05
438 2.0043647640e+00 1.0945229481e-05
439 2.0025661268e+00 1.0779432686e-05
440 2.0008245785e+00 1.0739450382e-05
441 1.9991264840e+00 1.0696058419e-05
442 1.9974039608e+00 1.0890784976e-05
443 1.9956210089e+00 1.0808144573e-05
444 1.9939583112e+00 1.0648777422e-05
445 1.9923888850e+00 1.0594048556e-05
446 1.9906807513e+00 1.0760712189e-05
447 1.9888625757e+00 1.0719963749e-05
448 1.9870248675e+00 1.0580789705e-05
449 1.9853170007e+00 1.0433590008e-05
450 1.9836667739e+00 1.0392186395e-05
451 1.9820515861e+00 1.0379746349e-05
452 1.9804218206e+00 1.0187011966e-05
453 1.9788934090e+00 1.0091553342e-05
454 1.9773693228e+00 1.0116033407e-05
455 1.9757711092e+00 1.0230224167e-05
456 1.9740883966e+00 1.0284439521e-05
457 1.9724654080e+00 1.0106809462e-05
458 1.9708533376e+00 9.9084366763e-06
459 1.9692859160e+00 9.9872055022e-06
460 1.9676377305e+00 9.9755371366e-06
461 1.9659847235e+00 9.9589251674e-06
462 1.9643631758e+00 9.5218863600e-06
463 1.9629111195e+00 9.4592573148e-06
464 1.9615605629e+00 9.2324805573e-06
465 1.9602403385e+00 9.2961528943e-06
466 1.9587998827e+00 9.3768849894e-06
467 1.9573225975e+00 9.2105336608e-06
468 1.9559319503e+00 9.1949889279e-06
469 1.9545685604e+00 9.0379600537e-06
470 1.9532188920e+00 9.1208236021e-06
471 1.9518059438e+00 8.9353321532e-06
472 1.9505046803e+00 8.8561397329e-06
473 1.9492256487e+00 8.7335197413e-06
474 1.9479042748e+00 8.7987786332e-06
475 1.9465163645e+00 8.9044196427e-06
476 1.9450883240e+00 8.8536336827e-06
477 1.9436971458e+00 8.6506989536e-06
478 1.9423466757e+00 8.5683201965e-06
479 1.9410112024e+00 8.6325508648e-06
480 1.9396885238e+00 8.5643721278e-06
481 1.9383431306e+00 8.5892807818e-06
482 1.9370041357e+00 8.5793845131e-06
483 1.9356346989e+00 8.5835370923e-06
484 1.9343177257e+00 8.4255335696e-06
485 1.9331169421e+00 8.2836321583e-06
486 1.9319374064e+00 8.2306639373e-06
487 1.9306308663e+00 8.3570173469e-06
488 1.9292989522e+00 8.2133108878e-06
489 1.9280743465e+00 8.0641616864e-06
490 1.9268745422e+00 8.0156500720e-06
491 1.9256181538e+00 8.2843646619e-06
492 1.9243681841e+00 8.0977772437e-06
493 1.9231518451e+00 8.1438457466e-06
494 1.9219417472e+00 8.0084863100e-06
495 1.9207422058e+00 8.0096590831e-06
496 1.9195949204e+00 7.8402571461e-06
497 1.9184227652e+00 7.8237184386e-06
498 1.9172268710e+00 7.7991347647e-06
499 1.9159243453e+00 7.9656172104e-06
500 1.9146034134e+00 7.9706491905e-06
501 1.9132616437e+00 7.8763330788e-06
502 1.9119716820e+00 7.8094873694e-06
503 1.9107235574e+00 7.7113389445e-06
504 1.9095926546e+00 7.6575412597e-06
505 1.9083508854e+00 7.8963251350e-06
506 1.9070607368e+00 7.7411892202e-06
507 1.9057591982e+00 7.8294416624e-06
508 1.9044621544e+00 7.7159769362e-06
509 1.9032159931e+00 7.7276889070e-06
510 1.9019495930e+00 7.8607267810e-06
511 1.9006333092e+00 7.7473626568e-06
512 1.8992728323e+00 7.9401054444e-06
513 1.8979387297e+00 7.6792734908e-06
514 1.8967449169e+00 7.6202632766e-06
515 1.8955008541e+00 7.4278154257e-06
516 1.8942306287e+00 7.6293298001e-06
517 1.8929286223e+00 7.4238740680e-06
518 1.8916587477e+00 7.4115633705e-06
519 1.8903938421e+00 7.3099508357e-06
520 1.8891930836e+00 7.0915009001e-06
521 1.8880368983e+00 7.0831376958e-06
522 1.8868612613e+00 7.0756845808e-06
523 1.8856634584e+00 7.1965582458e-06
524 1.8844838719e+00 6.9345051226e-06
525 1.8833225985e+00 7.0935839097e-06
526 1.8822268869e+00 6.7771679238e-06
527 1.8811407667e+00 7.1583380667e-06
528 1.8799393575e+00 7.0258892994e-06
529 1.8787646297e+00 6.9226761957e-06
530 1.8776802606e+00 6.8987368294e-06
531 1.8764732436e+00 7.0203322043e-06
532 1.8751977718e+00 7.0014432948e-06
533 1.8739001497e+00 7.0307625995e-06
534 1.8727000388e+00 6.7722261592e-06
535 1.8716555366e+00 6.7836526031e-06
536 1.8705030427e+00 6.7714430689e-06
537 1.8693207925e+00 6.7707764493e-06
538 1.8681840659e+00 6.5954240559e-06
539 1.8671706445e+00 6.5552410774e-06
540 1.8660890637e+00 6.6317101688e-06
541 1.8649436764e+00 6.6079849288e-06
542 1.8638037220e+00 6.5762404872e-06
543 1.8626856853e+00 6.5863312067e-06
544 1.8615470618e+00 6.6114550494e-06
545 1.8604095601e+00 6.5599616830e-06
546 1.8593180015e+00 6.5331956316e-06
547 1.8582162355e+00 6.5772519074e-06
548 1.8570912271e+00 6.6241055716e-06
549 1.8559897978e+00 6.5043219626e-06
550 1.8548392941e+00 6.7227633171e-06
551 1.8537686122e+00 6.3997906649e-06
552 1.8527339402e+00 6.4679842784e-06
553 1.8515838143e+00 6.5855160745e-06
554 1.8503557042e+00 6.5564546245e-06
555 1.8492162015e+00 6.4632508130e-06
556 1.8481982419e+00 6.4391627006e-06
557 1.8469902263e+00 6.7041691951e-06
558 1.8456957669e+00 6.5038141432e-06
559 1.8444648868e+00 6.4210401839e-06
560 1.8432373707e+00 6.4293624263e-06
561 1.8420348885e+00 6.3647985521e-06
562 1.8408322937e+00 6.4286402080e-06
563 1.8395801733e+00 6.3902899270e-06
564 1.8383376517e+00 6.3666423402e-06
565 1.8370839736e+00 6.3592070465e-06
566 1.8357832041e+00 6.4300281168e-06
567 1.8345208324e+00 6.2169682378e-06
568 1.8333520325e+00 6.1889869334e-06
569 1.8321715021e+00 6.3182915670e-06
570 1.8309828214e+00 6.1935907397e-06
571 1.8297601495e+00 6.2346218978e-06
572 1.8285172810e+00 6.2035982429e-06
573 1.8272509070e+00 6.2783377788e-06
574 1.8260040232e+00 6.2102945700e-06
575 1.8248332269e+00 6.1444579757e-06
576 1.8236224797e+00 6.1577844982e-06
577 1.8223682372e+00 6.2549952093e-06
578 1.8210804398e+00 6.2033897256e-06
579 1.8198392154e+00 6.2848438100e-06
580 1.8186656356e+00 6.0955059096e-06
581 1.8175465307e+00 6.1973551139e-06
582 1.8163440518e+00 6.1697990277e-06
583 1.8151074696e+00 6.1360642373e-06
584 1.8139798462e+00 5.9537179269e-06
585 1.8128206041e+00 6.1183075934e-06
586 1.8115639926e+00 6.1571465596e-06
587 1.8102955521e+00 6.0807767990e-06
588 1.8091024532e+00 5.9206514232e-06
589 1.8079981388e+00 5.8686442827e-06
590 1.8068204111e+00 5.9743606239e-06
591 1.8056435780e+00 5.7947311334e-06
592 1.8044717059e+00 5.7824941332e-06
593 1.8033331840e+00 5.6860175454e-06
594 1.8021902224e+00 5.6915393340e-06
595 1.8010455767e+00 5.6375885269e-06
596 1.7999306848e+00 5.6320316420e-06
597 1.7988724527e+00 5.4102143903e-06
598 1.7979495043e+00 5.3747285002e-06
599 1.7970059900e+00 5.4197143961e-06
600 1.7959796790e+00 5.5063911713e-06
601 1.7949726447e+00 5.3287998252e-06
602 1.7939704904e+00 5.4669603329e-06
603 1.7929562418e+00 5.3013235748e-06
604 1.7919795609e+00 5.3904962243e-06
605 1.7910032083e+00 5.2884226807e-06
606 1.7899966933e+00 5.3470991680e-06
607 1.7889598246e+00 5.2906414514e-06
608 1.7880076116e+00 5.2755704067e-06
609 1.7870814028e+00 5.2053474430e-06
610 1.7860873652e+00 5.3417088077e-06
611 1.7850061770e+00 5.2733537095e-06
612 1.7839192442e+00 5.3679986922e-06
613 1.7828237073e+00 5.2881096160e-06
614 1.7818192730e+00 5.2184184227e-06
615 1.7807715602e+00 5.2891156124e-06
616 1.7797063803e+00 5.3310592463e-06
617 1.7786613152e+00 5.3092502692e-06
618 1.7776669589e+00 5.2097523447e-06
619 1.7767091536e+00 5.2890879467e-06
620 1.7756466415e+00 5.3088779981e-06
621 1.7745196352e+00 5.3429077586e-06
622 1.7734475662e+00 5.1705282083e-06
623 1.7723752842e+00 5.2692187050e-06
624 1.7712576704e+00 5.2450319673e-06
625 1.7701574726e+00 5.2225374406e-06
626 1.7691123558e+00 5.1592975427e-06
627 1.7680980911e+00 5.1183784457e-06
628 1.7670503728e+00 5.0961710678e-06
629 1.7659677176e+00 5.1686726562e-06
630 1.7648537480e+00 5.0897543216e-06
631 1.7637238501e+00 5.1199800291e-06
632 1.7626590236e+00 5.0772952735e-06
633 1.7617014465e+00 5.0210583318e-06
634 1.7606883596e+00 5.1214044152e-06
635 1.7596259180e+00 5.0241792880e-06
636 1.7586167815e+00 4.9988206554e-06
637 1.7575715954e+00 5.1479092861e-06
638 1.7564145711e+00 5.2297509232e-06
639 1.7552591333e+00 5.1549410034e-06
640 1.7541320295e+00 5.1407749239e-06
641 1.7530499058e+00 5.0910494632e-06
642 1.7519703753e+00 5.1619388744e-06
643 1.7508366184e+00 5.0969498287e-06
644 1.7497092455e+00 5.0601817243e-06
645 1.7485462694e+00 5.2054727520e-06
646 1.7473766383e+00 5.0930061247e-06
647 1.7462328075e+00 5.0718612050e-06
648 1.7451345430e+00 4.9803964152e-06
649 1.7440108008e+00 5.0414463198e-06
650 1.7429487766e+00 4.9505101181e-06
651 1.7418578191e+00 4.9555068151e-06
652 1.7407416174e+00 5.0087696161e-06
653 1.7395713061e+00 5.0110430978e-06
654 1.7384031449e+00 4.9392495518e-06
655 1.7373322836e+00 4.8465050714e-06
656 1.7362676762e+00 4.8613760299e-06
657 1.7352443579e+00 4.7932088159e-06
658 1.7342320685e+00 4.7162535669e-06
659 1.7332555935e+00 4.5993420826e-06
660 1.7323124910e+00 4.6434041691e-06
661 1.7313700946e+00 4.5213820452e-06
662 1.7305236075e+00 4.5232688346e-06
663 1.7296125786e+00 4.4867636610e-06
664 1.7286504171e+00 4.5291231941e-06
665 1.7277326250e+00 4.3557702343e-06
666 1.7268219932e+00 4.5010729398e-06
667 1.7258338918e+00 4.4091306046e-06
668 1.7248314799e+00 4.4931497615e-06
669 1.7238173544e+00 4.3518336782e-06
670 1.7228686837e+00 4.3301418052e-06
671 1.7220040608e+00 4.1825599586e-06
672 1.7211664592e+00 4.2480768469e-06
673 1.7203182385e+00 4.1914767895e-06
674 1.7194345825e+00 4.2216015687e-06
675 1.7185449494e+00 4.1743647375e-06
676 1.7176318596e+00 4.2445173854e-06
677 1.7167135638e+00 4.1289065451e-06
678 1.7158559524e+00 4.1162208062e-06
679 1.7150109364e+00 4.1200096502e-06
680 1.7141119114e+00 4.1748951348e-06
681 1.7131932013e+00 4.1630723389e-06
682 1.7122694630e+00 4.1387848145e-06
683 1.7113231805e+00 4.1729388250e-06
684 1.7103732705e+00 4.1356173524e-06
685 1.7094533038e+00 4.1401214765e-06
686 1.7085461002e+00 4.1414279477e-06
687 1.7076135233e+00 4.1360973445e-06
688 1.7067054213e+00 4.0640882390e-06
689 1.7058661967e+00 4.0268118434e-06
690 1.7049888523e+00 4.0879046331e-06
691 1.7040945192e+00 3.9371270340e-06
692 1.7032952839e+00 3.9119932733e-06
693 1.7024605502e+00 3.9682225831e-06
694 1.7016260248e+00 3.9121488902e-06
695 1.7007468009e+00 4.0086087875e-06
696 1.6998321282e+00 3.9304289382e-06
697 1.6989358596e+00 3.8750525983e-06
698 1.6980970078e+00 3.8716138615e-06
699 1.6972466845e+00 3.8370175405e-06
700 1.6964100343e+00 3.8516861262e-06
701 1.6956347098e+00 3.7604286019e-06
702 1.6948241771e+00 3.8498212317e-06
703 1.6939347943e+00 3.8876354824e-06
704 1.6930233886e+00 3.9339130249e-06
705 1.6921079805e+00 3.8548753006e-06
706 1.6911966255e+00 3.9437285074e-06
707 1.6902402997e+00 3.8811586322e-06
708 1.6893132142e+00 3.8777560194e-06
709 1.6884397555e+00 3.6924917839e-06
710 1.6876493549e+00 3.6413632373e-06
711 1.6868177565e+00 3.5977761130e-06
712 1.6859901279e+00 3.6078421720e-06
713 1.6851433458e+00 3.5728996022e-06
714 1.6843440699e+00 3.5466836954e-06
715 1.6835762527e+00 3.5306226326e-06
716 1.6828339315e+00 3.4692254392e-06
717 1.6820865069e+00 3.5199422394e-06
718 1.6812927707e+00 3.5242145289e-06
719 1.6804617702e+00 3.5706263831e-06
720 1.6796667345e+00 3.4830341955e-06
721 1.6789351670e+00 3.5230471798e-06
722 1.6781319123e+00 3.5860219893e-06
723 1.6772961298e+00 3.4798760197e-06
724 1.6765029320e+00 3.4659500820e-06
725 1.6756933969e+00 3.4868352763e-06
726 1.6748164834e+00 3.5411058527e-06
727 1.6739156506e+00 3.4993163471e-06
728 1.6731255745e+00 3.3522438159e-06
729 1.6723414575e+00 3.3849918195e-06
730 1.6714919894e+00 3.4412601277e-06
731 1.6706576328e+00 3.3290707648e-06
732 1.6698656045e+00 3.3506339412e-06
733 1.6690584699e+00 3.3275214283e-06
734 1.6682234363e+00 3.3742767956e-06
735 1.6673572219e+00 3.3565388472e-06
736 1.6664869861e+00 3.2847209308e-06
737 1.6656732107e+00 3.2553772408e-06
738 1.6648823151e+00 3.2298411728e-06
739 1.6640654985e+00 3.3558766582e-06
740 1.6632042307e+00 3.2588994928e-06
741 1.6623947685e+00 3.2895910565e-06
742 1.6615846574e+00 3.2408176137e-06
743 1.6607661308e+00 3.2522936814e-06
744 1.6599440995e+00 3.2238021378e-06
745 1.6591652331e+00 3.2315472348e-06
746 1.6583986195e+00 3.1856299363e-06
747 1.6575866201e+00 3.2207594009e-06
748 1.6566948676e+00 3.2959641162e-06
749 1.6558171832e+00 3.2551014892e-06
750 1.6549994765e+00 3.2351390663e-06
751 1.6541873605e+00 3.2647730633e-06
752 1.6533178496e+00 3.2511458289e-06
753 1.6525193753e+00 3.2208409782e-06
754 1.6516890436e+00 3.2690262509e-06
755 1.6507929153e+00 3.2696197485e-06
756 1.6499060772e+00 3.2948569953e-06
757 1.6490231497e+00 3.2741723665e-06
758 1.6481136192e+00 3.3122843660e-06
759 1.6471442518e+00 3.3125297548e-06
760 1.6461392030e+00 3.3740543199e-06
761 1.6451904790e+00 3.2736924351e-06
762 1.6443023404e+00 3.3344942823e-06
763 1.6433492310e+00 3.3301339162e-06
764 1.6423793996e+00 3.3774099757e-06
765 1.6414471066e+00 3.3115639250e-06
766 1.6404939220e+00 3.4156769610e-06
767 1.6394619837e+00 3.4572117025e-06
768 1.6383979504e+00 3.4670936137e-06
769 1.6373466830e+00 3.4434638230e-06
770 1.6363925420e+00 3.4312256131e-06
771 1.6354168326e+00 3.5419132962e-06
772 1.6343070955e+00 3.5069306315e-06
773 1.6332555837e+00 3.5137570088e-06
774 1.6321522238e+00 3.5867442713e-06
775 1.6310583631e+00 3.5534237242e-06
776 1.6300221349e+00 3.5555851280e-06
777 1.6288942890e+00 3.6431002692e-06
778 1.6276537532e+00 3.6723810797e-06
779 1.6264319826e+00 3.6330620833e-06
780 1.6253247189e+00 3.6146746452e-06
781 1.6242019505e+00 3.5839838334e-06
782 1.6229566164e+00 3.7169259167e-06
783 1.6217140987e+00 3.6498400238e-06
784 1.6205527888e+00 3.6568880415e-06
785 1.6193507797e+00 3.5382043889e-06
786 1.6182088461e+00 3.5983302433e-06
787 1.6171160184e+00 3.5533807011e-06
788 1.6159043087e+00 3.6526799110e-06
789 1.6146686244e+00 3.5661513926e-06
790 1.6135016094e+00 3.6243329239e-06
791 1.6122605679e+00 3.7164337691e-06
792 1.6109719806e+00 3.6777206975e-06
793 1.6097332321e+00 3.6240262016e-06
794 1.6084979982e+00 3.7208136906e-06
795 1.6071283959e+00 3.7336037978e-06
796 1.6057787809e+00 3.7057663460e-06
797 1.6044818889e+00 3.6274152870e-06
798 1.6032976369e+00 3.5974794903e-06
799 1.6020241293e+00 3.6222747488e-06
800 1.6007396770e+00 3.6059974451e-06
801 1.5995448838e+00 3.5390120074e-06
802 1.5983537444e+00 3.6158139477e-06
803 1.5970892196e+00 3.6125009729e-06
804 1.5958926777e+00 3.5925430888e-06
805 1.5947370485e+00 3.5987481697e-06
806 1.5935100940e+00 3.6254090656e-06
807 1.5923017308e+00 3.6048650713e-06
808 1.5911232543e+00 3.6295634493e-06
809 1.5898658590e+00 3.6899464714e-06
810 1.5885794832e+00 3.5609522302e-06
811 1.5873798626e+00 3.5740871988e-06
812 1.5861945546e+00 3.5468553051e-06
813 1.5848697676e+00 3.6863816136e-06
814 1.5834951370e+00 3.6461456031e-06
815 1.5821856650e+00 3.6609326245e-06
816 1.5808898097e+00 3.7058900956e-06
817 1.5794861112e+00 3.7464431460e-06
818 1.5780865677e+00 3.6927822127e-06
819 1.5768276750e+00 3.6223760572e-06
820 1.5755433681e+00 3.7020214643e-06
821 1.5741187266e+00 3.7914484171e-06
822 1.5726236764e+00 3.7568293082e-06
823 1.5711672479e+00 3.7599857974e-06
824 1.5697968962e+00 3.6569689782e-06
825 1.5684246788e+00 3.7526741949e-06
826 1.5669864319e+00 3.7221031897e-06
827 1.5654964242e+00 3.7456608825e-06
828 1.5640662530e+00 3.6986097791e-06
829 1.5627851523e+00 3.6485519828e-06
830 1.5614979629e+00 3.7740893989e-06
831 1.5601216280e+00 3.6843990393e-06
832 1.5588829146e+00 3.6690427903e-06
833 1.5574931172e+00 3.8212403356e-06
834 1.5559522445e+00 3.7812783015e-06
835 1.5544878649e+00 3.6949912595e-06
836 1.5530979018e+00 3.6646624234e-06
837 1.5516905330e+00 3.6549871483e-06
838 1.5502506492e+00 3.6616888378e-06
839 1.5487612362e+00 3.7191396655e-06
840 1.5473886336e+00 3.5882016091e-06
841 1.5461104399e+00 3.6648581605e-06
842 1.5447833342e+00 3.6048363361e-06
843 1.5434636767e+00 3.6622251643e-06
844 1.5421500625e+00 3.5460741116e-06
845 1.5408560095e+00 3.6463055526e-06
846 1.5395084843e+00 3.5813698055e-06
847 1.5382499144e+00 3.5407350901e-06
848 1.5369572561e+00 3.6119010758e-06
849 1.5355809429e+00 3.6044087916e-06
850 1.5342244080e+00 3.5684361594e-06
851 1.5329431557e+00 3.5522196164e-06
852 1.5316053684e+00 3.5820367428e-06
853 1.5302623708e+00 3.5144702538e-06
854 1.5288605585e+00 3.5764611236e-06
855 1.5275482869e+00 3.4257111532e-06
856 1.5263954801e+00 3.4164990191e-06
857 1.5252555874e+00 3.4487586775e-06
858 1.5240485757e+00 3.3935081531e-06
859 1.5228310352e+00 3.4513387608e-06
860 1.5215195054e+00 3.4776616957e-06
861 1.5201525836e+00 3.5549826654e-06
862 1.5187940134e+00 3.5156080954e-06
863 1.5174205667e+00 3.5167998632e-06
864 1.5161125949e+00 3.4742119226e-06
865 1.5148768240e+00 3.5358968872e-06
866 1.5135687752e+00 3.5030417394e-06
867 1.5124067801e+00 3.4284472847e-06
868 1.5111808008e+00 3.5133806553e-06
869 1.5097937772e+00 3.5325770206e-06
870 1.5083550797e+00 3.5253916585e-06
871 1.5069023008e+00 3.5449157776e-06
872 1.5055465912e+00 3.4169556854e-06
873 1.5043428116e+00 3.3720153275e-06
874 1.5030882292e+00 3.4315765617e-06
875 1.5017352857e+00 3.4225541672e-06
876 1.5004213066e+00 3.3636879139e-06
877 1.4992039219e+00 3.3613381228e-06
878 1.4980490028e+00 3.3114987149e-06
879 1.4968786897e+00 3.3228067280e-06
880 1.4957725919e+00 3.2961443645e-06
881 1.4945696017e+00 3.3915208287e-06
882 1.4932551296e+00 3.4310981262e-06
883 1.4919700986e+00 3.4332725575e-06
884 1.4907139306e+00 3.4282901791e-06
885 1.4894739487e+00 3.4148699138e-06
886 1.4882853196e+00 3.3558080456e-06
887 1.4871056000e+00 3.4201806285e-06
888 1.4859040668e+00 3.3581828770e-06
889 1.4846997772e+00 3.3203929774e-06
890 1.4836211913e+00 3.3048813636e-06
891 1.4823457082e+00 3.4363007026e-06
892 1.4809738029e+00 3.4050406342e-06
893 1.4796337138e+00 3.3252635249e-06
894 1.4783730856e+00 3.3172467341e-06
895 1.4771685090e+00 3.3159473509e-06
896 1.4759291490e+00 3.3470782088e-06
897 1.4747134671e+00 3.3036365574e-06
898 1.4735483427e+00 3.3474965552e-06
899 1.4723114629e+00 3.2924100441e-06
900 1.4711105280e+00 3.2923738864e-06
901 1.4699125201e+00 3.2526327100e-06
902 1.4686668651e+00 3.3438106420e-06
903 1.4674177126e+00 3.2758917666e-06
904 1.4662202296e+00 3.2643263152e-06
905 1.4650352531e+00 3.3048099188e-06
906 1.4637526860e+00 3.3455009622e-06
907 1.4624912093e+00 3.2651105427e-06
908 1.4613906806e+00 3.1643273871e-06
909 1.4602706791e+00 3.2008158875e-06
910 1.4591111481e+00 3.1783122537e-06
911 1.4580071327e+00 3.0964045142e-06
912 1.4569398498e+00 3.1405578654e-06
913 1.4557647660e+00 3.1862548473e-06
914 1.4546389779e+00 3.1068496771e-06
915 1.4536042481e+00 3.0475442295e-06
916 1.4525088024e+00 3.1355695584e-06
917 1.4513329951e+00 3.1561969002e-06
918 1.4502067780e+00 3.1090678352e-06
919 1.4492244810e+00 3.0335591344e-06
920 1.4481414043e+00 3.1321354306e-06
921 1.4469798583e+00 3.1211210971e-06
922 1.4458152687e+00 3.0847485642e-06
923 1.4447413185e+00 3.0113723477e-06
924 1.4438090644e+00 2.9563717843e-06
925 1.4428463835e+00 3.0093987012e-06
926 1.4418026884e+00 2.9672332516e-06
927 1.4407898117e+00 2.9269220089e-06
928 1.4398096670e+00 2.9427963753e-06
929 1.4387896462e+00 2.9748831756e-06
930 1.4377706338e+00 2.9526880015e-06
931 1.4367046880e+00 2.9825938565e-06
932 1.4356275545e+00 2.9770978657e-06
933 1.4345710244e+00 2.9313422290e-06
934 1.4335940073e+00 2.9155387765e-06
935 1.4326509904e+00 2.9220104151e-06
936 1.4316642210e+00 2.9398827018e-06
937 1.4306819811e+00 2.9579415892e-06
938 1.4296588903e+00 2.9653212694e-06
939 1.4285739391e+00 2.9712697412e-06
940 1.4275722659e+00 2.9006862015e-06
941 1.4266442695e+00 2.9301080082e-06
942 1.4256755471e+00 2.8424196271e-06
943 1.4247692263e+00 2.9110509963e-06
944 1.4238102400e+00 2.8050353659e-06
945 1.4228726748e+00 2.8475207655e-06
946 1.4219310584e+00 2.8645890908e-06
947 1.4208984007e+00 2.9415817866e-06
948 1.4198319766e+00 2.8951879317e-06
949 1.4188514383e+00 2.8700755778e-06
950 1.4178663259e+00 2.8736483032e-06
951 1.4168352713e+00 2.9708298466e-06
952 1.4157557712e+00 2.9270198869e-06
953 1.4147869217e+00 2.8610534560e-06
954 1.4138550989e+00 2.9110614321e-06
955 1.4128526430e+00 2.8865752276e-06
956 1.4118156793e+00 2.8937418057e-06
957 1.4107056432e+00 3.0082851008e-06
958 1.4095675688e+00 2.9452247093e-06
959 1.4085260960e+00 2.8818384273e-06
960 1.4074987920e+00 2.9517162024e-06
961 1.4063668880e+00 2.9535022861e-06
962 1.4053114909e+00 2.8694264788e-06
963 1.4043632165e+00 2.8682820808e-06
964 1.4033124559e+00 2.9001336872e-06
965 1.4022450869e+00 2.8758382078e-06
966 1.4012466462e+00 2.8776988167e-06
967 1.4001881474e+00 2.9082411180e-06
968 1.3991792538e+00 2.9205756218e-06
969 1.3982061355e+00 2.8916869322e-06
970 1.3971995007e+00 2.9241000848e-06
971 1.3960862061e+00 2.9585375769e-06
972 1.3949693200e+00 2.9488476187e-06
973 1.3938717365e+00 2.9452646504e-06
974 1.3927333871e+00 2.9751321745e-06
975 1.3915636310e+00 3.0335979993e-06
976 1.3904052542e+00 2.9505640035e-06
977 1.3892574874e+00 2.9705029970e-06
978 1.3881522414e+00 2.9156045112e-06
979 1.3870942075e+00 2.9453622522e-06
980 1.3860155783e+00 2.9216567621e-06
981 1.3849703846e+00 2.8665783699e-06
982 1.3839007141e+00 2.9325027462e-06
983 1.3827796524e+00 2.8700325137e-06
984 1.3817839764e+00 2.8361954540e-06
985 1.3808410500e+00 2.8293433701e-06
986 1.3797962282e+00 2.8372173619e-06
987 1.3787168463e+00 2.8586688415e-06
988 1.3776374894e+00 2.8101273804e-06
989 1.3766264224e+00 2.7454702043e-06
990 1.3757140413e+00 2.6944027965e-06
991 1.3747602362e+00 2.7336597213e-06
992 1.3738212007e+00 2.6509883524e-06
993 1.3729635114e+00 2.6709995917e-06
994 1.3720133376e+00 2.6746358436e-06
995 1.3711576482e+00 2.5629125633e-06
996 1.3704270230e+00 2.5901185155e-06
997 1.3695238544e+00 2.6648534998e-06
998 1.3685807424e+00 2.6448122819e-06
999 1.3676729522e+00 2.6226581516e-06
1000 1.3667401138e+00 2.6846999867e-06
1001 1.3658141274e+00 2.5986656858e-06
1002 1.3648966562e+00 2.6453794030e-06
1003 1.3639694334e+00 2.6227304993e-06
1004 1.3630556780e+00 2.6171568701e-06
1005 1.3621468786e+00 2.6161574672e-06
1006 1.3613242086e+00 2.5232452953e-06
1007 1.3604637645e+00 2.6388925256e-06
1008 1.3595382818e+00 2.6083124615e-06
1009 1.3586927909e+00 2.5742886418e-06
1010 1.3578510667e+00 2.6022570321e-06
1011 1.3569176739e+00 2.5978019368e-06
1012 1.3560478559e+00 2.5427672916e-06
1013 1.3552095229e+00 2.5324708093e-06
1014 1.3543484954e+00 2.5473178048e-06
1015 1.3535225207e+00 2.5068965833e-06
1016 1.3527270609e+00 2.5662654042e-06
1017 1.3518606789e+00 2.5767993165e-06
1018 1.3509757224e+00 2.5571662361e-06
1019 1.3502148799e+00 2.4913521820e-06
1020 1.3493671266e+00 2.5904889885e-06
1021 1.3484841245e+00 2.5061895515e-06
1022 1.3477149142e+00 2.5264121045e-06
1023 1.3468292795e+00 2.5197412793e-06
1024 1.3459561669e+00 2.4884941309e-06
1025 1.3451353053e+00 2.4253112038e-06
1026 1.3442900221e+00 2.4862693366e-06
1027 1.3434572617e+00 2.4034473193e-06
1028 1.3426955512e+00 2.3682023761e-06
1029 1.3419283231e+00 2.3568761490e-06
1030 1.3411344729e+00 2.4035686850e-06
1031 1.3403789980e+00 2.3171605685e-06
1032 1.3397114517e+00 2.3210410519e-06
1033 1.3389340172e+00 2.3601308048e-06
1034 1.3381831389e+00 2.2996541808e-06
1035 1.3375000544e+00 2.3163832497e-06
1036 1.3367811875e+00 2.3077126964e-06
1037 1.3360713354e+00 2.2633656833e-06
1038 1.3353309525e+00 2.3307821131e-06
1039 1.3345480209e+00 2.2973966567e-06
1040 1.3337645246e+00 2.3261854532e-06
1041 1.3330331936e+00 2.2512183068e-06
1042 1.3323413208e+00 2.2984067161e-06
1043 1.3315617530e+00 2.3181538823e-06
1044 1.3307917134e+00 2.2915341641e-06
1045 1.3300944284e+00 2.2360959386e-06
1046 1.3293602418e+00 2.3417501239e-06
1047 1.3285939191e+00 2.2463003100e-06
1048 1.3279089064e+00 2.2574409077e-06
1049 1.3272286902e+00 2.2781178666e-06
1050 1.3265028304e+00 2.2548623727e-06
1051 1.3257956077e+00 2.2655559631e-06
1052 1.3250584105e+00 2.2482760465e-06
1053 1.3242994083e+00 2.2631152559e-06
1054 1.3236176214e+00 2.1960143337e-06
1055 1.3229377291e+00 2.2641672843e-06
1056 1.3221989531e+00 2.2538566926e-06
1057 1.3214829559e+00 2.2272095003e-06
1058 1.3208252225e+00 2.2026626852e-06
1059 1.3201499310e+00 2.2140066313e-06
1060 1.3194404187e+00 2.2503312482e-06
1061 1.3187338618e+00 2.2201413585e-06
1062 1.3180288414e+00 2.2318501331e-06
1063 1.3172889182e+00 2.2359666835e-06
1064 1.3165649040e+00 2.1709927137e-06
1065 1.3158101333e+00 2.2354408998e-06
1066 1.3150502311e+00 2.1599272798e-06
1067 1.3143542532e+00 2.1654327004e-06
1068 1.3136787102e+00 2.1588800161e-06
1069 1.3129635176e+00 2.2112315114e-06
1070 1.3122373422e+00 2.1835098108e-06
1071 1.3115177785e+00 2.2298556899e-06
1072 1.3107904102e+00 2.2332583599e-06
1073 1.3100492729e+00 2.2403452241e-06
1074 1.3092639874e+00 2.2994865205e-06
1075 1.3084598457e+00 2.2699687139e-06
1076 1.3076692814e+00 2.2418231266e-06
1077 1.3068644433e+00 2.2924949766e-06
1078 1.3061021636e+00 2.2116953044e-06
1079 1.3053604166e+00 2.2514315526e-06
1080 1.3045461632e+00 2.2635181401e-06
1081 1.3037348340e+00 2.2202218668e-06
1082 1.3029769821e+00 2.2136899065e-06
1083 1.3022610779e+00 2.1340469285e-06
1084 1.3015467267e+00 2.1756111287e-06
1085 1.3008012449e+00 2.1565132371e-06
1086 1.3001151485e+00 2.1080469794e-06
1087 1.2994239946e+00 2.1514435453e-06
1088 1.2987164048e+00 2.1178794054e-06
1089 1.2980197928e+00 2.1179315366e-06
1090 1.2972782898e+00 2.1313786377e-06
1091 1.2965260745e+00 2.1301651613e-06
1092 1.2957712249e+00 2.1488203881e-06
1093 1.2950773055e+00 2.0851452505e-06
1094 1.2943930449e+00 2.0896674364e-06
1095 1.2937009974e+00 2.0627423866e-06
1096 1.2930582891e+00 2.0173758602e-06
1097 1.2924429179e+00 2.0219325656e-06
1098 1.2917924736e+00 2.0055127251e-06
1099 1.2911556739e+00 2.0186824466e-06
1100 1.2904986018e+00 2.0083008555e-06
1101 1.2898388090e+00 1.9908003036e-06
1102 1.2892250378e+00 1.9368601995e-06
1103 1.2886750530e+00 1.9763128420e-06
1104 1.2879823196e+00 2.0360312955e-06
1105 1.2872809747e+00 1.9977640461e-06
1106 1.2866631743e+00 1.9170972886e-06
1107 1.2860351976e+00 1.9815902111e-06
1108 1.2853668770e+00 1.9563720029e-06
1109 1.2847325253e+00 1.9443581186e-06
1110 1.2841288886e+00 1.9115608095e-06
1111 1.2835410340e+00 1.9348195844e-06
1112 1.2829831964e+00 1.8744012581e-06
1113 1.2823949166e+00 1.9359584463e-06
1114 1.2817533959e+00 1.9453183145e-06
1115 1.2811331721e+00 1.9158031653e-06
1116 1.2805051848e+00 1.9533260691e-06
1117 1.2798246579e+00 1.9563778132e-06
1118 1.2791934207e+00 1.9124891420e-06
1119 1.2786324570e+00 1.9395188046e-06
1120 1.2779804503e+00 1.9504566116e-06
1121 1.2772940048e+00 1.9285170213e-06
1122 1.2766239061e+00 1.8760035194e-06
1123 1.2759976453e+00 1.8594633156e-06
1124 1.2753591757e+00 1.8569624336e-06
1125 1.2747542697e+00 1.8283619490e-06
1126 1.2741885764e+00 1.8181815058e-06
1127 1.2736194166e+00 1.8588476646e-06
1128 1.2729917116e+00 1.8677918569e-06
1129 1.2723359990e+00 1.8432862589e-06
1130 1.2717321313e+00 1.8257322151e-06
1131 1.2711706852e+00 1.8173990683e-06
1132 1.2705833702e+00 1.8334138595e-06
1133 1.2700026654e+00 1.8065173602e-06
1134 1.2694307699e+00 1.8322686239e-06
1135 1.2688569923e+00 1.7836469180e-06
1136 1.2682805592e+00 1.8295738563e-06
1137 1.2676196030e+00 1.8547720522e-06
1138 1.2669594398e+00 1.8283415622e-06
1139 1.2663348726e+00 1.7979747528e-06
1140 1.2657297522e+00 1.8017560181e-06
1141 1.2651093061e+00 1.8196754871e-06
1142 1.2645053062e+00 1.7784040786e-06
1143 1.2639042509e+00 1.8405132496e-06
1144 1.2632385065e+00 1.8534741297e-06
1145 1.2625954517e+00 1.8070211934e-06
1146 1.2620469526e+00 1.7868416229e-06
1147 1.2614506067e+00 1.8043901852e-06
1148 1.2608319839e+00 1.7796312612e-06
1149 1.2602328834e+00 1.7730205689e-06
1150 1.2596063513e+00 1.7977082152e-06
1151 1.2589749176e+00 1.7658707499e-06
1152 1.2583738081e+00 1.7574474747e-06
1153 1.2577939124e+00 1.7383022275e-06
1154 1.2571828532e+00 1.7814698936e-06
1155 1.2565591681e+00 1.7773122962e-06
1156 1.2559285933e+00 1.7701923052e-06
1157 1.2552916143e+00 1.8013624382e-06
1158 1.2546437121e+00 1.7621059299e-06
1159 1.2540054366e+00 1.7455864506e-06
1160 1.2533885891e+00 1.7152200884e-06
1161 1.2527917467e+00 1.7184846685e-06
1162 1.2521979796e+00 1.7178912873e-06
1163 1.2516838018e+00 1.6454076701e-06
1164 1.2511517897e+00 1.6913710215e-06
1165 1.2505927615e+00 1.6497627176e-06
1166 1.2500853483e+00 1.6546247809e-06
1167 1.2495459443e+00 1.6851897586e-06
1168 1.2489905040e+00 1.6676217073e-06
1169 1.2484136397e+00 1.6991239906e-06
1170 1.2477718129e+00 1.7233738087e-06
1171 1.2471505041e+00 1.6978636268e-06
1172 1.2465720159e+00 1.6978600938e-06
1173 1.2459645936e+00 1.7357773380e-06
1174 1.2453331834e+00 1.6988940369e-06
1175 1.2447582117e+00 1.6746271502e-06
1176 1.2441808662e+00 1.6916913188e-06
1177 1.2435428434e+00 1.7282246271e-06
1178 1.2429595891e+00 1.6451534311e-06
1179 1.2424459247e+00 1.6921018839e-06
1180 1.2418171406e+00 1.7262827554e-06
1181 1.2411824306e+00 1.7091404198e-06
1182 1.2405723372e+00 1.6894690549e-06
1183 1.2399898433e+00 1.6734885644e-06
1184 1.2394603537e+00 1.6471425432e-06
1185 1.2388504712e+00 1.7280588980e-06
1186 1.2381944354e+00 1.6930805297e-06
1187 1.2375902693e+00 1.6704128131e-06
1188 1.2370032255e+00 1.7027748394e-06
1189 1.2363951100e+00 1.7008862887e-06
1190 1.2358211000e+00 1.6713474234e-06
1191 1.2352051299e+00 1.7197644526e-06
1192 1.2345357983e+00 1.7125883751e-06
1193 1.2338951597e+00 1.6927609671e-06
1194 1.2332585274e+00 1.7304745243e-06
1195 1.2325793316e+00 1.7601203393e-06
1196 1.2318976098e+00 1.7410138523e-06
1197 1.2312505132e+00 1.7211162036e-06
1198 1.2306097412e+00 1.7159670924e-06
1199 1.2299735864e+00 1.7097148335e-06
1200 1.2293501251e+00 1.7245163493e-06
1201 1.2286836304e+00 1.7250052325e-06
1202 1.2280744173e+00 1.7049133957e-06
1203 1.2274436117e+00 1.7260391501e-06
1204 1.2267748204e+00 1.7249220976e-06
1205 1.2261569776e+00 1.6852693039e-06
1206 1.2254913142e+00 1.7568799939e-06
1207 1.2247440643e+00 1.7836842502e-06
1208 1.2240351047e+00 1.7165182824e-06
1209 1.2233836306e+00 1.7204681208e-06
1210 1.2226890479e+00 1.7405613301e-06
1211 1.2219946485e+00 1.7288783367e-06
1212 1.2213546398e+00 1.7473820701e-06
1213 1.2206238563e+00 1.7836906496e-06
1214 1.2199415568e+00 1.7217441138e-06
1215 1.2193156839e+00 1.7634507483e-06
1216 1.2186145559e+00 1.7690575481e-06
1217 1.2179359098e+00 1.7493405310e-06
1218 1.2172200234e+00 1.7816127091e-06
1219 1.2164423798e+00 1.7829627885e-06
1220 1.2156988180e+00 1.7442764684e-06
1221 1.2150143066e+00 1.6858495354e-06
1222 1.2143506759e+00 1.7156567331e-06
1223 1.2136894002e+00 1.6811463985e-06
1224 1.2130877536e+00 1.6525439528e-06
1225 1.2124677581e+00 1.6785117819e-06
1226 1.2118337943e+00 1.6620885464e-06
1227 1.2112620892e+00 1.6109195674e-06
1228 1.2106548906e+00 1.6574186594e-06
1229 1.2100102709e+00 1.6623690964e-06
1230 1.2093566297e+00 1.6853351758e-06
1231 1.2086386796e+00 1.7257833832e-06
1232 1.2079213961e+00 1.7145501105e-06
1233 1.2072489967e+00 1.6857726508e-06
1234 1.2065522860e+00 1.7105448949e-06
1235 1.2058240471e+00 1.6706133283e-06
1236 1.2051473392e+00 1.6622158612e-06
1237 1.2045213712e+00 1.6395671031e-06
1238 1.2038688056e+00 1.6486529545e-06
1239 1.2032029993e+00 1.6166169481e-06
1240 1.2026051093e+00 1.5899226330e-06
1241 1.2019855754e+00 1.6118433061e-06
1242 1.2013348298e+00 1.5921944363e-06
1243 1.2007217750e+00 1.6093487264e-06
1244 1.2000507205e+00 1.6353772324e-06
1245 1.1993595889e+00 1.6570525289e-06
1246 1.1987234696e+00 1.5892286259e-06
1247 1.1981101686e+00 1.6260165476e-06
1248 1.1974450281e+00 1.6120327057e-06
1249 1.1968013144e+00 1.5838883316e-06
1250 1.1962138981e+00 1.5458173856e-06
1251 1.1956165873e+00 1.5775114765e-06
1252 1.1950083994e+00 1.5499399160e-06
1253 1.1945047228e+00 1.5313858822e-06
1254 1.1939069819e+00 1.5752363380e-06
1255 1.1933186842e+00 1.5250125106e-06
1256 1.1927876296e+00 1.5465851939e-06
1257 1.1921706362e+00 1.5527489359e-06
1258 1.1915837662e+00 1.5082794299e-06
1259 1.1910417854e+00 1.5040379942e-06
1260 1.1904655387e+00 1.5521049942e-06
1261 1.1899075319e+00 1.4821813044e-06
1262 1.1893438230e+00 1.5152920058e-06
1263 1.1887423035e+00 1.4940242293e-06
1264 1.1881955236e+00 1.4845556463e-06
1265 1.1876278782e+00 1.4843483756e-06
1266 1.1870537038e+00 1.4674440829e-06
1267 1.1865521204e+00 1.4585848930e-06
1268 1.1859928767e+00 1.5127250853e-06
1269 1.1853808619e+00 1.5168475928e-06
1270 1.1848338266e+00 1.4868358576e-06
1271 1.1842589831e+00 1.5352940320e-06
1272 1.1836547911e+00 1.4943563641e-06
1273 1.1830967675e+00 1.4809312440e-06
1274 1.1824926989e+00 1.5252995692e-06
1275 1.1818748710e+00 1.5195401673e-06
1276 1.1813071965e+00 1.4874567781e-06
1277 1.1807100596e+00 1.5298389219e-06
1278 1.1800948662e+00 1.5127980436e-06
1279 1.1795355739e+00 1.5027880661e-06
1280 1.1789585292e+00 1.5052634445e-06
1281 1.1784122231e+00 1.5000910658e-06
1282 1.1778333809e+00 1.5318944302e-06
1283 1.1771557539e+00 1.5378168862e-06
1284 1.1765024325e+00 1.5468843928e-06
1285 1.1758887194e+00 1.5275023228e-06
1286 1.1752301872e+00 1.5727005080e-06
1287 1.1746080622e+00 1.4984240588e-06
1288 1.1740268922e+00 1.5668344861e-06
1289 1.1733964728e+00 1.5314042027e-06
1290 1.1728000608e+00 1.5489955561e-06
1291 1.1721255439e+00 1.5840615131e-06
1292 1.1714245383e+00 1.5768153594e-06
1293 1.1707516709e+00 1.5851062223e-06
1294 1.1700667971e+00 1.5904053175e-06
1295 1.1693500647e+00 1.6225230625e-06
1296 1.1686205076e+00 1.6292357849e-06
1297 1.1679099392e+00 1.6083013694e-06
1298 1.1671630117e+00 1.6307116981e-06
1299 1.1664782689e+00 1.5801084413e-06
1300 1.1658578785e+00 1.5763295690e-06
1301 1.1651520848e+00 1.6088249053e-06
1302 1.1644681908e+00 1.5899253245e-06
1303 1.1638077251e+00 1.6149373446e-06
1304 1.1630726332e+00 1.6242389150e-06
1305 1.1623540002e+00 1.5955297973e-06
1306 1.1616378437e+00 1.6093055127e-06
1307 1.1609147051e+00 1.6243636572e-06
1308 1.1602308604e+00 1.5978660745e-06
1309 1.1594941074e+00 1.6257052445e-06
1310 1.1587886005e+00 1.6044151776e-06
1311 1.1580843733e+00 1.6444607750e-06
1312 1.1573113113e+00 1.6503111175e-06
1313 1.1565121924e+00 1.6501480253e-06
1314 1.1557661000e+00 1.5842310026e-06
1315 1.1550735004e+00 1.6122700904e-06
1316 1.1543306575e+00 1.6139175824e-06
1317 1.1536103242e+00 1.5667022817e-06
1318 1.1529321611e+00 1.5906355553e-06
1319 1.1522010051e+00 1.5871309384e-06
1320 1.1514642412e+00 1.5959428121e-06
1321 1.1507881595e+00 1.5278354371e-06
1322 1.1500743013e+00 1.5835909969e-06
1323 1.1493475893e+00 1.5706549835e-06
1324 1.1486845976e+00 1.5491097867e-06
1325 1.1479903738e+00 1.5657114194e-06
1326 1.1472934148e+00 1.5389699710e-06
1327 1.1466306821e+00 1.5175223007e-06
1328 1.1459907718e+00 1.5118488733e-06
1329 1.1453137095e+00 1.5204855711e-06
1330 1.1446716435e+00 1.4966824762e-06
1331 1.1439962038e+00 1.5610763568e-06
1332 1.1432599568e+00 1.5504382319e-06
1333 1.1425760355e+00 1.5012006621e-06
1334 1.1419523365e+00 1.5101452745e-06
1335 1.1413500119e+00 1.5099286916e-06
1336 1.1407246418e+00 1.5252592231e-06
1337 1.1400608234e+00 1.5465800936e-06
1338 1.1394049603e+00 1.5130152699e-06
1339 1.1387913152e+00 1.5200228662e-06
1340 1.1381956643e+00 1.4648235483e-06
1341 1.1375988303e+00 1.5126842800e-06
1342 1.1369472849e+00 1.4898503436e-06
1343 1.1363105127e+00 1.4976840414e-06
1344 1.1356875228e+00 1.4962962227e-06
1345 1.1350498647e+00 1.4927910180e-06
1346 1.1344355572e+00 1.4899350373e-06
1347 1.1338131044e+00 1.4746657040e-06
1348 1.1331396638e+00 1.4909047209e-06
1349 1.1325503967e+00 1.4055346451e-06
1350 1.1319341376e+00 1.4933458041e-06
1351 1.1312392727e+00 1.4889280955e-06
1352 1.1305708018e+00 1.4653151756e-06
1353 1.1299809467e+00 1.3991258143e-06
1354 1.1293752201e+00 1.4898669166e-06
1355 1.1287218911e+00 1.4447640221e-06
1356 1.1281130737e+00 1.4566854715e-06
1357 1.1274903110e+00 1.4506902177e-06
1358 1.1269087666e+00 1.4368579251e-06
1359 1.1262943940e+00 1.4729003290e-06
1360 1.1256088573e+00 1.4812495501e-06
1361 1.1249563850e+00 1.4335841023e-06
1362 1.1243536468e+00 1.4522587927e-06
1363 1.1236919442e+00 1.4609478587e-06
1364 1.1230580920e+00 1.4231146278e-06
1365 1.1224871016e+00 1.4019694178e-06
1366 1.1218600564e+00 1.4525936008e-06
1367 1.1212386149e+00 1.4125088054e-06
1368 1.1206529268e+00 1.4105211140e-06
1369 1.1200065355e+00 1.4757458355e-06
1370 1.1193951451e+00 1.4058417471e-06
1371 1.1188019181e+00 1.4843877927e-06
1372 1.1181383007e+00 1.4457537634e-06
1373 1.1175287716e+00 1.4039025272e-06
1374 1.1169480096e+00 1.4140148860e-06
1375 1.1163689656e+00 1.3864541382e-06
1376 1.1157997106e+00 1.4152608963e-06
1377 1.1151835047e+00 1.4109352550e-06
1378 1.1145998000e+00 1.3817193885e-06
1379 1.1140054626e+00 1.4018198325e-06
1380 1.1133566109e+00 1.4326687662e-06
1381 1.1127324714e+00 1.4085458625e-06
1382 1.1121383383e+00 1.3918949202e-06
1383 1.1115277030e+00 1.4076688449e-06
1384 1.1109022042e+00 1.4235623726e-06
1385 1.1103336894e+00 1.3852471686e-06
1386 1.1097770343e+00 1.3954501340e-06
1387 1.1091808971e+00 1.4003203313e-06
1388 1.1085813894e+00 1.3841406507e-06
1389 1.1079352263e+00 1.4410854273e-06
1390 1.1073221190e+00 1.3896060292e-06
1391 1.1067133409e+00 1.4306894363e-06
1392 1.1060137862e+00 1.4619947632e-06
1393 1.1053224274e+00 1.4088269629e-06
1394 1.1047184348e+00 1.4022634839e-06
1395 1.1040927667e+00 1.4262649234e-06
1396 1.1034765236e+00 1.3908673859e-06
1397 1.1029442524e+00 1.4135246774e-06
1398 1.1022960366e+00 1.4355976377e-06
1399 1.1016937120e+00 1.3646225035e-06
1400 1.1011378172e+00 1.3986695490e-06
1401 1.1004979799e+00 1.4199930019e-06
1402 1.0998724859e+00 1.4298916725e-06
1403 1.0992091176e+00 1.4421497019e-06
1404 1.0985523613e+00 1.4049550239e-06
1405 1.0979267499e+00 1.4541575087e-06
1406 1.0972315843e+00 1.4702798705e-06
1407 1.0965711457e+00 1.4437507979e-06
1408 1.0959108661e+00 1.4621945374e-06
1409 1.0951871319e+00 1.4813098477e-06
1410 1.0944393598e+00 1.4891301967e-06
1411 1.0937688542e+00 1.4378931314e-06
1412 1.0930848801e+00 1.4823932707e-06
1413 1.0923664330e+00 1.4717135146e-06
1414 1.0916955079e+00 1.4283052129e-06
1415 1.0910632793e+00 1.4425989942e-06
1416 1.0904070107e+00 1.4110771170e-06
1417 1.0898125117e+00 1.3967397901e-06
1418 1.0891999305e+00 1.4084949317e-06
1419 1.0886094789e+00 1.3876391641e-06
1420 1.0880067864e+00 1.4396421129e-06
1421 1.0873275164e+00 1.4230241761e-06
1422 1.0866969602e+00 1.3944498285e-06
1423 1.0860930959e+00 1.3976433137e-06
1424 1.0854661526e+00 1.4069022894e-06
1425 1.0848399169e+00 1.3890299225e-06
1426 1.0842332970e+00 1.3890413377e-06
1427 1.0835939406e+00 1.4051479816e-06
1428 1.0829512251e+00 1.3945258036e-06
1429 1.0823067739e+00 1.3942966212e-06
1430 1.0816512193e+00 1.3951376665e-06
1431 1.0809810824e+00 1.4068759537e-06
1432 1.0803215966e+00 1.3975242970e-06
1433 1.0797171832e+00 1.3853384880e-06
1434 1.0790858491e+00 1.3988899634e-06
1435 1.0784759920e+00 1.3530450133e-06
1436 1.0779257123e+00 1.3675481682e-06
1437 1.0772962870e+00 1.3892965340e-06
1438 1.0767186948e+00 1.3607195058e-06
1439 1.0761252170e+00 1.4129903387e-06
1440 1.0754428868e+00 1.4345088177e-06
1441 1.0748469535e+00 1.3460512541e-06
1442 1.0742937009e+00 1.4140548537e-06
1443 1.0736363728e+00 1.4006202176e-06
1444 1.0730324328e+00 1.3806155931e-06
1445 1.0724020243e+00 1.3995710049e-06
1446 1.0717269377e+00 1.4233129419e-06
1447 1.0710896368e+00 1.3799887490e-06
1448 1.0704838018e+00 1.4175690147e-06
1449 1.0698609751e+00 1.4007632466e-06
1450 1.0692546206e+00 1.3966822458e-06
1451 1.0686898349e+00 1.4026622972e-06
1452 1.0680854053e+00 1.3959186303e-06
1453 1.0674442517e+00 1.4109455403e-06
1454 1.0667857811e+00 1.3823352537e-06
1455 1.0661420731e+00 1.3934585717e-06
1456 1.0655276900e+00 1.3868202584e-06
1457 1.0648870794e+00 1.4111066388e-06
1458 1.0642996238e+00 1.3719382309e-06
1459 1.0637079815e+00 1.4276885358e-06
1460 1.0630372953e+00 1.4103956833e-06
1461 1.0623786620e+00 1.3924319045e-06
1462 1.0617493864e+00 1.3982609726e-06
1463 1.0610886647e+00 1.3942746186e-06
1464 1.0604664257e+00 1.3568929753e-06
1465 1.0598689149e+00 1.3644221572e-06
1466 1.0592619770e+00 1.3598733175e-06
1467 1.0586862471e+00 1.3509083686e-06
1468 1.0580622836e+00 1.3798396297e-06
1469 1.0574567989e+00 1.3387302029e-06
1470 1.0569222311e+00 1.3572435787e-06
1471 1.0562993927e+00 1.3678242466e-06
1472 1.0557224104e+00 1.3047251996e-06
1473 1.0551953015e+00 1.3281784505e-06
1474 1.0545903561e+00 1.3488125653e-06
1475 1.0540022743e+00 1.3007811221e-06
1476 1.0534363039e+00 1.3142024045e-06
1477 1.0528603010e+00 1.3220801534e-06
1478 1.0523246773e+00 1.3262086015e-06
1479 1.0517131289e+00 1.3557763144e-06
1480 1.0510717334e+00 1.3355088388e-06
1481 1.0504922022e+00 1.2925246298e-06
1482 1.0499299900e+00 1.3091103346e-06
1483 1.0493251641e+00 1.3403321136e-06
1484 1.0487625658e+00 1.2827057005e-06
1485 1.0482477950e+00 1.3173853383e-06
1486 1.0476476975e+00 1.3197090628e-06
1487 1.0470793200e+00 1.3078781566e-06
1488 1.0465017002e+00 1.3217185096e-06
1489 1.0458791324e+00 1.3308512101e-06
1490 1.0452880719e+00 1.3076240386e-06
1491 1.0446977909e+00 1.3322156905e-06
1492 1.0440571134e+00 1.3529809648e-06
1493 1.0434657278e+00 1.3027626440e-06
1494 1.0429275661e+00 1.3337169701e-06
1495 1.0422998312e+00 1.3562013104e-06
1496 1.0416647656e+00 1.3354851759e-06
1497 1.0410983655e+00 1.3092613200e-06
1498 1.0405641831e+00 1.3544610978e-06
1499 1.0399541102e+00 1.3549278793e-06
1500 1.0393380190e+00 1.3697744098e-06
1501 1.0386904963e+00 1.3853719032e-06
1502 1.0380394861e+00 1.3914960552e-06
1503 1.0373581775e+00 1.3798732535e-06
1504 1.0366962691e+00 1.3646504297e-06
1505 1.0360981809e+00 1.3316554460e-06
1506 1.0355351438e+00 1.3639407667e-06
1507 1.0349021531e+00 1.3638417733e-06
1508 1.0342927265e+00 1.3273570282e-06
1509 1.0337685197e+00 1.3390513694e-06
1510 1.0331647558e+00 1.3577951401e-06
1511 1.0325588445e+00 1.3387742061e-06
1512 1.0319759957e+00 1.3308081251e-06
1513 1.0313781076e+00 1.3680416885e-06
1514 1.0307193566e+00 1.3779921046e-06
1515 1.0300403886e+00 1.3748518832e-06
1516 1.0293546304e+00 1.3747956160e-06
1517 1.0287345072e+00 1.3145078865e-06
1518 1.0281577925e+00 1.3133891294e-06
1519 1.0275995067e+00 1.3110151936e-06
1520 1.0270044828e+00 1.3287220742e-06
1521 1.0264044575e+00 1.3089877405e-06
1522 1.0258298463e+00 1.3168170640e-06
1523 1.0252258450e+00 1.3253619375e-06
1524 1.0246443039e+00 1.2961532411e-06
1525 1.0240945328e+00 1.2816614362e-06
1526 1.0235135014e+00 1.3067823548e-06
1527 1.0229396725e+00 1.2756497445e-06
1528 1.0224148663e+00 1.2880518660e-06
1529 1.0218245717e+00 1.3062406082e-06
1530 1.0211983829e+00 1.3120779038e-06
1531 1.0206627567e+00 1.2812872176e-06
1532 1.0201484917e+00 1.2622481518e-06
1533 1.0196029243e+00 1.2790676781e-06
1534 1.0190091396e+00 1.2949276013e-06
1535 1.0183652071e+00 1.3267226400e-06
1536 1.0177453864e+00 1.2826985184e-06
1537 1.0171880046e+00 1.2557693477e-06
1538 1.0166619015e+00 1.2449776135e-06
1539 1.0161914645e+00 1.2315103953e-06
1540 1.0156446425e+00 1.3025098153e-06
1541 1.0150401298e+00 1.3017926219e-06
1542 1.0144533395e+00 1.2695258129e-06
1543 1.0139109959e+00 1.2649938960e-06
1544 1.0133518757e+00 1.2669686968e-06
1545 1.0127941554e+00 1.2596054202e-06
1546 1.0122191071e+00 1.2547627141e-06
1547 1.0116363382e+00 1.2577675428e-06
1548 1.0111437066e+00 1.1891120663e-06
1549 1.0106806669e+00 1.2498624406e-06
1550 1.0101487922e+00 1.2218727053e-06
1551 1.0096323682e+00 1.2297746566e-06
1552 1.0091145102e+00 1.2290725775e-06
1553 1.0085994780e+00 1.2169009699e-06
1554 1.0080959468e+00 1.1981985660e-06
1555 1.0075864502e+00 1.2091383907e-06
1556 1.0070966939e+00 1.1862397453e-06
1557 1.0066042442e+00 1.1946155052e-06
1558 1.0060907026e+00 1.1951100669e-06
1559 1.0055922460e+00 1.2000577054e-06
1560 1.0051028481e+00 1.1909223328e-06
1561 1.0046351077e+00 1.1895837156e-06
1562 1.0041692428e+00 1.1784998246e-06
1563 1.0037368649e+00 1.1741884798e-06
1564 1.0032722975e+00 1.1803044207e-06
1565 1.0028056367e+00 1.1703493013e-06
1566 1.0023665598e+00 1.1601866516e-06
1567 1.0018813150e+00 1.1912770771e-06
1568 1.0013784088e+00 1.1879460938e-06
1569 1.0008883044e+00 1.1797528554e-06
1570 1.0004043763e+00 1.1849406906e-06
1571 9.9993875370e-01 1.1774795921e-06
1572 9.9943604517e-01 1.2147529948e-06
1573 9.9891842288e-01 1.1778029032e-06
1574 9.9849640499e-01 1.1390955976e-06
1575 9.9805184403e-01 1.1771396979e-06
1576 9.9754398249e-01 1.1779598359e-06
1577 9.9707913589e-01 1.1505153868e-06
1578 9.9665175430e-01 1.1468741828e-06
1579 9.9623984816e-01 1.1158647736e-06
1580 9.9580741087e-01 1.1412034459e-06
1581 9.9537125930e-01 1.1268333603e-06
1582 9.9497787491e-01 1.1204928734e-06
1583 9.9451119577e-01 1.1796810596e-06
1584 9.9400864591e-01 1.1485858937e-06
1585 9.9354217053e-01 1.1460347563e-06
1586 9.9308595422e-01 1.1359898359e-06
1587 9.9260963008e-01 1.1266304280e-06
1588 9.9218122663e-01 1.0695273769e-06
1589 9.9180015500e-01 1.1001960525e-06
1590 9.9137955243e-01 1.0828999368e-06
1591 9.9095968856e-01 1.0809700376e-06
1592 9.9055892837e-01 1.0491674815e-06
1593 9.9017539556e-01 1.0552655208e-06
1594 9.8977346814e-01 1.0638410932e-06
1595 9.8938620971e-01 1.0451240051e-06
1596 9.8902176604e-01 1.0464055067e-06
1597 9.8867223161e-01 1.0346312437e-06
1598 9.8827760576e-01 1.0551362981e-06
1599 9.8785592095e-01 1.0428195394e-06
1600 9.8749495076e-01 1.0074241705e-06
1601 9.8714197455e-01 1.0167195194e-06
1602 9.8678484958e-01 1.0137323760e-06
1603 9.8640926763e-01 1.0121013205e-06
1604 9.8601200933e-01 1.0356496679e-06
1605 9.8563184415e-01 1.0083370647e-06
1606 9.8529616059e-01 9.9680492250e-07
1607 9.8495920581e-01 1.0067459474e-06
1608 9.8459034951e-01 1.0234191578e-06
1609 9.8422221734e-01 1.0136638550e-06
1610 9.8386690708e-01 1.0070276226e-06
1611 9.8349439711e-01 1.0229699405e-06
1612 9.8312190886e-01 1.0176104848e-06
1613 9.8276642432e-01 1.0269148826e-06
1614 9.8241105945e-01 1.0084541042e-06
1615 9.8206566896e-01 1.0001408742e-06
1616 9.8171461241e-01 1.0257765378e-06
1617 9.8134666333e-01 1.0122619420e-06
1618 9.8100155102e-01 9.9939432259e-07
1619 9.8066097243e-01 9.9760100376e-07
1620 9.8030198025e-01 1.0171709065e-06
1621 9.7994074007e-01 1.0003676635e-06
1622 9.7961599544e-01 9.9648096635e-07
1623 9.7925803804e-01 1.0136670569e-06
1624 9.7886716504e-01 1.0170279704e-06
1625 9.7847145171e-01 1.0238785106e-06
1626 9.7807897448e-01 1.0150816720e-06
1627 9.7771637065e-01 1.0076296261e-06
1628 9.7735521242e-01 1.0050726644e-06
1629 9.7698975738e-01 1.0125336278e-06
1630 9.7662180045e-01 1.0014383369e-06
1631 9.7627788433e-01 9.8587036774e-07
1632 9.7590564364e-01 1.0300330918e-06
1633 9.7553350767e-01 1.0012513931e-06
1634 9.7517311591e-01 1.0087306270e-06
1635 9.7480607026e-01 9.9254101896e-07
1636 9.7448857830e-01 9.5807969771e-07
1637 9.7414317849e-01 9.8813219961e-07
1638 9.7377673652e-01 9.6603295809e-07
1639 9.7346503646e-01 9.5407123550e-07
1640 9.7311025116e-01 9.9658851495e-07
1641 9.7272598480e-01 9.8094487511e-07
1642 9.7236947644e-01 9.5755250812e-07
1643 9.7201991117e-01 9.6821902201e-07
1644 9.7168003589e-01 9.3539295407e-07
1645 9.7136978035e-01 9.5156043144e-07
1646 9.7102085823e-01 9.6558035651e-07
1647 9.7068322494e-01 9.3049235525e-07
1648 9.7037293856e-01 9.4366429267e-07
1649 9.7001849211e-01 9.7026645366e-07
1650 9.6967016110e-01 9.3198110473e-07
1651 9.6936568383e-01 9.3762474653e-07
1652 9.6903247085e-01 9.4946255679e-07
1653 9.6871287767e-01 9.4421323144e-07
1654 9.6836571544e-01 9.5929696452e-07
1655 9.6802640556e-01 9.3699640870e-07
1656 9.6771291481e-01 9.5472410473e-07
1657 9.6735517481e-01 9.5998990478e-07
1658 9.6703341080e-01 9.2781842948e-07
1659 9.6672794705e-01 9.5419070165e-07
1660 9.6637816730e-01 9.6872128502e-07
1661 9.6601008128e-01 9.7661327445e-07
1662 9.6562628668e-01 9.7513397015e-07
1663 9.6525250254e-01 9.4913960017e-07
1664 9.6491259984e-01 9.4423028463e-07
1665 9.6454827626e-01 9.7228078667e-07
1666 9.6418361695e-01 9.5486101777e-07
1667 9.6381822774e-01 9.6213173224e-07
1668 9.6345343888e-01 9.5125813143e-07
1669 9.6310098046e-01 9.5285948969e-07
1670 9.6274142654e-01 9.6705627699e-07
1671 9.6236671350e-01 9.6351497977e-07
1672 9.6201438326e-01 9.3956914394e-07
1673 9.6168190505e-01 9.6267653878e-07
1674 9.6132049503e-01 9.7209220323e-07
1675 9.6099945303e-01 9.5075452155e-07
1676 9.6066360235e-01 9.7432708530e-07
1677 9.6028303089e-01 9.8744639978e-07
1678 9.5989065074e-01 9.6854165929e-07
1679 9.5951111478e-01 9.5147191699e-07
1680 9.5915952923e-01 9.3801114754e-07
1681 9.5881751331e-01 9.3174289439e-07
1682 9.5846523706e-01 9.2120684334e-07
1683 9.5812813865e-01 9.1105907168e-07
1684 9.5778568548e-01 9.2817793045e-07
1685 9.5744030681e-01 9.2819776403e-07
1686 9.5709394474e-01 9.1636279562e-07
1687 9.5674975340e-01 9.0596522230e-07
1688 9.5641766280e-01 9.0750242128e-07
1689 9.5607758893e-01 9.2965166414e-07
1690 9.5571539885e-01 9.2722024449e-07
1691 9.5542261569e-01 8.9291969697e-07
1692 9.5509607235e-01 9.4443129495e-07
1693 9.5473883397e-01 9.2062842592e-07
1694 9.5441792851e-01 9.3229270239e-07
1695 9.5406219902e-01 9.3035839233e-07
1696 9.5373276286e-01 9.1740264781e-07
1697 9.5340195573e-01 9.2907814202e-07
1698 9.5307323493e-01 9.1656193232e-07
1699 9.5275563881e-01 9.1649331043e-07
1700 9.5242446554e-01 9.0734566578e-07
1701 9.5209659360e-01 9.2078434436e-07
1702 9.5174656406e-01 9.4524809864e-07
1703 9.5138578348e-01 9.3223504116e-07
1704 9.5105993709e-01 9.3254602540e-07
1705 9.5069529845e-01 9.7784688705e-07
1706 9.5030579940e-01 9.6639862267e-07
1707 9.4992707629e-01 9.5553673171e-07
1708 9.4955135003e-01 9.5952722493e-07
1709 9.4920003585e-01 9.4453772569e-07
1710 9.4884376146e-01 9.6119312387e-07
1711 9.4846409857e-01 9.5751236441e-07
1712 9.4812366579e-01 9.4072773232e-07
1713 9.4778348159e-01 9.5548314434e-07
1714 9.4742304577e-01 9.4062077024e-07
1715 9.4708490611e-01 9.2466749162e-07
1716 9.4676308702e-01 9.1629118063e-07
1717 9.4643596228e-01 9.1687990637e-07
1718 9.4607482955e-01 9.4831784779e-07
1719 9.4571556222e-01 9.2881060965e-07
1720 9.4538725482e-01 9.2615686973e-07
1721 9.4501840693e-01 9.5194953599e-07
1722 9.4466015510e-01 9.0799687479e-07
1723 9.4432502507e-01 9.4624168720e-07
1724 9.4394077958e-01 9.5218106894e-07
1725 9.4358758840e-01 9.1490553608e-07
1726 9.4327267043e-01 9.1329364881e-07
1727 9.4291237732e-01 9.4228591759e-07
1728 9.4256724799e-01 9.0659334855e-07
1729 9.4223845089e-01 9.3358056237e-07
1730 9.4189051017e-01 9.1129855051e-07
1731 9.4160094913e-01 8.9931273747e-07
1732 9.4128078156e-01 9.0762903692e-07
1733 9.4095203148e-01 9.0585196435e-07
1734 9.4059149248e-01 9.3837643916e-07
1735 9.4023425426e-01 9.0368257545e-07
1736 9.3994151835e-01 9.2264626309e-07
1737 9.3959345423e-01 9.2458274781e-07
1738 9.3925497102e-01 9.2341761707e-07
1739 9.3888826737e-01 9.5108190306e-07
1740 9.3850988870e-01 9.3277329367e-07
1741 9.3818287591e-01 9.2836669138e-07
1742 9.3781922212e-01 9.5183959858e-07
1743 9.3744200239e-01 9.4043791415e-07
1744 9.3708557734e-01 9.5411228089e-07
1745 9.3670099200e-01 9.6590475514e-07
1746 9.3633399823e-01 9.4049583537e-07
1747 9.3596231108e-01 9.6564199475e-07
1748 9.3557516958e-01 9.6912222489e-07
1749 9.3519267426e-01 9.7268525718e-07
1750 9.3479660309e-01 9.7559562321e-07
1751 9.3441908363e-01 9.4581953055e-07
1752 9.3406618609e-01 9.5674570011e-07
1753 9.3365646255e-01 9.9230003779e-07
1754 9.3326332694e-01 9.6128585511e-07
1755 9.3286496968e-01 1.0159001949e-06
1756 9.3242330512e-01 1.0001141131e-06
1757 9.3199232085e-01 9.8921913573e-07
1758 9.3155967895e-01 9.8976805231e-07
1759 9.3113516890e-01 9.9999772503e-07
1760 9.3074789145e-01 9.4541972529e-07
1761 9.3037672597e-01 9.9789990203e-07
1762 9.2994283434e-01 9.8248058813e-07
1763 9.2956511322e-01 9.5710854620e-07
1764 9.2917578529e-01 1.0075550315e-06
1765 9.2874627846e-01 9.9765013518e-07
1766 9.2835990455e-01 9.6895674123e-07
1767 9.2797152214e-01 9.6896608271e-07
1768 9.2759011973e-01 9.7708145917e-07
1769 9.2718913300e-01 9.9655623942e-07
1770 9.2675560992e-01 9.9780413149e-07
1771 9.2634396211e-01 9.7215091421e-07
1772 9.2597503654e-01 9.5544278094e-07
1773 9.2557141206e-01 9.8467961016e-07
1774 9.2516528032e-01 9.4926068003e-07
1775 9.2480891279e-01 9.4689753565e-07
1776 9.2444209809e-01 9.5404601935e-07
1777 9.2407553320e-01 9.5742058876e-07
1778 9.2369399861e-01 9.6042501668e-07
1779 9.2335060349e-01 9.2493275612e-07
1780 9.2300056453e-01 9.7863573349e-07
1781 9.2257333708e-01 9.8977051536e-07
1782 9.2217969697e-01 9.4263173675e-07
1783 9.2181140111e-01 9.6270027705e-07
1784 9.2142936679e-01 9.4621612399e-07
1785 9.2110283231e-01 9.0847109425e-07
1786 9.2076800385e-01 9.3059770879e-07
1787 9.2043805141e-01 9.1530336440e-07
1788 9.2010089167e-01 9.2345357318e-07
1789 9.1977085099e-01 8.9241582952e-07
1790 9.1945463320e-01 9.3252188155e-07
1791 9.1908547696e-01 9.3638143439e-07
1792 9.1874541468e-01 9.3011351945e-07
1793 9.1839375483e-01 9.2743278615e-07
1794 9.1807745131e-01 9.1237322999e-07
1795 9.1773646635e-01 9.4023774587e-07
1796 9.1737040182e-01 9.2255589203e-07
1797 9.1704495348e-01 8.9946144612e-07
1798 9.1670087739e-01 9.2795984630e-07
1799 9.1633550145e-01 9.0814851540e-07
1800 9.1599167131e-01 9.0068896645e-07
1801 9.1567880939e-01 8.9746106754e-07
1802 9.1537915479e-01 8.8452105216e-07
1803 9.1506190698e-01 9.1357906738e-07
1804 9.1471611772e-01 8.8597984114e-07
1805 9.1439559570e-01 8.9773446198e-07
1806 9.1406562393e-01 8.8487921434e-07
1807 9.1373547405e-01 8.7648351300e-07
1808 9.1343589950e-01 8.6864622105e-07
1809 9.1311362413e-01 8.8904659921e-07
1810 9.1277430977e-01 8.7502467848e-07
1811 9.1246669824e-01 8.4610002120e-07
1812 9.1216982092e-01 8.6198221698e-07
1813 9.1185855260e-01 8.6484780357e-07
1814 9.1157582040e-01 8.3978249204e-07
1815 9.1131121995e-01 8.3353828289e-07
1816 9.1103123066e-01 8.4783063556e-07
1817 9.1070935850e-01 8.7144193914e-07
1818 9.1039444214e-01 8.4546943530e-07
1819 9.1011471516e-01 8.4339938187e-07
1820 9.0980391874e-01 8.6600190522e-07
1821 9.0948543849e-01 8.5648436741e-07
1822 9.0921069070e-01 8.4066468918e-07
1823 9.0890885490e-01 8.6652653184e-07
1824 9.0859330964e-01 8.5568669112e-07
1825 9.0829985653e-01 8.5397327190e-07
1826 9.0798580755e-01 8.6932322973e-07
1827 9.0766810053e-01 8.5899451017e-07
1828 9.0735296683e-01 8.5724407751e-07
1829 9.0702412792e-01 8.6224596295e-07
1830 9.0669721625e-01 8.5979959521e-07
1831 9.0639600037e-01 8.4557909637e-07
1832 9.0608323675e-01 8.6421776470e-07
1833 9.0574108929e-01 8.7587558160e-07
1834 9.0541905767e-01 8.4916963022e-07
1835 9.0509000823e-01 8.8821069002e-07
1836 9.0474616801e-01 8.7750907878e-07
1837 9.0446562945e-01 8.6161059597e-07
1838 9.0416016977e-01 8.8925309332e-07
1839 9.0385055244e-01 8.7087089037e-07
1840 9.0354912821e-01 8.8927642304e-07
1841 9.0323030926e-01 8.6941594473e-07
1842 9.0293909193e-01 8.7276862759e-07
1843 9.0259473127e-01 8.9784564980e-07
1844 9.0225712507e-01 8.7832020328e-07
1845 9.0193634162e-01 8.9231567916e-07
1846 9.0158686621e-01 8.8113497703e-07
1847 9.0126526402e-01 8.7722284200e-07
1848 9.0094645404e-01 8.9256939198e-07
1849 9.0062504426e-01 8.7389992368e-07
1850 9.0032592419e-01 8.7177203026e-07
1851 8.9999022072e-01 8.9389092176e-07
1852 8.9965190639e-01 8.6943271662e-07
1853 8.9934913846e-01 8.6361979073e-07
1854 8.9903620200e-01 8.7212145049e-07
1855 8.9875040957e-01 8.5175049196e-07
1856 8.9844274619e-01 8.8077388428e-07
1857 8.9812368115e-01 8.6016370066e-07
1858 8.9782270694e-01 8.7115599576e-07
1859 8.9750432568e-01 8.6709299736e-07
1860 8.9720508079e-01 8.5967260861e-07
1861 8.9690778318e-01 8.8486281663e-07
1862 8.9658430599e-01 8.7676202412e-07
1863 8.9627185899e-01 8.8785798813e-07
1864 8.9592879932e-01 8.9971675556e-07
1865 8.9559851639e-01 8.7894642442e-07
1866 8.9528043075e-01 8.9590928795e-07
1867 8.9493524489e-01 8.9764531778e-07
1868 8.9460077449e-01 8.8393555994e-07
1869 8.9427455021e-01 8.8246981632e-07
1870 8.9394324572e-01 8.7737734552e-07
1871 8.9364809809e-01 8.6711306409e-07
1872 8.9333527301e-01 8.8707826952e-07
1873 8.9302876164e-01 8.8072360423e-07
1874 8.9269824256e-01 8.9578695716e-07
1875 8.9235382411e-01 8.7705959950e-07
1876 8.9204264018e-01 8.6534219332e-07
1877 8.9173845411e-01 8.6878085161e-07
1878 8.9144044385e-01 8.5594680815e-07
1879 8.9116182244e-01 8.4842144609e-07
1880 8.9086655204e-01 8.4846403904e-07
1881 8.9058633527e-01 8.3444565443e-07
1882 8.9029723757e-01 8.3435637366e-07
1883 8.9002187181e-01 8.2288579312e-07
1884 8.8973270946e-01 8.3347520378e-07
1885 8.8944805235e-01 8.1433750999e-07
1886 8.8918155199e-01 8.2427928500e-07
1887 8.8889886103e-01 8.2670851152e-07
1888 8.8860674293e-01 8.3086619112e-07
1889 8.8832146250e-01 8.2099611814e-07
1890 8.8804001510e-01 8.2242090584e-07
1891 8.8777483230e-01 8.0335379533e-07
1892 8.8752842094e-01 8.0459227149e-07
1893 8.8726700858e-01 7.9612654541e-07
1894 8.8700470048e-01 7.9698977961e-07
1895 8.8673126178e-01 7.9635935539e-07
1896 8.8647220302e-01 7.8231369481e-07
1897 8.8620163124e-01 7.8765956052e-07
1898 8.8593398810e-01 7.8940656618e-07
1899 8.8569048148e-01 7.7811021200e-07
1900 8.8543920469e-01 7.9543034019e-07
1901 8.8517382361e-01 7.8750115057e-07
1902 8.8495095360e-01 7.7043232334e-07
1903 8.8470769148e-01 7.9265672662e-07
1904 8.8444751351e-01 7.7612417246e-07
1905 8.8421630094e-01 7.7397943107e-07
1906 8.8396143190e-01 7.7984326001e-07
1907 8.8369340322e-01 7.8911523289e-07
1908 8.8344155313e-01 7.6165746141e-07
1909 8.8320861637e-01 7.6999051417e-07
1910 8.8294714553e-01 7.7049800474e-07
1911 8.8270484468e-01 7.4835879243e-07
1912 8.8245580697e-01 7.7495771200e-07
1913 8.8219805340e-01 7.6756185274e-07
1914 8.8194761086e-01 7.6761564443e-07
1915 8.8169359144e-01 7.6601348377e-07
1916 8.8143853577e-01 7.6679953691e-07
1917 8.8120312155e-01 7.6311891669e-07
1918 8.8094831812e-01 7.8165632455e-07
1919 8.8068460292e-01 7.7119513466e-07
1920 8.8044516002e-01 7.5482775157e-07
1921 8.8020671694e-01 7.7272722378e-07
1922 8.7996028820e-01 7.6374221681e-07
1923 8.7972535189e-01 7.6763384523e-07
1924 8.7948568707e-01 7.5377861835e-07
1925 8.7927359093e-01 7.6357345969e-07
1926 8.7902642117e-01 7.6037285396e-07
1927 8.7880068028e-01 7.3800888839e-07
1928 8.7857621977e-01 7.5740264045e-07
1929 8.7833061900e-01 7.4424896464e-07
1930 8.7810495123e-01 7.2389857968e-07
1931 8.7788753879e-01 7.2288079031e-07
1932 8.7766728892e-01 7.3041604365e-07
1933 8.7744669739e-01 7.3015851891e-07
1934 8.7721624687e-01 7.3579556505e-07
1935 8.7698814427e-01 7.1815018450e-07
1936 8.7677740178e-01 7.2251201264e-07
1937 8.7654568451e-01 7.3245618878e-07
1938 8.7632268998e-01 7.1440011973e-07
1939 8.7612631539e-01 7.3399691826e-07
1940 8.7590132904e-01 7.3573584499e-07
1941 8.7570985572e-01 7.1739905650e-07
1942 8.7548333969e-01 7.6117378653e-07
1943 8.7524378329e-01 7.2165618087e-07
1944 8.7503414733e-01 7.2627862670e-07
1945 8.7481640371e-01 7.1630453965e-07
1946 8.7460462091e-01 7.0939306991e-07
1947 8.7437679185e-01 7.3537037334e-07
1948 8.7414431793e-01 7.2709142831e-07
1949 8.7392096688e-01 7.3187008308e-07
1950 8.7367679823e-01 7.4961525815e-07
1951 8.7345407770e-01 7.0458013859e-07
1952 8.7328115277e-01 7.1686140111e-07
1953 8.7304702471e-01 7.3409654724e-07
1954 8.7282958376e-01 7.1606427732e-07
1955 8.7262582627e-01 7.2129672409e-07
1956 8.7241823313e-01 7.1553558945e-07
1957 8.7220436808e-01 7.3572706219e-07
1958 8.7199097050e-01 7.2657107240e-07
1959 8.7177580937e-01 7.4623688433e-07
1960 8.7153548130e-01 7.4378326718e-07
1961 8.7131366946e-01 7.2492326485e-07
1962 8.7111513223e-01 7.2130456235e-07
1963 8.7089048019e-01 7.4153960735e-07
1964 8.7067868688e-01 7.0981906316e-07
1965 8.7046852947e-01 7.4087156016e-07
1966 8.7022978357e-01 7.3986088202e-07
1967 8.7000234354e-01 7.2522539825e-07
1968 8.6978398095e-01 7.1978330607e-07
1969 8.6956926780e-01 7.1077310446e-07
1970 8.6935838907e-01 7.0871427486e-07
1971 8.6915602235e-01 7.0191126747e-07
1972 8.6896629826e-01 6.9750856073e-07
1973 8.6876470711e-01 7.0741224185e-07
1974 8.6856064879e-01 6.9812463859e-07
1975 8.6834973321e-01 7.0861596172e-07
1976 8.6813116426e-01 7.0343170922e-07
1977 8.6792710272e-01 6.9621903154e-07
1978 8.6773395287e-01 7.0373338170e-07
1979 8.6750749102e-01 7.2563181079e-07
1980 8.6728027683e-01 7.0423144214e-07
1981 8.6707387171e-01 6.9941476554e-07
1982 8.6686202033e-01 7.0185941510e-07
1983 8.6665647876e-01 6.9730448362e-07
1984 8.6643822503e-01 7.1317388632e-07
1985 8.6622108818e-01 7.0998816852e-07
1986 8.6598473583e-01 7.2701934415e-07
1987 8.6574891488e-01 7.1111477220e-07
1988 8.6554121261e-01 6.9703294065e-07
1989 8.6533524560e-01 7.0130397036e-07
1990 8.6512258359e-01 7.0813838790e-07
1991 8.6490266427e-01 7.0676911728e-07
1992 8.6469274735e-01 6.9179831879e-07
1993 8.6448311857e-01 7.1635959551e-07
1994 8.6425603380e-01 7.1235268276e-07
1995 8.6404350345e-01 6.9180211804e-07
1996 8.6384828425e-01 6.9615772657e-07
1997 8.6363216724e-01 7.1640649368e-07
1998 8.6342171116e-01 7.0466817321e-07
1999 8.6320720147e-01 7.3020640565e-07
