iter rel_error rel_residual
0 2.8300486366e+01 3.8165055615e-01
1 2.5466559673e+01 1.9355936945e-01
2 2.3947895339e+01 1.1370176891e-01
3 2.2432833094e+01 8.8714626977e-02
4 2.0650604750e+01 5.7512530927e-02
5 1.8801831944e+01 4.7270563915e-02
6 1.7020303920e+01 3.4179143437e-02
7 1.5734890595e+01 2.8180010148e-02
8 1.4682277038e+01 2.2723837131e-02
9 1.3808027749e+01 1.8337431405e-02
10 1.2964710519e+01 1.5793099056e-02
11 1.2081019439e+01 1.2702926725e-02
12 1.1136887466e+01 1.1391873117e-02
13 1.0173948734e+01 9.0375020145e-03
14 9.3530933185e+00 8.5330332022e-03
15 8.5645110022e+00 7.1421605954e-03
16 7.8567055335e+00 6.5654747551e-03
17 7.1561403630e+00 5.6845861158e-03
18 6.5560038766e+00 5.2606039091e-03
19 5.9955030686e+00 4.7251801815e-03
20 5.5121530029e+00 4.3487586299e-03
21 5.0897863266e+00 3.9366317294e-03
22 4.7918613839e+00 3.4996810932e-03
23 4.5800908496e+00 3.2672286518e-03
24 4.4376646301e+00 2.9062038604e-03
25 4.3301092614e+00 2.8115271778e-03
26 4.2468757190e+00 2.5860135426e-03
27 4.1927847073e+00 2.4700196056e-03
28 4.1671123008e+00 2.2237015625e-03
29 4.1502229353e+00 2.1125656052e-03
30 4.1238026869e+00 1.9755792019e-03
31 4.0922757806e+00 1.8366987588e-03
32 4.0588547561e+00 1.7375915602e-03
33 4.0198483669e+00 1.5531114996e-03
34 3.9769346563e+00 1.5591048272e-03
35 3.9301099297e+00 1.4085953018e-03
36 3.8806727072e+00 1.3396577791e-03
37 3.8241661842e+00 1.2930715194e-03
38 3.7659242010e+00 1.2422416744e-03
39 3.7093165447e+00 1.1906347496e-03
40 3.6569192118e+00 1.0963212725e-03
41 3.6107966149e+00 1.0340731940e-03
42 3.5710966837e+00 9.7711643703e-04
43 3.5376400655e+00 9.3102009994e-04
44 3.5074292690e+00 8.9158890007e-04
45 3.4808302514e+00 8.5411441131e-04
46 3.4582785352e+00 8.2211948645e-04
47 3.4361878537e+00 7.6428577987e-04
48 3.4156028787e+00 7.6948150940e-04
49 3.3936485847e+00 7.1546052723e-04
50 3.3739268602e+00 7.0935223825e-04
51 3.3549864707e+00 6.5760970076e-04
52 3.3353552494e+00 6.2018407454e-04
53 3.3143176556e+00 6.1786130619e-04
54 3.2938720202e+00 5.8021815033e-04
55 3.2730261428e+00 5.9313499741e-04
56 3.2510796924e+00 5.4693073781e-04
57 3.2306724608e+00 5.5322627451e-04
58 3.2109365718e+00 5.0941862923e-04
59 3.1928454885e+00 5.0790113645e-04
60 3.1750684785e+00 4.8710662696e-04
61 3.1579485827e+00 4.6802476216e-04
62 3.1405061976e+00 4.6102384669e-04
63 3.1252486684e+00 4.2232044245e-04
64 3.1108224033e+00 4.2801820429e-04
65 3.0957652086e+00 4.1062007109e-04
66 3.0833167732e+00 3.9800237138e-04
67 3.0702899586e+00 3.8994485372e-04
68 3.0585928574e+00 3.7241954628e-04
69 3.0477708241e+00 3.7550314008e-04
70 3.0363438524e+00 3.5932026144e-04
71 3.0256449933e+00 3.4559791328e-04
72 3.0144426150e+00 3.3650061775e-04
73 3.0041308354e+00 3.2128456179e-04
74 2.9922037183e+00 3.2775163524e-04
75 2.9805753341e+00 3.0966731793e-04
76 2.9700092478e+00 3.0546612578e-04
77 2.9599630847e+00 2.8917846273e-04
78 2.9508072698e+00 2.8617402202e-04
79 2.9418949748e+00 2.8065289014e-04
80 2.9335451476e+00 2.6931022369e-04
81 2.9258964258e+00 2.6275241703e-04
82 2.9185889122e+00 2.5626107415e-04
83 2.9116052068e+00 2.5491841735e-04
84 2.9040020847e+00 2.5336628192e-04
85 2.8963390665e+00 2.4911193942e-04
86 2.8887048009e+00 2.4340570024e-04
87 2.8808450553e+00 2.4861098725e-04
88 2.8731480397e+00 2.4008080715e-04
89 2.8655533663e+00 2.3382512034e-04
90 2.8582837029e+00 2.3204855260e-04
91 2.8508223289e+00 2.2608881737e-04
92 2.8440615607e+00 2.2606777672e-04
93 2.8372505094e+00 2.0907088316e-04
94 2.8312056231e+00 2.1342299270e-04
95 2.8244597132e+00 2.0643528030e-04
96 2.8180458239e+00 2.0028656169e-04
97 2.8118230422e+00 1.9533211178e-04
98 2.8056904952e+00 1.8916316827e-04
99 2.8000316594e+00 1.8577895543e-04
100 2.7946126891e+00 1.7785759699e-04
101 2.7896166617e+00 1.7324014731e-04
102 2.7845234011e+00 1.7052081962e-04
103 2.7799768032e+00 1.6688873881e-04
104 2.7753308904e+00 1.6609678907e-04
105 2.7711574784e+00 1.6105289651e-04
106 2.7672251159e+00 1.5799582278e-04
107 2.7634754112e+00 1.5606001323e-04
108 2.7595147261e+00 1.5334029582e-04
109 2.7555729036e+00 1.4918306634e-04
110 2.7517905645e+00 1.4537174118e-04
111 2.7479780013e+00 1.4184039780e-04
112 2.7440126643e+00 1.3914361622e-04
113 2.7401446686e+00 1.3814431764e-04
114 2.7362077090e+00 1.3307427464e-04
115 2.7327116313e+00 1.3209253206e-04
116 2.7289757490e+00 1.2825884604e-04
117 2.7251730927e+00 1.2859656030e-04
118 2.7216268034e+00 1.2472040741e-04
119 2.7177686460e+00 1.2571932143e-04
120 2.7139876651e+00 1.2274126014e-04
121 2.7103234312e+00 1.2019345629e-04
122 2.7068783255e+00 1.2016138086e-04
123 2.7035010343e+00 1.1671623628e-04
124 2.7000898277e+00 1.1343024107e-04
125 2.6968432092e+00 1.1122533305e-04
126 2.6936010600e+00 1.1027662503e-04
127 2.6902094869e+00 1.0961346440e-04
128 2.6871839459e+00 1.0264178466e-04
129 2.6844165121e+00 1.0298370161e-04
130 2.6815464491e+00 9.9065596799e-05
131 2.6785168581e+00 9.9958178096e-05
132 2.6755054982e+00 9.7303843227e-05
133 2.6725962747e+00 9.5563639501e-05
134 2.6695611056e+00 9.2569065593e-05
135 2.6666305336e+00 9.4497942641e-05
136 2.6636297306e+00 8.9910428039e-05
137 2.6607905742e+00 9.0306105551e-05
138 2.6578850906e+00 8.5041271365e-05
139 2.6551731817e+00 8.8508031009e-05
140 2.6521826377e+00 8.5346182508e-05
141 2.6491855881e+00 8.4623275390e-05
142 2.6462390013e+00 8.2849834190e-05
143 2.6431962915e+00 8.1238967722e-05
144 2.6402903367e+00 8.0797949296e-05
145 2.6376117062e+00 7.9627290750e-05
146 2.6349078811e+00 7.9771450317e-05
147 2.6319813954e+00 7.8453239540e-05
148 2.6290459783e+00 7.8071314538e-05
149 2.6260712937e+00 7.6469605173e-05
150 2.6232911628e+00 7.6982282543e-05
151 2.6204593930e+00 7.5821542496e-05
152 2.6176196706e+00 7.4726722313e-05
153 2.6149242271e+00 7.4660839257e-05
154 2.6120025501e+00 7.3459152752e-05
155 2.6092243877e+00 7.1295814059e-05
156 2.6065224397e+00 7.1425423527e-05
157 2.6036839559e+00 7.0457253659e-05
158 2.6009811700e+00 6.8748467639e-05
159 2.5982247484e+00 6.8247766771e-05
160 2.5955243288e+00 6.7438031254e-05
161 2.5928721990e+00 6.5539380636e-05
162 2.5903632142e+00 6.4540913976e-05
163 2.5879210253e+00 6.3242151145e-05
164 2.5854049058e+00 6.2978460860e-05
165 2.5829484774e+00 6.2355032896e-05
166 2.5805097962e+00 6.0458283442e-05
167 2.5781625879e+00 5.8655751016e-05
168 2.5759338050e+00 5.8664528594e-05
169 2.5736712394e+00 5.8242298148e-05
170 2.5714815698e+00 5.6112739260e-05
171 2.5692531037e+00 5.7460738415e-05
172 2.5669592108e+00 5.5960201682e-05
173 2.5646929329e+00 5.6064772781e-05
174 2.5623093983e+00 5.4933924929e-05
175 2.5599309660e+00 5.4100055321e-05
176 2.5575963795e+00 5.3774366987e-05
177 2.5552155439e+00 5.3377907792e-05
178 2.5527488511e+00 5.2874750744e-05
179 2.5502294375e+00 5.1932387740e-05
180 2.5478215681e+00 5.2495363070e-05
181 2.5453888039e+00 5.1686554264e-05
182 2.5430336842e+00 5.0288380422e-05
183 2.5407101565e+00 5.1552678204e-05
184 2.5383728604e+00 5.0323952336e-05
185 2.5360627345e+00 5.0866021362e-05
186 2.5337194559e+00 4.9386396417e-05
187 2.5314129972e+00 5.0075110168e-05
188 2.5290539761e+00 4.8972335748e-05
189 2.5268254485e+00 4.8307165651e-05
190 2.5245069696e+00 4.8957368997e-05
191 2.5221801842e+00 4.7631604180e-05
192 2.5198356123e+00 4.8611210011e-05
193 2.5174046161e+00 4.6889402988e-05
194 2.5148620986e+00 4.8269886226e-05
195 2.5124431448e+00 4.6423990306e-05
196 2.5100403167e+00 4.6458713729e-05
197 2.5077580542e+00 4.4259349486e-05
198 2.5056757685e+00 4.4502765315e-05
199 2.5034522851e+00 4.3935915393e-05
200 2.5012113345e+00 4.4737677680e-05
201 2.4988621692e+00 4.3587598021e-05
202 2.4965114227e+00 4.3760414379e-05
203 2.4943146483e+00 4.1717144789e-05
204 2.4921934773e+00 4.2489099006e-05
205 2.4900832193e+00 4.1340324901e-05
206 2.4879754245e+00 4.1418535774e-05
207 2.4858574183e+00 3.9753621936e-05
208 2.4838709771e+00 4.0350010063e-05
209 2.4818132053e+00 4.0371938926e-05
210 2.4796320047e+00 3.9873880161e-05
211 2.4775792749e+00 3.9888378084e-05
212 2.4754873624e+00 3.9788538335e-05
213 2.4734170975e+00 3.8950450950e-05
214 2.4714496047e+00 3.8793226718e-05
215 2.4694429321e+00 3.8977582083e-05
216 2.4672441812e+00 3.9173319996e-05
217 2.4651544893e+00 3.8668173479e-05
218 2.4630350844e+00 3.8476847958e-05
219 2.4608743970e+00 3.8561349372e-05
220 2.4588069705e+00 3.7859632437e-05
221 2.4566891921e+00 3.8499931607e-05
222 2.4545092017e+00 3.7685508792e-05
223 2.4521982878e+00 3.9194001989e-05
224 2.4499039846e+00 3.8225207935e-05
225 2.4475500976e+00 3.8251803827e-05
226 2.4452990442e+00 3.6939897392e-05
227 2.4430868783e+00 3.7494454851e-05
228 2.4408665968e+00 3.6599132106e-05
229 2.4388464898e+00 3.5972908104e-05
230 2.4368258062e+00 3.5897230305e-05
231 2.4346952933e+00 3.6464110591e-05
232 2.4325314888e+00 3.5390028549e-05
233 2.4304828825e+00 3.5311308018e-05
234 2.4284811516e+00 3.4191204662e-05
235 2.4265018424e+00 3.4391231615e-05
236 2.4245472185e+00 3.4081405787e-05
237 2.4224163151e+00 3.4298090603e-05
238 2.4202955675e+00 3.3445434571e-05
239 2.4182749362e+00 3.3587593789e-05
240 2.4161949258e+00 3.3687896515e-05
241 2.4141334404e+00 3.2918878164e-05
242 2.4121634496e+00 3.2445394219e-05
243 2.4102657423e+00 3.1477708362e-05
244 2.4083793749e+00 3.1935765098e-05
245 2.4063773994e+00 3.1873966962e-05
246 2.4044060950e+00 3.1083426651e-05
247 2.4023723780e+00 3.1172247949e-05
248 2.4004482348e+00 3.0356450783e-05
249 2.3984904613e+00 3.1037412813e-05
250 2.3965209826e+00 3.0838433655e-05
251 2.3945994671e+00 2.9893292778e-05
252 2.3925834304e+00 3.0416583967e-05
253 2.3906244084e+00 2.9631182684e-05
254 2.3886041060e+00 2.9900515789e-05
255 2.3865795502e+00 2.9183766048e-05
256 2.3846956116e+00 2.8694631942e-05
257 2.3827727071e+00 2.8742518040e-05
258 2.3809188411e+00 2.7810629147e-05
259 2.3791237504e+00 2.7933528326e-05
260 2.3772814550e+00 2.7670402777e-05
261 2.3754506090e+00 2.7454464129e-05
262 2.3735631955e+00 2.7928329061e-05
263 2.3717087860e+00 2.6928648449e-05
264 2.3697960744e+00 2.7349629226e-05
265 2.3679822923e+00 2.6976903925e-05
266 2.3661583749e+00 2.6850804453e-05
267 2.3644398263e+00 2.5840771574e-05
268 2.3628951592e+00 2.5920939768e-05
269 2.3612481856e+00 2.5896263903e-05
270 2.3594383117e+00 2.5883793526e-05
271 2.3575900490e+00 2.6466519268e-05
272 2.3556352230e+00 2.6052986415e-05
273 2.3538366820e+00 2.5234150559e-05
274 2.3522397167e+00 2.4406250290e-05
275 2.3505853010e+00 2.5092924571e-05
276 2.3487470488e+00 2.5259565773e-05
277 2.3469201289e+00 2.4316726206e-05
278 2.3450122136e+00 2.5399332857e-05
279 2.3431104525e+00 2.4207053997e-05
280 2.3412631333e+00 2.4595141454e-05
281 2.3394470118e+00 2.3932458869e-05
282 2.3376659343e+00 2.3791410449e-05
283 2.3359718560e+00 2.3910256188e-05
284 2.3342127723e+00 2.4050338812e-05
285 2.3323143114e+00 2.3770207583e-05
286 2.3304343740e+00 2.3680939983e-05
287 2.3286895144e+00 2.3084034665e-05
288 2.3270015422e+00 2.2866002163e-05
289 2.3252591936e+00 2.2932255222e-05
290 2.3234395119e+00 2.3546950361e-05
291 2.3214612205e+00 2.3327557152e-05
292 2.3195912315e+00 2.3056584498e-05
293 2.3178959531e+00 2.2111738481e-05
294 2.3161528022e+00 2.2920579037e-05
295 2.3143866655e+00 2.2472494922e-05
296 2.3126394033e+00 2.2112852678e-05
297 2.3109110153e+00 2.1906243620e-05
298 2.3091647472e+00 2.1796800159e-05
299 2.3073975955e+00 2.1734058360e-05
300 2.3055664104e+00 2.1758412173e-05
301 2.3037649111e+00 2.1137434002e-05
302 2.3019785817e+00 2.1206142242e-05
303 2.3000943500e+00 2.0920745529e-05
304 2.2982863823e+00 2.0774423520e-05
305 2.2965094256e+00 2.0377592313e-05
306 2.2947360678e+00 2.0591641717e-05
307 2.2930018933e+00 2.0043840321e-05
308 2.2913133824e+00 2.0184665552e-05
309 2.2895483572e+00 2.0018471130e-05
310 2.2878785560e+00 1.9808470133e-05
311 2.2862818023e+00 1.9747017702e-05
312 2.2847598674e+00 1.9533563338e-05
313 2.2830624374e+00 1.9871063692e-05
314 2.2813294289e+00 1.9517271628e-05
315 2.2796523845e+00 1.9739847495e-05
316 2.2778784480e+00 2.0004083151e-05
317 2.2760421405e+00 2.0317302674e-05
318 2.2741362790e+00 1.9903375609e-05
319 2.2722377157e+00 2.0423685988e-05
320 2.2702435611e+00 2.0261604622e-05
321 2.2682402365e+00 2.0359178589e-05
322 2.2663019497e+00 2.0054171933e-05
323 2.2643616866e+00 1.9829163247e-05
324 2.2624307464e+00 1.9404023105e-05
325 2.2606176258e+00 1.9406706519e-05
326 2.2588638460e+00 1.8896936214e-05
327 2.2572299845e+00 1.9086992312e-05
328 2.2555804442e+00 1.8593091616e-05
329 2.2539083166e+00 1.8612632000e-05
330 2.2522421699e+00 1.8389979987e-05
331 2.2505291046e+00 1.8063514630e-05
332 2.2488156188e+00 1.7914471585e-05
333 2.2470990331e+00 1.7696273527e-05
334 2.2454775581e+00 1.7225578331e-05
335 2.2438944594e+00 1.7466341150e-05
336 2.2423230196e+00 1.6924416596e-05
337 2.2407345746e+00 1.7358942975e-05
338 2.2390344974e+00 1.7116243612e-05
339 2.2373184445e+00 1.7389277441e-05
340 2.2356299874e+00 1.7040712020e-05
341 2.2338692992e+00 1.7540123089e-05
342 2.2321242311e+00 1.7178141332e-05
343 2.2304253665e+00 1.7472402517e-05
344 2.2286601139e+00 1.7090264538e-05
345 2.2269807756e+00 1.7458448648e-05
346 2.2252075864e+00 1.7330750403e-05
347 2.2232732163e+00 1.8286918667e-05
348 2.2212221251e+00 1.7487259884e-05
349 2.2192544515e+00 1.7770430155e-05
350 2.2172870822e+00 1.7333223626e-05
351 2.2154999083e+00 1.7012716552e-05
352 2.2137191187e+00 1.7081284349e-05
353 2.2118790186e+00 1.7333155809e-05
354 2.2100165063e+00 1.6882300909e-05
355 2.2082830975e+00 1.6880166704e-05
356 2.2065311034e+00 1.6446259321e-05
357 2.2047303862e+00 1.6813126481e-05
358 2.2028682374e+00 1.6248489359e-05
359 2.2010885751e+00 1.6619725778e-05
360 2.1993070264e+00 1.5996211306e-05
361 2.1975260738e+00 1.6168345427e-05
362 2.1957073619e+00 1.5756316064e-05
363 2.1939614931e+00 1.5957403364e-05
364 2.1921911601e+00 1.5287139791e-05
365 2.1904893697e+00 1.5674001805e-05
366 2.1887964895e+00 1.5203933852e-05
367 2.1871458760e+00 1.5528232074e-05
368 2.1853845429e+00 1.4936228074e-05
369 2.1837706027e+00 1.4951597591e-05
370 2.1821649589e+00 1.4913738684e-05
371 2.1805951474e+00 1.5084508749e-05
372 2.1788058897e+00 1.5135375535e-05
373 2.1770228916e+00 1.5106869455e-05
374 2.1752010195e+00 1.5390592245e-05
375 2.1733222963e+00 1.5304544423e-05
376 2.1714586528e+00 1.5110572742e-05
377 2.1697984816e+00 1.4816679096e-05
378 2.1681138429e+00 1.5040333712e-05
379 2.1663507783e+00 1.4865568133e-05
380 2.1646044753e+00 1.4803989302e-05
381 2.1629483818e+00 1.4831512072e-05
382 2.1612285815e+00 1.4817922908e-05
383 2.1594798990e+00 1.4543538521e-05
384 2.1576959770e+00 1.4665521850e-05
385 2.1559354737e+00 1.4328080303e-05
386 2.1541723712e+00 1.4641313434e-05
387 2.1523831476e+00 1.4546341795e-05
388 2.1506122567e+00 1.4622984545e-05
389 2.1488088648e+00 1.4385522621e-05
390 2.1471310167e+00 1.3994508306e-05
391 2.1455254325e+00 1.4083752604e-05
392 2.1438416524e+00 1.4001220717e-05
393 2.1421630850e+00 1.4225829785e-05
394 2.1404047910e+00 1.3778994654e-05
395 2.1385863922e+00 1.4129811306e-05
396 2.1367473779e+00 1.3979553552e-05
397 2.1348752523e+00 1.4154409692e-05
398 2.1330354764e+00 1.3826360815e-05
399 2.1312910081e+00 1.3713450745e-05
400 2.1296021214e+00 1.3512215176e-05
401 2.1279133248e+00 1.3538624609e-05
402 2.1261843459e+00 1.3432899029e-05
403 2.1245301937e+00 1.3309727834e-05
404 2.1229524824e+00 1.3353404296e-05
405 2.1212632584e+00 1.3449673210e-05
406 2.1195011196e+00 1.3309492023e-05
407 2.1177516326e+00 1.3401504558e-05
408 2.1159615613e+00 1.3323060491e-05
409 2.1142459343e+00 1.3057174449e-05
410 2.1125638209e+00 1.3022558506e-05
411 2.1108746886e+00 1.3054738328e-05
412 2.1091633099e+00 1.3334157083e-05
413 2.1073623600e+00 1.3091412440e-05
414 2.1056198259e+00 1.2946751295e-05
415 2.1039365340e+00 1.2857607696e-05
416 2.1022489862e+00 1.2908897077e-05
417 2.1005302462e+00 1.3040094959e-05
418 2.0987136747e+00 1.2935769299e-05
419 2.0968458020e+00 1.3046137895e-05
420 2.0949844799e+00 1.3045301098e-05
421 2.0931769570e+00 1.2721463979e-05
422 2.0914122220e+00 1.2837448020e-05
423 2.0896827812e+00 1.2487352933e-05
424 2.0879555103e+00 1.2584538870e-05
425 2.0862584640e+00 1.2445698957e-05
426 2.0845237033e+00 1.2511348783e-05
427 2.0827950322e+00 1.2089722178e-05
428 2.0811425806e+00 1.2208289557e-05
429 2.0795182791e+00 1.1878754913e-05
430 2.0779488399e+00 1.1999943228e-05
431 2.0762574439e+00 1.2093212817e-05
432 2.0745578454e+00 1.2120636005e-05
433 2.0728833368e+00 1.1737513700e-05
434 2.0713509303e+00 1.1655170034e-05
435 2.0699002538e+00 1.1595541293e-05
436 2.0683545317e+00 1.1631727511e-05
437 2.0667581830e+00 1.1531707973e-05
438 2.0651518347e+00 1.1670385053e-05
439 2.0635575924e+00 1.1413446640e-05
440 2.0620008247e+00 1.1353055721e-05
441 2.0604333187e+00 1.1317129620e-05
442 2.0588587396e+00 1.1319614581e-05
443 2.0573728743e+00 1.1018980587e-05
444 2.0559301952e+00 1.1124159611e-05
445 2.0544709024e+00 1.1146568627e-05
446 2.0529625601e+00 1.1073774236e-05
447 2.0514352356e+00 1.1111240021e-05
448 2.0498782803e+00 1.1038529987e-05
449 2.0482795362e+00 1.1217255767e-05
450 2.0466678524e+00 1.0918472296e-05
451 2.0451287536e+00 1.0950471304e-05
452 2.0435255405e+00 1.0928017722e-05
453 2.0419839801e+00 1.0789246485e-05
454 2.0405450695e+00 1.0569727402e-05
455 2.0391288559e+00 1.0701579433e-05
456 2.0376202956e+00 1.0687072808e-05
457 2.0360639590e+00 1.0636966759e-05
458 2.0345467836e+00 1.0437000080e-05
459 2.0330866602e+00 1.0302611109e-05
460 2.0315998435e+00 1.0295762663e-05
461 2.0300938558e+00 1.0211926201e-05
462 2.0286329276e+00 9.9875950825e-06
463 2.0272406985e+00 9.9776149518e-06
464 2.0259671730e+00 9.4223185601e-06
465 2.0247784845e+00 9.6024094916e-06
466 2.0234383634e+00 9.5784005961e-06
467 2.0221146406e+00 9.5638705588e-06
468 2.0207619451e+00 9.4193568947e-06
469 2.0194981034e+00 9.2400332154e-06
470 2.0182451944e+00 9.2533121976e-06
471 2.0169677229e+00 9.1273807037e-06
472 2.0157054232e+00 9.1232673726e-06
473 2.0144016635e+00 9.2238387093e-06
474 2.0130339033e+00 9.3107444214e-06
475 2.0116733685e+00 9.1306781876e-06
476 2.0103459475e+00 9.0916925509e-06
477 2.0090321478e+00 8.9547940346e-06
478 2.0078034696e+00 8.9329654387e-06
479 2.0065845905e+00 8.9358968497e-06
480 2.0053339560e+00 8.9580756349e-06
481 2.0040888470e+00 8.7699929641e-06
482 2.0028947033e+00 8.8269637377e-06
483 2.0016125460e+00 8.9874740940e-06
484 2.0003392566e+00 8.9439496642e-06
485 1.9989767049e+00 8.9844076133e-06
486 1.9977068017e+00 8.6336529816e-06
487 1.9964559150e+00 8.9223169399e-06
488 1.9951077592e+00 8.6975712782e-06
489 1.9937648943e+00 8.7473060589e-06
490 1.9923506315e+00 8.6899446807e-06
491 1.9910546191e+00 8.5643301960e-06
492 1.9897902740e+00 8.6194785032e-06
493 1.9885586027e+00 8.3357880579e-06
494 1.9873021650e+00 8.4503243291e-06
495 1.9859985711e+00 8.4429614720e-06
496 1.9847791499e+00 8.2136033875e-06
497 1.9836092915e+00 8.2179802657e-06
498 1.9823886658e+00 8.2320826052e-06
499 1.9810913661e+00 8.4329884016e-06
500 1.9797750190e+00 8.3922074121e-06
501 1.9785118884e+00 8.3415457445e-06
502 1.9773625672e+00 8.1760424998e-06
503 1.9761210863e+00 8.3299276772e-06
504 1.9748175297e+00 8.3215088043e-06
505 1.9735275219e+00 8.3599858922e-06
506 1.9722373341e+00 8.3927975932e-06
507 1.9708588878e+00 8.3626867481e-06
508 1.9694899564e+00 8.3571128814e-06
509 1.9682367219e+00 8.0999567576e-06
510 1.9669878038e+00 8.3111671237e-06
511 1.9656371850e+00 8.0814711643e-06
512 1.9642953621e+00 8.2137812329e-06
513 1.9629403298e+00 8.1241377052e-06
514 1.9616228820e+00 8.1167815049e-06
515 1.9602833085e+00 8.2505999741e-06
516 1.9589450092e+00 7.9830955558e-06
517 1.9576233936e+00 8.2227969837e-06
518 1.9563282387e+00 7.8911122835e-06
519 1.9550391857e+00 8.0630712088e-06
520 1.9537480696e+00 7.9742223954e-06
521 1.9523603103e+00 8.0474537724e-06
522 1.9510771361e+00 7.7873560870e-06
523 1.9498845194e+00 7.8427192181e-06
524 1.9485702239e+00 8.1244817780e-06
525 1.9471484481e+00 8.1240746096e-06
526 1.9457795031e+00 7.9489175556e-06
527 1.9444551492e+00 7.8497391466e-06
528 1.9431969649e+00 7.8806541534e-06
529 1.9418453821e+00 7.8163727005e-06
530 1.9404574732e+00 7.8605001023e-06
531 1.9390900832e+00 7.7615744336e-06
532 1.9378211385e+00 7.7213817502e-06
533 1.9365630288e+00 7.7238761332e-06
534 1.9352428679e+00 7.6378178926e-06
535 1.9338707874e+00 7.8499821319e-06
536 1.9325037390e+00 7.5074808640e-06
537 1.9312553598e+00 7.6954602958e-06
538 1.9299607321e+00 7.4813836307e-06
539 1.9287420636e+00 7.5747108084e-06
540 1.9274742528e+00 7.5333086391e-06
541 1.9261887088e+00 7.6004425031e-06
542 1.9248982255e+00 7.5343397254e-06
543 1.9235893144e+00 7.4961445952e-06
544 1.9223373943e+00 7.4146578700e-06
545 1.9210858929e+00 7.4688250762e-06
546 1.9197525480e+00 7.5507542034e-06
547 1.9183708376e+00 7.5046498070e-06
548 1.9170057661e+00 7.5758924589e-06
549 1.9156485384e+00 7.3933283550e-06
550 1.9144517293e+00 7.3259838953e-06
551 1.9132514198e+00 7.3964013071e-06
552 1.9119008818e+00 7.4606919913e-06
553 1.9105029662e+00 7.3646172624e-06
554 1.9091188310e+00 7.3139408657e-06
555 1.9077365099e+00 7.5263967490e-06
556 1.9063301359e+00 7.3790441151e-06
557 1.9049118678e+00 7.5571225458e-06
558 1.9034463704e+00 7.5541274632e-06
559 1.9019778379e+00 7.5787251429e-06
560 1.9005338257e+00 7.4758810401e-06
561 1.8990558278e+00 7.6481861083e-06
562 1.8975576345e+00 7.6894794787e-06
563 1.8960805405e+00 7.6435238494e-06
564 1.8947195078e+00 7.5214419485e-06
565 1.8933981219e+00 7.2692179779e-06
566 1.8919825345e+00 7.6532150836e-06
567 1.8904179441e+00 7.5678381184e-06
568 1.8888586791e+00 7.5154748404e-06
569 1.8873470072e+00 7.4102341792e-06
570 1.8858080429e+00 7.6182633986e-06
571 1.8842764903e+00 7.4229662424e-06
572 1.8828320825e+00 7.4530500482e-06
573 1.8814179169e+00 7.5286327631e-06
574 1.8799416924e+00 7.5712171690e-06
575 1.8784089083e+00 7.5457983342e-06
576 1.8769842170e+00 7.4056009736e-06
577 1.8754898165e+00 7.6776757481e-06
578 1.8738640225e+00 7.7494390280e-06
579 1.8722822107e+00 7.4755067561e-06
580 1.8708408349e+00 7.4951199826e-06
581 1.8693100115e+00 7.4307417029e-06
582 1.8677711444e+00 7.5593878844e-06
583 1.8661954019e+00 7.3641940744e-06
584 1.8646540663e+00 7.3186294665e-06
585 1.8631226094e+00 7.3624022807e-06
586 1.8615817520e+00 7.2331552751e-06
587 1.8601193448e+00 7.2374853122e-06
588 1.8586630410e+00 7.1470312069e-06
589 1.8571683744e+00 7.1858608380e-06
590 1.8557208976e+00 6.9421263683e-06
591 1.8543084375e+00 7.0437794937e-06
592 1.8528430940e+00 6.8928259767e-06
593 1.8514451858e+00 6.8943117241e-06
594 1.8500060163e+00 6.8759318020e-06
595 1.8485880629e+00 6.9099063127e-06
596 1.8471873947e+00 6.8310400480e-06
597 1.8458912190e+00 6.6225344483e-06
598 1.8446902814e+00 6.5997242441e-06
599 1.8434713729e+00 6.5884654670e-06
600 1.8422215078e+00 6.5467914893e-06
601 1.8409533697e+00 6.6822086126e-06
602 1.8395778193e+00 6.7407508052e-06
603 1.8381558252e+00 6.8407474991e-06
604 1.8366714778e+00 6.7976053984e-06
605 1.8352687909e+00 6.6595142876e-06
606 1.8338592556e+00 6.7543617283e-06
607 1.8324746487e+00 6.7189853860e-06
608 1.8311524512e+00 6.5865779686e-06
609 1.8298067915e+00 6.7362025961e-06
610 1.8284222065e+00 6.6949440137e-06
611 1.8271646051e+00 6.5592990236e-06
612 1.8259365331e+00 6.6152030264e-06
613 1.8245874154e+00 6.6279868683e-06
614 1.8232134053e+00 6.6818804804e-06
615 1.8218173460e+00 6.5962968669e-06
616 1.8206009409e+00 6.4612099832e-06
617 1.8193434328e+00 6.5971418077e-06
618 1.8179768272e+00 6.4397049172e-06
619 1.8166982756e+00 6.4568288555e-06
620 1.8154234966e+00 6.4099794177e-06
621 1.8140933396e+00 6.4687715377e-06
622 1.8127205415e+00 6.4133266136e-06
623 1.8114273160e+00 6.3064383977e-06
624 1.8101675828e+00 6.2899341742e-06
625 1.8089629068e+00 6.2742250608e-06
626 1.8076936285e+00 6.2751265051e-06
627 1.8064584889e+00 6.1259617233e-06
628 1.8052397306e+00 6.2777272720e-06
629 1.8039964394e+00 6.1505063077e-06
630 1.8028107685e+00 6.1002381469e-06
631 1.8015903330e+00 6.0732993644e-06
632 1.8003416230e+00 6.1803788413e-06
633 1.7990685448e+00 6.1072439216e-06
634 1.7977872200e+00 6.1442103215e-06
635 1.7964890440e+00 6.0722215588e-06
636 1.7951990690e+00 6.1116271995e-06
637 1.7940773225e+00 5.8289113816e-06
638 1.7929308249e+00 6.0363621080e-06
639 1.7917647675e+00 5.6731914379e-06
640 1.7906430108e+00 5.7973085229e-06
641 1.7895200924e+00 5.5521648914e-06
642 1.7884198632e+00 5.6654986603e-06
643 1.7873064894e+00 5.5059527552e-06
644 1.7862913715e+00 5.4602833942e-06
645 1.7853116873e+00 5.3505009200e-06
646 1.7843279525e+00 5.3880156412e-06
647 1.7833267952e+00 5.3008028198e-06
648 1.7822725357e+00 5.5447078180e-06
649 1.7811531579e+00 5.4226408651e-06
650 1.7800753206e+00 5.4565720957e-06
651 1.7790737233e+00 5.3562695560e-06
652 1.7780702218e+00 5.5115332551e-06
653 1.7769546595e+00 5.4737628319e-06
654 1.7758543576e+00 5.3243281918e-06
655 1.7748492990e+00 5.1853119276e-06
656 1.7739360474e+00 5.1822301181e-06
657 1.7729987355e+00 5.1509297657e-06
658 1.7719904449e+00 5.2300770860e-06
659 1.7710086664e+00 5.0116349678e-06
660 1.7701140120e+00 5.1535276460e-06
661 1.7690797382e+00 5.1497527517e-06
662 1.7680331044e+00 5.1416415664e-06
663 1.7670162523e+00 5.1135161234e-06
664 1.7660490979e+00 5.1131434097e-06
665 1.7651195900e+00 4.9818594660e-06
666 1.7641543915e+00 5.1397647102e-06
667 1.7631431623e+00 4.9230755032e-06
668 1.7621467382e+00 5.1810329451e-06
669 1.7610538470e+00 5.0969827378e-06
670 1.7600489301e+00 5.0811031687e-06
671 1.7590853202e+00 4.9816177533e-06
672 1.7581300189e+00 4.9834148640e-06
673 1.7571735631e+00 5.0402104882e-06
674 1.7562322163e+00 4.9497414714e-06
675 1.7552755288e+00 4.9907025244e-06
676 1.7543083804e+00 4.9225001334e-06
677 1.7533544661e+00 4.9541270325e-06
678 1.7523460244e+00 4.9755822351e-06
679 1.7513095701e+00 4.9103709164e-06
680 1.7502178015e+00 4.9805104433e-06
681 1.7491772160e+00 4.8454975079e-06
682 1.7481498583e+00 4.9563176399e-06
683 1.7471315552e+00 4.8810971892e-06
684 1.7461178928e+00 4.9818385761e-06
685 1.7450394868e+00 4.8938509080e-06
686 1.7440226162e+00 4.7893194561e-06
687 1.7430371639e+00 4.8000519570e-06
688 1.7420293605e+00 4.8942427537e-06
689 1.7409987999e+00 4.7476200957e-06
690 1.7401483445e+00 4.7157806561e-06
691 1.7391546400e+00 4.8431024922e-06
692 1.7380489812e+00 4.8774276343e-06
693 1.7369238247e+00 4.8463186384e-06
694 1.7358780199e+00 4.8340698608e-06
695 1.7348193379e+00 4.8877909300e-06
696 1.7337316243e+00 4.8544576406e-06
697 1.7326553768e+00 4.8836650682e-06
698 1.7315965326e+00 4.8443202133e-06
699 1.7305556175e+00 4.8909537875e-06
700 1.7294752606e+00 4.8680241118e-06
701 1.7284375986e+00 4.8251734135e-06
702 1.7274350072e+00 4.8436450183e-06
703 1.7263726569e+00 4.9308805821e-06
704 1.7252365465e+00 4.8589726649e-06
705 1.7240739625e+00 4.8451327975e-06
706 1.7229954417e+00 4.7282442334e-06
707 1.7219412024e+00 4.8222011936e-06
708 1.7208093213e+00 4.8340538742e-06
709 1.7197083626e+00 4.7098212336e-06
710 1.7186729474e+00 4.6735206020e-06
711 1.7176600573e+00 4.6387765008e-06
712 1.7165766313e+00 4.7340701119e-06
713 1.7154722937e+00 4.5935943361e-06
714 1.7145559744e+00 4.3854367660e-06
715 1.7136261178e+00 4.5427661624e-06
716 1.7126145791e+00 4.5031504024e-06
717 1.7116263503e+00 4.4904836000e-06
718 1.7106658921e+00 4.4200273619e-06
719 1.7096655420e+00 4.5626622641e-06
720 1.7085692690e+00 4.5729600227e-06
721 1.7074749574e+00 4.5858915917e-06
722 1.7064521831e+00 4.4280108860e-06
723 1.7053995267e+00 4.5698635219e-06
724 1.7042637807e+00 4.5859277865e-06
725 1.7031274048e+00 4.5888027262e-06
726 1.7020775391e+00 4.4283139154e-06
727 1.7010464609e+00 4.5677012687e-06
728 1.6999352179e+00 4.4485690467e-06
729 1.6989534150e+00 4.3150041026e-06
730 1.6980858547e+00 4.2430951960e-06
731 1.6971141133e+00 4.3246464549e-06
732 1.6961027807e+00 4.2410788666e-06
733 1.6951422307e+00 4.1851477876e-06
734 1.6941727112e+00 4.2765144549e-06
735 1.6931679323e+00 4.1952168421e-06
736 1.6921828655e+00 4.1426407973e-06
737 1.6912494388e+00 4.1080368920e-06
738 1.6903727365e+00 4.0238533675e-06
739 1.6894630357e+00 4.0243682922e-06
740 1.6885836421e+00 3.9104173796e-06
741 1.6878137711e+00 3.9443945095e-06
742 1.6869370629e+00 3.9716716131e-06
743 1.6860154351e+00 4.0084123992e-06
744 1.6850715103e+00 3.9429192913e-06
745 1.6841505728e+00 3.9128620980e-06
746 1.6832637021e+00 3.8366367769e-06
747 1.6824122185e+00 3.8223561443e-06
748 1.6815128844e+00 3.8893469331e-06
749 1.6806041745e+00 3.8202631592e-06
750 1.6797294689e+00 3.7934396353e-06
751 1.6788830806e+00 3.7880282352e-06
752 1.6779918885e+00 3.7829226039e-06
753 1.6770861458e+00 3.8064581848e-06
754 1.6762247253e+00 3.7357438615e-06
755 1.6754043197e+00 3.7608276771e-06
756 1.6745473042e+00 3.7488054646e-06
757 1.6736418998e+00 3.7534991288e-06
758 1.6727618937e+00 3.7120341138e-06
759 1.6719348428e+00 3.6727093760e-06
760 1.6710724737e+00 3.7208350325e-06
761 1.6702252659e+00 3.7178035245e-06
762 1.6693667499e+00 3.7688320038e-06
763 1.6684689583e+00 3.7686811091e-06
764 1.6675257291e+00 3.8228206446e-06
765 1.6665456342e+00 3.8319035248e-06
766 1.6656257164e+00 3.7465527591e-06
767 1.6647636314e+00 3.7520467965e-06
768 1.6638983749e+00 3.6868615016e-06
769 1.6630285256e+00 3.7154301894e-06
770 1.6621605332e+00 3.6628067617e-06
771 1.6612732149e+00 3.7615818462e-06
772 1.6603277414e+00 3.7321201636e-06
773 1.6593895587e+00 3.7289904915e-06
774 1.6584998947e+00 3.6380350733e-06
775 1.6576014428e+00 3.7433746878e-06
776 1.6566616319e+00 3.7346845453e-06
777 1.6557188383e+00 3.7424398796e-06
778 1.6547853916e+00 3.7932461003e-06
779 1.6537753438e+00 3.7735849046e-06
780 1.6528385025e+00 3.6814554218e-06
781 1.6519819846e+00 3.6999811025e-06
782 1.6510377023e+00 3.7595869920e-06
783 1.6500067685e+00 3.8250750702e-06
784 1.6490352028e+00 3.6571970535e-06
785 1.6480952459e+00 3.7770424363e-06
786 1.6470566804e+00 3.7681682321e-06
787 1.6460898275e+00 3.7229561449e-06
788 1.6452297545e+00 3.6981924291e-06
789 1.6442694702e+00 3.7754802662e-06
790 1.6432724502e+00 3.7710487736e-06
791 1.6422932260e+00 3.7177452690e-06
792 1.6412790414e+00 3.7733286326e-06
793 1.6402219528e+00 3.7376506162e-06
794 1.6392821520e+00 3.6178536273e-06
795 1.6383492352e+00 3.7536050802e-06
796 1.6372428157e+00 3.8197824683e-06
797 1.6361514945e+00 3.7396914579e-06
798 1.6351669360e+00 3.7984999816e-06
799 1.6341154947e+00 3.7831369879e-06
800 1.6330080777e+00 3.9191608116e-06
801 1.6319384457e+00 3.7629806151e-06
802 1.6309657723e+00 3.8855604408e-06
803 1.6298311211e+00 3.9447463082e-06
804 1.6286749410e+00 3.9170360483e-06
805 1.6275736593e+00 3.8631475630e-06
806 1.6264524662e+00 3.8859856006e-06
807 1.6253034399e+00 3.8916702199e-06
808 1.6241607384e+00 3.8266456134e-06
809 1.6230750684e+00 3.8359560529e-06
810 1.6219170425e+00 3.8821839098e-06
811 1.6208052596e+00 3.7909397189e-06
812 1.6197301105e+00 3.7111054650e-06
813 1.6186637366e+00 3.7311984268e-06
814 1.6175126932e+00 3.8227298753e-06
815 1.6163287989e+00 3.7488102867e-06
816 1.6152260090e+00 3.7170392101e-06
817 1.6141481732e+00 3.7078252952e-06
818 1.6130861326e+00 3.7201967084e-06
819 1.6120218150e+00 3.6505851265e-06
820 1.6110012775e+00 3.6124851802e-06
821 1.6099610440e+00 3.6789905187e-06
822 1.6088484316e+00 3.7192793811e-06
823 1.6077219906e+00 3.7121575066e-06
824 1.6066565516e+00 3.6793131151e-06
825 1.6056387299e+00 3.6824944003e-06
826 1.6045681473e+00 3.7171278117e-06
827 1.6033777104e+00 3.7697096619e-06
828 1.6021936277e+00 3.7483180117e-06
829 1.6011245028e+00 3.6461151673e-06
830 1.6000851271e+00 3.7470825567e-06
831 1.5989292030e+00 3.7058807689e-06
832 1.5978852309e+00 3.6226354994e-06
833 1.5968249531e+00 3.6638386781e-06
834 1.5956983694e+00 3.7013426855e-06
835 1.5946537964e+00 3.5433442743e-06
836 1.5935906615e+00 3.6748272353e-06
837 1.5924715255e+00 3.6315326271e-06
838 1.5913620123e+00 3.5975559431e-06
839 1.5903040096e+00 3.6156703796e-06
840 1.5892059921e+00 3.6322637720e-06
841 1.5879966417e+00 3.7532282637e-06
842 1.5867671671e+00 3.6917540241e-06
843 1.5855870538e+00 3.6584494640e-06
844 1.5845375071e+00 3.5954572119e-06
845 1.5835267088e+00 3.5785660912e-06
846 1.5825247673e+00 3.5012285006e-06
847 1.5815385022e+00 3.5358744566e-06
848 1.5804195653e+00 3.5976428433e-06
849 1.5792552488e+00 3.5748433204e-06
850 1.5780694594e+00 3.6254966260e-06
851 1.5769214389e+00 3.4924029047e-06
852 1.5758597600e+00 3.4765980020e-06
853 1.5748213447e+00 3.4555647864e-06
854 1.5736997494e+00 3.5556285022e-06
855 1.5725427248e+00 3.4774344003e-06
856 1.5714863594e+00 3.4786230793e-06
857 1.5705062604e+00 3.4506066762e-06
858 1.5694678447e+00 3.4899317242e-06
859 1.5684539428e+00 3.4681595232e-06
860 1.5673890708e+00 3.4686538163e-06
861 1.5662701600e+00 3.4916988796e-06
862 1.5651313090e+00 3.4914753264e-06
863 1.5640525356e+00 3.3630506673e-06
864 1.5630520312e+00 3.3781150303e-06
865 1.5620201555e+00 3.3369286951e-06
866 1.5611275889e+00 3.2616538357e-06
867 1.5601970636e+00 3.3506431575e-06
868 1.5591784679e+00 3.3155380015e-06
869 1.5581290821e+00 3.4039185335e-06
870 1.5570554367e+00 3.3387008652e-06
871 1.5559738376e+00 3.3328591057e-06
872 1.5549941395e+00 3.2573375270e-06
873 1.5540371407e+00 3.3088942350e-06
874 1.5529571038e+00 3.3641385884e-06
875 1.5518717495e+00 3.3350770076e-06
876 1.5508385320e+00 3.2414503165e-06
877 1.5499684977e+00 3.2457845942e-06
878 1.5490121371e+00 3.2804124455e-06
879 1.5480043701e+00 3.2578294634e-06
880 1.5470801700e+00 3.2196623991e-06
881 1.5461044025e+00 3.3223869239e-06
882 1.5450568448e+00 3.2338839188e-06
883 1.5440547403e+00 3.2178251685e-06
884 1.5430543001e+00 3.2257970298e-06
885 1.5420413613e+00 3.1871616873e-06
886 1.5409956833e+00 3.2922742942e-06
887 1.5399724934e+00 3.1561889230e-06
888 1.5390441186e+00 3.2121734503e-06
889 1.5380613338e+00 3.1663205470e-06
890 1.5370712887e+00 3.1717510709e-06
891 1.5361112016e+00 3.1443897357e-06
892 1.5350832960e+00 3.2373331343e-06
893 1.5340318307e+00 3.2011517444e-06
894 1.5329951852e+00 3.2119315633e-06
895 1.5319326341e+00 3.2551717051e-06
896 1.5308532949e+00 3.2810099772e-06
897 1.5297842305e+00 3.2180643728e-06
898 1.5288541055e+00 3.1230370745e-06
899 1.5279128685e+00 3.2385982083e-06
900 1.5268460292e+00 3.2290613566e-06
901 1.5257608321e+00 3.2388872160e-06
902 1.5246873186e+00 3.2514788492e-06
903 1.5235355405e+00 3.2354559573e-06
904 1.5224117954e+00 3.2568764301e-06
905 1.5213642280e+00 3.1352579810e-06
906 1.5204134256e+00 3.2221705728e-06
907 1.5193438924e+00 3.2417650066e-06
908 1.5183059340e+00 3.2153766718e-06
909 1.5172669317e+00 3.2695318333e-06
910 1.5161745506e+00 3.2456390515e-06
911 1.5151294993e+00 3.2060267800e-06
912 1.5140841245e+00 3.1575699412e-06
913 1.5129649196e+00 3.2717471258e-06
914 1.5117974170e+00 3.1850666603e-06
915 1.5107854408e+00 3.1255666978e-06
916 1.5098354060e+00 3.1464075930e-06
917 1.5087639482e+00 3.1300008630e-06
918 1.5076759697e+00 3.1478530064e-06
919 1.5066092855e+00 3.1343595986e-06
920 1.5055958750e+00 3.1347384374e-06
921 1.5045058774e+00 3.2006502473e-06
922 1.5033717015e+00 3.1808466404e-06
923 1.5022476921e+00 3.1716318187e-06
924 1.5011540166e+00 3.1944793871e-06
925 1.5000852674e+00 3.1680643585e-06
926 1.4990270810e+00 3.1673738615e-06
927 1.4979619388e+00 3.1987662582e-06
928 1.4968656733e+00 3.1989824142e-06
929 1.4957227379e+00 3.2407003889e-06
930 1.4945942131e+00 3.1797022899e-06
931 1.4934938245e+00 3.1962300212e-06
932 1.4923061902e+00 3.2751707039e-06
933 1.4910984735e+00 3.2650518995e-06
934 1.4900313832e+00 3.1979482040e-06
935 1.4889041143e+00 3.2782400059e-06
936 1.4877771894e+00 3.2441498533e-06
937 1.4866750302e+00 3.3574057579e-06
938 1.4854136503e+00 3.3659361664e-06
939 1.4841114310e+00 3.3693197066e-06
940 1.4828691037e+00 3.2979163208e-06
941 1.4816700763e+00 3.3189230108e-06
942 1.4804449511e+00 3.3246007995e-06
943 1.4792822054e+00 3.3030452596e-06
944 1.4781334166e+00 3.3517280613e-06
945 1.4768966728e+00 3.3967359726e-06
946 1.4756184168e+00 3.3199384706e-06
947 1.4745198337e+00 3.3093934113e-06
948 1.4732609912e+00 3.4194694759e-06
949 1.4719710482e+00 3.3182262827e-06
950 1.4708019372e+00 3.2347597715e-06
951 1.4696110825e+00 3.2971629260e-06
952 1.4683320490e+00 3.3287449142e-06
953 1.4670778322e+00 3.2997893968e-06
954 1.4658369793e+00 3.2610357650e-06
955 1.4646588726e+00 3.2641012527e-06
956 1.4635936277e+00 3.2236796775e-06
957 1.4624574018e+00 3.3038693312e-06
958 1.4612290807e+00 3.2832878259e-06
959 1.4601172451e+00 3.2304778052e-06
960 1.4589599092e+00 3.3667478127e-06
961 1.4576008430e+00 3.4149744879e-06
962 1.4562418353e+00 3.3824932960e-06
963 1.4549670154e+00 3.3018424346e-06
964 1.4537718902e+00 3.3113328561e-06
965 1.4526098833e+00 3.2399701364e-06
966 1.4514210151e+00 3.3282470092e-06
967 1.4501658085e+00 3.2739807723e-06
968 1.4489475394e+00 3.2359845511e-06
969 1.4478081290e+00 3.1600468068e-06
970 1.4467011529e+00 3.2074247516e-06
971 1.4454540138e+00 3.2683013366e-06
972 1.4441654451e+00 3.2720924158e-06
973 1.4429019366e+00 3.2114559354e-06
974 1.4417192315e+00 3.1973383376e-06
975 1.4405262850e+00 3.1939917836e-06
976 1.4393542046e+00 3.2233458977e-06
977 1.4381773292e+00 3.2076212615e-06
978 1.4369860225e+00 3.2460916755e-06
979 1.4357356054e+00 3.2508132929e-06
980 1.4344432516e+00 3.3069268024e-06
981 1.4331564901e+00 3.2334116717e-06
982 1.4320297834e+00 3.1949361188e-06
983 1.4308087776e+00 3.2141317724e-06
984 1.4295476789e+00 3.1565436931e-06
985 1.4283908575e+00 3.1212271523e-06
986 1.4272893604e+00 3.1371997314e-06
987 1.4260670981e+00 3.1985467786e-06
988 1.4248139207e+00 3.1621486404e-06
989 1.4236380188e+00 3.1093521777e-06
990 1.4225223522e+00 3.1015641040e-06
991 1.4213429116e+00 3.1220875499e-06
992 1.4202065062e+00 3.0922851450e-06
993 1.4191447725e+00 3.1035438868e-06
994 1.4180039858e+00 3.1083604004e-06
995 1.4169430600e+00 3.0064599006e-06
996 1.4158962012e+00 3.0460155312e-06
997 1.4147390015e+00 3.0539553669e-06
998 1.4136572092e+00 2.9227846547e-06
999 1.4126486386e+00 2.9602162110e-06
1000 1.4115854654e+00 2.9481393708e-06
1001 1.4105322307e+00 2.9583797212e-06
1002 1.4094602366e+00 2.9097815704e-06
1003 1.4084627469e+00 2.8636079521e-06
1004 1.4075125919e+00 2.8509397661e-06
1005 1.4064966151e+00 2.8901797878e-06
1006 1.4055444481e+00 2.8178780622e-06
1007 1.4045916451e+00 2.8873955988e-06
1008 1.4035892106e+00 2.9093539889e-06
1009 1.4027066383e+00 2.8283632842e-06
1010 1.4017964445e+00 2.9024309585e-06
1011 1.4007667205e+00 2.8258017590e-06
1012 1.3998779144e+00 2.7864896127e-06
1013 1.3989763956e+00 2.8721737196e-06
1014 1.3979365068e+00 2.9575499279e-06
1015 1.3969035453e+00 2.8586237030e-06
1016 1.3959279728e+00 2.8870890056e-06
1017 1.3948806449e+00 2.9177132826e-06
1018 1.3938848369e+00 2.8376808046e-06
1019 1.3929688859e+00 2.8716321507e-06
1020 1.3919577832e+00 2.9102195738e-06
1021 1.3909898986e+00 2.8614529602e-06
1022 1.3900791123e+00 2.8633153769e-06
1023 1.3890697836e+00 2.8829560082e-06
1024 1.3880452786e+00 2.8667425379e-06
1025 1.3870333481e+00 2.8579632908e-06
1026 1.3860180698e+00 2.8605043672e-06
1027 1.3850254380e+00 2.7678557993e-06
1028 1.3840656620e+00 2.7866565808e-06
1029 1.3831428176e+00 2.7353529949e-06
1030 1.3822150280e+00 2.7789153520e-06
1031 1.3812840403e+00 2.7403139158e-06
1032 1.3804648121e+00 2.6946903004e-06
1033 1.3795475108e+00 2.7852280456e-06
1034 1.3786234964e+00 2.7436360108e-06
1035 1.3777085836e+00 2.7319146020e-06
1036 1.3767886927e+00 2.7187071506e-06
1037 1.3758705140e+00 2.6968411218e-06
1038 1.3749488086e+00 2.7070794184e-06
1039 1.3740182995e+00 2.6856475334e-06
1040 1.3731177076e+00 2.6309987618e-06
1041 1.3722014698e+00 2.6838961569e-06
1042 1.3713050185e+00 2.5688258018e-06
1043 1.3704936303e+00 2.6177136796e-06
1044 1.3696344232e+00 2.6412574172e-06
1045 1.3687928307e+00 2.6250287096e-06
1046 1.3679803460e+00 2.6093723026e-06
1047 1.3670939285e+00 2.6443714919e-06
1048 1.3661587528e+00 2.6930527566e-06
1049 1.3652132795e+00 2.6629194906e-06
1050 1.3643301958e+00 2.6148851245e-06
1051 1.3634232142e+00 2.6250623064e-06
1052 1.3625287022e+00 2.6019605151e-06
1053 1.3616789227e+00 2.6009978833e-06
1054 1.3608235511e+00 2.5852153029e-06
1055 1.3599246456e+00 2.6003491353e-06
1056 1.3590678654e+00 2.5385548732e-06
1057 1.3583007554e+00 2.5400351098e-06
1058 1.3574647998e+00 2.5833830950e-06
1059 1.3566009577e+00 2.5729819324e-06
1060 1.3557396243e+00 2.5707843695e-06
1061 1.3548492606e+00 2.5600345390e-06
1062 1.3539509891e+00 2.5851725248e-06
1063 1.3530638229e+00 2.5377714074e-06
1064 1.3522444491e+00 2.5290903715e-06
1065 1.3514486350e+00 2.5523683161e-06
1066 1.3506014591e+00 2.5386264833e-06
1067 1.3498827611e+00 2.4607506250e-06
1068 1.3490999612e+00 2.5335911350e-06
1069 1.3482311694e+00 2.5406946656e-06
1070 1.3473850335e+00 2.4755610012e-06
1071 1.3465818691e+00 2.4724712035e-06
1072 1.3458161674e+00 2.4415860960e-06
1073 1.3450266438e+00 2.4768987601e-06
1074 1.3442370928e+00 2.4450082541e-06
1075 1.3434580311e+00 2.4509713292e-06
1076 1.3426759130e+00 2.3992711117e-06
1077 1.3419439804e+00 2.4311966852e-06
1078 1.3411564996e+00 2.4543796726e-06
1079 1.3403520691e+00 2.4163057328e-06
1080 1.3396427461e+00 2.3557799571e-06
1081 1.3389417992e+00 2.3904336267e-06
1082 1.3381435295e+00 2.4207615911e-06
1083 1.3373660624e+00 2.3368386697e-06
1084 1.3366128964e+00 2.3439649330e-06
1085 1.3358349627e+00 2.3879725745e-06
1086 1.3350345941e+00 2.3814245426e-06
1087 1.3343108052e+00 2.3510271598e-06
1088 1.3335969717e+00 2.3397977665e-06
1089 1.3328526787e+00 2.3325864936e-06
1090 1.3321061091e+00 2.3074321735e-06
1091 1.3314149028e+00 2.2846279417e-06
1092 1.3307051738e+00 2.3082129075e-06
1093 1.3299657221e+00 2.2975194638e-06
1094 1.3292358710e+00 2.2604583376e-06
1095 1.3285121419e+00 2.2656518587e-06
1096 1.3277726282e+00 2.2548562171e-06
1097 1.3270593689e+00 2.2440114879e-06
1098 1.3263981023e+00 2.2183474670e-06
1099 1.3257120984e+00 2.2492526322e-06
1100 1.3250729522e+00 2.1715667563e-06
1101 1.3244007374e+00 2.2422030261e-06
1102 1.3236669812e+00 2.1811003374e-06
1103 1.3229938158e+00 2.1547845547e-06
1104 1.3223454382e+00 2.2048092480e-06
1105 1.3216487973e+00 2.2108841687e-06
1106 1.3209794026e+00 2.1674374227e-06
1107 1.3202840002e+00 2.2550724793e-06
1108 1.3195282278e+00 2.2452607879e-06
1109 1.3188328571e+00 2.2130384242e-06
1110 1.3181715960e+00 2.2135214586e-06
1111 1.3174268371e+00 2.2569431800e-06
1112 1.3166886081e+00 2.2110006871e-06
1113 1.3160638315e+00 2.1329962572e-06
1114 1.3154203646e+00 2.2354586247e-06
1115 1.3146725575e+00 2.2125189513e-06
1116 1.3139581298e+00 2.1708247999e-06
1117 1.3132432754e+00 2.1979203201e-06
1118 1.3125303048e+00 2.1730957087e-06
1119 1.3118688349e+00 2.1672547126e-06
1120 1.3111822257e+00 2.1699668873e-06
1121 1.3104632207e+00 2.1801151822e-06
1122 1.3097402607e+00 2.1581733660e-06
1123 1.3090890049e+00 2.1500267774e-06
1124 1.3083944965e+00 2.1764990139e-06
1125 1.3076680844e+00 2.2009073991e-06
1126 1.3070128367e+00 2.1120563515e-06
1127 1.3063739653e+00 2.1843858768e-06
1128 1.3056377068e+00 2.1719561376e-06
1129 1.3049727738e+00 2.1381691578e-06
1130 1.3042629223e+00 2.1858696166e-06
1131 1.3035828985e+00 2.1243207125e-06
1132 1.3029504766e+00 2.1166243150e-06
1133 1.3022987939e+00 2.0917524218e-06
1134 1.3016451554e+00 2.0898339930e-06
1135 1.3009796107e+00 2.0949063615e-06
1136 1.3002839728e+00 2.1128256271e-06
1137 1.2996185886e+00 2.0505088804e-06
1138 1.2989789636e+00 2.0644474436e-06
1139 1.2983014041e+00 2.0426520896e-06
1140 1.2976409701e+00 2.0284023509e-06
1141 1.2969904355e+00 2.0325394420e-06
1142 1.2963576410e+00 2.0310073809e-06
1143 1.2957467753e+00 2.0459664497e-06
1144 1.2951000121e+00 2.0329699655e-06
1145 1.2944067997e+00 2.0388230422e-06
1146 1.2937171645e+00 2.0139732780e-06
1147 1.2930313350e+00 2.0278011071e-06
1148 1.2923737832e+00 1.9846553523e-06
1149 1.2917391307e+00 1.9489046752e-06
1150 1.2911031413e+00 1.9718385313e-06
1151 1.2904799396e+00 1.9611995944e-06
1152 1.2898749733e+00 1.9281152902e-06
1153 1.2892674637e+00 1.9142078680e-06
1154 1.2886645569e+00 1.9188557825e-06
1155 1.2880664175e+00 1.8992340187e-06
1156 1.2874490333e+00 1.9367142103e-06
1157 1.2867996063e+00 1.9167410170e-06
1158 1.2861772023e+00 1.8978141473e-06
1159 1.2856119655e+00 1.8774612741e-06
1160 1.2850453880e+00 1.8702417560e-06
1161 1.2844735804e+00 1.8587271964e-06
1162 1.2839115176e+00 1.8473061913e-06
1163 1.2833219867e+00 1.8759512917e-06
1164 1.2827792267e+00 1.8081349176e-06
1165 1.2822734439e+00 1.8470418260e-06
1166 1.2816639394e+00 1.8983080974e-06
1167 1.2810321865e+00 1.8808374215e-06
1168 1.2804208881e+00 1.8892424362e-06
1169 1.2797791837e+00 1.9245900896e-06
1170 1.2791014683e+00 1.9486342283e-06
1171 1.2784353240e+00 1.9110460445e-06
1172 1.2778240950e+00 1.8676249112e-06
1173 1.2772122559e+00 1.9367674528e-06
1174 1.2765311237e+00 1.9467355800e-06
1175 1.2758636783e+00 1.9263060998e-06
1176 1.2752280340e+00 1.9238819773e-06
1177 1.2746184472e+00 1.9308415531e-06
1178 1.2740329199e+00 1.9196168510e-06
1179 1.2734078565e+00 1.9589230887e-06
1180 1.2726989400e+00 1.9632667672e-06
1181 1.2720594697e+00 1.9168965072e-06
1182 1.2714678155e+00 1.9038557232e-06
1183 1.2708626530e+00 1.9230388783e-06
1184 1.2702405121e+00 1.9179551414e-06
1185 1.2695624067e+00 1.9479720290e-06
1186 1.2688563880e+00 1.9277106347e-06
1187 1.2682087262e+00 1.8990831698e-06
1188 1.2675516331e+00 1.9436071389e-06
1189 1.2668470224e+00 1.9263378780e-06
1190 1.2661745432e+00 1.8778345841e-06
1191 1.2655746081e+00 1.8541740154e-06
1192 1.2649527363e+00 1.8687724840e-06
1193 1.2643404191e+00 1.8450007533e-06
1194 1.2637256513e+00 1.8556595928e-06
1195 1.2630999097e+00 1.8443049914e-06
1196 1.2625436978e+00 1.8010329471e-06
1197 1.2619609018e+00 1.8387413901e-06
1198 1.2613433035e+00 1.8096157949e-06
1199 1.2607756311e+00 1.8003263207e-06
1200 1.2601653288e+00 1.8400165993e-06
1201 1.2595239444e+00 1.8116700611e-06
1202 1.2589456641e+00 1.8037505744e-06
1203 1.2582946176e+00 1.8464455746e-06
1204 1.2576201955e+00 1.8331607222e-06
1205 1.2569951552e+00 1.7970621235e-06
1206 1.2564466267e+00 1.8167912367e-06
1207 1.2558103431e+00 1.8593741300e-06
1208 1.2551873921e+00 1.8299452258e-06
1209 1.2545130698e+00 1.9041673870e-06
1210 1.2537784649e+00 1.9153092801e-06
1211 1.2531073507e+00 1.8562597125e-06
1212 1.2524709071e+00 1.9134799728e-06
1213 1.2517715842e+00 1.8934380697e-06
1214 1.2510812819e+00 1.8967517673e-06
1215 1.2504091791e+00 1.8847822167e-06
1216 1.2497113266e+00 1.8870758958e-06
1217 1.2490567890e+00 1.8249351007e-06
1218 1.2484398454e+00 1.8340674795e-06
1219 1.2477639231e+00 1.8578586488e-06
1220 1.2471010236e+00 1.8217337905e-06
1221 1.2464624495e+00 1.8039897673e-06
1222 1.2458099479e+00 1.8124614830e-06
1223 1.2451160081e+00 1.8244896513e-06
1224 1.2444518070e+00 1.7969484482e-06
1225 1.2438072010e+00 1.8061532789e-06
1226 1.2431323207e+00 1.7967296289e-06
1227 1.2424783718e+00 1.7647799425e-06
1228 1.2418765376e+00 1.7557956016e-06
1229 1.2412645286e+00 1.7606091698e-06
1230 1.2406427639e+00 1.7658610193e-06
1231 1.2400271847e+00 1.7569005673e-06
1232 1.2393726915e+00 1.7936794058e-06
1233 1.2387151460e+00 1.7584564551e-06
1234 1.2381224688e+00 1.7419494614e-06
1235 1.2374811304e+00 1.7849032731e-06
1236 1.2368708721e+00 1.7225088277e-06
1237 1.2363146426e+00 1.7626319029e-06
1238 1.2357017703e+00 1.7561777729e-06
1239 1.2351179184e+00 1.7691786420e-06
1240 1.2344685392e+00 1.7865072129e-06
1241 1.2338082793e+00 1.7517622848e-06
1242 1.2331889343e+00 1.7397148227e-06
1243 1.2325578101e+00 1.7532023334e-06
1244 1.2319333611e+00 1.7348082255e-06
1245 1.2313613885e+00 1.7298732250e-06
1246 1.2307091362e+00 1.7573011230e-06
1247 1.2300405138e+00 1.7718385401e-06
1248 1.2294240407e+00 1.7207319396e-06
1249 1.2288038301e+00 1.7150179429e-06
1250 1.2282157532e+00 1.7072735729e-06
1251 1.2275899027e+00 1.7662868063e-06
1252 1.2268930842e+00 1.7599616362e-06
1253 1.2262065667e+00 1.7388687781e-06
1254 1.2256368505e+00 1.6855889733e-06
1255 1.2250104623e+00 1.7614101311e-06
1256 1.2243401652e+00 1.7321897885e-06
1257 1.2237166343e+00 1.7018871379e-06
1258 1.2230626047e+00 1.7470645341e-06
1259 1.2223934812e+00 1.7282039049e-06
1260 1.2217616678e+00 1.7006591051e-06
1261 1.2211149770e+00 1.7455374109e-06
1262 1.2204216019e+00 1.7511141014e-06
1263 1.2197803113e+00 1.6717400919e-06
1264 1.2192415115e+00 1.6937075955e-06
1265 1.2186060067e+00 1.7131422994e-06
1266 1.2179842595e+00 1.6793444294e-06
1267 1.2173912592e+00 1.6945629389e-06
1268 1.2167230912e+00 1.7187042214e-06
1269 1.2161202475e+00 1.6683471618e-06
1270 1.2155156938e+00 1.7227638825e-06
1271 1.2148251610e+00 1.7497112110e-06
1272 1.2141512888e+00 1.6787991656e-06
1273 1.2135310592e+00 1.6844045880e-06
1274 1.2128510629e+00 1.7420236701e-06
1275 1.2121719087e+00 1.7030160116e-06
1276 1.2115547609e+00 1.6952171895e-06
1277 1.2109106586e+00 1.7283567209e-06
1278 1.2102905292e+00 1.7293679772e-06
1279 1.2096607908e+00 1.7847332892e-06
1280 1.2089272929e+00 1.7838011399e-06
1281 1.2082076094e+00 1.7589294483e-06
1282 1.2075129599e+00 1.7735449424e-06
1283 1.2067709323e+00 1.7631221854e-06
1284 1.2060289513e+00 1.8075365830e-06
1285 1.2053431023e+00 1.7115418315e-06
1286 1.2046641657e+00 1.7657713164e-06
1287 1.2039602574e+00 1.7486071973e-06
1288 1.2033227977e+00 1.7572693440e-06
1289 1.2026286454e+00 1.8003391363e-06
1290 1.2018740067e+00 1.7614193254e-06
1291 1.2011808902e+00 1.7552957381e-06
1292 1.2004532263e+00 1.7591217169e-06
1293 1.1997263901e+00 1.7653282322e-06
1294 1.1989843923e+00 1.7860712941e-06
1295 1.1982048097e+00 1.8232295838e-06
1296 1.1974039943e+00 1.8165832424e-06
1297 1.1967687039e+00 1.7499600431e-06
1298 1.1960587839e+00 1.8362820764e-06
1299 1.1952500785e+00 1.7896914056e-06
1300 1.1945051589e+00 1.7742482506e-06
1301 1.1937543092e+00 1.7855689514e-06
1302 1.1929976379e+00 1.7379524610e-06
1303 1.1922764195e+00 1.7802961827e-06
1304 1.1915198826e+00 1.8000971810e-06
1305 1.1907720147e+00 1.7666635950e-06
1306 1.1900792159e+00 1.7176992379e-06
1307 1.1893654395e+00 1.7504963182e-06
1308 1.1886149876e+00 1.7226770531e-06
1309 1.1879013163e+00 1.7233718160e-06
1310 1.1872187591e+00 1.6923113280e-06
1311 1.1865070054e+00 1.7156587198e-06
1312 1.1857874104e+00 1.6672581487e-06
1313 1.1851576950e+00 1.6415304642e-06
1314 1.1845071518e+00 1.6541502438e-06
1315 1.1838124483e+00 1.6730360073e-06
1316 1.1831841044e+00 1.5832997690e-06
1317 1.1825357294e+00 1.6739708967e-06
1318 1.1818683370e+00 1.6201565847e-06
1319 1.1812432360e+00 1.6182688860e-06
1320 1.1805881969e+00 1.6277821512e-06
1321 1.1799524310e+00 1.6123303915e-06
1322 1.1793649827e+00 1.5937841548e-06
1323 1.1787110417e+00 1.6530904815e-06
1324 1.1780455396e+00 1.5765626845e-06
1325 1.1774726342e+00 1.5770517953e-06
1326 1.1768841066e+00 1.5897930920e-06
1327 1.1762790245e+00 1.5872216595e-06
1328 1.1756795787e+00 1.6131931399e-06
1329 1.1750078550e+00 1.6590064954e-06
1330 1.1742611801e+00 1.7058269942e-06
1331 1.1735430458e+00 1.6410784825e-06
1332 1.1728751370e+00 1.6769965274e-06
1333 1.1721731018e+00 1.6592820703e-06
1334 1.1715160990e+00 1.6377735666e-06
1335 1.1708691868e+00 1.6603322072e-06
1336 1.1701555691e+00 1.6632258182e-06
1337 1.1694951334e+00 1.6476414788e-06
1338 1.1688410797e+00 1.6842646637e-06
1339 1.1680723973e+00 1.7044136228e-06
1340 1.1673498241e+00 1.6457672073e-06
1341 1.1666956590e+00 1.6470157482e-06
1342 1.1660295653e+00 1.6040417044e-06
1343 1.1654412538e+00 1.5935011370e-06
1344 1.1647932374e+00 1.6365380194e-06
1345 1.1640869956e+00 1.6180920454e-06
1346 1.1634596029e+00 1.6131240351e-06
1347 1.1627842780e+00 1.6257204475e-06
1348 1.1620981088e+00 1.5939972574e-06
1349 1.1615207033e+00 1.5692143788e-06
1350 1.1609100567e+00 1.6043325838e-06
1351 1.1602929826e+00 1.5726174650e-06
1352 1.1596571175e+00 1.6132111620e-06
1353 1.1589377186e+00 1.6204193920e-06
1354 1.1582782419e+00 1.5651146724e-06
1355 1.1576592561e+00 1.6073718600e-06
1356 1.1570039395e+00 1.5861383756e-06
1357 1.1564293654e+00 1.5779552750e-06
1358 1.1557791377e+00 1.5915775215e-06
1359 1.1551281944e+00 1.5713080809e-06
1360 1.1545344047e+00 1.5485684063e-06
1361 1.1539128467e+00 1.5597677946e-06
1362 1.1533050931e+00 1.5520283073e-06
1363 1.1526655178e+00 1.5886543106e-06
1364 1.1519833021e+00 1.5739942981e-06
1365 1.1513331876e+00 1.5633943512e-06
1366 1.1506692950e+00 1.5891968420e-06
1367 1.1499722666e+00 1.5768162816e-06
1368 1.1493267513e+00 1.5473957736e-06
1369 1.1486564072e+00 1.5957212021e-06
1370 1.1479668516e+00 1.5514410725e-06
1371 1.1473271031e+00 1.5495461426e-06
1372 1.1467181895e+00 1.5486351311e-06
1373 1.1460945338e+00 1.5654659875e-06
1374 1.1454617726e+00 1.5370544123e-06
1375 1.1448560400e+00 1.5573568838e-06
1376 1.1442371249e+00 1.5430894764e-06
1377 1.1436033142e+00 1.5488233259e-06
1378 1.1429704862e+00 1.5321003409e-06
1379 1.1423615597e+00 1.5446151528e-06
1380 1.1417368156e+00 1.5571512559e-06
1381 1.1410505209e+00 1.5830146037e-06
1382 1.1403811491e+00 1.5582021301e-06
1383 1.1397614606e+00 1.5810166081e-06
1384 1.1390727910e+00 1.5868896905e-06
1385 1.1383997578e+00 1.5464354339e-06
1386 1.1377695819e+00 1.5520246976e-06
1387 1.1371333278e+00 1.5310147240e-06
1388 1.1365276080e+00 1.5250463699e-06
1389 1.1358506307e+00 1.5764550974e-06
1390 1.1351646495e+00 1.5382062400e-06
1391 1.1345762649e+00 1.5108327717e-06
1392 1.1339265336e+00 1.5798681372e-06
1393 1.1332010453e+00 1.5680487851e-06
1394 1.1325322258e+00 1.5265877135e-06
1395 1.1318927789e+00 1.5372006126e-06
1396 1.1312003444e+00 1.5590850907e-06
1397 1.1305398210e+00 1.5010235419e-06
1398 1.1299535868e+00 1.5087972384e-06
1399 1.1292926438e+00 1.5684078542e-06
1400 1.1286432378e+00 1.5214004174e-06
1401 1.1279968122e+00 1.5608567504e-06
1402 1.1272954179e+00 1.5624312229e-06
1403 1.1266315172e+00 1.5508297563e-06
1404 1.1259521028e+00 1.5750788910e-06
1405 1.1252715130e+00 1.5740075289e-06
1406 1.1246503931e+00 1.5562193430e-06
1407 1.1240272154e+00 1.5725231099e-06
1408 1.1233840005e+00 1.5750402250e-06
1409 1.1227246643e+00 1.5906232976e-06
1410 1.1220544907e+00 1.5928266941e-06
1411 1.1213443298e+00 1.5932567001e-06
1412 1.1206580556e+00 1.5640606806e-06
1413 1.1199827307e+00 1.5928388113e-06
1414 1.1192926858e+00 1.5727404446e-06
1415 1.1186486209e+00 1.5564003572e-06
1416 1.1179584589e+00 1.5686674545e-06
1417 1.1172983003e+00 1.5499667464e-06
1418 1.1166287259e+00 1.5843108937e-06
1419 1.1159063396e+00 1.6007419987e-06
1420 1.1152337427e+00 1.5907117342e-06
1421 1.1145627661e+00 1.6008373993e-06
1422 1.1138788253e+00 1.5972741741e-06
1423 1.1132137439e+00 1.6213939788e-06
1424 1.1124696117e+00 1.6602589168e-06
1425 1.1117169418e+00 1.6325572200e-06
1426 1.1109844615e+00 1.6599739816e-06
1427 1.1101819644e+00 1.6769283592e-06
1428 1.1094022924e+00 1.6411246020e-06
1429 1.1086973826e+00 1.6082718805e-06
1430 1.1079600773e+00 1.6279106345e-06
1431 1.1072608108e+00 1.5702856246e-06
1432 1.1066696208e+00 1.5499614141e-06
1433 1.1060016277e+00 1.6052019802e-06
1434 1.1053006435e+00 1.5725481557e-06
1435 1.1045795335e+00 1.6096757190e-06
1436 1.1038613082e+00 1.5735983575e-06
1437 1.1032107319e+00 1.5548566120e-06
1438 1.1025011929e+00 1.6100993751e-06
1439 1.1017758335e+00 1.5760913723e-06
1440 1.1011636811e+00 1.5330168962e-06
1441 1.1005236072e+00 1.5882016203e-06
1442 1.0998305062e+00 1.5646672288e-06
1443 1.0992067421e+00 1.5625009504e-06
1444 1.0984855634e+00 1.6051706231e-06
1445 1.0977338974e+00 1.5777117596e-06
1446 1.0970109437e+00 1.6007823970e-06
1447 1.0962795348e+00 1.6028649318e-06
1448 1.0955252877e+00 1.6274198573e-06
1449 1.0947747582e+00 1.5890817078e-06
1450 1.0940886937e+00 1.5744879123e-06
1451 1.0934093236e+00 1.5814664288e-06
1452 1.0926896369e+00 1.5806625315e-06
1453 1.0920054095e+00 1.5452491565e-06
1454 1.0912693015e+00 1.6020148015e-06
1455 1.0904991257e+00 1.5717212833e-06
1456 1.0898657462e+00 1.5051887284e-06
1457 1.0892440037e+00 1.5664522871e-06
1458 1.0885417291e+00 1.5677247091e-06
1459 1.0879088100e+00 1.5352335672e-06
1460 1.0872077420e+00 1.5778595285e-06
1461 1.0864860637e+00 1.5693270555e-06
1462 1.0857983466e+00 1.5444036659e-06
1463 1.0850982854e+00 1.5556895439e-06
1464 1.0844163854e+00 1.5250882903e-06
1465 1.0837830829e+00 1.5460010729e-06
1466 1.0831638699e+00 1.4909781570e-06
1467 1.0825731911e+00 1.5071882576e-06
1468 1.0818756986e+00 1.5594723067e-06
1469 1.0811733585e+00 1.4992153997e-06
1470 1.0805459358e+00 1.5196938577e-06
1471 1.0798682337e+00 1.5377905986e-06
1472 1.0791858996e+00 1.5368712745e-06
1473 1.0785768009e+00 1.4968677547e-06
1474 1.0779017640e+00 1.5619507775e-06
1475 1.0772174224e+00 1.5216015400e-06
1476 1.0765774953e+00 1.5075326523e-06
1477 1.0759179951e+00 1.5291456096e-06
1478 1.0753034853e+00 1.4833023638e-06
1479 1.0746900430e+00 1.5309698529e-06
1480 1.0739853111e+00 1.5228812924e-06
1481 1.0733483391e+00 1.4582586285e-06
1482 1.0727428342e+00 1.4843297842e-06
1483 1.0720738385e+00 1.5021760732e-06
1484 1.0714218359e+00 1.4665933767e-06
1485 1.0708061137e+00 1.4641235314e-06
1486 1.0701602296e+00 1.4854273466e-06
1487 1.0695169236e+00 1.4582066009e-06
1488 1.0688896732e+00 1.4847829543e-06
1489 1.0682317927e+00 1.4889071669e-06
1490 1.0676272854e+00 1.4577865532e-06
1491 1.0670614759e+00 1.4807661359e-06
1492 1.0664221206e+00 1.4736643826e-06
1493 1.0657367001e+00 1.4948915531e-06
1494 1.0651098076e+00 1.4797663388e-06
1495 1.0645047348e+00 1.4736771569e-06
1496 1.0638801334e+00 1.4818327442e-06
1497 1.0632684205e+00 1.4572446615e-06
1498 1.0626903267e+00 1.4466956074e-06
1499 1.0621043716e+00 1.4314631761e-06
1500 1.0615513390e+00 1.4359378434e-06
1501 1.0609638430e+00 1.4357910258e-06
1502 1.0603706587e+00 1.4316458003e-06
1503 1.0597969408e+00 1.4013228332e-06
1504 1.0592057950e+00 1.4312630449e-06
1505 1.0585978159e+00 1.4070864466e-06
1506 1.0580415431e+00 1.4104838134e-06
1507 1.0574829119e+00 1.4049360259e-06
1508 1.0569507608e+00 1.3932739571e-06
1509 1.0563991048e+00 1.4337986270e-06
1510 1.0557952470e+00 1.4202838623e-06
1511 1.0552562891e+00 1.4134539467e-06
1512 1.0546728121e+00 1.4531422679e-06
1513 1.0540508554e+00 1.4610294816e-06
1514 1.0534264609e+00 1.4648912950e-06
1515 1.0527569590e+00 1.4838588432e-06
1516 1.0520944019e+00 1.4751837762e-06
1517 1.0515885744e+00 1.4115109190e-06
1518 1.0509746558e+00 1.5111441890e-06
1519 1.0503028403e+00 1.4656169008e-06
1520 1.0497160209e+00 1.4722651263e-06
1521 1.0491500507e+00 1.4565172433e-06
1522 1.0485505135e+00 1.4832723002e-06
1523 1.0479244684e+00 1.4474501978e-06
1524 1.0473955058e+00 1.3922423890e-06
1525 1.0468352785e+00 1.4343331571e-06
1526 1.0461779232e+00 1.4631028634e-06
1527 1.0455252619e+00 1.4321024696e-06
1528 1.0449536193e+00 1.4057545406e-06
1529 1.0443789657e+00 1.4287107406e-06
1530 1.0437791875e+00 1.4285393005e-06
1531 1.0431694822e+00 1.4434614564e-06
1532 1.0425687663e+00 1.4320774279e-06
1533 1.0419988587e+00 1.4142461569e-06
1534 1.0414177313e+00 1.4250119174e-06
1535 1.0408063222e+00 1.4332486054e-06
1536 1.0402014135e+00 1.4006844287e-06
1537 1.0396754900e+00 1.3674898064e-06
1538 1.0391078786e+00 1.4229809491e-06
1539 1.0384833259e+00 1.4255159236e-06
1540 1.0378380977e+00 1.4418364062e-06
1541 1.0372139034e+00 1.4016854146e-06
1542 1.0366663612e+00 1.3884695950e-06
1543 1.0361483913e+00 1.4026818586e-06
1544 1.0355665560e+00 1.4189396106e-06
1545 1.0349692508e+00 1.4295146369e-06
1546 1.0344054092e+00 1.3985744308e-06
1547 1.0338391675e+00 1.4150047625e-06
1548 1.0332593306e+00 1.3919446536e-06
1549 1.0327049031e+00 1.3767910954e-06
1550 1.0321405538e+00 1.4259202123e-06
1551 1.0315468433e+00 1.4210507989e-06
1552 1.0309478841e+00 1.4242396005e-06
1553 1.0303237092e+00 1.4326592461e-06
1554 1.0297325842e+00 1.4037617288e-06
1555 1.0291613492e+00 1.4257875975e-06
1556 1.0285768287e+00 1.4245642929e-06
1557 1.0280239857e+00 1.4329110522e-06
1558 1.0274031721e+00 1.4743219071e-06
1559 1.0267501478e+00 1.4423780360e-06
1560 1.0261291419e+00 1.4313569546e-06
1561 1.0254779535e+00 1.4818737433e-06
1562 1.0247962793e+00 1.4635517541e-06
1563 1.0241793741e+00 1.4160091408e-06
1564 1.0235836511e+00 1.4437212709e-06
1565 1.0229389078e+00 1.4526213678e-06
1566 1.0223110489e+00 1.4352103669e-06
1567 1.0216593756e+00 1.4702296425e-06
1568 1.0209895487e+00 1.4505048252e-06
1569 1.0203521189e+00 1.4174601410e-06
1570 1.0198479736e+00 1.3572287744e-06
1571 1.0193333786e+00 1.4066169859e-06
1572 1.0187584016e+00 1.3758043287e-06
1573 1.0181908115e+00 1.4056732586e-06
1574 1.0175928429e+00 1.4207262172e-06
1575 1.0170367090e+00 1.3962878552e-06
1576 1.0164186213e+00 1.4357265957e-06
1577 1.0157718597e+00 1.4355346766e-06
1578 1.0152286306e+00 1.3961478169e-06
1579 1.0146996606e+00 1.4258272806e-06
1580 1.0140881449e+00 1.4491188108e-06
1581 1.0134709416e+00 1.4283538481e-06
1582 1.0128481146e+00 1.4386766554e-06
1583 1.0122547472e+00 1.3772432077e-06
1584 1.0117342210e+00 1.3798311213e-06
1585 1.0111679786e+00 1.3800578514e-06
1586 1.0106618037e+00 1.3540885796e-06
1587 1.0101323860e+00 1.3701369288e-06
1588 1.0095714536e+00 1.3601295907e-06
1589 1.0090413182e+00 1.3277633510e-06
1590 1.0085275408e+00 1.3100711602e-06
1591 1.0080072851e+00 1.3236968130e-06
1592 1.0074822537e+00 1.3055933435e-06
1593 1.0069886966e+00 1.2935731594e-06
1594 1.0064921559e+00 1.3093300918e-06
1595 1.0059768570e+00 1.3160441148e-06
1596 1.0054903159e+00 1.2956566269e-06
1597 1.0050283175e+00 1.2941023405e-06
1598 1.0045180229e+00 1.3071986287e-06
1599 1.0040156859e+00 1.2956110122e-06
1600 1.0035710055e+00 1.2785907808e-06
1601 1.0031158194e+00 1.3284203898e-06
1602 1.0025705958e+00 1.3410702451e-06
1603 1.0020201952e+00 1.3270458940e-06
1604 1.0014809210e+00 1.3067506418e-06
1605 1.0009642665e+00 1.3199574288e-06
1606 1.0004708021e+00 1.2776069039e-06
1607 9.9998901690e-01 1.2933066440e-06
1608 9.9948931012e-01 1.2765742825e-06
1609 9.9900682181e-01 1.2861142236e-06
1610 9.9852201521e-01 1.2839814683e-06
1611 9.9800156466e-01 1.3135487470e-06
1612 9.9745997409e-01 1.3112034562e-06
1613 9.9693032418e-01 1.2958344888e-06
1614 9.9645297696e-01 1.2680662602e-06
1615 9.9597918159e-01 1.2940992071e-06
1616 9.9548297313e-01 1.2691735677e-06
1617 9.9499590228e-01 1.2631316966e-06
1618 9.9455089186e-01 1.2273696543e-06
1619 9.9415162908e-01 1.2509094897e-06
1620 9.9369322839e-01 1.2404705324e-06
1621 9.9324045181e-01 1.2222091990e-06
1622 9.9282229931e-01 1.2079900930e-06
1623 9.9240734864e-01 1.2042146415e-06
1624 9.9199534531e-01 1.1882593918e-06
1625 9.9157095312e-01 1.1925895218e-06
1626 9.9117840075e-01 1.1472311561e-06
1627 9.9079509198e-01 1.1937583353e-06
1628 9.9036664896e-01 1.1983842663e-06
1629 9.9000197039e-01 1.1422216049e-06
1630 9.8962058675e-01 1.1939235093e-06
1631 9.8918738717e-01 1.1567456798e-06
1632 9.8879458217e-01 1.1620682988e-06
1633 9.8837419080e-01 1.1761790046e-06
1634 9.8796052732e-01 1.1518924359e-06
1635 9.8754063957e-01 1.1723564362e-06
1636 9.8710447768e-01 1.1645113033e-06
1637 9.8671170263e-01 1.1383958299e-06
1638 9.8631760845e-01 1.1728089947e-06
1639 9.8588197411e-01 1.1829835778e-06
1640 9.8546574595e-01 1.1443986078e-06
1641 9.8505728162e-01 1.1824069666e-06
1642 9.8463257463e-01 1.1576083672e-06
1643 9.8425033018e-01 1.1473187035e-06
1644 9.8383074787e-01 1.1669706174e-06
1645 9.8339952073e-01 1.1535186968e-06
1646 9.8300590559e-01 1.1427114516e-06
1647 9.8260606727e-01 1.1592310529e-06
1648 9.8219272965e-01 1.1440298100e-06
1649 9.8182082421e-01 1.1309928873e-06
1650 9.8142688731e-01 1.1552829315e-06
1651 9.8104950923e-01 1.1180080362e-06
1652 9.8065653195e-01 1.1389997604e-06
1653 9.8025442835e-01 1.1276775483e-06
1654 9.7988545678e-01 1.1450667319e-06
1655 9.7946961732e-01 1.1596059238e-06
1656 9.7903532466e-01 1.1499217232e-06
1657 9.7866062467e-01 1.1118473871e-06
1658 9.7827912431e-01 1.1494760920e-06
1659 9.7789707407e-01 1.1153235634e-06
1660 9.7754292851e-01 1.1402279236e-06
1661 9.7715590212e-01 1.1200719426e-06
1662 9.7679495578e-01 1.1197283495e-06
1663 9.7641340685e-01 1.1291688773e-06
1664 9.7601256679e-01 1.1345145838e-06
1665 9.7564260384e-01 1.1039866992e-06
1666 9.7529150530e-01 1.1074993126e-06
1667 9.7490731045e-01 1.1357508887e-06
1668 9.7452259063e-01 1.1092553891e-06
1669 9.7417709081e-01 1.0938208211e-06
1670 9.7380068779e-01 1.1225117181e-06
1671 9.7338139072e-01 1.1308314930e-06
1672 9.7300827319e-01 1.0946483320e-06
1673 9.7265218927e-01 1.0992170416e-06
1674 9.7227837668e-01 1.0850881726e-06
1675 9.7190119150e-01 1.1024593534e-06
1676 9.7151951001e-01 1.0964706686e-06
1677 9.7114684379e-01 1.0883044922e-06
1678 9.7075789788e-01 1.0941722529e-06
1679 9.7039324858e-01 1.0679395497e-06
1680 9.7005462759e-01 1.0894379509e-06
1681 9.6968614259e-01 1.0915693402e-06
1682 9.6933023433e-01 1.0874904176e-06
1683 9.6898853939e-01 1.0777806708e-06
1684 9.6862139278e-01 1.1004307851e-06
1685 9.6824733598e-01 1.0750994494e-06
1686 9.6789782524e-01 1.0815276569e-06
1687 9.6755720777e-01 1.0734989720e-06
1688 9.6719842372e-01 1.0875362999e-06
1689 9.6684142108e-01 1.0808402905e-06
1690 9.6647651230e-01 1.1079288689e-06
1691 9.6609653442e-01 1.1055184560e-06
1692 9.6571851791e-01 1.1198724981e-06
1693 9.6529175626e-01 1.1444710460e-06
1694 9.6489095106e-01 1.1018598225e-06
1695 9.6452945737e-01 1.1144200563e-06
1696 9.6411763585e-01 1.1136881389e-06
1697 9.6375504080e-01 1.0657233544e-06
1698 9.6338313259e-01 1.1159029979e-06
1699 9.6297918643e-01 1.1010846491e-06
1700 9.6260348997e-01 1.0769939222e-06
1701 9.6222281835e-01 1.1002400523e-06
1702 9.6185199950e-01 1.0921293130e-06
1703 9.6146817081e-01 1.1105535048e-06
1704 9.6104106591e-01 1.1203311511e-06
1705 9.6064330156e-01 1.0772386251e-06
1706 9.6027540975e-01 1.0967782530e-06
1707 9.5988748760e-01 1.0856884903e-06
1708 9.5951707047e-01 1.0887992101e-06
1709 9.5913996450e-01 1.0672052824e-06
1710 9.5876390253e-01 1.0865227717e-06
1711 9.5842384120e-01 1.0576197520e-06
1712 9.5806065749e-01 1.0949172385e-06
1713 9.5767353635e-01 1.0728682690e-06
1714 9.5730897500e-01 1.0742917769e-06
1715 9.5692674564e-01 1.0659951478e-06
1716 9.5656320303e-01 1.0610447567e-06
1717 9.5617672229e-01 1.0842161290e-06
1718 9.5575816705e-01 1.0941307754e-06
1719 9.5537894738e-01 1.0503159602e-06
1720 9.5503226496e-01 1.0664886985e-06
1721 9.5464629530e-01 1.0612901335e-06
1722 9.5427244362e-01 1.0479578803e-06
1723 9.5390267308e-01 1.0801932679e-06
1724 9.5350552523e-01 1.0872232297e-06
1725 9.5316122364e-01 1.0290000544e-06
1726 9.5280617248e-01 1.0822648816e-06
1727 9.5240850621e-01 1.0642826714e-06
1728 9.5204412933e-01 1.0550075588e-06
1729 9.5169669017e-01 1.0622890571e-06
1730 9.5134362517e-01 1.0568037857e-06
1731 9.5099386491e-01 1.0647209794e-06
1732 9.5060254046e-01 1.0867608385e-06
1733 9.5026178656e-01 1.0335620917e-06
1734 9.4990805659e-01 1.0752241363e-06
1735 9.4952557323e-01 1.0603444847e-06
1736 9.4918845735e-01 1.0343014179e-06
1737 9.4881458272e-01 1.0804083673e-06
1738 9.4845047675e-01 1.0579733308e-06
1739 9.4814469749e-01 1.0782967507e-06
1740 9.4774908705e-01 1.1044247575e-06
1741 9.4734613784e-01 1.0874264744e-06
1742 9.4696552579e-01 1.0805156489e-06
1743 9.4658372171e-01 1.0667935785e-06
1744 9.4622181667e-01 1.0837298474e-06
1745 9.4582985929e-01 1.1090972480e-06
1746 9.4547899663e-01 1.0541690419e-06
1747 9.4512874902e-01 1.0739191021e-06
1748 9.4476430534e-01 1.0564783718e-06
1749 9.4440431507e-01 1.0645757340e-06
1750 9.4401673502e-01 1.0609607507e-06
1751 9.4363271513e-01 1.0554631453e-06
1752 9.4325941612e-01 1.0455068970e-06
1753 9.4289063089e-01 1.0589023425e-06
1754 9.4251594188e-01 1.0519615519e-06
1755 9.4218935843e-01 1.0223488293e-06
1756 9.4185226856e-01 1.0554946360e-06
1757 9.4150681563e-01 1.0437833960e-06
1758 9.4112563709e-01 1.0850009482e-06
1759 9.4072193434e-01 1.0847215748e-06
1760 9.4035307569e-01 1.0479446317e-06
1761 9.4002022784e-01 1.0738209542e-06
1762 9.3961713897e-01 1.0773814393e-06
1763 9.3922290739e-01 1.0685294736e-06
1764 9.3887662497e-01 1.0497045587e-06
1765 9.3852453829e-01 1.0551566970e-06
1766 9.3818498765e-01 1.0278652862e-06
1767 9.3785449874e-01 1.0449118873e-06
1768 9.3750600707e-01 1.0386976453e-06
1769 9.3713330935e-01 1.0792311622e-06
1770 9.3673865690e-01 1.0581586510e-06
1771 9.3639456212e-01 1.0170419687e-06
1772 9.3605391169e-01 1.0367092568e-06
1773 9.3567471753e-01 1.0669619539e-06
1774 9.3534102142e-01 1.0131653194e-06
1775 9.3500348826e-01 1.0451771928e-06
1776 9.3464019086e-01 1.0188944733e-06
1777 9.3430809243e-01 1.0179052147e-06
1778 9.3395667260e-01 1.0447544566e-06
1779 9.3360442966e-01 1.0186268066e-06
1780 9.3324636460e-01 1.0540565925e-06
1781 9.3284578159e-01 1.0691192957e-06
1782 9.3247550697e-01 1.0408527906e-06
1783 9.3211069617e-01 1.0701683582e-06
1784 9.3171131638e-01 1.0613021478e-06
1785 9.3134450334e-01 1.0504832433e-06
1786 9.3097590115e-01 1.0673422702e-06
1787 9.3059560537e-01 1.0648046462e-06
1788 9.3024978284e-01 1.0463349471e-06
1789 9.2990997385e-01 1.0788871941e-06
1790 9.2953080888e-01 1.0800414330e-06
1791 9.2912343773e-01 1.0993569261e-06
1792 9.2870016030e-01 1.0912352748e-06
1793 9.2832072841e-01 1.0484886671e-06
1794 9.2801135908e-01 1.0554128035e-06
1795 9.2766058161e-01 1.0486756906e-06
1796 9.2730246399e-01 1.0622465506e-06
1797 9.2691150258e-01 1.0668880944e-06
1798 9.2653224375e-01 1.0533355252e-06
1799 9.2616801867e-01 1.0468511706e-06
1800 9.2579402312e-01 1.0486182229e-06
1801 9.2544644048e-01 1.0220116300e-06
1802 9.2511911317e-01 1.0276824644e-06
1803 9.2476645642e-01 1.0387940663e-06
1804 9.2441657934e-01 1.0248609888e-06
1805 9.2406502337e-01 1.0299697679e-06
1806 9.2369361897e-01 1.0384319020e-06
1807 9.2333850727e-01 1.0130446518e-06
1808 9.2298840931e-01 1.0558935950e-06
1809 9.2262878702e-01 1.0178072828e-06
1810 9.2231130488e-01 1.0291361554e-06
1811 9.2194397106e-01 1.0454242502e-06
1812 9.2160373886e-01 1.0076013909e-06
1813 9.2125998883e-01 1.0274795257e-06
1814 9.2087758953e-01 1.0338159970e-06
1815 9.2052151024e-01 1.0057091002e-06
1816 9.2016765449e-01 1.0429757790e-06
1817 9.1979951923e-01 1.0225223956e-06
1818 9.1947893930e-01 1.0159542579e-06
1819 9.1914290601e-01 1.0347024242e-06
1820 9.1879950206e-01 1.0329689791e-06
1821 9.1845582420e-01 1.0673744461e-06
1822 9.1809061690e-01 1.0246593456e-06
1823 9.1777670615e-01 1.0342584354e-06
1824 9.1740684153e-01 1.0604880582e-06
1825 9.1703703323e-01 1.0439994048e-06
1826 9.1667378361e-01 1.0578398972e-06
1827 9.1628825074e-01 1.0547403095e-06
1828 9.1593105530e-01 1.0506294376e-06
1829 9.1556137333e-01 1.0676935016e-06
1830 9.1520745249e-01 1.0372464117e-06
1831 9.1487390317e-01 1.0595087216e-06
1832 9.1446844795e-01 1.0973529591e-06
1833 9.1407080573e-01 1.0629643043e-06
1834 9.1370217305e-01 1.0783336500e-06
1835 9.1331128824e-01 1.0777440557e-06
1836 9.1295029361e-01 1.0682116410e-06
1837 9.1257331728e-01 1.0982792463e-06
1838 9.1217685073e-01 1.0800390549e-06
1839 9.1183483147e-01 1.0709982499e-06
1840 9.1145057932e-01 1.1028491385e-06
1841 9.1107944125e-01 1.0911768153e-06
1842 9.1069060661e-01 1.1263857382e-06
1843 9.1027916538e-01 1.1114228352e-06
1844 9.0988225522e-01 1.1204497625e-06
1845 9.0945871915e-01 1.1364576884e-06
1846 9.0904589389e-01 1.1015164024e-06
1847 9.0869534062e-01 1.0908608680e-06
1848 9.0832933109e-01 1.1106638486e-06
1849 9.0796071267e-01 1.1055287251e-06
1850 9.0755833816e-01 1.1398270282e-06
1851 9.0714892297e-01 1.1143419510e-06
1852 9.0679932282e-01 1.0841154650e-06
1853 9.0642741470e-01 1.1054595620e-06
1854 9.0605199143e-01 1.0973679198e-06
1855 9.0564789520e-01 1.1305073472e-06
1856 9.0527645494e-01 1.0951064425e-06
1857 9.0490211693e-01 1.1177452454e-06
1858 9.0449609237e-01 1.1141894989e-06
1859 9.0413926228e-01 1.0825579024e-06
1860 9.0374120842e-01 1.1280941654e-06
1861 9.0332263721e-01 1.1099214420e-06
1862 9.0293280608e-01 1.1207970115e-06
1863 9.0253545705e-01 1.1231716081e-06
1864 9.0214586368e-01 1.1058460664e-06
1865 9.0176302917e-01 1.1084547309e-06
1866 9.0137268444e-01 1.1019336844e-06
1867 9.0099146993e-01 1.0969445544e-06
1868 9.0059824964e-01 1.1093568865e-06
1869 9.0020069440e-01 1.0950211515e-06
1870 8.9983376857e-01 1.0814023351e-06
1871 8.9943712893e-01 1.1210629487e-06
1872 8.9901304575e-01 1.1179654785e-06
1873 8.9864124680e-01 1.0841805788e-06
1874 8.9827392802e-01 1.1214870092e-06
1875 8.9791496583e-01 1.0908889343e-06
1876 8.9756088367e-01 1.1184407639e-06
1877 8.9716163379e-01 1.1190529795e-06
1878 8.9677173524e-01 1.0838548871e-06
1879 8.9638459063e-01 1.1197045634e-06
1880 8.9601669849e-01 1.0685567699e-06
1881 8.9567021590e-01 1.1002530914e-06
1882 8.9527427034e-01 1.0975949922e-06
1883 8.9490090714e-01 1.0713991307e-06
1884 8.9454826368e-01 1.0914355659e-06
1885 8.9417175719e-01 1.0936836189e-06
1886 8.9378395583e-01 1.0837924863e-06
1887 8.9341875455e-01 1.0835681329e-06
1888 8.9303712985e-01 1.1105563681e-06
1889 8.9265435087e-01 1.0989776660e-06
1890 8.9228087405e-01 1.1032091812e-06
1891 8.9188662797e-01 1.1188704358e-06
1892 8.9153471515e-01 1.0849029473e-06
1893 8.9116756544e-01 1.1316737112e-06
1894 8.9074621702e-01 1.1289531494e-06
1895 8.9034661473e-01 1.0976897678e-06
1896 8.8998066756e-01 1.0948243518e-06
1897 8.8963017634e-01 1.0769310641e-06
1898 8.8929383973e-01 1.0791284457e-06
1899 8.8896235480e-01 1.0768951773e-06
1900 8.8864380768e-01 1.0497496043e-06
1901 8.8830540317e-01 1.0815069399e-06
1902 8.8796619233e-01 1.0627039278e-06
1903 8.8764689942e-01 1.0672520624e-06
1904 8.8730669209e-01 1.0639640449e-06
1905 8.8698389038e-01 1.0573732381e-06
1906 8.8666185908e-01 1.0598671855e-06
1907 8.8634095460e-01 1.0301245609e-06
1908 8.8604212857e-01 1.0499303433e-06
1909 8.8569015811e-01 1.0539897585e-06
1910 8.8538098920e-01 1.0023277928e-06
1911 8.8508604393e-01 1.0449540875e-06
1912 8.8474651356e-01 1.0326545033e-06
1913 8.8442539807e-01 1.0146714890e-06
1914 8.8409400215e-01 1.0378354387e-06
1915 8.8378600606e-01 9.8495187535e-07
1916 8.8350746856e-01 1.0115929464e-06
1917 8.8318309050e-01 1.0273891309e-06
1918 8.8288149152e-01 9.9914118525e-07
1919 8.8259132918e-01 1.0180786600e-06
1920 8.8226200185e-01 1.0338852915e-06
1921 8.8194983935e-01 1.0025542911e-06
1922 8.8167683046e-01 1.0045768837e-06
1923 8.8139495440e-01 1.0029186008e-06
1924 8.8110500225e-01 1.0123630693e-06
1925 8.8079608182e-01 1.0107541851e-06
1926 8.8050531684e-01 9.7396619738e-07
1927 8.8023293389e-01 9.9130987507e-07
1928 8.7992493338e-01 9.9908664560e-07
1929 8.7963805294e-01 9.7608134841e-07
1930 8.7936901668e-01 9.7908028373e-07
1931 8.7907499137e-01 1.0088142899e-06
1932 8.7878523749e-01 9.8188599903e-07
1933 8.7850565239e-01 9.8043148774e-07
1934 8.7824070816e-01 9.5732231530e-07
1935 8.7797129870e-01 9.4786983412e-07
1936 8.7771401106e-01 9.3722933878e-07
1937 8.7749255211e-01 9.1342929868e-07
1938 8.7725237428e-01 9.4110307335e-07
1939 8.7699394311e-01 9.3260680082e-07
1940 8.7675716979e-01 9.2049727502e-07
1941 8.7651981009e-01 9.3638734348e-07
1942 8.7625953336e-01 9.5030448884e-07
1943 8.7600932960e-01 9.1980391959e-07
1944 8.7577760666e-01 9.2495949714e-07
1945 8.7552765404e-01 9.1992938952e-07
1946 8.7529013372e-01 9.1616891804e-07
1947 8.7504319444e-01 9.3464423468e-07
1948 8.7478885308e-01 9.3350444944e-07
1949 8.7452591997e-01 9.3512617232e-07
1950 8.7428015959e-01 9.1019920718e-07
1951 8.7404296603e-01 9.1118303474e-07
1952 8.7380968138e-01 9.0332366224e-07
1953 8.7357657162e-01 9.0056888414e-07
1954 8.7336601015e-01 8.8596550150e-07
1955 8.7314859662e-01 8.9814447229e-07
1956 8.7292903364e-01 8.8790442271e-07
1957 8.7270004012e-01 9.0588430521e-07
1958 8.7246312476e-01 8.9550071331e-07
1959 8.7224411959e-01 9.1890117863e-07
1960 8.7202787829e-01 9.0015456346e-07
1961 8.7179972157e-01 9.2825018470e-07
1962 8.7156727943e-01 9.0104961328e-07
1963 8.7134670934e-01 9.1588011802e-07
1964 8.7110126846e-01 9.0959415486e-07
1965 8.7087425918e-01 9.1088421746e-07
1966 8.7063110531e-01 9.0297062918e-07
1967 8.7038686192e-01 8.9936965755e-07
1968 8.7015353256e-01 8.9620382238e-07
1969 8.6992702920e-01 8.8734563639e-07
1970 8.6971557756e-01 8.6520107367e-07
1971 8.6949443961e-01 8.8573189500e-07
1972 8.6928001387e-01 8.5739762341e-07
1973 8.6907533281e-01 8.8674078233e-07
1974 8.6883623569e-01 9.1123050656e-07
1975 8.6860601026e-01 8.9102142672e-07
1976 8.6839453427e-01 8.8602111129e-07
1977 8.6816110653e-01 8.9110186645e-07
1978 8.6794294961e-01 8.5948798077e-07
1979 8.6772435609e-01 8.8983674861e-07
1980 8.6749070204e-01 8.7117900671e-07
1981 8.6727655226e-01 8.5780704271e-07
1982 8.6706506028e-01 8.6736836081e-07
1983 8.6685796326e-01 8.5882487869e-07
1984 8.6664984731e-01 8.7642728657e-07
1985 8.6642302358e-01 8.8297856841e-07
1986 8.6621219787e-01 8.6434070015e-07
1987 8.6599663580e-01 8.7133062698e-07
1988 8.6577612084e-01 8.5839514337e-07
1989 8.6557039626e-01 8.6304284289e-07
1990 8.6538030273e-01 8.4699025054e-07
1991 8.6517330189e-01 8.7403984515e-07
1992 8.6495900602e-01 8.6430180852e-07
1993 8.6474394016e-01 8.7722252645e-07
1994 8.6452434552e-01 8.6125687095e-07
1995 8.6431869977e-01 8.6863202092e-07
1996 8.6411355202e-01 8.6017722030e-07
1997 8.6388178655e-01 8.8872215010e-07
1998 8.6365557781e-01 8.5632040061e-07
1999 8.6345820093e-01 8.6806998121e-07
