iter rel_error rel_residual
0 5.8707344802e+00 3.8869343704e-01
1 6.1781640320e+00 2.0675189829e-01
2 7.3814622787e+00 1.4889921918e-01
3 8.0120766986e+00 9.6080375623e-02
4 7.6875383558e+00 7.2806850793e-02
5 7.3978439918e+00 5.5765067246e-02
6 7.6278643867e+00 4.6976180937e-02
7 7.9251248324e+00 4.1119134093e-02
8 7.7809192270e+00 3.2743566927e-02
9 7.2414246837e+00 3.2284366225e-02
10 6.4413213259e+00 2.2762896295e-02
11 5.9369066022e+00 2.1711529819e-02
12 5.6639320769e+00 1.8702367163e-02
13 5.3705815431e+00 1.6049536840e-02
14 4.9716781777e+00 1.5481542735e-02
15 4.7026283785e+00 1.3962765848e-02
16 4.5545522720e+00 1.2969478812e-02
17 4.4649523059e+00 1.1566672875e-02
18 4.4368773496e+00 1.1103602055e-02
19 4.3653981749e+00 1.0401465825e-02
20 4.2346504082e+00 9.5758529058e-03
21 4.1505600062e+00 9.2511447976e-03
22 4.1032946924e+00 8.2847893301e-03
23 4.0527768628e+00 7.8303128094e-03
24 3.9481006619e+00 7.2922143811e-03
25 3.7829263954e+00 7.0909515730e-03
26 3.5702260207e+00 6.8575378906e-03
27 3.3519349576e+00 6.4017247420e-03
28 3.1663904839e+00 6.3099615821e-03
29 3.0600010335e+00 5.9395135524e-03
30 3.0648861720e+00 5.6098406749e-03
31 3.1521645496e+00 5.0496647877e-03
32 3.3171520961e+00 5.1244638187e-03
33 3.4938140612e+00 4.8083164472e-03
34 3.6056089292e+00 4.5995353792e-03
35 3.6706101043e+00 4.5588458928e-03
36 3.7372781713e+00 4.3978407795e-03
37 3.8152064084e+00 4.3463992624e-03
38 3.8580371881e+00 4.2135443702e-03
39 3.8402424972e+00 4.1500319027e-03
40 3.8151481678e+00 4.1470123237e-03
41 3.8302889802e+00 3.9314005830e-03
42 3.8299877101e+00 3.7146173745e-03
43 3.7779988627e+00 3.4917961075e-03
44 3.6840161141e+00 3.4030863639e-03
45 3.5545739187e+00 3.2502568889e-03
46 3.4291282970e+00 3.1442271886e-03
47 3.3140579016e+00 3.1117243524e-03
48 3.2163052490e+00 3.0617146832e-03
49 3.1751509373e+00 3.0500981015e-03
50 3.2204816482e+00 2.9480788641e-03
51 3.3100771117e+00 2.8288274366e-03
52 3.4080620821e+00 2.8451449691e-03
53 3.5285413667e+00 2.6313154173e-03
54 3.6800070304e+00 2.7267270560e-03
55 3.8362909668e+00 2.5225572176e-03
56 3.9510266469e+00 2.5103549431e-03
57 4.0238780384e+00 2.4541073462e-03
58 4.0580466856e+00 2.4779438418e-03
59 4.0388098958e+00 2.3540742864e-03
60 3.9872194937e+00 2.4531324950e-03
61 3.8977547725e+00 2.3815297142e-03
62 3.7697488857e+00 2.2363141474e-03
63 3.6512732564e+00 2.1359743693e-03
64 3.5233976164e+00 2.1845889599e-03
65 3.3868912687e+00 1.9620502072e-03
66 3.2902990415e+00 1.9810742224e-03
67 3.2316301304e+00 1.8842910813e-03
68 3.1980707657e+00 1.8827538810e-03
69 3.2065439654e+00 1.8710341989e-03
70 3.2499126047e+00 1.8336214451e-03
71 3.2959412179e+00 1.8439380383e-03
72 3.3439985879e+00 1.8057671921e-03
73 3.4179242993e+00 1.7702599383e-03
74 3.5159986503e+00 1.8529762160e-03
75 3.5966885200e+00 1.8422677891e-03
76 3.6498677550e+00 1.9088085977e-03
77 3.6876596994e+00 1.8004075658e-03
78 3.7077365294e+00 1.6310456349e-03
79 3.6965339236e+00 1.6368269396e-03
80 3.6775526366e+00 1.5539302682e-03
81 3.6527154934e+00 1.6167311905e-03
82 3.6016065495e+00 1.6699665708e-03
83 3.5350891642e+00 1.6457097201e-03
84 3.4876947112e+00 1.5956619169e-03
85 3.4456926079e+00 1.4585337727e-03
86 3.4090714831e+00 1.5992926435e-03
87 3.3780816666e+00 1.4941416153e-03
88 3.3412618786e+00 1.4279373717e-03
89 3.3025166448e+00 1.4867937516e-03
90 3.2727499093e+00 1.4352768814e-03
91 3.2502588100e+00 1.3730668429e-03
92 3.2212741268e+00 1.3631850138e-03
93 3.1915434444e+00 1.4149653868e-03
94 3.1776716833e+00 1.3427679021e-03
95 3.1735969111e+00 1.4365419456e-03
96 3.1755199517e+00 1.3283424339e-03
97 3.1796012125e+00 1.2719873762e-03
98 3.1951804983e+00 1.3593282205e-03
99 3.2160524456e+00 1.2257990125e-03
100 3.2368554777e+00 1.2871509510e-03
101 3.2649651135e+00 1.2106042062e-03
102 3.2872611494e+00 1.1699280695e-03
103 3.2986260831e+00 1.1656625609e-03
104 3.3068064841e+00 1.1890759164e-03
105 3.3211518469e+00 1.2184383631e-03
106 3.3380391395e+00 1.0896211999e-03
107 3.3469909091e+00 1.1280014928e-03
108 3.3555196395e+00 1.0725065332e-03
109 3.3594890915e+00 1.0536663980e-03
110 3.3571875943e+00 1.0426634450e-03
111 3.3409320412e+00 1.0218228953e-03
112 3.2922353022e+00 1.0481988756e-03
113 3.2381105080e+00 9.6358435663e-04
114 3.1820272843e+00 9.8217723784e-04
115 3.1155228703e+00 9.9146780319e-04
116 3.0528128396e+00 9.2332622346e-04
117 2.9932410647e+00 9.6284764072e-04
118 2.9472211697e+00 9.3668403071e-04
119 2.9210795558e+00 8.7208769942e-04
120 2.9059996732e+00 9.3481404486e-04
121 2.8964438098e+00 8.4764199839e-04
122 2.8890273954e+00 8.3749680153e-04
123 2.8887286603e+00 8.8928089521e-04
124 2.8986973901e+00 7.7690354150e-04
125 2.9117466550e+00 8.1804965199e-04
126 2.9319713201e+00 7.7509000799e-04
127 2.9578685902e+00 8.2078632899e-04
128 2.9795814741e+00 8.0925982381e-04
129 2.9995664467e+00 7.9030811917e-04
130 3.0164505089e+00 8.0298972285e-04
131 3.0202128594e+00 7.8088280551e-04
132 3.0285025140e+00 7.8579249528e-04
133 3.0353992989e+00 7.6654541785e-04
134 3.0297842482e+00 7.7349879384e-04
135 3.0240712944e+00 7.8284815511e-04
136 3.0015813221e+00 7.2353861854e-04
137 2.9644710731e+00 7.5188517925e-04
138 2.9319359255e+00 7.0594213764e-04
139 2.8998590721e+00 7.4896244865e-04
140 2.8565847616e+00 7.1608333130e-04
141 2.8062071451e+00 7.3931409022e-04
142 2.7586680317e+00 6.7302512684e-04
143 2.7145168343e+00 7.0382781651e-04
144 2.6707420643e+00 7.0157971732e-04
145 2.6297914928e+00 6.6941724043e-04
146 2.5895765240e+00 7.0453457659e-04
147 2.5634453083e+00 6.5193152131e-04
148 2.5541962553e+00 6.8855448918e-04
149 2.5539728514e+00 6.7268352055e-04
150 2.5621120215e+00 6.5211215770e-04
151 2.5797316466e+00 6.7606500634e-04
152 2.5999417972e+00 5.8966211015e-04
153 2.6152628744e+00 6.3922763751e-04
154 2.6285112382e+00 6.0024171986e-04
155 2.6472570756e+00 6.5198218857e-04
156 2.6614381548e+00 6.4247659454e-04
157 2.6531675655e+00 5.9794827788e-04
158 2.6312351457e+00 6.3157518065e-04
159 2.5945736352e+00 5.9593216531e-04
160 2.5552520701e+00 5.9559139217e-04
161 2.5183392096e+00 5.7717412952e-04
162 2.4772550970e+00 5.8106145656e-04
163 2.4230388099e+00 6.2337389872e-04
164 2.3770230470e+00 6.6873971889e-04
165 2.3421533840e+00 6.2375158555e-04
166 2.3059541612e+00 5.9679805813e-04
167 2.2693285925e+00 5.6729671152e-04
168 2.2348312753e+00 5.7089381463e-04
169 2.1987162434e+00 5.8201484855e-04
170 2.1694285020e+00 5.4680611360e-04
171 2.1435193825e+00 5.5420497718e-04
172 2.1189337484e+00 5.9839617303e-04
173 2.1029179243e+00 5.9678679555e-04
174 2.0935339386e+00 5.8592347610e-04
175 2.0848233704e+00 5.4273002427e-04
176 2.0805207248e+00 5.4915309461e-04
177 2.0828315150e+00 5.3826085118e-04
178 2.0916371916e+00 5.2721501682e-04
179 2.0985516161e+00 5.4735436308e-04
180 2.1001863591e+00 5.8360161913e-04
181 2.1054123569e+00 5.6779790252e-04
182 2.1118386604e+00 5.3350104931e-04
183 2.1092068893e+00 5.3132751613e-04
184 2.1103233610e+00 4.8252287569e-04
185 2.1147360725e+00 5.1778727578e-04
186 2.1096567895e+00 5.0251098184e-04
187 2.0977269844e+00 5.0440729437e-04
188 2.0795941411e+00 5.5383413331e-04
189 2.0593743585e+00 5.4937257281e-04
190 2.0412014377e+00 5.7758565742e-04
191 2.0187919846e+00 5.1006631612e-04
192 1.9899434666e+00 5.0338002768e-04
193 1.9650149654e+00 5.0787403062e-04
194 1.9401128376e+00 5.0851877772e-04
195 1.9145589548e+00 5.5580278423e-04
196 1.8910700286e+00 4.8916013346e-04
197 1.8694672800e+00 5.1032295782e-04
198 1.8502681340e+00 4.6403857052e-04
199 1.8346766528e+00 4.4584665605e-04
200 1.8237734031e+00 4.5538248851e-04
201 1.8192729048e+00 4.2398572202e-04
202 1.8177268022e+00 4.4504951060e-04
203 1.8160041740e+00 4.4194575371e-04
204 1.8180157190e+00 4.5143851204e-04
205 1.8266428309e+00 4.2431577319e-04
206 1.8350157899e+00 4.3766275767e-04
207 1.8392057488e+00 4.3863778056e-04
208 1.8458856494e+00 4.4119794367e-04
209 1.8616477133e+00 4.3808976998e-04
210 1.8745493532e+00 4.2285071920e-04
211 1.8719896605e+00 4.4388523410e-04
212 1.8635791804e+00 4.4705687973e-04
213 1.8653198843e+00 4.1677730648e-04
214 1.8684721871e+00 4.1872142527e-04
215 1.8611120336e+00 4.0191036432e-04
216 1.8520032886e+00 3.9441289114e-04
217 1.8443385611e+00 3.8629656743e-04
218 1.8328235430e+00 3.9347456562e-04
219 1.8185653385e+00 3.8512885042e-04
220 1.8037398572e+00 3.8994187949e-04
221 1.7847331973e+00 3.8179850275e-04
222 1.7608756570e+00 3.9324103817e-04
223 1.7384226166e+00 3.7358566445e-04
224 1.7128647044e+00 3.5509060982e-04
225 1.6892169434e+00 3.4938671273e-04
226 1.6670569677e+00 3.5529390466e-04
227 1.6482491325e+00 3.5881980422e-04
228 1.6345458650e+00 3.7094164234e-04
229 1.6256268579e+00 3.6231455454e-04
230 1.6214742419e+00 3.4582851856e-04
231 1.6208772496e+00 3.5647515021e-04
232 1.6235456445e+00 3.5418548440e-04
233 1.6313958006e+00 3.6409634317e-04
234 1.6460663526e+00 3.6409919243e-04
235 1.6626164625e+00 3.3773802812e-04
236 1.6822493597e+00 3.4487684847e-04
237 1.7089386423e+00 3.7732446348e-04
238 1.7341124646e+00 3.4902537839e-04
239 1.7488911824e+00 3.4432502633e-04
240 1.7568337273e+00 3.5626293978e-04
241 1.7599570562e+00 3.5305069810e-04
242 1.7579131326e+00 3.5695662553e-04
243 1.7477478089e+00 3.4135143345e-04
244 1.7318637061e+00 3.5137751378e-04
245 1.7193529868e+00 3.5563633545e-04
246 1.7113277087e+00 3.2784932115e-04
247 1.6979279155e+00 3.7018148786e-04
248 1.6822896251e+00 3.2016362960e-04
249 1.6699413012e+00 3.5574665416e-04
250 1.6561339266e+00 3.3747270066e-04
251 1.6385924767e+00 3.4126097420e-04
252 1.6211712946e+00 3.4555001665e-04
253 1.6033329004e+00 3.3675178145e-04
254 1.5875663571e+00 3.6381292848e-04
255 1.5794738663e+00 3.2515558432e-04
256 1.5774615492e+00 3.3004594630e-04
257 1.5812020372e+00 3.4134569723e-04
258 1.5894078416e+00 3.1304466344e-04
259 1.5987980017e+00 3.2528758037e-04
260 1.6108205868e+00 3.1008155696e-04
261 1.6278052358e+00 3.3168262158e-04
262 1.6492656932e+00 3.1427252383e-04
263 1.6671570534e+00 2.9710844249e-04
264 1.6815463733e+00 3.1113538181e-04
265 1.7004875635e+00 3.1125488898e-04
266 1.7236129694e+00 3.2490885252e-04
267 1.7374879583e+00 3.1098564635e-04
268 1.7435557427e+00 3.0484679650e-04
269 1.7490991081e+00 2.9983129383e-04
270 1.7502015651e+00 3.0457717324e-04
271 1.7446058750e+00 3.0443480807e-04
272 1.7380706379e+00 3.0883970968e-04
273 1.7274361792e+00 3.0296385232e-04
274 1.7083577720e+00 3.0099335651e-04
275 1.6861253690e+00 2.9755703199e-04
276 1.6647348935e+00 2.9999438333e-04
277 1.6427770336e+00 2.9685461153e-04
278 1.6221266747e+00 2.9241523579e-04
279 1.6061799562e+00 2.9700513848e-04
280 1.5961285945e+00 2.8602490648e-04
281 1.5900403864e+00 2.7411058795e-04
282 1.5868525880e+00 2.8166308503e-04
283 1.5864665957e+00 2.7438009974e-04
284 1.5883072258e+00 2.9046818400e-04
285 1.5911530877e+00 2.7906900385e-04
286 1.5971411192e+00 2.7855089975e-04
287 1.6051083909e+00 2.7678895273e-04
288 1.6148490717e+00 2.7699882110e-04
289 1.6247951051e+00 2.6523338678e-04
290 1.6335868746e+00 2.5754413394e-04
291 1.6429970669e+00 2.6668903840e-04
292 1.6541146213e+00 2.7066713882e-04
293 1.6619095569e+00 2.6352597700e-04
294 1.6631022490e+00 2.7785300367e-04
295 1.6604415077e+00 2.9644306194e-04
296 1.6568556042e+00 3.0107080530e-04
297 1.6534980028e+00 2.9075313155e-04
298 1.6491514844e+00 2.7936493658e-04
299 1.6405845905e+00 2.6058395684e-04
300 1.6312787870e+00 2.5531607131e-04
301 1.6229585508e+00 2.4915433477e-04
302 1.6123196699e+00 2.5062536724e-04
303 1.5996434393e+00 2.4843664460e-04
304 1.5854848606e+00 2.6350795845e-04
305 1.5719248307e+00 2.8063234808e-04
306 1.5596441488e+00 2.7409677432e-04
307 1.5472386118e+00 2.6086934638e-04
308 1.5355437576e+00 2.3945138285e-04
309 1.5260591611e+00 2.4175405956e-04
310 1.5178485342e+00 2.4066814537e-04
311 1.5097153485e+00 2.3277698724e-04
312 1.5030630536e+00 2.4823021308e-04
313 1.4977317876e+00 2.3934102294e-04
314 1.4935669435e+00 2.4366640050e-04
315 1.4910697098e+00 2.3636936539e-04
316 1.4912834497e+00 2.3552339640e-04
317 1.4944130776e+00 2.4544804265e-04
318 1.4971171489e+00 2.5550686069e-04
319 1.4988254554e+00 2.6676708160e-04
320 1.5020578216e+00 2.6075599633e-04
321 1.5064593739e+00 2.2835127333e-04
322 1.5088972011e+00 2.3991913089e-04
323 1.5104020983e+00 2.2299293983e-04
324 1.5115857705e+00 2.2508804252e-04
325 1.5110454674e+00 2.2218907156e-04
326 1.5087621797e+00 2.2676218286e-04
327 1.5051757394e+00 2.3347288756e-04
328 1.4987036774e+00 2.3139498831e-04
329 1.4899295093e+00 2.3857715155e-04
330 1.4811981863e+00 2.3252305920e-04
331 1.4696702709e+00 2.2741817191e-04
332 1.4580476480e+00 2.2196178216e-04
333 1.4484283968e+00 2.3070162359e-04
334 1.4388232625e+00 2.5272705624e-04
335 1.4274041098e+00 2.6461660874e-04
336 1.4149664247e+00 2.4093324380e-04
337 1.4027984414e+00 2.2556077673e-04
338 1.3936017057e+00 2.1458661616e-04
339 1.3855057728e+00 2.1558227045e-04
340 1.3796704932e+00 2.1283661847e-04
341 1.3756403925e+00 2.1240463761e-04
342 1.3726859519e+00 2.1386761737e-04
343 1.3715217049e+00 2.1026450908e-04
344 1.3717683204e+00 2.0329338338e-04
345 1.3715684629e+00 1.9191264823e-04
346 1.3715786105e+00 1.9760976012e-04
347 1.3718421315e+00 1.9298503158e-04
348 1.3710446675e+00 2.0169440845e-04
349 1.3690873538e+00 2.0575231964e-04
350 1.3666140699e+00 1.9964898796e-04
351 1.3635010757e+00 2.0681526954e-04
352 1.3596909319e+00 2.0495072070e-04
353 1.3547815121e+00 2.1025360963e-04
354 1.3490356641e+00 2.0300004803e-04
355 1.3439866639e+00 1.8756186868e-04
356 1.3396909545e+00 1.8885767057e-04
357 1.3340299465e+00 1.8443300864e-04
358 1.3266953148e+00 1.9511510056e-04
359 1.3198013453e+00 1.8423176265e-04
360 1.3129170199e+00 2.0135811175e-04
361 1.3048335757e+00 1.9977635488e-04
362 1.2968043549e+00 1.9442744839e-04
363 1.2894562444e+00 1.9435736475e-04
364 1.2827658178e+00 1.8838264527e-04
365 1.2775017742e+00 1.8617311417e-04
366 1.2720003988e+00 1.8261742403e-04
367 1.2668770169e+00 1.8546425035e-04
368 1.2633834727e+00 1.8469580161e-04
369 1.2604257661e+00 1.8470305798e-04
370 1.2571999206e+00 1.8588032713e-04
371 1.2543618953e+00 1.6858393108e-04
372 1.2515670797e+00 1.7194540560e-04
373 1.2483025832e+00 1.6682668378e-04
374 1.2448767137e+00 1.6357153087e-04
375 1.2413655190e+00 1.6921967513e-04
376 1.2386085549e+00 1.6442968573e-04
377 1.2367851127e+00 1.6396419624e-04
378 1.2354573721e+00 1.5837240578e-04
379 1.2349435038e+00 1.6283309152e-04
380 1.2348853774e+00 1.6600747208e-04
381 1.2345593129e+00 1.5797750167e-04
382 1.2342092256e+00 1.5875010126e-04
383 1.2345835178e+00 1.6481947743e-04
384 1.2352078561e+00 1.5648199115e-04
385 1.2355534559e+00 1.6515464578e-04
386 1.2355718673e+00 1.5877260650e-04
387 1.2358644715e+00 1.5897182919e-04
388 1.2357173499e+00 1.5580407216e-04
389 1.2338486403e+00 1.6089135941e-04
390 1.2313823854e+00 1.5320220126e-04
391 1.2289246392e+00 1.5681852962e-04
392 1.2256903843e+00 1.6161040748e-04
393 1.2229975096e+00 1.5699812773e-04
394 1.2211225724e+00 1.5195372031e-04
395 1.2188048857e+00 1.5415810479e-04
396 1.2164099759e+00 1.5486114117e-04
397 1.2146986294e+00 1.5562867414e-04
398 1.2124631042e+00 1.5248497908e-04
399 1.2084935138e+00 1.5135345967e-04
400 1.2041782361e+00 1.4347350404e-04
401 1.2009742283e+00 1.4808499894e-04
402 1.1984465810e+00 1.4326007480e-04
403 1.1956003372e+00 1.4765131883e-04
404 1.1932122602e+00 1.4352781118e-04
405 1.1910547336e+00 1.4315513659e-04
406 1.1888247588e+00 1.4535540036e-04
407 1.1873124078e+00 1.4399619616e-04
408 1.1860392530e+00 1.4195454280e-04
409 1.1842488805e+00 1.3939489478e-04
410 1.1819855734e+00 1.4746178927e-04
411 1.1802707576e+00 1.3924066552e-04
412 1.1783174018e+00 1.3865371809e-04
413 1.1763925736e+00 1.3799583620e-04
414 1.1745814700e+00 1.4291494792e-04
415 1.1733714275e+00 1.4731500749e-04
416 1.1732178559e+00 1.3571287055e-04
417 1.1729838432e+00 1.4085159925e-04
418 1.1730575547e+00 1.3457608515e-04
419 1.1734557032e+00 1.3262415949e-04
420 1.1738973117e+00 1.3355218955e-04
421 1.1743309990e+00 1.3270630043e-04
422 1.1745599446e+00 1.3874154491e-04
423 1.1745736524e+00 1.3215276784e-04
424 1.1746322601e+00 1.3430006686e-04
425 1.1741322320e+00 1.3246866792e-04
426 1.1730728220e+00 1.3662863433e-04
427 1.1720975542e+00 1.3863088623e-04
428 1.1707235505e+00 1.3991777683e-04
429 1.1686615125e+00 1.4279937350e-04
430 1.1666164052e+00 1.3638474323e-04
431 1.1650983744e+00 1.3863419836e-04
432 1.1639317416e+00 1.3430730003e-04
433 1.1626638346e+00 1.3311656230e-04
434 1.1612872225e+00 1.3105059447e-04
435 1.1605362812e+00 1.2663740436e-04
436 1.1605579427e+00 1.2782234478e-04
437 1.1615578307e+00 1.2680501539e-04
438 1.1635722942e+00 1.2657895760e-04
439 1.1658216665e+00 1.2656276260e-04
440 1.1678260211e+00 1.2860564439e-04
441 1.1696755012e+00 1.2763851402e-04
442 1.1707417007e+00 1.2692144955e-04
443 1.1713514845e+00 1.2999335280e-04
444 1.1726556572e+00 1.2748349991e-04
445 1.1740357352e+00 1.2556656796e-04
446 1.1748265287e+00 1.2826123724e-04
447 1.1757571507e+00 1.2782588655e-04
448 1.1773145862e+00 1.3137748128e-04
449 1.1782787220e+00 1.3429283279e-04
450 1.1778796064e+00 1.4122272903e-04
451 1.1771691943e+00 1.4915507521e-04
452 1.1770472596e+00 1.4237601352e-04
453 1.1771389635e+00 1.3327803451e-04
454 1.1761824752e+00 1.3205631795e-04
455 1.1753635092e+00 1.2532753611e-04
456 1.1755583278e+00 1.2626767137e-04
457 1.1752820171e+00 1.2565051390e-04
458 1.1741633090e+00 1.2235512461e-04
459 1.1730517821e+00 1.2486437902e-04
460 1.1723639193e+00 1.2788977971e-04
461 1.1717711040e+00 1.2734550050e-04
462 1.1713289575e+00 1.2642272821e-04
463 1.1718560287e+00 1.2601472051e-04
464 1.1726156994e+00 1.3415440222e-04
465 1.1725160968e+00 1.3982550174e-04
466 1.1718969245e+00 1.4968107981e-04
467 1.1712958208e+00 1.3586950346e-04
468 1.1705068575e+00 1.2626326401e-04
469 1.1684974513e+00 1.2094028920e-04
470 1.1652769169e+00 1.2152317846e-04
471 1.1620272916e+00 1.2145408416e-04
472 1.1590142149e+00 1.2066866204e-04
473 1.1556184561e+00 1.2712987880e-04
474 1.1517262839e+00 1.2473199399e-04
475 1.1478206154e+00 1.2485545079e-04
476 1.1442728345e+00 1.2376790105e-04
477 1.1415241923e+00 1.2406386437e-04
478 1.1393966211e+00 1.2676629012e-04
479 1.1374146885e+00 1.4080282321e-04
480 1.1360508149e+00 1.3165163886e-04
481 1.1351046485e+00 1.2013335587e-04
482 1.1345486418e+00 1.2968281500e-04
483 1.1345118605e+00 1.3674377427e-04
484 1.1347646338e+00 1.2730481690e-04
485 1.1349816042e+00 1.2468108247e-04
486 1.1353214709e+00 1.2050084183e-04
487 1.1350575687e+00 1.2021792076e-04
488 1.1345983981e+00 1.1763214467e-04
489 1.1341615907e+00 1.1770617545e-04
490 1.1329914332e+00 1.1538538825e-04
491 1.1323705291e+00 1.1344441384e-04
492 1.1323212699e+00 1.1607519824e-04
493 1.1314701478e+00 1.1631459582e-04
494 1.1296204931e+00 1.1645218148e-04
495 1.1273922316e+00 1.2331213264e-04
496 1.1246514929e+00 1.3092202021e-04
497 1.1222947056e+00 1.3311832158e-04
498 1.1202258423e+00 1.3742968026e-04
499 1.1180374550e+00 1.2316161640e-04
500 1.1164458526e+00 1.2357086771e-04
501 1.1159111908e+00 1.1259599387e-04
502 1.1159329257e+00 1.1373108418e-04
503 1.1164382571e+00 1.1458096456e-04
504 1.1175677944e+00 1.2021487264e-04
505 1.1191075995e+00 1.1842111826e-04
506 1.1210598133e+00 1.2540909874e-04
507 1.1240083084e+00 1.1541985868e-04
508 1.1280292760e+00 1.1502131351e-04
509 1.1325015013e+00 1.1946860039e-04
510 1.1360978860e+00 1.2044180328e-04
511 1.1384999121e+00 1.3150830970e-04
512 1.1396117788e+00 1.2416808926e-04
513 1.1395496840e+00 1.2355779887e-04
514 1.1382232088e+00 1.2078287076e-04
515 1.1360208067e+00 1.1838798515e-04
516 1.1333032909e+00 1.1193716031e-04
517 1.1297921786e+00 1.0984391331e-04
518 1.1250846456e+00 1.0947780705e-04
519 1.1200022442e+00 1.1139673537e-04
520 1.1153332755e+00 1.0835653367e-04
521 1.1105345964e+00 1.0468270161e-04
522 1.1048000146e+00 1.0744861042e-04
523 1.0986798819e+00 1.0905183602e-04
524 1.0935779080e+00 1.0699768258e-04
525 1.0892827989e+00 1.0729342707e-04
526 1.0851978039e+00 1.0553605349e-04
527 1.0811610603e+00 1.1078522622e-04
528 1.0779272825e+00 1.1271625187e-04
529 1.0752915171e+00 1.0438082372e-04
530 1.0728373344e+00 1.0452554334e-04
531 1.0703537938e+00 1.0162029256e-04
532 1.0682536536e+00 1.0173721033e-04
533 1.0662379456e+00 1.0177574348e-04
534 1.0641204333e+00 1.0496940404e-04
535 1.0622491942e+00 1.0170938647e-04
536 1.0601989277e+00 1.0274293871e-04
537 1.0587235701e+00 9.6167391021e-05
538 1.0580414769e+00 9.9938917584e-05
539 1.0577710978e+00 9.8822748289e-05
540 1.0574658923e+00 1.0006433692e-04
541 1.0569582491e+00 9.7665398877e-05
542 1.0562212777e+00 9.7371049695e-05
543 1.0550396634e+00 9.7212082038e-05
544 1.0529236892e+00 9.4538118118e-05
545 1.0506027265e+00 9.3195855831e-05
546 1.0485490036e+00 9.0981899713e-05
547 1.0463674786e+00 9.3624243463e-05
548 1.0439711170e+00 9.3146814422e-05
549 1.0416671091e+00 9.0373969596e-05
550 1.0393585138e+00 9.1140127477e-05
551 1.0371802603e+00 9.2876211451e-05
552 1.0352358719e+00 9.3054566925e-05
553 1.0333460823e+00 9.5301782014e-05
554 1.0318955351e+00 9.2408626155e-05
555 1.0314502970e+00 9.1069592139e-05
556 1.0319646937e+00 9.1665276440e-05
557 1.0328862085e+00 9.1717614180e-05
558 1.0339591351e+00 9.0082203676e-05
559 1.0353021071e+00 9.1829380280e-05
560 1.0369563613e+00 9.2211878582e-05
561 1.0380645971e+00 9.6661839651e-05
562 1.0389796003e+00 1.0204311777e-04
563 1.0398087287e+00 1.0519109672e-04
564 1.0403805967e+00 1.0253369936e-04
565 1.0408030335e+00 9.6738480917e-05
566 1.0414243642e+00 9.2862066352e-05
567 1.0411544328e+00 9.0082036679e-05
568 1.0390934306e+00 9.2790966603e-05
569 1.0364529629e+00 8.8001654072e-05
570 1.0335732482e+00 8.6767064986e-05
571 1.0297396557e+00 9.0748607084e-05
572 1.0253155890e+00 8.9301312658e-05
573 1.0207566297e+00 9.2491188775e-05
574 1.0163188086e+00 9.9777201764e-05
575 1.0123181739e+00 1.0516448607e-04
576 1.0090238052e+00 9.7869601559e-05
577 1.0063870639e+00 8.7201055208e-05
578 1.0040195573e+00 8.7589999904e-05
579 1.0017600586e+00 8.5565008218e-05
580 1.0003258921e+00 8.5399422641e-05
581 9.9936642960e-01 8.7056710025e-05
582 9.9855263117e-01 8.2061248242e-05
583 9.9834120238e-01 8.4988579939e-05
584 9.9828330537e-01 7.9241429041e-05
585 9.9856990025e-01 8.2724054626e-05
586 9.9954521489e-01 8.3250027188e-05
587 1.0007274543e+00 8.2164864504e-05
588 1.0018642130e+00 8.0895658739e-05
589 1.0029032294e+00 7.9198025963e-05
590 1.0036673508e+00 8.1288167687e-05
591 1.0042282562e+00 7.9916128664e-05
592 1.0047133788e+00 7.9251869733e-05
593 1.0048838156e+00 8.1321212788e-05
594 1.0045405467e+00 7.9111595666e-05
595 1.0041163131e+00 8.0151604413e-05
596 1.0033914471e+00 7.9924981375e-05
597 1.0010939799e+00 8.3100296073e-05
598 9.9729290972e-01 8.0513721680e-05
599 9.9362218013e-01 8.2347519763e-05
600 9.9010262297e-01 8.3311315482e-05
601 9.8598010098e-01 7.8946540912e-05
602 9.8133423823e-01 8.2853838298e-05
603 9.7741915583e-01 8.1092429545e-05
604 9.7444281523e-01 8.5276633866e-05
605 9.7186581363e-01 8.8762932656e-05
606 9.6956288408e-01 8.3949378938e-05
607 9.6764461401e-01 8.0360788013e-05
608 9.6609230109e-01 7.5930275966e-05
609 9.6477750009e-01 7.7008024015e-05
610 9.6354984955e-01 7.8139799937e-05
611 9.6262927077e-01 7.9599714166e-05
612 9.6204945857e-01 7.8156698873e-05
613 9.6136703728e-01 7.6949977093e-05
614 9.6056214012e-01 7.5157931045e-05
615 9.6019299391e-01 7.4350795211e-05
616 9.6002746813e-01 7.3370650334e-05
617 9.5942369447e-01 7.2739817227e-05
618 9.5862042680e-01 7.1232077980e-05
619 9.5792301440e-01 7.2161559375e-05
620 9.5736069618e-01 7.5217462687e-05
621 9.5625530389e-01 7.7806341229e-05
622 9.5484911458e-01 8.7844740623e-05
623 9.5310387072e-01 8.9775991905e-05
624 9.5066324665e-01 7.8040830856e-05
625 9.4799441975e-01 7.6179385457e-05
626 9.4485827301e-01 7.3205495192e-05
627 9.4097133167e-01 7.5398586320e-05
628 9.3646007901e-01 7.4058986818e-05
629 9.3239205268e-01 7.4189443045e-05
630 9.2882696640e-01 7.3634338288e-05
631 9.2516059037e-01 7.0440865258e-05
632 9.2162219398e-01 7.3323401797e-05
633 9.1859584044e-01 7.2526532587e-05
634 9.1604512635e-01 7.1669133016e-05
635 9.1365676679e-01 7.1976931539e-05
636 9.1145150631e-01 7.4826589449e-05
637 9.0968699537e-01 7.1133768776e-05
638 9.0805416933e-01 6.9973134307e-05
639 9.0675030020e-01 7.2914642242e-05
640 9.0577242749e-01 7.6851869248e-05
641 9.0490537767e-01 7.9949760193e-05
642 9.0407571403e-01 8.3688553282e-05
643 9.0337620265e-01 7.6482862349e-05
644 9.0276877115e-01 7.1146749152e-05
645 9.0169728468e-01 6.7002521527e-05
646 9.0036778328e-01 6.8963762544e-05
647 8.9934871199e-01 6.6187297140e-05
648 8.9792561593e-01 6.6739648129e-05
649 8.9573347693e-01 6.8849388560e-05
650 8.9381218625e-01 6.7573484599e-05
651 8.9214855412e-01 6.6379514990e-05
652 8.9001994573e-01 6.4201017394e-05
653 8.8800582750e-01 6.3439545806e-05
654 8.8582664856e-01 6.6025868499e-05
655 8.8364692237e-01 6.6825985354e-05
656 8.8126956856e-01 6.4422556840e-05
657 8.7929650161e-01 6.4293631018e-05
658 8.7789327987e-01 6.5805137521e-05
659 8.7626564075e-01 6.7765754065e-05
660 8.7444569840e-01 6.5281710689e-05
661 8.7321062261e-01 6.4492254236e-05
662 8.7155153169e-01 6.4234779223e-05
663 8.6953811455e-01 6.5644771395e-05
664 8.6838189731e-01 7.0219014915e-05
665 8.6682572378e-01 8.1219845019e-05
666 8.6518233773e-01 7.6000110099e-05
667 8.6349314863e-01 6.8734338053e-05
668 8.6128369386e-01 6.6157439792e-05
669 8.5909681451e-01 6.0779574081e-05
670 8.5759674983e-01 6.1855057852e-05
671 8.5616646490e-01 6.1892457433e-05
672 8.5449216691e-01 6.2893929825e-05
673 8.5281679629e-01 6.1886593006e-05
674 8.5145997836e-01 6.2855184601e-05
675 8.5004660863e-01 6.2270108078e-05
676 8.4853632468e-01 6.0634287766e-05
677 8.4702109801e-01 5.9410407155e-05
678 8.4572945239e-01 6.0078290869e-05
679 8.4450247932e-01 5.9926681687e-05
680 8.4316425414e-01 6.0622797873e-05
681 8.4198268428e-01 6.0658413990e-05
682 8.4098136324e-01 6.0621886823e-05
683 8.4003869502e-01 5.9698154746e-05
684 8.3955754157e-01 6.0967049219e-05
685 8.3944190996e-01 6.1688578153e-05
686 8.3910515340e-01 6.0552401273e-05
687 8.3925345258e-01 5.8793487815e-05
688 8.3962657816e-01 6.0136896216e-05
689 8.3978877746e-01 5.9354117116e-05
690 8.4041593224e-01 6.2889977526e-05
691 8.4091586554e-01 6.7653574128e-05
692 8.4106490397e-01 7.1051313671e-05
693 8.4091027527e-01 6.5796648324e-05
694 8.4043158816e-01 5.8290667060e-05
695 8.3952791065e-01 6.0115050204e-05
696 8.3782027885e-01 5.8340973891e-05
697 8.3556288726e-01 5.8044544395e-05
698 8.3347567626e-01 5.9733736935e-05
699 8.3166358814e-01 6.0093229586e-05
700 8.2979061387e-01 5.9427495841e-05
701 8.2802628956e-01 5.9825247168e-05
702 8.2616766231e-01 5.9368376477e-05
703 8.2422074733e-01 6.0570361006e-05
704 8.2238319235e-01 6.3145508184e-05
705 8.2094228069e-01 6.7575089363e-05
706 8.1961267974e-01 6.5147605996e-05
707 8.1793970594e-01 6.3349229283e-05
708 8.1654012817e-01 6.3860097925e-05
709 8.1584034827e-01 5.9621378996e-05
710 8.1515394878e-01 5.8371594545e-05
711 8.1421235739e-01 5.6369481550e-05
712 8.1351056560e-01 5.6364355512e-05
713 8.1233979005e-01 5.7207665085e-05
714 8.1070434299e-01 5.6881698423e-05
715 8.0924424282e-01 5.6051208052e-05
716 8.0801782247e-01 5.5592104243e-05
717 8.0647688033e-01 5.5794810901e-05
718 8.0461261579e-01 5.7204078084e-05
719 8.0304750895e-01 5.7185526824e-05
720 8.0144357077e-01 5.6810144459e-05
721 7.9990120854e-01 5.7602938379e-05
722 7.9856781119e-01 5.5703726393e-05
723 7.9724749196e-01 5.4693677246e-05
724 7.9582646175e-01 5.4723793235e-05
725 7.9458800137e-01 5.5332723458e-05
726 7.9346508927e-01 5.4459533437e-05
727 7.9215250385e-01 5.4632575612e-05
728 7.9088347870e-01 5.5311090916e-05
729 7.9008345104e-01 5.2661892885e-05
730 7.8929288200e-01 5.4646270091e-05
731 7.8824971444e-01 5.3293142925e-05
732 7.8742525710e-01 5.2163352116e-05
733 7.8666975149e-01 5.2511874191e-05
734 7.8569741005e-01 5.4292079914e-05
735 7.8491577828e-01 5.4043439727e-05
736 7.8413387107e-01 5.2902425671e-05
737 7.8325759586e-01 5.3086269845e-05
738 7.8229822862e-01 5.2471621025e-05
739 7.8158222283e-01 5.2764249823e-05
740 7.8152813865e-01 5.6998067007e-05
741 7.8159780440e-01 5.7452370092e-05
742 7.8163860942e-01 5.9710646576e-05
743 7.8200828725e-01 5.3650200931e-05
744 7.8248933183e-01 5.1564007159e-05
745 7.8266471086e-01 5.1488040234e-05
746 7.8270412128e-01 5.4395867872e-05
747 7.8270802693e-01 5.3942761702e-05
748 7.8246743025e-01 5.2847431261e-05
749 7.8194670896e-01 5.1697338027e-05
750 7.8120816299e-01 5.1214996872e-05
751 7.8009720873e-01 5.1239227862e-05
752 7.7848712584e-01 5.0141322933e-05
753 7.7662926063e-01 5.0393789333e-05
754 7.7490802708e-01 5.0387216417e-05
755 7.7321392613e-01 5.0817664433e-05
756 7.7125984264e-01 5.0124648020e-05
757 7.6952394710e-01 5.0441803332e-05
758 7.6808924024e-01 5.0820561018e-05
759 7.6625548001e-01 5.1954703248e-05
760 7.6493496140e-01 5.5819567354e-05
761 7.6372274233e-01 6.4481517460e-05
762 7.6239745139e-01 5.9218843180e-05
763 7.6126482331e-01 5.2923519720e-05
764 7.6068366651e-01 5.2021385738e-05
765 7.6020958494e-01 5.3238213704e-05
766 7.5964181736e-01 5.1342437423e-05
767 7.5893119924e-01 5.1359647492e-05
768 7.5817812268e-01 5.1900481228e-05
769 7.5736364784e-01 5.1381912274e-05
770 7.5655777029e-01 5.0546514396e-05
771 7.5601252765e-01 5.0603966197e-05
772 7.5571919875e-01 5.2122752893e-05
773 7.5537826191e-01 5.1517434036e-05
774 7.5498141887e-01 5.2223075830e-05
775 7.5452858086e-01 4.9223794848e-05
776 7.5403501748e-01 4.9551811697e-05
777 7.5339105443e-01 5.0686911886e-05
778 7.5260622301e-01 5.0218240381e-05
779 7.5150286703e-01 5.3039391915e-05
780 7.5048776817e-01 5.8019622724e-05
781 7.4953984614e-01 5.9958466287e-05
782 7.4859148389e-01 5.4052772483e-05
783 7.4742299426e-01 5.3620120930e-05
784 7.4583261788e-01 5.2540534055e-05
785 7.4425394090e-01 5.0742419158e-05
786 7.4295967380e-01 5.1392410329e-05
787 7.4158258115e-01 5.0497507666e-05
788 7.4012642501e-01 5.1180988460e-05
789 7.3903536279e-01 4.8962592865e-05
790 7.3833153292e-01 5.1401183706e-05
791 7.3779863998e-01 5.1594145325e-05
792 7.3784417993e-01 5.2581867079e-05
793 7.3839174770e-01 5.1896223685e-05
794 7.3934066867e-01 5.1129146816e-05
795 7.4081905799e-01 5.1168294463e-05
796 7.4240688082e-01 5.1263628070e-05
797 7.4387096843e-01 5.1535290735e-05
798 7.4542488480e-01 5.1822397543e-05
799 7.4701216445e-01 5.0663609426e-05
800 7.4820099816e-01 5.1079378440e-05
801 7.4901840958e-01 5.0496520200e-05
802 7.4969421756e-01 5.0201905813e-05
803 7.4988447906e-01 5.0768073838e-05
804 7.4923826849e-01 5.2215837726e-05
805 7.4807625789e-01 5.2980360623e-05
806 7.4686786455e-01 5.1593511944e-05
807 7.4532590750e-01 5.0596316875e-05
808 7.4286444389e-01 5.2944125203e-05
809 7.3965414882e-01 5.3647610505e-05
810 7.3651998888e-01 5.5619871697e-05
811 7.3370577840e-01 5.5374334462e-05
812 7.3080279368e-01 5.0407837937e-05
813 7.2796567333e-01 5.3019307380e-05
814 7.2578542151e-01 5.6963780926e-05
815 7.2360501145e-01 5.2886756814e-05
816 7.2138151744e-01 5.1570225267e-05
817 7.1990668438e-01 5.3287005383e-05
818 7.1961956287e-01 5.9501525914e-05
819 7.1975611201e-01 6.0411576812e-05
820 7.2014153150e-01 5.8890746501e-05
821 7.2095878588e-01 5.3283720930e-05
822 7.2191409792e-01 5.2652638946e-05
823 7.2278732174e-01 5.0628646764e-05
824 7.2372333966e-01 4.8983317299e-05
825 7.2443794843e-01 5.0102857055e-05
826 7.2522232320e-01 5.0006982482e-05
827 7.2662564390e-01 4.9886787668e-05
828 7.2798648291e-01 5.0180983961e-05
829 7.2807179580e-01 4.9087463619e-05
830 7.2741431105e-01 5.0305965381e-05
831 7.2641911455e-01 4.9481617400e-05
832 7.2451658690e-01 5.0442048896e-05
833 7.2222860599e-01 4.9369884041e-05
834 7.2010240508e-01 4.9821302766e-05
835 7.1795119324e-01 5.0862237203e-05
836 7.1561907590e-01 5.0145650204e-05
837 7.1349601170e-01 5.0114558880e-05
838 7.1131583040e-01 4.9719397308e-05
839 7.0904291560e-01 5.0193866004e-05
840 7.0674286148e-01 5.2400417058e-05
841 7.0469146737e-01 5.7485834694e-05
842 7.0318049168e-01 5.7477243552e-05
843 7.0224594558e-01 5.4577875697e-05
844 7.0195230159e-01 5.1220284632e-05
845 7.0252499819e-01 5.0939734749e-05
846 7.0360100193e-01 5.0644307147e-05
847 7.0493364555e-01 4.7452800954e-05
848 7.0636774879e-01 4.9151536402e-05
849 7.0790104886e-01 4.9698792900e-05
850 7.0934877876e-01 4.9678062007e-05
851 7.1123711797e-01 4.8802842534e-05
852 7.1316522637e-01 4.9029131933e-05
853 7.1449458320e-01 4.8914263099e-05
854 7.1568705481e-01 4.7710468772e-05
855 7.1659859453e-01 4.7677588046e-05
856 7.1661283008e-01 4.8980695192e-05
857 7.1563911341e-01 4.7103111410e-05
858 7.1451973573e-01 4.6562062184e-05
859 7.1331686209e-01 4.6971575059e-05
860 7.1139681893e-01 4.8354281204e-05
861 7.0869882330e-01 4.8279169752e-05
862 7.0609883899e-01 4.6033874940e-05
863 7.0337366578e-01 4.5509326843e-05
864 7.0064213506e-01 4.5822452717e-05
865 6.9825506603e-01 4.7173968083e-05
866 6.9639615772e-01 4.6389544055e-05
867 6.9457422868e-01 4.7074901681e-05
868 6.9319992128e-01 4.5044673344e-05
869 6.9239736078e-01 4.5687395716e-05
870 6.9167676876e-01 4.4563068585e-05
871 6.9100215100e-01 4.5747263965e-05
872 6.9084240441e-01 4.6939076322e-05
873 6.9108037569e-01 4.6164197554e-05
874 6.9186242755e-01 4.7083188066e-05
875 6.9307592572e-01 4.9647534887e-05
876 6.9431886541e-01 5.5187901071e-05
877 6.9547477014e-01 5.3384298410e-05
878 6.9662199657e-01 4.6303702113e-05
879 6.9788269395e-01 4.4639565203e-05
880 6.9901225536e-01 4.4913357632e-05
881 6.9985400938e-01 4.6102445589e-05
882 7.0066487430e-01 4.6933459920e-05
883 7.0145446583e-01 4.5470515066e-05
884 7.0194271499e-01 4.5452095117e-05
885 7.0223248245e-01 4.5004953356e-05
886 7.0250840728e-01 4.5064459375e-05
887 7.0202829551e-01 4.4956549494e-05
888 7.0115588973e-01 4.3593459794e-05
889 7.0025462915e-01 4.4323430810e-05
890 6.9914684401e-01 4.3739182842e-05
891 6.9778475622e-01 4.4180855705e-05
892 6.9637970520e-01 4.3111329845e-05
893 6.9505347307e-01 4.4593509311e-05
894 6.9394891871e-01 4.2967856241e-05
895 6.9298212198e-01 4.3523699711e-05
896 6.9208345520e-01 4.2958478839e-05
897 6.9126878837e-01 4.4087584947e-05
898 6.9059524769e-01 4.4650241069e-05
899 6.9020848557e-01 4.6983683822e-05
900 6.9005844820e-01 5.3224266082e-05
901 6.8994602029e-01 5.2209186008e-05
902 6.8994781664e-01 4.5971879257e-05
903 6.9009967983e-01 4.3469335157e-05
904 6.9002871709e-01 4.6904939693e-05
905 6.8983721139e-01 4.5798307774e-05
906 6.8976309307e-01 4.4583341590e-05
907 6.8975581859e-01 4.4663347560e-05
908 6.8942486926e-01 4.3770095345e-05
909 6.8899959320e-01 4.4708842472e-05
910 6.8874574153e-01 4.4956538437e-05
911 6.8840924298e-01 4.4492236306e-05
912 6.8775082463e-01 4.5074429957e-05
913 6.8716408569e-01 4.4822312790e-05
914 6.8675218674e-01 4.7081978283e-05
915 6.8635193876e-01 4.6666743870e-05
916 6.8593459238e-01 4.5234290570e-05
917 6.8565518861e-01 4.6806641483e-05
918 6.8529328665e-01 4.6212262621e-05
919 6.8486704756e-01 4.4795240355e-05
920 6.8445645459e-01 4.3217083755e-05
921 6.8397796431e-01 4.4511313367e-05
922 6.8334187239e-01 4.5684478744e-05
923 6.8266546171e-01 4.6352345277e-05
924 6.8207094617e-01 4.9658581854e-05
925 6.8144518795e-01 4.4743959787e-05
926 6.8086737043e-01 4.4279722691e-05
927 6.8059309075e-01 4.2555022527e-05
928 6.8030283750e-01 4.2600292246e-05
929 6.7978476664e-01 4.3104440565e-05
930 6.7955423636e-01 4.1643743662e-05
931 6.7929089545e-01 4.2111116800e-05
932 6.7883381263e-01 4.2965372127e-05
933 6.7838780274e-01 4.2513866944e-05
934 6.7810164301e-01 4.3380671419e-05
935 6.7775313106e-01 4.5219634854e-05
936 6.7734711667e-01 5.3383725451e-05
937 6.7693032641e-01 4.9441143726e-05
938 6.7647599136e-01 4.3330075871e-05
939 6.7588910606e-01 4.0770235773e-05
940 6.7530195927e-01 4.0755048617e-05
941 6.7485222613e-01 3.9611485722e-05
942 6.7451042610e-01 3.8771551689e-05
943 6.7435412733e-01 3.8550276591e-05
944 6.7434774523e-01 3.9446693016e-05
945 6.7436816017e-01 3.8806340856e-05
946 6.7443603579e-01 3.8501778996e-05
947 6.7439957188e-01 3.8748996277e-05
948 6.7415360228e-01 3.8425232950e-05
949 6.7421569792e-01 3.8310213550e-05
950 6.7427518508e-01 3.8776265664e-05
951 6.7419114516e-01 3.8399528638e-05
952 6.7418525316e-01 3.8517610494e-05
953 6.7398924770e-01 3.6819335328e-05
954 6.7371965798e-01 3.7613445739e-05
955 6.7347678120e-01 3.7711761774e-05
956 6.7295093271e-01 3.9465003150e-05
957 6.7216810699e-01 3.8097283772e-05
958 6.7146229996e-01 3.7404481104e-05
959 6.7092762244e-01 3.7599765562e-05
960 6.7007522893e-01 3.8195272702e-05
961 6.6907023360e-01 3.9439253642e-05
962 6.6837317462e-01 4.0363171584e-05
963 6.6765108702e-01 3.7441222683e-05
964 6.6682293637e-01 3.6333934462e-05
965 6.6614342080e-01 3.7714072325e-05
966 6.6567509937e-01 3.9407152993e-05
967 6.6528238706e-01 3.7585343552e-05
968 6.6485745934e-01 3.7826907465e-05
969 6.6448952683e-01 3.6919479609e-05
970 6.6437650858e-01 3.8492085721e-05
971 6.6440090709e-01 4.0075294064e-05
972 6.6440959910e-01 4.0670172967e-05
973 6.6442487078e-01 3.9667230580e-05
974 6.6439197350e-01 3.7615480025e-05
975 6.6422804955e-01 3.8239369659e-05
976 6.6408299179e-01 3.7293382407e-05
977 6.6391619681e-01 3.6854323619e-05
978 6.6367071783e-01 3.6721968791e-05
979 6.6358224969e-01 3.8952353480e-05
980 6.6350542294e-01 3.7281076251e-05
981 6.6334311912e-01 3.5997815176e-05
982 6.6329027656e-01 3.5561664980e-05
983 6.6342886809e-01 3.5256674962e-05
984 6.6362724268e-01 3.5311247070e-05
985 6.6377635149e-01 3.4912234881e-05
986 6.6393595924e-01 3.4826182453e-05
987 6.6424299022e-01 3.4573401486e-05
988 6.6455599786e-01 3.4271184325e-05
989 6.6466720635e-01 3.4501112053e-05
990 6.6491023834e-01 3.3803700176e-05
991 6.6525525720e-01 3.3959889051e-05
992 6.6550609079e-01 3.3595501799e-05
993 6.6570736046e-01 3.4869071066e-05
994 6.6601881322e-01 3.4114172929e-05
995 6.6640989718e-01 3.4206328663e-05
996 6.6648585093e-01 3.4093476379e-05
997 6.6646417019e-01 3.2950019571e-05
998 6.6656689456e-01 3.3513455245e-05
999 6.6632967378e-01 3.4040366246e-05
1000 6.6584354912e-01 3.4634556967e-05
1001 6.6534653258e-01 3.5971994113e-05
1002 6.6489845782e-01 3.9489575426e-05
1003 6.6457450375e-01 3.9811555153e-05
1004 6.6428619553e-01 3.5646406668e-05
1005 6.6402744630e-01 3.4074455721e-05
1006 6.6404892089e-01 3.3493181391e-05
1007 6.6422896519e-01 3.3276723097e-05
1008 6.6442194497e-01 3.4351710355e-05
1009 6.6480886158e-01 3.4130898920e-05
1010 6.6555503668e-01 3.3472903330e-05
1011 6.6628798046e-01 3.3079537246e-05
1012 6.6695145965e-01 3.2965078406e-05
1013 6.6763827649e-01 3.2090744514e-05
1014 6.6826563541e-01 3.2783283048e-05
1015 6.6870269833e-01 3.2296634599e-05
1016 6.6889728844e-01 3.1572657095e-05
1017 6.6907719529e-01 3.1430558069e-05
1018 6.6926827883e-01 3.2259632103e-05
1019 6.6933253256e-01 3.3077155593e-05
1020 6.6922388750e-01 3.1124926066e-05
1021 6.6904703134e-01 3.2935913111e-05
1022 6.6866253029e-01 3.2253036331e-05
1023 6.6820431740e-01 3.1309477771e-05
1024 6.6772349346e-01 3.1909044442e-05
1025 6.6726557522e-01 3.1458207809e-05
1026 6.6681042378e-01 3.1337568955e-05
1027 6.6636829881e-01 3.1518698308e-05
1028 6.6610209596e-01 3.2185114276e-05
1029 6.6601757445e-01 3.1065994056e-05
1030 6.6601502999e-01 3.1504657302e-05
1031 6.6619707946e-01 3.0884187417e-05
1032 6.6651286619e-01 3.0928724174e-05
1033 6.6676713777e-01 3.0585225879e-05
1034 6.6701217053e-01 3.0608973170e-05
1035 6.6740454310e-01 3.1922245136e-05
1036 6.6767013457e-01 3.0783834222e-05
1037 6.6784543900e-01 3.0701944283e-05
1038 6.6806438220e-01 3.1470608846e-05
1039 6.6815761267e-01 3.0780686385e-05
1040 6.6808131342e-01 3.1748749129e-05
1041 6.6794299771e-01 3.3264647562e-05
1042 6.6782861687e-01 3.7988893432e-05
1043 6.6773315805e-01 3.7953489864e-05
1044 6.6764661842e-01 3.3752223864e-05
1045 6.6761049636e-01 3.1010330717e-05
1046 6.6746301129e-01 3.0560871819e-05
1047 6.6714339209e-01 3.1128486054e-05
1048 6.6685518482e-01 3.1607700967e-05
1049 6.6653942577e-01 3.1889424908e-05
1050 6.6609322267e-01 3.0743390623e-05
1051 6.6570692511e-01 3.1021504898e-05
1052 6.6543687744e-01 3.0623765887e-05
1053 6.6513557119e-01 3.0409786371e-05
1054 6.6487563974e-01 3.0914037774e-05
1055 6.6467112605e-01 3.1914797263e-05
1056 6.6460466944e-01 3.3483349104e-05
1057 6.6464866105e-01 3.7688060786e-05
1058 6.6471310264e-01 3.4966617165e-05
1059 6.6476470705e-01 3.2871296045e-05
1060 6.6487203344e-01 3.2060064952e-05
1061 6.6500946267e-01 3.1796917792e-05
1062 6.6523913896e-01 3.1141893663e-05
1063 6.6548006739e-01 3.0456547212e-05
1064 6.6553976465e-01 3.0150292209e-05
1065 6.6563597879e-01 3.0067830598e-05
1066 6.6575163080e-01 3.0306272641e-05
1067 6.6551124834e-01 2.9738963238e-05
1068 6.6515820183e-01 3.0948488990e-05
1069 6.6485783431e-01 3.1110871541e-05
1070 6.6428862160e-01 3.3211763421e-05
1071 6.6359382159e-01 2.9998934041e-05
1072 6.6290069497e-01 3.0777731289e-05
1073 6.6234995086e-01 3.5333671133e-05
1074 6.6175510523e-01 3.3096924644e-05
1075 6.6090695817e-01 3.0864976774e-05
1076 6.6009848919e-01 2.9480356092e-05
1077 6.5954045211e-01 2.9697673410e-05
1078 6.5901355572e-01 2.9115908359e-05
1079 6.5857254310e-01 2.9356981271e-05
1080 6.5824517135e-01 2.9479551995e-05
1081 6.5794993332e-01 3.0192271693e-05
1082 6.5766414749e-01 2.9700474026e-05
1083 6.5771769149e-01 2.9739352861e-05
1084 6.5769127875e-01 2.9119448657e-05
1085 6.5757981786e-01 2.9047917726e-05
1086 6.5750135622e-01 2.9663488859e-05
1087 6.5747378226e-01 2.9770205753e-05
1088 6.5725929856e-01 2.9465437190e-05
1089 6.5695188509e-01 2.9391694461e-05
1090 6.5654960063e-01 3.0072509135e-05
1091 6.5606065038e-01 3.0169687504e-05
1092 6.5563856433e-01 2.9853553768e-05
1093 6.5518083173e-01 3.0104289076e-05
1094 6.5456144666e-01 2.9909523743e-05
1095 6.5396591662e-01 2.9830568670e-05
1096 6.5349292407e-01 2.9901663789e-05
1097 6.5307722423e-01 3.1066306943e-05
1098 6.5263048678e-01 3.1836724056e-05
1099 6.5224104652e-01 3.7116031575e-05
1100 6.5189904760e-01 3.4464031830e-05
1101 6.5145685234e-01 3.0198187130e-05
1102 6.5091806632e-01 2.8682429153e-05
1103 6.5040886813e-01 2.8843186871e-05
1104 6.4991202310e-01 2.8641415462e-05
1105 6.4949729259e-01 2.9646466116e-05
1106 6.4911255951e-01 3.1194857999e-05
1107 6.4872921286e-01 3.0091221088e-05
1108 6.4832654892e-01 2.8737339696e-05
1109 6.4794021440e-01 2.8967403321e-05
1110 6.4750144618e-01 3.0195630940e-05
1111 6.4706504366e-01 3.1499726033e-05
1112 6.4669146084e-01 3.4301323450e-05
1113 6.4628984360e-01 3.2867944231e-05
1114 6.4577303500e-01 2.9044111818e-05
1115 6.4520740064e-01 2.8657047988e-05
1116 6.4471635346e-01 2.8577776265e-05
1117 6.4413545907e-01 2.8078567911e-05
1118 6.4352928377e-01 2.7707249760e-05
1119 6.4301410078e-01 2.7323656232e-05
1120 6.4252551959e-01 2.7507377768e-05
1121 6.4195994568e-01 2.7685801889e-05
1122 6.4134587201e-01 2.7679630930e-05
1123 6.4072756829e-01 2.7555909618e-05
1124 6.4016177760e-01 2.7894796648e-05
1125 6.3975445939e-01 2.7223677984e-05
1126 6.3943327161e-01 2.7524452609e-05
1127 6.3907962632e-01 2.7474919407e-05
1128 6.3864952490e-01 2.7487439734e-05
1129 6.3818164347e-01 2.7268188149e-05
1130 6.3775045703e-01 2.7573900982e-05
1131 6.3727711038e-01 2.6976772702e-05
1132 6.3674806370e-01 2.7511220767e-05
1133 6.3622432570e-01 2.7478332840e-05
1134 6.3571787771e-01 2.6853818992e-05
1135 6.3515419652e-01 2.6880055753e-05
1136 6.3448503176e-01 2.7157157519e-05
1137 6.3374459223e-01 2.7302555891e-05
1138 6.3305820232e-01 2.7535134761e-05
1139 6.3232583421e-01 2.7345164979e-05
1140 6.3148443623e-01 2.7791044874e-05
1141 6.3072563624e-01 2.6911308919e-05
1142 6.2988807125e-01 2.7769637281e-05
1143 6.2896658269e-01 2.7692793570e-05
1144 6.2820622167e-01 2.8027182233e-05
1145 6.2740353862e-01 2.9920893789e-05
1146 6.2666961601e-01 3.3420563524e-05
1147 6.2607814652e-01 3.2572136407e-05
1148 6.2545993656e-01 3.0129191633e-05
1149 6.2467665238e-01 2.9128581378e-05
1150 6.2387285077e-01 2.7705726612e-05
1151 6.2320618231e-01 2.7338771390e-05
1152 6.2255062031e-01 2.7760563465e-05
1153 6.2176803009e-01 2.8653348623e-05
1154 6.2084684193e-01 2.8422259410e-05
1155 6.1986894072e-01 2.8532211481e-05
1156 6.1892318209e-01 2.8747108436e-05
1157 6.1784639080e-01 2.8205366794e-05
1158 6.1676985914e-01 2.8275346422e-05
1159 6.1579648132e-01 2.7698711867e-05
1160 6.1474859911e-01 2.8822399534e-05
1161 6.1358598038e-01 2.8474708727e-05
1162 6.1250992856e-01 2.8051076083e-05
1163 6.1147763522e-01 2.8420548033e-05
1164 6.1051436888e-01 2.7855670388e-05
1165 6.0957320336e-01 2.8502152901e-05
1166 6.0857095183e-01 2.8573023439e-05
1167 6.0766042481e-01 2.7801022775e-05
1168 6.0686361319e-01 2.7840693441e-05
1169 6.0604273473e-01 2.8083213835e-05
1170 6.0515297263e-01 2.8001314867e-05
1171 6.0433185947e-01 2.8360084170e-05
1172 6.0366911968e-01 2.8761581725e-05
1173 6.0300201160e-01 2.9896540366e-05
1174 6.0223594264e-01 3.0461297626e-05
1175 6.0154311672e-01 3.1382346403e-05
1176 6.0090318660e-01 3.0360332923e-05
1177 6.0015120817e-01 2.9885684151e-05
1178 5.9929139357e-01 3.0441469904e-05
1179 5.9850370170e-01 2.9831316895e-05
1180 5.9773625174e-01 3.0022498617e-05
1181 5.9688156128e-01 2.8809760425e-05
1182 5.9593976452e-01 2.8992535971e-05
1183 5.9498991348e-01 2.8877666451e-05
1184 5.9405317217e-01 2.8643484856e-05
1185 5.9318838637e-01 2.8080716840e-05
1186 5.9241326491e-01 2.8366132010e-05
1187 5.9163163036e-01 2.8496195107e-05
1188 5.9074826387e-01 2.8470675837e-05
1189 5.8991927327e-01 2.8867077089e-05
1190 5.8911872055e-01 2.8558215373e-05
1191 5.8839067038e-01 2.9437217073e-05
1192 5.8768534224e-01 3.0357022024e-05
1193 5.8700230034e-01 3.1228268317e-05
1194 5.8639721651e-01 3.6917095360e-05
1195 5.8584279142e-01 3.2664331153e-05
1196 5.8530057447e-01 2.8725410548e-05
1197 5.8477194655e-01 2.8890446526e-05
1198 5.8438074693e-01 2.7666371515e-05
1199 5.8421986219e-01 2.7989395251e-05
1200 5.8416024448e-01 2.7930936833e-05
1201 5.8387346626e-01 2.8389705010e-05
1202 5.8342242553e-01 2.8583570671e-05
1203 5.8303164610e-01 2.8339727801e-05
1204 5.8272893832e-01 2.7914970309e-05
1205 5.8242689340e-01 2.8372402207e-05
1206 5.8204115105e-01 2.8039252582e-05
1207 5.8147882855e-01 2.8106306938e-05
1208 5.8075755739e-01 2.8782467214e-05
1209 5.7989357397e-01 2.9587558468e-05
1210 5.7870687147e-01 3.0629085404e-05
1211 5.7731350757e-01 3.3252747424e-05
1212 5.7608507708e-01 3.5139955366e-05
1213 5.7481224331e-01 3.1892411597e-05
1214 5.7333111615e-01 2.8103724526e-05
1215 5.7198197176e-01 2.8294691889e-05
1216 5.7095333048e-01 2.9575745579e-05
1217 5.6982898241e-01 3.0276134181e-05
1218 5.6861470278e-01 2.8672933053e-05
1219 5.6761189526e-01 2.8401289349e-05
1220 5.6686625403e-01 2.8066437699e-05
1221 5.6625138760e-01 2.8505749977e-05
1222 5.6573869345e-01 2.8361242881e-05
1223 5.6527300950e-01 2.8923493297e-05
1224 5.6495103007e-01 2.8363623075e-05
1225 5.6471879966e-01 2.8419241745e-05
1226 5.6437826004e-01 2.8052951938e-05
1227 5.6388645293e-01 2.8217186309e-05
1228 5.6341924386e-01 2.7518862336e-05
1229 5.6296661681e-01 2.7532965897e-05
1230 5.6243855341e-01 2.8207629984e-05
1231 5.6185528446e-01 2.7268527332e-05
1232 5.6127767183e-01 2.7846869709e-05
1233 5.6069321425e-01 2.8447224116e-05
1234 5.5997052128e-01 3.0274739729e-05
1235 5.5911472578e-01 3.2220014297e-05
1236 5.5823123161e-01 3.2068186357e-05
1237 5.5737127751e-01 2.9795079436e-05
1238 5.5652892554e-01 2.8418199001e-05
1239 5.5571647743e-01 2.7223976988e-05
1240 5.5491193823e-01 2.6536455016e-05
1241 5.5420976843e-01 2.7073760889e-05
1242 5.5360191204e-01 2.6497199426e-05
1243 5.5307861323e-01 2.6443371978e-05
1244 5.5263883329e-01 2.5867189885e-05
1245 5.5234890928e-01 2.5394345450e-05
1246 5.5209351550e-01 2.6823143090e-05
1247 5.5192754438e-01 2.6869657681e-05
1248 5.5169462378e-01 2.5884744365e-05
1249 5.5155270883e-01 2.5367193022e-05
1250 5.5142197613e-01 2.5958851969e-05
1251 5.5105528902e-01 2.5895489329e-05
1252 5.5070411834e-01 2.5510170497e-05
1253 5.5034336929e-01 2.5694278509e-05
1254 5.4976543422e-01 2.5679656358e-05
1255 5.4895637280e-01 2.6170755668e-05
1256 5.4794866203e-01 2.6250777116e-05
1257 5.4688499850e-01 2.5863217312e-05
1258 5.4591552540e-01 2.6224064164e-05
1259 5.4495806093e-01 2.5608081239e-05
1260 5.4389128238e-01 2.4704884698e-05
1261 5.4267909452e-01 2.6214725825e-05
1262 5.4158999930e-01 2.9535891424e-05
1263 5.4065697292e-01 3.1505406372e-05
1264 5.3971569394e-01 2.9849789113e-05
1265 5.3877549468e-01 2.5940661840e-05
1266 5.3792197969e-01 2.5638265340e-05
1267 5.3720210572e-01 2.5121271487e-05
1268 5.3655401499e-01 2.5265613023e-05
1269 5.3599910084e-01 2.5198349355e-05
1270 5.3555843939e-01 2.6037523620e-05
1271 5.3534266316e-01 2.9834179064e-05
1272 5.3521692773e-01 2.7549817656e-05
1273 5.3500079825e-01 2.5136416225e-05
1274 5.3486544418e-01 2.4610537502e-05
1275 5.3464560514e-01 2.3983930765e-05
1276 5.3438418524e-01 2.3945036114e-05
1277 5.3413368905e-01 2.3804200599e-05
1278 5.3376174033e-01 2.3739551476e-05
1279 5.3322333616e-01 2.4570281045e-05
1280 5.3266136844e-01 2.4132590312e-05
1281 5.3206883603e-01 2.4108587241e-05
1282 5.3115419498e-01 2.4365470270e-05
1283 5.3003434003e-01 2.4440343131e-05
1284 5.2909373974e-01 2.3062941472e-05
1285 5.2805024122e-01 2.3319718373e-05
1286 5.2705144486e-01 2.3546261577e-05
1287 5.2611020014e-01 2.3244713535e-05
1288 5.2512289001e-01 2.3975579305e-05
1289 5.2425101587e-01 2.3616137233e-05
1290 5.2358690001e-01 2.3510854175e-05
1291 5.2298390568e-01 2.3756718242e-05
1292 5.2248460437e-01 2.3827601950e-05
1293 5.2207656193e-01 2.3776847413e-05
1294 5.2174953959e-01 2.4324736309e-05
1295 5.2140447067e-01 2.3120652283e-05
1296 5.2108157369e-01 2.3604597235e-05
1297 5.2081041230e-01 2.4561187887e-05
1298 5.2053015141e-01 2.4531678926e-05
1299 5.2003367738e-01 2.4559486248e-05
1300 5.1970073535e-01 2.4974817209e-05
1301 5.1933269489e-01 2.4803135383e-05
1302 5.1881988958e-01 2.4363950515e-05
1303 5.1822357474e-01 2.5204783770e-05
1304 5.1761709520e-01 2.6831749887e-05
1305 5.1689362347e-01 2.8554430797e-05
1306 5.1607924048e-01 2.8675035128e-05
1307 5.1527210500e-01 2.5768018229e-05
1308 5.1445062667e-01 2.4445528501e-05
1309 5.1369631455e-01 2.3993873112e-05
1310 5.1286292876e-01 2.3939261386e-05
1311 5.1209622890e-01 2.4572816953e-05
1312 5.1142980496e-01 2.4422821654e-05
1313 5.1077257344e-01 2.4496142648e-05
1314 5.1019762354e-01 2.3654756356e-05
1315 5.0967605926e-01 2.4217789806e-05
1316 5.0922202095e-01 2.3850576073e-05
1317 5.0888380297e-01 2.4058408093e-05
1318 5.0861054228e-01 2.4212872615e-05
1319 5.0837348091e-01 2.4123833731e-05
1320 5.0817305145e-01 2.3866607771e-05
1321 5.0802511852e-01 2.3649884907e-05
1322 5.0788254686e-01 2.3712855770e-05
1323 5.0764206372e-01 2.3984504427e-05
1324 5.0730377887e-01 2.3895251119e-05
1325 5.0698313600e-01 2.4288734707e-05
1326 5.0659411102e-01 2.4606074562e-05
1327 5.0610923961e-01 2.4113618498e-05
1328 5.0556683567e-01 2.4164510169e-05
1329 5.0507964190e-01 2.3364096846e-05
1330 5.0458684368e-01 2.3415234217e-05
1331 5.0401638485e-01 2.4419024146e-05
1332 5.0343912971e-01 2.4042361786e-05
1333 5.0295651697e-01 2.4016315885e-05
1334 5.0254366214e-01 2.3601356503e-05
1335 5.0212556248e-01 2.3871604014e-05
1336 5.0169614604e-01 2.5093427022e-05
1337 5.0136038506e-01 2.6294491435e-05
1338 5.0110932077e-01 2.5093377879e-05
1339 5.0088548022e-01 2.4495297263e-05
1340 5.0064686251e-01 2.3109199269e-05
1341 5.0043688961e-01 2.2862781915e-05
1342 5.0031632226e-01 2.2786619005e-05
1343 5.0015062800e-01 2.2191433369e-05
1344 4.9990195269e-01 2.2798349101e-05
1345 4.9952610896e-01 2.2585170907e-05
1346 4.9906454995e-01 2.2617600533e-05
1347 4.9852421866e-01 2.2677700244e-05
1348 4.9799532429e-01 2.2974863596e-05
1349 4.9752620839e-01 2.2637592060e-05
1350 4.9697113680e-01 2.3400771070e-05
1351 4.9631720550e-01 2.3781750402e-05
1352 4.9570308326e-01 2.7695506495e-05
1353 4.9511395084e-01 2.9031560590e-05
1354 4.9446641987e-01 2.3976472001e-05
1355 4.9374863791e-01 2.3702719376e-05
1356 4.9314867522e-01 2.2445184589e-05
1357 4.9264812925e-01 2.2204384831e-05
1358 4.9212543130e-01 2.2849664490e-05
1359 4.9154188954e-01 2.2943543040e-05
1360 4.9091235718e-01 2.2736802550e-05
1361 4.9027533442e-01 2.1802895256e-05
1362 4.8955634021e-01 2.2686275255e-05
1363 4.8888300294e-01 2.4478212301e-05
1364 4.8828730483e-01 2.6165023706e-05
1365 4.8768130447e-01 2.4460860067e-05
1366 4.8709460104e-01 2.2424085631e-05
1367 4.8651295652e-01 2.1689516371e-05
1368 4.8601212962e-01 2.1561337639e-05
1369 4.8560359034e-01 2.1572190864e-05
1370 4.8512796565e-01 2.1741749042e-05
1371 4.8474782000e-01 2.1200930965e-05
1372 4.8445962648e-01 2.0688084518e-05
1373 4.8413383077e-01 2.1089627701e-05
1374 4.8377794974e-01 2.1012224079e-05
1375 4.8339818991e-01 2.0917612303e-05
1376 4.8300109934e-01 2.0779837726e-05
1377 4.8258636003e-01 2.0770331796e-05
1378 4.8212256458e-01 2.0516224574e-05
1379 4.8163264635e-01 2.0690557271e-05
1380 4.8107218075e-01 2.0953514400e-05
1381 4.8048376171e-01 2.0654647555e-05
1382 4.7993546545e-01 2.0411852676e-05
1383 4.7942942638e-01 2.0360613596e-05
1384 4.7892901045e-01 2.0598312146e-05
1385 4.7846869561e-01 2.0505721586e-05
1386 4.7808922070e-01 2.1035249260e-05
1387 4.7780464973e-01 2.0519156283e-05
1388 4.7757206292e-01 2.0483489550e-05
1389 4.7735339243e-01 2.0185744698e-05
1390 4.7720277114e-01 2.0468246957e-05
1391 4.7710203806e-01 2.0444707847e-05
1392 4.7698222191e-01 2.0431774669e-05
1393 4.7684272212e-01 2.0871117115e-05
1394 4.7687204923e-01 2.2217638972e-05
1395 4.7691215169e-01 2.3489801740e-05
1396 4.7698367206e-01 2.6721902903e-05
1397 4.7698086789e-01 2.3466498694e-05
1398 4.7687107755e-01 2.2150950762e-05
1399 4.7692074078e-01 2.1063405646e-05
1400 4.7681947503e-01 2.2250971586e-05
1401 4.7650243486e-01 2.3387431684e-05
1402 4.7625915087e-01 2.3357049224e-05
1403 4.7603908498e-01 2.1143435539e-05
1404 4.7553086487e-01 2.1119283796e-05
1405 4.7493469316e-01 2.1917583981e-05
1406 4.7439600163e-01 2.2389580057e-05
1407 4.7368148068e-01 2.1168608817e-05
1408 4.7281679102e-01 2.0374378831e-05
1409 4.7194873326e-01 2.1254774738e-05
1410 4.7107123371e-01 2.1737238351e-05
1411 4.7020983218e-01 2.1476184127e-05
1412 4.6931637214e-01 2.1043284143e-05
1413 4.6845547088e-01 2.0964311331e-05
1414 4.6777178549e-01 2.0893141158e-05
1415 4.6721448771e-01 2.0240250303e-05
1416 4.6667571561e-01 2.0738432384e-05
1417 4.6621984358e-01 1.9968871275e-05
1418 4.6580885244e-01 1.9907378666e-05
1419 4.6541958189e-01 1.9960793472e-05
1420 4.6514336558e-01 1.9849915365e-05
1421 4.6489255426e-01 2.0499844108e-05
1422 4.6454736228e-01 1.9904129039e-05
1423 4.6424973887e-01 1.9993339757e-05
1424 4.6408364522e-01 1.9853829520e-05
1425 4.6378667742e-01 2.0404622823e-05
1426 4.6350241502e-01 2.0259752169e-05
1427 4.6332720462e-01 1.9862377789e-05
1428 4.6301552245e-01 2.0334064819e-05
1429 4.6254913502e-01 2.0340715133e-05
1430 4.6211133952e-01 1.9844860785e-05
1431 4.6174346762e-01 2.0343951600e-05
1432 4.6128940853e-01 2.0404024128e-05
1433 4.6069661778e-01 2.1462603994e-05
1434 4.6015804861e-01 2.3361309952e-05
1435 4.5961453342e-01 2.2819147167e-05
1436 4.5889915483e-01 2.2087028008e-05
1437 4.5822105851e-01 2.0411372855e-05
1438 4.5769711909e-01 1.9986366959e-05
1439 4.5711365600e-01 2.0012167838e-05
1440 4.5658740617e-01 2.0156519378e-05
1441 4.5616341223e-01 1.9450656603e-05
1442 4.5567676241e-01 1.9738658921e-05
1443 4.5525998105e-01 1.9710996569e-05
1444 4.5492513717e-01 1.9678952950e-05
1445 4.5453419184e-01 1.9522520643e-05
1446 4.5412347339e-01 1.9724391573e-05
1447 4.5379403694e-01 2.0199168137e-05
1448 4.5342655391e-01 2.0511468275e-05
1449 4.5310238577e-01 1.9449376174e-05
1450 4.5281462249e-01 1.9870905888e-05
1451 4.5260849057e-01 1.9943409874e-05
1452 4.5236646196e-01 1.9942315444e-05
1453 4.5206755617e-01 1.9853162812e-05
1454 4.5179693319e-01 1.9843650389e-05
1455 4.5145596534e-01 2.0058321282e-05
1456 4.5111475989e-01 1.9724821720e-05
1457 4.5084919347e-01 1.9277901301e-05
1458 4.5057403690e-01 1.9266688415e-05
1459 4.5023302619e-01 2.0128946145e-05
1460 4.4981858941e-01 2.0165388829e-05
1461 4.4942694583e-01 2.2444956228e-05
1462 4.4894603886e-01 2.3923339396e-05
1463 4.4831252569e-01 2.1753501450e-05
1464 4.4763086414e-01 2.0859151772e-05
1465 4.4694731559e-01 2.0057466398e-05
1466 4.4612075013e-01 1.9223592847e-05
1467 4.4529738881e-01 1.9511555151e-05
1468 4.4450994883e-01 1.9283269857e-05
1469 4.4373677854e-01 1.9190014198e-05
1470 4.4304459897e-01 1.8975790715e-05
1471 4.4238145036e-01 1.9401189538e-05
1472 4.4176062327e-01 1.9036946377e-05
1473 4.4120848620e-01 1.8919115990e-05
1474 4.4073485134e-01 1.8943329994e-05
1475 4.4034005140e-01 1.8946702044e-05
1476 4.4002250139e-01 1.8901480272e-05
1477 4.3975525680e-01 1.8884701570e-05
1478 4.3957725657e-01 1.8851099877e-05
1479 4.3940239444e-01 1.8866505889e-05
1480 4.3922456934e-01 1.9145724597e-05
1481 4.3910156614e-01 2.0340890780e-05
1482 4.3898073872e-01 2.0595877806e-05
1483 4.3884112223e-01 2.0317661847e-05
1484 4.3867715521e-01 1.9572487312e-05
1485 4.3846393576e-01 1.9096773932e-05
1486 4.3823171974e-01 2.0472183664e-05
1487 4.3793627105e-01 2.1589038189e-05
1488 4.3755197333e-01 1.9980049692e-05
1489 4.3714103132e-01 1.9100547475e-05
1490 4.3662839148e-01 1.9065203634e-05
1491 4.3604089736e-01 1.8764095823e-05
1492 4.3552580954e-01 1.8749431840e-05
1493 4.3502451461e-01 1.9895230391e-05
1494 4.3456951363e-01 2.0170057051e-05
1495 4.3423308408e-01 1.9007695474e-05
1496 4.3390754990e-01 1.8520540904e-05
1497 4.3356784729e-01 1.9114470478e-05
1498 4.3328663205e-01 2.0175611223e-05
1499 4.3302877376e-01 2.0756074732e-05
1500 4.3276867703e-01 1.9876998559e-05
1501 4.3257467001e-01 1.8805859723e-05
1502 4.3240703267e-01 1.8041836349e-05
1503 4.3228092330e-01 1.8165329314e-05
1504 4.3219449839e-01 1.8030521723e-05
1505 4.3212361731e-01 1.7666057174e-05
1506 4.3204859668e-01 1.8503558000e-05
1507 4.3191545303e-01 1.8175832681e-05
1508 4.3175276889e-01 1.8065229170e-05
1509 4.3164198072e-01 1.8263238043e-05
1510 4.3153846025e-01 1.7341481576e-05
1511 4.3136827826e-01 1.7904954071e-05
1512 4.3113362341e-01 1.8075712184e-05
1513 4.3094746553e-01 1.8212334171e-05
1514 4.3077532865e-01 1.7947123319e-05
1515 4.3055829124e-01 1.7785153539e-05
1516 4.3027944757e-01 1.7923488369e-05
1517 4.2994582930e-01 1.8461088056e-05
1518 4.2956145810e-01 1.8418218565e-05
1519 4.2910776782e-01 1.8357646756e-05
1520 4.2856995223e-01 1.7732827697e-05
1521 4.2812897687e-01 1.7338041457e-05
1522 4.2770246494e-01 1.7646358339e-05
1523 4.2714748951e-01 1.8061252246e-05
1524 4.2657724929e-01 1.7698533732e-05
1525 4.2606381263e-01 1.7507880124e-05
1526 4.2551033803e-01 1.7812537867e-05
1527 4.2504321169e-01 1.7575967891e-05
1528 4.2471148014e-01 1.7366722047e-05
1529 4.2445296831e-01 1.7459284223e-05
1530 4.2422910868e-01 1.7577440617e-05
1531 4.2402210601e-01 1.7251373023e-05
1532 4.2376665458e-01 1.7779687270e-05
1533 4.2351244196e-01 1.7807043881e-05
1534 4.2328303471e-01 1.8548878205e-05
1535 4.2310275038e-01 1.8465429969e-05
1536 4.2287674265e-01 1.9696815380e-05
1537 4.2257787121e-01 2.2482384598e-05
1538 4.2228228277e-01 2.0066888598e-05
1539 4.2196182796e-01 1.8259261225e-05
1540 4.2159036557e-01 1.7707045636e-05
1541 4.2118728377e-01 1.7703215262e-05
1542 4.2076212639e-01 1.7069397485e-05
1543 4.2032601617e-01 1.8089134428e-05
1544 4.1985487782e-01 1.7881677331e-05
1545 4.1934646672e-01 1.7326234902e-05
1546 4.1890701841e-01 1.7450766301e-05
1547 4.1844379814e-01 1.8111426412e-05
1548 4.1798904323e-01 1.8230411482e-05
1549 4.1755848400e-01 1.9811174583e-05
1550 4.1715857676e-01 2.2063580639e-05
1551 4.1676188503e-01 2.0888125278e-05
1552 4.1634352746e-01 1.8105580855e-05
1553 4.1595491961e-01 1.7290533245e-05
1554 4.1565140211e-01 1.7132043763e-05
1555 4.1536524313e-01 1.7846392643e-05
1556 4.1510691031e-01 1.7820655800e-05
1557 4.1495800082e-01 1.8875540448e-05
1558 4.1484102413e-01 1.8913886588e-05
1559 4.1468941445e-01 1.7417286488e-05
1560 4.1454583123e-01 1.7248467170e-05
1561 4.1439212589e-01 1.7109097369e-05
1562 4.1419724853e-01 1.6889704480e-05
1563 4.1394652845e-01 1.6521433114e-05
1564 4.1368558517e-01 1.6050109956e-05
1565 4.1342095808e-01 1.5981475633e-05
1566 4.1308546407e-01 1.6073850138e-05
1567 4.1270533687e-01 1.5867966054e-05
1568 4.1233359174e-01 1.5392440567e-05
1569 4.1189172676e-01 1.5217587546e-05
1570 4.1138548356e-01 1.5514935274e-05
1571 4.1088469838e-01 1.5098847031e-05
1572 4.1043280031e-01 1.4810598001e-05
1573 4.1003041076e-01 1.4759275559e-05
1574 4.0961887884e-01 1.5002874985e-05
1575 4.0928990780e-01 1.4899936703e-05
1576 4.0898540024e-01 1.4372058790e-05
1577 4.0869839525e-01 1.4001401325e-05
1578 4.0846536804e-01 1.4462337576e-05
1579 4.0822798717e-01 1.4495556090e-05
1580 4.0799317025e-01 1.4063116734e-05
1581 4.0781100951e-01 1.3583361317e-05
1582 4.0762823621e-01 1.3836088343e-05
1583 4.0738389672e-01 1.3807362347e-05
1584 4.0714293280e-01 1.3806789810e-05
1585 4.0690925701e-01 1.3937932298e-05
1586 4.0666800860e-01 1.3612570102e-05
1587 4.0645517248e-01 1.3611131848e-05
1588 4.0625547512e-01 1.3642427596e-05
1589 4.0608150644e-01 1.3161080329e-05
1590 4.0588310537e-01 1.3503250137e-05
1591 4.0561964750e-01 1.3927634399e-05
1592 4.0539072522e-01 1.3582391359e-05
1593 4.0515602658e-01 1.3514469237e-05
1594 4.0491930641e-01 1.3681682820e-05
1595 4.0469461386e-01 1.3232232628e-05
1596 4.0451649212e-01 1.3417330590e-05
1597 4.0434245896e-01 1.3488883511e-05
1598 4.0409272636e-01 1.3368092797e-05
1599 4.0386119649e-01 1.3425225819e-05
1600 4.0365588714e-01 1.3178542051e-05
1601 4.0341227889e-01 1.3132322702e-05
1602 4.0315036479e-01 1.3035501569e-05
1603 4.0293623606e-01 1.2914709053e-05
1604 4.0272627761e-01 1.2995769288e-05
1605 4.0247126175e-01 1.3277414772e-05
1606 4.0224248616e-01 1.3001695082e-05
1607 4.0201013755e-01 1.3140440577e-05
1608 4.0178160142e-01 1.2826694368e-05
1609 4.0157046232e-01 1.2758482431e-05
1610 4.0134891719e-01 1.3057750461e-05
1611 4.0111543911e-01 1.3349350907e-05
1612 4.0090076063e-01 1.3786571740e-05
1613 4.0075503268e-01 1.4493374137e-05
1614 4.0060792748e-01 1.5795473864e-05
1615 4.0042371105e-01 1.4218300698e-05
1616 4.0025172797e-01 1.3483996701e-05
1617 4.0011977120e-01 1.3009720924e-05
1618 3.9991765099e-01 1.2992630606e-05
1619 3.9965222554e-01 1.2835169047e-05
1620 3.9942524512e-01 1.3731777251e-05
1621 3.9920650576e-01 1.5374590620e-05
1622 3.9900634267e-01 1.4987586167e-05
1623 3.9877480901e-01 1.3274492962e-05
1624 3.9849128466e-01 1.2839497318e-05
1625 3.9817862450e-01 1.2359943748e-05
1626 3.9788333709e-01 1.2151281806e-05
1627 3.9763328935e-01 1.2249417459e-05
1628 3.9733828632e-01 1.2571130166e-05
1629 3.9696092718e-01 1.2335489285e-05
1630 3.9659565643e-01 1.2782500312e-05
1631 3.9630210667e-01 1.3148837143e-05
1632 3.9604067510e-01 1.4154383966e-05
1633 3.9580807578e-01 1.4860837508e-05
1634 3.9559665439e-01 1.3912928768e-05
1635 3.9534936167e-01 1.3257398906e-05
1636 3.9514663353e-01 1.2502501333e-05
1637 3.9500408840e-01 1.2649576514e-05
1638 3.9485024785e-01 1.2184694761e-05
1639 3.9466431323e-01 1.1974268503e-05
1640 3.9450179600e-01 1.1810099779e-05
1641 3.9434422039e-01 1.1814339110e-05
1642 3.9418314753e-01 1.1732924031e-05
1643 3.9400484735e-01 1.1826608315e-05
1644 3.9379578459e-01 1.1255594180e-05
1645 3.9362141088e-01 1.1090106334e-05
1646 3.9342951923e-01 1.1539228342e-05
1647 3.9318415092e-01 1.1791862083e-05
1648 3.9290102122e-01 1.1353839298e-05
1649 3.9257919609e-01 1.1559442555e-05
1650 3.9226764415e-01 1.1471982850e-05
1651 3.9194727650e-01 1.1443952082e-05
1652 3.9158283006e-01 1.1760686955e-05
1653 3.9121569005e-01 1.1807287228e-05
1654 3.9084504206e-01 1.1969905181e-05
1655 3.9046389020e-01 1.1805589512e-05
1656 3.9009754636e-01 1.1981410997e-05
1657 3.8972548977e-01 1.1685129911e-05
1658 3.8941184389e-01 1.1803725035e-05
1659 3.8906042788e-01 1.2466132937e-05
1660 3.8872210427e-01 1.2577003787e-05
1661 3.8838730986e-01 1.3216176016e-05
1662 3.8807326224e-01 1.3994024606e-05
1663 3.8777077930e-01 1.4459481761e-05
1664 3.8749960687e-01 1.4151900371e-05
1665 3.8723520431e-01 1.2573682064e-05
1666 3.8692676824e-01 1.2413373248e-05
1667 3.8663391861e-01 1.2208801075e-05
1668 3.8636866490e-01 1.1862380652e-05
1669 3.8608084801e-01 1.1868192690e-05
1670 3.8582215085e-01 1.2202999376e-05
1671 3.8555140175e-01 1.2031684563e-05
1672 3.8523362048e-01 1.2039683288e-05
1673 3.8494386276e-01 1.2016192274e-05
1674 3.8467335170e-01 1.1776513179e-05
1675 3.8438799254e-01 1.2888697178e-05
1676 3.8407316994e-01 1.1827346960e-05
1677 3.8371600720e-01 1.2505817669e-05
1678 3.8333553247e-01 1.2871361645e-05
1679 3.8298758519e-01 1.2888154226e-05
1680 3.8264115809e-01 1.1743098939e-05
1681 3.8229404891e-01 1.2360603073e-05
1682 3.8197698682e-01 1.3439226363e-05
1683 3.8166017655e-01 1.2588720794e-05
1684 3.8136221198e-01 1.1901771553e-05
1685 3.8109381965e-01 1.3268559548e-05
1686 3.8083943015e-01 1.1367695554e-05
1687 3.8061174853e-01 1.3010883241e-05
1688 3.8037501246e-01 1.3453970724e-05
1689 3.8013308552e-01 1.4080650284e-05
1690 3.7992808500e-01 1.4590284690e-05
1691 3.7973778161e-01 1.2909890002e-05
1692 3.7952703603e-01 1.1775544309e-05
1693 3.7926945050e-01 1.1218245659e-05
1694 3.7902578464e-01 1.1693401046e-05
1695 3.7882153491e-01 1.1621800185e-05
1696 3.7858590392e-01 1.1237795242e-05
1697 3.7831310543e-01 1.2173446131e-05
1698 3.7807127935e-01 1.2473671713e-05
1699 3.7782987102e-01 1.2726852473e-05
1700 3.7759733575e-01 1.2725039173e-05
1701 3.7737192493e-01 1.1029552059e-05
1702 3.7711733638e-01 1.1565837418e-05
1703 3.7687694805e-01 1.2829559114e-05
1704 3.7659436306e-01 1.2198511683e-05
1705 3.7627083080e-01 1.1264086097e-05
1706 3.7594292241e-01 1.1713464252e-05
1707 3.7561343450e-01 1.1165123949e-05
1708 3.7525951778e-01 1.0952299244e-05
1709 3.7492075843e-01 1.0930688129e-05
1710 3.7457303258e-01 1.1302567718e-05
1711 3.7425812657e-01 1.0643192990e-05
1712 3.7398272129e-01 1.0624134910e-05
1713 3.7368680913e-01 1.0892034972e-05
1714 3.7333827987e-01 1.0722250232e-05
1715 3.7298922925e-01 1.0429031884e-05
1716 3.7269651159e-01 1.0390172446e-05
1717 3.7243282925e-01 1.0535793570e-05
1718 3.7215626872e-01 1.0453567885e-05
1719 3.7187119864e-01 1.0560610846e-05
1720 3.7163176731e-01 1.0490618256e-05
1721 3.7138454360e-01 1.0391890574e-05
1722 3.7109684642e-01 1.0468579326e-05
1723 3.7080597813e-01 1.0334074612e-05
1724 3.7050721191e-01 1.0536252315e-05
1725 3.7018730629e-01 9.9630662887e-06
1726 3.6987450355e-01 1.0357439427e-05
1727 3.6953763942e-01 1.0216397173e-05
1728 3.6917099627e-01 1.0216049723e-05
1729 3.6882073132e-01 1.0000250121e-05
1730 3.6848391896e-01 1.0269842707e-05
1731 3.6808509663e-01 1.0276252656e-05
1732 3.6764649910e-01 1.0317253699e-05
1733 3.6723061740e-01 1.0196405779e-05
1734 3.6684294996e-01 1.0488094675e-05
1735 3.6645651238e-01 1.0426925930e-05
1736 3.6609102892e-01 1.0154143712e-05
1737 3.6573647966e-01 1.0107967087e-05
1738 3.6544255517e-01 9.8428340292e-06
1739 3.6513573328e-01 1.0365031842e-05
1740 3.6479256061e-01 1.0271247492e-05
1741 3.6449050191e-01 1.0680691143e-05
1742 3.6421455213e-01 1.0796818635e-05
1743 3.6390521756e-01 1.0902693192e-05
1744 3.6362695341e-01 1.1748801855e-05
1745 3.6339304996e-01 1.0831544950e-05
1746 3.6313892003e-01 1.0132616258e-05
1747 3.6286566216e-01 9.9893954767e-06
1748 3.6262532502e-01 1.0448972824e-05
1749 3.6237950011e-01 1.0445363133e-05
1750 3.6207381758e-01 1.0127230217e-05
1751 3.6175399976e-01 9.9501863387e-06
1752 3.6142920149e-01 1.0558258502e-05
1753 3.6112584898e-01 1.1711523765e-05
1754 3.6086967000e-01 1.3623039539e-05
1755 3.6057555533e-01 1.1079944510e-05
1756 3.6025103695e-01 1.0213084700e-05
1757 3.5994962139e-01 1.0192025421e-05
1758 3.5967923648e-01 9.9235781155e-06
1759 3.5938272443e-01 1.0100395143e-05
1760 3.5907409770e-01 1.0134168693e-05
1761 3.5878096196e-01 1.0056369472e-05
1762 3.5843614617e-01 1.0091339632e-05
1763 3.5808911579e-01 9.8022718893e-06
1764 3.5778641812e-01 9.8137956008e-06
1765 3.5750240148e-01 9.7051961194e-06
1766 3.5722975385e-01 9.6940267810e-06
1767 3.5696330622e-01 9.8254610949e-06
1768 3.5668962725e-01 9.5917326618e-06
1769 3.5647554192e-01 9.4390023334e-06
1770 3.5626865367e-01 1.0110905416e-05
1771 3.5600786327e-01 9.8117104633e-06
1772 3.5580244246e-01 9.7696915145e-06
1773 3.5560994895e-01 1.0215811867e-05
1774 3.5538090076e-01 1.1033157530e-05
1775 3.5516275604e-01 1.2019686486e-05
1776 3.5493570126e-01 1.1537720320e-05
1777 3.5466296664e-01 1.0358036724e-05
1778 3.5437287025e-01 9.6812297641e-06
1779 3.5406819439e-01 9.2395417525e-06
1780 3.5370548700e-01 9.3911217989e-06
1781 3.5333048342e-01 9.4913177642e-06
1782 3.5299954763e-01 9.1689380845e-06
1783 3.5265460181e-01 9.2444284229e-06
1784 3.5228479010e-01 9.1836951020e-06
1785 3.5192768980e-01 9.3049262876e-06
1786 3.5158681628e-01 9.1824574503e-06
1787 3.5124656101e-01 8.9101207117e-06
1788 3.5093218830e-01 8.7684520786e-06
1789 3.5065057954e-01 8.6506663026e-06
1790 3.5038259499e-01 8.7468277451e-06
1791 3.5009460057e-01 8.9101045362e-06
1792 3.4984208157e-01 8.9071821007e-06
1793 3.4963028006e-01 8.9825392420e-06
1794 3.4941548631e-01 9.1436979938e-06
1795 3.4915149913e-01 9.1055153119e-06
1796 3.4891547928e-01 8.7297627769e-06
1797 3.4868704133e-01 8.8016642147e-06
1798 3.4842898815e-01 9.1838987517e-06
1799 3.4817419699e-01 9.4689717659e-06
1800 3.4792344781e-01 9.5167040268e-06
1801 3.4763937282e-01 8.5879136215e-06
1802 3.4739735965e-01 8.2942425836e-06
1803 3.4717982724e-01 8.2525582116e-06
1804 3.4694171577e-01 8.5565628322e-06
1805 3.4671275722e-01 8.2980508024e-06
1806 3.4650128399e-01 8.2409934038e-06
1807 3.4629697611e-01 8.0996164182e-06
1808 3.4610852248e-01 7.9717354385e-06
1809 3.4591176903e-01 8.0120236246e-06
1810 3.4570889627e-01 7.8012907533e-06
1811 3.4550798316e-01 8.0334829208e-06
1812 3.4530664494e-01 7.7351047283e-06
1813 3.4510051903e-01 7.9893298502e-06
1814 3.4490116543e-01 7.8350168637e-06
1815 3.4471601290e-01 7.8349839495e-06
1816 3.4453131591e-01 7.7472764245e-06
1817 3.4432027708e-01 7.8258156811e-06
1818 3.4412808302e-01 7.3942264002e-06
1819 3.4396660722e-01 7.6031953533e-06
1820 3.4376972755e-01 7.6565555938e-06
1821 3.4355830269e-01 7.7040003654e-06
1822 3.4336459864e-01 7.6282648196e-06
1823 3.4317844542e-01 8.1037181587e-06
1824 3.4299759845e-01 9.0542537119e-06
1825 3.4284079209e-01 8.6254865166e-06
1826 3.4267995075e-01 8.1617822113e-06
1827 3.4249401532e-01 7.6832603090e-06
1828 3.4230169356e-01 7.3389465509e-06
1829 3.4208006503e-01 7.4277867463e-06
1830 3.4183229578e-01 7.1867987497e-06
1831 3.4160316188e-01 7.3251232154e-06
1832 3.4136913933e-01 7.2281451653e-06
1833 3.4115898597e-01 6.8611452750e-06
1834 3.4096023761e-01 7.0917182869e-06
1835 3.4073843607e-01 7.3243068208e-06
1836 3.4052517371e-01 7.1084201609e-06
1837 3.4032168520e-01 7.1227301376e-06
1838 3.4009383276e-01 7.3842058540e-06
1839 3.3988058908e-01 7.3816844247e-06
1840 3.3968046618e-01 8.4027968909e-06
1841 3.3948161904e-01 9.1221532574e-06
1842 3.3927748004e-01 8.1058508083e-06
1843 3.3906946432e-01 7.1636232728e-06
1844 3.3885470244e-01 6.8790881308e-06
1845 3.3864944074e-01 6.6139847723e-06
1846 3.3844352850e-01 6.4517698750e-06
1847 3.3823364294e-01 6.5295498239e-06
1848 3.3802880067e-01 6.5674187059e-06
1849 3.3780423789e-01 6.5778525423e-06
1850 3.3759376767e-01 6.5111986624e-06
1851 3.3738185911e-01 6.6388653844e-06
1852 3.3716028220e-01 6.5888541916e-06
1853 3.3695508518e-01 6.4254076013e-06
1854 3.3675003680e-01 6.5695009103e-06
1855 3.3652877587e-01 6.4813634063e-06
1856 3.3630453458e-01 6.3477517946e-06
1857 3.3610027140e-01 6.2598945860e-06
1858 3.3590267097e-01 6.1288287462e-06
1859 3.3570175758e-01 6.0002263980e-06
1860 3.3553351483e-01 5.9967304004e-06
1861 3.3535493310e-01 6.0329783025e-06
1862 3.3517507177e-01 6.0333975243e-06
1863 3.3499610895e-01 6.0514468461e-06
1864 3.3480103169e-01 6.4521539044e-06
1865 3.3460711555e-01 6.4802315048e-06
1866 3.3442232380e-01 6.1975193503e-06
1867 3.3422788191e-01 6.0878042161e-06
1868 3.3403863137e-01 5.7060514974e-06
1869 3.3384840701e-01 5.7411569100e-06
1870 3.3365486772e-01 6.1129243275e-06
1871 3.3347707986e-01 6.2231426111e-06
1872 3.3329039076e-01 5.8335326875e-06
1873 3.3308853516e-01 5.6790896206e-06
1874 3.3288895359e-01 5.8555272998e-06
1875 3.3268301950e-01 5.6857174854e-06
1876 3.3248557868e-01 5.5794700024e-06
1877 3.3228979298e-01 5.6177354975e-06
1878 3.3207815945e-01 5.7225680704e-06
1879 3.3188953224e-01 5.3596662635e-06
1880 3.3170786902e-01 5.6913505198e-06
1881 3.3148598609e-01 5.6591877277e-06
1882 3.3127212767e-01 5.4335833929e-06
1883 3.3108188325e-01 5.3945029020e-06
1884 3.3089140916e-01 5.5746267669e-06
1885 3.3071140052e-01 6.1453142188e-06
1886 3.3054760135e-01 6.1079198468e-06
1887 3.3037386227e-01 6.1385551479e-06
1888 3.3020332789e-01 5.9189310825e-06
1889 3.3003045312e-01 5.6553763526e-06
1890 3.2984430772e-01 5.6600301054e-06
1891 3.2966499887e-01 5.4385422426e-06
1892 3.2949232326e-01 5.1676709476e-06
1893 3.2928872076e-01 5.5931686300e-06
1894 3.2906103778e-01 5.4234988126e-06
1895 3.2881937179e-01 5.5059557150e-06
1896 3.2858479696e-01 5.3654680799e-06
1897 3.2835359992e-01 5.3075227125e-06
1898 3.2810983788e-01 5.2878953732e-06
1899 3.2787142196e-01 5.3640196664e-06
1900 3.2765238405e-01 5.3329948541e-06
1901 3.2741815553e-01 5.3709709905e-06
1902 3.2718960575e-01 5.3508519042e-06
1903 3.2694008502e-01 5.3134221551e-06
1904 3.2669564535e-01 5.1816515168e-06
1905 3.2644228886e-01 5.2998201630e-06
1906 3.2616478534e-01 5.2787507703e-06
1907 3.2588551873e-01 5.3721232524e-06
1908 3.2558950859e-01 5.3670208144e-06
1909 3.2529732925e-01 5.8857386523e-06
1910 3.2505527398e-01 6.6448915664e-06
1911 3.2482898490e-01 6.1079394472e-06
1912 3.2458655792e-01 5.8831030895e-06
1913 3.2434340944e-01 5.8489899433e-06
1914 3.2409031803e-01 5.2915963437e-06
1915 3.2384239304e-01 5.1433226906e-06
1916 3.2359631432e-01 5.2949295082e-06
1917 3.2333999572e-01 5.2352776544e-06
1918 3.2306999318e-01 5.0989131624e-06
1919 3.2280396638e-01 5.1975336042e-06
1920 3.2260066697e-01 4.9057403905e-06
1921 3.2237168522e-01 5.3552999492e-06
1922 3.2212176839e-01 5.6544685745e-06
1923 3.2188092581e-01 5.3506704781e-06
1924 3.2164299780e-01 4.9647645917e-06
1925 3.2143149337e-01 5.2076690580e-06
1926 3.2121187539e-01 5.4101748414e-06
1927 3.2097204712e-01 5.1964617302e-06
1928 3.2072369983e-01 5.2028702586e-06
1929 3.2050670991e-01 5.3841125660e-06
1930 3.2030339601e-01 5.5154094949e-06
1931 3.2009390144e-01 5.1141156267e-06
1932 3.1986479901e-01 5.1254639614e-06
1933 3.1961706756e-01 5.7585438112e-06
1934 3.1939686461e-01 5.8485741665e-06
1935 3.1914389379e-01 5.4477749341e-06
1936 3.1885707839e-01 5.5019864958e-06
1937 3.1856987329e-01 5.8523784876e-06
1938 3.1828086073e-01 6.0843270446e-06
1939 3.1799793631e-01 5.8334397662e-06
1940 3.1775085761e-01 5.0975152739e-06
1941 3.1754065623e-01 5.9117996920e-06
1942 3.1730734513e-01 5.4744386883e-06
1943 3.1707621511e-01 4.8227354746e-06
1944 3.1687904024e-01 4.8973807305e-06
1945 3.1669184169e-01 5.0398204983e-06
1946 3.1650951801e-01 4.8865103269e-06
1947 3.1635998998e-01 4.7546217863e-06
1948 3.1621794220e-01 4.7312591327e-06
1949 3.1604166067e-01 4.7925362912e-06
1950 3.1587163964e-01 5.0079557038e-06
1951 3.1572946055e-01 5.2097986140e-06
1952 3.1557196765e-01 5.1305571760e-06
1953 3.1540057314e-01 4.8775170082e-06
1954 3.1521899753e-01 4.7773710068e-06
1955 3.1502808543e-01 4.7470836138e-06
1956 3.1483442774e-01 4.9158540002e-06
1957 3.1464658278e-01 4.5692229265e-06
1958 3.1444309013e-01 4.6879696762e-06
1959 3.1423496099e-01 4.8892062425e-06
1960 3.1399868647e-01 4.5671169563e-06
1961 3.1376562836e-01 4.6852882977e-06
1962 3.1354127872e-01 4.7529034979e-06
1963 3.1328685316e-01 4.5813395936e-06
1964 3.1303788016e-01 4.6888836246e-06
1965 3.1280655156e-01 4.7524704420e-06
1966 3.1256714063e-01 4.6138960980e-06
1967 3.1231573356e-01 4.4131879353e-06
1968 3.1208752283e-01 4.6005168734e-06
1969 3.1187762303e-01 4.4697913594e-06
1970 3.1165665754e-01 4.3819284440e-06
1971 3.1143783967e-01 4.3225780099e-06
1972 3.1124261767e-01 4.4902782918e-06
1973 3.1105098495e-01 4.4573105018e-06
1974 3.1086770580e-01 4.3039933822e-06
1975 3.1070308313e-01 4.2323584418e-06
1976 3.1055397627e-01 4.1514140754e-06
1977 3.1040230139e-01 4.2901021411e-06
1978 3.1023557375e-01 4.2987967987e-06
1979 3.1004928331e-01 4.1139282102e-06
1980 3.0986863079e-01 4.1187941074e-06
1981 3.0970462217e-01 4.2022231230e-06
1982 3.0951798166e-01 4.2380826242e-06
1983 3.0931345389e-01 4.3001329409e-06
1984 3.0912085043e-01 4.4308816345e-06
1985 3.0892934667e-01 4.7813979471e-06
1986 3.0871967484e-01 5.1916542439e-06
1987 3.0852492022e-01 5.1379208578e-06
1988 3.0832086889e-01 4.4123692703e-06
1989 3.0810038152e-01 4.0653182742e-06
1990 3.0789632812e-01 4.2298862604e-06
1991 3.0770675036e-01 4.2078284201e-06
1992 3.0750957110e-01 4.2148467743e-06
1993 3.0729362470e-01 4.1841508648e-06
1994 3.0708018674e-01 4.0760109190e-06
1995 3.0689527185e-01 4.2417910146e-06
1996 3.0672162384e-01 4.4168413476e-06
1997 3.0654461753e-01 4.3329680576e-06
1998 3.0637288942e-01 3.9921362235e-06
1999 3.0621691067e-01 3.8227193849e-06
