iter rel_error rel_residual
0 2.5532843708e+01 3.9026886582e-01
1 2.4798865181e+01 1.8062010497e-01
2 2.2803233316e+01 1.1163479230e-01
3 2.1006293888e+01 8.3731465012e-02
4 1.9126692448e+01 5.5253103777e-02
5 1.7476885464e+01 4.3550643307e-02
6 1.6006141396e+01 3.2476228609e-02
7 1.4860741864e+01 2.6277925947e-02
8 1.3939835565e+01 2.1269895764e-02
9 1.3233768206e+01 1.7218363123e-02
10 1.2549127240e+01 1.5134338232e-02
11 1.1714224664e+01 1.2095133365e-02
12 1.0764583545e+01 1.0724431993e-02
13 9.8311779442e+00 8.8013784717e-03
14 8.9948464025e+00 8.0997355821e-03
15 8.2427933625e+00 6.9099191254e-03
16 7.5872469948e+00 6.2144349353e-03
17 6.9566264616e+00 5.3613936325e-03
18 6.4232192198e+00 4.7897265304e-03
19 5.9510868577e+00 4.4667848664e-03
20 5.5334780436e+00 3.9522086154e-03
21 5.2034781095e+00 3.5961653916e-03
22 4.9668003015e+00 3.2274849931e-03
23 4.8011334004e+00 3.0930897451e-03
24 4.6687872585e+00 2.7306001386e-03
25 4.5638376632e+00 2.6147338133e-03
26 4.4756664169e+00 2.3028021301e-03
27 4.4226823258e+00 2.2395700314e-03
28 4.3845377658e+00 1.9734868503e-03
29 4.3422175667e+00 1.9432619954e-03
30 4.2884691829e+00 1.7720288824e-03
31 4.2364067223e+00 1.6861335169e-03
32 4.1806597107e+00 1.6385342452e-03
33 4.1220717092e+00 1.5008401715e-03
34 4.0614064349e+00 1.4366970355e-03
35 3.9959405998e+00 1.3100494244e-03
36 3.9286638124e+00 1.2709293469e-03
37 3.8585901937e+00 1.2120967171e-03
38 3.7952683308e+00 1.1431592529e-03
39 3.7400407841e+00 1.0823912441e-03
40 3.6938490421e+00 1.0246013095e-03
41 3.6509861834e+00 9.9957575173e-04
42 3.6061603158e+00 9.7737600958e-04
43 3.5692825204e+00 9.3711192011e-04
44 3.5370461547e+00 8.9781582584e-04
45 3.5075307949e+00 8.5583233494e-04
46 3.4845968527e+00 8.2022048641e-04
47 3.4636201657e+00 7.7733934826e-04
48 3.4435817964e+00 7.6468055346e-04
49 3.4235407369e+00 7.3220115976e-04
50 3.4013981706e+00 7.2334759614e-04
51 3.3796456075e+00 6.8980446814e-04
52 3.3602051926e+00 6.4781452804e-04
53 3.3384342789e+00 6.1784215803e-04
54 3.3172431362e+00 6.0072321304e-04
55 3.2954704281e+00 6.0706723722e-04
56 3.2733165179e+00 5.6066518926e-04
57 3.2534685003e+00 5.5964113366e-04
58 3.2340529341e+00 5.3354126293e-04
59 3.2154594892e+00 5.3202682567e-04
60 3.1989826852e+00 4.8917314119e-04
61 3.1827582816e+00 4.9068735972e-04
62 3.1664661548e+00 4.6593312348e-04
63 3.1526471793e+00 4.5166189227e-04
64 3.1386270670e+00 4.3644535860e-04
65 3.1252713975e+00 4.2924095638e-04
66 3.1121559463e+00 4.1364577706e-04
67 3.0992722965e+00 3.9835912611e-04
68 3.0888301661e+00 3.8234990805e-04
69 3.0783357044e+00 3.7527982959e-04
70 3.0679137882e+00 3.5762323812e-04
71 3.0590322259e+00 3.5102214521e-04
72 3.0485108500e+00 3.3786249553e-04
73 3.0387796067e+00 3.2858291915e-04
74 3.0285585671e+00 3.2570628740e-04
75 3.0182752086e+00 3.0782144118e-04
76 3.0093688624e+00 3.0774152456e-04
77 3.0001825274e+00 2.9976767494e-04
78 2.9908464014e+00 2.9673525836e-04
79 2.9822593603e+00 2.8390945958e-04
80 2.9737753944e+00 2.8255986229e-04
81 2.9652284181e+00 2.6892602157e-04
82 2.9578574014e+00 2.6811752599e-04
83 2.9504082261e+00 2.5340510603e-04
84 2.9427864699e+00 2.4672548453e-04
85 2.9348810005e+00 2.4557954177e-04
86 2.9274695032e+00 2.3197976666e-04
87 2.9199984937e+00 2.3258174627e-04
88 2.9119841092e+00 2.2803730039e-04
89 2.9042556664e+00 2.1705469875e-04
90 2.8965709949e+00 2.1351971570e-04
91 2.8894897893e+00 2.0564233973e-04
92 2.8823167376e+00 2.0651185538e-04
93 2.8752136239e+00 1.9864641495e-04
94 2.8689488482e+00 1.9583500405e-04
95 2.8622017368e+00 1.8954744814e-04
96 2.8555547892e+00 1.8903107341e-04
97 2.8491514970e+00 1.8253292162e-04
98 2.8429401002e+00 1.8263889657e-04
99 2.8365493587e+00 1.7185520780e-04
100 2.8308882113e+00 1.7481444482e-04
101 2.8249167536e+00 1.6731630399e-04
102 2.8197802876e+00 1.6624137939e-04
103 2.8144367874e+00 1.6147221090e-04
104 2.8094620553e+00 1.5949521000e-04
105 2.8044886701e+00 1.5756319994e-04
106 2.7994053457e+00 1.5308864835e-04
107 2.7944510741e+00 1.5028648762e-04
108 2.7897619191e+00 1.4545368432e-04
109 2.7850002002e+00 1.4402062269e-04
110 2.7805240489e+00 1.4183938766e-04
111 2.7758123834e+00 1.3851938720e-04
112 2.7713524550e+00 1.3407392696e-04
113 2.7670394849e+00 1.3149565515e-04
114 2.7627066141e+00 1.2930553194e-04
115 2.7582996028e+00 1.2898361296e-04
116 2.7544292894e+00 1.2275691267e-04
117 2.7508104056e+00 1.2082992029e-04
118 2.7470608359e+00 1.1800770939e-04
119 2.7434911814e+00 1.2198775363e-04
120 2.7395089607e+00 1.1564344997e-04
121 2.7355945995e+00 1.1789762824e-04
122 2.7316835144e+00 1.1430632025e-04
123 2.7275916100e+00 1.1481527802e-04
124 2.7236827476e+00 1.1058739068e-04
125 2.7197668322e+00 1.0955164140e-04
126 2.7162587846e+00 1.0214688198e-04
127 2.7128430161e+00 1.0602192568e-04
128 2.7090064193e+00 1.0041296602e-04
129 2.7055525269e+00 1.0079109851e-04
130 2.7019077315e+00 9.5586324738e-05
131 2.6988155589e+00 9.4145576620e-05
132 2.6957618773e+00 9.0708460387e-05
133 2.6926666145e+00 9.2832758887e-05
134 2.6895958286e+00 8.9511550805e-05
135 2.6864991926e+00 8.9615448956e-05
136 2.6833623583e+00 8.6693598762e-05
137 2.6800673011e+00 8.8130768941e-05
138 2.6769518987e+00 8.5550704467e-05
139 2.6737967930e+00 8.3229101624e-05
140 2.6704404386e+00 8.4767393107e-05
141 2.6670943966e+00 7.9811406126e-05
142 2.6638697172e+00 8.1213968252e-05
143 2.6605589513e+00 7.6402043705e-05
144 2.6576844014e+00 7.7251035405e-05
145 2.6547339059e+00 7.4986999076e-05
146 2.6517267180e+00 7.5724049594e-05
147 2.6486720307e+00 7.4488464537e-05
148 2.6456400129e+00 7.4296051497e-05
149 2.6425793869e+00 7.1024283944e-05
150 2.6399897817e+00 7.0601643403e-05
151 2.6369831716e+00 6.7920406910e-05
152 2.6341059508e+00 6.8431189951e-05
153 2.6314022546e+00 6.6823384422e-05
154 2.6286753092e+00 6.5892475100e-05
155 2.6259127464e+00 6.3154761908e-05
156 2.6235337379e+00 6.3678232060e-05
157 2.6208770343e+00 6.2904932325e-05
158 2.6182196506e+00 6.1560376479e-05
159 2.6155994802e+00 6.2299543050e-05
160 2.6126617755e+00 6.0426138973e-05
161 2.6099606976e+00 6.1167589756e-05
162 2.6071269293e+00 5.9084335346e-05
163 2.6043833104e+00 5.9052596994e-05
164 2.6016873792e+00 5.9456216784e-05
165 2.5988157098e+00 5.8414124963e-05
166 2.5960799549e+00 5.7978658782e-05
167 2.5933722276e+00 5.6722655060e-05
168 2.5907117898e+00 5.6225757232e-05
169 2.5879958472e+00 5.6341576399e-05
170 2.5851998034e+00 5.5069973638e-05
171 2.5823528928e+00 5.6212968254e-05
172 2.5794365379e+00 5.4428620148e-05
173 2.5765686584e+00 5.3546923166e-05
174 2.5737408583e+00 5.3082628000e-05
175 2.5707007443e+00 5.2107117673e-05
176 2.5677456597e+00 5.1889698091e-05
177 2.5648950327e+00 5.0531951845e-05
178 2.5618306380e+00 5.0723653938e-05
179 2.5589650174e+00 4.8753624922e-05
180 2.5562378411e+00 4.8852610736e-05
181 2.5534754086e+00 4.8644125977e-05
182 2.5509486091e+00 4.7102017673e-05
183 2.5484102913e+00 4.7734201013e-05
184 2.5460955366e+00 4.5687353485e-05
185 2.5437764006e+00 4.6944071739e-05
186 2.5413653025e+00 4.6042832274e-05
187 2.5387253997e+00 4.6527365017e-05
188 2.5361528609e+00 4.6738541552e-05
189 2.5337011208e+00 4.4762797194e-05
190 2.5310811932e+00 4.5505073256e-05
191 2.5283526723e+00 4.4600354371e-05
192 2.5257667317e+00 4.4463972258e-05
193 2.5231113010e+00 4.3356255366e-05
194 2.5204469001e+00 4.4113607862e-05
195 2.5179408711e+00 4.2322594889e-05
196 2.5154534282e+00 4.2909022344e-05
197 2.5130201002e+00 4.1447836162e-05
198 2.5107322850e+00 4.0406420120e-05
199 2.5083519715e+00 4.1829633358e-05
200 2.5058580122e+00 4.1407616702e-05
201 2.5032574030e+00 4.2354105253e-05
202 2.5005433796e+00 4.0769988620e-05
203 2.4981437549e+00 4.1223807592e-05
204 2.4957105055e+00 4.0679826389e-05
205 2.4931582022e+00 4.0770284785e-05
206 2.4906696865e+00 4.0412422698e-05
207 2.4881399388e+00 3.9671948084e-05
208 2.4856719559e+00 3.9353851436e-05
209 2.4832664200e+00 3.8460884784e-05
210 2.4807221815e+00 3.9195952032e-05
211 2.4782992237e+00 3.7693775711e-05
212 2.4758827292e+00 3.7716555491e-05
213 2.4734445533e+00 3.6673439169e-05
214 2.4712373046e+00 3.6577711278e-05
215 2.4691476632e+00 3.6039342721e-05
216 2.4668079363e+00 3.6225802858e-05
217 2.4645633276e+00 3.6110339602e-05
218 2.4622328272e+00 3.5323983807e-05
219 2.4600462279e+00 3.4799399672e-05
220 2.4579307687e+00 3.4579757147e-05
221 2.4557306253e+00 3.4469469550e-05
222 2.4535180927e+00 3.4344605092e-05
223 2.4512693444e+00 3.4450484588e-05
224 2.4490323238e+00 3.4507123979e-05
225 2.4467634346e+00 3.4227591723e-05
226 2.4445874724e+00 3.2858026506e-05
227 2.4424074913e+00 3.3164943736e-05
228 2.4401449731e+00 3.2270255250e-05
229 2.4380586222e+00 3.2942418439e-05
230 2.4358726799e+00 3.1960960063e-05
231 2.4337382234e+00 3.1520587407e-05
232 2.4317299691e+00 3.1168519982e-05
233 2.4296252872e+00 3.1363591894e-05
234 2.4275256545e+00 3.1204122020e-05
235 2.4254948440e+00 3.1126503442e-05
236 2.4233839314e+00 3.0943187764e-05
237 2.4212210338e+00 3.0875841518e-05
238 2.4190477540e+00 3.1013385059e-05
239 2.4168546409e+00 3.0968696418e-05
240 2.4146112842e+00 3.0724943417e-05
241 2.4123677024e+00 3.0496556875e-05
242 2.4101868691e+00 3.0340317026e-05
243 2.4079851284e+00 2.9884056218e-05
244 2.4058568308e+00 3.0150841261e-05
245 2.4036835473e+00 3.0165595344e-05
246 2.4013846689e+00 2.9798687156e-05
247 2.3990623688e+00 2.9670932134e-05
248 2.3968165874e+00 2.9217451928e-05
249 2.3944986526e+00 2.9591509239e-05
250 2.3922073133e+00 2.8394474841e-05
251 2.3900789875e+00 2.8038768391e-05
252 2.3878666219e+00 2.8288332436e-05
253 2.3858146561e+00 2.6719207734e-05
254 2.3837324699e+00 2.8216039972e-05
255 2.3815967890e+00 2.6754981838e-05
256 2.3796520137e+00 2.6671541396e-05
257 2.3776173446e+00 2.6877412486e-05
258 2.3755308617e+00 2.6429208813e-05
259 2.3734918083e+00 2.6037049651e-05
260 2.3714670215e+00 2.5618596252e-05
261 2.3695973445e+00 2.5643666095e-05
262 2.3678246628e+00 2.4939443620e-05
263 2.3658987594e+00 2.5844251966e-05
264 2.3638183686e+00 2.5165192543e-05
265 2.3617160812e+00 2.5696410593e-05
266 2.3596056541e+00 2.5348212085e-05
267 2.3575622702e+00 2.5093367031e-05
268 2.3555002806e+00 2.4505959575e-05
269 2.3535140102e+00 2.4810264612e-05
270 2.3514174627e+00 2.4732669162e-05
271 2.3493762192e+00 2.5139416584e-05
272 2.3472592195e+00 2.4351504570e-05
273 2.3453817292e+00 2.4419323199e-05
274 2.3434846372e+00 2.3705271777e-05
275 2.3414499637e+00 2.4956382648e-05
276 2.3392710937e+00 2.3899190003e-05
277 2.3371358414e+00 2.4942638218e-05
278 2.3350196853e+00 2.4154558635e-05
279 2.3328935917e+00 2.4647042004e-05
280 2.3309256670e+00 2.3647390511e-05
281 2.3289592721e+00 2.4098400267e-05
282 2.3268341548e+00 2.3563030508e-05
283 2.3247184954e+00 2.3477552984e-05
284 2.3225877202e+00 2.4035969567e-05
285 2.3203891128e+00 2.3633578543e-05
286 2.3182747260e+00 2.3094347079e-05
287 2.3162236752e+00 2.2942223594e-05
288 2.3142650528e+00 2.2302619447e-05
289 2.3124394605e+00 2.2380347387e-05
290 2.3104490552e+00 2.2513414790e-05
291 2.3083424722e+00 2.2255033670e-05
292 2.3063523780e+00 2.1701741985e-05
293 2.3043008828e+00 2.1881516790e-05
294 2.3024008808e+00 2.1046525942e-05
295 2.3005584785e+00 2.1177531333e-05
296 2.2986857419e+00 2.1021842339e-05
297 2.2968691557e+00 2.0433380248e-05
298 2.2951909738e+00 2.0417980422e-05
299 2.2934504684e+00 2.0138282355e-05
300 2.2915996602e+00 2.0512973761e-05
301 2.2897069171e+00 2.0054475122e-05
302 2.2878073298e+00 1.9964736435e-05
303 2.2859693290e+00 2.0032479876e-05
304 2.2841084234e+00 1.9557884341e-05
305 2.2822698928e+00 1.9704514554e-05
306 2.2804128091e+00 1.9543892211e-05
307 2.2785734522e+00 1.9105377137e-05
308 2.2767811581e+00 1.9085701134e-05
309 2.2749137245e+00 1.9070097362e-05
310 2.2731175844e+00 1.8905404675e-05
311 2.2713646877e+00 1.8921443060e-05
312 2.2696548709e+00 1.8587696795e-05
313 2.2679553250e+00 1.8947489130e-05
314 2.2661512608e+00 1.8506130729e-05
315 2.2642646136e+00 1.9050546631e-05
316 2.2624064680e+00 1.8357714105e-05
317 2.2606067296e+00 1.8109308731e-05
318 2.2588626096e+00 1.7985856858e-05
319 2.2571049603e+00 1.7933936132e-05
320 2.2554241976e+00 1.7556007739e-05
321 2.2538454964e+00 1.7551242762e-05
322 2.2521159991e+00 1.7671876048e-05
323 2.2503285439e+00 1.7708445909e-05
324 2.2484517521e+00 1.7905814055e-05
325 2.2465246856e+00 1.7558542026e-05
326 2.2446469265e+00 1.7526575470e-05
327 2.2426996555e+00 1.7227171706e-05
328 2.2408965499e+00 1.6930025071e-05
329 2.2391446271e+00 1.6981439125e-05
330 2.2374041612e+00 1.6863082868e-05
331 2.2356450620e+00 1.6570892587e-05
332 2.2339696879e+00 1.6575944712e-05
333 2.2321567700e+00 1.6925528123e-05
334 2.2303779341e+00 1.6344632710e-05
335 2.2286521131e+00 1.6522267692e-05
336 2.2268546043e+00 1.6148885757e-05
337 2.2250272783e+00 1.6546488245e-05
338 2.2230983830e+00 1.6550521714e-05
339 2.2212130152e+00 1.6475153151e-05
340 2.2192777910e+00 1.6441757297e-05
341 2.2173367418e+00 1.6243115095e-05
342 2.2154621757e+00 1.6162491524e-05
343 2.2136375738e+00 1.6158687822e-05
344 2.2118934126e+00 1.5546789216e-05
345 2.2101568817e+00 1.6062234068e-05
346 2.2082774298e+00 1.6050284672e-05
347 2.2063586087e+00 1.6405572820e-05
348 2.2043527951e+00 1.6001725015e-05
349 2.2024794996e+00 1.5542670157e-05
350 2.2007628726e+00 1.5343497401e-05
351 2.1990649143e+00 1.5420318196e-05
352 2.1971806318e+00 1.5400412639e-05
353 2.1952750883e+00 1.5671384723e-05
354 2.1933821239e+00 1.5108351263e-05
355 2.1915514387e+00 1.5371313344e-05
356 2.1897799928e+00 1.4852026910e-05
357 2.1880112449e+00 1.5118455549e-05
358 2.1861940133e+00 1.4647654886e-05
359 2.1843810114e+00 1.4996060536e-05
360 2.1825487858e+00 1.4862337523e-05
361 2.1806928693e+00 1.4777469863e-05
362 2.1788316219e+00 1.4527046281e-05
363 2.1770770628e+00 1.4170553008e-05
364 2.1752890372e+00 1.4497728098e-05
365 2.1733960393e+00 1.4630241103e-05
366 2.1714625680e+00 1.4751350944e-05
367 2.1695574908e+00 1.4494890645e-05
368 2.1677405380e+00 1.4483449867e-05
369 2.1660120965e+00 1.4204318416e-05
370 2.1641717009e+00 1.4623977221e-05
371 2.1622934137e+00 1.4307345330e-05
372 2.1604549630e+00 1.4236614856e-05
373 2.1586999909e+00 1.4242934980e-05
374 2.1567759774e+00 1.4262539126e-05
375 2.1548437228e+00 1.3994081324e-05
376 2.1528862974e+00 1.4257381504e-05
377 2.1509802707e+00 1.3701821913e-05
378 2.1492360624e+00 1.3701415809e-05
379 2.1475093430e+00 1.3584397300e-05
380 2.1456539902e+00 1.3678462939e-05
381 2.1439116302e+00 1.3522292837e-05
382 2.1422131108e+00 1.3490187977e-05
383 2.1404173313e+00 1.3289069171e-05
384 2.1385942401e+00 1.3406932428e-05
385 2.1368485689e+00 1.3181368565e-05
386 2.1351797135e+00 1.3218152295e-05
387 2.1334024106e+00 1.3325739211e-05
388 2.1315779170e+00 1.3304969829e-05
389 2.1297719914e+00 1.3230171192e-05
390 2.1279290347e+00 1.3091665612e-05
391 2.1260707898e+00 1.3154657475e-05
392 2.1241495050e+00 1.3125290612e-05
393 2.1222507228e+00 1.3087341018e-05
394 2.1203670596e+00 1.2830775636e-05
395 2.1185594581e+00 1.2673658715e-05
396 2.1167269832e+00 1.2786174063e-05
397 2.1149011359e+00 1.2376248136e-05
398 2.1131844130e+00 1.2475591934e-05
399 2.1114073897e+00 1.2435991297e-05
400 2.1096820267e+00 1.2291293170e-05
401 2.1079336404e+00 1.2287090462e-05
402 2.1062101715e+00 1.2074372521e-05
403 2.1044456227e+00 1.2356422790e-05
404 2.1028084416e+00 1.1741001306e-05
405 2.1012131699e+00 1.2107836956e-05
406 2.0995033073e+00 1.1984490432e-05
407 2.0977496561e+00 1.1957184773e-05
408 2.0960569122e+00 1.1880303199e-05
409 2.0945008195e+00 1.1655488439e-05
410 2.0929716688e+00 1.1689621491e-05
411 2.0913637843e+00 1.1523370418e-05
412 2.0897419979e+00 1.1718891272e-05
413 2.0881170168e+00 1.1314404567e-05
414 2.0865628885e+00 1.1218422159e-05
415 2.0849693475e+00 1.1177739409e-05
416 2.0833319078e+00 1.1147405687e-05
417 2.0817095870e+00 1.1223980060e-05
418 2.0801750035e+00 1.0730897617e-05
419 2.0786928612e+00 1.1096487669e-05
420 2.0771450726e+00 1.0668038941e-05
421 2.0756555399e+00 1.0768685174e-05
422 2.0741500644e+00 1.0462266660e-05
423 2.0726466332e+00 1.0731635251e-05
424 2.0711474446e+00 1.0328987296e-05
425 2.0696648907e+00 1.0594176536e-05
426 2.0681572538e+00 1.0295339624e-05
427 2.0666687560e+00 1.0450720450e-05
428 2.0651473804e+00 1.0406321640e-05
429 2.0636765966e+00 1.0393650861e-05
430 2.0622330559e+00 1.0303342380e-05
431 2.0607759930e+00 1.0262550598e-05
432 2.0593425408e+00 1.0104629005e-05
433 2.0579090830e+00 1.0456899065e-05
434 2.0563266594e+00 1.0414873439e-05
435 2.0547138140e+00 1.0466300410e-05
436 2.0530659541e+00 1.0502972210e-05
437 2.0514165100e+00 1.0528350999e-05
438 2.0498417743e+00 1.0369416614e-05
439 2.0483593129e+00 1.0196447302e-05
440 2.0469254654e+00 1.0313451258e-05
441 2.0453970301e+00 1.0113200513e-05
442 2.0439171832e+00 1.0264446125e-05
443 2.0422850126e+00 1.0385279447e-05
444 2.0405760977e+00 1.0561680464e-05
445 2.0388680686e+00 1.0313065329e-05
446 2.0372123304e+00 1.0154002327e-05
447 2.0356082708e+00 1.0184771383e-05
448 2.0339976895e+00 9.9990262359e-06
449 2.0324573836e+00 9.8494072178e-06
450 2.0309113127e+00 9.8004117244e-06
451 2.0293097446e+00 1.0056460188e-05
452 2.0276472816e+00 1.0028618161e-05
453 2.0259882628e+00 1.0115897390e-05
454 2.0243403593e+00 1.0127673160e-05
455 2.0227322210e+00 1.0146913220e-05
456 2.0212009479e+00 1.0156350088e-05
457 2.0195002117e+00 1.0324570387e-05
458 2.0177784461e+00 1.0151028027e-05
459 2.0161005664e+00 1.0404131853e-05
460 2.0143249186e+00 1.0356178415e-05
461 2.0125051338e+00 1.0220351900e-05
462 2.0106987655e+00 1.0295401167e-05
463 2.0088844347e+00 1.0175078437e-05
464 2.0070981333e+00 1.0235729594e-05
465 2.0055493995e+00 9.6687857339e-06
466 2.0040351723e+00 9.9784231803e-06
467 2.0022773571e+00 9.9525476628e-06
468 2.0004852958e+00 1.0174002878e-05
469 1.9986756212e+00 9.9927475966e-06
470 1.9969524014e+00 9.7114484318e-06
471 1.9953259265e+00 9.7770649306e-06
472 1.9936514413e+00 9.7955913438e-06
473 1.9918905642e+00 1.0039028280e-05
474 1.9901318670e+00 9.8102319791e-06
475 1.9884055794e+00 9.9152136885e-06
476 1.9866655728e+00 9.8580759702e-06
477 1.9848796666e+00 9.8604249305e-06
478 1.9830576208e+00 1.0038719925e-05
479 1.9811787705e+00 9.8335692310e-06
480 1.9794076862e+00 9.7416932403e-06
481 1.9777400340e+00 9.6684473248e-06
482 1.9761147746e+00 9.6339826196e-06
483 1.9744187738e+00 9.5699977598e-06
484 1.9727076057e+00 9.6647819944e-06
485 1.9710418908e+00 9.6588698797e-06
486 1.9694079587e+00 9.7419956104e-06
487 1.9676793033e+00 9.7748557717e-06
488 1.9658771434e+00 9.6832693519e-06
489 1.9641034658e+00 9.7100286588e-06
490 1.9624613268e+00 9.6022319307e-06
491 1.9608756742e+00 9.6159531857e-06
492 1.9591129424e+00 9.7014151722e-06
493 1.9572399314e+00 9.7658523183e-06
494 1.9553276043e+00 9.9412104938e-06
495 1.9534429471e+00 9.7790029542e-06
496 1.9516787829e+00 9.6107970948e-06
497 1.9499871460e+00 9.6162778309e-06
498 1.9482565716e+00 9.6579693958e-06
499 1.9466012629e+00 9.5704325819e-06
500 1.9449061130e+00 9.7834159624e-06
501 1.9430243117e+00 9.6763787166e-06
502 1.9411213946e+00 9.7875565177e-06
503 1.9392015927e+00 9.7399452856e-06
504 1.9373872039e+00 9.6176901821e-06
505 1.9355914803e+00 9.6290056996e-06
506 1.9339242730e+00 9.4464104318e-06
507 1.9321581345e+00 9.6071644710e-06
508 1.9304036288e+00 9.5310957796e-06
509 1.9286671465e+00 9.3753786642e-06
510 1.9269946748e+00 9.5093516471e-06
511 1.9253150048e+00 9.1992877231e-06
512 1.9236685547e+00 9.3012125870e-06
513 1.9220642407e+00 9.0985037746e-06
514 1.9204650625e+00 9.4628563111e-06
515 1.9187040631e+00 9.1869591878e-06
516 1.9170026246e+00 9.2895220008e-06
517 1.9153754141e+00 9.0536413993e-06
518 1.9137352598e+00 9.2881372496e-06
519 1.9120148601e+00 9.1267557863e-06
520 1.9103264206e+00 9.1896180952e-06
521 1.9086918419e+00 9.0748045142e-06
522 1.9071094939e+00 8.9023293550e-06
523 1.9055433539e+00 8.9722354961e-06
524 1.9038167116e+00 9.1288964765e-06
525 1.9021009108e+00 8.8805356356e-06
526 1.9004914360e+00 8.6949987850e-06
527 1.8989611240e+00 8.6404945487e-06
528 1.8975502678e+00 8.5963812504e-06
529 1.8960947161e+00 8.4594151191e-06
530 1.8945882014e+00 8.3781172111e-06
531 1.8930867854e+00 8.4759003105e-06
532 1.8916350061e+00 8.3661580458e-06
533 1.8902411250e+00 8.4001198572e-06
534 1.8887917426e+00 8.1790344612e-06
535 1.8873430122e+00 8.2784446608e-06
536 1.8859236848e+00 7.9889177381e-06
537 1.8845227321e+00 7.9970149114e-06
538 1.8831321667e+00 7.9655477689e-06
539 1.8817949169e+00 7.9056826300e-06
540 1.8804792916e+00 7.7125031472e-06
541 1.8791924708e+00 7.6813946471e-06
542 1.8779785197e+00 7.5777505274e-06
543 1.8768298975e+00 7.6123342219e-06
544 1.8755585916e+00 7.6676213250e-06
545 1.8742004675e+00 7.6461278247e-06
546 1.8728417150e+00 7.6471887518e-06
547 1.8716489672e+00 7.3798442495e-06
548 1.8704454002e+00 7.6694337080e-06
549 1.8691106085e+00 7.5358323108e-06
550 1.8677547335e+00 7.5693852596e-06
551 1.8663808576e+00 7.4475363238e-06
552 1.8650435368e+00 7.5209014339e-06
553 1.8637698348e+00 7.4269991563e-06
554 1.8626234919e+00 7.3514358725e-06
555 1.8613935842e+00 7.4983852674e-06
556 1.8600691081e+00 7.5415259900e-06
557 1.8587615228e+00 7.4935297985e-06
558 1.8574830983e+00 7.4062714297e-06
559 1.8562129325e+00 7.5092202405e-06
560 1.8549235516e+00 7.2521640758e-06
561 1.8537280589e+00 7.3155882004e-06
562 1.8525794426e+00 7.2316833271e-06
563 1.8513695530e+00 7.3971672498e-06
564 1.8500958376e+00 7.1824840971e-06
565 1.8488436442e+00 7.1837539790e-06
566 1.8475899119e+00 7.2080099499e-06
567 1.8463159423e+00 7.3359297945e-06
568 1.8449768648e+00 7.2907373913e-06
569 1.8436373430e+00 7.2194188498e-06
570 1.8422936928e+00 7.1606616100e-06
571 1.8410071992e+00 7.2158420729e-06
572 1.8396978015e+00 7.1377219228e-06
573 1.8384448420e+00 6.9948418101e-06
574 1.8372460045e+00 6.9081981494e-06
575 1.8360422255e+00 6.9112530550e-06
576 1.8347708116e+00 6.9772306551e-06
577 1.8335106225e+00 6.8161240216e-06
578 1.8323634799e+00 6.8385340184e-06
579 1.8311603662e+00 6.7828409851e-06
580 1.8300031403e+00 6.7981547115e-06
581 1.8288850379e+00 6.7998057677e-06
582 1.8277017290e+00 6.8637985194e-06
583 1.8264744315e+00 6.8800213260e-06
584 1.8252636091e+00 6.6626021832e-06
585 1.8240453460e+00 6.7285093236e-06
586 1.8228681663e+00 6.5893076938e-06
587 1.8217186285e+00 6.5987939394e-06
588 1.8206319537e+00 6.5011772424e-06
589 1.8195417030e+00 6.4552250653e-06
590 1.8184331920e+00 6.5023899329e-06
591 1.8173385884e+00 6.3566646380e-06
592 1.8163484467e+00 6.3556099081e-06
593 1.8152367969e+00 6.5482656105e-06
594 1.8140023613e+00 6.6055351171e-06
595 1.8127803820e+00 6.4655759161e-06
596 1.8115879568e+00 6.3468797693e-06
597 1.8104835377e+00 6.2863325330e-06
598 1.8094175276e+00 6.1637295174e-06
599 1.8083201181e+00 6.2093900783e-06
600 1.8071920322e+00 6.1168919023e-06
601 1.8060665880e+00 6.1161117235e-06
602 1.8049162677e+00 6.0941812697e-06
603 1.8037820163e+00 5.9904896994e-06
604 1.8027509239e+00 5.9421647669e-06
605 1.8017568260e+00 5.8144055500e-06
606 1.8007977429e+00 5.8009922979e-06
607 1.7998368334e+00 5.6751228540e-06
608 1.7988774681e+00 5.7342221982e-06
609 1.7978815520e+00 5.6594312896e-06
610 1.7969184998e+00 5.6352872680e-06
611 1.7959188180e+00 5.6830758277e-06
612 1.7948955063e+00 5.7300548093e-06
613 1.7938611427e+00 5.6492219474e-06
614 1.7928853824e+00 5.5657404597e-06
615 1.7920200832e+00 5.4952579586e-06
616 1.7911189639e+00 5.6106640870e-06
617 1.7901827933e+00 5.6125092958e-06
618 1.7892042263e+00 5.6158061499e-06
619 1.7882888636e+00 5.4598570311e-06
620 1.7873434984e+00 5.6752639905e-06
621 1.7862821822e+00 5.6904014177e-06
622 1.7852182717e+00 5.5637944790e-06
623 1.7842052464e+00 5.4480663187e-06
624 1.7833131512e+00 5.2224651642e-06
625 1.7824684558e+00 5.3368396310e-06
626 1.7815260951e+00 5.3070109376e-06
627 1.7806252532e+00 5.2584001997e-06
628 1.7797265678e+00 5.2236464382e-06
629 1.7787995056e+00 5.3310151262e-06
630 1.7778530791e+00 5.2740142559e-06
631 1.7769723078e+00 5.2321144385e-06
632 1.7760453649e+00 5.2383763342e-06
633 1.7751119419e+00 5.1790370105e-06
634 1.7741612730e+00 5.1997822624e-06
635 1.7732556815e+00 5.1188484581e-06
636 1.7723510616e+00 5.1571893956e-06
637 1.7714392500e+00 5.0903384399e-06
638 1.7705717587e+00 4.9882855422e-06
639 1.7697348078e+00 5.0733795036e-06
640 1.7688066352e+00 5.1275757532e-06
641 1.7678563299e+00 5.0627746798e-06
642 1.7668992961e+00 5.0284820836e-06
643 1.7659559910e+00 5.0063300558e-06
644 1.7650217966e+00 4.9924171418e-06
645 1.7641156543e+00 4.9494227551e-06
646 1.7631880419e+00 4.9947602532e-06
647 1.7622693774e+00 4.8566979862e-06
648 1.7614006863e+00 4.8408813126e-06
649 1.7605253180e+00 4.8692754233e-06
650 1.7596323601e+00 4.8241812477e-06
651 1.7587738158e+00 4.8169953477e-06
652 1.7578674035e+00 4.8999820577e-06
653 1.7569138450e+00 4.8830323264e-06
654 1.7559628302e+00 4.8285935336e-06
655 1.7550614092e+00 4.7247487517e-06
656 1.7542070347e+00 4.7505692339e-06
657 1.7533528355e+00 4.6665153787e-06
658 1.7524780975e+00 4.7623349434e-06
659 1.7515984627e+00 4.6283839243e-06
660 1.7507331958e+00 4.6779565851e-06
661 1.7498290597e+00 4.5935740869e-06
662 1.7489355107e+00 4.6426750923e-06
663 1.7480417102e+00 4.5190205389e-06
664 1.7472215003e+00 4.5048432760e-06
665 1.7464096192e+00 4.4179355114e-06
666 1.7455936159e+00 4.4844066697e-06
667 1.7447953286e+00 4.3729457497e-06
668 1.7440295238e+00 4.5067510965e-06
669 1.7431393035e+00 4.5180502904e-06
670 1.7422348001e+00 4.5536639371e-06
671 1.7413472338e+00 4.4915036038e-06
672 1.7404918596e+00 4.5150021301e-06
673 1.7396446836e+00 4.4098771292e-06
674 1.7388058412e+00 4.4048208452e-06
675 1.7379488792e+00 4.3983856376e-06
676 1.7370229839e+00 4.5226620878e-06
677 1.7360995860e+00 4.3917907497e-06
678 1.7352094965e+00 4.4364958493e-06
679 1.7343260251e+00 4.3973341360e-06
680 1.7334110488e+00 4.4439322488e-06
681 1.7325160303e+00 4.4012864850e-06
682 1.7316471609e+00 4.4281057623e-06
683 1.7308207504e+00 4.3450148978e-06
684 1.7300213495e+00 4.3939399843e-06
685 1.7291036393e+00 4.5097210012e-06
686 1.7281124887e+00 4.4917594426e-06
687 1.7271801732e+00 4.3739043907e-06
688 1.7263247766e+00 4.4590497610e-06
689 1.7253816654e+00 4.4403250400e-06
690 1.7244298414e+00 4.5094302780e-06
691 1.7234437831e+00 4.4793866934e-06
692 1.7224520907e+00 4.5027667132e-06
693 1.7215204355e+00 4.3920648134e-06
694 1.7205523348e+00 4.4185377735e-06
695 1.7195448883e+00 4.4436175250e-06
696 1.7185442067e+00 4.3965425938e-06
697 1.7175832687e+00 4.4236175013e-06
698 1.7166292576e+00 4.2697112532e-06
699 1.7156369242e+00 4.4691779394e-06
700 1.7145905717e+00 4.3439551338e-06
701 1.7135742359e+00 4.4326703247e-06
702 1.7125546988e+00 4.3646679492e-06
703 1.7116004818e+00 4.3084122915e-06
704 1.7106250716e+00 4.4208152174e-06
705 1.7096004044e+00 4.4161657464e-06
706 1.7085928589e+00 4.4359334721e-06
707 1.7076379552e+00 4.3975166765e-06
708 1.7066560953e+00 4.4286805348e-06
709 1.7056946684e+00 4.3680413449e-06
710 1.7047222748e+00 4.4071402952e-06
711 1.7036323987e+00 4.5660667090e-06
712 1.7024964980e+00 4.4703235839e-06
713 1.7013914464e+00 4.4347271364e-06
714 1.7003744128e+00 4.4426168517e-06
715 1.6993494093e+00 4.4706593031e-06
716 1.6983245784e+00 4.3482719779e-06
717 1.6973433442e+00 4.3087409937e-06
718 1.6963926520e+00 4.2388557911e-06
719 1.6954076528e+00 4.2890314942e-06
720 1.6943933251e+00 4.2641842675e-06
721 1.6934177312e+00 4.1627783941e-06
722 1.6924256586e+00 4.2420918380e-06
723 1.6913868382e+00 4.2783476425e-06
724 1.6902901571e+00 4.3303619724e-06
725 1.6892408540e+00 4.2490191138e-06
726 1.6882492980e+00 4.2277856496e-06
727 1.6871902981e+00 4.2594532075e-06
728 1.6860677619e+00 4.3037551093e-06
729 1.6849559340e+00 4.2020276308e-06
730 1.6839172107e+00 4.1335827492e-06
731 1.6829229942e+00 4.1745739872e-06
732 1.6818964818e+00 4.2082029029e-06
733 1.6808237910e+00 4.2033835168e-06
734 1.6798005485e+00 4.0814185735e-06
735 1.6788323299e+00 4.1159220867e-06
736 1.6778196400e+00 4.1058233936e-06
737 1.6768602256e+00 4.0776604665e-06
738 1.6759164963e+00 4.1026246231e-06
739 1.6749306119e+00 4.1079857493e-06
740 1.6740141655e+00 4.0291166233e-06
741 1.6730484354e+00 4.1491209945e-06
742 1.6720069761e+00 4.0469772075e-06
743 1.6709575604e+00 4.0801339391e-06
744 1.6699207584e+00 3.9743854553e-06
745 1.6689403682e+00 4.0494954084e-06
746 1.6679483722e+00 3.9901255083e-06
747 1.6669513924e+00 4.0707918047e-06
748 1.6659844681e+00 4.0070712207e-06
749 1.6649731149e+00 4.0751677619e-06
750 1.6639288655e+00 4.0655592219e-06
751 1.6629103033e+00 4.0728982154e-06
752 1.6618707186e+00 4.1176762065e-06
753 1.6607440365e+00 4.1562755564e-06
754 1.6596149268e+00 4.0546627312e-06
755 1.6585910702e+00 4.0434473261e-06
756 1.6575216191e+00 4.0729036550e-06
757 1.6564139279e+00 3.9886437711e-06
758 1.6553027438e+00 4.0232154087e-06
759 1.6542278674e+00 4.0151493350e-06
760 1.6531741239e+00 3.9737287364e-06
761 1.6521086062e+00 4.0324988776e-06
762 1.6509774756e+00 4.0828941795e-06
763 1.6498579865e+00 4.0255133320e-06
764 1.6487786530e+00 4.0409796427e-06
765 1.6477138625e+00 4.0248976690e-06
766 1.6466225580e+00 4.1054919831e-06
767 1.6455290315e+00 4.0268525510e-06
768 1.6443829848e+00 4.1030964094e-06
769 1.6431816825e+00 4.0223703510e-06
770 1.6420282009e+00 4.0644756623e-06
771 1.6409312666e+00 3.8865473772e-06
772 1.6398938746e+00 3.9803451081e-06
773 1.6387547231e+00 4.0043201704e-06
774 1.6376465063e+00 3.9198099450e-06
775 1.6365663624e+00 3.9806281898e-06
776 1.6354240523e+00 3.9202300108e-06
777 1.6342930733e+00 3.9245320184e-06
778 1.6332248522e+00 3.7886362073e-06
779 1.6322198113e+00 3.8576364727e-06
780 1.6311098806e+00 3.8673190868e-06
781 1.6299581737e+00 3.9409948870e-06
782 1.6288134345e+00 3.9119771991e-06
783 1.6276858652e+00 3.9175618979e-06
784 1.6265700108e+00 3.9420799133e-06
785 1.6254272186e+00 3.9854920367e-06
786 1.6242416472e+00 3.9401447726e-06
787 1.6230701536e+00 3.9205568212e-06
788 1.6219751298e+00 3.8786249027e-06
789 1.6208234568e+00 3.9941202632e-06
790 1.6196337610e+00 3.9004001707e-06
791 1.6185243333e+00 3.8730364881e-06
792 1.6175231048e+00 3.8491917364e-06
793 1.6163463119e+00 3.9334825991e-06
794 1.6152201250e+00 3.8698094323e-06
795 1.6141159922e+00 3.9866655182e-06
796 1.6129014318e+00 3.9834113113e-06
797 1.6116939295e+00 3.8948673890e-06
798 1.6106294405e+00 3.8275557204e-06
799 1.6095203384e+00 3.8666600730e-06
800 1.6084114636e+00 3.8400244227e-06
801 1.6073958920e+00 3.7709426341e-06
802 1.6063200316e+00 3.8990797826e-06
803 1.6051713752e+00 3.8247279375e-06
804 1.6040633717e+00 3.8881074656e-06
805 1.6028897179e+00 3.8984713068e-06
806 1.6016406985e+00 3.9391792244e-06
807 1.6003780223e+00 3.9026242294e-06
808 1.5991391538e+00 3.8512581710e-06
809 1.5980692686e+00 3.7415193994e-06
810 1.5970016970e+00 3.8219125652e-06
811 1.5958941422e+00 3.7358524976e-06
812 1.5948511608e+00 3.6977645999e-06
813 1.5938202696e+00 3.7154045628e-06
814 1.5927291417e+00 3.7233605501e-06
815 1.5917230078e+00 3.7110020340e-06
816 1.5906342216e+00 3.7959064424e-06
817 1.5894407537e+00 3.7811454255e-06
818 1.5882419644e+00 3.7708541783e-06
819 1.5871397598e+00 3.6562341387e-06
820 1.5861195909e+00 3.6483697233e-06
821 1.5849935630e+00 3.7712212602e-06
822 1.5838089987e+00 3.6704442427e-06
823 1.5827103222e+00 3.5885458458e-06
824 1.5816389094e+00 3.6287514524e-06
825 1.5805296422e+00 3.6095458704e-06
826 1.5794319437e+00 3.6169411053e-06
827 1.5783330325e+00 3.5620447327e-06
828 1.5773369329e+00 3.4857384122e-06
829 1.5763592721e+00 3.5637577270e-06
830 1.5753034980e+00 3.5615565998e-06
831 1.5743246475e+00 3.5006258960e-06
832 1.5733038570e+00 3.5949729622e-06
833 1.5721853677e+00 3.6689416452e-06
834 1.5710191072e+00 3.6489268148e-06
835 1.5699445594e+00 3.5500550166e-06
836 1.5688477180e+00 3.6228197301e-06
837 1.5676866131e+00 3.6448566966e-06
838 1.5664987789e+00 3.6568750857e-06
839 1.5654093548e+00 3.6115821708e-06
840 1.5643273714e+00 3.6939869072e-06
841 1.5631397518e+00 3.6475340163e-06
842 1.5619606751e+00 3.6308480125e-06
843 1.5607852757e+00 3.6347822233e-06
844 1.5596404539e+00 3.6040311438e-06
845 1.5584983709e+00 3.5732967099e-06
846 1.5573516195e+00 3.5994860392e-06
847 1.5562115241e+00 3.5412133556e-06
848 1.5551431922e+00 3.5485853138e-06
849 1.5540899349e+00 3.4816256925e-06
850 1.5529941705e+00 3.5001758284e-06
851 1.5518568431e+00 3.5012037314e-06
852 1.5508120272e+00 3.4087640359e-06
853 1.5498974987e+00 3.4136755828e-06
854 1.5488098362e+00 3.5300384290e-06
855 1.5476932806e+00 3.4551590562e-06
856 1.5467329528e+00 3.3598002715e-06
857 1.5457537341e+00 3.4065096094e-06
858 1.5448005142e+00 3.3454976915e-06
859 1.5438162280e+00 3.4471292103e-06
860 1.5427011201e+00 3.4776380811e-06
861 1.5415441804e+00 3.4968722673e-06
862 1.5403995595e+00 3.4220936123e-06
863 1.5393995137e+00 3.3377804286e-06
864 1.5384444345e+00 3.3208772502e-06
865 1.5374116718e+00 3.3634235542e-06
866 1.5363811520e+00 3.2990263767e-06
867 1.5354012778e+00 3.2691878823e-06
868 1.5343876013e+00 3.2996015145e-06
869 1.5333521958e+00 3.3118379998e-06
870 1.5322618683e+00 3.3327712956e-06
871 1.5312377047e+00 3.2513124218e-06
872 1.5302863142e+00 3.2586991654e-06
873 1.5292298877e+00 3.3363619450e-06
874 1.5281774911e+00 3.3148160180e-06
875 1.5272796142e+00 3.2255449047e-06
876 1.5262880502e+00 3.3651768712e-06
877 1.5251549224e+00 3.4013175191e-06
878 1.5240612037e+00 3.3702078494e-06
879 1.5230130762e+00 3.3680821272e-06
880 1.5218978096e+00 3.4097435090e-06
881 1.5207470906e+00 3.3137050912e-06
882 1.5197030639e+00 3.3175013359e-06
883 1.5187369995e+00 3.2733969859e-06
884 1.5176596144e+00 3.3993864953e-06
885 1.5165295527e+00 3.3279811250e-06
886 1.5154945011e+00 3.3000536605e-06
887 1.5144111591e+00 3.3575166573e-06
888 1.5132269328e+00 3.4052091790e-06
889 1.5120389588e+00 3.3501584062e-06
890 1.5110352496e+00 3.2419858043e-06
891 1.5101009676e+00 3.3306755285e-06
892 1.5089626182e+00 3.4121188163e-06
893 1.5078080528e+00 3.3080120771e-06
894 1.5067137954e+00 3.2769988268e-06
895 1.5056449048e+00 3.2349011691e-06
896 1.5045525170e+00 3.3165038356e-06
897 1.5034421330e+00 3.2300393333e-06
898 1.5024263549e+00 3.1935702957e-06
899 1.5013985294e+00 3.2260178663e-06
900 1.5003258984e+00 3.2383480657e-06
901 1.4992724620e+00 3.1546844399e-06
902 1.4983080784e+00 3.1851692459e-06
903 1.4972238462e+00 3.2129294024e-06
904 1.4961077060e+00 3.2135123457e-06
905 1.4951355093e+00 3.0975765467e-06
906 1.4942127864e+00 3.1888338077e-06
907 1.4931272358e+00 3.1762576813e-06
908 1.4920118315e+00 3.2399755563e-06
909 1.4909534767e+00 3.1595637729e-06
910 1.4899115592e+00 3.3166221325e-06
911 1.4888015373e+00 3.3126369468e-06
912 1.4876819929e+00 3.2866674019e-06
913 1.4866034924e+00 3.3154601908e-06
914 1.4855947662e+00 3.2262812281e-06
915 1.4845986565e+00 3.2949655526e-06
916 1.4834913697e+00 3.2747357945e-06
917 1.4823391231e+00 3.3023496589e-06
918 1.4811917173e+00 3.2517369114e-06
919 1.4800829021e+00 3.2647329177e-06
920 1.4789387936e+00 3.3247416289e-06
921 1.4777586468e+00 3.2573896455e-06
922 1.4767250305e+00 3.1729289163e-06
923 1.4756550933e+00 3.2388157298e-06
924 1.4745025730e+00 3.2505555867e-06
925 1.4733379044e+00 3.2127132475e-06
926 1.4722647424e+00 3.1294111590e-06
927 1.4712845157e+00 3.1679032169e-06
928 1.4702489650e+00 3.1268301642e-06
929 1.4691901517e+00 3.2044249290e-06
930 1.4681526009e+00 3.1465223799e-06
931 1.4670378420e+00 3.2693865086e-06
932 1.4658940028e+00 3.2210641351e-06
933 1.4648182114e+00 3.2168268746e-06
934 1.4637327731e+00 3.2544605754e-06
935 1.4625453458e+00 3.3533586143e-06
936 1.4613133028e+00 3.3308437452e-06
937 1.4601749911e+00 3.2721251250e-06
938 1.4590329477e+00 3.2914796029e-06
939 1.4578338278e+00 3.3323433823e-06
940 1.4566108899e+00 3.3152130147e-06
941 1.4554293654e+00 3.2902295269e-06
942 1.4543153012e+00 3.2101090017e-06
943 1.4532597006e+00 3.2259232676e-06
944 1.4521208796e+00 3.2613395686e-06
945 1.4509659299e+00 3.2911782755e-06
946 1.4498005564e+00 3.3302581832e-06
947 1.4486841029e+00 3.2299138790e-06
948 1.4475786098e+00 3.2730468442e-06
949 1.4463800568e+00 3.2714926815e-06
950 1.4451231985e+00 3.3307271648e-06
951 1.4439443679e+00 3.1988336546e-06
952 1.4428579230e+00 3.1790525718e-06
953 1.4417279423e+00 3.1646527378e-06
954 1.4406065577e+00 3.1166711447e-06
955 1.4396205179e+00 3.0530765297e-06
956 1.4386201275e+00 3.0764494979e-06
957 1.4375964693e+00 3.0356355825e-06
958 1.4366354866e+00 3.0374402201e-06
959 1.4356240928e+00 3.0820309394e-06
960 1.4345262916e+00 3.0814741918e-06
961 1.4334376148e+00 3.0219583785e-06
962 1.4323712437e+00 3.0677034697e-06
963 1.4312607310e+00 3.0799629372e-06
964 1.4301290869e+00 3.0969878253e-06
965 1.4289815116e+00 3.1032620725e-06
966 1.4279742014e+00 2.9892171154e-06
967 1.4270351447e+00 3.0510800874e-06
968 1.4260653659e+00 3.0069917478e-06
969 1.4250416467e+00 3.0661806589e-06
970 1.4239476363e+00 3.0344778755e-06
971 1.4229463949e+00 2.9570747600e-06
972 1.4219748734e+00 2.9993090477e-06
973 1.4209061474e+00 2.9949668655e-06
974 1.4199176393e+00 2.9283149805e-06
975 1.4190198624e+00 2.9445462593e-06
976 1.4179904372e+00 3.0225326515e-06
977 1.4170018486e+00 2.9444665137e-06
978 1.4160774413e+00 2.9460966057e-06
979 1.4151154869e+00 2.9885368331e-06
980 1.4141146967e+00 2.9897305469e-06
981 1.4130792732e+00 2.9680411192e-06
982 1.4120484875e+00 2.9943795806e-06
983 1.4110583394e+00 2.9554854860e-06
984 1.4100416881e+00 2.9922219399e-06
985 1.4090190879e+00 2.9387805051e-06
986 1.4079520268e+00 3.0546118425e-06
987 1.4068701608e+00 3.0037678232e-06
988 1.4058726190e+00 2.9269159411e-06
989 1.4049238884e+00 2.9461139198e-06
990 1.4038920980e+00 2.9630237114e-06
991 1.4029597236e+00 2.8769923102e-06
992 1.4020482630e+00 2.8865012427e-06
993 1.4010283399e+00 2.9079813762e-06
994 1.4001134543e+00 2.7913109103e-06
995 1.3992233001e+00 2.8134705137e-06
996 1.3982479708e+00 2.8441766161e-06
997 1.3972751953e+00 2.8159177069e-06
998 1.3963359004e+00 2.8126601778e-06
999 1.3953755887e+00 2.7977047819e-06
1000 1.3944504102e+00 2.7898388511e-06
1001 1.3935260294e+00 2.7641178005e-06
1002 1.3926124486e+00 2.7547655527e-06
1003 1.3916595543e+00 2.7576690013e-06
1004 1.3906890484e+00 2.7650206918e-06
1005 1.3897458947e+00 2.6952797315e-06
1006 1.3888371431e+00 2.7213877847e-06
1007 1.3879139963e+00 2.7297670476e-06
1008 1.3869676481e+00 2.7233336172e-06
1009 1.3860433065e+00 2.7018092255e-06
1010 1.3852133554e+00 2.6626084800e-06
1011 1.3843174321e+00 2.6867487959e-06
1012 1.3833759180e+00 2.7237830008e-06
1013 1.3824927441e+00 2.6431220335e-06
1014 1.3816599003e+00 2.7311926195e-06
1015 1.3807401076e+00 2.6655468608e-06
1016 1.3798389524e+00 2.6975573333e-06
1017 1.3789600370e+00 2.6742939328e-06
1018 1.3780435365e+00 2.6803210814e-06
1019 1.3771581729e+00 2.6384325418e-06
1020 1.3762979778e+00 2.6688910109e-06
1021 1.3753468287e+00 2.7080200156e-06
1022 1.3744575503e+00 2.6038138373e-06
1023 1.3736741409e+00 2.6146573818e-06
1024 1.3729120116e+00 2.6023498977e-06
1025 1.3720935951e+00 2.6185826009e-06
1026 1.3712688231e+00 2.5653260595e-06
1027 1.3704223008e+00 2.5897555786e-06
1028 1.3695736272e+00 2.5495415824e-06
1029 1.3687252490e+00 2.5738707006e-06
1030 1.3678534971e+00 2.5840788591e-06
1031 1.3669914785e+00 2.6066565731e-06
1032 1.3661651151e+00 2.4682842394e-06
1033 1.3654405459e+00 2.4406018184e-06
1034 1.3646791024e+00 2.4611926201e-06
1035 1.3638955031e+00 2.4578509819e-06
1036 1.3631469433e+00 2.3798492531e-06
1037 1.3624508741e+00 2.3516321676e-06
1038 1.3617185110e+00 2.3695325288e-06
1039 1.3609602812e+00 2.3380396941e-06
1040 1.3602414908e+00 2.2801705544e-06
1041 1.3595732103e+00 2.2800205000e-06
1042 1.3589346887e+00 2.2323071414e-06
1043 1.3583183148e+00 2.2396387518e-06
1044 1.3576226334e+00 2.2978099928e-06
1045 1.3568982995e+00 2.2854647924e-06
1046 1.3562347477e+00 2.2248486650e-06
1047 1.3555894203e+00 2.2094823482e-06
1048 1.3549005058e+00 2.2591041135e-06
1049 1.3541957882e+00 2.2168348518e-06
1050 1.3535421263e+00 2.2234122453e-06
1051 1.3528971232e+00 2.2135543077e-06
1052 1.3522130732e+00 2.2609262193e-06
1053 1.3515127147e+00 2.2516341272e-06
1054 1.3508080736e+00 2.2782683808e-06
1055 1.3500598464e+00 2.2918445637e-06
1056 1.3493275740e+00 2.2553673490e-06
1057 1.3486418201e+00 2.2659551033e-06
1058 1.3479153030e+00 2.3008950684e-06
1059 1.3471889944e+00 2.2380654652e-06
1060 1.3465966607e+00 2.1905879340e-06
1061 1.3459174823e+00 2.2554667660e-06
1062 1.3451613370e+00 2.2248737297e-06
1063 1.3444162686e+00 2.2252725504e-06
1064 1.3436975046e+00 2.1752981365e-06
1065 1.3430178602e+00 2.2035179838e-06
1066 1.3423408067e+00 2.1786079618e-06
1067 1.3416918452e+00 2.1487621042e-06
1068 1.3410713447e+00 2.1439172957e-06
1069 1.3404194859e+00 2.1420858061e-06
1070 1.3398119403e+00 2.0858329871e-06
1071 1.3391982639e+00 2.1516650343e-06
1072 1.3385082765e+00 2.1459207315e-06
1073 1.3378620482e+00 2.1295586960e-06
1074 1.3372483376e+00 2.0990715287e-06
1075 1.3365993810e+00 2.1535874778e-06
1076 1.3359069965e+00 2.1025929847e-06
1077 1.3352302272e+00 2.1087104158e-06
1078 1.3345652911e+00 2.1083167261e-06
1079 1.3338778593e+00 2.1106061740e-06
1080 1.3332276337e+00 2.0487580156e-06
1081 1.3326151395e+00 2.0650151556e-06
1082 1.3319500281e+00 2.1044929023e-06
1083 1.3312560062e+00 2.0843912689e-06
1084 1.3307095537e+00 2.0194217999e-06
1085 1.3301173614e+00 2.0317139387e-06
1086 1.3294842911e+00 2.0506843081e-06
1087 1.3288583996e+00 1.9999078309e-06
1088 1.3282583388e+00 1.9837846693e-06
1089 1.3276452469e+00 2.0046011771e-06
1090 1.3270662320e+00 1.9447276949e-06
1091 1.3264844351e+00 1.9743635370e-06
1092 1.3258680751e+00 1.9640929642e-06
1093 1.3252836412e+00 1.9368147196e-06
1094 1.3247030243e+00 1.8889306622e-06
1095 1.3241182590e+00 1.8969784367e-06
1096 1.3235669347e+00 1.8424570663e-06
1097 1.3230520846e+00 1.8398632254e-06
1098 1.3224840700e+00 1.8946267558e-06
1099 1.3219014433e+00 1.8617402399e-06
1100 1.3213565317e+00 1.8284607555e-06
1101 1.3208137440e+00 1.8251615748e-06
1102 1.3202679749e+00 1.7812000558e-06
1103 1.3197593702e+00 1.7982242495e-06
1104 1.3192022105e+00 1.8487276763e-06
1105 1.3186250811e+00 1.8278438208e-06
1106 1.3180443342e+00 1.7968452908e-06
1107 1.3175013530e+00 1.7659766720e-06
1108 1.3170000167e+00 1.7561875205e-06
1109 1.3164703909e+00 1.7851156664e-06
1110 1.3159466112e+00 1.7510455085e-06
1111 1.3154372481e+00 1.8040947424e-06
1112 1.3148692118e+00 1.7922627105e-06
1113 1.3142997223e+00 1.7625303951e-06
1114 1.3137875745e+00 1.7380921886e-06
1115 1.3132771526e+00 1.7573405652e-06
1116 1.3127331060e+00 1.7473509995e-06
1117 1.3121667010e+00 1.7508528341e-06
1118 1.3116286020e+00 1.7384437806e-06
1119 1.3110950566e+00 1.7450223238e-06
1120 1.3106083059e+00 1.7405019134e-06
1121 1.3101096481e+00 1.7343314227e-06
1122 1.3095496766e+00 1.7634907870e-06
1123 1.3089843781e+00 1.7423045905e-06
1124 1.3084508175e+00 1.7434532656e-06
1125 1.3079230619e+00 1.7405474483e-06
1126 1.3074109768e+00 1.7513680280e-06
1127 1.3068915043e+00 1.7142404578e-06
1128 1.3063749489e+00 1.7377327418e-06
1129 1.3057912049e+00 1.7541637077e-06
1130 1.3052350841e+00 1.7066411902e-06
1131 1.3047090635e+00 1.6956975659e-06
1132 1.3041887881e+00 1.6909860832e-06
1133 1.3037026715e+00 1.6648622823e-06
1134 1.3031895589e+00 1.7029449881e-06
1135 1.3026197105e+00 1.7125912924e-06
1136 1.3020435880e+00 1.6942868083e-06
1137 1.3015107430e+00 1.6411207554e-06
1138 1.3010493498e+00 1.6479544025e-06
1139 1.3005641403e+00 1.6533940003e-06
1140 1.3000476460e+00 1.6719701889e-06
1141 1.2994883206e+00 1.7097566776e-06
1142 1.2989471153e+00 1.6720125023e-06
1143 1.2984381422e+00 1.6721810262e-06
1144 1.2978835242e+00 1.7144529749e-06
1145 1.2973335566e+00 1.6441938593e-06
1146 1.2968539819e+00 1.6811350899e-06
1147 1.2963107958e+00 1.7342259566e-06
1148 1.2957258928e+00 1.7259204215e-06
1149 1.2951529243e+00 1.7392810728e-06
1150 1.2945573472e+00 1.7420341287e-06
1151 1.2939984475e+00 1.6995311995e-06
1152 1.2934098133e+00 1.7428658929e-06
1153 1.2927975766e+00 1.7323496615e-06
1154 1.2922186756e+00 1.7267440159e-06
1155 1.2916407194e+00 1.7445458351e-06
1156 1.2910331884e+00 1.7625600145e-06
1157 1.2904053080e+00 1.7530071059e-06
1158 1.2897823206e+00 1.7460958443e-06
1159 1.2891248998e+00 1.7717596775e-06
1160 1.2884807502e+00 1.7550037460e-06
1161 1.2879101441e+00 1.7382027577e-06
1162 1.2873284522e+00 1.7758385035e-06
1163 1.2866802490e+00 1.7524528562e-06
1164 1.2860629672e+00 1.7231569432e-06
1165 1.2854338418e+00 1.7131700177e-06
1166 1.2847745310e+00 1.7459267347e-06
1167 1.2841059318e+00 1.7505457672e-06
1168 1.2834425890e+00 1.7681984564e-06
1169 1.2827848124e+00 1.7510628358e-06
1170 1.2821139675e+00 1.7678351825e-06
1171 1.2814275283e+00 1.7777945307e-06
1172 1.2807565463e+00 1.7576281659e-06
1173 1.2801125718e+00 1.7424091270e-06
1174 1.2794160934e+00 1.7836943632e-06
1175 1.2787097934e+00 1.7578061510e-06
1176 1.2780552115e+00 1.7479636450e-06
1177 1.2774150745e+00 1.7587787722e-06
1178 1.2767141562e+00 1.7774288475e-06
1179 1.2760945037e+00 1.6973721543e-06
1180 1.2754666977e+00 1.7469687226e-06
1181 1.2747685838e+00 1.7403799789e-06
1182 1.2741149599e+00 1.7070233410e-06
1183 1.2735139960e+00 1.6901459886e-06
1184 1.2728545998e+00 1.7399633470e-06
1185 1.2721998310e+00 1.6862693794e-06
1186 1.2715975157e+00 1.7170616049e-06
1187 1.2709398018e+00 1.7247272047e-06
1188 1.2702637422e+00 1.7244312925e-06
1189 1.2696519191e+00 1.6675193738e-06
1190 1.2689912049e+00 1.7365311198e-06
1191 1.2683169956e+00 1.6866940498e-06
1192 1.2677472243e+00 1.6718544936e-06
1193 1.2671218146e+00 1.7184514119e-06
1194 1.2664680328e+00 1.6904999831e-06
1195 1.2658875125e+00 1.7059092567e-06
1196 1.2652181721e+00 1.7145974214e-06
1197 1.2645922320e+00 1.6814211469e-06
1198 1.2639326053e+00 1.7385352490e-06
1199 1.2632100544e+00 1.7171362877e-06
1200 1.2625427904e+00 1.6731387403e-06
1201 1.2619282904e+00 1.7035378119e-06
1202 1.2612233218e+00 1.7349360773e-06
1203 1.2605597676e+00 1.6662072432e-06
1204 1.2599205385e+00 1.7012131629e-06
1205 1.2592330868e+00 1.6792326765e-06
1206 1.2586595666e+00 1.6634785990e-06
1207 1.2579704680e+00 1.7473505881e-06
1208 1.2572402898e+00 1.6943226745e-06
1209 1.2565660630e+00 1.6679131403e-06
1210 1.2559016234e+00 1.6868801870e-06
1211 1.2552236937e+00 1.6648346308e-06
1212 1.2546076669e+00 1.6802385818e-06
1213 1.2539534108e+00 1.7172516067e-06
1214 1.2532663531e+00 1.7034750042e-06
1215 1.2525857701e+00 1.7283086485e-06
1216 1.2518863300e+00 1.7160250236e-06
1217 1.2512002673e+00 1.7212534101e-06
1218 1.2505428471e+00 1.7082223530e-06
1219 1.2497969528e+00 1.7530960123e-06
1220 1.2490250402e+00 1.7443150441e-06
1221 1.2482717939e+00 1.7339252252e-06
1222 1.2475506014e+00 1.7327029372e-06
1223 1.2468123067e+00 1.7266199940e-06
1224 1.2461465419e+00 1.6867658608e-06
1225 1.2454740035e+00 1.7243195937e-06
1226 1.2447103103e+00 1.7518856655e-06
1227 1.2439794073e+00 1.7169288104e-06
1228 1.2432239000e+00 1.7915267534e-06
1229 1.2423981521e+00 1.7843761375e-06
1230 1.2416556697e+00 1.7323737447e-06
1231 1.2409014085e+00 1.8034123298e-06
1232 1.2400721152e+00 1.8021007780e-06
1233 1.2392966101e+00 1.7413035003e-06
1234 1.2385245721e+00 1.7879862152e-06
1235 1.2376999595e+00 1.7937749846e-06
1236 1.2369627059e+00 1.7421839732e-06
1237 1.2361684201e+00 1.7996704660e-06
1238 1.2353203442e+00 1.7967500328e-06
1239 1.2345225697e+00 1.7354003034e-06
1240 1.2338693800e+00 1.6959074013e-06
1241 1.2331695415e+00 1.7293994018e-06
1242 1.2324384888e+00 1.7201438520e-06
1243 1.2317122105e+00 1.7264512093e-06
1244 1.2309240675e+00 1.7607094092e-06
1245 1.2301149440e+00 1.7443251710e-06
1246 1.2293742078e+00 1.7001403251e-06
1247 1.2286052773e+00 1.7661180883e-06
1248 1.2278008690e+00 1.7155635052e-06
1249 1.2270869332e+00 1.7240258444e-06
1250 1.2263042163e+00 1.7572874106e-06
1251 1.2254751772e+00 1.7490704443e-06
1252 1.2247350118e+00 1.7166068192e-06
1253 1.2240093962e+00 1.7317137431e-06
1254 1.2232124701e+00 1.7634372648e-06
1255 1.2224414535e+00 1.7303362380e-06
1256 1.2217637170e+00 1.7175881525e-06
1257 1.2210534955e+00 1.7091610444e-06
1258 1.2203671562e+00 1.7035445038e-06
1259 1.2196029319e+00 1.7266828525e-06
1260 1.2187930450e+00 1.7306198100e-06
1261 1.2180444687e+00 1.6758569425e-06
1262 1.2172954266e+00 1.7488031637e-06
1263 1.2164645803e+00 1.7443911442e-06
1264 1.2156969812e+00 1.7006595899e-06
1265 1.2149726859e+00 1.7047048421e-06
1266 1.2141802302e+00 1.7315556951e-06
1267 1.2133769291e+00 1.7060471936e-06
1268 1.2126582010e+00 1.6788030828e-06
1269 1.2118652691e+00 1.7389747168e-06
1270 1.2110838003e+00 1.6818140461e-06
1271 1.2104050263e+00 1.6910143640e-06
1272 1.2096388501e+00 1.7115779275e-06
1273 1.2088422112e+00 1.7235574493e-06
1274 1.2080841574e+00 1.7120066593e-06
1275 1.2073248345e+00 1.7284445494e-06
1276 1.2065189577e+00 1.7325034555e-06
1277 1.2057566742e+00 1.7019293565e-06
1278 1.2050015319e+00 1.6898673976e-06
1279 1.2042627663e+00 1.6768466001e-06
1280 1.2035570563e+00 1.6696922028e-06
1281 1.2028192250e+00 1.7124506681e-06
1282 1.2020290213e+00 1.7066405422e-06
1283 1.2012876472e+00 1.6839652386e-06
1284 1.2005233191e+00 1.7221966583e-06
1285 1.1996741257e+00 1.7265755262e-06
1286 1.1988573552e+00 1.7130694812e-06
1287 1.1980914980e+00 1.7183346724e-06
1288 1.1972934305e+00 1.7448422852e-06
1289 1.1965227259e+00 1.7136008218e-06
1290 1.1957591572e+00 1.7201587872e-06
1291 1.1949705441e+00 1.7054310614e-06
1292 1.1942721218e+00 1.6970832419e-06
1293 1.1934396219e+00 1.7840168224e-06
1294 1.1925686345e+00 1.7597361024e-06
1295 1.1917527209e+00 1.7340475123e-06
1296 1.1909210866e+00 1.7771330805e-06
1297 1.1900724971e+00 1.7325726154e-06
1298 1.1893829148e+00 1.6998771628e-06
1299 1.1885730831e+00 1.7628475420e-06
1300 1.1877327397e+00 1.7036489286e-06
1301 1.1869497788e+00 1.7354302856e-06
1302 1.1861610594e+00 1.7108413037e-06
1303 1.1854094336e+00 1.6769634346e-06
1304 1.1847008010e+00 1.6876580851e-06
1305 1.1839152285e+00 1.6956749583e-06
1306 1.1831213988e+00 1.6861429724e-06
1307 1.1823514050e+00 1.6706483824e-06
1308 1.1815865449e+00 1.6411044334e-06
1309 1.1808397465e+00 1.6428970976e-06
1310 1.1801144557e+00 1.6314244673e-06
1311 1.1793272251e+00 1.6924166721e-06
1312 1.1785640944e+00 1.5971151511e-06
1313 1.1778947610e+00 1.6629131749e-06
1314 1.1771123562e+00 1.6394289851e-06
1315 1.1763775013e+00 1.6081229174e-06
1316 1.1756993507e+00 1.6332899010e-06
1317 1.1749152267e+00 1.6564187546e-06
1318 1.1741776476e+00 1.5869291970e-06
1319 1.1735597386e+00 1.6180292454e-06
1320 1.1728533506e+00 1.5901781889e-06
1321 1.1722169728e+00 1.5604116002e-06
1322 1.1715003064e+00 1.6516823692e-06
1323 1.1707341811e+00 1.5973820421e-06
1324 1.1700275506e+00 1.5981364251e-06
1325 1.1692984446e+00 1.6222467645e-06
1326 1.1686283760e+00 1.5566554729e-06
1327 1.1679944387e+00 1.5593846905e-06
1328 1.1672700927e+00 1.5899726479e-06
1329 1.1665604112e+00 1.5618331543e-06
1330 1.1658776094e+00 1.5716393184e-06
1331 1.1651421714e+00 1.5732893472e-06
1332 1.1644208900e+00 1.5791741128e-06
1333 1.1637288575e+00 1.5683354766e-06
1334 1.1630013452e+00 1.5843225432e-06
1335 1.1622705459e+00 1.5506203001e-06
1336 1.1616047795e+00 1.5283173718e-06
1337 1.1609341870e+00 1.5519613338e-06
1338 1.1602085901e+00 1.5787992453e-06
1339 1.1595365747e+00 1.5586127231e-06
1340 1.1588277419e+00 1.5768483210e-06
1341 1.1580725829e+00 1.5915212904e-06
1342 1.1573389868e+00 1.5674456346e-06
1343 1.1566436465e+00 1.5662118513e-06
1344 1.1559080924e+00 1.5985223039e-06
1345 1.1552112673e+00 1.5611462415e-06
1346 1.1545078929e+00 1.6162923016e-06
1347 1.1537475006e+00 1.5654103643e-06
1348 1.1530396503e+00 1.5816365634e-06
1349 1.1522932401e+00 1.5687902107e-06
1350 1.1515407559e+00 1.5739824593e-06
1351 1.1508345950e+00 1.5625054894e-06
1352 1.1500941993e+00 1.5714972452e-06
1353 1.1493799978e+00 1.5609491291e-06
1354 1.1486981594e+00 1.5626099855e-06
1355 1.1479741007e+00 1.5728172205e-06
1356 1.1472327008e+00 1.5592870289e-06
1357 1.1465208312e+00 1.5520408813e-06
1358 1.1458413914e+00 1.5552681877e-06
1359 1.1451590574e+00 1.5492631742e-06
1360 1.1444404908e+00 1.5768877972e-06
1361 1.1436638741e+00 1.5738329158e-06
1362 1.1428839798e+00 1.5757518130e-06
1363 1.1421739747e+00 1.5391644268e-06
1364 1.1414471780e+00 1.5756791941e-06
1365 1.1406662498e+00 1.5830876871e-06
1366 1.1399118720e+00 1.5486303914e-06
1367 1.1392347031e+00 1.5621098822e-06
1368 1.1384948794e+00 1.6021764224e-06
1369 1.1377828920e+00 1.5253470315e-06
1370 1.1371131624e+00 1.5837348441e-06
1371 1.1364038148e+00 1.5524122474e-06
1372 1.1357117896e+00 1.5939662369e-06
1373 1.1349639555e+00 1.5965543996e-06
1374 1.1342129190e+00 1.5650488442e-06
1375 1.1335415260e+00 1.5796299323e-06
1376 1.1328111395e+00 1.5742614253e-06
1377 1.1321197709e+00 1.5556165139e-06
1378 1.1314287595e+00 1.5789449668e-06
1379 1.1307174807e+00 1.5682409801e-06
1380 1.1300097539e+00 1.5819503198e-06
1381 1.1292152421e+00 1.6113102490e-06
1382 1.1284253558e+00 1.5759022843e-06
1383 1.1277094897e+00 1.5820812921e-06
1384 1.1269205589e+00 1.6293685269e-06
1385 1.1261327987e+00 1.5969537524e-06
1386 1.1254618545e+00 1.5722410281e-06
1387 1.1247210844e+00 1.5881430465e-06
1388 1.1239642461e+00 1.5588080797e-06
1389 1.1232103092e+00 1.6056100369e-06
1390 1.1223847281e+00 1.5910717667e-06
1391 1.1216493327e+00 1.5626086899e-06
1392 1.1209020745e+00 1.5825146418e-06
1393 1.1200785706e+00 1.6109763929e-06
1394 1.1192872029e+00 1.5579001677e-06
1395 1.1185600014e+00 1.5744003876e-06
1396 1.1177720579e+00 1.6123364377e-06
1397 1.1169951949e+00 1.5657693910e-06
1398 1.1162992693e+00 1.5569829470e-06
1399 1.1155833936e+00 1.5298608768e-06
1400 1.1149361778e+00 1.5380239386e-06
1401 1.1142334935e+00 1.5534759960e-06
1402 1.1134517618e+00 1.5784090732e-06
1403 1.1127137779e+00 1.5295116242e-06
1404 1.1120160959e+00 1.5325979091e-06
1405 1.1112916869e+00 1.5354644216e-06
1406 1.1105976433e+00 1.5228838118e-06
1407 1.1099821466e+00 1.5049994257e-06
1408 1.1093115329e+00 1.5146817352e-06
1409 1.1086123721e+00 1.5025585942e-06
1410 1.1079611637e+00 1.4835487108e-06
1411 1.1072697136e+00 1.5212951139e-06
1412 1.1065861996e+00 1.4764988015e-06
1413 1.1059140377e+00 1.5206504667e-06
1414 1.1051953292e+00 1.5051370789e-06
1415 1.1045299090e+00 1.4676233649e-06
1416 1.1039127601e+00 1.4825730519e-06
1417 1.1032436884e+00 1.4928923871e-06
1418 1.1026014186e+00 1.4643977939e-06
1419 1.1019273218e+00 1.4968881660e-06
1420 1.1012414485e+00 1.4591595161e-06
1421 1.1006050851e+00 1.4591223627e-06
1422 1.0999393557e+00 1.4779860703e-06
1423 1.0992778264e+00 1.4715702703e-06
1424 1.0986600999e+00 1.4624167161e-06
1425 1.0979751463e+00 1.4867602450e-06
1426 1.0973173154e+00 1.4580092047e-06
1427 1.0967066449e+00 1.4733331210e-06
1428 1.0960153391e+00 1.5105378113e-06
1429 1.0953670945e+00 1.4393092465e-06
1430 1.0947372402e+00 1.4982099902e-06
1431 1.0940273363e+00 1.4921696660e-06
1432 1.0934070220e+00 1.4184109185e-06
1433 1.0928196238e+00 1.4631733704e-06
1434 1.0921651018e+00 1.4526911043e-06
1435 1.0915601930e+00 1.4310650637e-06
1436 1.0909799622e+00 1.4054460793e-06
1437 1.0904216285e+00 1.3985583799e-06
1438 1.0898263441e+00 1.4255545599e-06
1439 1.0892183557e+00 1.4127538380e-06
1440 1.0886660651e+00 1.4014788599e-06
1441 1.0880276011e+00 1.4581828479e-06
1442 1.0873480815e+00 1.4417890228e-06
1443 1.0867440319e+00 1.4032994745e-06
1444 1.0861357762e+00 1.4291537623e-06
1445 1.0854601746e+00 1.4606505871e-06
1446 1.0848209826e+00 1.3931507940e-06
1447 1.0842170881e+00 1.4081256875e-06
1448 1.0835808022e+00 1.4028044202e-06
1449 1.0829669383e+00 1.3710126081e-06
1450 1.0823855831e+00 1.3969747293e-06
1451 1.0817481962e+00 1.4095454724e-06
1452 1.0811063158e+00 1.3981750844e-06
1453 1.0805790821e+00 1.3414832765e-06
1454 1.0800380697e+00 1.3787263323e-06
1455 1.0794261332e+00 1.3928895131e-06
1456 1.0788491028e+00 1.3330571110e-06
1457 1.0782997649e+00 1.3498990996e-06
1458 1.0776939617e+00 1.3687501451e-06
1459 1.0771056872e+00 1.3268861899e-06
1460 1.0765514559e+00 1.3408478215e-06
1461 1.0759701481e+00 1.3468217930e-06
1462 1.0754310913e+00 1.2971882190e-06
1463 1.0749057348e+00 1.3213208671e-06
1464 1.0743498594e+00 1.3116911506e-06
1465 1.0737905593e+00 1.3091439401e-06
1466 1.0732403497e+00 1.3088204316e-06
1467 1.0726563121e+00 1.3396775065e-06
1468 1.0720707847e+00 1.3092395248e-06
1469 1.0715705199e+00 1.2731724456e-06
1470 1.0710829733e+00 1.2926217919e-06
1471 1.0705897220e+00 1.2880710925e-06
1472 1.0700772500e+00 1.2959349930e-06
1473 1.0695518871e+00 1.2634192131e-06
1474 1.0690818328e+00 1.2501207152e-06
1475 1.0685604182e+00 1.3030080946e-06
1476 1.0680083666e+00 1.2618663790e-06
1477 1.0675258503e+00 1.2242093178e-06
1478 1.0670451033e+00 1.2506976348e-06
1479 1.0664991104e+00 1.2751354376e-06
1480 1.0659804356e+00 1.2416915249e-06
1481 1.0655026598e+00 1.2312661085e-06
1482 1.0650260193e+00 1.2252107158e-06
1483 1.0645700193e+00 1.2131836046e-06
1484 1.0640995271e+00 1.2492419382e-06
1485 1.0636165103e+00 1.2241470736e-06
1486 1.0631629611e+00 1.2473821810e-06
1487 1.0626781552e+00 1.2462498517e-06
1488 1.0621881176e+00 1.2345149268e-06
1489 1.0617150848e+00 1.2429009877e-06
1490 1.0612219928e+00 1.2368329868e-06
1491 1.0607496719e+00 1.2442997422e-06
1492 1.0602534792e+00 1.2292006971e-06
1493 1.0597805355e+00 1.2260778586e-06
1494 1.0593328825e+00 1.2351208410e-06
1495 1.0588214144e+00 1.2572800652e-06
1496 1.0583274542e+00 1.2121324177e-06
1497 1.0578832204e+00 1.2264047114e-06
1498 1.0574024551e+00 1.2268557512e-06
1499 1.0569096548e+00 1.2408176030e-06
1500 1.0564009290e+00 1.2347396124e-06
1501 1.0559094135e+00 1.2537846115e-06
1502 1.0553916591e+00 1.2599891002e-06
1503 1.0548484820e+00 1.2653946646e-06
1504 1.0542923471e+00 1.2683252270e-06
1505 1.0537934640e+00 1.2459907726e-06
1506 1.0532654230e+00 1.2921069342e-06
1507 1.0526977164e+00 1.2890162368e-06
1508 1.0521641706e+00 1.2353758217e-06
1509 1.0516706093e+00 1.2556548354e-06
1510 1.0511540721e+00 1.2611491626e-06
1511 1.0506708120e+00 1.2561439360e-06
1512 1.0501493013e+00 1.2894537103e-06
1513 1.0495847148e+00 1.2693812261e-06
1514 1.0490357305e+00 1.2549848278e-06
1515 1.0484750452e+00 1.2933894517e-06
1516 1.0478912712e+00 1.2667013759e-06
1517 1.0473990763e+00 1.1935200710e-06
1518 1.0469456046e+00 1.2347757891e-06
1519 1.0464055031e+00 1.2370582573e-06
1520 1.0458702367e+00 1.2309554998e-06
1521 1.0453450804e+00 1.2319568126e-06
1522 1.0447947301e+00 1.2339847368e-06
1523 1.0442722304e+00 1.2076015269e-06
1524 1.0438256876e+00 1.1932582867e-06
1525 1.0433348978e+00 1.2053137558e-06
1526 1.0428093043e+00 1.2105395433e-06
1527 1.0423237515e+00 1.1852566426e-06
1528 1.0418698067e+00 1.1829623166e-06
1529 1.0414363129e+00 1.1821059093e-06
1530 1.0409302493e+00 1.2121757020e-06
1531 1.0404177037e+00 1.1996441477e-06
1532 1.0399510598e+00 1.1785818945e-06
1533 1.0394724626e+00 1.1957003430e-06
1534 1.0389744376e+00 1.2116030655e-06
1535 1.0384965965e+00 1.1977980062e-06
1536 1.0380337261e+00 1.1967147478e-06
1537 1.0375409073e+00 1.2045668669e-06
1538 1.0369995080e+00 1.2285175026e-06
1539 1.0364651163e+00 1.1971171854e-06
1540 1.0359578295e+00 1.2131046757e-06
1541 1.0354333904e+00 1.2024817261e-06
1542 1.0349301346e+00 1.2103970667e-06
1543 1.0344134148e+00 1.2086456862e-06
1544 1.0338840782e+00 1.2250415050e-06
1545 1.0334158453e+00 1.1773356948e-06
1546 1.0329828721e+00 1.1832660130e-06
1547 1.0324973408e+00 1.2291947625e-06
1548 1.0320021582e+00 1.1820668825e-06
1549 1.0315062879e+00 1.1926631082e-06
1550 1.0310146070e+00 1.1950462527e-06
1551 1.0305250057e+00 1.1903469281e-06
1552 1.0300436078e+00 1.2101721582e-06
1553 1.0295239571e+00 1.1988056925e-06
1554 1.0289786837e+00 1.2103238148e-06
1555 1.0284838508e+00 1.1573295353e-06
1556 1.0280249565e+00 1.1880792662e-06
1557 1.0275331050e+00 1.1819064032e-06
1558 1.0270710826e+00 1.1488308363e-06
1559 1.0266371891e+00 1.1642418718e-06
1560 1.0261545317e+00 1.1467832316e-06
1561 1.0256726270e+00 1.1783572909e-06
1562 1.0251674966e+00 1.1567660514e-06
1563 1.0247112251e+00 1.1293648255e-06
1564 1.0242685699e+00 1.1459453581e-06
1565 1.0237611705e+00 1.1708263651e-06
1566 1.0232687768e+00 1.1363649458e-06
1567 1.0228418556e+00 1.1263268271e-06
1568 1.0223925015e+00 1.1384562321e-06
1569 1.0219332206e+00 1.1274259746e-06
1570 1.0214508218e+00 1.1466144797e-06
1571 1.0210119087e+00 1.0913512470e-06
1572 1.0206129369e+00 1.1174854945e-06
1573 1.0201464417e+00 1.1293525966e-06
1574 1.0197291845e+00 1.0634972777e-06
1575 1.0193300454e+00 1.1083529616e-06
1576 1.0188998166e+00 1.0722836472e-06
1577 1.0184715311e+00 1.0909148592e-06
1578 1.0180097623e+00 1.1031412329e-06
1579 1.0175572539e+00 1.0710660385e-06
1580 1.0171498345e+00 1.0723979132e-06
1581 1.0167197215e+00 1.0910871427e-06
1582 1.0162969968e+00 1.0638158730e-06
1583 1.0159132813e+00 1.0751915373e-06
1584 1.0154812385e+00 1.1063428156e-06
1585 1.0150607956e+00 1.0869754454e-06
1586 1.0146397021e+00 1.0960382375e-06
1587 1.0141993887e+00 1.0915693383e-06
1588 1.0137584634e+00 1.0931294265e-06
1589 1.0132830690e+00 1.1213628901e-06
1590 1.0128164226e+00 1.0852617170e-06
1591 1.0123846023e+00 1.0775122143e-06
1592 1.0119698105e+00 1.0652025809e-06
1593 1.0115579334e+00 1.0519906866e-06
1594 1.0111114620e+00 1.0872988183e-06
1595 1.0106460305e+00 1.0914542724e-06
1596 1.0102060639e+00 1.0745065931e-06
1597 1.0098086878e+00 1.0550138504e-06
1598 1.0093879526e+00 1.0819926453e-06
1599 1.0089292238e+00 1.1030333032e-06
1600 1.0084791328e+00 1.0907650757e-06
1601 1.0080941563e+00 1.0615195344e-06
1602 1.0076923163e+00 1.0896546108e-06
1603 1.0072298687e+00 1.1224622789e-06
1604 1.0067792568e+00 1.0898723243e-06
1605 1.0063553051e+00 1.1126920353e-06
1606 1.0059151493e+00 1.0845987828e-06
1607 1.0055016627e+00 1.1161586195e-06
1608 1.0050391888e+00 1.1228911128e-06
1609 1.0045840076e+00 1.1058943780e-06
1610 1.0041156818e+00 1.1280145715e-06
1611 1.0036315232e+00 1.1120563054e-06
1612 1.0031774755e+00 1.0919175060e-06
1613 1.0027042242e+00 1.1046595461e-06
1614 1.0022019921e+00 1.1194567508e-06
1615 1.0017132977e+00 1.0860659600e-06
1616 1.0012630943e+00 1.0798668329e-06
1617 1.0008202088e+00 1.0788825013e-06
1618 1.0004104801e+00 1.0595274970e-06
1619 9.9997399054e-01 1.0943515310e-06
1620 9.9949580178e-01 1.1018511146e-06
1621 9.9905293706e-01 1.0647423815e-06
1622 9.9865526114e-01 1.0827172650e-06
1623 9.9820489004e-01 1.0936246817e-06
1624 9.9773138763e-01 1.1090543264e-06
1625 9.9724841804e-01 1.0996860135e-06
1626 9.9677660487e-01 1.1107356960e-06
1627 9.9632590834e-01 1.0857817153e-06
1628 9.9589285671e-01 1.1032355703e-06
1629 9.9538908131e-01 1.1487597628e-06
1630 9.9488764639e-01 1.1279986233e-06
1631 9.9439950283e-01 1.1500256906e-06
1632 9.9391603636e-01 1.1426590857e-06
1633 9.9345293034e-01 1.1408235163e-06
1634 9.9296841330e-01 1.1512879190e-06
1635 9.9249109903e-01 1.1534273514e-06
1636 9.9200188005e-01 1.1661761625e-06
1637 9.9150243442e-01 1.1447305441e-06
1638 9.9106988447e-01 1.1406412614e-06
1639 9.9056451831e-01 1.1702662870e-06
1640 9.9002587624e-01 1.1718493347e-06
1641 9.8953027586e-01 1.1552318382e-06
1642 9.8903465155e-01 1.1665625394e-06
1643 9.8854768066e-01 1.1353924737e-06
1644 9.8805403821e-01 1.1632598293e-06
1645 9.8753752995e-01 1.1528605104e-06
1646 9.8708532695e-01 1.1309607481e-06
1647 9.8658191668e-01 1.1783624566e-06
1648 9.8605045752e-01 1.1260893319e-06
1649 9.8561140923e-01 1.1356325647e-06
1650 9.8512166772e-01 1.1482646017e-06
1651 9.8464500011e-01 1.1337184291e-06
1652 9.8417252863e-01 1.1371245184e-06
1653 9.8367869554e-01 1.1397842170e-06
1654 9.8320390363e-01 1.1299907331e-06
1655 9.8270731197e-01 1.1395890710e-06
1656 9.8221112150e-01 1.1470366011e-06
1657 9.8168485476e-01 1.1684562216e-06
1658 9.8112726867e-01 1.1820443857e-06
1659 9.8067510001e-01 1.1167970842e-06
1660 9.8017471207e-01 1.2129980067e-06
1661 9.7963367263e-01 1.1648050333e-06
1662 9.7919822123e-01 1.1452940829e-06
1663 9.7873138677e-01 1.1591897069e-06
1664 9.7821580176e-01 1.1794158384e-06
1665 9.7772327275e-01 1.1633247107e-06
1666 9.7724414380e-01 1.1614943654e-06
1667 9.7672572229e-01 1.1806121056e-06
1668 9.7620045369e-01 1.1559892592e-06
1669 9.7570011544e-01 1.1508613381e-06
1670 9.7520509605e-01 1.1539300759e-06
1671 9.7471996504e-01 1.1551468974e-06
1672 9.7428347301e-01 1.1187875185e-06
1673 9.7379229565e-01 1.1776803959e-06
1674 9.7326269090e-01 1.1763001561e-06
1675 9.7274541670e-01 1.1676605898e-06
1676 9.7222364564e-01 1.1778276292e-06
1677 9.7170433185e-01 1.1791081692e-06
1678 9.7118330678e-01 1.1683401996e-06
1679 9.7066951040e-01 1.1728829739e-06
1680 9.7016933296e-01 1.1574338550e-06
1681 9.6963782339e-01 1.1877171554e-06
1682 9.6909882498e-01 1.1762354698e-06
1683 9.6860590583e-01 1.1583819508e-06
1684 9.6814238789e-01 1.1574915488e-06
1685 9.6765164017e-01 1.1703064306e-06
1686 9.6713872548e-01 1.1619685316e-06
1687 9.6664445974e-01 1.1653577577e-06
1688 9.6614781521e-01 1.1742196936e-06
1689 9.6561316016e-01 1.1760015127e-06
1690 9.6512984050e-01 1.1379867562e-06
1691 9.6464989343e-01 1.1759809714e-06
1692 9.6412047906e-01 1.1849408816e-06
1693 9.6363389208e-01 1.1320042689e-06
1694 9.6314936323e-01 1.1844610957e-06
1695 9.6263383425e-01 1.1425443304e-06
1696 9.6213406368e-01 1.1613645589e-06
1697 9.6160998137e-01 1.1783157850e-06
1698 9.6112497551e-01 1.0977339779e-06
1699 9.6068181279e-01 1.1564365599e-06
1700 9.6015127749e-01 1.1687351543e-06
1701 9.5963860254e-01 1.1445500765e-06
1702 9.5914655910e-01 1.1450132835e-06
1703 9.5864500386e-01 1.1553279158e-06
1704 9.5818144460e-01 1.1314524079e-06
1705 9.5770818775e-01 1.1499721392e-06
1706 9.5719507330e-01 1.1486547130e-06
1707 9.5671909885e-01 1.1376823609e-06
1708 9.5623700954e-01 1.1386129207e-06
1709 9.5575327174e-01 1.1305575936e-06
1710 9.5531496692e-01 1.1171553379e-06
1711 9.5484999109e-01 1.1560882639e-06
1712 9.5437200729e-01 1.1129168110e-06
1713 9.5393179416e-01 1.1209219119e-06
1714 9.5343784175e-01 1.1248235115e-06
1715 9.5296720333e-01 1.0997781486e-06
1716 9.5258048818e-01 1.0818026860e-06
1717 9.5215902920e-01 1.0999850429e-06
1718 9.5173440943e-01 1.1029012486e-06
1719 9.5126117776e-01 1.1179927632e-06
1720 9.5080599101e-01 1.0837290853e-06
1721 9.5041078577e-01 1.0825629828e-06
1722 9.4996658809e-01 1.0819776756e-06
1723 9.4956846011e-01 1.0203728212e-06
1724 9.4920042312e-01 1.0758884249e-06
1725 9.4877198029e-01 1.0538771096e-06
1726 9.4834215485e-01 1.0872312841e-06
1727 9.4788021768e-01 1.0902771143e-06
1728 9.4742374686e-01 1.0791266153e-06
1729 9.4700441412e-01 1.0550962478e-06
1730 9.4656921999e-01 1.0817722842e-06
1731 9.4613004978e-01 1.0621982654e-06
1732 9.4572960614e-01 1.0496005815e-06
1733 9.4531255772e-01 1.0622020831e-06
1734 9.4495166506e-01 1.0373503211e-06
1735 9.4451741396e-01 1.0981625383e-06
1736 9.4407231068e-01 1.0469140837e-06
1737 9.4368398360e-01 1.0374209085e-06
1738 9.4324545679e-01 1.0853624862e-06
1739 9.4280239190e-01 1.0446298034e-06
1740 9.4238424404e-01 1.0656657385e-06
1741 9.4195113343e-01 1.0503701558e-06
1742 9.4155685133e-01 1.0408669200e-06
1743 9.4116120808e-01 1.0574485876e-06
1744 9.4070816657e-01 1.0800788924e-06
1745 9.4027956870e-01 1.0321279695e-06
1746 9.3989422339e-01 1.0527231668e-06
1747 9.3947864211e-01 1.0555287841e-06
1748 9.3909928057e-01 1.0208064527e-06
1749 9.3872132941e-01 1.0436091269e-06
1750 9.3833226580e-01 1.0258298808e-06
1751 9.3793240846e-01 1.0336420028e-06
1752 9.3751251820e-01 1.0488005148e-06
1753 9.3715096251e-01 1.0110911468e-06
1754 9.3677998772e-01 1.0437203664e-06
1755 9.3637064882e-01 1.0100295050e-06
1756 9.3599652891e-01 1.0250983742e-06
1757 9.3557287675e-01 1.0490689281e-06
1758 9.3516533571e-01 1.0149516080e-06
1759 9.3483261237e-01 9.9043791624e-07
1760 9.3447031030e-01 1.0187844567e-06
1761 9.3408950424e-01 1.0073753983e-06
1762 9.3371302752e-01 1.0264098105e-06
1763 9.3331635794e-01 1.0213587883e-06
1764 9.3293507150e-01 1.0149321487e-06
1765 9.3253004303e-01 1.0233123312e-06
1766 9.3212478419e-01 1.0148404257e-06
1767 9.3178115701e-01 9.8100674761e-07
1768 9.3140554146e-01 1.0280973967e-06
1769 9.3099505510e-01 1.0084707192e-06
1770 9.3060730809e-01 1.0148356645e-06
1771 9.3022826781e-01 1.0109556685e-06
1772 9.2983116103e-01 1.0315427747e-06
1773 9.2947766209e-01 9.9651299947e-07
1774 9.2912357330e-01 1.0237342460e-06
1775 9.2877098903e-01 1.0040587299e-06
1776 9.2840824079e-01 1.0162862702e-06
1777 9.2806687856e-01 9.7976954287e-07
1778 9.2771103127e-01 1.0318678677e-06
1779 9.2731239218e-01 1.0080867295e-06
1780 9.2695926512e-01 9.8212635903e-07
1781 9.2657244863e-01 1.0350690393e-06
1782 9.2615620030e-01 1.0167209815e-06
1783 9.2580122859e-01 9.8098129834e-07
1784 9.2543625726e-01 1.0270776682e-06
1785 9.2506868103e-01 9.7155736863e-07
1786 9.2470261573e-01 1.0205997721e-06
1787 9.2429629503e-01 1.0190765817e-06
1788 9.2392538658e-01 9.8644656117e-07
1789 9.2357121813e-01 1.0127190931e-06
1790 9.2320137819e-01 9.9415013959e-07
1791 9.2285453566e-01 1.0151256897e-06
1792 9.2245450972e-01 1.0410209054e-06
1793 9.2206433793e-01 9.7915330098e-07
1794 9.2169731035e-01 9.9938370914e-07
1795 9.2132235082e-01 9.9282958654e-07
1796 9.2099138317e-01 9.7363963484e-07
1797 9.2062646102e-01 9.9369538605e-07
1798 9.2025089831e-01 9.8596366281e-07
1799 9.1993934321e-01 9.4988682721e-07
1800 9.1959090278e-01 9.9929743696e-07
1801 9.1925124660e-01 9.2974740079e-07
1802 9.1893761328e-01 9.7390450538e-07
1803 9.1858364264e-01 9.5115734124e-07
1804 9.1827886822e-01 9.5045380418e-07
1805 9.1795792467e-01 9.3668942315e-07
1806 9.1763357023e-01 9.3378228278e-07
1807 9.1731053875e-01 9.2960138097e-07
1808 9.1697435571e-01 9.3812127377e-07
1809 9.1664661456e-01 9.1646910632e-07
1810 9.1632758812e-01 9.2491353946e-07
1811 9.1599945088e-01 9.2335499194e-07
1812 9.1570457193e-01 9.1369344249e-07
1813 9.1539657441e-01 9.3944143466e-07
1814 9.1511449798e-01 8.9985913529e-07
1815 9.1481004487e-01 9.5553771750e-07
1816 9.1444984075e-01 9.4867033111e-07
1817 9.1412571739e-01 9.0391007891e-07
1818 9.1384783869e-01 9.0325662248e-07
1819 9.1354573585e-01 9.0324527327e-07
1820 9.1325218180e-01 8.9438498828e-07
1821 9.1295202852e-01 8.9724854862e-07
1822 9.1265413019e-01 8.8455093680e-07
1823 9.1235877508e-01 8.9708764704e-07
1824 9.1203160123e-01 9.3841510697e-07
1825 9.1169511213e-01 9.0269796989e-07
1826 9.1140681786e-01 8.8921912608e-07
1827 9.1111088197e-01 9.0391297158e-07
1828 9.1081025840e-01 8.9017843387e-07
1829 9.1053036343e-01 8.8232362394e-07
1830 9.1023898562e-01 8.8485094496e-07
1831 9.0998388904e-01 8.5696602077e-07
1832 9.0970742190e-01 8.9185782718e-07
1833 9.0941952917e-01 8.7731909616e-07
1834 9.0912024721e-01 9.0257121325e-07
1835 9.0880677371e-01 8.8037090494e-07
1836 9.0851725869e-01 8.7725484095e-07
1837 9.0823835318e-01 8.7496661686e-07
1838 9.0797825471e-01 8.5125747273e-07
1839 9.0771324030e-01 8.7859133875e-07
1840 9.0741008383e-01 8.8342608783e-07
1841 9.0712199078e-01 8.6426949707e-07
1842 9.0682542758e-01 8.9244247970e-07
1843 9.0652142125e-01 8.8102666247e-07
1844 9.0626167280e-01 8.5280024759e-07
1845 9.0598648983e-01 8.6931415891e-07
1846 9.0571080888e-01 8.5772653854e-07
1847 9.0543883785e-01 8.8303787109e-07
1848 9.0515071593e-01 8.5239689067e-07
1849 9.0488350929e-01 8.4623813322e-07
1850 9.0460923916e-01 8.4494029428e-07
1851 9.0432594434e-01 8.5338807455e-07
1852 9.0404355365e-01 8.4922598466e-07
1853 9.0376917731e-01 8.4903345149e-07
1854 9.0350484543e-01 8.4150956199e-07
1855 9.0323751547e-01 8.4999144944e-07
1856 9.0294985906e-01 8.7307911773e-07
1857 9.0267367069e-01 8.4404694175e-07
1858 9.0238936695e-01 8.7072163496e-07
1859 9.0209685317e-01 8.5233859674e-07
1860 9.0183887143e-01 8.4583262540e-07
1861 9.0154753099e-01 8.8147736310e-07
1862 9.0123788623e-01 8.6508406485e-07
1863 9.0095868646e-01 8.4694244257e-07
1864 9.0067687329e-01 8.6110019376e-07
1865 9.0038877418e-01 8.6296296975e-07
1866 9.0009804368e-01 8.5829405103e-07
1867 8.9979023644e-01 8.7451340916e-07
1868 8.9951249158e-01 8.3857299798e-07
1869 8.9924130268e-01 8.5630768771e-07
1870 8.9895727290e-01 8.5000425168e-07
1871 8.9870834222e-01 8.2722774230e-07
1872 8.9844802012e-01 8.5070453848e-07
1873 8.9817039972e-01 8.3768846573e-07
1874 8.9790341599e-01 8.3062336197e-07
1875 8.9763029969e-01 8.4698943122e-07
1876 8.9735375835e-01 8.2795646978e-07
1877 8.9708461431e-01 8.3565354348e-07
1878 8.9680546447e-01 8.3267591321e-07
1879 8.9653232339e-01 8.2195323995e-07
1880 8.9628975082e-01 7.9951833945e-07
1881 8.9603918048e-01 8.1813974300e-07
1882 8.9581149876e-01 7.7656135864e-07
1883 8.9559570623e-01 7.9831669404e-07
1884 8.9534150682e-01 8.1226095010e-07
1885 8.9508980889e-01 8.0092246739e-07
1886 8.9486000505e-01 8.0258123183e-07
1887 8.9462555786e-01 8.0631983312e-07
1888 8.9439685166e-01 8.1073204481e-07
1889 8.9414717778e-01 8.2449229663e-07
1890 8.9387725367e-01 8.3538761673e-07
1891 8.9360295377e-01 8.4095284281e-07
1892 8.9333598877e-01 8.3435459041e-07
1893 8.9306568945e-01 8.4570982338e-07
1894 8.9278409969e-01 8.5016541784e-07
1895 8.9253295570e-01 8.3471851067e-07
1896 8.9228440309e-01 8.3947703870e-07
1897 8.9201730810e-01 8.3717163100e-07
1898 8.9175640253e-01 8.3974417114e-07
1899 8.9148198437e-01 8.6261163058e-07
1900 8.9118858472e-01 8.4869246980e-07
1901 8.9090836002e-01 8.4058444238e-07
1902 8.9064091708e-01 8.3493977459e-07
1903 8.9037022708e-01 8.4461944422e-07
1904 8.9009025679e-01 8.4902875887e-07
1905 8.8981390737e-01 8.3300418983e-07
1906 8.8954183159e-01 8.5430318093e-07
1907 8.8925067120e-01 8.4756194486e-07
1908 8.8898582007e-01 8.1625424097e-07
1909 8.8873106306e-01 8.2175135341e-07
1910 8.8847504675e-01 8.1094681441e-07
1911 8.8822691704e-01 8.1549462851e-07
1912 8.8799035184e-01 8.0573344301e-07
1913 8.8774188321e-01 8.4565989579e-07
1914 8.8746020786e-01 8.3426694581e-07
1915 8.8719827228e-01 8.2033321830e-07
1916 8.8694491659e-01 8.3116095803e-07
1917 8.8666584291e-01 8.3435166524e-07
1918 8.8640158811e-01 8.2071977867e-07
1919 8.8614379562e-01 8.4410767379e-07
1920 8.8586668953e-01 8.4278950138e-07
1921 8.8559994259e-01 8.3223929603e-07
1922 8.8533070592e-01 8.6745298780e-07
1923 8.8506097966e-01 8.3236659305e-07
1924 8.8479880098e-01 8.4613061563e-07
1925 8.8452260484e-01 8.3854565918e-07
1926 8.8426380570e-01 8.4101123676e-07
1927 8.8397020715e-01 8.7657235633e-07
1928 8.8367993118e-01 8.2923847646e-07
1929 8.8343545093e-01 8.3173512171e-07
1930 8.8316800921e-01 8.5155918381e-07
1931 8.8290136628e-01 8.4980335336e-07
1932 8.8262067506e-01 8.5542841424e-07
1933 8.8234638815e-01 8.4440649638e-07
1934 8.8206807463e-01 8.5534330635e-07
1935 8.8178129926e-01 8.5128436085e-07
1936 8.8153329627e-01 8.1969680321e-07
1937 8.8128730279e-01 8.4055873144e-07
1938 8.8100732745e-01 8.4045258392e-07
1939 8.8075632721e-01 8.0881062440e-07
1940 8.8049087795e-01 8.4644781984e-07
1941 8.8021184151e-01 8.2591858053e-07
1942 8.7997261849e-01 8.1009342793e-07
1943 8.7972356216e-01 8.0699680310e-07
1944 8.7948803062e-01 8.1053785429e-07
1945 8.7924173175e-01 8.2283921345e-07
1946 8.7901823044e-01 8.0408549681e-07
1947 8.7875814055e-01 8.5504886647e-07
1948 8.7848256515e-01 8.2649493529e-07
1949 8.7824881010e-01 8.3423870156e-07
1950 8.7797549935e-01 8.3935723569e-07
1951 8.7772308239e-01 8.1588876786e-07
1952 8.7746762253e-01 8.4511958585e-07
1953 8.7717837429e-01 8.5161654211e-07
1954 8.7689875116e-01 8.3413549120e-07
1955 8.7662163324e-01 8.4438004706e-07
1956 8.7634760033e-01 8.2954658885e-07
1957 8.7609140816e-01 8.2603614552e-07
1958 8.7582982318e-01 8.3414476753e-07
1959 8.7558590685e-01 8.1648703460e-07
1960 8.7533262645e-01 8.3124428818e-07
1961 8.7506143732e-01 8.3975885195e-07
1962 8.7479814878e-01 8.2397138780e-07
1963 8.7454010997e-01 8.4753181970e-07
1964 8.7425413440e-01 8.5183318541e-07
1965 8.7397494410e-01 8.2621818967e-07
1966 8.7371566667e-01 8.2228799594e-07
1967 8.7347905095e-01 8.0566606472e-07
1968 8.7324791927e-01 8.1608522957e-07
1969 8.7299549029e-01 8.1679553267e-07
1970 8.7275969829e-01 8.0347170303e-07
1971 8.7251711918e-01 8.1229557430e-07
1972 8.7224722892e-01 8.3339642504e-07
1973 8.7198146773e-01 8.1560883995e-07
1974 8.7172533764e-01 8.3945013134e-07
1975 8.7145295232e-01 8.3175378931e-07
1976 8.7120077829e-01 8.2203275881e-07
1977 8.7095892845e-01 8.1342331713e-07
1978 8.7071055120e-01 8.4141983460e-07
1979 8.7045281089e-01 8.3685980325e-07
1980 8.7017986273e-01 8.5580426374e-07
1981 8.6990008787e-01 8.4283743435e-07
1982 8.6962879525e-01 8.5739653407e-07
1983 8.6935701342e-01 8.5476937793e-07
1984 8.6909444457e-01 8.5710508989e-07
1985 8.6880367132e-01 8.6968636739e-07
1986 8.6851492728e-01 8.5497121128e-07
1987 8.6824799220e-01 8.6359255011e-07
1988 8.6798376383e-01 8.4826758553e-07
1989 8.6772217293e-01 8.5174948637e-07
1990 8.6744374117e-01 8.5498731768e-07
1991 8.6715576695e-01 8.6127280814e-07
1992 8.6688402898e-01 8.4453885570e-07
1993 8.6664423930e-01 8.3284114742e-07
1994 8.6638280766e-01 8.5658869291e-07
1995 8.6610476061e-01 8.4737152259e-07
1996 8.6584015641e-01 8.5525776937e-07
1997 8.6555187782e-01 8.6962577297e-07
1998 8.6525647532e-01 8.5348994181e-07
1999 8.6498858587e-01 8.4794781118e-07
