iter rel_error rel_residual
0 2.8980134901e+00 1.9877293191e-01
1 2.2718643158e+00 5.4921409994e-02
2 1.8942109260e+00 3.1794583099e-02
3 1.5333549090e+00 1.2549486241e-02
4 1.2691371433e+00 8.7145863923e-03
5 1.0073975613e+00 5.3023549414e-03
6 8.4600529450e-01 3.1792456207e-03
7 7.6636129759e-01 1.9971333663e-03
8 7.2833010258e-01 1.2580786868e-03
9 7.0931709326e-01 8.2826171094e-04
10 6.9474209119e-01 5.2229489972e-04
11 6.8241489788e-01 4.4582492718e-04
12 6.7205216981e-01 3.8354111349e-04
13 6.6026167708e-01 3.7595991147e-04
14 6.4695781607e-01 2.9822204440e-04
15 6.3578165260e-01 2.7573484225e-04
16 6.2438819708e-01 2.5826877515e-04
17 6.1418863413e-01 2.1424978994e-04
18 6.0395037890e-01 2.2790868073e-04
19 5.9205339474e-01 2.1918687109e-04
20 5.7813468482e-01 2.1853670515e-04
21 5.6379078129e-01 1.9085217380e-04
22 5.5033482517e-01 2.0499373870e-04
23 5.3518234038e-01 2.0219243025e-04
24 5.1909788362e-01 2.0421275980e-04
25 5.0244854065e-01 2.0527854802e-04
26 4.8670762141e-01 2.1992362130e-04
27 4.7143827535e-01 2.1613749794e-04
28 4.5859586331e-01 1.8497475166e-04
29 4.4736006639e-01 2.0040190073e-04
30 4.3724460281e-01 1.8984141579e-04
31 4.2747253317e-01 1.9650824518e-04
32 4.1817757368e-01 1.9695518413e-04
33 4.0666761505e-01 2.0452904664e-04
34 3.9723220985e-01 2.0001235431e-04
35 3.8905062872e-01 1.9585524430e-04
36 3.8203296400e-01 1.7704596955e-04
37 3.7508079309e-01 1.9526477876e-04
38 3.6721979845e-01 1.7047923358e-04
39 3.6104399485e-01 1.4914615773e-04
40 3.5519051967e-01 1.3774728072e-04
41 3.4828974869e-01 1.4756128616e-04
42 3.3976421063e-01 1.3702587119e-04
43 3.3019109745e-01 1.5025453060e-04
44 3.2003287368e-01 1.2485917631e-04
45 3.1061768652e-01 1.0757667107e-04
46 3.0130956583e-01 1.0436959286e-04
47 2.8994500778e-01 1.1780997979e-04
48 2.7568213177e-01 1.1019983253e-04
49 2.6252145017e-01 1.0169475204e-04
50 2.4933479356e-01 9.7818981778e-05
51 2.3700058684e-01 8.8641650710e-05
52 2.2501172387e-01 8.4009835623e-05
53 2.1311478088e-01 8.1361448090e-05
54 2.0116954361e-01 8.1340548425e-05
55 1.8831217537e-01 7.9231781463e-05
56 1.7412951776e-01 8.2443468688e-05
57 1.6019684027e-01 8.3111860601e-05
58 1.4724795840e-01 8.0112029898e-05
59 1.3653480683e-01 7.1793436601e-05
60 1.2662623671e-01 7.3291218152e-05
61 1.1719125441e-01 6.5056460095e-05
62 1.1037392252e-01 5.7431922172e-05
63 1.0566558882e-01 4.9793368892e-05
64 1.0146658848e-01 5.3885709921e-05
65 9.7431415979e-02 5.1647866378e-05
66 9.4137068281e-02 4.9831213878e-05
67 9.1467374837e-02 3.7981686945e-05
68 8.9135470149e-02 4.1163444279e-05
69 8.6561467584e-02 4.3914464454e-05
70 8.3901810039e-02 4.1835564817e-05
71 8.1711623040e-02 4.0060885084e-05
72 7.9670671650e-02 3.8503998541e-05
73 7.7784406012e-02 4.0994949306e-05
74 7.6289704356e-02 3.8370739395e-05
75 7.5148875030e-02 3.7941675895e-05
76 7.4307858749e-02 3.4462916596e-05
77 7.3477257496e-02 3.1606236023e-05
78 7.2808674892e-02 3.4484613214e-05
79 7.2038695911e-02 3.4566885027e-05
80 7.1241690318e-02 4.0337402153e-05
81 7.0565579643e-02 3.1936579200e-05
82 6.9891685022e-02 2.9220814432e-05
83 6.8802769470e-02 3.1408390537e-05
84 6.7366664881e-02 3.6896181290e-05
85 6.5510999722e-02 3.6732250925e-05
86 6.3214205752e-02 3.4555483010e-05
87 6.0932831773e-02 3.4852860498e-05
88 5.8121081489e-02 4.1690270391e-05
89 5.5588131428e-02 3.6403611394e-05
90 5.3465314770e-02 3.2385972952e-05
91 5.1461901503e-02 2.8567465476e-05
92 4.9307012228e-02 2.9905350219e-05
93 4.7190150256e-02 2.4732773385e-05
94 4.5532338568e-02 2.1856484576e-05
95 4.3975963134e-02 2.0297663557e-05
96 4.2358877749e-02 1.9211280085e-05
97 4.0588075375e-02 1.9959202731e-05
98 3.8886751458e-02 1.7091541898e-05
99 3.7453406029e-02 1.4977620691e-05
100 3.6029271352e-02 1.3798697535e-05
101 3.4859792946e-02 1.2467143013e-05
102 3.3778688098e-02 1.0888437463e-05
103 3.2809745743e-02 1.0412337765e-05
104 3.1987189403e-02 9.2334603635e-06
105 3.1217554093e-02 8.5615743234e-06
106 3.0583313777e-02 7.5180055098e-06
107 2.9998222838e-02 6.9945187855e-06
108 2.9420384482e-02 6.9392545013e-06
109 2.8850292066e-02 6.5253443063e-06
110 2.8302122446e-02 6.6522030099e-06
111 2.7793138582e-02 6.1712878264e-06
112 2.7336063310e-02 5.9241558617e-06
113 2.6914285265e-02 5.7417213939e-06
114 2.6527705906e-02 5.6760378998e-06
115 2.6181582201e-02 5.8854866756e-06
116 2.5852550274e-02 6.1478577388e-06
117 2.5616896132e-02 5.4425536940e-06
118 2.5425933551e-02 5.2593298727e-06
119 2.5244997849e-02 5.5749875685e-06
120 2.5051236418e-02 6.0487118465e-06
121 2.4830743613e-02 5.6384972519e-06
122 2.4619100830e-02 5.1719195205e-06
123 2.4396247577e-02 5.0331531702e-06
124 2.4105131542e-02 5.6438806358e-06
125 2.3742738013e-02 5.6851429502e-06
126 2.3277981164e-02 5.8163391622e-06
127 2.2783575046e-02 5.8328506688e-06
128 2.2231921448e-02 6.2748418127e-06
129 2.1565741638e-02 5.7003570235e-06
130 2.0874125238e-02 6.0744585177e-06
131 2.0135205594e-02 5.7493477625e-06
132 1.9396930776e-02 6.0131826629e-06
133 1.8636668771e-02 5.8252434532e-06
134 1.7903720697e-02 5.3395603727e-06
135 1.7195351485e-02 5.3083272627e-06
136 1.6532061522e-02 5.4957353408e-06
137 1.5814598101e-02 5.2712591471e-06
138 1.5191492435e-02 4.8520037330e-06
139 1.4587332314e-02 5.1436950769e-06
140 1.4048082955e-02 4.8617950975e-06
141 1.3559093692e-02 4.2743385150e-06
142 1.3165378012e-02 4.2573184817e-06
143 1.2776656855e-02 4.8717630538e-06
144 1.2331456782e-02 4.7121665784e-06
145 1.1939138853e-02 4.6093878232e-06
146 1.1558665781e-02 4.1758185829e-06
147 1.1197030583e-02 4.8609207418e-06
148 1.0821920842e-02 4.6623098360e-06
149 1.0555067024e-02 4.3536049757e-06
150 1.0349785838e-02 3.9883309111e-06
151 1.0205166942e-02 4.2321341078e-06
152 1.0140521909e-02 4.3167298411e-06
153 1.0111538092e-02 4.4923899333e-06
154 1.0185915163e-02 4.2658612909e-06
155 1.0286531178e-02 4.0511946684e-06
156 1.0382356442e-02 3.5048907997e-06
157 1.0471617713e-02 3.8051604269e-06
158 1.0558583310e-02 3.4882414549e-06
159 1.0630221362e-02 3.6384512757e-06
160 1.0687213550e-02 3.4271491557e-06
161 1.0720489615e-02 3.2998902624e-06
162 1.0705980281e-02 2.6572661990e-06
163 1.0672631148e-02 2.7550292255e-06
164 1.0616710774e-02 3.0350853765e-06
165 1.0523841828e-02 3.0285504564e-06
166 1.0407131120e-02 3.0657610104e-06
167 1.0255214373e-02 3.4003461632e-06
168 1.0081956471e-02 3.4272041620e-06
169 9.9318093955e-03 3.0434933359e-06
170 9.8087348785e-03 2.8160675373e-06
171 9.6838621539e-03 2.9755974855e-06
172 9.5633950513e-03 2.9640204497e-06
173 9.4520529501e-03 2.5652293348e-06
174 9.3542185629e-03 2.2389732758e-06
175 9.2440757245e-03 2.2570232187e-06
176 9.1174374008e-03 2.0225565495e-06
177 8.9744800495e-03 1.9452246142e-06
178 8.7972185641e-03 2.0836188431e-06
179 8.6012312740e-03 2.0022823303e-06
180 8.4023393557e-03 1.9224482191e-06
181 8.2197449598e-03 1.6482273054e-06
182 8.0423336984e-03 1.6719620913e-06
183 7.8695829208e-03 1.7778158635e-06
184 7.6646313456e-03 1.6020631615e-06
185 7.4648158571e-03 1.7164270164e-06
186 7.2647459826e-03 1.6376134948e-06
187 7.0758801922e-03 1.6053996447e-06
188 6.9052522398e-03 1.5847900188e-06
189 6.7447421504e-03 1.6109420199e-06
190 6.5931008572e-03 1.5290587640e-06
191 6.4537318923e-03 1.5645155968e-06
192 6.3209991778e-03 1.4899410204e-06
193 6.1772126252e-03 1.5479809331e-06
194 6.0150340029e-03 1.5526700178e-06
195 5.8437688428e-03 1.5189110872e-06
196 5.6708411812e-03 1.4857663984e-06
197 5.4613929409e-03 1.6886729659e-06
198 5.2293537544e-03 1.6727494019e-06
199 4.9963346776e-03 1.7188231493e-06
200 4.7880430885e-03 1.6493209662e-06
201 4.5997332749e-03 1.5215778121e-06
202 4.3996356351e-03 1.5208979678e-06
203 4.2061142611e-03 1.4935590748e-06
204 4.0119681919e-03 1.4425775120e-06
205 3.8147060403e-03 1.4137409856e-06
206 3.6225206287e-03 1.3126582781e-06
207 3.4257604772e-03 1.3794645022e-06
208 3.2126994737e-03 1.3871072629e-06
209 2.9908399702e-03 1.3909211199e-06
210 2.7667325168e-03 1.3976996715e-06
211 2.5796354162e-03 1.2161786955e-06
212 2.4231297642e-03 1.0552073325e-06
213 2.2804473397e-03 9.4195067030e-07
214 2.1516827511e-03 8.7855552171e-07
215 2.0210741482e-03 8.4910239466e-07
216 1.8915838602e-03 8.0465034374e-07
217 1.7756849056e-03 6.7303466954e-07
218 1.6724622209e-03 6.0524259969e-07
219 1.5689264652e-03 5.2232390704e-07
220 1.4724634399e-03 5.0841595151e-07
221 1.3728602352e-03 4.8441545648e-07
222 1.2765389016e-03 4.3447627477e-07
223 1.1815010018e-03 4.1334078580e-07
224 1.0892481623e-03 3.9281421785e-07
225 1.0041691790e-03 3.2689823179e-07
226 9.4302124095e-04 2.9219052884e-07
227 8.8326448957e-04 3.0173933206e-07
228 8.2358331587e-04 2.8365140397e-07
229 7.6978356119e-04 2.4934486621e-07
230 7.2056189105e-04 2.2779487915e-07
231 6.7796348098e-04 2.2355356569e-07
232 6.3904999849e-04 2.1260714055e-07
233 6.0509393179e-04 1.9476020125e-07
234 5.7609657986e-04 1.6264925800e-07
235 5.5324846926e-04 1.4646975901e-07
236 5.3586834022e-04 1.2507282915e-07
237 5.2163898616e-04 9.3134992613e-08
238 5.0815477239e-04 9.4792933739e-08
239 4.9160493913e-04 1.1116692480e-07
240 4.7386095493e-04 1.0101047518e-07
241 4.5810072116e-04 8.9489995051e-08
242 4.4365320309e-04 8.1606105003e-08
243 4.3014161252e-04 8.3539712818e-08
244 4.1646485310e-04 8.0710006452e-08
245 4.0181225808e-04 7.6528213686e-08
246 3.8865250413e-04 7.2055598907e-08
247 3.7560100784e-04 7.0154313926e-08
248 3.6406217730e-04 6.5113171530e-08
249 3.5403680925e-04 5.9877083454e-08
250 3.4358076678e-04 5.8757793747e-08
251 3.3182344183e-04 6.4774073124e-08
252 3.1888518719e-04 6.0971693748e-08
253 3.0668396703e-04 5.6214504132e-08
254 2.9670315714e-04 4.8210574368e-08
255 2.8584388933e-04 5.3011339623e-08
256 2.7311650629e-04 5.4597753480e-08
257 2.5984744344e-04 5.3823889430e-08
258 2.4548708065e-04 5.3321090805e-08
259 2.2902406776e-04 5.6605812104e-08
260 2.1324054839e-04 5.3253590214e-08
261 1.9734413730e-04 5.9919702097e-08
262 1.7844122236e-04 6.2123574224e-08
263 1.6212656465e-04 5.9603247318e-08
264 1.4954998946e-04 5.2388525383e-08
265 1.4054708651e-04 4.1392834575e-08
266 1.3316987371e-04 4.8373309279e-08
267 1.2564965737e-04 4.7331602577e-08
268 1.1954641038e-04 4.2739721726e-08
269 1.1482254614e-04 4.3457145664e-08
270 1.1065802896e-04 4.1601783233e-08
271 1.0712543568e-04 3.9729042458e-08
272 1.0432337771e-04 3.5200136727e-08
273 1.0163405513e-04 3.5390999381e-08
274 9.9262227930e-05 3.6129136119e-08
275 9.7154180788e-05 3.2967204611e-08
276 9.5498628362e-05 2.9979903613e-08
277 9.4266320676e-05 3.1277391109e-08
278 9.3372227836e-05 3.0784371760e-08
279 9.2968920670e-05 2.8988161906e-08
280 9.2949197792e-05 2.5364731641e-08
281 9.3026034944e-05 2.4529832074e-08
282 9.3080300284e-05 2.1885542637e-08
283 9.3000958113e-05 2.0786027847e-08
284 9.2814108952e-05 1.9372412435e-08
285 9.2542864543e-05 1.8823254328e-08
286 9.2161165359e-05 1.8898265384e-08
287 9.1759102982e-05 2.0982366562e-08
288 9.1410213992e-05 2.1136539560e-08
289 9.1117743664e-05 1.8704136613e-08
290 9.0925210253e-05 1.8680792794e-08
291 9.0767746852e-05 1.7091499222e-08
292 9.0559646703e-05 1.8204455702e-08
293 9.0310324814e-05 1.4947489396e-08
294 9.0006557648e-05 1.5426287187e-08
295 8.9530419468e-05 1.5542920031e-08
296 8.8929665157e-05 1.5898462676e-08
297 8.8056837169e-05 1.5048566640e-08
298 8.7083698743e-05 1.4732088714e-08
299 8.5898118088e-05 1.4682938857e-08
300 8.4371811140e-05 1.5671039222e-08
301 8.2303089965e-05 1.7399917361e-08
302 7.9327960588e-05 2.0430076099e-08
303 7.5746550288e-05 2.1968738040e-08
304 7.2099116290e-05 1.9747713902e-08
305 6.8921927047e-05 1.8589819582e-08
306 6.5918245929e-05 1.9136785000e-08
307 6.2768459038e-05 2.0123951429e-08
308 5.9598613582e-05 2.0550799399e-08
309 5.6925014026e-05 1.7527105515e-08
310 5.4154888149e-05 1.8152169400e-08
311 5.1485826434e-05 1.6426322346e-08
312 4.9054223658e-05 1.5416845433e-08
313 4.6720111056e-05 1.3771608670e-08
314 4.4473721870e-05 1.2991889617e-08
315 4.1907364190e-05 1.4502691289e-08
316 3.8792990983e-05 1.6029317621e-08
317 3.6155311555e-05 1.3130117821e-08
318 3.4164539318e-05 1.1530241423e-08
319 3.2418031693e-05 1.1072672127e-08
320 3.0896595468e-05 1.0283695309e-08
321 2.9524426225e-05 9.9322644617e-09
322 2.8490406867e-05 8.6629505654e-09
323 2.7749331129e-05 7.6640303113e-09
324 2.7142993009e-05 6.6686442703e-09
325 2.6638539703e-05 6.6750068998e-09
326 2.6182905103e-05 6.2993141139e-09
327 2.5785107506e-05 5.8830204764e-09
328 2.5448403915e-05 5.6992139264e-09
329 2.5155723655e-05 5.5852386230e-09
330 2.4919919286e-05 5.8609634428e-09
331 2.4726025203e-05 5.4502944402e-09
332 2.4587312747e-05 5.6851483512e-09
333 2.4475602263e-05 6.0577737823e-09
334 2.4418473905e-05 5.2687112538e-09
335 2.4411780616e-05 5.5133965077e-09
336 2.4416512935e-05 5.2729091401e-09
337 2.4445677147e-05 5.8110515291e-09
338 2.4478559497e-05 6.2757318340e-09
339 2.4489238963e-05 6.5456940437e-09
340 2.4491924665e-05 6.2288627343e-09
341 2.4478480235e-05 6.3547751491e-09
342 2.4413149538e-05 7.0333000714e-09
343 2.4270209597e-05 7.6193449864e-09
344 2.4050500935e-05 8.1968364623e-09
345 2.3756765767e-05 8.5943736580e-09
346 2.3427868134e-05 8.5964005322e-09
347 2.3044367051e-05 8.8879087677e-09
348 2.2564810223e-05 9.4625650740e-09
349 2.1978696970e-05 9.8964031697e-09
350 2.1315003925e-05 8.7710483086e-09
351 2.0664755355e-05 7.8524095484e-09
352 2.0007947115e-05 7.8599210626e-09
353 1.9232955617e-05 8.1452786714e-09
354 1.8262501648e-05 7.8350358743e-09
355 1.7288791498e-05 7.2255838042e-09
356 1.6286782421e-05 6.4041039443e-09
357 1.5443813922e-05 5.8946114533e-09
358 1.4570698133e-05 5.5938245541e-09
359 1.3627218441e-05 5.2945893334e-09
360 1.2814491916e-05 4.6888320239e-09
361 1.2001939123e-05 4.1322889147e-09
362 1.1269848543e-05 3.9945365879e-09
363 1.0602890987e-05 3.8831763581e-09
364 1.0079797460e-05 3.2920318261e-09
365 9.6452599525e-06 3.0994454833e-09
366 9.1815284906e-06 2.9771155885e-09
367 8.7695347041e-06 2.9755437651e-09
368 8.3925413545e-06 2.9577772860e-09
369 8.0700740231e-06 2.4741549679e-09
370 7.8231405565e-06 2.2912539364e-09
371 7.6216354221e-06 2.2687009395e-09
372 7.4556627558e-06 2.1476770924e-09
373 7.3334141815e-06 2.1264638856e-09
374 7.2369814779e-06 2.0037310005e-09
375 7.1477621919e-06 1.7253276499e-09
376 7.0647673216e-06 1.5057656305e-09
377 6.9798025922e-06 1.4696326652e-09
378 6.8851609546e-06 1.5029102403e-09
379 6.7708193616e-06 1.5904240677e-09
380 6.6416345189e-06 1.5126347464e-09
381 6.4936057871e-06 1.3296006571e-09
382 6.3462297069e-06 1.3992078994e-09
383 6.1810924063e-06 1.4893101756e-09
384 5.9969093735e-06 1.2593223088e-09
385 5.8150095327e-06 1.3452663564e-09
386 5.5979692188e-06 1.4335709528e-09
387 5.3289492406e-06 1.5459941035e-09
388 5.0170606491e-06 1.6914387128e-09
389 4.6565817613e-06 1.8032885131e-09
390 4.2651056575e-06 1.7474498075e-09
391 3.9100471614e-06 1.6341498513e-09
392 3.5932999520e-06 1.6261702176e-09
393 3.3141709470e-06 1.6265399767e-09
394 3.0740095650e-06 1.5054622646e-09
395 2.8939580001e-06 1.2741606574e-09
396 2.7577613214e-06 1.1829373080e-09
397 2.6361360595e-06 1.1930495449e-09
398 2.5311636113e-06 1.0237156900e-09
399 2.4327394010e-06 8.8945914213e-10
400 2.3340728390e-06 8.1821659049e-10
401 2.2152559045e-06 8.8287305628e-10
402 2.0742846197e-06 8.9085074781e-10
403 1.9315168281e-06 8.5408116968e-10
404 1.7963814161e-06 7.1797685970e-10
405 1.6474239644e-06 7.1225977015e-10
406 1.5129512390e-06 6.3937772880e-10
407 1.3905834211e-06 5.8584440495e-10
408 1.2679518953e-06 5.3899981607e-10
409 1.1476385522e-06 5.0414781242e-10
410 1.0217594934e-06 5.3178395834e-10
411 9.0992746656e-07 4.9961099656e-10
412 8.0621408496e-07 4.5361025450e-10
413 7.0632396267e-07 4.4059012643e-10
414 6.2545465720e-07 3.9357446426e-10
415 5.5847402115e-07 3.2525627670e-10
416 4.9745735022e-07 3.5576130894e-10
417 4.5135650890e-07 3.2379570379e-10
418 4.1201659745e-07 2.5869226817e-10
419 3.8337510521e-07 2.0024187967e-10
420 3.6297867406e-07 1.7432442837e-10
421 3.4881564801e-07 1.4284601011e-10
422 3.3549360409e-07 1.5302080295e-10
423 3.2372144636e-07 1.2017095592e-10
424 3.1324876904e-07 1.1754648925e-10
425 3.0028918456e-07 1.1582113400e-10
426 2.8625086002e-07 1.1838360032e-10
427 2.7189186460e-07 1.1142098831e-10
428 2.5897811365e-07 1.2383629262e-10
429 2.4723952030e-07 1.2080680649e-10
430 2.3732364611e-07 1.1113066247e-10
431 2.3000511401e-07 1.0113011930e-10
432 2.2487230951e-07 9.4137155040e-11
