iter rel_error rel_residual
0 2.9572970978e+01 3.7572680911e-01
1 2.5725532980e+01 1.7687196029e-01
2 2.3724660341e+01 1.1375694703e-01
3 2.2237693666e+01 8.1886093669e-02
4 2.0471285608e+01 5.6031262157e-02
5 1.8524095886e+01 4.4942836073e-02
6 1.6786808756e+01 3.2637820756e-02
7 1.5469203089e+01 2.6045131617e-02
8 1.4363264163e+01 2.0900523741e-02
9 1.3454744406e+01 1.7040072087e-02
10 1.2695740969e+01 1.4586381931e-02
11 1.1907252994e+01 1.2203309889e-02
12 1.1017207832e+01 1.0507942920e-02
13 1.0097726328e+01 8.9580102310e-03
14 9.2188117423e+00 8.2071655934e-03
15 8.3470467054e+00 7.0619825424e-03
16 7.5911429143e+00 6.3264602170e-03
17 6.9279219977e+00 5.5100265056e-03
18 6.3514359424e+00 5.1097434446e-03
19 5.8218244497e+00 4.5243737400e-03
20 5.3542981928e+00 4.2840334743e-03
21 4.9833746891e+00 3.7717348676e-03
22 4.7398890043e+00 3.5083067371e-03
23 4.5822602211e+00 3.1486789606e-03
24 4.4801625478e+00 2.8862764180e-03
25 4.4009740358e+00 2.6665001089e-03
26 4.3279203966e+00 2.4310020855e-03
27 4.2749727339e+00 2.3207776872e-03
28 4.2455708740e+00 2.0448537408e-03
29 4.2168120074e+00 1.9966705012e-03
30 4.1804876554e+00 1.8255344032e-03
31 4.1451203997e+00 1.7648495790e-03
32 4.1105973515e+00 1.6401888574e-03
33 4.0690615616e+00 1.5735134490e-03
34 4.0245602783e+00 1.4578779588e-03
35 3.9831016444e+00 1.3287949502e-03
36 3.9387664978e+00 1.2584458404e-03
37 3.8861375531e+00 1.1851894024e-03
38 3.8299783395e+00 1.1569833574e-03
39 3.7778478522e+00 1.0743563315e-03
40 3.7303735903e+00 1.0072275985e-03
41 3.6875808004e+00 9.4444870411e-04
42 3.6509478342e+00 9.2408779920e-04
43 3.6185772642e+00 8.7299111583e-04
44 3.5915125922e+00 8.3391953500e-04
45 3.5653510195e+00 8.1325255641e-04
46 3.5422281430e+00 7.9131374339e-04
47 3.5233623022e+00 7.4208383726e-04
48 3.5041649068e+00 7.3483384451e-04
49 3.4856564406e+00 6.8502636141e-04
50 3.4687583069e+00 6.6722027488e-04
51 3.4517007475e+00 6.2721350289e-04
52 3.4350501961e+00 5.9850614434e-04
53 3.4176353922e+00 5.7204579743e-04
54 3.4000073475e+00 5.4870735625e-04
55 3.3805491273e+00 5.5077841345e-04
56 3.3591363534e+00 5.2075473825e-04
57 3.3384341871e+00 5.2608570822e-04
58 3.3180984097e+00 4.8199786322e-04
59 3.2982962868e+00 4.8514859302e-04
60 3.2797892296e+00 4.6200007255e-04
61 3.2626904241e+00 4.5542264530e-04
62 3.2452364624e+00 4.4862498742e-04
63 3.2289962181e+00 4.1859542246e-04
64 3.2147160554e+00 4.1994821773e-04
65 3.2013157583e+00 3.8604809340e-04
66 3.1881982508e+00 3.9814138097e-04
67 3.1749914497e+00 3.7079403444e-04
68 3.1633648383e+00 3.6736862146e-04
69 3.1514808003e+00 3.5532247206e-04
70 3.1402593087e+00 3.4352274214e-04
71 3.1298374212e+00 3.4175438789e-04
72 3.1183365282e+00 3.2041534061e-04
73 3.1081266179e+00 3.1927230486e-04
74 3.0966207072e+00 3.0881199238e-04
75 3.0853446792e+00 3.0096767674e-04
76 3.0745989731e+00 2.9510183785e-04
77 3.0645988992e+00 2.7896670611e-04
78 3.0545032008e+00 2.7143788306e-04
79 3.0456698978e+00 2.6904014901e-04
80 3.0365953457e+00 2.5728994656e-04
81 3.0278510457e+00 2.5978293283e-04
82 3.0190226674e+00 2.4736083238e-04
83 3.0105689367e+00 2.4384415909e-04
84 3.0025103747e+00 2.2973193690e-04
85 2.9945598387e+00 2.2948072100e-04
86 2.9864022733e+00 2.1702589318e-04
87 2.9781876642e+00 2.2602215429e-04
88 2.9698265564e+00 2.1117803890e-04
89 2.9618483287e+00 2.1068801076e-04
90 2.9542349150e+00 2.0323516871e-04
91 2.9462016768e+00 2.0615821394e-04
92 2.9383614432e+00 1.9863214904e-04
93 2.9306909510e+00 2.0017659246e-04
94 2.9233800739e+00 1.9461094000e-04
95 2.9160932409e+00 1.9190582046e-04
96 2.9085278761e+00 1.8813826860e-04
97 2.9015097833e+00 1.8678603190e-04
98 2.8945208980e+00 1.7765622168e-04
99 2.8880946961e+00 1.7333579093e-04
100 2.8818983725e+00 1.6644875941e-04
101 2.8754886326e+00 1.6690183833e-04
102 2.8694258461e+00 1.6481265766e-04
103 2.8634065297e+00 1.5952852624e-04
104 2.8580726784e+00 1.5901383144e-04
105 2.8524914930e+00 1.5755385773e-04
106 2.8470737797e+00 1.5281484043e-04
107 2.8411021434e+00 1.5175241603e-04
108 2.8354807578e+00 1.5223076938e-04
109 2.8295794971e+00 1.4894369648e-04
110 2.8238732278e+00 1.4893955342e-04
111 2.8186524818e+00 1.4427728298e-04
112 2.8134362183e+00 1.4493885753e-04
113 2.8085783899e+00 1.4152791523e-04
114 2.8039621103e+00 1.3852708525e-04
115 2.7996405238e+00 1.3824969796e-04
116 2.7953392662e+00 1.3092948368e-04
117 2.7905999305e+00 1.3349197904e-04
118 2.7863793478e+00 1.2347442104e-04
119 2.7821655295e+00 1.2210811013e-04
120 2.7778955215e+00 1.2023758247e-04
121 2.7734117383e+00 1.1227242066e-04
122 2.7695038560e+00 1.1246531306e-04
123 2.7654791582e+00 1.0634116016e-04
124 2.7616340941e+00 1.0306479972e-04
125 2.7580391849e+00 9.8143107635e-05
126 2.7546770180e+00 9.8368611107e-05
127 2.7509785048e+00 1.0014151077e-04
128 2.7473524706e+00 9.3951198803e-05
129 2.7439602144e+00 9.7993299803e-05
130 2.7404871297e+00 9.1674014553e-05
131 2.7374809580e+00 9.0783036454e-05
132 2.7346367540e+00 8.6817982178e-05
133 2.7316175881e+00 8.9304785166e-05
134 2.7284636832e+00 8.5240734783e-05
135 2.7254661514e+00 8.5925259630e-05
136 2.7221952271e+00 8.2048393240e-05
137 2.7191233189e+00 8.2055171429e-05
138 2.7158954324e+00 7.9527030123e-05
139 2.7127142684e+00 7.7545206538e-05
140 2.7093504136e+00 7.7732648500e-05
141 2.7057828798e+00 7.6304130821e-05
142 2.7022889619e+00 7.5305708978e-05
143 2.6990239210e+00 7.3146305391e-05
144 2.6958616886e+00 7.3454733571e-05
145 2.6924024543e+00 7.2552923235e-05
146 2.6889473818e+00 7.4207261844e-05
147 2.6853034548e+00 7.1408866916e-05
148 2.6819468378e+00 7.1406745865e-05
149 2.6784412670e+00 6.9775273636e-05
150 2.6752551884e+00 6.8838624385e-05
151 2.6720319899e+00 6.8533025815e-05
152 2.6688121249e+00 6.7592840245e-05
153 2.6657058526e+00 6.6950422833e-05
154 2.6624686030e+00 6.7638230379e-05
155 2.6592947347e+00 6.5105801942e-05
156 2.6561921681e+00 6.3457305796e-05
157 2.6529405677e+00 6.3730947953e-05
158 2.6497092383e+00 6.2473993942e-05
159 2.6463332474e+00 6.3019418338e-05
160 2.6430018185e+00 6.1124903210e-05
161 2.6396292996e+00 5.9785264789e-05
162 2.6361874648e+00 6.0655377762e-05
163 2.6328441816e+00 5.8549114908e-05
164 2.6293582506e+00 5.9250061887e-05
165 2.6260611361e+00 5.6706176111e-05
166 2.6228226714e+00 5.7454298927e-05
167 2.6197131446e+00 5.4720348110e-05
168 2.6167779879e+00 5.5026742296e-05
169 2.6138168743e+00 5.3658699628e-05
170 2.6109360156e+00 5.3148231143e-05
171 2.6081409034e+00 5.3307186087e-05
172 2.6053417142e+00 5.2166919642e-05
173 2.6026271762e+00 5.1604628922e-05
174 2.5998829384e+00 5.0682464474e-05
175 2.5970048706e+00 5.0259277753e-05
176 2.5941687940e+00 5.0787527701e-05
177 2.5912641911e+00 5.0042825042e-05
178 2.5882713395e+00 4.9891384557e-05
179 2.5852818221e+00 4.8627656388e-05
180 2.5823521438e+00 4.7788735023e-05
181 2.5796785911e+00 4.6570675664e-05
182 2.5771067406e+00 4.5532008936e-05
183 2.5744789578e+00 4.5731435815e-05
184 2.5720479496e+00 4.3555589517e-05
185 2.5695503758e+00 4.4271887760e-05
186 2.5669702970e+00 4.4170478897e-05
187 2.5644574558e+00 4.3483482727e-05
188 2.5617976445e+00 4.3711458033e-05
189 2.5591823673e+00 4.3106827305e-05
190 2.5566236591e+00 4.3520614677e-05
191 2.5538344582e+00 4.2937711009e-05
192 2.5511195077e+00 4.3005833882e-05
193 2.5483079238e+00 4.1845059146e-05
194 2.5454294832e+00 4.2958634995e-05
195 2.5425616383e+00 4.1544119417e-05
196 2.5399404255e+00 4.1998663864e-05
197 2.5374225418e+00 4.0664034039e-05
198 2.5348436933e+00 4.2145111572e-05
199 2.5320190584e+00 4.0696230825e-05
200 2.5291958438e+00 4.1364508388e-05
201 2.5264459235e+00 4.0155963979e-05
202 2.5237812324e+00 4.0125915940e-05
203 2.5211199239e+00 3.8996658388e-05
204 2.5184503072e+00 4.0222526493e-05
205 2.5158503750e+00 3.8595130184e-05
206 2.5132990563e+00 3.8996982666e-05
207 2.5107507090e+00 3.8067014412e-05
208 2.5081755287e+00 3.8265738698e-05
209 2.5056362117e+00 3.7306470137e-05
210 2.5030422805e+00 3.7512246347e-05
211 2.5005991013e+00 3.7140587979e-05
212 2.4982639738e+00 3.7102148590e-05
213 2.4958572374e+00 3.6779114048e-05
214 2.4934729308e+00 3.6884998527e-05
215 2.4909875810e+00 3.6926363258e-05
216 2.4885086633e+00 3.6876741752e-05
217 2.4861181772e+00 3.6534722063e-05
218 2.4836536452e+00 3.6336470178e-05
219 2.4810588151e+00 3.6769586095e-05
220 2.4784296714e+00 3.6142373270e-05
221 2.4758316373e+00 3.5979626706e-05
222 2.4733470832e+00 3.5719392914e-05
223 2.4709884243e+00 3.5523922875e-05
224 2.4685342152e+00 3.5906218159e-05
225 2.4658983039e+00 3.5870321688e-05
226 2.4633693853e+00 3.5105681014e-05
227 2.4608615118e+00 3.4745094510e-05
228 2.4584157894e+00 3.4374863343e-05
229 2.4560565053e+00 3.4295728084e-05
230 2.4536961958e+00 3.4048671904e-05
231 2.4514961652e+00 3.3808419884e-05
232 2.4491698928e+00 3.2912378597e-05
233 2.4469315972e+00 3.2878397510e-05
234 2.4447256935e+00 3.2196757824e-05
235 2.4425898356e+00 3.1782400637e-05
236 2.4404579659e+00 3.1341096705e-05
237 2.4383263851e+00 3.1142977513e-05
238 2.4361632448e+00 3.1474028934e-05
239 2.4340280378e+00 3.0773833236e-05
240 2.4319830429e+00 3.0903237053e-05
241 2.4299038612e+00 3.0350607995e-05
242 2.4277778793e+00 3.0736772548e-05
243 2.4256157625e+00 2.9745839120e-05
244 2.4235585235e+00 3.0080364620e-05
245 2.4214238778e+00 2.9979890978e-05
246 2.4192537445e+00 2.9825116745e-05
247 2.4170034643e+00 2.9254473147e-05
248 2.4149758574e+00 2.9317344832e-05
249 2.4127372915e+00 2.9717428133e-05
250 2.4106930049e+00 2.8736900240e-05
251 2.4086393996e+00 2.8568073838e-05
252 2.4065755079e+00 2.8945284200e-05
253 2.4045819151e+00 2.7873422189e-05
254 2.4025884931e+00 2.8034323348e-05
255 2.4006175927e+00 2.7454558848e-05
256 2.3988532152e+00 2.7029070446e-05
257 2.3971406525e+00 2.6970462824e-05
258 2.3952163606e+00 2.7260315235e-05
259 2.3931378726e+00 2.7690594418e-05
260 2.3910662995e+00 2.7272449138e-05
261 2.3890877765e+00 2.6990611235e-05
262 2.3870781825e+00 2.6986920863e-05
263 2.3850365225e+00 2.7308257809e-05
264 2.3828866167e+00 2.7608031637e-05
265 2.3807680168e+00 2.6379445785e-05
266 2.3787798188e+00 2.6818004842e-05
267 2.3767001544e+00 2.6723249775e-05
268 2.3746451494e+00 2.6338988866e-05
269 2.3726490225e+00 2.6216122080e-05
270 2.3706647720e+00 2.5693005110e-05
271 2.3688768376e+00 2.5672470758e-05
272 2.3670565567e+00 2.5775798902e-05
273 2.3650366259e+00 2.6338431677e-05
274 2.3629849564e+00 2.5996188135e-05
275 2.3608477879e+00 2.6075220925e-05
276 2.3586644694e+00 2.6068636498e-05
277 2.3565262885e+00 2.5261146647e-05
278 2.3544435011e+00 2.5105698440e-05
279 2.3524150897e+00 2.4438181652e-05
280 2.3503858525e+00 2.4690755728e-05
281 2.3484199459e+00 2.3630157797e-05
282 2.3464470636e+00 2.3488258481e-05
283 2.3445795131e+00 2.2858524338e-05
284 2.3429350496e+00 2.2479518640e-05
285 2.3412690146e+00 2.2419385314e-05
286 2.3394938186e+00 2.2710618966e-05
287 2.3376151429e+00 2.2696373046e-05
288 2.3357409589e+00 2.2360586766e-05
289 2.3338632990e+00 2.1777633358e-05
290 2.3320407461e+00 2.2296595731e-05
291 2.3303361793e+00 2.1479002485e-05
292 2.3286409690e+00 2.2013280167e-05
293 2.3268534979e+00 2.1894476030e-05
294 2.3250055947e+00 2.2355322445e-05
295 2.3230249904e+00 2.1922137827e-05
296 2.3211140316e+00 2.2307108804e-05
297 2.3191418335e+00 2.2237684254e-05
298 2.3171972017e+00 2.2070848185e-05
299 2.3151818301e+00 2.2458421868e-05
300 2.3130586989e+00 2.1777233634e-05
301 2.3110920484e+00 2.2183122259e-05
302 2.3091549127e+00 2.1754184454e-05
303 2.3071129984e+00 2.2518754544e-05
304 2.3048932128e+00 2.1984177312e-05
305 2.3027478304e+00 2.2167530508e-05
306 2.3006370165e+00 2.1394557738e-05
307 2.2986196324e+00 2.1217244160e-05
308 2.2966916769e+00 2.1014023872e-05
309 2.2947065524e+00 2.1198745083e-05
310 2.2926215889e+00 2.1641250841e-05
311 2.2903909788e+00 2.1766111707e-05
312 2.2882312260e+00 2.1168518702e-05
313 2.2861218204e+00 2.0975817216e-05
314 2.2840420985e+00 2.0720831186e-05
315 2.2819504643e+00 2.1066421361e-05
316 2.2798239000e+00 2.0945144699e-05
317 2.2777847810e+00 2.0552428225e-05
318 2.2758938006e+00 2.0225199377e-05
319 2.2739661182e+00 2.0218499253e-05
320 2.2718995514e+00 2.0223665558e-05
321 2.2697286395e+00 2.0405685788e-05
322 2.2676123248e+00 1.9758125142e-05
323 2.2655033978e+00 2.0254029415e-05
324 2.2633834749e+00 1.9293199709e-05
325 2.2613909222e+00 1.9588013079e-05
326 2.2594722136e+00 1.8882461372e-05
327 2.2575791892e+00 1.9472033253e-05
328 2.2556714248e+00 1.8635215854e-05
329 2.2537679177e+00 1.9275842383e-05
330 2.2517224322e+00 1.9364922242e-05
331 2.2496458594e+00 1.9267378594e-05
332 2.2476101597e+00 1.9112234201e-05
333 2.2456327521e+00 1.9097407096e-05
334 2.2435760133e+00 1.9057770554e-05
335 2.2414426329e+00 1.9022111714e-05
336 2.2393136005e+00 1.8283720924e-05
337 2.2372478738e+00 1.8768856976e-05
338 2.2351514618e+00 1.8086451740e-05
339 2.2332243708e+00 1.7960123467e-05
340 2.2314178093e+00 1.7374509326e-05
341 2.2295412368e+00 1.8198394079e-05
342 2.2275188446e+00 1.8154710849e-05
343 2.2254212429e+00 1.8076331995e-05
344 2.2233425086e+00 1.7650654527e-05
345 2.2213823035e+00 1.7323900294e-05
346 2.2195094642e+00 1.7017440676e-05
347 2.2176950267e+00 1.6950926056e-05
348 2.2159163139e+00 1.6970875224e-05
349 2.2140838927e+00 1.6838572566e-05
350 2.2122331773e+00 1.6407274194e-05
351 2.2105089011e+00 1.6277269068e-05
352 2.2088452316e+00 1.6095088660e-05
353 2.2071670660e+00 1.6448793845e-05
354 2.2053162140e+00 1.6266426759e-05
355 2.2034651908e+00 1.6439573083e-05
356 2.2015556912e+00 1.6157257043e-05
357 2.1997281530e+00 1.6361273014e-05
358 2.1978552993e+00 1.5997004424e-05
359 2.1960497509e+00 1.6312892414e-05
360 2.1941715437e+00 1.6408876653e-05
361 2.1921482736e+00 1.6434603347e-05
362 2.1900920341e+00 1.6416896714e-05
363 2.1881320919e+00 1.6103395481e-05
364 2.1861235602e+00 1.6042658954e-05
365 2.1841498141e+00 1.6176983347e-05
366 2.1821640229e+00 1.6282723458e-05
367 2.1801652654e+00 1.6183307360e-05
368 2.1781418088e+00 1.5947249296e-05
369 2.1762549757e+00 1.5858449962e-05
370 2.1743815620e+00 1.5955406612e-05
371 2.1723721239e+00 1.6173759709e-05
372 2.1702435944e+00 1.6166975352e-05
373 2.1681695479e+00 1.6199814170e-05
374 2.1660984348e+00 1.6126275704e-05
375 2.1641102620e+00 1.5677242171e-05
376 2.1622144874e+00 1.5665471649e-05
377 2.1602724965e+00 1.5923986402e-05
378 2.1582004391e+00 1.6010940936e-05
379 2.1563125843e+00 1.5355525758e-05
380 2.1544375591e+00 1.5901315712e-05
381 2.1523155376e+00 1.5889890697e-05
382 2.1501628513e+00 1.5952153457e-05
383 2.1482227207e+00 1.5676293481e-05
384 2.1462548650e+00 1.5744522802e-05
385 2.1441786891e+00 1.5808970542e-05
386 2.1420025381e+00 1.5788888771e-05
387 2.1397615887e+00 1.6207127082e-05
388 2.1375233048e+00 1.5658956588e-05
389 2.1354496100e+00 1.5615682601e-05
390 2.1333796953e+00 1.5149442622e-05
391 2.1313636803e+00 1.5395984671e-05
392 2.1292624348e+00 1.5095697682e-05
393 2.1272029218e+00 1.5503559654e-05
394 2.1250128421e+00 1.4890167644e-05
395 2.1229905378e+00 1.4844749712e-05
396 2.1210914384e+00 1.4266094967e-05
397 2.1193911339e+00 1.4372819967e-05
398 2.1175628024e+00 1.4303196487e-05
399 2.1157099580e+00 1.4388063980e-05
400 2.1137629979e+00 1.4139123643e-05
401 2.1118738108e+00 1.3952797019e-05
402 2.1100989832e+00 1.3977963364e-05
403 2.1082289397e+00 1.4188465176e-05
404 2.1063037724e+00 1.4101852416e-05
405 2.1044292217e+00 1.3980277249e-05
406 2.1025547075e+00 1.3840567809e-05
407 2.1006611248e+00 1.3830175172e-05
408 2.0987421021e+00 1.3891041764e-05
409 2.0968349509e+00 1.3732697023e-05
410 2.0949449157e+00 1.3956417753e-05
411 2.0930728194e+00 1.3503708769e-05
412 2.0912463724e+00 1.3882271146e-05
413 2.0893265888e+00 1.3673437925e-05
414 2.0873955670e+00 1.3784796860e-05
415 2.0854267149e+00 1.3416744838e-05
416 2.0835100569e+00 1.3446077475e-05
417 2.0816433498e+00 1.3233604663e-05
418 2.0798403414e+00 1.3384342782e-05
419 2.0780099451e+00 1.3265324157e-05
420 2.0761670147e+00 1.2921415860e-05
421 2.0743552563e+00 1.3077595149e-05
422 2.0725369361e+00 1.3021196365e-05
423 2.0706979427e+00 1.3230368591e-05
424 2.0688789973e+00 1.2889389052e-05
425 2.0670741358e+00 1.3020339348e-05
426 2.0652599289e+00 1.2795296587e-05
427 2.0635067296e+00 1.2710571708e-05
428 2.0617872756e+00 1.2764741240e-05
429 2.0600892731e+00 1.2437364903e-05
430 2.0584192018e+00 1.2632330511e-05
431 2.0567796221e+00 1.2289555141e-05
432 2.0551073785e+00 1.2409244850e-05
433 2.0533339976e+00 1.2283605910e-05
434 2.0516054587e+00 1.2352148285e-05
435 2.0499977685e+00 1.1795751563e-05
436 2.0484174330e+00 1.1910157769e-05
437 2.0468483518e+00 1.1738299546e-05
438 2.0453626427e+00 1.1668790743e-05
439 2.0439071167e+00 1.1427943818e-05
440 2.0423819301e+00 1.1672509739e-05
441 2.0408464564e+00 1.1352503732e-05
442 2.0394349484e+00 1.1315072085e-05
443 2.0379106638e+00 1.1628433501e-05
444 2.0362793126e+00 1.1576836125e-05
445 2.0346305147e+00 1.1328790733e-05
446 2.0330642606e+00 1.1328391615e-05
447 2.0315134692e+00 1.1411576370e-05
448 2.0299459481e+00 1.1392316027e-05
449 2.0284015819e+00 1.1385858669e-05
450 2.0268741774e+00 1.1100560359e-05
451 2.0253704794e+00 1.1348304591e-05
452 2.0238289142e+00 1.1016449188e-05
453 2.0224566283e+00 1.1183275456e-05
454 2.0209755711e+00 1.1282056785e-05
455 2.0194093242e+00 1.1322554989e-05
456 2.0177307478e+00 1.1468335687e-05
457 2.0160995293e+00 1.1173722585e-05
458 2.0145146952e+00 1.1120808478e-05
459 2.0130113053e+00 1.1029385471e-05
460 2.0114252628e+00 1.1079895551e-05
461 2.0099049137e+00 1.0784499071e-05
462 2.0085531737e+00 1.0727890489e-05
463 2.0070483982e+00 1.0883381600e-05
464 2.0055474100e+00 1.0446733225e-05
465 2.0040147072e+00 1.0658418030e-05
466 2.0024890310e+00 1.0420246899e-05
467 2.0010321493e+00 1.0342329651e-05
468 1.9995937273e+00 1.0411519214e-05
469 1.9981479250e+00 1.0188090955e-05
470 1.9967298328e+00 1.0415305790e-05
471 1.9952848729e+00 1.0100322544e-05
472 1.9938935446e+00 1.0084456844e-05
473 1.9925494562e+00 9.8965708792e-06
474 1.9911907363e+00 1.0083917397e-05
475 1.9896892163e+00 1.0189734443e-05
476 1.9881706656e+00 1.0054318750e-05
477 1.9867068705e+00 9.6599760085e-06
478 1.9853310485e+00 9.7684852950e-06
479 1.9840639243e+00 9.4451682581e-06
480 1.9827871020e+00 9.6595445202e-06
481 1.9814453100e+00 9.4768653232e-06
482 1.9801059221e+00 9.5347020045e-06
483 1.9788163116e+00 9.2647447896e-06
484 1.9775129676e+00 9.4681947642e-06
485 1.9761530609e+00 9.3723202188e-06
486 1.9747943126e+00 9.4100396748e-06
487 1.9735005978e+00 9.2992655058e-06
488 1.9722718719e+00 9.1433234147e-06
489 1.9709866800e+00 9.3298763725e-06
490 1.9696441148e+00 9.3335097138e-06
491 1.9682095803e+00 9.4898629017e-06
492 1.9668033887e+00 9.3671961421e-06
493 1.9654384350e+00 9.2961566230e-06
494 1.9641012683e+00 9.2811632502e-06
495 1.9626974557e+00 9.3370797687e-06
496 1.9612634965e+00 9.3091166956e-06
497 1.9598579166e+00 9.2271764586e-06
498 1.9585281815e+00 8.9480044730e-06
499 1.9572791534e+00 9.0436728224e-06
500 1.9559419232e+00 9.1163866356e-06
501 1.9545336570e+00 9.1722716156e-06
502 1.9533183152e+00 9.0132349785e-06
503 1.9520079442e+00 9.1765922703e-06
504 1.9505972192e+00 9.2341733548e-06
505 1.9491175169e+00 9.2760313896e-06
506 1.9476436795e+00 9.1686347832e-06
507 1.9462300308e+00 9.0470718594e-06
508 1.9449154160e+00 8.9056785876e-06
509 1.9435317827e+00 9.1017225853e-06
510 1.9420756362e+00 9.0754618567e-06
511 1.9406634045e+00 8.9671715200e-06
512 1.9392388444e+00 9.0341164888e-06
513 1.9378532082e+00 8.8590528233e-06
514 1.9365215173e+00 8.9253610583e-06
515 1.9351277333e+00 8.9192412631e-06
516 1.9338299941e+00 8.8443723299e-06
517 1.9325533876e+00 8.7799842597e-06
518 1.9312076147e+00 8.9196626396e-06
519 1.9297292420e+00 9.0287921818e-06
520 1.9282364513e+00 8.7768722510e-06
521 1.9267507133e+00 8.9798034293e-06
522 1.9253234044e+00 8.6549554863e-06
523 1.9240166120e+00 8.5539815397e-06
524 1.9226844527e+00 8.5962309052e-06
525 1.9212910371e+00 8.6959445800e-06
526 1.9200116927e+00 8.2955253671e-06
527 1.9187528052e+00 8.3527597158e-06
528 1.9174917895e+00 8.1504244601e-06
529 1.9162271014e+00 8.1318319405e-06
530 1.9150042995e+00 7.9579259925e-06
531 1.9137211234e+00 8.2104370051e-06
532 1.9124702066e+00 7.9061413717e-06
533 1.9112518325e+00 8.0540066332e-06
534 1.9100430712e+00 7.8173345249e-06
535 1.9087772174e+00 8.1649661517e-06
536 1.9075254601e+00 7.7888833392e-06
537 1.9063751496e+00 7.8791320510e-06
538 1.9051867817e+00 7.9186948898e-06
539 1.9039364933e+00 8.0420827304e-06
540 1.9026797327e+00 8.0220994094e-06
541 1.9013939683e+00 7.9698361394e-06
542 1.9000862043e+00 7.9968904507e-06
543 1.8987052850e+00 8.0640917148e-06
544 1.8972921173e+00 8.0491124730e-06
545 1.8959042670e+00 7.9030585824e-06
546 1.8946545111e+00 7.6848990997e-06
547 1.8934961189e+00 7.8010223316e-06
548 1.8922395255e+00 7.9669983063e-06
549 1.8908648416e+00 8.1527320462e-06
550 1.8894809873e+00 7.9345230048e-06
551 1.8881115661e+00 8.0816653039e-06
552 1.8867712017e+00 7.7709971117e-06
553 1.8854783015e+00 7.7992720179e-06
554 1.8841456713e+00 7.7368575708e-06
555 1.8827919609e+00 7.7807421237e-06
556 1.8814411103e+00 7.7699887192e-06
557 1.8801472316e+00 7.6584539185e-06
558 1.8789301315e+00 7.6617431552e-06
559 1.8777113314e+00 7.5615025901e-06
560 1.8764231323e+00 7.7317615909e-06
561 1.8750629847e+00 7.6646547109e-06
562 1.8738334515e+00 7.5149003381e-06
563 1.8726804992e+00 7.4814725526e-06
564 1.8714533745e+00 7.5598245135e-06
565 1.8701620932e+00 7.6252629393e-06
566 1.8689393589e+00 7.5530195822e-06
567 1.8676478997e+00 7.6699394377e-06
568 1.8662734300e+00 7.6498172857e-06
569 1.8648491055e+00 7.7536597627e-06
570 1.8634484006e+00 7.6565800478e-06
571 1.8621623422e+00 7.3557853213e-06
572 1.8609358423e+00 7.3040902621e-06
573 1.8597677963e+00 7.2581634866e-06
574 1.8585509286e+00 7.4117140896e-06
575 1.8572583683e+00 7.3358355792e-06
576 1.8559818585e+00 7.3748193356e-06
577 1.8546699007e+00 7.3555759621e-06
578 1.8533919271e+00 7.3300357044e-06
579 1.8520349157e+00 7.4221504581e-06
580 1.8507286364e+00 7.3495144507e-06
581 1.8494303163e+00 7.3490156474e-06
582 1.8481569412e+00 7.2940507792e-06
583 1.8468905354e+00 7.3001715894e-06
584 1.8455174808e+00 7.5888256341e-06
585 1.8440747108e+00 7.3908209073e-06
586 1.8426787216e+00 7.4024955981e-06
587 1.8413029376e+00 7.4451174869e-06
588 1.8400015916e+00 7.2079855441e-06
589 1.8387093278e+00 7.2450445626e-06
590 1.8373991061e+00 7.0060442738e-06
591 1.8362567637e+00 7.0024238212e-06
592 1.8351238743e+00 7.1767239295e-06
593 1.8338119497e+00 7.1471770751e-06
594 1.8324845595e+00 7.0504812421e-06
595 1.8311358672e+00 7.2541292185e-06
596 1.8297841640e+00 7.0296062237e-06
597 1.8284830725e+00 7.0778144831e-06
598 1.8272457633e+00 6.8396936071e-06
599 1.8260397638e+00 6.9862079900e-06
600 1.8247645772e+00 6.9769503040e-06
601 1.8234585482e+00 6.9123556168e-06
602 1.8221858331e+00 6.8229046014e-06
603 1.8209394248e+00 6.6292309931e-06
604 1.8197386116e+00 6.7027432689e-06
605 1.8184916601e+00 6.6449443588e-06
606 1.8172632005e+00 6.7330355683e-06
607 1.8160179179e+00 6.5611355779e-06
608 1.8148325368e+00 6.6114480597e-06
609 1.8137187699e+00 6.3311141923e-06
610 1.8126583576e+00 6.4919350848e-06
611 1.8114783476e+00 6.3556473856e-06
612 1.8103003310e+00 6.5173144499e-06
613 1.8091024882e+00 6.4485229907e-06
614 1.8081106920e+00 6.1896302911e-06
615 1.8070675791e+00 6.2821686609e-06
616 1.8059547544e+00 6.2510154687e-06
617 1.8047881947e+00 6.3444026215e-06
618 1.8036228567e+00 6.2562973206e-06
619 1.8025979257e+00 6.1138964285e-06
620 1.8016289479e+00 6.0600273281e-06
621 1.8006097373e+00 5.9670892247e-06
622 1.7995773857e+00 6.0837103162e-06
623 1.7985148008e+00 5.9845383651e-06
624 1.7974575145e+00 6.0082989243e-06
625 1.7964439336e+00 5.9502244411e-06
626 1.7954003439e+00 6.0328576637e-06
627 1.7943115059e+00 5.9979554216e-06
628 1.7932185951e+00 5.9980352447e-06
629 1.7920807205e+00 6.0908869893e-06
630 1.7909281249e+00 6.0551863001e-06
631 1.7898238350e+00 5.9380097480e-06
632 1.7888159869e+00 5.8419779751e-06
633 1.7878302741e+00 5.9765137804e-06
634 1.7867207992e+00 5.9656922442e-06
635 1.7856500158e+00 5.8668059473e-06
636 1.7846517028e+00 5.8473888763e-06
637 1.7836212187e+00 5.8279351581e-06
638 1.7825264908e+00 5.9199390171e-06
639 1.7814624484e+00 5.6539156516e-06
640 1.7804714950e+00 5.6907832404e-06
641 1.7794690899e+00 5.5082282735e-06
642 1.7784706658e+00 5.5474556013e-06
643 1.7774825131e+00 5.4489865096e-06
644 1.7765163667e+00 5.4696908072e-06
645 1.7755242032e+00 5.4203236973e-06
646 1.7745824817e+00 5.3321453564e-06
647 1.7736719823e+00 5.3488731718e-06
648 1.7727557804e+00 5.3583942787e-06
649 1.7718087975e+00 5.3224683387e-06
650 1.7708626550e+00 5.4217637571e-06
651 1.7698513229e+00 5.4213443280e-06
652 1.7688278269e+00 5.4292873306e-06
653 1.7678318545e+00 5.3397131447e-06
654 1.7668776498e+00 5.2840340628e-06
655 1.7659445476e+00 5.2466108208e-06
656 1.7649753027e+00 5.3339695672e-06
657 1.7639966801e+00 5.2998990365e-06
658 1.7630923860e+00 5.1037380426e-06
659 1.7622351290e+00 5.1386133509e-06
660 1.7613251153e+00 5.1901577719e-06
661 1.7603936515e+00 5.1051814008e-06
662 1.7595327486e+00 5.1511948729e-06
663 1.7586175837e+00 5.1296434483e-06
664 1.7576580087e+00 5.2569483297e-06
665 1.7566881461e+00 5.0897267588e-06
666 1.7557727411e+00 5.1001113257e-06
667 1.7549175572e+00 4.9866442922e-06
668 1.7540020801e+00 5.2187365484e-06
669 1.7530604667e+00 4.9786231402e-06
670 1.7521424943e+00 5.0348156172e-06
671 1.7512722778e+00 4.8937394749e-06
672 1.7504668368e+00 4.8252291316e-06
673 1.7496145663e+00 5.0023263329e-06
674 1.7486551924e+00 4.9260220765e-06
675 1.7477079696e+00 4.9491619556e-06
676 1.7467824918e+00 4.8697235168e-06
677 1.7458694743e+00 4.8888177746e-06
678 1.7449514241e+00 4.9073255805e-06
679 1.7440571852e+00 4.8263162905e-06
680 1.7432097516e+00 4.7597119104e-06
681 1.7423194295e+00 4.8058395817e-06
682 1.7413523636e+00 4.8823042786e-06
683 1.7404625858e+00 4.6687267389e-06
684 1.7396988038e+00 4.7260503157e-06
685 1.7387887038e+00 4.8343241069e-06
686 1.7378182609e+00 4.8248081703e-06
687 1.7368456334e+00 4.7733695124e-06
688 1.7359298555e+00 4.7475788269e-06
689 1.7349995522e+00 4.6887516637e-06
690 1.7340821889e+00 4.7081329450e-06
691 1.7331266177e+00 4.7484502792e-06
692 1.7321798578e+00 4.6896047545e-06
693 1.7312938590e+00 4.6642064860e-06
694 1.7303821650e+00 4.6407551914e-06
695 1.7294024049e+00 4.7101990614e-06
696 1.7284084197e+00 4.6452351062e-06
697 1.7274508826e+00 4.4875908001e-06
698 1.7265906661e+00 4.3989884789e-06
699 1.7257429308e+00 4.3832628948e-06
700 1.7248793716e+00 4.3826449984e-06
701 1.7240630905e+00 4.2835279987e-06
702 1.7232820394e+00 4.3647062108e-06
703 1.7224606520e+00 4.2952201904e-06
704 1.7215871947e+00 4.3705989569e-06
705 1.7207430493e+00 4.2586102612e-06
706 1.7198804752e+00 4.3584000264e-06
707 1.7189807381e+00 4.3838896757e-06
708 1.7180616183e+00 4.3074033105e-06
709 1.7171475286e+00 4.3826827828e-06
710 1.7162651044e+00 4.2824275798e-06
711 1.7154098086e+00 4.3290910085e-06
712 1.7144908693e+00 4.3721993356e-06
713 1.7135330060e+00 4.4081077267e-06
714 1.7126079167e+00 4.3216690910e-06
715 1.7117023625e+00 4.3225273273e-06
716 1.7108135583e+00 4.2343538601e-06
717 1.7098972593e+00 4.3628248958e-06
718 1.7089709698e+00 4.2219143218e-06
719 1.7081853450e+00 4.2278812856e-06
720 1.7073273313e+00 4.2956917318e-06
721 1.7063878597e+00 4.3695287710e-06
722 1.7054959043e+00 4.2224435260e-06
723 1.7046329252e+00 4.2897486310e-06
724 1.7036673684e+00 4.2694426139e-06
725 1.7026714750e+00 4.3615403583e-06
726 1.7017437334e+00 4.0938918255e-06
727 1.7009065762e+00 4.2037872796e-06
728 1.6999498985e+00 4.1428898309e-06
729 1.6990094352e+00 4.1248099703e-06
730 1.6981555589e+00 4.0065285906e-06
731 1.6973115120e+00 4.0229395426e-06
732 1.6963981221e+00 4.1052217698e-06
733 1.6954638599e+00 4.0811405236e-06
734 1.6945811204e+00 3.9786269690e-06
735 1.6937849585e+00 3.9451563869e-06
736 1.6929831849e+00 3.9908676748e-06
737 1.6921492419e+00 3.9296073459e-06
738 1.6913270412e+00 3.9998691411e-06
739 1.6904144577e+00 4.0377133830e-06
740 1.6894657729e+00 4.0628733049e-06
741 1.6885762384e+00 3.9777013730e-06
742 1.6876958216e+00 3.9518977068e-06
743 1.6868403236e+00 4.0030071657e-06
744 1.6860024492e+00 3.9448328343e-06
745 1.6851326678e+00 3.9883834818e-06
746 1.6842214386e+00 3.9378133236e-06
747 1.6832906389e+00 3.9886351541e-06
748 1.6824374184e+00 3.8610221386e-06
749 1.6815752072e+00 3.9662625914e-06
750 1.6806603589e+00 3.9113503045e-06
751 1.6797594217e+00 3.9737882798e-06
752 1.6788780628e+00 3.8590850508e-06
753 1.6779714722e+00 3.9921041276e-06
754 1.6770267507e+00 3.8282183512e-06
755 1.6761618617e+00 3.8550286429e-06
756 1.6752942004e+00 3.8366126547e-06
757 1.6743799662e+00 3.9086243088e-06
758 1.6734146468e+00 3.9331588606e-06
759 1.6724398097e+00 3.9318089496e-06
760 1.6714665719e+00 3.9264740500e-06
761 1.6704626927e+00 3.9419650064e-06
762 1.6694108492e+00 3.9976689783e-06
763 1.6683692339e+00 3.9991649537e-06
764 1.6674450045e+00 3.8937522595e-06
765 1.6664684003e+00 4.0155889750e-06
766 1.6654009315e+00 4.0651590248e-06
767 1.6643695618e+00 3.9873150062e-06
768 1.6633768422e+00 3.9930300514e-06
769 1.6623585525e+00 3.9911466496e-06
770 1.6612711598e+00 4.0862397821e-06
771 1.6601462832e+00 4.0586414392e-06
772 1.6590745330e+00 4.0076055348e-06
773 1.6580626542e+00 3.9704159512e-06
774 1.6569966913e+00 3.9785465237e-06
775 1.6559212174e+00 3.9282989276e-06
776 1.6548850239e+00 3.9127253157e-06
777 1.6538465326e+00 3.9090027733e-06
778 1.6527864625e+00 3.9492928358e-06
779 1.6517223477e+00 3.9475965920e-06
780 1.6507336022e+00 3.8987903254e-06
781 1.6497289616e+00 3.9136233090e-06
782 1.6486845752e+00 3.9254032813e-06
783 1.6476617220e+00 3.9364389845e-06
784 1.6466649810e+00 3.9837159769e-06
785 1.6456030739e+00 3.9628687462e-06
786 1.6445567682e+00 3.9440975923e-06
787 1.6434823990e+00 4.0462365459e-06
788 1.6423436205e+00 4.1445219656e-06
789 1.6411598770e+00 4.0892995275e-06
790 1.6400313623e+00 4.1125573698e-06
791 1.6388857199e+00 4.0349715330e-06
792 1.6377069895e+00 4.2386934166e-06
793 1.6364489806e+00 4.1140889634e-06
794 1.6353503950e+00 4.0693368039e-06
795 1.6341791246e+00 4.1373261338e-06
796 1.6328964089e+00 4.1654025873e-06
797 1.6316212617e+00 4.1360529043e-06
798 1.6305018996e+00 4.1283796081e-06
799 1.6293033223e+00 4.1429234463e-06
800 1.6280516395e+00 4.1744497251e-06
801 1.6269258642e+00 4.0289385882e-06
802 1.6258045310e+00 4.1868223567e-06
803 1.6245103104e+00 4.2338910914e-06
804 1.6232528394e+00 4.1252359866e-06
805 1.6220464542e+00 4.1784939974e-06
806 1.6207665586e+00 4.1447526473e-06
807 1.6195035598e+00 4.1478642066e-06
808 1.6183085183e+00 4.1380745172e-06
809 1.6170646238e+00 4.2153401112e-06
810 1.6157033020e+00 4.2451801576e-06
811 1.6144379973e+00 4.0682179926e-06
812 1.6132670816e+00 4.1134998807e-06
813 1.6120365180e+00 4.0535269466e-06
814 1.6107251234e+00 4.1834284025e-06
815 1.6095412864e+00 4.0256542979e-06
816 1.6084376084e+00 4.0896079918e-06
817 1.6071825632e+00 4.1212477634e-06
818 1.6058892211e+00 4.0998077372e-06
819 1.6046626598e+00 4.0665211037e-06
820 1.6034224630e+00 4.0980134150e-06
821 1.6021040097e+00 4.0855275559e-06
822 1.6008288411e+00 4.0568692694e-06
823 1.5997084615e+00 3.9205136561e-06
824 1.5985491277e+00 4.0870574558e-06
825 1.5972767651e+00 4.0286336932e-06
826 1.5960128114e+00 3.9958900262e-06
827 1.5948073438e+00 3.9633248138e-06
828 1.5936652098e+00 3.9640561863e-06
829 1.5925174416e+00 3.9276254766e-06
830 1.5913561142e+00 3.9027782539e-06
831 1.5903443332e+00 3.7867412549e-06
832 1.5892679539e+00 3.8480597155e-06
833 1.5881817985e+00 3.8460951099e-06
834 1.5871136012e+00 3.7947863897e-06
835 1.5859623829e+00 3.9144235171e-06
836 1.5847474423e+00 3.8732118204e-06
837 1.5835494386e+00 3.8934555164e-06
838 1.5823660511e+00 3.8617606446e-06
839 1.5812309733e+00 3.8280746752e-06
840 1.5800764703e+00 3.8150224861e-06
841 1.5789080318e+00 3.8157468870e-06
842 1.5777627636e+00 3.7270969693e-06
843 1.5766703525e+00 3.7125654969e-06
844 1.5756180018e+00 3.6422493767e-06
845 1.5745910775e+00 3.7073018582e-06
846 1.5734634488e+00 3.7659991074e-06
847 1.5724807130e+00 3.6167609539e-06
848 1.5714306185e+00 3.7819990674e-06
849 1.5702676763e+00 3.7644522617e-06
850 1.5691040649e+00 3.6866414871e-06
851 1.5680090743e+00 3.6604331946e-06
852 1.5669699677e+00 3.5558889862e-06
853 1.5659558791e+00 3.6119684736e-06
854 1.5648616916e+00 3.6619706001e-06
855 1.5637163791e+00 3.6083035525e-06
856 1.5626023512e+00 3.5760051994e-06
857 1.5615453364e+00 3.5309195967e-06
858 1.5605396239e+00 3.5170316277e-06
859 1.5595853145e+00 3.4747882346e-06
860 1.5586643486e+00 3.4161530723e-06
861 1.5578043335e+00 3.4080468241e-06
862 1.5568399391e+00 3.4762103191e-06
863 1.5558319343e+00 3.4213334166e-06
864 1.5548550703e+00 3.3779103042e-06
865 1.5539480676e+00 3.3219647424e-06
866 1.5530079746e+00 3.3997260902e-06
867 1.5520748209e+00 3.3191519525e-06
868 1.5512424556e+00 3.2797597277e-06
869 1.5503798793e+00 3.3729240657e-06
870 1.5493763306e+00 3.4729337170e-06
871 1.5483224227e+00 3.4266617530e-06
872 1.5473640296e+00 3.3842476593e-06
873 1.5463751103e+00 3.4656695501e-06
874 1.5453110520e+00 3.4524523029e-06
875 1.5442240182e+00 3.4623987617e-06
876 1.5431867849e+00 3.3550507471e-06
877 1.5422333517e+00 3.3042838708e-06
878 1.5412836441e+00 3.2309659150e-06
879 1.5402957519e+00 3.3787748206e-06
880 1.5392935675e+00 3.2295052471e-06
881 1.5384224597e+00 3.1122893803e-06
882 1.5375982945e+00 3.1494907424e-06
883 1.5367639520e+00 3.1191326991e-06
884 1.5359041912e+00 3.1367221151e-06
885 1.5350500808e+00 3.1104966263e-06
886 1.5341968891e+00 3.1299252621e-06
887 1.5333871884e+00 3.0946821829e-06
888 1.5325216858e+00 3.1325336848e-06
889 1.5315900475e+00 3.1699262666e-06
890 1.5306745121e+00 3.1388146505e-06
891 1.5297672052e+00 3.2245454475e-06
892 1.5287839566e+00 3.1981236612e-06
893 1.5278561396e+00 3.1834186286e-06
894 1.5270111393e+00 3.1566090635e-06
895 1.5260785793e+00 3.2224274606e-06
896 1.5250755639e+00 3.2538886812e-06
897 1.5240825217e+00 3.1941363790e-06
898 1.5231459930e+00 3.2150558030e-06
899 1.5221898697e+00 3.1738398031e-06
900 1.5212221467e+00 3.2305101136e-06
901 1.5202734732e+00 3.1559336408e-06
902 1.5194309170e+00 3.1334277247e-06
903 1.5184771881e+00 3.1636462671e-06
904 1.5175340136e+00 3.1297021902e-06
905 1.5166537494e+00 3.1134418983e-06
906 1.5157180193e+00 3.2200190206e-06
907 1.5147792136e+00 3.0840547249e-06
908 1.5138923944e+00 3.1754129805e-06
909 1.5129069882e+00 3.1589967807e-06
910 1.5119587660e+00 3.0747165672e-06
911 1.5110650553e+00 3.0691534354e-06
912 1.5101441471e+00 3.0962098863e-06
913 1.5091305405e+00 3.1482482651e-06
914 1.5080456074e+00 3.1393986762e-06
915 1.5070271071e+00 3.0786102912e-06
916 1.5061397963e+00 3.0222456691e-06
917 1.5052906237e+00 3.0599556670e-06
918 1.5044013337e+00 3.0322026689e-06
919 1.5035360964e+00 3.0485187947e-06
920 1.5025870137e+00 3.0910032867e-06
921 1.5015664453e+00 3.1036542161e-06
922 1.5005549078e+00 3.0586791501e-06
923 1.4996032873e+00 3.0213121897e-06
924 1.4987406939e+00 2.9370137843e-06
925 1.4978328782e+00 3.0294645115e-06
926 1.4969147038e+00 2.9690849772e-06
927 1.4960490593e+00 2.8657868365e-06
928 1.4952035178e+00 2.9154845535e-06
929 1.4943079007e+00 2.9467272224e-06
930 1.4934535700e+00 2.9303872351e-06
931 1.4925766089e+00 2.9072573340e-06
932 1.4916841572e+00 2.9156983832e-06
933 1.4908190843e+00 2.9173283791e-06
934 1.4899329530e+00 2.9217880421e-06
935 1.4889728570e+00 3.0154218294e-06
936 1.4880496710e+00 2.9462456694e-06
937 1.4870890171e+00 3.1153288415e-06
938 1.4860024750e+00 3.1089194592e-06
939 1.4849969018e+00 3.0380735080e-06
940 1.4840678150e+00 3.0792657062e-06
941 1.4830213114e+00 3.1719607316e-06
942 1.4819326364e+00 3.1019353728e-06
943 1.4808848865e+00 3.1319737282e-06
944 1.4798456370e+00 3.1323786594e-06
945 1.4787795047e+00 3.1474367036e-06
946 1.4777103769e+00 3.1539112571e-06
947 1.4766501811e+00 3.1851521104e-06
948 1.4755233158e+00 3.2142407233e-06
949 1.4744030005e+00 3.1387519128e-06
950 1.4734845333e+00 3.0659918357e-06
951 1.4724697009e+00 3.1435221945e-06
952 1.4713347612e+00 3.1702196104e-06
953 1.4702660909e+00 3.1337406969e-06
954 1.4691713318e+00 3.1287502608e-06
955 1.4680581489e+00 3.1350245149e-06
956 1.4669712037e+00 3.1275920955e-06
957 1.4658785620e+00 3.1991356029e-06
958 1.4647873665e+00 3.1599910627e-06
959 1.4636821128e+00 3.1898912841e-06
960 1.4626014237e+00 3.1524047534e-06
961 1.4614621328e+00 3.2349279340e-06
962 1.4602303728e+00 3.2799760843e-06
963 1.4590684431e+00 3.2386403145e-06
964 1.4579568004e+00 3.2283153998e-06
965 1.4567909074e+00 3.2518153358e-06
966 1.4555865684e+00 3.3176992971e-06
967 1.4544253494e+00 3.2354775255e-06
968 1.4532801450e+00 3.2759686928e-06
969 1.4520463134e+00 3.3008646160e-06
970 1.4508557051e+00 3.2298300504e-06
971 1.4497901647e+00 3.2244856457e-06
972 1.4487077456e+00 3.2609713942e-06
973 1.4475362039e+00 3.2766229090e-06
974 1.4463603015e+00 3.3082396137e-06
975 1.4450967773e+00 3.3444533736e-06
976 1.4437905477e+00 3.3648418734e-06
977 1.4426272028e+00 3.2230982711e-06
978 1.4416205169e+00 3.2652035917e-06
979 1.4404631335e+00 3.2876520671e-06
980 1.4392061776e+00 3.3848732951e-06
981 1.4379475558e+00 3.2653065104e-06
982 1.4367623828e+00 3.2278888663e-06
983 1.4355813741e+00 3.2288849177e-06
984 1.4344898505e+00 3.1424509452e-06
985 1.4334845480e+00 3.0997388723e-06
986 1.4323645797e+00 3.1846932346e-06
987 1.4313250240e+00 3.0695188128e-06
988 1.4303456614e+00 3.1343768721e-06
989 1.4291715725e+00 3.2343942880e-06
990 1.4279852636e+00 3.1346981301e-06
991 1.4268961543e+00 3.1550143388e-06
992 1.4257823399e+00 3.1242367016e-06
993 1.4246549507e+00 3.1004407655e-06
994 1.4235529670e+00 3.0930859488e-06
995 1.4225010061e+00 3.0587552463e-06
996 1.4214120832e+00 3.0584238678e-06
997 1.4203039891e+00 3.0703322999e-06
998 1.4192703812e+00 2.9432828853e-06
999 1.4183117273e+00 2.9891355456e-06
1000 1.4172176549e+00 3.0525661733e-06
1001 1.4160768361e+00 3.0291065693e-06
1002 1.4150037057e+00 2.9983303551e-06
1003 1.4139580801e+00 2.9643144303e-06
1004 1.4129282349e+00 3.0175809453e-06
1005 1.4118657323e+00 2.9799602387e-06
1006 1.4108740284e+00 2.9313188187e-06
1007 1.4098994131e+00 2.9827065463e-06
1008 1.4088772580e+00 2.9933141509e-06
1009 1.4078503636e+00 2.9675241754e-06
1010 1.4069131264e+00 2.9151724423e-06
1011 1.4059175393e+00 2.9647050514e-06
1012 1.4048620586e+00 2.9518400427e-06
1013 1.4038936015e+00 2.8810288516e-06
1014 1.4029786887e+00 2.9304419531e-06
1015 1.4019994509e+00 2.9152669265e-06
1016 1.4010037701e+00 2.9603507612e-06
1017 1.3999579106e+00 2.9367799955e-06
1018 1.3989268986e+00 2.8900303917e-06
1019 1.3979534400e+00 2.8732206068e-06
1020 1.3969597092e+00 2.9373512834e-06
1021 1.3959197551e+00 2.9230280212e-06
1022 1.3948623885e+00 2.9365707795e-06
1023 1.3938132386e+00 2.8955140007e-06
1024 1.3928519558e+00 2.9064515977e-06
1025 1.3918791865e+00 2.8772877342e-06
1026 1.3908741815e+00 2.9229657219e-06
1027 1.3899136657e+00 2.8609073670e-06
1028 1.3889741049e+00 2.8559887156e-06
1029 1.3880569999e+00 2.8203485565e-06
1030 1.3870798158e+00 2.8603466469e-06
1031 1.3860403000e+00 2.8697430394e-06
1032 1.3850619179e+00 2.7429416921e-06
1033 1.3842023859e+00 2.7488903991e-06
1034 1.3833768529e+00 2.7513304970e-06
1035 1.3824688032e+00 2.7689012659e-06
1036 1.3815542349e+00 2.7493205685e-06
1037 1.3806931941e+00 2.7154174278e-06
1038 1.3798085867e+00 2.7071639366e-06
1039 1.3789134697e+00 2.6858209325e-06
1040 1.3780889709e+00 2.6537232013e-06
1041 1.3772263356e+00 2.7006003988e-06
1042 1.3763374953e+00 2.6635824011e-06
1043 1.3754536669e+00 2.6847175253e-06
1044 1.3745402002e+00 2.6890907064e-06
1045 1.3736155757e+00 2.6730023742e-06
1046 1.3727505725e+00 2.5876588203e-06
1047 1.3719273103e+00 2.6437044336e-06
1048 1.3710113115e+00 2.6911886434e-06
1049 1.3701220228e+00 2.5847118995e-06
1050 1.3693095663e+00 2.5775447893e-06
1051 1.3684967272e+00 2.5918011420e-06
1052 1.3676716718e+00 2.5733276759e-06
1053 1.3668894779e+00 2.5658036846e-06
1054 1.3660278614e+00 2.6241891359e-06
1055 1.3651977211e+00 2.5441349051e-06
1056 1.3644285055e+00 2.5588450899e-06
1057 1.3635892975e+00 2.5706085466e-06
1058 1.3627528247e+00 2.5137508156e-06
1059 1.3619645940e+00 2.5754740698e-06
1060 1.3610811511e+00 2.5291288379e-06
1061 1.3601987604e+00 2.5360095005e-06
1062 1.3593748780e+00 2.4598403223e-06
1063 1.3585660369e+00 2.4703320661e-06
1064 1.3577534481e+00 2.4252362360e-06
1065 1.3569982636e+00 2.4125634417e-06
1066 1.3563301936e+00 2.3531536721e-06
1067 1.3556299377e+00 2.3663970894e-06
1068 1.3548906427e+00 2.3174861931e-06
1069 1.3542011499e+00 2.3461105270e-06
1070 1.3534868030e+00 2.3789857881e-06
1071 1.3527189133e+00 2.3973493645e-06
1072 1.3519330157e+00 2.3352733588e-06
1073 1.3512172482e+00 2.3253460685e-06
1074 1.3505111826e+00 2.3099060948e-06
1075 1.3498119350e+00 2.2911105354e-06
1076 1.3491525838e+00 2.3040441682e-06
1077 1.3484224277e+00 2.3472049890e-06
1078 1.3476511557e+00 2.3086412502e-06
1079 1.3469100325e+00 2.3062890803e-06
1080 1.3462357504e+00 2.2469406368e-06
1081 1.3455145378e+00 2.2974844290e-06
1082 1.3447555237e+00 2.2818408009e-06
1083 1.3440404683e+00 2.2305636480e-06
1084 1.3434136636e+00 2.1738140907e-06
1085 1.3427654689e+00 2.2134312071e-06
1086 1.3420807987e+00 2.1595743640e-06
1087 1.3414438709e+00 2.1662819160e-06
1088 1.3408280112e+00 2.1177902610e-06
1089 1.3401792704e+00 2.1656535112e-06
1090 1.3395477631e+00 2.1082494306e-06
1091 1.3389509018e+00 2.1295189576e-06
1092 1.3383538151e+00 2.0868521172e-06
1093 1.3377785303e+00 2.1207783620e-06
1094 1.3371414198e+00 2.1248256237e-06
1095 1.3364827004e+00 2.1136251675e-06
1096 1.3358745114e+00 2.0565663309e-06
1097 1.3352800677e+00 2.0865012078e-06
1098 1.3346151385e+00 2.1349200758e-06
1099 1.3339227805e+00 2.1397478371e-06
1100 1.3332732533e+00 2.0517970156e-06
1101 1.3326425785e+00 2.0889042677e-06
1102 1.3319958749e+00 2.0705796337e-06
1103 1.3314223116e+00 2.0289030185e-06
1104 1.3308509363e+00 2.0258839120e-06
1105 1.3302383549e+00 2.0622232254e-06
1106 1.3296542237e+00 2.0083351790e-06
1107 1.3290684428e+00 2.0421588552e-06
1108 1.3284191153e+00 2.0502790513e-06
1109 1.3277839220e+00 2.0207228757e-06
1110 1.3271972708e+00 2.0392784896e-06
1111 1.3265641015e+00 2.0481953628e-06
1112 1.3259561400e+00 2.0325122672e-06
1113 1.3253681614e+00 2.0431935316e-06
1114 1.3247472495e+00 2.0360582857e-06
1115 1.3241608136e+00 1.9840935964e-06
1116 1.3235820237e+00 2.0222221584e-06
1117 1.3229661024e+00 2.0055882300e-06
1118 1.3223886375e+00 1.9663532203e-06
1119 1.3217900456e+00 1.9780937550e-06
1120 1.3211300935e+00 2.0284375488e-06
1121 1.3204850947e+00 1.9992730305e-06
1122 1.3198466498e+00 1.9503544237e-06
1123 1.3192259394e+00 1.9574504184e-06
1124 1.3185877982e+00 1.9641364621e-06
1125 1.3179560537e+00 1.9699576273e-06
1126 1.3173183471e+00 1.9565574159e-06
1127 1.3167123651e+00 1.9516223894e-06
1128 1.3161281002e+00 1.8990402083e-06
1129 1.3155616070e+00 1.9102553227e-06
1130 1.3149997129e+00 1.8877940528e-06
1131 1.3144367164e+00 1.8947486246e-06
1132 1.3138616645e+00 1.8833891512e-06
1133 1.3133431926e+00 1.8606401177e-06
1134 1.3127886685e+00 1.8998299370e-06
1135 1.3121781845e+00 1.9164378041e-06
1136 1.3116063543e+00 1.8396548047e-06
1137 1.3110538491e+00 1.8876631131e-06
1138 1.3104646516e+00 1.8693471822e-06
1139 1.3099136725e+00 1.8403679236e-06
1140 1.3093395062e+00 1.8682745758e-06
1141 1.3087156941e+00 1.8769270624e-06
1142 1.3081482998e+00 1.8255019396e-06
1143 1.3075826859e+00 1.8650797157e-06
1144 1.3069808549e+00 1.8452677970e-06
1145 1.3064361922e+00 1.7826076283e-06
1146 1.3058951365e+00 1.8466194011e-06
1147 1.3053378455e+00 1.7990544887e-06
1148 1.3048358219e+00 1.8037806736e-06
1149 1.3042591938e+00 1.8326304522e-06
1150 1.3036295992e+00 1.8576327256e-06
1151 1.3030402047e+00 1.8033626965e-06
1152 1.3025339880e+00 1.7768888971e-06
1153 1.3020274305e+00 1.7987330392e-06
1154 1.3014631469e+00 1.8076517582e-06
1155 1.3008788753e+00 1.8373662354e-06
1156 1.3002418901e+00 1.8555765721e-06
1157 1.2995985261e+00 1.8449722350e-06
1158 1.2989776976e+00 1.8223278191e-06
1159 1.2983839407e+00 1.7993279569e-06
1160 1.2978135716e+00 1.8086130261e-06
1161 1.2972503267e+00 1.7948930023e-06
1162 1.2966618806e+00 1.8247232135e-06
1163 1.2960382200e+00 1.8115649192e-06
1164 1.2954083741e+00 1.7965960320e-06
1165 1.2947776670e+00 1.7789726560e-06
1166 1.2941667158e+00 1.7643841155e-06
1167 1.2935974669e+00 1.7462418888e-06
1168 1.2930165613e+00 1.7645453921e-06
1169 1.2924510035e+00 1.7180044615e-06
1170 1.2919128220e+00 1.7575015717e-06
1171 1.2913554599e+00 1.7652993289e-06
1172 1.2907651026e+00 1.7853802014e-06
1173 1.2901807305e+00 1.7770623800e-06
1174 1.2895852858e+00 1.7635461386e-06
1175 1.2889755921e+00 1.7760630302e-06
1176 1.2883978044e+00 1.7387017781e-06
1177 1.2877932563e+00 1.7981710461e-06
1178 1.2871381383e+00 1.8248660689e-06
1179 1.2865060928e+00 1.8023573728e-06
1180 1.2859105820e+00 1.8110939811e-06
1181 1.2852455578e+00 1.8511199767e-06
1182 1.2846358781e+00 1.7600967439e-06
1183 1.2840288151e+00 1.8182608168e-06
1184 1.2833778164e+00 1.8176799576e-06
1185 1.2828127683e+00 1.7932016840e-06
1186 1.2821633988e+00 1.8288334449e-06
1187 1.2815074807e+00 1.7915757572e-06
1188 1.2809512388e+00 1.7542965483e-06
1189 1.2803590645e+00 1.7812070825e-06
1190 1.2797596865e+00 1.7665091088e-06
1191 1.2791439335e+00 1.7820953845e-06
1192 1.2784963379e+00 1.7759030687e-06
1193 1.2779455382e+00 1.7043497430e-06
1194 1.2774101220e+00 1.7693520585e-06
1195 1.2767687012e+00 1.7740487632e-06
1196 1.2761421800e+00 1.7471696562e-06
1197 1.2755274975e+00 1.7425050438e-06
1198 1.2749191672e+00 1.7454251149e-06
1199 1.2743267354e+00 1.7067720502e-06
1200 1.2737574128e+00 1.6893585747e-06
1201 1.2731365736e+00 1.7283352219e-06
1202 1.2725429201e+00 1.6722036018e-06
1203 1.2719650901e+00 1.6966728514e-06
1204 1.2713497555e+00 1.6954080143e-06
1205 1.2707189096e+00 1.7159849295e-06
1206 1.2701142789e+00 1.6818585001e-06
1207 1.2695203689e+00 1.6983654252e-06
1208 1.2688976839e+00 1.6991743835e-06
1209 1.2683393888e+00 1.6590150788e-06
1210 1.2677865169e+00 1.6811933834e-06
1211 1.2671842487e+00 1.6906387731e-06
1212 1.2666355103e+00 1.6530012735e-06
1213 1.2660474863e+00 1.6951290953e-06
1214 1.2654335737e+00 1.6531121631e-06
1215 1.2648784738e+00 1.6531483735e-06
1216 1.2643337750e+00 1.6272745382e-06
1217 1.2637827469e+00 1.6364785886e-06
1218 1.2632046099e+00 1.6353634201e-06
1219 1.2626254935e+00 1.6136828926e-06
1220 1.2621053105e+00 1.5841047546e-06
1221 1.2615587297e+00 1.6120607743e-06
1222 1.2609949467e+00 1.5968221246e-06
1223 1.2604492433e+00 1.5779457947e-06
1224 1.2598969133e+00 1.6040841561e-06
1225 1.2592812795e+00 1.6275311150e-06
1226 1.2586775879e+00 1.5995154252e-06
1227 1.2581276441e+00 1.5694255469e-06
1228 1.2576182896e+00 1.5839364733e-06
1229 1.2570900166e+00 1.5778010459e-06
1230 1.2565530407e+00 1.5889263348e-06
1231 1.2559546431e+00 1.6210003425e-06
1232 1.2553281913e+00 1.6114015973e-06
1233 1.2548026309e+00 1.5497918271e-06
1234 1.2542559168e+00 1.5778449950e-06
1235 1.2536941777e+00 1.5637868293e-06
1236 1.2531630347e+00 1.5460433968e-06
1237 1.2525894054e+00 1.5720280153e-06
1238 1.2519753468e+00 1.5915955983e-06
1239 1.2514036585e+00 1.5287116102e-06
1240 1.2508628211e+00 1.5355263464e-06
1241 1.2502898286e+00 1.5345245681e-06
1242 1.2497366129e+00 1.5043727957e-06
1243 1.2492377065e+00 1.4979460524e-06
1244 1.2486795899e+00 1.5415303788e-06
1245 1.2481158483e+00 1.4975563146e-06
1246 1.2476066987e+00 1.4825068519e-06
1247 1.2470603735e+00 1.5270120771e-06
1248 1.2464929135e+00 1.4876761574e-06
1249 1.2459965749e+00 1.4765980325e-06
1250 1.2454799601e+00 1.4988753483e-06
1251 1.2449485146e+00 1.4754975787e-06
1252 1.2444382945e+00 1.4860251580e-06
1253 1.2438768870e+00 1.5139053505e-06
1254 1.2432979149e+00 1.4952126884e-06
1255 1.2427690967e+00 1.4538925984e-06
1256 1.2422483557e+00 1.4867410166e-06
1257 1.2416697151e+00 1.5131662201e-06
1258 1.2411639795e+00 1.4242854960e-06
1259 1.2406594396e+00 1.5024415807e-06
1260 1.2400777641e+00 1.5060059223e-06
1261 1.2395342562e+00 1.4371997089e-06
1262 1.2390033318e+00 1.4644252963e-06
1263 1.2384270764e+00 1.4477609571e-06
1264 1.2378727472e+00 1.4257634118e-06
1265 1.2373636312e+00 1.3922349684e-06
1266 1.2368509205e+00 1.4063913105e-06
1267 1.2363281607e+00 1.4113332282e-06
1268 1.2358705437e+00 1.3496268170e-06
1269 1.2354195267e+00 1.4132300985e-06
1270 1.2349150076e+00 1.3839005906e-06
1271 1.2344198209e+00 1.4027061298e-06
1272 1.2339083011e+00 1.3946690744e-06
1273 1.2334421973e+00 1.3708376415e-06
1274 1.2329768032e+00 1.3979156478e-06
1275 1.2324667030e+00 1.3894465441e-06
1276 1.2319735657e+00 1.3842280720e-06
1277 1.2314592175e+00 1.3981538516e-06
1278 1.2309245128e+00 1.3940236642e-06
1279 1.2304355955e+00 1.3528992693e-06
1280 1.2299849600e+00 1.3481283073e-06
1281 1.2295015736e+00 1.3631819799e-06
1282 1.2290452841e+00 1.3206261044e-06
1283 1.2285483674e+00 1.3716281557e-06
1284 1.2280097703e+00 1.3682375165e-06
1285 1.2275006859e+00 1.3594910695e-06
1286 1.2269926880e+00 1.3863991242e-06
1287 1.2264585702e+00 1.3725937280e-06
1288 1.2259508094e+00 1.3379517717e-06
1289 1.2254469543e+00 1.3635281246e-06
1290 1.2249057079e+00 1.3918902550e-06
1291 1.2243707103e+00 1.3539928006e-06
1292 1.2238531885e+00 1.3747102489e-06
1293 1.2232991779e+00 1.3880538212e-06
1294 1.2227758002e+00 1.3704708904e-06
1295 1.2223025316e+00 1.3728304970e-06
1296 1.2217739914e+00 1.3830570796e-06
1297 1.2212316006e+00 1.3976719818e-06
1298 1.2207244528e+00 1.3756738630e-06
1299 1.2201568833e+00 1.4305445807e-06
1300 1.2195894044e+00 1.3810624147e-06
1301 1.2190623618e+00 1.4055300394e-06
1302 1.2184936366e+00 1.3806405623e-06
1303 1.2179371195e+00 1.3883526486e-06
1304 1.2173758955e+00 1.3972370556e-06
1305 1.2168254835e+00 1.4080069460e-06
1306 1.2162930593e+00 1.3613325241e-06
1307 1.2157589943e+00 1.4035727159e-06
1308 1.2151801191e+00 1.3774892087e-06
1309 1.2146515903e+00 1.3626638198e-06
1310 1.2140731214e+00 1.3978298003e-06
1311 1.2134573088e+00 1.4158817405e-06
1312 1.2128732653e+00 1.3645656788e-06
1313 1.2123356562e+00 1.3829147778e-06
1314 1.2117456130e+00 1.3948010211e-06
1315 1.2112219895e+00 1.3538102587e-06
1316 1.2106345073e+00 1.4151298340e-06
1317 1.2099817764e+00 1.4059049701e-06
1318 1.2093936425e+00 1.3751254316e-06
1319 1.2088292814e+00 1.4039063336e-06
1320 1.2082120504e+00 1.3905906092e-06
1321 1.2076242377e+00 1.3575454671e-06
1322 1.2070696405e+00 1.3453964783e-06
1323 1.2064949904e+00 1.3651382310e-06
1324 1.2059544280e+00 1.3383254783e-06
1325 1.2053931314e+00 1.3890449320e-06
1326 1.2047950548e+00 1.3900210063e-06
1327 1.2042130105e+00 1.3675105659e-06
1328 1.2036220915e+00 1.3912442207e-06
1329 1.2029910684e+00 1.3953738041e-06
1330 1.2023858070e+00 1.3892450631e-06
1331 1.2018201152e+00 1.3787392346e-06
1332 1.2012864310e+00 1.3654474164e-06
1333 1.2007149761e+00 1.3680233129e-06
1334 1.2001265508e+00 1.3681647791e-06
1335 1.1995516908e+00 1.3870956693e-06
1336 1.1989145928e+00 1.4080040243e-06
1337 1.1982771914e+00 1.4014625008e-06
1338 1.1976452454e+00 1.3905978851e-06
1339 1.1970349275e+00 1.4020055721e-06
1340 1.1963851712e+00 1.4029083468e-06
1341 1.1957609613e+00 1.3833318529e-06
1342 1.1951533555e+00 1.4049569828e-06
1343 1.1944851252e+00 1.4399682702e-06
1344 1.1938079183e+00 1.4168294645e-06
1345 1.1931688178e+00 1.4083169549e-06
1346 1.1925136617e+00 1.4247114575e-06
1347 1.1918034598e+00 1.4521785503e-06
1348 1.1911297096e+00 1.3986335561e-06
1349 1.1905353259e+00 1.4093745722e-06
1350 1.1898832708e+00 1.4250396414e-06
1351 1.1892622410e+00 1.4153316273e-06
1352 1.1886460787e+00 1.4380127633e-06
1353 1.1879708572e+00 1.4474487112e-06
1354 1.1873310670e+00 1.4268664330e-06
1355 1.1866465725e+00 1.4618924887e-06
1356 1.1859707088e+00 1.4394801802e-06
1357 1.1853095832e+00 1.4521578892e-06
1358 1.1845670352e+00 1.4943391753e-06
1359 1.1838460241e+00 1.4711420777e-06
1360 1.1831419677e+00 1.4861572043e-06
1361 1.1823535644e+00 1.5143564539e-06
1362 1.1816252713e+00 1.4585905383e-06
1363 1.1809664850e+00 1.4510667976e-06
1364 1.1802608652e+00 1.4515193798e-06
1365 1.1795937642e+00 1.4186065954e-06
1366 1.1789690767e+00 1.4331137414e-06
1367 1.1782403596e+00 1.4795460257e-06
1368 1.1775890835e+00 1.3947085642e-06
1369 1.1769443363e+00 1.4774187902e-06
1370 1.1761909463e+00 1.4818189053e-06
1371 1.1755543895e+00 1.4041805308e-06
1372 1.1748945096e+00 1.4671295844e-06
1373 1.1741688063e+00 1.4621371611e-06
1374 1.1734626689e+00 1.4538552318e-06
1375 1.1727381864e+00 1.4822819503e-06
1376 1.1719893841e+00 1.4512869446e-06
1377 1.1713012683e+00 1.4371087737e-06
1378 1.1705888373e+00 1.4776518469e-06
1379 1.1698438178e+00 1.4611801098e-06
1380 1.1691739705e+00 1.4468377639e-06
1381 1.1684746667e+00 1.4793961864e-06
1382 1.1677684884e+00 1.4307627940e-06
1383 1.1671358374e+00 1.4549255865e-06
1384 1.1664005853e+00 1.4628836128e-06
1385 1.1656637577e+00 1.4639090466e-06
1386 1.1649747778e+00 1.4384606455e-06
1387 1.1642654067e+00 1.4526239612e-06
1388 1.1635500956e+00 1.4444595479e-06
1389 1.1629015989e+00 1.4444969167e-06
1390 1.1622165467e+00 1.4530623025e-06
1391 1.1615372409e+00 1.4501404054e-06
1392 1.1608628267e+00 1.4398601257e-06
1393 1.1601518594e+00 1.4364947272e-06
1394 1.1594919966e+00 1.4018930502e-06
1395 1.1588405064e+00 1.4238572144e-06
1396 1.1582012615e+00 1.3916948603e-06
1397 1.1575570292e+00 1.4290422721e-06
1398 1.1568533343e+00 1.4059011455e-06
1399 1.1562211307e+00 1.3764479124e-06
1400 1.1555562542e+00 1.4016354799e-06
1401 1.1548804262e+00 1.3691375359e-06
1402 1.1542597782e+00 1.3627070257e-06
1403 1.1535595755e+00 1.4023255726e-06
1404 1.1528537414e+00 1.3819083506e-06
1405 1.1521924977e+00 1.3787466955e-06
1406 1.1515213994e+00 1.4059404378e-06
1407 1.1508317143e+00 1.3726251849e-06
1408 1.1502019631e+00 1.3446333105e-06
1409 1.1495402225e+00 1.3996711910e-06
1410 1.1488454352e+00 1.3489844144e-06
1411 1.1482385193e+00 1.3327292755e-06
1412 1.1476147651e+00 1.3501844890e-06
1413 1.1469995009e+00 1.3458901680e-06
1414 1.1463666594e+00 1.3745953710e-06
1415 1.1456624508e+00 1.3825592297e-06
1416 1.1450075707e+00 1.3352817875e-06
1417 1.1444005766e+00 1.3474013305e-06
1418 1.1437148529e+00 1.3775327184e-06
1419 1.1430023710e+00 1.3770264548e-06
1420 1.1423390350e+00 1.3340651531e-06
1421 1.1416979981e+00 1.3515231444e-06
1422 1.1410678063e+00 1.3169510060e-06
1423 1.1404459521e+00 1.3426609338e-06
1424 1.1397852949e+00 1.3375053542e-06
1425 1.1391181121e+00 1.3596433103e-06
1426 1.1384803464e+00 1.3031023551e-06
1427 1.1378847947e+00 1.3234980081e-06
1428 1.1372330317e+00 1.3431739067e-06
1429 1.1365942681e+00 1.2890550303e-06
1430 1.1360111838e+00 1.2854712443e-06
1431 1.1353852501e+00 1.3089701285e-06
1432 1.1347173664e+00 1.3172943045e-06
1433 1.1340760606e+00 1.2985620898e-06
1434 1.1335016653e+00 1.3008873540e-06
1435 1.1329166625e+00 1.2927589407e-06
1436 1.1323420274e+00 1.2912296946e-06
1437 1.1317041922e+00 1.3363500860e-06
1438 1.1310298942e+00 1.2989943389e-06
1439 1.1304195485e+00 1.3026864483e-06
1440 1.1297393215e+00 1.3272093787e-06
1441 1.1290524933e+00 1.3090250456e-06
1442 1.1284566411e+00 1.2831277781e-06
1443 1.1277949635e+00 1.3433851330e-06
1444 1.1271125319e+00 1.3043976926e-06
1445 1.1265656849e+00 1.2664540561e-06
1446 1.1259836682e+00 1.3063343590e-06
1447 1.1253780152e+00 1.2765498630e-06
1448 1.1247961233e+00 1.3170457046e-06
1449 1.1241826947e+00 1.3057779109e-06
1450 1.1235841613e+00 1.3140740447e-06
1451 1.1229028688e+00 1.3459871615e-06
1452 1.1222184209e+00 1.3263926042e-06
1453 1.1215839771e+00 1.3309704982e-06
1454 1.1209249323e+00 1.3403439336e-06
1455 1.1202571193e+00 1.3325323618e-06
1456 1.1196423824e+00 1.3269568545e-06
1457 1.1189991282e+00 1.3395674555e-06
1458 1.1183366890e+00 1.3722769324e-06
1459 1.1176713077e+00 1.3437935654e-06
1460 1.1169722807e+00 1.3679671872e-06
1461 1.1162467711e+00 1.3488393519e-06
1462 1.1155910639e+00 1.3313066576e-06
1463 1.1149504363e+00 1.3500464635e-06
1464 1.1143040898e+00 1.3226847445e-06
1465 1.1136579642e+00 1.3098476776e-06
1466 1.1130180775e+00 1.2973355153e-06
1467 1.1124213803e+00 1.2790491187e-06
1468 1.1117868581e+00 1.3181534849e-06
1469 1.1111430733e+00 1.2996321067e-06
1470 1.1105154720e+00 1.3120462636e-06
1471 1.1098139679e+00 1.3346701484e-06
1472 1.1091589845e+00 1.2850118355e-06
1473 1.1085583370e+00 1.3341427882e-06
1474 1.1078724462e+00 1.3255362767e-06
1475 1.1072354875e+00 1.2825158213e-06
1476 1.1066629600e+00 1.2862752383e-06
1477 1.1060400459e+00 1.3044253284e-06
1478 1.1054291550e+00 1.2929264856e-06
1479 1.1047831323e+00 1.3373330564e-06
1480 1.1040748196e+00 1.3312003499e-06
1481 1.1033958786e+00 1.3084191559e-06
1482 1.1027117419e+00 1.3210308477e-06
1483 1.1019652945e+00 1.3563045146e-06
1484 1.1012593088e+00 1.2906855286e-06
1485 1.1006704432e+00 1.2846924869e-06
1486 1.1000091100e+00 1.3136553989e-06
1487 1.0993449544e+00 1.2920747263e-06
1488 1.0986949376e+00 1.2831384376e-06
1489 1.0980706719e+00 1.2722552597e-06
1490 1.0974772807e+00 1.2681440764e-06
1491 1.0968703745e+00 1.2803587491e-06
1492 1.0962327674e+00 1.2730849870e-06
1493 1.0956264552e+00 1.2644882342e-06
1494 1.0949965634e+00 1.2908439081e-06
1495 1.0943517467e+00 1.2549421306e-06
1496 1.0937426944e+00 1.2579136437e-06
1497 1.0931248209e+00 1.2357463429e-06
1498 1.0924899244e+00 1.2661874169e-06
1499 1.0918550454e+00 1.2244532767e-06
1500 1.0912739483e+00 1.2256271090e-06
1501 1.0907121218e+00 1.2180570296e-06
1502 1.0901123536e+00 1.2501636418e-06
1503 1.0894888197e+00 1.2263931149e-06
1504 1.0888665521e+00 1.2284038888e-06
1505 1.0882859608e+00 1.2187277362e-06
1506 1.0877299956e+00 1.2235828249e-06
1507 1.0871667954e+00 1.2080045051e-06
1508 1.0865983074e+00 1.2282241426e-06
1509 1.0860414088e+00 1.2128939633e-06
1510 1.0854428032e+00 1.2647607929e-06
1511 1.0848541596e+00 1.2232151745e-06
1512 1.0842557362e+00 1.2380640143e-06
1513 1.0836408686e+00 1.2382589329e-06
1514 1.0829923066e+00 1.2552568151e-06
1515 1.0823019430e+00 1.2851211787e-06
1516 1.0815687758e+00 1.2875781747e-06
1517 1.0809025998e+00 1.2548168753e-06
1518 1.0803477716e+00 1.2344801501e-06
1519 1.0797554015e+00 1.2380122264e-06
1520 1.0791489043e+00 1.2405575863e-06
1521 1.0784982175e+00 1.2535440796e-06
1522 1.0778629477e+00 1.2295270125e-06
1523 1.0773021281e+00 1.2364061887e-06
1524 1.0766509503e+00 1.2401539202e-06
1525 1.0760054655e+00 1.2174206687e-06
1526 1.0754398540e+00 1.1974802173e-06
1527 1.0748436593e+00 1.2531653813e-06
1528 1.0742131446e+00 1.2217557971e-06
1529 1.0736166485e+00 1.2000155810e-06
1530 1.0729836120e+00 1.2295116462e-06
1531 1.0723414060e+00 1.2025735101e-06
1532 1.0717760331e+00 1.1668624213e-06
1533 1.0712541773e+00 1.1748426763e-06
1534 1.0706599148e+00 1.2019595073e-06
1535 1.0701179090e+00 1.1537408858e-06
1536 1.0695916181e+00 1.1763667980e-06
1537 1.0690248461e+00 1.1651923002e-06
1538 1.0684983235e+00 1.1444523456e-06
1539 1.0680075948e+00 1.1450753021e-06
1540 1.0675026953e+00 1.1598643834e-06
1541 1.0669287123e+00 1.1833248111e-06
1542 1.0663512201e+00 1.1380884519e-06
1543 1.0658667526e+00 1.1406485831e-06
1544 1.0653569411e+00 1.1488325332e-06
1545 1.0648342596e+00 1.1351119244e-06
1546 1.0643178769e+00 1.1510426905e-06
1547 1.0637760039e+00 1.1549792243e-06
1548 1.0632109426e+00 1.1488288954e-06
1549 1.0626681970e+00 1.1333903982e-06
1550 1.0621272014e+00 1.1392112456e-06
1551 1.0615877529e+00 1.1449312808e-06
1552 1.0610555926e+00 1.1485326976e-06
1553 1.0605627177e+00 1.1319553131e-06
1554 1.0600529237e+00 1.1337642576e-06
1555 1.0595307426e+00 1.1486339647e-06
1556 1.0589987221e+00 1.1352708938e-06
1557 1.0585113540e+00 1.1249938914e-06
1558 1.0579953435e+00 1.1530438319e-06
1559 1.0574139932e+00 1.1694735546e-06
1560 1.0568127401e+00 1.1773139668e-06
1561 1.0562224004e+00 1.1554713471e-06
1562 1.0556445909e+00 1.1680806344e-06
1563 1.0550717346e+00 1.1513508526e-06
1564 1.0545529194e+00 1.1296758216e-06
1565 1.0540299838e+00 1.1403994707e-06
1566 1.0535176640e+00 1.1205938089e-06
1567 1.0530582959e+00 1.1376970979e-06
1568 1.0525081881e+00 1.1478247917e-06
1569 1.0519484530e+00 1.1354094393e-06
1570 1.0513838127e+00 1.1376839196e-06
1571 1.0507969035e+00 1.1481690904e-06
1572 1.0502426309e+00 1.1277798101e-06
1573 1.0497473219e+00 1.1190342358e-06
1574 1.0492223935e+00 1.1210344045e-06
1575 1.0486966044e+00 1.1204468611e-06
1576 1.0481234220e+00 1.1434419513e-06
1577 1.0475561689e+00 1.1255502104e-06
1578 1.0470977591e+00 1.0722839419e-06
1579 1.0466120129e+00 1.1342983455e-06
1580 1.0460580322e+00 1.1102739786e-06
1581 1.0455555231e+00 1.0985094218e-06
1582 1.0450634248e+00 1.1002242577e-06
1583 1.0445749823e+00 1.0756199680e-06
1584 1.0440874763e+00 1.0942106911e-06
1585 1.0435678023e+00 1.0760878881e-06
1586 1.0430799863e+00 1.0729486829e-06
1587 1.0425949400e+00 1.0601927690e-06
1588 1.0420844719e+00 1.0773757481e-06
1589 1.0416091337e+00 1.0296567750e-06
1590 1.0411909577e+00 1.0337888278e-06
1591 1.0407272313e+00 1.0423483930e-06
1592 1.0402583462e+00 1.0178077299e-06
1593 1.0398435665e+00 1.0129287192e-06
1594 1.0394135264e+00 1.0341019443e-06
1595 1.0389642082e+00 1.0393918120e-06
1596 1.0385186489e+00 1.0173763129e-06
1597 1.0381098792e+00 1.0215804158e-06
1598 1.0376402801e+00 1.0499297452e-06
1599 1.0371306799e+00 1.0436630903e-06
1600 1.0366181782e+00 1.0698168931e-06
1601 1.0361465079e+00 1.0227281684e-06
1602 1.0357028357e+00 1.0506591266e-06
1603 1.0352630069e+00 1.0376249511e-06
1604 1.0347809791e+00 1.0622830050e-06
1605 1.0342893886e+00 1.0353508051e-06
1606 1.0338187074e+00 1.0460264619e-06
1607 1.0333252340e+00 1.0466309858e-06
1608 1.0328592699e+00 1.0191414688e-06
1609 1.0324095001e+00 1.0330562201e-06
1610 1.0319162861e+00 1.0522035692e-06
1611 1.0314024854e+00 1.0583071632e-06
1612 1.0309128205e+00 1.0323561231e-06
1613 1.0304327290e+00 1.0469625715e-06
1614 1.0299585823e+00 1.0240014335e-06
1615 1.0295165486e+00 1.0074782324e-06
1616 1.0290822205e+00 1.0239018313e-06
1617 1.0286115830e+00 1.0247407468e-06
1618 1.0281566570e+00 1.0346217464e-06
1619 1.0276828903e+00 1.0355753444e-06
1620 1.0271887750e+00 1.0428414151e-06
1621 1.0266867158e+00 1.0433354627e-06
1622 1.0262502974e+00 1.0086019185e-06
1623 1.0258280968e+00 1.0162259746e-06
1624 1.0253695312e+00 1.0427668005e-06
1625 1.0248814808e+00 1.0341117031e-06
1626 1.0243939596e+00 1.0424186383e-06
1627 1.0239058367e+00 1.0291949756e-06
1628 1.0234022800e+00 1.0483646490e-06
1629 1.0229323319e+00 1.0051482107e-06
1630 1.0225014195e+00 1.0322144595e-06
1631 1.0220292796e+00 1.0311667263e-06
1632 1.0215714292e+00 1.0322921561e-06
1633 1.0210913505e+00 1.0303249001e-06
1634 1.0206081016e+00 1.0262653872e-06
1635 1.0200953376e+00 1.0459178137e-06
1636 1.0195643981e+00 1.0460792347e-06
1637 1.0190700069e+00 1.0278499926e-06
1638 1.0186189884e+00 9.9681522688e-07
1639 1.0181548452e+00 1.0235368603e-06
1640 1.0177047537e+00 9.7586255814e-07
1641 1.0172829508e+00 1.0129593668e-06
1642 1.0168254028e+00 1.0015520909e-06
1643 1.0163557159e+00 1.0172730449e-06
1644 1.0158598651e+00 1.0143675308e-06
1645 1.0154432513e+00 9.6260277145e-07
1646 1.0150254045e+00 1.0021670239e-06
1647 1.0145372440e+00 9.9679706668e-07
1648 1.0140919769e+00 9.6787370447e-07
1649 1.0136648893e+00 9.8885076487e-07
1650 1.0132134058e+00 9.7454598903e-07
1651 1.0127777464e+00 9.7161314779e-07
1652 1.0123026988e+00 1.0103703833e-06
1653 1.0118448152e+00 9.7643801584e-07
1654 1.0114056269e+00 9.8433295155e-07
1655 1.0109359170e+00 9.8458899933e-07
1656 1.0104956195e+00 9.6347621217e-07
1657 1.0100642467e+00 9.8015431657e-07
1658 1.0095906452e+00 9.8227449612e-07
1659 1.0091557410e+00 9.4261502814e-07
1660 1.0087159318e+00 9.7054929917e-07
1661 1.0082536039e+00 9.6802301710e-07
1662 1.0078446556e+00 9.3303455400e-07
1663 1.0074442211e+00 9.3550895043e-07
1664 1.0070103857e+00 9.4721430505e-07
1665 1.0065754519e+00 9.3880931637e-07
1666 1.0061628513e+00 9.3928912313e-07
1667 1.0057679209e+00 9.3885627768e-07
1668 1.0053297406e+00 9.5641885425e-07
1669 1.0048697363e+00 9.5475896087e-07
1670 1.0044335978e+00 9.3273441936e-07
1671 1.0040391148e+00 9.3343771079e-07
1672 1.0036533837e+00 9.4307880205e-07
1673 1.0032355655e+00 9.5092395822e-07
1674 1.0028176970e+00 9.4311746299e-07
1675 1.0023975030e+00 9.6150003114e-07
1676 1.0019734667e+00 9.5641874032e-07
1677 1.0015639891e+00 9.3441681810e-07
1678 1.0011553154e+00 9.3754588603e-07
1679 1.0007430647e+00 9.3472557498e-07
1680 1.0003798944e+00 9.1753933320e-07
1681 9.9998174714e-01 9.3643445713e-07
1682 9.9956817161e-01 9.3230244852e-07
1683 9.9916571926e-01 9.2294056681e-07
1684 9.9874574230e-01 9.4475166177e-07
1685 9.9831484357e-01 9.3382606800e-07
1686 9.9787386070e-01 9.6009065412e-07
1687 9.9741835610e-01 9.4580317702e-07
1688 9.9698546444e-01 9.4649485765e-07
1689 9.9653296657e-01 9.7005553992e-07
1690 9.9604487690e-01 9.8014349441e-07
1691 9.9560598341e-01 9.3943463202e-07
1692 9.9516497884e-01 9.6321705694e-07
1693 9.9471783204e-01 9.3250478341e-07
1694 9.9430896382e-01 9.4086689427e-07
1695 9.9385651995e-01 9.5094336175e-07
1696 9.9344879360e-01 9.2572434073e-07
1697 9.9305361198e-01 9.2984181284e-07
1698 9.9263427049e-01 9.2613973033e-07
1699 9.9223591905e-01 9.2875110566e-07
1700 9.9180929608e-01 9.3873750926e-07
1701 9.9139585501e-01 9.3873372537e-07
1702 9.9094087726e-01 9.7227242645e-07
1703 9.9045745253e-01 9.5932063513e-07
1704 9.9002162946e-01 9.6062758746e-07
1705 9.8954927886e-01 9.6883488326e-07
1706 9.8909750831e-01 9.7176583099e-07
1707 9.8859924964e-01 9.9643765787e-07
1708 9.8806005220e-01 1.0090515780e-06
1709 9.8754679938e-01 9.7959231654e-07
1710 9.8710640795e-01 9.7320007110e-07
1711 9.8662759163e-01 9.9351112584e-07
1712 9.8615598863e-01 9.7890799053e-07
1713 9.8569836322e-01 9.8537540431e-07
1714 9.8523055794e-01 9.9074283318e-07
1715 9.8475946956e-01 1.0036637227e-06
1716 9.8423613960e-01 1.0234353548e-06
1717 9.8374685618e-01 9.8655810568e-07
1718 9.8330607557e-01 1.0059042456e-06
1719 9.8279909197e-01 1.0049761199e-06
1720 9.8231062442e-01 9.9393485217e-07
1721 9.8179670198e-01 1.0128989067e-06
1722 9.8126880164e-01 1.0104467950e-06
1723 9.8081098782e-01 9.6589581176e-07
1724 9.8033401891e-01 1.0266118331e-06
1725 9.7981505416e-01 9.8902164624e-07
1726 9.7934706601e-01 1.0133532987e-06
1727 9.7886008621e-01 1.0127494598e-06
1728 9.7835970730e-01 1.0297736939e-06
1729 9.7784490245e-01 1.0408964288e-06
1730 9.7734362177e-01 1.0072651275e-06
1731 9.7687439619e-01 1.0243074678e-06
1732 9.7637213264e-01 1.0032203695e-06
1733 9.7591699187e-01 1.0204027047e-06
1734 9.7536829216e-01 1.0586897530e-06
1735 9.7478047276e-01 1.0517682123e-06
1736 9.7425912349e-01 1.0051330082e-06
1737 9.7373811608e-01 1.0352873839e-06
1738 9.7321973565e-01 1.0176329202e-06
1739 9.7274913316e-01 1.0132523807e-06
1740 9.7225273775e-01 1.0170213024e-06
1741 9.7179516204e-01 9.9959947431e-07
1742 9.7128931526e-01 1.0336535488e-06
1743 9.7075063505e-01 1.0225233451e-06
1744 9.7025110719e-01 1.0191245643e-06
1745 9.6970234141e-01 1.0319729784e-06
1746 9.6919500831e-01 1.0094076238e-06
1747 9.6870141035e-01 1.0372211330e-06
1748 9.6816718134e-01 1.0326356019e-06
1749 9.6768038240e-01 1.0087416627e-06
1750 9.6714679801e-01 1.0419242210e-06
1751 9.6658321486e-01 1.0334866182e-06
1752 9.6604623408e-01 1.0199779158e-06
1753 9.6550865945e-01 1.0432925546e-06
1754 9.6495797919e-01 1.0368624644e-06
1755 9.6448016756e-01 1.0046256130e-06
1756 9.6395475790e-01 1.0477984114e-06
1757 9.6340665839e-01 1.0020402233e-06
1758 9.6297996739e-01 1.0137169028e-06
1759 9.6246626806e-01 1.0407545915e-06
1760 9.6196666824e-01 1.0180900874e-06
1761 9.6148400740e-01 1.0320617686e-06
1762 9.6093557413e-01 1.0340179886e-06
1763 9.6040865812e-01 1.0309646423e-06
1764 9.5988125287e-01 1.0300463844e-06
1765 9.5936720698e-01 1.0153294002e-06
1766 9.5885974973e-01 1.0228498182e-06
1767 9.5831592463e-01 1.0236906382e-06
1768 9.5776641155e-01 1.0211291798e-06
1769 9.5727990418e-01 9.8002693806e-07
1770 9.5681536694e-01 1.0046661112e-06
1771 9.5630588899e-01 9.8828360039e-07
1772 9.5581923570e-01 9.6975293429e-07
1773 9.5536966976e-01 9.7143925101e-07
1774 9.5494215494e-01 9.5107052943e-07
1775 9.5452919096e-01 9.5479650448e-07
1776 9.5408661825e-01 9.7601979808e-07
1777 9.5363762190e-01 9.5953786543e-07
1778 9.5317609583e-01 9.9960526329e-07
1779 9.5265213665e-01 9.9800741445e-07
1780 9.5220657136e-01 9.5825187451e-07
1781 9.5176225147e-01 1.0076343913e-06
1782 9.5127658187e-01 9.9734868103e-07
1783 9.5077318757e-01 1.0165167211e-06
1784 9.5025428158e-01 1.0156813750e-06
1785 9.4975765556e-01 1.0125128899e-06
1786 9.4924578233e-01 1.0334393067e-06
1787 9.4869778733e-01 1.0357043305e-06
1788 9.4819636881e-01 1.0020648983e-06
1789 9.4771348346e-01 1.0352186735e-06
1790 9.4717960451e-01 1.0407271955e-06
1791 9.4669386401e-01 1.0108802226e-06
1792 9.4618721765e-01 1.0442968380e-06
1793 9.4571814356e-01 9.8805700063e-07
1794 9.4527786521e-01 1.0290482373e-06
1795 9.4477255355e-01 1.0185291767e-06
1796 9.4427216284e-01 1.0141758077e-06
1797 9.4375011286e-01 1.0217595631e-06
1798 9.4323751698e-01 1.0154632128e-06
1799 9.4279775675e-01 9.8870853401e-07
1800 9.4233061253e-01 1.0150503709e-06
1801 9.4186204624e-01 9.8393613239e-07
1802 9.4139993644e-01 1.0037737109e-06
1803 9.4094238420e-01 9.8492269570e-07
1804 9.4048411616e-01 1.0169358136e-06
1805 9.3997540540e-01 1.0213865904e-06
1806 9.3948670274e-01 9.9273707304e-07
1807 9.3901201966e-01 1.0118572330e-06
1808 9.3850615054e-01 1.0080693296e-06
1809 9.3803791080e-01 9.8473444499e-07
1810 9.3757787986e-01 9.8876343263e-07
1811 9.3709442284e-01 9.8148532946e-07
1812 9.3664201564e-01 9.6794797060e-07
1813 9.3623338808e-01 9.5416348716e-07
1814 9.3580712096e-01 9.4796473865e-07
1815 9.3540307646e-01 9.2949730888e-07
1816 9.3496534187e-01 9.5945537104e-07
1817 9.3451142843e-01 9.3511590956e-07
1818 9.3414855286e-01 9.1174704785e-07
1819 9.3376310991e-01 9.1798842820e-07
1820 9.3338604685e-01 9.0926818177e-07
1821 9.3296951168e-01 9.5689917225e-07
1822 9.3251959934e-01 9.3918984944e-07
1823 9.3213028663e-01 9.1780940586e-07
1824 9.3171665659e-01 9.5320359404e-07
1825 9.3129443982e-01 9.1769412345e-07
1826 9.3091458252e-01 9.3272567310e-07
1827 9.3049947655e-01 9.2696581366e-07
1828 9.3011249322e-01 9.0733365555e-07
1829 9.2969526250e-01 9.5169694668e-07
1830 9.2926610928e-01 9.2546597152e-07
1831 9.2891820388e-01 9.1020039773e-07
1832 9.2852518698e-01 9.3611247426e-07
1833 9.2812465733e-01 9.0663255837e-07
1834 9.2775549531e-01 9.2338049000e-07
1835 9.2735736933e-01 9.0929086516e-07
1836 9.2700362889e-01 8.9718299218e-07
1837 9.2661303931e-01 9.3077845002e-07
1838 9.2619039433e-01 9.1557831977e-07
1839 9.2579041682e-01 9.1151733631e-07
1840 9.2538264579e-01 9.1488885021e-07
1841 9.2498040571e-01 9.2354333400e-07
1842 9.2459161949e-01 9.2699794719e-07
1843 9.2417245195e-01 9.3569460647e-07
1844 9.2377639738e-01 9.1923276678e-07
1845 9.2335611808e-01 9.5285933780e-07
1846 9.2290832244e-01 9.4130513153e-07
1847 9.2249589831e-01 9.2847213919e-07
1848 9.2208601691e-01 9.3937624202e-07
1849 9.2166165195e-01 9.2852883053e-07
1850 9.2129811517e-01 9.0395616546e-07
1851 9.2092148708e-01 9.2176790346e-07
1852 9.2053506431e-01 9.1375909642e-07
1853 9.2018364479e-01 9.0989640633e-07
1854 9.1979969416e-01 9.1775569395e-07
1855 9.1941177077e-01 9.2150819590e-07
1856 9.1899946576e-01 9.3171437799e-07
1857 9.1859951440e-01 9.1622449954e-07
1858 9.1820357192e-01 9.4007912783e-07
1859 9.1779213672e-01 9.2525079454e-07
1860 9.1744302594e-01 9.3274400298e-07
1861 9.1702302426e-01 9.4966457557e-07
1862 9.1663486171e-01 9.0518074819e-07
1863 9.1627084903e-01 9.2961784550e-07
1864 9.1586769700e-01 9.1159745175e-07
1865 9.1549308371e-01 8.9908380037e-07
1866 9.1510892238e-01 9.1200229811e-07
1867 9.1470685502e-01 9.1338514834e-07
1868 9.1430385282e-01 9.1778141222e-07
1869 9.1388409230e-01 9.1342549538e-07
1870 9.1350312607e-01 8.9502903031e-07
1871 9.1311299222e-01 9.2253609825e-07
1872 9.1269279282e-01 9.0953385393e-07
1873 9.1230503624e-01 9.0201971436e-07
1874 9.1194395709e-01 9.0248549812e-07
1875 9.1155243720e-01 8.9904965563e-07
1876 9.1121054260e-01 8.7658719551e-07
1877 9.1083944584e-01 9.1789197146e-07
1878 9.1044245067e-01 8.9927264187e-07
1879 9.1006695181e-01 9.0593958526e-07
1880 9.0966212364e-01 9.2627724979e-07
1881 9.0928094559e-01 8.8816113148e-07
1882 9.0889988188e-01 9.1471779070e-07
1883 9.0848488721e-01 9.2403568399e-07
1884 9.0811382800e-01 8.8754419162e-07
1885 9.0773220588e-01 9.2171376732e-07
1886 9.0730617005e-01 9.2049788637e-07
1887 9.0692637688e-01 9.1221010880e-07
1888 9.0654892302e-01 9.2309432583e-07
1889 9.0617292124e-01 9.0812975371e-07
1890 9.0580984018e-01 9.1760421293e-07
1891 9.0541415347e-01 9.2880631428e-07
1892 9.0500420824e-01 9.3260724385e-07
1893 9.0458023154e-01 9.4257073999e-07
1894 9.0416211016e-01 9.4871128133e-07
1895 9.0377002935e-01 9.2495268485e-07
1896 9.0336077203e-01 9.5050041900e-07
1897 9.0294544349e-01 9.1498951809e-07
1898 9.0256855861e-01 9.1374554843e-07
1899 9.0217246070e-01 9.3066301944e-07
1900 9.0175834605e-01 9.3055417013e-07
1901 9.0135414141e-01 9.1824222007e-07
1902 9.0101667748e-01 8.8989084669e-07
1903 9.0067100800e-01 9.0803431501e-07
1904 9.0030249273e-01 8.9537642872e-07
1905 8.9993272277e-01 9.0565573800e-07
1906 8.9955267023e-01 8.8458544482e-07
1907 8.9917959670e-01 8.9780348908e-07
1908 8.9884812767e-01 8.7984266066e-07
1909 8.9852472054e-01 8.9375562292e-07
1910 8.9816634327e-01 8.9231618695e-07
1911 8.9781464428e-01 8.9057512253e-07
1912 8.9744834746e-01 9.0543831084e-07
1913 8.9706982501e-01 8.9983866512e-07
1914 8.9669565301e-01 9.0755117280e-07
1915 8.9634360843e-01 9.1351439252e-07
1916 8.9597692280e-01 9.2062611960e-07
1917 8.9562139942e-01 9.0431537803e-07
1918 8.9527712876e-01 9.1427100338e-07
1919 8.9489129887e-01 9.2813391868e-07
1920 8.9448421964e-01 9.2917790849e-07
1921 8.9409541603e-01 9.1433728319e-07
1922 8.9373461020e-01 9.1738836387e-07
1923 8.9338943583e-01 9.0312961174e-07
1924 8.9301450406e-01 9.1606274061e-07
1925 8.9263632310e-01 9.1506123667e-07
1926 8.9227951947e-01 9.1567302324e-07
1927 8.9189510191e-01 9.1444417769e-07
1928 8.9154585178e-01 8.9318588851e-07
1929 8.9118951888e-01 9.1646059458e-07
1930 8.9079329741e-01 9.2822639200e-07
1931 8.9040816058e-01 9.1580782888e-07
1932 8.9001949890e-01 9.3405555192e-07
1933 8.8963733131e-01 9.0640921110e-07
1934 8.8929018910e-01 9.0384933782e-07
1935 8.8890639493e-01 9.1389830899e-07
1936 8.8852049395e-01 8.9994550422e-07
1937 8.8817410181e-01 8.8598363832e-07
1938 8.8782417769e-01 9.0584163767e-07
1939 8.8747363250e-01 8.8310474272e-07
1940 8.8718022196e-01 8.8867275299e-07
1941 8.8682904399e-01 8.9117960671e-07
1942 8.8647737714e-01 9.0166242226e-07
1943 8.8612186767e-01 9.0758377741e-07
1944 8.8576335636e-01 9.0191520824e-07
1945 8.8541433973e-01 8.8809250960e-07
1946 8.8507135399e-01 8.9527652299e-07
1947 8.8472765275e-01 8.9089311406e-07
1948 8.8436900196e-01 9.0659701762e-07
1949 8.8400988685e-01 8.8849407911e-07
1950 8.8369571584e-01 8.6130116996e-07
1951 8.8338369321e-01 8.9123646502e-07
1952 8.8303107449e-01 8.9343905338e-07
1953 8.8269679516e-01 8.6940897323e-07
1954 8.8237141268e-01 8.8389638422e-07
1955 8.8202102518e-01 8.7784130881e-07
1956 8.8169367923e-01 8.7060686272e-07
1957 8.8137259679e-01 8.6683655122e-07
1958 8.8103519874e-01 8.8115385712e-07
1959 8.8072191679e-01 8.5984869434e-07
1960 8.8040192033e-01 8.7534778118e-07
1961 8.8010543117e-01 8.4237715170e-07
1962 8.7980549299e-01 8.6472849669e-07
1963 8.7948883924e-01 8.5244968094e-07
1964 8.7919657311e-01 8.4958548850e-07
1965 8.7889714737e-01 8.5382676697e-07
1966 8.7862455979e-01 8.3668024474e-07
1967 8.7834513942e-01 8.6139269626e-07
1968 8.7803751909e-01 8.4640585936e-07
1969 8.7773399130e-01 8.5858934818e-07
1970 8.7741801320e-01 8.4576841996e-07
1971 8.7710674233e-01 8.5340617281e-07
1972 8.7679276793e-01 8.6873149894e-07
1973 8.7648314046e-01 8.4312434166e-07
1974 8.7621868676e-01 8.4310714580e-07
1975 8.7591679086e-01 8.5241981819e-07
1976 8.7563456655e-01 8.2398312185e-07
1977 8.7534668071e-01 8.5652797548e-07
1978 8.7503748677e-01 8.3471404240e-07
1979 8.7475355419e-01 8.2211724949e-07
1980 8.7446345988e-01 8.2992886130e-07
1981 8.7416605560e-01 8.2735781707e-07
1982 8.7386856254e-01 8.2368994577e-07
1983 8.7358274783e-01 8.1528218105e-07
1984 8.7332541702e-01 8.0725554852e-07
1985 8.7303882134e-01 8.2647269029e-07
1986 8.7275020468e-01 8.1623118025e-07
1987 8.7248849695e-01 8.1483380618e-07
1988 8.7220985937e-01 8.3387746519e-07
1989 8.7192298518e-01 8.3495937683e-07
1990 8.7164395026e-01 8.4065205641e-07
1991 8.7136794271e-01 8.5329722001e-07
1992 8.7106051648e-01 8.5682194081e-07
1993 8.7075836055e-01 8.5176311630e-07
1994 8.7044516479e-01 8.6954335191e-07
1995 8.7011591855e-01 8.5877477465e-07
1996 8.6983041911e-01 8.2631209145e-07
1997 8.6953774696e-01 8.5704555659e-07
1998 8.6923413185e-01 8.3946289098e-07
1999 8.6897078204e-01 8.2835335094e-07
