iter rel_error rel_residual
0 5.5803128404e+01 1.5724656446e-01
1 1.0002083451e+01 6.6468459549e-02
2 8.9309138733e+00 5.3775187567e-02
3 9.8045917568e+00 3.5081471145e-02
4 7.6605438774e+00 1.6328422026e-02
5 6.7435038222e+00 8.0395449915e-03
6 1.1240990368e+01 5.0004541630e-03
7 9.0961018147e+00 3.7928548944e-03
8 9.5960930459e+00 2.7218186426e-03
9 7.2078405904e+00 1.2438235409e-03
10 8.5686856768e+00 2.5296952738e-03
11 1.1435192090e+01 1.5957296226e-03
12 6.8496237666e+00 2.1813104169e-03
13 4.4278744803e+00 1.7117340325e-03
14 5.2299973832e+00 8.8936688010e-04
15 3.1267292393e+00 6.8448145192e-04
16 2.7857714409e+00 3.3477199940e-04
17 4.2057453942e+00 2.5719302041e-04
18 4.8705739200e+00 6.4736424547e-04
19 4.2985234996e+00 5.3102670559e-04
20 4.2166126759e+00 2.8922184721e-04
21 4.3059761096e+00 2.5099410540e-04
22 3.4530425976e+00 2.0356552535e-04
23 3.1710177922e+00 1.4916244192e-04
24 3.0394253775e+00 2.1872908704e-04
25 1.8807424860e+00 1.5555610875e-04
26 1.3775277615e+00 1.3753372128e-04
27 1.6103910127e+00 2.0011029446e-04
28 1.1286449252e+00 1.4553419672e-04
29 1.2632377764e+00 1.0422584468e-04
30 1.2005864619e+00 2.3822050137e-04
31 1.5474783965e+00 1.6459741827e-04
32 1.9867582305e+00 2.5602019734e-04
33 1.5914643452e+00 8.4716699945e-05
34 1.8816671613e+00 1.2215347902e-04
35 2.1920471014e+00 8.6834671392e-05
36 1.6604709659e+00 2.7882884069e-04
37 1.3386435259e+00 1.1216874781e-04
38 1.3090383766e+00 1.4512069518e-04
39 1.1383156061e+00 4.8483721162e-05
40 1.3192692920e+00 8.9179745615e-05
41 1.5159814883e+00 1.2003422179e-04
42 2.0397403433e+00 1.4856179653e-04
43 2.2378046340e+00 4.6994044631e-05
44 2.3088526437e+00 3.9913428148e-05
45 2.2681251559e+00 3.7548257378e-05
46 2.3205903151e+00 4.7791409947e-05
47 2.0159295413e+00 3.0635168148e-05
48 1.8177296129e+00 6.1611807504e-05
49 1.5202496608e+00 1.2140522293e-04
50 1.1966455800e+00 8.3104769606e-05
51 1.0204593951e+00 2.9892400835e-05
52 1.0631226312e+00 7.4065872358e-05
53 1.1868570897e+00 4.7902940335e-05
54 1.3979398958e+00 9.1242026922e-05
55 1.3720073027e+00 1.0470479749e-04
56 1.4068130428e+00 3.9015483044e-05
57 1.4106319125e+00 8.1043922001e-05
58 1.2402057367e+00 1.5747353956e-04
59 1.1513000079e+00 1.0234496525e-04
60 1.0409562985e+00 3.9747300771e-05
61 7.6282840178e-01 3.0667764886e-05
62 6.9522947209e-01 2.0837631519e-05
63 6.3999110821e-01 7.3916885511e-05
64 7.7850860408e-01 6.4063719007e-05
65 9.5088650956e-01 1.8338954307e-05
66 8.6934682870e-01 3.1163820712e-05
67 9.1565484961e-01 5.6168582572e-05
68 1.0675047433e+00 2.0924166310e-05
69 9.6191212939e-01 1.3859844166e-05
70 9.5177632283e-01 3.3005075851e-05
71 1.0069204940e+00 1.0442311402e-05
72 9.2789722539e-01 9.6422348675e-06
73 9.0552056811e-01 1.4774545142e-05
74 9.2746242758e-01 1.4126133505e-05
75 8.9463653680e-01 2.1839393758e-05
76 8.5517120167e-01 1.7660770130e-05
77 8.1683973167e-01 2.9283058941e-05
78 7.9257724112e-01 1.4273193015e-05
79 7.7520483430e-01 2.9655038014e-05
80 7.4882055575e-01 3.4030329640e-05
81 7.8772420071e-01 1.0150642021e-05
82 7.9144302963e-01 1.5459476044e-05
83 7.5293945764e-01 6.7175266648e-06
84 8.3173543856e-01 1.7823477640e-05
85 7.9855333912e-01 2.1736451860e-05
86 7.9085632807e-01 1.1964759709e-05
87 8.4025165458e-01 1.8057970814e-05
88 7.6483469685e-01 1.4187021909e-05
89 7.0488750847e-01 8.2288720080e-06
90 7.2271410481e-01 1.0138215292e-05
91 6.5081547532e-01 1.0587792696e-05
92 6.3389967973e-01 1.3347329159e-05
93 6.4808091147e-01 7.0852712477e-06
94 6.3514125859e-01 1.1194105698e-05
95 6.4374882140e-01 4.8476271065e-06
96 6.5068210857e-01 1.4651653455e-05
97 6.4769090888e-01 4.2431180476e-06
98 6.7868172698e-01 3.8641643705e-06
99 6.6624392351e-01 1.9357779202e-05
100 6.8192441647e-01 9.9759827532e-06
101 7.1418866623e-01 1.4891795408e-05
102 6.8192779200e-01 5.2349974622e-06
103 6.8183659240e-01 6.1223838852e-06
104 6.6111522510e-01 1.7930673833e-05
105 6.6052621095e-01 9.1258266212e-06
106 6.4560031500e-01 4.3203742796e-06
107 6.4612672324e-01 6.0838370661e-06
108 6.5203232863e-01 5.1377912860e-06
109 6.2712906021e-01 6.9990242362e-06
110 6.4490957510e-01 4.8375359302e-06
111 6.2989648806e-01 8.4930245248e-06
112 6.3362363794e-01 5.5394731152e-06
113 6.4751902126e-01 5.5554947079e-06
114 6.5471619173e-01 1.4788591507e-05
115 6.6213824018e-01 1.4392311260e-05
116 6.5856151990e-01 4.9338411713e-06
117 6.7552987220e-01 4.3841591094e-06
118 6.7479391289e-01 1.1969565350e-05
119 7.0795468716e-01 6.2413680921e-06
120 7.2290750385e-01 4.8808619432e-06
121 7.2442118975e-01 4.9877912280e-06
122 7.8061836852e-01 6.6470622337e-06
123 7.9453841139e-01 5.5284234673e-06
124 8.1151502292e-01 3.6185174976e-06
125 8.8196447128e-01 5.8108173014e-06
126 8.3772391603e-01 6.4255646537e-06
127 9.2372515656e-01 4.6072317688e-06
128 8.6681270946e-01 7.9322348878e-06
129 8.5984539165e-01 7.0652909834e-06
130 8.4583411660e-01 3.4550609822e-06
131 7.9812748158e-01 3.9167323759e-06
132 7.8654602873e-01 2.7962311457e-06
133 7.1380807474e-01 2.8043310750e-06
134 7.2443244488e-01 3.2114047332e-06
135 7.1225293275e-01 4.9731219514e-06
136 6.3462379018e-01 3.6966620607e-06
137 7.3951881159e-01 2.6682326726e-06
138 6.0934752472e-01 5.8722237921e-06
139 6.1538631576e-01 9.3678470949e-06
140 7.4222214968e-01 4.4731199060e-06
141 6.2177904996e-01 4.3891230783e-06
142 8.4257617522e-01 4.9569235192e-06
143 6.4127461984e-01 6.2701260718e-06
144 8.3749342673e-01 3.7422374847e-06
145 6.4739585780e-01 3.2502256050e-06
146 7.9003045908e-01 2.7065254306e-06
147 6.8109692401e-01 4.0474631215e-06
148 7.0276780130e-01 2.9349030472e-06
149 7.2711112208e-01 3.1187115715e-06
150 6.7384511762e-01 5.7891559584e-06
151 6.7191965595e-01 4.6423578788e-06
152 6.6576315298e-01 4.9279433110e-06
153 6.6060251473e-01 4.8987437781e-06
154 6.6533450987e-01 3.2798376170e-06
155 6.3433978229e-01 3.4402359520e-06
156 6.5665202916e-01 3.3165821666e-06
157 6.2127809766e-01 2.8539706674e-06
158 6.4063879012e-01 4.7962626854e-06
159 6.2179481636e-01 3.3457139619e-06
160 6.2135258183e-01 2.9786517338e-06
161 6.2359478550e-01 4.4165518233e-06
162 6.1339443569e-01 5.1228137596e-06
163 6.1939802572e-01 4.1545537158e-06
164 6.2361489696e-01 3.2008906550e-06
165 6.2540683654e-01 2.4672241653e-06
166 6.5273378241e-01 3.8324057363e-06
167 6.5592340807e-01 4.4600742546e-06
168 6.5162001730e-01 3.4011476585e-06
169 6.8398197053e-01 2.6121643623e-06
170 6.6759983815e-01 3.0726424434e-06
171 6.5351308759e-01 3.8213441858e-06
172 6.7746754938e-01 3.6863501585e-06
173 6.7033714835e-01 2.7583318525e-06
174 6.2615016665e-01 2.7018422303e-06
175 6.4960403024e-01 3.3435375890e-06
176 6.1920842895e-01 3.9183014469e-06
177 5.8576648478e-01 3.1467243890e-06
178 5.9412652604e-01 2.8978637975e-06
179 5.8217674004e-01 3.7086136625e-06
180 5.6759976844e-01 2.4545763178e-06
181 5.7765352887e-01 2.1776733297e-06
182 5.7546449246e-01 2.4328444713e-06
183 5.7910531900e-01 2.8050819526e-06
184 6.0115622267e-01 2.8236454825e-06
185 5.9776448700e-01 4.9611131530e-06
186 6.0833889187e-01 7.0051592456e-06
187 6.2241891915e-01 4.4109655619e-06
188 6.1369015094e-01 2.7107801992e-06
189 6.1653290599e-01 2.6575865292e-06
190 6.2955868029e-01 2.0317772175e-06
191 6.2636834589e-01 2.0486406544e-06
192 6.1626444210e-01 2.1111804887e-06
193 6.3415685988e-01 2.3001465115e-06
194 6.2867643464e-01 2.1304929650e-06
195 6.0578488471e-01 1.7676255701e-06
196 6.0684146870e-01 1.8028217557e-06
197 6.1515277462e-01 2.1127526929e-06
198 5.7728079523e-01 2.1520726773e-06
199 5.8582089736e-01 1.7403813488e-06
200 5.7817931914e-01 1.6168307326e-06
201 5.4869772874e-01 1.5892408294e-06
202 5.4652445238e-01 1.6014909906e-06
203 5.4209497146e-01 1.8267772192e-06
204 5.3684748786e-01 2.7177708715e-06
205 5.3631102542e-01 2.5003174132e-06
206 5.3428089642e-01 2.2706485847e-06
207 5.3563162340e-01 2.1174729912e-06
208 5.3780364582e-01 2.3176453114e-06
209 5.3885987110e-01 2.0374988596e-06
210 5.3944031873e-01 1.8889646544e-06
211 5.4089509498e-01 1.4997283772e-06
212 5.4266576951e-01 2.0287526944e-06
213 5.4603475792e-01 2.2371445489e-06
214 5.4755709683e-01 1.6766271641e-06
215 5.4605748419e-01 1.5202460798e-06
216 5.4638953986e-01 2.2172373293e-06
217 5.4663277501e-01 1.8715946477e-06
218 5.4583112972e-01 1.5429578005e-06
219 5.4724688240e-01 1.9662964484e-06
220 5.4511261392e-01 2.3688227178e-06
221 5.3901270236e-01 1.8454853887e-06
222 5.3705244237e-01 1.6966014874e-06
223 5.3512722214e-01 2.2576273348e-06
224 5.3289236873e-01 1.8994670857e-06
225 5.3135367808e-01 1.1819040565e-06
226 5.3170942354e-01 1.6211823637e-06
227 5.2998239336e-01 1.3375562861e-06
228 5.2916175052e-01 1.1543262157e-06
229 5.2950780497e-01 1.3958458736e-06
230 5.3018353258e-01 1.1847460786e-06
231 5.3503734031e-01 1.0065896975e-06
232 5.3933221479e-01 1.0835427907e-06
233 5.4220013851e-01 1.1431678131e-06
234 5.4810217524e-01 1.4557607980e-06
235 5.5544601601e-01 1.3745956163e-06
236 5.5131515454e-01 1.0112538645e-06
237 5.5688936799e-01 9.8361692271e-07
238 5.6156810149e-01 1.0975960120e-06
239 5.5407835492e-01 1.3032286156e-06
240 5.5489354106e-01 1.4091021258e-06
241 5.5594151325e-01 1.3517970713e-06
242 5.4811423102e-01 1.6372107546e-06
243 5.4198624314e-01 1.7465225456e-06
244 5.4110271822e-01 1.1870301873e-06
245 5.3319141369e-01 1.1724350897e-06
246 5.2788703231e-01 1.1836316197e-06
247 5.2707909587e-01 1.4433213829e-06
248 5.2182955823e-01 1.1707640971e-06
249 5.1789584527e-01 2.1542063405e-06
250 5.1623804876e-01 2.1896262037e-06
251 5.1472913707e-01 1.2422982379e-06
252 5.1322980483e-01 1.1890146841e-06
253 5.1315266768e-01 1.1471723868e-06
254 5.1326879645e-01 1.2398666659e-06
255 5.1329488923e-01 1.6189273884e-06
256 5.1372257029e-01 1.9655843046e-06
257 5.1473306469e-01 1.3103825893e-06
258 5.1223842094e-01 1.8891421099e-06
259 5.1047886882e-01 1.3783736181e-06
260 5.0955518170e-01 2.3262248152e-06
261 5.0828286403e-01 1.3763098372e-06
262 5.0972624513e-01 2.6252905303e-06
263 5.1264295000e-01 1.4968713139e-06
264 5.1388649897e-01 1.6219822069e-06
265 5.1373306661e-01 2.3067541081e-06
266 5.1583636099e-01 2.3382318228e-06
267 5.1897528445e-01 1.6333344749e-06
268 5.2114511382e-01 1.3351101603e-06
269 5.2334542283e-01 1.4241063110e-06
270 5.2584770642e-01 1.2518580368e-06
271 5.3075989949e-01 1.1631274169e-06
272 5.3222426305e-01 1.2582838053e-06
273 5.3048277705e-01 1.4390839173e-06
274 5.3400980256e-01 1.2102020386e-06
275 5.3694776910e-01 1.4035961202e-06
276 5.3635423750e-01 1.4421703054e-06
277 5.3491593975e-01 1.2192332766e-06
278 5.3853520057e-01 1.8067282259e-06
279 5.4073253992e-01 1.7908230951e-06
280 5.3573209222e-01 1.2796806373e-06
281 5.4333471131e-01 1.9929161888e-06
282 5.4394070818e-01 1.4134266362e-06
283 5.4409629786e-01 3.1917065543e-06
284 5.5188271560e-01 2.6045057869e-06
285 5.5601354780e-01 1.4379456402e-06
286 5.5277865842e-01 1.3794348330e-06
287 5.6296007979e-01 1.3780300411e-06
288 5.7183124341e-01 1.0406512537e-06
289 5.6977947219e-01 1.2348122689e-06
290 5.7188512447e-01 1.2029410302e-06
291 5.7484513497e-01 1.6393132757e-06
292 5.6998343297e-01 2.1638381795e-06
293 5.7097156064e-01 2.0018567990e-06
294 5.7852788856e-01 2.1516929223e-06
295 5.8411443586e-01 1.7446133126e-06
296 5.9191252053e-01 1.2368137304e-06
297 5.9934251090e-01 1.6506661872e-06
298 6.0570984192e-01 1.4796367435e-06
299 6.1684295199e-01 1.3867801471e-06
300 6.2332067418e-01 1.9766495864e-06
301 6.3118727936e-01 2.1224460909e-06
302 6.3614521218e-01 1.7479408277e-06
303 6.2852764987e-01 1.6403973682e-06
304 6.1884072505e-01 1.4735790243e-06
305 6.0168985810e-01 1.3404789104e-06
306 5.8411956019e-01 2.2388166051e-06
307 5.7072428755e-01 1.3485059343e-06
308 5.6159914366e-01 1.0590088850e-06
309 5.5559683918e-01 1.0276942073e-06
310 5.4910578944e-01 1.4395502232e-06
311 5.4442695514e-01 9.6445283760e-07
312 5.4489441940e-01 8.9645905599e-07
313 5.4733142416e-01 1.4349812863e-06
314 5.5304509366e-01 2.6519692038e-06
315 5.6136990385e-01 2.8872547771e-06
316 5.7402730291e-01 1.7310725536e-06
317 5.8748388821e-01 1.0011870649e-06
318 5.9556530469e-01 1.3490778915e-06
319 6.0542478042e-01 1.2948620944e-06
320 6.1363766111e-01 1.5118629985e-06
321 6.1931392202e-01 1.6274940787e-06
322 6.2497711324e-01 1.0663849979e-06
323 6.3120377036e-01 1.4869162890e-06
324 6.3463862148e-01 1.2056924869e-06
325 6.3807939584e-01 1.1515912182e-06
326 6.4400075865e-01 1.3872320442e-06
327 6.4632426065e-01 1.0486799884e-06
328 6.5773385295e-01 1.3100349108e-06
329 6.6517808278e-01 1.1456027172e-06
330 6.5979172938e-01 1.1297047569e-06
331 6.6584451047e-01 1.4175104446e-06
332 6.7056840424e-01 1.4543688597e-06
333 6.5918306600e-01 1.1495770863e-06
334 6.6469593813e-01 1.1561128229e-06
335 6.5861515352e-01 1.5513076961e-06
336 6.6894727717e-01 1.7236824357e-06
337 6.6078096035e-01 1.6699017547e-06
338 6.6429926951e-01 1.4049690160e-06
339 6.7952442179e-01 1.9601321660e-06
340 6.5616700942e-01 1.2106867678e-06
341 6.9711538302e-01 2.0385810099e-06
342 6.4803619601e-01 1.2315590759e-06
343 7.0025803179e-01 1.2531352409e-06
344 6.7762435170e-01 1.3224400362e-06
345 6.4417125005e-01 1.0569318608e-06
346 7.1878053611e-01 1.0717027125e-06
347 6.2163401212e-01 1.3855564240e-06
348 6.6260168001e-01 1.4496176185e-06
349 6.6781894334e-01 1.2549072605e-06
350 6.0979592166e-01 1.3838712490e-06
351 6.7512928825e-01 1.5135049412e-06
352 6.2446692524e-01 1.2260171521e-06
353 6.5234347435e-01 1.8375859675e-06
354 6.4987133689e-01 2.2248706651e-06
355 6.4134733712e-01 1.3152696937e-06
356 6.6178609874e-01 2.1396876549e-06
357 6.5564160811e-01 1.6063553291e-06
358 6.3520726239e-01 1.1440342472e-06
359 6.7676532060e-01 1.2324253688e-06
360 6.1265933522e-01 1.8795706122e-06
361 6.6987587824e-01 1.4514908927e-06
362 6.2333088094e-01 1.0762153349e-06
363 6.3766718074e-01 1.0348962738e-06
364 6.2916705021e-01 1.0685032066e-06
365 6.2584973031e-01 1.2129205764e-06
366 6.2717546334e-01 2.0640221763e-06
367 6.2288180045e-01 2.3881188620e-06
368 6.3769447745e-01 1.7147080273e-06
369 6.4279967409e-01 1.0549162969e-06
370 6.4251426183e-01 1.1735417207e-06
371 6.6147685371e-01 1.1669392423e-06
372 6.6056551250e-01 1.4351558425e-06
373 6.7112949136e-01 1.0134582351e-06
374 6.8965486609e-01 1.0356020446e-06
375 6.8832135896e-01 1.0255700499e-06
376 7.0799631987e-01 9.7572120751e-07
377 7.1475620045e-01 1.0507522158e-06
378 7.3216331309e-01 1.0143383646e-06
379 7.3168688788e-01 1.1264951446e-06
380 7.3879990016e-01 1.1927000111e-06
381 7.5133373729e-01 1.0831464633e-06
382 7.5270231259e-01 1.1137406855e-06
383 7.6222901900e-01 1.2168184755e-06
384 7.5575959793e-01 1.1403184391e-06
385 7.5514668387e-01 1.9290152393e-06
386 7.4365200437e-01 1.1594035205e-06
387 7.3129514207e-01 1.0124811462e-06
388 7.2316973277e-01 1.7830043978e-06
389 7.0839384634e-01 2.3554221172e-06
390 7.0046711586e-01 1.0614495301e-06
391 6.9299495279e-01 9.3975058756e-07
392 6.8503189803e-01 1.0408460783e-06
393 6.8479804909e-01 1.2054154771e-06
394 6.8001376052e-01 1.1173448504e-06
395 6.7366903210e-01 1.1033540762e-06
396 6.6720060975e-01 1.2616384456e-06
397 6.6247684162e-01 1.6046946638e-06
398 6.5763460125e-01 1.6925040022e-06
399 6.5069317899e-01 1.6101759087e-06
400 6.4650805538e-01 1.5448054009e-06
401 6.4740445929e-01 1.1404618118e-06
402 6.4677528902e-01 1.0136140034e-06
403 6.4654569622e-01 1.5247193621e-06
404 6.4867389061e-01 1.5088992771e-06
405 6.4828637241e-01 9.4195140080e-07
406 6.5185742131e-01 1.3226622526e-06
407 6.5806352859e-01 8.6174050570e-07
408 6.6609250242e-01 1.9035918400e-06
409 6.7620099587e-01 2.2977327966e-06
410 6.8884360250e-01 1.7879101662e-06
411 7.0362119794e-01 1.5170172211e-06
412 7.2009856206e-01 1.4457533653e-06
413 7.3434810082e-01 1.2268853398e-06
414 7.4703871955e-01 1.4312942016e-06
415 7.5577719844e-01 1.9184345218e-06
416 7.5758774346e-01 1.4402133188e-06
417 7.6075582004e-01 9.2676127864e-07
418 7.6370449768e-01 8.4172035489e-07
419 7.5959870854e-01 8.4759184270e-07
420 7.5464303267e-01 1.0548198899e-06
421 7.5554937280e-01 1.7532332452e-06
422 7.5420894694e-01 1.1534279998e-06
423 7.5261119553e-01 9.8171336472e-07
424 7.5291771935e-01 1.0941950129e-06
425 7.5220308182e-01 7.3186430429e-07
426 7.4875861829e-01 7.5995742230e-07
427 7.4923090855e-01 7.3873174129e-07
428 7.4555711086e-01 7.6344803889e-07
429 7.4475252601e-01 6.6929486722e-07
430 7.4666173713e-01 7.9498053809e-07
431 7.4342734038e-01 1.5257324665e-06
432 7.4373935861e-01 8.5519506603e-07
433 7.4308335723e-01 1.1399892594e-06
434 7.4068947213e-01 1.2125270815e-06
435 7.3798015108e-01 7.9482489847e-07
436 7.3476148783e-01 8.9672462022e-07
437 7.3031262303e-01 6.7195465622e-07
438 7.2570276017e-01 7.9570226353e-07
439 7.2125311290e-01 9.1481391458e-07
440 7.1769612381e-01 1.2549315059e-06
441 7.1631722195e-01 1.0711742066e-06
442 7.1620560304e-01 7.9381459920e-07
443 7.1423746018e-01 5.8002632254e-07
444 7.1260973588e-01 5.2496881615e-07
445 7.1341195247e-01 7.3245069083e-07
446 7.1471307165e-01 9.8974300097e-07
447 7.1523574383e-01 8.2270300190e-07
448 7.1716749738e-01 4.9989918969e-07
449 7.1730035222e-01 5.0955404132e-07
450 7.1621122718e-01 4.9034528850e-07
451 7.1597039278e-01 7.3562240136e-07
452 7.1514634669e-01 8.8870626628e-07
453 7.1194443842e-01 5.3746996610e-07
454 7.1259590289e-01 5.6548033677e-07
455 7.1174235252e-01 6.5271320291e-07
456 7.1070116455e-01 6.6951196081e-07
457 7.1149025502e-01 6.9059372753e-07
458 7.1158963815e-01 5.6079062911e-07
459 7.1223903695e-01 4.4846753911e-07
460 7.1475152970e-01 3.7738298210e-07
461 7.1857909093e-01 4.3587149360e-07
462 7.2186908716e-01 6.9676949679e-07
463 7.2570684140e-01 9.3029892344e-07
464 7.2917527863e-01 8.5894782521e-07
465 7.3059907944e-01 5.4231549012e-07
466 7.3458979045e-01 3.6728371602e-07
467 7.3863385392e-01 4.4222242432e-07
468 7.4084357249e-01 4.9920251198e-07
469 7.4347755727e-01 3.9897853601e-07
470 7.4578700973e-01 5.2704996015e-07
471 7.4631661605e-01 5.5074670653e-07
472 7.4513978153e-01 3.5572698487e-07
473 7.4449224225e-01 3.7707787465e-07
474 7.4417034920e-01 4.0410958043e-07
475 7.4362159718e-01 4.8928053378e-07
476 7.4244000735e-01 7.2726767802e-07
477 7.3950653956e-01 5.7677446699e-07
478 7.3584789250e-01 4.4138251658e-07
479 7.3249895884e-01 7.0108179656e-07
480 7.2922780189e-01 5.5319292896e-07
481 7.2661834260e-01 3.7633690665e-07
482 7.2477378507e-01 4.0856145477e-07
483 7.2188225237e-01 4.5599205146e-07
484 7.1808388569e-01 4.1441099568e-07
485 7.1535353230e-01 2.8134007387e-07
486 7.1350776688e-01 2.7992735088e-07
487 7.1257756319e-01 4.3583804010e-07
488 7.1304860823e-01 5.8014389252e-07
489 7.1403262187e-01 2.9436513741e-07
490 7.1469526737e-01 2.8045844896e-07
491 7.1471381472e-01 3.0857665506e-07
492 7.1509081461e-01 2.9612377871e-07
493 7.1602622417e-01 2.9038031416e-07
494 7.1763809619e-01 3.1142336385e-07
495 7.1996896253e-01 4.0470838112e-07
496 7.2337873037e-01 5.0332281293e-07
497 7.2518466208e-01 3.1924213669e-07
498 7.2705528947e-01 4.2592723683e-07
499 7.3105151705e-01 3.1250122956e-07
500 7.3335234117e-01 2.6703429455e-07
501 7.3537041923e-01 4.5937789199e-07
502 7.3744550600e-01 4.4689361647e-07
503 7.3862095927e-01 2.7489967514e-07
504 7.3774163014e-01 2.9271480788e-07
505 7.3678338379e-01 5.7340057686e-07
506 7.3612681367e-01 4.6058933204e-07
507 7.3502253962e-01 3.5148609046e-07
508 7.3280171095e-01 3.1937652870e-07
509 7.3047542638e-01 4.6642004521e-07
510 7.2723280298e-01 5.1918349929e-07
511 7.2222577742e-01 2.5272057428e-07
512 7.1826646082e-01 2.6778854994e-07
513 7.1598411171e-01 3.1494849132e-07
514 7.1492171880e-01 3.9765141563e-07
515 7.1385439710e-01 4.7855904301e-07
516 7.1373882971e-01 2.5088387629e-07
517 7.1305716410e-01 4.5053542668e-07
518 7.1299621987e-01 2.5754789558e-07
519 7.1438357601e-01 4.0528766374e-07
520 7.1527359676e-01 3.7589674071e-07
521 7.1664161486e-01 2.6710335162e-07
522 7.1964736739e-01 3.3601104082e-07
523 7.2221439988e-01 3.3842980776e-07
524 7.2366454305e-01 3.4430316222e-07
525 7.2577066998e-01 2.9671672948e-07
526 7.2674215639e-01 3.6443498732e-07
527 7.2557191430e-01 4.1578240168e-07
528 7.2496654532e-01 5.7568266494e-07
529 7.2329291487e-01 2.7347785464e-07
530 7.1949056547e-01 4.0752216563e-07
531 7.1529856065e-01 3.6966954834e-07
532 7.1200606990e-01 2.5860962439e-07
533 7.0656167729e-01 2.5528971357e-07
534 7.0472440165e-01 4.1329419967e-07
535 7.0247016367e-01 3.3171224300e-07
536 7.0022279378e-01 5.4993704666e-07
537 6.9557139073e-01 4.1271317562e-07
538 6.9361181391e-01 2.6561755821e-07
539 6.9021818473e-01 3.4657290917e-07
540 6.8700112692e-01 4.6820869449e-07
541 6.8794629183e-01 3.0661316083e-07
542 6.8654513128e-01 3.8639501661e-07
543 6.8503112121e-01 4.5809410467e-07
544 6.8922045695e-01 3.2984377004e-07
545 6.8679847605e-01 3.2943103211e-07
546 6.8568333994e-01 2.8625615359e-07
547 6.8704539616e-01 2.8224716545e-07
548 6.8560089460e-01 2.9994479024e-07
549 6.8354190186e-01 2.6199361852e-07
550 6.8522983526e-01 2.6846359465e-07
551 6.8615479417e-01 2.4192856193e-07
552 6.8556975018e-01 2.5783627964e-07
553 6.8681194371e-01 2.4618816703e-07
554 6.8860909746e-01 2.7158125304e-07
555 6.9158712956e-01 2.3239621119e-07
556 6.9449559589e-01 2.6267574080e-07
557 6.9766347050e-01 2.7560025344e-07
558 7.0160501002e-01 2.3762491361e-07
559 7.0348846467e-01 2.8136248343e-07
560 7.0744140438e-01 4.7054079838e-07
561 7.0907919409e-01 4.1526258440e-07
562 7.1018789853e-01 2.7306829073e-07
563 7.1373449570e-01 2.6376383652e-07
564 7.1015083104e-01 3.2763500412e-07
565 7.1576215484e-01 3.6764219988e-07
566 7.1082071230e-01 3.6899659609e-07
567 7.1110892788e-01 2.8528208333e-07
568 7.0869545505e-01 2.2869309738e-07
569 7.0499995694e-01 2.7312256574e-07
570 7.0552660751e-01 3.7273567874e-07
571 6.9794946879e-01 4.6930851298e-07
572 6.9921601053e-01 4.9346816258e-07
573 6.9578907349e-01 3.4337039727e-07
574 6.8418635977e-01 3.3635139467e-07
575 6.9232978653e-01 6.0392024983e-07
576 6.7161276635e-01 5.8129186827e-07
577 6.6817663938e-01 4.4240261606e-07
578 6.6980069000e-01 4.7881561775e-07
579 6.4465469591e-01 4.6168976471e-07
580 6.4940988423e-01 2.7763295555e-07
581 6.5244462885e-01 7.0515746546e-07
582 6.2274676268e-01 7.6863527047e-07
583 6.4260652817e-01 5.1373168628e-07
584 6.2917539715e-01 3.2104896383e-07
585 6.2055779435e-01 3.7905275530e-07
586 6.4322754680e-01 4.0131988507e-07
587 6.1573675618e-01 4.5518742382e-07
588 6.3711970875e-01 3.1085920580e-07
589 6.2908451244e-01 4.1568760367e-07
590 6.3505609044e-01 2.8835086807e-07
591 6.3647837447e-01 2.6711569098e-07
592 6.3473124416e-01 3.0643903942e-07
593 6.4079021358e-01 3.8871219858e-07
594 6.4028791728e-01 2.5524818258e-07
595 6.3908409737e-01 4.9411847630e-07
596 6.4562774871e-01 4.8838936986e-07
597 6.3461794121e-01 2.8243833108e-07
598 6.4898980389e-01 4.3192568695e-07
599 6.3772353283e-01 2.3569555275e-07
600 6.3921667309e-01 3.1209858993e-07
601 6.5285226212e-01 2.7951341761e-07
602 6.2932848431e-01 3.1208189453e-07
603 6.4760461070e-01 3.7778386486e-07
604 6.3306673012e-01 8.2605668712e-07
605 6.2682947967e-01 5.9210499640e-07
606 6.3638788292e-01 2.4371491432e-07
607 6.2333846028e-01 3.6340559845e-07
608 6.3162547097e-01 9.2268456923e-07
609 6.2655519685e-01 3.4802740576e-07
610 6.3147090685e-01 5.7606504559e-07
611 6.3069517805e-01 3.4173012967e-07
612 6.3528171882e-01 2.1699577177e-07
613 6.3778513289e-01 4.5181698694e-07
614 6.3926450729e-01 6.1481341450e-07
615 6.4153398150e-01 3.2791435837e-07
616 6.4219212295e-01 2.4610186462e-07
617 6.4294229735e-01 2.5210944438e-07
618 6.4318670145e-01 3.9679451783e-07
619 6.4307147590e-01 2.7211436822e-07
620 6.4335345271e-01 2.3525629015e-07
621 6.4332122256e-01 1.8395980473e-07
622 6.4253309232e-01 4.4761905753e-07
623 6.3791022752e-01 4.1596496375e-07
624 6.3475939773e-01 2.2637593710e-07
625 6.3178694777e-01 2.7228651672e-07
626 6.2660473482e-01 1.8309527623e-07
627 6.2277374171e-01 3.1538632703e-07
628 6.2037218424e-01 2.1985794635e-07
629 6.1553384148e-01 2.8539420105e-07
630 6.0888719592e-01 2.3825045647e-07
631 6.0433784354e-01 3.5206039244e-07
632 5.9853278171e-01 2.2234557977e-07
633 5.9388148026e-01 4.3008898622e-07
634 5.9062881875e-01 3.5339430087e-07
635 5.8702979777e-01 1.8154904106e-07
636 5.8427259125e-01 2.3464876462e-07
637 5.8225689275e-01 2.5171571582e-07
638 5.8058045535e-01 3.3758016277e-07
639 5.7948764762e-01 1.8937457065e-07
640 5.7878106131e-01 1.9844259751e-07
641 5.7905755076e-01 2.0666339058e-07
642 5.7999773540e-01 1.8436845650e-07
643 5.8033605513e-01 2.9016325182e-07
644 5.8116027040e-01 3.2203866867e-07
645 5.8329949785e-01 2.8921978358e-07
646 5.8645312411e-01 2.2119898511e-07
647 5.9074369416e-01 1.9527388691e-07
648 5.9477685117e-01 1.8373373581e-07
649 5.9766278368e-01 1.9763695544e-07
650 6.0024282115e-01 2.3298862535e-07
651 6.0257020193e-01 4.1026964755e-07
652 6.0511875430e-01 1.7246051646e-07
653 6.0779075202e-01 3.2171244219e-07
654 6.0964448407e-01 2.7484847687e-07
655 6.1019198990e-01 2.1486668568e-07
656 6.1003802428e-01 1.9582816322e-07
657 6.0938245256e-01 2.6199237266e-07
658 6.0795242301e-01 2.1741086314e-07
659 6.0544269923e-01 2.5340429287e-07
660 6.0327149773e-01 1.7693815368e-07
661 6.0163927983e-01 1.9708701494e-07
662 5.9981473492e-01 3.2565941234e-07
663 5.9687083093e-01 4.5196287785e-07
664 5.9434147521e-01 2.8386195303e-07
665 5.9340450792e-01 1.7957418105e-07
666 5.9247273363e-01 2.3220193855e-07
667 5.9069622571e-01 2.0338579729e-07
668 5.9018932544e-01 1.8289352618e-07
669 5.8888981822e-01 2.0118339914e-07
670 5.8614154254e-01 2.5129480857e-07
671 5.8437849779e-01 1.8947385634e-07
672 5.8427926809e-01 2.2993633418e-07
673 5.8381803035e-01 2.7758759307e-07
674 5.8432277218e-01 1.9673203488e-07
675 5.8432733788e-01 4.0152751009e-07
676 5.8319271260e-01 2.5770161613e-07
677 5.8215124722e-01 3.6954074115e-07
678 5.8120062174e-01 4.1229547933e-07
679 5.7957110369e-01 1.9571378781e-07
680 5.7749335565e-01 3.7666331708e-07
681 5.7549231883e-01 1.7483059307e-07
682 5.7329527688e-01 3.4023853050e-07
683 5.6992944453e-01 2.1900774716e-07
684 5.6595982206e-01 2.7000762161e-07
685 5.6290969346e-01 2.3971870513e-07
686 5.6091082439e-01 3.6113991745e-07
687 5.5837497673e-01 1.8978217540e-07
688 5.5448029451e-01 3.2940972100e-07
689 5.5111777079e-01 3.3990535789e-07
690 5.4876406948e-01 2.1747005017e-07
691 5.4569092455e-01 2.7060636512e-07
692 5.4294614612e-01 2.0384879757e-07
693 5.4178357254e-01 3.0223757108e-07
694 5.4079317233e-01 1.8715309882e-07
695 5.3938891029e-01 3.2360238284e-07
696 5.3881791074e-01 1.5584763279e-07
697 5.3799581155e-01 2.4473082828e-07
698 5.3760325397e-01 1.6958349376e-07
699 5.3846101955e-01 2.7761551671e-07
700 5.3932474995e-01 1.6450632517e-07
701 5.4071716790e-01 2.3527996118e-07
702 5.4386421498e-01 2.8165559075e-07
703 5.4648805512e-01 4.3575235957e-07
704 5.4817094393e-01 2.4465366806e-07
705 5.5043563317e-01 3.1525271738e-07
706 5.5350420354e-01 2.1254799599e-07
707 5.5535809543e-01 2.0859785566e-07
708 5.5650670474e-01 2.6852895927e-07
709 5.5749967952e-01 3.7821845186e-07
710 5.5828290630e-01 2.0934752561e-07
711 5.5882613789e-01 2.0372464558e-07
712 5.5904073789e-01 2.9376471647e-07
713 5.5864280425e-01 2.1257260350e-07
714 5.5762741679e-01 1.4206981023e-07
715 5.5598458324e-01 1.4066354743e-07
716 5.5404137154e-01 1.5093729819e-07
717 5.5126091639e-01 2.1417182435e-07
718 5.4946147168e-01 2.9471132181e-07
719 5.4757210222e-01 1.9275368738e-07
720 5.4518765157e-01 1.3487303341e-07
721 5.4327194938e-01 1.5374586289e-07
722 5.4110007571e-01 1.9968792456e-07
723 5.3828614740e-01 1.4174822414e-07
724 5.3509817032e-01 2.7881299172e-07
725 5.3154099672e-01 1.9170535308e-07
726 5.2866337188e-01 1.5432917440e-07
727 5.2626937538e-01 2.4379172739e-07
728 5.2347635706e-01 4.6178056991e-07
729 5.2037252676e-01 3.2011802873e-07
730 5.1797635172e-01 1.4987695061e-07
731 5.1568281481e-01 1.7565766345e-07
732 5.1204559065e-01 1.8887815443e-07
733 5.0874123072e-01 2.0238317825e-07
734 5.0595238304e-01 1.8593524338e-07
735 5.0382769185e-01 1.6202412616e-07
736 5.0144880476e-01 2.5840585953e-07
737 5.0060403353e-01 2.2810908160e-07
738 5.0065358616e-01 1.8680517665e-07
739 5.0102968582e-01 1.6233332962e-07
740 5.0186870424e-01 2.5611770974e-07
741 5.0290526961e-01 3.0283951745e-07
742 5.0444818457e-01 1.7166899553e-07
743 5.0488436199e-01 3.8903941021e-07
744 5.0620054253e-01 2.5957044540e-07
745 5.0664584992e-01 1.8316896480e-07
746 5.0756190778e-01 2.1604200035e-07
747 5.0882483787e-01 2.1345161583e-07
748 5.0975627341e-01 1.7429057834e-07
749 5.1049326956e-01 2.1372379531e-07
750 5.1131175916e-01 2.3377611974e-07
751 5.1251100652e-01 2.2901790710e-07
752 5.1368211437e-01 1.8908067161e-07
753 5.1409531022e-01 1.4860960365e-07
754 5.1448350757e-01 2.1332438577e-07
755 5.1489318490e-01 2.2082333111e-07
756 5.1508035614e-01 1.8030382328e-07
757 5.1460722312e-01 1.9520965242e-07
758 5.1374196645e-01 1.6850211772e-07
759 5.1377854021e-01 1.5603686901e-07
760 5.1343612126e-01 2.3425848482e-07
761 5.1152951455e-01 3.5147047727e-07
762 5.0980147826e-01 2.6937250442e-07
763 5.0752737242e-01 1.8636147751e-07
764 5.0564113919e-01 1.6670758355e-07
765 5.0507051914e-01 1.6311848167e-07
766 5.0256373117e-01 2.2518786577e-07
767 5.0326945599e-01 2.4207817562e-07
768 5.0301133605e-01 2.1399723266e-07
769 4.9989229539e-01 2.1571471261e-07
770 4.9990067453e-01 2.6887516273e-07
771 4.9524276018e-01 3.0337850642e-07
772 4.9501956453e-01 2.4911924040e-07
773 4.8953886011e-01 2.7204679417e-07
774 4.8763968546e-01 2.3216099995e-07
775 4.8505411638e-01 2.2401020876e-07
776 4.8123966035e-01 3.5155049476e-07
777 4.8181576170e-01 3.2558503992e-07
778 4.7713836064e-01 2.3605279536e-07
779 4.7754867085e-01 1.9472881570e-07
780 4.7658219976e-01 3.1983240283e-07
781 4.7531323278e-01 1.6622865698e-07
782 4.7504824700e-01 4.0007083552e-07
783 4.7120708677e-01 3.0375066346e-07
784 4.7189922453e-01 1.7341071692e-07
785 4.6870401186e-01 1.7266611489e-07
786 4.6609071295e-01 2.3166839173e-07
787 4.6796243096e-01 1.8258515769e-07
788 4.5849590685e-01 2.5558253807e-07
789 4.6607687414e-01 3.1812678900e-07
790 4.5349607902e-01 1.4488189937e-07
791 4.5525524084e-01 2.6929155611e-07
792 4.5649163274e-01 2.0547403548e-07
793 4.4644110947e-01 1.3302827139e-07
794 4.5890973010e-01 2.2535005630e-07
795 4.4475298497e-01 5.0687996502e-07
796 4.6044545350e-01 2.6651456623e-07
797 4.5403397333e-01 3.1519256220e-07
798 4.5338988629e-01 4.0200723707e-07
799 4.6351846359e-01 2.4979879574e-07
800 4.5901067547e-01 2.1525876980e-07
801 4.6498137964e-01 3.0942844123e-07
802 4.6727246372e-01 2.0956302620e-07
803 4.6366523466e-01 2.4538990475e-07
804 4.7290528890e-01 2.8443962101e-07
805 4.6888958675e-01 1.2142079899e-07
806 4.7324304531e-01 1.7065609617e-07
807 4.7410844251e-01 1.2712076227e-07
808 4.7324743226e-01 1.2563517202e-07
809 4.7555135646e-01 1.4052073246e-07
810 4.7411641444e-01 1.6533925795e-07
811 4.7246976770e-01 2.0057346828e-07
812 4.7200082004e-01 2.6789931841e-07
813 4.6802618680e-01 1.2884386607e-07
814 4.6710874036e-01 1.4633720315e-07
815 4.6320501970e-01 1.1826789677e-07
816 4.6043678623e-01 1.5474824493e-07
817 4.5703448133e-01 1.2725966527e-07
818 4.5347059163e-01 1.3901353645e-07
819 4.5090371947e-01 1.1631814693e-07
820 4.4811733729e-01 2.2976418519e-07
821 4.4445034212e-01 1.2151812170e-07
822 4.4121611483e-01 2.4509379519e-07
823 4.3872754837e-01 2.8214584834e-07
824 4.3720903488e-01 1.4144240062e-07
825 4.3579412069e-01 1.1063523713e-07
826 4.3478503516e-01 1.4081178082e-07
827 4.3427083169e-01 1.2959654890e-07
828 4.3388670885e-01 1.3464852893e-07
829 4.3430812709e-01 1.4008422556e-07
830 4.3537639376e-01 1.0385972486e-07
831 4.3569968447e-01 1.0550855440e-07
832 4.3786292700e-01 1.0526933272e-07
833 4.3900026011e-01 1.0616743803e-07
834 4.4179710206e-01 1.8544893035e-07
835 4.4235209551e-01 2.3227305120e-07
836 4.4315591476e-01 1.5893330272e-07
837 4.4519082475e-01 1.1805555823e-07
838 4.4593388511e-01 2.2717210481e-07
839 4.4667629685e-01 1.5459730600e-07
840 4.4775060049e-01 1.0710181782e-07
841 4.4748147247e-01 1.4249226029e-07
842 4.4644070641e-01 2.5564638919e-07
843 4.4561328418e-01 2.1929697530e-07
844 4.4359280847e-01 1.2211731047e-07
845 4.4204109123e-01 1.3133956488e-07
846 4.4035873394e-01 1.4448922915e-07
847 4.3746359410e-01 9.8812849568e-08
848 4.3460902399e-01 1.9557432088e-07
849 4.3239111930e-01 1.2775345079e-07
850 4.2943783653e-01 1.3543548539e-07
851 4.2699269950e-01 1.1018624301e-07
852 4.2469318638e-01 1.7829156452e-07
853 4.2337313825e-01 1.2887606782e-07
854 4.2232970638e-01 1.2028900759e-07
855 4.2127567799e-01 1.0189311393e-07
856 4.2009102929e-01 1.6762771827e-07
857 4.1925354569e-01 1.2496709611e-07
858 4.1935346920e-01 1.0233331019e-07
859 4.1978822008e-01 9.8615133180e-08
860 4.2075435327e-01 1.8860286347e-07
861 4.2205929501e-01 1.5047637395e-07
862 4.2343876545e-01 8.8947070680e-08
863 4.2444306839e-01 1.0024668987e-07
864 4.2446070895e-01 1.7929536841e-07
865 4.2455847387e-01 8.7792581698e-08
866 4.2514252003e-01 1.8541564892e-07
867 4.2547732297e-01 1.7853793723e-07
868 4.2501897320e-01 1.0809800094e-07
869 4.2443459580e-01 8.9799300842e-08
870 4.2365747038e-01 8.4326542467e-08
871 4.2152444246e-01 9.6549876038e-08
872 4.2001761637e-01 1.0690509626e-07
873 4.1900336149e-01 1.5143027122e-07
874 4.1734647741e-01 2.2246739695e-07
875 4.1494012855e-01 1.7939679322e-07
876 4.1256825846e-01 1.1375551840e-07
877 4.1055346521e-01 9.7356143501e-08
878 4.0858970269e-01 8.1984382417e-08
879 4.0632820244e-01 1.0197095041e-07
880 4.0474558208e-01 1.3193196683e-07
881 4.0394186615e-01 1.3188784711e-07
882 4.0320963306e-01 1.1101688429e-07
883 4.0183766442e-01 1.0018052631e-07
884 4.0097021882e-01 1.0103168106e-07
885 4.0079628921e-01 7.9318340701e-08
886 4.0127529944e-01 9.7058281534e-08
887 4.0220823529e-01 9.9007078547e-08
888 4.0294423249e-01 8.6284214874e-08
889 4.0381175326e-01 1.0440307541e-07
890 4.0515887430e-01 7.6609508326e-08
891 4.0631884585e-01 7.6069982445e-08
892 4.0720515772e-01 7.3646646126e-08
893 4.0826564096e-01 9.9975906226e-08
894 4.0950723398e-01 8.8481898891e-08
895 4.1032263027e-01 7.3675140372e-08
896 4.1073721026e-01 7.1859360036e-08
897 4.1101898197e-01 7.5385362254e-08
898 4.1131458657e-01 1.0045468489e-07
899 4.1111315430e-01 1.8550961731e-07
900 4.1061409584e-01 1.2738952308e-07
901 4.1014010688e-01 8.2770957223e-08
902 4.0988689794e-01 1.0118978465e-07
903 4.0791808559e-01 8.6911176094e-08
904 4.0675005850e-01 8.4518622365e-08
905 4.0583042923e-01 8.5737750599e-08
906 4.0450764906e-01 7.5969578588e-08
907 4.0335525825e-01 9.5087598784e-08
908 4.0130833558e-01 9.1320150538e-08
909 3.9976845937e-01 1.5999866095e-07
910 3.9884365183e-01 2.0585924808e-07
911 3.9740649635e-01 1.0698959663e-07
912 3.9562331345e-01 9.5683989384e-08
913 3.9447614720e-01 9.1279650192e-08
914 3.9349221488e-01 1.0688063922e-07
915 3.9230066267e-01 1.2054535104e-07
916 3.9151979474e-01 2.4580419612e-07
917 3.9099659276e-01 2.0522225191e-07
918 3.9037793879e-01 1.0283007100e-07
919 3.9013760131e-01 1.1535369572e-07
920 3.9002213853e-01 1.0941928660e-07
921 3.8962831651e-01 1.4509904561e-07
922 3.8931799050e-01 1.1366976297e-07
923 3.8961531352e-01 1.4693808588e-07
924 3.8881005556e-01 1.5691449275e-07
925 3.8769093323e-01 2.0829974533e-07
926 3.8768975855e-01 1.4459542952e-07
927 3.8706272331e-01 1.7029333565e-07
928 3.8639687593e-01 1.5580743768e-07
929 3.8618341023e-01 1.3954152819e-07
930 3.8506357347e-01 1.7576324931e-07
931 3.8417614187e-01 2.0073416390e-07
932 3.8372963061e-01 1.4004019722e-07
933 3.8225966336e-01 1.8676110241e-07
934 3.7991897256e-01 9.5994491883e-08
935 3.7886381636e-01 1.5280963944e-07
936 3.7740721651e-01 9.2401661616e-08
937 3.7546336867e-01 1.0968691821e-07
938 3.7438689709e-01 1.0616068554e-07
939 3.7340485079e-01 2.0183340655e-07
940 3.7212047284e-01 1.4342364642e-07
941 3.7092910874e-01 1.2308273090e-07
942 3.7028856426e-01 9.9280211956e-08
943 3.7023954087e-01 1.0121670225e-07
944 3.7024317566e-01 8.9787063540e-08
945 3.7019611206e-01 1.3833457257e-07
946 3.7083321042e-01 1.0798038827e-07
947 3.7170924056e-01 1.1194554810e-07
948 3.7242457332e-01 8.6343089876e-08
949 3.7322114563e-01 1.2160139628e-07
950 3.7393933392e-01 8.6165306338e-08
951 3.7463339650e-01 1.1764174273e-07
952 3.7545338102e-01 9.3213783247e-08
953 3.7570455246e-01 1.2986398189e-07
954 3.7529980434e-01 1.0377585066e-07
955 3.7524573723e-01 1.0499267325e-07
956 3.7497381328e-01 1.1553971969e-07
957 3.7359130410e-01 1.3059331855e-07
958 3.7242632787e-01 1.9839853096e-07
959 3.7139078136e-01 1.3923017021e-07
960 3.6958739910e-01 1.3351175226e-07
961 3.6722262522e-01 1.8433733975e-07
962 3.6522785159e-01 1.4028122613e-07
963 3.6322926904e-01 1.1923006842e-07
964 3.6051168955e-01 1.6545718860e-07
965 3.5707837810e-01 1.1823936517e-07
966 3.5317645949e-01 2.7780870356e-07
967 3.4982257957e-01 2.6867086231e-07
968 3.4627923278e-01 1.0863328416e-07
969 3.4254945248e-01 1.8973530654e-07
970 3.3813179248e-01 1.3044021723e-07
971 3.3508696101e-01 1.2509174807e-07
972 3.3268609986e-01 2.1872422810e-07
973 3.3095202593e-01 1.1398449547e-07
974 3.2998213806e-01 2.6380496503e-07
975 3.2973845040e-01 1.8636168178e-07
976 3.3031274334e-01 1.1659684006e-07
977 3.3117232487e-01 1.1717940010e-07
978 3.3193428996e-01 1.4404158282e-07
979 3.3273137958e-01 1.2526636281e-07
980 3.3453722815e-01 1.6226419150e-07
981 3.3515913253e-01 1.7383407567e-07
982 3.3556483753e-01 1.3867573101e-07
983 3.3700671237e-01 1.4855853419e-07
984 3.3796945463e-01 1.8328921179e-07
985 3.3762846783e-01 1.4672611987e-07
986 3.3740957424e-01 1.1701741293e-07
987 3.3788209812e-01 1.2106214070e-07
988 3.3788463482e-01 1.2351273544e-07
989 3.3704410125e-01 1.1901356910e-07
990 3.3573167837e-01 1.1358748222e-07
991 3.3498798385e-01 1.1001908334e-07
992 3.3277078617e-01 1.0779721432e-07
993 3.3102558658e-01 1.1750440318e-07
994 3.2886011527e-01 1.1892321507e-07
995 3.2623893119e-01 8.9583602167e-08
996 3.2428242285e-01 1.0664492221e-07
997 3.2260643705e-01 9.9352172146e-08
998 3.2020335739e-01 9.5009959591e-08
999 3.1871921349e-01 1.3198458553e-07
1000 3.1571037555e-01 1.7046771502e-07
1001 3.1573136672e-01 1.1754406761e-07
1002 3.1119821364e-01 1.1953761672e-07
1003 3.1565421834e-01 1.6902249201e-07
1004 3.0975586838e-01 1.4259714379e-07
1005 3.1215445864e-01 1.2395007642e-07
1006 3.1171921713e-01 1.0165773436e-07
1007 3.0855049284e-01 1.2068397065e-07
1008 3.1030311762e-01 1.9015695544e-07
1009 3.0879902156e-01 1.2237736713e-07
1010 3.0719354456e-01 9.4966047578e-08
1011 3.0804542071e-01 1.0709562403e-07
1012 3.0622415577e-01 1.3506433297e-07
1013 3.0659091599e-01 9.8026420071e-08
1014 3.0597393569e-01 1.2329774475e-07
1015 3.0454682690e-01 1.0715158741e-07
1016 3.0615380870e-01 8.8782548061e-08
1017 3.0383333173e-01 9.4214530273e-08
1018 3.0419460624e-01 1.1719290007e-07
1019 3.0483654627e-01 1.2730578375e-07
1020 3.0242506374e-01 8.2607247995e-08
1021 3.0376003633e-01 1.0499514417e-07
1022 3.0171151092e-01 8.3795077129e-08
1023 3.0122480185e-01 7.7538133466e-08
1024 3.0111726409e-01 8.1115804782e-08
1025 2.9923600936e-01 9.2509075985e-08
1026 3.0089325793e-01 1.6494583455e-07
1027 2.9798839104e-01 1.9378873717e-07
1028 2.9772989711e-01 1.1935108043e-07
1029 2.9902226472e-01 1.3098520404e-07
1030 2.9630019343e-01 1.4890545228e-07
1031 2.9647983409e-01 8.5612470404e-08
1032 2.9673521600e-01 1.0605117629e-07
1033 2.9527153999e-01 1.0479561058e-07
1034 2.9652030402e-01 9.4331671345e-08
1035 2.9504805569e-01 1.0538494035e-07
1036 2.9584810600e-01 1.0468159049e-07
1037 2.9521047629e-01 8.8773978670e-08
1038 2.9533698652e-01 1.1093264397e-07
1039 2.9520749289e-01 8.9727520529e-08
1040 2.9520110180e-01 9.6663218582e-08
1041 2.9548827548e-01 8.6347446982e-08
1042 2.9554673207e-01 8.7236059697e-08
1043 2.9556042398e-01 8.6505137139e-08
1044 2.9598083676e-01 1.0701341945e-07
1045 2.9648718427e-01 1.1500718493e-07
1046 2.9674717835e-01 9.7100436271e-08
1047 2.9620019925e-01 1.0209067155e-07
1048 2.9610267831e-01 1.2486168651e-07
1049 2.9591507044e-01 1.8266397019e-07
1050 2.9497383547e-01 1.7384663473e-07
1051 2.9369770810e-01 1.0397388836e-07
1052 2.9277940347e-01 9.6722065937e-08
1053 2.9164992730e-01 9.2972108286e-08
1054 2.9012152535e-01 1.1727968605e-07
1055 2.8841689191e-01 1.4594520034e-07
1056 2.8727840159e-01 2.0696595063e-07
1057 2.8621043714e-01 1.6950708642e-07
1058 2.8484524041e-01 1.4256065625e-07
1059 2.8387081151e-01 1.5436002324e-07
1060 2.8306210128e-01 1.1196969046e-07
1061 2.8171188485e-01 1.0722682833e-07
1062 2.8014756495e-01 1.3761844119e-07
1063 2.7873245998e-01 1.6965824287e-07
1064 2.7737925908e-01 1.0597260043e-07
1065 2.7627690243e-01 2.4900560833e-07
1066 2.7542006731e-01 2.1241845164e-07
1067 2.7465728705e-01 1.2771873526e-07
1068 2.7420614209e-01 1.7133705800e-07
1069 2.7394053805e-01 2.2046388970e-07
1070 2.7362468840e-01 1.2774767399e-07
1071 2.7341451548e-01 1.5777597603e-07
1072 2.7345057565e-01 1.3074920279e-07
1073 2.7363722535e-01 1.0057209445e-07
1074 2.7360565669e-01 9.6439760760e-08
1075 2.7359021236e-01 2.1851309174e-07
1076 2.7381086141e-01 1.7874940349e-07
1077 2.7379738413e-01 1.8638292620e-07
1078 2.7375088156e-01 1.6984346831e-07
1079 2.7377791376e-01 1.1889079413e-07
1080 2.7376365499e-01 1.7343873246e-07
1081 2.7375438833e-01 1.2192854182e-07
1082 2.7392226672e-01 1.3977551942e-07
1083 2.7392478990e-01 1.1047136342e-07
1084 2.7371434717e-01 8.2457455122e-08
1085 2.7336887074e-01 1.1362813264e-07
1086 2.7310102307e-01 8.9207482559e-08
1087 2.7236641189e-01 1.2363115129e-07
1088 2.7122364077e-01 8.9847209945e-08
1089 2.7067631138e-01 1.4084563146e-07
1090 2.6951806120e-01 1.1538053591e-07
1091 2.6792976719e-01 9.1115756001e-08
1092 2.6688216873e-01 1.1915407613e-07
1093 2.6579719436e-01 1.7014149858e-07
1094 2.6487229329e-01 1.2427088696e-07
1095 2.6421768844e-01 1.8614107665e-07
1096 2.6380419782e-01 1.4464543623e-07
1097 2.6369059932e-01 1.0912926275e-07
1098 2.6376108552e-01 1.5845562520e-07
1099 2.6393425724e-01 1.6591958418e-07
1100 2.6410848655e-01 7.5312983449e-08
1101 2.6414958603e-01 1.3873614583e-07
1102 2.6396493975e-01 1.7664704414e-07
1103 2.6355016853e-01 1.0347454984e-07
1104 2.6311007471e-01 8.1819491830e-08
1105 2.6262349143e-01 7.7639419217e-08
1106 2.6208745745e-01 9.4092803869e-08
1107 2.6169102768e-01 1.2105780698e-07
1108 2.6140019587e-01 1.1347070668e-07
1109 2.6093864287e-01 7.4116569805e-08
1110 2.6076519504e-01 7.2213910698e-08
1111 2.6074436321e-01 7.5051609217e-08
1112 2.6056403237e-01 7.5079646239e-08
1113 2.6026107846e-01 8.8901298820e-08
1114 2.6003146973e-01 8.5739536396e-08
1115 2.5973008133e-01 8.5426137153e-08
1116 2.5929391710e-01 8.5507837717e-08
1117 2.5875808670e-01 7.2264131012e-08
1118 2.5797194353e-01 9.5442841539e-08
1119 2.5719504954e-01 8.0344630079e-08
1120 2.5671358271e-01 8.1650680863e-08
1121 2.5634517473e-01 7.9305442678e-08
1122 2.5622156263e-01 8.6433022931e-08
1123 2.5640202044e-01 1.0362041051e-07
1124 2.5664143448e-01 7.7982086514e-08
1125 2.5675436040e-01 6.9944669155e-08
1126 2.5683294077e-01 8.2010225762e-08
1127 2.5689360498e-01 7.6012812612e-08
1128 2.5690532257e-01 1.0478842142e-07
1129 2.5664713777e-01 1.8132149016e-07
1130 2.5592003425e-01 1.3269753350e-07
1131 2.5553672688e-01 7.7998864219e-08
1132 2.5518294494e-01 8.7402297501e-08
1133 2.5466509362e-01 9.8737512379e-08
1134 2.5412254161e-01 1.1059759236e-07
1135 2.5385918996e-01 1.1257114239e-07
1136 2.5372754359e-01 7.9153607881e-08
1137 2.5362152066e-01 1.1736966868e-07
1138 2.5357116792e-01 9.2201847309e-08
1139 2.5347943104e-01 8.2045966240e-08
1140 2.5340391002e-01 9.3105053183e-08
1141 2.5331101415e-01 1.0328441383e-07
1142 2.5305210031e-01 8.8882049545e-08
1143 2.5278961698e-01 1.1463415176e-07
1144 2.5246223340e-01 1.4249654050e-07
1145 2.5213779375e-01 1.7199556607e-07
1146 2.5178746470e-01 1.6106505992e-07
1147 2.5136283606e-01 1.0897696855e-07
1148 2.5098643625e-01 9.1076795991e-08
1149 2.5062329001e-01 1.1771516879e-07
1150 2.5027960898e-01 1.0601230076e-07
1151 2.4999096206e-01 9.5581590036e-08
1152 2.4974467004e-01 1.3975776180e-07
1153 2.4971539286e-01 9.8177832015e-08
1154 2.4985375293e-01 1.2284334850e-07
1155 2.5001835922e-01 1.0253747999e-07
1156 2.5000003766e-01 1.0482956364e-07
1157 2.5001592425e-01 8.6845009038e-08
1158 2.4998912796e-01 9.5973971792e-08
1159 2.4993389153e-01 8.4174133155e-08
1160 2.4977089310e-01 9.4930992291e-08
1161 2.4960900074e-01 1.4087596362e-07
1162 2.4949819721e-01 1.4317847669e-07
1163 2.4949724014e-01 1.1386874793e-07
1164 2.4932537646e-01 1.1113037572e-07
1165 2.4899014198e-01 1.3972249068e-07
1166 2.4899404019e-01 8.5091770947e-08
1167 2.4902845696e-01 1.3346857895e-07
1168 2.4879485803e-01 1.4799811509e-07
1169 2.4872234825e-01 1.2429139715e-07
1170 2.4872866486e-01 1.5043585834e-07
1171 2.4825650660e-01 1.5575514355e-07
1172 2.4732540473e-01 8.0626386343e-08
1173 2.4662964851e-01 1.6505632258e-07
1174 2.4587387953e-01 1.4235131701e-07
1175 2.4514127165e-01 8.3844350843e-08
1176 2.4441474772e-01 8.0796441855e-08
1177 2.4391197514e-01 7.7985506008e-08
1178 2.4358836793e-01 8.0041791866e-08
1179 2.4362143219e-01 1.4063476421e-07
1180 2.4396433703e-01 2.0132998260e-07
1181 2.4409935018e-01 1.0999361532e-07
1182 2.4393895651e-01 1.0540999911e-07
1183 2.4369667834e-01 1.2028493029e-07
1184 2.4337474479e-01 7.6984146176e-08
1185 2.4296835134e-01 7.5573651701e-08
1186 2.4262107414e-01 1.2614043064e-07
1187 2.4249291163e-01 1.1416645869e-07
1188 2.4252362224e-01 7.5530465857e-08
1189 2.4274614301e-01 8.5049391050e-08
1190 2.4314537602e-01 1.0306387344e-07
1191 2.4369318498e-01 1.7946838625e-07
1192 2.4426139807e-01 7.9675736805e-08
1193 2.4492919387e-01 1.2088021314e-07
1194 2.4546922642e-01 8.8260571010e-08
1195 2.4562653869e-01 8.0078442885e-08
1196 2.4565357195e-01 6.2852164183e-08
1197 2.4569042735e-01 1.1355905383e-07
1198 2.4541476719e-01 5.9955084226e-08
1199 2.4506229912e-01 1.0420460026e-07
1200 2.4489061181e-01 7.6747076287e-08
1201 2.4463294472e-01 9.4454267553e-08
1202 2.4425026860e-01 1.1674812327e-07
1203 2.4392511115e-01 6.0207522549e-08
1204 2.4383986793e-01 6.9030648988e-08
1205 2.4379894429e-01 6.6619025162e-08
1206 2.4374403778e-01 1.1045478581e-07
1207 2.4375027440e-01 5.1936490416e-08
1208 2.4388398356e-01 1.0431225548e-07
1209 2.4398900604e-01 1.0214194297e-07
1210 2.4404409382e-01 4.8552230713e-08
1211 2.4405219003e-01 4.9533188032e-08
1212 2.4405171184e-01 5.5177712004e-08
1213 2.4415982821e-01 5.7495404421e-08
1214 2.4422448496e-01 4.7269082479e-08
1215 2.4432124901e-01 4.3546555285e-08
1216 2.4445705489e-01 5.0459974513e-08
1217 2.4440512514e-01 5.1170975820e-08
1218 2.4428301991e-01 4.7249651988e-08
1219 2.4414486031e-01 5.9849013025e-08
1220 2.4388998230e-01 4.0982560999e-08
1221 2.4361680054e-01 5.7875118256e-08
1222 2.4328351702e-01 5.2823982190e-08
1223 2.4288285208e-01 5.8078790641e-08
1224 2.4242708398e-01 8.3834751644e-08
1225 2.4194429940e-01 5.7836313059e-08
1226 2.4166207587e-01 4.7083266224e-08
1227 2.4133356660e-01 4.9784400249e-08
1228 2.4114418672e-01 6.0314390115e-08
1229 2.4096788571e-01 4.7960009248e-08
1230 2.4078585615e-01 3.3928482378e-08
1231 2.4070271045e-01 3.0705710785e-08
1232 2.4048668778e-01 3.2584262059e-08
1233 2.4045173256e-01 4.7608512114e-08
1234 2.4047228597e-01 6.7576286141e-08
1235 2.4036924024e-01 3.1475699119e-08
1236 2.4045192660e-01 5.8466628823e-08
1237 2.4057074418e-01 5.6696373155e-08
1238 2.4053166412e-01 3.6569145072e-08
1239 2.4096270378e-01 4.5127712805e-08
1240 2.4060522138e-01 3.4010058326e-08
1241 2.4149074682e-01 3.3048403597e-08
1242 2.4080640572e-01 7.1970952729e-08
1243 2.4189675911e-01 5.0941412643e-08
1244 2.4131888645e-01 3.4239885157e-08
1245 2.4201301403e-01 3.7847978590e-08
1246 2.4217635303e-01 7.8114694357e-08
1247 2.4264035554e-01 3.5542557641e-08
1248 2.4289220625e-01 6.9871675794e-08
1249 2.4320451269e-01 4.1352438727e-08
1250 2.4358023784e-01 3.1613524130e-08
1251 2.4368566458e-01 3.4215996898e-08
1252 2.4384899071e-01 6.0551860129e-08
1253 2.4409902607e-01 3.7623210487e-08
1254 2.4393290761e-01 3.4693851694e-08
1255 2.4389926452e-01 3.2370270893e-08
1256 2.4388333391e-01 6.0748474951e-08
1257 2.4329050936e-01 5.5044304809e-08
1258 2.4352010077e-01 6.0229577672e-08
1259 2.4268697447e-01 6.6389343762e-08
1260 2.4271482305e-01 4.7741844075e-08
1261 2.4225519339e-01 6.5490209237e-08
1262 2.4201533514e-01 4.0661135227e-08
1263 2.4195963364e-01 5.2514676761e-08
1264 2.4149430708e-01 4.3880764167e-08
1265 2.4155099623e-01 4.1782713843e-08
1266 2.4110448777e-01 5.5296714672e-08
1267 2.4121196041e-01 4.9838137524e-08
1268 2.4083348736e-01 3.4204243473e-08
1269 2.4074958869e-01 3.6229468730e-08
1270 2.4079170981e-01 3.7455194381e-08
1271 2.4060105574e-01 5.2216915343e-08
1272 2.4056906239e-01 3.0006042069e-08
1273 2.4044461259e-01 4.6667985146e-08
1274 2.4034611028e-01 3.4320970507e-08
1275 2.4033364304e-01 3.2340744923e-08
1276 2.4016218492e-01 3.0068713757e-08
1277 2.4006293771e-01 3.4872626539e-08
1278 2.4003934658e-01 3.5285799195e-08
1279 2.3989334951e-01 3.9946029236e-08
1280 2.3978728046e-01 5.7976364200e-08
1281 2.3961083712e-01 3.1758386510e-08
1282 2.3952606805e-01 2.8853538500e-08
1283 2.3941497236e-01 2.9240835007e-08
1284 2.3934317949e-01 4.0142325741e-08
1285 2.3930783131e-01 5.8818951300e-08
1286 2.3930342016e-01 6.5095154805e-08
1287 2.3934230636e-01 3.3763869550e-08
1288 2.3937303221e-01 2.9942101090e-08
1289 2.3939885355e-01 3.4999864811e-08
1290 2.3949509651e-01 2.9846450789e-08
1291 2.3966516736e-01 3.8338569002e-08
1292 2.3978873103e-01 4.8053957694e-08
1293 2.3990981500e-01 2.8366283154e-08
1294 2.4006831549e-01 2.9538385812e-08
1295 2.4022965178e-01 2.7808772238e-08
1296 2.4035786558e-01 2.9184554501e-08
1297 2.4047602267e-01 3.4022728551e-08
1298 2.4061925706e-01 3.1283242923e-08
1299 2.4074643067e-01 2.6597568643e-08
1300 2.4089114843e-01 2.9624120901e-08
1301 2.4103784326e-01 3.9998640001e-08
1302 2.4119290582e-01 3.0198241213e-08
1303 2.4135433439e-01 3.5086068046e-08
1304 2.4145926690e-01 3.0379561903e-08
1305 2.4151361904e-01 2.2293414787e-08
1306 2.4157071760e-01 2.4166321740e-08
1307 2.4161926101e-01 3.2828176217e-08
1308 2.4160626383e-01 2.3054868183e-08
1309 2.4153077270e-01 2.3935534886e-08
1310 2.4141968992e-01 2.7477947368e-08
1311 2.4132228285e-01 3.6847866948e-08
1312 2.4119057429e-01 2.7168663616e-08
1313 2.4097163838e-01 2.4833574914e-08
1314 2.4075562004e-01 2.0565820923e-08
1315 2.4053985990e-01 2.2683446219e-08
1316 2.4030303015e-01 2.3028217187e-08
1317 2.3994316160e-01 2.1325604369e-08
1318 2.3960179637e-01 2.1780557941e-08
1319 2.3929770053e-01 2.2968917962e-08
1320 2.3898026232e-01 2.1459246154e-08
1321 2.3871148940e-01 2.4260794279e-08
1322 2.3846318527e-01 2.2797338698e-08
1323 2.3823317524e-01 2.3199868375e-08
1324 2.3797991956e-01 2.2567481322e-08
1325 2.3780705813e-01 3.3767819345e-08
1326 2.3770300882e-01 3.6293611359e-08
1327 2.3762747869e-01 3.2154279223e-08
1328 2.3757128235e-01 3.2657410424e-08
1329 2.3754576980e-01 3.1518354147e-08
1330 2.3753658584e-01 2.8085691187e-08
1331 2.3756583814e-01 2.5103020065e-08
1332 2.3763037094e-01 2.9358811111e-08
1333 2.3770567175e-01 2.9523977445e-08
1334 2.3780180991e-01 2.7549330272e-08
1335 2.3797123964e-01 2.6062022242e-08
1336 2.3811889327e-01 2.9767274095e-08
1337 2.3825760625e-01 2.8989723162e-08
1338 2.3840919862e-01 2.6277587251e-08
1339 2.3859118128e-01 2.9133364838e-08
1340 2.3880567609e-01 2.7496603830e-08
1341 2.3896885430e-01 3.8214911343e-08
1342 2.3906799497e-01 2.3753898638e-08
1343 2.3918500344e-01 2.7225966982e-08
1344 2.3929395243e-01 2.7251256253e-08
1345 2.3928853991e-01 3.4536854156e-08
1346 2.3928529971e-01 2.5743162937e-08
1347 2.3926833424e-01 4.1716713553e-08
1348 2.3920885412e-01 2.5931065600e-08
1349 2.3911852295e-01 3.6327013668e-08
1350 2.3901695375e-01 2.1749929077e-08
1351 2.3893986564e-01 3.2513679946e-08
1352 2.3886015228e-01 2.3934799808e-08
1353 2.3872498422e-01 2.0955762934e-08
1354 2.3859640155e-01 2.9630637467e-08
1355 2.3849528731e-01 3.3196432568e-08
1356 2.3838167792e-01 2.0889297921e-08
1357 2.3826103369e-01 3.2273511877e-08
1358 2.3815188204e-01 2.2239507408e-08
1359 2.3803483490e-01 3.4944459711e-08
1360 2.3790489518e-01 2.2200373587e-08
1361 2.3782223639e-01 5.0145186788e-08
1362 2.3775509272e-01 4.2804853802e-08
1363 2.3767325463e-01 2.2046222028e-08
1364 2.3758543981e-01 1.9897081329e-08
1365 2.3753128740e-01 2.1426313631e-08
1366 2.3744880411e-01 1.7512258473e-08
1367 2.3735430541e-01 3.2366597232e-08
1368 2.3725206357e-01 3.5637898395e-08
1369 2.3713520968e-01 2.3044136725e-08
1370 2.3696205046e-01 2.5406136957e-08
1371 2.3680339135e-01 2.7953604194e-08
1372 2.3671364084e-01 2.7317176258e-08
1373 2.3663280792e-01 2.9039675483e-08
1374 2.3651895836e-01 4.5935745591e-08
1375 2.3642657228e-01 1.9856527174e-08
1376 2.3636493800e-01 2.5900181531e-08
1377 2.3630266275e-01 2.3404941049e-08
1378 2.3622979683e-01 2.4359536186e-08
1379 2.3618481794e-01 1.8385295979e-08
1380 2.3617075283e-01 3.1301490674e-08
1381 2.3616549122e-01 2.4022664617e-08
1382 2.3617890062e-01 1.9846850903e-08
1383 2.3622436158e-01 2.3337472786e-08
1384 2.3629005922e-01 2.7276612271e-08
1385 2.3632812978e-01 2.2708639391e-08
1386 2.3637505218e-01 5.1484092287e-08
1387 2.3644906836e-01 4.9245531027e-08
1388 2.3653138273e-01 2.7945676769e-08
1389 2.3660841813e-01 3.1495934292e-08
1390 2.3666569620e-01 3.2493607307e-08
1391 2.3670391792e-01 2.1995101274e-08
1392 2.3673263582e-01 2.2757774128e-08
1393 2.3676686928e-01 3.1645559806e-08
1394 2.3678741434e-01 3.7068708382e-08
1395 2.3678260865e-01 3.1310366592e-08
1396 2.3677358862e-01 2.2579355337e-08
1397 2.3679551491e-01 2.9619609334e-08
1398 2.3680954522e-01 3.7178324116e-08
1399 2.3678854852e-01 4.1433772448e-08
1400 2.3675769663e-01 3.4850843151e-08
1401 2.3671493293e-01 2.2822993039e-08
1402 2.3663456994e-01 3.1958310008e-08
1403 2.3658051808e-01 2.8533254516e-08
1404 2.3653350185e-01 2.3360819939e-08
1405 2.3644024498e-01 3.1367998381e-08
1406 2.3627943830e-01 1.9663571726e-08
1407 2.3606986671e-01 2.7558313116e-08
1408 2.3584584729e-01 2.0217210451e-08
1409 2.3561489296e-01 2.8694949367e-08
1410 2.3535360827e-01 2.7445931682e-08
1411 2.3509961504e-01 2.2549270029e-08
1412 2.3485806689e-01 2.0889001618e-08
1413 2.3465556111e-01 2.4062991652e-08
1414 2.3447137447e-01 2.6693608521e-08
1415 2.3429243439e-01 2.2087412016e-08
1416 2.3411514510e-01 2.7959523622e-08
1417 2.3393841427e-01 3.7334003739e-08
1418 2.3380261473e-01 3.3023312102e-08
1419 2.3366039174e-01 2.3484985923e-08
1420 2.3354608158e-01 2.7562459862e-08
1421 2.3347539083e-01 3.5307485799e-08
1422 2.3340652097e-01 2.8778927029e-08
1423 2.3337359014e-01 2.2313362116e-08
1424 2.3338557672e-01 2.1932320404e-08
1425 2.3335783770e-01 1.9200293638e-08
1426 2.3337629280e-01 2.5449421768e-08
1427 2.3339282852e-01 2.2271194086e-08
1428 2.3340454231e-01 1.8259472652e-08
1429 2.3348087983e-01 2.0279720173e-08
1430 2.3343418262e-01 2.1426166013e-08
1431 2.3354893490e-01 2.1360762106e-08
1432 2.3354772665e-01 3.5817087180e-08
1433 2.3362937331e-01 3.1318589675e-08
1434 2.3375464992e-01 1.9982056695e-08
1435 2.3375729511e-01 1.8620795534e-08
1436 2.3388415718e-01 1.7925996373e-08
1437 2.3386320369e-01 2.3511801305e-08
1438 2.3396015472e-01 3.2521153736e-08
1439 2.3392197628e-01 2.1903424259e-08
1440 2.3399511241e-01 1.7557151322e-08
1441 2.3393414594e-01 1.6975972233e-08
1442 2.3397458330e-01 1.9234034172e-08
1443 2.3398528418e-01 2.3241832812e-08
1444 2.3383333276e-01 2.5531243887e-08
1445 2.3386002858e-01 2.3218135566e-08
1446 2.3366075781e-01 1.7896158929e-08
1447 2.3363898470e-01 2.9372149641e-08
1448 2.3345647086e-01 2.9377116499e-08
1449 2.3328404989e-01 2.1117276101e-08
1450 2.3320167103e-01 1.9207979145e-08
1451 2.3289817744e-01 2.8996761536e-08
1452 2.3284681081e-01 2.9863979522e-08
1453 2.3274126676e-01 1.7968194573e-08
1454 2.3257293843e-01 2.8580201875e-08
1455 2.3259733440e-01 2.4401208414e-08
1456 2.3242832377e-01 1.8806984653e-08
1457 2.3236652658e-01 1.7927736104e-08
1458 2.3240657755e-01 2.0578032577e-08
1459 2.3220497994e-01 1.9528661241e-08
1460 2.3234127849e-01 1.9371179810e-08
1461 2.3206043600e-01 1.9469608695e-08
1462 2.3228135209e-01 2.1176938808e-08
1463 2.3191173424e-01 2.0595562480e-08
1464 2.3195256269e-01 2.1371614373e-08
1465 2.3192125542e-01 2.4532912151e-08
1466 2.3159913462e-01 2.3589178931e-08
1467 2.3164930326e-01 2.0226489946e-08
1468 2.3152779509e-01 1.9792611778e-08
1469 2.3133125660e-01 2.2121899442e-08
1470 2.3133041745e-01 2.0748654829e-08
1471 2.3114983873e-01 2.0011502308e-08
1472 2.3100401250e-01 2.7899474575e-08
1473 2.3095340542e-01 2.6918554917e-08
1474 2.3078497139e-01 2.0157550698e-08
1475 2.3069963075e-01 3.7127159275e-08
1476 2.3058173994e-01 3.5021705239e-08
1477 2.3043854680e-01 2.8136336368e-08
1478 2.3040692700e-01 2.7145893190e-08
1479 2.3032716006e-01 2.5844797839e-08
1480 2.3022816090e-01 3.6420578867e-08
1481 2.3021632072e-01 4.4575836722e-08
1482 2.3007629538e-01 3.8306994097e-08
1483 2.3002961750e-01 3.9676980335e-08
1484 2.2990569914e-01 4.3815511359e-08
1485 2.2983601781e-01 3.8583927467e-08
1486 2.2981389168e-01 3.4763535018e-08
1487 2.2971855537e-01 2.8938358328e-08
1488 2.2972087309e-01 3.1730346179e-08
1489 2.2968256765e-01 3.3612807340e-08
1490 2.2968437992e-01 2.8163951456e-08
1491 2.2972566359e-01 2.9967898840e-08
1492 2.2975331501e-01 3.0236018373e-08
1493 2.2978598519e-01 2.8016085409e-08
1494 2.2981717549e-01 2.9783772162e-08
1495 2.2984998604e-01 3.4834667964e-08
1496 2.2988750719e-01 3.2769632126e-08
1497 2.2979713315e-01 2.6721251618e-08
1498 2.2968066289e-01 2.7872995993e-08
1499 2.2954531176e-01 2.7720110981e-08
1500 2.2938010543e-01 2.3542813478e-08
1501 2.2916956568e-01 4.0153327914e-08
1502 2.2892427499e-01 3.4550372781e-08
1503 2.2864393824e-01 2.6030197853e-08
1504 2.2842051670e-01 3.2281409965e-08
1505 2.2825469827e-01 2.3857279769e-08
1506 2.2808501456e-01 2.4222446536e-08
1507 2.2793499863e-01 2.7841952763e-08
1508 2.2780223254e-01 3.7878188088e-08
1509 2.2771563708e-01 2.0038574252e-08
1510 2.2767154524e-01 2.4696078988e-08
1511 2.2762716519e-01 2.1177015777e-08
1512 2.2758144119e-01 2.3666041970e-08
1513 2.2756440656e-01 3.9681702894e-08
1514 2.2754220306e-01 4.4595499512e-08
1515 2.2749646120e-01 2.0608853320e-08
1516 2.2746172526e-01 3.7439029263e-08
1517 2.2741776902e-01 2.8668536480e-08
1518 2.2737055404e-01 1.9866746515e-08
1519 2.2732655226e-01 2.2399093864e-08
1520 2.2729814892e-01 2.3577656437e-08
1521 2.2726921239e-01 2.1384522153e-08
1522 2.2723236178e-01 2.3001422161e-08
1523 2.2720388640e-01 1.9433632070e-08
1524 2.2716834453e-01 2.0026329662e-08
1525 2.2710451763e-01 2.1359074820e-08
1526 2.2700863960e-01 2.0651443205e-08
1527 2.2693292565e-01 2.0675020272e-08
1528 2.2684775141e-01 2.2804607066e-08
1529 2.2673523096e-01 2.9227027934e-08
1530 2.2663679461e-01 2.9310350943e-08
1531 2.2653083394e-01 2.2906623537e-08
1532 2.2641635124e-01 2.8998462319e-08
1533 2.2631090675e-01 2.9541522397e-08
1534 2.2622620206e-01 2.2141288184e-08
1535 2.2614783456e-01 2.3423886528e-08
1536 2.2609817470e-01 2.4845359070e-08
1537 2.2606304467e-01 2.2793487321e-08
1538 2.2601971588e-01 2.9060632909e-08
1539 2.2597146341e-01 2.6855619704e-08
1540 2.2593647697e-01 2.1279875211e-08
1541 2.2591348998e-01 2.2787811541e-08
1542 2.2587689143e-01 2.1749699466e-08
1543 2.2582772673e-01 2.4368145205e-08
1544 2.2577728399e-01 2.8409198385e-08
1545 2.2572587935e-01 2.7051619625e-08
1546 2.2566333234e-01 2.1649869033e-08
1547 2.2558193361e-01 3.3890088619e-08
1548 2.2550276475e-01 2.2275281503e-08
1549 2.2544232386e-01 2.5707090083e-08
1550 2.2539643871e-01 2.2540514739e-08
1551 2.2533899611e-01 4.1041613909e-08
1552 2.2531490039e-01 2.8912669122e-08
1553 2.2531091584e-01 2.0523501000e-08
1554 2.2528379485e-01 1.8084643469e-08
1555 2.2526976528e-01 3.3295698800e-08
1556 2.2525767427e-01 2.0247063289e-08
1557 2.2523036627e-01 2.3632955928e-08
1558 2.2521226121e-01 2.2250722961e-08
1559 2.2519356499e-01 1.7174712870e-08
1560 2.2518037668e-01 2.0888974438e-08
1561 2.2520599941e-01 4.0671893448e-08
1562 2.2524106049e-01 2.7676800502e-08
1563 2.2527175441e-01 2.1407782823e-08
1564 2.2530814622e-01 3.7229106830e-08
1565 2.2536061241e-01 1.8781829208e-08
1566 2.2540750221e-01 2.8249906846e-08
1567 2.2542381450e-01 1.6750418380e-08
1568 2.2542572154e-01 1.9785956117e-08
1569 2.2543471783e-01 2.1461266801e-08
1570 2.2544077572e-01 3.7823866801e-08
1571 2.2542802653e-01 4.0175718197e-08
1572 2.2540865567e-01 2.9600265570e-08
1573 2.2542875537e-01 2.5667172088e-08
1574 2.2547010137e-01 2.2785835219e-08
1575 2.2545881855e-01 2.1463749605e-08
1576 2.2544581568e-01 4.0958331170e-08
1577 2.2541704614e-01 3.0376319223e-08
1578 2.2535256275e-01 1.3955494066e-08
1579 2.2526798167e-01 1.4022084116e-08
1580 2.2518026067e-01 2.7178251688e-08
1581 2.2507071265e-01 2.8058445642e-08
1582 2.2496369007e-01 1.5049283946e-08
1583 2.2487878536e-01 1.9868165704e-08
1584 2.2478834004e-01 1.4350345618e-08
1585 2.2470458633e-01 1.2639351583e-08
1586 2.2464973434e-01 1.5927713221e-08
1587 2.2459622940e-01 1.7388312469e-08
1588 2.2451981414e-01 2.2386070221e-08
1589 2.2444751898e-01 2.9454239111e-08
1590 2.2438849275e-01 2.3146727800e-08
1591 2.2433787287e-01 2.5460166486e-08
1592 2.2428773962e-01 1.9640984256e-08
1593 2.2425543296e-01 1.5462220905e-08
1594 2.2426767492e-01 2.7308406247e-08
1595 2.2428774408e-01 3.0993684636e-08
1596 2.2428821384e-01 2.0652942659e-08
1597 2.2430310435e-01 1.5011122971e-08
1598 2.2434250472e-01 1.5509483432e-08
1599 2.2436498940e-01 1.3996398903e-08
1600 2.2440593878e-01 1.5888396616e-08
1601 2.2449856838e-01 1.5002234153e-08
1602 2.2461739142e-01 1.6098967541e-08
1603 2.2474297971e-01 2.0651056782e-08
1604 2.2485753165e-01 1.9313021614e-08
1605 2.2498327059e-01 1.4850801146e-08
1606 2.2509375555e-01 1.7119814887e-08
1607 2.2517719348e-01 1.6460213648e-08
1608 2.2522252321e-01 1.5342675270e-08
1609 2.2523013300e-01 1.5126033818e-08
1610 2.2522278456e-01 1.6243253068e-08
1611 2.2519755929e-01 1.7086041311e-08
1612 2.2513504544e-01 1.8940329575e-08
1613 2.2503612557e-01 2.8855436382e-08
1614 2.2497080315e-01 2.6819876853e-08
1615 2.2490056252e-01 2.0353274006e-08
1616 2.2478169303e-01 1.5640246067e-08
1617 2.2465327701e-01 1.8685539863e-08
1618 2.2456944520e-01 2.8019730368e-08
1619 2.2450207428e-01 2.9961299946e-08
1620 2.2443563269e-01 2.4537510160e-08
1621 2.2438058830e-01 1.8209072849e-08
1622 2.2435787870e-01 1.8228529696e-08
1623 2.2431323764e-01 2.2250453028e-08
1624 2.2422189413e-01 2.5285907758e-08
1625 2.2412314438e-01 2.5052356299e-08
1626 2.2407245631e-01 2.3231366164e-08
1627 2.2405725368e-01 2.0763540924e-08
1628 2.2406188742e-01 1.6926013579e-08
1629 2.2408482134e-01 2.3908766154e-08
1630 2.2412751719e-01 3.2452498379e-08
1631 2.2422463264e-01 2.6763247067e-08
1632 2.2430869993e-01 1.8852507327e-08
1633 2.2431357252e-01 1.9818954058e-08
1634 2.2428810041e-01 2.4282380322e-08
1635 2.2426816070e-01 2.9582198497e-08
1636 2.2418249302e-01 3.1133705190e-08
1637 2.2405435686e-01 2.3267238282e-08
1638 2.2390609418e-01 1.8172032592e-08
1639 2.2377257095e-01 1.8841009223e-08
1640 2.2370185627e-01 2.3091344989e-08
1641 2.2362626277e-01 3.0040836834e-08
1642 2.2354667062e-01 3.1550450104e-08
1643 2.2347422192e-01 1.7989450120e-08
1644 2.2338502251e-01 1.6246839323e-08
1645 2.2326384620e-01 1.6525964261e-08
1646 2.2316294545e-01 1.9693904432e-08
1647 2.2314474736e-01 1.7097252555e-08
1648 2.2317067790e-01 2.7949864121e-08
1649 2.2317712909e-01 1.7935610886e-08
1650 2.2324977745e-01 1.5816269602e-08
1651 2.2331728107e-01 2.2238114819e-08
1652 2.2344737018e-01 2.0432758337e-08
1653 2.2349707392e-01 3.7780533841e-08
1654 2.2362836860e-01 5.7804607760e-08
1655 2.2371221134e-01 3.7786284983e-08
1656 2.2375385369e-01 2.0167100237e-08
1657 2.2390313657e-01 2.0092812619e-08
1658 2.2381173401e-01 1.8347062971e-08
1659 2.2393739099e-01 2.3390895462e-08
1660 2.2417758304e-01 3.7682659396e-08
1661 2.2402342939e-01 2.8067560911e-08
1662 2.2454844588e-01 1.6268731484e-08
1663 2.2407375975e-01 1.6492024743e-08
1664 2.2469295399e-01 1.6320902221e-08
1665 2.2414891316e-01 1.6488412890e-08
1666 2.2450731225e-01 2.5178637540e-08
1667 2.2418564440e-01 2.3485668143e-08
1668 2.2426678464e-01 1.9645330338e-08
1669 2.2415642320e-01 2.8079309399e-08
1670 2.2400801973e-01 1.5632124342e-08
1671 2.2407592087e-01 1.4991795172e-08
1672 2.2390683858e-01 1.6783385043e-08
1673 2.2379617964e-01 1.6575985014e-08
1674 2.2372723003e-01 1.6140994446e-08
1675 2.2352468401e-01 3.7541061017e-08
1676 2.2343811102e-01 2.6593326447e-08
1677 2.2332159263e-01 1.5556868190e-08
1678 2.2315384535e-01 1.4696407198e-08
1679 2.2310553293e-01 1.5151332712e-08
1680 2.2300296172e-01 1.2495061987e-08
1681 2.2298528619e-01 2.6412897286e-08
1682 2.2293578158e-01 1.7042954747e-08
1683 2.2291273125e-01 1.9921659021e-08
1684 2.2290883458e-01 2.1176065012e-08
1685 2.2285662302e-01 1.6022571132e-08
1686 2.2282205599e-01 1.8870035253e-08
1687 2.2276384517e-01 2.1162009261e-08
1688 2.2276351316e-01 1.4391843584e-08
1689 2.2278945375e-01 1.7606993724e-08
1690 2.2276807593e-01 1.9887958616e-08
1691 2.2283879780e-01 1.4589262017e-08
1692 2.2285801235e-01 1.2479754324e-08
1693 2.2285724761e-01 1.3693256460e-08
1694 2.2297569061e-01 1.3514863944e-08
1695 2.2289752774e-01 1.2473086373e-08
1696 2.2303897005e-01 1.1134577179e-08
1697 2.2313755458e-01 1.1922130573e-08
1698 2.2306834479e-01 1.2131319492e-08
1699 2.2322556209e-01 1.2808272744e-08
1700 2.2322442673e-01 1.5434709404e-08
1701 2.2319662728e-01 1.5442066398e-08
1702 2.2344569646e-01 1.5055557234e-08
1703 2.2331031508e-01 1.4141143488e-08
1704 2.2337912611e-01 1.3372537677e-08
1705 2.2358488506e-01 1.5398789008e-08
1706 2.2345371220e-01 1.5290610170e-08
1707 2.2359144837e-01 1.4883031368e-08
1708 2.2358811971e-01 1.3450156118e-08
1709 2.2365425186e-01 1.2399397350e-08
1710 2.2374743882e-01 1.9837191758e-08
1711 2.2374755864e-01 1.8819435306e-08
1712 2.2378018208e-01 1.1007373135e-08
1713 2.2380981118e-01 1.3686118460e-08
1714 2.2375355524e-01 1.1163410631e-08
1715 2.2374761863e-01 1.5955090061e-08
1716 2.2365365357e-01 1.3209022710e-08
1717 2.2364943427e-01 2.2014125551e-08
1718 2.2356415295e-01 1.5449644371e-08
1719 2.2349756572e-01 1.0725318606e-08
1720 2.2347245627e-01 1.1125458791e-08
1721 2.2344018521e-01 1.0718875190e-08
1722 2.2342016609e-01 1.1126389005e-08
1723 2.2341035401e-01 1.3962589875e-08
1724 2.2336114978e-01 1.0402183127e-08
1725 2.2334377519e-01 1.0795188747e-08
1726 2.2326441831e-01 9.7671604023e-09
1727 2.2319328083e-01 1.0196579380e-08
1728 2.2305978762e-01 1.7422313493e-08
1729 2.2297088642e-01 1.8247866052e-08
1730 2.2286114640e-01 1.0891331517e-08
1731 2.2277128636e-01 1.3217947799e-08
1732 2.2267921756e-01 1.6385930011e-08
1733 2.2255189745e-01 1.8510104776e-08
1734 2.2242469506e-01 1.8324124701e-08
1735 2.2230090513e-01 1.3056417224e-08
1736 2.2222718168e-01 1.1004740798e-08
1737 2.2224992802e-01 1.1313671247e-08
1738 2.2225190199e-01 1.1770962720e-08
1739 2.2222049195e-01 1.4238836609e-08
1740 2.2225187281e-01 1.9294424048e-08
1741 2.2230016619e-01 2.0278476182e-08
1742 2.2231635535e-01 1.4379117261e-08
1743 2.2232622691e-01 1.6389150223e-08
1744 2.2241063345e-01 1.7725698808e-08
1745 2.2246192801e-01 1.4034101189e-08
1746 2.2249030411e-01 1.4064136940e-08
1747 2.2253753835e-01 1.5056957917e-08
1748 2.2262855935e-01 1.3852309453e-08
1749 2.2277372828e-01 2.0030026971e-08
1750 2.2294058350e-01 1.5800511135e-08
1751 2.2311432560e-01 1.5546308319e-08
1752 2.2327950687e-01 1.6570915889e-08
1753 2.2338484082e-01 1.6905655461e-08
1754 2.2339797455e-01 1.6023773117e-08
1755 2.2339150921e-01 1.9283896000e-08
1756 2.2339675999e-01 1.6672541128e-08
1757 2.2340099195e-01 1.4900053934e-08
1758 2.2340438528e-01 1.5992450995e-08
1759 2.2338987787e-01 1.9227969337e-08
1760 2.2334192072e-01 2.5617929771e-08
1761 2.2325346513e-01 2.1778085906e-08
1762 2.2312149626e-01 1.4692591060e-08
1763 2.2300155085e-01 2.2383671371e-08
1764 2.2291023652e-01 2.2115077872e-08
1765 2.2281055818e-01 1.7548410981e-08
1766 2.2265913219e-01 1.6046556583e-08
1767 2.2251572375e-01 1.8781196821e-08
1768 2.2237599989e-01 1.9881588522e-08
1769 2.2220191482e-01 1.8729286721e-08
1770 2.2199495700e-01 2.0640070739e-08
1771 2.2175717847e-01 2.0866040897e-08
1772 2.2146248577e-01 2.0583011813e-08
1773 2.2118891254e-01 1.7214930499e-08
1774 2.2096802676e-01 1.8241888346e-08
1775 2.2072797472e-01 1.8765508310e-08
1776 2.2052570288e-01 1.7628626229e-08
1777 2.2046761031e-01 1.9653645753e-08
1778 2.2048894030e-01 2.0085543005e-08
1779 2.2052667920e-01 2.7163835793e-08
1780 2.2055254996e-01 2.5213038576e-08
1781 2.2058553763e-01 2.1268109243e-08
1782 2.2061705016e-01 2.1967156771e-08
1783 2.2061253490e-01 2.1577806537e-08
1784 2.2060490367e-01 2.4248143201e-08
1785 2.2065448099e-01 2.9912056973e-08
1786 2.2071675359e-01 2.7482634101e-08
1787 2.2075602594e-01 2.2322915044e-08
1788 2.2082547137e-01 2.0657747265e-08
1789 2.2096940525e-01 2.4563582145e-08
1790 2.2115155709e-01 3.0997986925e-08
1791 2.2121017923e-01 2.9192496626e-08
1792 2.2119122994e-01 2.1822190257e-08
1793 2.2119774379e-01 2.1769657798e-08
1794 2.2120314982e-01 2.6024224386e-08
1795 2.2111444438e-01 2.8898284587e-08
1796 2.2092042140e-01 3.7082316222e-08
1797 2.2069137315e-01 3.4250070657e-08
1798 2.2051704838e-01 3.0192654043e-08
1799 2.2042092230e-01 4.0676052891e-08
1800 2.2025366409e-01 3.7681087142e-08
1801 2.2006146083e-01 2.6356099985e-08
1802 2.1998255893e-01 2.5641653072e-08
1803 2.1993689341e-01 2.6878379485e-08
1804 2.1991107116e-01 2.8932413767e-08
1805 2.1993721512e-01 3.2759229770e-08
1806 2.2012252114e-01 3.0506384813e-08
1807 2.2044740379e-01 2.8580177172e-08
1808 2.2071505667e-01 3.1128202372e-08
1809 2.2092816789e-01 3.1141156441e-08
1810 2.2122112154e-01 2.7995300581e-08
1811 2.2158878795e-01 3.9281390279e-08
1812 2.2165699592e-01 4.8236600698e-08
1813 2.2174448141e-01 3.7679523141e-08
1814 2.2203825124e-01 3.1427632288e-08
1815 2.2220294687e-01 3.3173071662e-08
1816 2.2226938456e-01 4.0305962941e-08
1817 2.2226636128e-01 4.3728661397e-08
1818 2.2227343891e-01 4.5092171595e-08
1819 2.2223566839e-01 3.9511331442e-08
1820 2.2186106968e-01 2.3054077154e-08
1821 2.2135289965e-01 4.1929358941e-08
1822 2.2086373424e-01 4.3009991049e-08
1823 2.2027904935e-01 3.3931412799e-08
1824 2.1945404117e-01 2.6897703826e-08
1825 2.1866616029e-01 2.4155567946e-08
1826 2.1806944101e-01 2.5170646203e-08
1827 2.1759195616e-01 2.2937844458e-08
1828 2.1709891397e-01 2.5020020667e-08
1829 2.1669325724e-01 2.9264765818e-08
1830 2.1640192263e-01 2.7977256337e-08
1831 2.1612430510e-01 2.2490351597e-08
1832 2.1587953586e-01 4.1307986529e-08
1833 2.1584390660e-01 3.2467035883e-08
1834 2.1600502466e-01 1.9950696163e-08
1835 2.1619882250e-01 2.1380779568e-08
1836 2.1641980249e-01 2.0709857190e-08
1837 2.1672745011e-01 1.8561197752e-08
1838 2.1724172198e-01 1.8676136674e-08
1839 2.1772277031e-01 1.9094258533e-08
1840 2.1813939044e-01 1.9188039993e-08
1841 2.1860820292e-01 1.8339177962e-08
1842 2.1903993300e-01 1.7410670864e-08
1843 2.1939064240e-01 1.7022029546e-08
1844 2.1968088833e-01 1.6895950829e-08
1845 2.1988719748e-01 1.6304478915e-08
1846 2.2013507980e-01 1.7854198424e-08
1847 2.2043706630e-01 1.8186068133e-08
1848 2.2060329120e-01 1.6634538003e-08
1849 2.2063593000e-01 1.6253549223e-08
1850 2.2056935287e-01 1.5330730486e-08
1851 2.2043495607e-01 1.3464709504e-08
1852 2.2020198064e-01 1.3556614711e-08
1853 2.1992338436e-01 1.3731343890e-08
1854 2.1981790935e-01 1.3755870243e-08
1855 2.1979888287e-01 1.4554563036e-08
1856 2.1973719788e-01 1.2822691377e-08
1857 2.1956497481e-01 1.4415810579e-08
1858 2.1945075763e-01 1.7510974657e-08
1859 2.1938660333e-01 1.3983709833e-08
1860 2.1926838876e-01 1.4053988063e-08
1861 2.1910901807e-01 2.4496905522e-08
1862 2.1901296518e-01 2.7860657461e-08
1863 2.1892532338e-01 2.4392930443e-08
1864 2.1881629012e-01 1.9627882560e-08
1865 2.1871254006e-01 1.4807122228e-08
1866 2.1862450336e-01 1.1118566741e-08
1867 2.1856860903e-01 1.4257579953e-08
1868 2.1851064371e-01 2.1297829861e-08
1869 2.1838230731e-01 1.6574945647e-08
1870 2.1823632389e-01 1.2695422190e-08
1871 2.1806846167e-01 1.3331324691e-08
1872 2.1791009699e-01 1.2437771330e-08
1873 2.1770138783e-01 1.3242830127e-08
1874 2.1747084114e-01 1.3431105489e-08
1875 2.1748254523e-01 1.4012868506e-08
1876 2.1736849319e-01 1.9558845882e-08
1877 2.1734417292e-01 1.8398251522e-08
1878 2.1741032954e-01 1.1626775273e-08
1879 2.1704911028e-01 1.3271802226e-08
1880 2.1742589731e-01 1.9449133232e-08
1881 2.1709737648e-01 1.6105883981e-08
1882 2.1725335066e-01 1.1094748357e-08
1883 2.1729146430e-01 1.3165588683e-08
1884 2.1718454246e-01 1.0666267211e-08
1885 2.1768785890e-01 1.2003441568e-08
1886 2.1729202480e-01 1.2274653084e-08
1887 2.1792755801e-01 1.4987195945e-08
1888 2.1804633600e-01 1.3714133294e-08
1889 2.1791993731e-01 1.1464638767e-08
1890 2.1847370723e-01 1.8761087983e-08
1891 2.1784493387e-01 1.6852406138e-08
1892 2.1838384342e-01 1.5107866922e-08
1893 2.1796475804e-01 1.5834848620e-08
1894 2.1817987390e-01 9.8325341024e-09
1895 2.1832295442e-01 1.6763872201e-08
1896 2.1823210215e-01 1.7302925330e-08
1897 2.1853308577e-01 9.8582223746e-09
1898 2.1849594943e-01 1.0151984754e-08
1899 2.1862902125e-01 1.9170554953e-08
1900 2.1866814368e-01 1.5555202698e-08
1901 2.1865476018e-01 1.6832311644e-08
1902 2.1878274276e-01 2.2591765671e-08
1903 2.1859823433e-01 1.4052290452e-08
1904 2.1890570701e-01 1.5196418457e-08
1905 2.1861029236e-01 1.2302464582e-08
1906 2.1866550347e-01 1.3664154433e-08
1907 2.1889238211e-01 2.1187803311e-08
1908 2.1861553051e-01 1.7507497877e-08
1909 2.1874876210e-01 1.3806152857e-08
1910 2.1854336891e-01 1.7848458279e-08
1911 2.1837455916e-01 1.5467580683e-08
1912 2.1834349115e-01 1.2142543335e-08
1913 2.1800904109e-01 1.4131929381e-08
1914 2.1795983276e-01 1.4835481267e-08
1915 2.1761441063e-01 1.0989598379e-08
1916 2.1739309860e-01 1.4075357301e-08
1917 2.1722067410e-01 1.5857835267e-08
1918 2.1675000257e-01 1.4338726769e-08
1919 2.1642026544e-01 1.2444688131e-08
1920 2.1588870415e-01 1.8904944654e-08
1921 2.1566805739e-01 2.1769965441e-08
1922 2.1534719624e-01 1.4510715562e-08
1923 2.1497829102e-01 1.0688483120e-08
1924 2.1498457841e-01 1.6351745143e-08
1925 2.1472133767e-01 1.5478184065e-08
1926 2.1461619691e-01 1.3945930393e-08
1927 2.1478589044e-01 1.8606839369e-08
1928 2.1451971698e-01 1.6112370462e-08
1929 2.1502018640e-01 1.5687616030e-08
1930 2.1485620881e-01 1.8299936360e-08
1931 2.1521655838e-01 1.8534094911e-08
1932 2.1537966702e-01 1.3642937917e-08
1933 2.1547562360e-01 1.4546591928e-08
1934 2.1569089867e-01 1.4503226981e-08
1935 2.1576961241e-01 2.1098828773e-08
1936 2.1589528314e-01 1.2378502017e-08
1937 2.1596544398e-01 1.5264094780e-08
1938 2.1594793475e-01 1.1561836652e-08
1939 2.1602127197e-01 1.8137409077e-08
1940 2.1605182548e-01 1.2054500237e-08
1941 2.1609555368e-01 2.0121120833e-08
1942 2.1623627300e-01 1.4744386325e-08
1943 2.1630652716e-01 1.2041588805e-08
1944 2.1642321274e-01 1.2990367038e-08
1945 2.1659466282e-01 2.4806316129e-08
1946 2.1671223888e-01 2.2117287004e-08
1947 2.1673052989e-01 1.5732911510e-08
1948 2.1665232382e-01 1.6507753854e-08
1949 2.1657014330e-01 1.9606913631e-08
1950 2.1644799760e-01 2.8956683754e-08
1951 2.1626065357e-01 1.5767851016e-08
1952 2.1620951734e-01 1.4158058936e-08
1953 2.1610711114e-01 1.3637086351e-08
1954 2.1596597408e-01 1.4612280137e-08
1955 2.1582868730e-01 1.8221274813e-08
1956 2.1568814468e-01 2.0934187257e-08
1957 2.1558125514e-01 1.5796213871e-08
1958 2.1541866018e-01 2.0701223757e-08
1959 2.1509007915e-01 1.6098372145e-08
1960 2.1479710258e-01 2.1907295902e-08
1961 2.1440794994e-01 1.6938346602e-08
1962 2.1399583881e-01 2.1906487160e-08
1963 2.1368096310e-01 1.4059242598e-08
1964 2.1339644670e-01 2.2746275990e-08
1965 2.1313763216e-01 2.0475372501e-08
1966 2.1288671040e-01 1.3743902430e-08
1967 2.1261834110e-01 1.3857484358e-08
1968 2.1226660236e-01 1.4679649158e-08
1969 2.1185319505e-01 1.6501199608e-08
1970 2.1144353332e-01 3.1202170799e-08
1971 2.1112888764e-01 2.3146834423e-08
1972 2.1091338014e-01 1.9025279745e-08
1973 2.1077126758e-01 1.5429553610e-08
1974 2.1057696389e-01 1.8290315703e-08
1975 2.1038740028e-01 1.8167444351e-08
1976 2.1023568204e-01 1.3801206838e-08
1977 2.1015065918e-01 1.3954873873e-08
1978 2.1009348280e-01 1.4490612459e-08
1979 2.0993475655e-01 1.4334409176e-08
1980 2.0975827561e-01 1.3214228728e-08
1981 2.0966784065e-01 1.4061521193e-08
1982 2.0950546201e-01 1.8561270479e-08
1983 2.0937337633e-01 1.8285035203e-08
1984 2.0932853398e-01 1.5358333100e-08
1985 2.0936044278e-01 2.1002894428e-08
1986 2.0938582988e-01 2.1961863282e-08
1987 2.0934897948e-01 2.0539219934e-08
1988 2.0937236738e-01 2.2682536520e-08
1989 2.0948668229e-01 1.9773280279e-08
1990 2.0958355692e-01 1.5096463218e-08
1991 2.0975950744e-01 1.8072955433e-08
1992 2.1001413710e-01 1.6335136835e-08
1993 2.1034711720e-01 1.3305248123e-08
1994 2.1060808874e-01 1.6080238643e-08
1995 2.1084498091e-01 1.8695815949e-08
1996 2.1104548661e-01 1.1951296099e-08
1997 2.1125869520e-01 2.1906850438e-08
1998 2.1142076557e-01 1.7685723628e-08
1999 2.1151898910e-01 1.4316593807e-08
