iter rel_error rel_residual
0 6.5225434234e+00 3.6460721183e-01
1 6.4915842470e+00 2.1007069768e-01
2 7.4656320126e+00 1.3414463488e-01
3 8.2260720725e+00 9.4001294876e-02
4 7.7808417805e+00 7.2569070508e-02
5 6.7666592414e+00 5.3179740592e-02
6 6.6102559346e+00 4.8097275673e-02
7 7.1944731873e+00 3.9865650091e-02
8 7.4322555534e+00 3.3320265348e-02
9 6.7469131215e+00 2.9635423873e-02
10 6.2050018717e+00 2.2976824094e-02
11 6.0973006472e+00 2.1254264019e-02
12 5.9203833125e+00 1.9186872967e-02
13 5.5391777344e+00 1.6996551677e-02
14 5.2102449542e+00 1.6225302646e-02
15 5.0351142841e+00 1.4724279529e-02
16 4.7859235105e+00 1.4327630796e-02
17 4.5405107568e+00 1.1878677057e-02
18 4.4332225093e+00 1.1971611561e-02
19 4.3483452303e+00 1.0666889820e-02
20 4.2189078660e+00 9.8607432330e-03
21 4.1136394430e+00 8.8291455873e-03
22 4.0241256811e+00 8.7244686739e-03
23 3.8982876038e+00 7.9418012741e-03
24 3.7241389699e+00 7.8312005621e-03
25 3.5309120025e+00 7.0063350617e-03
26 3.3447977919e+00 7.0397721832e-03
27 3.2228488753e+00 6.4818200282e-03
28 3.2164149992e+00 6.5141592446e-03
29 3.3268109465e+00 6.1070237500e-03
30 3.4616908662e+00 6.0643536491e-03
31 3.6214484803e+00 5.2829961455e-03
32 3.8163375578e+00 5.5175190834e-03
33 3.9551242848e+00 5.2878113775e-03
34 4.0228193628e+00 4.8123742533e-03
35 4.0546621272e+00 4.6939278991e-03
36 4.0583188565e+00 4.6782963894e-03
37 4.0410462693e+00 4.3720798706e-03
38 3.9821246946e+00 4.1479796433e-03
39 3.8498316293e+00 4.2482049351e-03
40 3.7089479195e+00 4.0500322344e-03
41 3.6476720881e+00 3.8682465345e-03
42 3.6138238856e+00 3.7726770492e-03
43 3.5413234830e+00 3.7496234743e-03
44 3.4468793570e+00 3.5068182754e-03
45 3.3785110790e+00 3.2195923536e-03
46 3.3302728703e+00 3.3569441346e-03
47 3.2714871170e+00 3.3345143057e-03
48 3.2112062793e+00 3.0001596037e-03
49 3.1982008299e+00 3.2449661070e-03
50 3.2522097831e+00 3.0693980269e-03
51 3.3417990704e+00 2.9628224589e-03
52 3.4362195948e+00 2.9596086230e-03
53 3.5293767800e+00 2.8875341521e-03
54 3.6437079510e+00 2.7449772842e-03
55 3.7403487927e+00 2.6248469995e-03
56 3.7794425042e+00 2.5402270126e-03
57 3.7897808786e+00 2.4618175028e-03
58 3.7836588903e+00 2.4658031166e-03
59 3.7464420240e+00 2.3947653479e-03
60 3.6821317129e+00 2.2704438539e-03
61 3.5772126687e+00 2.5102486896e-03
62 3.4583767730e+00 2.2928284174e-03
63 3.3710848749e+00 2.4592338104e-03
64 3.2765653198e+00 2.2732784408e-03
65 3.1676677907e+00 2.1115353538e-03
66 3.0947687410e+00 2.1961956682e-03
67 3.0616846515e+00 1.9892513058e-03
68 3.0573271389e+00 2.0216328437e-03
69 3.0939609516e+00 1.8520214074e-03
70 3.1504793817e+00 2.0170306946e-03
71 3.2166181340e+00 1.9132588610e-03
72 3.2877574978e+00 1.8054178961e-03
73 3.3625510077e+00 1.8737218308e-03
74 3.4451542855e+00 1.7980074863e-03
75 3.5159330080e+00 1.7788294654e-03
76 3.5604056429e+00 1.6913690522e-03
77 3.5829619525e+00 1.7429442949e-03
78 3.5807367228e+00 1.7810755166e-03
79 3.5539692302e+00 1.7210888730e-03
80 3.5181980052e+00 1.8227433890e-03
81 3.4762041313e+00 1.7000576083e-03
82 3.4146085685e+00 1.7434366418e-03
83 3.3495780160e+00 1.6692583392e-03
84 3.2984055564e+00 1.6622553110e-03
85 3.2428599570e+00 1.6072974683e-03
86 3.1929117828e+00 1.6874593565e-03
87 3.1735408315e+00 1.4900732049e-03
88 3.1597727054e+00 1.5307245234e-03
89 3.1431230281e+00 1.5140577252e-03
90 3.1374140670e+00 1.4891086657e-03
91 3.1318287512e+00 1.4673176677e-03
92 3.1161485635e+00 1.3823379910e-03
93 3.1024926389e+00 1.4006785456e-03
94 3.0965000571e+00 1.4221002568e-03
95 3.0998750249e+00 1.4746648161e-03
96 3.1141088752e+00 1.3269285790e-03
97 3.1258167392e+00 1.3588113401e-03
98 3.1382673399e+00 1.2552441289e-03
99 3.1526171493e+00 1.2397297110e-03
100 3.1650248201e+00 1.2588241071e-03
101 3.1769535633e+00 1.2537785682e-03
102 3.1898106944e+00 1.2281761793e-03
103 3.1999553805e+00 1.1868438246e-03
104 3.2065426804e+00 1.2258842908e-03
105 3.2032060246e+00 1.1584953190e-03
106 3.1906274577e+00 1.0986907347e-03
107 3.1893186833e+00 1.1892896308e-03
108 3.1898064287e+00 1.0622670185e-03
109 3.1820013227e+00 1.1164321883e-03
110 3.1723826897e+00 1.0619049319e-03
111 3.1552925214e+00 9.9878468592e-04
112 3.1311896035e+00 1.0409175298e-03
113 3.1033167783e+00 9.4748476037e-04
114 3.0643039787e+00 9.6210880429e-04
115 3.0218674345e+00 9.5641052381e-04
116 2.9904045619e+00 9.5094503698e-04
117 2.9631478518e+00 9.3039191991e-04
118 2.9407780974e+00 8.9875704889e-04
119 2.9290824932e+00 8.9867373441e-04
120 2.9229396467e+00 9.2768286515e-04
121 2.9193404757e+00 8.6841982782e-04
122 2.9161317150e+00 8.9556431666e-04
123 2.9145019302e+00 8.8898451693e-04
124 2.9162818197e+00 8.6629559253e-04
125 2.9185216454e+00 8.5007684457e-04
126 2.9280205649e+00 8.3095254596e-04
127 2.9370883706e+00 8.3096650034e-04
128 2.9394533754e+00 8.1156912819e-04
129 2.9399957128e+00 8.0837916347e-04
130 2.9372195412e+00 7.5778891117e-04
131 2.9321783723e+00 7.8169906658e-04
132 2.9273391793e+00 7.9083091213e-04
133 2.9180287213e+00 7.6878161921e-04
134 2.9031485519e+00 7.7401590285e-04
135 2.8944369048e+00 7.3398217607e-04
136 2.8869142515e+00 7.4839075135e-04
137 2.8723783562e+00 7.7417470259e-04
138 2.8551821594e+00 8.0358252553e-04
139 2.8455635674e+00 7.6441947414e-04
140 2.8255897048e+00 7.2763683191e-04
141 2.7993074393e+00 7.6707938315e-04
142 2.7667808430e+00 7.0261736854e-04
143 2.7293935221e+00 7.1138440028e-04
144 2.6939895903e+00 6.8596343526e-04
145 2.6610943759e+00 6.9897498046e-04
146 2.6273927039e+00 7.3582076465e-04
147 2.6061951779e+00 7.0748790441e-04
148 2.6004043986e+00 6.8752366084e-04
149 2.6053103574e+00 6.5486530058e-04
150 2.6147784808e+00 6.9141581433e-04
151 2.6235551220e+00 6.5052735375e-04
152 2.6329975190e+00 6.4599030340e-04
153 2.6422052414e+00 6.5380583426e-04
154 2.6443808309e+00 6.4580270501e-04
155 2.6427348618e+00 6.6225414331e-04
156 2.6374591283e+00 6.4779516487e-04
157 2.6180147912e+00 6.3586105832e-04
158 2.5919585193e+00 5.9236003027e-04
159 2.5608768150e+00 6.2060773199e-04
160 2.5234823410e+00 6.0836261333e-04
161 2.4854558241e+00 6.0494079202e-04
162 2.4477000018e+00 6.1792350801e-04
163 2.4052253062e+00 5.8337183466e-04
164 2.3690324501e+00 6.0672849774e-04
165 2.3372829519e+00 6.1145659754e-04
166 2.3075651131e+00 5.8300256356e-04
167 2.2803739802e+00 6.1838040626e-04
168 2.2517219084e+00 6.0401419445e-04
169 2.2303007707e+00 6.4844122615e-04
170 2.2125724571e+00 6.2755259382e-04
171 2.1906269512e+00 5.6667343208e-04
172 2.1685566120e+00 5.3443837581e-04
173 2.1568797475e+00 5.6789768994e-04
174 2.1494168371e+00 5.6266570505e-04
175 2.1410305609e+00 5.9672390631e-04
176 2.1382478958e+00 6.2742544142e-04
177 2.1396799024e+00 6.0296088451e-04
178 2.1436823326e+00 5.6602653245e-04
179 2.1430572364e+00 5.2992887527e-04
180 2.1414858634e+00 5.3304148225e-04
181 2.1440347054e+00 5.5780206114e-04
182 2.1385506639e+00 5.5981717243e-04
183 2.1315862910e+00 6.0375342405e-04
184 2.1295943718e+00 5.6808360849e-04
185 2.1243224187e+00 5.3092905000e-04
186 2.1089740560e+00 5.4255094665e-04
187 2.0941872117e+00 5.0428316330e-04
188 2.0761845049e+00 5.2405612963e-04
189 2.0535741025e+00 5.3056275158e-04
190 2.0330613737e+00 5.6663557114e-04
191 2.0126710710e+00 5.3835554986e-04
192 1.9877746933e+00 4.9532877630e-04
193 1.9639300315e+00 5.0116669479e-04
194 1.9405490299e+00 4.6657128041e-04
195 1.9207112339e+00 4.7793727519e-04
196 1.9015926796e+00 4.6214708027e-04
197 1.8848238404e+00 5.1120772266e-04
198 1.8726189084e+00 4.9054580398e-04
199 1.8652201523e+00 5.1896881808e-04
200 1.8620139085e+00 5.1901172313e-04
201 1.8641062491e+00 5.0974701770e-04
202 1.8676284815e+00 4.9534841634e-04
203 1.8684145224e+00 4.7117543256e-04
204 1.8716018729e+00 4.8146552756e-04
205 1.8797009944e+00 4.4980967455e-04
206 1.8844705534e+00 4.4373805040e-04
207 1.8827069764e+00 4.5105580584e-04
208 1.8844376460e+00 4.3047614916e-04
209 1.8909101243e+00 4.3432422213e-04
210 1.8899437230e+00 4.2101005740e-04
211 1.8783561150e+00 4.2828393827e-04
212 1.8644326059e+00 4.3362227488e-04
213 1.8555908875e+00 4.1726709651e-04
214 1.8459472436e+00 4.5179202531e-04
215 1.8324303318e+00 4.0111535975e-04
216 1.8218665731e+00 4.1899027128e-04
217 1.8088908817e+00 3.9966978274e-04
218 1.7922635578e+00 4.0784850439e-04
219 1.7739022882e+00 4.1765147523e-04
220 1.7544992338e+00 3.9361345693e-04
221 1.7320845624e+00 4.2874394824e-04
222 1.7125427280e+00 3.9864599744e-04
223 1.6950565871e+00 3.8746740894e-04
224 1.6754895931e+00 3.6638649195e-04
225 1.6569778208e+00 3.6846035333e-04
226 1.6414421903e+00 3.7819648159e-04
227 1.6304368323e+00 3.7559678209e-04
228 1.6239899243e+00 3.8222886970e-04
229 1.6208416145e+00 3.6894521608e-04
230 1.6239434797e+00 3.8077994411e-04
231 1.6324349677e+00 3.7197900139e-04
232 1.6428951942e+00 3.7187661227e-04
233 1.6576098358e+00 3.6368195287e-04
234 1.6752423175e+00 3.7873713476e-04
235 1.6916032033e+00 3.8723964482e-04
236 1.7115506780e+00 3.7763548435e-04
237 1.7358855113e+00 3.6581017359e-04
238 1.7519396223e+00 3.7226384072e-04
239 1.7563527653e+00 3.6719092915e-04
240 1.7579569280e+00 3.6087793292e-04
241 1.7557717272e+00 3.6448322139e-04
242 1.7435512187e+00 3.4584221327e-04
243 1.7205993015e+00 3.6113091185e-04
244 1.6925297460e+00 3.5192287202e-04
245 1.6695174831e+00 3.6223743130e-04
246 1.6514873978e+00 3.4353726235e-04
247 1.6326256673e+00 3.5050152643e-04
248 1.6129053024e+00 3.5024098528e-04
249 1.5984142540e+00 3.5938140497e-04
250 1.5852869978e+00 3.5249564890e-04
251 1.5719463904e+00 3.4965682157e-04
252 1.5616544200e+00 3.4931502764e-04
253 1.5558583283e+00 3.3543064183e-04
254 1.5560410346e+00 3.2777249481e-04
255 1.5607005653e+00 3.3173630020e-04
256 1.5668004407e+00 3.2975478746e-04
257 1.5763645495e+00 3.3934895424e-04
258 1.5903662196e+00 3.2409048448e-04
259 1.6035646883e+00 3.1960927552e-04
260 1.6148355638e+00 3.1135166163e-04
261 1.6285093634e+00 3.2330063576e-04
262 1.6465422910e+00 3.2555417317e-04
263 1.6639796392e+00 3.2563944931e-04
264 1.6788733361e+00 3.1475587905e-04
265 1.6908027561e+00 3.0709784043e-04
266 1.6992504861e+00 3.2004193476e-04
267 1.7006788056e+00 3.1813418357e-04
268 1.6987385062e+00 3.1318564517e-04
269 1.6940962289e+00 3.0278652293e-04
270 1.6827605270e+00 3.1849001079e-04
271 1.6685401900e+00 3.0666123274e-04
272 1.6562809992e+00 3.0963590579e-04
273 1.6420681808e+00 3.0794708103e-04
274 1.6233516550e+00 3.0802611305e-04
275 1.6049157812e+00 3.0530102751e-04
276 1.5892779988e+00 3.0010500786e-04
277 1.5752442863e+00 3.0053891382e-04
278 1.5608947172e+00 2.9907836076e-04
279 1.5496129591e+00 3.0710424425e-04
280 1.5442295047e+00 2.9028384702e-04
281 1.5425703433e+00 2.9676747459e-04
282 1.5441494351e+00 2.8766775428e-04
283 1.5483773802e+00 2.7015947309e-04
284 1.5542874180e+00 2.8553795843e-04
285 1.5638285217e+00 2.7887739740e-04
286 1.5753991835e+00 2.9453722600e-04
287 1.5854451127e+00 2.8167225885e-04
288 1.5968056261e+00 2.8366745782e-04
289 1.6080680782e+00 2.7178613054e-04
290 1.6163907001e+00 2.7242886393e-04
291 1.6235375401e+00 2.7670617657e-04
292 1.6335426188e+00 2.6570044531e-04
293 1.6390776750e+00 2.7100057216e-04
294 1.6371102860e+00 2.7951082100e-04
295 1.6337520519e+00 2.6429378898e-04
296 1.6266637312e+00 2.7780686259e-04
297 1.6210275933e+00 2.7039869438e-04
298 1.6143332987e+00 2.6996738360e-04
299 1.6005791473e+00 2.9278777443e-04
300 1.5874963597e+00 2.8049814333e-04
301 1.5757887860e+00 2.9676090886e-04
302 1.5630696121e+00 2.9830733467e-04
303 1.5481549490e+00 2.7491123135e-04
304 1.5331417058e+00 2.7723153808e-04
305 1.5176278710e+00 2.5375537840e-04
306 1.5043440401e+00 2.5671410178e-04
307 1.4943076928e+00 2.5671869650e-04
308 1.4872341100e+00 2.5825129737e-04
309 1.4817211110e+00 2.6187760255e-04
310 1.4756890009e+00 2.4367620387e-04
311 1.4698215372e+00 2.5457689374e-04
312 1.4668285601e+00 2.3749161777e-04
313 1.4644613901e+00 2.3752893767e-04
314 1.4613489620e+00 2.3733100148e-04
315 1.4597374235e+00 2.4493587152e-04
316 1.4610659906e+00 2.6610955369e-04
317 1.4648146801e+00 2.6770061540e-04
318 1.4686551165e+00 2.6753236581e-04
319 1.4721617834e+00 2.3623951974e-04
320 1.4764621862e+00 2.5475976255e-04
321 1.4806613347e+00 2.4974848596e-04
322 1.4826799252e+00 2.3408037019e-04
323 1.4813524153e+00 2.5193073909e-04
324 1.4778198572e+00 2.6471279246e-04
325 1.4704877273e+00 2.6676550082e-04
326 1.4594589644e+00 2.5212403431e-04
327 1.4470702466e+00 2.3426012893e-04
328 1.4310664899e+00 2.2340309037e-04
329 1.4183663940e+00 2.2300777977e-04
330 1.4083099022e+00 2.3009361588e-04
331 1.3970360119e+00 2.3002317698e-04
332 1.3868319103e+00 2.1918963777e-04
333 1.3797083537e+00 2.2517757408e-04
334 1.3747379195e+00 2.3262885853e-04
335 1.3689533446e+00 2.3962477985e-04
336 1.3629326731e+00 2.4818878601e-04
337 1.3603638207e+00 2.6810298152e-04
338 1.3596515645e+00 2.5753776531e-04
339 1.3595760633e+00 2.2362847048e-04
340 1.3619665625e+00 2.2555067744e-04
341 1.3618479134e+00 2.2641898958e-04
342 1.3590520498e+00 2.0898180565e-04
343 1.3590184816e+00 2.1774629960e-04
344 1.3577850332e+00 2.1264612715e-04
345 1.3527871904e+00 2.0037643708e-04
346 1.3482182745e+00 1.9968226043e-04
347 1.3440389026e+00 2.0610257170e-04
348 1.3374588303e+00 1.9957007472e-04
349 1.3302113274e+00 2.1174572747e-04
350 1.3240919882e+00 2.0843139126e-04
351 1.3167651490e+00 2.0399078228e-04
352 1.3096544777e+00 2.0331372399e-04
353 1.3033256887e+00 1.9433770142e-04
354 1.2950135366e+00 1.9170986450e-04
355 1.2858478681e+00 1.9867929179e-04
356 1.2776266940e+00 1.9534589488e-04
357 1.2681265037e+00 2.0304273620e-04
358 1.2587268087e+00 1.8983899866e-04
359 1.2516767568e+00 1.9276137638e-04
360 1.2455665868e+00 1.8954760090e-04
361 1.2397978671e+00 1.9343448976e-04
362 1.2345615723e+00 1.9072669151e-04
363 1.2303190778e+00 1.8911018352e-04
364 1.2277864639e+00 1.9121617341e-04
365 1.2264416163e+00 1.8227166705e-04
366 1.2254878284e+00 1.8867499536e-04
367 1.2250938074e+00 1.7982547188e-04
368 1.2243012489e+00 1.8499760309e-04
369 1.2220916722e+00 1.8234255859e-04
370 1.2196360330e+00 1.7858563152e-04
371 1.2173103336e+00 1.8193446791e-04
372 1.2137920428e+00 1.7874160634e-04
373 1.2101066881e+00 1.7700429521e-04
374 1.2053657878e+00 1.6741624764e-04
375 1.1989934556e+00 1.7609254654e-04
376 1.1938393490e+00 1.7885640877e-04
377 1.1895233168e+00 1.8929241206e-04
378 1.1842412023e+00 1.9421517687e-04
379 1.1806324126e+00 1.8697243977e-04
380 1.1795215854e+00 1.8023673983e-04
381 1.1786741016e+00 1.7490157804e-04
382 1.1775236609e+00 1.7339112902e-04
383 1.1764504819e+00 1.7042187083e-04
384 1.1756303781e+00 1.7037573128e-04
385 1.1744487643e+00 1.7949057170e-04
386 1.1732878432e+00 1.8637557721e-04
387 1.1727704951e+00 1.9100682779e-04
388 1.1729682991e+00 1.7355761725e-04
389 1.1728295119e+00 1.6833523933e-04
390 1.1728235588e+00 1.6532458364e-04
391 1.1741855793e+00 1.6641264547e-04
392 1.1746231862e+00 1.7334877930e-04
393 1.1729889827e+00 1.6252282370e-04
394 1.1720201477e+00 1.6348513524e-04
395 1.1725917833e+00 1.6115436647e-04
396 1.1718176190e+00 1.5812958462e-04
397 1.1696354627e+00 1.5852824683e-04
398 1.1684499618e+00 1.5742568684e-04
399 1.1663650429e+00 1.5483885126e-04
400 1.1619394878e+00 1.6004669195e-04
401 1.1582242391e+00 1.5574703593e-04
402 1.1552822017e+00 1.4805474324e-04
403 1.1522340331e+00 1.5241532571e-04
404 1.1493606829e+00 1.5516002861e-04
405 1.1458451764e+00 1.5033265183e-04
406 1.1412965238e+00 1.5576073900e-04
407 1.1372836551e+00 1.4957709721e-04
408 1.1340371148e+00 1.5150706653e-04
409 1.1301639354e+00 1.5141501885e-04
410 1.1267883753e+00 1.4848567637e-04
411 1.1243892854e+00 1.4419094679e-04
412 1.1224689466e+00 1.4715707869e-04
413 1.1211411869e+00 1.4766689014e-04
414 1.1206560672e+00 1.4641716428e-04
415 1.1214645913e+00 1.5016322738e-04
416 1.1234465088e+00 1.4710200184e-04
417 1.1254970040e+00 1.4926017224e-04
418 1.1299175126e+00 1.4464568412e-04
419 1.1344112246e+00 1.4780290406e-04
420 1.1369543302e+00 1.4083155947e-04
421 1.1394136333e+00 1.4078844505e-04
422 1.1398650589e+00 1.3282924774e-04
423 1.1397010841e+00 1.3793564148e-04
424 1.1391976460e+00 1.3805487356e-04
425 1.1367754182e+00 1.4500505036e-04
426 1.1331562219e+00 1.3728799221e-04
427 1.1298756554e+00 1.3754430737e-04
428 1.1257040496e+00 1.4233999348e-04
429 1.1209932763e+00 1.4114597914e-04
430 1.1169411406e+00 1.4418716310e-04
431 1.1140702747e+00 1.3969374311e-04
432 1.1123917742e+00 1.4008605766e-04
433 1.1112046991e+00 1.3343736348e-04
434 1.1103631351e+00 1.3200255210e-04
435 1.1105130830e+00 1.3856843830e-04
436 1.1116974851e+00 1.4687146180e-04
437 1.1135939039e+00 1.4683997388e-04
438 1.1165493526e+00 1.4182512856e-04
439 1.1199172629e+00 1.4160841977e-04
440 1.1236995952e+00 1.3771756777e-04
441 1.1279163717e+00 1.4019165689e-04
442 1.1314305312e+00 1.3909022903e-04
443 1.1341010465e+00 1.3795978475e-04
444 1.1362771776e+00 1.4011893774e-04
445 1.1369486598e+00 1.3428587470e-04
446 1.1363414521e+00 1.3711406645e-04
447 1.1366051214e+00 1.3760017181e-04
448 1.1364115479e+00 1.3624788983e-04
449 1.1351178037e+00 1.4202629687e-04
450 1.1338021993e+00 1.4025863072e-04
451 1.1329964034e+00 1.5047801415e-04
452 1.1325790875e+00 1.4288584211e-04
453 1.1318694188e+00 1.3906019248e-04
454 1.1302744289e+00 1.3496658268e-04
455 1.1287102458e+00 1.3201361972e-04
456 1.1277803720e+00 1.3715143591e-04
457 1.1269144474e+00 1.3287932769e-04
458 1.1254812988e+00 1.4059808110e-04
459 1.1232609364e+00 1.3370437914e-04
460 1.1209181977e+00 1.3100851688e-04
461 1.1193922109e+00 1.3616694425e-04
462 1.1187855559e+00 1.3327733532e-04
463 1.1184013732e+00 1.4074404327e-04
464 1.1184950068e+00 1.4206128517e-04
465 1.1186569390e+00 1.5563287326e-04
466 1.1186811796e+00 1.4799693232e-04
467 1.1188565604e+00 1.3894239915e-04
468 1.1187251596e+00 1.3656431643e-04
469 1.1171828465e+00 1.3249246481e-04
470 1.1155143397e+00 1.3066251864e-04
471 1.1144380720e+00 1.2484732978e-04
472 1.1127168294e+00 1.2630863028e-04
473 1.1108168861e+00 1.2267147236e-04
474 1.1089880151e+00 1.2826226775e-04
475 1.1065996844e+00 1.1839136815e-04
476 1.1037209440e+00 1.3000517557e-04
477 1.1006820673e+00 1.2437992046e-04
478 1.0976254290e+00 1.2699769475e-04
479 1.0945373450e+00 1.3311549438e-04
480 1.0926136717e+00 1.3440078745e-04
481 1.0909083554e+00 1.5204935782e-04
482 1.0893796434e+00 1.5758540185e-04
483 1.0880132719e+00 1.3759239926e-04
484 1.0868914503e+00 1.2511782793e-04
485 1.0860400122e+00 1.2397061648e-04
486 1.0851820010e+00 1.1750415529e-04
487 1.0843623913e+00 1.1817494908e-04
488 1.0834723830e+00 1.1917452919e-04
489 1.0826098123e+00 1.2613184107e-04
490 1.0820242565e+00 1.2137185851e-04
491 1.0820431073e+00 1.1826980632e-04
492 1.0822044567e+00 1.1858744346e-04
493 1.0822073492e+00 1.2120781374e-04
494 1.0821934272e+00 1.2290571896e-04
495 1.0820142012e+00 1.1957675910e-04
496 1.0813394121e+00 1.2287496297e-04
497 1.0807077071e+00 1.2029563286e-04
498 1.0803698705e+00 1.2332793299e-04
499 1.0801168165e+00 1.2526655384e-04
500 1.0794982984e+00 1.2269868339e-04
501 1.0793770921e+00 1.1794793134e-04
502 1.0801637578e+00 1.2124288833e-04
503 1.0814341322e+00 1.2586773589e-04
504 1.0826933430e+00 1.2610302606e-04
505 1.0848142864e+00 1.1975256342e-04
506 1.0872581171e+00 1.2043307445e-04
507 1.0900392318e+00 1.2107463351e-04
508 1.0932106261e+00 1.2045801552e-04
509 1.0959606569e+00 1.2266930638e-04
510 1.0978187649e+00 1.2885439349e-04
511 1.0994270139e+00 1.2926314690e-04
512 1.1000415524e+00 1.3429437805e-04
513 1.0991631271e+00 1.3852944043e-04
514 1.0975876030e+00 1.2711000093e-04
515 1.0961191969e+00 1.2303498222e-04
516 1.0944147106e+00 1.1751143814e-04
517 1.0913237103e+00 1.1817733823e-04
518 1.0862431321e+00 1.2719749547e-04
519 1.0806694761e+00 1.2480369601e-04
520 1.0753819424e+00 1.4330847268e-04
521 1.0699695172e+00 1.3442822033e-04
522 1.0641383858e+00 1.1712549046e-04
523 1.0586120593e+00 1.1695828948e-04
524 1.0540723750e+00 1.1487439657e-04
525 1.0508178344e+00 1.1422336935e-04
526 1.0476454984e+00 1.0987721983e-04
527 1.0448797747e+00 1.1078660814e-04
528 1.0421873905e+00 1.1235819323e-04
529 1.0393175957e+00 1.1284373368e-04
530 1.0369391506e+00 1.1403940576e-04
531 1.0350259300e+00 1.1691748564e-04
532 1.0330719906e+00 1.1482382724e-04
533 1.0316833828e+00 1.1195452737e-04
534 1.0311576229e+00 1.1052245578e-04
535 1.0302222084e+00 1.0784807936e-04
536 1.0290034461e+00 1.0399928200e-04
537 1.0284722624e+00 9.9024954540e-05
538 1.0282559797e+00 1.0374629852e-04
539 1.0279659207e+00 1.0538001660e-04
540 1.0276111920e+00 1.0221927007e-04
541 1.0271116873e+00 9.9151681641e-05
542 1.0260066321e+00 9.8873709388e-05
543 1.0239021274e+00 1.0097847254e-04
544 1.0215683926e+00 9.9238352726e-05
545 1.0193329563e+00 9.6706364125e-05
546 1.0168026247e+00 9.7968348571e-05
547 1.0142008861e+00 9.6017564294e-05
548 1.0120240726e+00 9.5608708866e-05
549 1.0102418942e+00 9.6960409479e-05
550 1.0084254876e+00 9.5908713468e-05
551 1.0069056828e+00 9.6679949687e-05
552 1.0058572146e+00 9.3844690303e-05
553 1.0050300209e+00 9.7295774604e-05
554 1.0046966095e+00 9.7870358163e-05
555 1.0054523526e+00 9.6141568515e-05
556 1.0067787146e+00 9.4734336041e-05
557 1.0084536648e+00 9.6752361366e-05
558 1.0107547178e+00 9.8158067360e-05
559 1.0135021658e+00 9.3194828406e-05
560 1.0160012730e+00 9.5145027652e-05
561 1.0176560895e+00 9.6290237738e-05
562 1.0191956853e+00 1.0232439260e-04
563 1.0207227775e+00 1.0176071919e-04
564 1.0212263325e+00 1.1315842273e-04
565 1.0213149987e+00 1.1023219425e-04
566 1.0214336256e+00 9.9723831290e-05
567 1.0198531976e+00 9.7431605471e-05
568 1.0160094987e+00 9.5325484038e-05
569 1.0124106948e+00 9.5014292261e-05
570 1.0086745790e+00 9.2447775218e-05
571 1.0042457988e+00 8.7694732254e-05
572 9.9969713540e-01 9.1319180107e-05
573 9.9492700753e-01 9.1599996070e-05
574 9.8959045522e-01 9.6442383069e-05
575 9.8442931765e-01 9.2602850992e-05
576 9.8066423800e-01 9.1469848510e-05
577 9.7821890950e-01 8.8922321732e-05
578 9.7607806165e-01 8.9993834950e-05
579 9.7429864334e-01 8.8580408897e-05
580 9.7323487044e-01 8.7391236190e-05
581 9.7255132949e-01 8.6356778510e-05
582 9.7208742092e-01 8.7761080605e-05
583 9.7233839088e-01 8.8641893857e-05
584 9.7282886111e-01 9.0975385567e-05
585 9.7355595032e-01 9.4748486135e-05
586 9.7502173242e-01 9.6643165292e-05
587 9.7687267699e-01 1.0280552378e-04
588 9.7849409296e-01 9.2594970309e-05
589 9.8000739521e-01 8.6017007443e-05
590 9.8163584320e-01 8.9510414174e-05
591 9.8317423903e-01 8.8284361477e-05
592 9.8404798768e-01 8.6351977311e-05
593 9.8454985632e-01 9.3919959140e-05
594 9.8535704310e-01 9.6708616306e-05
595 9.8553876877e-01 9.8732549476e-05
596 9.8411507267e-01 9.2076842284e-05
597 9.8134544580e-01 8.6418325163e-05
598 9.7765571732e-01 8.6166641558e-05
599 9.7305544714e-01 8.4557384900e-05
600 9.6851712803e-01 8.2866889515e-05
601 9.6363045278e-01 7.9957585557e-05
602 9.5843316500e-01 8.4127438553e-05
603 9.5385981940e-01 8.2771327521e-05
604 9.5047317851e-01 7.9662495861e-05
605 9.4712984637e-01 8.0478689847e-05
606 9.4355756082e-01 8.3686004763e-05
607 9.4147281442e-01 8.2036898289e-05
608 9.3996050057e-01 7.9749998840e-05
609 9.3897306873e-01 8.0410614677e-05
610 9.3852928749e-01 7.8926302620e-05
611 9.3838646006e-01 7.9644694468e-05
612 9.3840575368e-01 7.7261493034e-05
613 9.3840849694e-01 7.6871162611e-05
614 9.3846695943e-01 7.8703406458e-05
615 9.3869751382e-01 7.9018729962e-05
616 9.3862367315e-01 7.6984615221e-05
617 9.3810077140e-01 7.5911686427e-05
618 9.3746273157e-01 7.7636300560e-05
619 9.3667016186e-01 7.7908201229e-05
620 9.3569867075e-01 8.2629287302e-05
621 9.3464800404e-01 8.3572180345e-05
622 9.3284637667e-01 7.6547536338e-05
623 9.3005823679e-01 7.9070305045e-05
624 9.2757091924e-01 8.7539557967e-05
625 9.2523773129e-01 9.0023538591e-05
626 9.2195935838e-01 8.6981861327e-05
627 9.1758174525e-01 8.2553311059e-05
628 9.1280581799e-01 7.9615123675e-05
629 9.0855403346e-01 7.7214652086e-05
630 9.0483970446e-01 7.6834485676e-05
631 9.0110119502e-01 7.7278848039e-05
632 8.9781206878e-01 7.5870100473e-05
633 8.9560914626e-01 7.6736671928e-05
634 8.9348710155e-01 7.5879022238e-05
635 8.9141328738e-01 7.6519911862e-05
636 8.8982081142e-01 7.6567825756e-05
637 8.8839062130e-01 7.5019589241e-05
638 8.8726556458e-01 7.5647191424e-05
639 8.8643573661e-01 7.5472098144e-05
640 8.8553263838e-01 7.4369799930e-05
641 8.8518753101e-01 7.7427875285e-05
642 8.8504944936e-01 8.3339879031e-05
643 8.8482371183e-01 8.2489863546e-05
644 8.8437796074e-01 7.8678339074e-05
645 8.8388105793e-01 7.4017966215e-05
646 8.8357889355e-01 7.1765424085e-05
647 8.8285041498e-01 7.3147506710e-05
648 8.8129611521e-01 7.0001432620e-05
649 8.8008346709e-01 6.9497944316e-05
650 8.7885231285e-01 7.0129200334e-05
651 8.7693083044e-01 6.9814508440e-05
652 8.7481516874e-01 7.0145581826e-05
653 8.7209992297e-01 6.9571746411e-05
654 8.6941026670e-01 6.8083248386e-05
655 8.6716806780e-01 6.7914790810e-05
656 8.6479369984e-01 6.9909615022e-05
657 8.6237579901e-01 7.0057509919e-05
658 8.6088590926e-01 7.1090241567e-05
659 8.5873203090e-01 6.7869502386e-05
660 8.5737037288e-01 6.7109041272e-05
661 8.5631860813e-01 6.6347882335e-05
662 8.5452181687e-01 6.8625616397e-05
663 8.5325344771e-01 6.4506061981e-05
664 8.5246617792e-01 6.6133777560e-05
665 8.5110524552e-01 6.7517260066e-05
666 8.4903264544e-01 6.7371205214e-05
667 8.4752063430e-01 6.6988844137e-05
668 8.4598874906e-01 6.5111795241e-05
669 8.4450213956e-01 6.5837400370e-05
670 8.4331819727e-01 6.4705701538e-05
671 8.4189063068e-01 6.6677071772e-05
672 8.4000165764e-01 6.7288331585e-05
673 8.3845628389e-01 6.5309924860e-05
674 8.3708664945e-01 6.3432933835e-05
675 8.3536078915e-01 6.5221785154e-05
676 8.3344914891e-01 6.5209917318e-05
677 8.3167470219e-01 6.7943147235e-05
678 8.3002913895e-01 7.4306677944e-05
679 8.2836740271e-01 7.1836811853e-05
680 8.2685709294e-01 6.5547199899e-05
681 8.2575157129e-01 6.4542570569e-05
682 8.2485150899e-01 6.5326761208e-05
683 8.2418725973e-01 6.4316519339e-05
684 8.2420116746e-01 6.6256565655e-05
685 8.2448670330e-01 6.2467381268e-05
686 8.2509956757e-01 6.2141699639e-05
687 8.2613529731e-01 6.1954113141e-05
688 8.2728074921e-01 6.2328606152e-05
689 8.2833922590e-01 6.2795453824e-05
690 8.2958119343e-01 6.5028759392e-05
691 8.3095380493e-01 6.5149389873e-05
692 8.3199652782e-01 7.0448960133e-05
693 8.3268424735e-01 6.8946937490e-05
694 8.3266210293e-01 6.5610854203e-05
695 8.3146052025e-01 6.4517031988e-05
696 8.2945694006e-01 6.8198485578e-05
697 8.2702075170e-01 7.4124150693e-05
698 8.2423253494e-01 7.0239782158e-05
699 8.2115633466e-01 6.4265188947e-05
700 8.1815573103e-01 6.5687480192e-05
701 8.1535487446e-01 6.2666526470e-05
702 8.1255483045e-01 6.2783061853e-05
703 8.0976429555e-01 6.3122627275e-05
704 8.0759610037e-01 6.3281957811e-05
705 8.0617771340e-01 6.3708180747e-05
706 8.0486562150e-01 6.3071315772e-05
707 8.0380432534e-01 6.3217791205e-05
708 8.0320854455e-01 6.0263820807e-05
709 8.0302593623e-01 6.1416794271e-05
710 8.0290447109e-01 6.0532339885e-05
711 8.0269903456e-01 6.1624240354e-05
712 8.0231752269e-01 6.6427944512e-05
713 8.0132985942e-01 6.5497095749e-05
714 8.0005291024e-01 6.8948973042e-05
715 7.9880854755e-01 6.9829798789e-05
716 7.9758075214e-01 6.5566021844e-05
717 7.9609198258e-01 6.3725602445e-05
718 7.9455737297e-01 6.0825078226e-05
719 7.9314903563e-01 6.1410654648e-05
720 7.9171903674e-01 6.1086973107e-05
721 7.9028726839e-01 6.3605452075e-05
722 7.8880997627e-01 6.4906989661e-05
723 7.8708578171e-01 6.6207154368e-05
724 7.8531125384e-01 6.5856350900e-05
725 7.8338583155e-01 5.8705766309e-05
726 7.8153670310e-01 6.2079992459e-05
727 7.7988199712e-01 6.6907379638e-05
728 7.7805237543e-01 6.3769782786e-05
729 7.7643000482e-01 6.0164705269e-05
730 7.7508416195e-01 5.9497903187e-05
731 7.7387537011e-01 5.7430322301e-05
732 7.7313724998e-01 5.6789095714e-05
733 7.7264173811e-01 5.6160876577e-05
734 7.7211660981e-01 5.7035266521e-05
735 7.7178773798e-01 5.6785458385e-05
736 7.7169896991e-01 5.7190736443e-05
737 7.7151851783e-01 5.6770729034e-05
738 7.7144271239e-01 5.5396807710e-05
739 7.7196119397e-01 5.8882649962e-05
740 7.7310770857e-01 5.6794503045e-05
741 7.7421430550e-01 5.7092696680e-05
742 7.7490966484e-01 5.7234359667e-05
743 7.7547657768e-01 5.5894506694e-05
744 7.7572543533e-01 5.5713153590e-05
745 7.7567518447e-01 5.4898385585e-05
746 7.7548102846e-01 5.3651637202e-05
747 7.7497745804e-01 5.4516918688e-05
748 7.7385971978e-01 5.5529289700e-05
749 7.7251909741e-01 5.7044317836e-05
750 7.7095503636e-01 5.5843992312e-05
751 7.6891823245e-01 5.8468391499e-05
752 7.6669904359e-01 6.0156465565e-05
753 7.6447344275e-01 5.6129703840e-05
754 7.6226304450e-01 5.3061616529e-05
755 7.6003423328e-01 5.3612195438e-05
756 7.5775162383e-01 5.4008120018e-05
757 7.5585861552e-01 5.7850953340e-05
758 7.5430390384e-01 5.9240278237e-05
759 7.5280093324e-01 5.6663905195e-05
760 7.5143558935e-01 5.5776316077e-05
761 7.5053174446e-01 5.3984853894e-05
762 7.4964449752e-01 5.5087781756e-05
763 7.4895642582e-01 5.3014272242e-05
764 7.4867328593e-01 5.3515557752e-05
765 7.4856461788e-01 5.4162654505e-05
766 7.4827105397e-01 5.5016515556e-05
767 7.4815270739e-01 5.5372692351e-05
768 7.4815280868e-01 5.4739855587e-05
769 7.4808644963e-01 5.5729473252e-05
770 7.4805019160e-01 5.4657785065e-05
771 7.4815424397e-01 5.4223423948e-05
772 7.4796625585e-01 5.5033076737e-05
773 7.4749574256e-01 5.3621291846e-05
774 7.4699172463e-01 5.4045283130e-05
775 7.4624508680e-01 5.5344515967e-05
776 7.4481869891e-01 5.3241178093e-05
777 7.4305506451e-01 5.5505598964e-05
778 7.4118456466e-01 5.4344843244e-05
779 7.3917793735e-01 5.3133904772e-05
780 7.3715309237e-01 5.4250392203e-05
781 7.3532974151e-01 5.6995371974e-05
782 7.3357476527e-01 6.1810770909e-05
783 7.3168890951e-01 6.3211839851e-05
784 7.2986782529e-01 5.8336420442e-05
785 7.2823580255e-01 5.5394357520e-05
786 7.2695273970e-01 5.4765447152e-05
787 7.2621677186e-01 5.2393961285e-05
788 7.2584336534e-01 5.5187618369e-05
789 7.2579763686e-01 5.5268468885e-05
790 7.2613802498e-01 5.4191186281e-05
791 7.2686656521e-01 5.3721691990e-05
792 7.2780386498e-01 5.3523523490e-05
793 7.2899267449e-01 5.3212039633e-05
794 7.3059541108e-01 5.3679787548e-05
795 7.3228409837e-01 5.3170350771e-05
796 7.3386305512e-01 5.3302396117e-05
797 7.3552959734e-01 5.2899065139e-05
798 7.3727788276e-01 5.4169073243e-05
799 7.3873365807e-01 5.3337476879e-05
800 7.3981527389e-01 5.5610577262e-05
801 7.4052928648e-01 5.3759651685e-05
802 7.4110103783e-01 5.2374106781e-05
803 7.4133537271e-01 5.4579563119e-05
804 7.4062233021e-01 5.3267617123e-05
805 7.3918394869e-01 5.3247356039e-05
806 7.3755640082e-01 5.3394103308e-05
807 7.3497636615e-01 5.4335108064e-05
808 7.3108988905e-01 5.3066558774e-05
809 7.2725838069e-01 5.3279860919e-05
810 7.2323432341e-01 5.4582517976e-05
811 7.1931635018e-01 5.4960030304e-05
812 7.1608571503e-01 5.5731350883e-05
813 7.1300331711e-01 6.0021473941e-05
814 7.1007067162e-01 5.9962916181e-05
815 7.0789265896e-01 6.1029920221e-05
816 7.0644735855e-01 5.9766213278e-05
817 7.0554464424e-01 5.6424404366e-05
818 7.0539434392e-01 5.6412712043e-05
819 7.0611076106e-01 5.4142002276e-05
820 7.0750181532e-01 5.4174856776e-05
821 7.0908739502e-01 5.4738124184e-05
822 7.1061685040e-01 5.5837332786e-05
823 7.1246358320e-01 5.8005654238e-05
824 7.1449006916e-01 5.6829584721e-05
825 7.1597985398e-01 5.4532395195e-05
826 7.1725337673e-01 5.5191083033e-05
827 7.1819529355e-01 5.8264669737e-05
828 7.1856817131e-01 5.6903636627e-05
829 7.1825209458e-01 5.3811009247e-05
830 7.1704709172e-01 5.3625923457e-05
831 7.1486986160e-01 5.5410116689e-05
832 7.1226281767e-01 5.4017281685e-05
833 7.0968168387e-01 5.3945712614e-05
834 7.0691056613e-01 5.3264275959e-05
835 7.0399473489e-01 5.3140146482e-05
836 7.0113521753e-01 5.2844913752e-05
837 6.9805957035e-01 5.4644101897e-05
838 6.9510368119e-01 5.5716927536e-05
839 6.9248363135e-01 5.5228919022e-05
840 6.9028081900e-01 5.6019867983e-05
841 6.8873741271e-01 5.3551755840e-05
842 6.8798297629e-01 5.4241060213e-05
843 6.8810054644e-01 5.5291036390e-05
844 6.8892502150e-01 5.5233967159e-05
845 6.9034620538e-01 5.4435408259e-05
846 6.9236765278e-01 5.2186926138e-05
847 6.9503213781e-01 5.1975836352e-05
848 6.9737895128e-01 5.0632168069e-05
849 6.9919929538e-01 5.1543393713e-05
850 7.0120946645e-01 5.1025279101e-05
851 7.0315748869e-01 5.1138957161e-05
852 7.0459885585e-01 5.2354749586e-05
853 7.0559226535e-01 5.4113096767e-05
854 7.0616524011e-01 6.0808218587e-05
855 7.0612132746e-01 6.0450331695e-05
856 7.0550952130e-01 5.5503304306e-05
857 7.0442155375e-01 5.2743015743e-05
858 7.0261192571e-01 5.0439364154e-05
859 7.0026417352e-01 4.9910379345e-05
860 6.9794806801e-01 5.0926359526e-05
861 6.9561137671e-01 4.8414337336e-05
862 6.9299460733e-01 4.9631748231e-05
863 6.9001772653e-01 4.8611655408e-05
864 6.8688914422e-01 5.3730629576e-05
865 6.8401660819e-01 5.4780004543e-05
866 6.8180219135e-01 5.9880077188e-05
867 6.8008647875e-01 5.4375910963e-05
868 6.7893201480e-01 5.0269118584e-05
869 6.7835195897e-01 4.9227280504e-05
870 6.7796762924e-01 4.9412574125e-05
871 6.7786801136e-01 4.9805563026e-05
872 6.7831809986e-01 5.0451143666e-05
873 6.7945015609e-01 4.9319070930e-05
874 6.8064202605e-01 4.9168327004e-05
875 6.8207352003e-01 4.8442746469e-05
876 6.8409073152e-01 4.8548115383e-05
877 6.8602222015e-01 4.8174278319e-05
878 6.8751619549e-01 5.0372419867e-05
879 6.8878998516e-01 4.9253381114e-05
880 6.9048465107e-01 4.8276368969e-05
881 6.9184886151e-01 4.8191895123e-05
882 6.9259505147e-01 4.9504936312e-05
883 6.9304483202e-01 4.9215776740e-05
884 6.9323967121e-01 4.8500463363e-05
885 6.9254910499e-01 4.8220048660e-05
886 6.9165950406e-01 4.7776614269e-05
887 6.9057313333e-01 4.9846441892e-05
888 6.8870586235e-01 4.9488122368e-05
889 6.8684245907e-01 5.0642668107e-05
890 6.8516697996e-01 4.8466943408e-05
891 6.8333815106e-01 5.0554069061e-05
892 6.8159005726e-01 5.2137963632e-05
893 6.8014033371e-01 5.6799496463e-05
894 6.7894100828e-01 5.5797885192e-05
895 6.7797072021e-01 5.3147908403e-05
896 6.7738356211e-01 4.9728064161e-05
897 6.7721971170e-01 4.8229806311e-05
898 6.7723216759e-01 4.9113797619e-05
899 6.7742358661e-01 4.6975685346e-05
900 6.7778822065e-01 4.7869739722e-05
901 6.7810430510e-01 4.5675180956e-05
902 6.7851011684e-01 4.7753179406e-05
903 6.7936946212e-01 4.7447814975e-05
904 6.8005107405e-01 4.8227275685e-05
905 6.8017972537e-01 4.7705584289e-05
906 6.8043480409e-01 4.6572473816e-05
907 6.8055492846e-01 4.6589584041e-05
908 6.8027300067e-01 4.7594530665e-05
909 6.7956726735e-01 4.8010947895e-05
910 6.7896997963e-01 4.6942155530e-05
911 6.7835872087e-01 4.8220623487e-05
912 6.7752306099e-01 4.8321576969e-05
913 6.7641281582e-01 4.8375817202e-05
914 6.7553314782e-01 4.8660920420e-05
915 6.7469864980e-01 5.0884029304e-05
916 6.7377123275e-01 5.0876894328e-05
917 6.7275415062e-01 5.0208926984e-05
918 6.7177205123e-01 5.0495747572e-05
919 6.7073166350e-01 5.3378067963e-05
920 6.7019078666e-01 5.1416452379e-05
921 6.6991814553e-01 4.8621391483e-05
922 6.6947600410e-01 4.7708008708e-05
923 6.6929206312e-01 4.9132063268e-05
924 6.6925415090e-01 4.7050985801e-05
925 6.6925253438e-01 4.7561238494e-05
926 6.6967173313e-01 4.6545014551e-05
927 6.7003659099e-01 4.6477481670e-05
928 6.7011380462e-01 4.7064035860e-05
929 6.7033733501e-01 4.5331171871e-05
930 6.7074961344e-01 4.4670136640e-05
931 6.7078734262e-01 4.5356327011e-05
932 6.7010953503e-01 4.4805391177e-05
933 6.6918929436e-01 4.4938707707e-05
934 6.6835053889e-01 4.4991580795e-05
935 6.6736076644e-01 4.5769924946e-05
936 6.6633237697e-01 4.3875208715e-05
937 6.6528131466e-01 4.5346072806e-05
938 6.6435137956e-01 4.4548900860e-05
939 6.6347448182e-01 4.4219103586e-05
940 6.6273471362e-01 4.5708976220e-05
941 6.6223547898e-01 5.1044251098e-05
942 6.6190981037e-01 5.2745166576e-05
943 6.6180682163e-01 4.7912581933e-05
944 6.6201360863e-01 4.3718592387e-05
945 6.6226399340e-01 4.3107641485e-05
946 6.6247964162e-01 4.1967334944e-05
947 6.6263631777e-01 4.1641110036e-05
948 6.6275928535e-01 4.0915576328e-05
949 6.6307005312e-01 4.1929218695e-05
950 6.6350115525e-01 4.1037955570e-05
951 6.6365039767e-01 4.0179631085e-05
952 6.6373193209e-01 4.0934839397e-05
953 6.6355273028e-01 4.0475425640e-05
954 6.6304481158e-01 3.9485254667e-05
955 6.6280639952e-01 4.0781714193e-05
956 6.6215144558e-01 4.0242985460e-05
957 6.6150436165e-01 4.0336625694e-05
958 6.6104893816e-01 4.0337544621e-05
959 6.6014996332e-01 3.8952988367e-05
960 6.5907750507e-01 3.9791097136e-05
961 6.5814896738e-01 3.9428773427e-05
962 6.5708852035e-01 4.1228244998e-05
963 6.5580399045e-01 4.0001798974e-05
964 6.5462708539e-01 4.0517696180e-05
965 6.5351015006e-01 3.9549910758e-05
966 6.5243517302e-01 4.1171113743e-05
967 6.5151910817e-01 4.0373324335e-05
968 6.5086502496e-01 4.1238892046e-05
969 6.5054849677e-01 4.1490087909e-05
970 6.5026639949e-01 4.0174899920e-05
971 6.5001637047e-01 4.1333658861e-05
972 6.4998894621e-01 4.1435220781e-05
973 6.4994094975e-01 3.8589306033e-05
974 6.4983389016e-01 3.9824993877e-05
975 6.4980640750e-01 3.9394233747e-05
976 6.4983888853e-01 3.9674742841e-05
977 6.5000457769e-01 3.8807525879e-05
978 6.5038745468e-01 4.0112821402e-05
979 6.5045411251e-01 3.9351999052e-05
980 6.5023300394e-01 3.8386059513e-05
981 6.5028483641e-01 3.7689991599e-05
982 6.5037902016e-01 3.8343063926e-05
983 6.5041331534e-01 3.7934785032e-05
984 6.5065247847e-01 3.9217373243e-05
985 6.5093759280e-01 3.8918245738e-05
986 6.5129373525e-01 3.8904707486e-05
987 6.5162868056e-01 3.7987098566e-05
988 6.5187006801e-01 3.6778727577e-05
989 6.5211899970e-01 3.9492900212e-05
990 6.5240376636e-01 4.1636865246e-05
991 6.5258703678e-01 4.0625932732e-05
992 6.5269428757e-01 3.8570175522e-05
993 6.5272145146e-01 3.8061450777e-05
994 6.5272128328e-01 3.8370215083e-05
995 6.5283169013e-01 3.8518922752e-05
996 6.5272471877e-01 3.7848687391e-05
997 6.5248977682e-01 3.6824732093e-05
998 6.5245221926e-01 3.6016683560e-05
999 6.5242346961e-01 3.5649830698e-05
1000 6.5200068356e-01 3.9539862281e-05
1001 6.5135289228e-01 4.0130288945e-05
1002 6.5077275748e-01 3.8158920241e-05
1003 6.5016946430e-01 3.6989438216e-05
1004 6.4964511024e-01 3.7252109349e-05
1005 6.4932921174e-01 3.7187639579e-05
1006 6.4919712577e-01 4.0430041872e-05
1007 6.4945831040e-01 4.1483202283e-05
1008 6.4999911108e-01 4.0704008921e-05
1009 6.5069420534e-01 3.7991764198e-05
1010 6.5168437762e-01 3.7557012955e-05
1011 6.5279181446e-01 3.6136915115e-05
1012 6.5390602577e-01 3.6776185465e-05
1013 6.5511758621e-01 3.5982499594e-05
1014 6.5621788186e-01 3.5867345811e-05
1015 6.5678248947e-01 3.5451526978e-05
1016 6.5701966490e-01 3.5303275700e-05
1017 6.5715668596e-01 3.5125012720e-05
1018 6.5724432506e-01 3.5183209220e-05
1019 6.5702775545e-01 3.5502682321e-05
1020 6.5642203705e-01 3.4991926590e-05
1021 6.5565667023e-01 3.5295731451e-05
1022 6.5475989987e-01 3.3892899022e-05
1023 6.5381942134e-01 3.3899861750e-05
1024 6.5293652791e-01 3.4316420179e-05
1025 6.5200037872e-01 3.4494997782e-05
1026 6.5120389119e-01 3.3720784567e-05
1027 6.5072798748e-01 3.4788105678e-05
1028 6.5049599616e-01 3.4084868921e-05
1029 6.5040669946e-01 3.6187956474e-05
1030 6.5062433547e-01 3.8805891641e-05
1031 6.5097782893e-01 4.0562424400e-05
1032 6.5129499959e-01 3.8564610829e-05
1033 6.5160201966e-01 3.6161430515e-05
1034 6.5204964074e-01 3.4776492311e-05
1035 6.5244831913e-01 3.3196558056e-05
1036 6.5279065011e-01 3.3203481479e-05
1037 6.5319626392e-01 3.4084379870e-05
1038 6.5358364832e-01 3.3982799727e-05
1039 6.5388861032e-01 3.3772391070e-05
1040 6.5419970233e-01 3.3171424459e-05
1041 6.5442212307e-01 3.3776591194e-05
1042 6.5441033177e-01 3.3477910572e-05
1043 6.5443330451e-01 3.2436578270e-05
1044 6.5450971087e-01 3.3725144388e-05
1045 6.5452462100e-01 3.3869182922e-05
1046 6.5423299188e-01 3.4390443173e-05
1047 6.5377206028e-01 3.3739472387e-05
1048 6.5333535622e-01 3.3582252023e-05
1049 6.5279144512e-01 3.2730719042e-05
1050 6.5224551845e-01 3.3262902971e-05
1051 6.5171192289e-01 3.2397800758e-05
1052 6.5111796019e-01 3.3448501392e-05
1053 6.5043244993e-01 3.4624991353e-05
1054 6.4983566600e-01 3.4433654724e-05
1055 6.4930521854e-01 3.7227674194e-05
1056 6.4895691054e-01 3.7806826157e-05
1057 6.4874607413e-01 3.5908777860e-05
1058 6.4868615185e-01 3.3033921702e-05
1059 6.4879069755e-01 3.4973501843e-05
1060 6.4905088146e-01 3.6232090427e-05
1061 6.4949675369e-01 3.5004189591e-05
1062 6.5021258028e-01 3.3960654907e-05
1063 6.5107935945e-01 3.4771091231e-05
1064 6.5181848540e-01 3.2477732516e-05
1065 6.5258055254e-01 3.3436101743e-05
1066 6.5338781605e-01 3.3491027456e-05
1067 6.5388999234e-01 3.3732539224e-05
1068 6.5419501369e-01 3.4365706122e-05
1069 6.5401059425e-01 3.4873341234e-05
1070 6.5333152751e-01 3.7165077348e-05
1071 6.5241669319e-01 3.7359426721e-05
1072 6.5144718481e-01 3.7349915344e-05
1073 6.5024284917e-01 3.5022335671e-05
1074 6.4874193071e-01 3.3113759348e-05
1075 6.4734228223e-01 3.2624034551e-05
1076 6.4607960484e-01 3.2470147031e-05
1077 6.4490176657e-01 3.3677198336e-05
1078 6.4391177993e-01 3.4062268168e-05
1079 6.4298156748e-01 3.3117293732e-05
1080 6.4210540220e-01 3.2200001617e-05
1081 6.4131835839e-01 3.3023360564e-05
1082 6.4070173112e-01 3.3589950228e-05
1083 6.4030033529e-01 3.2602542168e-05
1084 6.4000685667e-01 3.2551139806e-05
1085 6.3992934414e-01 3.1766518726e-05
1086 6.3998349321e-01 3.2836886341e-05
1087 6.4005194893e-01 3.2119109151e-05
1088 6.4016381994e-01 3.2075868020e-05
1089 6.4015529694e-01 3.2894179445e-05
1090 6.3997706161e-01 3.2947299052e-05
1091 6.3997236484e-01 3.2898486152e-05
1092 6.3985486999e-01 3.2433226251e-05
1093 6.3958084998e-01 3.2346054379e-05
1094 6.3938313588e-01 3.1696065528e-05
1095 6.3925827694e-01 3.2175094742e-05
1096 6.3907777493e-01 3.2521975017e-05
1097 6.3884994133e-01 3.2366289759e-05
1098 6.3879568421e-01 3.1920440856e-05
1099 6.3862837708e-01 3.1626734194e-05
1100 6.3817028787e-01 3.1280468834e-05
1101 6.3748925391e-01 3.1192831011e-05
1102 6.3687456038e-01 3.1448484385e-05
1103 6.3603787559e-01 3.1375873777e-05
1104 6.3486880115e-01 3.1486866182e-05
1105 6.3404623421e-01 3.1147286950e-05
1106 6.3323481254e-01 3.1128661108e-05
1107 6.3242024539e-01 3.0090938343e-05
1108 6.3187040405e-01 2.9966165324e-05
1109 6.3136276707e-01 3.0395250332e-05
1110 6.3077726984e-01 3.0719219506e-05
1111 6.3040414362e-01 3.0075819328e-05
1112 6.3016934202e-01 2.9645007963e-05
1113 6.2993086816e-01 2.9748099852e-05
1114 6.2967512687e-01 3.0615590280e-05
1115 6.2948704863e-01 3.1323897360e-05
1116 6.2919789337e-01 3.2329755236e-05
1117 6.2886293154e-01 3.4356874527e-05
1118 6.2856671860e-01 3.2982655045e-05
1119 6.2822069979e-01 3.0799627299e-05
1120 6.2778931644e-01 2.9846324841e-05
1121 6.2733876800e-01 3.0669499821e-05
1122 6.2690339253e-01 3.1090079275e-05
1123 6.2641259784e-01 3.1172646578e-05
1124 6.2570669390e-01 3.0791630765e-05
1125 6.2509306655e-01 3.3986279237e-05
1126 6.2476952513e-01 3.4438053223e-05
1127 6.2436631706e-01 3.3710661118e-05
1128 6.2358683650e-01 3.1375878552e-05
1129 6.2298146603e-01 3.1057443751e-05
1130 6.2249063044e-01 3.0186977528e-05
1131 6.2180485032e-01 3.1003376535e-05
1132 6.2110756785e-01 3.1961482198e-05
1133 6.2056525225e-01 3.2248559946e-05
1134 6.2002772043e-01 3.4920726046e-05
1135 6.1935425355e-01 3.3031096444e-05
1136 6.1855054139e-01 3.1983213885e-05
1137 6.1769755660e-01 3.2526378111e-05
1138 6.1680660791e-01 3.1731302132e-05
1139 6.1582088578e-01 3.0504147676e-05
1140 6.1489633408e-01 3.1056935941e-05
1141 6.1404596019e-01 3.0442138374e-05
1142 6.1333032058e-01 3.0265380656e-05
1143 6.1274152580e-01 3.0469362251e-05
1144 6.1220553143e-01 3.1498511703e-05
1145 6.1181808221e-01 3.2028529365e-05
1146 6.1162736727e-01 3.4933476637e-05
1147 6.1133616995e-01 3.5001776096e-05
1148 6.1090737849e-01 3.3075140015e-05
1149 6.1052255096e-01 3.1309883812e-05
1150 6.1026953121e-01 3.0524866013e-05
1151 6.0975383783e-01 2.9942587942e-05
1152 6.0905629937e-01 3.0014866310e-05
1153 6.0819521895e-01 3.0916156566e-05
1154 6.0730943272e-01 2.9899171948e-05
1155 6.0622754060e-01 3.0033120388e-05
1156 6.0483269420e-01 3.0923419005e-05
1157 6.0335812667e-01 3.0882022106e-05
1158 6.0181902074e-01 3.0713122575e-05
1159 6.0025959133e-01 3.0756750696e-05
1160 5.9886995140e-01 3.0577854186e-05
1161 5.9740698440e-01 3.1859088983e-05
1162 5.9587460910e-01 3.1438635656e-05
1163 5.9457769505e-01 3.5082531487e-05
1164 5.9358343175e-01 3.6311398975e-05
1165 5.9257735594e-01 3.4080730326e-05
1166 5.9153540818e-01 3.1463077530e-05
1167 5.9067664736e-01 3.0903183274e-05
1168 5.8991040170e-01 3.0352009048e-05
1169 5.8916143450e-01 3.0080844477e-05
1170 5.8846989821e-01 3.1962435055e-05
1171 5.8796252344e-01 3.1315318313e-05
1172 5.8746714947e-01 3.1156281295e-05
1173 5.8689709413e-01 3.0162648572e-05
1174 5.8632030667e-01 3.0724049589e-05
1175 5.8575099505e-01 3.0537575879e-05
1176 5.8520460909e-01 2.9441604995e-05
1177 5.8459570012e-01 3.0695614855e-05
1178 5.8377424876e-01 3.0746377913e-05
1179 5.8299554924e-01 3.0394307704e-05
1180 5.8223463565e-01 3.0090374036e-05
1181 5.8134972886e-01 3.0369810118e-05
1182 5.8035704653e-01 3.0805818906e-05
1183 5.7936315860e-01 3.1375093749e-05
1184 5.7851601843e-01 3.0190752458e-05
1185 5.7767565157e-01 3.0429606193e-05
1186 5.7674513506e-01 3.1364520981e-05
1187 5.7578731017e-01 3.1268687027e-05
1188 5.7484989125e-01 3.1439140717e-05
1189 5.7399100521e-01 3.2935917665e-05
1190 5.7335609015e-01 3.4831697476e-05
1191 5.7278561633e-01 3.4455228788e-05
1192 5.7214981574e-01 3.5518181183e-05
1193 5.7165769462e-01 3.5340750711e-05
1194 5.7125564403e-01 3.2425714931e-05
1195 5.7088746850e-01 3.1215866882e-05
1196 5.7063583916e-01 3.1123091692e-05
1197 5.7037346731e-01 2.9839988512e-05
1198 5.7018954309e-01 2.9810120966e-05
1199 5.7015518260e-01 3.0270487718e-05
1200 5.7001217940e-01 3.0015221555e-05
1201 5.6947450936e-01 3.1020513330e-05
1202 5.6882972453e-01 3.1079329038e-05
1203 5.6837769681e-01 3.1692104982e-05
1204 5.6800466242e-01 3.4753580166e-05
1205 5.6752869910e-01 3.3970615722e-05
1206 5.6681108304e-01 3.2768638307e-05
1207 5.6591205756e-01 3.0166049880e-05
1208 5.6498099325e-01 3.0027992713e-05
1209 5.6383207822e-01 3.0763863729e-05
1210 5.6243909075e-01 2.9879176576e-05
1211 5.6122237036e-01 3.1161823863e-05
1212 5.5988732807e-01 3.1641469295e-05
1213 5.5860717009e-01 3.0732430526e-05
1214 5.5739708590e-01 2.9947633668e-05
1215 5.5623161948e-01 3.0758168934e-05
1216 5.5509597131e-01 3.1097512404e-05
1217 5.5398762813e-01 3.1420139557e-05
1218 5.5297115261e-01 3.0921071602e-05
1219 5.5218517619e-01 3.0913532578e-05
1220 5.5161464934e-01 3.1789634337e-05
1221 5.5115469888e-01 3.0827417249e-05
1222 5.5070831162e-01 3.1479903219e-05
1223 5.5045006152e-01 3.0412871981e-05
1224 5.5028484863e-01 3.0167283136e-05
1225 5.5015116730e-01 3.1393762010e-05
1226 5.5003134017e-01 3.1426043562e-05
1227 5.4976897884e-01 3.0678401519e-05
1228 5.4944787489e-01 2.9885366254e-05
1229 5.4918123328e-01 3.1004763532e-05
1230 5.4878852737e-01 3.1706356227e-05
1231 5.4833532897e-01 3.0728144769e-05
1232 5.4791679202e-01 3.0648991787e-05
1233 5.4730922286e-01 3.0750803007e-05
1234 5.4640599554e-01 2.9379430575e-05
1235 5.4533826024e-01 2.9556532609e-05
1236 5.4438014519e-01 2.9541191895e-05
1237 5.4352561335e-01 2.9531737783e-05
1238 5.4257862740e-01 2.9613006021e-05
1239 5.4146233102e-01 3.0310174928e-05
1240 5.4055805199e-01 2.9471053180e-05
1241 5.3984841082e-01 2.8122520682e-05
1242 5.3927196269e-01 2.9236265646e-05
1243 5.3876349283e-01 2.9075770310e-05
1244 5.3829980397e-01 3.0016730268e-05
1245 5.3813884297e-01 2.7384647990e-05
1246 5.3810151680e-01 2.9215295921e-05
1247 5.3801674355e-01 2.8475405353e-05
1248 5.3787675431e-01 2.8602299048e-05
1249 5.3787201869e-01 2.8849071619e-05
1250 5.3785582115e-01 2.8348967623e-05
1251 5.3767332557e-01 2.9402539785e-05
1252 5.3743380409e-01 2.9533096011e-05
1253 5.3710596734e-01 2.9214882076e-05
1254 5.3650275828e-01 2.9106432231e-05
1255 5.3559086918e-01 2.9611176505e-05
1256 5.3462100707e-01 3.1005680274e-05
1257 5.3364742402e-01 3.0466061430e-05
1258 5.3257609776e-01 2.9971768417e-05
1259 5.3133462841e-01 2.7601653826e-05
1260 5.3014364926e-01 2.7676439084e-05
1261 5.2911459051e-01 2.7161627228e-05
1262 5.2811156538e-01 2.7344482409e-05
1263 5.2709152032e-01 2.9485690270e-05
1264 5.2609062319e-01 3.0159599692e-05
1265 5.2524109922e-01 2.9524762086e-05
1266 5.2453377036e-01 2.6743112490e-05
1267 5.2389002118e-01 2.8038508935e-05
1268 5.2343108869e-01 2.9156778160e-05
1269 5.2309906513e-01 2.9117005794e-05
1270 5.2284780594e-01 2.6919994403e-05
1271 5.2268518589e-01 2.6060372814e-05
1272 5.2266417435e-01 2.6096591925e-05
1273 5.2264759548e-01 2.6100306674e-05
1274 5.2249583971e-01 2.6240587578e-05
1275 5.2229692760e-01 2.5979368043e-05
1276 5.2205463691e-01 2.6420947657e-05
1277 5.2170282587e-01 2.6533692147e-05
1278 5.2120570831e-01 2.6469544103e-05
1279 5.2058864258e-01 2.7479254399e-05
1280 5.2006736209e-01 2.9479389572e-05
1281 5.1949156094e-01 2.9357343071e-05
1282 5.1868005732e-01 2.7495089688e-05
1283 5.1785529208e-01 2.6214340513e-05
1284 5.1696812437e-01 2.6314536239e-05
1285 5.1595516162e-01 2.6577551789e-05
1286 5.1495948293e-01 2.6516415089e-05
1287 5.1401303074e-01 2.7136677078e-05
1288 5.1320465943e-01 2.7088382774e-05
1289 5.1252137316e-01 2.6403029836e-05
1290 5.1189715172e-01 2.7166608297e-05
1291 5.1134359942e-01 2.8538281490e-05
1292 5.1085870398e-01 2.8205183075e-05
1293 5.1043450549e-01 2.7191656369e-05
1294 5.1007569630e-01 2.6202646859e-05
1295 5.0978376343e-01 2.5583227737e-05
1296 5.0960607123e-01 2.5722058030e-05
1297 5.0947667449e-01 2.7606740010e-05
1298 5.0926282860e-01 2.7128867061e-05
1299 5.0902246357e-01 2.6749681026e-05
1300 5.0885277430e-01 2.6112141144e-05
1301 5.0866919061e-01 2.6325584196e-05
1302 5.0832780474e-01 2.6975143237e-05
1303 5.0784700662e-01 2.8376072009e-05
1304 5.0734401024e-01 2.7647581009e-05
1305 5.0672972137e-01 2.7761259242e-05
1306 5.0584967294e-01 2.6920151139e-05
1307 5.0501508465e-01 2.6708432525e-05
1308 5.0436984838e-01 2.7722400548e-05
1309 5.0373395281e-01 2.9636201484e-05
1310 5.0304187259e-01 2.8786538910e-05
1311 5.0244478040e-01 2.6813045449e-05
1312 5.0183092938e-01 2.7434036635e-05
1313 5.0119739469e-01 3.1144825598e-05
1314 5.0065219112e-01 3.1731401536e-05
1315 5.0006899796e-01 2.9213549434e-05
1316 4.9956466288e-01 2.7047764888e-05
1317 4.9914560503e-01 2.7433399936e-05
1318 4.9884777415e-01 2.8333169285e-05
1319 4.9866294087e-01 2.8709363387e-05
1320 4.9854938296e-01 3.2020667240e-05
1321 4.9843064901e-01 3.3166970199e-05
1322 4.9827840698e-01 2.9308891144e-05
1323 4.9812209156e-01 2.7113187266e-05
1324 4.9793001215e-01 2.6934907361e-05
1325 4.9772085956e-01 2.6248038913e-05
1326 4.9749186335e-01 2.5957901628e-05
1327 4.9716282118e-01 2.7791280142e-05
1328 4.9694110140e-01 2.6190141694e-05
1329 4.9663491759e-01 2.6870231359e-05
1330 4.9619857798e-01 2.6038243167e-05
1331 4.9578240357e-01 2.5555539753e-05
1332 4.9539613221e-01 2.5823523791e-05
1333 4.9508083969e-01 2.5484860196e-05
1334 4.9483477274e-01 2.6280559198e-05
1335 4.9455088794e-01 2.5763093654e-05
1336 4.9431112239e-01 2.5502876416e-05
1337 4.9409888590e-01 2.5647351209e-05
1338 4.9386000353e-01 2.5471811343e-05
1339 4.9366279355e-01 2.6624094583e-05
1340 4.9352508411e-01 2.7549745849e-05
1341 4.9346995141e-01 2.8575866328e-05
1342 4.9346314997e-01 2.9046380246e-05
1343 4.9331362701e-01 2.6240659106e-05
1344 4.9299813055e-01 2.6871887792e-05
1345 4.9274250285e-01 2.5363265907e-05
1346 4.9247385758e-01 2.5803196611e-05
1347 4.9203316114e-01 2.5484663472e-05
1348 4.9154398911e-01 2.5301648293e-05
1349 4.9106310269e-01 2.5907275874e-05
1350 4.9045972130e-01 2.4453230684e-05
1351 4.8983636185e-01 2.4611851825e-05
1352 4.8922886016e-01 2.5289678988e-05
1353 4.8856465555e-01 2.4383170085e-05
1354 4.8774092717e-01 2.4563921688e-05
1355 4.8703223056e-01 2.4603924959e-05
1356 4.8651178469e-01 2.3168244555e-05
1357 4.8591949102e-01 2.4830744993e-05
1358 4.8519554325e-01 2.3940617492e-05
1359 4.8450188752e-01 2.5117213666e-05
1360 4.8386466439e-01 2.4324893565e-05
1361 4.8331753175e-01 2.3791159102e-05
1362 4.8281504497e-01 2.3599317097e-05
1363 4.8227754744e-01 2.3706510459e-05
1364 4.8186217615e-01 2.3943531714e-05
1365 4.8150410227e-01 2.3925058501e-05
1366 4.8115199995e-01 2.4447402393e-05
1367 4.8091976545e-01 2.3242513182e-05
1368 4.8073491975e-01 2.3325782847e-05
1369 4.8050324054e-01 2.3468050085e-05
1370 4.8028583028e-01 2.3571508937e-05
1371 4.8003691922e-01 2.2960796510e-05
1372 4.7978332483e-01 2.3486746939e-05
1373 4.7957262144e-01 2.3683435076e-05
1374 4.7926344635e-01 2.3167059366e-05
1375 4.7885659238e-01 2.3451424502e-05
1376 4.7855729582e-01 2.4150735253e-05
1377 4.7811136819e-01 2.3219572223e-05
1378 4.7757962614e-01 2.3255259518e-05
1379 4.7704315037e-01 2.2616930417e-05
1380 4.7654366182e-01 2.2759667942e-05
1381 4.7602887053e-01 2.2746888317e-05
1382 4.7540129962e-01 2.3995211575e-05
1383 4.7484474234e-01 2.3585155599e-05
1384 4.7436917479e-01 2.2796484744e-05
1385 4.7401914047e-01 2.2971043488e-05
1386 4.7382686080e-01 2.2935516052e-05
1387 4.7375881107e-01 2.3049525458e-05
1388 4.7379390741e-01 2.2476326900e-05
1389 4.7395144066e-01 2.3285284343e-05
1390 4.7421984525e-01 2.2571362782e-05
1391 4.7454351011e-01 2.3480659693e-05
1392 4.7483141338e-01 2.3620079256e-05
1393 4.7526299842e-01 2.4704699956e-05
1394 4.7572044128e-01 2.5578017180e-05
1395 4.7607681135e-01 2.5296559724e-05
1396 4.7650191240e-01 2.6113634891e-05
1397 4.7684487207e-01 2.3874678476e-05
1398 4.7688063706e-01 2.4947065680e-05
1399 4.7685897711e-01 2.3100162147e-05
1400 4.7672417580e-01 2.3536038170e-05
1401 4.7632400860e-01 2.4434587611e-05
1402 4.7576572397e-01 2.5539362731e-05
1403 4.7512690796e-01 2.7773394566e-05
1404 4.7444060759e-01 2.6061609766e-05
1405 4.7359126971e-01 2.4601190102e-05
1406 4.7261775329e-01 2.2796161247e-05
1407 4.7165077576e-01 2.3105186543e-05
1408 4.7062647954e-01 2.3640027243e-05
1409 4.6946854871e-01 2.2376972414e-05
1410 4.6847819959e-01 2.2956183107e-05
1411 4.6759196264e-01 2.2319182460e-05
1412 4.6670544594e-01 2.3182723810e-05
1413 4.6591853020e-01 2.3470727996e-05
1414 4.6530720009e-01 2.2810818120e-05
1415 4.6491656945e-01 2.2394494461e-05
1416 4.6461097401e-01 2.2742113381e-05
1417 4.6432311574e-01 2.1956800972e-05
1418 4.6415292121e-01 2.2056503411e-05
1419 4.6411921992e-01 2.1843882718e-05
1420 4.6412393851e-01 2.2253604506e-05
1421 4.6415457917e-01 2.1918606274e-05
1422 4.6425345440e-01 2.2877226007e-05
1423 4.6436070800e-01 2.2269279616e-05
1424 4.6440144153e-01 2.2525536838e-05
1425 4.6442389717e-01 2.2470820739e-05
1426 4.6436017796e-01 2.3612889787e-05
1427 4.6417708541e-01 2.3776789721e-05
1428 4.6383910969e-01 2.3365344468e-05
1429 4.6342691563e-01 2.3009573817e-05
1430 4.6308464356e-01 2.2650847812e-05
1431 4.6264204292e-01 2.2601084625e-05
1432 4.6199770562e-01 2.2725682859e-05
1433 4.6143371561e-01 2.1810815631e-05
1434 4.6087095572e-01 2.2265910753e-05
1435 4.6013373067e-01 2.3610684088e-05
1436 4.5940901839e-01 2.4203905561e-05
1437 4.5879009261e-01 2.4198204345e-05
1438 4.5815304667e-01 2.3603216788e-05
1439 4.5751460557e-01 2.2461436411e-05
1440 4.5697263194e-01 2.1987873676e-05
1441 4.5655212268e-01 2.1889383427e-05
1442 4.5617696638e-01 2.1448596175e-05
1443 4.5576147780e-01 2.2663982877e-05
1444 4.5547145046e-01 2.2058509036e-05
1445 4.5525351102e-01 2.2217101194e-05
1446 4.5507672460e-01 2.2930326917e-05
1447 4.5496270139e-01 2.3572741344e-05
1448 4.5492103981e-01 2.6082079442e-05
1449 4.5487936550e-01 2.5787767865e-05
1450 4.5490861513e-01 2.4154389683e-05
1451 4.5497969137e-01 2.3086832917e-05
1452 4.5487221762e-01 2.3404070446e-05
1453 4.5473502373e-01 2.4193042090e-05
1454 4.5467321289e-01 2.5395211043e-05
1455 4.5450596596e-01 2.4426643830e-05
1456 4.5416064933e-01 2.2905265978e-05
1457 4.5389136256e-01 2.3017482246e-05
1458 4.5357922482e-01 2.2430414549e-05
1459 4.5310547296e-01 2.2655715751e-05
1460 4.5262563761e-01 2.2159381575e-05
1461 4.5210110393e-01 2.1431041936e-05
1462 4.5133430202e-01 2.1615725889e-05
1463 4.5037739255e-01 2.1596337129e-05
1464 4.4942462930e-01 2.2027806384e-05
1465 4.4845187084e-01 2.1898818734e-05
1466 4.4735263689e-01 2.1780886425e-05
1467 4.4633144067e-01 2.1325870624e-05
1468 4.4553015280e-01 2.0624298534e-05
1469 4.4471766798e-01 2.1663880842e-05
1470 4.4381993579e-01 2.1450547019e-05
1471 4.4306471324e-01 2.1012121340e-05
1472 4.4248114035e-01 2.1344647332e-05
1473 4.4200700210e-01 2.1724582713e-05
1474 4.4170158949e-01 2.0955234860e-05
1475 4.4154835538e-01 2.1309087919e-05
1476 4.4150592016e-01 2.0146297615e-05
1477 4.4152482250e-01 2.1000547371e-05
1478 4.4150790222e-01 2.0583904966e-05
1479 4.4139539327e-01 2.0144377280e-05
1480 4.4127886405e-01 2.0978594045e-05
1481 4.4121923703e-01 2.0859248750e-05
1482 4.4104124505e-01 2.0359698594e-05
1483 4.4076864436e-01 2.0677340645e-05
1484 4.4053415129e-01 2.1135844752e-05
1485 4.4036038899e-01 2.1033093463e-05
1486 4.3996095765e-01 2.2917100490e-05
1487 4.3951809490e-01 2.3758145172e-05
1488 4.3920424814e-01 2.4320809118e-05
1489 4.3884533434e-01 2.1742839502e-05
1490 4.3828792212e-01 2.1124151509e-05
1491 4.3771423369e-01 2.1654489022e-05
1492 4.3721195665e-01 2.0399113257e-05
1493 4.3670760752e-01 2.0098963201e-05
1494 4.3619292205e-01 2.0549962875e-05
1495 4.3573879069e-01 2.0506458134e-05
1496 4.3536011218e-01 1.9826160116e-05
1497 4.3505364920e-01 2.0244184349e-05
1498 4.3478881921e-01 2.1092788399e-05
1499 4.3452097178e-01 2.0392411079e-05
1500 4.3434128724e-01 1.9820803616e-05
1501 4.3429014754e-01 1.9198868863e-05
1502 4.3428817133e-01 1.9788175376e-05
1503 4.3427994584e-01 1.9052871473e-05
1504 4.3435752282e-01 2.0266232216e-05
1505 4.3466979699e-01 2.0371380367e-05
1506 4.3489799418e-01 2.0026736724e-05
1507 4.3497775786e-01 2.0286191853e-05
1508 4.3525045421e-01 1.9947215144e-05
1509 4.3554991657e-01 1.9492006530e-05
1510 4.3561289823e-01 2.0666192214e-05
1511 4.3561092843e-01 2.0119563024e-05
1512 4.3575402493e-01 2.0260372211e-05
1513 4.3574399392e-01 1.9742866677e-05
1514 4.3532462389e-01 1.9158462633e-05
1515 4.3489180250e-01 2.0369808777e-05
1516 4.3453661945e-01 2.0020664313e-05
1517 4.3392785775e-01 2.0567716379e-05
1518 4.3315936581e-01 1.9797583666e-05
1519 4.3234362819e-01 2.0593283607e-05
1520 4.3151823865e-01 2.1792640072e-05
1521 4.3067235471e-01 2.1720061160e-05
1522 4.2990135159e-01 2.2283364661e-05
1523 4.2924791848e-01 2.1954165390e-05
1524 4.2863610632e-01 2.1534765254e-05
1525 4.2811406396e-01 2.0023131816e-05
1526 4.2777603053e-01 2.0511663724e-05
1527 4.2755742478e-01 2.0278689596e-05
1528 4.2746843336e-01 1.9464385563e-05
1529 4.2748475979e-01 1.9941647011e-05
1530 4.2747185613e-01 1.9584961292e-05
1531 4.2738695763e-01 1.9748006511e-05
1532 4.2737367205e-01 1.9359506337e-05
1533 4.2744060925e-01 1.9524990125e-05
1534 4.2729126571e-01 2.0032972387e-05
1535 4.2707019315e-01 1.9773650412e-05
1536 4.2682777152e-01 2.0130298638e-05
1537 4.2636646079e-01 1.9512855477e-05
1538 4.2592387963e-01 1.8940007503e-05
1539 4.2543826372e-01 1.9218310951e-05
1540 4.2488922693e-01 1.9352355519e-05
1541 4.2433038577e-01 2.2051210125e-05
1542 4.2384915137e-01 1.9661223865e-05
1543 4.2339020108e-01 2.0322028061e-05
1544 4.2289405131e-01 1.9358392895e-05
1545 4.2242041318e-01 1.9935935226e-05
1546 4.2200821429e-01 2.0301285428e-05
1547 4.2161310382e-01 1.8714962200e-05
1548 4.2120908973e-01 1.9082657322e-05
1549 4.2080456111e-01 1.8157122536e-05
1550 4.2041418278e-01 1.9053098148e-05
1551 4.2002782645e-01 1.8386779158e-05
1552 4.1964628652e-01 1.8463658257e-05
1553 4.1929118974e-01 1.7996315683e-05
1554 4.1898041780e-01 1.8444469795e-05
1555 4.1867995943e-01 1.9944961073e-05
1556 4.1841914012e-01 2.0773686268e-05
1557 4.1828330001e-01 2.1430058964e-05
1558 4.1820474097e-01 1.8506241853e-05
1559 4.1815426471e-01 1.7950268692e-05
1560 4.1824751087e-01 1.6913017064e-05
1561 4.1839291508e-01 1.7548835888e-05
1562 4.1843941812e-01 1.7368479142e-05
1563 4.1838603354e-01 1.7402436546e-05
1564 4.1831414348e-01 1.7028596413e-05
1565 4.1814129897e-01 1.6750868502e-05
1566 4.1780523673e-01 1.7007992540e-05
1567 4.1740388225e-01 1.6998176477e-05
1568 4.1700819356e-01 1.7285691207e-05
1569 4.1641390227e-01 1.6869582357e-05
1570 4.1565783510e-01 1.6304482367e-05
1571 4.1505213953e-01 1.6660781876e-05
1572 4.1454727021e-01 1.5714709333e-05
1573 4.1402729980e-01 1.6206962944e-05
1574 4.1350406694e-01 1.5690430014e-05
1575 4.1312162232e-01 1.5673168331e-05
1576 4.1275501922e-01 1.5821671926e-05
1577 4.1238715040e-01 1.5691886076e-05
1578 4.1209679210e-01 1.5784739777e-05
1579 4.1186941054e-01 1.5463410309e-05
1580 4.1162841034e-01 1.5829176768e-05
1581 4.1138799800e-01 1.5728896902e-05
1582 4.1118702888e-01 1.5743124819e-05
1583 4.1097570432e-01 1.5626193839e-05
1584 4.1073042470e-01 1.5638793423e-05
1585 4.1049381493e-01 1.5222282935e-05
1586 4.1024432457e-01 1.5554255069e-05
1587 4.0998663579e-01 1.5889753703e-05
1588 4.0975191498e-01 1.6119403448e-05
1589 4.0952992331e-01 1.9201061198e-05
1590 4.0928598864e-01 1.7691858875e-05
1591 4.0903449080e-01 1.6419183712e-05
1592 4.0882033294e-01 1.5002245435e-05
1593 4.0856761315e-01 1.5106522151e-05
1594 4.0831130080e-01 1.4851214947e-05
1595 4.0813209220e-01 1.5025408233e-05
1596 4.0794172829e-01 1.5282590690e-05
1597 4.0768337125e-01 1.5770144090e-05
1598 4.0744703868e-01 1.5730924219e-05
1599 4.0724123562e-01 1.5923761126e-05
1600 4.0696678528e-01 1.5577888382e-05
1601 4.0662193099e-01 1.5094888220e-05
1602 4.0637717735e-01 1.4472611376e-05
1603 4.0614493262e-01 1.4230153684e-05
1604 4.0583747721e-01 1.3978030330e-05
1605 4.0555232757e-01 1.4576113233e-05
1606 4.0527209393e-01 1.4574919535e-05
1607 4.0498595399e-01 1.4911737616e-05
1608 4.0471774209e-01 1.4311978035e-05
1609 4.0446319644e-01 1.4133288116e-05
1610 4.0424999545e-01 1.3548840850e-05
1611 4.0410603502e-01 1.3718781656e-05
1612 4.0401846773e-01 1.3780217465e-05
1613 4.0395197319e-01 1.4269320936e-05
1614 4.0381261782e-01 1.3927647908e-05
1615 4.0372207992e-01 1.3496961507e-05
1616 4.0369352805e-01 1.3730052989e-05
1617 4.0357862333e-01 1.3521263130e-05
1618 4.0328881966e-01 1.4014452960e-05
1619 4.0299395955e-01 1.4097733125e-05
1620 4.0272096262e-01 1.3322207305e-05
1621 4.0241462764e-01 1.3458097010e-05
1622 4.0210177749e-01 1.3676363017e-05
1623 4.0178742105e-01 1.3823997766e-05
1624 4.0147062983e-01 1.4202178216e-05
1625 4.0113819346e-01 1.3121054429e-05
1626 4.0080955671e-01 1.3180973116e-05
1627 4.0046511111e-01 1.3922689568e-05
1628 4.0008291781e-01 1.4921328532e-05
1629 3.9972246539e-01 1.4986386038e-05
1630 3.9941910141e-01 1.4107752345e-05
1631 3.9917071089e-01 1.3560298903e-05
1632 3.9893045476e-01 1.3247596900e-05
1633 3.9874958160e-01 1.3158868073e-05
1634 3.9856322000e-01 1.3095301249e-05
1635 3.9839759808e-01 1.3133608886e-05
1636 3.9829791660e-01 1.2822282646e-05
1637 3.9815441079e-01 1.2603644391e-05
1638 3.9798772428e-01 1.3319449936e-05
1639 3.9783477413e-01 1.2780171858e-05
1640 3.9768403006e-01 1.2414362603e-05
1641 3.9752035032e-01 1.2691089092e-05
1642 3.9733030535e-01 1.2181503128e-05
1643 3.9716186457e-01 1.2604711519e-05
1644 3.9695648806e-01 1.2098148863e-05
1645 3.9674391063e-01 1.2022186736e-05
1646 3.9653704590e-01 1.2339631161e-05
1647 3.9626251928e-01 1.1872654913e-05
1648 3.9593994766e-01 1.2131319881e-05
1649 3.9561472629e-01 1.2116373125e-05
1650 3.9530022574e-01 1.2400452370e-05
1651 3.9494175756e-01 1.2244082599e-05
1652 3.9456920038e-01 1.2612709649e-05
1653 3.9426842182e-01 1.2605313322e-05
1654 3.9398451002e-01 1.2248557800e-05
1655 3.9365989834e-01 1.3234920193e-05
1656 3.9333008132e-01 1.3022059694e-05
1657 3.9305456692e-01 1.3223709314e-05
1658 3.9277096769e-01 1.3108012909e-05
1659 3.9247031852e-01 1.2628919090e-05
1660 3.9219510729e-01 1.2462130709e-05
1661 3.9190417243e-01 1.3322866729e-05
1662 3.9163995876e-01 1.3854328163e-05
1663 3.9140661987e-01 1.3341691596e-05
1664 3.9114707003e-01 1.2750114789e-05
1665 3.9091917206e-01 1.2287351687e-05
1666 3.9068793192e-01 1.3362753192e-05
1667 3.9044541946e-01 1.3755436733e-05
1668 3.9021303410e-01 1.3745415631e-05
1669 3.8993870065e-01 1.2494607140e-05
1670 3.8968069316e-01 1.2437833007e-05
1671 3.8946032972e-01 1.2206435564e-05
1672 3.8919612096e-01 1.2530650713e-05
1673 3.8886617613e-01 1.3085097493e-05
1674 3.8861538740e-01 1.2616677258e-05
1675 3.8832360694e-01 1.3085614475e-05
1676 3.8793310693e-01 1.2518886245e-05
1677 3.8758096242e-01 1.2259907904e-05
1678 3.8726948561e-01 1.2370986005e-05
1679 3.8694536461e-01 1.2049389617e-05
1680 3.8663875588e-01 1.2684949734e-05
1681 3.8632374950e-01 1.2414279011e-05
1682 3.8600779598e-01 1.2203432814e-05
1683 3.8569688508e-01 1.2709689026e-05
1684 3.8541093298e-01 1.3334203814e-05
1685 3.8511954670e-01 1.3168039820e-05
1686 3.8482562998e-01 1.3316440532e-05
1687 3.8457942415e-01 1.2987504959e-05
1688 3.8431109689e-01 1.2089514779e-05
1689 3.8400416141e-01 1.2452869656e-05
1690 3.8377396129e-01 1.2777933817e-05
1691 3.8355765625e-01 1.2600607596e-05
1692 3.8332936778e-01 1.1980168137e-05
1693 3.8310901279e-01 1.1994569438e-05
1694 3.8286804720e-01 1.2910051997e-05
1695 3.8265069231e-01 1.4168092004e-05
1696 3.8244574193e-01 1.3853622187e-05
1697 3.8220637689e-01 1.2229395013e-05
1698 3.8196151247e-01 1.2158516286e-05
1699 3.8167415872e-01 1.1985915836e-05
1700 3.8141718941e-01 1.1546370727e-05
1701 3.8111605585e-01 1.1918453371e-05
1702 3.8083192877e-01 1.1765762920e-05
1703 3.8055524034e-01 1.1598517354e-05
1704 3.8021746850e-01 1.1867611575e-05
1705 3.7986038867e-01 1.2928721551e-05
1706 3.7944930340e-01 1.3088858067e-05
1707 3.7909053292e-01 1.2424974809e-05
1708 3.7871513924e-01 1.1693831122e-05
1709 3.7834988912e-01 1.1717842931e-05
1710 3.7802352479e-01 1.2244597379e-05
1711 3.7767197230e-01 1.1789147278e-05
1712 3.7733141189e-01 1.2665719714e-05
1713 3.7700412903e-01 1.3481374517e-05
1714 3.7669793483e-01 1.3021100892e-05
1715 3.7642692416e-01 1.2177919968e-05
1716 3.7617392576e-01 1.2630026293e-05
1717 3.7592545762e-01 1.1521523423e-05
1718 3.7566219756e-01 1.1886828702e-05
1719 3.7538770518e-01 1.3270317657e-05
1720 3.7512603770e-01 1.3373788194e-05
1721 3.7486754025e-01 1.3408077998e-05
1722 3.7458376528e-01 1.3567132297e-05
1723 3.7427034043e-01 1.2699131281e-05
1724 3.7394383821e-01 1.1439972560e-05
1725 3.7357666362e-01 1.1270576277e-05
1726 3.7321456654e-01 1.1871459219e-05
1727 3.7287799253e-01 1.0967393349e-05
1728 3.7252238564e-01 1.1241584133e-05
1729 3.7217732932e-01 1.1202519085e-05
1730 3.7182102568e-01 1.1067161632e-05
1731 3.7144913119e-01 1.1398087307e-05
1732 3.7103937750e-01 1.1700892726e-05
1733 3.7062379472e-01 1.1378278468e-05
1734 3.7021548891e-01 1.1380447559e-05
1735 3.6979633841e-01 1.0884921171e-05
1736 3.6944453790e-01 1.0848380343e-05
1737 3.6914391873e-01 1.0674292128e-05
1738 3.6884366027e-01 1.0608856199e-05
1739 3.6855646918e-01 1.0641262266e-05
1740 3.6827188513e-01 1.0814709354e-05
1741 3.6800301464e-01 1.1015395906e-05
1742 3.6774522918e-01 1.1013323245e-05
1743 3.6746799723e-01 1.1487626067e-05
1744 3.6718596476e-01 1.1088002996e-05
1745 3.6692655002e-01 1.1750710017e-05
1746 3.6665217943e-01 1.2031694739e-05
1747 3.6636480742e-01 1.2242936147e-05
1748 3.6611227420e-01 1.1882666949e-05
1749 3.6583584589e-01 1.0814158684e-05
1750 3.6552712125e-01 1.1746666427e-05
1751 3.6528276701e-01 1.2228230345e-05
1752 3.6502343957e-01 1.2019512745e-05
1753 3.6471720756e-01 1.1142998695e-05
1754 3.6441356457e-01 1.0801761891e-05
1755 3.6413754280e-01 1.0871339134e-05
1756 3.6380964963e-01 1.0538194260e-05
1757 3.6349782094e-01 1.0646457361e-05
1758 3.6320886560e-01 1.0644023529e-05
1759 3.6289726735e-01 1.0993516852e-05
1760 3.6259222858e-01 1.0340701658e-05
1761 3.6228302404e-01 1.0681398866e-05
1762 3.6194780410e-01 1.0714594131e-05
1763 3.6163993056e-01 1.0022123292e-05
1764 3.6137846651e-01 1.0604110552e-05
1765 3.6107998742e-01 1.0491951068e-05
1766 3.6080555682e-01 1.0519782194e-05
1767 3.6056028422e-01 1.0348277707e-05
1768 3.6030716505e-01 1.0411671411e-05
1769 3.6009802136e-01 1.0561457818e-05
1770 3.5988713333e-01 1.0436363459e-05
1771 3.5966122995e-01 1.0662557559e-05
1772 3.5947341619e-01 1.0396256192e-05
1773 3.5929106978e-01 1.0748883568e-05
1774 3.5905767529e-01 1.0853097511e-05
1775 3.5881977850e-01 1.0829086584e-05
1776 3.5857410888e-01 1.0098744950e-05
1777 3.5832124354e-01 9.9838048913e-06
1778 3.5804615176e-01 1.0468913621e-05
1779 3.5773248135e-01 1.0647422419e-05
1780 3.5741228596e-01 1.1655353628e-05
1781 3.5710498196e-01 1.0700014899e-05
1782 3.5676609821e-01 1.0445865527e-05
1783 3.5641785130e-01 1.0010005412e-05
1784 3.5606306980e-01 9.9559818517e-06
1785 3.5570149558e-01 1.0117285651e-05
1786 3.5535798001e-01 9.7692670907e-06
1787 3.5500801447e-01 9.5636665000e-06
1788 3.5465255710e-01 9.6733076502e-06
1789 3.5434920028e-01 9.3560191510e-06
1790 3.5408049326e-01 9.5487163572e-06
1791 3.5380535049e-01 9.2627477775e-06
1792 3.5355991630e-01 9.2289743479e-06
1793 3.5331740908e-01 9.6373894658e-06
1794 3.5304243248e-01 9.6080590680e-06
1795 3.5275853843e-01 1.0310481330e-05
1796 3.5251823315e-01 1.1599494076e-05
1797 3.5228697252e-01 1.0647428200e-05
1798 3.5202278189e-01 9.6493599444e-06
1799 3.5174229279e-01 9.3567839855e-06
1800 3.5146198116e-01 9.4804878308e-06
1801 3.5116748291e-01 9.2482090400e-06
1802 3.5091388226e-01 9.2720828345e-06
1803 3.5069758427e-01 1.0194695634e-05
1804 3.5048852488e-01 1.0884624777e-05
1805 3.5027800190e-01 1.0152216240e-05
1806 3.5008562945e-01 9.1843282681e-06
1807 3.4989992586e-01 8.8742032379e-06
1808 3.4968182217e-01 8.3618147444e-06
1809 3.4949033978e-01 8.5040969281e-06
1810 3.4930334368e-01 8.3971864889e-06
1811 3.4910483170e-01 8.1940936274e-06
1812 3.4889401052e-01 8.4179878624e-06
1813 3.4867820796e-01 8.0882177578e-06
1814 3.4849191494e-01 8.2236482185e-06
1815 3.4829566614e-01 8.0970065311e-06
1816 3.4807502184e-01 8.1683413140e-06
1817 3.4787537441e-01 7.9557860421e-06
1818 3.4768826318e-01 8.2744334966e-06
1819 3.4748863769e-01 8.3154077198e-06
1820 3.4729196125e-01 8.4984822718e-06
1821 3.4710780958e-01 8.7838781664e-06
1822 3.4691281612e-01 8.7766174712e-06
1823 3.4672589664e-01 8.4966112696e-06
1824 3.4654677317e-01 7.7545857176e-06
1825 3.4634203611e-01 7.8032198618e-06
1826 3.4612737473e-01 7.5172477306e-06
1827 3.4593794136e-01 7.5793659397e-06
1828 3.4572124012e-01 7.9067384733e-06
1829 3.4548173072e-01 7.4668581716e-06
1830 3.4527031584e-01 7.7166030706e-06
1831 3.4505128600e-01 7.7463370840e-06
1832 3.4484631842e-01 7.5387274021e-06
1833 3.4466369964e-01 7.3254488935e-06
1834 3.4448190797e-01 7.3817533665e-06
1835 3.4431065751e-01 7.3084948650e-06
1836 3.4415275206e-01 7.4044652549e-06
1837 3.4397988199e-01 7.4329410738e-06
1838 3.4378958899e-01 7.3652539439e-06
1839 3.4361224662e-01 7.4012619932e-06
1840 3.4345092892e-01 7.2575369048e-06
1841 3.4327737596e-01 7.0045353188e-06
1842 3.4310311123e-01 6.9834788661e-06
1843 3.4294707600e-01 6.9379782286e-06
1844 3.4277338422e-01 7.0589622631e-06
1845 3.4257469681e-01 6.8583191840e-06
1846 3.4237838586e-01 6.7851632428e-06
1847 3.4216391209e-01 6.8609073003e-06
1848 3.4192026861e-01 6.7076913479e-06
1849 3.4169147273e-01 6.8323694003e-06
1850 3.4146324304e-01 6.8454887839e-06
1851 3.4126201268e-01 6.6633431869e-06
1852 3.4102513845e-01 6.8710138363e-06
1853 3.4076954450e-01 7.5158235080e-06
1854 3.4056154960e-01 8.5153300088e-06
1855 3.4037006803e-01 7.6879867023e-06
1856 3.4015460062e-01 6.8412669535e-06
1857 3.3995881062e-01 6.5578060653e-06
1858 3.3978623845e-01 6.3754445447e-06
1859 3.3960525750e-01 6.4588118434e-06
1860 3.3943238953e-01 6.8858618181e-06
1861 3.3927729668e-01 6.6047165320e-06
1862 3.3911143781e-01 6.5631646702e-06
1863 3.3894188310e-01 6.5100908700e-06
1864 3.3876528827e-01 6.4883034382e-06
1865 3.3857168507e-01 6.1223499470e-06
1866 3.3838336874e-01 6.0132544090e-06
1867 3.3819648540e-01 6.2345852252e-06
1868 3.3799296098e-01 6.0249504312e-06
1869 3.3779579196e-01 6.0396475332e-06
1870 3.3761084688e-01 5.8775073126e-06
1871 3.3741466161e-01 6.1163591905e-06
1872 3.3720809358e-01 6.0774553566e-06
1873 3.3700473218e-01 5.9257743209e-06
1874 3.3679501242e-01 5.9293834356e-06
1875 3.3660607257e-01 5.7741335500e-06
1876 3.3641113179e-01 6.0264003767e-06
1877 3.3620455685e-01 5.7098525278e-06
1878 3.3600832466e-01 5.8448174040e-06
1879 3.3578602788e-01 5.8904692967e-06
1880 3.3555851884e-01 5.9574684715e-06
1881 3.3533454683e-01 5.8231764191e-06
1882 3.3513953710e-01 5.6475082099e-06
1883 3.3494617360e-01 5.8133333693e-06
1884 3.3475911486e-01 5.7151607619e-06
1885 3.3457931270e-01 5.7008269680e-06
1886 3.3437887295e-01 5.7602533464e-06
1887 3.3418925372e-01 5.7624294134e-06
1888 3.3400835798e-01 5.8452520495e-06
1889 3.3382992293e-01 5.5630887676e-06
1890 3.3368211585e-01 5.6284741264e-06
1891 3.3352139675e-01 5.5303887702e-06
1892 3.3335132427e-01 5.7419708048e-06
1893 3.3317190417e-01 5.7571782184e-06
1894 3.3298328375e-01 5.8408407454e-06
1895 3.3277374942e-01 5.5770464881e-06
1896 3.3255301687e-01 5.6379804307e-06
1897 3.3233229911e-01 5.6872045983e-06
1898 3.3210438827e-01 5.5971133164e-06
1899 3.3187499798e-01 5.4827311507e-06
1900 3.3162957361e-01 5.7285392173e-06
1901 3.3138607622e-01 5.7727715979e-06
1902 3.3112977417e-01 6.2883670242e-06
1903 3.3086950587e-01 6.3573355837e-06
1904 3.3061272758e-01 5.9817419855e-06
1905 3.3031893196e-01 5.5576361009e-06
1906 3.3001988901e-01 5.3751741327e-06
1907 3.2973192823e-01 5.4115220589e-06
1908 3.2947407502e-01 5.3390614122e-06
1909 3.2922226286e-01 5.6023792079e-06
1910 3.2896877462e-01 5.8364494171e-06
1911 3.2875806866e-01 5.4881145119e-06
1912 3.2853728714e-01 5.5690273810e-06
1913 3.2831226479e-01 5.5342753872e-06
1914 3.2811581661e-01 5.2930050002e-06
1915 3.2791887803e-01 5.3957623249e-06
1916 3.2770157054e-01 5.2418231391e-06
1917 3.2746155711e-01 5.2300208634e-06
1918 3.2721373761e-01 5.2201517938e-06
1919 3.2698639431e-01 5.5053591555e-06
1920 3.2676168470e-01 5.5219110685e-06
1921 3.2654792595e-01 5.9544012651e-06
1922 3.2634813807e-01 6.1426417774e-06
1923 3.2611900870e-01 5.8638059099e-06
1924 3.2587650167e-01 5.6992393405e-06
1925 3.2565133807e-01 5.6180546740e-06
1926 3.2543047434e-01 5.4669647908e-06
1927 3.2520809573e-01 5.3953466067e-06
1928 3.2498080458e-01 5.4402517113e-06
1929 3.2474624421e-01 5.2152170221e-06
1930 3.2451155986e-01 5.2135325092e-06
1931 3.2428862673e-01 5.4229588497e-06
1932 3.2405067252e-01 5.4765666180e-06
1933 3.2378003212e-01 5.4991331351e-06
1934 3.2352028658e-01 6.0129150043e-06
1935 3.2328740783e-01 6.2674461750e-06
1936 3.2301939778e-01 5.4050637551e-06
1937 3.2275732425e-01 5.5338598661e-06
1938 3.2251326679e-01 5.1009080169e-06
1939 3.2227356278e-01 5.1407997850e-06
1940 3.2205700388e-01 5.2452487025e-06
1941 3.2184934488e-01 5.0908585067e-06
1942 3.2163801279e-01 5.2990666566e-06
1943 3.2142147170e-01 5.4003670153e-06
1944 3.2120810337e-01 5.2960009721e-06
1945 3.2102403696e-01 5.3379795117e-06
1946 3.2087300060e-01 5.8235607804e-06
1947 3.2073393213e-01 6.0733328153e-06
1948 3.2059972707e-01 5.7007069379e-06
1949 3.2046596905e-01 4.9227487303e-06
1950 3.2032257886e-01 5.0641103865e-06
1951 3.2018788838e-01 5.5405027643e-06
1952 3.2004476287e-01 5.2399757982e-06
1953 3.1988482295e-01 5.3699481027e-06
1954 3.1971198726e-01 5.3649316093e-06
1955 3.1953464647e-01 5.0008367203e-06
1956 3.1933550109e-01 5.1395751590e-06
1957 3.1913641934e-01 5.3701743956e-06
1958 3.1894277323e-01 4.9617344424e-06
1959 3.1869726706e-01 5.0781521047e-06
1960 3.1843238508e-01 5.8027868119e-06
1961 3.1815027244e-01 5.3664742099e-06
1962 3.1785609566e-01 4.9895486501e-06
1963 3.1757354172e-01 5.2118053139e-06
1964 3.1733671793e-01 5.5996840678e-06
1965 3.1710949444e-01 5.1557368364e-06
1966 3.1686612951e-01 5.2245512383e-06
1967 3.1662407433e-01 5.1790988135e-06
1968 3.1639753011e-01 5.0978814141e-06
1969 3.1617742587e-01 4.7587631472e-06
1970 3.1596341364e-01 4.6068199829e-06
1971 3.1576380110e-01 4.6228667229e-06
1972 3.1557678231e-01 4.7539170386e-06
1973 3.1541279148e-01 4.6174759532e-06
1974 3.1526493742e-01 4.3151437971e-06
1975 3.1510917564e-01 4.6616586956e-06
1976 3.1496053323e-01 4.8511801007e-06
1977 3.1482441296e-01 4.4079379846e-06
1978 3.1469576086e-01 4.5127136559e-06
1979 3.1454353887e-01 4.6434698698e-06
1980 3.1437328015e-01 4.4623965803e-06
1981 3.1420326553e-01 4.3663992082e-06
1982 3.1403111485e-01 4.4167148801e-06
1983 3.1384258047e-01 4.6351736255e-06
1984 3.1363679349e-01 4.5901583807e-06
1985 3.1343743872e-01 4.3373567482e-06
1986 3.1323857120e-01 4.2994446231e-06
1987 3.1301314093e-01 4.4468719464e-06
1988 3.1278141150e-01 4.5868006921e-06
1989 3.1254306277e-01 4.5200648814e-06
1990 3.1229830093e-01 4.9897049754e-06
1991 3.1209100499e-01 5.5881653256e-06
1992 3.1188400874e-01 4.7278968457e-06
1993 3.1166428689e-01 4.3270957209e-06
1994 3.1146192734e-01 4.2878951039e-06
1995 3.1125746290e-01 4.2749087265e-06
1996 3.1106341448e-01 4.1571020853e-06
1997 3.1091147638e-01 4.0072821721e-06
1998 3.1077332254e-01 4.0798363880e-06
1999 3.1061720357e-01 4.0683189770e-06
