iter rel_error rel_residual
0 7.4535836044e+00 3.6186605879e-01
1 7.9385651524e+00 2.1144891112e-01
2 8.6572835796e+00 1.4061950820e-01
3 8.2350806027e+00 9.7158902053e-02
4 7.2153511396e+00 7.2025603403e-02
5 6.6295036940e+00 5.4819415805e-02
6 6.6257338207e+00 4.3615230608e-02
7 6.6147632023e+00 3.9280764469e-02
8 6.2195363151e+00 3.1713750229e-02
9 5.5512388531e+00 2.9941977605e-02
10 4.9132133354e+00 2.4337432570e-02
11 4.5315253893e+00 2.1573067773e-02
12 4.3001639693e+00 1.9290998013e-02
13 4.1136280884e+00 1.6336277942e-02
14 3.9769524096e+00 1.5880385664e-02
15 3.9448001500e+00 1.4624662926e-02
16 3.9098516801e+00 1.3981858454e-02
17 3.8557082388e+00 1.2234446838e-02
18 3.8815422564e+00 1.2278857891e-02
19 3.9562984089e+00 1.0688697658e-02
20 4.0338528543e+00 1.0172875107e-02
21 4.0617368520e+00 9.0007055493e-03
22 4.0438301574e+00 9.0503165755e-03
23 3.9979140496e+00 7.7568900991e-03
24 3.8891402984e+00 7.7632196200e-03
25 3.6775971943e+00 7.4994188337e-03
26 3.3998887541e+00 7.3832931956e-03
27 3.1398134872e+00 6.8021220812e-03
28 2.9229584329e+00 6.5316644407e-03
29 2.7737392500e+00 6.5593105056e-03
30 2.7844264956e+00 6.1843126691e-03
31 2.9220362385e+00 5.6660962679e-03
32 3.1402280656e+00 5.6144870533e-03
33 3.3318942979e+00 4.9444023897e-03
34 3.4477572411e+00 5.0122945002e-03
35 3.5610527055e+00 4.6109889810e-03
36 3.6882029475e+00 4.5337738894e-03
37 3.7941029986e+00 4.4578149229e-03
38 3.8669902731e+00 4.2981703521e-03
39 3.8932186312e+00 4.4209968822e-03
40 3.9175915378e+00 4.1453047442e-03
41 4.0035458861e+00 4.0366070975e-03
42 4.0503340960e+00 3.9450941578e-03
43 3.9759771015e+00 3.7075315500e-03
44 3.8463625067e+00 3.8243702737e-03
45 3.6943180841e+00 3.4210163562e-03
46 3.5007797046e+00 3.5330495635e-03
47 3.2907069136e+00 3.3408929266e-03
48 3.1145251702e+00 3.2522948759e-03
49 2.9952070408e+00 3.3828804487e-03
50 2.9789628146e+00 3.0235294364e-03
51 3.0354035448e+00 3.1642159542e-03
52 3.1048704509e+00 2.9109241726e-03
53 3.2047451677e+00 2.6961340681e-03
54 3.3421696372e+00 2.9077977538e-03
55 3.4749527457e+00 2.5553729489e-03
56 3.5826456990e+00 2.7261328314e-03
57 3.6616693901e+00 2.5859186312e-03
58 3.7099365315e+00 2.4381825140e-03
59 3.7393592064e+00 2.5670244163e-03
60 3.7386877211e+00 2.4583274281e-03
61 3.6827257870e+00 2.5059984633e-03
62 3.5709447677e+00 2.3167118929e-03
63 3.4595489247e+00 2.2314383902e-03
64 3.3367435883e+00 2.1569391353e-03
65 3.2101141238e+00 2.0634361602e-03
66 3.1235890196e+00 2.1154901545e-03
67 3.0633946054e+00 2.0278805466e-03
68 3.0289702878e+00 1.8650303786e-03
69 3.0362108809e+00 1.9735309655e-03
70 3.0567280110e+00 1.8958237984e-03
71 3.0748393683e+00 1.8571026973e-03
72 3.1234048591e+00 1.8366692437e-03
73 3.2031066843e+00 1.8854305730e-03
74 3.2753661339e+00 1.9057371467e-03
75 3.3268221259e+00 1.7374657675e-03
76 3.3752886450e+00 1.7876133786e-03
77 3.4219416903e+00 1.6664173859e-03
78 3.4540676072e+00 1.7484178258e-03
79 3.4523017776e+00 1.7808604505e-03
80 3.4334738111e+00 1.8675945859e-03
81 3.4289955573e+00 1.7915806053e-03
82 3.4087988534e+00 1.7165379442e-03
83 3.3485603823e+00 1.7052845782e-03
84 3.3090727734e+00 1.6065051098e-03
85 3.2893716266e+00 1.6339300121e-03
86 3.2531359538e+00 1.6273209781e-03
87 3.2217634814e+00 1.5198111716e-03
88 3.2034789665e+00 1.5767452229e-03
89 3.1743791323e+00 1.4959308457e-03
90 3.1531584477e+00 1.5538877536e-03
91 3.1485309914e+00 1.4583924618e-03
92 3.1183024085e+00 1.4305278278e-03
93 3.0778687123e+00 1.4111140088e-03
94 3.0509680644e+00 1.3928284324e-03
95 3.0291064973e+00 1.4366899372e-03
96 3.0054719268e+00 1.3848280137e-03
97 2.9920609253e+00 1.4017257213e-03
98 2.9956727340e+00 1.3382807414e-03
99 3.0182787652e+00 1.3052249518e-03
100 3.0410205123e+00 1.2761647728e-03
101 3.0619322331e+00 1.2612209688e-03
102 3.0880261946e+00 1.2660066358e-03
103 3.1180408392e+00 1.2383139618e-03
104 3.1434798694e+00 1.2605523579e-03
105 3.1694484491e+00 1.2146364015e-03
106 3.1958314075e+00 1.1860250216e-03
107 3.2127116198e+00 1.1270102889e-03
108 3.2294193968e+00 1.0739865453e-03
109 3.2472985948e+00 1.1192807944e-03
110 3.2537208986e+00 1.0725026569e-03
111 3.2442414718e+00 1.0783242718e-03
112 3.2084618116e+00 1.0530062425e-03
113 3.1663442963e+00 9.9264452440e-04
114 3.1244631419e+00 9.8856876110e-04
115 3.0730288931e+00 1.0270639849e-03
116 3.0248045089e+00 9.2889669851e-04
117 2.9914588237e+00 1.0060154039e-03
118 2.9657777412e+00 9.5999890454e-04
119 2.9482311222e+00 8.8285649401e-04
120 2.9361268114e+00 9.5221526837e-04
121 2.9254980030e+00 8.7914968555e-04
122 2.9156725378e+00 8.9264274527e-04
123 2.9099253212e+00 8.9926074558e-04
124 2.9075023298e+00 8.4181870193e-04
125 2.9083486913e+00 9.0220390534e-04
126 2.9160269232e+00 8.4136610518e-04
127 2.9253342109e+00 8.3679937084e-04
128 2.9277562685e+00 8.5744238999e-04
129 2.9323114236e+00 7.7736502231e-04
130 2.9387931551e+00 8.0605329902e-04
131 2.9406273477e+00 7.9808913632e-04
132 2.9413589407e+00 8.1084016845e-04
133 2.9437875111e+00 7.7205601283e-04
134 2.9412185363e+00 7.5930923271e-04
135 2.9373160927e+00 7.5444876687e-04
136 2.9334111089e+00 7.8035903078e-04
137 2.9187733299e+00 8.0034195962e-04
138 2.8967446908e+00 7.4898028091e-04
139 2.8803322168e+00 7.6846322721e-04
140 2.8570845703e+00 7.2296072997e-04
141 2.8304978458e+00 7.2847602415e-04
142 2.8031246249e+00 7.4064876734e-04
143 2.7678965488e+00 7.1596678779e-04
144 2.7220567471e+00 7.4545201449e-04
145 2.6830323271e+00 7.5437880711e-04
146 2.6461281572e+00 7.0954473203e-04
147 2.6196306163e+00 7.1674929225e-04
148 2.6071348181e+00 6.9362882015e-04
149 2.6013709964e+00 6.9375448075e-04
150 2.6005003060e+00 7.1428669067e-04
151 2.6039201355e+00 6.9239725079e-04
152 2.6095789848e+00 6.8805887385e-04
153 2.6108506513e+00 7.2627675635e-04
154 2.6074795396e+00 7.2651255142e-04
155 2.6069879466e+00 6.9727118792e-04
156 2.6052848717e+00 6.2481979428e-04
157 2.5919683250e+00 6.4427501333e-04
158 2.5724410439e+00 6.5479510324e-04
159 2.5480012271e+00 6.6455923885e-04
160 2.5142831167e+00 6.4192189881e-04
161 2.4813623353e+00 6.2622530437e-04
162 2.4532959423e+00 6.1906806040e-04
163 2.4164610899e+00 6.0876775221e-04
164 2.3873719134e+00 5.9633355313e-04
165 2.3686550385e+00 5.7844477810e-04
166 2.3492962561e+00 5.9556845423e-04
167 2.3230595883e+00 6.1367547588e-04
168 2.2996398073e+00 6.0068727112e-04
169 2.2733468997e+00 5.9467552190e-04
170 2.2482893841e+00 5.6111540687e-04
171 2.2227406267e+00 6.1869937462e-04
172 2.1985927477e+00 6.4405002817e-04
173 2.1805180653e+00 6.0445354047e-04
174 2.1666944031e+00 5.6383154076e-04
175 2.1503633464e+00 5.3256898306e-04
176 2.1366222354e+00 5.7348142214e-04
177 2.1290901334e+00 5.3858713658e-04
178 2.1238619264e+00 5.3203095840e-04
179 2.1213236655e+00 5.3586749438e-04
180 2.1181129687e+00 5.4529156840e-04
181 2.1213252977e+00 5.9743293477e-04
182 2.1236648359e+00 6.2731883609e-04
183 2.1190587307e+00 5.6883677155e-04
184 2.1205009522e+00 5.4540835867e-04
185 2.1258053197e+00 5.2272908755e-04
186 2.1153702739e+00 5.1407047125e-04
187 2.1096266634e+00 5.4655380905e-04
188 2.1039194475e+00 5.2246824932e-04
189 2.0880878092e+00 5.4829916294e-04
190 2.0745927135e+00 4.9876046538e-04
191 2.0631303600e+00 5.0982198050e-04
192 2.0418536005e+00 5.5134151059e-04
193 2.0204110935e+00 5.6779201409e-04
194 2.0035509094e+00 5.5058320319e-04
195 1.9862457159e+00 5.2164962946e-04
196 1.9656703782e+00 5.0508273891e-04
197 1.9490297166e+00 5.0722397045e-04
198 1.9317598067e+00 5.0152123486e-04
199 1.9154697066e+00 5.0925734948e-04
200 1.9010089432e+00 4.8879267435e-04
201 1.8888100739e+00 4.8020641303e-04
202 1.8826839375e+00 4.9562634524e-04
203 1.8764059220e+00 4.8092598318e-04
204 1.8693950664e+00 4.5107648399e-04
205 1.8686978316e+00 4.7859354561e-04
206 1.8669641854e+00 4.7337466370e-04
207 1.8639513577e+00 4.9614630958e-04
208 1.8654992009e+00 4.9151322925e-04
209 1.8683001104e+00 4.7462261544e-04
210 1.8662050400e+00 4.5910845661e-04
211 1.8606105249e+00 4.5396694533e-04
212 1.8542217769e+00 4.6838779801e-04
213 1.8517956205e+00 4.4644588540e-04
214 1.8507215673e+00 4.5769231890e-04
215 1.8456100332e+00 4.4255032831e-04
216 1.8439103042e+00 4.5913756950e-04
217 1.8434441805e+00 4.7812366202e-04
218 1.8373606696e+00 4.6197108013e-04
219 1.8294669136e+00 4.3905552270e-04
220 1.8243612885e+00 4.1032623017e-04
221 1.8138821760e+00 3.8698032882e-04
222 1.8031812542e+00 3.9385739087e-04
223 1.7910561089e+00 3.8664010360e-04
224 1.7731399531e+00 3.9305148333e-04
225 1.7517031869e+00 3.7722817749e-04
226 1.7316952923e+00 3.9228457728e-04
227 1.7141426273e+00 3.8020805962e-04
228 1.6993547542e+00 3.8391815912e-04
229 1.6891151819e+00 3.8382303738e-04
230 1.6850124119e+00 3.8802410494e-04
231 1.6843538186e+00 3.7085532383e-04
232 1.6855602749e+00 3.8299152863e-04
233 1.6908157721e+00 3.8925333306e-04
234 1.6993946267e+00 3.7124093536e-04
235 1.7066604104e+00 3.7730272784e-04
236 1.7142456534e+00 3.8185988418e-04
237 1.7309219017e+00 3.7899070940e-04
238 1.7500082273e+00 3.7274653982e-04
239 1.7583211182e+00 3.7537734830e-04
240 1.7679628969e+00 3.7396356106e-04
241 1.7754239665e+00 3.5628433857e-04
242 1.7727797649e+00 3.7896523949e-04
243 1.7603581515e+00 3.8632313430e-04
244 1.7412502425e+00 3.6146562740e-04
245 1.7230248623e+00 3.6162152948e-04
246 1.7085800210e+00 3.4560759426e-04
247 1.6951115186e+00 3.6722838976e-04
248 1.6810948584e+00 3.6064554289e-04
249 1.6718188856e+00 3.7378222402e-04
250 1.6643701762e+00 3.4738833973e-04
251 1.6527486850e+00 3.5211747247e-04
252 1.6417928902e+00 3.3750077817e-04
253 1.6328480324e+00 3.4135734904e-04
254 1.6250004010e+00 3.3905343634e-04
255 1.6201585526e+00 3.3623446576e-04
256 1.6172304756e+00 3.4903392615e-04
257 1.6153153004e+00 3.4176018271e-04
258 1.6165023781e+00 3.4823900892e-04
259 1.6201359761e+00 3.3993106804e-04
260 1.6242317035e+00 3.4105601198e-04
261 1.6297265072e+00 3.2690428815e-04
262 1.6371839426e+00 3.3372838621e-04
263 1.6446651770e+00 3.3529979978e-04
264 1.6504123750e+00 3.2931726858e-04
265 1.6588206802e+00 3.1654191387e-04
266 1.6727428680e+00 3.3674939348e-04
267 1.6840448010e+00 3.2428108121e-04
268 1.6909675985e+00 3.2108479704e-04
269 1.7022249896e+00 3.1323936297e-04
270 1.7084342887e+00 3.2047178016e-04
271 1.7086850913e+00 2.9983077722e-04
272 1.7108487252e+00 3.1798067788e-04
273 1.7101379819e+00 3.1795110785e-04
274 1.6993666354e+00 3.0865283370e-04
275 1.6874302781e+00 3.1650030257e-04
276 1.6760203126e+00 3.1147848975e-04
277 1.6600463651e+00 3.1468480027e-04
278 1.6425905954e+00 3.1077635896e-04
279 1.6292594416e+00 2.9604805670e-04
280 1.6186995357e+00 3.1231324580e-04
281 1.6110573695e+00 3.0205979617e-04
282 1.6057959513e+00 2.9887558700e-04
283 1.6035519630e+00 3.0034788337e-04
284 1.6042572244e+00 2.9078122152e-04
285 1.6066277356e+00 2.9199516045e-04
286 1.6109034126e+00 2.9220918946e-04
287 1.6160088630e+00 3.0662381428e-04
288 1.6218006423e+00 3.2004497218e-04
289 1.6293614867e+00 3.4633624178e-04
290 1.6381632521e+00 3.3955159953e-04
291 1.6480527841e+00 2.9896370763e-04
292 1.6594570395e+00 3.0379783921e-04
293 1.6678519155e+00 2.8236904316e-04
294 1.6711421409e+00 2.9100028557e-04
295 1.6729316938e+00 2.7747363485e-04
296 1.6723732628e+00 2.7106473831e-04
297 1.6707530996e+00 2.8577157764e-04
298 1.6698493332e+00 2.7609520838e-04
299 1.6645544818e+00 2.8713237800e-04
300 1.6580146209e+00 2.8318852681e-04
301 1.6516508659e+00 2.7928614531e-04
302 1.6404219288e+00 2.7194909556e-04
303 1.6278398779e+00 2.6419973468e-04
304 1.6148784081e+00 2.7754456220e-04
305 1.5992912334e+00 2.7298150895e-04
306 1.5848532411e+00 2.7568110079e-04
307 1.5725946170e+00 2.6756421036e-04
308 1.5620642048e+00 2.6011905816e-04
309 1.5528416307e+00 2.5425968631e-04
310 1.5444362055e+00 2.8802882481e-04
311 1.5346555909e+00 2.7506626448e-04
312 1.5240371079e+00 2.5637681734e-04
313 1.5146131045e+00 2.5642089270e-04
314 1.5068776663e+00 2.4770917770e-04
315 1.5020770280e+00 2.4231988130e-04
316 1.5006928896e+00 2.3202864431e-04
317 1.5020674067e+00 2.4075045303e-04
318 1.5047557682e+00 2.3917168358e-04
319 1.5063084067e+00 2.4204649166e-04
320 1.5106529354e+00 2.4791403799e-04
321 1.5165966944e+00 2.3478116350e-04
322 1.5210187155e+00 2.4466131328e-04
323 1.5260708159e+00 2.6187818930e-04
324 1.5292713979e+00 2.7616941208e-04
325 1.5299842190e+00 2.6796682732e-04
326 1.5296003230e+00 2.5577066680e-04
327 1.5265797370e+00 2.5139846898e-04
328 1.5186865739e+00 2.4424676391e-04
329 1.5116586749e+00 2.2908735312e-04
330 1.5038342769e+00 2.4623344510e-04
331 1.4949468709e+00 2.2884829646e-04
332 1.4872346132e+00 2.2920064525e-04
333 1.4803954998e+00 2.3021064941e-04
334 1.4728920994e+00 2.3031104547e-04
335 1.4624465210e+00 2.3525825862e-04
336 1.4487766418e+00 2.2965075267e-04
337 1.4360759598e+00 2.3426055460e-04
338 1.4270995510e+00 2.2602986784e-04
339 1.4189993658e+00 2.2921465612e-04
340 1.4126710780e+00 2.3539172525e-04
341 1.4080498465e+00 2.4295905164e-04
342 1.4042807747e+00 2.7265893455e-04
343 1.4027523540e+00 2.5593569961e-04
344 1.4022558291e+00 2.2929034451e-04
345 1.4008880566e+00 2.1945043677e-04
346 1.4009364276e+00 2.1572916603e-04
347 1.4005419777e+00 2.0962757957e-04
348 1.3997997548e+00 2.0804337250e-04
349 1.3990082690e+00 2.1137003620e-04
350 1.3972802052e+00 2.1152380268e-04
351 1.3939544880e+00 2.1049439047e-04
352 1.3912110576e+00 2.1567897339e-04
353 1.3880428988e+00 2.0489663914e-04
354 1.3833563814e+00 2.0903695092e-04
355 1.3794121311e+00 2.1017143377e-04
356 1.3761037036e+00 2.0244539337e-04
357 1.3702883284e+00 2.0402212350e-04
358 1.3636853631e+00 2.0215935290e-04
359 1.3564338808e+00 2.0758915439e-04
360 1.3473635477e+00 2.0914978886e-04
361 1.3392986007e+00 2.1191835305e-04
362 1.3314189024e+00 1.8972430877e-04
363 1.3226044939e+00 1.9894122175e-04
364 1.3151415664e+00 2.1344415141e-04
365 1.3096365836e+00 2.1233208020e-04
366 1.3045039661e+00 1.9823001544e-04
367 1.2998644820e+00 1.9023191621e-04
368 1.2962987664e+00 1.8850164520e-04
369 1.2928786407e+00 1.8019266184e-04
370 1.2900496718e+00 1.8070215924e-04
371 1.2877221035e+00 1.7996939509e-04
372 1.2854747081e+00 1.9293141406e-04
373 1.2826978778e+00 1.9716484021e-04
374 1.2796546174e+00 1.9933523076e-04
375 1.2764764591e+00 1.9535986083e-04
376 1.2738683779e+00 1.9780776185e-04
377 1.2711922982e+00 1.9263319573e-04
378 1.2687120199e+00 1.8866203303e-04
379 1.2676599089e+00 1.7874537153e-04
380 1.2677342353e+00 1.7457854075e-04
381 1.2683247370e+00 1.7833522328e-04
382 1.2685193912e+00 1.7774084528e-04
383 1.2682597472e+00 1.7655793722e-04
384 1.2688312655e+00 1.7331164026e-04
385 1.2679544826e+00 1.7374065303e-04
386 1.2655049736e+00 1.6982750967e-04
387 1.2637877043e+00 1.7189615781e-04
388 1.2621055957e+00 1.7533298269e-04
389 1.2589321515e+00 1.7428556664e-04
390 1.2565119856e+00 1.7508463346e-04
391 1.2538911098e+00 1.6958768800e-04
392 1.2500879776e+00 1.7381499110e-04
393 1.2470749421e+00 1.7523965536e-04
394 1.2443807081e+00 1.6989663426e-04
395 1.2410014143e+00 1.6224514669e-04
396 1.2382543789e+00 1.6141432904e-04
397 1.2365471787e+00 1.7038329952e-04
398 1.2352307873e+00 1.6487269736e-04
399 1.2323404183e+00 1.6065993105e-04
400 1.2292754032e+00 1.5524115815e-04
401 1.2273398151e+00 1.5881548300e-04
402 1.2258783900e+00 1.5486600769e-04
403 1.2247129107e+00 1.5839418962e-04
404 1.2236415242e+00 1.5867392831e-04
405 1.2213288227e+00 1.5488174949e-04
406 1.2188413255e+00 1.5293532892e-04
407 1.2169048876e+00 1.5620954703e-04
408 1.2146631667e+00 1.5865220683e-04
409 1.2107680974e+00 1.5702323633e-04
410 1.2076307995e+00 1.5312552728e-04
411 1.2042937853e+00 1.5152020548e-04
412 1.2013412113e+00 1.4823232305e-04
413 1.1986976855e+00 1.5714697349e-04
414 1.1964349822e+00 1.5299329105e-04
415 1.1942138775e+00 1.5273362483e-04
416 1.1924444299e+00 1.5575830150e-04
417 1.1913282446e+00 1.6734082036e-04
418 1.1912541969e+00 1.7472119713e-04
419 1.1917036476e+00 1.6783211177e-04
420 1.1920360966e+00 1.5528326900e-04
421 1.1927905926e+00 1.4722714589e-04
422 1.1935717650e+00 1.4736027486e-04
423 1.1934540588e+00 1.4074391036e-04
424 1.1936357170e+00 1.3807748000e-04
425 1.1936525233e+00 1.3771431195e-04
426 1.1926665487e+00 1.4290475405e-04
427 1.1914141425e+00 1.4650577499e-04
428 1.1899481004e+00 1.3971763739e-04
429 1.1871760257e+00 1.4114172911e-04
430 1.1843342180e+00 1.3174884588e-04
431 1.1820435661e+00 1.4204175256e-04
432 1.1804326623e+00 1.3554202065e-04
433 1.1793164790e+00 1.3802172643e-04
434 1.1781079513e+00 1.3695318372e-04
435 1.1771647101e+00 1.3661092452e-04
436 1.1770675410e+00 1.4219781531e-04
437 1.1769223939e+00 1.3348606917e-04
438 1.1770305522e+00 1.3750788987e-04
439 1.1781686244e+00 1.3242802615e-04
440 1.1797205411e+00 1.3410061352e-04
441 1.1812870810e+00 1.3653362969e-04
442 1.1829102910e+00 1.3601418068e-04
443 1.1840063169e+00 1.3900659540e-04
444 1.1851079450e+00 1.3452638399e-04
445 1.1860971723e+00 1.3722517372e-04
446 1.1852559227e+00 1.3991332584e-04
447 1.1847132367e+00 1.3376765452e-04
448 1.1852563619e+00 1.3837366562e-04
449 1.1853248374e+00 1.3489754333e-04
450 1.1846873009e+00 1.4265885596e-04
451 1.1836481318e+00 1.4293485471e-04
452 1.1823564947e+00 1.5245026499e-04
453 1.1816875937e+00 1.5482217880e-04
454 1.1813912135e+00 1.4840082761e-04
455 1.1813640526e+00 1.4129632432e-04
456 1.1822536180e+00 1.3939912056e-04
457 1.1833515697e+00 1.3913340846e-04
458 1.1836204835e+00 1.3552448116e-04
459 1.1824597209e+00 1.3946179547e-04
460 1.1807455190e+00 1.3653260640e-04
461 1.1797959613e+00 1.4041684094e-04
462 1.1786150345e+00 1.4861660084e-04
463 1.1776722243e+00 1.6399666232e-04
464 1.1776308457e+00 1.5683790165e-04
465 1.1777240529e+00 1.4427717501e-04
466 1.1769893032e+00 1.4042997149e-04
467 1.1765740742e+00 1.3419871053e-04
468 1.1758653963e+00 1.3464770491e-04
469 1.1741877067e+00 1.3300391981e-04
470 1.1721544791e+00 1.3943013750e-04
471 1.1694679002e+00 1.3456898503e-04
472 1.1669127864e+00 1.2740276223e-04
473 1.1647735396e+00 1.3058680577e-04
474 1.1622816169e+00 1.3144303727e-04
475 1.1594939504e+00 1.3141245269e-04
476 1.1566568186e+00 1.2940764997e-04
477 1.1540084867e+00 1.3387594923e-04
478 1.1517689340e+00 1.4063234253e-04
479 1.1503579852e+00 1.4518407456e-04
480 1.1492749369e+00 1.4221457391e-04
481 1.1480622032e+00 1.3960791345e-04
482 1.1468093096e+00 1.2253882632e-04
483 1.1458588673e+00 1.2396746118e-04
484 1.1453932969e+00 1.2834022833e-04
485 1.1453696342e+00 1.2882388322e-04
486 1.1455408988e+00 1.2496738277e-04
487 1.1453862540e+00 1.1943323450e-04
488 1.1453129132e+00 1.2449649578e-04
489 1.1450664880e+00 1.2422667347e-04
490 1.1443416030e+00 1.2467083481e-04
491 1.1441990936e+00 1.2133209880e-04
492 1.1442274147e+00 1.2309724669e-04
493 1.1436959626e+00 1.2641340343e-04
494 1.1421594157e+00 1.2857852328e-04
495 1.1408724430e+00 1.3863662915e-04
496 1.1398048368e+00 1.4305728956e-04
497 1.1384664790e+00 1.2847415026e-04
498 1.1367656317e+00 1.2763566701e-04
499 1.1348621463e+00 1.2188373154e-04
500 1.1327668091e+00 1.2911314039e-04
501 1.1311424269e+00 1.2938822268e-04
502 1.1301067803e+00 1.3094308363e-04
503 1.1293562359e+00 1.2816456466e-04
504 1.1291779737e+00 1.2473056204e-04
505 1.1299853432e+00 1.2900524689e-04
506 1.1309370363e+00 1.2216084648e-04
507 1.1326200899e+00 1.2244633826e-04
508 1.1356980445e+00 1.2183586820e-04
509 1.1393020629e+00 1.2767545450e-04
510 1.1415163740e+00 1.2579454493e-04
511 1.1435098701e+00 1.2185648116e-04
512 1.1453354749e+00 1.1824844064e-04
513 1.1461289210e+00 1.1991984180e-04
514 1.1459788394e+00 1.2050361177e-04
515 1.1458596980e+00 1.2375458443e-04
516 1.1449330444e+00 1.1826369041e-04
517 1.1422102925e+00 1.1821491739e-04
518 1.1388259052e+00 1.1580022935e-04
519 1.1351375702e+00 1.1655919701e-04
520 1.1304841230e+00 1.1900622438e-04
521 1.1251938397e+00 1.1388858128e-04
522 1.1199262676e+00 1.1709188048e-04
523 1.1152133017e+00 1.1222657924e-04
524 1.1109770929e+00 1.1628358777e-04
525 1.1068101106e+00 1.1726285354e-04
526 1.1029820006e+00 1.1080391421e-04
527 1.0997104867e+00 1.1201275345e-04
528 1.0964850558e+00 1.1508537641e-04
529 1.0935481882e+00 1.1070303033e-04
530 1.0909124940e+00 1.1144233923e-04
531 1.0882912119e+00 1.1142040928e-04
532 1.0857293504e+00 1.1495773665e-04
533 1.0835757745e+00 1.1333746297e-04
534 1.0815306132e+00 1.0920256653e-04
535 1.0794547054e+00 1.0879646990e-04
536 1.0778360432e+00 1.0273375279e-04
537 1.0764419469e+00 1.0901100397e-04
538 1.0754575861e+00 1.0247843009e-04
539 1.0746760377e+00 1.0707988681e-04
540 1.0739998581e+00 1.0656127615e-04
541 1.0735789253e+00 1.1031795114e-04
542 1.0729469844e+00 1.1616095226e-04
543 1.0716254460e+00 1.1731312041e-04
544 1.0698946414e+00 1.0990534403e-04
545 1.0682279331e+00 1.0075551187e-04
546 1.0666040208e+00 1.0710442170e-04
547 1.0648385435e+00 1.0789219680e-04
548 1.0626828841e+00 1.0464051669e-04
549 1.0605394281e+00 1.0983184559e-04
550 1.0585890629e+00 1.1064027399e-04
551 1.0567354637e+00 1.0669025230e-04
552 1.0548997760e+00 1.1028028337e-04
553 1.0532970843e+00 1.1392293421e-04
554 1.0518626111e+00 1.1093529795e-04
555 1.0504950705e+00 1.0799222217e-04
556 1.0495366124e+00 1.0539455732e-04
557 1.0492462935e+00 1.0137041702e-04
558 1.0490731141e+00 1.0014510019e-04
559 1.0490370812e+00 1.0070896831e-04
560 1.0490713252e+00 9.7862954844e-05
561 1.0489299082e+00 9.5364698259e-05
562 1.0489039566e+00 9.7618098739e-05
563 1.0489200843e+00 1.0165884160e-04
564 1.0482938255e+00 9.7744446351e-05
565 1.0475709357e+00 9.4937889412e-05
566 1.0469669541e+00 9.7019767462e-05
567 1.0458633157e+00 9.6238941404e-05
568 1.0436840749e+00 9.9750063176e-05
569 1.0412713540e+00 9.3038122092e-05
570 1.0388760930e+00 9.2735520665e-05
571 1.0361601843e+00 9.3854438663e-05
572 1.0332615184e+00 9.5951745367e-05
573 1.0299127757e+00 9.6033513680e-05
574 1.0258964128e+00 9.5210579848e-05
575 1.0221836779e+00 9.2990049297e-05
576 1.0194269520e+00 9.1382564866e-05
577 1.0172644769e+00 9.2875602206e-05
578 1.0151230644e+00 9.0973961365e-05
579 1.0132770230e+00 9.7259022244e-05
580 1.0120735082e+00 9.3423865866e-05
581 1.0108840722e+00 1.0069005825e-04
582 1.0096208396e+00 9.5653924358e-05
583 1.0084346208e+00 9.0873101687e-05
584 1.0073823692e+00 9.4835980811e-05
585 1.0064978529e+00 8.9910195752e-05
586 1.0059298356e+00 9.0714274213e-05
587 1.0055679040e+00 8.6028794007e-05
588 1.0047519337e+00 8.5199652955e-05
589 1.0036459188e+00 8.2894228256e-05
590 1.0027838095e+00 8.7934620867e-05
591 1.0018553537e+00 9.0665446554e-05
592 1.0005688771e+00 8.8157447757e-05
593 9.9928507273e-01 8.9813702367e-05
594 9.9833789836e-01 8.6066156961e-05
595 9.9750684025e-01 8.8934368130e-05
596 9.9632560925e-01 8.5122291675e-05
597 9.9473252213e-01 9.0479978195e-05
598 9.9270429130e-01 9.5167049634e-05
599 9.9093346760e-01 9.2444802049e-05
600 9.8920033829e-01 9.1046554059e-05
601 9.8692316930e-01 8.4131977804e-05
602 9.8437799434e-01 9.3839762581e-05
603 9.8208652099e-01 9.0926846421e-05
604 9.7985728012e-01 9.0469229330e-05
605 9.7748382641e-01 8.5555282745e-05
606 9.7511415380e-01 8.0902809993e-05
607 9.7324443875e-01 8.1334405352e-05
608 9.7171632063e-01 7.9599624088e-05
609 9.7015267704e-01 8.1151512253e-05
610 9.6829682172e-01 8.1724748379e-05
611 9.6616179992e-01 8.2838181231e-05
612 9.6419603636e-01 8.2518174724e-05
613 9.6234026883e-01 8.1036299696e-05
614 9.6063386929e-01 8.0404107996e-05
615 9.5933992196e-01 8.0375599025e-05
616 9.5835271203e-01 8.0643529646e-05
617 9.5690349545e-01 8.0630232434e-05
618 9.5498520910e-01 8.0369585514e-05
619 9.5347596378e-01 8.2183843809e-05
620 9.5197024428e-01 8.0283689789e-05
621 9.5015768804e-01 8.3487913037e-05
622 9.4824175829e-01 8.5858399663e-05
623 9.4621141767e-01 8.4990087944e-05
624 9.4392977040e-01 8.1435474900e-05
625 9.4160334108e-01 8.1191600388e-05
626 9.3920039909e-01 8.3369806201e-05
627 9.3638101850e-01 8.4127650651e-05
628 9.3341344657e-01 8.1633962614e-05
629 9.3048743541e-01 8.2756938326e-05
630 9.2771053844e-01 8.2602161043e-05
631 9.2513375720e-01 8.8057975327e-05
632 9.2251605745e-01 8.1210518177e-05
633 9.1986426753e-01 7.8293809350e-05
634 9.1743707482e-01 8.0199294429e-05
635 9.1516619129e-01 7.7423371376e-05
636 9.1315708156e-01 7.8106723761e-05
637 9.1124700976e-01 7.6085642269e-05
638 9.0915731636e-01 7.6065627244e-05
639 9.0688805634e-01 7.9454003772e-05
640 9.0504796077e-01 7.8439726265e-05
641 9.0353095435e-01 7.6658355442e-05
642 9.0190480264e-01 7.7380357259e-05
643 9.0057088997e-01 7.8161145158e-05
644 8.9947861842e-01 9.2265503806e-05
645 8.9851588861e-01 9.0249784980e-05
646 8.9772995088e-01 7.9810114772e-05
647 8.9716068320e-01 7.2766746334e-05
648 8.9609982492e-01 7.0836057890e-05
649 8.9477466045e-01 7.3463131532e-05
650 8.9375939062e-01 7.0597513110e-05
651 8.9282619737e-01 7.0847569288e-05
652 8.9128077414e-01 7.2248733182e-05
653 8.8925394156e-01 7.0124508211e-05
654 8.8741989057e-01 6.9139459166e-05
655 8.8550724809e-01 6.8087221004e-05
656 8.8324042261e-01 7.0638852325e-05
657 8.8146780721e-01 7.0861026864e-05
658 8.7992468653e-01 6.6363027957e-05
659 8.7821989275e-01 6.7542909134e-05
660 8.7619324522e-01 6.8447434333e-05
661 8.7456768661e-01 7.0159673290e-05
662 8.7221514406e-01 6.7360185447e-05
663 8.6992698526e-01 6.6190262770e-05
664 8.6788343916e-01 7.0120666092e-05
665 8.6543996099e-01 6.7099064404e-05
666 8.6296497462e-01 7.0336179130e-05
667 8.6075737155e-01 6.6314608520e-05
668 8.5874350592e-01 6.8277178667e-05
669 8.5674703299e-01 6.5890611303e-05
670 8.5517190603e-01 6.6402352461e-05
671 8.5382355076e-01 6.6289093429e-05
672 8.5234473659e-01 6.8820163871e-05
673 8.5111347367e-01 6.6240851596e-05
674 8.5018163897e-01 6.7458722136e-05
675 8.4907033119e-01 7.1228506335e-05
676 8.4784599882e-01 7.0779435213e-05
677 8.4679482858e-01 7.0270959030e-05
678 8.4580134576e-01 7.1696251047e-05
679 8.4450721341e-01 6.8172412586e-05
680 8.4333077658e-01 6.5707847286e-05
681 8.4221621219e-01 6.5723226990e-05
682 8.4082159675e-01 6.5442728155e-05
683 8.3957352656e-01 6.7866580893e-05
684 8.3862437510e-01 6.7629715806e-05
685 8.3770471860e-01 6.7339034201e-05
686 8.3694168597e-01 6.6283550576e-05
687 8.3647826445e-01 6.5370195689e-05
688 8.3606231541e-01 6.4470888000e-05
689 8.3571289196e-01 6.3646605522e-05
690 8.3575426297e-01 6.3916083340e-05
691 8.3591627199e-01 6.2255440999e-05
692 8.3589583094e-01 6.0075496254e-05
693 8.3567527243e-01 6.2216105090e-05
694 8.3520471300e-01 6.2864936905e-05
695 8.3467969143e-01 6.2710954547e-05
696 8.3391380245e-01 6.3780915045e-05
697 8.3289783775e-01 6.3337815189e-05
698 8.3213642161e-01 6.5409876328e-05
699 8.3132098327e-01 6.4616876550e-05
700 8.3027598538e-01 6.9753908998e-05
701 8.2915933507e-01 7.3065085883e-05
702 8.2776743346e-01 7.5092650271e-05
703 8.2597149010e-01 7.4421190096e-05
704 8.2421141944e-01 6.9512794434e-05
705 8.2258486851e-01 6.7179194765e-05
706 8.2053693993e-01 6.4145091902e-05
707 8.1855452781e-01 6.2401962761e-05
708 8.1728647992e-01 6.1325733925e-05
709 8.1609094497e-01 6.0604425956e-05
710 8.1459967426e-01 6.1970715510e-05
711 8.1339387913e-01 6.2698243229e-05
712 8.1255975349e-01 6.2738857582e-05
713 8.1140034882e-01 6.3465101672e-05
714 8.0992767558e-01 6.1640790972e-05
715 8.0864370880e-01 6.5081315299e-05
716 8.0755037299e-01 6.5442943844e-05
717 8.0637756829e-01 6.2396383318e-05
718 8.0510033851e-01 6.0239383859e-05
719 8.0400539201e-01 6.1174295944e-05
720 8.0298157848e-01 6.3097555266e-05
721 8.0194273478e-01 6.2936485746e-05
722 8.0084612119e-01 6.2749696826e-05
723 7.9970199876e-01 6.1198272492e-05
724 7.9839067324e-01 6.0247883408e-05
725 7.9694228984e-01 6.1672420021e-05
726 7.9552761248e-01 6.1287330745e-05
727 7.9422817718e-01 6.3570963959e-05
728 7.9271667295e-01 6.3465543913e-05
729 7.9117582555e-01 6.2961241364e-05
730 7.8975168723e-01 6.0872690506e-05
731 7.8833179937e-01 6.1192397660e-05
732 7.8689585861e-01 5.9395013284e-05
733 7.8563185547e-01 6.0275326919e-05
734 7.8454812714e-01 5.9631917687e-05
735 7.8348713419e-01 6.1060722205e-05
736 7.8259212798e-01 6.4215767423e-05
737 7.8182709430e-01 6.5853912027e-05
738 7.8109543314e-01 5.9002631689e-05
739 7.8063060706e-01 5.7657924081e-05
740 7.8047854038e-01 6.1623666568e-05
741 7.8037770517e-01 5.8259026343e-05
742 7.8018804927e-01 5.7689019107e-05
743 7.8011991886e-01 5.6705314694e-05
744 7.8028870277e-01 5.7457335150e-05
745 7.8029412898e-01 5.5258603988e-05
746 7.8017831419e-01 5.5754292669e-05
747 7.8011379446e-01 5.4741656577e-05
748 7.7969655319e-01 5.4293339420e-05
749 7.7904440283e-01 5.4072400345e-05
750 7.7815355771e-01 5.4485634726e-05
751 7.7644246790e-01 5.6723362764e-05
752 7.7447261730e-01 5.3050329033e-05
753 7.7277487091e-01 5.2792159589e-05
754 7.7098138487e-01 5.3157978301e-05
755 7.6890552034e-01 5.3758053663e-05
756 7.6689657775e-01 5.2633795264e-05
757 7.6542764441e-01 5.1668470860e-05
758 7.6406288477e-01 5.3192743090e-05
759 7.6245752306e-01 5.3723529977e-05
760 7.6091753168e-01 5.2961698089e-05
761 7.5964740018e-01 5.5674024023e-05
762 7.5847222658e-01 5.2346394442e-05
763 7.5741623044e-01 5.5353916775e-05
764 7.5697202399e-01 5.7731505041e-05
765 7.5652885416e-01 6.0255388905e-05
766 7.5593329875e-01 6.8503641491e-05
767 7.5519339677e-01 5.9484585627e-05
768 7.5432842777e-01 5.6999050939e-05
769 7.5358323035e-01 5.5018503379e-05
770 7.5283564706e-01 5.6225150084e-05
771 7.5217989127e-01 5.8436151504e-05
772 7.5143637743e-01 5.8348318195e-05
773 7.5056026657e-01 5.6063072836e-05
774 7.4996124271e-01 5.5137917684e-05
775 7.4919444528e-01 5.4719519581e-05
776 7.4793955637e-01 5.5021783036e-05
777 7.4675496536e-01 5.5159324504e-05
778 7.4577271767e-01 5.4650106462e-05
779 7.4463917216e-01 5.6171018133e-05
780 7.4347234885e-01 5.5301245095e-05
781 7.4257775781e-01 5.3426330816e-05
782 7.4183122505e-01 5.4208691869e-05
783 7.4079847675e-01 5.3707205477e-05
784 7.3933315591e-01 5.5727621283e-05
785 7.3782544071e-01 6.0468900746e-05
786 7.3658983390e-01 6.4168621882e-05
787 7.3539164637e-01 6.2380545586e-05
788 7.3429379244e-01 6.1686525644e-05
789 7.3354984688e-01 5.8316432575e-05
790 7.3290425514e-01 5.5876894551e-05
791 7.3249344981e-01 5.7057591242e-05
792 7.3249970665e-01 5.5877047154e-05
793 7.3258645843e-01 5.6375865515e-05
794 7.3315853222e-01 5.5273092925e-05
795 7.3396701535e-01 5.5198558600e-05
796 7.3468273855e-01 5.5483597302e-05
797 7.3544995976e-01 5.6080782904e-05
798 7.3619047863e-01 5.5552034611e-05
799 7.3655906126e-01 5.4242476780e-05
800 7.3667564215e-01 5.3348202988e-05
801 7.3688229986e-01 5.4238516483e-05
802 7.3725464088e-01 5.3129812481e-05
803 7.3728832634e-01 5.5155187253e-05
804 7.3655937838e-01 5.5536950355e-05
805 7.3568807419e-01 5.4452764666e-05
806 7.3491679608e-01 5.9175451886e-05
807 7.3356012469e-01 6.0265307260e-05
808 7.3141233247e-01 6.3744633639e-05
809 7.2898447033e-01 6.1220960899e-05
810 7.2630343911e-01 5.7910912493e-05
811 7.2350747417e-01 5.6707681020e-05
812 7.2092809827e-01 5.6814613712e-05
813 7.1851134545e-01 5.5851430428e-05
814 7.1605268848e-01 5.3791026231e-05
815 7.1413130047e-01 5.6890420794e-05
816 7.1288721789e-01 5.3342857549e-05
817 7.1221394634e-01 5.5057701171e-05
818 7.1195198458e-01 5.4414238830e-05
819 7.1204186872e-01 5.4024059889e-05
820 7.1242171590e-01 5.4911974748e-05
821 7.1300094593e-01 5.3546389707e-05
822 7.1358296490e-01 5.3660010692e-05
823 7.1417569079e-01 5.3011507758e-05
824 7.1475358487e-01 5.3235802374e-05
825 7.1506415328e-01 5.3001717362e-05
826 7.1530946044e-01 5.3716616847e-05
827 7.1583448502e-01 5.2546463150e-05
828 7.1607683523e-01 5.3993811906e-05
829 7.1548080191e-01 5.3308019740e-05
830 7.1450390576e-01 5.2731185285e-05
831 7.1336678009e-01 5.4049019156e-05
832 7.1171823351e-01 5.4389359484e-05
833 7.1015111386e-01 5.4931434792e-05
834 7.0874883762e-01 5.2070642564e-05
835 7.0700914471e-01 5.1475839389e-05
836 7.0541287498e-01 5.3708161020e-05
837 7.0400016972e-01 5.2697878347e-05
838 7.0224894739e-01 5.3713329850e-05
839 7.0041083085e-01 5.3609324114e-05
840 6.9872772094e-01 5.4953250374e-05
841 6.9719561323e-01 5.3108423063e-05
842 6.9615121542e-01 5.2183099316e-05
843 6.9566401440e-01 5.1348322041e-05
844 6.9548476984e-01 5.3920608637e-05
845 6.9548796853e-01 5.2097438989e-05
846 6.9588918591e-01 5.2534790323e-05
847 6.9680108822e-01 5.1788307206e-05
848 6.9747015733e-01 5.4123760360e-05
849 6.9789797204e-01 6.0368655364e-05
850 6.9892905510e-01 6.1728617491e-05
851 6.9972430761e-01 5.7951365470e-05
852 6.9977035010e-01 5.4952159675e-05
853 6.9986553888e-01 5.1967487280e-05
854 7.0011783241e-01 5.3004591492e-05
855 6.9952571239e-01 5.2431898408e-05
856 6.9845083905e-01 5.1636508939e-05
857 6.9779935681e-01 5.3979575001e-05
858 6.9676969866e-01 5.1597991913e-05
859 6.9538132923e-01 5.0451472884e-05
860 6.9385564264e-01 5.2660063792e-05
861 6.9239718545e-01 5.1359350846e-05
862 6.9066440258e-01 5.1474309768e-05
863 6.8872212128e-01 5.2934755685e-05
864 6.8728533147e-01 6.0669006526e-05
865 6.8620194879e-01 5.6521102183e-05
866 6.8503296345e-01 5.2887963925e-05
867 6.8399617671e-01 5.0465424543e-05
868 6.8357030631e-01 5.6638821218e-05
869 6.8327250440e-01 5.4499606120e-05
870 6.8265094100e-01 5.3221642020e-05
871 6.8195421527e-01 5.1751992860e-05
872 6.8149337027e-01 5.3225996645e-05
873 6.8132462080e-01 5.5694271936e-05
874 6.8152622144e-01 5.8530872353e-05
875 6.8196657917e-01 5.5325364618e-05
876 6.8259427890e-01 5.0299600728e-05
877 6.8340269939e-01 5.1450919990e-05
878 6.8429266662e-01 5.2141287449e-05
879 6.8549839922e-01 5.4666871629e-05
880 6.8670577393e-01 5.1814735774e-05
881 6.8811816952e-01 5.2344253507e-05
882 6.8961854824e-01 4.9688817857e-05
883 6.9071528689e-01 4.9928140581e-05
884 6.9152327833e-01 4.9840602659e-05
885 6.9198292257e-01 4.7082943588e-05
886 6.9205001366e-01 4.8873325959e-05
887 6.9190571010e-01 4.8489583235e-05
888 6.9144144188e-01 4.9246213549e-05
889 6.9068578328e-01 4.9244530686e-05
890 6.9000679561e-01 4.7495570527e-05
891 6.8922286964e-01 4.8321562951e-05
892 6.8806533110e-01 4.6970013723e-05
893 6.8696625515e-01 4.8729494479e-05
894 6.8622953472e-01 4.8073737049e-05
895 6.8521893539e-01 4.7333794297e-05
896 6.8429102053e-01 4.9081360689e-05
897 6.8357363662e-01 4.7915519240e-05
898 6.8280583056e-01 4.8411110560e-05
899 6.8233761918e-01 4.8655756365e-05
900 6.8210618728e-01 4.7560751915e-05
901 6.8193326278e-01 4.7651758795e-05
902 6.8179371747e-01 4.7772534444e-05
903 6.8159132999e-01 4.9700449316e-05
904 6.8124256283e-01 5.2398764638e-05
905 6.8103058654e-01 5.7059224872e-05
906 6.8095381508e-01 5.6236198965e-05
907 6.8084193843e-01 5.1664856292e-05
908 6.8086160700e-01 5.2094309169e-05
909 6.8100222953e-01 5.1422239857e-05
910 6.8107397485e-01 5.0498920496e-05
911 6.8119766227e-01 4.8814231749e-05
912 6.8135524280e-01 4.8705881752e-05
913 6.8132304301e-01 4.8838061309e-05
914 6.8126119606e-01 4.7599832673e-05
915 6.8123357056e-01 4.9009748748e-05
916 6.8115715523e-01 4.9284463114e-05
917 6.8112136432e-01 4.7275444242e-05
918 6.8101487388e-01 4.8302852712e-05
919 6.8066909482e-01 4.7332110152e-05
920 6.8022004628e-01 4.7722423070e-05
921 6.7978831165e-01 4.7088003000e-05
922 6.7908390185e-01 4.7508660524e-05
923 6.7838019018e-01 4.8691251946e-05
924 6.7758978007e-01 4.7132798380e-05
925 6.7698761720e-01 5.3521085213e-05
926 6.7668097888e-01 5.6960268237e-05
927 6.7631194990e-01 5.2821062548e-05
928 6.7573184976e-01 5.0218049606e-05
929 6.7547288136e-01 4.6352035758e-05
930 6.7523160110e-01 4.5328895304e-05
931 6.7483382608e-01 4.5399724207e-05
932 6.7449259986e-01 4.6221419720e-05
933 6.7432035149e-01 4.5295019950e-05
934 6.7417663699e-01 4.5468653394e-05
935 6.7395855589e-01 4.6487824105e-05
936 6.7384831154e-01 4.6911056010e-05
937 6.7378611323e-01 5.0549862361e-05
938 6.7365031713e-01 5.6816494030e-05
939 6.7359228996e-01 5.0469319596e-05
940 6.7378016619e-01 4.7119160515e-05
941 6.7405256770e-01 4.4659836217e-05
942 6.7440115904e-01 4.4559088852e-05
943 6.7508515169e-01 4.4907907610e-05
944 6.7559415647e-01 4.3279392246e-05
945 6.7599092013e-01 4.3774683843e-05
946 6.7634664295e-01 4.2064529885e-05
947 6.7632142489e-01 4.1988445655e-05
948 6.7619116299e-01 4.1262432407e-05
949 6.7627478674e-01 4.0886319597e-05
950 6.7617685501e-01 4.2130631064e-05
951 6.7556783611e-01 4.0344297346e-05
952 6.7492011505e-01 4.0031621144e-05
953 6.7413160833e-01 3.9275276156e-05
954 6.7295444067e-01 3.9174370223e-05
955 6.7169618967e-01 3.9837982217e-05
956 6.7043796428e-01 3.8932505605e-05
957 6.6932205152e-01 4.0137436890e-05
958 6.6842302429e-01 3.8442973019e-05
959 6.6739011204e-01 4.0346043602e-05
960 6.6606273190e-01 3.9699649795e-05
961 6.6512310667e-01 4.0884039067e-05
962 6.6446229589e-01 3.8794373238e-05
963 6.6376371101e-01 3.9658658741e-05
964 6.6322313320e-01 3.9012865392e-05
965 6.6297800673e-01 4.0584792621e-05
966 6.6286197487e-01 4.0108268534e-05
967 6.6284693290e-01 3.9774397108e-05
968 6.6289413949e-01 3.8818392146e-05
969 6.6295134404e-01 3.8919955024e-05
970 6.6320630896e-01 3.9626365961e-05
971 6.6343547657e-01 3.8929190473e-05
972 6.6345361660e-01 3.8068307231e-05
973 6.6332515858e-01 3.8536240627e-05
974 6.6300398305e-01 3.8923397685e-05
975 6.6258254994e-01 3.8319225982e-05
976 6.6230908355e-01 3.8930428980e-05
977 6.6214975745e-01 3.8136229732e-05
978 6.6202983652e-01 3.8250605445e-05
979 6.6178325380e-01 3.8355838615e-05
980 6.6139965269e-01 3.8094851302e-05
981 6.6114080011e-01 3.7093880198e-05
982 6.6093990559e-01 3.7368397409e-05
983 6.6060483270e-01 3.8972783391e-05
984 6.6041573627e-01 3.7293025047e-05
985 6.6045647701e-01 3.7675846983e-05
986 6.6055198117e-01 3.6776002773e-05
987 6.6079923919e-01 3.6007568367e-05
988 6.6123735498e-01 3.7596133515e-05
989 6.6176897199e-01 3.7450073374e-05
990 6.6236757994e-01 3.9203763508e-05
991 6.6297928527e-01 4.0366175407e-05
992 6.6354673125e-01 4.4723829080e-05
993 6.6411434321e-01 4.0965053492e-05
994 6.6460273379e-01 3.8135939704e-05
995 6.6493469032e-01 3.6766529105e-05
996 6.6513214178e-01 3.6349741027e-05
997 6.6522910502e-01 3.5795529156e-05
998 6.6528710156e-01 3.5601035172e-05
999 6.6522193777e-01 3.6373174967e-05
1000 6.6482909554e-01 3.6863380028e-05
1001 6.6411717888e-01 3.6076817999e-05
1002 6.6351073350e-01 3.5915987349e-05
1003 6.6290427043e-01 3.7032770186e-05
1004 6.6211192080e-01 3.6227870454e-05
1005 6.6146380641e-01 3.7817159044e-05
1006 6.6113850024e-01 4.0984566573e-05
1007 6.6100150282e-01 4.4564271894e-05
1008 6.6107141622e-01 3.9430094299e-05
1009 6.6153450213e-01 3.5954085062e-05
1010 6.6224460721e-01 3.5412921043e-05
1011 6.6292979510e-01 3.5407137208e-05
1012 6.6379971069e-01 3.5221733420e-05
1013 6.6468862961e-01 3.4836410996e-05
1014 6.6549314138e-01 3.4895059366e-05
1015 6.6621036301e-01 3.5212335060e-05
1016 6.6677484381e-01 3.4215251124e-05
1017 6.6727724289e-01 3.4715518376e-05
1018 6.6769038236e-01 3.4349382187e-05
1019 6.6782108170e-01 3.4061490919e-05
1020 6.6776539651e-01 3.4817176834e-05
1021 6.6755724585e-01 3.5318694303e-05
1022 6.6694245347e-01 3.6024646733e-05
1023 6.6630218847e-01 3.6213085483e-05
1024 6.6584773495e-01 3.6019647337e-05
1025 6.6535645669e-01 3.5788849291e-05
1026 6.6494587811e-01 3.5051737207e-05
1027 6.6474783621e-01 3.4017589832e-05
1028 6.6470004354e-01 3.7463057553e-05
1029 6.6467013995e-01 4.1505505338e-05
1030 6.6474134390e-01 3.9264859915e-05
1031 6.6491317573e-01 3.7030848272e-05
1032 6.6506576624e-01 3.3540043694e-05
1033 6.6521485299e-01 3.4118200160e-05
1034 6.6539985614e-01 3.3779781514e-05
1035 6.6557087272e-01 3.3574774134e-05
1036 6.6571325498e-01 3.4157336339e-05
1037 6.6584331956e-01 3.3185948411e-05
1038 6.6595776544e-01 3.3679603105e-05
1039 6.6597365858e-01 3.3321634464e-05
1040 6.6594334152e-01 3.3624097438e-05
1041 6.6602904944e-01 3.2988270526e-05
1042 6.6613488762e-01 3.3131908867e-05
1043 6.6618172882e-01 3.3163410905e-05
1044 6.6622036847e-01 3.3597107800e-05
1045 6.6626733728e-01 3.2978533113e-05
1046 6.6619827641e-01 3.3622850154e-05
1047 6.6600065058e-01 3.5104302615e-05
1048 6.6582078584e-01 3.5693174751e-05
1049 6.6564151309e-01 3.9997013246e-05
1050 6.6542494074e-01 3.9106593634e-05
1051 6.6519205721e-01 3.9117827430e-05
1052 6.6490368135e-01 3.5000048805e-05
1053 6.6449910633e-01 3.3811144388e-05
1054 6.6405668134e-01 3.4811417063e-05
1055 6.6370649766e-01 3.2660057967e-05
1056 6.6338367365e-01 3.2626307815e-05
1057 6.6307232728e-01 3.3682529500e-05
1058 6.6277346091e-01 3.3880888264e-05
1059 6.6251946866e-01 3.5287237739e-05
1060 6.6237096570e-01 3.5763541348e-05
1061 6.6229626509e-01 3.8813931097e-05
1062 6.6232000995e-01 3.8508700802e-05
1063 6.6241209575e-01 3.4384657893e-05
1064 6.6249077440e-01 3.3995232559e-05
1065 6.6255144334e-01 3.6480972817e-05
1066 6.6260943966e-01 3.5248149700e-05
1067 6.6261976548e-01 3.3891629904e-05
1068 6.6249213657e-01 3.3697189872e-05
1069 6.6210886197e-01 3.3483965064e-05
1070 6.6150546429e-01 3.2862337581e-05
1071 6.6084239498e-01 3.3591515562e-05
1072 6.6024295637e-01 3.2882817355e-05
1073 6.5941242691e-01 3.3320718643e-05
1074 6.5861962127e-01 3.2243728402e-05
1075 6.5805459465e-01 3.1675278107e-05
1076 6.5750135934e-01 3.2467252574e-05
1077 6.5692007387e-01 3.2485093930e-05
1078 6.5639789081e-01 3.1149621317e-05
1079 6.5590399858e-01 3.2023510592e-05
1080 6.5534985395e-01 3.3974434220e-05
1081 6.5482282062e-01 3.1967939824e-05
1082 6.5443505790e-01 3.2983238651e-05
1083 6.5407192304e-01 3.4610843280e-05
1084 6.5357172307e-01 3.7706193361e-05
1085 6.5326197010e-01 4.0730689665e-05
1086 6.5306433366e-01 3.5919920783e-05
1087 6.5276826234e-01 3.3051258377e-05
1088 6.5236666305e-01 3.3337163045e-05
1089 6.5189000776e-01 3.2027025643e-05
1090 6.5144745240e-01 3.3141050557e-05
1091 6.5112564514e-01 3.2376062169e-05
1092 6.5083062707e-01 3.1093352650e-05
1093 6.5044309686e-01 3.2343217995e-05
1094 6.4995392335e-01 3.1992472243e-05
1095 6.4967835036e-01 3.0791469937e-05
1096 6.4948679098e-01 3.2193243244e-05
1097 6.4915767988e-01 3.2510043698e-05
1098 6.4878925308e-01 3.2336513804e-05
1099 6.4842291882e-01 3.2181935837e-05
1100 6.4809107479e-01 2.9688813284e-05
1101 6.4768239185e-01 3.1291675834e-05
1102 6.4712693315e-01 3.1403561702e-05
1103 6.4658004303e-01 3.1119091742e-05
1104 6.4615541560e-01 3.0999268552e-05
1105 6.4580063317e-01 3.1095029969e-05
1106 6.4537178733e-01 3.1100002004e-05
1107 6.4496581191e-01 3.0842072667e-05
1108 6.4457573836e-01 3.0791614395e-05
1109 6.4412413736e-01 3.0399006440e-05
1110 6.4360221862e-01 3.0901111048e-05
1111 6.4309599169e-01 3.0932132352e-05
1112 6.4266061460e-01 3.0725968369e-05
1113 6.4230407222e-01 2.9886846863e-05
1114 6.4190157513e-01 3.1109693996e-05
1115 6.4143530827e-01 3.2056933420e-05
1116 6.4101261929e-01 3.2262007551e-05
1117 6.4060764274e-01 3.1623103476e-05
1118 6.4020405608e-01 3.1640059925e-05
1119 6.3975397538e-01 3.1631854572e-05
1120 6.3935404530e-01 3.2115178810e-05
1121 6.3904251869e-01 3.1779939503e-05
1122 6.3863916653e-01 3.3104245612e-05
1123 6.3822176235e-01 3.2960977145e-05
1124 6.3796012702e-01 3.0647711107e-05
1125 6.3778171650e-01 2.9827703663e-05
1126 6.3753049202e-01 3.1037794795e-05
1127 6.3726915526e-01 3.2604734093e-05
1128 6.3697059508e-01 3.1549937788e-05
1129 6.3653474725e-01 3.1391759296e-05
1130 6.3613053912e-01 3.1037830920e-05
1131 6.3571531083e-01 3.1114669355e-05
1132 6.3516520039e-01 3.0623684100e-05
1133 6.3456839339e-01 3.0942628266e-05
1134 6.3396124710e-01 3.0533793194e-05
1135 6.3326575612e-01 3.0009707959e-05
1136 6.3252239256e-01 3.0734051383e-05
1137 6.3170234395e-01 3.0839976554e-05
1138 6.3079609515e-01 3.1139765209e-05
1139 6.2981794264e-01 3.1017725759e-05
1140 6.2890277447e-01 3.1865360703e-05
1141 6.2797838872e-01 3.1245363530e-05
1142 6.2707359463e-01 3.0971125280e-05
1143 6.2623320906e-01 3.0769139152e-05
1144 6.2557248529e-01 3.1119681591e-05
1145 6.2504297021e-01 3.0088451362e-05
1146 6.2456204117e-01 3.2231988217e-05
1147 6.2408507500e-01 3.4370152840e-05
1148 6.2363970652e-01 3.5641609549e-05
1149 6.2320240630e-01 3.5222065855e-05
1150 6.2273114532e-01 3.1979838548e-05
1151 6.2216731360e-01 3.0811040711e-05
1152 6.2146233829e-01 3.0497049427e-05
1153 6.2065775325e-01 3.0173664837e-05
1154 6.1975244654e-01 3.0546205923e-05
1155 6.1875718786e-01 2.9906862576e-05
1156 6.1781171186e-01 2.9505417860e-05
1157 6.1682819814e-01 2.9808616093e-05
1158 6.1586655707e-01 2.8973731324e-05
1159 6.1491429071e-01 3.0015147181e-05
1160 6.1369554523e-01 3.0590514129e-05
1161 6.1232559735e-01 3.1121551930e-05
1162 6.1111781667e-01 3.0157154830e-05
1163 6.1003173045e-01 3.0166510835e-05
1164 6.0899976728e-01 3.0397766753e-05
1165 6.0797154140e-01 3.0725670420e-05
1166 6.0697254919e-01 3.1555998185e-05
1167 6.0604703871e-01 3.1218109836e-05
1168 6.0519093501e-01 3.1732653240e-05
1169 6.0434736941e-01 3.4013856572e-05
1170 6.0358617838e-01 3.7126307040e-05
1171 6.0296135038e-01 3.5107612262e-05
1172 6.0247309817e-01 3.3247505265e-05
1173 6.0188060315e-01 3.1468611586e-05
1174 6.0115380317e-01 3.1054224533e-05
1175 6.0056521793e-01 3.1192196393e-05
1176 5.9999263886e-01 3.3365828893e-05
1177 5.9924296681e-01 3.6131788393e-05
1178 5.9851454192e-01 3.9218206746e-05
1179 5.9782523431e-01 3.6186650634e-05
1180 5.9695444854e-01 3.4063185761e-05
1181 5.9592335546e-01 3.2214846611e-05
1182 5.9498801093e-01 3.0879367218e-05
1183 5.9410629479e-01 3.1739854085e-05
1184 5.9314555269e-01 3.0934130032e-05
1185 5.9227732718e-01 3.0816389855e-05
1186 5.9133241218e-01 3.1148879003e-05
1187 5.9025342850e-01 3.1763008654e-05
1188 5.8929197268e-01 3.2780168665e-05
1189 5.8852823406e-01 3.5681374669e-05
1190 5.8781718825e-01 3.7422454206e-05
1191 5.8711206537e-01 3.7124269537e-05
1192 5.8647942980e-01 3.3739821635e-05
1193 5.8588130242e-01 3.2147609520e-05
1194 5.8527814860e-01 3.0765898044e-05
1195 5.8484769740e-01 3.0217823408e-05
1196 5.8453350042e-01 3.0810707502e-05
1197 5.8414644603e-01 3.1101212311e-05
1198 5.8372731233e-01 3.0706695344e-05
1199 5.8356543455e-01 2.9340127053e-05
1200 5.8345324611e-01 3.0036522812e-05
1201 5.8306258038e-01 3.0149866278e-05
1202 5.8260764508e-01 3.1059259767e-05
1203 5.8248540427e-01 3.0242023865e-05
1204 5.8227383601e-01 3.0050303379e-05
1205 5.8163102910e-01 3.0383959541e-05
1206 5.8094994745e-01 2.9823712906e-05
1207 5.8043163836e-01 3.1015935582e-05
1208 5.7951866742e-01 3.0253072943e-05
1209 5.7822937097e-01 3.0902876137e-05
1210 5.7700379320e-01 3.1334940538e-05
1211 5.7586696507e-01 3.1635196192e-05
1212 5.7447196776e-01 3.0860049921e-05
1213 5.7287265803e-01 3.1285690150e-05
1214 5.7136864537e-01 3.1407573340e-05
1215 5.6995302380e-01 3.1806409523e-05
1216 5.6853235337e-01 3.1525113318e-05
1217 5.6724615116e-01 3.3243805168e-05
1218 5.6623570534e-01 3.3647084990e-05
1219 5.6551650148e-01 3.1505946812e-05
1220 5.6495768100e-01 3.1351712343e-05
1221 5.6442972581e-01 3.1050884338e-05
1222 5.6398372341e-01 3.0979505004e-05
1223 5.6369321510e-01 3.1470074982e-05
1224 5.6351376300e-01 3.2018645638e-05
1225 5.6334742059e-01 3.1589472094e-05
1226 5.6308077901e-01 3.2415854198e-05
1227 5.6287739207e-01 3.3780501571e-05
1228 5.6271022923e-01 3.4236019979e-05
1229 5.6241612606e-01 3.3985793721e-05
1230 5.6206952948e-01 3.3058965039e-05
1231 5.6181033962e-01 3.1203588552e-05
1232 5.6138634070e-01 3.0422830674e-05
1233 5.6062729127e-01 3.0277452481e-05
1234 5.5973722084e-01 3.0057599857e-05
1235 5.5863325180e-01 3.0370239400e-05
1236 5.5746210579e-01 3.0136024196e-05
1237 5.5640352385e-01 3.0366472019e-05
1238 5.5541129501e-01 2.8970315233e-05
1239 5.5447398527e-01 2.9016785546e-05
1240 5.5352614381e-01 2.9271509568e-05
1241 5.5271267406e-01 2.9799387969e-05
1242 5.5209604453e-01 2.9496770064e-05
1243 5.5163193103e-01 2.8951164251e-05
1244 5.5134236774e-01 2.7826798227e-05
1245 5.5113201694e-01 2.9041748659e-05
1246 5.5092459037e-01 2.9456943484e-05
1247 5.5079722310e-01 2.7935495572e-05
1248 5.5074922818e-01 2.8713280137e-05
1249 5.5060220665e-01 2.8932358475e-05
1250 5.5051268820e-01 2.8792149297e-05
1251 5.5050675128e-01 2.8353259179e-05
1252 5.5028784671e-01 2.8943521481e-05
1253 5.4989609708e-01 2.9898202129e-05
1254 5.4934719800e-01 2.9063555525e-05
1255 5.4855511215e-01 2.8409897634e-05
1256 5.4765078299e-01 3.0799275954e-05
1257 5.4685529829e-01 3.0811415891e-05
1258 5.4592630636e-01 2.9240281228e-05
1259 5.4473268372e-01 2.7441533223e-05
1260 5.4374605591e-01 2.7437070955e-05
1261 5.4277438505e-01 2.6753158316e-05
1262 5.4178819328e-01 2.7381361726e-05
1263 5.4078950747e-01 2.7051128196e-05
1264 5.3980375935e-01 2.6990636812e-05
1265 5.3893572426e-01 2.7064551505e-05
1266 5.3819492031e-01 2.6770461272e-05
1267 5.3748745850e-01 2.7540502162e-05
1268 5.3695465404e-01 2.6136485053e-05
1269 5.3653574719e-01 2.6947247841e-05
1270 5.3619887536e-01 2.7381363892e-05
1271 5.3600494104e-01 2.6592190921e-05
1272 5.3585950374e-01 2.7177232222e-05
1273 5.3567620851e-01 2.6057020921e-05
1274 5.3549597940e-01 2.5797010393e-05
1275 5.3523003442e-01 2.6147318828e-05
1276 5.3489717826e-01 2.6846473891e-05
1277 5.3450152095e-01 2.6972791937e-05
1278 5.3389251530e-01 2.8035409663e-05
1279 5.3328994013e-01 2.8988634423e-05
1280 5.3263351223e-01 2.9333601591e-05
1281 5.3185099473e-01 2.8376309798e-05
1282 5.3112711266e-01 2.8117778677e-05
1283 5.3033909492e-01 2.5965403318e-05
1284 5.2944781821e-01 2.6064541231e-05
1285 5.2870654238e-01 2.7270386931e-05
1286 5.2797777385e-01 2.7709122834e-05
1287 5.2708291841e-01 2.7147826450e-05
1288 5.2619049077e-01 2.7814982322e-05
1289 5.2550047953e-01 2.6895501174e-05
1290 5.2488437817e-01 2.6261132263e-05
1291 5.2430975701e-01 2.6581655301e-05
1292 5.2368744044e-01 2.7570721546e-05
1293 5.2305657598e-01 2.6975584657e-05
1294 5.2249915117e-01 2.7111384915e-05
1295 5.2200307561e-01 2.8549420128e-05
1296 5.2162076456e-01 3.0102267240e-05
1297 5.2126167657e-01 2.9081378456e-05
1298 5.2086680556e-01 2.9034208944e-05
1299 5.2059371447e-01 2.7762087358e-05
1300 5.2039347715e-01 2.7047334088e-05
1301 5.2009033648e-01 2.8759703834e-05
1302 5.1966445427e-01 3.0267422036e-05
1303 5.1911595387e-01 2.8272357349e-05
1304 5.1849344261e-01 2.7378899925e-05
1305 5.1772573400e-01 2.7643766443e-05
1306 5.1693849908e-01 2.7122584810e-05
1307 5.1624262768e-01 2.7633385515e-05
1308 5.1557346341e-01 2.6422885337e-05
1309 5.1491964179e-01 2.6762171294e-05
1310 5.1413249746e-01 2.7647531697e-05
1311 5.1336645821e-01 2.7619246925e-05
1312 5.1261162326e-01 2.7665686645e-05
1313 5.1178813070e-01 2.7222323948e-05
1314 5.1103006798e-01 2.7815536624e-05
1315 5.1040968570e-01 2.6737263919e-05
1316 5.0976362576e-01 2.6646993440e-05
1317 5.0912197231e-01 2.6566186812e-05
1318 5.0855653683e-01 2.7215023006e-05
1319 5.0806216255e-01 2.7229225781e-05
1320 5.0767457295e-01 2.6490692433e-05
1321 5.0735880151e-01 2.7080197671e-05
1322 5.0701493116e-01 2.6135984574e-05
1323 5.0675432628e-01 2.5883257032e-05
1324 5.0652756383e-01 2.5836390031e-05
1325 5.0622874308e-01 2.6578461351e-05
1326 5.0584259107e-01 2.6613290061e-05
1327 5.0544592888e-01 2.7368870851e-05
1328 5.0499019692e-01 2.9278740547e-05
1329 5.0459533557e-01 3.3693603090e-05
1330 5.0420575273e-01 3.0919678515e-05
1331 5.0371010232e-01 2.8526373192e-05
1332 5.0325068641e-01 2.7129245327e-05
1333 5.0277917897e-01 2.6837775024e-05
1334 5.0233113335e-01 2.6636679110e-05
1335 5.0196032751e-01 2.6737417373e-05
1336 5.0167778291e-01 2.8034654176e-05
1337 5.0144585160e-01 3.0802876531e-05
1338 5.0124421813e-01 3.0584121558e-05
1339 5.0102540485e-01 2.7891490072e-05
1340 5.0079550171e-01 2.6453525175e-05
1341 5.0059492029e-01 2.5651659246e-05
1342 5.0038781118e-01 2.6110056569e-05
1343 5.0001229839e-01 2.5304468417e-05
1344 4.9960297338e-01 2.6021080579e-05
1345 4.9910850450e-01 2.5334538965e-05
1346 4.9858205685e-01 2.4315805148e-05
1347 4.9815914662e-01 2.4816966652e-05
1348 4.9771125522e-01 2.3989134767e-05
1349 4.9723152078e-01 2.5134950285e-05
1350 4.9680263913e-01 2.5032414340e-05
1351 4.9629490848e-01 2.5203999587e-05
1352 4.9569643284e-01 2.4942823919e-05
1353 4.9516016110e-01 2.6832284114e-05
1354 4.9465607975e-01 2.7896568742e-05
1355 4.9417673270e-01 2.6640543691e-05
1356 4.9367669653e-01 2.5451127806e-05
1357 4.9319733249e-01 2.3885351025e-05
1358 4.9272346155e-01 2.4043974020e-05
1359 4.9215073578e-01 2.4861360683e-05
1360 4.9160767659e-01 2.5705101850e-05
1361 4.9105820141e-01 2.6024162773e-05
1362 4.9050682350e-01 2.5521955414e-05
1363 4.8999220417e-01 2.5413865421e-05
1364 4.8946641176e-01 2.3791702057e-05
1365 4.8897340247e-01 2.4351376454e-05
1366 4.8853916517e-01 2.4520716741e-05
1367 4.8811396167e-01 2.3939878208e-05
1368 4.8764170533e-01 2.3945181799e-05
1369 4.8723947488e-01 2.3238835527e-05
1370 4.8679849048e-01 2.4340087438e-05
1371 4.8624460888e-01 2.3543572230e-05
1372 4.8574845954e-01 2.3493409946e-05
1373 4.8524693913e-01 2.3530601907e-05
1374 4.8472787419e-01 2.3108242585e-05
1375 4.8426568680e-01 2.3635774820e-05
1376 4.8383215516e-01 2.4017414666e-05
1377 4.8329723491e-01 2.3177117034e-05
1378 4.8277757083e-01 2.4364021829e-05
1379 4.8226306741e-01 2.5252251176e-05
1380 4.8172175911e-01 2.7897055457e-05
1381 4.8132642526e-01 2.6105822706e-05
1382 4.8091308471e-01 2.3881786201e-05
1383 4.8041283351e-01 2.3594103480e-05
1384 4.8016006389e-01 2.1905236827e-05
1385 4.7993259467e-01 2.2339854489e-05
1386 4.7967212660e-01 2.2934823187e-05
1387 4.7961227456e-01 2.2770101647e-05
1388 4.7942757095e-01 2.2702747400e-05
1389 4.7922016863e-01 2.2024962077e-05
1390 4.7920807373e-01 2.2440906760e-05
1391 4.7903617614e-01 2.2760759859e-05
1392 4.7888065664e-01 2.2073108849e-05
1393 4.7890467648e-01 2.2563272085e-05
1394 4.7894553957e-01 2.3071256561e-05
1395 4.7884898139e-01 2.3270096622e-05
1396 4.7870955213e-01 2.2866277094e-05
1397 4.7847188082e-01 2.2595163267e-05
1398 4.7820363099e-01 2.2417094572e-05
1399 4.7788993600e-01 2.3360894833e-05
1400 4.7740375704e-01 2.2574044302e-05
1401 4.7680456255e-01 2.2716601445e-05
1402 4.7623970740e-01 2.2188055637e-05
1403 4.7565366261e-01 2.2526416618e-05
1404 4.7490870069e-01 2.2802283150e-05
1405 4.7412582501e-01 2.2759066596e-05
1406 4.7337666120e-01 2.3213121350e-05
1407 4.7264954117e-01 2.2658338631e-05
1408 4.7203417268e-01 2.2441851051e-05
1409 4.7147253225e-01 2.2753821433e-05
1410 4.7091062069e-01 2.2814227782e-05
1411 4.7033582008e-01 2.2305276865e-05
1412 4.6989361175e-01 2.2540718240e-05
1413 4.6948483307e-01 2.2822968004e-05
1414 4.6915300886e-01 2.2718271357e-05
1415 4.6882704564e-01 2.2455750849e-05
1416 4.6847515613e-01 2.2523882247e-05
1417 4.6814637789e-01 2.2329846622e-05
1418 4.6781654252e-01 2.2451613028e-05
1419 4.6740859864e-01 2.1768546859e-05
1420 4.6699473239e-01 2.2502465618e-05
1421 4.6655401806e-01 2.2849820889e-05
1422 4.6611026549e-01 2.3485121808e-05
1423 4.6566308321e-01 2.5185075887e-05
1424 4.6525528883e-01 2.6474977163e-05
1425 4.6487871671e-01 2.5490979889e-05
1426 4.6447885974e-01 2.4048808091e-05
1427 4.6405565439e-01 2.3138375275e-05
1428 4.6366611680e-01 2.2779762266e-05
1429 4.6324198801e-01 2.2013184897e-05
1430 4.6280232582e-01 2.2256240035e-05
1431 4.6243036882e-01 2.2369134540e-05
1432 4.6205678572e-01 2.3226301865e-05
1433 4.6167439841e-01 2.3654876281e-05
1434 4.6124879663e-01 2.3432698101e-05
1435 4.6079332019e-01 2.5497705608e-05
1436 4.6030771940e-01 2.3952670712e-05
1437 4.5983193109e-01 2.3900805638e-05
1438 4.5937569645e-01 2.3204347031e-05
1439 4.5890987376e-01 2.2994927617e-05
1440 4.5842899092e-01 2.2168494022e-05
1441 4.5796928846e-01 2.2017957277e-05
1442 4.5754369160e-01 2.2054011598e-05
1443 4.5718642373e-01 2.2485633111e-05
1444 4.5678730639e-01 2.1505081834e-05
1445 4.5647948119e-01 2.2128216593e-05
1446 4.5629478585e-01 2.2604777774e-05
1447 4.5601390460e-01 2.2216452135e-05
1448 4.5583666046e-01 2.1563802581e-05
1449 4.5573795013e-01 2.1029331563e-05
1450 4.5560122024e-01 2.1822378321e-05
1451 4.5537748519e-01 2.1195434235e-05
1452 4.5515976931e-01 2.1592291995e-05
1453 4.5485889035e-01 2.1423019236e-05
1454 4.5445670398e-01 2.1927387956e-05
1455 4.5416830447e-01 2.1439011101e-05
1456 4.5381623670e-01 2.0664668983e-05
1457 4.5338402009e-01 2.1256106663e-05
1458 4.5299957971e-01 2.1785822318e-05
1459 4.5251524419e-01 2.1987929421e-05
1460 4.5191430504e-01 2.1730918471e-05
1461 4.5126759488e-01 2.2109172169e-05
1462 4.5055373331e-01 2.1963402972e-05
1463 4.4983512697e-01 2.2929305645e-05
1464 4.4916173527e-01 2.2383421196e-05
1465 4.4845541871e-01 2.1098910202e-05
1466 4.4768788187e-01 2.1592355203e-05
1467 4.4694996628e-01 2.3712828270e-05
1468 4.4618735710e-01 2.4554324860e-05
1469 4.4543093676e-01 2.5496172819e-05
1470 4.4478661051e-01 2.3298925669e-05
1471 4.4419157715e-01 2.2579650705e-05
1472 4.4362948121e-01 2.2337701222e-05
1473 4.4320058125e-01 2.3706748066e-05
1474 4.4285606067e-01 2.4147182193e-05
1475 4.4255669014e-01 2.5231841119e-05
1476 4.4239552885e-01 2.4482907238e-05
1477 4.4230810850e-01 2.2755836460e-05
1478 4.4210632705e-01 2.1743077741e-05
1479 4.4192573536e-01 2.0330159744e-05
1480 4.4180765258e-01 2.0770753999e-05
1481 4.4165703649e-01 2.1634189436e-05
1482 4.4142302772e-01 2.1668922660e-05
1483 4.4109736006e-01 2.0655967174e-05
1484 4.4073253618e-01 2.0976329670e-05
1485 4.4031682957e-01 2.0705407280e-05
1486 4.3988735112e-01 2.0419041169e-05
1487 4.3945365084e-01 2.1982359625e-05
1488 4.3892784055e-01 2.1965566954e-05
1489 4.3844165607e-01 2.4071226349e-05
1490 4.3792032268e-01 2.3544001534e-05
1491 4.3735863736e-01 2.1728641220e-05
1492 4.3680216488e-01 2.0946889426e-05
1493 4.3626868067e-01 1.9897699207e-05
1494 4.3582147561e-01 1.9989636542e-05
1495 4.3542029142e-01 2.0312382203e-05
1496 4.3503769158e-01 2.0840136611e-05
1497 4.3472293590e-01 2.0735415078e-05
1498 4.3446665199e-01 2.0358952006e-05
1499 4.3422274238e-01 2.0448595789e-05
1500 4.3403601379e-01 2.0185567710e-05
1501 4.3392637310e-01 2.0020077718e-05
1502 4.3376422196e-01 1.9865498306e-05
1503 4.3363956369e-01 1.9611273907e-05
1504 4.3357172535e-01 2.0194329059e-05
1505 4.3344813875e-01 2.0019848260e-05
1506 4.3330128289e-01 1.9639973497e-05
1507 4.3317881184e-01 2.0057592628e-05
1508 4.3308768371e-01 1.9487068654e-05
1509 4.3298913062e-01 1.9725776918e-05
1510 4.3286624957e-01 1.9480255228e-05
1511 4.3274276305e-01 1.9765511589e-05
1512 4.3258252044e-01 1.9527978984e-05
1513 4.3238055425e-01 1.9587573386e-05
1514 4.3212731184e-01 1.9691487611e-05
1515 4.3172719642e-01 2.1234422459e-05
1516 4.3123145103e-01 2.1657079132e-05
1517 4.3078094429e-01 2.3177655294e-05
1518 4.3026927790e-01 2.2465562064e-05
1519 4.2971782511e-01 2.0963387615e-05
1520 4.2920972135e-01 2.0552850907e-05
1521 4.2866259502e-01 2.0153703151e-05
1522 4.2815096147e-01 2.0045598983e-05
1523 4.2765062987e-01 1.9686039089e-05
1524 4.2707200925e-01 1.9938633321e-05
1525 4.2648664501e-01 1.9324733173e-05
1526 4.2606956534e-01 1.9019934651e-05
1527 4.2571221188e-01 1.9169196430e-05
1528 4.2539740721e-01 1.9159684809e-05
1529 4.2516575731e-01 1.8966015856e-05
1530 4.2495046723e-01 1.9981289958e-05
1531 4.2474304813e-01 1.9428234085e-05
1532 4.2456215767e-01 1.8732930013e-05
1533 4.2441594873e-01 1.9174608298e-05
1534 4.2428087742e-01 1.9016139181e-05
1535 4.2409021013e-01 1.9343881274e-05
1536 4.2378947678e-01 1.8861977651e-05
1537 4.2346779008e-01 1.8920284069e-05
1538 4.2311418880e-01 1.9125353997e-05
1539 4.2268380913e-01 1.8725150701e-05
1540 4.2219330489e-01 1.9036890748e-05
1541 4.2164982749e-01 1.9201210282e-05
1542 4.2109818079e-01 1.9258872338e-05
1543 4.2061956806e-01 1.9803882471e-05
1544 4.2018220465e-01 2.0667910075e-05
1545 4.1975089991e-01 2.1877431593e-05
1546 4.1934785766e-01 2.1577958594e-05
1547 4.1890598012e-01 2.0016775681e-05
1548 4.1846472348e-01 1.8894874659e-05
1549 4.1814077278e-01 1.8423266793e-05
1550 4.1784849874e-01 1.8147986325e-05
1551 4.1751916827e-01 1.8658038079e-05
1552 4.1720429073e-01 1.8648712364e-05
1553 4.1694272976e-01 1.8409736720e-05
1554 4.1668600360e-01 1.8788168869e-05
1555 4.1648288658e-01 1.8843116584e-05
1556 4.1630831146e-01 1.8672136220e-05
1557 4.1612069954e-01 1.8231592897e-05
1558 4.1601400580e-01 1.8528615416e-05
1559 4.1593346170e-01 2.0499330702e-05
1560 4.1581104231e-01 2.0524512668e-05
1561 4.1564617303e-01 1.9038771926e-05
1562 4.1544829968e-01 1.8190281410e-05
1563 4.1516747869e-01 1.7651291853e-05
1564 4.1487546596e-01 1.7656623964e-05
1565 4.1459081725e-01 1.7490406397e-05
1566 4.1425511107e-01 1.7475250819e-05
1567 4.1382803892e-01 1.6865256682e-05
1568 4.1333335548e-01 1.6998610938e-05
1569 4.1279441696e-01 1.6713633965e-05
1570 4.1225058382e-01 1.6299872678e-05
1571 4.1175610435e-01 1.6160233944e-05
1572 4.1136749343e-01 1.5549008822e-05
1573 4.1104362130e-01 1.5769032032e-05
1574 4.1067008366e-01 1.5972699258e-05
1575 4.1035935182e-01 1.5340214662e-05
1576 4.1010955639e-01 1.5116195306e-05
1577 4.0987400445e-01 1.5502742483e-05
1578 4.0965653262e-01 1.5529302274e-05
1579 4.0943609046e-01 1.5151567686e-05
1580 4.0925897479e-01 1.5248740186e-05
1581 4.0908111685e-01 1.5396974367e-05
1582 4.0888028490e-01 1.5014148943e-05
1583 4.0870726879e-01 1.4862735745e-05
1584 4.0851478566e-01 1.5205395034e-05
1585 4.0825798792e-01 1.5175640774e-05
1586 4.0797693314e-01 1.4961720055e-05
1587 4.0767156588e-01 1.5273744392e-05
1588 4.0735765636e-01 1.4860673118e-05
1589 4.0709187220e-01 1.4752650600e-05
1590 4.0684924326e-01 1.5084857204e-05
1591 4.0656600379e-01 1.5355081712e-05
1592 4.0628260216e-01 1.4865938292e-05
1593 4.0605249420e-01 1.4728005602e-05
1594 4.0584005974e-01 1.4795087874e-05
1595 4.0563114636e-01 1.5197008031e-05
1596 4.0543117511e-01 1.5162161566e-05
1597 4.0519788714e-01 1.5035217528e-05
1598 4.0492973900e-01 1.4785337159e-05
1599 4.0465124571e-01 1.4769848406e-05
1600 4.0439417048e-01 1.4559395864e-05
1601 4.0413694594e-01 1.4485367586e-05
1602 4.0387436086e-01 1.4590342386e-05
1603 4.0360999137e-01 1.4453099658e-05
1604 4.0336581683e-01 1.4564084262e-05
1605 4.0312126273e-01 1.4449606712e-05
1606 4.0289163301e-01 1.4189621895e-05
1607 4.0264658707e-01 1.4250283097e-05
1608 4.0238504352e-01 1.4139885782e-05
1609 4.0213813165e-01 1.4329825301e-05
1610 4.0187694006e-01 1.4366279882e-05
1611 4.0167167077e-01 1.4269002631e-05
1612 4.0150421691e-01 1.3724105422e-05
1613 4.0135981507e-01 1.3684467771e-05
1614 4.0123881337e-01 1.3539706918e-05
1615 4.0111100027e-01 1.3847929695e-05
1616 4.0095894193e-01 1.4429566541e-05
1617 4.0075642305e-01 1.5061897745e-05
1618 4.0050341823e-01 1.6451344047e-05
1619 4.0020787516e-01 1.5369241988e-05
1620 3.9991106366e-01 1.4986004239e-05
1621 3.9961829290e-01 1.4348799285e-05
1622 3.9930235144e-01 1.3599621327e-05
1623 3.9895148018e-01 1.3733557752e-05
1624 3.9865036423e-01 1.3547616406e-05
1625 3.9835451029e-01 1.4041611434e-05
1626 3.9803954978e-01 1.5041271371e-05
1627 3.9771148722e-01 1.8117868006e-05
1628 3.9738590311e-01 1.6629322126e-05
1629 3.9707937001e-01 1.4417892501e-05
1630 3.9681067426e-01 1.3919270961e-05
1631 3.9654039047e-01 1.3600066388e-05
1632 3.9631839988e-01 1.3284812335e-05
1633 3.9614525689e-01 1.3265206182e-05
1634 3.9598242470e-01 1.3394939375e-05
1635 3.9578098260e-01 1.3562754584e-05
1636 3.9560852703e-01 1.4009650822e-05
1637 3.9546496229e-01 1.5567044804e-05
1638 3.9532352469e-01 1.6027876603e-05
1639 3.9517711113e-01 1.3620702413e-05
1640 3.9505026901e-01 1.2848351051e-05
1641 3.9490736396e-01 1.3918107459e-05
1642 3.9475380995e-01 1.3952573143e-05
1643 3.9461763141e-01 1.3043227483e-05
1644 3.9443104368e-01 1.2896826446e-05
1645 3.9416805782e-01 1.2919328115e-05
1646 3.9394063709e-01 1.2921042951e-05
1647 3.9369882571e-01 1.3181915556e-05
1648 3.9336762614e-01 1.4311962496e-05
1649 3.9306890490e-01 1.5261891558e-05
1650 3.9278334963e-01 1.4026200248e-05
1651 3.9244043517e-01 1.3552445813e-05
1652 3.9207316299e-01 1.3595817804e-05
1653 3.9172283975e-01 1.2903773336e-05
1654 3.9137947581e-01 1.2571543352e-05
1655 3.9104265325e-01 1.3245642346e-05
1656 3.9068356648e-01 1.3667118094e-05
1657 3.9037283097e-01 1.3092839634e-05
1658 3.9006079820e-01 1.3014833635e-05
1659 3.8970538184e-01 1.4794641231e-05
1660 3.8935476984e-01 1.5809589856e-05
1661 3.8900413829e-01 1.4795405138e-05
1662 3.8865140529e-01 1.4473284075e-05
1663 3.8839196376e-01 1.7539093860e-05
1664 3.8816086300e-01 1.5636241420e-05
1665 3.8789025954e-01 1.3337305982e-05
1666 3.8761839643e-01 1.3445875431e-05
1667 3.8735045899e-01 1.3779498347e-05
1668 3.8709594484e-01 1.3209646130e-05
1669 3.8685318507e-01 1.2517920626e-05
1670 3.8659989123e-01 1.3438230549e-05
1671 3.8635266412e-01 1.3705511676e-05
1672 3.8610559182e-01 1.2313044499e-05
1673 3.8584453598e-01 1.4105622728e-05
1674 3.8559511575e-01 1.4402813306e-05
1675 3.8530575728e-01 1.2167630773e-05
1676 3.8500797862e-01 1.3608141050e-05
1677 3.8464815018e-01 1.3264769122e-05
1678 3.8426721488e-01 1.2372224309e-05
1679 3.8392207307e-01 1.2707935671e-05
1680 3.8356540455e-01 1.2761838483e-05
1681 3.8320642312e-01 1.2582302888e-05
1682 3.8285757181e-01 1.2222070575e-05
1683 3.8254875711e-01 1.2310029259e-05
1684 3.8222408107e-01 1.2104789067e-05
1685 3.8187436236e-01 1.2519303932e-05
1686 3.8156418803e-01 1.2782872294e-05
1687 3.8126580980e-01 1.3154112085e-05
1688 3.8097273782e-01 1.4219518232e-05
1689 3.8070438726e-01 1.4030174817e-05
1690 3.8042404039e-01 1.2721869831e-05
1691 3.8018365468e-01 1.2059039792e-05
1692 3.7996391192e-01 1.1800118186e-05
1693 3.7974320705e-01 1.2340769591e-05
1694 3.7955367530e-01 1.2089494400e-05
1695 3.7934296981e-01 1.1853927513e-05
1696 3.7909827298e-01 1.1620289567e-05
1697 3.7885910940e-01 1.1920895092e-05
1698 3.7862450987e-01 1.1652114871e-05
1699 3.7838137080e-01 1.1803391167e-05
1700 3.7812511535e-01 1.1622446329e-05
1701 3.7786556935e-01 1.1503159054e-05
1702 3.7762863896e-01 1.1498519673e-05
1703 3.7735399979e-01 1.1804494692e-05
1704 3.7703729463e-01 1.1696793074e-05
1705 3.7670380346e-01 1.1817873029e-05
1706 3.7635022794e-01 1.1740737900e-05
1707 3.7598794063e-01 1.1727495230e-05
1708 3.7564328580e-01 1.1509839211e-05
1709 3.7526588705e-01 1.1585981767e-05
1710 3.7484771518e-01 1.1491100966e-05
1711 3.7449206618e-01 1.1153483647e-05
1712 3.7412867586e-01 1.1671698401e-05
1713 3.7374146056e-01 1.1278772265e-05
1714 3.7341120733e-01 1.1349396279e-05
1715 3.7307870594e-01 1.1533449259e-05
1716 3.7271980773e-01 1.1430337098e-05
1717 3.7241645877e-01 1.1163630014e-05
1718 3.7213042093e-01 1.1438314925e-05
1719 3.7182124075e-01 1.1418123797e-05
1720 3.7153061388e-01 1.1310076233e-05
1721 3.7121699058e-01 1.1374758558e-05
1722 3.7091071653e-01 1.1398009029e-05
1723 3.7061161549e-01 1.1245823938e-05
1724 3.7027482791e-01 1.1415021458e-05
1725 3.6993198754e-01 1.1349195501e-05
1726 3.6960303582e-01 1.0962778332e-05
1727 3.6924277700e-01 1.1039333316e-05
1728 3.6885153058e-01 1.1465112403e-05
1729 3.6844497347e-01 1.1907333701e-05
1730 3.6806475162e-01 1.1153315068e-05
1731 3.6764763974e-01 1.1472202654e-05
1732 3.6720243752e-01 1.2373061046e-05
1733 3.6679122935e-01 1.2199107232e-05
1734 3.6637047402e-01 1.1227594802e-05
1735 3.6594199103e-01 1.1333965561e-05
1736 3.6555650377e-01 1.1998035695e-05
1737 3.6519014385e-01 1.1761100828e-05
1738 3.6480654606e-01 1.0921784022e-05
1739 3.6445919015e-01 1.0670946673e-05
1740 3.6417731813e-01 1.0982230132e-05
1741 3.6384597979e-01 1.1043500194e-05
1742 3.6353520179e-01 1.0902651990e-05
1743 3.6325040903e-01 1.1311268752e-05
1744 3.6294495377e-01 1.0828378736e-05
1745 3.6266728087e-01 1.1064031302e-05
1746 3.6239453359e-01 1.1214184416e-05
1747 3.6210510275e-01 1.1060969047e-05
1748 3.6186218341e-01 1.0555129323e-05
1749 3.6164411129e-01 1.0935594001e-05
1750 3.6138916313e-01 1.1016399129e-05
1751 3.6113918510e-01 1.1575207794e-05
1752 3.6093448743e-01 1.2213855960e-05
1753 3.6074027729e-01 1.2439236850e-05
1754 3.6050878207e-01 1.2722603503e-05
1755 3.6024884203e-01 1.2061468428e-05
1756 3.5998232574e-01 1.1752495064e-05
1757 3.5967360832e-01 1.1275188154e-05
1758 3.5930762494e-01 1.1291815492e-05
1759 3.5894844232e-01 1.1004780323e-05
1760 3.5857938436e-01 1.0824928393e-05
1761 3.5827444688e-01 1.0566254167e-05
1762 3.5799540249e-01 1.0488063842e-05
1763 3.5768061003e-01 1.0654393785e-05
1764 3.5735960599e-01 1.0898143739e-05
1765 3.5707479454e-01 1.0661797160e-05
1766 3.5681385847e-01 1.0655691997e-05
1767 3.5655478031e-01 1.0506724615e-05
1768 3.5630031868e-01 1.1089936818e-05
1769 3.5605981722e-01 1.0931002800e-05
1770 3.5586389257e-01 1.1543943771e-05
1771 3.5566317874e-01 1.2248849744e-05
1772 3.5544039981e-01 1.2463114377e-05
1773 3.5523034587e-01 1.1483459058e-05
1774 3.5502122723e-01 1.0444190222e-05
1775 3.5476629554e-01 1.0591504977e-05
1776 3.5451913840e-01 1.0789947425e-05
1777 3.5428779785e-01 1.0865685984e-05
1778 3.5400749197e-01 1.0420714875e-05
1779 3.5367128978e-01 1.0406795797e-05
1780 3.5332824325e-01 1.0829667856e-05
1781 3.5293074307e-01 1.1948897578e-05
1782 3.5256908043e-01 1.4279491502e-05
1783 3.5224342647e-01 1.2124592223e-05
1784 3.5187648897e-01 1.0694138861e-05
1785 3.5151002470e-01 1.0350482890e-05
1786 3.5116586481e-01 1.0378021778e-05
1787 3.5084521771e-01 1.1967990952e-05
1788 3.5056185455e-01 1.2237919051e-05
1789 3.5027453983e-01 1.0484256477e-05
1790 3.4995953426e-01 1.0037226930e-05
1791 3.4967646853e-01 9.6828810594e-06
1792 3.4944829604e-01 9.5141633535e-06
1793 3.4924043481e-01 9.5563171939e-06
1794 3.4899744068e-01 9.5830132895e-06
1795 3.4874973414e-01 9.4546787566e-06
1796 3.4853106852e-01 9.5481770038e-06
1797 3.4831454074e-01 9.5108292295e-06
1798 3.4806871212e-01 9.7990832714e-06
1799 3.4780756544e-01 9.4634985987e-06
1800 3.4753331737e-01 9.2013213709e-06
1801 3.4727923269e-01 8.9362194002e-06
1802 3.4700981455e-01 9.1217616268e-06
1803 3.4674572926e-01 9.1443478285e-06
1804 3.4650134863e-01 8.9378622343e-06
1805 3.4621331665e-01 9.0083548418e-06
1806 3.4594323390e-01 9.2758022235e-06
1807 3.4571554040e-01 1.0439980833e-05
1808 3.4548918262e-01 1.0520584011e-05
1809 3.4524555347e-01 9.4634944623e-06
1810 3.4499079495e-01 8.5960471828e-06
1811 3.4474377705e-01 8.4953435600e-06
1812 3.4450996711e-01 8.3988133909e-06
1813 3.4430542621e-01 8.5129665408e-06
1814 3.4408568968e-01 8.5369404862e-06
1815 3.4386327022e-01 8.3146999776e-06
1816 3.4365899205e-01 8.2077230053e-06
1817 3.4345196712e-01 8.2738221545e-06
1818 3.4323297937e-01 8.4033139421e-06
1819 3.4303281925e-01 8.4025326704e-06
1820 3.4283620258e-01 8.2839165639e-06
1821 3.4265706427e-01 8.1974055568e-06
1822 3.4249141726e-01 8.3990473966e-06
1823 3.4231993090e-01 9.1937227790e-06
1824 3.4214934200e-01 8.1518958881e-06
1825 3.4197666939e-01 7.6729302933e-06
1826 3.4181084268e-01 8.3702660456e-06
1827 3.4163279426e-01 9.0384708848e-06
1828 3.4140965269e-01 8.7103831370e-06
1829 3.4116347819e-01 8.1069444750e-06
1830 3.4089488836e-01 8.0780327348e-06
1831 3.4060829559e-01 7.9250720415e-06
1832 3.4034845010e-01 7.8966331631e-06
1833 3.4012912317e-01 7.5928253128e-06
1834 3.3993444993e-01 7.6545122031e-06
1835 3.3973714711e-01 7.5790905346e-06
1836 3.3954124165e-01 7.5203635502e-06
1837 3.3934495008e-01 7.6568569793e-06
1838 3.3916718431e-01 7.4049441428e-06
1839 3.3900694650e-01 7.4235196081e-06
1840 3.3882683726e-01 7.6537937051e-06
1841 3.3863764800e-01 7.2228260163e-06
1842 3.3846505448e-01 7.0454422606e-06
1843 3.3830583432e-01 7.0009168453e-06
1844 3.3812583513e-01 7.1900133816e-06
1845 3.3790260900e-01 7.1033471800e-06
1846 3.3769552154e-01 6.7264238035e-06
1847 3.3749186238e-01 6.7789878116e-06
1848 3.3725425018e-01 6.9104599360e-06
1849 3.3703319654e-01 6.9110665753e-06
1850 3.3679771942e-01 6.9123547084e-06
1851 3.3655263981e-01 6.8760418326e-06
1852 3.3631973314e-01 6.8096619840e-06
1853 3.3606941595e-01 6.9345530176e-06
1854 3.3580924572e-01 6.6661552375e-06
1855 3.3557053365e-01 6.6555930860e-06
1856 3.3536377373e-01 6.4905523915e-06
1857 3.3515648827e-01 6.5426104038e-06
1858 3.3494642003e-01 6.5694672664e-06
1859 3.3475828325e-01 6.3557870219e-06
1860 3.3456781110e-01 6.5085324012e-06
1861 3.3435487945e-01 6.5786122500e-06
1862 3.3413563737e-01 6.5415189312e-06
1863 3.3391173503e-01 6.4207376460e-06
1864 3.3369190400e-01 6.2094609732e-06
1865 3.3349412362e-01 6.0054950479e-06
1866 3.3330612308e-01 6.0491173883e-06
1867 3.3311175792e-01 6.0847816502e-06
1868 3.3290765092e-01 6.0932791664e-06
1869 3.3269168712e-01 6.1534050773e-06
1870 3.3249828412e-01 5.8855741949e-06
1871 3.3232518740e-01 5.8610276217e-06
1872 3.3214200328e-01 6.0375466911e-06
1873 3.3198307637e-01 5.8861502982e-06
1874 3.3179664322e-01 6.1243055311e-06
1875 3.3159106163e-01 6.0691416190e-06
1876 3.3138241420e-01 6.0955574102e-06
1877 3.3115815848e-01 6.0600231102e-06
1878 3.3092211200e-01 6.3121846636e-06
1879 3.3070286558e-01 6.3805672160e-06
1880 3.3049264207e-01 6.2948296298e-06
1881 3.3027985324e-01 5.8725222303e-06
1882 3.3008251525e-01 6.1066012006e-06
1883 3.2988224594e-01 6.1353143800e-06
1884 3.2967984131e-01 5.8466672107e-06
1885 3.2950575817e-01 5.8222626679e-06
1886 3.2933446126e-01 5.8455065143e-06
1887 3.2914626739e-01 5.8124764113e-06
1888 3.2895879802e-01 6.2156784728e-06
1889 3.2876639420e-01 6.5867121937e-06
1890 3.2858358119e-01 6.9579792203e-06
1891 3.2838564421e-01 6.4569603936e-06
1892 3.2818140953e-01 6.1337616835e-06
1893 3.2797430706e-01 5.8698657019e-06
1894 3.2775799579e-01 5.8306762011e-06
1895 3.2755723841e-01 5.5150678087e-06
1896 3.2735340848e-01 5.6840415463e-06
1897 3.2714828887e-01 5.6481449067e-06
1898 3.2693362681e-01 5.4404031090e-06
1899 3.2669610440e-01 5.5869809824e-06
1900 3.2645048179e-01 5.8206957429e-06
1901 3.2620372359e-01 5.7065601270e-06
1902 3.2594574901e-01 5.7182283490e-06
1903 3.2566214351e-01 5.8446167104e-06
1904 3.2539897071e-01 6.3570044617e-06
1905 3.2514856199e-01 6.1082367363e-06
1906 3.2486767577e-01 5.9403489075e-06
1907 3.2456399038e-01 5.9889108559e-06
1908 3.2427736272e-01 5.7965399054e-06
1909 3.2398517531e-01 5.5257993098e-06
1910 3.2370210906e-01 5.6032166716e-06
1911 3.2347157374e-01 5.5371174919e-06
1912 3.2324793474e-01 5.6157234151e-06
1913 3.2300239242e-01 5.4720118305e-06
1914 3.2277099356e-01 5.6445752695e-06
1915 3.2253919707e-01 5.7934643121e-06
1916 3.2233268787e-01 5.5604812978e-06
1917 3.2211668137e-01 5.2329205187e-06
1918 3.2188282603e-01 5.4013606723e-06
1919 3.2167460863e-01 6.0118883797e-06
1920 3.2146950180e-01 5.7877746495e-06
1921 3.2125161582e-01 5.5398625731e-06
1922 3.2100892156e-01 5.4095617108e-06
1923 3.2074337124e-01 5.2352567024e-06
1924 3.2049045597e-01 5.2705060943e-06
1925 3.2024574326e-01 5.2540070373e-06
1926 3.1999198736e-01 5.3344568953e-06
1927 3.1972930125e-01 5.5660519065e-06
1928 3.1947086877e-01 6.1015708011e-06
1929 3.1923868335e-01 6.9858415602e-06
1930 3.1900321874e-01 6.3508461195e-06
1931 3.1874179995e-01 5.7213720048e-06
1932 3.1847132042e-01 5.4780888782e-06
1933 3.1820629541e-01 5.1239540712e-06
1934 3.1793326119e-01 5.1150710105e-06
1935 3.1768329938e-01 5.0511764649e-06
1936 3.1744912846e-01 5.0774538616e-06
1937 3.1717566442e-01 5.1700956920e-06
1938 3.1689940813e-01 5.2747251712e-06
1939 3.1662353101e-01 5.2483366733e-06
1940 3.1636724871e-01 5.3363730661e-06
1941 3.1613046314e-01 5.7682862219e-06
1942 3.1589909852e-01 6.0947388822e-06
1943 3.1568372179e-01 5.9241458510e-06
1944 3.1548732541e-01 5.4724435696e-06
1945 3.1530546258e-01 5.1619298061e-06
1946 3.1512654686e-01 4.9572736355e-06
1947 3.1496698918e-01 4.8238217048e-06
1948 3.1482318075e-01 4.8327181278e-06
1949 3.1467947591e-01 4.8968229766e-06
1950 3.1452829485e-01 4.7845608089e-06
1951 3.1437725794e-01 4.9780275920e-06
1952 3.1421303304e-01 4.9927130071e-06
1953 3.1402928281e-01 5.0396900443e-06
1954 3.1384791894e-01 5.1671027230e-06
1955 3.1364131518e-01 5.3726270759e-06
1956 3.1344366103e-01 5.6502727098e-06
1957 3.1323407387e-01 5.5743272052e-06
1958 3.1299141049e-01 5.2308170080e-06
1959 3.1273734751e-01 4.9444704509e-06
1960 3.1244804778e-01 4.9366158425e-06
1961 3.1215633063e-01 4.8397406608e-06
1962 3.1188667531e-01 4.7992816426e-06
1963 3.1160524902e-01 4.7690474928e-06
1964 3.1133143974e-01 5.0007678828e-06
1965 3.1108450424e-01 4.9669085682e-06
1966 3.1086922008e-01 4.4183979385e-06
1967 3.1066674025e-01 4.8378082074e-06
1968 3.1044497722e-01 4.9353243658e-06
1969 3.1021773962e-01 4.6043555379e-06
1970 3.1000036526e-01 4.5892740650e-06
1971 3.0981142947e-01 4.6217325929e-06
1972 3.0962739734e-01 4.5532240561e-06
1973 3.0946540899e-01 4.4286794611e-06
1974 3.0931875828e-01 4.4534375755e-06
1975 3.0915987682e-01 4.4845950788e-06
1976 3.0899940706e-01 4.6753242009e-06
1977 3.0883722898e-01 4.6491647917e-06
1978 3.0866881033e-01 4.4754142809e-06
1979 3.0848921393e-01 4.5555040528e-06
1980 3.0831707860e-01 4.5783016519e-06
1981 3.0813304162e-01 4.4062515199e-06
1982 3.0794908825e-01 4.5552272936e-06
1983 3.0775189400e-01 4.4553703727e-06
1984 3.0752774314e-01 4.5843435959e-06
1985 3.0730620064e-01 4.8362850369e-06
1986 3.0707187027e-01 4.4572331878e-06
1987 3.0682784190e-01 4.3579124815e-06
1988 3.0661491572e-01 4.2464270944e-06
1989 3.0640024764e-01 4.3427944950e-06
1990 3.0615585259e-01 4.2717559453e-06
1991 3.0592826658e-01 4.3616144567e-06
1992 3.0571018628e-01 4.2230943990e-06
1993 3.0548506400e-01 4.1301613135e-06
1994 3.0529070084e-01 4.0601371612e-06
1995 3.0509936724e-01 4.2714720169e-06
1996 3.0489497044e-01 4.2065388917e-06
1997 3.0470395207e-01 4.1050893692e-06
1998 3.0456417019e-01 3.9644943905e-06
1999 3.0442176448e-01 4.1252685086e-06
