iter rel_error rel_residual
0 4.7807063112e+00 1.1531611084e-01
1 5.9953448193e+00 3.6965589909e-02
2 4.9117869353e+00 3.4594924157e-02
3 4.3719812936e+00 1.0390998605e-02
4 4.7367787618e+00 1.5747460063e-02
5 4.2485267256e+00 5.3494084156e-03
6 3.6073550846e+00 5.8901075854e-03
7 3.3035782353e+00 6.0179307027e-03
8 2.9975300885e+00 4.5234249222e-03
9 2.6019231804e+00 6.6568688536e-03
10 2.5873727636e+00 2.4445856512e-03
11 2.5575491984e+00 3.2519381903e-03
12 2.5507486416e+00 3.0639690753e-03
13 2.5831435945e+00 2.4704818419e-03
14 2.5109573954e+00 2.9641064019e-03
15 2.3772101972e+00 3.2180278546e-03
16 2.4120781878e+00 1.5079976846e-03
17 2.4258186355e+00 8.4420728285e-04
18 2.4247440487e+00 1.0586308839e-03
19 2.3958257040e+00 1.0822718351e-03
20 2.3753746711e+00 6.6888265229e-04
21 2.3791543580e+00 8.9797299506e-04
22 2.4086768789e+00 9.5918772208e-04
23 2.4332420013e+00 1.4691307998e-03
24 2.3932675834e+00 9.5080935406e-04
25 2.3113955557e+00 1.6713706332e-03
26 2.2587178761e+00 1.1089155232e-03
27 2.2414043560e+00 6.8568887485e-04
28 2.2278775434e+00 1.3025374667e-03
29 2.2427214455e+00 6.5333872385e-04
30 2.2340836860e+00 8.4343976739e-04
31 2.2353876061e+00 4.4002233519e-04
32 2.2535665069e+00 4.9428438838e-04
33 2.2619441072e+00 5.6279779813e-04
34 2.2757822097e+00 4.5414169436e-04
35 2.2764807836e+00 2.6016964606e-04
36 2.2509306349e+00 3.0117818847e-04
37 2.2277142907e+00 2.3767663149e-04
38 2.1773738878e+00 3.0664697279e-04
39 2.1322668007e+00 3.4558982208e-04
40 2.1306630035e+00 1.8673813814e-04
41 2.1238798082e+00 2.6114446860e-04
42 2.1058718511e+00 2.4801425958e-04
43 2.0862337767e+00 3.2941389335e-04
44 2.0746178438e+00 2.2447337941e-04
45 2.0617750278e+00 1.8487937265e-04
46 2.0619184078e+00 3.2716025293e-04
47 2.0528587012e+00 2.2397689262e-04
48 2.0466068524e+00 1.0883294369e-04
49 2.0374795260e+00 1.4290846704e-04
50 2.0216835891e+00 1.5742715363e-04
51 2.0036119253e+00 1.5545438660e-04
52 1.9931006544e+00 1.0475521959e-04
53 1.9833536067e+00 1.0474348613e-04
54 1.9786178977e+00 6.4990791482e-05
55 1.9730519731e+00 3.2867135755e-04
56 1.9681438058e+00 1.5118639323e-04
57 1.9633896508e+00 1.1680024271e-04
58 1.9573330362e+00 6.4816206589e-05
59 1.9444780057e+00 1.0154409239e-04
60 1.9103888939e+00 1.1767449201e-04
61 1.8728142857e+00 1.0861480569e-04
62 1.8302528573e+00 1.2690748236e-04
63 1.7277803982e+00 1.5118353185e-04
64 1.6791807052e+00 1.5248653799e-04
65 1.5838207301e+00 1.6122718899e-04
66 1.5488833591e+00 1.0621494879e-04
67 1.4532319438e+00 2.5899862809e-04
68 1.1636837424e+00 1.6236967931e-04
69 1.1255584436e+00 3.8479202616e-05
70 1.1225626997e+00 3.2054185881e-05
71 1.1201672448e+00 3.0925391205e-05
72 1.1057263483e+00 3.0309247739e-05
73 1.1018565093e+00 3.1146014771e-05
74 1.0973534404e+00 3.6478386888e-05
75 1.0927744543e+00 3.2880969257e-05
76 1.0789298343e+00 7.4594825996e-05
77 1.0673586154e+00 5.9497015028e-05
78 1.0420179002e+00 3.8745783859e-05
79 1.0403016781e+00 2.7328618742e-05
80 1.0340139400e+00 4.6173868074e-05
81 1.0167929165e+00 4.3157643519e-05
82 1.0035768485e+00 5.8396092999e-05
83 9.7330717693e-01 6.5794761861e-05
84 9.5724195800e-01 2.9019710390e-05
85 9.5273352407e-01 2.8444727155e-05
86 9.4849907471e-01 3.8596131230e-05
87 9.3854453812e-01 2.2480710402e-05
88 9.3329172944e-01 4.3478396902e-05
89 9.2584962040e-01 3.8023175433e-05
90 8.9084490001e-01 5.3487912549e-05
91 8.6832536280e-01 9.3384804768e-05
92 8.4085674796e-01 5.8323029056e-05
93 7.8875678443e-01 5.7251189093e-04
94 6.9877301560e-01 2.8663612481e-04
95 6.8358349037e-01 6.6618174285e-05
96 6.8249546770e-01 5.5642719162e-05
97 6.7658584641e-01 1.1253007813e-04
98 6.7907172326e-01 6.6466845258e-05
99 6.7995135229e-01 5.3538190813e-05
100 6.7994829952e-01 5.4668247218e-05
101 6.7764202638e-01 4.0922110382e-05
102 6.7282562201e-01 7.2795714614e-05
103 6.6049092871e-01 3.2767785165e-05
104 6.5872538234e-01 1.5962586645e-05
105 6.4464706266e-01 4.2663097841e-05
106 6.0436403766e-01 5.4525121560e-05
107 5.8295139833e-01 4.1515630377e-05
108 5.5640778636e-01 4.3870426195e-05
109 3.7420445071e-02 4.3706702227e-05
110 3.0309858599e-02 8.5823248694e-06
111 2.6415517535e-02 1.7507201254e-05
112 1.8254541793e-02 2.5579515585e-05
113 4.7094075390e-03 1.1880367080e-05
114 4.7658801317e-03 2.8553239967e-06
115 4.7266084958e-03 1.3674564246e-06
116 4.4850094851e-03 2.0270688107e-06
117 2.5831707086e-03 2.5071801581e-06
118 2.5657087040e-03 6.0538728122e-07
119 2.5545210417e-03 3.9222610111e-07
120 2.4389635756e-03 1.5836877480e-06
121 1.6106034163e-03 6.9370290699e-07
122 1.5348641842e-03 6.7820240483e-08
123 1.5305625324e-03 4.2556747316e-08
124 1.4899222962e-03 4.7226616114e-07
125 9.2237462346e-04 6.5321376192e-07
126 2.1747645734e-04 9.5121219394e-08
127 1.0435022427e-04 9.4773391235e-08
128 1.8035749403e-05 2.8075558820e-08
129 1.7881606656e-05 6.4187511932e-09
130 1.7765448728e-05 1.5744942237e-09
131 1.6405615793e-05 2.5303108046e-09
132 1.3779494806e-05 3.6511405632e-09
133 5.6054875061e-06 4.6404923725e-09
134 1.9946487006e-06 6.5041595338e-10
135 1.6355966186e-06 4.4736231634e-10
136 1.5852505043e-06 3.1344968408e-10
137 1.5699930723e-06 2.2500124381e-10
138 1.5446968197e-06 2.0018986523e-10
139 1.5418522029e-06 1.7272954683e-10
140 1.5340907901e-06 1.7965621641e-10
141 1.4735453165e-06 2.8071835951e-10
142 1.3120540011e-06 3.3414674842e-10
143 1.1323356927e-06 2.2780036868e-10
144 1.0794341079e-06 1.9226508198e-10
145 1.0076193114e-06 1.1488190726e-10
146 9.9868022420e-07 6.5408447236e-11
