iter rel_error rel_residual
0 7.1278856298e+00 3.7000746610e-01
1 7.3933883879e+00 2.3436913466e-01
2 8.5570335825e+00 1.3288943891e-01
3 8.6080327064e+00 1.0201428970e-01
4 7.7828808513e+00 7.2801615222e-02
5 7.6173867881e+00 5.1576894919e-02
6 7.9143938987e+00 4.3977302932e-02
7 7.8419377057e+00 3.6939419188e-02
8 7.3743568571e+00 3.3923897018e-02
9 6.7494852924e+00 2.8637305111e-02
10 6.2205284544e+00 2.4262507524e-02
11 5.8388957681e+00 2.1762808431e-02
12 5.4650414300e+00 1.8808266039e-02
13 5.0329690761e+00 1.6582861084e-02
14 4.6228333299e+00 1.5097114822e-02
15 4.3715292813e+00 1.3628423361e-02
16 4.2845976058e+00 1.3430391075e-02
17 4.2840852107e+00 1.2421417594e-02
18 4.2284166479e+00 1.1618137965e-02
19 4.1507854747e+00 1.0604464374e-02
20 4.0990255254e+00 9.3918559501e-03
21 4.0325836904e+00 8.6903001161e-03
22 3.9557483940e+00 8.3207420410e-03
23 3.8780185023e+00 7.8876440455e-03
24 3.7726656248e+00 7.9910971092e-03
25 3.6220869137e+00 6.9222013173e-03
26 3.4570393178e+00 7.3207210002e-03
27 3.2909759531e+00 6.5764065030e-03
28 3.1579139899e+00 6.2756689057e-03
29 3.0860853262e+00 6.3329736751e-03
30 3.0935750755e+00 5.3925529996e-03
31 3.1608927056e+00 5.1005833228e-03
32 3.2732371821e+00 5.2843326456e-03
33 3.3994246754e+00 5.0566761681e-03
34 3.5054256241e+00 4.7391843784e-03
35 3.5900728031e+00 4.8116871796e-03
36 3.6671251813e+00 4.7711600550e-03
37 3.7377204934e+00 4.5459485561e-03
38 3.7979476804e+00 4.1770606579e-03
39 3.8291563810e+00 4.2317494233e-03
40 3.8463036696e+00 4.0001528928e-03
41 3.8994517354e+00 4.0353335365e-03
42 3.9557465171e+00 3.5761391505e-03
43 3.9295079402e+00 3.6036471327e-03
44 3.8377644418e+00 3.2874948141e-03
45 3.7371763697e+00 3.2076769284e-03
46 3.6312095094e+00 3.2172366027e-03
47 3.5205792930e+00 3.1040833513e-03
48 3.4430761690e+00 3.1883488024e-03
49 3.3989819162e+00 3.1717259167e-03
50 3.3747653712e+00 2.9859419523e-03
51 3.3940872663e+00 3.0416265278e-03
52 3.4517807649e+00 2.8614247516e-03
53 3.5432048931e+00 2.7281470811e-03
54 3.6619714743e+00 2.6907112331e-03
55 3.7695652513e+00 2.5027617371e-03
56 3.8447864963e+00 2.6376386063e-03
57 3.8885620859e+00 2.6819733194e-03
58 3.8867097827e+00 2.6057753374e-03
59 3.8618053724e+00 2.4359572672e-03
60 3.8306993652e+00 2.3404127475e-03
61 3.7505851710e+00 2.3084006300e-03
62 3.6449658654e+00 2.1952781790e-03
63 3.5978770638e+00 2.1433441089e-03
64 3.5310557997e+00 2.0690397763e-03
65 3.4229401840e+00 1.9743266256e-03
66 3.3636682515e+00 1.9640234757e-03
67 3.3339717420e+00 1.8713228575e-03
68 3.3053884827e+00 1.8476179935e-03
69 3.3379735896e+00 1.8171177552e-03
70 3.3847192543e+00 1.9157740543e-03
71 3.4037405571e+00 1.8961901336e-03
72 3.4420224713e+00 1.8523531526e-03
73 3.4999080037e+00 1.8744542638e-03
74 3.5604150100e+00 1.8384350707e-03
75 3.6193528712e+00 1.8129263140e-03
76 3.6669392921e+00 1.8330295338e-03
77 3.6925707761e+00 1.7626502100e-03
78 3.6888108604e+00 1.7057020151e-03
79 3.6546350357e+00 1.6279150733e-03
80 3.6182151851e+00 1.5663592670e-03
81 3.5922434254e+00 1.6226901393e-03
82 3.5517630792e+00 1.6433317338e-03
83 3.4951466204e+00 1.5984246968e-03
84 3.4636715309e+00 1.5677476312e-03
85 3.4393109610e+00 1.5446194709e-03
86 3.3988357167e+00 1.5635670487e-03
87 3.3828379062e+00 1.4496617201e-03
88 3.3791746334e+00 1.4572982137e-03
89 3.3640269226e+00 1.4571144040e-03
90 3.3504890446e+00 1.4740699216e-03
91 3.3514687124e+00 1.4906258061e-03
92 3.3324763357e+00 1.3724698997e-03
93 3.2960945042e+00 1.4100763156e-03
94 3.2787139654e+00 1.3721803805e-03
95 3.2701831405e+00 1.3712372969e-03
96 3.2602523231e+00 1.3023753887e-03
97 3.2558597909e+00 1.2872699573e-03
98 3.2571490481e+00 1.2756912238e-03
99 3.2671700765e+00 1.2467214075e-03
100 3.2848248737e+00 1.2852497448e-03
101 3.3002974902e+00 1.2315369311e-03
102 3.3071854768e+00 1.2210799240e-03
103 3.3103557828e+00 1.2517153732e-03
104 3.3153894510e+00 1.1824667230e-03
105 3.3260048661e+00 1.1772845380e-03
106 3.3334663430e+00 1.1197232589e-03
107 3.3342796148e+00 1.0838643045e-03
108 3.3349218374e+00 1.0974858190e-03
109 3.3371799476e+00 1.0617245674e-03
110 3.3329710300e+00 1.0522854602e-03
111 3.3147081882e+00 1.0501928563e-03
112 3.2874440650e+00 1.0154538355e-03
113 3.2619851331e+00 9.6177127272e-04
114 3.2388702897e+00 9.9041172688e-04
115 3.2098312352e+00 9.8398666011e-04
116 3.1783233606e+00 9.3713036147e-04
117 3.1511221911e+00 9.4264566882e-04
118 3.1270296582e+00 9.1614574178e-04
119 3.1059186931e+00 9.2574535892e-04
120 3.0877608536e+00 9.1682707994e-04
121 3.0709424672e+00 8.5235852350e-04
122 3.0555316230e+00 8.7685859691e-04
123 3.0401788498e+00 8.5638781518e-04
124 3.0312959104e+00 8.2429919833e-04
125 3.0268832939e+00 8.6245957602e-04
126 3.0248415986e+00 8.5997447768e-04
127 3.0284612782e+00 8.4728819103e-04
128 3.0348149150e+00 8.2562742384e-04
129 3.0407456782e+00 8.1522670440e-04
130 3.0460557208e+00 7.9010586308e-04
131 3.0502722515e+00 7.8235570432e-04
132 3.0570405237e+00 8.1580047175e-04
133 3.0683184851e+00 8.0053182820e-04
134 3.0689398177e+00 7.7809135812e-04
135 3.0632994447e+00 7.6446406411e-04
136 3.0538482395e+00 7.8361583667e-04
137 3.0357501563e+00 7.3307048930e-04
138 3.0215992544e+00 7.3196317120e-04
139 3.0117095386e+00 7.6033903846e-04
140 2.9927086520e+00 7.6357797819e-04
141 2.9633742747e+00 7.7562333114e-04
142 2.9335457001e+00 7.4400749983e-04
143 2.8933818334e+00 7.3271444169e-04
144 2.8527918631e+00 6.8927936955e-04
145 2.8169668330e+00 7.3023129216e-04
146 2.7767532213e+00 7.0614416392e-04
147 2.7432183453e+00 7.1328747720e-04
148 2.7306359363e+00 6.8670825251e-04
149 2.7248339259e+00 6.8485371905e-04
150 2.7218763769e+00 6.3964591733e-04
151 2.7245119065e+00 6.7944147857e-04
152 2.7292124055e+00 6.4521920984e-04
153 2.7298641294e+00 6.6714026698e-04
154 2.7288277222e+00 6.3689884919e-04
155 2.7309509739e+00 6.4952430486e-04
156 2.7332107432e+00 6.3622556769e-04
157 2.7227989899e+00 6.1731442618e-04
158 2.7059400610e+00 5.9453548389e-04
159 2.6844162645e+00 6.0854761849e-04
160 2.6556842463e+00 6.1642863715e-04
161 2.6171738196e+00 5.8920378162e-04
162 2.5763046409e+00 6.2167311192e-04
163 2.5335068735e+00 6.4367743825e-04
164 2.4947465142e+00 6.8409818382e-04
165 2.4677126444e+00 6.7984950785e-04
166 2.4461325334e+00 6.4824349245e-04
167 2.4196625002e+00 6.0198886105e-04
168 2.3868171884e+00 5.7503394731e-04
169 2.3520000361e+00 6.0560256795e-04
170 2.3210619137e+00 5.9347514792e-04
171 2.2917780371e+00 6.0036668838e-04
172 2.2619757765e+00 6.4081583507e-04
173 2.2376679923e+00 5.9538510860e-04
174 2.2196697499e+00 5.6316648255e-04
175 2.2031865859e+00 5.5181773681e-04
176 2.1914124150e+00 5.6785723453e-04
177 2.1856530329e+00 5.5883930359e-04
178 2.1844226379e+00 5.3478098933e-04
179 2.1858044169e+00 6.1515586249e-04
180 2.1851083944e+00 6.0662578589e-04
181 2.1864150368e+00 5.5725852059e-04
182 2.1930948140e+00 5.2227217610e-04
183 2.1963492170e+00 5.2738624308e-04
184 2.1977063392e+00 5.2837137396e-04
185 2.2008549208e+00 5.0044937952e-04
186 2.1961173733e+00 5.1547384609e-04
187 2.1851020127e+00 5.3327865081e-04
188 2.1717459185e+00 5.6830213991e-04
189 2.1595520650e+00 6.0554172823e-04
190 2.1485734562e+00 5.5062942117e-04
191 2.1327277388e+00 5.0514038941e-04
192 2.1080934504e+00 4.9512070995e-04
193 2.0881190268e+00 5.0823271288e-04
194 2.0692117205e+00 4.9167312573e-04
195 2.0463343210e+00 4.6718640810e-04
196 2.0234082213e+00 4.6860300561e-04
197 2.0009976509e+00 4.8932238655e-04
198 1.9792253681e+00 4.7633653804e-04
199 1.9588883462e+00 5.3670666502e-04
200 1.9413052834e+00 5.3002142140e-04
201 1.9264453571e+00 5.2213914912e-04
202 1.9159994725e+00 5.0355299967e-04
203 1.9102888479e+00 4.6621873518e-04
204 1.9049583407e+00 4.6285100211e-04
205 1.9060596643e+00 4.5269371222e-04
206 1.9147787973e+00 4.4588858811e-04
207 1.9217407372e+00 4.5716213387e-04
208 1.9254085491e+00 4.5075254540e-04
209 1.9324578298e+00 4.3914647517e-04
210 1.9431063984e+00 4.5174372181e-04
211 1.9459973548e+00 4.6095720569e-04
212 1.9440931635e+00 4.9040497001e-04
213 1.9470835458e+00 4.3920285271e-04
214 1.9549635480e+00 4.1904879524e-04
215 1.9585122169e+00 4.0639914483e-04
216 1.9573517148e+00 4.3814865288e-04
217 1.9553972008e+00 4.2570743816e-04
218 1.9520718681e+00 4.3120675328e-04
219 1.9427156242e+00 4.1313410602e-04
220 1.9224622925e+00 3.9707535511e-04
221 1.8985420102e+00 3.8988912167e-04
222 1.8770401829e+00 3.8608599371e-04
223 1.8507789385e+00 3.7681342034e-04
224 1.8192290422e+00 3.6412922975e-04
225 1.7918336699e+00 3.7833888174e-04
226 1.7685879138e+00 3.5958903439e-04
227 1.7469456854e+00 3.7295974004e-04
228 1.7284747111e+00 3.8931842802e-04
229 1.7164483151e+00 3.6520505445e-04
230 1.7099862382e+00 3.7024406339e-04
231 1.7097086477e+00 3.5867056574e-04
232 1.7138793336e+00 3.7866596544e-04
233 1.7227197554e+00 3.5336653652e-04
234 1.7363476865e+00 3.7161253491e-04
235 1.7510092568e+00 3.5748918994e-04
236 1.7674017377e+00 3.5824297618e-04
237 1.7893127102e+00 3.6608956903e-04
238 1.8081574730e+00 3.5668601251e-04
239 1.8170961679e+00 3.6454556132e-04
240 1.8228895681e+00 3.5763113680e-04
241 1.8248887918e+00 3.5082702823e-04
242 1.8245171282e+00 3.5686357194e-04
243 1.8182548759e+00 3.6075694480e-04
244 1.8002003808e+00 3.6366640399e-04
245 1.7839909413e+00 3.5639578769e-04
246 1.7740159709e+00 3.4674195918e-04
247 1.7574024931e+00 3.5546854654e-04
248 1.7419439777e+00 3.4187896167e-04
249 1.7316897748e+00 3.4165341101e-04
250 1.7192353217e+00 3.4539678309e-04
251 1.7014541481e+00 3.5083832917e-04
252 1.6835120989e+00 3.4582928831e-04
253 1.6670267781e+00 3.2959258468e-04
254 1.6557911433e+00 3.4057424566e-04
255 1.6512980717e+00 3.3449365264e-04
256 1.6503894094e+00 3.2594836282e-04
257 1.6525322476e+00 3.3537448004e-04
258 1.6585577960e+00 3.1725738499e-04
259 1.6662679755e+00 3.3390262882e-04
260 1.6738110524e+00 3.1259084888e-04
261 1.6829628744e+00 3.2247948818e-04
262 1.6976816194e+00 3.1718380155e-04
263 1.7169562677e+00 3.2438452208e-04
264 1.7321201996e+00 3.2023982586e-04
265 1.7489645980e+00 3.1278790026e-04
266 1.7720268100e+00 3.3137848988e-04
267 1.7892351197e+00 3.1114223318e-04
268 1.7994944379e+00 3.0377346066e-04
269 1.8072766838e+00 3.0433664843e-04
270 1.8079847234e+00 3.1565691331e-04
271 1.7996539236e+00 3.1636569291e-04
272 1.7918731797e+00 3.1385026558e-04
273 1.7824092178e+00 3.1601748887e-04
274 1.7679883913e+00 3.1093407385e-04
275 1.7501083033e+00 3.1006715413e-04
276 1.7283814546e+00 3.1047923856e-04
277 1.7071110558e+00 3.0709265614e-04
278 1.6851473651e+00 3.0238891671e-04
279 1.6631157603e+00 3.0037656231e-04
280 1.6492412345e+00 2.8362263055e-04
281 1.6412812540e+00 2.8904791304e-04
282 1.6361285828e+00 2.9764384327e-04
283 1.6345736828e+00 2.9613922989e-04
284 1.6362813997e+00 2.9430498657e-04
285 1.6402413190e+00 2.8083435329e-04
286 1.6477272123e+00 2.8302153789e-04
287 1.6546383521e+00 2.7271791922e-04
288 1.6605366536e+00 2.7382623621e-04
289 1.6676253938e+00 2.8858778231e-04
290 1.6734984049e+00 2.7924936102e-04
291 1.6797652529e+00 2.9025577358e-04
292 1.6888957590e+00 2.9139552675e-04
293 1.6917335655e+00 2.8535335953e-04
294 1.6920285497e+00 2.9575815697e-04
295 1.6891715500e+00 3.1148078628e-04
296 1.6857194963e+00 3.2709304059e-04
297 1.6854973930e+00 3.1523409771e-04
298 1.6859905169e+00 2.9567768697e-04
299 1.6802075729e+00 2.8422297031e-04
300 1.6739362817e+00 2.7171640870e-04
301 1.6687538298e+00 2.7734237272e-04
302 1.6563557373e+00 2.6183642896e-04
303 1.6425778233e+00 2.6394224661e-04
304 1.6292450932e+00 2.7125966384e-04
305 1.6130019596e+00 2.7666443400e-04
306 1.5989735451e+00 2.7847515640e-04
307 1.5866650220e+00 2.9051720304e-04
308 1.5741875300e+00 2.8157085622e-04
309 1.5633211817e+00 2.8226165151e-04
310 1.5535040483e+00 2.4877164068e-04
311 1.5426711806e+00 2.6018945004e-04
312 1.5330820956e+00 2.5851482542e-04
313 1.5256231293e+00 2.4229029583e-04
314 1.5203897008e+00 2.3768403199e-04
315 1.5161061739e+00 2.4758009768e-04
316 1.5141413678e+00 2.4676501656e-04
317 1.5159502731e+00 2.5535078596e-04
318 1.5174300902e+00 2.8393991830e-04
319 1.5186145301e+00 2.7940132770e-04
320 1.5236820946e+00 2.5763777536e-04
321 1.5331290722e+00 2.5443631280e-04
322 1.5396039224e+00 2.4454897688e-04
323 1.5460398824e+00 2.4220734451e-04
324 1.5475552523e+00 2.4167133631e-04
325 1.5480785763e+00 2.5005919462e-04
326 1.5461790436e+00 2.4392616104e-04
327 1.5396686694e+00 2.3821588281e-04
328 1.5305365126e+00 2.3924090699e-04
329 1.5230847215e+00 2.3313372527e-04
330 1.5149671575e+00 2.5781504625e-04
331 1.5057886797e+00 2.4996940741e-04
332 1.4973813462e+00 2.5141128425e-04
333 1.4888611198e+00 2.3475659914e-04
334 1.4789299754e+00 2.3856720422e-04
335 1.4682648455e+00 2.2931253607e-04
336 1.4557599603e+00 2.2489251055e-04
337 1.4440199961e+00 2.2862231602e-04
338 1.4352529751e+00 2.2438776867e-04
339 1.4268641294e+00 2.2460682024e-04
340 1.4198346513e+00 2.1867173411e-04
341 1.4139017137e+00 2.2449029093e-04
342 1.4101524465e+00 2.1484540325e-04
343 1.4096335412e+00 2.1890086831e-04
344 1.4108269557e+00 2.1159218284e-04
345 1.4115033438e+00 2.1233614656e-04
346 1.4117923458e+00 2.1930169354e-04
347 1.4122068132e+00 2.0479627431e-04
348 1.4122835963e+00 2.2037751041e-04
349 1.4123881758e+00 2.1282970872e-04
350 1.4129135177e+00 2.1032165477e-04
351 1.4102684011e+00 2.1734011148e-04
352 1.4081679899e+00 2.2019814769e-04
353 1.4067493192e+00 2.0483682016e-04
354 1.4018679663e+00 2.1169381031e-04
355 1.3947955259e+00 2.2455810718e-04
356 1.3889712325e+00 2.3346925609e-04
357 1.3831704789e+00 2.1452911042e-04
358 1.3746357264e+00 2.0033827105e-04
359 1.3653720189e+00 2.0354921226e-04
360 1.3579293975e+00 2.0101857087e-04
361 1.3495425800e+00 2.0863720546e-04
362 1.3399705025e+00 2.0946261186e-04
363 1.3317308530e+00 2.2008786478e-04
364 1.3232447097e+00 2.2452539351e-04
365 1.3158172599e+00 2.2450575025e-04
366 1.3097661608e+00 1.9898878884e-04
367 1.3040928877e+00 1.8988100894e-04
368 1.2982983273e+00 1.8496099078e-04
369 1.2922884248e+00 1.9211749347e-04
370 1.2875973332e+00 1.8098368897e-04
371 1.2838774421e+00 1.7867171755e-04
372 1.2805198920e+00 1.7607639224e-04
373 1.2773540129e+00 1.7994270967e-04
374 1.2744698457e+00 1.7935347601e-04
375 1.2716075723e+00 1.7669320312e-04
376 1.2690160324e+00 1.7793927307e-04
377 1.2670820096e+00 1.6830070781e-04
378 1.2655192516e+00 1.7569845165e-04
379 1.2649223319e+00 1.7118496063e-04
380 1.2663285547e+00 1.6927919000e-04
381 1.2683277156e+00 1.7261379726e-04
382 1.2691675344e+00 1.7089561451e-04
383 1.2692100415e+00 1.7683760406e-04
384 1.2706058519e+00 1.6895552203e-04
385 1.2713967308e+00 1.6849070820e-04
386 1.2712804685e+00 1.6939837626e-04
387 1.2710619516e+00 1.6783644635e-04
388 1.2693740317e+00 1.7226729885e-04
389 1.2664308964e+00 1.6861053755e-04
390 1.2640413156e+00 1.6250334917e-04
391 1.2606336505e+00 1.6285262506e-04
392 1.2551356421e+00 1.6153810300e-04
393 1.2491609300e+00 1.6952100041e-04
394 1.2443341450e+00 1.6610569680e-04
395 1.2392459149e+00 1.6251620883e-04
396 1.2343981326e+00 1.6398248635e-04
397 1.2309777889e+00 1.5723014471e-04
398 1.2286002604e+00 1.6078376722e-04
399 1.2259428761e+00 1.6046846325e-04
400 1.2225566931e+00 1.6420735830e-04
401 1.2203043219e+00 1.6092860937e-04
402 1.2194079052e+00 1.5327858090e-04
403 1.2186939248e+00 1.5537460235e-04
404 1.2177752051e+00 1.5416597608e-04
405 1.2162387735e+00 1.4944826772e-04
406 1.2141740548e+00 1.5002524668e-04
407 1.2121915600e+00 1.4891148408e-04
408 1.2101788853e+00 1.4978237398e-04
409 1.2073956436e+00 1.5031257641e-04
410 1.2040136875e+00 1.4826122483e-04
411 1.2007233689e+00 1.5234087793e-04
412 1.1973732364e+00 1.4702486160e-04
413 1.1945041389e+00 1.4925258533e-04
414 1.1930841456e+00 1.4315863259e-04
415 1.1923754978e+00 1.4570283412e-04
416 1.1920161515e+00 1.4266846635e-04
417 1.1920223067e+00 1.4509272839e-04
418 1.1924228574e+00 1.4265041139e-04
419 1.1929378954e+00 1.4037802181e-04
420 1.1930352304e+00 1.4377882887e-04
421 1.1927145265e+00 1.3930336107e-04
422 1.1923877133e+00 1.4297428380e-04
423 1.1920276186e+00 1.3951907067e-04
424 1.1911609248e+00 1.3546095539e-04
425 1.1900441985e+00 1.4038431984e-04
426 1.1886571905e+00 1.4054960816e-04
427 1.1873275988e+00 1.4976042188e-04
428 1.1860572090e+00 1.5051122024e-04
429 1.1841970022e+00 1.5154543792e-04
430 1.1818590404e+00 1.4145760210e-04
431 1.1801762428e+00 1.3706290771e-04
432 1.1793619006e+00 1.3733447843e-04
433 1.1788136752e+00 1.3243984209e-04
434 1.1779885756e+00 1.3751466442e-04
435 1.1772884095e+00 1.3352753420e-04
436 1.1773654598e+00 1.3422157939e-04
437 1.1774278751e+00 1.3479279717e-04
438 1.1778396074e+00 1.3077736867e-04
439 1.1788438079e+00 1.3493317041e-04
440 1.1804224913e+00 1.3154382133e-04
441 1.1823354483e+00 1.3410049452e-04
442 1.1843988702e+00 1.3339269350e-04
443 1.1865855659e+00 1.3322870497e-04
444 1.1888153668e+00 1.3342425062e-04
445 1.1905902935e+00 1.3565850187e-04
446 1.1914794095e+00 1.3471939509e-04
447 1.1920155466e+00 1.3491825908e-04
448 1.1927443355e+00 1.3560265528e-04
449 1.1934110723e+00 1.3663054126e-04
450 1.1932125046e+00 1.3806245626e-04
451 1.1928370858e+00 1.3630377332e-04
452 1.1921255452e+00 1.4579046982e-04
453 1.1913768821e+00 1.4987517653e-04
454 1.1910195481e+00 1.6195321666e-04
455 1.1907364050e+00 1.4445834012e-04
456 1.1904144394e+00 1.4208926045e-04
457 1.1903409998e+00 1.4126882841e-04
458 1.1902327026e+00 1.4049336019e-04
459 1.1896052274e+00 1.4153343989e-04
460 1.1878841880e+00 1.3512203342e-04
461 1.1854989687e+00 1.4446208960e-04
462 1.1841416522e+00 1.4389970359e-04
463 1.1828585309e+00 1.5917620673e-04
464 1.1818556318e+00 1.6116313318e-04
465 1.1809959925e+00 1.4140046476e-04
466 1.1788104738e+00 1.3959355304e-04
467 1.1759545432e+00 1.3674094830e-04
468 1.1742170924e+00 1.3156636042e-04
469 1.1706499095e+00 1.3408975673e-04
470 1.1670458084e+00 1.3192205381e-04
471 1.1648050215e+00 1.3356414993e-04
472 1.1625455399e+00 1.3894331118e-04
473 1.1601243629e+00 1.3007351361e-04
474 1.1577825734e+00 1.2585423587e-04
475 1.1555537151e+00 1.2572874325e-04
476 1.1534670546e+00 1.4316921765e-04
477 1.1517480392e+00 1.4530829043e-04
478 1.1501781092e+00 1.3796731590e-04
479 1.1490037054e+00 1.2813631294e-04
480 1.1484565543e+00 1.2311242130e-04
481 1.1478286028e+00 1.2895681130e-04
482 1.1473034150e+00 1.1981571962e-04
483 1.1468881503e+00 1.2540724487e-04
484 1.1463575348e+00 1.2235106593e-04
485 1.1463669527e+00 1.2424184736e-04
486 1.1465501623e+00 1.2713578704e-04
487 1.1455883494e+00 1.2537011356e-04
488 1.1444771886e+00 1.3739418398e-04
489 1.1432156363e+00 1.5006958885e-04
490 1.1414896980e+00 1.4211116132e-04
491 1.1396011941e+00 1.2511053394e-04
492 1.1382008756e+00 1.2663721785e-04
493 1.1361496748e+00 1.2642265544e-04
494 1.1341397758e+00 1.1930924111e-04
495 1.1327081226e+00 1.1832019339e-04
496 1.1312413169e+00 1.1762718067e-04
497 1.1295828088e+00 1.1801002888e-04
498 1.1280124352e+00 1.2134318560e-04
499 1.1268286731e+00 1.2109119374e-04
500 1.1260249846e+00 1.2441398977e-04
501 1.1262738559e+00 1.2223381024e-04
502 1.1273673758e+00 1.2277670819e-04
503 1.1286937332e+00 1.2340284031e-04
504 1.1304660541e+00 1.2258665036e-04
505 1.1323475586e+00 1.2742897560e-04
506 1.1338052685e+00 1.3042316832e-04
507 1.1351808262e+00 1.3269593074e-04
508 1.1366908587e+00 1.4112986800e-04
509 1.1374499690e+00 1.3664282988e-04
510 1.1373646665e+00 1.3105101530e-04
511 1.1371074507e+00 1.2642509091e-04
512 1.1368860978e+00 1.2101747970e-04
513 1.1359556878e+00 1.1640913457e-04
514 1.1348515552e+00 1.1530445800e-04
515 1.1336762819e+00 1.1817609348e-04
516 1.1318678910e+00 1.2304784248e-04
517 1.1291814089e+00 1.1352821848e-04
518 1.1259573405e+00 1.1569074013e-04
519 1.1221556114e+00 1.1421326620e-04
520 1.1178061988e+00 1.1600410995e-04
521 1.1133847301e+00 1.1455654983e-04
522 1.1086659616e+00 1.1157111368e-04
523 1.1041251876e+00 1.1597668952e-04
524 1.1001430469e+00 1.2033405126e-04
525 1.0964428086e+00 1.1463476281e-04
526 1.0927967232e+00 1.1581733162e-04
527 1.0893458603e+00 1.1645038275e-04
528 1.0859575686e+00 1.1146863179e-04
529 1.0831452589e+00 1.1016328897e-04
530 1.0805048340e+00 1.1055047866e-04
531 1.0778925739e+00 1.1313380232e-04
532 1.0751622667e+00 1.1163635466e-04
533 1.0727929098e+00 1.0467716669e-04
534 1.0709775516e+00 1.0706362063e-04
535 1.0691371689e+00 1.0737583202e-04
536 1.0670787084e+00 1.0443673024e-04
537 1.0653040242e+00 1.0309945768e-04
538 1.0640130590e+00 1.0481189939e-04
539 1.0630894727e+00 1.0168810582e-04
540 1.0621975197e+00 1.0001796638e-04
541 1.0611943668e+00 9.9442952418e-05
542 1.0599388604e+00 9.8426758856e-05
543 1.0585382000e+00 9.7456536907e-05
544 1.0570769738e+00 9.7243919493e-05
545 1.0555034989e+00 9.7653370235e-05
546 1.0537075667e+00 9.9669689554e-05
547 1.0517951164e+00 9.8695178045e-05
548 1.0499330438e+00 9.9957706728e-05
549 1.0480034561e+00 1.0050320769e-04
550 1.0459195287e+00 9.9326650283e-05
551 1.0443060057e+00 1.0473988874e-04
552 1.0430685763e+00 1.0772709339e-04
553 1.0417460321e+00 1.0419155232e-04
554 1.0405915687e+00 9.9808236696e-05
555 1.0398110740e+00 9.4982549967e-05
556 1.0392790209e+00 9.7259428632e-05
557 1.0390416459e+00 1.0113797658e-04
558 1.0389564208e+00 9.9900118110e-05
559 1.0389186077e+00 1.0121020039e-04
560 1.0389742547e+00 9.9575784758e-05
561 1.0383759584e+00 9.7668991042e-05
562 1.0373955669e+00 9.6838151450e-05
563 1.0366536256e+00 9.3194010988e-05
564 1.0358166297e+00 9.6843897504e-05
565 1.0347950740e+00 9.2465462036e-05
566 1.0337066700e+00 9.2925921071e-05
567 1.0320065705e+00 9.4837270458e-05
568 1.0295009085e+00 9.2663191549e-05
569 1.0268066078e+00 9.3921689567e-05
570 1.0241928945e+00 9.2866683054e-05
571 1.0218670541e+00 8.9290579119e-05
572 1.0194309376e+00 9.0031752682e-05
573 1.0164152106e+00 9.2138836149e-05
574 1.0131924273e+00 9.7333908385e-05
575 1.0102571720e+00 9.5434726498e-05
576 1.0078339828e+00 9.1454440573e-05
577 1.0059880973e+00 9.2785302495e-05
578 1.0043980365e+00 9.4635173473e-05
579 1.0029613015e+00 1.0276967971e-04
580 1.0018027810e+00 1.0287584476e-04
581 1.0007846096e+00 1.0188922334e-04
582 9.9985987550e-01 9.7350071424e-05
583 9.9898456555e-01 9.4827324758e-05
584 9.9810724449e-01 8.8643265772e-05
585 9.9738977001e-01 9.0578745080e-05
586 9.9701329814e-01 9.3745363215e-05
587 9.9676027206e-01 9.3151453458e-05
588 9.9614569263e-01 9.2320286338e-05
589 9.9526128029e-01 9.6454967764e-05
590 9.9459502795e-01 9.6199019302e-05
591 9.9396947810e-01 9.4444573055e-05
592 9.9270468668e-01 9.1310516603e-05
593 9.9154448096e-01 8.9899783167e-05
594 9.9080794410e-01 8.7031636786e-05
595 9.9000138571e-01 8.8532040119e-05
596 9.8850009392e-01 8.5720024646e-05
597 9.8626163651e-01 8.6152611473e-05
598 9.8361624778e-01 8.5290213570e-05
599 9.8137855076e-01 8.3495563048e-05
600 9.7935843805e-01 8.3635367627e-05
601 9.7671922524e-01 8.4017749048e-05
602 9.7387426409e-01 8.5836189872e-05
603 9.7167745403e-01 8.2768455253e-05
604 9.6978459134e-01 8.2147940083e-05
605 9.6754916104e-01 8.4243614806e-05
606 9.6548001672e-01 8.3230855393e-05
607 9.6400821582e-01 7.7680656589e-05
608 9.6266847489e-01 8.2046703953e-05
609 9.6132147622e-01 8.2828225573e-05
610 9.6005060895e-01 8.3368023464e-05
611 9.5832794357e-01 8.3412909339e-05
612 9.5666368293e-01 9.5175623647e-05
613 9.5543445902e-01 9.4884607628e-05
614 9.5414765862e-01 8.7310907741e-05
615 9.5266410706e-01 8.3205761403e-05
616 9.5151795377e-01 8.0293139679e-05
617 9.5044965560e-01 7.7561208938e-05
618 9.4914449054e-01 7.9179288844e-05
619 9.4763983006e-01 7.9492411101e-05
620 9.4647141094e-01 7.9826664842e-05
621 9.4463935619e-01 7.6482099360e-05
622 9.4260207121e-01 7.6841886789e-05
623 9.4023128276e-01 7.8898975861e-05
624 9.3786576926e-01 8.1183506478e-05
625 9.3521365308e-01 8.2030775421e-05
626 9.3221225638e-01 8.1807229101e-05
627 9.2894339840e-01 8.3752714066e-05
628 9.2507701548e-01 8.3531321571e-05
629 9.2133707158e-01 8.3485341114e-05
630 9.1831746856e-01 8.6761710435e-05
631 9.1542632463e-01 8.9954731146e-05
632 9.1222309439e-01 8.4084314780e-05
633 9.0971409750e-01 8.5466306428e-05
634 9.0821360948e-01 8.5162080706e-05
635 9.0647807411e-01 8.1179532165e-05
636 9.0425001892e-01 8.0164100157e-05
637 9.0270708056e-01 7.8424249781e-05
638 9.0125577518e-01 7.5069289931e-05
639 8.9977048786e-01 7.4716011010e-05
640 8.9874835043e-01 7.5462971955e-05
641 8.9779196765e-01 7.4916455678e-05
642 8.9657985787e-01 7.3491876422e-05
643 8.9512559215e-01 7.3103325621e-05
644 8.9320986214e-01 7.4891259570e-05
645 8.9054558435e-01 7.3853784742e-05
646 8.8831056222e-01 7.3337008626e-05
647 8.8680599369e-01 7.1469989880e-05
648 8.8486527704e-01 7.3788335160e-05
649 8.8223158738e-01 7.2754147315e-05
650 8.8012869285e-01 7.3673556327e-05
651 8.7831177100e-01 7.1298703789e-05
652 8.7589043717e-01 7.3103723527e-05
653 8.7361054795e-01 7.4745987034e-05
654 8.7161367090e-01 7.2510099465e-05
655 8.6944352567e-01 7.2666826351e-05
656 8.6746216832e-01 7.1614239452e-05
657 8.6638027121e-01 7.4848667564e-05
658 8.6529689716e-01 7.6186239003e-05
659 8.6383235686e-01 7.9919425386e-05
660 8.6292668770e-01 8.0554261253e-05
661 8.6215636522e-01 7.0130831859e-05
662 8.6062080868e-01 7.2787190141e-05
663 8.5902630780e-01 7.7013924927e-05
664 8.5779750341e-01 7.3636549754e-05
665 8.5645423692e-01 6.9553735807e-05
666 8.5414814094e-01 7.2417510137e-05
667 8.5225233223e-01 7.1531968456e-05
668 8.5043046019e-01 7.0476958616e-05
669 8.4805783429e-01 6.8796531379e-05
670 8.4600991331e-01 6.8022309375e-05
671 8.4431470367e-01 7.2012265601e-05
672 8.4228109226e-01 7.2387125968e-05
673 8.4013218320e-01 7.2267679187e-05
674 8.3855186887e-01 7.3210442130e-05
675 8.3686549246e-01 6.9344935733e-05
676 8.3487688667e-01 6.6827271462e-05
677 8.3313371076e-01 6.7386525389e-05
678 8.3165690199e-01 7.3461970930e-05
679 8.3021215188e-01 7.1151985946e-05
680 8.2882824018e-01 6.8375354797e-05
681 8.2764732725e-01 6.7194270295e-05
682 8.2669143395e-01 6.9276787811e-05
683 8.2589217466e-01 6.9719127752e-05
684 8.2549435365e-01 6.4373383976e-05
685 8.2536567237e-01 6.3539539487e-05
686 8.2531768894e-01 6.6871088235e-05
687 8.2583082025e-01 6.4559840384e-05
688 8.2674406452e-01 6.6778735817e-05
689 8.2716008194e-01 6.5190455035e-05
690 8.2761845833e-01 6.2349237298e-05
691 8.2816102331e-01 6.2773910707e-05
692 8.2821240242e-01 6.1737091523e-05
693 8.2720407130e-01 6.4584400956e-05
694 8.2608880702e-01 6.3526230409e-05
695 8.2451155429e-01 6.2905870852e-05
696 8.2212149617e-01 6.1843786250e-05
697 8.2008596592e-01 6.0992591899e-05
698 8.1819095764e-01 6.4387898507e-05
699 8.1585078124e-01 6.3351667614e-05
700 8.1336728732e-01 6.2376257952e-05
701 8.1140805812e-01 6.3185414421e-05
702 8.0929150987e-01 6.2635894147e-05
703 8.0667501198e-01 6.3059188217e-05
704 8.0487619630e-01 6.1842870859e-05
705 8.0367029604e-01 6.2664260147e-05
706 8.0217460441e-01 6.1870025224e-05
707 8.0070974847e-01 6.2411518988e-05
708 8.0002249591e-01 6.1869294980e-05
709 7.9974257690e-01 6.4050746009e-05
710 7.9941941401e-01 6.8567520957e-05
711 7.9897017626e-01 7.3743046960e-05
712 7.9833002306e-01 6.9574125054e-05
713 7.9743588652e-01 6.4987775637e-05
714 7.9637064108e-01 6.4033681562e-05
715 7.9522030281e-01 6.2761720526e-05
716 7.9411537497e-01 6.2669972518e-05
717 7.9288206545e-01 6.1618063036e-05
718 7.9142490351e-01 6.1568012103e-05
719 7.8993164188e-01 6.0013564151e-05
720 7.8837275136e-01 5.8360378700e-05
721 7.8686709551e-01 5.9444548080e-05
722 7.8520323505e-01 5.8880675355e-05
723 7.8339936144e-01 5.7991905260e-05
724 7.8181504272e-01 5.8114194989e-05
725 7.8020282457e-01 6.0250896903e-05
726 7.7858999629e-01 5.9761949305e-05
727 7.7716253141e-01 5.8230271446e-05
728 7.7579892383e-01 5.9265479217e-05
729 7.7434549619e-01 5.7952413563e-05
730 7.7306122088e-01 5.9421504326e-05
731 7.7185294761e-01 5.8805980217e-05
732 7.7072322934e-01 5.9151826008e-05
733 7.6985828429e-01 5.7517727766e-05
734 7.6909945106e-01 5.7001161351e-05
735 7.6851525070e-01 5.7794409346e-05
736 7.6817964600e-01 5.6770366340e-05
737 7.6792524861e-01 5.8412450606e-05
738 7.6760573084e-01 5.7308361740e-05
739 7.6765703533e-01 5.8604205361e-05
740 7.6816505990e-01 5.7433917548e-05
741 7.6847512073e-01 5.7616679501e-05
742 7.6823166492e-01 5.4900855731e-05
743 7.6784944461e-01 5.7009193937e-05
744 7.6755956552e-01 5.7805870766e-05
745 7.6703699057e-01 6.0554754710e-05
746 7.6638466610e-01 6.1468270299e-05
747 7.6578323889e-01 5.7520562318e-05
748 7.6487857608e-01 5.7585248975e-05
749 7.6359957046e-01 5.5455324445e-05
750 7.6237617889e-01 5.4553584230e-05
751 7.6092003820e-01 5.5169599387e-05
752 7.5881584478e-01 5.6802131122e-05
753 7.5658639272e-01 5.8983496402e-05
754 7.5454617679e-01 6.5848007778e-05
755 7.5266634956e-01 6.7965932867e-05
756 7.5075282471e-01 6.1767896954e-05
757 7.4880307241e-01 5.6275730567e-05
758 7.4732314873e-01 5.5817419485e-05
759 7.4583472440e-01 5.5204284532e-05
760 7.4427388658e-01 5.6099526471e-05
761 7.4321455042e-01 5.6225890878e-05
762 7.4229776906e-01 5.4371531424e-05
763 7.4147320291e-01 5.4051879794e-05
764 7.4158285215e-01 5.4619650914e-05
765 7.4183517747e-01 5.4075745240e-05
766 7.4168934632e-01 5.5166110852e-05
767 7.4167290542e-01 5.6264592107e-05
768 7.4158362785e-01 5.5148675278e-05
769 7.4093492660e-01 5.5356831094e-05
770 7.4022074657e-01 5.6424705257e-05
771 7.3954255435e-01 5.8014597255e-05
772 7.3840261922e-01 6.3030786331e-05
773 7.3715222854e-01 6.5229637564e-05
774 7.3612324412e-01 6.1646477307e-05
775 7.3487355698e-01 5.8282720027e-05
776 7.3312826200e-01 5.4557958781e-05
777 7.3124335045e-01 5.7250251328e-05
778 7.2955320399e-01 5.3880173131e-05
779 7.2784077478e-01 5.4924330651e-05
780 7.2609910999e-01 5.5383134118e-05
781 7.2477227386e-01 5.2751918500e-05
782 7.2381156355e-01 5.3254622394e-05
783 7.2275783207e-01 5.3228263866e-05
784 7.2141839175e-01 5.7332499653e-05
785 7.2034882999e-01 5.6230935403e-05
786 7.1964088903e-01 5.5852563941e-05
787 7.1922827570e-01 5.8322308081e-05
788 7.1916489099e-01 5.5921278118e-05
789 7.1928082923e-01 5.6696613216e-05
790 7.1982345797e-01 5.9286034200e-05
791 7.2092735667e-01 6.1818329842e-05
792 7.2202863674e-01 6.2860866691e-05
793 7.2294820370e-01 6.0115114294e-05
794 7.2423354798e-01 5.7097674710e-05
795 7.2608250393e-01 5.6101104166e-05
796 7.2755104299e-01 5.9858742642e-05
797 7.2862216993e-01 5.7792332101e-05
798 7.2996475125e-01 5.6751069154e-05
799 7.3145301732e-01 5.4965865949e-05
800 7.3187745315e-01 5.4204732844e-05
801 7.3154390649e-01 5.5173585797e-05
802 7.3111689988e-01 5.5441480775e-05
803 7.3031701386e-01 5.4336026897e-05
804 7.2833351329e-01 5.4140604403e-05
805 7.2578316205e-01 5.2823974874e-05
806 7.2343310284e-01 5.3917145456e-05
807 7.2105353895e-01 5.4536028238e-05
808 7.1783719641e-01 5.4832032932e-05
809 7.1398139489e-01 5.5626538914e-05
810 7.1067729728e-01 5.5907995859e-05
811 7.0746037506e-01 5.5934739605e-05
812 7.0403981794e-01 5.5825057385e-05
813 7.0178667287e-01 5.5332471409e-05
814 7.0021737711e-01 5.5044745528e-05
815 6.9906494860e-01 5.5868781581e-05
816 6.9868881460e-01 5.7409576447e-05
817 6.9894958447e-01 6.5024326693e-05
818 6.9986249181e-01 6.7891229821e-05
819 7.0146145111e-01 6.2111304059e-05
820 7.0341852699e-01 5.8940907818e-05
821 7.0515749954e-01 5.7971858454e-05
822 7.0691420092e-01 5.6252044778e-05
823 7.0857252033e-01 5.5520118452e-05
824 7.0967855969e-01 5.3863928786e-05
825 7.1033270838e-01 5.2952766644e-05
826 7.1111584122e-01 5.4680807558e-05
827 7.1212882615e-01 5.3568102108e-05
828 7.1228795039e-01 5.5497851555e-05
829 7.1112241900e-01 5.3639699620e-05
830 7.0962009012e-01 5.4506746569e-05
831 7.0772265618e-01 5.5408392285e-05
832 7.0457970321e-01 5.4348468188e-05
833 7.0190482229e-01 5.3792418164e-05
834 6.9959870665e-01 5.3893150780e-05
835 6.9669468896e-01 5.4966476177e-05
836 6.9369608480e-01 5.5788613059e-05
837 6.9113639584e-01 5.5950523692e-05
838 6.8883838562e-01 5.4822319764e-05
839 6.8699158777e-01 5.4394918956e-05
840 6.8570722513e-01 5.3660281423e-05
841 6.8482923157e-01 5.3744613464e-05
842 6.8432866139e-01 5.5066753064e-05
843 6.8470492747e-01 5.6279989339e-05
844 6.8583109443e-01 5.7970965931e-05
845 6.8709142945e-01 5.8355351294e-05
846 6.8878743822e-01 5.5744731534e-05
847 6.9163061203e-01 5.4302593267e-05
848 6.9405373844e-01 5.5486935448e-05
849 6.9551678748e-01 5.6280623147e-05
850 6.9742136195e-01 5.6924989321e-05
851 6.9989724049e-01 5.3761613970e-05
852 7.0127126997e-01 5.1805449859e-05
853 7.0214704617e-01 5.1693598120e-05
854 7.0341773386e-01 5.2288436848e-05
855 7.0350317440e-01 5.2415288254e-05
856 7.0230734694e-01 5.1025041505e-05
857 7.0126653440e-01 5.0766213590e-05
858 6.9991527639e-01 4.9946983127e-05
859 6.9749274821e-01 5.0499336795e-05
860 6.9457325146e-01 5.0865432312e-05
861 6.9197291789e-01 5.0102650183e-05
862 6.8972062180e-01 4.9924526367e-05
863 6.8716369785e-01 4.9807124237e-05
864 6.8419854728e-01 5.1134788117e-05
865 6.8185490629e-01 5.1328710355e-05
866 6.8012630425e-01 5.1197177788e-05
867 6.7885957695e-01 4.9066564884e-05
868 6.7854863352e-01 4.7886940206e-05
869 6.7853157475e-01 4.8422434390e-05
870 6.7825376282e-01 4.9298229822e-05
871 6.7820101307e-01 5.0256758687e-05
872 6.7893082197e-01 5.2512386882e-05
873 6.7983661373e-01 5.4458493865e-05
874 6.8100114013e-01 6.0669181641e-05
875 6.8253641253e-01 5.8833674901e-05
876 6.8462785607e-01 5.3839301965e-05
877 6.8675885007e-01 5.2230480332e-05
878 6.8874997699e-01 5.0456936320e-05
879 6.9087278508e-01 5.2633450385e-05
880 6.9265224319e-01 5.1140587557e-05
881 6.9388387022e-01 5.7102617593e-05
882 6.9457073036e-01 5.8118797568e-05
883 6.9501124253e-01 5.7220253537e-05
884 6.9530303540e-01 5.2984178985e-05
885 6.9496922477e-01 5.2146432735e-05
886 6.9399498135e-01 5.1246224052e-05
887 6.9270983167e-01 5.0106260157e-05
888 6.9118937053e-01 4.9332006692e-05
889 6.8954932626e-01 4.8866473592e-05
890 6.8827518976e-01 4.8255060536e-05
891 6.8689795637e-01 4.8147505027e-05
892 6.8521248553e-01 4.7547627210e-05
893 6.8378863082e-01 4.7692907461e-05
894 6.8269005353e-01 4.7128203074e-05
895 6.8165185166e-01 4.8810624558e-05
896 6.8114129237e-01 4.9236595272e-05
897 6.8110903125e-01 4.6520182884e-05
898 6.8115769541e-01 4.8069033237e-05
899 6.8156904127e-01 4.5421705085e-05
900 6.8213459016e-01 4.8401408263e-05
901 6.8262700237e-01 4.6993094280e-05
902 6.8330104004e-01 4.7348994695e-05
903 6.8429398067e-01 4.7514147815e-05
904 6.8505279082e-01 4.7749150022e-05
905 6.8570268616e-01 4.9167450595e-05
906 6.8662739618e-01 4.8467809086e-05
907 6.8730212202e-01 4.8919586517e-05
908 6.8735694456e-01 4.9933917219e-05
909 6.8711712208e-01 5.0058700852e-05
910 6.8676496568e-01 5.1664023595e-05
911 6.8609913894e-01 5.4003846984e-05
912 6.8511682200e-01 6.1134888129e-05
913 6.8418474971e-01 5.5258177172e-05
914 6.8328672328e-01 5.1172340028e-05
915 6.8233336107e-01 5.0473065781e-05
916 6.8129632019e-01 5.1476004396e-05
917 6.8019270599e-01 4.9117593376e-05
918 6.7920087200e-01 4.9131603480e-05
919 6.7841142964e-01 4.7720065201e-05
920 6.7764757641e-01 4.7978297680e-05
921 6.7696384865e-01 4.8236774416e-05
922 6.7657219729e-01 4.7400618677e-05
923 6.7639093972e-01 4.8488510838e-05
924 6.7624690958e-01 4.7461685954e-05
925 6.7625618923e-01 4.7029907506e-05
926 6.7649432699e-01 4.8052824484e-05
927 6.7688974139e-01 4.7588086297e-05
928 6.7705466720e-01 4.7005248330e-05
929 6.7712241283e-01 4.7611082755e-05
930 6.7737300376e-01 4.7410681606e-05
931 6.7750511340e-01 4.9185175374e-05
932 6.7732790372e-01 4.8370840586e-05
933 6.7722848047e-01 4.9495157387e-05
934 6.7724852889e-01 4.8148217587e-05
935 6.7701308987e-01 4.5673641521e-05
936 6.7651339362e-01 4.5268176920e-05
937 6.7596341949e-01 5.0325691860e-05
938 6.7544439639e-01 4.9564867741e-05
939 6.7469692757e-01 4.8782334686e-05
940 6.7371619769e-01 4.7465290957e-05
941 6.7300518661e-01 4.6608419034e-05
942 6.7257555730e-01 4.5455342213e-05
943 6.7239796041e-01 4.3646643809e-05
944 6.7248841463e-01 4.3749420470e-05
945 6.7278165207e-01 4.3787073785e-05
946 6.7329717664e-01 4.3179419379e-05
947 6.7386299412e-01 4.3635429732e-05
948 6.7440095445e-01 4.3576206150e-05
949 6.7468289297e-01 4.3133224677e-05
950 6.7530408048e-01 4.3321289580e-05
951 6.7605453665e-01 4.1479067479e-05
952 6.7628610594e-01 4.3111594681e-05
953 6.7642625672e-01 4.1917042446e-05
954 6.7673009728e-01 4.1831656927e-05
955 6.7649679927e-01 4.2396050371e-05
956 6.7599858321e-01 4.0835433617e-05
957 6.7556744101e-01 4.1601533021e-05
958 6.7505423735e-01 4.0337453181e-05
959 6.7420197379e-01 4.1871646416e-05
960 6.7302027360e-01 4.1767219087e-05
961 6.7177862635e-01 4.2244342602e-05
962 6.7046012052e-01 4.4862802589e-05
963 6.6889151784e-01 5.0160940105e-05
964 6.6742713911e-01 5.2572798353e-05
965 6.6637582625e-01 4.6658406893e-05
966 6.6550760933e-01 4.2775467752e-05
967 6.6477036318e-01 4.1300762024e-05
968 6.6434652980e-01 4.0469881436e-05
969 6.6416623171e-01 4.2142892306e-05
970 6.6438795099e-01 4.1315197069e-05
971 6.6454555114e-01 4.5194817454e-05
972 6.6476577530e-01 4.8947111852e-05
973 6.6506016387e-01 4.7499718622e-05
974 6.6528333070e-01 4.1578761379e-05
975 6.6552007652e-01 4.0191702856e-05
976 6.6585548265e-01 4.0783759038e-05
977 6.6654113348e-01 3.9727957322e-05
978 6.6714365253e-01 3.8738647166e-05
979 6.6729639303e-01 3.8804352000e-05
980 6.6730925583e-01 3.9757077597e-05
981 6.6759910534e-01 3.8368855045e-05
982 6.6788563409e-01 3.8624907280e-05
983 6.6792545723e-01 3.9410393881e-05
984 6.6800848149e-01 3.7761416741e-05
985 6.6838117335e-01 3.8958652430e-05
986 6.6856882182e-01 3.7535833868e-05
987 6.6837484257e-01 3.8877079855e-05
988 6.6827581335e-01 3.8195422907e-05
989 6.6836997615e-01 3.7292703816e-05
990 6.6837797093e-01 3.7689462404e-05
991 6.6829504160e-01 3.7660249099e-05
992 6.6829293990e-01 3.7412566019e-05
993 6.6837563103e-01 3.8363281245e-05
994 6.6844104787e-01 3.8640733817e-05
995 6.6851239524e-01 3.8162957055e-05
996 6.6849062025e-01 3.8050391165e-05
997 6.6842768621e-01 3.7351132370e-05
998 6.6838468659e-01 3.6466096588e-05
999 6.6830011155e-01 3.6978870036e-05
1000 6.6800228378e-01 3.8156414665e-05
1001 6.6750321465e-01 3.7056470305e-05
1002 6.6711205620e-01 3.7430692299e-05
1003 6.6703440329e-01 3.7330393218e-05
1004 6.6708717785e-01 3.7097509219e-05
1005 6.6723388802e-01 3.7619151654e-05
1006 6.6766292417e-01 3.9213607997e-05
1007 6.6825941990e-01 4.0597617949e-05
1008 6.6886669565e-01 4.1445203866e-05
1009 6.6964681227e-01 3.9817830371e-05
1010 6.7075528246e-01 3.6858812135e-05
1011 6.7185251844e-01 3.6182699055e-05
1012 6.7275886582e-01 3.6308216706e-05
1013 6.7364776597e-01 3.6522244897e-05
1014 6.7433368621e-01 3.5869777215e-05
1015 6.7471425247e-01 3.5129083419e-05
1016 6.7493630848e-01 3.5369973807e-05
1017 6.7512177193e-01 3.5006945037e-05
1018 6.7527901402e-01 3.4482904986e-05
1019 6.7528209848e-01 3.4860755039e-05
1020 6.7501007908e-01 3.6332472798e-05
1021 6.7479088929e-01 3.4693466250e-05
1022 6.7451626983e-01 3.6102596009e-05
1023 6.7396935380e-01 3.4480306313e-05
1024 6.7338768839e-01 3.5237552698e-05
1025 6.7297953844e-01 3.4934225415e-05
1026 6.7258661798e-01 3.5131130982e-05
1027 6.7228694524e-01 3.4921358309e-05
1028 6.7226082313e-01 3.5627445406e-05
1029 6.7236811383e-01 3.6909032262e-05
1030 6.7267680321e-01 3.7998701263e-05
1031 6.7317652030e-01 4.0982216287e-05
1032 6.7364658883e-01 4.2240452005e-05
1033 6.7414549235e-01 3.9307851899e-05
1034 6.7474740526e-01 3.5797135632e-05
1035 6.7533291208e-01 3.3967858509e-05
1036 6.7577621794e-01 3.4337907288e-05
1037 6.7612877003e-01 3.4200129893e-05
1038 6.7649025360e-01 3.4924266289e-05
1039 6.7664497732e-01 3.5146191928e-05
1040 6.7659949329e-01 3.5354129217e-05
1041 6.7666537242e-01 3.4670290025e-05
1042 6.7653903766e-01 3.4966189692e-05
1043 6.7635553411e-01 3.3665714543e-05
1044 6.7619344885e-01 3.4635924524e-05
1045 6.7590238481e-01 3.5167296145e-05
1046 6.7548139377e-01 3.8281786777e-05
1047 6.7500693551e-01 3.9646670522e-05
1048 6.7446490451e-01 3.7200718163e-05
1049 6.7398397132e-01 3.8477778695e-05
1050 6.7352734848e-01 3.6542751595e-05
1051 6.7313391232e-01 3.6338830699e-05
1052 6.7290054942e-01 3.4931917356e-05
1053 6.7275358212e-01 3.3460614979e-05
1054 6.7266351513e-01 3.4155579022e-05
1055 6.7264153474e-01 3.2639981136e-05
1056 6.7267285929e-01 3.3897095888e-05
1057 6.7281726794e-01 3.3867034441e-05
1058 6.7305339183e-01 3.3598751907e-05
1059 6.7320762511e-01 3.3851040303e-05
1060 6.7349386521e-01 3.4628444302e-05
1061 6.7398428089e-01 3.5029140842e-05
1062 6.7438752813e-01 3.3764416730e-05
1063 6.7471250571e-01 3.4158784406e-05
1064 6.7499229246e-01 3.3671451148e-05
1065 6.7508836568e-01 3.6120059935e-05
1066 6.7510273803e-01 3.9356280121e-05
1067 6.7503499196e-01 3.8777129241e-05
1068 6.7471237445e-01 3.7271742375e-05
1069 6.7416895566e-01 3.5926703098e-05
1070 6.7344811897e-01 3.4759239150e-05
1071 6.7245691017e-01 3.3716468585e-05
1072 6.7125768841e-01 3.3539412440e-05
1073 6.7011200410e-01 3.2965438106e-05
1074 6.6902594203e-01 3.3834643573e-05
1075 6.6800740205e-01 3.3278023313e-05
1076 6.6709477945e-01 3.2930181478e-05
1077 6.6641196228e-01 3.3052313445e-05
1078 6.6589942472e-01 3.2348687313e-05
1079 6.6534693953e-01 3.3486436418e-05
1080 6.6485483201e-01 3.3646072816e-05
1081 6.6450317873e-01 3.3478489534e-05
1082 6.6426786583e-01 3.3178569262e-05
1083 6.6422600779e-01 3.1731579758e-05
1084 6.6424619262e-01 3.3596433776e-05
1085 6.6422079818e-01 3.3193129014e-05
1086 6.6432441616e-01 3.4062700056e-05
1087 6.6429570844e-01 3.4275783611e-05
1088 6.6401682939e-01 3.3646803705e-05
1089 6.6379934822e-01 3.4581343478e-05
1090 6.6353223411e-01 3.3798292861e-05
1091 6.6308112274e-01 3.4564328230e-05
1092 6.6270274884e-01 3.4353285859e-05
1093 6.6219257872e-01 3.3428059312e-05
1094 6.6161024344e-01 3.3864972717e-05
1095 6.6116393142e-01 3.2760346822e-05
1096 6.6084618783e-01 3.3899721306e-05
1097 6.6049007823e-01 3.2488774909e-05
1098 6.6002193682e-01 3.4213942547e-05
1099 6.5962419614e-01 3.3726032503e-05
1100 6.5927002424e-01 3.4005830970e-05
1101 6.5882208380e-01 3.3600740141e-05
1102 6.5834178540e-01 3.5180425902e-05
1103 6.5784656498e-01 3.4119758747e-05
1104 6.5739489746e-01 3.2882809549e-05
1105 6.5707043077e-01 3.2638140841e-05
1106 6.5663568784e-01 3.2944418649e-05
1107 6.5604678631e-01 3.2093566838e-05
1108 6.5557016468e-01 3.2678026367e-05
1109 6.5508485142e-01 3.5776529493e-05
1110 6.5467289211e-01 3.6206842769e-05
1111 6.5426818475e-01 3.3512225618e-05
1112 6.5386721716e-01 3.2328373478e-05
1113 6.5358996127e-01 3.3826151840e-05
1114 6.5329624653e-01 3.3902099301e-05
1115 6.5291212023e-01 3.6723836384e-05
1116 6.5257955439e-01 3.9484846275e-05
1117 6.5224367787e-01 3.7596234701e-05
1118 6.5178562830e-01 3.2806564116e-05
1119 6.5126169288e-01 3.2209462067e-05
1120 6.5084496343e-01 3.1556530723e-05
1121 6.5048313929e-01 3.1810712126e-05
1122 6.5004844252e-01 3.1659953127e-05
1123 6.4939812448e-01 3.1312612269e-05
1124 6.4884668013e-01 3.2610259414e-05
1125 6.4840002597e-01 3.2086861609e-05
1126 6.4783556927e-01 3.1731427184e-05
1127 6.4736760326e-01 3.0745078482e-05
1128 6.4689540749e-01 3.1553578137e-05
1129 6.4624015007e-01 3.2224036605e-05
1130 6.4565966734e-01 3.2452548024e-05
1131 6.4521552416e-01 3.3738004746e-05
1132 6.4465949284e-01 3.2815493742e-05
1133 6.4401045973e-01 3.4598819263e-05
1134 6.4340378091e-01 3.1611514732e-05
1135 6.4277758944e-01 3.1658301461e-05
1136 6.4200638652e-01 3.3320314818e-05
1137 6.4111959276e-01 3.3988635479e-05
1138 6.4023635022e-01 3.3573989562e-05
1139 6.3936635470e-01 3.4142376682e-05
1140 6.3856205527e-01 3.4825281782e-05
1141 6.3775155404e-01 3.1865119738e-05
1142 6.3694239177e-01 3.1866233678e-05
1143 6.3617100765e-01 3.2397835453e-05
1144 6.3562129396e-01 3.1863952706e-05
1145 6.3515743793e-01 3.2502843056e-05
1146 6.3454282707e-01 3.3520431443e-05
1147 6.3400749350e-01 3.2202753847e-05
1148 6.3344300004e-01 3.1811693746e-05
1149 6.3274780215e-01 3.2013908952e-05
1150 6.3217173414e-01 3.1275533175e-05
1151 6.3156057888e-01 3.2079861851e-05
1152 6.3072074472e-01 3.2161618268e-05
1153 6.2976494940e-01 3.2659481619e-05
1154 6.2880914798e-01 3.3375584965e-05
1155 6.2779420540e-01 3.3425645520e-05
1156 6.2664349165e-01 3.3653528779e-05
1157 6.2530322247e-01 3.5076255819e-05
1158 6.2406060719e-01 3.8042688903e-05
1159 6.2290626176e-01 3.6809655038e-05
1160 6.2142421741e-01 3.3638660273e-05
1161 6.1977390928e-01 3.3097511406e-05
1162 6.1833936428e-01 3.2733844852e-05
1163 6.1711246848e-01 3.4098682170e-05
1164 6.1591768452e-01 3.2412894715e-05
1165 6.1477184026e-01 3.2886610615e-05
1166 6.1384032687e-01 3.2385563568e-05
1167 6.1296833382e-01 3.2614814030e-05
1168 6.1209023759e-01 3.3588731867e-05
1169 6.1130305452e-01 3.0988807220e-05
1170 6.1066079647e-01 3.1727629642e-05
1171 6.1009965880e-01 3.1442609147e-05
1172 6.0966106141e-01 3.2617557047e-05
1173 6.0902405399e-01 3.2689493847e-05
1174 6.0838049650e-01 3.1718925528e-05
1175 6.0783159517e-01 3.3218079433e-05
1176 6.0712276571e-01 3.3004153173e-05
1177 6.0612023602e-01 3.2912298323e-05
1178 6.0519201052e-01 3.5294228312e-05
1179 6.0442370939e-01 3.6184219523e-05
1180 6.0353795732e-01 3.7256479775e-05
1181 6.0240531798e-01 3.5512773828e-05
1182 6.0130090094e-01 3.3432362833e-05
1183 6.0030522279e-01 3.2638737106e-05
1184 5.9928552346e-01 3.3281556791e-05
1185 5.9816147007e-01 3.5162373327e-05
1186 5.9706276569e-01 3.5032925325e-05
1187 5.9598986861e-01 3.3363471446e-05
1188 5.9482508319e-01 3.2762907533e-05
1189 5.9378794622e-01 3.2828242356e-05
1190 5.9300065376e-01 3.1679613843e-05
1191 5.9234985120e-01 3.2247760550e-05
1192 5.9168772798e-01 3.2264581848e-05
1193 5.9111785414e-01 3.2345855656e-05
1194 5.9056902442e-01 3.2140215316e-05
1195 5.9005948202e-01 3.1865850789e-05
1196 5.8965501250e-01 3.1233147303e-05
1197 5.8938346648e-01 3.1323889696e-05
1198 5.8915912595e-01 3.2474948766e-05
1199 5.8899049900e-01 3.2514314925e-05
1200 5.8882936748e-01 3.1225277054e-05
1201 5.8850489473e-01 3.1335033302e-05
1202 5.8801662033e-01 3.1945526390e-05
1203 5.8766113007e-01 3.3966652037e-05
1204 5.8738356686e-01 3.7989848101e-05
1205 5.8699770261e-01 3.8371075274e-05
1206 5.8640017517e-01 3.4394933154e-05
1207 5.8563012217e-01 3.2485854979e-05
1208 5.8464230504e-01 3.2807349880e-05
1209 5.8339134317e-01 3.2132109387e-05
1210 5.8210969925e-01 3.2423586946e-05
1211 5.8078141910e-01 3.3668080130e-05
1212 5.7927198598e-01 3.4594623967e-05
1213 5.7757190547e-01 3.2537848302e-05
1214 5.7604030993e-01 3.2706894139e-05
1215 5.7462021706e-01 3.3477350787e-05
1216 5.7311056105e-01 3.4983294476e-05
1217 5.7153583801e-01 3.3988252092e-05
1218 5.7009747209e-01 3.3013466818e-05
1219 5.6901021416e-01 3.3583438933e-05
1220 5.6826999090e-01 3.2651424464e-05
1221 5.6763127283e-01 3.1534113256e-05
1222 5.6700208059e-01 3.2929662539e-05
1223 5.6658720541e-01 3.2074752218e-05
1224 5.6639554430e-01 3.2253651307e-05
1225 5.6618139150e-01 3.2522436938e-05
1226 5.6593278965e-01 3.1332635095e-05
1227 5.6561988342e-01 3.2035157641e-05
1228 5.6527210419e-01 3.0831279686e-05
1229 5.6495800408e-01 3.1263896544e-05
1230 5.6457572206e-01 3.2214218508e-05
1231 5.6407662920e-01 3.1914070776e-05
1232 5.6355150701e-01 3.2864722383e-05
1233 5.6291025276e-01 3.3239708111e-05
1234 5.6197586768e-01 3.2126839375e-05
1235 5.6083974188e-01 3.4701756736e-05
1236 5.5976122464e-01 3.6088399699e-05
1237 5.5876584565e-01 3.5738682878e-05
1238 5.5768200498e-01 3.3505063702e-05
1239 5.5669189087e-01 3.0727673681e-05
1240 5.5588106821e-01 3.0691630662e-05
1241 5.5512897483e-01 3.0101985701e-05
1242 5.5454520122e-01 3.2276713658e-05
1243 5.5401299201e-01 3.0362482861e-05
1244 5.5356219052e-01 3.0684600932e-05
1245 5.5323806272e-01 2.9554765693e-05
1246 5.5299698168e-01 2.9870874466e-05
1247 5.5280584002e-01 2.9314280598e-05
1248 5.5271616028e-01 2.8597130863e-05
1249 5.5269978985e-01 2.9479113679e-05
1250 5.5268288050e-01 2.9663369011e-05
1251 5.5257602680e-01 3.0459658968e-05
1252 5.5239145466e-01 3.2421726925e-05
1253 5.5202325522e-01 3.7363070620e-05
1254 5.5148316928e-01 3.6077768141e-05
1255 5.5069955504e-01 3.0914470424e-05
1256 5.4982120314e-01 3.0482227434e-05
1257 5.4898063268e-01 3.0089286890e-05
1258 5.4811872797e-01 3.0531591911e-05
1259 5.4704151017e-01 2.8794987193e-05
1260 5.4594021459e-01 2.8230540825e-05
1261 5.4491739988e-01 2.8242097551e-05
1262 5.4396507998e-01 3.0662237419e-05
1263 5.4293797676e-01 3.2435815287e-05
1264 5.4183475414e-01 2.9170655747e-05
1265 5.4079824152e-01 2.8616873399e-05
1266 5.3991754765e-01 2.8943675475e-05
1267 5.3914865615e-01 2.9777374190e-05
1268 5.3849703983e-01 3.1783480467e-05
1269 5.3796845215e-01 2.9980290749e-05
1270 5.3758422721e-01 2.8738483421e-05
1271 5.3735347363e-01 2.7850403423e-05
1272 5.3726258141e-01 2.7574015499e-05
1273 5.3725567561e-01 2.7305390829e-05
1274 5.3718219505e-01 2.7475532818e-05
1275 5.3699506646e-01 2.7026580019e-05
1276 5.3673653313e-01 2.7356480242e-05
1277 5.3632145171e-01 2.7096454002e-05
1278 5.3575396630e-01 2.7332336490e-05
1279 5.3514609190e-01 2.8206088440e-05
1280 5.3434467104e-01 2.7535997750e-05
1281 5.3357571082e-01 2.6440674580e-05
1282 5.3278633254e-01 2.7667127641e-05
1283 5.3180244783e-01 2.7626334616e-05
1284 5.3074790629e-01 2.7190015287e-05
1285 5.2994061438e-01 2.7352180978e-05
1286 5.2912543431e-01 2.6039553144e-05
1287 5.2813652466e-01 2.7814032603e-05
1288 5.2726430909e-01 2.7703457302e-05
1289 5.2661124635e-01 2.7245150718e-05
1290 5.2597519335e-01 2.8022204798e-05
1291 5.2540835542e-01 2.7544822941e-05
1292 5.2486461052e-01 2.9317802842e-05
1293 5.2433029380e-01 2.8251076475e-05
1294 5.2386474942e-01 2.9428839976e-05
1295 5.2341324367e-01 2.9292299906e-05
1296 5.2292952841e-01 2.7452356403e-05
1297 5.2236941017e-01 2.7393665675e-05
1298 5.2177413007e-01 2.7308550678e-05
1299 5.2121167071e-01 2.8767379168e-05
1300 5.2074470937e-01 2.7402223968e-05
1301 5.2025761312e-01 2.8153793761e-05
1302 5.1961697460e-01 2.8360313731e-05
1303 5.1900386577e-01 3.0236592897e-05
1304 5.1840597125e-01 2.9932239476e-05
1305 5.1765493721e-01 2.9036301147e-05
1306 5.1687684943e-01 2.7447391629e-05
1307 5.1618161728e-01 2.7565047351e-05
1308 5.1551242487e-01 2.7775398910e-05
1309 5.1486035985e-01 2.9316438558e-05
1310 5.1420504296e-01 3.1437322786e-05
1311 5.1363962364e-01 3.2676065273e-05
1312 5.1306293521e-01 2.9706424016e-05
1313 5.1244311230e-01 2.8249404599e-05
1314 5.1183153151e-01 2.7214305928e-05
1315 5.1134375869e-01 2.6869779615e-05
1316 5.1087026458e-01 2.7765401411e-05
1317 5.1040066887e-01 2.8485105277e-05
1318 5.0990615139e-01 2.9184593597e-05
1319 5.0945188925e-01 2.9136890016e-05
1320 5.0910386958e-01 2.8158556703e-05
1321 5.0878851874e-01 2.8168737241e-05
1322 5.0843651868e-01 2.7763487334e-05
1323 5.0805269042e-01 2.7940546972e-05
1324 5.0772225926e-01 2.7949902105e-05
1325 5.0732614327e-01 2.7201834874e-05
1326 5.0690543099e-01 2.7290408811e-05
1327 5.0652576089e-01 2.6807034675e-05
1328 5.0617871682e-01 2.6955104873e-05
1329 5.0579132057e-01 2.6653365056e-05
1330 5.0537399816e-01 2.5566943883e-05
1331 5.0491219059e-01 2.6840154600e-05
1332 5.0444656538e-01 2.6088620969e-05
1333 5.0408155789e-01 2.5722040408e-05
1334 5.0367198715e-01 2.6772657185e-05
1335 5.0323983214e-01 2.6786725305e-05
1336 5.0291754539e-01 2.7178707809e-05
1337 5.0265040062e-01 2.6667384559e-05
1338 5.0244653429e-01 2.6649554691e-05
1339 5.0225136630e-01 2.6812573606e-05
1340 5.0214853592e-01 2.6749311041e-05
1341 5.0199340805e-01 2.7164427074e-05
1342 5.0181027853e-01 2.9541566182e-05
1343 5.0158398700e-01 3.2407018142e-05
1344 5.0122540321e-01 3.2107226384e-05
1345 5.0075644636e-01 2.7945543551e-05
1346 5.0034537040e-01 2.7447903372e-05
1347 4.9983868536e-01 2.6874093870e-05
1348 4.9918727540e-01 2.6470628658e-05
1349 4.9868616370e-01 2.7369854953e-05
1350 4.9816060614e-01 2.5792075422e-05
1351 4.9746535308e-01 2.6427179709e-05
1352 4.9680977681e-01 2.5819949362e-05
1353 4.9625828931e-01 2.4849348931e-05
1354 4.9564469085e-01 2.6134192405e-05
1355 4.9488710091e-01 2.5629772893e-05
1356 4.9413606578e-01 2.6229899447e-05
1357 4.9350647568e-01 2.4481645315e-05
1358 4.9287290032e-01 2.4733053845e-05
1359 4.9204616302e-01 2.5508142559e-05
1360 4.9120838439e-01 2.5749565555e-05
1361 4.9050947979e-01 2.4750862374e-05
1362 4.8989644892e-01 2.4817864139e-05
1363 4.8937965534e-01 2.4429732135e-05
1364 4.8888765089e-01 2.4678753013e-05
1365 4.8841201376e-01 2.5449843111e-05
1366 4.8816619743e-01 2.5169261301e-05
1367 4.8780479551e-01 2.5088702984e-05
1368 4.8738432542e-01 2.5458918537e-05
1369 4.8712588089e-01 2.5793807882e-05
1370 4.8669395789e-01 2.6916034912e-05
1371 4.8634202375e-01 2.9559565283e-05
1372 4.8610952738e-01 2.6595140174e-05
1373 4.8575469311e-01 2.4444321404e-05
1374 4.8529374064e-01 2.3347571744e-05
1375 4.8490953698e-01 2.4910110844e-05
1376 4.8448687750e-01 2.5504878886e-05
1377 4.8393232985e-01 2.4495605561e-05
1378 4.8333608585e-01 2.4326871490e-05
1379 4.8266608389e-01 2.3691307335e-05
1380 4.8199814415e-01 2.4627228506e-05
1381 4.8145095033e-01 2.3609786051e-05
1382 4.8088580279e-01 2.5112589944e-05
1383 4.8036077866e-01 2.6573312434e-05
1384 4.7994779773e-01 2.7776995199e-05
1385 4.7965666349e-01 2.7539007607e-05
1386 4.7952698979e-01 2.5082154161e-05
1387 4.7937056575e-01 2.3573606457e-05
1388 4.7924492883e-01 2.2841301185e-05
1389 4.7927627555e-01 2.3049371717e-05
1390 4.7935515454e-01 2.3179425197e-05
1391 4.7938825833e-01 2.3577142359e-05
1392 4.7946040565e-01 2.4347306366e-05
1393 4.7959689923e-01 2.2793384432e-05
1394 4.7985513632e-01 2.3930223989e-05
1395 4.8008702303e-01 2.3454149642e-05
1396 4.8006474949e-01 2.3017289969e-05
1397 4.8005834189e-01 2.3413558332e-05
1398 4.8006226542e-01 2.3172225063e-05
1399 4.7979317792e-01 2.3914125857e-05
1400 4.7938573171e-01 2.3532239351e-05
1401 4.7903388075e-01 2.4592613589e-05
1402 4.7813699121e-01 2.4610227391e-05
1403 4.7715334564e-01 2.4232606534e-05
1404 4.7638332818e-01 2.3983287964e-05
1405 4.7527693286e-01 2.7044596970e-05
1406 4.7412517509e-01 2.8652168978e-05
1407 4.7315827974e-01 2.9747057413e-05
1408 4.7217435299e-01 2.7582496273e-05
1409 4.7116092526e-01 2.4800401414e-05
1410 4.7024619961e-01 2.4288469206e-05
1411 4.6949691630e-01 2.3850906969e-05
1412 4.6892870871e-01 2.4149778699e-05
1413 4.6841803243e-01 2.3867794162e-05
1414 4.6804320339e-01 2.3464871277e-05
1415 4.6768332061e-01 2.3753574939e-05
1416 4.6724727243e-01 2.3235486874e-05
1417 4.6696548772e-01 2.2793205500e-05
1418 4.6677466682e-01 2.2710798742e-05
1419 4.6648594906e-01 2.3298766105e-05
1420 4.6623013188e-01 2.3885902089e-05
1421 4.6600844767e-01 2.4953932284e-05
1422 4.6559332974e-01 2.7846085464e-05
1423 4.6526264755e-01 2.8355391811e-05
1424 4.6507624678e-01 2.5533631455e-05
1425 4.6476089447e-01 2.4268585360e-05
1426 4.6435632754e-01 2.3244606205e-05
1427 4.6406448571e-01 2.3543512067e-05
1428 4.6367803998e-01 2.3177674047e-05
1429 4.6325523674e-01 2.3058990139e-05
1430 4.6283228072e-01 2.2975136319e-05
1431 4.6226652471e-01 2.3097822294e-05
1432 4.6171248953e-01 2.2461847812e-05
1433 4.6115978219e-01 2.3234675747e-05
1434 4.6055999888e-01 2.3797986124e-05
1435 4.6002103842e-01 2.2880681841e-05
1436 4.5952056397e-01 2.2318043223e-05
1437 4.5900780293e-01 2.2732776198e-05
1438 4.5848360528e-01 2.3001770957e-05
1439 4.5799015182e-01 2.4228661062e-05
1440 4.5753224615e-01 2.4666511971e-05
1441 4.5708542370e-01 2.4482961062e-05
1442 4.5669171759e-01 2.5335046806e-05
1443 4.5640881302e-01 2.6716972471e-05
1444 4.5616722858e-01 2.4604553802e-05
1445 4.5597085258e-01 2.3320627003e-05
1446 4.5583875496e-01 2.3005915948e-05
1447 4.5573357434e-01 2.2520240860e-05
1448 4.5562720037e-01 2.2703994409e-05
1449 4.5556177635e-01 2.1551679155e-05
1450 4.5547312714e-01 2.2407965902e-05
1451 4.5529313012e-01 2.2707591907e-05
1452 4.5505869708e-01 2.2399102456e-05
1453 4.5478615233e-01 2.2315682177e-05
1454 4.5443003195e-01 2.2626132789e-05
1455 4.5413598581e-01 2.2234113203e-05
1456 4.5385761509e-01 2.1713975831e-05
1457 4.5347383324e-01 2.2031069720e-05
1458 4.5301203348e-01 2.1982415891e-05
1459 4.5251683069e-01 2.2346246596e-05
1460 4.5192498132e-01 2.2782910450e-05
1461 4.5114157298e-01 2.2092960013e-05
1462 4.5033025028e-01 2.2467385648e-05
1463 4.4952082580e-01 2.1489048061e-05
1464 4.4865608051e-01 2.2167055297e-05
1465 4.4776398796e-01 2.1783140572e-05
1466 4.4685631855e-01 2.1825298784e-05
1467 4.4599616136e-01 2.2336612516e-05
1468 4.4520888881e-01 2.1896577571e-05
1469 4.4444410837e-01 2.2482989915e-05
1470 4.4370494187e-01 2.1968794399e-05
1471 4.4309521879e-01 2.1079321424e-05
1472 4.4261454401e-01 2.1863883281e-05
1473 4.4219942204e-01 2.1620504236e-05
1474 4.4186772075e-01 2.1488064952e-05
1475 4.4165906529e-01 2.1186182643e-05
1476 4.4157651570e-01 2.1059519827e-05
1477 4.4152622872e-01 2.1427402626e-05
1478 4.4148980228e-01 2.0548005648e-05
1479 4.4154432060e-01 2.1639698062e-05
1480 4.4153801482e-01 2.0986838279e-05
1481 4.4140843713e-01 2.0662116077e-05
1482 4.4123547079e-01 2.0926012586e-05
1483 4.4103379677e-01 2.0918563093e-05
1484 4.4067088064e-01 2.2077401451e-05
1485 4.4015290545e-01 2.1353896657e-05
1486 4.3964475662e-01 2.3866884791e-05
1487 4.3911439095e-01 2.3786689648e-05
1488 4.3853266125e-01 2.2473550054e-05
1489 4.3786692914e-01 2.1863256690e-05
1490 4.3720756410e-01 2.0739101414e-05
1491 4.3649153653e-01 2.1737423049e-05
1492 4.3581137909e-01 2.1150460199e-05
1493 4.3530899478e-01 2.1016315036e-05
1494 4.3488402078e-01 2.1841721234e-05
1495 4.3445575214e-01 2.1056839392e-05
1496 4.3414324561e-01 2.0943575280e-05
1497 4.3395224505e-01 2.0281359136e-05
1498 4.3386665733e-01 2.0516590293e-05
1499 4.3387240930e-01 2.0843572701e-05
1500 4.3398898462e-01 2.1010571842e-05
1501 4.3413384956e-01 2.0326379343e-05
1502 4.3425866024e-01 2.0617450991e-05
1503 4.3437012540e-01 2.1179281129e-05
1504 4.3446928922e-01 2.0514376314e-05
1505 4.3451070003e-01 2.0629171502e-05
1506 4.3449159397e-01 2.0757715221e-05
1507 4.3440504226e-01 2.0630132221e-05
1508 4.3424930331e-01 2.0623122019e-05
1509 4.3406699085e-01 2.1131224878e-05
1510 4.3380688352e-01 2.1920620387e-05
1511 4.3342946776e-01 2.4567984920e-05
1512 4.3301391334e-01 2.4358605422e-05
1513 4.3250291255e-01 2.2178624266e-05
1514 4.3189459274e-01 2.1134739861e-05
1515 4.3118417056e-01 2.0967583421e-05
1516 4.3048687822e-01 2.1089663353e-05
1517 4.2982706998e-01 2.0727813296e-05
1518 4.2919475085e-01 2.0962125425e-05
1519 4.2851944015e-01 2.0569423390e-05
1520 4.2788475513e-01 2.0220758442e-05
1521 4.2732494179e-01 2.0820300264e-05
1522 4.2683429390e-01 2.1097436879e-05
1523 4.2637813201e-01 2.2341535612e-05
1524 4.2592209579e-01 2.1761442653e-05
1525 4.2554388648e-01 2.1805370406e-05
1526 4.2531447475e-01 2.2745293189e-05
1527 4.2520485957e-01 2.0785958772e-05
1528 4.2513898785e-01 2.0552770461e-05
1529 4.2505168471e-01 2.0086467792e-05
1530 4.2501231254e-01 2.0413249007e-05
1531 4.2493690186e-01 2.0104090306e-05
1532 4.2475847992e-01 1.9420882110e-05
1533 4.2459422323e-01 1.9522118548e-05
1534 4.2443447223e-01 1.9797633491e-05
1535 4.2413432494e-01 1.9743985838e-05
1536 4.2373069814e-01 2.0347568981e-05
1537 4.2338230567e-01 1.9120116443e-05
1538 4.2296850594e-01 1.9083792482e-05
1539 4.2240169541e-01 1.8921846483e-05
1540 4.2179809961e-01 1.9107309761e-05
1541 4.2124800860e-01 1.9722578934e-05
1542 4.2070306084e-01 1.8975309641e-05
1543 4.2017069198e-01 1.8554871089e-05
1544 4.1963541415e-01 1.9019828046e-05
1545 4.1916577555e-01 1.9378988436e-05
1546 4.1875476870e-01 1.9222174082e-05
1547 4.1837601302e-01 1.9151267847e-05
1548 4.1798189632e-01 1.9159269939e-05
1549 4.1765147259e-01 1.8867185291e-05
1550 4.1733907524e-01 1.9216622449e-05
1551 4.1704721421e-01 2.0442224961e-05
1552 4.1684163260e-01 2.2359513379e-05
1553 4.1669642646e-01 2.1650693364e-05
1554 4.1659130766e-01 1.9732966800e-05
1555 4.1656460453e-01 1.9438460033e-05
1556 4.1649050662e-01 1.9787569745e-05
1557 4.1643023877e-01 2.2082962140e-05
1558 4.1645373845e-01 2.1234913468e-05
1559 4.1641788319e-01 2.0114365500e-05
1560 4.1623173078e-01 1.8222397485e-05
1561 4.1610823082e-01 1.7447739009e-05
1562 4.1593805412e-01 1.7955231752e-05
1563 4.1559766541e-01 1.7333563386e-05
1564 4.1523198878e-01 1.7738582757e-05
1565 4.1490776871e-01 1.7360106117e-05
1566 4.1450369181e-01 1.7976209859e-05
1567 4.1395613336e-01 1.7719336534e-05
1568 4.1335518279e-01 1.7949607810e-05
1569 4.1274925590e-01 1.7587341634e-05
1570 4.1206200122e-01 1.6918405554e-05
1571 4.1137239582e-01 1.7031412786e-05
1572 4.1079918007e-01 1.6729764985e-05
1573 4.1036983754e-01 1.6172122850e-05
1574 4.1004541568e-01 1.6048169819e-05
1575 4.0978709481e-01 1.6432487614e-05
1576 4.0960579963e-01 1.6395942488e-05
1577 4.0944456194e-01 1.7026642237e-05
1578 4.0931108595e-01 1.7237978995e-05
1579 4.0918396000e-01 1.8079302864e-05
1580 4.0903939462e-01 1.8207682949e-05
1581 4.0891209557e-01 1.6081314238e-05
1582 4.0877477175e-01 1.5758471563e-05
1583 4.0852013796e-01 1.6578397495e-05
1584 4.0825072899e-01 1.6565630826e-05
1585 4.0795691281e-01 1.5596688450e-05
1586 4.0766928007e-01 1.5189001096e-05
1587 4.0735842203e-01 1.5509103972e-05
1588 4.0705438311e-01 1.6218529868e-05
1589 4.0679143776e-01 1.5751309442e-05
1590 4.0650476482e-01 1.6063578195e-05
1591 4.0619935772e-01 1.5682108749e-05
1592 4.0589741520e-01 1.5556893715e-05
1593 4.0564523639e-01 1.5630198593e-05
1594 4.0539127984e-01 1.5145033667e-05
1595 4.0510583230e-01 1.4985357552e-05
1596 4.0488685755e-01 1.5004944719e-05
1597 4.0466465383e-01 1.4885280671e-05
1598 4.0431813430e-01 1.4936042223e-05
1599 4.0403185698e-01 1.4220321289e-05
1600 4.0381546858e-01 1.4956032732e-05
1601 4.0356957222e-01 1.4423112191e-05
1602 4.0331741789e-01 1.4426294776e-05
1603 4.0307888321e-01 1.4284320717e-05
1604 4.0288416530e-01 1.4086797687e-05
1605 4.0269595945e-01 1.4441410232e-05
1606 4.0245694351e-01 1.4207519921e-05
1607 4.0221985761e-01 1.4563112099e-05
1608 4.0200719393e-01 1.4186606288e-05
1609 4.0180727986e-01 1.4065855880e-05
1610 4.0166621487e-01 1.4194128863e-05
1611 4.0151813876e-01 1.3507318957e-05
1612 4.0139561590e-01 1.4062764774e-05
1613 4.0131203387e-01 1.4149708837e-05
1614 4.0116744894e-01 1.3658530603e-05
1615 4.0094914471e-01 1.4055407112e-05
1616 4.0070448050e-01 1.3629827867e-05
1617 4.0042253032e-01 1.3533469706e-05
1618 4.0005781940e-01 1.3251371569e-05
1619 3.9967354734e-01 1.3750947850e-05
1620 3.9935005673e-01 1.3725057509e-05
1621 3.9895804860e-01 1.3175065156e-05
1622 3.9860519232e-01 1.3384694680e-05
1623 3.9822616039e-01 1.3478779850e-05
1624 3.9787566370e-01 1.3426774249e-05
1625 3.9755141902e-01 1.3262325775e-05
1626 3.9718592729e-01 1.3996022415e-05
1627 3.9683368727e-01 1.3711678119e-05
1628 3.9649287648e-01 1.3807982506e-05
1629 3.9615302733e-01 1.3714427507e-05
1630 3.9584639168e-01 1.3514223947e-05
1631 3.9561643869e-01 1.4079090985e-05
1632 3.9541614297e-01 1.4155295890e-05
1633 3.9525661915e-01 1.3938118115e-05
1634 3.9517312816e-01 1.3449692808e-05
1635 3.9508874785e-01 1.3218474908e-05
1636 3.9502583084e-01 1.2534392406e-05
1637 3.9498793870e-01 1.3010101707e-05
1638 3.9488802757e-01 1.3547660737e-05
1639 3.9476013457e-01 1.3727106557e-05
1640 3.9464526113e-01 1.3162028875e-05
1641 3.9451929209e-01 1.3028000752e-05
1642 3.9431572605e-01 1.2668403623e-05
1643 3.9404945628e-01 1.2703517174e-05
1644 3.9376581047e-01 1.2274486590e-05
1645 3.9348471156e-01 1.3004022117e-05
1646 3.9314713900e-01 1.3417960964e-05
1647 3.9275603940e-01 1.3979463149e-05
1648 3.9236837573e-01 1.3396228218e-05
1649 3.9196586793e-01 1.2396772369e-05
1650 3.9159027249e-01 1.2495808150e-05
1651 3.9118708453e-01 1.3563251092e-05
1652 3.9080149682e-01 1.4600166918e-05
1653 3.9042065644e-01 1.3274011007e-05
1654 3.9004893894e-01 1.3064360311e-05
1655 3.8971689244e-01 1.2421330666e-05
1656 3.8940301949e-01 1.2843718287e-05
1657 3.8908037071e-01 1.3268944209e-05
1658 3.8878047164e-01 1.4952210280e-05
1659 3.8854150020e-01 1.6271512715e-05
1660 3.8829163595e-01 1.3933002768e-05
1661 3.8803178224e-01 1.3158555391e-05
1662 3.8781164473e-01 1.2605550701e-05
1663 3.8763293934e-01 1.2937435518e-05
1664 3.8742461805e-01 1.2832488286e-05
1665 3.8722288583e-01 1.2592993733e-05
1666 3.8702689736e-01 1.2863109186e-05
1667 3.8677680060e-01 1.2686074656e-05
1668 3.8648508794e-01 1.2508860869e-05
1669 3.8623466915e-01 1.2279945713e-05
1670 3.8595671056e-01 1.2185447576e-05
1671 3.8563838071e-01 1.2382648154e-05
1672 3.8534677196e-01 1.2237830393e-05
1673 3.8507499577e-01 1.1917076200e-05
1674 3.8478248145e-01 1.2427573725e-05
1675 3.8443210758e-01 1.2595304952e-05
1676 3.8404488871e-01 1.3106746342e-05
1677 3.8368653027e-01 1.3589015616e-05
1678 3.8332737386e-01 1.3527448782e-05
1679 3.8291663914e-01 1.2670330905e-05
1680 3.8253158885e-01 1.1833375773e-05
1681 3.8217005436e-01 1.2155405610e-05
1682 3.8181756484e-01 1.2432234586e-05
1683 3.8154125876e-01 1.2700342937e-05
1684 3.8127154379e-01 1.2001653445e-05
1685 3.8098316471e-01 1.1805998780e-05
1686 3.8073163927e-01 1.2189794291e-05
1687 3.8049643093e-01 1.2734086533e-05
1688 3.8026302177e-01 1.2486258174e-05
1689 3.7999661284e-01 1.2046887654e-05
1690 3.7977382903e-01 1.1843463222e-05
1691 3.7959145645e-01 1.1780357884e-05
1692 3.7939676080e-01 1.1732939576e-05
1693 3.7918564731e-01 1.1854406041e-05
1694 3.7901961927e-01 1.1511915795e-05
1695 3.7882453390e-01 1.1430902198e-05
1696 3.7858698791e-01 1.1423999112e-05
1697 3.7834563439e-01 1.1560763911e-05
1698 3.7810111280e-01 1.1891959838e-05
1699 3.7784038173e-01 1.2430359364e-05
1700 3.7757314112e-01 1.3786677201e-05
1701 3.7729494034e-01 1.4919447566e-05
1702 3.7698356100e-01 1.3190530207e-05
1703 3.7660517855e-01 1.2324856061e-05
1704 3.7622629631e-01 1.2059006239e-05
1705 3.7583527565e-01 1.2056508595e-05
1706 3.7542765529e-01 1.1805331908e-05
1707 3.7506223556e-01 1.1922210708e-05
1708 3.7466254251e-01 1.1821743447e-05
1709 3.7425438500e-01 1.1545330049e-05
1710 3.7390707477e-01 1.1251152166e-05
1711 3.7358282222e-01 1.1569504555e-05
1712 3.7320814059e-01 1.1412912221e-05
1713 3.7283299223e-01 1.2127803043e-05
1714 3.7254539892e-01 1.1802198484e-05
1715 3.7228784206e-01 1.1549109062e-05
1716 3.7201973022e-01 1.1897208403e-05
1717 3.7178691262e-01 1.1239086395e-05
1718 3.7157960397e-01 1.1385903055e-05
1719 3.7135723976e-01 1.2116269442e-05
1720 3.7109878366e-01 1.2291802580e-05
1721 3.7086622754e-01 1.1626920730e-05
1722 3.7063466929e-01 1.2799344382e-05
1723 3.7031665779e-01 1.2149640295e-05
1724 3.6995237319e-01 1.1791312317e-05
1725 3.6964172905e-01 1.1762555827e-05
1726 3.6930348387e-01 1.1226616600e-05
1727 3.6884038307e-01 1.1086310429e-05
1728 3.6841391480e-01 1.1222007244e-05
1729 3.6803220114e-01 1.1881574564e-05
1730 3.6758345622e-01 1.2138725216e-05
1731 3.6711244531e-01 1.2547190159e-05
1732 3.6665515190e-01 1.2194591104e-05
1733 3.6617888903e-01 1.1212533103e-05
1734 3.6572806717e-01 1.1281706797e-05
1735 3.6524433959e-01 1.1411720709e-05
1736 3.6477240345e-01 1.1397087158e-05
1737 3.6436838328e-01 1.0970050787e-05
1738 3.6398269476e-01 1.0741937940e-05
1739 3.6364172188e-01 1.0894793090e-05
1740 3.6333758672e-01 1.0822494364e-05
1741 3.6304180888e-01 1.1095892934e-05
1742 3.6273761628e-01 1.1398938860e-05
1743 3.6250621648e-01 1.0534204805e-05
1744 3.6231391379e-01 1.0849555076e-05
1745 3.6208237887e-01 1.1182699657e-05
1746 3.6186966704e-01 1.0954819200e-05
1747 3.6165128329e-01 1.0762366027e-05
1748 3.6142307740e-01 1.0911587835e-05
1749 3.6116846414e-01 1.0853018807e-05
1750 3.6088045429e-01 1.0864120993e-05
1751 3.6058179513e-01 1.0826100410e-05
1752 3.6032075782e-01 1.0616748091e-05
1753 3.6004590755e-01 1.0871471399e-05
1754 3.5970763875e-01 1.0824693149e-05
1755 3.5936842679e-01 1.0572650519e-05
1756 3.5900485264e-01 1.0944513360e-05
1757 3.5859088205e-01 1.1223198121e-05
1758 3.5819280970e-01 1.1675681480e-05
1759 3.5781766266e-01 1.1440618378e-05
1760 3.5745365208e-01 1.2059548270e-05
1761 3.5712807728e-01 1.2749917345e-05
1762 3.5682546637e-01 1.2346261857e-05
1763 3.5650912817e-01 1.1442915249e-05
1764 3.5622696550e-01 1.0909355960e-05
1765 3.5599748930e-01 1.0930210387e-05
1766 3.5576411456e-01 1.0394675898e-05
1767 3.5551762244e-01 1.1009993931e-05
1768 3.5532761506e-01 1.0684824772e-05
1769 3.5516710272e-01 1.0690411949e-05
1770 3.5496476108e-01 1.1186614286e-05
1771 3.5472448174e-01 1.0926364631e-05
1772 3.5454215418e-01 9.8516850979e-06
1773 3.5437462148e-01 1.1026976540e-05
1774 3.5413548173e-01 1.0928312233e-05
1775 3.5383444836e-01 1.0483865786e-05
1776 3.5358876743e-01 1.0355020400e-05
1777 3.5333048367e-01 1.0415349648e-05
1778 3.5296862428e-01 9.9172911393e-06
1779 3.5262849802e-01 1.0380676578e-05
1780 3.5232318650e-01 9.8892993859e-06
1781 3.5194803464e-01 1.0788978803e-05
1782 3.5154872478e-01 1.0851260577e-05
1783 3.5118541471e-01 1.0726928834e-05
1784 3.5083440343e-01 1.1353316037e-05
1785 3.5053444152e-01 1.2025256911e-05
1786 3.5020637775e-01 1.0374424636e-05
1787 3.4984188975e-01 9.8116392860e-06
1788 3.4949390103e-01 9.7396111626e-06
1789 3.4915328136e-01 9.8583501764e-06
1790 3.4882749743e-01 9.4755614461e-06
1791 3.4853242701e-01 9.5798064101e-06
1792 3.4828385937e-01 1.0335786526e-05
1793 3.4807856251e-01 9.4047629345e-06
1794 3.4785078923e-01 9.6991504411e-06
1795 3.4760199541e-01 9.8220303136e-06
1796 3.4736965810e-01 9.5825804883e-06
1797 3.4714491648e-01 9.9854969825e-06
1798 3.4689238534e-01 1.0023266173e-05
1799 3.4658931828e-01 1.0090092549e-05
1800 3.4628597707e-01 1.0018769069e-05
1801 3.4602142664e-01 9.9348091768e-06
1802 3.4571812706e-01 9.4742381169e-06
1803 3.4542350766e-01 9.2014166898e-06
1804 3.4516330508e-01 8.6341769051e-06
1805 3.4489891848e-01 8.7576651121e-06
1806 3.4464495970e-01 8.9261272996e-06
1807 3.4441701050e-01 9.1065240418e-06
1808 3.4420471066e-01 8.7326627512e-06
1809 3.4393508165e-01 9.8437534559e-06
1810 3.4363989585e-01 1.0691392503e-05
1811 3.4337486619e-01 1.0957140511e-05
1812 3.4313704246e-01 1.0092665848e-05
1813 3.4288926965e-01 1.0785776296e-05
1814 3.4264145982e-01 1.0159155266e-05
1815 3.4237805197e-01 8.4743652558e-06
1816 3.4212372396e-01 9.0317709709e-06
1817 3.4189125689e-01 1.0180754097e-05
1818 3.4165917443e-01 9.2045802223e-06
1819 3.4143352018e-01 8.7951125496e-06
1820 3.4122648939e-01 7.8662191720e-06
1821 3.4105486499e-01 8.1160118877e-06
1822 3.4086597234e-01 8.3178805623e-06
1823 3.4065634842e-01 8.3795605210e-06
1824 3.4046675477e-01 7.9106142504e-06
1825 3.4027528118e-01 8.0264463022e-06
1826 3.4005375608e-01 8.0434821762e-06
1827 3.3982897217e-01 8.5317081479e-06
1828 3.3959970474e-01 8.3110576181e-06
1829 3.3935063489e-01 7.6306555269e-06
1830 3.3910093897e-01 8.5572689796e-06
1831 3.3886922794e-01 8.2231636637e-06
1832 3.3864488353e-01 7.6024533977e-06
1833 3.3843455283e-01 8.0595952153e-06
1834 3.3820161219e-01 7.9038005598e-06
1835 3.3796443589e-01 7.7576419501e-06
1836 3.3772844992e-01 7.9283467936e-06
1837 3.3748770646e-01 7.5165821011e-06
1838 3.3722585837e-01 7.8180742890e-06
1839 3.3699125133e-01 8.3131136148e-06
1840 3.3678729305e-01 8.5604769967e-06
1841 3.3658665276e-01 7.2059204489e-06
1842 3.3640915150e-01 7.5406664030e-06
1843 3.3622439643e-01 7.9042734338e-06
1844 3.3603228068e-01 7.3409657460e-06
1845 3.3582090264e-01 7.3577223940e-06
1846 3.3557543491e-01 7.8111977683e-06
1847 3.3533973153e-01 8.0977895126e-06
1848 3.3510337984e-01 7.8886869217e-06
1849 3.3486996500e-01 8.9631491741e-06
1850 3.3464079148e-01 9.3395517374e-06
1851 3.3438207969e-01 7.6519662457e-06
1852 3.3412040144e-01 7.0860257714e-06
1853 3.3386655849e-01 7.2374952296e-06
1854 3.3360385508e-01 7.2882576821e-06
1855 3.3333333632e-01 6.9722795413e-06
1856 3.3308209457e-01 7.1800802665e-06
1857 3.3285470813e-01 7.9139645961e-06
1858 3.3264106548e-01 8.0543548799e-06
1859 3.3242936270e-01 7.4413011483e-06
1860 3.3220572865e-01 6.8557209480e-06
1861 3.3197755364e-01 6.6566868586e-06
1862 3.3175917644e-01 6.4029164729e-06
1863 3.3154242888e-01 6.4195252898e-06
1864 3.3134863967e-01 6.3064747959e-06
1865 3.3117058251e-01 6.1824485397e-06
1866 3.3097562504e-01 6.3584019907e-06
1867 3.3076749937e-01 6.2693315059e-06
1868 3.3058024565e-01 6.0041353138e-06
1869 3.3039597061e-01 6.2409256814e-06
1870 3.3020372039e-01 5.9933894433e-06
1871 3.3001771634e-01 5.9291198409e-06
1872 3.2980332320e-01 6.0368845512e-06
1873 3.2958490529e-01 6.2556912209e-06
1874 3.2937570333e-01 6.1482070059e-06
1875 3.2917522166e-01 5.9319474378e-06
1876 3.2895729522e-01 5.8348110255e-06
1877 3.2874477929e-01 6.0047723820e-06
1878 3.2852196585e-01 5.9277672572e-06
1879 3.2828898032e-01 5.9239172737e-06
1880 3.2805729096e-01 6.2345755334e-06
1881 3.2783073044e-01 5.9695622079e-06
1882 3.2760503032e-01 5.8357483144e-06
1883 3.2739628047e-01 5.9415452970e-06
1884 3.2719922760e-01 5.8978455133e-06
1885 3.2698375332e-01 5.8238114864e-06
1886 3.2679407810e-01 5.6762956093e-06
1887 3.2661652741e-01 5.7456330113e-06
1888 3.2644458071e-01 5.6771442591e-06
1889 3.2627371394e-01 5.8186110663e-06
1890 3.2608640103e-01 5.8362516952e-06
1891 3.2589962748e-01 6.0374006170e-06
1892 3.2573196034e-01 6.7615803226e-06
1893 3.2554896717e-01 6.0768307180e-06
1894 3.2532105332e-01 5.9758207187e-06
1895 3.2509876935e-01 5.8892634752e-06
1896 3.2488818315e-01 5.6043677967e-06
1897 3.2465433756e-01 5.5456715987e-06
1898 3.2442129197e-01 5.3426044059e-06
1899 3.2418935152e-01 5.6227832153e-06
1900 3.2394166290e-01 5.4466132879e-06
1901 3.2370817381e-01 5.3017772868e-06
1902 3.2348411022e-01 5.3569418960e-06
1903 3.2324575935e-01 5.3530411320e-06
1904 3.2298007992e-01 5.4889395923e-06
1905 3.2266653130e-01 5.4995602954e-06
1906 3.2235836351e-01 5.5751683130e-06
1907 3.2208843736e-01 5.5232097735e-06
1908 3.2180714927e-01 5.5854466875e-06
1909 3.2152954334e-01 5.4818568054e-06
1910 3.2125644766e-01 5.5085303797e-06
1911 3.2099357369e-01 5.6233845920e-06
1912 3.2073357051e-01 5.9119888100e-06
1913 3.2048458318e-01 6.0437034189e-06
1914 3.2025234382e-01 5.9055782698e-06
1915 3.2000708891e-01 5.7040757046e-06
1916 3.1974859119e-01 5.2629427099e-06
1917 3.1949020342e-01 5.2796255826e-06
1918 3.1922857260e-01 5.3500320929e-06
1919 3.1900001722e-01 5.7328310442e-06
1920 3.1879211780e-01 5.6682153487e-06
1921 3.1855719973e-01 5.2684777248e-06
1922 3.1831846866e-01 5.2684769735e-06
1923 3.1807165860e-01 5.2364648283e-06
1924 3.1783448868e-01 5.5695978405e-06
1925 3.1762034608e-01 5.8459428186e-06
1926 3.1738538285e-01 5.7159657018e-06
1927 3.1714124346e-01 5.5335239765e-06
1928 3.1691375739e-01 5.1428652191e-06
1929 3.1665958099e-01 5.1955520468e-06
1930 3.1642636968e-01 5.1995975877e-06
1931 3.1619966400e-01 5.3111524724e-06
1932 3.1593504760e-01 5.2739565236e-06
1933 3.1564160132e-01 5.2889658272e-06
1934 3.1533422876e-01 5.1778636881e-06
1935 3.1503169272e-01 5.0362973077e-06
1936 3.1472647697e-01 5.1743110652e-06
1937 3.1442648284e-01 5.0109409479e-06
1938 3.1415143000e-01 4.9222698151e-06
1939 3.1390341239e-01 4.9477348855e-06
1940 3.1365968990e-01 4.8984711750e-06
1941 3.1340832339e-01 5.0516921523e-06
1942 3.1316007217e-01 4.8900160402e-06
1943 3.1293708286e-01 4.8962665510e-06
1944 3.1273089055e-01 4.9021287191e-06
1945 3.1254802406e-01 4.8891537270e-06
1946 3.1239115178e-01 4.7988652839e-06
1947 3.1225959080e-01 4.6339482650e-06
1948 3.1210815972e-01 4.7743423091e-06
1949 3.1193332279e-01 4.8222131586e-06
1950 3.1177687191e-01 5.2392600512e-06
1951 3.1161614730e-01 5.4689856017e-06
1952 3.1144079113e-01 5.6108361189e-06
1953 3.1125893360e-01 5.0952558335e-06
1954 3.1106666306e-01 4.9134425284e-06
1955 3.1086906833e-01 4.8869006019e-06
1956 3.1065343212e-01 4.7192062675e-06
1957 3.1041911304e-01 4.6409954559e-06
1958 3.1018285064e-01 4.6083737010e-06
1959 3.0994005453e-01 4.6449098985e-06
1960 3.0967056749e-01 4.6532754657e-06
1961 3.0939743372e-01 4.5945013665e-06
1962 3.0911802068e-01 4.7502541739e-06
1963 3.0883520259e-01 4.6783800586e-06
1964 3.0857810843e-01 4.5004430372e-06
1965 3.0835859883e-01 4.4445216986e-06
1966 3.0811579590e-01 4.6002609623e-06
1967 3.0787947298e-01 4.4674553039e-06
1968 3.0767328761e-01 4.4429488275e-06
1969 3.0746203288e-01 4.4229579920e-06
1970 3.0727439359e-01 4.3688441837e-06
1971 3.0707442993e-01 4.5176670742e-06
1972 3.0686597811e-01 4.5206245307e-06
1973 3.0666352848e-01 4.4431492381e-06
1974 3.0647040634e-01 4.5310121696e-06
1975 3.0628221266e-01 4.2580099659e-06
1976 3.0611005813e-01 4.2979811669e-06
1977 3.0594874215e-01 4.2514152305e-06
1978 3.0577694995e-01 4.2030317397e-06
1979 3.0560385031e-01 4.3090367623e-06
1980 3.0542381530e-01 4.2608108889e-06
1981 3.0522799395e-01 4.4227456987e-06
1982 3.0502544699e-01 4.3499039047e-06
1983 3.0481798403e-01 4.2315596142e-06
1984 3.0460486079e-01 4.3902615410e-06
1985 3.0438387689e-01 4.2650925332e-06
1986 3.0416991899e-01 4.1610716035e-06
1987 3.0396231491e-01 4.1224895914e-06
1988 3.0375615579e-01 4.0695860416e-06
1989 3.0355130793e-01 4.1488540867e-06
1990 3.0332943812e-01 4.1163283839e-06
1991 3.0311246608e-01 4.1294531171e-06
1992 3.0289043243e-01 4.0420343254e-06
1993 3.0266118466e-01 4.2021423924e-06
1994 3.0244824150e-01 4.0629107345e-06
1995 3.0223122149e-01 4.1738326743e-06
1996 3.0200721127e-01 4.3858086971e-06
1997 3.0179948647e-01 4.5650715586e-06
1998 3.0163101018e-01 5.2826475766e-06
1999 3.0147298676e-01 4.7833607451e-06
