iter rel_error rel_residual
0 5.9081009315e+01 1.6098230313e-01
1 5.3664843628e+00 6.5001565260e-02
2 1.1058025901e+01 5.2980612618e-02
3 6.7848822795e+00 3.4543620795e-02
4 1.7325051066e+01 1.6610289381e-02
5 1.8166799446e+01 7.7127123582e-03
6 6.4784104118e+00 4.4641391612e-03
7 1.4915175515e+01 3.8669942078e-03
8 1.6611389751e+01 2.4374677481e-03
9 9.8866533162e+00 1.9542071704e-03
10 1.2893349098e+01 1.1286959822e-03
11 1.5897369393e+01 1.3186696510e-03
12 9.5013059024e+00 1.9391764558e-03
13 5.7999318198e+00 1.6717990125e-03
14 7.2138942255e+00 9.1748993704e-04
15 5.1513760586e+00 7.9295449905e-04
16 5.1440185475e+00 2.5426818961e-04
17 5.9767001203e+00 2.7935469889e-04
18 6.2172954408e+00 5.4485480589e-04
19 5.9945954313e+00 5.3388244513e-04
20 5.8620689022e+00 2.1290842512e-04
21 5.2019912063e+00 1.7105775333e-04
22 3.9612869565e+00 1.9080070101e-04
23 3.2198337358e+00 1.4419438641e-04
24 2.2583092125e+00 2.9048318441e-04
25 1.5643625243e+00 1.3147019808e-04
26 1.5062954127e+00 1.2570267873e-04
27 1.2155567620e+00 2.5268650245e-04
28 2.0793932080e+00 1.4599767297e-04
29 2.3125191795e+00 6.8455256388e-05
30 1.8004563354e+00 2.1560589379e-04
31 1.9234981738e+00 2.1261806080e-04
32 2.1871790605e+00 1.6346076883e-04
33 1.8446820242e+00 1.8323684591e-04
34 1.5667862348e+00 6.7263770981e-05
35 1.9475110301e+00 6.3902564893e-05
36 1.4871292638e+00 1.8750052436e-04
37 1.2689974926e+00 1.1410573521e-04
38 1.3451944223e+00 9.4656844492e-05
39 1.3085639750e+00 3.8689077632e-05
40 1.5713843957e+00 4.9318184938e-05
41 1.8086527845e+00 1.1840560314e-04
42 1.9197439314e+00 9.2281696027e-05
43 2.1632460215e+00 2.9708482035e-05
44 2.2220079876e+00 8.5259487381e-05
45 2.1573489277e+00 9.3200618273e-05
46 2.0822156589e+00 6.0348598247e-05
47 1.8446960097e+00 5.4220277873e-05
48 1.5060291052e+00 5.3987319109e-05
49 1.2779332476e+00 1.0376266131e-04
50 8.6264397984e-01 1.5238617924e-04
51 8.7155544778e-01 5.4723740450e-05
52 9.8897495999e-01 3.4361592244e-05
53 1.2202649915e+00 3.5999698789e-05
54 1.6474761876e+00 6.8609873849e-05
55 1.6614908479e+00 1.1533944258e-04
56 1.5479301494e+00 8.2451933147e-05
57 1.6867590265e+00 7.6117040489e-05
58 1.5794191940e+00 1.4891791838e-04
59 1.2902459055e+00 1.0663996209e-04
60 1.1040445568e+00 4.3933427733e-05
61 8.3338417960e-01 2.3132237558e-05
62 7.8362319202e-01 2.9593410419e-05
63 6.6684665940e-01 8.0250734884e-05
64 8.7405456537e-01 7.3504903768e-05
65 1.0774296791e+00 1.5687423789e-05
66 1.0233805633e+00 1.8278103561e-05
67 1.0413430787e+00 4.2062224541e-05
68 1.1773064570e+00 1.4676353423e-05
69 1.0342183602e+00 9.9938162700e-06
70 1.0164104440e+00 2.8326567876e-05
71 1.0092023591e+00 1.8600614270e-05
72 9.3857871929e-01 1.1013919374e-05
73 8.5416585271e-01 1.7697720550e-05
74 8.6372094610e-01 8.8157811008e-06
75 8.1599751493e-01 3.1099050835e-05
76 7.8411870203e-01 7.1274696183e-06
77 7.5049789316e-01 2.5774982898e-05
78 7.3671157497e-01 8.0199048337e-06
79 7.6646136372e-01 1.7102210217e-05
80 7.2391122842e-01 3.9242586933e-05
81 7.5790783668e-01 9.5975750664e-06
82 7.6206902547e-01 1.6323064837e-05
83 6.9270689308e-01 7.1010068246e-06
84 7.6485115786e-01 1.1892667976e-05
85 7.4562690182e-01 2.0343684998e-05
86 7.0244476431e-01 7.3653165018e-06
87 7.6627409463e-01 1.4819493603e-05
88 7.3193326173e-01 2.2781003497e-05
89 6.4446543951e-01 1.0383616407e-05
90 6.7598246413e-01 6.2679505147e-06
91 6.0616515933e-01 1.7883167581e-05
92 5.8941043158e-01 7.7524054620e-06
93 6.1611943618e-01 8.1681165720e-06
94 5.9435155285e-01 1.2015966186e-05
95 6.0549611892e-01 4.4892361216e-06
96 6.0492926883e-01 1.5045565974e-05
97 6.0498135005e-01 1.2288551589e-05
98 6.3317033010e-01 5.0223377771e-06
99 6.2450731981e-01 1.5711625832e-05
100 6.2130895607e-01 1.1195087114e-05
101 6.5502306405e-01 1.0826502183e-05
102 6.0239634170e-01 5.9320228563e-06
103 6.1658091936e-01 7.1341162175e-06
104 5.9606843158e-01 2.1977502835e-05
105 5.9675290773e-01 8.1303575341e-06
106 5.7354906077e-01 7.5639667986e-06
107 5.8078148898e-01 1.4785743150e-05
108 5.9872488603e-01 8.6441148842e-06
109 5.9439640905e-01 9.6290024846e-06
110 6.1358701338e-01 4.7747935117e-06
111 6.2190003396e-01 1.3346440225e-05
112 6.2772892635e-01 9.1045630293e-06
113 6.4341304847e-01 4.5107313662e-06
114 6.3312782771e-01 8.1506386807e-06
115 7.0376840204e-01 5.3089990142e-06
116 6.7002036272e-01 6.8875203254e-06
117 6.9198689420e-01 5.2157850423e-06
118 6.7924934059e-01 4.5379577052e-06
119 7.1615526107e-01 5.0857402085e-06
120 8.4978642146e-01 8.6920876746e-06
121 7.5595730104e-01 9.2932483618e-06
122 8.8448271055e-01 5.9161235087e-06
123 8.7387691363e-01 5.5808253204e-06
124 9.2293935173e-01 9.3838594319e-06
125 9.4514595713e-01 4.4148556662e-06
126 9.3172407923e-01 1.1451299084e-05
127 9.4945287422e-01 8.5652317379e-06
128 9.6217215882e-01 4.0654939380e-06
129 8.8353792439e-01 7.2248370559e-06
130 8.6533006017e-01 9.2295962775e-06
131 8.3089591005e-01 3.6416074471e-06
132 7.5615809569e-01 7.2939762645e-06
133 7.3104827029e-01 4.7922917665e-06
134 7.0409319884e-01 2.4722270516e-06
135 6.7979574866e-01 2.6602502965e-06
136 6.4525606689e-01 2.5652395619e-06
137 6.4892231504e-01 2.7491897383e-06
138 6.5503556196e-01 3.6437361894e-06
139 6.0901133806e-01 9.0730386753e-06
140 6.9655415805e-01 5.4507465142e-06
141 6.1811842217e-01 4.0667894946e-06
142 7.3187517356e-01 3.8979200831e-06
143 6.6882289790e-01 8.9690584503e-06
144 7.2773529661e-01 3.8950773407e-06
145 6.4447766776e-01 3.4833381962e-06
146 6.7848146220e-01 3.3732492116e-06
147 7.5742391234e-01 3.3275613963e-06
148 6.1338129161e-01 2.7177319906e-06
149 6.9488883177e-01 2.9272886319e-06
150 6.4644796249e-01 3.3444936324e-06
151 5.8369714431e-01 3.1892666552e-06
152 6.0447137867e-01 5.8995426269e-06
153 5.8667298153e-01 2.7215742464e-06
154 5.7994026180e-01 8.4698932470e-06
155 5.4508969516e-01 4.8180886908e-06
156 5.6170459822e-01 2.7624243103e-06
157 5.4362713875e-01 5.6537543759e-06
158 5.4823672515e-01 5.3342709433e-06
159 5.4196080683e-01 2.3191715568e-06
160 5.4265581409e-01 2.5600664712e-06
161 5.3866362901e-01 6.2855141457e-06
162 5.3392158310e-01 5.0485777310e-06
163 5.4271990642e-01 2.8464453105e-06
164 5.4796018454e-01 2.8463403912e-06
165 5.5179158565e-01 2.6688624076e-06
166 5.7319857724e-01 4.4840302642e-06
167 5.9714089798e-01 5.8965415117e-06
168 6.0352401858e-01 4.2260721860e-06
169 6.3728200597e-01 3.1314928479e-06
170 6.2071678822e-01 4.3881818633e-06
171 6.1395359151e-01 4.1279840223e-06
172 6.3434181573e-01 2.6541810265e-06
173 5.9992234188e-01 2.6102446340e-06
174 5.6312003647e-01 2.6726613530e-06
175 5.9564764431e-01 3.4427393093e-06
176 5.6659017997e-01 5.2623660208e-06
177 5.3018158264e-01 4.2899972685e-06
178 5.6331647685e-01 2.5098290759e-06
179 5.4762656844e-01 2.7391131748e-06
180 5.4052058396e-01 2.1547252362e-06
181 5.6802367449e-01 2.6624758899e-06
182 5.6434729696e-01 2.9411431415e-06
183 5.6602745507e-01 2.8351289609e-06
184 5.8671872261e-01 2.7431951016e-06
185 5.7090678758e-01 3.4893179752e-06
186 5.8025154081e-01 4.3451583095e-06
187 5.7601162696e-01 3.6126147594e-06
188 5.6351573035e-01 3.2120593178e-06
189 5.5695167069e-01 3.5030513881e-06
190 5.5480056429e-01 2.1570285845e-06
191 5.5274249708e-01 1.9925324597e-06
192 5.4449648343e-01 1.8746612075e-06
193 5.4487634927e-01 1.7914422317e-06
194 5.6151899352e-01 1.9466953433e-06
195 5.4771507556e-01 2.1725937661e-06
196 5.5043334999e-01 2.6825801813e-06
197 5.7567020929e-01 2.0499574543e-06
198 5.5547527026e-01 3.4978099449e-06
199 5.4984472801e-01 2.6772114023e-06
200 5.7781208636e-01 1.6990656816e-06
201 5.4914775982e-01 3.4799161939e-06
202 5.6227346334e-01 3.5114779988e-06
203 5.5740403800e-01 2.3374219430e-06
204 5.5140325589e-01 4.1645435469e-06
205 5.4854185390e-01 1.9193639577e-06
206 5.4122441181e-01 2.0129372435e-06
207 5.3809434041e-01 1.3962905859e-06
208 5.3608322607e-01 2.4793348495e-06
209 5.3309394766e-01 2.0039262430e-06
210 5.2837595752e-01 1.3835060408e-06
211 5.2365707727e-01 1.3833593018e-06
212 5.1972840304e-01 2.1471240643e-06
213 5.1795374638e-01 2.1434152391e-06
214 5.1685676539e-01 1.6661384764e-06
215 5.1484155843e-01 1.3460882158e-06
216 5.1491975834e-01 2.0918585450e-06
217 5.1437904275e-01 2.4663677799e-06
218 5.1499610100e-01 1.4108685335e-06
219 5.1694207951e-01 2.4916439587e-06
220 5.1900940190e-01 2.2962458547e-06
221 5.2183733736e-01 2.6398319453e-06
222 5.2780271376e-01 2.2209869026e-06
223 5.3075981489e-01 1.1267905119e-06
224 5.3333363421e-01 1.3022607081e-06
225 5.3941287110e-01 1.6973130788e-06
226 5.4444568983e-01 1.3566319160e-06
227 5.4559977256e-01 1.9401258814e-06
228 5.4893180593e-01 1.4570495562e-06
229 5.5039937008e-01 1.1475334962e-06
230 5.4989240907e-01 1.3373950518e-06
231 5.5130768182e-01 1.0479648239e-06
232 5.5384001291e-01 9.1627058017e-07
233 5.5464946813e-01 2.3200373988e-06
234 5.6114225304e-01 2.7280870718e-06
235 5.6915325078e-01 1.4229960141e-06
236 5.7002707124e-01 1.4217061163e-06
237 5.7020490478e-01 1.0057090889e-06
238 5.7806810218e-01 1.0140165377e-06
239 5.7678517471e-01 1.5073770106e-06
240 5.7432756617e-01 2.3609138827e-06
241 5.8015581473e-01 1.5794071224e-06
242 5.8212709935e-01 2.5212344598e-06
243 5.8069385776e-01 2.7474293289e-06
244 5.8063624120e-01 1.1458108239e-06
245 5.7290724130e-01 1.0762503108e-06
246 5.6796799319e-01 2.0203586231e-06
247 5.6205440477e-01 1.3966747848e-06
248 5.5519605326e-01 1.6048361144e-06
249 5.5302151375e-01 1.8537080762e-06
250 5.5149360267e-01 1.2989432599e-06
251 5.4770427104e-01 1.4608183160e-06
252 5.4687955964e-01 1.8412925083e-06
253 5.4818269364e-01 1.1975649441e-06
254 5.5053805327e-01 1.5183607877e-06
255 5.5347789906e-01 1.4977928916e-06
256 5.5622916563e-01 1.2406380850e-06
257 5.5466208842e-01 1.4470315181e-06
258 5.5036821186e-01 1.5021813427e-06
259 5.4866863567e-01 1.5325615216e-06
260 5.4579404880e-01 1.6732288135e-06
261 5.4317631958e-01 1.5638438540e-06
262 5.4626243658e-01 1.4588589542e-06
263 5.5325843046e-01 2.1345571402e-06
264 5.5552850725e-01 1.4812962741e-06
265 5.5715528402e-01 1.5332541661e-06
266 5.6310720007e-01 1.7374640282e-06
267 5.7005428482e-01 1.3062830884e-06
268 5.7343964830e-01 1.3552390952e-06
269 5.7468963005e-01 1.1484736878e-06
270 5.7480289513e-01 1.2702377205e-06
271 5.7501858857e-01 1.7288904181e-06
272 5.7363464420e-01 1.5357136587e-06
273 5.7285543474e-01 1.1974948505e-06
274 5.7728232331e-01 1.0894815422e-06
275 5.8447481682e-01 1.0834610892e-06
276 5.8790208414e-01 1.4714201201e-06
277 5.9324413508e-01 2.0276216498e-06
278 6.0105772052e-01 1.2348606796e-06
279 6.0884866420e-01 2.2930566623e-06
280 6.1814435326e-01 1.4654319298e-06
281 6.2753227357e-01 3.3269400189e-06
282 6.3545804223e-01 1.2033488238e-06
283 6.4283306513e-01 2.9903846955e-06
284 6.5364036373e-01 1.3975242939e-06
285 6.5581100223e-01 1.1510181877e-06
286 6.6714951244e-01 1.6904746994e-06
287 6.7639397021e-01 1.6387274239e-06
288 6.7918532146e-01 1.1440511250e-06
289 6.8110984658e-01 1.6586591776e-06
290 6.8355635860e-01 1.4934170955e-06
291 6.8006581098e-01 1.5039962402e-06
292 6.7699383568e-01 1.5028623116e-06
293 6.7830950051e-01 2.0175745606e-06
294 6.7834920623e-01 1.7476950608e-06
295 6.8116647243e-01 1.2141300147e-06
296 6.8539716883e-01 1.7094557956e-06
297 6.8633110601e-01 1.9123023455e-06
298 6.8432732376e-01 1.4879056514e-06
299 6.9191435983e-01 1.2132351835e-06
300 6.9929422092e-01 1.5275066832e-06
301 7.0077891278e-01 1.6251694756e-06
302 6.9663369953e-01 1.3287458641e-06
303 6.9581972890e-01 1.0417415376e-06
304 6.8820632927e-01 1.4493474165e-06
305 6.7842070367e-01 1.6209859376e-06
306 6.7103254623e-01 1.5748509558e-06
307 6.6290167635e-01 1.6914050657e-06
308 6.5428002517e-01 2.2218308628e-06
309 6.5007767817e-01 1.8637102143e-06
310 6.4258446891e-01 9.1730001735e-07
311 6.3999113479e-01 8.8608023105e-07
312 6.4415011352e-01 8.9442654048e-07
313 6.4924816052e-01 1.0044489858e-06
314 6.5650583532e-01 1.1489855409e-06
315 6.6843238072e-01 1.5684597260e-06
316 6.8058413326e-01 2.2614933205e-06
317 6.9110655963e-01 1.6000237801e-06
318 7.0006791488e-01 1.1269062501e-06
319 7.0979674592e-01 1.6172351526e-06
320 7.2154253060e-01 1.1544927982e-06
321 7.2727996642e-01 8.2596655598e-07
322 7.3178728364e-01 9.1843985596e-07
323 7.3870832680e-01 9.5916944340e-07
324 7.3831493472e-01 1.0991668554e-06
325 7.3623657337e-01 1.2579557872e-06
326 7.3706407135e-01 1.3811208766e-06
327 7.3170638723e-01 8.6571740841e-07
328 7.3225520825e-01 1.2286582327e-06
329 7.3505373851e-01 1.2438122807e-06
330 7.3018660533e-01 1.1968218361e-06
331 7.1969447094e-01 9.6548074534e-07
332 7.2656977509e-01 1.3202666592e-06
333 7.2079105908e-01 2.2071106008e-06
334 7.2230002245e-01 1.6141758625e-06
335 7.2654457094e-01 1.2804345289e-06
336 7.3339867989e-01 1.9371160728e-06
337 7.3794213829e-01 1.5483380585e-06
338 7.4008666828e-01 1.2191019807e-06
339 7.5316356235e-01 1.6064693528e-06
340 7.6296134288e-01 1.0312413294e-06
341 7.6247265522e-01 2.3240034992e-06
342 7.8779072851e-01 1.5846002705e-06
343 7.7996431790e-01 1.4997806112e-06
344 7.9505515588e-01 1.4426744516e-06
345 8.0799441815e-01 1.0699597856e-06
346 7.9549712019e-01 1.2340061236e-06
347 8.2203772476e-01 1.1116912158e-06
348 7.6517643193e-01 3.0108266219e-06
349 8.6458610889e-01 2.9233256706e-06
350 7.6241385657e-01 1.1613078409e-06
351 7.8839247959e-01 1.0514600565e-06
352 8.4741992052e-01 1.0635647117e-06
353 7.5112231682e-01 2.2733972493e-06
354 8.3672458797e-01 1.5268855743e-06
355 7.6987707744e-01 1.6321201973e-06
356 8.1083688248e-01 1.4770422119e-06
357 7.5400409041e-01 1.0197613081e-06
358 7.8993577754e-01 1.1407343040e-06
359 7.4639539315e-01 1.1121580442e-06
360 7.4575865301e-01 1.3681265545e-06
361 7.4263403351e-01 1.0449428922e-06
362 7.1959726038e-01 1.7231449046e-06
363 7.4291592059e-01 1.2212721322e-06
364 7.0138411516e-01 1.0545852006e-06
365 7.3318782296e-01 1.1686443597e-06
366 7.2600908837e-01 2.2314328956e-06
367 6.9517344879e-01 2.5739694424e-06
368 7.4874488960e-01 1.7094808102e-06
369 7.2239193313e-01 1.4779993577e-06
370 7.1493448113e-01 1.2540052808e-06
371 7.7674848183e-01 1.4589859327e-06
372 7.0425117011e-01 1.2311074431e-06
373 7.8742621319e-01 1.4101001685e-06
374 7.6138540487e-01 1.2929409013e-06
375 7.4543340210e-01 1.0362343418e-06
376 8.0731945643e-01 1.1793142016e-06
377 7.7307722560e-01 1.1792433698e-06
378 8.1071545049e-01 1.0229569549e-06
379 8.1925975403e-01 1.3008842794e-06
380 8.0222174295e-01 9.6610130623e-07
381 8.3117106727e-01 1.2953994130e-06
382 8.2953832489e-01 1.3696348652e-06
383 8.3008797758e-01 1.2130458467e-06
384 8.3952343026e-01 1.0148825711e-06
385 8.3025805887e-01 1.4044758313e-06
386 8.3780176798e-01 1.2945023690e-06
387 8.2555257982e-01 1.2289612836e-06
388 8.2268571011e-01 2.0474008876e-06
389 8.2258521351e-01 2.5550944158e-06
390 8.1069534027e-01 1.4555473780e-06
391 8.1592794508e-01 1.2401827903e-06
392 8.1384165149e-01 1.1149289482e-06
393 8.1720372787e-01 1.4221667209e-06
394 8.2772367972e-01 1.1637806893e-06
395 8.2149046419e-01 1.4453356701e-06
396 8.2027807813e-01 2.0035896245e-06
397 8.2147457806e-01 1.5085026505e-06
398 8.1667781050e-01 1.0926595183e-06
399 8.1156865687e-01 9.0670660194e-07
400 8.0742795232e-01 1.4116756636e-06
401 8.0287244098e-01 1.1376803516e-06
402 8.0120982695e-01 1.2159455550e-06
403 8.0040438324e-01 1.6088476249e-06
404 7.9784344254e-01 1.3663965131e-06
405 7.9308935841e-01 1.3705688259e-06
406 7.9614130036e-01 1.7935736937e-06
407 8.0164916786e-01 1.0839705043e-06
408 8.0413646484e-01 9.4044025032e-07
409 8.1319127352e-01 1.3727882889e-06
410 8.2563468236e-01 1.5619348167e-06
411 8.3123751015e-01 1.4199048030e-06
412 8.3938274171e-01 1.3142628448e-06
413 8.5167356198e-01 1.4204888982e-06
414 8.5929071105e-01 1.3427447964e-06
415 8.5727361668e-01 1.4056305018e-06
416 8.5456172500e-01 1.0106183110e-06
417 8.4795201521e-01 1.3369006863e-06
418 8.3912898271e-01 9.7606954173e-07
419 8.3096150364e-01 8.1631389292e-07
420 8.2178370294e-01 2.0890300668e-06
421 8.1177587183e-01 2.6127438119e-06
422 8.0935989007e-01 1.1956120119e-06
423 8.0653387555e-01 8.6153433322e-07
424 7.9995774206e-01 8.6543287319e-07
425 7.9661442374e-01 8.3232755337e-07
426 7.9754542526e-01 7.1847875443e-07
427 7.9747747251e-01 6.8113643763e-07
428 7.9835903438e-01 6.7780927616e-07
429 8.0234943851e-01 7.3542635234e-07
430 8.0742044024e-01 8.7905693192e-07
431 8.1180313855e-01 1.1697700966e-06
432 8.1693766585e-01 1.4855448424e-06
433 8.2233727696e-01 1.1286217400e-06
434 8.2815538474e-01 7.6173861059e-07
435 8.3267023307e-01 7.9000911963e-07
436 8.3607354893e-01 9.9075152220e-07
437 8.3730289318e-01 7.7427008501e-07
438 8.3876059285e-01 6.7592937775e-07
439 8.3964292429e-01 7.1001305750e-07
440 8.3873486285e-01 1.2589340946e-06
441 8.3876226168e-01 1.4171170997e-06
442 8.4177734715e-01 6.9049540583e-07
443 8.4386722894e-01 7.0626759929e-07
444 8.4395827592e-01 7.2776091046e-07
445 8.4515034353e-01 6.2460085754e-07
446 8.4926916598e-01 7.6492897123e-07
447 8.4920061352e-01 8.9007042388e-07
448 8.4994700605e-01 5.4491704214e-07
449 8.4942741748e-01 4.9331321637e-07
450 8.4624830951e-01 7.6039043370e-07
451 8.4312066750e-01 5.9484177070e-07
452 8.4091739490e-01 1.2002580770e-06
453 8.3620446565e-01 6.9414536444e-07
454 8.3395327686e-01 5.8416552242e-07
455 8.3207957868e-01 6.4926123365e-07
456 8.2900683091e-01 5.4132442279e-07
457 8.2798593480e-01 6.7558168710e-07
458 8.2584750550e-01 6.7161442470e-07
459 8.2437067245e-01 4.8746003472e-07
460 8.2551213479e-01 3.9860036298e-07
461 8.2529061753e-01 6.1773945644e-07
462 8.2531335037e-01 7.5098045185e-07
463 8.2800564546e-01 8.1106984424e-07
464 8.2895463890e-01 9.1117372399e-07
465 8.2789047459e-01 6.6117207882e-07
466 8.3004133249e-01 3.3223409670e-07
467 8.3172220194e-01 3.5993873991e-07
468 8.3120138927e-01 4.9238518281e-07
469 8.3215530881e-01 3.7031851970e-07
470 8.3338457587e-01 5.4378447718e-07
471 8.3176637302e-01 5.7174700541e-07
472 8.3065589022e-01 4.8224803773e-07
473 8.3086386799e-01 4.1632624409e-07
474 8.2980304720e-01 3.8632330274e-07
475 8.2996010268e-01 4.4666950995e-07
476 8.2905413718e-01 5.4727573712e-07
477 8.2599911225e-01 3.6313345665e-07
478 8.2244245382e-01 5.9858780210e-07
479 8.2023203797e-01 8.1299738435e-07
480 8.1761404089e-01 6.6711574418e-07
481 8.1359049462e-01 3.2692091174e-07
482 8.1152086130e-01 2.8661454819e-07
483 8.0944273880e-01 5.1926045671e-07
484 8.0564865991e-01 6.4662687543e-07
485 8.0359494206e-01 3.4179699532e-07
486 8.0357351092e-01 3.0581768878e-07
487 8.0391612661e-01 2.9207607835e-07
488 8.0518031676e-01 7.0356895846e-07
489 8.0851610397e-01 4.5522891084e-07
490 8.1103067773e-01 3.0897796571e-07
491 8.1261980233e-01 2.5927328567e-07
492 8.1656418542e-01 3.4777031331e-07
493 8.2019303003e-01 3.0959091795e-07
494 8.2303891731e-01 5.4070765989e-07
495 8.2722761266e-01 3.2452195520e-07
496 8.3272531084e-01 3.3792632756e-07
497 8.3627785877e-01 2.5488442303e-07
498 8.4036165088e-01 2.8353035248e-07
499 8.4479778192e-01 3.1374216793e-07
500 8.4836851443e-01 2.8640131037e-07
501 8.5104740413e-01 3.1107907572e-07
502 8.5323380798e-01 5.1748065405e-07
503 8.5487615579e-01 4.4309747142e-07
504 8.5515886521e-01 2.8128570581e-07
505 8.5376959129e-01 3.0995814233e-07
506 8.5204247343e-01 4.7610661519e-07
507 8.5005826125e-01 5.9862827244e-07
508 8.4695254690e-01 4.8961688436e-07
509 8.4106674421e-01 4.6073077692e-07
510 8.3500731309e-01 4.7360046688e-07
511 8.2861878140e-01 4.0375949918e-07
512 8.2117932516e-01 3.2154546681e-07
513 8.1474066623e-01 2.7756434887e-07
514 8.1046067816e-01 3.9250170016e-07
515 8.0654084053e-01 4.2410335895e-07
516 8.0321141522e-01 2.7726677071e-07
517 8.0108276483e-01 2.3665069209e-07
518 7.9943751203e-01 2.6105885397e-07
519 7.9857068938e-01 2.4688208800e-07
520 7.9900844117e-01 3.8822226704e-07
521 7.9939838861e-01 4.6120341946e-07
522 8.0013315851e-01 3.9482444474e-07
523 8.0196810167e-01 3.8274313096e-07
524 8.0355830326e-01 3.9403259951e-07
525 8.0560454330e-01 2.4713226728e-07
526 8.0811719204e-01 2.9252896141e-07
527 8.0965859571e-01 2.7157861270e-07
528 8.1016843498e-01 4.2051544655e-07
529 8.1089831794e-01 2.8968825414e-07
530 8.0920870398e-01 2.5179055238e-07
531 8.0695235494e-01 2.5916356971e-07
532 8.0621991544e-01 2.5047216818e-07
533 8.0447056192e-01 2.6211950069e-07
534 8.0201659198e-01 2.5813189669e-07
535 8.0180885625e-01 3.1347603515e-07
536 8.0071915394e-01 2.9336283754e-07
537 7.9750737014e-01 3.1701586925e-07
538 7.9563987842e-01 3.5113130129e-07
539 7.9373908656e-01 2.5959163713e-07
540 7.9332410285e-01 2.8601329244e-07
541 7.9471822296e-01 2.5859380235e-07
542 7.9368398798e-01 3.7393033131e-07
543 7.9244945687e-01 4.7832028205e-07
544 7.9426104265e-01 2.8493829838e-07
545 7.9376985638e-01 3.4901855383e-07
546 7.9121114000e-01 3.2187869160e-07
547 7.9145036079e-01 2.7278711690e-07
548 7.8961707778e-01 3.9859860620e-07
549 7.8694102463e-01 5.1433578655e-07
550 7.8621332800e-01 3.8303879419e-07
551 7.8609944759e-01 3.1104734409e-07
552 7.8501314871e-01 2.9479108260e-07
553 7.8546745554e-01 3.2648359769e-07
554 7.8732114457e-01 3.3656519665e-07
555 7.8923107687e-01 3.0882624228e-07
556 7.9119414710e-01 2.5098882371e-07
557 7.9349176754e-01 2.7343651558e-07
558 7.9456004338e-01 3.1636849813e-07
559 7.9709830004e-01 2.8784148616e-07
560 7.9947545011e-01 4.3059636499e-07
561 8.0130329674e-01 3.7288255994e-07
562 8.0258404401e-01 3.2679624003e-07
563 8.0196483961e-01 2.6938712134e-07
564 8.0087279002e-01 3.4983033618e-07
565 8.0124356911e-01 3.1903741426e-07
566 7.9863553199e-01 3.0663731533e-07
567 7.9709866442e-01 3.4279193228e-07
568 7.9267659483e-01 2.3675289382e-07
569 7.8791065383e-01 3.3244043988e-07
570 7.8431315382e-01 4.0955465440e-07
571 7.7550986132e-01 4.5887224828e-07
572 7.7325072099e-01 5.9864122899e-07
573 7.6703689682e-01 5.1688158611e-07
574 7.6160087149e-01 2.5253564083e-07
575 7.5988393909e-01 4.0002616750e-07
576 7.5141970007e-01 4.1696515561e-07
577 7.4627558035e-01 4.2045218605e-07
578 7.4318608816e-01 5.9769389496e-07
579 7.3146694834e-01 4.4571925587e-07
580 7.3870020095e-01 2.9073913147e-07
581 7.2320377654e-01 5.0904864777e-07
582 7.3409323710e-01 5.7514253800e-07
583 7.3035473451e-01 6.0446743266e-07
584 7.1632150881e-01 5.3730652134e-07
585 7.4266420383e-01 2.8954885618e-07
586 7.1290497417e-01 2.7753668419e-07
587 7.5420296920e-01 3.3341465714e-07
588 7.2282898225e-01 3.8187645456e-07
589 7.4665337965e-01 2.6702010894e-07
590 7.5019737538e-01 2.8819946812e-07
591 7.3754891688e-01 2.6497822857e-07
592 7.5429106226e-01 2.9420813709e-07
593 7.4829091419e-01 5.7347617265e-07
594 7.5156636261e-01 4.0484261912e-07
595 7.5279689618e-01 2.7908508437e-07
596 7.4745598988e-01 4.0740114347e-07
597 7.4345233137e-01 2.8121675063e-07
598 7.4282363746e-01 2.4174956008e-07
599 7.3176496778e-01 2.5868982186e-07
600 7.3708330842e-01 2.6831993032e-07
601 7.2805879456e-01 2.3994068536e-07
602 7.2230973383e-01 2.8669061359e-07
603 7.2349036198e-01 3.6061917874e-07
604 7.0490717146e-01 5.4096623554e-07
605 7.1254657966e-01 4.5598493037e-07
606 7.0669627907e-01 2.5637834706e-07
607 6.9387197539e-01 3.1174310971e-07
608 7.0678738432e-01 5.2727298366e-07
609 6.9569913848e-01 3.1542949960e-07
610 7.0090196835e-01 3.0720375224e-07
611 6.9847756379e-01 2.2764849739e-07
612 7.0069379625e-01 1.9164590552e-07
613 7.0470699678e-01 2.0676149282e-07
614 7.0542484254e-01 3.2720435015e-07
615 7.0875627626e-01 3.2213648580e-07
616 7.1313792515e-01 1.9435817963e-07
617 7.1207383933e-01 2.0889789450e-07
618 7.1898314955e-01 2.6036539740e-07
619 7.1859217251e-01 3.5499826858e-07
620 7.2344085699e-01 1.9238478664e-07
621 7.2344043104e-01 2.4835854502e-07
622 7.2575301349e-01 2.5978500369e-07
623 7.2278871313e-01 1.9640425592e-07
624 7.2081567924e-01 3.8071674123e-07
625 7.1862416865e-01 3.8967269802e-07
626 7.1435998042e-01 2.0831711964e-07
627 7.1036083293e-01 2.0667500935e-07
628 7.0628351546e-01 2.4162678551e-07
629 7.0176029880e-01 1.8172375814e-07
630 6.9696538180e-01 2.0879987766e-07
631 6.9124644800e-01 2.2782620223e-07
632 6.8647129018e-01 1.7220478671e-07
633 6.8195994563e-01 2.6920176627e-07
634 6.7858455350e-01 2.2444553548e-07
635 6.7556002095e-01 1.9632544459e-07
636 6.7299001805e-01 1.7712461898e-07
637 6.7161290950e-01 2.1754929053e-07
638 6.7060104259e-01 1.9625918633e-07
639 6.6945100765e-01 1.9220530653e-07
640 6.6831707698e-01 2.0332491416e-07
641 6.6714627358e-01 2.1782476986e-07
642 6.6676464516e-01 1.7485486014e-07
643 6.6695438695e-01 3.5992008680e-07
644 6.6744072921e-01 3.8257597879e-07
645 6.6837499125e-01 2.2817598145e-07
646 6.7004224004e-01 1.7994887385e-07
647 6.7268697393e-01 1.8484480934e-07
648 6.7533417318e-01 1.8423017189e-07
649 6.7712207581e-01 2.0243926623e-07
650 6.7876806103e-01 1.9273838476e-07
651 6.8021905909e-01 1.8161506718e-07
652 6.8115212003e-01 1.9015374058e-07
653 6.8260009593e-01 1.9361360741e-07
654 6.8406715772e-01 1.9651951851e-07
655 6.8391273171e-01 2.1472174510e-07
656 6.8207975610e-01 1.8988825378e-07
657 6.8044119196e-01 1.6953850687e-07
658 6.7891450997e-01 2.1173429921e-07
659 6.7569458078e-01 2.6682206020e-07
660 6.7131343574e-01 2.4568270123e-07
661 6.6800794983e-01 1.9275469878e-07
662 6.6544715348e-01 2.5707268131e-07
663 6.6327771286e-01 1.9281333680e-07
664 6.6102886127e-01 2.3485455038e-07
665 6.5989667991e-01 2.0362251301e-07
666 6.5908407726e-01 1.9025023814e-07
667 6.5744024171e-01 1.8729216606e-07
668 6.5573213247e-01 1.9464868196e-07
669 6.5461320409e-01 1.9720011150e-07
670 6.5315415427e-01 1.7115360457e-07
671 6.5193720536e-01 1.9670577412e-07
672 6.5303005740e-01 2.0338610096e-07
673 6.5431617673e-01 2.3345850431e-07
674 6.5571083291e-01 2.6469687015e-07
675 6.5777908149e-01 1.8209282439e-07
676 6.5858012029e-01 1.8883702304e-07
677 6.5939029608e-01 2.0745583167e-07
678 6.6040397835e-01 2.3716671146e-07
679 6.6024564850e-01 1.9556393546e-07
680 6.5931304406e-01 2.5642682838e-07
681 6.5829303174e-01 2.4309701577e-07
682 6.5721048992e-01 2.0829006754e-07
683 6.5533009798e-01 2.1483278538e-07
684 6.5214503624e-01 4.2052945769e-07
685 6.4866744721e-01 3.0261194746e-07
686 6.4626342070e-01 2.6153431470e-07
687 6.4280255620e-01 2.9934376137e-07
688 6.3857451594e-01 1.7452982984e-07
689 6.3384859849e-01 1.9225467077e-07
690 6.3014571218e-01 2.5308800553e-07
691 6.2611637913e-01 2.2614761510e-07
692 6.2241283075e-01 2.0538350629e-07
693 6.1937741414e-01 2.3154532769e-07
694 6.1626412142e-01 1.9176729273e-07
695 6.1266462052e-01 2.7352563691e-07
696 6.0926709925e-01 1.8154899407e-07
697 6.0612548380e-01 1.9492206902e-07
698 6.0402354036e-01 1.9062650017e-07
699 6.0203030722e-01 3.7735889187e-07
700 6.0001912731e-01 2.6832303338e-07
701 5.9930373715e-01 2.4111128845e-07
702 5.9951486465e-01 2.1464700653e-07
703 5.9993092728e-01 1.8768310594e-07
704 6.0017597135e-01 1.6941706238e-07
705 6.0074486917e-01 3.4261268948e-07
706 6.0246935508e-01 3.6135718305e-07
707 6.0407559999e-01 1.9782944718e-07
708 6.0548304023e-01 1.7051201000e-07
709 6.0681556265e-01 1.9361782585e-07
710 6.0851368470e-01 2.7153339353e-07
711 6.1052345415e-01 1.9296058122e-07
712 6.1204324429e-01 3.9036912877e-07
713 6.1293988911e-01 2.8981584471e-07
714 6.1315583711e-01 1.6566966999e-07
715 6.1284621063e-01 1.6742765586e-07
716 6.1237857160e-01 2.0871100436e-07
717 6.1163897509e-01 1.5734481282e-07
718 6.1089733744e-01 2.9426757337e-07
719 6.1103016606e-01 3.1962247460e-07
720 6.1073558188e-01 2.3452797117e-07
721 6.0957145702e-01 1.5988716244e-07
722 6.0821946410e-01 1.7352450935e-07
723 6.0663984751e-01 2.1496890427e-07
724 6.0358079260e-01 2.6047669870e-07
725 6.0093282166e-01 3.4332191702e-07
726 5.9863004598e-01 2.5639755208e-07
727 5.9594888691e-01 2.1429043950e-07
728 5.9377750477e-01 1.8658561637e-07
729 5.9080257230e-01 3.1680510516e-07
730 5.8739394241e-01 2.4257716882e-07
731 5.8423295003e-01 1.9449506161e-07
732 5.8105939923e-01 1.5787554666e-07
733 5.7678518213e-01 1.7101124835e-07
734 5.7281279674e-01 1.5510258780e-07
735 5.6917781430e-01 1.9635915007e-07
736 5.6615514061e-01 1.8139915327e-07
737 5.6424385508e-01 2.2599995164e-07
738 5.6308776701e-01 1.9655525135e-07
739 5.6312018655e-01 2.0667464098e-07
740 5.6407530452e-01 1.6126228367e-07
741 5.6432192694e-01 2.4358290823e-07
742 5.6461773606e-01 2.2051987189e-07
743 5.6489419394e-01 1.5891644602e-07
744 5.6437925081e-01 2.6102763397e-07
745 5.6384443787e-01 2.2315460470e-07
746 5.6379446670e-01 1.7849476827e-07
747 5.6365876103e-01 1.7747881586e-07
748 5.6387510645e-01 2.1781223825e-07
749 5.6350515043e-01 2.2641206739e-07
750 5.6220033461e-01 2.2019419027e-07
751 5.6130012673e-01 1.9163760138e-07
752 5.6152788779e-01 1.5688659589e-07
753 5.6097257781e-01 2.0834509663e-07
754 5.5951642194e-01 1.9121763650e-07
755 5.5796493400e-01 1.6954955112e-07
756 5.5687766696e-01 1.7863330597e-07
757 5.5526226432e-01 1.8543485793e-07
758 5.5330872705e-01 1.7907099917e-07
759 5.5201629853e-01 1.7105495492e-07
760 5.5117613088e-01 1.4209622224e-07
761 5.5020964660e-01 2.6676663671e-07
762 5.4849625012e-01 3.6101372857e-07
763 5.4572153146e-01 2.0446864999e-07
764 5.4424759412e-01 1.5018697345e-07
765 5.4360364580e-01 1.7993020650e-07
766 5.4378614325e-01 1.8874234967e-07
767 5.4581473890e-01 2.3899824803e-07
768 5.4732218686e-01 2.1191048042e-07
769 5.4681391454e-01 1.8768699077e-07
770 5.4625904172e-01 1.7750989969e-07
771 5.4595422082e-01 1.9340518120e-07
772 5.4506673518e-01 1.8050965124e-07
773 5.4397040591e-01 1.7391531116e-07
774 5.4220714800e-01 1.6685312632e-07
775 5.4103073507e-01 2.5106148874e-07
776 5.4041691807e-01 2.9574316244e-07
777 5.3986475484e-01 2.2521912259e-07
778 5.3882074583e-01 1.6934629151e-07
779 5.3763122893e-01 1.7860146088e-07
780 5.3741591785e-01 2.3177986614e-07
781 5.3696293847e-01 1.7691608249e-07
782 5.3494609712e-01 3.0679286512e-07
783 5.3224663408e-01 3.4019122802e-07
784 5.2899992593e-01 2.2728027416e-07
785 5.2551925858e-01 1.7102945591e-07
786 5.2212681046e-01 1.8008693903e-07
787 5.1872340291e-01 1.4065220226e-07
788 5.1441722110e-01 4.1644282942e-07
789 5.0909942692e-01 4.4969667614e-07
790 5.0535190615e-01 1.4640525201e-07
791 5.0152470132e-01 2.4693469111e-07
792 4.9745757230e-01 1.7637273915e-07
793 4.9540766168e-01 1.4241661708e-07
794 4.9319857422e-01 2.9048187953e-07
795 4.9136234766e-01 5.9394529949e-07
796 4.9193257503e-01 3.8450137085e-07
797 4.9106141154e-01 1.8939747567e-07
798 4.9287135583e-01 3.2593244492e-07
799 4.9334878867e-01 2.5785498220e-07
800 4.9461584168e-01 2.7042826979e-07
801 5.0052433500e-01 4.2681391665e-07
802 4.9727685542e-01 2.5036419946e-07
803 5.1010648550e-01 2.7071588323e-07
804 4.9971728811e-01 3.2122403713e-07
805 5.0817062642e-01 1.6318268168e-07
806 5.1646202340e-01 1.3211583688e-07
807 5.0395472364e-01 1.5430268313e-07
808 5.1835488681e-01 2.2359205454e-07
809 5.0772431198e-01 1.6758360283e-07
810 5.1181222261e-01 2.1795418945e-07
811 5.1610690901e-01 1.4978517145e-07
812 5.0164229570e-01 3.3102644649e-07
813 5.1036064668e-01 1.9807678514e-07
814 4.9816100254e-01 1.7106664787e-07
815 4.9873529831e-01 1.3320709714e-07
816 4.9206944435e-01 1.7493491702e-07
817 4.8863554533e-01 1.2503431132e-07
818 4.8668425766e-01 2.0309739141e-07
819 4.8005555370e-01 1.2892992739e-07
820 4.7816513713e-01 1.8335199342e-07
821 4.7460426427e-01 1.3362639892e-07
822 4.6990999825e-01 1.9620934813e-07
823 4.6911466077e-01 2.1720799269e-07
824 4.6606123157e-01 1.2046826116e-07
825 4.6584164341e-01 1.1506550366e-07
826 4.6680329800e-01 1.7626421434e-07
827 4.6457766622e-01 1.7636371029e-07
828 4.6686220051e-01 1.0459984288e-07
829 4.6754379914e-01 1.4704742074e-07
830 4.6768359515e-01 1.1092588155e-07
831 4.7115314116e-01 1.4708341742e-07
832 4.7160023452e-01 1.4887746378e-07
833 4.7353915296e-01 9.8310947241e-08
834 4.7602663997e-01 1.1235245098e-07
835 4.7652432034e-01 1.0376643048e-07
836 4.7873811997e-01 1.3675080366e-07
837 4.7924150309e-01 1.0210551118e-07
838 4.8032562441e-01 2.0646235993e-07
839 4.8196656177e-01 1.5635857563e-07
840 4.8159444327e-01 1.1197710390e-07
841 4.8217946449e-01 9.7755730814e-08
842 4.8082135968e-01 1.9714673315e-07
843 4.7868214712e-01 1.0977479363e-07
844 4.7711605515e-01 1.1762222654e-07
845 4.7446605966e-01 1.1750252656e-07
846 4.7260109970e-01 1.3562100948e-07
847 4.7032338704e-01 1.1838508538e-07
848 4.6554663171e-01 9.4321694940e-08
849 4.6375311394e-01 1.0447362455e-07
850 4.5971009374e-01 8.2768553493e-08
851 4.5827296262e-01 8.8922098420e-08
852 4.5458886056e-01 1.4195356507e-07
853 4.5319107257e-01 1.6782910349e-07
854 4.5227557372e-01 1.3543137344e-07
855 4.5009035182e-01 9.9368401260e-08
856 4.4974197906e-01 1.0182889238e-07
857 4.4814821925e-01 1.1391151666e-07
858 4.4899004328e-01 8.9459006350e-08
859 4.4993774341e-01 9.7006815508e-08
860 4.5073163114e-01 1.0100839176e-07
861 4.5275793113e-01 9.8733682056e-08
862 4.5423780517e-01 9.6816304553e-08
863 4.5568263544e-01 8.2131156150e-08
864 4.5632416587e-01 9.1020062233e-08
865 4.5719780794e-01 7.9854667858e-08
866 4.5791283662e-01 8.1726707565e-08
867 4.5821355194e-01 7.8618497536e-08
868 4.5805610044e-01 9.4699393400e-08
869 4.5729797674e-01 8.1177830190e-08
870 4.5631315585e-01 8.3761879922e-08
871 4.5492694694e-01 7.9998622442e-08
872 4.5294186902e-01 8.9876058104e-08
873 4.5099855494e-01 1.2374171186e-07
874 4.4922066647e-01 2.0254251523e-07
875 4.4689432235e-01 1.5610097166e-07
876 4.4398671750e-01 8.4539974132e-08
877 4.4144895386e-01 8.2588092563e-08
878 4.3961607591e-01 7.7052802797e-08
879 4.3788702480e-01 1.1737108018e-07
880 4.3622698790e-01 1.7608771060e-07
881 4.3467912190e-01 1.7850611721e-07
882 4.3382004603e-01 1.1402834894e-07
883 4.3274845993e-01 1.0976332543e-07
884 4.3170702710e-01 9.6765957988e-08
885 4.3134982622e-01 1.1110305889e-07
886 4.3136010580e-01 1.5628371212e-07
887 4.3154971175e-01 1.3778993124e-07
888 4.3186671516e-01 9.9715854332e-08
889 4.3218089062e-01 1.0803042228e-07
890 4.3247000813e-01 9.8146301166e-08
891 4.3325683635e-01 7.9383710672e-08
892 4.3429344914e-01 8.0168263496e-08
893 4.3470562263e-01 9.0795715647e-08
894 4.3567182059e-01 1.0625731356e-07
895 4.3677022454e-01 1.7092844711e-07
896 4.3710584858e-01 1.5721753916e-07
897 4.3721285705e-01 9.2587617660e-08
898 4.3763906995e-01 1.3143566600e-07
899 4.3778953561e-01 1.1637336663e-07
900 4.3678687520e-01 9.2059957119e-08
901 4.3552161465e-01 9.1673712095e-08
902 4.3454860047e-01 1.5106042916e-07
903 4.3344761452e-01 1.6275202443e-07
904 4.3174328825e-01 9.6675556482e-08
905 4.2947036155e-01 8.9259042137e-08
906 4.2832535572e-01 7.8231787501e-08
907 4.2638974100e-01 8.1517575716e-08
908 4.2440211977e-01 1.5630340430e-07
909 4.2192530555e-01 9.3928154286e-08
910 4.2033142075e-01 1.7547128836e-07
911 4.1951270104e-01 1.6864294937e-07
912 4.1819703672e-01 9.4788141917e-08
913 4.1676034217e-01 1.3323354883e-07
914 4.1588835908e-01 9.9838953026e-08
915 4.1526698739e-01 1.0608924104e-07
916 4.1446036616e-01 2.1084187509e-07
917 4.1401201944e-01 1.9518815870e-07
918 4.1369307123e-01 9.3359627684e-08
919 4.1319169249e-01 9.9548563234e-08
920 4.1316151670e-01 1.2914120503e-07
921 4.1323690815e-01 1.6683454468e-07
922 4.1200927718e-01 9.5356829179e-08
923 4.1219415480e-01 1.0221355518e-07
924 4.1205000031e-01 1.1394271571e-07
925 4.1057121120e-01 1.5067518902e-07
926 4.0926854950e-01 8.9315210357e-08
927 4.0882496515e-01 1.5602365865e-07
928 4.0655043305e-01 1.3211693227e-07
929 4.0491997931e-01 1.1763756549e-07
930 4.0339483380e-01 1.3457081303e-07
931 4.0161923218e-01 1.3126787287e-07
932 4.0012829749e-01 9.8413569098e-08
933 3.9781176046e-01 1.0444902786e-07
934 3.9540002535e-01 1.0256008896e-07
935 3.9360319617e-01 9.5761417124e-08
936 3.9186378485e-01 1.0714621836e-07
937 3.8957036734e-01 1.0192252682e-07
938 3.8750071106e-01 9.1513858084e-08
939 3.8604086087e-01 8.9736070161e-08
940 3.8447527055e-01 1.2724338990e-07
941 3.8292248408e-01 1.1852774414e-07
942 3.8204521302e-01 1.0542425055e-07
943 3.8160733065e-01 1.5880383492e-07
944 3.8170712903e-01 1.1101069941e-07
945 3.8221512773e-01 8.1566240423e-08
946 3.8249765047e-01 9.8081136030e-08
947 3.8380878433e-01 8.8126422506e-08
948 3.8463071217e-01 8.5382662052e-08
949 3.8582220077e-01 7.9757656862e-08
950 3.8760496555e-01 1.2134446065e-07
951 3.8856629045e-01 1.0278897192e-07
952 3.8989400526e-01 1.0129277373e-07
953 3.9119107421e-01 1.2202127025e-07
954 3.9127854655e-01 9.9267448681e-08
955 3.9089306584e-01 8.1018879444e-08
956 3.9099716281e-01 1.1786195091e-07
957 3.9044553385e-01 1.3686304452e-07
958 3.8917527795e-01 9.0044805155e-08
959 3.8812508039e-01 1.2346860758e-07
960 3.8701035617e-01 9.7370776492e-08
961 3.8531779924e-01 1.7217540618e-07
962 3.8305311485e-01 1.3387884671e-07
963 3.8079463539e-01 9.7046363235e-08
964 3.7802465717e-01 1.0733426279e-07
965 3.7418869644e-01 9.6796219187e-08
966 3.6974075180e-01 1.0286881005e-07
967 3.6543707106e-01 1.8137526967e-07
968 3.6125243956e-01 1.5888854046e-07
969 3.5685180372e-01 1.1509288929e-07
970 3.5274688004e-01 1.3039355185e-07
971 3.4885000969e-01 1.0725958991e-07
972 3.4557718582e-01 1.2686593002e-07
973 3.4280595253e-01 1.4837561233e-07
974 3.4035433471e-01 1.2784654648e-07
975 3.3850090575e-01 1.7643260358e-07
976 3.3779497730e-01 2.2187183880e-07
977 3.3720076306e-01 1.5100105065e-07
978 3.3842200998e-01 2.0160496208e-07
979 3.3928287192e-01 2.1795312924e-07
980 3.3877737403e-01 1.9941428767e-07
981 3.3976966368e-01 1.9364753236e-07
982 3.4024224453e-01 2.0344439254e-07
983 3.3915049274e-01 1.8743468640e-07
984 3.3850636210e-01 1.7096114207e-07
985 3.3785033412e-01 2.0780678057e-07
986 3.3597281069e-01 1.3786042722e-07
987 3.3441067622e-01 2.2697538932e-07
988 3.3434356862e-01 2.0152843322e-07
989 3.3413842751e-01 1.2176663527e-07
990 3.3321070131e-01 1.6919814460e-07
991 3.3211346884e-01 1.3662873081e-07
992 3.3120198905e-01 1.1316323401e-07
993 3.2952418178e-01 1.9290286006e-07
994 3.2733739898e-01 2.3585977241e-07
995 3.2514267023e-01 1.3216812479e-07
996 3.2288435174e-01 1.1145927070e-07
997 3.2074923056e-01 1.3109319832e-07
998 3.1895050788e-01 1.7429422768e-07
999 3.1726253292e-01 9.9098991930e-08
1000 3.1507902644e-01 2.2914279639e-07
1001 3.1363237226e-01 1.5890109931e-07
1002 3.1264774534e-01 1.2448949069e-07
1003 3.1149769517e-01 1.0531830245e-07
1004 3.1068914076e-01 1.2598909376e-07
1005 3.1012423496e-01 9.6193484054e-08
1006 3.0919388661e-01 1.1983109941e-07
1007 3.0838817964e-01 1.1062643702e-07
1008 3.0766572567e-01 2.2812648726e-07
1009 3.0672914163e-01 1.8518543596e-07
1010 3.0577316478e-01 8.6011910193e-08
1011 3.0490569182e-01 1.0305791856e-07
1012 3.0406408717e-01 2.1043309188e-07
1013 3.0338540843e-01 1.4586547306e-07
1014 3.0277218864e-01 1.7965927572e-07
1015 3.0232781792e-01 1.9347741137e-07
1016 3.0209453340e-01 9.4836351466e-08
1017 3.0194580005e-01 1.3224166050e-07
1018 3.0157946840e-01 1.0878641508e-07
1019 3.0099750726e-01 1.1775626567e-07
1020 3.0039804922e-01 9.0160720611e-08
1021 2.9997796465e-01 1.1094171885e-07
1022 2.9887253523e-01 8.5243677776e-08
1023 2.9737645246e-01 1.0174911559e-07
1024 2.9696092561e-01 8.1660162774e-08
1025 2.9583297657e-01 1.0843641029e-07
1026 2.9448274126e-01 8.1262218728e-08
1027 2.9423445182e-01 1.4820854326e-07
1028 2.9312165517e-01 1.4200636207e-07
1029 2.9193965351e-01 8.4086850662e-08
1030 2.9122837343e-01 1.1070044211e-07
1031 2.8972412082e-01 8.6782475857e-08
1032 2.8871121777e-01 1.3133982315e-07
1033 2.8678581828e-01 9.5674201831e-08
1034 2.8750268247e-01 8.4418115120e-08
1035 2.8589396852e-01 8.5413844276e-08
1036 2.8502159432e-01 8.5184914132e-08
1037 2.8631495126e-01 9.8953003033e-08
1038 2.8311910798e-01 1.3877347710e-07
1039 2.8702919114e-01 9.3614816542e-08
1040 2.8255880411e-01 1.1408591849e-07
1041 2.8320996371e-01 1.2272817148e-07
1042 2.8804412398e-01 8.9652188212e-08
1043 2.8026725347e-01 9.7186862515e-08
1044 2.8712188087e-01 1.4319136345e-07
1045 2.8522578099e-01 1.0232172205e-07
1046 2.8429857410e-01 1.1694480416e-07
1047 2.8807128857e-01 1.6199658412e-07
1048 2.8614204436e-01 9.8772605102e-08
1049 2.8620093661e-01 9.8227110906e-08
1050 2.8746106243e-01 1.0842405173e-07
1051 2.8603062515e-01 1.1903888554e-07
1052 2.8524704549e-01 1.1824390353e-07
1053 2.8410110504e-01 8.7231538354e-08
1054 2.8295291857e-01 9.2739384911e-08
1055 2.8063483161e-01 9.7967471843e-08
1056 2.7883862172e-01 1.2151172768e-07
1057 2.7683932132e-01 1.8776500791e-07
1058 2.7484771680e-01 1.4263617261e-07
1059 2.7305439299e-01 1.3923008748e-07
1060 2.7156718243e-01 1.3252949348e-07
1061 2.6987702172e-01 1.1961050417e-07
1062 2.6775913484e-01 1.2558330363e-07
1063 2.6644400902e-01 1.6542132835e-07
1064 2.6535583130e-01 1.7031613610e-07
1065 2.6363628168e-01 1.2785980917e-07
1066 2.6302424322e-01 2.1317534329e-07
1067 2.6262763828e-01 1.5688963907e-07
1068 2.6150585369e-01 1.2650283295e-07
1069 2.6127520827e-01 1.8062222126e-07
1070 2.6122534812e-01 1.8244981916e-07
1071 2.6044838546e-01 9.9477684211e-08
1072 2.6068299428e-01 1.3029869521e-07
1073 2.6063763239e-01 1.2729041084e-07
1074 2.6016075800e-01 1.1329119075e-07
1075 2.5986839344e-01 1.6057073230e-07
1076 2.5995633388e-01 1.7481493974e-07
1077 2.5996034223e-01 1.2362813676e-07
1078 2.5954106366e-01 1.0827345225e-07
1079 2.5946399621e-01 1.3109537075e-07
1080 2.5947206245e-01 1.1809080899e-07
1081 2.5923864780e-01 1.2664091674e-07
1082 2.5890377583e-01 1.3149812820e-07
1083 2.5855695848e-01 1.0800278895e-07
1084 2.5808431125e-01 1.0305933836e-07
1085 2.5736720690e-01 1.2550522904e-07
1086 2.5671283563e-01 1.3862697761e-07
1087 2.5618494001e-01 1.1035438833e-07
1088 2.5551466039e-01 8.6070728377e-08
1089 2.5493349252e-01 8.3675317055e-08
1090 2.5447543289e-01 9.9672769548e-08
1091 2.5367065247e-01 1.0072894333e-07
1092 2.5270805495e-01 1.0743746722e-07
1093 2.5194640975e-01 1.1394841690e-07
1094 2.5126908270e-01 9.1547106296e-08
1095 2.5068697829e-01 1.0275814827e-07
1096 2.5015702719e-01 1.2700416892e-07
1097 2.4975910112e-01 1.2842751754e-07
1098 2.4978296002e-01 1.3966191669e-07
1099 2.5007643812e-01 1.5819321008e-07
1100 2.5031004071e-01 1.1702079314e-07
1101 2.5034015748e-01 7.6816229720e-08
1102 2.5008057711e-01 9.9213423611e-08
1103 2.4929600565e-01 1.0733109561e-07
1104 2.4822308862e-01 9.7138563677e-08
1105 2.4746638474e-01 9.4474074824e-08
1106 2.4677759593e-01 9.5140486191e-08
1107 2.4592241720e-01 1.1189767723e-07
1108 2.4529284182e-01 1.1813332147e-07
1109 2.4496122702e-01 1.0229172214e-07
1110 2.4443720188e-01 8.5753516190e-08
1111 2.4410956102e-01 1.0542612522e-07
1112 2.4360038701e-01 7.9022104290e-08
1113 2.4307163986e-01 9.8418673875e-08
1114 2.4271158746e-01 1.0883463049e-07
1115 2.4222818891e-01 8.3105919866e-08
1116 2.4153552264e-01 9.7131665812e-08
1117 2.4109828527e-01 1.1005937631e-07
1118 2.4066872243e-01 9.8889817203e-08
1119 2.4022982441e-01 1.0269467987e-07
1120 2.4005708685e-01 1.1973218362e-07
1121 2.3999780371e-01 7.5328364434e-08
1122 2.4002125098e-01 1.5157979193e-07
1123 2.4022502693e-01 7.8226409851e-08
1124 2.4027812104e-01 8.6271697472e-08
1125 2.4044283358e-01 1.4095834127e-07
1126 2.4026957990e-01 1.2671122416e-07
1127 2.4005128518e-01 1.0060010772e-07
1128 2.3989817013e-01 1.4027665505e-07
1129 2.3942359360e-01 8.7194681859e-08
1130 2.3878920733e-01 7.9482409342e-08
1131 2.3819433256e-01 1.1613271334e-07
1132 2.3774913904e-01 1.4998889775e-07
1133 2.3726987771e-01 7.4411402777e-08
1134 2.3688237847e-01 1.5185730839e-07
1135 2.3665935825e-01 1.3661092063e-07
1136 2.3657691680e-01 8.3064713549e-08
1137 2.3661463892e-01 1.4149710900e-07
1138 2.3667136422e-01 8.2800138783e-08
1139 2.3676084262e-01 7.6431672596e-08
1140 2.3679894599e-01 1.1426042294e-07
1141 2.3692688118e-01 1.1403556177e-07
1142 2.3683495867e-01 1.2256660452e-07
1143 2.3670674993e-01 1.8774611094e-07
1144 2.3655402607e-01 1.0073624158e-07
1145 2.3630948931e-01 7.3809539632e-08
1146 2.3593123958e-01 1.3667584850e-07
1147 2.3545841022e-01 1.4873384874e-07
1148 2.3482410400e-01 7.2400356303e-08
1149 2.3423994136e-01 1.2487762723e-07
1150 2.3373227710e-01 8.1010348313e-08
1151 2.3342060811e-01 1.0312520861e-07
1152 2.3333693122e-01 1.3628620736e-07
1153 2.3337272522e-01 1.0077047079e-07
1154 2.3353477526e-01 9.4452841001e-08
1155 2.3373707423e-01 1.0608201907e-07
1156 2.3380338819e-01 9.1822876488e-08
1157 2.3373808095e-01 1.4550440040e-07
1158 2.3365138110e-01 1.5253812966e-07
1159 2.3357037307e-01 9.4833398316e-08
1160 2.3348783523e-01 9.9846213588e-08
1161 2.3351497924e-01 1.1585974286e-07
1162 2.3367239096e-01 8.0454768573e-08
1163 2.3391744325e-01 1.5710731114e-07
1164 2.3409665803e-01 1.4077682130e-07
1165 2.3428348578e-01 7.8521432796e-08
1166 2.3454404230e-01 1.2216881267e-07
1167 2.3473421100e-01 7.2201184836e-08
1168 2.3484843157e-01 9.2754243562e-08
1169 2.3496681095e-01 8.5385874167e-08
1170 2.3474005928e-01 1.0554877944e-07
1171 2.3415752142e-01 8.2158416260e-08
1172 2.3359140750e-01 9.6645947987e-08
1173 2.3273839568e-01 9.1285421388e-08
1174 2.3157545177e-01 1.3742571230e-07
1175 2.3091793923e-01 8.8195934385e-08
1176 2.3033480364e-01 1.3499129862e-07
1177 2.2966843960e-01 1.1020597746e-07
1178 2.2921975681e-01 1.3927449878e-07
1179 2.2899068434e-01 1.8873660464e-07
1180 2.2915028127e-01 1.0069839433e-07
1181 2.2929573221e-01 1.6603740322e-07
1182 2.2917714961e-01 1.0948403454e-07
1183 2.2900457213e-01 9.4009763231e-08
1184 2.2871035236e-01 9.3586886696e-08
1185 2.2837162750e-01 7.2056449812e-08
1186 2.2828401152e-01 7.4946285242e-08
1187 2.2814662679e-01 8.4423695994e-08
1188 2.2828699588e-01 8.2608315420e-08
1189 2.2933401830e-01 9.6139780911e-08
1190 2.3003480209e-01 9.3002662615e-08
1191 2.3044620182e-01 1.3526223730e-07
1192 2.3227033683e-01 1.1263816876e-07
1193 2.3300765403e-01 9.5249346872e-08
1194 2.3312900787e-01 1.3028004901e-07
1195 2.3394551641e-01 7.5398236210e-08
1196 2.3407898308e-01 1.1161807057e-07
1197 2.3282238852e-01 8.7613680989e-08
1198 2.3235455129e-01 7.7699555301e-08
1199 2.3250092825e-01 8.6213291870e-08
1200 2.3133288817e-01 6.9850646082e-08
1201 2.3065951467e-01 7.6228211130e-08
1202 2.3061179088e-01 1.1184172307e-07
1203 2.2970820592e-01 7.9272769506e-08
1204 2.2935333606e-01 7.8281470287e-08
1205 2.2957156228e-01 6.4799509940e-08
1206 2.2943124752e-01 6.9781115967e-08
1207 2.2958791691e-01 7.4158905412e-08
1208 2.2981922766e-01 1.0131180321e-07
1209 2.3013565188e-01 6.0862469197e-08
1210 2.3041398574e-01 9.0546840700e-08
1211 2.3044271244e-01 7.9472995972e-08
1212 2.3063748607e-01 6.6910621926e-08
1213 2.3088070024e-01 6.6381907093e-08
1214 2.3097124505e-01 4.7189920090e-08
1215 2.3113193731e-01 5.4915104949e-08
1216 2.3123622758e-01 1.0612584308e-07
1217 2.3129489686e-01 8.7535596010e-08
1218 2.3121947507e-01 8.4443449396e-08
1219 2.3103186300e-01 7.2177779321e-08
1220 2.3086433165e-01 6.4542001988e-08
1221 2.3071770302e-01 7.7236649791e-08
1222 2.3029472827e-01 8.2231123943e-08
1223 2.2965714870e-01 1.2519650112e-07
1224 2.2913089291e-01 4.7368015072e-08
1225 2.2858816978e-01 4.2465958058e-08
1226 2.2822743567e-01 3.7402437575e-08
1227 2.2796825538e-01 5.7408925191e-08
1228 2.2762873747e-01 4.4078086616e-08
1229 2.2726539740e-01 4.8576190780e-08
1230 2.2710022532e-01 3.5036986087e-08
1231 2.2686948329e-01 6.2363741319e-08
1232 2.2663343177e-01 5.8678934650e-08
1233 2.2660993548e-01 3.4416992845e-08
1234 2.2662712878e-01 4.9795501899e-08
1235 2.2654775171e-01 3.0448056472e-08
1236 2.2652720539e-01 3.7205026453e-08
1237 2.2662790846e-01 3.1799103094e-08
1238 2.2663517141e-01 6.9893987256e-08
1239 2.2662503918e-01 6.3323266557e-08
1240 2.2676537509e-01 2.6693581304e-08
1241 2.2688508468e-01 2.6011373193e-08
1242 2.2703373554e-01 4.5951092414e-08
1243 2.2718859648e-01 3.9436785193e-08
1244 2.2735744056e-01 3.0360322140e-08
1245 2.2757842654e-01 3.4866345416e-08
1246 2.2784190451e-01 2.9661574003e-08
1247 2.2812665936e-01 4.9692544240e-08
1248 2.2840915500e-01 2.8450614950e-08
1249 2.2870302318e-01 4.3454837519e-08
1250 2.2904818410e-01 2.5173325625e-08
1251 2.2925503125e-01 4.5793509100e-08
1252 2.2952694296e-01 3.4433357541e-08
1253 2.2969235421e-01 5.8123125392e-08
1254 2.2988119799e-01 4.3601479965e-08
1255 2.2991838080e-01 4.6719946384e-08
1256 2.2994586099e-01 3.7975644230e-08
1257 2.2986716261e-01 3.6045453842e-08
1258 2.2968679391e-01 3.0405798023e-08
1259 2.2957895506e-01 4.4216261924e-08
1260 2.2943159065e-01 4.6719160772e-08
1261 2.2912771412e-01 3.8948068711e-08
1262 2.2907780309e-01 4.0934692673e-08
1263 2.2877009192e-01 2.5447614881e-08
1264 2.2866754670e-01 3.1739958754e-08
1265 2.2851694064e-01 2.4098333704e-08
1266 2.2807940090e-01 2.6012787018e-08
1267 2.2823228767e-01 2.9997683560e-08
1268 2.2777546412e-01 3.2994531537e-08
1269 2.2761154381e-01 2.5849661360e-08
1270 2.2769570352e-01 4.7282515886e-08
1271 2.2734192426e-01 3.2845540430e-08
1272 2.2743609781e-01 2.5701389901e-08
1273 2.2734153493e-01 2.7082871146e-08
1274 2.2685933151e-01 2.6638314705e-08
1275 2.2724681232e-01 2.9559235672e-08
1276 2.2647024789e-01 2.4723859307e-08
1277 2.2689897121e-01 3.4842165390e-08
1278 2.2593020875e-01 2.5915176810e-08
1279 2.2684934951e-01 2.5036097989e-08
1280 2.2574226756e-01 4.2829404549e-08
1281 2.2615631176e-01 4.2777402752e-08
1282 2.2572473480e-01 3.1915036613e-08
1283 2.2542649589e-01 5.6238038035e-08
1284 2.2574605090e-01 4.9084669252e-08
1285 2.2527927682e-01 2.7764247909e-08
1286 2.2531385569e-01 2.8465972396e-08
1287 2.2522881643e-01 4.5730597243e-08
1288 2.2518446436e-01 4.2021490795e-08
1289 2.2523837007e-01 3.1224095074e-08
1290 2.2518677234e-01 4.0452115789e-08
1291 2.2541051274e-01 3.0481019646e-08
1292 2.2551398994e-01 2.8453061158e-08
1293 2.2557809700e-01 3.3551073477e-08
1294 2.2570904453e-01 3.4647958112e-08
1295 2.2587140021e-01 2.6692709370e-08
1296 2.2598969103e-01 2.4082379578e-08
1297 2.2615200316e-01 3.0670960353e-08
1298 2.2631346611e-01 2.9291891092e-08
1299 2.2644271934e-01 2.8429873531e-08
1300 2.2658548773e-01 3.1435431582e-08
1301 2.2677136886e-01 3.2059082854e-08
1302 2.2700569538e-01 3.7660289409e-08
1303 2.2723769965e-01 2.5889170774e-08
1304 2.2741230685e-01 3.5614764160e-08
1305 2.2756848436e-01 3.8183811908e-08
1306 2.2771378782e-01 2.9079660085e-08
1307 2.2784417122e-01 3.0388859658e-08
1308 2.2796378067e-01 2.8802436188e-08
1309 2.2802897478e-01 3.0217338747e-08
1310 2.2804659947e-01 3.2719060407e-08
1311 2.2810449896e-01 2.7340653846e-08
1312 2.2803165974e-01 2.4231882497e-08
1313 2.2787008115e-01 2.6176520287e-08
1314 2.2773227726e-01 2.7535446429e-08
1315 2.2756461789e-01 2.7106540552e-08
1316 2.2729005958e-01 2.4349287229e-08
1317 2.2697277435e-01 2.4382602995e-08
1318 2.2660835702e-01 2.9095746185e-08
1319 2.2623877326e-01 2.8149707456e-08
1320 2.2586834991e-01 2.4057199105e-08
1321 2.2542416418e-01 3.1576990359e-08
1322 2.2501405340e-01 2.3293700860e-08
1323 2.2465904531e-01 2.5588307585e-08
1324 2.2433524919e-01 2.2662796313e-08
1325 2.2408046425e-01 2.6497617849e-08
1326 2.2388312407e-01 3.8637455648e-08
1327 2.2372577850e-01 3.7168185846e-08
1328 2.2359723939e-01 2.2856970717e-08
1329 2.2350196029e-01 2.3259891221e-08
1330 2.2342225057e-01 2.1545243959e-08
1331 2.2339854886e-01 2.2032263022e-08
1332 2.2340139296e-01 3.6389327619e-08
1333 2.2341055072e-01 5.7468003037e-08
1334 2.2344646477e-01 3.0982476291e-08
1335 2.2351741982e-01 3.3199511970e-08
1336 2.2364670419e-01 3.8143560946e-08
1337 2.2381381819e-01 2.2832538298e-08
1338 2.2395248333e-01 2.1348301966e-08
1339 2.2411481537e-01 3.0444891420e-08
1340 2.2434102561e-01 2.5954912228e-08
1341 2.2447529923e-01 3.8645593056e-08
1342 2.2455911121e-01 5.4389369160e-08
1343 2.2467236428e-01 2.3747683990e-08
1344 2.2477869600e-01 2.5806488207e-08
1345 2.2482283656e-01 3.4422769656e-08
1346 2.2484595204e-01 4.6380543253e-08
1347 2.2486842871e-01 2.2090340588e-08
1348 2.2485814848e-01 4.0333410481e-08
1349 2.2478763164e-01 2.6384798997e-08
1350 2.2474998605e-01 3.9316648630e-08
1351 2.2472234070e-01 2.2657036991e-08
1352 2.2468717598e-01 3.6141063157e-08
1353 2.2463530842e-01 2.8998965298e-08
1354 2.2454168637e-01 2.9164020660e-08
1355 2.2446416070e-01 2.4592956830e-08
1356 2.2440416492e-01 3.0938085282e-08
1357 2.2432023477e-01 2.2677726565e-08
1358 2.2425064080e-01 3.4039869283e-08
1359 2.2419070650e-01 2.3226219240e-08
1360 2.2413351820e-01 2.8510894765e-08
1361 2.2406894909e-01 2.2613490476e-08
1362 2.2399072201e-01 3.5110577021e-08
1363 2.2388412300e-01 2.8030043465e-08
1364 2.2378838290e-01 2.1063386106e-08
1365 2.2372156275e-01 2.5849521726e-08
1366 2.2361561446e-01 4.0870959965e-08
1367 2.2350543331e-01 2.4770023122e-08
1368 2.2339687576e-01 2.9874732561e-08
1369 2.2325888366e-01 3.3691750531e-08
1370 2.2309396577e-01 2.3660183117e-08
1371 2.2288209361e-01 2.2618089262e-08
1372 2.2271973193e-01 2.7341739969e-08
1373 2.2258087206e-01 2.3131953106e-08
1374 2.2239125005e-01 3.5529238141e-08
1375 2.2222618154e-01 3.4602322289e-08
1376 2.2209439079e-01 2.6175619801e-08
1377 2.2195008910e-01 2.6395043714e-08
1378 2.2181547479e-01 2.0247634934e-08
1379 2.2170892864e-01 1.9566579337e-08
1380 2.2161356160e-01 2.5759747806e-08
1381 2.2155567799e-01 3.3303988021e-08
1382 2.2152469794e-01 2.3358016982e-08
1383 2.2151344744e-01 2.2378376991e-08
1384 2.2154443942e-01 2.2451128543e-08
1385 2.2157414593e-01 1.8383403202e-08
1386 2.2158622869e-01 2.3683120139e-08
1387 2.2160584930e-01 3.1403518748e-08
1388 2.2165263751e-01 2.7492154736e-08
1389 2.2171837972e-01 2.3853654429e-08
1390 2.2176661459e-01 4.6189051771e-08
1391 2.2178338183e-01 3.4611801477e-08
1392 2.2182438239e-01 2.1109754386e-08
1393 2.2188612397e-01 2.8446682447e-08
1394 2.2192451216e-01 3.2343966934e-08
1395 2.2195189214e-01 1.9845489330e-08
1396 2.2197106889e-01 3.0098328356e-08
1397 2.2201489743e-01 2.7719369289e-08
1398 2.2208795051e-01 1.7612013933e-08
1399 2.2214358346e-01 1.9621296714e-08
1400 2.2217745220e-01 2.4634945582e-08
1401 2.2219124735e-01 1.7916487654e-08
1402 2.2216162659e-01 3.2548107669e-08
1403 2.2211789768e-01 2.3958634223e-08
1404 2.2210466697e-01 2.1538980511e-08
1405 2.2205652083e-01 2.7426182090e-08
1406 2.2196495321e-01 1.8941114376e-08
1407 2.2183289545e-01 1.8012614782e-08
1408 2.2169681451e-01 2.0643804496e-08
1409 2.2154493607e-01 3.2508123982e-08
1410 2.2135184917e-01 2.3083822524e-08
1411 2.2115887752e-01 1.7670349146e-08
1412 2.2093666996e-01 1.7710848228e-08
1413 2.2070932747e-01 1.7720788112e-08
1414 2.2048645607e-01 1.9404594854e-08
1415 2.2025610002e-01 2.9750414711e-08
1416 2.2003401046e-01 2.2182762488e-08
1417 2.1984865773e-01 2.1648172160e-08
1418 2.1969138810e-01 1.6991957090e-08
1419 2.1953903282e-01 2.6441115225e-08
1420 2.1939070563e-01 2.4320579181e-08
1421 2.1929223414e-01 2.6020877851e-08
1422 2.1921923363e-01 3.1992664959e-08
1423 2.1914755759e-01 2.3476671706e-08
1424 2.1909294500e-01 3.2525968808e-08
1425 2.1905795768e-01 3.2107982977e-08
1426 2.1901081909e-01 3.5597170371e-08
1427 2.1897891304e-01 2.2085628412e-08
1428 2.1899380260e-01 3.0469444134e-08
1429 2.1899522513e-01 1.8837650414e-08
1430 2.1900946700e-01 2.4589896253e-08
1431 2.1902282585e-01 1.8938115058e-08
1432 2.1903773149e-01 2.3027453636e-08
1433 2.1908703668e-01 1.9081926167e-08
1434 2.1913479253e-01 3.3629104023e-08
1435 2.1916944799e-01 3.5173347443e-08
1436 2.1921775510e-01 1.8223440721e-08
1437 2.1923560401e-01 2.8797117895e-08
1438 2.1928728545e-01 2.5259350067e-08
1439 2.1932139930e-01 2.4802063427e-08
1440 2.1931047022e-01 2.0166221850e-08
1441 2.1930368032e-01 3.4476226227e-08
1442 2.1935678349e-01 2.1210927692e-08
1443 2.1932726980e-01 3.6042289385e-08
1444 2.1922043244e-01 3.6711660932e-08
1445 2.1913883207e-01 4.3650722839e-08
1446 2.1901030032e-01 2.4732517721e-08
1447 2.1882029010e-01 3.0060263891e-08
1448 2.1864909590e-01 3.6485916602e-08
1449 2.1845482448e-01 3.8670080411e-08
1450 2.1818030148e-01 2.2846587734e-08
1451 2.1794257220e-01 2.8581841057e-08
1452 2.1778669034e-01 2.8849131792e-08
1453 2.1767100561e-01 4.6481465658e-08
1454 2.1756869611e-01 3.3033451836e-08
1455 2.1745898425e-01 3.5267619078e-08
1456 2.1735084759e-01 2.8137125836e-08
1457 2.1726234852e-01 2.8576201189e-08
1458 2.1716709973e-01 2.2388694902e-08
1459 2.1707375101e-01 3.3811239468e-08
1460 2.1697125868e-01 4.3585498264e-08
1461 2.1687091773e-01 2.4425531952e-08
1462 2.1678198787e-01 2.2892459216e-08
1463 2.1670648428e-01 2.6632709263e-08
1464 2.1658627178e-01 2.4670542434e-08
1465 2.1646394878e-01 2.6226514984e-08
1466 2.1634088898e-01 3.1546811246e-08
1467 2.1620104285e-01 2.6421123812e-08
1468 2.1604722069e-01 2.7819825677e-08
1469 2.1585656792e-01 2.4324611175e-08
1470 2.1564704246e-01 3.8071833644e-08
1471 2.1547882056e-01 2.5743030404e-08
1472 2.1529134061e-01 3.1872799801e-08
1473 2.1510615516e-01 3.0338588751e-08
1474 2.1496137991e-01 3.5516214549e-08
1475 2.1475192861e-01 2.5580261683e-08
1476 2.1463962787e-01 3.5980536195e-08
1477 2.1448032619e-01 3.5144240176e-08
1478 2.1437502793e-01 3.1103026497e-08
1479 2.1428313141e-01 3.8134304966e-08
1480 2.1411129945e-01 2.4750345147e-08
1481 2.1408530394e-01 2.3524226132e-08
1482 2.1388309996e-01 3.1803953812e-08
1483 2.1391590230e-01 2.6195287071e-08
1484 2.1368274385e-01 4.1073048892e-08
1485 2.1386454537e-01 6.7600478503e-08
1486 2.1354679161e-01 4.3862976801e-08
1487 2.1363242930e-01 2.4944081672e-08
1488 2.1378023338e-01 3.4361385667e-08
1489 2.1341479648e-01 5.1383165525e-08
1490 2.1360632878e-01 3.5247782400e-08
1491 2.1338613134e-01 3.0098786571e-08
1492 2.1340915253e-01 2.9406068950e-08
1493 2.1336642180e-01 2.3491456088e-08
1494 2.1321865604e-01 2.3386126960e-08
1495 2.1332448522e-01 3.9935799233e-08
1496 2.1322799379e-01 3.6953879472e-08
1497 2.1322607011e-01 2.1878065731e-08
1498 2.1312989345e-01 2.4202145193e-08
1499 2.1311765329e-01 2.6896317900e-08
1500 2.1297443973e-01 2.3115967234e-08
1501 2.1286416927e-01 3.6548941468e-08
1502 2.1274557636e-01 3.2578308376e-08
1503 2.1252973436e-01 2.8747749181e-08
1504 2.1235755698e-01 3.3890702866e-08
1505 2.1223547715e-01 2.4730989094e-08
1506 2.1209857829e-01 2.3866824495e-08
1507 2.1196297148e-01 2.6164232765e-08
1508 2.1187219192e-01 3.3586584558e-08
1509 2.1179783057e-01 2.0483594128e-08
1510 2.1171320399e-01 3.4776715138e-08
1511 2.1165904969e-01 2.5501362290e-08
1512 2.1161641325e-01 2.0054913933e-08
1513 2.1156609538e-01 2.2708070119e-08
1514 2.1152951052e-01 3.5333850625e-08
1515 2.1149646929e-01 2.4068542025e-08
1516 2.1144075554e-01 3.6167602213e-08
1517 2.1138757860e-01 4.2754893236e-08
1518 2.1135376665e-01 2.2957309345e-08
1519 2.1131291443e-01 2.0686701179e-08
1520 2.1126577443e-01 2.9463879783e-08
1521 2.1125865198e-01 3.3029090851e-08
1522 2.1125933956e-01 2.1801577608e-08
1523 2.1122036801e-01 3.3422356232e-08
1524 2.1121796211e-01 2.2894786709e-08
1525 2.1122366555e-01 2.4798155900e-08
1526 2.1116061220e-01 2.3499112528e-08
1527 2.1107292405e-01 2.9820589433e-08
1528 2.1103420090e-01 2.2729537284e-08
1529 2.1093839141e-01 4.2537219090e-08
1530 2.1081598538e-01 3.4652557756e-08
1531 2.1073212684e-01 2.3168558705e-08
1532 2.1062683875e-01 2.4107575310e-08
1533 2.1051665455e-01 2.3730623618e-08
1534 2.1044810197e-01 2.3541956888e-08
1535 2.1037783481e-01 2.6627663514e-08
1536 2.1028858251e-01 3.4401948637e-08
1537 2.1021644179e-01 2.0970984189e-08
1538 2.1015431600e-01 3.1159125964e-08
1539 2.1009544069e-01 2.5336427606e-08
1540 2.1005260206e-01 2.2157599453e-08
1541 2.1002331173e-01 1.9767395401e-08
1542 2.0997614189e-01 2.0374881659e-08
1543 2.0995314829e-01 2.7582200174e-08
1544 2.0994069351e-01 3.8654039724e-08
1545 2.0992993723e-01 2.9996142192e-08
1546 2.0992606121e-01 2.1741420723e-08
1547 2.0993122673e-01 2.7380171098e-08
1548 2.0987594794e-01 2.0715597753e-08
1549 2.0981217760e-01 2.0777812172e-08
1550 2.0977058651e-01 2.0730952620e-08
1551 2.0970179484e-01 3.5502722128e-08
1552 2.0964266887e-01 3.2838879290e-08
1553 2.0961407375e-01 2.4730840069e-08
1554 2.0960204147e-01 2.5920775439e-08
1555 2.0958367570e-01 2.2724627569e-08
1556 2.0956910732e-01 1.7493194877e-08
1557 2.0955075784e-01 1.7390876355e-08
1558 2.0954694425e-01 2.2566174528e-08
1559 2.0951774138e-01 1.9613408793e-08
1560 2.0946364708e-01 3.3558434030e-08
1561 2.0944403464e-01 5.4100169705e-08
1562 2.0945718772e-01 5.0022227533e-08
1563 2.0944873957e-01 2.3782001980e-08
1564 2.0944217724e-01 1.9579274729e-08
1565 2.0948602352e-01 1.7580892810e-08
1566 2.0952143893e-01 2.7349153766e-08
1567 2.0953297409e-01 2.1077615259e-08
1568 2.0955044069e-01 1.7778040362e-08
1569 2.0956971191e-01 1.5705000357e-08
1570 2.0960275454e-01 2.0239699185e-08
1571 2.0963687048e-01 2.2482912954e-08
1572 2.0966902784e-01 2.3173195622e-08
1573 2.0973788746e-01 3.0864848281e-08
1574 2.0982303885e-01 3.3155879476e-08
1575 2.0987634401e-01 1.8385873726e-08
1576 2.0991632947e-01 2.8690868298e-08
1577 2.0994260123e-01 4.4623452872e-08
1578 2.0992185297e-01 3.9396028726e-08
1579 2.0985912551e-01 2.8068800353e-08
1580 2.0978857225e-01 2.7242821156e-08
1581 2.0963606975e-01 3.1313871170e-08
1582 2.0946659660e-01 2.4800828695e-08
1583 2.0934687681e-01 1.8747941434e-08
1584 2.0924334164e-01 1.8705720494e-08
1585 2.0915240308e-01 2.3893428267e-08
1586 2.0911312983e-01 4.1097384498e-08
1587 2.0908313936e-01 2.3639078844e-08
1588 2.0899223810e-01 3.4957880747e-08
1589 2.0894230392e-01 4.0705833481e-08
1590 2.0890333158e-01 2.2370298870e-08
1591 2.0880739271e-01 2.1626288377e-08
1592 2.0874206152e-01 2.9822568131e-08
1593 2.0871203596e-01 2.9502135528e-08
1594 2.0868205289e-01 3.4583193127e-08
1595 2.0866558643e-01 3.4234630637e-08
1596 2.0866938660e-01 2.1301217468e-08
1597 2.0866699795e-01 2.0025715396e-08
1598 2.0868477969e-01 1.9785805421e-08
1599 2.0873135488e-01 1.8511581674e-08
1600 2.0877653691e-01 1.9150177251e-08
1601 2.0882092629e-01 1.8489877593e-08
1602 2.0891126413e-01 1.9158499225e-08
1603 2.0904140918e-01 1.8756397676e-08
1604 2.0921180322e-01 1.8850238576e-08
1605 2.0935468765e-01 2.1342246145e-08
1606 2.0949468637e-01 1.8606362868e-08
1607 2.0959286168e-01 1.8242540018e-08
1608 2.0964149570e-01 1.9896181848e-08
1609 2.0963297302e-01 2.0749290757e-08
1610 2.0962156406e-01 1.9784406086e-08
1611 2.0961352884e-01 2.6763829246e-08
1612 2.0959068352e-01 2.1834061086e-08
1613 2.0955691641e-01 3.1259180589e-08
1614 2.0950057882e-01 4.1729582204e-08
1615 2.0944756121e-01 2.4568356418e-08
1616 2.0938254680e-01 1.7677966524e-08
1617 2.0932212792e-01 2.4173214681e-08
1618 2.0926976024e-01 2.7452694600e-08
1619 2.0922917350e-01 1.7897265024e-08
1620 2.0918692262e-01 3.2598803160e-08
1621 2.0915859827e-01 2.5843080476e-08
1622 2.0918356198e-01 2.2200416274e-08
1623 2.0924424810e-01 3.2566234870e-08
1624 2.0927184615e-01 3.3817950414e-08
1625 2.0926725154e-01 1.6975153989e-08
1626 2.0925589809e-01 3.4734189673e-08
1627 2.0926401108e-01 2.9748452645e-08
1628 2.0931964143e-01 1.6397642108e-08
1629 2.0936628121e-01 1.7418192517e-08
1630 2.0938560660e-01 1.8424082851e-08
1631 2.0943355191e-01 1.9147932192e-08
1632 2.0952924874e-01 2.2829810264e-08
1633 2.0956047857e-01 1.9304147834e-08
1634 2.0952135827e-01 2.0302669104e-08
1635 2.0948072203e-01 2.1084793748e-08
1636 2.0942274556e-01 1.8890491293e-08
1637 2.0930917308e-01 2.0169642300e-08
1638 2.0915879802e-01 1.9496108534e-08
1639 2.0900456112e-01 1.7010613870e-08
1640 2.0887490509e-01 2.3109854722e-08
1641 2.0879014048e-01 3.1697079163e-08
1642 2.0871619812e-01 2.8952915857e-08
1643 2.0864327238e-01 1.6577063707e-08
1644 2.0856815049e-01 1.6367791553e-08
1645 2.0847409691e-01 1.7015521361e-08
1646 2.0837612693e-01 1.3770121946e-08
1647 2.0832615964e-01 1.3734545735e-08
1648 2.0832235152e-01 1.4157513809e-08
1649 2.0835879568e-01 1.6153835772e-08
1650 2.0841096750e-01 2.1374510113e-08
1651 2.0848691887e-01 1.4790456330e-08
1652 2.0856371007e-01 1.9157012030e-08
1653 2.0865624224e-01 1.8862991435e-08
1654 2.0873917667e-01 1.8981749080e-08
1655 2.0882847099e-01 2.0972550576e-08
1656 2.0895450613e-01 1.5548438035e-08
1657 2.0906464710e-01 2.6630646912e-08
1658 2.0915608657e-01 2.2728463329e-08
1659 2.0928566068e-01 1.5347131525e-08
1660 2.0948574514e-01 2.0514003715e-08
1661 2.0965705878e-01 2.7453985525e-08
1662 2.0980489627e-01 2.2971207093e-08
1663 2.0994513253e-01 1.5222403441e-08
1664 2.1005883510e-01 1.4873220946e-08
1665 2.1013621368e-01 1.6655976823e-08
1666 2.1017404330e-01 2.2288910999e-08
1667 2.1015467020e-01 3.2915531810e-08
1668 2.1011447817e-01 2.8481445479e-08
1669 2.1006826670e-01 2.6878156015e-08
1670 2.1000248986e-01 2.3552778938e-08
1671 2.0992291952e-01 1.6580403634e-08
1672 2.0981677886e-01 1.5241966761e-08
1673 2.0967408965e-01 1.4456499950e-08
1674 2.0952700363e-01 1.6810409359e-08
1675 2.0937372635e-01 2.3046574930e-08
1676 2.0926176068e-01 2.1678507477e-08
1677 2.0915074225e-01 1.8894879118e-08
1678 2.0900953196e-01 1.8459158830e-08
1679 2.0888496610e-01 1.5342310023e-08
1680 2.0882025941e-01 1.7688118493e-08
1681 2.0876924947e-01 2.3976648347e-08
1682 2.0871537184e-01 1.9446576013e-08
1683 2.0870596055e-01 1.6333874314e-08
1684 2.0871170009e-01 2.0581745162e-08
1685 2.0869200828e-01 1.4871005475e-08
1686 2.0868368411e-01 2.0969649520e-08
1687 2.0865095726e-01 3.1625484562e-08
1688 2.0864397914e-01 2.0662944513e-08
1689 2.0867697581e-01 1.5213634583e-08
1690 2.0872916461e-01 2.0919841724e-08
1691 2.0879476544e-01 1.9477063201e-08
1692 2.0887460827e-01 1.8775725169e-08
1693 2.0891216304e-01 2.2055503078e-08
1694 2.0895542710e-01 1.6586070472e-08
1695 2.0901616381e-01 1.3687197633e-08
1696 2.0903851838e-01 1.4447204461e-08
1697 2.0907857285e-01 1.6742652231e-08
1698 2.0914958068e-01 1.3538139413e-08
1699 2.0915522460e-01 1.6039004205e-08
1700 2.0915252071e-01 2.8944897833e-08
1701 2.0919427035e-01 2.8987799561e-08
1702 2.0926412259e-01 1.8647153372e-08
1703 2.0933440226e-01 1.3474232348e-08
1704 2.0940963124e-01 1.3691597767e-08
1705 2.0951681280e-01 1.2597241201e-08
1706 2.0962362354e-01 1.4842928391e-08
1707 2.0968360361e-01 1.6838334632e-08
1708 2.0973057445e-01 1.3707230308e-08
1709 2.0984662113e-01 1.2384496404e-08
1710 2.0995424512e-01 1.6639964850e-08
1711 2.0994646908e-01 1.7009218211e-08
1712 2.1003646938e-01 1.5879988913e-08
1713 2.1011945266e-01 1.5798951756e-08
1714 2.1010139736e-01 1.3704383934e-08
1715 2.1008739432e-01 1.1445391043e-08
1716 2.1012751105e-01 2.2429796875e-08
1717 2.1014241230e-01 3.0245952489e-08
1718 2.1010197707e-01 2.3274408568e-08
1719 2.1009505666e-01 1.2975082139e-08
1720 2.1011705337e-01 1.1165134529e-08
1721 2.1010573218e-01 1.1142774677e-08
1722 2.1008253233e-01 1.1261013470e-08
1723 2.1006871958e-01 1.4757200739e-08
1724 2.1001901696e-01 1.5439687233e-08
1725 2.0994315223e-01 1.2478712641e-08
1726 2.0986686871e-01 1.0320695258e-08
1727 2.0969976883e-01 1.0697533503e-08
1728 2.0963398032e-01 1.1631874552e-08
1729 2.0940744737e-01 1.0761441248e-08
1730 2.0932658582e-01 1.0769827406e-08
1731 2.0931392393e-01 1.1567833215e-08
1732 2.0906613020e-01 1.4790846717e-08
1733 2.0918163726e-01 1.4611307049e-08
1734 2.0891989723e-01 1.3971390290e-08
1735 2.0886014186e-01 1.3245387557e-08
1736 2.0888503992e-01 1.2954418774e-08
1737 2.0868258260e-01 1.4336259907e-08
1738 2.0887637395e-01 1.4611723054e-08
1739 2.0872745396e-01 1.3667450412e-08
1740 2.0862825602e-01 1.3317529623e-08
1741 2.0872576559e-01 1.5458736605e-08
1742 2.0862293096e-01 1.4866091198e-08
1743 2.0864323730e-01 1.2720167046e-08
1744 2.0875387669e-01 1.2946447684e-08
1745 2.0851958240e-01 1.3536487041e-08
1746 2.0904472744e-01 1.3129784669e-08
1747 2.0848663455e-01 1.8604375855e-08
1748 2.0925092533e-01 1.7468020730e-08
1749 2.0862842561e-01 1.4034157235e-08
1750 2.0948488675e-01 1.4422935658e-08
1751 2.0909553520e-01 1.8684051254e-08
1752 2.0970049202e-01 1.8523067811e-08
1753 2.0973135452e-01 1.8681222789e-08
1754 2.0990149825e-01 1.9214100312e-08
1755 2.1011592118e-01 1.6868122684e-08
1756 2.1009958279e-01 1.5466746349e-08
1757 2.1033984739e-01 1.9969813636e-08
1758 2.1051348126e-01 2.3644696787e-08
1759 2.1058262248e-01 2.9243739539e-08
1760 2.1076415857e-01 3.3285748768e-08
1761 2.1074207329e-01 2.2870623246e-08
1762 2.1083140034e-01 1.9925958009e-08
1763 2.1085286017e-01 2.8163744173e-08
1764 2.1067806635e-01 2.5595828663e-08
1765 2.1067965467e-01 1.8291195878e-08
1766 2.1049799360e-01 1.9150591483e-08
1767 2.1033640131e-01 2.3804770608e-08
1768 2.1019758148e-01 2.3190790289e-08
1769 2.0993558438e-01 1.8157811359e-08
1770 2.0976799601e-01 3.0110486911e-08
1771 2.0954620356e-01 3.6324659483e-08
1772 2.0923876002e-01 2.4547606492e-08
1773 2.0898763770e-01 2.1303764755e-08
1774 2.0875724108e-01 1.9234861817e-08
1775 2.0854947669e-01 2.4374441869e-08
1776 2.0836084565e-01 2.1214285476e-08
1777 2.0823680327e-01 2.2011344970e-08
1778 2.0821154586e-01 2.1836180339e-08
1779 2.0824920269e-01 2.1783607665e-08
1780 2.0822599744e-01 2.5989042821e-08
1781 2.0815905440e-01 2.7639315922e-08
1782 2.0816788084e-01 2.4855967751e-08
1783 2.0814106652e-01 3.8447738255e-08
1784 2.0805854169e-01 2.2762009708e-08
1785 2.0808469239e-01 3.6104287722e-08
1786 2.0814103756e-01 2.2681798201e-08
1787 2.0818545522e-01 3.6940921124e-08
1788 2.0826097558e-01 3.5971239698e-08
1789 2.0840765399e-01 2.5905263416e-08
1790 2.0863691592e-01 3.1004615051e-08
1791 2.0880085882e-01 2.3310327238e-08
1792 2.0882225789e-01 2.4537549334e-08
1793 2.0879403246e-01 2.5021610938e-08
1794 2.0882943634e-01 2.3654740605e-08
1795 2.0874977804e-01 4.9310593967e-08
1796 2.0854762096e-01 4.9358852673e-08
1797 2.0834478857e-01 2.7719998192e-08
1798 2.0827357527e-01 3.8730237546e-08
1799 2.0833353318e-01 3.6834402154e-08
1800 2.0842092385e-01 3.0934368588e-08
1801 2.0838853390e-01 2.9562099810e-08
1802 2.0848018361e-01 3.8874566739e-08
1803 2.0861380954e-01 3.9990330412e-08
1804 2.0872201669e-01 3.0362261903e-08
1805 2.0895767303e-01 2.8206040248e-08
1806 2.0932116893e-01 2.8971919460e-08
1807 2.0974689513e-01 4.0797889757e-08
1808 2.1012296413e-01 5.5525747648e-08
1809 2.1055590632e-01 5.0657472826e-08
1810 2.1107353699e-01 3.3182571296e-08
1811 2.1166044048e-01 3.6015619307e-08
1812 2.1206726598e-01 5.3836834162e-08
1813 2.1226501647e-01 4.4922765149e-08
1814 2.1242216502e-01 3.0205808093e-08
1815 2.1262283887e-01 3.8159200175e-08
1816 2.1264357762e-01 3.0131516859e-08
1817 2.1249768403e-01 2.4709466777e-08
1818 2.1248949190e-01 2.2321909367e-08
1819 2.1245272831e-01 2.6976173981e-08
1820 2.1210103588e-01 2.4855559032e-08
1821 2.1165624187e-01 4.1814672455e-08
1822 2.1123178867e-01 4.1689088508e-08
1823 2.1073696566e-01 3.3099663385e-08
1824 2.1018288993e-01 3.0508177876e-08
1825 2.0954586132e-01 2.3722054776e-08
1826 2.0902219342e-01 2.2526462839e-08
1827 2.0863304566e-01 2.6893973154e-08
1828 2.0826321268e-01 4.1990431730e-08
1829 2.0790742773e-01 5.0949491695e-08
1830 2.0753831280e-01 3.3644444953e-08
1831 2.0736442578e-01 2.0431068190e-08
1832 2.0727272576e-01 3.7697221647e-08
1833 2.0721448082e-01 6.2662688749e-08
1834 2.0724682828e-01 5.9605363531e-08
1835 2.0740999782e-01 2.1887629233e-08
1836 2.0753495562e-01 3.1087542566e-08
1837 2.0768876831e-01 2.3454196862e-08
1838 2.0799505636e-01 2.3239171740e-08
1839 2.0842645926e-01 2.1540962416e-08
1840 2.0887170575e-01 2.9068800771e-08
1841 2.0924938036e-01 3.0905229394e-08
1842 2.0967197234e-01 2.4598930240e-08
1843 2.1014313279e-01 1.9695530541e-08
1844 2.1061845102e-01 1.9010023482e-08
1845 2.1108495026e-01 3.2338579143e-08
1846 2.1142788443e-01 4.1026819877e-08
1847 2.1177467588e-01 2.3623420915e-08
1848 2.1221651275e-01 2.8919376195e-08
1849 2.1256053308e-01 2.6595014559e-08
1850 2.1269892360e-01 1.8863302700e-08
1851 2.1272676026e-01 1.6067914535e-08
1852 2.1261251540e-01 1.7490521623e-08
1853 2.1241816148e-01 2.7157979955e-08
1854 2.1231864719e-01 2.8963653586e-08
1855 2.1234650739e-01 1.5684022709e-08
1856 2.1234416564e-01 1.4089696739e-08
1857 2.1228416441e-01 1.5494180838e-08
1858 2.1216811586e-01 1.9102718705e-08
1859 2.1205121037e-01 2.1419997892e-08
1860 2.1193234533e-01 1.7331231550e-08
1861 2.1175005532e-01 1.4516106618e-08
1862 2.1150902495e-01 2.0496155896e-08
1863 2.1131945070e-01 1.9348872221e-08
1864 2.1116934570e-01 1.5993108616e-08
1865 2.1102711377e-01 1.3027380865e-08
1866 2.1089592441e-01 1.6901842787e-08
1867 2.1080172856e-01 2.5247539489e-08
1868 2.1073445651e-01 2.7535000982e-08
1869 2.1066387808e-01 2.2762332535e-08
1870 2.1056282793e-01 1.6041740778e-08
1871 2.1045880051e-01 1.1620898784e-08
1872 2.1035643393e-01 1.7859863848e-08
1873 2.1022891883e-01 2.3230123719e-08
1874 2.1008307410e-01 1.8171871643e-08
1875 2.0999666352e-01 1.1097780576e-08
1876 2.0998168603e-01 1.0881511600e-08
1877 2.0995187105e-01 1.1637349251e-08
1878 2.0991953578e-01 1.0727480175e-08
1879 2.0989103163e-01 1.1808897878e-08
1880 2.0985114828e-01 1.6623205989e-08
1881 2.0985051692e-01 1.4246234732e-08
1882 2.0987303217e-01 9.7448069914e-09
1883 2.0987642690e-01 9.8763147307e-09
1884 2.0987029029e-01 1.1182207982e-08
1885 2.0990533404e-01 1.1573377852e-08
1886 2.0999090478e-01 1.1060641223e-08
1887 2.1011261859e-01 1.0576946185e-08
1888 2.1026466918e-01 9.6887217217e-09
1889 2.1040824620e-01 9.5586971898e-09
1890 2.1047462325e-01 1.1310913199e-08
1891 2.1045960511e-01 1.2888187102e-08
1892 2.1043888050e-01 1.0385938101e-08
1893 2.1042390833e-01 1.0690572053e-08
1894 2.1038710519e-01 1.2237723721e-08
1895 2.1042457113e-01 1.3920239235e-08
1896 2.1056744631e-01 2.0076282577e-08
1897 2.1071344850e-01 2.0675012560e-08
1898 2.1081771499e-01 1.3674426451e-08
1899 2.1093139795e-01 1.2220060042e-08
1900 2.1106858136e-01 1.5298660821e-08
1901 2.1120267789e-01 1.3281671251e-08
1902 2.1130443194e-01 1.2221158834e-08
1903 2.1138019575e-01 1.3820356329e-08
1904 2.1144210847e-01 9.8407057205e-09
1905 2.1146174999e-01 1.5266561635e-08
1906 2.1146986621e-01 1.6759440045e-08
1907 2.1150974609e-01 1.1886568719e-08
1908 2.1154843079e-01 1.1320081012e-08
1909 2.1157410618e-01 1.0460347340e-08
1910 2.1155263286e-01 1.0395437667e-08
1911 2.1145169626e-01 1.4191953438e-08
1912 2.1129500689e-01 1.7728553427e-08
1913 2.1108678634e-01 1.9404705100e-08
1914 2.1080317379e-01 2.0971679276e-08
1915 2.1049304638e-01 1.9275939488e-08
1916 2.1017844151e-01 1.5293881214e-08
1917 2.0985139609e-01 1.2258560431e-08
1918 2.0950124901e-01 1.3536686341e-08
1919 2.0907444152e-01 1.7636609050e-08
1920 2.0864205302e-01 1.5793512512e-08
1921 2.0824706463e-01 1.2646383980e-08
1922 2.0790355386e-01 1.1170703878e-08
1923 2.0764504248e-01 1.1719456194e-08
1924 2.0741357675e-01 1.1814937056e-08
1925 2.0726102424e-01 1.6223435587e-08
1926 2.0713731890e-01 1.7856039782e-08
1927 2.0705404351e-01 2.5056575486e-08
1928 2.0708193014e-01 2.4690638093e-08
1929 2.0719249277e-01 1.5023102725e-08
1930 2.0730114341e-01 1.9122179614e-08
1931 2.0743222353e-01 2.8964048678e-08
1932 2.0754918591e-01 2.5237200690e-08
1933 2.0758245803e-01 1.6318549331e-08
1934 2.0759479949e-01 2.2534879182e-08
1935 2.0766853656e-01 2.5027430114e-08
1936 2.0777596385e-01 2.0545124982e-08
1937 2.0787230126e-01 2.3522370005e-08
1938 2.0798356598e-01 1.8823556061e-08
1939 2.0809564505e-01 2.8789691763e-08
1940 2.0817042074e-01 3.1906162276e-08
1941 2.0820623960e-01 1.6693166060e-08
1942 2.0822932444e-01 1.6134085180e-08
1943 2.0823246074e-01 1.2577150523e-08
1944 2.0825600610e-01 1.3951080581e-08
1945 2.0831813330e-01 2.1069866791e-08
1946 2.0835758436e-01 1.7421769470e-08
1947 2.0833132082e-01 1.7951730093e-08
1948 2.0824415594e-01 2.2724768862e-08
1949 2.0816913799e-01 1.4396761505e-08
1950 2.0808123961e-01 1.5210763467e-08
1951 2.0797203462e-01 1.2457537137e-08
1952 2.0791558707e-01 1.2641230933e-08
1953 2.0785938917e-01 1.5336569579e-08
1954 2.0776090332e-01 2.6489213294e-08
1955 2.0770921357e-01 2.0707445539e-08
1956 2.0768164571e-01 1.3634576738e-08
1957 2.0765052430e-01 1.3588129777e-08
1958 2.0757958556e-01 1.3673946314e-08
1959 2.0746330372e-01 1.6034156674e-08
1960 2.0735029576e-01 2.5315293276e-08
1961 2.0721806870e-01 1.7496660116e-08
1962 2.0696361978e-01 1.2923740171e-08
1963 2.0677121462e-01 1.2550933943e-08
1964 2.0660206831e-01 1.2478215504e-08
1965 2.0645581820e-01 1.3738646725e-08
1966 2.0633631824e-01 1.2715539806e-08
1967 2.0615576887e-01 1.7947706686e-08
1968 2.0589835965e-01 1.2904031698e-08
1969 2.0557196100e-01 1.3385679869e-08
1970 2.0508499783e-01 1.2557884628e-08
1971 2.0491954806e-01 1.3735391016e-08
1972 2.0452999636e-01 1.2893165209e-08
1973 2.0424043129e-01 1.2519282414e-08
1974 2.0436776657e-01 1.6001769702e-08
1975 2.0354355553e-01 2.1610619061e-08
1976 2.0397133316e-01 1.0563636432e-08
1977 2.0304913196e-01 1.6536425131e-08
1978 2.0381268289e-01 9.9014340986e-09
1979 2.0339547788e-01 1.6478788457e-08
1980 2.0269586893e-01 1.2619684353e-08
1981 2.0351097732e-01 9.6552958688e-09
1982 2.0251397485e-01 1.0742104079e-08
1983 2.0286141818e-01 1.1610982502e-08
1984 2.0264991097e-01 1.0800668680e-08
1985 2.0261673147e-01 1.2898334905e-08
1986 2.0283137265e-01 1.1545041984e-08
1987 2.0276379527e-01 1.2350903281e-08
1988 2.0290999433e-01 1.2840359354e-08
1989 2.0301358318e-01 1.2109134448e-08
1990 2.0317263451e-01 1.2267844867e-08
1991 2.0339560826e-01 1.5588585177e-08
1992 2.0367121730e-01 1.6163907006e-08
1993 2.0403814519e-01 1.3736065355e-08
1994 2.0436442906e-01 1.2038605196e-08
1995 2.0468701091e-01 1.1675918671e-08
1996 2.0498726771e-01 1.3289537764e-08
1997 2.0525133301e-01 1.8896450745e-08
1998 2.0545225885e-01 2.2864559627e-08
1999 2.0557418889e-01 2.2073987962e-08
