iter rel_error rel_residual
0 2.6578348829e+01 3.7530164237e-01
1 2.5334885413e+01 1.8071177064e-01
2 2.3998825362e+01 1.1253835654e-01
3 2.2594787344e+01 8.3224751341e-02
4 2.0655875759e+01 5.4057817037e-02
5 1.8645707994e+01 4.2988230189e-02
6 1.6797713066e+01 3.2087091404e-02
7 1.5529429756e+01 2.5506972817e-02
8 1.4636716158e+01 2.0658858246e-02
9 1.3801560649e+01 1.7221750124e-02
10 1.2867939534e+01 1.5157300438e-02
11 1.1901444111e+01 1.1956385218e-02
12 1.0970483388e+01 1.0663291297e-02
13 1.0056300160e+01 8.6485564970e-03
14 9.1757860526e+00 8.2812841732e-03
15 8.3484358453e+00 6.8308602730e-03
16 7.6351541312e+00 6.3210345858e-03
17 6.9505661414e+00 5.4172957451e-03
18 6.3797976418e+00 4.8103981390e-03
19 5.8450007887e+00 4.4917318190e-03
20 5.3697766946e+00 3.8737434216e-03
21 5.0242970049e+00 3.5966509359e-03
22 4.7540159648e+00 3.2701289251e-03
23 4.5583190185e+00 3.0107151200e-03
24 4.3968413890e+00 2.7884028197e-03
25 4.2653594020e+00 2.6090044772e-03
26 4.1744905850e+00 2.4222447055e-03
27 4.1128797886e+00 2.3120336319e-03
28 4.0737789384e+00 2.0733423734e-03
29 4.0403966231e+00 1.9643126174e-03
30 4.0009472964e+00 1.8708594176e-03
31 3.9594533084e+00 1.7765439860e-03
32 3.9182578680e+00 1.6935315200e-03
33 3.8733093928e+00 1.5784415920e-03
34 3.8239174649e+00 1.5108628383e-03
35 3.7754218348e+00 1.4037977285e-03
36 3.7248330496e+00 1.3206454569e-03
37 3.6668333636e+00 1.2877104896e-03
38 3.6102367097e+00 1.1968937049e-03
39 3.5597737941e+00 1.1203483882e-03
40 3.5093678745e+00 1.0420404007e-03
41 3.4667766363e+00 9.8486493297e-04
42 3.4255996561e+00 9.5564960045e-04
43 3.3865822260e+00 9.0245686633e-04
44 3.3545409841e+00 8.7558766095e-04
45 3.3289195876e+00 8.1571705014e-04
46 3.3080375070e+00 7.8357492199e-04
47 3.2913026066e+00 7.3825998554e-04
48 3.2756632433e+00 7.2524036930e-04
49 3.2606445522e+00 6.8443906525e-04
50 3.2452052691e+00 6.6748522103e-04
51 3.2307886272e+00 6.2050004798e-04
52 3.2167019303e+00 6.0539061303e-04
53 3.2015932776e+00 5.7792855997e-04
54 3.1861835338e+00 5.4792739149e-04
55 3.1691503999e+00 5.4282433725e-04
56 3.1514482864e+00 5.0327653781e-04
57 3.1341774680e+00 5.1663433385e-04
58 3.1176635309e+00 4.7010572782e-04
59 3.1030537027e+00 4.6868938603e-04
60 3.0892217376e+00 4.4268498387e-04
61 3.0760993198e+00 4.2764804198e-04
62 3.0634222886e+00 4.2913368882e-04
63 3.0522677896e+00 4.0030267555e-04
64 3.0418662755e+00 4.0938407808e-04
65 3.0324601741e+00 3.7991718026e-04
66 3.0237915678e+00 3.8838486789e-04
67 3.0149432531e+00 3.6659357539e-04
68 3.0063272509e+00 3.5932234974e-04
69 2.9978128923e+00 3.5261156671e-04
70 2.9896309104e+00 3.3084378580e-04
71 2.9821128903e+00 3.2656434388e-04
72 2.9743190768e+00 3.0744258654e-04
73 2.9665573026e+00 2.9788509706e-04
74 2.9587433401e+00 2.8939480409e-04
75 2.9503639035e+00 2.7302818258e-04
76 2.9427431909e+00 2.6887246040e-04
77 2.9361138394e+00 2.5709329240e-04
78 2.9295436673e+00 2.5476308740e-04
79 2.9235103924e+00 2.4256037757e-04
80 2.9180796540e+00 2.4176950536e-04
81 2.9122656637e+00 2.3739867639e-04
82 2.9065308318e+00 2.3521382993e-04
83 2.9010020441e+00 2.2723022723e-04
84 2.8952246466e+00 2.2606713504e-04
85 2.8894562048e+00 2.2482682682e-04
86 2.8840295029e+00 2.1539804437e-04
87 2.8777171977e+00 2.1786270243e-04
88 2.8716601326e+00 2.0719526604e-04
89 2.8658207002e+00 2.0687862353e-04
90 2.8598105951e+00 1.9740557974e-04
91 2.8535044627e+00 1.9705357596e-04
92 2.8467618462e+00 1.9718288808e-04
93 2.8402825604e+00 1.8746799334e-04
94 2.8340474557e+00 1.8957121459e-04
95 2.8277994841e+00 1.8367300957e-04
96 2.8216172214e+00 1.8346519405e-04
97 2.8157998456e+00 1.7930428635e-04
98 2.8100700605e+00 1.7376485090e-04
99 2.8048660680e+00 1.6744144592e-04
100 2.7999894218e+00 1.6513399114e-04
101 2.7953384466e+00 1.5984471604e-04
102 2.7906246134e+00 1.6227715027e-04
103 2.7861622788e+00 1.5916117743e-04
104 2.7815796970e+00 1.5486798005e-04
105 2.7771896290e+00 1.5311113541e-04
106 2.7730112211e+00 1.4800579602e-04
107 2.7690330827e+00 1.4776339320e-04
108 2.7644329416e+00 1.4299180299e-04
109 2.7600591622e+00 1.4418253352e-04
110 2.7557578085e+00 1.3794345086e-04
111 2.7509933734e+00 1.3959145188e-04
112 2.7462281239e+00 1.3450296038e-04
113 2.7416924379e+00 1.3791711616e-04
114 2.7369804628e+00 1.3262362656e-04
115 2.7325575407e+00 1.3384906653e-04
116 2.7283440152e+00 1.3144210884e-04
117 2.7240158209e+00 1.3094430871e-04
118 2.7200328770e+00 1.2790328273e-04
119 2.7165737363e+00 1.2564895768e-04
120 2.7128546289e+00 1.2204346475e-04
121 2.7094310352e+00 1.2101524949e-04
122 2.7058462836e+00 1.1905865320e-04
123 2.7022876085e+00 1.1625077197e-04
124 2.6988769744e+00 1.1127781520e-04
125 2.6954657750e+00 1.1273233526e-04
126 2.6919376783e+00 1.0846607583e-04
127 2.6888372329e+00 1.0845397084e-04
128 2.6856067370e+00 1.0479186801e-04
129 2.6825221359e+00 1.0356820963e-04
130 2.6793426641e+00 1.0104770997e-04
131 2.6761344350e+00 1.0258657363e-04
132 2.6729680884e+00 9.6866066472e-05
133 2.6700647703e+00 9.7135402251e-05
134 2.6672592807e+00 9.1711834194e-05
135 2.6644361315e+00 9.4764503591e-05
136 2.6616824607e+00 8.8868748385e-05
137 2.6589750980e+00 9.1262145937e-05
138 2.6560989723e+00 8.6211304053e-05
139 2.6534394249e+00 8.5250772478e-05
140 2.6505937664e+00 8.6655434561e-05
141 2.6477441093e+00 8.3819871518e-05
142 2.6451063026e+00 8.3317854559e-05
143 2.6421742688e+00 8.0777160202e-05
144 2.6391743749e+00 8.4675000898e-05
145 2.6360332583e+00 8.2172385373e-05
146 2.6326619903e+00 8.2668945046e-05
147 2.6295900679e+00 8.0561332132e-05
148 2.6264018954e+00 8.0864073329e-05
149 2.6232483767e+00 7.8882940867e-05
150 2.6200321085e+00 7.8382433699e-05
151 2.6170168068e+00 7.8182365147e-05
152 2.6137157467e+00 7.8876730469e-05
153 2.6106782085e+00 7.6626813015e-05
154 2.6074939606e+00 7.8601029984e-05
155 2.6044793381e+00 7.4705927466e-05
156 2.6017052935e+00 7.3168451867e-05
157 2.5987919113e+00 7.2133721683e-05
158 2.5958245657e+00 7.0585846701e-05
159 2.5929136906e+00 7.0173447348e-05
160 2.5898993680e+00 6.8249394267e-05
161 2.5869569550e+00 6.6512506669e-05
162 2.5840405059e+00 6.6944971846e-05
163 2.5810313493e+00 6.5709105262e-05
164 2.5782933551e+00 6.5858302957e-05
165 2.5754793450e+00 6.4020006374e-05
166 2.5726797417e+00 6.5126641504e-05
167 2.5701261821e+00 6.3184758046e-05
168 2.5674145872e+00 6.4359766590e-05
169 2.5647321596e+00 6.3355519248e-05
170 2.5621299767e+00 6.3627611557e-05
171 2.5596354153e+00 6.2788765978e-05
172 2.5570040604e+00 6.0945160103e-05
173 2.5546322656e+00 6.0705075242e-05
174 2.5518706927e+00 6.0677349744e-05
175 2.5493171420e+00 5.9124415941e-05
176 2.5466470153e+00 5.8260024567e-05
177 2.5438691256e+00 5.7723638951e-05
178 2.5411211848e+00 5.5706654331e-05
179 2.5385540864e+00 5.5046869811e-05
180 2.5360392901e+00 5.4290168338e-05
181 2.5336638232e+00 5.3083624140e-05
182 2.5311616837e+00 5.2839946141e-05
183 2.5287601397e+00 5.2323231224e-05
184 2.5263087793e+00 5.1249685811e-05
185 2.5239473853e+00 5.1219414706e-05
186 2.5214759813e+00 5.0157247092e-05
187 2.5190158012e+00 4.9499998876e-05
188 2.5166949271e+00 4.9548948259e-05
189 2.5143460751e+00 4.8441473579e-05
190 2.5120011479e+00 4.9361024788e-05
191 2.5097083492e+00 4.7954912699e-05
192 2.5075077236e+00 4.7760391668e-05
193 2.5052575672e+00 4.7291156524e-05
194 2.5030011908e+00 4.8441244563e-05
195 2.5006309398e+00 4.7304758306e-05
196 2.4982265604e+00 4.8254710325e-05
197 2.4957817686e+00 4.6815991877e-05
198 2.4934958465e+00 4.6234412025e-05
199 2.4911930570e+00 4.6025324982e-05
200 2.4887941468e+00 4.5518723336e-05
201 2.4864978159e+00 4.5968806028e-05
202 2.4840729288e+00 4.4557743939e-05
203 2.4817591817e+00 4.4733811139e-05
204 2.4794158785e+00 4.3801364285e-05
205 2.4771455158e+00 4.4025784609e-05
206 2.4748199402e+00 4.2821686417e-05
207 2.4726870707e+00 4.2013210867e-05
208 2.4706630998e+00 4.1407226033e-05
209 2.4686074104e+00 4.1296379241e-05
210 2.4663842317e+00 4.1153872389e-05
211 2.4643032753e+00 4.0633686630e-05
212 2.4622113253e+00 4.0061068250e-05
213 2.4601511404e+00 3.8875485365e-05
214 2.4582076410e+00 3.8356673116e-05
215 2.4561602724e+00 3.8339092584e-05
216 2.4539796407e+00 3.8342487763e-05
217 2.4519863315e+00 3.7360158182e-05
218 2.4499957298e+00 3.6879018251e-05
219 2.4480367105e+00 3.6203201548e-05
220 2.4461530669e+00 3.6161223785e-05
221 2.4442525666e+00 3.5675161851e-05
222 2.4423280132e+00 3.5145150649e-05
223 2.4403558427e+00 3.5508200468e-05
224 2.4383866302e+00 3.4542926308e-05
225 2.4365321396e+00 3.4307376471e-05
226 2.4347768385e+00 3.3345035433e-05
227 2.4329044057e+00 3.4434591187e-05
228 2.4309104215e+00 3.3627393930e-05
229 2.4288922282e+00 3.3685163804e-05
230 2.4269263048e+00 3.2719657338e-05
231 2.4250304229e+00 3.2916322582e-05
232 2.4232363196e+00 3.2169928556e-05
233 2.4212844193e+00 3.2248737768e-05
234 2.4192437218e+00 3.1951192140e-05
235 2.4173315967e+00 3.1294361918e-05
236 2.4153719593e+00 3.1816345136e-05
237 2.4133649254e+00 3.1104302078e-05
238 2.4114518635e+00 3.0184631291e-05
239 2.4096641648e+00 3.0067297108e-05
240 2.4077906849e+00 2.9535780107e-05
241 2.4060577644e+00 2.8968400743e-05
242 2.4042447503e+00 2.9487394038e-05
243 2.4022776466e+00 2.8644441902e-05
244 2.4005088567e+00 2.8350231017e-05
245 2.3986574336e+00 2.8228647753e-05
246 2.3967684947e+00 2.8226711779e-05
247 2.3949417267e+00 2.7483483135e-05
248 2.3931720592e+00 2.7202587069e-05
249 2.3913701619e+00 2.6971914768e-05
250 2.3895823466e+00 2.6369969579e-05
251 2.3878433984e+00 2.5877231355e-05
252 2.3860611400e+00 2.6532643590e-05
253 2.3843071573e+00 2.5660023425e-05
254 2.3825076389e+00 2.6210236673e-05
255 2.3806252261e+00 2.6066300358e-05
256 2.3787945344e+00 2.5473527205e-05
257 2.3770598772e+00 2.5375010796e-05
258 2.3753179416e+00 2.4593242690e-05
259 2.3735629064e+00 2.4781074575e-05
260 2.3716890389e+00 2.4793299820e-05
261 2.3699189790e+00 2.4308372046e-05
262 2.3681943681e+00 2.4308786946e-05
263 2.3665557416e+00 2.3224136920e-05
264 2.3649628141e+00 2.3919691668e-05
265 2.3631983132e+00 2.3980454024e-05
266 2.3613255208e+00 2.4093335564e-05
267 2.3594376993e+00 2.4025245882e-05
268 2.3575737071e+00 2.3569601219e-05
269 2.3556947536e+00 2.3693913264e-05
270 2.3538494389e+00 2.2928934065e-05
271 2.3520437281e+00 2.3601133651e-05
272 2.3501416779e+00 2.3240137044e-05
273 2.3482455489e+00 2.3061606319e-05
274 2.3463530799e+00 2.2179058526e-05
275 2.3445776666e+00 2.2739313813e-05
276 2.3427175926e+00 2.2294883620e-05
277 2.3409265280e+00 2.2147188637e-05
278 2.3391757339e+00 2.1595824808e-05
279 2.3375552515e+00 2.1050372293e-05
280 2.3359783998e+00 2.1331601317e-05
281 2.3342632333e+00 2.1115114037e-05
282 2.3325094824e+00 2.1551888907e-05
283 2.3307046387e+00 2.1046477692e-05
284 2.3289408842e+00 2.1339257680e-05
285 2.3271398258e+00 2.1230798172e-05
286 2.3252322111e+00 2.1850883896e-05
287 2.3232457563e+00 2.1776293876e-05
288 2.3212621259e+00 2.1500421483e-05
289 2.3194083010e+00 2.1274226123e-05
290 2.3174862274e+00 2.1868507714e-05
291 2.3154930293e+00 2.1559830808e-05
292 2.3135286924e+00 2.1755961868e-05
293 2.3115290391e+00 2.1580047572e-05
294 2.3095209934e+00 2.1243434879e-05
295 2.3075669021e+00 2.1337550284e-05
296 2.3054335706e+00 2.1392429250e-05
297 2.3034195583e+00 2.0765631011e-05
298 2.3015004898e+00 2.0948331152e-05
299 2.2996888605e+00 1.9855863188e-05
300 2.2978026402e+00 2.1248447700e-05
301 2.2957584028e+00 2.0733511061e-05
302 2.2936429663e+00 2.1170045243e-05
303 2.2915186028e+00 2.0375142720e-05
304 2.2895112798e+00 2.0455346744e-05
305 2.2875795445e+00 1.9774817711e-05
306 2.2856205906e+00 2.0190415775e-05
307 2.2835920957e+00 1.9889641667e-05
308 2.2814458769e+00 2.0392037616e-05
309 2.2792601045e+00 2.0063302886e-05
310 2.2770552860e+00 2.0217386128e-05
311 2.2749080039e+00 1.9790212002e-05
312 2.2728946820e+00 1.9567046728e-05
313 2.2708984521e+00 1.9345774421e-05
314 2.2689398763e+00 1.9357239578e-05
315 2.2668966930e+00 1.9158376919e-05
316 2.2647960502e+00 1.9426441790e-05
317 2.2626553544e+00 1.9583628007e-05
318 2.2604404853e+00 1.9262928576e-05
319 2.2583007416e+00 1.9413622570e-05
320 2.2561241816e+00 1.8855617781e-05
321 2.2539616196e+00 1.9640069670e-05
322 2.2517735358e+00 1.8863698528e-05
323 2.2498267794e+00 1.8869554833e-05
324 2.2479761735e+00 1.8588367299e-05
325 2.2459191447e+00 1.8944134764e-05
326 2.2438277816e+00 1.8452139003e-05
327 2.2418514790e+00 1.8551339573e-05
328 2.2399137334e+00 1.7891995294e-05
329 2.2379329783e+00 1.8466739970e-05
330 2.2358239336e+00 1.8246776538e-05
331 2.2336592090e+00 1.8479704876e-05
332 2.2314316884e+00 1.8307218240e-05
333 2.2292730451e+00 1.8199842899e-05
334 2.2271139421e+00 1.8038401998e-05
335 2.2249302832e+00 1.8290706105e-05
336 2.2227929351e+00 1.7888037965e-05
337 2.2206920319e+00 1.8162644756e-05
338 2.2184527814e+00 1.7979255860e-05
339 2.2162205407e+00 1.8032969918e-05
340 2.2139935409e+00 1.7858915694e-05
341 2.2117927222e+00 1.7859843221e-05
342 2.2097359815e+00 1.7292464294e-05
343 2.2076864064e+00 1.7889229474e-05
344 2.2055661075e+00 1.7362005431e-05
345 2.2033796946e+00 1.7730819435e-05
346 2.2012044148e+00 1.7379148744e-05
347 2.1989253130e+00 1.7807212864e-05
348 2.1966427752e+00 1.7452185537e-05
349 2.1945239341e+00 1.7252255660e-05
350 2.1925253565e+00 1.7010451917e-05
351 2.1903555839e+00 1.7186080171e-05
352 2.1881372720e+00 1.7336369345e-05
353 2.1859044161e+00 1.7714725807e-05
354 2.1835042926e+00 1.7388776116e-05
355 2.1812031432e+00 1.7305835832e-05
356 2.1788461119e+00 1.7133365034e-05
357 2.1766597372e+00 1.7258756111e-05
358 2.1744308129e+00 1.6762696100e-05
359 2.1722320041e+00 1.7286745919e-05
360 2.1699639298e+00 1.6881161293e-05
361 2.1678161227e+00 1.6858426871e-05
362 2.1656508872e+00 1.6170202112e-05
363 2.1636620179e+00 1.6232803194e-05
364 2.1615920171e+00 1.6443841112e-05
365 2.1594822568e+00 1.6410972812e-05
366 2.1573272657e+00 1.6533047047e-05
367 2.1551661542e+00 1.6099425579e-05
368 2.1529856064e+00 1.6315864204e-05
369 2.1508031078e+00 1.6151975995e-05
370 2.1486400893e+00 1.6163817451e-05
371 2.1464128975e+00 1.6129510014e-05
372 2.1442958842e+00 1.5892593583e-05
373 2.1423289109e+00 1.5632455576e-05
374 2.1403570447e+00 1.5849269650e-05
375 2.1382307134e+00 1.5765646668e-05
376 2.1360389850e+00 1.5806974770e-05
377 2.1339790690e+00 1.5751495557e-05
378 2.1318960878e+00 1.5928468957e-05
379 2.1296744358e+00 1.5998472838e-05
380 2.1273330974e+00 1.6080311206e-05
381 2.1251011967e+00 1.5806434217e-05
382 2.1230830053e+00 1.5506044313e-05
383 2.1211631618e+00 1.5384158307e-05
384 2.1190935911e+00 1.5453488321e-05
385 2.1169544690e+00 1.5208444550e-05
386 2.1148406125e+00 1.5353788450e-05
387 2.1126677748e+00 1.5084601105e-05
388 2.1106880256e+00 1.4900570670e-05
389 2.1087861910e+00 1.5012496755e-05
390 2.1067976735e+00 1.4779110513e-05
391 2.1047287893e+00 1.5203423690e-05
392 2.1025931529e+00 1.5064192092e-05
393 2.1005129947e+00 1.5090978105e-05
394 2.0984838503e+00 1.4497762300e-05
395 2.0964261712e+00 1.4812631965e-05
396 2.0944026577e+00 1.4354694370e-05
397 2.0924655060e+00 1.4604044434e-05
398 2.0903437049e+00 1.5001484218e-05
399 2.0881573015e+00 1.4742102700e-05
400 2.0858729112e+00 1.4771764855e-05
401 2.0836459660e+00 1.4771238635e-05
402 2.0814254012e+00 1.4722036251e-05
403 2.0792146817e+00 1.4494011453e-05
404 2.0770645281e+00 1.4346761654e-05
405 2.0750043227e+00 1.4146061293e-05
406 2.0729569593e+00 1.4192665462e-05
407 2.0708303281e+00 1.3983568173e-05
408 2.0687838188e+00 1.3792158786e-05
409 2.0667563697e+00 1.3883825869e-05
410 2.0648055223e+00 1.3486063504e-05
411 2.0630437603e+00 1.3254152353e-05
412 2.0612831552e+00 1.3186748883e-05
413 2.0593886879e+00 1.3208702797e-05
414 2.0575195603e+00 1.2933540188e-05
415 2.0557683090e+00 1.2768712240e-05
416 2.0540224352e+00 1.2751152911e-05
417 2.0521575921e+00 1.2935248098e-05
418 2.0502549349e+00 1.2752582136e-05
419 2.0484090830e+00 1.2677754968e-05
420 2.0465595650e+00 1.2498893648e-05
421 2.0448158644e+00 1.2177595404e-05
422 2.0431077303e+00 1.2278050412e-05
423 2.0413710848e+00 1.2569420652e-05
424 2.0395861498e+00 1.2265858413e-05
425 2.0378243179e+00 1.2497406388e-05
426 2.0359745076e+00 1.2507549701e-05
427 2.0341550834e+00 1.2465284239e-05
428 2.0323101266e+00 1.2642228554e-05
429 2.0303876512e+00 1.2457143999e-05
430 2.0285505479e+00 1.2520366061e-05
431 2.0266777538e+00 1.2299827750e-05
432 2.0248807483e+00 1.2221057133e-05
433 2.0230395954e+00 1.2192525720e-05
434 2.0211392177e+00 1.2309881049e-05
435 2.0193383758e+00 1.1953964303e-05
436 2.0178103835e+00 1.1869966851e-05
437 2.0162856299e+00 1.1595539285e-05
438 2.0146010757e+00 1.1857316126e-05
439 2.0128621003e+00 1.1744079083e-05
440 2.0111705631e+00 1.1592302910e-05
441 2.0094868934e+00 1.1739807885e-05
442 2.0077600343e+00 1.1570674958e-05
443 2.0060866050e+00 1.1541324919e-05
444 2.0043676553e+00 1.1321216786e-05
445 2.0027148289e+00 1.1286027802e-05
446 2.0011140839e+00 1.1014609752e-05
447 1.9997009824e+00 1.0860787333e-05
448 1.9982252039e+00 1.1000252809e-05
449 1.9966035593e+00 1.0899470663e-05
450 1.9950471800e+00 1.0842159066e-05
451 1.9935057370e+00 1.0912206423e-05
452 1.9919206988e+00 1.0991049238e-05
453 1.9902886105e+00 1.0885639042e-05
454 1.9886126560e+00 1.1012139447e-05
455 1.9869324648e+00 1.0660197774e-05
456 1.9854202386e+00 1.0519401889e-05
457 1.9840302412e+00 1.0370678616e-05
458 1.9825430158e+00 1.0464663317e-05
459 1.9809360042e+00 1.0557434947e-05
460 1.9792957789e+00 1.0432967272e-05
461 1.9777701897e+00 1.0338286267e-05
462 1.9762813114e+00 1.0219940680e-05
463 1.9747927396e+00 1.0224974423e-05
464 1.9732828846e+00 1.0279567721e-05
465 1.9718255449e+00 9.8085789865e-06
466 1.9704465033e+00 9.9061494477e-06
467 1.9689757916e+00 9.8657283019e-06
468 1.9674699900e+00 1.0143870959e-05
469 1.9660701393e+00 9.6543391384e-06
470 1.9647392975e+00 9.8219440174e-06
471 1.9633541292e+00 9.7547804263e-06
472 1.9618608275e+00 1.0014129360e-05
473 1.9602706418e+00 9.9102113470e-06
474 1.9588478018e+00 9.7375269286e-06
475 1.9574107647e+00 9.7264782396e-06
476 1.9560020320e+00 9.5578691766e-06
477 1.9546203108e+00 9.3214739159e-06
478 1.9532392990e+00 9.5264473497e-06
479 1.9518150160e+00 9.3827354438e-06
480 1.9503106699e+00 9.6114741695e-06
481 1.9488025585e+00 9.2312996257e-06
482 1.9472962917e+00 9.4421346135e-06
483 1.9458519845e+00 9.0777268299e-06
484 1.9444373283e+00 9.0773326684e-06
485 1.9430722299e+00 8.8798037263e-06
486 1.9417833408e+00 8.7507072859e-06
487 1.9405790071e+00 8.5800473491e-06
488 1.9392748580e+00 8.6800637862e-06
489 1.9379531505e+00 8.5325329879e-06
490 1.9366851451e+00 8.4538576449e-06
491 1.9354628169e+00 8.4875728479e-06
492 1.9341783331e+00 8.4813351325e-06
493 1.9328167428e+00 8.6205127611e-06
494 1.9314876316e+00 8.4137019413e-06
495 1.9302101677e+00 8.4170423464e-06
496 1.9290002127e+00 8.2584225262e-06
497 1.9278356883e+00 8.3602635655e-06
498 1.9266520451e+00 8.2645063956e-06
499 1.9254687976e+00 8.3401599067e-06
500 1.9242237672e+00 8.5141390639e-06
501 1.9228627982e+00 8.4111706680e-06
502 1.9215188897e+00 8.3708392586e-06
503 1.9202287760e+00 8.3013373093e-06
504 1.9189393904e+00 8.2458050238e-06
505 1.9176388487e+00 8.4239344588e-06
506 1.9163304895e+00 8.2794753294e-06
507 1.9149783291e+00 8.3853847832e-06
508 1.9136461835e+00 8.1906684422e-06
509 1.9123418783e+00 8.3572680133e-06
510 1.9109313162e+00 8.4757846725e-06
511 1.9094929676e+00 8.3773239298e-06
512 1.9080872543e+00 8.2813114586e-06
513 1.9067427924e+00 8.2628546538e-06
514 1.9054966603e+00 8.2328398061e-06
515 1.9041220852e+00 8.2736003961e-06
516 1.9027249921e+00 8.2785579916e-06
517 1.9012984641e+00 8.0960960056e-06
518 1.8998933966e+00 8.1983629051e-06
519 1.8984738607e+00 8.1293135479e-06
520 1.8971056094e+00 8.0712616471e-06
521 1.8957602672e+00 8.0467902974e-06
522 1.8943639712e+00 8.1984838438e-06
523 1.8929045183e+00 8.2679583286e-06
524 1.8915672584e+00 8.0823630428e-06
525 1.8901468778e+00 8.2910604950e-06
526 1.8886527952e+00 8.3252581215e-06
527 1.8871433360e+00 8.4007562638e-06
528 1.8857084868e+00 8.1513204958e-06
529 1.8843257890e+00 8.2591472551e-06
530 1.8829296930e+00 7.9019076229e-06
531 1.8815184532e+00 8.1764825066e-06
532 1.8801859711e+00 7.7993270593e-06
533 1.8788441316e+00 8.1197357148e-06
534 1.8774205896e+00 7.9393410408e-06
535 1.8760511647e+00 8.0220163185e-06
536 1.8746752964e+00 7.7897823562e-06
537 1.8733363875e+00 7.9530212137e-06
538 1.8718564014e+00 8.0667264775e-06
539 1.8703195167e+00 7.9462309256e-06
540 1.8687979221e+00 8.0879177756e-06
541 1.8672773956e+00 7.9704869008e-06
542 1.8657811648e+00 8.0381109634e-06
543 1.8643065597e+00 7.9790878096e-06
544 1.8628026139e+00 8.0887194206e-06
545 1.8612785592e+00 7.9164241959e-06
546 1.8598262162e+00 7.9729879386e-06
547 1.8584532703e+00 7.9009808643e-06
548 1.8570847840e+00 7.9799512954e-06
549 1.8555268056e+00 8.0941995119e-06
550 1.8539946681e+00 7.9701515069e-06
551 1.8524722909e+00 8.0792725180e-06
552 1.8508985303e+00 8.0919915088e-06
553 1.8493429832e+00 8.0661853112e-06
554 1.8478127658e+00 7.8004455045e-06
555 1.8464446931e+00 7.8589139667e-06
556 1.8450285897e+00 7.8747032517e-06
557 1.8434493863e+00 8.0312144456e-06
558 1.8418435652e+00 7.9464792706e-06
559 1.8403668555e+00 7.8070808498e-06
560 1.8390455806e+00 7.8220998095e-06
561 1.8375688469e+00 7.9253746032e-06
562 1.8359266601e+00 8.0207594609e-06
563 1.8343394448e+00 7.9102235390e-06
564 1.8326915574e+00 7.9730259757e-06
565 1.8310198115e+00 8.1132061120e-06
566 1.8295808252e+00 7.5755783592e-06
567 1.8282664699e+00 7.6737921213e-06
568 1.8267537913e+00 7.7048419697e-06
569 1.8251931047e+00 7.7291370632e-06
570 1.8236893228e+00 7.6268999703e-06
571 1.8223251936e+00 7.3162621782e-06
572 1.8209672563e+00 7.5110588331e-06
573 1.8195458244e+00 7.4573723665e-06
574 1.8181094048e+00 7.5847609046e-06
575 1.8165887564e+00 7.5243420053e-06
576 1.8150957341e+00 7.4811080227e-06
577 1.8136422416e+00 7.3538310941e-06
578 1.8122186790e+00 7.3064640330e-06
579 1.8107547732e+00 7.3909703742e-06
580 1.8093220454e+00 7.2673468312e-06
581 1.8078847383e+00 7.3421940443e-06
582 1.8064248781e+00 7.2443978863e-06
583 1.8049771521e+00 7.3968636123e-06
584 1.8036277027e+00 7.1336099927e-06
585 1.8022525221e+00 7.4033473347e-06
586 1.8007990839e+00 7.2084332610e-06
587 1.7993007916e+00 7.3967483629e-06
588 1.7977590883e+00 7.3089383446e-06
589 1.7962806119e+00 7.2902114306e-06
590 1.7947531980e+00 7.3574057589e-06
591 1.7933172455e+00 7.1880710507e-06
592 1.7919653197e+00 7.1492968268e-06
593 1.7906275535e+00 7.1127401772e-06
594 1.7892693441e+00 7.0686158734e-06
595 1.7878301911e+00 7.1239762414e-06
596 1.7864446642e+00 7.1145258853e-06
597 1.7851072526e+00 6.9331739845e-06
598 1.7837979924e+00 6.9687587205e-06
599 1.7824607030e+00 6.7722651101e-06
600 1.7811859939e+00 6.8101408343e-06
601 1.7799876508e+00 6.6059794083e-06
602 1.7787510875e+00 6.7277642605e-06
603 1.7774185301e+00 6.6212278325e-06
604 1.7760682939e+00 6.7370546234e-06
605 1.7747905801e+00 6.5403096891e-06
606 1.7736271446e+00 6.5257622951e-06
607 1.7725356647e+00 6.3845902030e-06
608 1.7714299373e+00 6.5434831048e-06
609 1.7702101776e+00 6.3479801959e-06
610 1.7689914589e+00 6.4846930020e-06
611 1.7677225119e+00 6.4818469367e-06
612 1.7664832672e+00 6.4704718805e-06
613 1.7651826804e+00 6.5349749373e-06
614 1.7639104806e+00 6.3321307202e-06
615 1.7627266006e+00 6.3977455377e-06
616 1.7616151309e+00 6.2651147535e-06
617 1.7604414148e+00 6.4591570630e-06
618 1.7591453955e+00 6.5135105030e-06
619 1.7578365953e+00 6.3901904764e-06
620 1.7566475980e+00 6.2256142033e-06
621 1.7555126507e+00 6.2358050932e-06
622 1.7542668025e+00 6.2583322533e-06
623 1.7530715272e+00 6.1786066273e-06
624 1.7519529731e+00 6.0502083543e-06
625 1.7508425753e+00 5.9608833202e-06
626 1.7497036121e+00 6.1156231318e-06
627 1.7485554299e+00 5.9616107431e-06
628 1.7475262102e+00 5.9003775840e-06
629 1.7464006442e+00 6.1101919148e-06
630 1.7452108799e+00 5.9382073710e-06
631 1.7440679046e+00 5.9752020010e-06
632 1.7429120426e+00 5.8833435881e-06
633 1.7418045640e+00 5.7838773641e-06
634 1.7407355570e+00 5.7078571988e-06
635 1.7397469667e+00 5.6419737753e-06
636 1.7387074016e+00 5.7678751256e-06
637 1.7376335931e+00 5.7114962474e-06
638 1.7365206620e+00 5.8578247436e-06
639 1.7353502354e+00 5.6866229234e-06
640 1.7342741686e+00 5.6468897245e-06
641 1.7332917369e+00 5.4768992724e-06
642 1.7322860500e+00 5.5866380419e-06
643 1.7311909176e+00 5.4771844660e-06
644 1.7300924953e+00 5.5803656531e-06
645 1.7290505991e+00 5.3364056076e-06
646 1.7280357664e+00 5.4357969922e-06
647 1.7270486505e+00 5.2288588053e-06
648 1.7261290645e+00 5.2459597960e-06
649 1.7251864323e+00 5.1763053399e-06
650 1.7242230092e+00 5.2341026992e-06
651 1.7232198404e+00 5.1589083338e-06
652 1.7222375277e+00 5.1584872022e-06
653 1.7213080690e+00 5.0726088304e-06
654 1.7203977978e+00 5.1695261456e-06
655 1.7194310955e+00 5.1167055809e-06
656 1.7184801187e+00 5.1201010088e-06
657 1.7175562150e+00 5.0781726187e-06
658 1.7166107530e+00 5.1675182463e-06
659 1.7156436154e+00 5.0934303891e-06
660 1.7146835811e+00 5.0763239644e-06
661 1.7138300399e+00 4.8083160252e-06
662 1.7129649396e+00 4.9890858601e-06
663 1.7120304691e+00 5.0133111333e-06
664 1.7111098782e+00 4.8915324521e-06
665 1.7102567247e+00 4.8113114377e-06
666 1.7094066814e+00 4.7552871552e-06
667 1.7085040818e+00 4.8091376131e-06
668 1.7076068605e+00 4.7565117538e-06
669 1.7067243008e+00 4.6613745951e-06
670 1.7059142744e+00 4.5555490235e-06
671 1.7051792508e+00 4.4159640236e-06
672 1.7044569355e+00 4.4883061669e-06
673 1.7036778399e+00 4.4431648170e-06
674 1.7028757281e+00 4.4890752521e-06
675 1.7020836593e+00 4.3717407508e-06
676 1.7012822819e+00 4.4960620939e-06
677 1.7005156689e+00 4.3178777738e-06
678 1.6997528757e+00 4.4870272429e-06
679 1.6988961047e+00 4.4439127745e-06
680 1.6980000307e+00 4.4995243750e-06
681 1.6971130323e+00 4.4747305586e-06
682 1.6962622924e+00 4.4272986534e-06
683 1.6954131353e+00 4.4371303747e-06
684 1.6945792915e+00 4.3605316275e-06
685 1.6937293221e+00 4.4996330198e-06
686 1.6928541378e+00 4.4686068391e-06
687 1.6919828051e+00 4.4185096791e-06
688 1.6911630375e+00 4.3431068284e-06
689 1.6903138556e+00 4.3742353763e-06
690 1.6894035256e+00 4.4142734498e-06
691 1.6885034819e+00 4.3433055982e-06
692 1.6876066292e+00 4.3860510665e-06
693 1.6867152222e+00 4.3527799949e-06
694 1.6858253021e+00 4.4229958529e-06
695 1.6849000219e+00 4.4295257211e-06
696 1.6840235690e+00 4.3728917815e-06
697 1.6831464387e+00 4.3815248285e-06
698 1.6822402344e+00 4.4197360465e-06
699 1.6813677734e+00 4.2481552188e-06
700 1.6805886972e+00 4.3333114206e-06
701 1.6797035827e+00 4.3912166307e-06
702 1.6787875214e+00 4.3041051650e-06
703 1.6778898066e+00 4.4104985956e-06
704 1.6769444165e+00 4.4254971604e-06
705 1.6759816839e+00 4.3676635439e-06
706 1.6750606381e+00 4.3063989537e-06
707 1.6741903178e+00 4.2070775398e-06
708 1.6733534574e+00 4.3081289302e-06
709 1.6724699070e+00 4.2720485769e-06
710 1.6716377884e+00 4.3056865158e-06
711 1.6706877764e+00 4.2950515571e-06
712 1.6697100978e+00 4.3371041038e-06
713 1.6687442779e+00 4.2940454625e-06
714 1.6678352521e+00 4.2136096465e-06
715 1.6669213999e+00 4.2090116374e-06
716 1.6660531728e+00 4.1140753888e-06
717 1.6652198116e+00 4.2000317875e-06
718 1.6642732992e+00 4.1951535421e-06
719 1.6632982013e+00 4.2362088410e-06
720 1.6623134409e+00 4.2096920660e-06
721 1.6614036928e+00 4.0771208500e-06
722 1.6605195469e+00 4.1512252345e-06
723 1.6595746787e+00 4.1958669848e-06
724 1.6585665761e+00 4.2732370064e-06
725 1.6575734022e+00 4.1736072641e-06
726 1.6566618004e+00 4.0862287743e-06
727 1.6557903504e+00 4.1196925665e-06
728 1.6549083894e+00 4.1330456743e-06
729 1.6540082801e+00 4.1720083020e-06
730 1.6530506681e+00 4.1507779085e-06
731 1.6520581837e+00 4.2250093355e-06
732 1.6511396365e+00 4.0719532130e-06
733 1.6502675485e+00 4.1988088870e-06
734 1.6492651408e+00 4.1265986179e-06
735 1.6482787054e+00 4.1361618280e-06
736 1.6473474178e+00 4.0585736146e-06
737 1.6463623487e+00 4.1441000600e-06
738 1.6453326053e+00 4.1465408677e-06
739 1.6442933237e+00 4.1347400001e-06
740 1.6432981137e+00 4.1328978635e-06
741 1.6423563462e+00 4.0564286251e-06
742 1.6414138592e+00 3.9817880846e-06
743 1.6404778703e+00 4.0567059206e-06
744 1.6395273143e+00 4.0380847876e-06
745 1.6385411431e+00 4.1308570604e-06
746 1.6374876865e+00 4.1334162337e-06
747 1.6364571022e+00 4.0219118355e-06
748 1.6354830441e+00 4.0020306491e-06
749 1.6345056773e+00 4.0909913979e-06
750 1.6334739019e+00 4.0279634699e-06
751 1.6324209987e+00 4.1379487683e-06
752 1.6313447841e+00 4.0386910683e-06
753 1.6303511991e+00 3.9875755675e-06
754 1.6293625579e+00 4.0809311710e-06
755 1.6283532645e+00 4.0103636797e-06
756 1.6273784665e+00 4.0248724433e-06
757 1.6264046112e+00 3.9589370355e-06
758 1.6253698956e+00 4.1535802762e-06
759 1.6242807101e+00 4.0762677349e-06
760 1.6232278000e+00 4.0755471584e-06
761 1.6221818040e+00 4.0951634585e-06
762 1.6210549740e+00 4.1706332742e-06
763 1.6199088130e+00 4.0988873253e-06
764 1.6187926510e+00 4.1794153798e-06
765 1.6177072484e+00 4.1284090327e-06
766 1.6165880228e+00 4.2544363581e-06
767 1.6153952015e+00 4.2312340241e-06
768 1.6141823331e+00 4.2775389783e-06
769 1.6129499489e+00 4.2929508545e-06
770 1.6117342897e+00 4.2601822909e-06
771 1.6104900443e+00 4.3140269162e-06
772 1.6092552144e+00 4.1675159324e-06
773 1.6081663141e+00 4.1893375059e-06
774 1.6070211080e+00 4.2569868547e-06
775 1.6058114746e+00 4.2227060031e-06
776 1.6045642188e+00 4.3250571325e-06
777 1.6033640852e+00 4.1842125623e-06
778 1.6021966232e+00 4.3165829282e-06
779 1.6009324630e+00 4.2100236670e-06
780 1.5997681578e+00 4.1951057923e-06
781 1.5987217837e+00 4.1187006080e-06
782 1.5975593787e+00 4.2459907556e-06
783 1.5963194123e+00 4.2739511836e-06
784 1.5951214953e+00 4.1984871576e-06
785 1.5939601497e+00 4.2300128356e-06
786 1.5928182759e+00 4.1618768146e-06
787 1.5917045258e+00 4.1655729054e-06
788 1.5905177697e+00 4.2159341692e-06
789 1.5892028177e+00 4.3075470104e-06
790 1.5878744324e+00 4.2707151824e-06
791 1.5865652535e+00 4.2193086800e-06
792 1.5853883269e+00 4.1266435023e-06
793 1.5842209476e+00 4.2014681655e-06
794 1.5829775401e+00 4.2141801853e-06
795 1.5818127476e+00 4.1206744347e-06
796 1.5806645618e+00 4.2188297968e-06
797 1.5793857897e+00 4.1975912673e-06
798 1.5781812828e+00 4.0612949192e-06
799 1.5770113147e+00 4.1239539126e-06
800 1.5757734594e+00 4.1271130976e-06
801 1.5744931492e+00 4.1777859197e-06
802 1.5733687545e+00 4.0599693683e-06
803 1.5721924006e+00 4.1297837168e-06
804 1.5708705020e+00 4.2153008306e-06
805 1.5696854249e+00 4.0531405918e-06
806 1.5685719856e+00 4.0893890894e-06
807 1.5673481254e+00 4.1613132485e-06
808 1.5660974866e+00 4.1081689135e-06
809 1.5649164013e+00 4.0594170425e-06
810 1.5637020172e+00 4.0822341328e-06
811 1.5624296640e+00 4.1131275389e-06
812 1.5612077420e+00 4.0229675431e-06
813 1.5600229285e+00 3.9684243396e-06
814 1.5588359051e+00 3.9954313373e-06
815 1.5576737190e+00 3.9370633360e-06
816 1.5565913224e+00 3.9413695101e-06
817 1.5554518961e+00 3.9507766561e-06
818 1.5541946429e+00 4.0110244777e-06
819 1.5529693327e+00 3.9028946215e-06
820 1.5518435838e+00 3.8631383234e-06
821 1.5507716151e+00 3.7953500968e-06
822 1.5496898398e+00 3.7765831019e-06
823 1.5486487164e+00 3.7957202683e-06
824 1.5476062426e+00 3.7620660378e-06
825 1.5465373521e+00 3.8227743923e-06
826 1.5454115494e+00 3.8260334053e-06
827 1.5443244138e+00 3.7938123931e-06
828 1.5432548070e+00 3.7940518981e-06
829 1.5421263069e+00 3.8548721509e-06
830 1.5409219266e+00 3.9039323523e-06
831 1.5397886661e+00 3.7680908400e-06
832 1.5387750446e+00 3.7802212170e-06
833 1.5376735961e+00 3.8144912693e-06
834 1.5365254036e+00 3.7294571029e-06
835 1.5354700940e+00 3.6467744147e-06
836 1.5343947212e+00 3.7645787758e-06
837 1.5332680030e+00 3.7120291432e-06
838 1.5321820321e+00 3.7534968084e-06
839 1.5310987042e+00 3.6509720197e-06
840 1.5300788779e+00 3.6445404733e-06
841 1.5290110378e+00 3.7162922238e-06
842 1.5279088304e+00 3.6573241314e-06
843 1.5269016606e+00 3.6602691386e-06
844 1.5260191637e+00 3.5834730159e-06
845 1.5249612344e+00 3.7844683594e-06
846 1.5238116781e+00 3.6246729124e-06
847 1.5228075339e+00 3.5581780138e-06
848 1.5217630576e+00 3.6955993151e-06
849 1.5206355039e+00 3.6889436793e-06
850 1.5194481745e+00 3.7147419099e-06
851 1.5183250984e+00 3.6532589049e-06
852 1.5172952864e+00 3.5372772321e-06
853 1.5163042081e+00 3.5604127819e-06
854 1.5152263658e+00 3.6439068869e-06
855 1.5141027278e+00 3.6585666113e-06
856 1.5130209367e+00 3.5851547856e-06
857 1.5119744755e+00 3.5130195232e-06
858 1.5109786212e+00 3.5362979245e-06
859 1.5099023507e+00 3.5284935289e-06
860 1.5088192913e+00 3.5063260835e-06
861 1.5077753565e+00 3.4062952924e-06
862 1.5068337015e+00 3.3900578402e-06
863 1.5058869277e+00 3.3973898085e-06
864 1.5048684636e+00 3.4861378732e-06
865 1.5039136740e+00 3.3790208476e-06
866 1.5030696959e+00 3.3793789102e-06
867 1.5021061410e+00 3.4427193752e-06
868 1.5011163061e+00 3.3259309483e-06
869 1.5002031103e+00 3.3985508773e-06
870 1.4992550554e+00 3.3679599168e-06
871 1.4982944575e+00 3.3823256193e-06
872 1.4973930796e+00 3.3641693164e-06
873 1.4964067999e+00 3.4137959378e-06
874 1.4953433168e+00 3.4591006791e-06
875 1.4942924672e+00 3.2960999630e-06
876 1.4933508606e+00 3.2830552242e-06
877 1.4924907193e+00 3.2359094217e-06
878 1.4916051381e+00 3.2588616869e-06
879 1.4907055507e+00 3.2707983219e-06
880 1.4897882048e+00 3.3495347893e-06
881 1.4887566821e+00 3.4174274914e-06
882 1.4877243741e+00 3.3457658200e-06
883 1.4867784322e+00 3.3330395021e-06
884 1.4858351996e+00 3.3892270087e-06
885 1.4848275849e+00 3.3417943402e-06
886 1.4838679461e+00 3.3175959367e-06
887 1.4829222545e+00 3.2887994657e-06
888 1.4819666951e+00 3.3072638485e-06
889 1.4810532324e+00 3.3057268023e-06
890 1.4800777878e+00 3.3905271385e-06
891 1.4789924279e+00 3.3918759439e-06
892 1.4779312594e+00 3.3386391465e-06
893 1.4769324874e+00 3.3586752548e-06
894 1.4759564592e+00 3.3357917645e-06
895 1.4749006728e+00 3.4518792380e-06
896 1.4737914883e+00 3.4772938313e-06
897 1.4726890845e+00 3.4874490463e-06
898 1.4716386833e+00 3.4471492384e-06
899 1.4706514266e+00 3.4529079552e-06
900 1.4695767832e+00 3.4906309744e-06
901 1.4684238291e+00 3.5657093578e-06
902 1.4672817746e+00 3.4477171180e-06
903 1.4662158465e+00 3.4630777846e-06
904 1.4651060556e+00 3.3706350347e-06
905 1.4640014202e+00 3.3905028960e-06
906 1.4630351310e+00 3.2812638639e-06
907 1.4620387801e+00 3.3897550695e-06
908 1.4609504103e+00 3.3243498895e-06
909 1.4599811362e+00 3.2585180364e-06
910 1.4590131193e+00 3.3243408821e-06
911 1.4579513821e+00 3.2768443761e-06
912 1.4568512006e+00 3.3178495746e-06
913 1.4557888565e+00 3.2798914080e-06
914 1.4548233366e+00 3.2657599058e-06
915 1.4537710664e+00 3.3534048835e-06
916 1.4526592518e+00 3.2983115415e-06
917 1.4516356090e+00 3.2145836247e-06
918 1.4507259026e+00 3.1652332307e-06
919 1.4497809979e+00 3.1870240354e-06
920 1.4487795790e+00 3.2272834273e-06
921 1.4477606850e+00 3.1567439284e-06
922 1.4467494408e+00 3.1616288556e-06
923 1.4457342667e+00 3.1901924387e-06
924 1.4446686123e+00 3.2060395289e-06
925 1.4435869976e+00 3.2286739068e-06
926 1.4424786362e+00 3.2640874733e-06
927 1.4413785579e+00 3.2476482372e-06
928 1.4403929181e+00 3.1639291718e-06
929 1.4394174742e+00 3.2430595239e-06
930 1.4383552783e+00 3.2550451065e-06
931 1.4373071240e+00 3.2500501399e-06
932 1.4362781464e+00 3.2765519022e-06
933 1.4351995528e+00 3.2803214044e-06
934 1.4341053035e+00 3.2624964298e-06
935 1.4330891076e+00 3.1855736847e-06
936 1.4319929139e+00 3.3435683428e-06
937 1.4308941339e+00 3.2036358982e-06
938 1.4298534069e+00 3.2286021169e-06
939 1.4288475797e+00 3.2498375434e-06
940 1.4277826784e+00 3.2923643023e-06
941 1.4267015450e+00 3.3149063870e-06
942 1.4256048401e+00 3.2638437970e-06
943 1.4245736199e+00 3.2285459944e-06
944 1.4234975963e+00 3.2904237222e-06
945 1.4224688377e+00 3.2500357401e-06
946 1.4214263560e+00 3.2680103282e-06
947 1.4204102238e+00 3.2011415223e-06
948 1.4194806408e+00 3.2105239907e-06
949 1.4183995194e+00 3.2344876797e-06
950 1.4173029120e+00 3.1936115005e-06
951 1.4163775942e+00 3.1283357425e-06
952 1.4153989327e+00 3.1997056896e-06
953 1.4143821505e+00 3.1038436417e-06
954 1.4133645509e+00 3.1668927739e-06
955 1.4123639630e+00 3.1056592141e-06
956 1.4114217072e+00 3.0638136966e-06
957 1.4104355703e+00 3.1402640076e-06
958 1.4093669925e+00 3.1296352246e-06
959 1.4082861829e+00 3.1289513330e-06
960 1.4071658218e+00 3.1746163523e-06
961 1.4061068177e+00 3.0657020463e-06
962 1.4051984304e+00 3.0217576103e-06
963 1.4042583030e+00 3.0573129398e-06
964 1.4032511694e+00 3.1092437549e-06
965 1.4022674762e+00 3.0817839453e-06
966 1.4012594328e+00 3.1733787889e-06
967 1.4002142052e+00 3.1344982931e-06
968 1.3992325012e+00 3.0750683418e-06
969 1.3981883113e+00 3.1716659991e-06
970 1.3971307070e+00 3.0964430310e-06
971 1.3960881066e+00 3.0814543759e-06
972 1.3950963925e+00 3.0491450681e-06
973 1.3941224846e+00 3.0652381889e-06
974 1.3932069901e+00 2.9873685645e-06
975 1.3922150693e+00 3.0642850258e-06
976 1.3911808992e+00 3.0498289136e-06
977 1.3901683829e+00 3.0159063217e-06
978 1.3891786303e+00 3.0680619938e-06
979 1.3881543791e+00 3.0243147903e-06
980 1.3871130496e+00 3.0420527379e-06
981 1.3860279763e+00 3.0241166460e-06
982 1.3850129462e+00 2.9833525663e-06
983 1.3841299047e+00 2.8467540197e-06
984 1.3832125144e+00 2.9315243751e-06
985 1.3823249535e+00 2.7989291163e-06
986 1.3815085651e+00 2.8996043360e-06
987 1.3805440590e+00 2.9384707157e-06
988 1.3796266753e+00 2.8492217668e-06
989 1.3787915497e+00 2.8616773694e-06
990 1.3778268854e+00 2.9918981720e-06
991 1.3768215499e+00 2.9088426668e-06
992 1.3759107780e+00 2.8252400942e-06
993 1.3750120500e+00 2.8679817809e-06
994 1.3740773335e+00 2.8366266586e-06
995 1.3732167981e+00 2.7854830408e-06
996 1.3724184700e+00 2.7883881099e-06
997 1.3715131416e+00 2.8308425963e-06
998 1.3705813739e+00 2.7888887054e-06
999 1.3697151796e+00 2.7478944481e-06
1000 1.3688716369e+00 2.7820211178e-06
1001 1.3679656350e+00 2.7621766622e-06
1002 1.3670897561e+00 2.7416053686e-06
1003 1.3662624539e+00 2.6814048522e-06
1004 1.3654196732e+00 2.7381866620e-06
1005 1.3646027291e+00 2.6454849852e-06
1006 1.3638615114e+00 2.6509793641e-06
1007 1.3630886793e+00 2.6327816067e-06
1008 1.3623358198e+00 2.6740900725e-06
1009 1.3615395966e+00 2.6507805477e-06
1010 1.3607089370e+00 2.6566139094e-06
1011 1.3598475231e+00 2.6445856685e-06
1012 1.3590521480e+00 2.5951216784e-06
1013 1.3582949031e+00 2.5991000479e-06
1014 1.3574963999e+00 2.6182214111e-06
1015 1.3566962794e+00 2.5668206905e-06
1016 1.3559172606e+00 2.5996542278e-06
1017 1.3551046530e+00 2.5566178620e-06
1018 1.3543140727e+00 2.5418358989e-06
1019 1.3535626249e+00 2.5045683902e-06
1020 1.3528469147e+00 2.5326746958e-06
1021 1.3520928587e+00 2.5216577738e-06
1022 1.3513559527e+00 2.4653337820e-06
1023 1.3506440869e+00 2.4724945876e-06
1024 1.3499358850e+00 2.4332587599e-06
1025 1.3491929144e+00 2.4914575003e-06
1026 1.3484520579e+00 2.4529562864e-06
1027 1.3476963549e+00 2.5131078272e-06
1028 1.3469064015e+00 2.4647152026e-06
1029 1.3461614524e+00 2.4657019412e-06
1030 1.3454609970e+00 2.3919926099e-06
1031 1.3447939262e+00 2.4224709981e-06
1032 1.3440564347e+00 2.4209397382e-06
1033 1.3433555316e+00 2.3734177090e-06
1034 1.3427119315e+00 2.3912958390e-06
1035 1.3420516196e+00 2.4322074974e-06
1036 1.3413221656e+00 2.4527014983e-06
1037 1.3405844131e+00 2.3871629359e-06
1038 1.3398551844e+00 2.3899540610e-06
1039 1.3391179161e+00 2.4139754401e-06
1040 1.3384271796e+00 2.3421335554e-06
1041 1.3377328535e+00 2.3818913047e-06
1042 1.3369920085e+00 2.3901838156e-06
1043 1.3362281905e+00 2.3964161374e-06
1044 1.3354712974e+00 2.3309163877e-06
1045 1.3348224249e+00 2.2774639626e-06
1046 1.3341693729e+00 2.3592762711e-06
1047 1.3334621505e+00 2.3689456881e-06
1048 1.3327956344e+00 2.3237152472e-06
1049 1.3321164647e+00 2.3487959103e-06
1050 1.3314343799e+00 2.3345776614e-06
1051 1.3307717593e+00 2.3355103313e-06
1052 1.3300599576e+00 2.3124410802e-06
1053 1.3293782236e+00 2.2869284223e-06
1054 1.3287016155e+00 2.3194398432e-06
1055 1.3279648241e+00 2.3731695415e-06
1056 1.3272097046e+00 2.3360389695e-06
1057 1.3265258778e+00 2.2638693545e-06
1058 1.3258908602e+00 2.2497110486e-06
1059 1.3252379977e+00 2.2387601301e-06
1060 1.3246294926e+00 2.2116949647e-06
1061 1.3239833679e+00 2.2386222663e-06
1062 1.3232951796e+00 2.2644371069e-06
1063 1.3226012990e+00 2.2849334609e-06
1064 1.3219529551e+00 2.2689828417e-06
1065 1.3213263272e+00 2.2870037240e-06
1066 1.3206788614e+00 2.2617329298e-06
1067 1.3199949790e+00 2.2993460595e-06
1068 1.3192532631e+00 2.2571214631e-06
1069 1.3185704961e+00 2.2315120398e-06
1070 1.3179229191e+00 2.1942660025e-06
1071 1.3172277046e+00 2.2560307454e-06
1072 1.3165160239e+00 2.1955372989e-06
1073 1.3158957366e+00 2.2113647788e-06
1074 1.3152329372e+00 2.2552204456e-06
1075 1.3145136705e+00 2.2458345099e-06
1076 1.3137946464e+00 2.2650591871e-06
1077 1.3130478427e+00 2.2503528697e-06
1078 1.3123146015e+00 2.2303355459e-06
1079 1.3115966745e+00 2.2213286490e-06
1080 1.3109007971e+00 2.1941377242e-06
1081 1.3102476764e+00 2.1803688377e-06
1082 1.3095347250e+00 2.2067190009e-06
1083 1.3088157294e+00 2.1552939974e-06
1084 1.3081717210e+00 2.1000216424e-06
1085 1.3075216101e+00 2.1490358238e-06
1086 1.3068492536e+00 2.1332065870e-06
1087 1.3062414482e+00 2.0926595285e-06
1088 1.3055794563e+00 2.1653213287e-06
1089 1.3048937516e+00 2.1403449676e-06
1090 1.3042465278e+00 2.0903378167e-06
1091 1.3036062888e+00 2.0861400617e-06
1092 1.3029396884e+00 2.1199448194e-06
1093 1.3022427862e+00 2.1199364594e-06
1094 1.3015865270e+00 2.0832120544e-06
1095 1.3009755065e+00 2.0524148471e-06
1096 1.3003576476e+00 2.0341915078e-06
1097 1.2997612981e+00 2.0120511544e-06
1098 1.2991534898e+00 2.0446878969e-06
1099 1.2984976568e+00 2.0595421018e-06
1100 1.2978919423e+00 1.9640665285e-06
1101 1.2973283654e+00 1.9794219620e-06
1102 1.2967099625e+00 1.9822495871e-06
1103 1.2960532076e+00 1.9998040249e-06
1104 1.2954621784e+00 1.9162311595e-06
1105 1.2949380102e+00 1.9258259310e-06
1106 1.2943590529e+00 1.9179142230e-06
1107 1.2937821038e+00 1.9063907430e-06
1108 1.2932360879e+00 1.8963465118e-06
1109 1.2926682167e+00 1.9387119847e-06
1110 1.2921022297e+00 1.8984503337e-06
1111 1.2915754079e+00 1.8841771020e-06
1112 1.2909910771e+00 1.9520722989e-06
1113 1.2903987169e+00 1.9019710434e-06
1114 1.2898683908e+00 1.8955794044e-06
1115 1.2893460482e+00 1.8892853120e-06
1116 1.2888113239e+00 1.8806320994e-06
1117 1.2882801211e+00 1.8791201309e-06
1118 1.2877489406e+00 1.8489187047e-06
1119 1.2872224211e+00 1.8396252802e-06
1120 1.2866823351e+00 1.8522827739e-06
1121 1.2861330647e+00 1.8356108425e-06
1122 1.2855905206e+00 1.8560882630e-06
1123 1.2850595253e+00 1.8295274404e-06
1124 1.2845387984e+00 1.8037640774e-06
1125 1.2840577668e+00 1.7661134719e-06
1126 1.2835505147e+00 1.7824593281e-06
1127 1.2830031815e+00 1.8076408146e-06
1128 1.2824729722e+00 1.7588555077e-06
1129 1.2819868745e+00 1.7653707796e-06
1130 1.2814434819e+00 1.7842717166e-06
1131 1.2808933246e+00 1.7400576372e-06
1132 1.2803872394e+00 1.7053602217e-06
1133 1.2798704512e+00 1.7491810017e-06
1134 1.2793447058e+00 1.6929552738e-06
1135 1.2788695002e+00 1.6795720936e-06
1136 1.2783512196e+00 1.7312723242e-06
1137 1.2778048571e+00 1.7197805640e-06
1138 1.2772903921e+00 1.6936728764e-06
1139 1.2768297090e+00 1.7025713053e-06
1140 1.2763493526e+00 1.6612829473e-06
1141 1.2758528887e+00 1.7079857404e-06
1142 1.2753233957e+00 1.7075922603e-06
1143 1.2747645482e+00 1.7372874013e-06
1144 1.2742359196e+00 1.6912687676e-06
1145 1.2737044384e+00 1.6917866712e-06
1146 1.2731798524e+00 1.6775911746e-06
1147 1.2726715883e+00 1.6560395441e-06
1148 1.2722311147e+00 1.6148960398e-06
1149 1.2717632715e+00 1.6625991054e-06
1150 1.2712298007e+00 1.6888148175e-06
1151 1.2707164508e+00 1.6150248979e-06
1152 1.2702315246e+00 1.6285461310e-06
1153 1.2697449203e+00 1.6171286284e-06
1154 1.2692565231e+00 1.6021922240e-06
1155 1.2687780691e+00 1.6025978948e-06
1156 1.2682949728e+00 1.6098802594e-06
1157 1.2678222193e+00 1.6001494971e-06
1158 1.2673750836e+00 1.5991584873e-06
1159 1.2668656411e+00 1.6376789005e-06
1160 1.2663109613e+00 1.6641541113e-06
1161 1.2657542095e+00 1.6472802531e-06
1162 1.2652107310e+00 1.6717665548e-06
1163 1.2646667534e+00 1.6359616760e-06
1164 1.2641158187e+00 1.6409490419e-06
1165 1.2635878605e+00 1.6184942628e-06
1166 1.2630911453e+00 1.5860820909e-06
1167 1.2625846267e+00 1.6241990465e-06
1168 1.2620979399e+00 1.5370287511e-06
1169 1.2616237246e+00 1.5802984709e-06
1170 1.2611179242e+00 1.5344350958e-06
1171 1.2606600362e+00 1.5121902876e-06
1172 1.2602008367e+00 1.5106998290e-06
1173 1.2597341538e+00 1.4916192049e-06
1174 1.2593067636e+00 1.4623282473e-06
1175 1.2588647766e+00 1.4895443000e-06
1176 1.2584651987e+00 1.4474393731e-06
1177 1.2580431938e+00 1.5027650257e-06
1178 1.2575378691e+00 1.5076614341e-06
1179 1.2570203584e+00 1.5165012876e-06
1180 1.2565393687e+00 1.4873916514e-06
1181 1.2560674735e+00 1.5055874492e-06
1182 1.2555550271e+00 1.5222946505e-06
1183 1.2550665790e+00 1.4877956440e-06
1184 1.2546086337e+00 1.4767925809e-06
1185 1.2541050514e+00 1.5375327960e-06
1186 1.2535964643e+00 1.4895277222e-06
1187 1.2531476068e+00 1.4847943514e-06
1188 1.2526726538e+00 1.4906507871e-06
1189 1.2521895585e+00 1.4640649573e-06
1190 1.2517172008e+00 1.4646370591e-06
1191 1.2512074291e+00 1.4853555634e-06
1192 1.2506736460e+00 1.4884925648e-06
1193 1.2501762479e+00 1.4518842333e-06
1194 1.2497011630e+00 1.4519243922e-06
1195 1.2491918481e+00 1.4886781478e-06
1196 1.2486664519e+00 1.4362150540e-06
1197 1.2481872737e+00 1.4392359708e-06
1198 1.2477101423e+00 1.4170547221e-06
1199 1.2472345477e+00 1.4360633408e-06
1200 1.2468222284e+00 1.3731824477e-06
1201 1.2463716079e+00 1.4306607271e-06
1202 1.2458806873e+00 1.4028886666e-06
1203 1.2454160959e+00 1.4010136439e-06
1204 1.2449581414e+00 1.4139922933e-06
1205 1.2444631240e+00 1.4387928920e-06
1206 1.2439565150e+00 1.4436365191e-06
1207 1.2434392221e+00 1.4499643731e-06
1208 1.2429027227e+00 1.4576063863e-06
1209 1.2423893035e+00 1.4383370556e-06
1210 1.2418781440e+00 1.4544930847e-06
1211 1.2413238989e+00 1.4914169944e-06
1212 1.2407723276e+00 1.4658025172e-06
1213 1.2403183097e+00 1.4618492387e-06
1214 1.2397960491e+00 1.4636523296e-06
1215 1.2392675989e+00 1.4553573057e-06
1216 1.2387529522e+00 1.4624931613e-06
1217 1.2381822693e+00 1.5049951790e-06
1218 1.2376384562e+00 1.4574758681e-06
1219 1.2371355220e+00 1.4569263574e-06
1220 1.2365706927e+00 1.4879176474e-06
1221 1.2359718233e+00 1.5065773911e-06
1222 1.2354066037e+00 1.4709667993e-06
1223 1.2348364324e+00 1.5043126363e-06
1224 1.2342389904e+00 1.4941717486e-06
1225 1.2336828972e+00 1.4783839699e-06
1226 1.2331660836e+00 1.4984322681e-06
1227 1.2325815656e+00 1.4863140701e-06
1228 1.2320744487e+00 1.4569407501e-06
1229 1.2315044763e+00 1.5136529500e-06
1230 1.2309316755e+00 1.4809569938e-06
1231 1.2303645628e+00 1.5148333994e-06
1232 1.2297869519e+00 1.4736459237e-06
1233 1.2292546131e+00 1.4966131350e-06
1234 1.2286400853e+00 1.5489050781e-06
1235 1.2280089432e+00 1.4851125833e-06
1236 1.2274556053e+00 1.4859418770e-06
1237 1.2268402437e+00 1.5585502726e-06
1238 1.2262192313e+00 1.4978342427e-06
1239 1.2256441019e+00 1.5115441903e-06
1240 1.2250294715e+00 1.4992644934e-06
1241 1.2244879112e+00 1.4625455132e-06
1242 1.2239151550e+00 1.4824142222e-06
1243 1.2233073738e+00 1.4909658355e-06
1244 1.2227246923e+00 1.4832752499e-06
1245 1.2220944207e+00 1.5005863858e-06
1246 1.2214422902e+00 1.5221369564e-06
1247 1.2208169335e+00 1.4864494154e-06
1248 1.2202531609e+00 1.4647514991e-06
1249 1.2196551242e+00 1.4853062153e-06
1250 1.2190583243e+00 1.4730274931e-06
1251 1.2185042187e+00 1.4683465763e-06
1252 1.2179089302e+00 1.4758310378e-06
1253 1.2172821284e+00 1.4455000148e-06
1254 1.2167066495e+00 1.4544127754e-06
1255 1.2160957184e+00 1.4776590144e-06
1256 1.2154483145e+00 1.5008440075e-06
1257 1.2148446176e+00 1.4371416624e-06
1258 1.2142866932e+00 1.4586831321e-06
1259 1.2136811732e+00 1.4555162057e-06
1260 1.2131500145e+00 1.4275179886e-06
1261 1.2125588706e+00 1.4653608408e-06
1262 1.2119258335e+00 1.4699994857e-06
1263 1.2113517251e+00 1.4105609742e-06
1264 1.2107823027e+00 1.4527517856e-06
1265 1.2101709820e+00 1.4198237704e-06
1266 1.2096270967e+00 1.4100685393e-06
1267 1.2090346771e+00 1.4466075041e-06
1268 1.2083902648e+00 1.4582437569e-06
1269 1.2077440265e+00 1.4434286741e-06
1270 1.2071620401e+00 1.4147406487e-06
1271 1.2065646952e+00 1.4377442330e-06
1272 1.2059306410e+00 1.4331934853e-06
1273 1.2053226773e+00 1.4058922771e-06
1274 1.2047539401e+00 1.3955741833e-06
1275 1.2041845435e+00 1.3990469574e-06
1276 1.2036020939e+00 1.4041609298e-06
1277 1.2030279758e+00 1.3935104480e-06
1278 1.2024287585e+00 1.4264839336e-06
1279 1.2018198802e+00 1.4025585823e-06
1280 1.2013293013e+00 1.3539124386e-06
1281 1.2007912677e+00 1.4229773191e-06
1282 1.2002083430e+00 1.3650722718e-06
1283 1.1996773099e+00 1.3683637896e-06
1284 1.1991069613e+00 1.3887199563e-06
1285 1.1985925600e+00 1.3379807316e-06
1286 1.1980780299e+00 1.3785820024e-06
1287 1.1975001427e+00 1.3586792599e-06
1288 1.1969880257e+00 1.3244685942e-06
1289 1.1964436302e+00 1.3437220393e-06
1290 1.1958771327e+00 1.3288626679e-06
1291 1.1953677460e+00 1.3048399554e-06
1292 1.1948151277e+00 1.3488205024e-06
1293 1.1942356251e+00 1.3413370514e-06
1294 1.1936763279e+00 1.3359420011e-06
1295 1.1931358962e+00 1.3173897029e-06
1296 1.1925558142e+00 1.3578730759e-06
1297 1.1919646247e+00 1.3543664611e-06
1298 1.1914380194e+00 1.3323713506e-06
1299 1.1909044711e+00 1.3732374391e-06
1300 1.1903226464e+00 1.3588447942e-06
1301 1.1898111569e+00 1.3395666309e-06
1302 1.1892676263e+00 1.3693787179e-06
1303 1.1886892346e+00 1.3597309425e-06
1304 1.1881287746e+00 1.3565981647e-06
1305 1.1875619187e+00 1.3751088221e-06
1306 1.1870010354e+00 1.3273442799e-06
1307 1.1864566470e+00 1.3733678684e-06
1308 1.1858375009e+00 1.3697766808e-06
1309 1.1852394524e+00 1.3533252019e-06
1310 1.1846681090e+00 1.3511320360e-06
1311 1.1840461820e+00 1.3724502276e-06
1312 1.1834219027e+00 1.3563721626e-06
1313 1.1828746627e+00 1.3225209033e-06
1314 1.1823170075e+00 1.3520894475e-06
1315 1.1817553512e+00 1.3176372800e-06
1316 1.1812431384e+00 1.3055712259e-06
1317 1.1806373557e+00 1.3348251961e-06
1318 1.1800484655e+00 1.3072079924e-06
1319 1.1795094822e+00 1.3091053407e-06
1320 1.1789393930e+00 1.3231249579e-06
1321 1.1783883202e+00 1.2875454031e-06
1322 1.1778448339e+00 1.3266095798e-06
1323 1.1772902944e+00 1.2838909156e-06
1324 1.1767690538e+00 1.3296360056e-06
1325 1.1761609607e+00 1.3563805131e-06
1326 1.1755666861e+00 1.3045209392e-06
1327 1.1750344995e+00 1.3194093574e-06
1328 1.1744219579e+00 1.3455477576e-06
1329 1.1738088377e+00 1.3369888980e-06
1330 1.1732742800e+00 1.3013846140e-06
1331 1.1726935385e+00 1.3520486891e-06
1332 1.1720857395e+00 1.3055135280e-06
1333 1.1715445893e+00 1.3089111124e-06
1334 1.1709662687e+00 1.3220113468e-06
1335 1.1703924574e+00 1.3149183553e-06
1336 1.1698351287e+00 1.3285561134e-06
1337 1.1692122545e+00 1.3571297335e-06
1338 1.1685930081e+00 1.3036293446e-06
1339 1.1680047415e+00 1.3297045402e-06
1340 1.1673912314e+00 1.3289624646e-06
1341 1.1668144660e+00 1.3012633808e-06
1342 1.1662798725e+00 1.3012140162e-06
1343 1.1657321983e+00 1.3010006358e-06
1344 1.1651912159e+00 1.3005242710e-06
1345 1.1646113968e+00 1.3186621929e-06
1346 1.1639590989e+00 1.3621652371e-06
1347 1.1632940842e+00 1.3198064329e-06
1348 1.1627096455e+00 1.3028092866e-06
1349 1.1621179935e+00 1.3057465386e-06
1350 1.1614732913e+00 1.3471043754e-06
1351 1.1608775600e+00 1.3085891706e-06
1352 1.1603007139e+00 1.3525022166e-06
1353 1.1596810993e+00 1.3107439197e-06
1354 1.1590764465e+00 1.3468057838e-06
1355 1.1584261537e+00 1.3197942932e-06
1356 1.1578054126e+00 1.3245541623e-06
1357 1.1571969741e+00 1.3185146099e-06
1358 1.1565600297e+00 1.3361529113e-06
1359 1.1559534635e+00 1.2853371932e-06
1360 1.1553500604e+00 1.3265981952e-06
1361 1.1546902481e+00 1.3319030253e-06
1362 1.1540447834e+00 1.3123952174e-06
1363 1.1534706806e+00 1.2909518145e-06
1364 1.1528498335e+00 1.3075580696e-06
1365 1.1522595177e+00 1.2753885828e-06
1366 1.1517225733e+00 1.2637964422e-06
1367 1.1511737034e+00 1.2805019762e-06
1368 1.1506488629e+00 1.2562144962e-06
1369 1.1500566941e+00 1.3049659100e-06
1370 1.1494455303e+00 1.2478251144e-06
1371 1.1488607016e+00 1.2790882650e-06
1372 1.1482653523e+00 1.2659145333e-06
1373 1.1476754031e+00 1.2769737544e-06
1374 1.1470979411e+00 1.2371452424e-06
1375 1.1465242796e+00 1.2643917165e-06
1376 1.1459339149e+00 1.2565008867e-06
1377 1.1453650068e+00 1.2346958751e-06
1378 1.1448138958e+00 1.2421357325e-06
1379 1.1442320922e+00 1.2627807321e-06
1380 1.1436530915e+00 1.2631360496e-06
1381 1.1431094553e+00 1.2534611995e-06
1382 1.1425177188e+00 1.2837072874e-06
1383 1.1419026481e+00 1.2737194435e-06
1384 1.1413408066e+00 1.2694954570e-06
1385 1.1407362852e+00 1.2996883423e-06
1386 1.1401759218e+00 1.2721486277e-06
1387 1.1395838909e+00 1.3195519248e-06
1388 1.1389400899e+00 1.3040301276e-06
1389 1.1383272680e+00 1.3182105448e-06
1390 1.1376317545e+00 1.3696096838e-06
1391 1.1369260731e+00 1.3433902444e-06
1392 1.1363117416e+00 1.3078986847e-06
1393 1.1356867440e+00 1.3530922548e-06
1394 1.1349874478e+00 1.3343179294e-06
1395 1.1343464693e+00 1.3254493972e-06
1396 1.1336869159e+00 1.3525027078e-06
1397 1.1330794926e+00 1.2996291726e-06
1398 1.1324613316e+00 1.3510434311e-06
1399 1.1317529352e+00 1.3750066186e-06
1400 1.1310745269e+00 1.3326905489e-06
1401 1.1304578626e+00 1.3331147732e-06
1402 1.1297875380e+00 1.3516023152e-06
1403 1.1291447539e+00 1.3650432759e-06
1404 1.1284645796e+00 1.3555011823e-06
1405 1.1277965626e+00 1.3272878335e-06
1406 1.1271320020e+00 1.3236181893e-06
1407 1.1264328522e+00 1.3278875261e-06
1408 1.1257892650e+00 1.2763083062e-06
1409 1.1252018563e+00 1.3023825251e-06
1410 1.1245696410e+00 1.2785057377e-06
1411 1.1239802780e+00 1.2701531856e-06
1412 1.1233612236e+00 1.2867731629e-06
1413 1.1227337935e+00 1.2751587190e-06
1414 1.1221077066e+00 1.2762901173e-06
1415 1.1214978535e+00 1.2580980335e-06
1416 1.1209146205e+00 1.2621500450e-06
1417 1.1202982597e+00 1.2818784552e-06
1418 1.1196443032e+00 1.2962145779e-06
1419 1.1189636716e+00 1.3064417738e-06
1420 1.1183546478e+00 1.2601665293e-06
1421 1.1177278395e+00 1.3056575359e-06
1422 1.1170631220e+00 1.2739560458e-06
1423 1.1164385002e+00 1.2661195243e-06
1424 1.1157893147e+00 1.2879767215e-06
1425 1.1151258432e+00 1.2726212616e-06
1426 1.1145089329e+00 1.2568744267e-06
1427 1.1138810100e+00 1.2810539099e-06
1428 1.1132108914e+00 1.2841479787e-06
1429 1.1125945276e+00 1.2544898543e-06
1430 1.1119683649e+00 1.2846888809e-06
1431 1.1112779393e+00 1.3184581995e-06
1432 1.1106210913e+00 1.2699176916e-06
1433 1.1099828471e+00 1.3095199240e-06
1434 1.1092972814e+00 1.3022152220e-06
1435 1.1086580381e+00 1.2720397565e-06
1436 1.1080233690e+00 1.2914638515e-06
1437 1.1073238560e+00 1.3229999782e-06
1438 1.1066453788e+00 1.2720452162e-06
1439 1.1060274445e+00 1.2912341645e-06
1440 1.1053205712e+00 1.3312996183e-06
1441 1.1045860112e+00 1.3069171830e-06
1442 1.1039366400e+00 1.2643872840e-06
1443 1.1033341500e+00 1.2812246099e-06
1444 1.1027142085e+00 1.2584044612e-06
1445 1.1021041442e+00 1.2779967648e-06
1446 1.1014252710e+00 1.2999982660e-06
1447 1.1008323587e+00 1.2334290980e-06
1448 1.1002508701e+00 1.3016278746e-06
1449 1.0995675955e+00 1.2920704112e-06
1450 1.0988990199e+00 1.2903152908e-06
1451 1.0982583863e+00 1.2991821502e-06
1452 1.0975751316e+00 1.3061572934e-06
1453 1.0969933057e+00 1.2578299473e-06
1454 1.0963679371e+00 1.3492658828e-06
1455 1.0956234614e+00 1.3394225530e-06
1456 1.0949231761e+00 1.3249064988e-06
1457 1.0942459683e+00 1.3255793375e-06
1458 1.0935114463e+00 1.3578875803e-06
1459 1.0927848386e+00 1.3472357533e-06
1460 1.0920476849e+00 1.3618563834e-06
1461 1.0913016870e+00 1.3513198021e-06
1462 1.0905804367e+00 1.3411187619e-06
1463 1.0898643403e+00 1.3613897213e-06
1464 1.0891192071e+00 1.3535952430e-06
1465 1.0884380376e+00 1.3375392016e-06
1466 1.0877249212e+00 1.3278581070e-06
1467 1.0870070059e+00 1.3350054006e-06
1468 1.0863700584e+00 1.2976471552e-06
1469 1.0856733255e+00 1.3570074737e-06
1470 1.0849937283e+00 1.3313794143e-06
1471 1.0843378038e+00 1.3562895046e-06
1472 1.0836168547e+00 1.3199291813e-06
1473 1.0829840754e+00 1.2979999105e-06
1474 1.0823116209e+00 1.3319094355e-06
1475 1.0815876365e+00 1.3350227945e-06
1476 1.0808903235e+00 1.3047874666e-06
1477 1.0801709579e+00 1.3449535960e-06
1478 1.0794584580e+00 1.3133931032e-06
1479 1.0788309956e+00 1.3046763586e-06
1480 1.0781259003e+00 1.3493951526e-06
1481 1.0774009901e+00 1.3033246963e-06
1482 1.0767607825e+00 1.3126953966e-06
1483 1.0760699157e+00 1.3260188432e-06
1484 1.0753637693e+00 1.3293131134e-06
1485 1.0746975774e+00 1.3374177878e-06
1486 1.0740007361e+00 1.3220969778e-06
1487 1.0733436262e+00 1.3175832365e-06
1488 1.0726288621e+00 1.3390898220e-06
1489 1.0719432154e+00 1.3197978661e-06
1490 1.0712276752e+00 1.3618220889e-06
1491 1.0704326054e+00 1.3764422631e-06
1492 1.0696649562e+00 1.3659006836e-06
1493 1.0689234117e+00 1.3611144422e-06
1494 1.0681597812e+00 1.3671359035e-06
1495 1.0674721423e+00 1.3080690156e-06
1496 1.0668534061e+00 1.3205678092e-06
1497 1.0661251122e+00 1.3612989426e-06
1498 1.0653347385e+00 1.3634170698e-06
1499 1.0645519096e+00 1.3506932633e-06
1500 1.0638002190e+00 1.3358714795e-06
1501 1.0630473552e+00 1.3444316043e-06
1502 1.0623319749e+00 1.3120575651e-06
1503 1.0616391350e+00 1.3425581814e-06
1504 1.0608862580e+00 1.3439375869e-06
1505 1.0601525528e+00 1.3157793077e-06
1506 1.0594544298e+00 1.3247953065e-06
1507 1.0587792322e+00 1.3310640547e-06
1508 1.0580545396e+00 1.3474363355e-06
1509 1.0573601574e+00 1.3056790727e-06
1510 1.0567458564e+00 1.3127048932e-06
1511 1.0561231458e+00 1.3042219851e-06
1512 1.0553855094e+00 1.3655155028e-06
1513 1.0545874285e+00 1.3558744541e-06
1514 1.0538459975e+00 1.3431236810e-06
1515 1.0531540999e+00 1.3266439425e-06
1516 1.0524393050e+00 1.3364547353e-06
1517 1.0517169098e+00 1.3200527065e-06
1518 1.0510247510e+00 1.3251056482e-06
1519 1.0502777955e+00 1.3260889806e-06
1520 1.0495581948e+00 1.3101793735e-06
1521 1.0488536061e+00 1.3216989136e-06
1522 1.0481051168e+00 1.3251798787e-06
1523 1.0474214646e+00 1.2771864683e-06
1524 1.0468045785e+00 1.2958900592e-06
1525 1.0461088444e+00 1.3052856385e-06
1526 1.0454484703e+00 1.2651921135e-06
1527 1.0448340483e+00 1.2980989253e-06
1528 1.0441651760e+00 1.2868641991e-06
1529 1.0435407753e+00 1.2491774079e-06
1530 1.0429283838e+00 1.2680337568e-06
1531 1.0423298798e+00 1.2748495121e-06
1532 1.0416649826e+00 1.2837576603e-06
1533 1.0409941062e+00 1.2630250358e-06
1534 1.0403555886e+00 1.2450493996e-06
1535 1.0397768060e+00 1.2503725266e-06
1536 1.0391297956e+00 1.2693613786e-06
1537 1.0384951199e+00 1.2283305556e-06
1538 1.0378665056e+00 1.2510626240e-06
1539 1.0372552533e+00 1.2354811083e-06
1540 1.0366599434e+00 1.2323745779e-06
1541 1.0360293008e+00 1.2488319260e-06
1542 1.0354547943e+00 1.2060189108e-06
1543 1.0349035094e+00 1.2288369549e-06
1544 1.0343180193e+00 1.2028643158e-06
1545 1.0337022899e+00 1.2292389833e-06
1546 1.0330806907e+00 1.2055289269e-06
1547 1.0324963882e+00 1.2022649975e-06
1548 1.0319583755e+00 1.1952947079e-06
1549 1.0313999288e+00 1.2061321529e-06
1550 1.0308509106e+00 1.1946130367e-06
1551 1.0302828977e+00 1.2169790469e-06
1552 1.0296799144e+00 1.2090734072e-06
1553 1.0290690462e+00 1.2171874811e-06
1554 1.0284373034e+00 1.2134118082e-06
1555 1.0278482692e+00 1.2072218941e-06
1556 1.0272642215e+00 1.2021103474e-06
1557 1.0266885178e+00 1.1930179128e-06
1558 1.0261446635e+00 1.1928265294e-06
1559 1.0255668980e+00 1.2021412768e-06
1560 1.0249744852e+00 1.1949742384e-06
1561 1.0244154598e+00 1.1769129980e-06
1562 1.0238879634e+00 1.1571065369e-06
1563 1.0234389549e+00 1.1375601515e-06
1564 1.0228938524e+00 1.1813868213e-06
1565 1.0223183290e+00 1.1445907915e-06
1566 1.0218404929e+00 1.1188135996e-06
1567 1.0213785717e+00 1.1423867885e-06
1568 1.0208625245e+00 1.1431398979e-06
1569 1.0202951284e+00 1.1574333021e-06
1570 1.0197249275e+00 1.1347084458e-06
1571 1.0192617588e+00 1.0951545935e-06
1572 1.0187531468e+00 1.1415623924e-06
1573 1.0182094867e+00 1.1371305283e-06
1574 1.0177491261e+00 1.0807151499e-06
1575 1.0172845248e+00 1.1284033091e-06
1576 1.0167607201e+00 1.1249298122e-06
1577 1.0162444220e+00 1.1289369530e-06
1578 1.0157081139e+00 1.1158339028e-06
1579 1.0152188184e+00 1.0883679395e-06
1580 1.0147283368e+00 1.1173759138e-06
1581 1.0141850256e+00 1.1105743860e-06
1582 1.0136562309e+00 1.1092617929e-06
1583 1.0131612054e+00 1.0903598702e-06
1584 1.0126552720e+00 1.1093367804e-06
1585 1.0121479598e+00 1.0892963873e-06
1586 1.0116863684e+00 1.0774713825e-06
1587 1.0112384724e+00 1.0685607786e-06
1588 1.0107928817e+00 1.0674058370e-06
1589 1.0103184603e+00 1.0769640704e-06
1590 1.0098039406e+00 1.0829977654e-06
1591 1.0092923488e+00 1.0854067906e-06
1592 1.0087972088e+00 1.0523871186e-06
1593 1.0083537876e+00 1.0305117677e-06
1594 1.0079241355e+00 1.0370195568e-06
1595 1.0074558514e+00 1.0730587517e-06
1596 1.0069477109e+00 1.1025447100e-06
1597 1.0064728461e+00 1.0588019408e-06
1598 1.0060361473e+00 1.0807041333e-06
1599 1.0055358351e+00 1.0959530496e-06
1600 1.0050190717e+00 1.0909919469e-06
1601 1.0044897180e+00 1.1012912885e-06
1602 1.0039695147e+00 1.0898298903e-06
1603 1.0034999273e+00 1.0466507087e-06
1604 1.0030708624e+00 1.0725269534e-06
1605 1.0026178786e+00 1.0439656988e-06
1606 1.0021797997e+00 1.0529816406e-06
1607 1.0017594257e+00 1.0262713806e-06
1608 1.0013151929e+00 1.0623178451e-06
1609 1.0008267763e+00 1.0558279021e-06
1610 1.0003856999e+00 1.0285138792e-06
1611 9.9994770416e-01 1.0600701905e-06
1612 9.9947327028e-01 1.0604467233e-06
1613 9.9901811623e-01 1.0526975572e-06
1614 9.9856165298e-01 1.0455726900e-06
1615 9.9808992970e-01 1.0423656017e-06
1616 9.9766110655e-01 1.0289125228e-06
1617 9.9723468130e-01 1.0396778217e-06
1618 9.9682368957e-01 1.0278515550e-06
1619 9.9636927499e-01 1.0650053561e-06
1620 9.9589642175e-01 1.0462946447e-06
1621 9.9542939674e-01 1.0526325103e-06
1622 9.9495675980e-01 1.0489390014e-06
1623 9.9448332633e-01 1.0546499106e-06
1624 9.9401296831e-01 1.0309433532e-06
1625 9.9354050609e-01 1.0498567926e-06
1626 9.9307341350e-01 1.0320641065e-06
1627 9.9263997246e-01 1.0180783388e-06
1628 9.9222338761e-01 1.0272100995e-06
1629 9.9179433613e-01 1.0256330309e-06
1630 9.9136813558e-01 1.0336034762e-06
1631 9.9093314851e-01 1.0255749266e-06
1632 9.9051819225e-01 1.0355854363e-06
1633 9.9004453043e-01 1.0553230844e-06
1634 9.8957301456e-01 1.0250118131e-06
1635 9.8914744323e-01 1.0122015678e-06
1636 9.8870850988e-01 1.0142388994e-06
1637 9.8827940988e-01 9.9336258872e-07
1638 9.8786349507e-01 1.0088585684e-06
1639 9.8743217389e-01 1.0099606952e-06
1640 9.8699376258e-01 1.0068422937e-06
1641 9.8655839433e-01 1.0064129622e-06
1642 9.8611153348e-01 1.0132160969e-06
1643 9.8574853210e-01 9.7794343216e-07
1644 9.8533329542e-01 1.0327351934e-06
1645 9.8484886973e-01 1.0219374436e-06
1646 9.8442347861e-01 9.8986951863e-07
1647 9.8400135339e-01 1.0126257983e-06
1648 9.8358595856e-01 9.7900819519e-07
1649 9.8316444749e-01 9.9537521168e-07
1650 9.8271807332e-01 1.0045248721e-06
1651 9.8234498924e-01 9.7076490061e-07
1652 9.8194574224e-01 1.0081018183e-06
1653 9.8149295525e-01 9.9778315631e-07
1654 9.8106311268e-01 1.0203814560e-06
1655 9.8059139996e-01 1.0245601614e-06
1656 9.8010893400e-01 1.0229787007e-06
1657 9.7967530109e-01 1.0048086597e-06
1658 9.7921867644e-01 1.0299598853e-06
1659 9.7874331385e-01 1.0229733577e-06
1660 9.7833183455e-01 9.8697306183e-07
1661 9.7789596710e-01 1.0247508144e-06
1662 9.7742315384e-01 1.0204140760e-06
1663 9.7697559854e-01 1.0242856372e-06
1664 9.7653768909e-01 1.0240035869e-06
1665 9.7608603422e-01 1.0299822816e-06
1666 9.7561034731e-01 1.0472737799e-06
1667 9.7512228645e-01 1.0387634486e-06
1668 9.7469910016e-01 1.0120540372e-06
1669 9.7426287596e-01 1.0385210369e-06
1670 9.7380661523e-01 1.0235556792e-06
1671 9.7342468340e-01 1.0342871319e-06
1672 9.7295111798e-01 1.0533713756e-06
1673 9.7248307214e-01 1.0257305289e-06
1674 9.7203299683e-01 1.0141033106e-06
1675 9.7158206115e-01 1.0275265697e-06
1676 9.7114742186e-01 1.0087909008e-06
1677 9.7069265440e-01 1.0379747474e-06
1678 9.7023671178e-01 9.9756572012e-07
1679 9.6984483380e-01 1.0047548441e-06
1680 9.6939596061e-01 1.0297492159e-06
1681 9.6895643293e-01 1.0029730420e-06
1682 9.6854238012e-01 1.0176081997e-06
1683 9.6807418529e-01 1.0324466554e-06
1684 9.6763319448e-01 1.0117228984e-06
1685 9.6718392109e-01 1.0125193829e-06
1686 9.6674161731e-01 1.0016292402e-06
1687 9.6632902034e-01 9.8667796650e-07
1688 9.6588448014e-01 1.0142078846e-06
1689 9.6546777165e-01 9.6815347747e-07
1690 9.6507709096e-01 9.9453468968e-07
1691 9.6467608084e-01 9.8080068967e-07
1692 9.6425962240e-01 9.9629406326e-07
1693 9.6382464681e-01 9.8244252522e-07
1694 9.6340765822e-01 9.8356030609e-07
1695 9.6297062689e-01 1.0035055404e-06
1696 9.6253803635e-01 9.7311206594e-07
1697 9.6214846594e-01 9.7444071070e-07
1698 9.6172643584e-01 9.8627726219e-07
1699 9.6130005377e-01 9.7331170456e-07
1700 9.6089003901e-01 9.6398395934e-07
1701 9.6049962869e-01 9.6689460177e-07
1702 9.6012025434e-01 9.6699581130e-07
1703 9.5970224267e-01 9.7074198494e-07
1704 9.5929445711e-01 9.4451308489e-07
1705 9.5890023246e-01 9.6361803767e-07
1706 9.5849399764e-01 9.4467232454e-07
1707 9.5814208771e-01 9.2283900704e-07
1708 9.5777419340e-01 9.4549686235e-07
1709 9.5740707524e-01 9.2688269249e-07
1710 9.5705578016e-01 9.3775436943e-07
1711 9.5665800137e-01 9.5703418599e-07
1712 9.5629216873e-01 9.3839966408e-07
1713 9.5592504699e-01 9.4472631016e-07
1714 9.5555268381e-01 9.3100437034e-07
1715 9.5518074424e-01 9.3940592076e-07
1716 9.5477535365e-01 9.5547303374e-07
1717 9.5440686586e-01 9.2810164674e-07
1718 9.5400123472e-01 9.6207336589e-07
1719 9.5356822609e-01 9.5122562806e-07
1720 9.5317752329e-01 9.3680160990e-07
1721 9.5281285553e-01 9.5109965526e-07
1722 9.5242316426e-01 9.4541265560e-07
1723 9.5204354714e-01 9.4740607173e-07
1724 9.5166014615e-01 9.4203785372e-07
1725 9.5131146536e-01 9.2391605963e-07
1726 9.5095310787e-01 9.5318818217e-07
1727 9.5056544936e-01 9.2869960359e-07
1728 9.5020930189e-01 9.2644678207e-07
1729 9.4982057080e-01 9.4057230822e-07
1730 9.4949193736e-01 9.2191686949e-07
1731 9.4912338141e-01 9.5659847344e-07
1732 9.4872602537e-01 9.4341899663e-07
1733 9.4836077988e-01 9.4140749294e-07
1734 9.4797067727e-01 9.4600901751e-07
1735 9.4758646853e-01 9.3345046042e-07
1736 9.4722485532e-01 9.3059686299e-07
1737 9.4683390546e-01 9.4329594319e-07
1738 9.4645956225e-01 9.0653213799e-07
1739 9.4610630464e-01 9.1834339207e-07
1740 9.4577217716e-01 9.0217052047e-07
1741 9.4544107544e-01 9.1708303885e-07
1742 9.4505290558e-01 9.2581349379e-07
1743 9.4467112668e-01 9.0872678841e-07
1744 9.4432514725e-01 9.0555722578e-07
1745 9.4395208310e-01 9.3520642598e-07
1746 9.4356533011e-01 9.1346496011e-07
1747 9.4321012389e-01 9.2621744227e-07
1748 9.4283003101e-01 9.3610978089e-07
1749 9.4245547951e-01 9.3817853244e-07
1750 9.4206469765e-01 9.5244949392e-07
1751 9.4167900517e-01 9.3954518178e-07
1752 9.4130053707e-01 9.5281178838e-07
1753 9.4088512600e-01 9.5506091540e-07
1754 9.4049858777e-01 9.2432179803e-07
1755 9.4013068918e-01 9.5084469847e-07
1756 9.3969697852e-01 9.6675462514e-07
1757 9.3928036577e-01 9.3458261205e-07
1758 9.3889602580e-01 9.4171815749e-07
1759 9.3848408062e-01 9.5854957512e-07
1760 9.3808238360e-01 9.5037437728e-07
1761 9.3767833560e-01 9.7522607222e-07
1762 9.3727758317e-01 9.4552376726e-07
1763 9.3688821937e-01 9.6178769224e-07
1764 9.3645213010e-01 9.7227468802e-07
1765 9.3605098296e-01 9.2797132500e-07
1766 9.3567540484e-01 9.3866003009e-07
1767 9.3525620164e-01 9.6848543552e-07
1768 9.3483711922e-01 9.3921266718e-07
1769 9.3445096574e-01 9.3876911155e-07
1770 9.3404050266e-01 9.3777216327e-07
1771 9.3363854707e-01 9.2404212480e-07
1772 9.3326402367e-01 9.0936312016e-07
1773 9.3290538251e-01 9.0722424402e-07
1774 9.3258700352e-01 8.8461791000e-07
1775 9.3222745966e-01 9.1224533277e-07
1776 9.3185407028e-01 9.0261206003e-07
1777 9.3148204550e-01 9.1483027664e-07
1778 9.3107291020e-01 9.5290011919e-07
1779 9.3065086437e-01 9.2035946257e-07
1780 9.3029439678e-01 9.0622233810e-07
1781 9.2994690507e-01 9.1343365162e-07
1782 9.2960512147e-01 9.1250401914e-07
1783 9.2925358385e-01 9.3839097788e-07
1784 9.2885555650e-01 9.3814163874e-07
1785 9.2846013898e-01 9.3167112625e-07
1786 9.2804996699e-01 9.4646151576e-07
1787 9.2764696724e-01 9.2827014161e-07
1788 9.2728847427e-01 9.1875304167e-07
1789 9.2689913770e-01 9.2947168883e-07
1790 9.2653660133e-01 9.0633491575e-07
1791 9.2618356563e-01 9.0629352051e-07
1792 9.2581197156e-01 9.1236967682e-07
1793 9.2548162913e-01 8.8889613510e-07
1794 9.2514766735e-01 9.1113168335e-07
1795 9.2477989674e-01 8.9700672532e-07
1796 9.2443105539e-01 8.9092921507e-07
1797 9.2406578738e-01 8.8779542112e-07
1798 9.2371599807e-01 8.7026368693e-07
1799 9.2338687320e-01 8.7367303333e-07
1800 9.2301965824e-01 8.9717645346e-07
1801 9.2265868137e-01 8.7330495129e-07
1802 9.2232865949e-01 8.5327758741e-07
1803 9.2200084775e-01 8.6538807138e-07
1804 9.2171385280e-01 8.2219354361e-07
1805 9.2142260670e-01 8.4712637395e-07
1806 9.2110053797e-01 8.3248186304e-07
1807 9.2079609412e-01 8.2498776126e-07
1808 9.2048871288e-01 8.4943117121e-07
1809 9.2018078748e-01 8.1235272398e-07
1810 9.1991141245e-01 8.1478484791e-07
1811 9.1960999451e-01 8.0447761203e-07
1812 9.1932673276e-01 7.9649868329e-07
1813 9.1902800498e-01 8.1130876457e-07
1814 9.1873891842e-01 7.9100382163e-07
1815 9.1846837515e-01 8.0916767613e-07
1816 9.1818132735e-01 8.0351835909e-07
1817 9.1793073290e-01 7.9115488382e-07
1818 9.1764202179e-01 8.3118195527e-07
1819 9.1732848218e-01 8.0619957148e-07
1820 9.1705033231e-01 7.9023667842e-07
1821 9.1676579383e-01 8.1751141214e-07
1822 9.1648169012e-01 7.8541962741e-07
1823 9.1621393200e-01 8.0229342711e-07
1824 9.1590743941e-01 8.2455977550e-07
1825 9.1561188969e-01 7.8377629916e-07
1826 9.1533388337e-01 8.2056277126e-07
1827 9.1503324168e-01 8.1359136509e-07
1828 9.1475199662e-01 8.1795324613e-07
1829 9.1444416553e-01 8.3525687338e-07
1830 9.1414537176e-01 8.2332665514e-07
1831 9.1383786729e-01 8.4855993225e-07
1832 9.1348883763e-01 8.6589751770e-07
1833 9.1316204347e-01 8.2470489314e-07
1834 9.1286460002e-01 8.3594909312e-07
1835 9.1256199676e-01 8.2911481066e-07
1836 9.1229897399e-01 8.1640433473e-07
1837 9.1199607408e-01 8.3805097616e-07
1838 9.1168645164e-01 8.1325142469e-07
1839 9.1138972767e-01 8.3562560640e-07
1840 9.1108693032e-01 8.1551082864e-07
1841 9.1080846537e-01 8.3029433684e-07
1842 9.1049886478e-01 8.1994116395e-07
1843 9.1020084047e-01 8.2309387720e-07
1844 9.0989011953e-01 8.3224680743e-07
1845 9.0954941957e-01 8.6131408846e-07
1846 9.0921167464e-01 8.3854595497e-07
1847 9.0890467435e-01 8.4910879386e-07
1848 9.0857636901e-01 8.4219647981e-07
1849 9.0826294216e-01 8.4458119295e-07
1850 9.0796175338e-01 8.4709111069e-07
1851 9.0763735210e-01 8.6565148274e-07
1852 9.0731571522e-01 8.3851890271e-07
1853 9.0700720351e-01 8.3584535531e-07
1854 9.0670128440e-01 8.2439375048e-07
1855 9.0639339875e-01 8.5141516463e-07
1856 9.0607059143e-01 8.4324736287e-07
1857 9.0578433607e-01 8.4120485319e-07
1858 9.0546468091e-01 8.6038828142e-07
1859 9.0514784993e-01 8.4864132022e-07
1860 9.0481239130e-01 8.7194298330e-07
1861 9.0444578504e-01 8.8537715750e-07
1862 9.0409384015e-01 8.6291532007e-07
1863 9.0375306388e-01 8.6248134229e-07
1864 9.0342045816e-01 8.5005315703e-07
1865 9.0308831455e-01 8.6153212975e-07
1866 9.0275833603e-01 8.3919752579e-07
1867 9.0240501400e-01 8.7084270749e-07
1868 9.0206966922e-01 8.3824864326e-07
1869 9.0176887487e-01 8.5081219047e-07
1870 9.0142959440e-01 8.5215904214e-07
1871 9.0114007323e-01 8.2803524931e-07
1872 9.0084877137e-01 8.5289803265e-07
1873 9.0053083162e-01 8.3663933585e-07
1874 9.0021880878e-01 8.2900879170e-07
1875 8.9990005697e-01 8.3755216340e-07
1876 8.9960262314e-01 8.0751864086e-07
1877 8.9930970464e-01 8.2442080059e-07
1878 8.9900455985e-01 8.1910893745e-07
1879 8.9873776257e-01 8.1144117423e-07
1880 8.9841493179e-01 8.4382478500e-07
1881 8.9810560176e-01 7.9933391805e-07
1882 8.9783616675e-01 8.1398071721e-07
1883 8.9752586598e-01 8.2048363342e-07
1884 8.9723646601e-01 7.9886133348e-07
1885 8.9696681479e-01 8.0081478633e-07
1886 8.9668599387e-01 8.1082968767e-07
1887 8.9641469810e-01 8.1099112229e-07
1888 8.9613699689e-01 8.0947759370e-07
1889 8.9585446223e-01 8.1705743103e-07
1890 8.9555068098e-01 8.2652670515e-07
1891 8.9525483575e-01 7.9428175951e-07
1892 8.9499247453e-01 7.9256486318e-07
1893 8.9470608930e-01 8.0810728391e-07
1894 8.9446116474e-01 7.9189885234e-07
1895 8.9419016676e-01 8.1379338796e-07
1896 8.9390409037e-01 7.9460597520e-07
1897 8.9362624837e-01 8.0316518664e-07
1898 8.9334306946e-01 8.0446939280e-07
1899 8.9306079646e-01 8.1937009504e-07
1900 8.9276185782e-01 8.1829353955e-07
1901 8.9245259837e-01 8.3747269836e-07
1902 8.9212361394e-01 8.3811431558e-07
1903 8.9180774418e-01 8.3611888329e-07
1904 8.9151433434e-01 8.2899964202e-07
1905 8.9121966369e-01 8.2772054777e-07
1906 8.9090818221e-01 8.3295618886e-07
1907 8.9061380850e-01 8.1383484877e-07
1908 8.9034329413e-01 8.1266658414e-07
1909 8.9003830257e-01 8.3343810896e-07
1910 8.8972226514e-01 8.3129626289e-07
1911 8.8941083559e-01 8.2956857733e-07
1912 8.8910500419e-01 8.2386698256e-07
1913 8.8880120042e-01 8.1767646536e-07
1914 8.8849190483e-01 8.2478321138e-07
1915 8.8820207744e-01 8.1282682843e-07
1916 8.8789616753e-01 8.3286352256e-07
1917 8.8758787115e-01 8.2326738739e-07
1918 8.8729331710e-01 8.1307632894e-07
1919 8.8700323601e-01 8.2229888005e-07
1920 8.8669915444e-01 8.3487823589e-07
1921 8.8637018238e-01 8.3657024144e-07
1922 8.8606596375e-01 8.1972335737e-07
1923 8.8577439851e-01 8.1376411051e-07
1924 8.8546893199e-01 8.3774303819e-07
1925 8.8516390332e-01 8.1278505674e-07
1926 8.8489304561e-01 8.1217569972e-07
1927 8.8459118510e-01 8.2966002481e-07
1928 8.8427980742e-01 8.1562252004e-07
1929 8.8398881176e-01 8.1342700962e-07
1930 8.8368699996e-01 8.3080928881e-07
1931 8.8338585400e-01 8.1019733789e-07
1932 8.8309825062e-01 8.2152392226e-07
1933 8.8283409253e-01 7.9809371348e-07
1934 8.8257760501e-01 8.1205028993e-07
1935 8.8228299485e-01 7.9805168234e-07
1936 8.8201806510e-01 7.7652075939e-07
1937 8.8174563762e-01 7.8678079267e-07
1938 8.8145500388e-01 7.9726691258e-07
1939 8.8119944476e-01 7.5874140632e-07
1940 8.8094185116e-01 7.8320158203e-07
1941 8.8066616463e-01 7.6877981413e-07
1942 8.8041608115e-01 7.5661004312e-07
1943 8.8017737876e-01 7.4624387848e-07
1944 8.7996459422e-01 7.4374081738e-07
1945 8.7972104703e-01 7.6748164201e-07
1946 8.7947391120e-01 7.4385748331e-07
1947 8.7924445652e-01 7.5249906243e-07
1948 8.7898154430e-01 7.7375458525e-07
1949 8.7873789336e-01 7.4299675523e-07
1950 8.7850582439e-01 7.6078965423e-07
1951 8.7825413023e-01 7.5123856870e-07
1952 8.7802511208e-01 7.3767471628e-07
1953 8.7779075073e-01 7.5696322131e-07
1954 8.7755236611e-01 7.3584227040e-07
1955 8.7732853498e-01 7.4284395699e-07
1956 8.7710015826e-01 7.3864138355e-07
1957 8.7686447504e-01 7.4749273941e-07
1958 8.7661242735e-01 7.4679229300e-07
1959 8.7638409502e-01 7.4135509163e-07
1960 8.7614266647e-01 7.3934158165e-07
1961 8.7589231836e-01 7.5042208585e-07
1962 8.7566896883e-01 7.1256994026e-07
1963 8.7545005431e-01 7.4656123461e-07
1964 8.7520584889e-01 7.2563027475e-07
1965 8.7498112407e-01 7.3322665408e-07
1966 8.7475388833e-01 7.1794504863e-07
1967 8.7453230236e-01 7.2339027315e-07
1968 8.7430059095e-01 7.1034666071e-07
1969 8.7407924076e-01 6.9831888845e-07
1970 8.7387825021e-01 6.8778079705e-07
1971 8.7367690774e-01 6.9436837539e-07
1972 8.7348247364e-01 6.8402327776e-07
1973 8.7328162961e-01 6.9937921125e-07
1974 8.7305369840e-01 6.9717292099e-07
1975 8.7285437779e-01 6.6850463822e-07
1976 8.7266416369e-01 6.8063905554e-07
1977 8.7245757342e-01 6.7139235966e-07
1978 8.7226149266e-01 6.6617486468e-07
1979 8.7206172605e-01 6.7863168543e-07
1980 8.7187085377e-01 6.6913027740e-07
1981 8.7167766960e-01 6.8958610773e-07
1982 8.7146427135e-01 6.8664894883e-07
1983 8.7125319851e-01 6.8669305203e-07
1984 8.7103474206e-01 7.0562763735e-07
1985 8.7082067570e-01 6.8284120032e-07
1986 8.7062793597e-01 7.0386630271e-07
1987 8.7040504307e-01 7.0770056631e-07
1988 8.7020915798e-01 6.7838080129e-07
1989 8.7000491651e-01 7.1105502757e-07
1990 8.6977664486e-01 7.1079693928e-07
1991 8.6956082331e-01 7.0214757244e-07
1992 8.6933441872e-01 7.3026302413e-07
1993 8.6909355132e-01 7.1538917893e-07
1994 8.6887285683e-01 7.0080526141e-07
1995 8.6865135836e-01 7.1237233287e-07
1996 8.6842425546e-01 6.8356847804e-07
1997 8.6821311923e-01 6.9535961461e-07
1998 8.6798435554e-01 7.0036308449e-07
1999 8.6778034904e-01 6.5289034954e-07
