iter rel_error rel_residual
0 7.3447385482e+00 3.7321100507e-01
1 7.3732083911e+00 2.1840561250e-01
2 7.4938276855e+00 1.3226744006e-01
3 7.6321561316e+00 9.7421577298e-02
4 7.3058406308e+00 7.4992579786e-02
5 6.7336596072e+00 5.5951643184e-02
6 6.6366788123e+00 4.3059017244e-02
7 6.8497767118e+00 3.9136831291e-02
8 6.8719186620e+00 3.1569302238e-02
9 6.3469288884e+00 3.0733667799e-02
10 5.6283479857e+00 2.4385340902e-02
11 5.2505029434e+00 2.1438315116e-02
12 4.9872153851e+00 1.9814995633e-02
13 4.7224962760e+00 1.6804289345e-02
14 4.5432214663e+00 1.5756665825e-02
15 4.4697116715e+00 1.4337735873e-02
16 4.3620937473e+00 1.3701363543e-02
17 4.2363721839e+00 1.1433528731e-02
18 4.1945084567e+00 1.1830796040e-02
19 4.1092982556e+00 1.0558716161e-02
20 3.9099880456e+00 9.9328215650e-03
21 3.7881073128e+00 9.3112681902e-03
22 3.7153730901e+00 8.3811669977e-03
23 3.6018023454e+00 7.9158437116e-03
24 3.4538824276e+00 7.8259016055e-03
25 3.2991137404e+00 7.3952138507e-03
26 3.1433535565e+00 6.7110451133e-03
27 3.0140237174e+00 6.4023307797e-03
28 2.9633595076e+00 6.0309058697e-03
29 3.0124246882e+00 5.9232944976e-03
30 3.0985789865e+00 5.8699346572e-03
31 3.2142917515e+00 5.4021872278e-03
32 3.3858499758e+00 5.6872320721e-03
33 3.5487072150e+00 5.1172474369e-03
34 3.6371839601e+00 4.9077860268e-03
35 3.6809951706e+00 4.4601690192e-03
36 3.7317956246e+00 4.6713888796e-03
37 3.8203875356e+00 4.5303494986e-03
38 3.8925756071e+00 4.0788435684e-03
39 3.8875566720e+00 4.2009528198e-03
40 3.8351062725e+00 3.9540277557e-03
41 3.8294575665e+00 3.9229487584e-03
42 3.8483918092e+00 3.7042453334e-03
43 3.7939146779e+00 3.7389102033e-03
44 3.6503777433e+00 3.4466799322e-03
45 3.4846245433e+00 3.4007375957e-03
46 3.3267814089e+00 3.5354576498e-03
47 3.1922162756e+00 3.2699081948e-03
48 3.1164214054e+00 3.2184922290e-03
49 3.1096977945e+00 3.2191842526e-03
50 3.1831054833e+00 3.0041277172e-03
51 3.3067225507e+00 2.9652329940e-03
52 3.4481860331e+00 2.8436787702e-03
53 3.6081397732e+00 2.9639948192e-03
54 3.7862025190e+00 2.5977012131e-03
55 3.9450174450e+00 2.5657503940e-03
56 4.0579930639e+00 2.6360004280e-03
57 4.1153855364e+00 2.5496187181e-03
58 4.1179092184e+00 2.4959548003e-03
59 4.0899107614e+00 2.4045967937e-03
60 4.0338144725e+00 2.4561703516e-03
61 3.9268092076e+00 2.4720073744e-03
62 3.7963193304e+00 2.2365559438e-03
63 3.6789648149e+00 2.3251323632e-03
64 3.5443058359e+00 2.1316719712e-03
65 3.3786396494e+00 2.1681715601e-03
66 3.2518597154e+00 2.0362534493e-03
67 3.1765483698e+00 1.9326483365e-03
68 3.1197309476e+00 1.9772652225e-03
69 3.1096584734e+00 1.8933303630e-03
70 3.1476615489e+00 1.8938179531e-03
71 3.1937309998e+00 1.8008280854e-03
72 3.2562762860e+00 1.8898039443e-03
73 3.3533228169e+00 1.8363340040e-03
74 3.4675635136e+00 1.9071398877e-03
75 3.5692672501e+00 1.7864873795e-03
76 3.6493215542e+00 1.8657308677e-03
77 3.6992626889e+00 1.7337254622e-03
78 3.7282948426e+00 1.7631380192e-03
79 3.7410926757e+00 1.7930927250e-03
80 3.7397536673e+00 1.8490241860e-03
81 3.7281816720e+00 1.7816134351e-03
82 3.6937988932e+00 1.7701035257e-03
83 3.6276516928e+00 1.5798891010e-03
84 3.5839693142e+00 1.6246564577e-03
85 3.5495929526e+00 1.5724322094e-03
86 3.5013571375e+00 1.6194153700e-03
87 3.4716827479e+00 1.5047523706e-03
88 3.4599138997e+00 1.5047675517e-03
89 3.4319514915e+00 1.4977286214e-03
90 3.3960146324e+00 1.5094373153e-03
91 3.3671976609e+00 1.4860417158e-03
92 3.3207757880e+00 1.4088754267e-03
93 3.2677452260e+00 1.4113698705e-03
94 3.2350778057e+00 1.3414378657e-03
95 3.2109273093e+00 1.3275507288e-03
96 3.1861054226e+00 1.3499638929e-03
97 3.1688829084e+00 1.3213103972e-03
98 3.1705977901e+00 1.3510127816e-03
99 3.1921927383e+00 1.3433964209e-03
100 3.2204606094e+00 1.2393697513e-03
101 3.2494550458e+00 1.2704143081e-03
102 3.2799153870e+00 1.1958446055e-03
103 3.3082454517e+00 1.2158906815e-03
104 3.3351304839e+00 1.1701675595e-03
105 3.3665365339e+00 1.1951031942e-03
106 3.3960800245e+00 1.1250817266e-03
107 3.4194105973e+00 1.1008877538e-03
108 3.4389503006e+00 1.0898145013e-03
109 3.4487466033e+00 1.0700699322e-03
110 3.4498056706e+00 1.0753176177e-03
111 3.4431030138e+00 1.0899328764e-03
112 3.4149353145e+00 1.0646949234e-03
113 3.3739728764e+00 1.0312660953e-03
114 3.3309365449e+00 1.0036052824e-03
115 3.2778214162e+00 9.6153091500e-04
116 3.2279041275e+00 9.6929404104e-04
117 3.1820240289e+00 9.5522898597e-04
118 3.1315419535e+00 9.5288730371e-04
119 3.1002442268e+00 9.0618973232e-04
120 3.0856390082e+00 9.3738092724e-04
121 3.0677071674e+00 8.8721307673e-04
122 3.0576220138e+00 9.0687080548e-04
123 3.0568157604e+00 8.9682020689e-04
124 3.0534444970e+00 8.6375142263e-04
125 3.0494008924e+00 8.8597365985e-04
126 3.0522513669e+00 8.3739762781e-04
127 3.0606413174e+00 8.4734650117e-04
128 3.0691113350e+00 8.4141559823e-04
129 3.0790027339e+00 8.0051811231e-04
130 3.0927968656e+00 8.0880188287e-04
131 3.1073559029e+00 7.8636709798e-04
132 3.1201388202e+00 8.2215540840e-04
133 3.1404251439e+00 7.7720593185e-04
134 3.1589861123e+00 7.4795933972e-04
135 3.1668391007e+00 7.4804925776e-04
136 3.1657728562e+00 7.4478007342e-04
137 3.1545713316e+00 7.9884140161e-04
138 3.1338834529e+00 7.3426150257e-04
139 3.1106066786e+00 7.9523980335e-04
140 3.0786757532e+00 7.2630852402e-04
141 3.0428577040e+00 7.5188655782e-04
142 3.0047035065e+00 7.1140200056e-04
143 2.9552767304e+00 7.2757197758e-04
144 2.8955365768e+00 7.4108218826e-04
145 2.8420982585e+00 6.9719080059e-04
146 2.7919650809e+00 7.2624150173e-04
147 2.7565220332e+00 6.9687055087e-04
148 2.7428649467e+00 6.8665125269e-04
149 2.7396570057e+00 6.8982537948e-04
150 2.7436474984e+00 6.8468939263e-04
151 2.7529887315e+00 6.9590794919e-04
152 2.7612592380e+00 6.5043838426e-04
153 2.7629936932e+00 6.6094865745e-04
154 2.7626003858e+00 6.6349813101e-04
155 2.7682481909e+00 6.3130399231e-04
156 2.7776509768e+00 6.7983206452e-04
157 2.7738005755e+00 6.9225599937e-04
158 2.7609162051e+00 6.9418655816e-04
159 2.7457968718e+00 6.3783160119e-04
160 2.7220608044e+00 6.3656413356e-04
161 2.6885403812e+00 5.9578543946e-04
162 2.6566302297e+00 5.9155095262e-04
163 2.6256016135e+00 5.8233219156e-04
164 2.5913769384e+00 5.8011682153e-04
165 2.5631574081e+00 5.9557459140e-04
166 2.5402370352e+00 5.9465534302e-04
167 2.5099926447e+00 5.8516243860e-04
168 2.4797296220e+00 5.6858653330e-04
169 2.4516197902e+00 6.1088431146e-04
170 2.4201009810e+00 5.9221066852e-04
171 2.3902821707e+00 6.2707397139e-04
172 2.3607250808e+00 6.1741285070e-04
173 2.3345124309e+00 5.5093690301e-04
174 2.3107900306e+00 5.5291811257e-04
175 2.2870162252e+00 5.3490738328e-04
176 2.2718824185e+00 5.5522574233e-04
177 2.2667544901e+00 5.2989165322e-04
178 2.2642005067e+00 5.5079909554e-04
179 2.2640295684e+00 5.8234715574e-04
180 2.2646106858e+00 5.8172039239e-04
181 2.2668290614e+00 5.4234205730e-04
182 2.2719923073e+00 5.3169631936e-04
183 2.2749758169e+00 5.2487241177e-04
184 2.2801664492e+00 5.1297466406e-04
185 2.2846474756e+00 4.9785171488e-04
186 2.2811135607e+00 5.3424732175e-04
187 2.2780188840e+00 5.3949873738e-04
188 2.2722393457e+00 5.9948867410e-04
189 2.2570500521e+00 5.6184152462e-04
190 2.2371861637e+00 5.3547531066e-04
191 2.2194307338e+00 5.0680779336e-04
192 2.1941364389e+00 4.8090079868e-04
193 2.1651793345e+00 5.2077131410e-04
194 2.1358142528e+00 4.9169157016e-04
195 2.1099243557e+00 4.9158624759e-04
196 2.0880692567e+00 4.5733668849e-04
197 2.0664916579e+00 5.0537535303e-04
198 2.0414808869e+00 4.7670453692e-04
199 2.0167571756e+00 5.1725548867e-04
200 1.9972017691e+00 4.7905867882e-04
201 1.9826506880e+00 4.7877294853e-04
202 1.9717916676e+00 4.8724362329e-04
203 1.9630167162e+00 4.6589048729e-04
204 1.9564915962e+00 4.6420482966e-04
205 1.9570769875e+00 4.8113260295e-04
206 1.9595616793e+00 4.7386947458e-04
207 1.9604535574e+00 4.8106859198e-04
208 1.9629645677e+00 4.5239620978e-04
209 1.9692386674e+00 4.5693035103e-04
210 1.9752054085e+00 4.3208845103e-04
211 1.9770718070e+00 4.6084729978e-04
212 1.9761239295e+00 4.4390362791e-04
213 1.9779118229e+00 4.0059437041e-04
214 1.9838763274e+00 4.3690307044e-04
215 1.9915321048e+00 4.1337188695e-04
216 2.0011899391e+00 4.0403314010e-04
217 2.0062041237e+00 4.0714818592e-04
218 2.0063422165e+00 4.0442266667e-04
219 2.0074605481e+00 4.0132949521e-04
220 2.0035974856e+00 3.7895294448e-04
221 1.9921169076e+00 3.8122728758e-04
222 1.9765161200e+00 3.8976723529e-04
223 1.9612503007e+00 3.8962785535e-04
224 1.9332628078e+00 3.7419777234e-04
225 1.9033070105e+00 3.6475207915e-04
226 1.8770063055e+00 3.6866755251e-04
227 1.8516716021e+00 3.5578403743e-04
228 1.8251247407e+00 3.8469616998e-04
229 1.8012442175e+00 3.8332280333e-04
230 1.7852658408e+00 3.9278774949e-04
231 1.7764566656e+00 3.7293502542e-04
232 1.7722536631e+00 3.7709853516e-04
233 1.7752581306e+00 3.8596306435e-04
234 1.7863846546e+00 3.7016118074e-04
235 1.8003097340e+00 3.5974273123e-04
236 1.8181019358e+00 3.4911038082e-04
237 1.8431279056e+00 3.5991071592e-04
238 1.8675269137e+00 3.5753790910e-04
239 1.8846893868e+00 3.6454043440e-04
240 1.9006818614e+00 3.6302997632e-04
241 1.9151069979e+00 3.6157374066e-04
242 1.9221441536e+00 3.7302914675e-04
243 1.9191007017e+00 3.7211558077e-04
244 1.9059559879e+00 3.5342608490e-04
245 1.8893812986e+00 3.6578542528e-04
246 1.8740603658e+00 3.4725856579e-04
247 1.8563080923e+00 3.5754323497e-04
248 1.8356152890e+00 3.4802471988e-04
249 1.8187888834e+00 3.4719452394e-04
250 1.8033833891e+00 3.3712716362e-04
251 1.7849250741e+00 3.4096360528e-04
252 1.7641121403e+00 3.4526080626e-04
253 1.7425638382e+00 3.4040542340e-04
254 1.7215391055e+00 3.3760105573e-04
255 1.7081815990e+00 3.4777276610e-04
256 1.7013989600e+00 3.3697495010e-04
257 1.6989571438e+00 3.5662160805e-04
258 1.7034958445e+00 3.2639828706e-04
259 1.7122888846e+00 3.3944426093e-04
260 1.7212489586e+00 3.1579017772e-04
261 1.7298424326e+00 3.2364187897e-04
262 1.7423676484e+00 3.2970908507e-04
263 1.7578199273e+00 3.2557930061e-04
264 1.7726964604e+00 3.2207928815e-04
265 1.7892822729e+00 3.0834168396e-04
266 1.8067054786e+00 3.1852364327e-04
267 1.8168185218e+00 3.1903634378e-04
268 1.8227749906e+00 3.1225934982e-04
269 1.8298821218e+00 3.1005560943e-04
270 1.8321377724e+00 3.1401568436e-04
271 1.8302770297e+00 3.0327176594e-04
272 1.8311755367e+00 3.2241976255e-04
273 1.8279450868e+00 3.0130666972e-04
274 1.8158018430e+00 3.0402884240e-04
275 1.8010877742e+00 3.0164306718e-04
276 1.7856638525e+00 3.0042463905e-04
277 1.7683846112e+00 2.9849697347e-04
278 1.7504939574e+00 2.9266895194e-04
279 1.7342709069e+00 2.9973469599e-04
280 1.7222760756e+00 2.9466783975e-04
281 1.7141465749e+00 2.8809351389e-04
282 1.7095654502e+00 2.9500403577e-04
283 1.7087775357e+00 2.7699071359e-04
284 1.7090026437e+00 2.8469429314e-04
285 1.7085909930e+00 2.8551045385e-04
286 1.7098886717e+00 2.9488135197e-04
287 1.7133750076e+00 3.3190287908e-04
288 1.7175664458e+00 3.1061449242e-04
289 1.7235875155e+00 2.9523503201e-04
290 1.7308622355e+00 2.7122349925e-04
291 1.7389040251e+00 2.7650465970e-04
292 1.7457841268e+00 2.6234092185e-04
293 1.7502300089e+00 2.7449501630e-04
294 1.7510476154e+00 2.6687621927e-04
295 1.7508636286e+00 2.7399965600e-04
296 1.7490218825e+00 2.7318710704e-04
297 1.7490537799e+00 2.6096966148e-04
298 1.7513081124e+00 2.7368334140e-04
299 1.7484678395e+00 2.6262607900e-04
300 1.7435643456e+00 2.6138995762e-04
301 1.7398760464e+00 2.7696325192e-04
302 1.7316189137e+00 2.6660912814e-04
303 1.7217490722e+00 2.9018476257e-04
304 1.7112334505e+00 2.7895666909e-04
305 1.6991251945e+00 2.6987393134e-04
306 1.6878005127e+00 2.6571999840e-04
307 1.6778663408e+00 2.5448496877e-04
308 1.6667405410e+00 2.5384363078e-04
309 1.6545465565e+00 2.4502613371e-04
310 1.6429054464e+00 2.3545619087e-04
311 1.6309110969e+00 2.4858194649e-04
312 1.6199252501e+00 2.4518576667e-04
313 1.6117021481e+00 2.5089775887e-04
314 1.6063798623e+00 2.3646632138e-04
315 1.6024787150e+00 2.3568365874e-04
316 1.6004491011e+00 2.4890031108e-04
317 1.6003579924e+00 2.6626641978e-04
318 1.6010889210e+00 2.4934704679e-04
319 1.6016981011e+00 2.3456799331e-04
320 1.6043696987e+00 2.2882695141e-04
321 1.6076162605e+00 2.2388969439e-04
322 1.6099031449e+00 2.2783067564e-04
323 1.6123349313e+00 2.2739647732e-04
324 1.6142162962e+00 2.2899374599e-04
325 1.6129317059e+00 2.2363989477e-04
326 1.6119207586e+00 2.3284705125e-04
327 1.6079364037e+00 2.3124144349e-04
328 1.5998475883e+00 2.2171263445e-04
329 1.5948021549e+00 2.2540399207e-04
330 1.5898371128e+00 2.4016764382e-04
331 1.5811906623e+00 2.3712960766e-04
332 1.5726522671e+00 2.5054084654e-04
333 1.5655336923e+00 2.4715066111e-04
334 1.5581540357e+00 2.3570605469e-04
335 1.5488644192e+00 2.2524145551e-04
336 1.5383919602e+00 2.2757738953e-04
337 1.5296356617e+00 2.2175323410e-04
338 1.5236741949e+00 2.1545919546e-04
339 1.5185529664e+00 2.1776553457e-04
340 1.5143914812e+00 2.2028306481e-04
341 1.5114006054e+00 2.1735488827e-04
342 1.5063733739e+00 2.1038098965e-04
343 1.5027266007e+00 2.1676521841e-04
344 1.5015384014e+00 2.0744640050e-04
345 1.4990720787e+00 2.0064255011e-04
346 1.4972309057e+00 2.0416005823e-04
347 1.4962359528e+00 2.0760171846e-04
348 1.4940603961e+00 2.0794457643e-04
349 1.4918654258e+00 2.1329991422e-04
350 1.4899016051e+00 2.4047394281e-04
351 1.4861012840e+00 2.2945164858e-04
352 1.4802720214e+00 2.0941193040e-04
353 1.4743697388e+00 1.9776098003e-04
354 1.4692981083e+00 2.0550961038e-04
355 1.4642559263e+00 2.0696105128e-04
356 1.4583739781e+00 2.0655363119e-04
357 1.4520554454e+00 2.0137250617e-04
358 1.4456028452e+00 1.9305339842e-04
359 1.4395092885e+00 1.9538222659e-04
360 1.4328986700e+00 1.9276439215e-04
361 1.4251851407e+00 1.9368211490e-04
362 1.4174384887e+00 1.8816694019e-04
363 1.4102658959e+00 1.8681953033e-04
364 1.4032792306e+00 1.8820744085e-04
365 1.3962586082e+00 1.8965493384e-04
366 1.3900698764e+00 1.8747201229e-04
367 1.3853912812e+00 1.8563620002e-04
368 1.3813940368e+00 1.7690713205e-04
369 1.3771895723e+00 1.8195475026e-04
370 1.3730949346e+00 1.7861786122e-04
371 1.3695644805e+00 1.7876631967e-04
372 1.3664441996e+00 1.7812462565e-04
373 1.3634111121e+00 1.7199733657e-04
374 1.3597363648e+00 1.7692305688e-04
375 1.3561303943e+00 1.7239737464e-04
376 1.3529900518e+00 1.7517435190e-04
377 1.3495052440e+00 1.6592361898e-04
378 1.3464928896e+00 1.6664636800e-04
379 1.3447134941e+00 1.6074467850e-04
380 1.3438877020e+00 1.6453074313e-04
381 1.3434814873e+00 1.6259695531e-04
382 1.3429756878e+00 1.6769043020e-04
383 1.3419498849e+00 1.6800339565e-04
384 1.3413064177e+00 1.7016996297e-04
385 1.3404152121e+00 1.7141592319e-04
386 1.3380651724e+00 1.7019142270e-04
387 1.3358887740e+00 1.7909081858e-04
388 1.3348978682e+00 1.9267961209e-04
389 1.3334792812e+00 1.9861483707e-04
390 1.3313379396e+00 1.7440307720e-04
391 1.3302056181e+00 1.6578580788e-04
392 1.3295507059e+00 1.6164446255e-04
393 1.3277112058e+00 1.6549672383e-04
394 1.3263645329e+00 1.6261058554e-04
395 1.3252096691e+00 1.6065555024e-04
396 1.3238728142e+00 1.5806633042e-04
397 1.3220433257e+00 1.5981313137e-04
398 1.3198258548e+00 1.6303203927e-04
399 1.3161976853e+00 1.5614479305e-04
400 1.3113615329e+00 1.5762034963e-04
401 1.3070403066e+00 1.5354630428e-04
402 1.3043171690e+00 1.4983249370e-04
403 1.3018852127e+00 1.5458769580e-04
404 1.2983565695e+00 1.5801738040e-04
405 1.2948773002e+00 1.5736899107e-04
406 1.2917459076e+00 1.6185335637e-04
407 1.2886536585e+00 1.5224772421e-04
408 1.2856022825e+00 1.4862577375e-04
409 1.2822015465e+00 1.4979755939e-04
410 1.2788744360e+00 1.6809256223e-04
411 1.2759651705e+00 1.6967650616e-04
412 1.2731211934e+00 1.5763841959e-04
413 1.2701155063e+00 1.5026669628e-04
414 1.2672303524e+00 1.5295165896e-04
415 1.2653367756e+00 1.4833397583e-04
416 1.2644061968e+00 1.4396293639e-04
417 1.2637139099e+00 1.4187121763e-04
418 1.2631790047e+00 1.4487944434e-04
419 1.2634582972e+00 1.4317653549e-04
420 1.2637357675e+00 1.4025460152e-04
421 1.2636599686e+00 1.4001042191e-04
422 1.2638181153e+00 1.4278488895e-04
423 1.2641298758e+00 1.3984123951e-04
424 1.2636155101e+00 1.4149002575e-04
425 1.2629799366e+00 1.3849442968e-04
426 1.2617594756e+00 1.3971479849e-04
427 1.2609028765e+00 1.4052849305e-04
428 1.2597698002e+00 1.4062229514e-04
429 1.2571575447e+00 1.3796018369e-04
430 1.2549106862e+00 1.3339714651e-04
431 1.2534726364e+00 1.3643965677e-04
432 1.2519268589e+00 1.3154091075e-04
433 1.2502019037e+00 1.3211774729e-04
434 1.2488136740e+00 1.3574958207e-04
435 1.2476917047e+00 1.3441990356e-04
436 1.2467856553e+00 1.3325176314e-04
437 1.2462272872e+00 1.3113740830e-04
438 1.2462977498e+00 1.3090362195e-04
439 1.2474401904e+00 1.3321200965e-04
440 1.2493919597e+00 1.3734151582e-04
441 1.2511878440e+00 1.3449067407e-04
442 1.2531354833e+00 1.3481266491e-04
443 1.2557973096e+00 1.3152318649e-04
444 1.2582684455e+00 1.3458940594e-04
445 1.2602692347e+00 1.3546339873e-04
446 1.2619626936e+00 1.4124057005e-04
447 1.2633342197e+00 1.4666400827e-04
448 1.2649044133e+00 1.5701054602e-04
449 1.2662397183e+00 1.5416479663e-04
450 1.2664540162e+00 1.4911677994e-04
451 1.2656513929e+00 1.4274772884e-04
452 1.2660389541e+00 1.3374613368e-04
453 1.2664756268e+00 1.3419523402e-04
454 1.2661825040e+00 1.3255500465e-04
455 1.2657206480e+00 1.3005331630e-04
456 1.2655583845e+00 1.3525414143e-04
457 1.2658644670e+00 1.3225112816e-04
458 1.2655411168e+00 1.3600099777e-04
459 1.2641439173e+00 1.4488158996e-04
460 1.2612440430e+00 1.5192539225e-04
461 1.2582723997e+00 1.5824496529e-04
462 1.2559693997e+00 1.4112876907e-04
463 1.2538936500e+00 1.3937585839e-04
464 1.2525626922e+00 1.2994300429e-04
465 1.2514084639e+00 1.3024485504e-04
466 1.2500095296e+00 1.3009765778e-04
467 1.2484578672e+00 1.2893817144e-04
468 1.2472363979e+00 1.3360419784e-04
469 1.2449750639e+00 1.2533021098e-04
470 1.2417740828e+00 1.2875547108e-04
471 1.2395340522e+00 1.2651350137e-04
472 1.2372242908e+00 1.2885471706e-04
473 1.2342527066e+00 1.2731805096e-04
474 1.2316598953e+00 1.2473528296e-04
475 1.2284685096e+00 1.2784297179e-04
476 1.2250501646e+00 1.3340655236e-04
477 1.2224111972e+00 1.3618993224e-04
478 1.2199454220e+00 1.4698038254e-04
479 1.2175718890e+00 1.3027425171e-04
480 1.2154503229e+00 1.2847985844e-04
481 1.2136050061e+00 1.3793041326e-04
482 1.2121058376e+00 1.4413171529e-04
483 1.2110058838e+00 1.2894320827e-04
484 1.2103835585e+00 1.2267722843e-04
485 1.2100371036e+00 1.2521498802e-04
486 1.2097547755e+00 1.2443040292e-04
487 1.2095196969e+00 1.2278615907e-04
488 1.2084336180e+00 1.2272107155e-04
489 1.2066766974e+00 1.2645504957e-04
490 1.2045739862e+00 1.2470962500e-04
491 1.2026526033e+00 1.2733480599e-04
492 1.2006580854e+00 1.3232843594e-04
493 1.1980770482e+00 1.3965224018e-04
494 1.1949932329e+00 1.3337267486e-04
495 1.1921890022e+00 1.2135049114e-04
496 1.1897571466e+00 1.2427517687e-04
497 1.1876396176e+00 1.3229340832e-04
498 1.1860521858e+00 1.2489936447e-04
499 1.1850216063e+00 1.2062513917e-04
500 1.1842246163e+00 1.2262483469e-04
501 1.1842491392e+00 1.2222987340e-04
502 1.1850146082e+00 1.2295266627e-04
503 1.1855378596e+00 1.2088599135e-04
504 1.1866069651e+00 1.1700555390e-04
505 1.1883745579e+00 1.1852783945e-04
506 1.1904542812e+00 1.1841656954e-04
507 1.1927231198e+00 1.2176815533e-04
508 1.1948733117e+00 1.1799074893e-04
509 1.1964320991e+00 1.1975489337e-04
510 1.1973293205e+00 1.2445988022e-04
511 1.1978634699e+00 1.2121794270e-04
512 1.1976115761e+00 1.1675273829e-04
513 1.1961058386e+00 1.1686612077e-04
514 1.1936817283e+00 1.1974648630e-04
515 1.1912784017e+00 1.2659160555e-04
516 1.1882591603e+00 1.2243840134e-04
517 1.1841068959e+00 1.1573499786e-04
518 1.1796871806e+00 1.1748961450e-04
519 1.1751314223e+00 1.1444724741e-04
520 1.1700784800e+00 1.1806342573e-04
521 1.1650740117e+00 1.1290014000e-04
522 1.1601784479e+00 1.1471623617e-04
523 1.1551764753e+00 1.1779729265e-04
524 1.1512268098e+00 1.1757448556e-04
525 1.1477307334e+00 1.1413276058e-04
526 1.1443848555e+00 1.1496387443e-04
527 1.1409857004e+00 1.1651048637e-04
528 1.1374027069e+00 1.2049791841e-04
529 1.1337727003e+00 1.1542507289e-04
530 1.1307140512e+00 1.1024999330e-04
531 1.1280597899e+00 1.1221280888e-04
532 1.1254592810e+00 1.1256102467e-04
533 1.1232610130e+00 1.1240489074e-04
534 1.1216309687e+00 1.0547767418e-04
535 1.1198712431e+00 1.1323654574e-04
536 1.1175168911e+00 1.0935980474e-04
537 1.1156637657e+00 1.1943336968e-04
538 1.1144154797e+00 1.2354651173e-04
539 1.1132161097e+00 1.1574548062e-04
540 1.1118499095e+00 1.0686669466e-04
541 1.1105866728e+00 1.0391344285e-04
542 1.1092380371e+00 1.0592169598e-04
543 1.1076484834e+00 1.0985770453e-04
544 1.1057500725e+00 1.0116294979e-04
545 1.1037084387e+00 9.5907440487e-05
546 1.1015180275e+00 9.9908855538e-05
547 1.0991115543e+00 1.0948326707e-04
548 1.0967957243e+00 1.1841208051e-04
549 1.0945700758e+00 1.0715242954e-04
550 1.0923872253e+00 1.0122574312e-04
551 1.0902430047e+00 9.7968583221e-05
552 1.0884254732e+00 9.9504001544e-05
553 1.0867618821e+00 9.8249520176e-05
554 1.0852304382e+00 9.7625047579e-05
555 1.0840186429e+00 9.7844739552e-05
556 1.0832846130e+00 1.0043143410e-04
557 1.0829156839e+00 9.6174084229e-05
558 1.0831153473e+00 9.4593541144e-05
559 1.0837808058e+00 9.4712731934e-05
560 1.0844093235e+00 9.5501940875e-05
561 1.0846430337e+00 9.5586674470e-05
562 1.0847863185e+00 1.0018673353e-04
563 1.0854859558e+00 9.5979308110e-05
564 1.0854301720e+00 9.5311691097e-05
565 1.0848132690e+00 9.5153284604e-05
566 1.0844746014e+00 9.3610437052e-05
567 1.0835640863e+00 9.3359027212e-05
568 1.0813671894e+00 9.2653447157e-05
569 1.0787391276e+00 9.3554764454e-05
570 1.0757694757e+00 9.2565236345e-05
571 1.0722316036e+00 9.4740017665e-05
572 1.0683256500e+00 9.7371368850e-05
573 1.0638669156e+00 1.0686467509e-04
574 1.0595439322e+00 1.0696921861e-04
575 1.0552550833e+00 1.0306279988e-04
576 1.0512951796e+00 9.7219646239e-05
577 1.0482041811e+00 8.8698814386e-05
578 1.0459090587e+00 8.9605852873e-05
579 1.0440275930e+00 9.0208832191e-05
580 1.0425830223e+00 9.0316995376e-05
581 1.0417808430e+00 9.2383157501e-05
582 1.0412850177e+00 9.0072265702e-05
583 1.0412745341e+00 9.0809201141e-05
584 1.0414921051e+00 9.7201710340e-05
585 1.0416561141e+00 1.0491659710e-04
586 1.0421776799e+00 1.0302287342e-04
587 1.0431033056e+00 9.0706956347e-05
588 1.0432898141e+00 8.7851414936e-05
589 1.0429680164e+00 8.4180062120e-05
590 1.0426934261e+00 8.6105364123e-05
591 1.0418153874e+00 8.8102725049e-05
592 1.0403283094e+00 8.6350487702e-05
593 1.0392134209e+00 8.5135599821e-05
594 1.0380032453e+00 8.4792571968e-05
595 1.0362392860e+00 8.4938429036e-05
596 1.0341030363e+00 8.3568246659e-05
597 1.0317122598e+00 8.2078902963e-05
598 1.0284789353e+00 8.3652745686e-05
599 1.0252384802e+00 8.1455280676e-05
600 1.0223515484e+00 8.2442055168e-05
601 1.0187266716e+00 8.1581071670e-05
602 1.0143124660e+00 8.3198852649e-05
603 1.0109192856e+00 8.2198579896e-05
604 1.0084888923e+00 8.2640200623e-05
605 1.0059310229e+00 8.2978309249e-05
606 1.0037267539e+00 7.9882713712e-05
607 1.0022595769e+00 7.9516818884e-05
608 1.0008757541e+00 7.9945420237e-05
609 9.9968800529e-01 7.7448125387e-05
610 9.9871992676e-01 7.9280371257e-05
611 9.9756483610e-01 7.8033830473e-05
612 9.9605036561e-01 7.9052559102e-05
613 9.9488592671e-01 7.9045055878e-05
614 9.9396442169e-01 7.7789027586e-05
615 9.9290404012e-01 7.8945857631e-05
616 9.9177530388e-01 7.7918033102e-05
617 9.9074505795e-01 7.6609644387e-05
618 9.8959949043e-01 7.5659158751e-05
619 9.8800409631e-01 7.7776531993e-05
620 9.8621698349e-01 7.9019821954e-05
621 9.8431421790e-01 8.0077843961e-05
622 9.8195446640e-01 8.3369757457e-05
623 9.7919911361e-01 8.6537648753e-05
624 9.7629996154e-01 8.7435128680e-05
625 9.7382260834e-01 8.6030231796e-05
626 9.7116970312e-01 8.4547254685e-05
627 9.6746340643e-01 8.2529923419e-05
628 9.6315966102e-01 8.0042105555e-05
629 9.5916477530e-01 8.4016944460e-05
630 9.5545179962e-01 8.2552499123e-05
631 9.5181753331e-01 8.5133535418e-05
632 9.4854640898e-01 8.4389770547e-05
633 9.4557701415e-01 8.2541786200e-05
634 9.4323361409e-01 7.9439870188e-05
635 9.4121769898e-01 7.7474876546e-05
636 9.3945269325e-01 8.0209592166e-05
637 9.3806895175e-01 7.9769044203e-05
638 9.3727719886e-01 7.5822756329e-05
639 9.3671452682e-01 7.8353089363e-05
640 9.3599583205e-01 7.6131844783e-05
641 9.3536630338e-01 7.9480478775e-05
642 9.3487139761e-01 8.8473270155e-05
643 9.3411784397e-01 8.6226508952e-05
644 9.3286663728e-01 8.0651972843e-05
645 9.3108623378e-01 7.5615340910e-05
646 9.2938364496e-01 7.3433847802e-05
647 9.2758976345e-01 7.4548020517e-05
648 9.2504781917e-01 7.0932012693e-05
649 9.2215877129e-01 7.4531507764e-05
650 9.1971415250e-01 7.2868321766e-05
651 9.1692721281e-01 6.9595038039e-05
652 9.1403124852e-01 7.4958003300e-05
653 9.1157884301e-01 7.6253284110e-05
654 9.0906581148e-01 8.5060772615e-05
655 9.0672636171e-01 8.6297394062e-05
656 9.0455067452e-01 7.5114385817e-05
657 9.0280854451e-01 7.5100108265e-05
658 9.0141801223e-01 7.2525874999e-05
659 9.0010143018e-01 6.9702777156e-05
660 8.9902978656e-01 7.1333850221e-05
661 8.9813984154e-01 6.7209156009e-05
662 8.9711780721e-01 6.7579145721e-05
663 8.9576843038e-01 6.7917091637e-05
664 8.9444927746e-01 7.1368634881e-05
665 8.9289302341e-01 7.2954269645e-05
666 8.9076365488e-01 7.4666358422e-05
667 8.8875004650e-01 7.9574711644e-05
668 8.8657014095e-01 7.2570103492e-05
669 8.8408852706e-01 6.8543669058e-05
670 8.8224956766e-01 7.5714813137e-05
671 8.8043415574e-01 7.8295451885e-05
672 8.7830134753e-01 7.5128441241e-05
673 8.7662587472e-01 6.7170948399e-05
674 8.7516927513e-01 6.8256478208e-05
675 8.7338379168e-01 6.5532150093e-05
676 8.7174726731e-01 6.8270815541e-05
677 8.7010123713e-01 6.6049583946e-05
678 8.6832139525e-01 6.7020426925e-05
679 8.6632051088e-01 6.9613721934e-05
680 8.6450953467e-01 6.6064346244e-05
681 8.6306895611e-01 6.8104925226e-05
682 8.6164512667e-01 6.6282978004e-05
683 8.6057303924e-01 6.5685393946e-05
684 8.6004668317e-01 6.8522058532e-05
685 8.5975171795e-01 6.4448700492e-05
686 8.5977468076e-01 6.6922502391e-05
687 8.6018629180e-01 6.5529125879e-05
688 8.6064011579e-01 6.4694648231e-05
689 8.6106497655e-01 6.6316647452e-05
690 8.6172217372e-01 6.2646512465e-05
691 8.6268154755e-01 6.6729928358e-05
692 8.6339764418e-01 6.3717486013e-05
693 8.6343600089e-01 6.2017329566e-05
694 8.6292062088e-01 6.2252923586e-05
695 8.6186248232e-01 6.2580792938e-05
696 8.6026394375e-01 6.6312054708e-05
697 8.5801803421e-01 6.5529355057e-05
698 8.5574499901e-01 6.8855099488e-05
699 8.5356101920e-01 7.0391748158e-05
700 8.5113883784e-01 7.0228728495e-05
701 8.4871845921e-01 6.7839502913e-05
702 8.4604652250e-01 6.4881653902e-05
703 8.4314719163e-01 6.9141126696e-05
704 8.4089530771e-01 6.4974076070e-05
705 8.3906334465e-01 6.5419673181e-05
706 8.3713342045e-01 6.6757188987e-05
707 8.3539140125e-01 6.5249497084e-05
708 8.3427925946e-01 6.4303752592e-05
709 8.3342245223e-01 6.3107884760e-05
710 8.3277706046e-01 6.1601101954e-05
711 8.3234087448e-01 6.2862913660e-05
712 8.3171729836e-01 6.3663353717e-05
713 8.3061658149e-01 6.4073423425e-05
714 8.2942538071e-01 6.1626676327e-05
715 8.2838514669e-01 6.1992247283e-05
716 8.2732773982e-01 6.2502048259e-05
717 8.2603178080e-01 6.3334874340e-05
718 8.2457917522e-01 6.4774337284e-05
719 8.2303121598e-01 6.0255485768e-05
720 8.2151847282e-01 6.2475856221e-05
721 8.1993385508e-01 6.0501475155e-05
722 8.1805711866e-01 6.2844291728e-05
723 8.1608310286e-01 6.4282367466e-05
724 8.1413950833e-01 6.8613335659e-05
725 8.1211832350e-01 6.4768718027e-05
726 8.0977562616e-01 5.9008325634e-05
727 8.0772425900e-01 6.0275067695e-05
728 8.0603903868e-01 6.0720494447e-05
729 8.0434334363e-01 6.2553570044e-05
730 8.0274735658e-01 6.1900274251e-05
731 8.0127573694e-01 5.8067788038e-05
732 8.0001863443e-01 5.8813913370e-05
733 7.9897510238e-01 5.6963858803e-05
734 7.9809461165e-01 5.7809285378e-05
735 7.9737303732e-01 5.7375946520e-05
736 7.9689254169e-01 5.6439559940e-05
737 7.9651233087e-01 5.5259024564e-05
738 7.9600698053e-01 5.6088877047e-05
739 7.9556550743e-01 5.9140344953e-05
740 7.9586612356e-01 5.8014104366e-05
741 7.9612178501e-01 5.5984144774e-05
742 7.9598316679e-01 5.7245270301e-05
743 7.9592338246e-01 5.4026598129e-05
744 7.9590255923e-01 5.6006286509e-05
745 7.9566969552e-01 5.5597509153e-05
746 7.9547046747e-01 5.4689117852e-05
747 7.9532911755e-01 5.5295760360e-05
748 7.9472632462e-01 5.6057644334e-05
749 7.9388341277e-01 5.6524494532e-05
750 7.9321149929e-01 5.5103016736e-05
751 7.9198868496e-01 5.6466958347e-05
752 7.9012918182e-01 5.6039955273e-05
753 7.8806306125e-01 5.6317949615e-05
754 7.8569910234e-01 5.6595060379e-05
755 7.8297203982e-01 5.5185303808e-05
756 7.8061929618e-01 5.5081086691e-05
757 7.7861674565e-01 5.4391192563e-05
758 7.7676075305e-01 5.7052173845e-05
759 7.7502773336e-01 6.1169136323e-05
760 7.7371806937e-01 6.7616260876e-05
761 7.7269528124e-01 6.3585063949e-05
762 7.7164157419e-01 5.6837093826e-05
763 7.7088814762e-01 5.5167104901e-05
764 7.7081146907e-01 5.4163252128e-05
765 7.7076813546e-01 5.5487908239e-05
766 7.7076329114e-01 5.7974418306e-05
767 7.7100923838e-01 5.6918569204e-05
768 7.7119215881e-01 5.8288550690e-05
769 7.7100369934e-01 5.8775306585e-05
770 7.7084457496e-01 6.1109906902e-05
771 7.7063336140e-01 6.1808964566e-05
772 7.7006499382e-01 6.1346843604e-05
773 7.6913160146e-01 6.0169015200e-05
774 7.6806294241e-01 5.5664034946e-05
775 7.6673537067e-01 5.5640484766e-05
776 7.6517987800e-01 5.3950146864e-05
777 7.6333496023e-01 5.5926148395e-05
778 7.6117327493e-01 5.4642701808e-05
779 7.5915616521e-01 5.5252862173e-05
780 7.5729515629e-01 5.6349961603e-05
781 7.5574072196e-01 5.5235869641e-05
782 7.5433826788e-01 5.7477602065e-05
783 7.5286476572e-01 5.4862488781e-05
784 7.5144927558e-01 5.3755142717e-05
785 7.5027527085e-01 5.5373274355e-05
786 7.4931222289e-01 5.9588700601e-05
787 7.4862400072e-01 5.8740300470e-05
788 7.4813591158e-01 5.7970010941e-05
789 7.4781596932e-01 5.4456268945e-05
790 7.4800405534e-01 5.6642872722e-05
791 7.4858458249e-01 6.0323015924e-05
792 7.4943030573e-01 5.9145723574e-05
793 7.5055181572e-01 5.8622303380e-05
794 7.5176377162e-01 5.5244620736e-05
795 7.5315764029e-01 5.6997466511e-05
796 7.5479819563e-01 5.6544427690e-05
797 7.5624060105e-01 5.6431254549e-05
798 7.5725384756e-01 5.7344936778e-05
799 7.5818276886e-01 5.4685544195e-05
800 7.5906977056e-01 5.3807252043e-05
801 7.5973447994e-01 5.3538469310e-05
802 7.6001102204e-01 5.4854374449e-05
803 7.5980220591e-01 5.4053337879e-05
804 7.5901605272e-01 5.4996356565e-05
805 7.5749642610e-01 5.3690069978e-05
806 7.5500109919e-01 5.4087100688e-05
807 7.5191733996e-01 5.5337842436e-05
808 7.4860309635e-01 5.4661392617e-05
809 7.4567685213e-01 5.2943174856e-05
810 7.4249269842e-01 5.3916025933e-05
811 7.3854762851e-01 5.7009008211e-05
812 7.3439483307e-01 5.7558165703e-05
813 7.3087333307e-01 5.5148924673e-05
814 7.2795070264e-01 5.6312084222e-05
815 7.2582282013e-01 5.4295412915e-05
816 7.2453745543e-01 5.3716074384e-05
817 7.2378663177e-01 5.5708859510e-05
818 7.2369939229e-01 5.4851024339e-05
819 7.2471460691e-01 5.6813855094e-05
820 7.2618926290e-01 5.6483721974e-05
821 7.2788654473e-01 5.7022159784e-05
822 7.2990895865e-01 6.2668709652e-05
823 7.3175885606e-01 7.0350749655e-05
824 7.3342467634e-01 6.7167940459e-05
825 7.3498056923e-01 5.9035898305e-05
826 7.3618094694e-01 5.6384025381e-05
827 7.3737455293e-01 5.6632731384e-05
828 7.3779392653e-01 6.0075375102e-05
829 7.3727281944e-01 6.4329804679e-05
830 7.3613604977e-01 6.2869668364e-05
831 7.3437316813e-01 5.8415362736e-05
832 7.3240449377e-01 5.5372182816e-05
833 7.3017355267e-01 5.4615651324e-05
834 7.2756746900e-01 5.4358286288e-05
835 7.2471343887e-01 5.3641751479e-05
836 7.2197690429e-01 5.4709176695e-05
837 7.1931940896e-01 5.3784508648e-05
838 7.1659969450e-01 5.3333040367e-05
839 7.1395230337e-01 5.3829550803e-05
840 7.1185356610e-01 5.5229341431e-05
841 7.1043395815e-01 5.3295975046e-05
842 7.0977400381e-01 5.2618248545e-05
843 7.1009283342e-01 5.2002550961e-05
844 7.1125648450e-01 5.3586917094e-05
845 7.1294685048e-01 5.6211145830e-05
846 7.1518606449e-01 5.5379286198e-05
847 7.1798094733e-01 5.9299534682e-05
848 7.2084021626e-01 5.8632266239e-05
849 7.2340121789e-01 5.6111815114e-05
850 7.2626288896e-01 5.3547733897e-05
851 7.2902120889e-01 5.2294888809e-05
852 7.3065506576e-01 5.2793673002e-05
853 7.3179511311e-01 5.1208598659e-05
854 7.3272744752e-01 5.2077189369e-05
855 7.3255088663e-01 5.1465742546e-05
856 7.3093801689e-01 5.0940526361e-05
857 7.2937155477e-01 5.1658900984e-05
858 7.2747577462e-01 5.1435420296e-05
859 7.2430962852e-01 5.2151740011e-05
860 7.2140620896e-01 5.0246169255e-05
861 7.1896593966e-01 4.9298396877e-05
862 7.1608133459e-01 4.9920544893e-05
863 7.1281195139e-01 4.8537019072e-05
864 7.1023278358e-01 4.9367738974e-05
865 7.0782603666e-01 5.0819629544e-05
866 7.0558752278e-01 5.1737059577e-05
867 7.0382309934e-01 4.9135037563e-05
868 7.0292818967e-01 4.8242611757e-05
869 7.0267418351e-01 4.9056526296e-05
870 7.0258999144e-01 4.8321244850e-05
871 7.0260769184e-01 4.8942377547e-05
872 7.0310898240e-01 4.9010134008e-05
873 7.0409708830e-01 4.8417729844e-05
874 7.0527118076e-01 4.8985025704e-05
875 7.0672754502e-01 4.9454392078e-05
876 7.0880713036e-01 4.9390139204e-05
877 7.1091463807e-01 4.8971076846e-05
878 7.1265292678e-01 5.0691623668e-05
879 7.1441476157e-01 5.0085824019e-05
880 7.1647574658e-01 4.9764121924e-05
881 7.1814046217e-01 5.0133136564e-05
882 7.1910977800e-01 4.7559737475e-05
883 7.1978112108e-01 4.8593687760e-05
884 7.2024757407e-01 4.8839648064e-05
885 7.2009155762e-01 4.9901845239e-05
886 7.1936078536e-01 4.8469792540e-05
887 7.1819418690e-01 4.9339043776e-05
888 7.1674010943e-01 4.9020723463e-05
889 7.1502633543e-01 5.1345768440e-05
890 7.1307716368e-01 4.9723755040e-05
891 7.1103557890e-01 5.1912652263e-05
892 7.0911819745e-01 5.4992373151e-05
893 7.0745566560e-01 5.5866216158e-05
894 7.0605587208e-01 5.1869289139e-05
895 7.0489648826e-01 4.9399855561e-05
896 7.0387577184e-01 4.9915318086e-05
897 7.0344595223e-01 4.6887965503e-05
898 7.0342552610e-01 4.7990281083e-05
899 7.0355386952e-01 4.7662503407e-05
900 7.0397200590e-01 4.8122896991e-05
901 7.0472752149e-01 4.6941013563e-05
902 7.0539814114e-01 4.6247526273e-05
903 7.0606612766e-01 4.8458302800e-05
904 7.0672227743e-01 4.8169514070e-05
905 7.0733967968e-01 4.8261502601e-05
906 7.0775483179e-01 4.8248301999e-05
907 7.0779126497e-01 4.8980633333e-05
908 7.0762562042e-01 5.0310955471e-05
909 7.0741059688e-01 5.2796896658e-05
910 7.0705033554e-01 5.2169892728e-05
911 7.0640397750e-01 4.8035106779e-05
912 7.0556130194e-01 4.7531442232e-05
913 7.0454846498e-01 4.8604456593e-05
914 7.0346897506e-01 5.2174935149e-05
915 7.0254917643e-01 5.9550476003e-05
916 7.0175314663e-01 5.4010546503e-05
917 7.0086835253e-01 5.0942862017e-05
918 6.9994958520e-01 4.8741027465e-05
919 6.9918870390e-01 4.9604694175e-05
920 6.9847318236e-01 4.8647387293e-05
921 6.9792458056e-01 4.8007534084e-05
922 6.9764305628e-01 4.8081531741e-05
923 6.9723872862e-01 4.6947377082e-05
924 6.9713363722e-01 4.9592869305e-05
925 6.9734514367e-01 4.6610411904e-05
926 6.9765087811e-01 4.5119916933e-05
927 6.9793408523e-01 4.8011675581e-05
928 6.9835054357e-01 5.2073953419e-05
929 6.9886162199e-01 5.4589536448e-05
930 6.9946263370e-01 5.1308585445e-05
931 6.9984178975e-01 4.7332199774e-05
932 6.9996837733e-01 4.5960109806e-05
933 7.0005594124e-01 4.4371216505e-05
934 7.0015865571e-01 4.5398097817e-05
935 7.0011002372e-01 4.4713315628e-05
936 6.9974652715e-01 4.4404829790e-05
937 6.9924283807e-01 4.5009901475e-05
938 6.9868639092e-01 4.5084087853e-05
939 6.9799488200e-01 4.4362126332e-05
940 6.9710295148e-01 4.3216422767e-05
941 6.9616067885e-01 4.3577778943e-05
942 6.9539190101e-01 4.3549292010e-05
943 6.9478961891e-01 4.3829336615e-05
944 6.9434384823e-01 4.3875807291e-05
945 6.9416513688e-01 4.3374371329e-05
946 6.9427389642e-01 4.1745842865e-05
947 6.9440018242e-01 4.2121929817e-05
948 6.9441556533e-01 4.1464177632e-05
949 6.9458759345e-01 4.3619431025e-05
950 6.9491787286e-01 4.2227798279e-05
951 6.9529129499e-01 4.1987289687e-05
952 6.9560137594e-01 4.1438410964e-05
953 6.9605262036e-01 4.1444959719e-05
954 6.9642974583e-01 4.2201069239e-05
955 6.9646306482e-01 4.2999520930e-05
956 6.9667810772e-01 4.3867856103e-05
957 6.9680317664e-01 4.5130721625e-05
958 6.9670237062e-01 3.9477904344e-05
959 6.9655339333e-01 4.2241669072e-05
960 6.9624527216e-01 4.4296823835e-05
961 6.9572001950e-01 4.4188054989e-05
962 6.9506121208e-01 4.0876906347e-05
963 6.9421634977e-01 4.1412721076e-05
964 6.9334562058e-01 3.9904159362e-05
965 6.9259047100e-01 3.8820319341e-05
966 6.9192668219e-01 4.0358112306e-05
967 6.9122611127e-01 3.9935138898e-05
968 6.9042000767e-01 4.2312781994e-05
969 6.8975449269e-01 4.1004050803e-05
970 6.8935431194e-01 4.2327093655e-05
971 6.8903232799e-01 4.4093950540e-05
972 6.8867993329e-01 4.3802068599e-05
973 6.8850510735e-01 4.6355203033e-05
974 6.8842163862e-01 4.5636545812e-05
975 6.8837004461e-01 4.2385955576e-05
976 6.8854089564e-01 3.9945265248e-05
977 6.8893046505e-01 4.0170164508e-05
978 6.8929925903e-01 4.2596593465e-05
979 6.8950054047e-01 4.4895137240e-05
980 6.8989490243e-01 4.8233687672e-05
981 6.9046439853e-01 4.3700865041e-05
982 6.9086766840e-01 3.8831560537e-05
983 6.9127768593e-01 3.7562328819e-05
984 6.9186626858e-01 3.7093735539e-05
985 6.9239840254e-01 3.8226931164e-05
986 6.9281743511e-01 3.7880554760e-05
987 6.9326044492e-01 3.9603555086e-05
988 6.9366833870e-01 3.7318725978e-05
989 6.9382507398e-01 3.6712864577e-05
990 6.9387255981e-01 3.5425680458e-05
991 6.9394300189e-01 3.6945030156e-05
992 6.9398138203e-01 3.6448078470e-05
993 6.9386980914e-01 3.7112911767e-05
994 6.9376634311e-01 3.7815744108e-05
995 6.9376262952e-01 3.7078911554e-05
996 6.9364423676e-01 3.6270774498e-05
997 6.9343610008e-01 3.5313064867e-05
998 6.9327168159e-01 3.6698421029e-05
999 6.9316317830e-01 3.6428277041e-05
1000 6.9290189024e-01 3.7601608684e-05
1001 6.9247814909e-01 3.6396992792e-05
1002 6.9220105322e-01 3.6636200731e-05
1003 6.9206925550e-01 3.6556220390e-05
1004 6.9198230399e-01 3.6615948662e-05
1005 6.9197966816e-01 3.7595801335e-05
1006 6.9223688015e-01 3.7846302654e-05
1007 6.9267360554e-01 3.7077704693e-05
1008 6.9333871827e-01 3.7630405965e-05
1009 6.9433994004e-01 3.5977076678e-05
1010 6.9554125482e-01 3.6017241993e-05
1011 6.9663698103e-01 3.5030483499e-05
1012 6.9769483369e-01 3.6045806285e-05
1013 6.9878364319e-01 3.6016183168e-05
1014 6.9966384091e-01 3.6185148437e-05
1015 7.0030295797e-01 3.6472943137e-05
1016 7.0070885902e-01 3.7713496767e-05
1017 7.0084724435e-01 3.9873850844e-05
1018 7.0077826427e-01 4.0402447663e-05
1019 7.0053777900e-01 3.6593855434e-05
1020 7.0014807655e-01 3.5506223931e-05
1021 6.9969064065e-01 3.4953525867e-05
1022 6.9914746853e-01 3.6338933085e-05
1023 6.9852697983e-01 3.5742067577e-05
1024 6.9780019396e-01 3.5689247447e-05
1025 6.9696830701e-01 3.4492869740e-05
1026 6.9617663685e-01 3.4819783761e-05
1027 6.9562531840e-01 3.3118433222e-05
1028 6.9524113322e-01 3.4651798875e-05
1029 6.9504995009e-01 3.3823748153e-05
1030 6.9512769959e-01 3.2955293350e-05
1031 6.9539789780e-01 3.3758937055e-05
1032 6.9585514197e-01 3.3892629489e-05
1033 6.9644947482e-01 3.4298730693e-05
1034 6.9700637206e-01 3.2690114970e-05
1035 6.9759906818e-01 3.3306026498e-05
1036 6.9822234168e-01 3.3735157254e-05
1037 6.9867835587e-01 3.4890867968e-05
1038 6.9909924113e-01 3.3912320486e-05
1039 6.9944340525e-01 3.3635391155e-05
1040 6.9960573628e-01 3.3427759198e-05
1041 6.9968246243e-01 3.4381823388e-05
1042 6.9961031676e-01 3.4493105679e-05
1043 6.9949024196e-01 3.4014508431e-05
1044 6.9933177741e-01 3.4247190019e-05
1045 6.9898793563e-01 3.3924767649e-05
1046 6.9858420391e-01 3.5328155918e-05
1047 6.9817296860e-01 3.5379992755e-05
1048 6.9767285357e-01 3.6843302933e-05
1049 6.9715196188e-01 3.8836171749e-05
1050 6.9668070140e-01 3.5827847626e-05
1051 6.9631773449e-01 3.6260380399e-05
1052 6.9590599249e-01 3.5407218794e-05
1053 6.9546158341e-01 3.4487357832e-05
1054 6.9519478575e-01 3.2665819575e-05
1055 6.9505948646e-01 3.3938774441e-05
1056 6.9493192072e-01 3.6375117268e-05
1057 6.9494401384e-01 3.6219888143e-05
1058 6.9513131017e-01 3.6711277198e-05
1059 6.9527567117e-01 3.4945200749e-05
1060 6.9548097864e-01 3.4429256288e-05
1061 6.9590254639e-01 3.3865871881e-05
1062 6.9628983756e-01 3.2590303874e-05
1063 6.9675026135e-01 3.3448438814e-05
1064 6.9737359601e-01 3.2893058196e-05
1065 6.9805684260e-01 3.4454117495e-05
1066 6.9850862990e-01 3.3332070173e-05
1067 6.9908334976e-01 3.4464832157e-05
1068 6.9943437657e-01 3.5201252679e-05
1069 6.9913027173e-01 4.0451766877e-05
1070 6.9844589080e-01 3.9814818134e-05
1071 6.9764410001e-01 3.5901344598e-05
1072 6.9682856579e-01 3.4392776457e-05
1073 6.9563197143e-01 3.3251409786e-05
1074 6.9418769048e-01 3.2720734973e-05
1075 6.9314111227e-01 3.2882281528e-05
1076 6.9227255076e-01 3.2045584468e-05
1077 6.9143212536e-01 3.2318427687e-05
1078 6.9054900085e-01 3.2720742072e-05
1079 6.8966635299e-01 3.3411027675e-05
1080 6.8896670793e-01 3.3451182941e-05
1081 6.8846480557e-01 3.3051723139e-05
1082 6.8806899664e-01 3.3741585220e-05
1083 6.8786773913e-01 3.3026491329e-05
1084 6.8768854517e-01 3.2831195460e-05
1085 6.8769251093e-01 3.2028078503e-05
1086 6.8781646427e-01 3.2809855860e-05
1087 6.8787554923e-01 3.2371275375e-05
1088 6.8791163468e-01 3.2493814171e-05
1089 6.8798081185e-01 3.3337230772e-05
1090 6.8793516219e-01 3.3130122991e-05
1091 6.8789878393e-01 3.4638269878e-05
1092 6.8782164536e-01 3.7660831536e-05
1093 6.8751928402e-01 4.1076075134e-05
1094 6.8713954252e-01 3.7104393997e-05
1095 6.8676620967e-01 3.3954454026e-05
1096 6.8639351772e-01 3.3247375654e-05
1097 6.8587262673e-01 3.3403597914e-05
1098 6.8536718515e-01 3.2586600214e-05
1099 6.8492477240e-01 3.2963342676e-05
1100 6.8438756502e-01 3.0688590881e-05
1101 6.8371799346e-01 3.1653488679e-05
1102 6.8299259906e-01 3.1282746791e-05
1103 6.8225816342e-01 3.1036424572e-05
1104 6.8151253157e-01 3.0946073486e-05
1105 6.8081753775e-01 3.1421110580e-05
1106 6.8023108398e-01 3.2384133208e-05
1107 6.7947919817e-01 3.1035496383e-05
1108 6.7876888115e-01 3.2986354132e-05
1109 6.7824516860e-01 3.4969147454e-05
1110 6.7770324517e-01 3.5553120149e-05
1111 6.7718381524e-01 3.6059571489e-05
1112 6.7674574385e-01 3.3534422535e-05
1113 6.7632729603e-01 3.2379843718e-05
1114 6.7598428721e-01 3.0953186784e-05
1115 6.7567995743e-01 3.0664943581e-05
1116 6.7529995559e-01 3.0716650886e-05
1117 6.7491162447e-01 3.0338567459e-05
1118 6.7453143509e-01 3.0707342626e-05
1119 6.7412062352e-01 3.0618726917e-05
1120 6.7360840952e-01 3.0329826710e-05
1121 6.7302856532e-01 3.0413511060e-05
1122 6.7248614450e-01 3.0971422853e-05
1123 6.7179256879e-01 3.0369085558e-05
1124 6.7102040662e-01 3.0283095232e-05
1125 6.7047490287e-01 3.0394381159e-05
1126 6.7005687356e-01 3.0263818293e-05
1127 6.6962328693e-01 2.9983905545e-05
1128 6.6903055284e-01 3.0906229404e-05
1129 6.6831879809e-01 3.1143783195e-05
1130 6.6767085852e-01 3.2640987105e-05
1131 6.6698976240e-01 3.8678273781e-05
1132 6.6624982877e-01 3.5632844379e-05
1133 6.6539931099e-01 3.2244322625e-05
1134 6.6462581224e-01 3.0420556221e-05
1135 6.6375707804e-01 2.9281936444e-05
1136 6.6294954885e-01 3.0053950496e-05
1137 6.6209992992e-01 3.0509168403e-05
1138 6.6117457772e-01 3.1668503859e-05
1139 6.6013436926e-01 3.4532956522e-05
1140 6.5921166149e-01 3.9798393619e-05
1141 6.5834179516e-01 3.8580742887e-05
1142 6.5743213418e-01 3.3777401720e-05
1143 6.5657273669e-01 3.1526892848e-05
1144 6.5576747646e-01 3.1485555971e-05
1145 6.5510593466e-01 3.0491703297e-05
1146 6.5465222796e-01 3.1298760172e-05
1147 6.5432507816e-01 3.0405340751e-05
1148 6.5395990269e-01 3.0076589517e-05
1149 6.5354241933e-01 3.0221475222e-05
1150 6.5328148809e-01 3.0698792951e-05
1151 6.5298600643e-01 3.0705840586e-05
1152 6.5239216900e-01 3.0431346477e-05
1153 6.5152067260e-01 3.0803476736e-05
1154 6.5048975184e-01 3.1700224417e-05
1155 6.4925450379e-01 3.1281307632e-05
1156 6.4801968895e-01 3.0974316516e-05
1157 6.4679309791e-01 3.0766025037e-05
1158 6.4549627389e-01 3.1271682036e-05
1159 6.4419657937e-01 3.0460680564e-05
1160 6.4294624882e-01 3.0245635202e-05
1161 6.4141891823e-01 3.1764256458e-05
1162 6.3980127363e-01 3.0891685564e-05
1163 6.3841407637e-01 3.1080255803e-05
1164 6.3726104239e-01 3.1225454049e-05
1165 6.3615166227e-01 3.1370450959e-05
1166 6.3504671240e-01 3.1404552136e-05
1167 6.3406779548e-01 2.9959769247e-05
1168 6.3319079541e-01 3.1150195828e-05
1169 6.3231793856e-01 3.0226181665e-05
1170 6.3150950566e-01 3.0484872140e-05
1171 6.3084352125e-01 3.0052700721e-05
1172 6.3012862902e-01 3.0930692972e-05
1173 6.2932424527e-01 3.0443800645e-05
1174 6.2862835148e-01 3.0199024775e-05
1175 6.2795906165e-01 3.0678336550e-05
1176 6.2718751608e-01 2.9999669296e-05
1177 6.2634419469e-01 3.0301843407e-05
1178 6.2545594491e-01 3.1113112144e-05
1179 6.2464368348e-01 3.0540888772e-05
1180 6.2383693132e-01 3.1380070905e-05
1181 6.2296827621e-01 2.9528775347e-05
1182 6.2208065545e-01 2.9767980804e-05
1183 6.2100480035e-01 3.0901347024e-05
1184 6.1995736479e-01 3.1439788066e-05
1185 6.1883757996e-01 3.0965849738e-05
1186 6.1769138539e-01 3.1261271828e-05
1187 6.1661722742e-01 3.0521885411e-05
1188 6.1561197203e-01 3.1075826939e-05
1189 6.1473537680e-01 3.0421184729e-05
1190 6.1387641394e-01 3.0301623210e-05
1191 6.1301108887e-01 3.2333227789e-05
1192 6.1219648718e-01 3.6192796983e-05
1193 6.1144221410e-01 3.7012528334e-05
1194 6.1078628392e-01 3.4592115467e-05
1195 6.1026300163e-01 3.1761164196e-05
1196 6.0978541216e-01 3.0123926261e-05
1197 6.0946109988e-01 2.9696721917e-05
1198 6.0923026861e-01 2.9776212040e-05
1199 6.0905640827e-01 2.9290885005e-05
1200 6.0897324089e-01 3.0104256298e-05
1201 6.0892994104e-01 3.0088277621e-05
1202 6.0865675031e-01 3.0215637553e-05
1203 6.0844919565e-01 2.9632555223e-05
1204 6.0839217307e-01 2.9786040688e-05
1205 6.0832667058e-01 3.0008449197e-05
1206 6.0793453072e-01 2.9432038951e-05
1207 6.0723647007e-01 3.0603778941e-05
1208 6.0635666922e-01 3.0219929418e-05
1209 6.0515365473e-01 3.1443937497e-05
1210 6.0377939858e-01 3.2161577785e-05
1211 6.0228854213e-01 3.2545636965e-05
1212 6.0061024787e-01 3.3240893209e-05
1213 5.9906118270e-01 3.3085974332e-05
1214 5.9766687833e-01 3.4001784149e-05
1215 5.9619263589e-01 3.2484330630e-05
1216 5.9476049856e-01 3.3328529217e-05
1217 5.9351829304e-01 3.3227792674e-05
1218 5.9224401657e-01 3.2040563076e-05
1219 5.9086463924e-01 3.2045163082e-05
1220 5.8975998126e-01 3.1364929328e-05
1221 5.8881183451e-01 3.1196576151e-05
1222 5.8805878566e-01 3.1108997305e-05
1223 5.8761391254e-01 3.0485852742e-05
1224 5.8720341012e-01 3.0137817823e-05
1225 5.8686905870e-01 3.0532557440e-05
1226 5.8659802038e-01 3.1697980255e-05
1227 5.8607515372e-01 3.2182586000e-05
1228 5.8552284951e-01 3.5291996213e-05
1229 5.8506857335e-01 3.5932987543e-05
1230 5.8452408670e-01 3.1968158017e-05
1231 5.8394834602e-01 3.0287023456e-05
1232 5.8348764223e-01 2.9557583843e-05
1233 5.8301271587e-01 2.9918186722e-05
1234 5.8224009986e-01 2.9276556446e-05
1235 5.8130662034e-01 2.8739416399e-05
1236 5.8040778686e-01 2.9216427869e-05
1237 5.7947190162e-01 3.0044239060e-05
1238 5.7841417043e-01 3.1195705522e-05
1239 5.7742018410e-01 3.2244669972e-05
1240 5.7657975492e-01 3.1142658480e-05
1241 5.7576909856e-01 2.8799671685e-05
1242 5.7494093549e-01 2.7916394405e-05
1243 5.7418132522e-01 3.0802633464e-05
1244 5.7357940820e-01 3.1799124121e-05
1245 5.7299955409e-01 2.9455770402e-05
1246 5.7245731903e-01 2.9555232224e-05
1247 5.7207823088e-01 2.8040750900e-05
1248 5.7172850064e-01 2.8357409673e-05
1249 5.7140846518e-01 2.9315186817e-05
1250 5.7117303852e-01 3.0552858521e-05
1251 5.7097965532e-01 2.8927365061e-05
1252 5.7070965202e-01 2.7816850041e-05
1253 5.7033717979e-01 2.9841470363e-05
1254 5.6993135054e-01 3.5416950778e-05
1255 5.6940222959e-01 3.0851045484e-05
1256 5.6864501486e-01 2.8842634841e-05
1257 5.6779263584e-01 2.8892009366e-05
1258 5.6688977645e-01 2.7939355936e-05
1259 5.6602307389e-01 2.6568823911e-05
1260 5.6506734004e-01 2.7615718404e-05
1261 5.6391920483e-01 2.6729569189e-05
1262 5.6281364977e-01 2.8005322460e-05
1263 5.6172242256e-01 2.6793533965e-05
1264 5.6046522718e-01 2.7168312728e-05
1265 5.5918493200e-01 2.7342715292e-05
1266 5.5810481333e-01 2.6976156958e-05
1267 5.5713067449e-01 2.7598873605e-05
1268 5.5628953501e-01 2.5985156019e-05
1269 5.5564066435e-01 2.6254045111e-05
1270 5.5513257756e-01 2.5953578043e-05
1271 5.5472784282e-01 2.5900056219e-05
1272 5.5448315313e-01 2.6069962500e-05
1273 5.5430022030e-01 2.5470968898e-05
1274 5.5408037129e-01 2.5435883431e-05
1275 5.5385704231e-01 2.5160387268e-05
1276 5.5363032013e-01 2.5339324920e-05
1277 5.5326556577e-01 2.5851823748e-05
1278 5.5275609523e-01 2.6487728697e-05
1279 5.5219390107e-01 2.6456701022e-05
1280 5.5142100245e-01 2.6168945616e-05
1281 5.5071163329e-01 2.6746845196e-05
1282 5.4969358905e-01 3.0892056165e-05
1283 5.4869205956e-01 3.3246502442e-05
1284 5.4780673167e-01 3.1303413327e-05
1285 5.4679955155e-01 2.7426909927e-05
1286 5.4559605624e-01 2.5744753890e-05
1287 5.4450527678e-01 2.6460108427e-05
1288 5.4347232900e-01 2.5609968442e-05
1289 5.4262879202e-01 2.6466379170e-05
1290 5.4187901873e-01 2.5754800395e-05
1291 5.4112317870e-01 2.6154593147e-05
1292 5.4040048277e-01 2.5637293200e-05
1293 5.3981097233e-01 2.6047583822e-05
1294 5.3924038122e-01 2.5766717103e-05
1295 5.3861855708e-01 2.6033633476e-05
1296 5.3800764503e-01 2.6112088425e-05
1297 5.3741826323e-01 2.6794066702e-05
1298 5.3687448913e-01 2.6574378346e-05
1299 5.3640504251e-01 2.6086680568e-05
1300 5.3598486228e-01 2.6536094286e-05
1301 5.3556630614e-01 2.6321584959e-05
1302 5.3506745794e-01 2.5898407461e-05
1303 5.3456996481e-01 2.5838182373e-05
1304 5.3393719796e-01 2.6468138291e-05
1305 5.3309670416e-01 2.6274584965e-05
1306 5.3226238165e-01 2.5743365344e-05
1307 5.3148365584e-01 2.5902878588e-05
1308 5.3070068304e-01 2.5925861460e-05
1309 5.2992224123e-01 2.5455895190e-05
1310 5.2920212356e-01 2.5139292640e-05
1311 5.2849149205e-01 2.5666303808e-05
1312 5.2777456609e-01 2.6147449384e-05
1313 5.2700901502e-01 2.6152376812e-05
1314 5.2620309811e-01 2.6078122121e-05
1315 5.2543750760e-01 2.5569211513e-05
1316 5.2480548840e-01 2.5563218573e-05
1317 5.2417431731e-01 2.6554117845e-05
1318 5.2352023490e-01 2.6376679840e-05
1319 5.2298218047e-01 2.6158894980e-05
1320 5.2255576314e-01 2.5419941139e-05
1321 5.2209885939e-01 2.6091820340e-05
1322 5.2165750299e-01 2.5826212528e-05
1323 5.2122127012e-01 2.6017677934e-05
1324 5.2078164487e-01 2.6927222526e-05
1325 5.2035049693e-01 2.6768662832e-05
1326 5.1984627588e-01 2.7783011167e-05
1327 5.1932208872e-01 2.9748138427e-05
1328 5.1891128385e-01 3.0853461109e-05
1329 5.1852094638e-01 2.9391678076e-05
1330 5.1806815561e-01 2.6562816128e-05
1331 5.1758837859e-01 2.6531158330e-05
1332 5.1719782430e-01 2.5843020931e-05
1333 5.1688646671e-01 2.6185917967e-05
1334 5.1657254162e-01 2.5554438039e-05
1335 5.1629177038e-01 2.4984819004e-05
1336 5.1599383794e-01 2.5165694924e-05
1337 5.1558167139e-01 2.4938081692e-05
1338 5.1513898166e-01 2.5190668001e-05
1339 5.1463533186e-01 2.5039687592e-05
1340 5.1414232096e-01 2.5390559081e-05
1341 5.1380691408e-01 2.5015826431e-05
1342 5.1343938756e-01 2.5525179762e-05
1343 5.1298988949e-01 2.8456213834e-05
1344 5.1252810801e-01 3.1552302721e-05
1345 5.1201765258e-01 2.7972814192e-05
1346 5.1143992829e-01 2.6168184710e-05
1347 5.1075780926e-01 2.4828375691e-05
1348 5.1003890080e-01 2.5211678613e-05
1349 5.0938807428e-01 2.4967499471e-05
1350 5.0865109061e-01 2.4433959197e-05
1351 5.0786148469e-01 2.5074288429e-05
1352 5.0707758891e-01 2.4840263014e-05
1353 5.0633413002e-01 2.5044446105e-05
1354 5.0549132198e-01 2.5157172515e-05
1355 5.0482550847e-01 2.6976393249e-05
1356 5.0422589174e-01 2.5010732640e-05
1357 5.0358825271e-01 2.3548607871e-05
1358 5.0292824189e-01 2.3202709441e-05
1359 5.0220810290e-01 2.4818831759e-05
1360 5.0155516007e-01 2.6083735344e-05
1361 5.0101178186e-01 2.4925942474e-05
1362 5.0039728202e-01 2.4538510191e-05
1363 4.9974457810e-01 2.3633409068e-05
1364 4.9911419160e-01 2.3055252589e-05
1365 4.9856708028e-01 2.3920109975e-05
1366 4.9809733469e-01 2.3357711521e-05
1367 4.9763324481e-01 2.2918379912e-05
1368 4.9708671376e-01 2.3398388623e-05
1369 4.9661953189e-01 2.4381807321e-05
1370 4.9617181923e-01 2.4620870728e-05
1371 4.9565662370e-01 2.5059006829e-05
1372 4.9524705956e-01 2.3482234159e-05
1373 4.9484975339e-01 2.2906688532e-05
1374 4.9440958017e-01 2.2835467428e-05
1375 4.9397639273e-01 2.3915372230e-05
1376 4.9354585896e-01 2.4051815049e-05
1377 4.9299850374e-01 2.5979790619e-05
1378 4.9246510514e-01 2.5632252685e-05
1379 4.9188309946e-01 2.3394018608e-05
1380 4.9119469466e-01 2.3296888843e-05
1381 4.9058723438e-01 2.3048007017e-05
1382 4.9003252667e-01 2.2838870705e-05
1383 4.8946847930e-01 2.3993920216e-05
1384 4.8898839972e-01 2.4142887432e-05
1385 4.8858593700e-01 2.2601903212e-05
1386 4.8821692617e-01 2.2317854811e-05
1387 4.8801810120e-01 2.2951743864e-05
1388 4.8781300669e-01 2.5030386728e-05
1389 4.8759815800e-01 2.5580500561e-05
1390 4.8760065237e-01 2.4905605427e-05
1391 4.8762857727e-01 2.3111845124e-05
1392 4.8751973144e-01 2.3299958636e-05
1393 4.8773431314e-01 2.2872955405e-05
1394 4.8772894089e-01 2.1709175072e-05
1395 4.8792077555e-01 2.2622162394e-05
1396 4.8813706347e-01 2.1946312827e-05
1397 4.8794482307e-01 2.2122318332e-05
1398 4.8777369627e-01 2.2102378507e-05
1399 4.8776436126e-01 2.3339958257e-05
1400 4.8719732291e-01 2.2763641882e-05
1401 4.8683241034e-01 2.1962362954e-05
1402 4.8627458822e-01 2.2275225241e-05
1403 4.8523336424e-01 2.2137546211e-05
1404 4.8443708850e-01 2.2158225414e-05
1405 4.8349314230e-01 2.2428457460e-05
1406 4.8228297985e-01 2.2158596720e-05
1407 4.8114266791e-01 2.3124009684e-05
1408 4.8002991475e-01 2.2523773371e-05
1409 4.7895281626e-01 2.2418366743e-05
1410 4.7797545637e-01 2.2430796625e-05
1411 4.7710047117e-01 2.2161905315e-05
1412 4.7635537910e-01 2.2593555195e-05
1413 4.7568330463e-01 2.2740120373e-05
1414 4.7523337796e-01 2.2363889721e-05
1415 4.7483643536e-01 2.2179792459e-05
1416 4.7453708232e-01 2.2158263808e-05
1417 4.7442114700e-01 2.1915995742e-05
1418 4.7424360974e-01 2.1907568160e-05
1419 4.7413690260e-01 2.2144593187e-05
1420 4.7403139246e-01 2.1941386913e-05
1421 4.7375703934e-01 2.2710380044e-05
1422 4.7357581794e-01 2.3020250989e-05
1423 4.7337073290e-01 2.2149989780e-05
1424 4.7301899859e-01 2.1529005414e-05
1425 4.7268439436e-01 2.3358786171e-05
1426 4.7238478726e-01 2.5343637955e-05
1427 4.7184987314e-01 2.7293887170e-05
1428 4.7127809150e-01 2.4039091262e-05
1429 4.7081010218e-01 2.1602419853e-05
1430 4.7024388131e-01 2.2931388165e-05
1431 4.6959965718e-01 2.3560601448e-05
1432 4.6891221415e-01 2.2184577221e-05
1433 4.6821899678e-01 2.2553812029e-05
1434 4.6740365570e-01 2.1692503735e-05
1435 4.6664992226e-01 2.1923361023e-05
1436 4.6599629269e-01 2.1392242758e-05
1437 4.6540463586e-01 2.1637344494e-05
1438 4.6482752697e-01 2.1439016696e-05
1439 4.6428079804e-01 2.1676937227e-05
1440 4.6387960102e-01 2.0564429554e-05
1441 4.6348759691e-01 2.1785101182e-05
1442 4.6303692880e-01 2.1393282808e-05
1443 4.6272459272e-01 2.1606842606e-05
1444 4.6249765359e-01 2.1219658809e-05
1445 4.6215684438e-01 2.1504159458e-05
1446 4.6191679490e-01 2.1559189581e-05
1447 4.6174824530e-01 2.1695014901e-05
1448 4.6147807981e-01 2.0901883278e-05
1449 4.6125692573e-01 2.1519467197e-05
1450 4.6110292336e-01 2.1491991444e-05
1451 4.6078459187e-01 2.1171791284e-05
1452 4.6044386858e-01 2.1196812235e-05
1453 4.6014605924e-01 2.1626879777e-05
1454 4.5977512824e-01 2.2065298858e-05
1455 4.5942508407e-01 2.1904950494e-05
1456 4.5913136585e-01 2.2711163455e-05
1457 4.5878641731e-01 2.2812366967e-05
1458 4.5832210669e-01 2.3672475563e-05
1459 4.5784494477e-01 2.3207360342e-05
1460 4.5737157925e-01 2.4338457399e-05
1461 4.5673228234e-01 2.3954451008e-05
1462 4.5595279113e-01 2.1744674429e-05
1463 4.5515836608e-01 2.1556239816e-05
1464 4.5437130123e-01 2.1378762319e-05
1465 4.5334841052e-01 2.0785285086e-05
1466 4.5240476189e-01 2.1157562750e-05
1467 4.5152648504e-01 2.1167153792e-05
1468 4.5059464573e-01 2.0959317812e-05
1469 4.4963741894e-01 2.1351229474e-05
1470 4.4879382229e-01 2.1192695298e-05
1471 4.4809147568e-01 2.1142039496e-05
1472 4.4754404874e-01 2.1669231857e-05
1473 4.4705852276e-01 2.2037641173e-05
1474 4.4671057023e-01 2.1552306871e-05
1475 4.4649138808e-01 2.1620010471e-05
1476 4.4634711986e-01 2.0936401608e-05
1477 4.4629234480e-01 2.0086352661e-05
1478 4.4626524682e-01 2.0039366129e-05
1479 4.4613289833e-01 2.0826967709e-05
1480 4.4604466668e-01 2.1144547440e-05
1481 4.4604626384e-01 2.2254189143e-05
1482 4.4591920885e-01 2.1808599747e-05
1483 4.4559834140e-01 2.1344183294e-05
1484 4.4523656625e-01 2.0898682190e-05
1485 4.4482706793e-01 2.0635576413e-05
1486 4.4426214428e-01 2.0702305301e-05
1487 4.4375713490e-01 2.0340132194e-05
1488 4.4330040388e-01 2.0691024135e-05
1489 4.4267893812e-01 2.0407887916e-05
1490 4.4201232723e-01 1.9513602369e-05
1491 4.4147539897e-01 1.9708261171e-05
1492 4.4095144542e-01 1.9718696399e-05
1493 4.4041570888e-01 1.9395230058e-05
1494 4.3987727536e-01 1.9895721052e-05
1495 4.3936740055e-01 2.0007282590e-05
1496 4.3885700234e-01 2.0284324867e-05
1497 4.3840110905e-01 1.9834725622e-05
1498 4.3810408519e-01 1.9469892759e-05
1499 4.3784791572e-01 1.9696586166e-05
1500 4.3764860898e-01 2.0158987471e-05
1501 4.3761446490e-01 2.1604851646e-05
1502 4.3761675866e-01 2.2774038475e-05
1503 4.3755305853e-01 2.3296889227e-05
1504 4.3752481595e-01 2.2232383409e-05
1505 4.3764103732e-01 2.0745721147e-05
1506 4.3776273506e-01 2.0036777043e-05
1507 4.3777756720e-01 1.9784120358e-05
1508 4.3784079643e-01 1.9727433331e-05
1509 4.3792428167e-01 2.0126218814e-05
1510 4.3788895676e-01 1.9327491054e-05
1511 4.3769738948e-01 1.9671967837e-05
1512 4.3748979330e-01 1.9801240094e-05
1513 4.3734713517e-01 2.1200475488e-05
1514 4.3698599544e-01 2.3637005289e-05
1515 4.3645238938e-01 2.2328788938e-05
1516 4.3584797543e-01 2.0922901652e-05
1517 4.3533724009e-01 2.0068087023e-05
1518 4.3465377860e-01 2.0085948142e-05
1519 4.3396283568e-01 2.0426682432e-05
1520 4.3338303051e-01 2.0912149999e-05
1521 4.3269801427e-01 2.1742128434e-05
1522 4.3199562785e-01 2.3133539060e-05
1523 4.3146773430e-01 2.2961613424e-05
1524 4.3091286729e-01 2.0458106740e-05
1525 4.3018661805e-01 2.0152244942e-05
1526 4.2967684443e-01 1.9733655370e-05
1527 4.2930937681e-01 1.9487063968e-05
1528 4.2901109187e-01 1.9952959634e-05
1529 4.2878140636e-01 1.9376774686e-05
1530 4.2861318722e-01 1.9788962899e-05
1531 4.2846741445e-01 1.9284566489e-05
1532 4.2831424047e-01 1.9657016617e-05
1533 4.2813587156e-01 1.9409893679e-05
1534 4.2796824724e-01 1.9149694877e-05
1535 4.2773726393e-01 1.9397451776e-05
1536 4.2744504045e-01 1.8782813670e-05
1537 4.2711604216e-01 1.8964397026e-05
1538 4.2669376867e-01 1.8910519916e-05
1539 4.2616780251e-01 1.8849242402e-05
1540 4.2559089520e-01 1.8904672181e-05
1541 4.2495629416e-01 1.8761537617e-05
1542 4.2438124544e-01 1.8882660738e-05
1543 4.2386873550e-01 1.8998566091e-05
1544 4.2336517679e-01 1.8424401693e-05
1545 4.2289384147e-01 1.8025209408e-05
1546 4.2249511646e-01 1.8056123456e-05
1547 4.2210791464e-01 1.8568154003e-05
1548 4.2166599827e-01 1.8161551968e-05
1549 4.2126263959e-01 1.8392178654e-05
1550 4.2083758201e-01 1.8545615193e-05
1551 4.2039341902e-01 1.8152151087e-05
1552 4.2005839830e-01 1.8042166587e-05
1553 4.1978432177e-01 1.7875504331e-05
1554 4.1952270432e-01 1.7769392611e-05
1555 4.1934623357e-01 1.7812227408e-05
1556 4.1922755655e-01 1.7852549282e-05
1557 4.1910771877e-01 1.7952961813e-05
1558 4.1902356421e-01 1.7180020075e-05
1559 4.1895571217e-01 1.7064086857e-05
1560 4.1884196379e-01 1.7115303278e-05
1561 4.1869516758e-01 1.7338692694e-05
1562 4.1858667734e-01 1.7010510436e-05
1563 4.1839146985e-01 1.7431742024e-05
1564 4.1821791326e-01 1.7324651764e-05
1565 4.1798155504e-01 1.6812147544e-05
1566 4.1763187020e-01 1.7099499572e-05
1567 4.1720322947e-01 1.6369625662e-05
1568 4.1677354838e-01 1.6510485517e-05
1569 4.1622289821e-01 1.6432403795e-05
1570 4.1556732465e-01 1.6262225408e-05
1571 4.1501601080e-01 1.5902161590e-05
1572 4.1452525125e-01 1.6126884970e-05
1573 4.1408285572e-01 1.5543440955e-05
1574 4.1371055533e-01 1.5521460693e-05
1575 4.1334866781e-01 1.5962117360e-05
1576 4.1303481174e-01 1.5803637740e-05
1577 4.1275866662e-01 1.6144230129e-05
1578 4.1251777650e-01 1.6397500076e-05
1579 4.1230842145e-01 1.5895589196e-05
1580 4.1210565562e-01 1.5967145587e-05
1581 4.1193407026e-01 1.5497298629e-05
1582 4.1177144367e-01 1.5950132202e-05
1583 4.1157481266e-01 1.7439162362e-05
1584 4.1134141119e-01 1.9602015636e-05
1585 4.1112577356e-01 1.8519008691e-05
1586 4.1092193215e-01 1.5997062050e-05
1587 4.1067666269e-01 1.5614671583e-05
1588 4.1043465321e-01 1.6663943948e-05
1589 4.1024272168e-01 1.9131671871e-05
1590 4.0999984480e-01 1.8417014278e-05
1591 4.0970636153e-01 1.6205518112e-05
1592 4.0949239696e-01 1.5180198722e-05
1593 4.0920005574e-01 1.5007435118e-05
1594 4.0890716491e-01 1.5074950877e-05
1595 4.0875413618e-01 1.4793891289e-05
1596 4.0856597821e-01 1.4502986405e-05
1597 4.0828654058e-01 1.4425990796e-05
1598 4.0800001414e-01 1.4608964637e-05
1599 4.0771649609e-01 1.5514966151e-05
1600 4.0741221578e-01 1.6764693093e-05
1601 4.0710732169e-01 1.6662600379e-05
1602 4.0681996130e-01 1.6368012345e-05
1603 4.0658487697e-01 1.5895123702e-05
1604 4.0635747406e-01 1.5702408633e-05
1605 4.0608033965e-01 1.4649312525e-05
1606 4.0582564341e-01 1.4339112259e-05
1607 4.0558863919e-01 1.4012377672e-05
1608 4.0536364524e-01 1.3954782031e-05
1609 4.0518283053e-01 1.3923941779e-05
1610 4.0501294528e-01 1.4124778463e-05
1611 4.0487839365e-01 1.3658248539e-05
1612 4.0481181672e-01 1.3349516826e-05
1613 4.0474882224e-01 1.3595029773e-05
1614 4.0460307654e-01 1.3452554643e-05
1615 4.0444417963e-01 1.4303737805e-05
1616 4.0429781201e-01 1.4923974741e-05
1617 4.0407775164e-01 1.4309622015e-05
1618 4.0378795098e-01 1.3413573740e-05
1619 4.0353874676e-01 1.4780093678e-05
1620 4.0331646003e-01 1.5396843421e-05
1621 4.0303673093e-01 1.4085574811e-05
1622 4.0273660643e-01 1.4239216809e-05
1623 4.0243590622e-01 1.3669786694e-05
1624 4.0209648277e-01 1.3553760250e-05
1625 4.0177265465e-01 1.3148214738e-05
1626 4.0151003011e-01 1.3361413377e-05
1627 4.0122906399e-01 1.3418071908e-05
1628 4.0085925854e-01 1.3067706125e-05
1629 4.0055648939e-01 1.2768346946e-05
1630 4.0029507470e-01 1.3333444323e-05
1631 4.0004327151e-01 1.2957774710e-05
1632 3.9980066399e-01 1.3689866411e-05
1633 3.9958730177e-01 1.3709382222e-05
1634 3.9939920991e-01 1.3811351680e-05
1635 3.9924925062e-01 1.4356312495e-05
1636 3.9913527578e-01 1.3822599929e-05
1637 3.9899802227e-01 1.3416113064e-05
1638 3.9885930451e-01 1.2729814457e-05
1639 3.9875471067e-01 1.2802597338e-05
1640 3.9863912569e-01 1.2961272101e-05
1641 3.9847358217e-01 1.2766740060e-05
1642 3.9831727959e-01 1.3063980330e-05
1643 3.9817355603e-01 1.2816177134e-05
1644 3.9803746066e-01 1.2605063199e-05
1645 3.9785279420e-01 1.2499436474e-05
1646 3.9760469242e-01 1.2797770735e-05
1647 3.9736949106e-01 1.2937077450e-05
1648 3.9707381435e-01 1.2624029068e-05
1649 3.9670176258e-01 1.2620788526e-05
1650 3.9636645820e-01 1.2849845304e-05
1651 3.9607467737e-01 1.3371466987e-05
1652 3.9566553291e-01 1.3330642812e-05
1653 3.9524945277e-01 1.3704746605e-05
1654 3.9492209362e-01 1.4887673494e-05
1655 3.9459134876e-01 1.3891609920e-05
1656 3.9420457468e-01 1.3216199785e-05
1657 3.9384450422e-01 1.2974484019e-05
1658 3.9352079730e-01 1.3050415493e-05
1659 3.9317341679e-01 1.3158294840e-05
1660 3.9284243718e-01 1.3242265185e-05
1661 3.9256030629e-01 1.2803731244e-05
1662 3.9227686466e-01 1.3185815625e-05
1663 3.9199619888e-01 1.3222766326e-05
1664 3.9177664875e-01 1.2643185838e-05
1665 3.9158116483e-01 1.2693980033e-05
1666 3.9139612855e-01 1.3132079358e-05
1667 3.9121249480e-01 1.3691907393e-05
1668 3.9097228807e-01 1.3288502044e-05
1669 3.9073462774e-01 1.2457817510e-05
1670 3.9052470967e-01 1.3082308999e-05
1671 3.9028760946e-01 1.2815276074e-05
1672 3.9002067845e-01 1.2421133797e-05
1673 3.8975808897e-01 1.2572450902e-05
1674 3.8949864510e-01 1.2539268112e-05
1675 3.8921386068e-01 1.2636436196e-05
1676 3.8884725286e-01 1.2469249917e-05
1677 3.8851114057e-01 1.2035710281e-05
1678 3.8816224364e-01 1.2155626879e-05
1679 3.8774954576e-01 1.2449224842e-05
1680 3.8738025667e-01 1.2456204031e-05
1681 3.8698167773e-01 1.2323428469e-05
1682 3.8661518307e-01 1.2900703222e-05
1683 3.8630013256e-01 1.1920899783e-05
1684 3.8601675138e-01 1.2278283669e-05
1685 3.8570594113e-01 1.3053663599e-05
1686 3.8537520691e-01 1.3219815157e-05
1687 3.8506752782e-01 1.2617797934e-05
1688 3.8474173444e-01 1.2253161577e-05
1689 3.8445941801e-01 1.2193077259e-05
1690 3.8424320760e-01 1.2414904955e-05
1691 3.8401410504e-01 1.1812002345e-05
1692 3.8378727699e-01 1.1671418905e-05
1693 3.8360246536e-01 1.1493369227e-05
1694 3.8340095447e-01 1.2270328443e-05
1695 3.8317016737e-01 1.2239031878e-05
1696 3.8295051914e-01 1.2075448059e-05
1697 3.8274148082e-01 1.1578545444e-05
1698 3.8253712118e-01 1.2250042917e-05
1699 3.8231660655e-01 1.2249357798e-05
1700 3.8209976008e-01 1.1727206259e-05
1701 3.8185107404e-01 1.2415682936e-05
1702 3.8158193438e-01 1.2193685067e-05
1703 3.8129870463e-01 1.1656800870e-05
1704 3.8095466203e-01 1.2379441396e-05
1705 3.8055235486e-01 1.3558313260e-05
1706 3.8016499129e-01 1.4174150977e-05
1707 3.7977344012e-01 1.3147762181e-05
1708 3.7936974533e-01 1.2429644340e-05
1709 3.7899405949e-01 1.4802719776e-05
1710 3.7864576249e-01 1.3448057455e-05
1711 3.7826561284e-01 1.3379119451e-05
1712 3.7792209080e-01 1.3888702418e-05
1713 3.7759817338e-01 1.2720689865e-05
1714 3.7724771285e-01 1.2139236843e-05
1715 3.7690590932e-01 1.3491600533e-05
1716 3.7660868002e-01 1.4034371485e-05
1717 3.7631819860e-01 1.2746210699e-05
1718 3.7599979770e-01 1.2447729881e-05
1719 3.7575545308e-01 1.1069254493e-05
1720 3.7554797708e-01 1.1599919855e-05
1721 3.7527302610e-01 1.1770975637e-05
1722 3.7496917679e-01 1.1913923995e-05
1723 3.7469671036e-01 1.1781738469e-05
1724 3.7439437943e-01 1.1276025997e-05
1725 3.7401989287e-01 1.1708909496e-05
1726 3.7365450542e-01 1.2217502862e-05
1727 3.7329912404e-01 1.1958020380e-05
1728 3.7288832461e-01 1.1830572603e-05
1729 3.7248063990e-01 1.1423718191e-05
1730 3.7208086881e-01 1.1692645069e-05
1731 3.7174939160e-01 1.1202010921e-05
1732 3.7136383098e-01 1.1441909940e-05
1733 3.7096095204e-01 1.2442844057e-05
1734 3.7054859333e-01 1.2544147360e-05
1735 3.7016153044e-01 1.2468010839e-05
1736 3.6981689595e-01 1.2822778578e-05
1737 3.6952029782e-01 1.1839334775e-05
1738 3.6920213243e-01 1.1359648177e-05
1739 3.6888449050e-01 1.1426184447e-05
1740 3.6861138825e-01 1.1565801199e-05
1741 3.6837918515e-01 1.2754636783e-05
1742 3.6812349447e-01 1.1983836255e-05
1743 3.6781648605e-01 1.1404211299e-05
1744 3.6755262008e-01 1.1658785891e-05
1745 3.6730482299e-01 1.3017122367e-05
1746 3.6703445094e-01 1.3630827756e-05
1747 3.6679081625e-01 1.3308150846e-05
1748 3.6655358213e-01 1.2408076609e-05
1749 3.6626604323e-01 1.1288856863e-05
1750 3.6598031358e-01 1.1216783897e-05
1751 3.6576338629e-01 1.1620990339e-05
1752 3.6550889387e-01 1.1394179854e-05
1753 3.6520384162e-01 1.1818212649e-05
1754 3.6495051799e-01 1.2408104180e-05
1755 3.6468456552e-01 1.3064987462e-05
1756 3.6437672537e-01 1.3089936001e-05
1757 3.6406198455e-01 1.2322759892e-05
1758 3.6372503059e-01 1.1489460680e-05
1759 3.6339234103e-01 1.0760463925e-05
1760 3.6309708194e-01 1.0785785005e-05
1761 3.6276741644e-01 1.0938127527e-05
1762 3.6243046071e-01 1.1320145295e-05
1763 3.6213231930e-01 1.1260858309e-05
1764 3.6184336071e-01 1.1430509960e-05
1765 3.6157869586e-01 1.1211313469e-05
1766 3.6135774719e-01 1.1071239931e-05
1767 3.6114081011e-01 1.1030030209e-05
1768 3.6092523237e-01 1.0860417106e-05
1769 3.6074550907e-01 1.1375911679e-05
1770 3.6058124946e-01 1.1643842946e-05
1771 3.6040391434e-01 1.2780176198e-05
1772 3.6021154503e-01 1.1468527785e-05
1773 3.5999657384e-01 1.0894043162e-05
1774 3.5974321490e-01 1.0472797318e-05
1775 3.5947970164e-01 1.0424497361e-05
1776 3.5919444606e-01 1.0441755565e-05
1777 3.5886568280e-01 1.0445654439e-05
1778 3.5847995309e-01 1.0729529261e-05
1779 3.5813154882e-01 1.0673041334e-05
1780 3.5780963842e-01 1.0684945012e-05
1781 3.5748781069e-01 1.0674129904e-05
1782 3.5715148715e-01 1.0776209378e-05
1783 3.5679710060e-01 1.0501947465e-05
1784 3.5646021005e-01 1.1042666972e-05
1785 3.5617003840e-01 1.1705250687e-05
1786 3.5587961856e-01 1.0969305440e-05
1787 3.5554605580e-01 1.0217099973e-05
1788 3.5522509374e-01 9.7814233986e-06
1789 3.5493266625e-01 1.0046236778e-05
1790 3.5465259616e-01 9.6783872187e-06
1791 3.5438491484e-01 9.7645688264e-06
1792 3.5414088929e-01 9.7187774183e-06
1793 3.5391469421e-01 9.4066678983e-06
1794 3.5366096191e-01 9.5286785594e-06
1795 3.5340891595e-01 9.3115983261e-06
1796 3.5319268611e-01 9.3059664446e-06
1797 3.5297316761e-01 9.3427373304e-06
1798 3.5269458581e-01 9.3418865853e-06
1799 3.5238406255e-01 9.6809669110e-06
1800 3.5208837196e-01 9.5182792094e-06
1801 3.5180466049e-01 9.1715860002e-06
1802 3.5152381716e-01 9.2469272041e-06
1803 3.5123073882e-01 9.3767343412e-06
1804 3.5093892383e-01 9.3070348628e-06
1805 3.5068265444e-01 8.6462301746e-06
1806 3.5045215737e-01 9.1401289742e-06
1807 3.5019886654e-01 8.9555500551e-06
1808 3.4994605402e-01 8.8050036498e-06
1809 3.4969014185e-01 8.8462160598e-06
1810 3.4943813117e-01 8.6625246105e-06
1811 3.4918022639e-01 8.7095550812e-06
1812 3.4891774594e-01 8.6164401442e-06
1813 3.4871454717e-01 8.4365454079e-06
1814 3.4851666424e-01 8.2781859602e-06
1815 3.4831296521e-01 8.6999500964e-06
1816 3.4811135025e-01 8.4064423127e-06
1817 3.4791621232e-01 8.2075601643e-06
1818 3.4774083518e-01 8.2654445226e-06
1819 3.4755378403e-01 8.3381791641e-06
1820 3.4735573692e-01 8.2479268512e-06
1821 3.4717516443e-01 8.1797062653e-06
1822 3.4699846937e-01 8.1699341752e-06
1823 3.4681768550e-01 7.8123429835e-06
1824 3.4663205077e-01 8.1869092306e-06
1825 3.4642899580e-01 8.2275001657e-06
1826 3.4621408881e-01 8.0199505936e-06
1827 3.4601430664e-01 7.9686900757e-06
1828 3.4579860763e-01 8.0445801888e-06
1829 3.4554238802e-01 7.8654590455e-06
1830 3.4527321670e-01 8.0887691419e-06
1831 3.4501261908e-01 8.2451066080e-06
1832 3.4475079641e-01 7.8318308142e-06
1833 3.4450179155e-01 7.7955956976e-06
1834 3.4426787257e-01 7.8356256743e-06
1835 3.4402116961e-01 8.1930088541e-06
1836 3.4377358420e-01 8.4098473875e-06
1837 3.4354217570e-01 9.3417994260e-06
1838 3.4334530424e-01 9.4560007717e-06
1839 3.4313321871e-01 8.3914034940e-06
1840 3.4294168044e-01 7.9839600271e-06
1841 3.4276674547e-01 7.5281777857e-06
1842 3.4257488623e-01 7.4866538603e-06
1843 3.4239955468e-01 7.3400062330e-06
1844 3.4224163859e-01 7.5609046852e-06
1845 3.4207413492e-01 7.3628808147e-06
1846 3.4186742375e-01 7.2044965562e-06
1847 3.4164198780e-01 7.0302204982e-06
1848 3.4141937687e-01 6.8073532332e-06
1849 3.4120522617e-01 6.9059520685e-06
1850 3.4095646592e-01 7.1283457563e-06
1851 3.4072534658e-01 6.7247439575e-06
1852 3.4049106417e-01 6.9362811658e-06
1853 3.4021821946e-01 6.9388394362e-06
1854 3.3998729857e-01 6.7009600584e-06
1855 3.3975136998e-01 6.6487031326e-06
1856 3.3950873914e-01 6.6916562177e-06
1857 3.3927469450e-01 6.6608139581e-06
1858 3.3905637693e-01 6.4073425427e-06
1859 3.3886014405e-01 6.5061125714e-06
1860 3.3865062958e-01 6.7657540373e-06
1861 3.3843063180e-01 6.6900707565e-06
1862 3.3820624557e-01 6.4610261365e-06
1863 3.3799280621e-01 6.3783221777e-06
1864 3.3780906498e-01 6.1031653153e-06
1865 3.3764866882e-01 6.1690098265e-06
1866 3.3746207460e-01 6.2176847736e-06
1867 3.3725018215e-01 6.3410388504e-06
1868 3.3703158414e-01 6.1352871975e-06
1869 3.3682559928e-01 6.1614382949e-06
1870 3.3661056018e-01 6.2269916492e-06
1871 3.3637087772e-01 6.2679215260e-06
1872 3.3616051379e-01 6.2709401844e-06
1873 3.3597994923e-01 6.1544800105e-06
1874 3.3577803310e-01 6.1139254359e-06
1875 3.3557034679e-01 6.2717049761e-06
1876 3.3533472660e-01 6.7542809510e-06
1877 3.3511415319e-01 7.0005039385e-06
1878 3.3491048509e-01 6.8973041033e-06
1879 3.3467599417e-01 6.3425533251e-06
1880 3.3443658142e-01 6.4352976171e-06
1881 3.3422207236e-01 6.3287467130e-06
1882 3.3400358713e-01 6.0729397040e-06
1883 3.3378355930e-01 5.9930992057e-06
1884 3.3355532420e-01 5.9200449281e-06
1885 3.3332879229e-01 5.9260159475e-06
1886 3.3309848321e-01 6.0363094284e-06
1887 3.3288487136e-01 6.6165989991e-06
1888 3.3270878694e-01 7.1350082456e-06
1889 3.3252034671e-01 6.7394065869e-06
1890 3.3233201269e-01 6.1864124966e-06
1891 3.3214203546e-01 5.8712570089e-06
1892 3.3193991455e-01 5.7913359606e-06
1893 3.3174087507e-01 5.7537165657e-06
1894 3.3152643106e-01 5.8332660692e-06
1895 3.3130952949e-01 5.7377136697e-06
1896 3.3109799525e-01 5.6474745626e-06
1897 3.3087754573e-01 5.6457211727e-06
1898 3.3063450237e-01 5.6981820247e-06
1899 3.3036511070e-01 5.8482084188e-06
1900 3.3010164976e-01 6.0125880952e-06
1901 3.2985352686e-01 6.3988380566e-06
1902 3.2958583178e-01 7.0452331555e-06
1903 3.2932516692e-01 6.8970249348e-06
1904 3.2903372212e-01 6.2059655292e-06
1905 3.2871837941e-01 5.7429843105e-06
1906 3.2839528946e-01 5.7275425616e-06
1907 3.2807349951e-01 5.7530537515e-06
1908 3.2776209170e-01 5.6165157602e-06
1909 3.2746738847e-01 5.8243477628e-06
1910 3.2716260745e-01 5.6462741571e-06
1911 3.2688698976e-01 5.7247246358e-06
1912 3.2663087152e-01 5.8305866399e-06
1913 3.2637125956e-01 6.0049537172e-06
1914 3.2611872172e-01 6.3228568366e-06
1915 3.2588045939e-01 5.8650794123e-06
1916 3.2566003109e-01 5.3819904496e-06
1917 3.2542893455e-01 5.4754145010e-06
1918 3.2518731884e-01 6.1130411349e-06
1919 3.2494834763e-01 6.1327872621e-06
1920 3.2469931165e-01 5.7781841773e-06
1921 3.2447362465e-01 5.6029413785e-06
1922 3.2424338396e-01 5.5979450517e-06
1923 3.2398936795e-01 5.7598624637e-06
1924 3.2374842878e-01 6.0185279329e-06
1925 3.2352703943e-01 6.2545093923e-06
1926 3.2331896142e-01 5.8742772843e-06
1927 3.2308855455e-01 5.4871616851e-06
1928 3.2282561904e-01 5.6031185099e-06
1929 3.2260835600e-01 6.1252468871e-06
1930 3.2235665989e-01 5.8264260165e-06
1931 3.2206708868e-01 5.6644222093e-06
1932 3.2176259849e-01 5.6961847867e-06
1933 3.2144899644e-01 5.7733705368e-06
1934 3.2117432580e-01 5.3679248966e-06
1935 3.2090158127e-01 5.4545698128e-06
1936 3.2062826937e-01 5.4693068902e-06
1937 3.2035614707e-01 5.4302625394e-06
1938 3.2007297144e-01 5.5296348099e-06
1939 3.1981064831e-01 5.5982478928e-06
1940 3.1956344263e-01 5.4052849751e-06
1941 3.1929827804e-01 5.6245475407e-06
1942 3.1902278088e-01 5.7299904802e-06
1943 3.1875440323e-01 5.5619336950e-06
1944 3.1850042200e-01 5.2457189074e-06
1945 3.1828730407e-01 5.1712556126e-06
1946 3.1810257420e-01 5.2674983923e-06
1947 3.1791566707e-01 5.2944131243e-06
1948 3.1776223560e-01 4.8911447687e-06
1949 3.1761882682e-01 5.2315015738e-06
1950 3.1746522733e-01 5.1764535463e-06
1951 3.1731687002e-01 4.9503182416e-06
1952 3.1716103505e-01 5.1595453371e-06
1953 3.1700693363e-01 5.2346220054e-06
1954 3.1684771071e-01 4.9034387676e-06
1955 3.1666852213e-01 5.0350201931e-06
1956 3.1648328605e-01 5.4050570982e-06
1957 3.1627971269e-01 5.0133893825e-06
1958 3.1603581552e-01 5.1881414498e-06
1959 3.1575941322e-01 5.4090978096e-06
1960 3.1549074078e-01 5.0609429987e-06
1961 3.1520227625e-01 5.3822439502e-06
1962 3.1488600585e-01 5.8761724307e-06
1963 3.1459631942e-01 5.8477629611e-06
1964 3.1434760599e-01 5.6346584345e-06
1965 3.1409274810e-01 5.2357625482e-06
1966 3.1380467736e-01 5.2368240985e-06
1967 3.1352875932e-01 5.1786046874e-06
1968 3.1327140042e-01 5.0226180292e-06
1969 3.1302191646e-01 4.6693238719e-06
1970 3.1279716603e-01 4.7589376853e-06
1971 3.1257448870e-01 4.9909042577e-06
1972 3.1235642499e-01 4.6918287654e-06
1973 3.1216139963e-01 4.6519535193e-06
1974 3.1196599340e-01 4.8447586414e-06
1975 3.1179482749e-01 4.6035776530e-06
1976 3.1164755589e-01 4.6187003298e-06
1977 3.1148854562e-01 4.9146750661e-06
1978 3.1131107741e-01 4.5320379461e-06
1979 3.1113315568e-01 4.6017986641e-06
1980 3.1096167045e-01 4.7104329125e-06
1981 3.1077524078e-01 4.7466095917e-06
1982 3.1056019927e-01 4.8701609568e-06
1983 3.1034218180e-01 4.7947285167e-06
1984 3.1013731557e-01 4.6493264146e-06
1985 3.0993177556e-01 4.5930178358e-06
1986 3.0969111808e-01 4.7169410916e-06
1987 3.0946662680e-01 4.6639105800e-06
1988 3.0924214496e-01 4.6921906547e-06
1989 3.0899475070e-01 4.6048434111e-06
1990 3.0875333969e-01 4.4635051971e-06
1991 3.0852344413e-01 4.3609172853e-06
1992 3.0829450632e-01 4.6871394800e-06
1993 3.0804450375e-01 4.6025159815e-06
1994 3.0778833829e-01 4.4958338913e-06
1995 3.0756021401e-01 4.4247834077e-06
1996 3.0734252176e-01 4.5094169239e-06
1997 3.0711578525e-01 4.3717058254e-06
1998 3.0691632396e-01 4.2455569628e-06
1999 3.0672894169e-01 4.3404190232e-06
