iter rel_error rel_residual
0 6.1581333137e+01 1.6153845616e-01
1 1.1025130018e+01 6.2082673363e-02
2 6.7903701669e+00 5.6252273887e-02
3 1.3510628012e+01 3.9205494544e-02
4 5.1060824322e+00 1.8961883305e-02
5 4.8314242259e+00 7.6836584577e-03
6 1.1106402153e+01 4.4323038318e-03
7 4.6925025703e+00 4.1817851787e-03
8 5.1286618716e+00 2.2277924810e-03
9 4.4708729174e+00 1.7854049259e-03
10 4.4903406432e+00 2.2838322415e-03
11 8.0636414734e+00 2.1910792788e-03
12 5.3443550006e+00 2.1213491343e-03
13 2.6301053102e+00 2.1842597222e-03
14 2.9456500749e+00 7.7518939070e-04
15 2.4975463386e+00 9.1187271038e-04
16 2.0147362922e+00 2.7537293520e-04
17 2.5771992875e+00 2.8760692929e-04
18 3.3674740899e+00 5.9779617957e-04
19 2.9210737121e+00 6.3484134490e-04
20 3.0077395384e+00 2.7682494861e-04
21 3.3331102578e+00 2.8437527730e-04
22 2.5011717706e+00 1.5333717242e-04
23 2.2634891513e+00 1.5510612874e-04
24 2.6901718029e+00 2.3007324096e-04
25 1.7582618426e+00 2.0002255540e-04
26 1.7193921642e+00 1.6201871887e-04
27 1.8973259788e+00 2.0246626624e-04
28 1.5748017054e+00 1.7918678102e-04
29 1.5866510879e+00 9.5932307684e-05
30 1.4708581944e+00 2.3183273459e-04
31 1.6483361027e+00 1.9417879509e-04
32 2.3622518763e+00 2.3962193956e-04
33 2.2262309766e+00 1.9987909226e-04
34 2.0959665522e+00 1.1934579865e-04
35 2.6519083687e+00 6.9369437119e-05
36 2.2474578958e+00 2.8085478051e-04
37 1.6309609378e+00 2.1239371889e-04
38 1.5544065021e+00 1.6290884502e-04
39 1.3132915160e+00 9.6603286399e-05
40 1.3905257433e+00 1.1539475785e-04
41 1.7602367078e+00 8.1780540658e-05
42 2.0494652393e+00 1.9531337991e-04
43 2.4561279633e+00 9.9808836715e-05
44 2.5896165791e+00 4.6203915128e-05
45 2.5116870105e+00 3.6695585842e-05
46 2.4977499227e+00 6.3968483849e-05
47 2.3105054167e+00 4.7318748309e-05
48 1.9195262118e+00 5.5953595080e-05
49 1.6679722815e+00 1.3647258489e-04
50 1.2749611350e+00 1.0876148786e-04
51 1.1385285267e+00 3.1604707615e-05
52 1.1716218290e+00 6.9218809909e-05
53 1.2111937791e+00 6.3300259723e-05
54 1.3632891273e+00 7.5916304301e-05
55 1.3505648674e+00 1.3100890023e-04
56 1.2215450586e+00 7.4178685540e-05
57 1.2677678376e+00 5.9323860962e-05
58 1.1263603468e+00 1.6697622474e-04
59 9.0665073091e-01 1.2639658521e-04
60 8.6405686516e-01 4.7265637154e-05
61 7.0507037885e-01 2.5121449021e-05
62 6.6539800598e-01 1.6530584485e-05
63 6.8542567019e-01 7.8888475766e-05
64 7.6742664210e-01 7.7304158186e-05
65 9.3856999019e-01 2.0312601521e-05
66 8.9615602356e-01 3.5744348857e-05
67 9.1322075792e-01 5.8561473605e-05
68 1.0335757532e+00 1.9336240618e-05
69 1.0088461317e+00 1.3284357812e-05
70 1.0013330351e+00 3.2610401787e-05
71 1.0925385425e+00 1.4859843646e-05
72 1.0685186140e+00 1.3373298497e-05
73 1.0428658327e+00 1.4418105689e-05
74 1.0651387662e+00 1.1088673281e-05
75 1.0396120057e+00 3.1347565736e-05
76 9.8228792589e-01 7.8438729970e-06
77 9.2867418659e-01 3.6078506401e-05
78 8.6281638751e-01 1.7295705226e-05
79 8.3450392842e-01 2.4911658160e-05
80 7.7467088525e-01 4.3786252955e-05
81 7.5513167402e-01 1.8344562852e-05
82 7.9412772336e-01 2.0534753631e-05
83 7.4435337183e-01 8.9068254542e-06
84 7.8491110119e-01 1.5657586408e-05
85 8.1329534136e-01 2.8343999636e-05
86 7.8504803253e-01 1.5664145156e-05
87 8.0887844316e-01 1.5629789684e-05
88 7.9147031744e-01 2.0427798348e-05
89 7.0648279333e-01 1.1927397185e-05
90 6.9790065200e-01 6.3397700672e-06
91 6.5148681814e-01 1.4793787064e-05
92 6.2566186313e-01 1.5131965167e-05
93 6.3809675258e-01 1.1920204191e-05
94 6.3179602451e-01 1.0845706951e-05
95 6.4609187441e-01 9.5328550792e-06
96 6.5323178460e-01 1.4963299581e-05
97 6.6637728786e-01 1.2081175814e-05
98 7.0335365315e-01 5.4436039580e-06
99 7.0012964680e-01 1.8242566208e-05
100 7.2611012072e-01 1.5173892758e-05
101 7.3643217239e-01 1.8166869363e-05
102 7.1406510670e-01 7.2758374665e-06
103 7.0290458559e-01 6.0332002674e-06
104 7.0145036499e-01 2.3410893685e-05
105 6.6389574401e-01 1.1540226003e-05
106 6.3971403703e-01 5.1981660206e-06
107 6.5785316541e-01 1.0914114886e-05
108 6.1367006039e-01 6.2729433062e-06
109 6.0922533493e-01 9.3132865976e-06
110 6.4613957040e-01 5.5201328384e-06
111 6.1895081908e-01 1.0699824213e-05
112 6.7491477435e-01 6.0763574319e-06
113 6.4900564344e-01 7.9844471325e-06
114 6.7926896689e-01 2.1087508704e-05
115 6.4404073340e-01 1.0134125371e-05
116 6.4223255620e-01 6.7819520323e-06
117 6.4908226249e-01 5.8770758930e-06
118 6.3264103253e-01 1.3632517797e-05
119 6.7283413390e-01 5.5141358876e-06
120 7.1165440798e-01 5.7423335826e-06
121 7.2951014263e-01 6.0119223935e-06
122 7.7274153440e-01 8.0729094283e-06
123 8.3037511828e-01 7.7993110987e-06
124 8.4758989075e-01 4.4333771403e-06
125 8.9760775313e-01 5.6840415005e-06
126 9.2777603131e-01 7.2036941129e-06
127 9.4390853115e-01 5.7110092962e-06
128 9.5634898005e-01 6.0853132606e-06
129 9.4405917511e-01 8.0258099995e-06
130 9.0551946026e-01 4.2828222578e-06
131 8.5984131099e-01 4.1076690405e-06
132 8.4019958009e-01 3.2239326572e-06
133 7.5500405566e-01 3.1367255199e-06
134 7.3567395889e-01 3.3526809755e-06
135 7.5119207444e-01 4.7868781571e-06
136 6.3287611563e-01 4.5742397148e-06
137 6.7956441890e-01 3.0890051699e-06
138 6.4832243262e-01 4.4912512492e-06
139 5.9468890240e-01 1.0431478773e-05
140 7.1226603924e-01 7.3287848996e-06
141 6.1347026401e-01 4.7910613685e-06
142 7.9705387548e-01 4.5310799184e-06
143 6.3491110739e-01 7.4588026844e-06
144 8.0629007009e-01 3.8175015123e-06
145 6.3152731611e-01 5.2524132976e-06
146 6.3692165702e-01 3.0819069682e-06
147 8.0489963273e-01 3.3310187592e-06
148 5.9571856021e-01 3.1877766788e-06
149 7.1645610482e-01 3.2935051840e-06
150 6.6778458531e-01 5.1863117833e-06
151 6.1129066267e-01 5.4261573386e-06
152 6.8082756321e-01 3.1252256984e-06
153 6.4949249346e-01 5.8144588304e-06
154 6.6585199534e-01 4.0011756661e-06
155 6.2017945801e-01 4.0264017297e-06
156 6.5912990141e-01 3.5855239143e-06
157 6.0514951130e-01 3.6567417950e-06
158 6.2211240068e-01 6.2727147837e-06
159 6.1344539875e-01 4.4646728951e-06
160 5.9993017366e-01 3.7366830250e-06
161 5.9952164097e-01 5.3497365107e-06
162 5.8842011936e-01 6.2668989609e-06
163 5.9771338697e-01 5.0887919375e-06
164 6.0573606120e-01 3.6973760876e-06
165 6.1084986411e-01 2.9421254520e-06
166 6.4195269377e-01 4.2032915549e-06
167 6.7240466314e-01 6.5241394458e-06
168 6.8477908275e-01 5.5398141239e-06
169 7.0430744672e-01 3.1074143089e-06
170 7.1494448130e-01 3.8147915412e-06
171 6.8664477234e-01 5.4993756929e-06
172 7.0217410517e-01 4.6364352807e-06
173 6.8323597691e-01 3.2287271692e-06
174 6.3454389433e-01 3.6955458176e-06
175 6.4184304486e-01 3.8008878082e-06
176 6.1771486287e-01 4.7400067703e-06
177 5.7414579173e-01 4.0671254201e-06
178 5.8110226373e-01 3.5138224364e-06
179 5.6848037213e-01 4.4528903798e-06
180 5.6846998831e-01 3.2540419157e-06
181 5.7770958127e-01 2.9169853402e-06
182 5.7747185693e-01 2.7181115507e-06
183 5.8449817354e-01 2.9007065920e-06
184 5.8990516574e-01 3.5619136331e-06
185 5.8764090272e-01 5.8784064898e-06
186 5.8803018546e-01 7.5940293346e-06
187 5.9462148233e-01 4.5667034747e-06
188 5.9480944025e-01 2.6367489707e-06
189 5.9230143396e-01 2.8263886736e-06
190 6.0513854469e-01 2.5071847265e-06
191 6.1689492726e-01 2.0144307868e-06
192 6.0850668876e-01 2.2319132458e-06
193 6.3514218469e-01 2.7914708091e-06
194 6.3880693731e-01 2.5528887432e-06
195 6.2099101720e-01 2.2708353297e-06
196 6.3004165151e-01 2.3025612623e-06
197 6.4057839473e-01 2.4943361065e-06
198 6.0200051021e-01 2.9484371032e-06
199 5.8959433386e-01 2.8157530592e-06
200 5.8883859818e-01 2.0982193394e-06
201 5.4712039263e-01 1.9132311412e-06
202 5.4066047923e-01 1.9296199339e-06
203 5.3452594114e-01 2.1488097955e-06
204 5.2850224711e-01 3.0833359324e-06
205 5.2749334035e-01 2.9828890447e-06
206 5.2465205546e-01 2.2188055116e-06
207 5.2910883570e-01 1.9078942626e-06
208 5.3070120287e-01 3.1072211102e-06
209 5.3095237055e-01 2.5916896685e-06
210 5.3146264890e-01 1.8626265968e-06
211 5.3178586753e-01 1.6526150870e-06
212 5.3331726917e-01 2.3273039496e-06
213 5.3487710089e-01 2.6605951531e-06
214 5.3551421773e-01 1.9245520330e-06
215 5.3456656309e-01 1.5919728212e-06
216 5.3399284572e-01 2.3231495822e-06
217 5.3394020788e-01 1.9556768809e-06
218 5.3505326977e-01 1.7552753510e-06
219 5.3628683323e-01 2.3615445466e-06
220 5.3518374971e-01 2.7289254456e-06
221 5.3231782145e-01 2.5478412061e-06
222 5.2813737000e-01 1.3690210214e-06
223 5.2643844800e-01 1.8588146548e-06
224 5.2578883375e-01 2.6797865127e-06
225 5.2357563884e-01 1.8807254927e-06
226 5.2237567694e-01 2.1228703204e-06
227 5.2084351517e-01 1.6258710017e-06
228 5.1963553392e-01 1.3525012335e-06
229 5.1797786474e-01 1.5649948015e-06
230 5.1807975642e-01 1.8609774579e-06
231 5.2154161912e-01 1.4300243286e-06
232 5.2849868123e-01 1.0489183285e-06
233 5.3379766747e-01 1.2713475707e-06
234 5.4456772885e-01 1.9740344030e-06
235 5.5261857248e-01 1.8296463821e-06
236 5.5591159201e-01 1.3103491942e-06
237 5.5973852632e-01 1.1007543136e-06
238 5.6431735798e-01 1.2249192789e-06
239 5.6286842021e-01 1.4382774755e-06
240 5.5852662894e-01 1.4766667172e-06
241 5.5694849289e-01 1.5141031141e-06
242 5.5223135164e-01 1.9745143345e-06
243 5.4506174650e-01 2.5203565410e-06
244 5.3860125577e-01 1.8954827416e-06
245 5.3193586734e-01 1.2869875990e-06
246 5.2328931279e-01 1.4945136408e-06
247 5.1789739877e-01 1.7232100421e-06
248 5.1532663420e-01 1.4117520729e-06
249 5.1248085007e-01 2.9474223002e-06
250 5.1085722486e-01 3.3444276341e-06
251 5.1033205285e-01 1.8847535996e-06
252 5.0825935348e-01 1.3842684215e-06
253 5.0778314961e-01 1.4894135761e-06
254 5.0689234536e-01 1.7153161472e-06
255 5.0719914877e-01 3.0046646379e-06
256 5.0846568620e-01 2.8296155073e-06
257 5.0735952689e-01 1.7008347817e-06
258 5.0305430362e-01 2.1366247223e-06
259 5.0232172175e-01 1.7068734664e-06
260 4.9879845308e-01 2.4949208774e-06
261 4.9791353542e-01 1.8525759253e-06
262 5.0015794605e-01 3.3246857149e-06
263 5.0364015113e-01 2.2410744950e-06
264 5.0538888022e-01 1.6760999152e-06
265 5.0743390009e-01 2.5748024580e-06
266 5.1348238619e-01 2.6142667943e-06
267 5.1799135354e-01 1.7353473122e-06
268 5.2284749185e-01 1.8402940053e-06
269 5.2187375321e-01 1.6350088939e-06
270 5.2213099620e-01 1.4510343392e-06
271 5.2197163799e-01 1.4641424321e-06
272 5.2021755171e-01 1.8303179316e-06
273 5.1768826645e-01 1.9136804675e-06
274 5.1968660346e-01 1.4540455041e-06
275 5.2164306102e-01 1.9832448808e-06
276 5.2431077019e-01 2.0509100503e-06
277 5.2768008133e-01 1.4975699338e-06
278 5.3071836205e-01 2.3751604028e-06
279 5.4086019623e-01 1.8600878053e-06
280 5.4413330119e-01 1.6344965231e-06
281 5.4647994406e-01 2.2766270465e-06
282 5.5774403237e-01 1.5013518225e-06
283 5.6185748679e-01 3.5217881688e-06
284 5.6564923332e-01 3.2210628505e-06
285 5.7490125234e-01 1.6455942407e-06
286 5.7781990144e-01 1.8801054145e-06
287 5.8286319259e-01 1.9051981835e-06
288 5.9017922350e-01 1.2371762059e-06
289 5.9218869044e-01 1.6177236315e-06
290 5.8959851615e-01 1.5083670599e-06
291 5.9203581898e-01 1.7389088050e-06
292 5.9071893991e-01 2.3756258228e-06
293 5.8961295618e-01 2.4646210203e-06
294 5.9683721883e-01 2.5854074546e-06
295 6.0239402934e-01 2.0665441516e-06
296 6.0634136797e-01 1.3973877392e-06
297 6.1008286863e-01 1.9005282418e-06
298 6.1532968518e-01 2.1230269601e-06
299 6.2423672774e-01 2.5929532911e-06
300 6.2961249624e-01 2.4108337519e-06
301 6.3336214864e-01 1.6161713137e-06
302 6.3082369561e-01 1.9632928053e-06
303 6.2119364036e-01 1.9651391205e-06
304 6.1230450050e-01 1.7190248684e-06
305 6.0126985776e-01 1.5170728322e-06
306 5.8528180593e-01 2.4386093092e-06
307 5.7475934119e-01 2.1122216801e-06
308 5.6465512879e-01 1.4598819155e-06
309 5.5752380341e-01 1.5609236688e-06
310 5.5027056477e-01 1.6210016629e-06
311 5.4309185516e-01 1.4262422263e-06
312 5.4345608476e-01 1.1077257830e-06
313 5.4814490560e-01 1.1174157388e-06
314 5.5289149193e-01 2.0949001474e-06
315 5.6277185390e-01 3.6664678964e-06
316 5.7764411337e-01 2.7393972908e-06
317 5.9251987972e-01 1.2316273658e-06
318 6.0467574430e-01 1.7125757364e-06
319 6.1379370738e-01 1.3923301726e-06
320 6.2617820134e-01 1.3431215387e-06
321 6.3983222851e-01 1.7505495654e-06
322 6.4922695514e-01 1.5113660859e-06
323 6.5987659352e-01 1.3629633040e-06
324 6.7145769990e-01 1.7572023674e-06
325 6.7515556701e-01 1.3163488862e-06
326 6.8283013212e-01 1.4576262567e-06
327 6.8782669973e-01 1.3362322775e-06
328 6.9343969567e-01 1.2189106227e-06
329 7.0811060681e-01 1.3425626486e-06
330 7.0302363035e-01 1.3821149814e-06
331 6.9739145732e-01 1.5539727588e-06
332 7.0326645724e-01 1.8322392895e-06
333 6.9496469229e-01 1.5004150747e-06
334 6.8858587689e-01 1.3318572319e-06
335 6.8386865828e-01 1.5803676943e-06
336 6.9039221163e-01 1.8220122509e-06
337 6.7874563308e-01 2.0591868359e-06
338 6.6855160336e-01 2.1044961267e-06
339 6.8341120673e-01 2.1304481459e-06
340 6.6818293589e-01 1.4942862320e-06
341 6.7274615385e-01 2.0559563855e-06
342 6.7591017637e-01 1.8404819196e-06
343 6.6921090468e-01 1.3809150692e-06
344 6.7221144202e-01 2.1541581946e-06
345 6.7404590964e-01 1.3292472647e-06
346 6.6141146656e-01 1.4685675876e-06
347 6.6001938647e-01 2.0203418334e-06
348 6.5734700683e-01 2.0795735116e-06
349 6.5757454859e-01 1.8021384422e-06
350 6.6453219085e-01 1.7419612492e-06
351 6.6052869413e-01 1.4150956958e-06
352 6.7707302879e-01 1.4759921064e-06
353 6.5920754337e-01 2.5882090081e-06
354 6.9914600204e-01 2.5031013472e-06
355 6.5483238171e-01 1.5287413896e-06
356 7.2451716692e-01 2.6535887393e-06
357 6.4303779405e-01 1.4091432755e-06
358 7.2017664613e-01 1.3107192058e-06
359 6.4793615977e-01 1.2793106064e-06
360 6.4300876092e-01 1.6632349790e-06
361 6.9812635177e-01 1.8200152049e-06
362 6.3651440635e-01 1.5830785209e-06
363 6.8928458969e-01 1.1913304711e-06
364 6.3505969586e-01 1.2240105554e-06
365 6.6678236500e-01 1.4141000779e-06
366 6.8084524717e-01 2.0219657195e-06
367 6.3095899080e-01 2.6369356071e-06
368 7.0323349070e-01 2.3593343197e-06
369 6.6959892011e-01 1.3608395249e-06
370 6.8559217153e-01 1.3391296911e-06
371 7.3148921543e-01 1.1936419018e-06
372 6.7934001196e-01 1.6482011700e-06
373 7.4115835783e-01 1.2589241298e-06
374 7.1622022038e-01 1.1632569007e-06
375 7.1907387182e-01 1.1736899660e-06
376 7.5143002425e-01 1.1469411789e-06
377 7.3218257070e-01 1.2437958202e-06
378 7.6271866635e-01 1.1321306574e-06
379 7.5476586657e-01 1.1972578330e-06
380 7.6617219455e-01 1.4155164015e-06
381 7.7820054222e-01 1.3272552369e-06
382 7.7954962058e-01 1.3308248776e-06
383 7.8193236328e-01 1.2529656536e-06
384 7.7916517006e-01 1.4516874958e-06
385 7.7106554928e-01 1.6477157516e-06
386 7.5822000844e-01 1.1931546490e-06
387 7.4639769103e-01 1.3989693833e-06
388 7.3187077082e-01 2.4251636744e-06
389 7.1760726040e-01 2.6891680434e-06
390 7.0689997410e-01 1.6583502654e-06
391 6.9654916253e-01 1.3051369729e-06
392 6.9220604249e-01 1.3524708098e-06
393 6.9069495079e-01 1.1879103274e-06
394 6.8841650186e-01 1.3082946493e-06
395 6.8211088885e-01 1.4990088913e-06
396 6.7786894779e-01 1.4125652323e-06
397 6.7774172046e-01 1.4470945954e-06
398 6.7754588958e-01 1.4661583994e-06
399 6.7572824651e-01 1.1425087091e-06
400 6.7418141342e-01 1.7434595224e-06
401 6.7449230146e-01 1.4914471637e-06
402 6.7690077742e-01 1.3088224738e-06
403 6.7900226271e-01 1.4402878803e-06
404 6.7868589059e-01 1.5715633323e-06
405 6.8151166788e-01 1.2802320464e-06
406 6.8904645183e-01 1.6211674005e-06
407 6.9658751615e-01 1.1476442120e-06
408 7.0663624884e-01 1.7741871052e-06
409 7.2015579974e-01 2.6050602496e-06
410 7.3546746141e-01 2.6424154786e-06
411 7.4933622000e-01 1.9978883967e-06
412 7.6164195843e-01 1.4495181851e-06
413 7.7513336616e-01 1.8125145700e-06
414 7.8629606500e-01 2.0657028073e-06
415 7.9384463792e-01 1.9402229290e-06
416 7.9839861708e-01 2.5200753681e-06
417 7.9570788689e-01 1.3419930764e-06
418 7.9362348892e-01 1.0605606210e-06
419 7.9447960295e-01 1.0256725390e-06
420 7.8854221569e-01 1.1717854433e-06
421 7.8426253884e-01 1.9666542887e-06
422 7.8609368857e-01 1.7967234320e-06
423 7.8525369980e-01 1.1909360598e-06
424 7.8194385540e-01 1.3469700901e-06
425 7.8247660027e-01 9.1142810278e-07
426 7.7954571995e-01 9.7381509346e-07
427 7.7718633108e-01 8.4185073970e-07
428 7.7439517119e-01 1.0059325131e-06
429 7.6994883348e-01 1.0908859488e-06
430 7.6723280022e-01 9.4694318185e-07
431 7.6465024039e-01 1.2212253358e-06
432 7.5845439656e-01 1.6968665536e-06
433 7.5662061479e-01 9.8691524560e-07
434 7.5375171554e-01 1.2369349305e-06
435 7.4961295210e-01 1.1510154122e-06
436 7.4656804745e-01 9.9991849954e-07
437 7.4009748418e-01 9.0423033068e-07
438 7.3492725770e-01 9.2370652607e-07
439 7.3016042615e-01 9.8998016981e-07
440 7.2687041069e-01 1.5119679655e-06
441 7.2636733645e-01 1.6393898387e-06
442 7.2742350495e-01 1.0756434856e-06
443 7.2936364744e-01 7.9957101112e-07
444 7.2941801131e-01 6.9680694906e-07
445 7.3069249615e-01 6.6888055476e-07
446 7.3439052963e-01 1.1293473272e-06
447 7.3678670308e-01 1.3348191121e-06
448 7.4037594183e-01 8.2063140263e-07
449 7.4313590139e-01 6.6362951236e-07
450 7.4290314251e-01 5.7002194892e-07
451 7.4306969505e-01 7.2866195216e-07
452 7.4458432198e-01 1.0859759339e-06
453 7.4196716826e-01 7.7311325685e-07
454 7.4209613306e-01 5.9302065257e-07
455 7.4422470642e-01 6.8559060954e-07
456 7.4410562652e-01 6.6671288230e-07
457 7.4296259547e-01 9.1968891602e-07
458 7.4597428188e-01 7.8892231008e-07
459 7.4579105660e-01 5.6893803342e-07
460 7.4793030712e-01 4.7288274317e-07
461 7.5255930757e-01 4.5562559138e-07
462 7.5580455001e-01 7.5859791282e-07
463 7.6045291715e-01 1.0192298559e-06
464 7.6363280894e-01 9.5424839337e-07
465 7.6414841501e-01 7.5675749336e-07
466 7.6585348691e-01 4.6735394523e-07
467 7.6777469472e-01 4.2873737927e-07
468 7.6860258042e-01 5.5573988268e-07
469 7.6877297164e-01 3.9192174382e-07
470 7.6780451924e-01 6.6094690097e-07
471 7.6552006686e-01 4.8170965147e-07
472 7.6347878117e-01 4.0810117427e-07
473 7.6267311227e-01 3.8095209274e-07
474 7.6245564883e-01 4.6353721101e-07
475 7.6132512834e-01 7.2871767698e-07
476 7.5886283604e-01 8.7609948822e-07
477 7.5597311247e-01 4.9792661762e-07
478 7.5238130698e-01 6.8508956827e-07
479 7.4828137484e-01 8.5723332670e-07
480 7.4606243172e-01 5.5040299547e-07
481 7.4396916873e-01 4.2944859075e-07
482 7.4072676455e-01 4.9821978930e-07
483 7.3735122403e-01 6.3912616114e-07
484 7.3440649118e-01 4.0175564284e-07
485 7.3119637804e-01 3.3853708534e-07
486 7.2896940819e-01 2.9543087090e-07
487 7.2898858829e-01 5.5041645239e-07
488 7.3002157457e-01 5.6413322795e-07
489 7.3117217657e-01 3.6445509387e-07
490 7.3243333477e-01 3.0622079886e-07
491 7.3311430010e-01 3.5550567383e-07
492 7.3459591499e-01 3.1804380466e-07
493 7.3707850591e-01 4.3079375912e-07
494 7.3923458550e-01 3.7904085014e-07
495 7.4262013359e-01 4.2838064151e-07
496 7.4735097295e-01 6.1980234874e-07
497 7.4973795431e-01 3.6423726829e-07
498 7.5206131947e-01 5.9565115206e-07
499 7.5578192819e-01 4.3676762534e-07
500 7.6064085502e-01 4.3365920930e-07
501 7.6403473122e-01 3.2788636121e-07
502 7.6682647080e-01 6.0179685574e-07
503 7.6920784797e-01 5.1506672633e-07
504 7.6919254269e-01 3.5048694903e-07
505 7.6850714487e-01 5.6582587628e-07
506 7.6652883495e-01 7.9781956695e-07
507 7.6517783300e-01 4.6575475075e-07
508 7.6321025810e-01 4.8998477712e-07
509 7.5972156472e-01 4.3455077598e-07
510 7.5580455478e-01 6.4296122942e-07
511 7.5166753752e-01 3.9742128488e-07
512 7.4694044869e-01 3.2995332813e-07
513 7.4323976839e-01 2.9770446657e-07
514 7.4128304991e-01 3.0573371298e-07
515 7.3947779999e-01 4.9436809946e-07
516 7.3876744501e-01 4.8457951781e-07
517 7.3866667239e-01 3.0371415117e-07
518 7.3684198907e-01 4.1657079728e-07
519 7.3647868271e-01 3.4494268016e-07
520 7.3778345748e-01 5.0808963965e-07
521 7.3751556054e-01 3.2382569338e-07
522 7.3784665987e-01 3.8117294712e-07
523 7.3963011034e-01 4.4867188657e-07
524 7.3929888339e-01 4.1756657888e-07
525 7.3821118102e-01 4.2970731619e-07
526 7.3952165268e-01 4.9463476688e-07
527 7.3867713933e-01 3.7393529226e-07
528 7.3622636963e-01 6.7849920497e-07
529 7.3591336300e-01 5.6705980987e-07
530 7.3192571695e-01 4.3955773447e-07
531 7.2682220475e-01 5.1659412050e-07
532 7.2445987624e-01 3.8221701464e-07
533 7.2050056877e-01 3.0067827281e-07
534 7.1748231129e-01 4.8324757205e-07
535 7.1680721720e-01 4.5342217345e-07
536 7.1577512051e-01 4.1804995337e-07
537 7.1221756123e-01 5.5262033446e-07
538 7.0967278387e-01 3.5985595232e-07
539 7.0772003197e-01 3.6395143909e-07
540 7.0485942851e-01 4.0752264165e-07
541 7.0446350740e-01 3.8702300159e-07
542 7.0583814961e-01 3.1462439889e-07
543 7.0595222560e-01 3.7580982888e-07
544 7.0769524268e-01 3.1614590977e-07
545 7.1130982770e-01 3.4224216581e-07
546 7.1071054146e-01 3.6105555935e-07
547 7.1287333386e-01 2.8731473704e-07
548 7.1322615552e-01 3.5274907943e-07
549 7.1293876552e-01 3.3347494559e-07
550 7.1428677660e-01 3.5305063746e-07
551 7.1596837191e-01 2.9029287143e-07
552 7.1669224462e-01 3.8803400086e-07
553 7.1838573874e-01 2.8376202683e-07
554 7.2072964714e-01 3.5832864292e-07
555 7.2361327922e-01 2.5781200492e-07
556 7.2599403907e-01 3.7982635093e-07
557 7.2765841678e-01 3.3770173638e-07
558 7.2907909629e-01 3.1341566275e-07
559 7.3013332327e-01 2.5429094418e-07
560 7.3145334322e-01 5.6339130526e-07
561 7.3202831403e-01 5.8578773285e-07
562 7.3211094641e-01 3.1573916675e-07
563 7.3134857103e-01 2.7773812429e-07
564 7.2984474650e-01 3.8657886543e-07
565 7.2984564919e-01 3.6728155815e-07
566 7.2799248912e-01 3.6031394681e-07
567 7.2580804066e-01 3.1430728301e-07
568 7.2252600945e-01 2.6834777418e-07
569 7.1890315709e-01 4.5175407198e-07
570 7.1476221698e-01 4.8104087193e-07
571 7.1032213941e-01 5.2924684856e-07
572 7.0858302434e-01 6.7371494691e-07
573 7.0287751459e-01 5.1263679090e-07
574 6.9927724618e-01 3.7196218325e-07
575 6.9632914771e-01 7.5877550291e-07
576 6.8850389515e-01 7.5874029727e-07
577 6.8225930830e-01 5.7630923191e-07
578 6.7350994304e-01 5.5645489797e-07
579 6.6701279822e-01 4.2161917102e-07
580 6.6155211529e-01 3.8295711774e-07
581 6.5656359346e-01 8.1873095512e-07
582 6.5180901319e-01 7.3484998038e-07
583 6.4829794855e-01 4.7841730570e-07
584 6.4616027372e-01 3.3596266814e-07
585 6.4590150853e-01 3.6542004599e-07
586 6.4500492443e-01 3.6148692188e-07
587 6.4817873924e-01 4.6452460280e-07
588 6.4989092695e-01 4.6566393891e-07
589 6.5051293528e-01 4.6344348656e-07
590 6.5692301940e-01 6.6903621344e-07
591 6.5537446432e-01 5.0874080847e-07
592 6.5959888963e-01 4.1012528753e-07
593 6.6240510063e-01 4.9531044852e-07
594 6.6278571363e-01 3.9582196764e-07
595 6.6779114427e-01 5.6265398504e-07
596 6.6234936554e-01 6.6572855365e-07
597 6.6476136565e-01 3.1823029250e-07
598 6.6773948037e-01 4.7130623765e-07
599 6.5965907111e-01 3.6333723746e-07
600 6.7497077658e-01 3.7601458579e-07
601 6.5186940002e-01 3.0660306544e-07
602 6.8256579364e-01 3.5057351738e-07
603 6.5458509734e-01 3.9473490912e-07
604 6.5226599547e-01 9.4529580175e-07
605 6.7154072809e-01 7.2657842137e-07
606 6.3690447395e-01 2.6818028020e-07
607 6.5760024118e-01 3.6829607395e-07
608 6.5440379404e-01 8.8042398484e-07
609 6.4036304281e-01 7.9893589689e-07
610 6.5957835328e-01 4.2129104288e-07
611 6.4278015365e-01 7.4805798786e-07
612 6.5657792787e-01 3.2027627195e-07
613 6.5324913746e-01 2.7648011664e-07
614 6.5561260169e-01 6.5177194228e-07
615 6.6125564949e-01 5.6472055346e-07
616 6.5696348597e-01 2.4159060355e-07
617 6.5817278491e-01 2.6060166447e-07
618 6.6030264918e-01 4.4955003775e-07
619 6.5557931712e-01 4.3933919799e-07
620 6.5856501724e-01 2.6028933702e-07
621 6.5947030427e-01 2.7431663432e-07
622 6.5479515475e-01 2.7176031827e-07
623 6.5681787977e-01 5.6786301542e-07
624 6.4905836373e-01 3.6163308450e-07
625 6.4709420939e-01 3.1607182065e-07
626 6.4112510234e-01 3.2940188679e-07
627 6.3703715966e-01 2.5273868645e-07
628 6.3344307124e-01 2.9316861350e-07
629 6.2971939920e-01 1.9789995549e-07
630 6.2507232227e-01 2.9671734769e-07
631 6.1868326865e-01 2.9188172805e-07
632 6.1402520296e-01 3.3812617436e-07
633 6.0928634391e-01 4.6190014461e-07
634 6.0647278545e-01 6.2219851903e-07
635 6.0380305268e-01 2.7142501627e-07
636 6.0034322551e-01 3.7881961226e-07
637 5.9857797225e-01 2.5716499418e-07
638 5.9783491887e-01 4.8058840202e-07
639 5.9765635875e-01 2.4806446349e-07
640 5.9835057070e-01 2.2287008672e-07
641 5.9913456239e-01 2.6989555253e-07
642 6.0090045064e-01 2.2466224212e-07
643 6.0250090688e-01 3.5664201016e-07
644 6.0337939864e-01 3.9920007812e-07
645 6.0464870684e-01 3.4986843581e-07
646 6.0721764248e-01 3.1221827645e-07
647 6.1078266371e-01 2.4624590294e-07
648 6.1455569082e-01 2.4443151381e-07
649 6.1702002043e-01 2.2314123349e-07
650 6.1936379360e-01 2.7629477961e-07
651 6.2072566375e-01 5.1606928543e-07
652 6.2202299726e-01 2.4926591953e-07
653 6.2399970389e-01 4.1103385360e-07
654 6.2527572518e-01 2.9830059095e-07
655 6.2484255817e-01 2.2628397144e-07
656 6.2325984335e-01 3.0842681065e-07
657 6.2166152470e-01 3.2460311958e-07
658 6.1967901127e-01 2.8709515943e-07
659 6.1661924765e-01 4.2594903805e-07
660 6.1420713421e-01 2.3497643581e-07
661 6.1292784454e-01 2.9482121006e-07
662 6.1130187863e-01 2.4573563563e-07
663 6.0932591937e-01 5.5047334197e-07
664 6.0748285901e-01 3.8337710314e-07
665 6.0548967532e-01 2.5287187884e-07
666 6.0550240872e-01 2.5604482185e-07
667 6.0549657950e-01 2.0615193904e-07
668 6.0472519545e-01 2.1509024751e-07
669 6.0312646870e-01 3.0637089399e-07
670 6.0108636522e-01 3.3770749554e-07
671 5.9938242150e-01 2.3372301045e-07
672 5.9863253414e-01 3.1524425479e-07
673 5.9846350914e-01 4.1468171876e-07
674 5.9912401209e-01 3.4502058973e-07
675 5.9936365571e-01 3.3850726881e-07
676 5.9844705500e-01 4.8631907178e-07
677 5.9676886560e-01 2.4200067103e-07
678 5.9552079038e-01 5.7987181945e-07
679 5.9393136048e-01 2.5864061485e-07
680 5.9186843169e-01 4.2011132518e-07
681 5.8938372957e-01 4.0535659789e-07
682 5.8698134384e-01 3.7277763720e-07
683 5.8418772598e-01 3.8927507143e-07
684 5.8063909425e-01 2.9462230179e-07
685 5.7668240311e-01 3.9602741360e-07
686 5.7372965431e-01 3.6719955251e-07
687 5.7124502166e-01 2.7899648830e-07
688 5.6700920241e-01 4.1246139987e-07
689 5.6338071938e-01 3.6324064509e-07
690 5.6071043269e-01 2.8968371640e-07
691 5.5820708044e-01 3.0165733676e-07
692 5.5638778890e-01 3.0112760394e-07
693 5.5514786359e-01 3.9828095635e-07
694 5.5442571988e-01 2.3716942807e-07
695 5.5411795066e-01 3.5441553304e-07
696 5.5339710036e-01 2.5922860483e-07
697 5.5198877058e-01 2.2193907697e-07
698 5.5190458696e-01 1.9939156340e-07
699 5.5221705007e-01 3.5296976188e-07
700 5.5288989018e-01 2.4029086492e-07
701 5.5503062655e-01 3.2206457450e-07
702 5.5741513259e-01 3.1819204982e-07
703 5.5934375240e-01 4.7571452969e-07
704 5.6132381065e-01 2.7338321383e-07
705 5.6377459162e-01 3.8781735851e-07
706 5.6598206402e-01 2.3849765148e-07
707 5.6796070211e-01 2.1265092684e-07
708 5.6866100751e-01 2.7047395373e-07
709 5.6891528757e-01 4.2076327116e-07
710 5.6939818808e-01 3.4224324476e-07
711 5.6994099547e-01 1.7366204267e-07
712 5.6983410532e-01 3.0874087723e-07
713 5.6920046882e-01 2.5025553533e-07
714 5.6823885445e-01 1.7613797742e-07
715 5.6682845411e-01 1.7359492062e-07
716 5.6499859106e-01 1.5882044895e-07
717 5.6291353953e-01 2.0459765830e-07
718 5.6062897649e-01 3.1847969725e-07
719 5.5853185600e-01 3.1754337618e-07
720 5.5627593747e-01 2.0098345258e-07
721 5.5363480333e-01 1.7280211111e-07
722 5.5122868792e-01 2.4598356095e-07
723 5.4866069251e-01 2.5151476187e-07
724 5.4517075905e-01 2.2071077297e-07
725 5.4191391624e-01 3.5698823810e-07
726 5.3918185858e-01 2.1055177796e-07
727 5.3658153011e-01 2.2388978968e-07
728 5.3432475775e-01 4.6432523286e-07
729 5.3190283022e-01 5.4888205065e-07
730 5.2881628740e-01 2.2362812077e-07
731 5.2625480378e-01 1.9393140713e-07
732 5.2379020285e-01 2.1408088878e-07
733 5.2062264527e-01 2.7513536218e-07
734 5.1776690270e-01 2.3767992298e-07
735 5.1603396013e-01 2.4730026500e-07
736 5.1520832737e-01 2.6837320987e-07
737 5.1492921684e-01 2.6995077285e-07
738 5.1561680441e-01 1.9197927568e-07
739 5.1783127777e-01 2.0273978847e-07
740 5.1935523319e-01 2.3422939398e-07
741 5.2063333929e-01 3.2482063108e-07
742 5.2202195683e-01 2.1184066217e-07
743 5.2285042038e-01 3.8088109214e-07
744 5.2334477776e-01 4.5347656604e-07
745 5.2374231375e-01 2.6461354409e-07
746 5.2398836406e-01 2.5331577904e-07
747 5.2435258051e-01 2.4529340845e-07
748 5.2468841289e-01 3.0114285307e-07
749 5.2458000978e-01 2.9950409294e-07
750 5.2393778955e-01 2.6625942830e-07
751 5.2330534248e-01 2.4615952320e-07
752 5.2358673555e-01 2.4736458845e-07
753 5.2368064410e-01 2.0517196724e-07
754 5.2309732798e-01 2.0148353781e-07
755 5.2246829823e-01 2.7686052103e-07
756 5.2232090598e-01 2.7120425043e-07
757 5.2185265494e-01 3.4920185868e-07
758 5.2070393874e-01 3.3404124568e-07
759 5.1980215206e-01 2.5190968080e-07
760 5.1929228812e-01 2.5898571608e-07
761 5.1781479243e-01 3.8315395083e-07
762 5.1544676857e-01 3.6375257725e-07
763 5.1320173280e-01 2.6886895930e-07
764 5.1149764218e-01 2.1947442279e-07
765 5.1013510811e-01 1.9063535252e-07
766 5.0931425018e-01 2.2900497823e-07
767 5.0938306009e-01 2.9369162212e-07
768 5.0965573064e-01 2.7514277422e-07
769 5.0921307854e-01 2.1887120510e-07
770 5.0713783368e-01 2.8390694077e-07
771 5.0503742963e-01 3.3118976604e-07
772 5.0241277684e-01 1.9592484163e-07
773 4.9919754124e-01 2.4681028226e-07
774 4.9609991003e-01 2.1818526551e-07
775 4.9377834712e-01 2.3097771794e-07
776 4.9198223879e-01 3.5496187466e-07
777 4.9070969458e-01 3.7119316041e-07
778 4.8936843368e-01 2.2259723666e-07
779 4.8829695416e-01 2.4238808991e-07
780 4.8815554761e-01 2.9756545910e-07
781 4.8858954849e-01 3.3134043402e-07
782 4.8786311829e-01 2.9525830977e-07
783 4.8618964154e-01 4.7566711475e-07
784 4.8508465071e-01 3.1299888796e-07
785 4.8353656827e-01 2.0204204501e-07
786 4.8092238212e-01 2.3574546621e-07
787 4.7891175340e-01 3.5480171170e-07
788 4.7727406257e-01 2.4294491391e-07
789 4.7402683630e-01 3.5305262860e-07
790 4.7060971724e-01 3.9845386700e-07
791 4.6793234596e-01 1.7347196612e-07
792 4.6548681909e-01 2.8367399569e-07
793 4.6354194621e-01 2.1615070783e-07
794 4.6247334396e-01 1.7305023863e-07
795 4.6211897204e-01 4.2755070795e-07
796 4.6277964627e-01 6.2188709237e-07
797 4.6439481186e-01 2.5131985113e-07
798 4.6569703169e-01 4.7334487474e-07
799 4.6687481099e-01 4.1117889203e-07
800 4.6902455938e-01 2.3590387178e-07
801 4.7101975134e-01 4.0581411919e-07
802 4.7226034736e-01 4.7282755822e-07
803 4.7333545108e-01 1.9869387631e-07
804 4.7424077288e-01 4.2729194113e-07
805 4.7569335786e-01 2.7783395693e-07
806 4.7663685009e-01 1.6379277964e-07
807 4.7790415227e-01 1.3951040905e-07
808 4.7901477013e-01 2.0792508336e-07
809 4.7868465697e-01 1.3782423281e-07
810 4.7896737028e-01 1.9837524580e-07
811 4.7846980675e-01 1.3959129786e-07
812 4.7595421267e-01 3.1328685549e-07
813 4.7406803138e-01 2.6349776888e-07
814 4.7130989544e-01 1.4708913027e-07
815 4.6832262455e-01 1.4693838259e-07
816 4.6439584735e-01 1.6607716445e-07
817 4.6125874460e-01 1.6772380340e-07
818 4.5556747765e-01 1.7900032037e-07
819 4.5317045265e-01 1.3635745219e-07
820 4.4956941049e-01 2.6923096292e-07
821 4.4615157252e-01 1.8881671468e-07
822 4.4375814373e-01 2.6279396933e-07
823 4.3897430213e-01 3.9929010870e-07
824 4.3933289018e-01 1.9445777995e-07
825 4.3837519111e-01 1.4758994076e-07
826 4.3680370252e-01 1.6786718352e-07
827 4.3967098197e-01 1.7571573971e-07
828 4.3532085163e-01 1.5748263867e-07
829 4.4077604912e-01 1.7077576101e-07
830 4.3954378443e-01 1.3154448029e-07
831 4.4108221695e-01 1.1947859784e-07
832 4.4392190158e-01 1.5124227013e-07
833 4.4316522528e-01 1.1687015720e-07
834 4.4699879449e-01 2.0884454532e-07
835 4.4891908767e-01 2.7058357276e-07
836 4.4735441905e-01 1.6464169177e-07
837 4.5275423790e-01 1.5373959260e-07
838 4.5003334299e-01 2.3174872721e-07
839 4.5127181000e-01 1.9915304206e-07
840 4.5576621781e-01 1.1888669022e-07
841 4.4839117860e-01 1.4217644692e-07
842 4.5595089702e-01 2.7533796325e-07
843 4.4518334413e-01 2.3163510178e-07
844 4.4990696412e-01 1.3749439687e-07
845 4.4901572355e-01 1.3790630932e-07
846 4.3932456571e-01 1.5626870981e-07
847 4.4692647470e-01 1.0383547639e-07
848 4.3474717034e-01 2.4652947931e-07
849 4.3899474369e-01 1.7879252711e-07
850 4.3379438303e-01 1.0813491535e-07
851 4.3029363083e-01 1.2376366484e-07
852 4.3231950252e-01 2.0245263290e-07
853 4.2758870546e-01 1.7410338330e-07
854 4.2765965902e-01 1.1980505040e-07
855 4.2863970922e-01 1.1263634374e-07
856 4.2463226834e-01 1.2568411207e-07
857 4.2606145886e-01 1.4235943594e-07
858 4.2594425781e-01 1.0427983278e-07
859 4.2446303983e-01 1.0342180543e-07
860 4.2739010637e-01 1.4094245564e-07
861 4.2814354358e-01 1.6836178620e-07
862 4.2777811070e-01 1.2653351074e-07
863 4.3072289740e-01 1.0228658007e-07
864 4.2997068727e-01 1.2485699424e-07
865 4.3037049771e-01 1.2417977036e-07
866 4.3021299249e-01 1.1022897928e-07
867 4.3080828845e-01 1.9417931101e-07
868 4.3029612746e-01 1.7825137316e-07
869 4.2959183682e-01 1.3628245300e-07
870 4.2884804474e-01 1.1830765787e-07
871 4.2741935400e-01 9.8589852932e-08
872 4.2570882566e-01 1.0579525155e-07
873 4.2434891237e-01 9.9359015377e-08
874 4.2326610803e-01 1.8198816234e-07
875 4.2184873787e-01 2.7416705862e-07
876 4.1961655852e-01 2.0896391997e-07
877 4.1718845539e-01 1.2827459018e-07
878 4.1517377757e-01 1.1295878508e-07
879 4.1359669777e-01 1.0782878498e-07
880 4.1201796010e-01 2.1490991276e-07
881 4.1081490829e-01 2.1752702792e-07
882 4.1014865152e-01 1.3031502366e-07
883 4.0932377790e-01 1.1854949904e-07
884 4.0809563587e-01 1.3630572201e-07
885 4.0751504846e-01 1.2045700781e-07
886 4.0755409879e-01 1.4052356886e-07
887 4.0810443143e-01 1.2429049562e-07
888 4.0889047428e-01 1.1230516014e-07
889 4.0966506454e-01 1.1812970054e-07
890 4.1029139616e-01 1.3417687643e-07
891 4.1114194051e-01 1.1217286209e-07
892 4.1228455202e-01 8.9625247708e-08
893 4.1308607367e-01 9.6372649591e-08
894 4.1419030934e-01 1.2223366618e-07
895 4.1551623138e-01 8.9216732910e-08
896 4.1606575258e-01 1.1508273902e-07
897 4.1616911818e-01 8.9489803969e-08
898 4.1620889418e-01 9.6651023207e-08
899 4.1600669340e-01 1.9170227155e-07
900 4.1556237145e-01 2.5063542856e-07
901 4.1490739332e-01 1.3086924859e-07
902 4.1417495656e-01 1.5845848260e-07
903 4.1353858884e-01 1.4293089371e-07
904 4.1249402880e-01 9.5729428371e-08
905 4.1052222221e-01 9.2590313050e-08
906 4.0938012626e-01 1.1994412180e-07
907 4.0829943184e-01 8.6751623603e-08
908 4.0647188152e-01 1.1928077055e-07
909 4.0435243594e-01 1.1692346392e-07
910 4.0285255345e-01 2.1602212643e-07
911 4.0159622533e-01 1.7307186472e-07
912 4.0030527539e-01 1.1014037259e-07
913 3.9860312571e-01 1.1251608551e-07
914 3.9722107538e-01 1.3539800516e-07
915 3.9604515841e-01 1.2514504713e-07
916 3.9463389632e-01 2.4171244795e-07
917 3.9369050292e-01 2.2218316057e-07
918 3.9294299061e-01 1.0499897456e-07
919 3.9228028076e-01 1.4516688162e-07
920 3.9228817348e-01 1.1971933861e-07
921 3.9243033930e-01 1.5875620551e-07
922 3.9225869820e-01 1.0075533563e-07
923 3.9227641304e-01 1.7613524584e-07
924 3.9279835123e-01 1.5622669607e-07
925 3.9193871907e-01 2.7312549701e-07
926 3.9112516887e-01 1.5512798441e-07
927 3.9150513334e-01 1.8913295784e-07
928 3.9144719812e-01 1.8017294053e-07
929 3.9004138881e-01 2.3278066141e-07
930 3.8906744337e-01 1.7433651489e-07
931 3.8808931153e-01 2.4574777348e-07
932 3.8608916675e-01 1.3992812643e-07
933 3.8477230335e-01 1.6707134744e-07
934 3.8323600111e-01 1.4362148810e-07
935 3.8080313810e-01 1.6119511308e-07
936 3.7912313756e-01 1.1505928165e-07
937 3.7703947909e-01 1.1877608965e-07
938 3.7555291757e-01 1.0642073535e-07
939 3.7443906939e-01 1.8830756117e-07
940 3.7329372206e-01 1.9353127649e-07
941 3.7229722834e-01 1.3385072084e-07
942 3.7171613356e-01 1.4288451841e-07
943 3.7136312313e-01 1.0058743427e-07
944 3.7135471607e-01 1.0603794047e-07
945 3.7155520391e-01 1.0235224230e-07
946 3.7176106569e-01 1.6495376177e-07
947 3.7242034035e-01 1.3241676871e-07
948 3.7352368616e-01 1.1745028717e-07
949 3.7472454171e-01 1.0996455765e-07
950 3.7588651695e-01 1.5105740007e-07
951 3.7706908868e-01 1.0745479408e-07
952 3.7801836928e-01 1.6405907678e-07
953 3.7886893215e-01 9.8065547004e-08
954 3.7914487843e-01 1.4038125195e-07
955 3.7875923197e-01 1.0725949151e-07
956 3.7872888602e-01 1.4728149812e-07
957 3.7791777447e-01 9.6651164334e-08
958 3.7607113429e-01 1.9105190846e-07
959 3.7482942743e-01 1.7480516635e-07
960 3.7351489150e-01 1.1026195655e-07
961 3.7139450314e-01 1.7614117509e-07
962 3.6907836274e-01 2.0953321880e-07
963 3.6703247491e-01 1.5873322215e-07
964 3.6427871738e-01 1.5933976017e-07
965 3.6103536562e-01 1.5305066242e-07
966 3.5808068041e-01 1.3996802320e-07
967 3.5477154619e-01 3.3928939944e-07
968 3.5124625329e-01 2.4031953591e-07
969 3.4762738498e-01 1.7509550158e-07
970 3.4348588103e-01 2.2439368412e-07
971 3.3976561337e-01 1.5153946823e-07
972 3.3711170581e-01 1.4228262956e-07
973 3.3516498232e-01 2.4793561914e-07
974 3.3326435689e-01 1.9661216019e-07
975 3.3272847827e-01 3.6194933948e-07
976 3.3295638474e-01 2.4733838438e-07
977 3.3369376027e-01 1.8885426218e-07
978 3.3537275134e-01 2.1289674455e-07
979 3.3646767351e-01 3.2917029055e-07
980 3.3681117528e-01 2.6658129610e-07
981 3.3732793254e-01 1.9977622251e-07
982 3.3707392535e-01 2.0851323113e-07
983 3.3629820138e-01 1.9448385301e-07
984 3.3521102109e-01 2.4869293097e-07
985 3.3412500976e-01 2.6030404241e-07
986 3.3231048600e-01 1.9643554693e-07
987 3.3017387049e-01 1.4784406221e-07
988 3.2911485383e-01 1.4704291693e-07
989 3.2802931468e-01 1.5022212357e-07
990 3.2642289740e-01 1.4083087716e-07
991 3.2515186667e-01 1.3318284164e-07
992 3.2404907579e-01 1.2662073280e-07
993 3.2229978587e-01 1.3622225272e-07
994 3.2029415551e-01 1.3496725805e-07
995 3.1771694192e-01 1.3835860080e-07
996 3.1562985839e-01 1.3919790341e-07
997 3.1397789574e-01 1.2130216029e-07
998 3.1268531249e-01 1.1639479542e-07
999 3.1118939022e-01 1.5191415696e-07
1000 3.0993526845e-01 1.8137672038e-07
1001 3.0915060015e-01 1.6367581614e-07
1002 3.0851923614e-01 1.2105070272e-07
1003 3.0760177776e-01 1.2429636570e-07
1004 3.0729679557e-01 1.7985475446e-07
1005 3.0716380777e-01 1.1604315633e-07
1006 3.0651071467e-01 1.6920356080e-07
1007 3.0592943193e-01 9.9749885813e-08
1008 3.0535777803e-01 2.2735457785e-07
1009 3.0462922743e-01 1.9375852609e-07
1010 3.0373342551e-01 1.1145545271e-07
1011 3.0277827631e-01 1.1508754731e-07
1012 3.0210028844e-01 1.7156945369e-07
1013 3.0145058004e-01 1.2593883678e-07
1014 3.0065697198e-01 1.4778666675e-07
1015 2.9965116629e-01 1.3791996744e-07
1016 2.9880120633e-01 1.1121234318e-07
1017 2.9825344438e-01 1.1817189063e-07
1018 2.9757331986e-01 1.4268268467e-07
1019 2.9664910912e-01 1.6718767053e-07
1020 2.9607409129e-01 1.1300017234e-07
1021 2.9545995699e-01 1.1845818653e-07
1022 2.9432800034e-01 1.1758889354e-07
1023 2.9335328838e-01 1.0086528968e-07
1024 2.9256467951e-01 1.0797779767e-07
1025 2.9185642230e-01 1.1242492946e-07
1026 2.9123105318e-01 1.0754865859e-07
1027 2.9053660242e-01 1.6671461924e-07
1028 2.8956049310e-01 2.6126636034e-07
1029 2.8886047891e-01 1.3799000388e-07
1030 2.8826534441e-01 1.5953647340e-07
1031 2.8724310406e-01 1.8300001289e-07
1032 2.8619928027e-01 9.6734407766e-08
1033 2.8564530486e-01 1.3605858078e-07
1034 2.8529962883e-01 1.0356542587e-07
1035 2.8473386738e-01 9.7583003066e-08
1036 2.8423313521e-01 1.2846307837e-07
1037 2.8399131783e-01 1.4470168765e-07
1038 2.8361695346e-01 1.0235240036e-07
1039 2.8288817857e-01 1.4646769471e-07
1040 2.8270682550e-01 1.1210244682e-07
1041 2.8262857891e-01 1.1144633044e-07
1042 2.8231404253e-01 1.1618298686e-07
1043 2.8254083813e-01 1.2073095641e-07
1044 2.8264528581e-01 1.1954698719e-07
1045 2.8278648272e-01 1.5621877935e-07
1046 2.8330875010e-01 1.5174453512e-07
1047 2.8388264186e-01 1.2491499744e-07
1048 2.8357262836e-01 1.2452730779e-07
1049 2.8348899892e-01 1.7282228298e-07
1050 2.8358260881e-01 2.6367124994e-07
1051 2.8296484110e-01 1.4768284210e-07
1052 2.8194791995e-01 1.2244922007e-07
1053 2.8087182125e-01 1.3943684138e-07
1054 2.7987103156e-01 1.2148105834e-07
1055 2.7779719920e-01 1.4575478727e-07
1056 2.7558023622e-01 2.1546559031e-07
1057 2.7490308088e-01 2.2932151350e-07
1058 2.7338636771e-01 1.6755058188e-07
1059 2.7174064706e-01 1.3387146935e-07
1060 2.7124918169e-01 1.3091131783e-07
1061 2.6911270900e-01 1.1103036584e-07
1062 2.6931299718e-01 1.2632537054e-07
1063 2.6699775847e-01 1.8914155026e-07
1064 2.6581324062e-01 1.5853246125e-07
1065 2.6605818605e-01 1.8693653147e-07
1066 2.6241034522e-01 2.8849319663e-07
1067 2.6500686557e-01 1.5756131805e-07
1068 2.6217837075e-01 1.1745694902e-07
1069 2.6045983406e-01 2.0073856353e-07
1070 2.6325775238e-01 2.5486599008e-07
1071 2.5994407364e-01 1.3348838348e-07
1072 2.6163188881e-01 1.9294976268e-07
1073 2.5978587702e-01 1.0569295810e-07
1074 2.6089024946e-01 1.0742196932e-07
1075 2.6000409040e-01 2.4283580483e-07
1076 2.6029687604e-01 2.1836534879e-07
1077 2.6045467841e-01 1.2534986548e-07
1078 2.6035999452e-01 1.9571394327e-07
1079 2.6050356588e-01 1.1608281582e-07
1080 2.6027751257e-01 1.9855632871e-07
1081 2.6027866547e-01 1.3763862324e-07
1082 2.6037242138e-01 2.0430969023e-07
1083 2.5964315705e-01 1.3683791748e-07
1084 2.5931011673e-01 1.1635900886e-07
1085 2.5880678474e-01 1.1062874258e-07
1086 2.5828219305e-01 1.5810571764e-07
1087 2.5753060742e-01 1.0655270850e-07
1088 2.5708361176e-01 1.2613089593e-07
1089 2.5677383856e-01 1.2745155360e-07
1090 2.5628075714e-01 1.6404367360e-07
1091 2.5552484590e-01 1.0780537066e-07
1092 2.5480194450e-01 1.0887759868e-07
1093 2.5412560689e-01 1.2814522967e-07
1094 2.5333162401e-01 1.5219567761e-07
1095 2.5274083909e-01 1.0310506185e-07
1096 2.5231089846e-01 1.5123482676e-07
1097 2.5184656481e-01 1.6846390804e-07
1098 2.5191288406e-01 1.6162752683e-07
1099 2.5210890334e-01 1.7800308168e-07
1100 2.5236032225e-01 1.5492160709e-07
1101 2.5284941487e-01 8.7245961656e-08
1102 2.5325074640e-01 1.9177157170e-07
1103 2.5271191344e-01 1.7005240531e-07
1104 2.5259420900e-01 1.4813443918e-07
1105 2.5255097742e-01 1.3202684765e-07
1106 2.5199518962e-01 1.2754597302e-07
1107 2.5135082649e-01 1.9542822815e-07
1108 2.5085384893e-01 1.8771807707e-07
1109 2.5020309020e-01 1.4688936474e-07
1110 2.4910781174e-01 1.0444462894e-07
1111 2.4852835690e-01 9.2426959036e-08
1112 2.4817851875e-01 9.5892606365e-08
1113 2.4752211726e-01 1.0913955399e-07
1114 2.4690720022e-01 1.1594217447e-07
1115 2.4662066806e-01 1.0467210089e-07
1116 2.4606877680e-01 1.0738215272e-07
1117 2.4570782851e-01 9.3519033781e-08
1118 2.4534607792e-01 8.9984315298e-08
1119 2.4471579220e-01 9.9797470094e-08
1120 2.4436364350e-01 9.8900840134e-08
1121 2.4403910246e-01 8.9172484140e-08
1122 2.4400062894e-01 9.5973388037e-08
1123 2.4420206886e-01 1.2288231466e-07
1124 2.4440303290e-01 1.2512020889e-07
1125 2.4461716036e-01 8.5729496090e-08
1126 2.4486901920e-01 8.0824982030e-08
1127 2.4501166856e-01 9.1980119410e-08
1128 2.4505342917e-01 1.0946071639e-07
1129 2.4506485531e-01 1.9637775011e-07
1130 2.4471663731e-01 1.7976511407e-07
1131 2.4410527436e-01 9.0262879915e-08
1132 2.4369237969e-01 8.4551958719e-08
1133 2.4329379288e-01 1.0749021389e-07
1134 2.4245173753e-01 1.1863733257e-07
1135 2.4186181109e-01 1.3899858159e-07
1136 2.4159401045e-01 1.3575924345e-07
1137 2.4146817673e-01 1.0834014478e-07
1138 2.4134441421e-01 1.2759653584e-07
1139 2.4123131989e-01 9.9909027548e-08
1140 2.4115604035e-01 1.0006060653e-07
1141 2.4117810097e-01 8.6799782887e-08
1142 2.4121873459e-01 1.3133691564e-07
1143 2.4098724474e-01 9.0974806016e-08
1144 2.4077121169e-01 1.6438416899e-07
1145 2.4085723688e-01 1.6640294747e-07
1146 2.4039444340e-01 1.1227393116e-07
1147 2.4004074567e-01 1.2211363210e-07
1148 2.3978292817e-01 1.3111811191e-07
1149 2.3936062650e-01 9.7068976403e-08
1150 2.3893799780e-01 1.4747230820e-07
1151 2.3862266522e-01 1.2096258918e-07
1152 2.3832402472e-01 1.1262239047e-07
1153 2.3816129112e-01 1.5676588929e-07
1154 2.3817164611e-01 9.3298230295e-08
1155 2.3824091551e-01 1.1833163624e-07
1156 2.3836732021e-01 9.5775337430e-08
1157 2.3838426373e-01 1.0553336909e-07
1158 2.3820534416e-01 9.8915736839e-08
1159 2.3803689427e-01 1.0273755631e-07
1160 2.3785557440e-01 8.9522417471e-08
1161 2.3764875628e-01 1.0138640725e-07
1162 2.3760512326e-01 1.0820723669e-07
1163 2.3775081690e-01 1.2120505820e-07
1164 2.3789462569e-01 1.1642574633e-07
1165 2.3824512150e-01 1.2945177203e-07
1166 2.3859167485e-01 1.1398258617e-07
1167 2.3888932514e-01 7.8438183022e-08
1168 2.3916317714e-01 1.4452132035e-07
1169 2.3949077577e-01 1.7866123695e-07
1170 2.3941789139e-01 1.6803637053e-07
1171 2.3914372412e-01 1.8615299504e-07
1172 2.3859466778e-01 1.5677466313e-07
1173 2.3760324018e-01 1.2278753470e-07
1174 2.3657963913e-01 2.0355483323e-07
1175 2.3577444037e-01 1.6057693698e-07
1176 2.3494750267e-01 9.0910552576e-08
1177 2.3435714737e-01 9.5547814150e-08
1178 2.3399691221e-01 9.0328977674e-08
1179 2.3389961702e-01 1.0016083276e-07
1180 2.3418295931e-01 1.6213171075e-07
1181 2.3433346745e-01 1.9378964020e-07
1182 2.3421106810e-01 1.4696099596e-07
1183 2.3398189379e-01 8.7300691058e-08
1184 2.3357316304e-01 1.3001043627e-07
1185 2.3310912726e-01 1.1850724483e-07
1186 2.3294779150e-01 1.1504450141e-07
1187 2.3280396765e-01 1.4221911233e-07
1188 2.3271063953e-01 1.4921983175e-07
1189 2.3318683583e-01 8.4221633974e-08
1190 2.3375724816e-01 9.9028967321e-08
1191 2.3417459856e-01 1.1402055678e-07
1192 2.3494820014e-01 1.6050770417e-07
1193 2.3570981020e-01 8.0699598280e-08
1194 2.3618578548e-01 1.3876477741e-07
1195 2.3666692193e-01 1.3335897533e-07
1196 2.3706813245e-01 8.3942842184e-08
1197 2.3672997196e-01 8.2640467414e-08
1198 2.3655706222e-01 1.2483287037e-07
1199 2.3632956459e-01 9.1181419320e-08
1200 2.3567462365e-01 9.7005541468e-08
1201 2.3499131713e-01 9.3801323153e-08
1202 2.3454250726e-01 1.1632044572e-07
1203 2.3386256760e-01 1.1539546685e-07
1204 2.3335786501e-01 9.0564388887e-08
1205 2.3315724150e-01 1.1051915826e-07
1206 2.3304799124e-01 9.2573825923e-08
1207 2.3310201010e-01 1.2443816341e-07
1208 2.3323502823e-01 1.0900621549e-07
1209 2.3343419958e-01 1.5596000150e-07
1210 2.3364139360e-01 9.9336208373e-08
1211 2.3367022686e-01 5.8425873549e-08
1212 2.3368258411e-01 6.5394138278e-08
1213 2.3375002177e-01 7.7125649864e-08
1214 2.3380841782e-01 6.9266989856e-08
1215 2.3385726651e-01 6.1170788262e-08
1216 2.3400478632e-01 5.5726863722e-08
1217 2.3417086383e-01 7.0511459329e-08
1218 2.3416494761e-01 5.6465226763e-08
1219 2.3407546217e-01 7.6267914495e-08
1220 2.3393011178e-01 6.2888644110e-08
1221 2.3373296835e-01 6.1401760607e-08
1222 2.3350221443e-01 5.4085701112e-08
1223 2.3309841179e-01 7.8861689698e-08
1224 2.3264440521e-01 9.8563052502e-08
1225 2.3229615307e-01 7.8246942081e-08
1226 2.3192549459e-01 5.6768667244e-08
1227 2.3149971089e-01 6.1895299089e-08
1228 2.3117684826e-01 6.8152961431e-08
1229 2.3089576273e-01 5.4862693897e-08
1230 2.3062634095e-01 3.7880866950e-08
1231 2.3043699592e-01 4.1604138168e-08
1232 2.3028157689e-01 4.0225165722e-08
1233 2.3013769786e-01 4.1657162390e-08
1234 2.3008688501e-01 8.0125255492e-08
1235 2.3006139858e-01 7.1493820288e-08
1236 2.3005877947e-01 3.8603157376e-08
1237 2.3013831095e-01 7.0055039172e-08
1238 2.3020448881e-01 3.8923272939e-08
1239 2.3028812169e-01 6.1160082965e-08
1240 2.3045177433e-01 5.0849575570e-08
1241 2.3059511495e-01 4.4705716410e-08
1242 2.3074892519e-01 3.5548560715e-08
1243 2.3100384400e-01 7.8214641690e-08
1244 2.3121332793e-01 4.0228742888e-08
1245 2.3143050179e-01 4.0499635257e-08
1246 2.3179771421e-01 5.2181087692e-08
1247 2.3212312433e-01 5.2152850691e-08
1248 2.3238614819e-01 5.8282780133e-08
1249 2.3264326482e-01 6.2038212469e-08
1250 2.3286629812e-01 2.9450126196e-08
1251 2.3297094765e-01 3.5151975823e-08
1252 2.3305248221e-01 4.7546788832e-08
1253 2.3312338113e-01 5.4967720807e-08
1254 2.3313612007e-01 3.2565959681e-08
1255 2.3303968788e-01 3.1955304191e-08
1256 2.3291067140e-01 6.0290589933e-08
1257 2.3272153424e-01 5.0495395199e-08
1258 2.3247301757e-01 3.8092173004e-08
1259 2.3226085485e-01 6.2742330057e-08
1260 2.3204974348e-01 3.6740459683e-08
1261 2.3179732806e-01 5.1689096794e-08
1262 2.3167033832e-01 3.2529076888e-08
1263 2.3149903843e-01 4.9076081567e-08
1264 2.3138177750e-01 3.6983302781e-08
1265 2.3128073288e-01 3.4608628189e-08
1266 2.3109910465e-01 3.2537212679e-08
1267 2.3100446603e-01 4.9968411811e-08
1268 2.3090518363e-01 4.1007670885e-08
1269 2.3075487637e-01 3.9011978026e-08
1270 2.3069083252e-01 4.3148105992e-08
1271 2.3065420093e-01 4.0347537149e-08
1272 2.3055452782e-01 4.9615175607e-08
1273 2.3041944942e-01 3.2804759066e-08
1274 2.3030202492e-01 4.6435543725e-08
1275 2.3020568073e-01 3.9622783066e-08
1276 2.3003571454e-01 4.0443475341e-08
1277 2.2989050114e-01 3.5990989868e-08
1278 2.2976847716e-01 4.2451234335e-08
1279 2.2963151547e-01 3.4916907174e-08
1280 2.2951967379e-01 5.8579199661e-08
1281 2.2940431608e-01 6.9975901906e-08
1282 2.2928615631e-01 5.2391276970e-08
1283 2.2926309311e-01 4.2706805073e-08
1284 2.2922753921e-01 4.2196059179e-08
1285 2.2921074074e-01 5.0932960247e-08
1286 2.2922114049e-01 6.4940835737e-08
1287 2.2922081942e-01 7.5120821666e-08
1288 2.2925310496e-01 3.9787627783e-08
1289 2.2929570501e-01 5.2358127623e-08
1290 2.2932881704e-01 4.5517434783e-08
1291 2.2950959905e-01 4.2837957066e-08
1292 2.2959738565e-01 5.5119891573e-08
1293 2.2968816942e-01 5.6779437987e-08
1294 2.2986268746e-01 3.1291761520e-08
1295 2.2995572597e-01 3.8450389504e-08
1296 2.3030555231e-01 3.2685027863e-08
1297 2.3018271643e-01 3.0129162588e-08
1298 2.3078726604e-01 3.5102540065e-08
1299 2.3035580652e-01 3.3316379753e-08
1300 2.3053016964e-01 3.0559633736e-08
1301 2.3094067952e-01 3.7711988738e-08
1302 2.3041273631e-01 3.8390664052e-08
1303 2.3079516534e-01 3.4326724576e-08
1304 2.3125724617e-01 3.8386372870e-08
1305 2.3030440441e-01 4.1317266322e-08
1306 2.3132887836e-01 3.5600781794e-08
1307 2.3081257851e-01 2.8962632287e-08
1308 2.3069364642e-01 2.9807138186e-08
1309 2.3123909138e-01 2.9145620804e-08
1310 2.3073933655e-01 2.8722071220e-08
1311 2.3083986287e-01 3.3360704234e-08
1312 2.3084967052e-01 3.5974470599e-08
1313 2.3055409076e-01 2.7995763631e-08
1314 2.3068047855e-01 2.6341997133e-08
1315 2.3028877438e-01 2.5295302549e-08
1316 2.3025705593e-01 2.5696443584e-08
1317 2.2996473238e-01 2.3425006731e-08
1318 2.2972278877e-01 2.3514531648e-08
1319 2.2944069239e-01 2.5784608747e-08
1320 2.2922317207e-01 2.5093983886e-08
1321 2.2900004041e-01 2.7725550511e-08
1322 2.2877017968e-01 2.6734943615e-08
1323 2.2859231601e-01 2.5150882060e-08
1324 2.2843475593e-01 2.3587817476e-08
1325 2.2826791639e-01 2.5775142495e-08
1326 2.2813802367e-01 3.0696861886e-08
1327 2.2803729476e-01 3.7522233520e-08
1328 2.2797128698e-01 3.9915941098e-08
1329 2.2790835024e-01 2.9829740247e-08
1330 2.2786231465e-01 2.8765567513e-08
1331 2.2784873740e-01 2.9782455135e-08
1332 2.2786150727e-01 2.5386887824e-08
1333 2.2788474153e-01 2.6658470659e-08
1334 2.2792552401e-01 3.4899354749e-08
1335 2.2798622272e-01 3.0600538935e-08
1336 2.2806321912e-01 2.6284787102e-08
1337 2.2820960608e-01 3.0081373606e-08
1338 2.2834630336e-01 3.2018545865e-08
1339 2.2846420743e-01 2.8923407709e-08
1340 2.2862010953e-01 3.4099277258e-08
1341 2.2876123862e-01 2.8168675988e-08
1342 2.2890343445e-01 3.8568024029e-08
1343 2.2898536412e-01 2.4735911797e-08
1344 2.2907023817e-01 3.3216059023e-08
1345 2.2915415102e-01 2.6445025920e-08
1346 2.2917145223e-01 3.9823209148e-08
1347 2.2916186510e-01 3.1186021188e-08
1348 2.2914826729e-01 4.5143380981e-08
1349 2.2911027202e-01 2.9820770222e-08
1350 2.2903829543e-01 4.5207092572e-08
1351 2.2899955290e-01 2.5550070929e-08
1352 2.2899825929e-01 3.9597493762e-08
1353 2.2895975946e-01 3.0917878927e-08
1354 2.2882344647e-01 2.7375204575e-08
1355 2.2871019751e-01 3.2116737714e-08
1356 2.2863442074e-01 3.5822855050e-08
1357 2.2852944646e-01 2.6734554007e-08
1358 2.2841066758e-01 3.6019783491e-08
1359 2.2829338405e-01 2.9275699909e-08
1360 2.2817191490e-01 3.8962469234e-08
1361 2.2806049963e-01 3.7247715981e-08
1362 2.2795816186e-01 7.3444743197e-08
1363 2.2785200098e-01 3.2378515989e-08
1364 2.2777693549e-01 2.6110570653e-08
1365 2.2770834871e-01 2.3727989376e-08
1366 2.2761484573e-01 3.0581061607e-08
1367 2.2750651467e-01 3.1121576725e-08
1368 2.2736121876e-01 4.4855770162e-08
1369 2.2720639319e-01 2.5289766990e-08
1370 2.2705243196e-01 3.4480951652e-08
1371 2.2690692762e-01 2.8489838958e-08
1372 2.2678687574e-01 4.4960433472e-08
1373 2.2670269374e-01 3.1026311704e-08
1374 2.2663024075e-01 5.6501383083e-08
1375 2.2656307620e-01 4.8376665130e-08
1376 2.2649536949e-01 2.9264653553e-08
1377 2.2643783594e-01 3.5060146544e-08
1378 2.2641717666e-01 2.9471218719e-08
1379 2.2635786872e-01 2.5075446765e-08
1380 2.2629166535e-01 2.6911044015e-08
1381 2.2626383071e-01 3.7715807486e-08
1382 2.2626574397e-01 2.7807479053e-08
1383 2.2624797197e-01 2.2408202860e-08
1384 2.2623809988e-01 2.5956919800e-08
1385 2.2627057053e-01 2.9415702316e-08
1386 2.2628104265e-01 2.1851190547e-08
1387 2.2629029820e-01 4.2936218651e-08
1388 2.2632437262e-01 4.7771284330e-08
1389 2.2636353553e-01 2.7587011694e-08
1390 2.2640457823e-01 2.8978881083e-08
1391 2.2642114048e-01 2.7282956027e-08
1392 2.2641055646e-01 2.2666417188e-08
1393 2.2643443610e-01 2.7096230540e-08
1394 2.2646555955e-01 3.3117341829e-08
1395 2.2648879849e-01 2.9629419950e-08
1396 2.2649690922e-01 2.3455961297e-08
1397 2.2653142542e-01 2.4943121465e-08
1398 2.2662002374e-01 3.5009428662e-08
1399 2.2668136337e-01 4.1246917560e-08
1400 2.2671612706e-01 3.7356428111e-08
1401 2.2677014144e-01 2.5222164074e-08
1402 2.2673553221e-01 2.9698852817e-08
1403 2.2664976658e-01 3.4258964523e-08
1404 2.2659240459e-01 2.3590268263e-08
1405 2.2651868684e-01 2.2031472941e-08
1406 2.2637136876e-01 2.0309595628e-08
1407 2.2620208055e-01 2.8268111909e-08
1408 2.2604466273e-01 2.3677639651e-08
1409 2.2590138108e-01 2.6360862849e-08
1410 2.2574572588e-01 3.9094090366e-08
1411 2.2556629929e-01 2.8836967177e-08
1412 2.2537867164e-01 2.1593705928e-08
1413 2.2520388607e-01 2.2133000492e-08
1414 2.2506101112e-01 2.3317475930e-08
1415 2.2489988877e-01 2.7540265622e-08
1416 2.2471783924e-01 2.3776081251e-08
1417 2.2455512592e-01 3.6768037974e-08
1418 2.2440089364e-01 3.0731019960e-08
1419 2.2426683473e-01 2.7262722286e-08
1420 2.2416123626e-01 2.2615099890e-08
1421 2.2409068819e-01 2.7154966570e-08
1422 2.2404254958e-01 3.6177082336e-08
1423 2.2401922605e-01 2.6238529599e-08
1424 2.2399889575e-01 2.3941706247e-08
1425 2.2398880135e-01 2.4214802956e-08
1426 2.2399447153e-01 2.2516257654e-08
1427 2.2398388212e-01 2.6427062334e-08
1428 2.2398043867e-01 2.7228870299e-08
1429 2.2399062715e-01 2.6034536368e-08
1430 2.2400564971e-01 2.4478732595e-08
1431 2.2400524779e-01 2.2686990407e-08
1432 2.2402089272e-01 2.4319003349e-08
1433 2.2408103649e-01 3.8267884612e-08
1434 2.2414692592e-01 3.9312083090e-08
1435 2.2423819301e-01 2.8902848762e-08
1436 2.2432316044e-01 2.6426141349e-08
1437 2.2439012739e-01 2.6275236817e-08
1438 2.2445159291e-01 3.7052108818e-08
1439 2.2448965535e-01 4.3951836674e-08
1440 2.2451797191e-01 3.2230568968e-08
1441 2.2454743243e-01 2.2642867259e-08
1442 2.2453937295e-01 2.1552413805e-08
1443 2.2452509333e-01 2.3341421885e-08
1444 2.2451449489e-01 2.5828798998e-08
1445 2.2442991490e-01 3.3141781263e-08
1446 2.2431359720e-01 3.1597411775e-08
1447 2.2418465767e-01 2.4444318808e-08
1448 2.2407560380e-01 3.4447119728e-08
1449 2.2395840494e-01 4.4716786100e-08
1450 2.2377269039e-01 3.8804771387e-08
1451 2.2358790102e-01 3.3523037962e-08
1452 2.2343139571e-01 2.4530062955e-08
1453 2.2330214626e-01 3.8841433145e-08
1454 2.2319142340e-01 4.0052484082e-08
1455 2.2309546773e-01 3.3187298998e-08
1456 2.2301815709e-01 3.3272608559e-08
1457 2.2291400690e-01 2.4150406770e-08
1458 2.2283721210e-01 2.4654465347e-08
1459 2.2278894426e-01 2.6831148397e-08
1460 2.2273090290e-01 2.3978397898e-08
1461 2.2265148875e-01 2.1582357376e-08
1462 2.2257356255e-01 2.1779865900e-08
1463 2.2251037371e-01 2.2473225247e-08
1464 2.2242967991e-01 2.3448607510e-08
1465 2.2233387966e-01 2.5278207672e-08
1466 2.2223995570e-01 2.8760307019e-08
1467 2.2215238658e-01 3.0077282069e-08
1468 2.2205930019e-01 2.6173880141e-08
1469 2.2196878674e-01 2.2436187181e-08
1470 2.2187988391e-01 2.4679480654e-08
1471 2.2177373178e-01 2.1047811894e-08
1472 2.2165560491e-01 2.3713598867e-08
1473 2.2153963737e-01 2.4049489736e-08
1474 2.2141495798e-01 2.8669656668e-08
1475 2.2128562331e-01 2.6499241682e-08
1476 2.2116044613e-01 4.6016353875e-08
1477 2.2104816231e-01 3.3940602591e-08
1478 2.2095510341e-01 2.5408192261e-08
1479 2.2088803145e-01 2.5602428305e-08
1480 2.2082530357e-01 2.5880775343e-08
1481 2.2077456637e-01 3.0925954300e-08
1482 2.2072663187e-01 2.5736270786e-08
1483 2.2067820187e-01 3.9427859557e-08
1484 2.2062154202e-01 5.1995292945e-08
1485 2.2056331329e-01 4.2670503962e-08
1486 2.2052993296e-01 3.1776080818e-08
1487 2.2051966956e-01 2.7501483787e-08
1488 2.2049241892e-01 3.1465736605e-08
1489 2.2047972473e-01 3.5987979186e-08
1490 2.2050005619e-01 3.3289726725e-08
1491 2.2050975391e-01 2.5669178560e-08
1492 2.2053967863e-01 2.6873531210e-08
1493 2.2053762680e-01 2.7862761035e-08
1494 2.2055220787e-01 2.9408393125e-08
1495 2.2060617917e-01 3.4497081502e-08
1496 2.2062866585e-01 3.1947861791e-08
1497 2.2057597906e-01 3.3330540510e-08
1498 2.2053550707e-01 3.7938219310e-08
1499 2.2049726319e-01 3.0290052171e-08
1500 2.2036414292e-01 2.7487838727e-08
1501 2.2022978184e-01 3.5877682628e-08
1502 2.2014062520e-01 3.9412783329e-08
1503 2.1990358953e-01 3.2619364910e-08
1504 2.1967721472e-01 2.6488111393e-08
1505 2.1953258361e-01 2.8641456679e-08
1506 2.1938432668e-01 2.6118776878e-08
1507 2.1918925150e-01 2.5121049204e-08
1508 2.1906094582e-01 3.1813594514e-08
1509 2.1897031547e-01 4.5747021763e-08
1510 2.1885538809e-01 2.4019574064e-08
1511 2.1878293968e-01 3.5448208978e-08
1512 2.1877344380e-01 3.3110555475e-08
1513 2.1876340009e-01 2.6101598056e-08
1514 2.1872990498e-01 3.4623467047e-08
1515 2.1873070453e-01 4.4681276111e-08
1516 2.1871411286e-01 2.8590869376e-08
1517 2.1866957514e-01 3.9605045482e-08
1518 2.1862605779e-01 4.4913371521e-08
1519 2.1858277586e-01 3.1588895627e-08
1520 2.1853584223e-01 2.5408173864e-08
1521 2.1847339577e-01 3.4473252810e-08
1522 2.1843901413e-01 2.8739722511e-08
1523 2.1845299107e-01 2.8281236479e-08
1524 2.1844149985e-01 3.1090047483e-08
1525 2.1839959340e-01 2.5103221845e-08
1526 2.1839826107e-01 2.8415266337e-08
1527 2.1838775405e-01 2.7413306227e-08
1528 2.1830429685e-01 2.8779366033e-08
1529 2.1821504726e-01 2.6307240906e-08
1530 2.1815999323e-01 3.0839172331e-08
1531 2.1806232980e-01 3.0102309610e-08
1532 2.1786125754e-01 2.7578010949e-08
1533 2.1775072864e-01 3.3441215412e-08
1534 2.1764101220e-01 3.1576545525e-08
1535 2.1748593127e-01 2.6445211955e-08
1536 2.1739480784e-01 2.8983269778e-08
1537 2.1728945985e-01 3.4706211352e-08
1538 2.1725359942e-01 2.8286514893e-08
1539 2.1719565394e-01 3.4072767854e-08
1540 2.1714027726e-01 3.1342366092e-08
1541 2.1711463032e-01 2.2699009556e-08
1542 2.1707122863e-01 2.7514521559e-08
1543 2.1703930518e-01 3.0673703307e-08
1544 2.1699314182e-01 2.7347986029e-08
1545 2.1693853798e-01 2.7245992185e-08
1546 2.1690670856e-01 3.1060901016e-08
1547 2.1684925587e-01 2.2068918085e-08
1548 2.1678435381e-01 3.3840910191e-08
1549 2.1675085444e-01 2.8623647535e-08
1550 2.1662639920e-01 2.0443533106e-08
1551 2.1671880235e-01 2.5093402110e-08
1552 2.1659159292e-01 3.6271209418e-08
1553 2.1658354914e-01 3.4680766963e-08
1554 2.1670891815e-01 1.9530729870e-08
1555 2.1655259354e-01 1.8844949079e-08
1556 2.1676547881e-01 2.4450956793e-08
1557 2.1664177112e-01 2.5393313893e-08
1558 2.1670323857e-01 1.8964110185e-08
1559 2.1676211480e-01 2.7719411825e-08
1560 2.1671724477e-01 2.8288960934e-08
1561 2.1675182296e-01 2.9233652330e-08
1562 2.1676453479e-01 3.6650029276e-08
1563 2.1682267987e-01 2.1746258203e-08
1564 2.1684707405e-01 3.0006925177e-08
1565 2.1688127458e-01 3.2096692986e-08
1566 2.1692090233e-01 2.0083309400e-08
1567 2.1696854252e-01 2.6153306906e-08
1568 2.1697612737e-01 1.7556611490e-08
1569 2.1699779909e-01 2.0110463268e-08
1570 2.1702192561e-01 2.5212607086e-08
1571 2.1702068711e-01 4.0784890395e-08
1572 2.1699287847e-01 3.8225783097e-08
1573 2.1696801024e-01 2.8313256799e-08
1574 2.1698230789e-01 2.4228783686e-08
1575 2.1700028655e-01 1.8819037437e-08
1576 2.1695972990e-01 3.9606725520e-08
1577 2.1690847275e-01 5.0100070490e-08
1578 2.1686214689e-01 2.7809623138e-08
1579 2.1679718665e-01 1.8137842035e-08
1580 2.1668472331e-01 1.7104750790e-08
1581 2.1658501707e-01 3.4696552612e-08
1582 2.1645154962e-01 2.1562613505e-08
1583 2.1634118518e-01 2.5678704915e-08
1584 2.1625083519e-01 2.2664408013e-08
1585 2.1616518955e-01 2.0721071753e-08
1586 2.1610972703e-01 2.6429598661e-08
1587 2.1605871657e-01 2.1856205416e-08
1588 2.1599242868e-01 2.3888111044e-08
1589 2.1593254931e-01 3.4750801293e-08
1590 2.1587723424e-01 2.0097336008e-08
1591 2.1581013994e-01 2.1412828586e-08
1592 2.1575575390e-01 1.8183038493e-08
1593 2.1571248233e-01 2.0238728669e-08
1594 2.1568174211e-01 1.7127834063e-08
1595 2.1568354490e-01 3.3300863520e-08
1596 2.1570696446e-01 3.9321279572e-08
1597 2.1568586729e-01 2.5587238467e-08
1598 2.1568138236e-01 1.7875141980e-08
1599 2.1569574663e-01 1.9435639444e-08
1600 2.1571007402e-01 2.0918378347e-08
1601 2.1572894546e-01 2.2479706739e-08
1602 2.1578995389e-01 2.5792342538e-08
1603 2.1589835679e-01 2.6582907397e-08
1604 2.1603185765e-01 2.6260386376e-08
1605 2.1616615964e-01 2.3073135024e-08
1606 2.1632477783e-01 2.1539200009e-08
1607 2.1648518397e-01 2.1457892256e-08
1608 2.1663012624e-01 1.9557254444e-08
1609 2.1673916360e-01 1.8073214839e-08
1610 2.1680047368e-01 1.9868884716e-08
1611 2.1683088684e-01 2.5319096255e-08
1612 2.1683139233e-01 3.1436828133e-08
1613 2.1680548690e-01 3.3399252547e-08
1614 2.1675449459e-01 3.2390311625e-08
1615 2.1669190229e-01 2.8731990023e-08
1616 2.1662950975e-01 2.3288592175e-08
1617 2.1656117655e-01 2.0095899634e-08
1618 2.1646436299e-01 2.1528972043e-08
1619 2.1637778553e-01 2.8687197821e-08
1620 2.1632490730e-01 3.1492735247e-08
1621 2.1626140514e-01 2.6495449590e-08
1622 2.1617392700e-01 1.8082046614e-08
1623 2.1612721461e-01 1.9279541435e-08
1624 2.1605538011e-01 2.1220199562e-08
1625 2.1594829232e-01 2.2740155773e-08
1626 2.1584109543e-01 2.7272623162e-08
1627 2.1576705049e-01 3.1529987928e-08
1628 2.1572777374e-01 2.5134142371e-08
1629 2.1570026486e-01 1.9265937150e-08
1630 2.1569062499e-01 3.0810500716e-08
1631 2.1569727875e-01 3.2960691457e-08
1632 2.1572440599e-01 2.3988744491e-08
1633 2.1577896487e-01 1.6136143944e-08
1634 2.1579065288e-01 1.6935712123e-08
1635 2.1575908447e-01 2.0631781688e-08
1636 2.1572100640e-01 2.7100816383e-08
1637 2.1567145429e-01 2.4097571698e-08
1638 2.1556513375e-01 1.6491101690e-08
1639 2.1543198927e-01 2.2918937885e-08
1640 2.1533581274e-01 1.9097162299e-08
1641 2.1521995235e-01 1.7869941379e-08
1642 2.1513444577e-01 3.1189114902e-08
1643 2.1505365282e-01 2.9173833510e-08
1644 2.1494760203e-01 1.9296132897e-08
1645 2.1488731533e-01 2.0713673936e-08
1646 2.1481809198e-01 2.3789895957e-08
1647 2.1477882669e-01 1.9813336040e-08
1648 2.1481403366e-01 2.1730152688e-08
1649 2.1488189873e-01 2.9424656762e-08
1650 2.1493944521e-01 2.0456909168e-08
1651 2.1501042779e-01 1.9026187042e-08
1652 2.1513321280e-01 2.2814570210e-08
1653 2.1526868006e-01 2.4886373839e-08
1654 2.1538772628e-01 4.1442798058e-08
1655 2.1551613147e-01 6.4469956143e-08
1656 2.1565487352e-01 3.2071917184e-08
1657 2.1576848700e-01 2.9581232644e-08
1658 2.1585983123e-01 2.0837399588e-08
1659 2.1596051622e-01 1.6994483541e-08
1660 2.1608810689e-01 2.8206133367e-08
1661 2.1621502279e-01 4.2054395937e-08
1662 2.1635391061e-01 2.9879772505e-08
1663 2.1646640142e-01 2.0038936763e-08
1664 2.1653072886e-01 2.3675217910e-08
1665 2.1658350602e-01 1.6895844038e-08
1666 2.1661655035e-01 1.9388341992e-08
1667 2.1660799032e-01 2.5765052305e-08
1668 2.1652483343e-01 2.7525489384e-08
1669 2.1644135662e-01 1.9555973097e-08
1670 2.1633068931e-01 3.6475994062e-08
1671 2.1615419187e-01 2.2721356395e-08
1672 2.1599273661e-01 1.8605942617e-08
1673 2.1586296504e-01 1.9436703960e-08
1674 2.1566852378e-01 1.7448026456e-08
1675 2.1548825810e-01 3.1040804817e-08
1676 2.1532433973e-01 4.7594125867e-08
1677 2.1519131777e-01 3.0400803631e-08
1678 2.1503914365e-01 1.7929544785e-08
1679 2.1486268343e-01 1.7347910523e-08
1680 2.1472978989e-01 1.5451062335e-08
1681 2.1464912989e-01 1.6525112768e-08
1682 2.1456696660e-01 3.1034702883e-08
1683 2.1445899894e-01 2.7357818669e-08
1684 2.1440508667e-01 1.8577485303e-08
1685 2.1435262242e-01 2.5489407371e-08
1686 2.1427149331e-01 1.9335898797e-08
1687 2.1421445741e-01 1.9874217283e-08
1688 2.1418490219e-01 3.1005017594e-08
1689 2.1417465532e-01 1.9985317963e-08
1690 2.1421114480e-01 2.2723598127e-08
1691 2.1428616373e-01 2.7692095785e-08
1692 2.1435842266e-01 1.6741620287e-08
1693 2.1442868266e-01 1.5195516303e-08
1694 2.1451958710e-01 1.8248846251e-08
1695 2.1460559685e-01 1.7729663365e-08
1696 2.1467923013e-01 1.7549723892e-08
1697 2.1476737541e-01 1.6880571041e-08
1698 2.1487191257e-01 1.3287789735e-08
1699 2.1495339030e-01 1.3242439789e-08
1700 2.1500208413e-01 2.4243636951e-08
1701 2.1509251383e-01 2.7488758664e-08
1702 2.1521152369e-01 1.6887834577e-08
1703 2.1530884495e-01 1.5086542790e-08
1704 2.1540768702e-01 1.5729757002e-08
1705 2.1550794657e-01 1.4156668913e-08
1706 2.1557648240e-01 1.8358353608e-08
1707 2.1560454589e-01 2.2815723083e-08
1708 2.1561758927e-01 1.9176443853e-08
1709 2.1565179809e-01 1.2916893588e-08
1710 2.1569057252e-01 1.6953484932e-08
1711 2.1570186413e-01 1.9445500367e-08
1712 2.1570642896e-01 1.5169328873e-08
1713 2.1572729190e-01 1.2718523206e-08
1714 2.1573183840e-01 1.2990578885e-08
1715 2.1572563390e-01 1.5785276397e-08
1716 2.1572394937e-01 1.5647418166e-08
1717 2.1571378927e-01 2.1208180338e-08
1718 2.1568180006e-01 2.2975013230e-08
1719 2.1562405621e-01 1.3865973869e-08
1720 2.1555491785e-01 1.0715415727e-08
1721 2.1549871694e-01 1.1337089758e-08
1722 2.1547101407e-01 1.1959471397e-08
1723 2.1543353032e-01 1.3061309528e-08
1724 2.1537119821e-01 1.3124817930e-08
1725 2.1529389533e-01 1.0657368119e-08
1726 2.1521301270e-01 1.1019895367e-08
1727 2.1511173315e-01 1.2024320241e-08
1728 2.1498140761e-01 1.3814513279e-08
1729 2.1483326882e-01 1.5180240461e-08
1730 2.1471101041e-01 1.2439081614e-08
1731 2.1459552093e-01 1.1363315341e-08
1732 2.1449171931e-01 1.4051498629e-08
1733 2.1437365811e-01 1.9334550765e-08
1734 2.1423254907e-01 2.1286067618e-08
1735 2.1407896890e-01 1.6469278800e-08
1736 2.1396354433e-01 1.2090255335e-08
1737 2.1389475413e-01 1.2059458547e-08
1738 2.1388413890e-01 1.2005301288e-08
1739 2.1385871754e-01 1.2934887395e-08
1740 2.1381377978e-01 1.7628067364e-08
1741 2.1384477785e-01 1.8881409794e-08
1742 2.1392654664e-01 1.5090958940e-08
1743 2.1397221170e-01 1.4727922646e-08
1744 2.1404840400e-01 1.6708524447e-08
1745 2.1417385702e-01 1.7675787305e-08
1746 2.1425588752e-01 1.7401588171e-08
1747 2.1436876588e-01 1.5522293749e-08
1748 2.1449524127e-01 1.5976705123e-08
1749 2.1464677598e-01 2.2727082108e-08
1750 2.1481121728e-01 2.1993534296e-08
1751 2.1501511975e-01 1.6585653597e-08
1752 2.1521093389e-01 1.6780326248e-08
1753 2.1532820319e-01 1.6739110596e-08
1754 2.1548076908e-01 1.7151426846e-08
1755 2.1562687614e-01 2.1946729733e-08
1756 2.1561265634e-01 2.5222741142e-08
1757 2.1576674288e-01 1.6688887825e-08
1758 2.1570260839e-01 1.7548050528e-08
1759 2.1585176234e-01 1.9505678440e-08
1760 2.1586981295e-01 1.9271611022e-08
1761 2.1567845928e-01 1.9176789112e-08
1762 2.1580543109e-01 1.7405246511e-08
1763 2.1553164494e-01 1.6190214149e-08
1764 2.1540187751e-01 1.6837848091e-08
1765 2.1543219511e-01 1.5761825461e-08
1766 2.1512216509e-01 1.5934059916e-08
1767 2.1503474156e-01 2.0940067493e-08
1768 2.1498104742e-01 2.0075834646e-08
1769 2.1450240246e-01 1.8848559765e-08
1770 2.1491216989e-01 2.0699268574e-08
1771 2.1387426904e-01 1.9738681334e-08
1772 2.1434686909e-01 2.2160810578e-08
1773 2.1345758159e-01 2.6609792767e-08
1774 2.1337883945e-01 2.1856657700e-08
1775 2.1318444054e-01 2.1603174794e-08
1776 2.1265443128e-01 1.9883564432e-08
1777 2.1275510644e-01 2.3940035892e-08
1778 2.1239577015e-01 3.0506462969e-08
1779 2.1234131870e-01 3.1260451771e-08
1780 2.1256219391e-01 3.9912941537e-08
1781 2.1212591669e-01 3.1080040104e-08
1782 2.1246648792e-01 2.5965018622e-08
1783 2.1241148483e-01 2.6390225249e-08
1784 2.1209165500e-01 3.4887930262e-08
1785 2.1247374080e-01 2.7705496989e-08
1786 2.1221987114e-01 3.7003043251e-08
1787 2.1243038804e-01 2.5872560519e-08
1788 2.1236901988e-01 2.7213266011e-08
1789 2.1256717236e-01 2.5678098106e-08
1790 2.1272965391e-01 3.1435874455e-08
1791 2.1286253473e-01 4.0241475398e-08
1792 2.1291536160e-01 3.4497866080e-08
1793 2.1298951657e-01 2.4034494367e-08
1794 2.1306763275e-01 2.5193792335e-08
1795 2.1304486786e-01 2.5358881570e-08
1796 2.1312648613e-01 2.9896006069e-08
1797 2.1296037493e-01 3.6685300293e-08
1798 2.1287551501e-01 2.9334822760e-08
1799 2.1298834842e-01 4.4908444799e-08
1800 2.1295027744e-01 4.8563816657e-08
1801 2.1291025962e-01 3.4175137835e-08
1802 2.1299374786e-01 2.9093474871e-08
1803 2.1309910856e-01 3.4706032023e-08
1804 2.1319554364e-01 3.4086557293e-08
1805 2.1332728296e-01 3.1889049169e-08
1806 2.1356051746e-01 3.4265637919e-08
1807 2.1386082028e-01 3.5783129335e-08
1808 2.1415491009e-01 2.9798306936e-08
1809 2.1442205722e-01 2.8172539318e-08
1810 2.1469563007e-01 2.9115944518e-08
1811 2.1499507194e-01 2.9801007558e-08
1812 2.1519354499e-01 4.1790117291e-08
1813 2.1517557862e-01 5.0269547146e-08
1814 2.1521020260e-01 3.4364278981e-08
1815 2.1533227561e-01 3.5250536974e-08
1816 2.1527217137e-01 3.8886585755e-08
1817 2.1523047655e-01 4.3931794089e-08
1818 2.1513602675e-01 3.8379265764e-08
1819 2.1500383320e-01 2.9757726099e-08
1820 2.1478316395e-01 2.6949686453e-08
1821 2.1435227726e-01 2.6653470117e-08
1822 2.1378557710e-01 4.3569826500e-08
1823 2.1320255998e-01 5.2859783265e-08
1824 2.1257058967e-01 4.5482131409e-08
1825 2.1184976064e-01 3.0248465588e-08
1826 2.1114559870e-01 2.6503342775e-08
1827 2.1052557518e-01 2.7699348489e-08
1828 2.1003428128e-01 2.6691362099e-08
1829 2.0959673868e-01 2.5031330979e-08
1830 2.0913020465e-01 3.7702182757e-08
1831 2.0865879016e-01 3.8840382984e-08
1832 2.0837890666e-01 2.5724458788e-08
1833 2.0818597364e-01 4.5195977942e-08
1834 2.0802107006e-01 4.7450949150e-08
1835 2.0810754430e-01 3.0091052027e-08
1836 2.0839446044e-01 3.2235511540e-08
1837 2.0862666503e-01 3.1916870838e-08
1838 2.0888390217e-01 2.9067995918e-08
1839 2.0937767465e-01 2.9500130848e-08
1840 2.1002234143e-01 2.8756580615e-08
1841 2.1052395342e-01 3.2559330746e-08
1842 2.1101248181e-01 3.3428682180e-08
1843 2.1158288605e-01 2.6400375600e-08
1844 2.1207201849e-01 2.4281417092e-08
1845 2.1244310301e-01 2.4632327416e-08
1846 2.1279561442e-01 2.4224354265e-08
1847 2.1313082371e-01 2.0513667041e-08
1848 2.1342484840e-01 1.7754631256e-08
1849 2.1367447707e-01 1.8793817686e-08
1850 2.1388842150e-01 2.3858052628e-08
1851 2.1384925735e-01 2.2947868174e-08
1852 2.1363459955e-01 1.8245189789e-08
1853 2.1341750008e-01 2.8664574715e-08
1854 2.1323354970e-01 1.9990304439e-08
1855 2.1318558026e-01 2.0298897107e-08
1856 2.1320321594e-01 1.8032795428e-08
1857 2.1307078055e-01 1.7140580818e-08
1858 2.1284908154e-01 1.9601042058e-08
1859 2.1278615155e-01 2.2782547877e-08
1860 2.1275123678e-01 1.6773736497e-08
1861 2.1260225854e-01 3.1843008944e-08
1862 2.1242220317e-01 3.1315567346e-08
1863 2.1229679127e-01 2.6461998243e-08
1864 2.1217811761e-01 2.8515320315e-08
1865 2.1202728530e-01 2.9113671418e-08
1866 2.1191353465e-01 1.8513832316e-08
1867 2.1185841823e-01 2.6434517322e-08
1868 2.1177523272e-01 3.3582344681e-08
1869 2.1165828835e-01 2.7405346563e-08
1870 2.1151300896e-01 1.9732587639e-08
1871 2.1135234620e-01 2.2212159634e-08
1872 2.1115859868e-01 1.8954011522e-08
1873 2.1095225979e-01 1.7815866777e-08
1874 2.1078385326e-01 1.8860510554e-08
1875 2.1066629886e-01 1.6923485963e-08
1876 2.1061933150e-01 2.5254010280e-08
1877 2.1058908932e-01 2.2962990979e-08
1878 2.1055313019e-01 1.4529387218e-08
1879 2.1051648291e-01 1.8250203617e-08
1880 2.1049144340e-01 2.0041378599e-08
1881 2.1049259761e-01 2.3327741998e-08
1882 2.1052853053e-01 1.5192992929e-08
1883 2.1057275061e-01 1.6685671682e-08
1884 2.1058406309e-01 1.3944535765e-08
1885 2.1064800344e-01 1.1767596146e-08
1886 2.1075453852e-01 1.3762778874e-08
1887 2.1089911685e-01 1.2682822438e-08
1888 2.1110622159e-01 1.5561814684e-08
1889 2.1133189196e-01 1.4256498526e-08
1890 2.1143296520e-01 1.6699597950e-08
1891 2.1142154586e-01 2.1812249112e-08
1892 2.1140053721e-01 1.7813619479e-08
1893 2.1141518410e-01 1.5459710774e-08
1894 2.1141176734e-01 1.5991661204e-08
1895 2.1141861148e-01 1.1941274060e-08
1896 2.1152813088e-01 2.2113715854e-08
1897 2.1167466447e-01 2.4187528990e-08
1898 2.1179907058e-01 1.4518302755e-08
1899 2.1190566799e-01 1.2337587577e-08
1900 2.1201285202e-01 1.9978775901e-08
1901 2.1209234437e-01 1.9845284168e-08
1902 2.1215090326e-01 1.6185931208e-08
1903 2.1220463791e-01 3.2153681734e-08
1904 2.1223080090e-01 1.8956038434e-08
1905 2.1222232748e-01 1.3415640982e-08
1906 2.1220942384e-01 1.5776164888e-08
1907 2.1220764023e-01 1.4471823615e-08
1908 2.1223105075e-01 1.7503180898e-08
1909 2.1226168725e-01 1.9554914189e-08
1910 2.1222838075e-01 1.4083909506e-08
1911 2.1209773988e-01 2.3766957299e-08
1912 2.1191241338e-01 2.4512380042e-08
1913 2.1173998868e-01 1.5842962376e-08
1914 2.1157504169e-01 1.4632555096e-08
1915 2.1136677735e-01 1.8323226222e-08
1916 2.1109381129e-01 1.5680978384e-08
1917 2.1083961465e-01 1.5399887423e-08
1918 2.1058426504e-01 2.4152132378e-08
1919 2.1024719452e-01 2.3696856220e-08
1920 2.0985078559e-01 1.5504217709e-08
1921 2.0949263544e-01 1.5959123611e-08
1922 2.0913764852e-01 2.3226106241e-08
1923 2.0882376694e-01 1.9650278831e-08
1924 2.0858086104e-01 1.2589637715e-08
1925 2.0842105201e-01 1.6539668833e-08
1926 2.0835322319e-01 1.7703942968e-08
1927 2.0833049282e-01 1.7127023315e-08
1928 2.0836407989e-01 1.7375274111e-08
1929 2.0846216458e-01 1.2172293888e-08
1930 2.0859008750e-01 1.4398791745e-08
1931 2.0874979056e-01 1.9571336252e-08
1932 2.0890735624e-01 2.4396136149e-08
1933 2.0906523088e-01 1.7128542657e-08
1934 2.0921510037e-01 1.6487997841e-08
1935 2.0932997068e-01 1.4041248661e-08
1936 2.0945312151e-01 2.7317421363e-08
1937 2.0962027753e-01 1.9196731988e-08
1938 2.0976655292e-01 2.9224526831e-08
1939 2.0984436175e-01 2.5495054350e-08
1940 2.0988759423e-01 1.8520946835e-08
1941 2.0997298926e-01 1.2577110096e-08
1942 2.1005629012e-01 1.9886515870e-08
1943 2.1010395523e-01 1.7748114325e-08
1944 2.1014836032e-01 1.4078039498e-08
1945 2.1022280079e-01 1.5428781421e-08
1946 2.1029536855e-01 2.3142251073e-08
1947 2.1032045082e-01 1.1740161001e-08
1948 2.1026738292e-01 1.4230369675e-08
1949 2.1018116293e-01 1.3572724125e-08
1950 2.1007634492e-01 2.5834354492e-08
1951 2.1001413484e-01 1.7754755126e-08
1952 2.0998361954e-01 1.4262878838e-08
1953 2.0992212025e-01 1.2744845019e-08
1954 2.0985382950e-01 1.4727922894e-08
1955 2.0979554069e-01 1.5135914941e-08
1956 2.0973915370e-01 1.6421508264e-08
1957 2.0967928439e-01 1.3800140231e-08
1958 2.0959507232e-01 1.3542318541e-08
1959 2.0945804172e-01 1.3235193311e-08
1960 2.0928910844e-01 1.7809765132e-08
1961 2.0908956762e-01 1.8027780488e-08
1962 2.0888496176e-01 1.6623010373e-08
1963 2.0869758225e-01 2.0287373578e-08
1964 2.0846992075e-01 1.7351733054e-08
1965 2.0831179800e-01 2.3577045629e-08
1966 2.0824173323e-01 1.4134142815e-08
1967 2.0813547625e-01 1.4468865370e-08
1968 2.0795290807e-01 1.3405359375e-08
1969 2.0770330517e-01 1.3381356554e-08
1970 2.0744649057e-01 1.8885120764e-08
1971 2.0714906981e-01 3.0878909052e-08
1972 2.0691639792e-01 1.9611328812e-08
1973 2.0675411088e-01 1.7583962629e-08
1974 2.0656325661e-01 1.6392498253e-08
1975 2.0639881400e-01 2.1327570699e-08
1976 2.0625844716e-01 1.6222170992e-08
1977 2.0614956168e-01 1.5569225533e-08
1978 2.0609983891e-01 1.8257795412e-08
1979 2.0600773280e-01 1.6523663397e-08
1980 2.0587054252e-01 1.4116185277e-08
1981 2.0573046136e-01 1.4520340399e-08
1982 2.0560916070e-01 1.5971833008e-08
1983 2.0549615080e-01 2.1397748430e-08
1984 2.0541176661e-01 2.2376974828e-08
1985 2.0538200053e-01 2.2462782840e-08
1986 2.0541930827e-01 2.8409248285e-08
1987 2.0537824041e-01 2.2079118150e-08
1988 2.0542837639e-01 2.1728739491e-08
1989 2.0544011257e-01 2.3225057131e-08
1990 2.0545171014e-01 2.3685789652e-08
1991 2.0562617352e-01 2.0179857207e-08
1992 2.0588145326e-01 2.1288413429e-08
1993 2.0619845254e-01 1.7419344071e-08
1994 2.0658176729e-01 1.6345357961e-08
1995 2.0685737901e-01 1.8736985927e-08
1996 2.0716328229e-01 2.0660780300e-08
1997 2.0736810036e-01 1.9485662861e-08
1998 2.0751109842e-01 3.4179141631e-08
1999 2.0779003357e-01 3.0963377200e-08
