iter rel_error rel_residual
0 4.9551174236e+00 1.9601862757e-01
1 6.2186704003e+00 4.9647181468e-02
2 4.5439457501e+00 3.8821851485e-02
3 4.1440321154e+00 9.3753201935e-03
4 4.4247183655e+00 1.6980380515e-02
5 3.8798224460e+00 5.1471762932e-03
6 3.4218008077e+00 6.5594389432e-03
7 3.0640353282e+00 5.6055193231e-03
8 2.8130240600e+00 4.2201474376e-03
9 2.5377045392e+00 7.2695445306e-03
10 2.4491443047e+00 2.3753781268e-03
11 2.4180015089e+00 3.1246303530e-03
12 2.4343164812e+00 2.7130699905e-03
13 2.4957501880e+00 2.0944341474e-03
14 2.4450736449e+00 2.5476420931e-03
15 2.3221283369e+00 2.3974464456e-03
16 2.3062781087e+00 1.4467796984e-03
17 2.3044005593e+00 8.5121141755e-04
18 2.3050985015e+00 1.0742859299e-03
19 2.2932471023e+00 8.7513497187e-04
20 2.2870671574e+00 6.1121090039e-04
21 2.2993454533e+00 7.3759145345e-04
22 2.3300980497e+00 7.7873126358e-04
23 2.3316295251e+00 9.2677050931e-04
24 2.2930845202e+00 8.3897542878e-04
25 2.2323509485e+00 8.2987286626e-04
26 2.1907650055e+00 8.1172843566e-04
27 2.1604070533e+00 5.2690455489e-04
28 2.1163799561e+00 1.0875259614e-03
29 2.1153926209e+00 5.5038055846e-04
30 2.1289421283e+00 5.5671303578e-04
31 2.1342985913e+00 3.2380507909e-04
32 2.1549083166e+00 4.8100557566e-04
33 2.1556866656e+00 5.0450692353e-04
34 2.1533041838e+00 3.9641858265e-04
35 2.1510683956e+00 2.2998296920e-04
36 2.1374243257e+00 2.1794696359e-04
37 2.1337066516e+00 1.5953309387e-04
38 2.1171140213e+00 1.9834625050e-04
39 2.0510533828e+00 2.5498292811e-04
40 2.0495448375e+00 1.5808754366e-04
41 2.0259804284e+00 1.9765879927e-04
42 2.0072154117e+00 2.1147036287e-04
43 1.9979250297e+00 2.2491270013e-04
44 1.9856946850e+00 1.7565272191e-04
45 1.9757228194e+00 1.4047528388e-04
46 1.9823717174e+00 2.2652487647e-04
47 1.9671159549e+00 2.1015421954e-04
48 1.9665126434e+00 1.2530199633e-04
49 1.9558458300e+00 1.2424798318e-04
50 1.9461893379e+00 1.7608695075e-04
51 1.9331850595e+00 2.6667479292e-04
52 1.9222586342e+00 1.4096103271e-04
53 1.9118392663e+00 1.2625466778e-04
54 1.9062766150e+00 1.6314295768e-04
55 1.8996465364e+00 2.1857866857e-04
56 1.8876617707e+00 8.6636661901e-05
57 1.8813640294e+00 6.2886057173e-05
58 1.8768785795e+00 5.5475993458e-05
59 1.8643469178e+00 9.2444108653e-05
60 1.8349188500e+00 9.4173552283e-05
61 1.8106138535e+00 7.7017926424e-05
62 1.7688657400e+00 1.1457746232e-04
63 1.6837429351e+00 1.4518905802e-04
64 1.6388809137e+00 1.2028897437e-04
65 1.5337585461e+00 1.1093365108e-04
66 1.4961625126e+00 1.3390832027e-04
67 1.4136764879e+00 2.6714469301e-04
68 1.1254233117e+00 2.0239909370e-04
69 1.0675424305e+00 5.8633563532e-05
70 1.0603812162e+00 3.0957626256e-05
71 1.0535337509e+00 4.6668465842e-05
72 1.0453492388e+00 1.8448635068e-05
73 1.0421100257e+00 2.9500840515e-05
74 1.0393242199e+00 3.1249081035e-05
75 1.0356956643e+00 3.1362498420e-05
76 1.0228621367e+00 4.5108242307e-05
77 1.0143822389e+00 4.4894982383e-05
78 1.0041321817e+00 2.6836943425e-05
79 1.0027470336e+00 2.7314698713e-05
80 9.9697000562e-01 4.1554880563e-05
81 9.8186448200e-01 3.6932802899e-05
82 9.6911770888e-01 5.1548999483e-05
83 9.3692726686e-01 6.0941999144e-05
84 9.1133883869e-01 4.1369881266e-05
85 8.9950833040e-01 4.1253733678e-05
86 8.9453040779e-01 3.9589887696e-05
87 8.8578458695e-01 2.9058092599e-05
88 8.8224395560e-01 5.8346109725e-05
89 8.7538111576e-01 3.0145441583e-05
90 8.6284346330e-01 9.6108355085e-05
91 8.3172770598e-01 1.1055552941e-04
92 8.1952090610e-01 1.7950636384e-04
93 8.0338238339e-01 7.3266430706e-05
94 6.8995943037e-01 1.3897350934e-04
95 6.3696592754e-01 6.5231328783e-05
96 6.3163634455e-01 4.9144706603e-05
97 6.0846555994e-01 1.6339998195e-04
98 5.9763908148e-01 6.7977949814e-05
99 5.9931151936e-01 4.9629253578e-05
100 5.9773852043e-01 6.4704373828e-05
101 5.9429992791e-01 8.0584166851e-05
102 5.9467056030e-01 4.3010451943e-05
103 5.9239672310e-01 3.1990770278e-05
104 5.9107064501e-01 1.6915991859e-05
105 5.8901267521e-01 2.4799572192e-05
106 5.6027282847e-01 2.4778057631e-05
107 5.5024267395e-01 2.2825223500e-05
108 5.2892366341e-01 4.3720284043e-05
109 5.3220079878e-02 1.3606013964e-05
110 5.1050219385e-02 8.6609056476e-06
111 3.5548650704e-02 4.0608938678e-05
112 1.3862176327e-02 3.3606225021e-05
113 3.9078620610e-03 1.0164298125e-05
114 3.8484214873e-03 2.6765005633e-06
115 3.8123730476e-03 1.6731817174e-06
116 3.5378436484e-03 2.1949946979e-06
117 1.6127554692e-03 2.6392175251e-06
118 1.5824425938e-03 2.2395395047e-07
119 1.5692047737e-03 3.1000762725e-07
120 9.1502982774e-04 1.3212464541e-06
121 7.1996045037e-04 9.9172759028e-07
122 7.1565753920e-04 1.8242902296e-07
123 7.1379613983e-04 2.5197184730e-08
124 7.1223421685e-04 3.2579794094e-08
125 5.5639356353e-04 2.2499629233e-07
126 1.2398112377e-04 2.1226855250e-07
127 7.1271961913e-05 4.3178242415e-08
128 5.7863191338e-05 4.9047609857e-08
129 5.3274130562e-05 8.7895116095e-10
130 5.1173955343e-05 6.3489953832e-09
131 2.6966191104e-05 1.1737804950e-08
132 1.5037494459e-05 7.5535556843e-09
133 2.2156723266e-06 2.6489355949e-09
134 2.0086898492e-06 1.2240239824e-09
135 1.8561027709e-06 1.1306786810e-09
136 1.6989432471e-06 5.2073855257e-10
137 1.6027732089e-06 3.4242790989e-10
138 1.5140185953e-06 2.3736197430e-10
139 1.5070397153e-06 1.5720706664e-10
140 1.5047862289e-06 1.5337667884e-10
141 1.4987955204e-06 1.6369655140e-10
142 1.4315276551e-06 2.2535559916e-10
143 1.3063392950e-06 1.9968105724e-10
144 1.2362311054e-06 2.3961185960e-10
145 1.0663133411e-06 2.4468995212e-10
146 9.8824193476e-07 1.2087950536e-10
147 9.8060723323e-07 9.3789219064e-11
