iter rel_error rel_residual
0 2.9041368085e+01 3.8582029262e-01
1 2.5610924422e+01 1.8230361499e-01
2 2.3553675029e+01 1.0844585902e-01
3 2.1983080096e+01 8.3171438229e-02
4 1.9882277186e+01 5.4878527226e-02
5 1.8113643545e+01 4.2920132466e-02
6 1.6549279600e+01 3.3141811518e-02
7 1.5098098689e+01 2.5371752459e-02
8 1.4031560135e+01 2.0958245955e-02
9 1.3165027623e+01 1.7354326224e-02
10 1.2290268864e+01 1.4950935254e-02
11 1.1261118451e+01 1.2266554972e-02
12 1.0279809888e+01 1.0574288774e-02
13 9.2968875584e+00 9.1180270755e-03
14 8.4502433484e+00 7.9795904551e-03
15 7.6648814115e+00 7.1644994712e-03
16 6.9374560725e+00 6.2128789353e-03
17 6.3216591392e+00 5.3709314510e-03
18 5.8016757230e+00 4.9654558377e-03
19 5.3556007549e+00 4.5107640990e-03
20 4.9793721490e+00 4.1918451702e-03
21 4.6758686659e+00 3.6248780683e-03
22 4.4897517396e+00 3.4418608188e-03
23 4.3745839043e+00 3.0470115791e-03
24 4.2922602025e+00 2.8254166993e-03
25 4.2355995822e+00 2.6326271100e-03
26 4.1993165753e+00 2.4301101305e-03
27 4.1673560107e+00 2.3285183888e-03
28 4.1433412769e+00 2.0183074542e-03
29 4.1248259337e+00 2.0287883646e-03
30 4.0919547539e+00 1.7815031359e-03
31 4.0454322320e+00 1.8034179278e-03
32 3.9994968437e+00 1.6210656255e-03
33 3.9543294008e+00 1.5770186692e-03
34 3.8958220994e+00 1.4334799527e-03
35 3.8397170896e+00 1.3659372989e-03
36 3.7870903529e+00 1.2794740284e-03
37 3.7363190556e+00 1.2015207919e-03
38 3.6825680200e+00 1.1719007464e-03
39 3.6372214888e+00 1.0848087825e-03
40 3.5949623689e+00 1.0726082283e-03
41 3.5556199277e+00 9.4889154239e-04
42 3.5232239220e+00 9.5350918354e-04
43 3.4922526816e+00 8.8818273044e-04
44 3.4625028895e+00 8.8455697537e-04
45 3.4349380980e+00 8.2024541797e-04
46 3.4130766892e+00 7.8886805529e-04
47 3.3931073169e+00 7.4426514433e-04
48 3.3723878943e+00 7.2818833708e-04
49 3.3525395045e+00 6.9585951003e-04
50 3.3334904888e+00 6.6875041396e-04
51 3.3144716072e+00 6.4000325911e-04
52 3.2957086554e+00 6.0234718297e-04
53 3.2762755822e+00 5.9599734542e-04
54 3.2560834829e+00 5.5529780452e-04
55 3.2349711076e+00 5.5769785894e-04
56 3.2149126625e+00 5.1526659191e-04
57 3.1962850344e+00 5.1803948124e-04
58 3.1773965225e+00 4.8492563854e-04
59 3.1612810224e+00 4.6587859276e-04
60 3.1469631118e+00 4.5045840200e-04
61 3.1327274506e+00 4.3949899084e-04
62 3.1198453845e+00 4.1726787455e-04
63 3.1085039189e+00 4.1080608615e-04
64 3.0978028442e+00 3.9151437506e-04
65 3.0878397623e+00 3.8552519750e-04
66 3.0788437200e+00 3.6724102916e-04
67 3.0693152915e+00 3.6815522014e-04
68 3.0598925839e+00 3.4858288468e-04
69 3.0512007628e+00 3.5027744646e-04
70 3.0417888792e+00 3.3675417633e-04
71 3.0324538653e+00 3.2760298130e-04
72 3.0230864162e+00 3.1034215025e-04
73 3.0136927885e+00 3.0648079098e-04
74 3.0037205644e+00 2.9907560884e-04
75 2.9944461944e+00 2.9164737918e-04
76 2.9847189634e+00 2.8433519350e-04
77 2.9757142124e+00 2.8647108348e-04
78 2.9672026013e+00 2.7652862508e-04
79 2.9589966126e+00 2.6983255541e-04
80 2.9510691300e+00 2.6859412858e-04
81 2.9438876314e+00 2.5396257965e-04
82 2.9376779420e+00 2.5205809098e-04
83 2.9315593701e+00 2.4238488319e-04
84 2.9246209575e+00 2.4476155753e-04
85 2.9181525612e+00 2.3620545842e-04
86 2.9109358933e+00 2.3172349482e-04
87 2.9037873590e+00 2.2585308702e-04
88 2.8967972922e+00 2.1999963839e-04
89 2.8895533272e+00 2.1361136480e-04
90 2.8822447072e+00 2.1045194406e-04
91 2.8753464936e+00 2.0421923923e-04
92 2.8681240281e+00 1.9848632017e-04
93 2.8611511865e+00 1.9225295478e-04
94 2.8550174114e+00 1.9060760524e-04
95 2.8480531555e+00 1.8645306536e-04
96 2.8417161928e+00 1.8201133744e-04
97 2.8352577825e+00 1.7870571532e-04
98 2.8289862817e+00 1.7498663686e-04
99 2.8230927445e+00 1.6951826633e-04
100 2.8174332138e+00 1.6704464404e-04
101 2.8116615714e+00 1.6628941712e-04
102 2.8057726574e+00 1.6295460391e-04
103 2.8007717768e+00 1.6045035845e-04
104 2.7954036578e+00 1.5700364726e-04
105 2.7902188577e+00 1.5705987701e-04
106 2.7851208955e+00 1.5258028899e-04
107 2.7795959144e+00 1.5306482536e-04
108 2.7739143649e+00 1.4780121822e-04
109 2.7685199282e+00 1.4720297196e-04
110 2.7630106166e+00 1.3963867559e-04
111 2.7579186630e+00 1.3971889508e-04
112 2.7528647225e+00 1.3374317286e-04
113 2.7482477267e+00 1.3324142190e-04
114 2.7439099187e+00 1.2885827338e-04
115 2.7399254802e+00 1.2821090643e-04
116 2.7357847227e+00 1.2168139970e-04
117 2.7318288070e+00 1.2438754103e-04
118 2.7279217520e+00 1.1711486857e-04
119 2.7240362112e+00 1.1924581242e-04
120 2.7201863438e+00 1.1527793089e-04
121 2.7164364780e+00 1.1527060808e-04
122 2.7127282719e+00 1.1137598680e-04
123 2.7093331229e+00 1.0837796429e-04
124 2.7059469099e+00 1.0725038643e-04
125 2.7026774250e+00 1.0600889019e-04
126 2.6991127498e+00 1.0267297558e-04
127 2.6955882966e+00 1.0453686230e-04
128 2.6920148851e+00 9.9420523551e-05
129 2.6885815228e+00 9.9160246577e-05
130 2.6849644819e+00 9.5682759160e-05
131 2.6814512306e+00 9.4049621381e-05
132 2.6779379053e+00 9.1441727558e-05
133 2.6748061873e+00 8.9212736183e-05
134 2.6718578704e+00 8.6449962271e-05
135 2.6690045719e+00 8.4203937211e-05
136 2.6662895616e+00 8.2359436166e-05
137 2.6635642360e+00 8.1287632949e-05
138 2.6607242632e+00 7.9275253936e-05
139 2.6580365777e+00 7.6561810172e-05
140 2.6554305716e+00 7.5084094015e-05
141 2.6527165554e+00 7.3678983305e-05
142 2.6499387409e+00 7.4841727576e-05
143 2.6472396062e+00 6.9720511342e-05
144 2.6445669293e+00 6.9240520496e-05
145 2.6419761599e+00 6.8135954383e-05
146 2.6392704176e+00 7.0714586374e-05
147 2.6362464720e+00 6.8196943599e-05
148 2.6332816119e+00 6.8362663226e-05
149 2.6303117660e+00 6.5584846307e-05
150 2.6274067170e+00 6.5963233115e-05
151 2.6244425256e+00 6.5089813402e-05
152 2.6216005598e+00 6.3237128483e-05
153 2.6186450686e+00 6.4223827127e-05
154 2.6159458922e+00 6.1736253377e-05
155 2.6130924366e+00 6.1518639413e-05
156 2.6103282129e+00 6.1067016088e-05
157 2.6073747688e+00 6.0062805547e-05
158 2.6045496802e+00 6.1370838517e-05
159 2.6015747031e+00 5.8594844659e-05
160 2.5987127574e+00 5.9759042250e-05
161 2.5958958740e+00 5.7169688256e-05
162 2.5931124013e+00 5.6678671093e-05
163 2.5902898898e+00 5.5515352087e-05
164 2.5874141923e+00 5.5134965561e-05
165 2.5845072723e+00 5.7082745194e-05
166 2.5815191519e+00 5.5083134477e-05
167 2.5787071301e+00 5.4383731668e-05
168 2.5757817677e+00 5.6070672395e-05
169 2.5728904869e+00 5.2942499990e-05
170 2.5702388269e+00 5.4249194979e-05
171 2.5673517224e+00 5.2892639672e-05
172 2.5646751254e+00 5.2592977695e-05
173 2.5619155939e+00 5.1508164760e-05
174 2.5590059172e+00 5.0657563629e-05
175 2.5561866107e+00 5.1336994400e-05
176 2.5533255603e+00 4.9645409085e-05
177 2.5505938684e+00 4.8934604727e-05
178 2.5477620401e+00 4.8114614235e-05
179 2.5449787872e+00 4.7518732246e-05
180 2.5423823061e+00 4.6992049998e-05
181 2.5397547498e+00 4.5973418143e-05
182 2.5371783143e+00 4.4715319858e-05
183 2.5349041606e+00 4.5130393896e-05
184 2.5325089224e+00 4.4557759584e-05
185 2.5300559698e+00 4.4260090349e-05
186 2.5275046097e+00 4.4186013104e-05
187 2.5249892979e+00 4.3992560275e-05
188 2.5224590712e+00 4.3396558672e-05
189 2.5200150285e+00 4.2799457223e-05
190 2.5174639728e+00 4.3169345211e-05
191 2.5150045271e+00 4.1694990746e-05
192 2.5126380249e+00 4.1050057692e-05
193 2.5102435562e+00 4.0123665481e-05
194 2.5078170190e+00 4.0854250474e-05
195 2.5054665748e+00 3.9179196151e-05
196 2.5032917566e+00 3.9307863735e-05
197 2.5010976280e+00 3.8474075773e-05
198 2.4986882636e+00 3.9082973375e-05
199 2.4962849174e+00 3.8391685547e-05
200 2.4938398251e+00 3.9731103310e-05
201 2.4913013852e+00 3.8995522403e-05
202 2.4888385514e+00 3.9039835982e-05
203 2.4865712815e+00 3.8288383126e-05
204 2.4840809953e+00 3.8945834516e-05
205 2.4815774918e+00 3.8241075619e-05
206 2.4790455988e+00 3.9326139935e-05
207 2.4765340636e+00 3.8202359106e-05
208 2.4740253798e+00 3.8872790596e-05
209 2.4713590165e+00 3.8739448922e-05
210 2.4688667315e+00 3.7744303216e-05
211 2.4665163235e+00 3.7013721243e-05
212 2.4641232618e+00 3.7436521079e-05
213 2.4616352350e+00 3.7294674364e-05
214 2.4590116073e+00 3.6761592144e-05
215 2.4565984358e+00 3.6286244762e-05
216 2.4541098833e+00 3.6285414478e-05
217 2.4518082763e+00 3.4908359358e-05
218 2.4495130014e+00 3.5548997315e-05
219 2.4472103910e+00 3.4168058562e-05
220 2.4448828544e+00 3.4950260164e-05
221 2.4424764311e+00 3.4252282509e-05
222 2.4401570840e+00 3.3786334858e-05
223 2.4377075419e+00 3.4977708985e-05
224 2.4353137626e+00 3.4094458822e-05
225 2.4329232919e+00 3.4016435465e-05
226 2.4305976795e+00 3.3292181048e-05
227 2.4283394221e+00 3.2939850654e-05
228 2.4261011602e+00 3.3197209107e-05
229 2.4239398388e+00 3.2080689831e-05
230 2.4218961543e+00 3.1645501887e-05
231 2.4198187641e+00 3.1655053717e-05
232 2.4177102120e+00 3.1159963725e-05
233 2.4155797123e+00 3.1502819802e-05
234 2.4135297931e+00 2.9819072480e-05
235 2.4116151633e+00 2.9887572988e-05
236 2.4097349140e+00 2.9210686852e-05
237 2.4077475379e+00 2.9051952467e-05
238 2.4057139149e+00 2.8806021334e-05
239 2.4037562596e+00 2.8869039943e-05
240 2.4017102865e+00 2.8217903046e-05
241 2.3997843213e+00 2.7420461005e-05
242 2.3979808198e+00 2.7456670376e-05
243 2.3962056465e+00 2.6615413067e-05
244 2.3944521541e+00 2.7062108770e-05
245 2.3925634729e+00 2.6409572692e-05
246 2.3907515007e+00 2.6727450778e-05
247 2.3888394323e+00 2.6526554036e-05
248 2.3869334398e+00 2.6159974455e-05
249 2.3851332336e+00 2.6251090471e-05
250 2.3831841811e+00 2.6189082223e-05
251 2.3813471860e+00 2.5783523257e-05
252 2.3795113463e+00 2.5402667692e-05
253 2.3776459541e+00 2.5398029658e-05
254 2.3758735322e+00 2.4892599324e-05
255 2.3740516317e+00 2.4786431777e-05
256 2.3723080751e+00 2.4201356562e-05
257 2.3706312073e+00 2.4061765288e-05
258 2.3689003745e+00 2.4009523126e-05
259 2.3671011306e+00 2.3429558045e-05
260 2.3653854329e+00 2.3276875128e-05
261 2.3638243935e+00 2.2711409797e-05
262 2.3622379239e+00 2.3527718552e-05
263 2.3604535577e+00 2.3141235528e-05
264 2.3586028392e+00 2.3547213241e-05
265 2.3567363083e+00 2.3532096820e-05
266 2.3547445327e+00 2.3874784886e-05
267 2.3527444253e+00 2.3862201076e-05
268 2.3507315911e+00 2.3397980797e-05
269 2.3487241117e+00 2.3646978488e-05
270 2.3469037796e+00 2.2882881429e-05
271 2.3450748978e+00 2.3123435521e-05
272 2.3431898615e+00 2.3145877518e-05
273 2.3412045325e+00 2.3183666590e-05
274 2.3392286515e+00 2.2795865570e-05
275 2.3372118278e+00 2.2817120455e-05
276 2.3352392012e+00 2.2307059151e-05
277 2.3332481188e+00 2.2410192894e-05
278 2.3313384218e+00 2.1806400489e-05
279 2.3294276735e+00 2.1823288440e-05
280 2.3275808681e+00 2.1255735530e-05
281 2.3259324283e+00 2.0711930506e-05
282 2.3242451310e+00 2.0736369171e-05
283 2.3223923135e+00 2.1087273535e-05
284 2.3204629060e+00 2.1572873505e-05
285 2.3185515709e+00 2.1225669205e-05
286 2.3165761578e+00 2.1251256915e-05
287 2.3146508592e+00 2.1077656530e-05
288 2.3127626445e+00 2.1398931502e-05
289 2.3107569039e+00 2.1410973523e-05
290 2.3086040823e+00 2.1431522080e-05
291 2.3065551997e+00 2.1203729888e-05
292 2.3046663435e+00 2.1090512012e-05
293 2.3026633940e+00 2.1440945193e-05
294 2.3005746600e+00 2.1390743728e-05
295 2.2984458565e+00 2.1361553772e-05
296 2.2962591975e+00 2.1962523547e-05
297 2.2940913229e+00 2.0849807696e-05
298 2.2920383993e+00 2.1492453956e-05
299 2.2899055159e+00 2.0698755270e-05
300 2.2879149625e+00 2.0654121628e-05
301 2.2858932374e+00 2.0591731941e-05
302 2.2837484035e+00 2.1053507986e-05
303 2.2815928192e+00 2.0731799177e-05
304 2.2794668488e+00 2.0854920318e-05
305 2.2772577289e+00 2.0401817738e-05
306 2.2751017646e+00 2.0803417612e-05
307 2.2728181918e+00 2.0291226239e-05
308 2.2706611811e+00 2.0077833944e-05
309 2.2684434304e+00 2.0210510103e-05
310 2.2663373722e+00 1.9856920751e-05
311 2.2644220324e+00 1.9374104902e-05
312 2.2624970828e+00 1.9402605172e-05
313 2.2605098118e+00 1.9394502644e-05
314 2.2585837787e+00 1.9479451848e-05
315 2.2566791747e+00 1.8826384242e-05
316 2.2546893301e+00 1.9209421756e-05
317 2.2527021328e+00 1.9325173740e-05
318 2.2506802258e+00 1.8729011415e-05
319 2.2486638564e+00 1.8874755694e-05
320 2.2467554910e+00 1.8062478612e-05
321 2.2450245814e+00 1.8148761234e-05
322 2.2432677621e+00 1.7845497098e-05
323 2.2413480977e+00 1.8230745854e-05
324 2.2393822860e+00 1.7844730902e-05
325 2.2374364396e+00 1.7858942359e-05
326 2.2355585321e+00 1.7094360390e-05
327 2.2337149783e+00 1.7501963972e-05
328 2.2318346835e+00 1.7261797636e-05
329 2.2300218847e+00 1.7179905798e-05
330 2.2282726588e+00 1.6850749757e-05
331 2.2263749478e+00 1.7247472539e-05
332 2.2245046056e+00 1.6730939793e-05
333 2.2226508779e+00 1.7294288984e-05
334 2.2207975585e+00 1.6667381117e-05
335 2.2188823623e+00 1.7495478747e-05
336 2.2168334124e+00 1.6842198561e-05
337 2.2148595125e+00 1.7497414297e-05
338 2.2127162099e+00 1.7128911535e-05
339 2.2106315579e+00 1.7295267015e-05
340 2.2084791933e+00 1.7183246183e-05
341 2.2065021441e+00 1.6664602931e-05
342 2.2045620695e+00 1.6856256049e-05
343 2.2025986462e+00 1.6808509091e-05
344 2.2005391535e+00 1.6738967489e-05
345 2.1985152816e+00 1.6519244463e-05
346 2.1964976076e+00 1.6509365230e-05
347 2.1944609200e+00 1.6785256703e-05
348 2.1924834168e+00 1.6284014377e-05
349 2.1906429695e+00 1.6277387807e-05
350 2.1887420024e+00 1.6213535463e-05
351 2.1867668685e+00 1.6602578793e-05
352 2.1848077954e+00 1.5795004872e-05
353 2.1829953311e+00 1.6069077631e-05
354 2.1811172485e+00 1.5355269918e-05
355 2.1792318039e+00 1.6073431687e-05
356 2.1772555279e+00 1.5590336619e-05
357 2.1752658784e+00 1.6000018620e-05
358 2.1732083066e+00 1.5532128331e-05
359 2.1712416346e+00 1.5682483912e-05
360 2.1692798112e+00 1.5167030662e-05
361 2.1674221585e+00 1.5241495544e-05
362 2.1655815783e+00 1.4820670082e-05
363 2.1637987305e+00 1.4710289131e-05
364 2.1621206119e+00 1.4329805737e-05
365 2.1604390219e+00 1.4382134126e-05
366 2.1586758195e+00 1.4210150634e-05
367 2.1569286918e+00 1.4370731282e-05
368 2.1550805960e+00 1.4456341349e-05
369 2.1532844328e+00 1.4367273338e-05
370 2.1514595045e+00 1.4339390286e-05
371 2.1497599948e+00 1.4048627863e-05
372 2.1480516136e+00 1.4216390547e-05
373 2.1462659665e+00 1.3839856425e-05
374 2.1445060280e+00 1.3786949974e-05
375 2.1428955109e+00 1.3523986174e-05
376 2.1413057166e+00 1.3571581404e-05
377 2.1395143397e+00 1.3731750304e-05
378 2.1376478671e+00 1.3697549464e-05
379 2.1357911804e+00 1.3665982355e-05
380 2.1339761821e+00 1.3568450197e-05
381 2.1322576812e+00 1.3735343060e-05
382 2.1304272556e+00 1.4062801391e-05
383 2.1285597949e+00 1.3975749153e-05
384 2.1265592987e+00 1.4040792767e-05
385 2.1245189664e+00 1.4042334501e-05
386 2.1225750749e+00 1.3682238621e-05
387 2.1206705107e+00 1.4097560680e-05
388 2.1188163926e+00 1.3519998645e-05
389 2.1170382498e+00 1.3863491078e-05
390 2.1153113734e+00 1.3202598501e-05
391 2.1135404567e+00 1.3770695332e-05
392 2.1115701417e+00 1.3784937327e-05
393 2.1095331894e+00 1.3908925152e-05
394 2.1074818014e+00 1.3723203262e-05
395 2.1054341867e+00 1.3895266788e-05
396 2.1033532821e+00 1.3761124865e-05
397 2.1012759076e+00 1.3708851207e-05
398 2.0992081889e+00 1.3895913210e-05
399 2.0971134899e+00 1.3696979026e-05
400 2.0950695671e+00 1.3601901214e-05
401 2.0931574710e+00 1.3379328370e-05
402 2.0912032850e+00 1.3516895043e-05
403 2.0891714780e+00 1.3641717940e-05
404 2.0870632753e+00 1.3625818290e-05
405 2.0849127383e+00 1.3912948188e-05
406 2.0829008402e+00 1.3474715316e-05
407 2.0810402069e+00 1.3449973293e-05
408 2.0789784241e+00 1.3673151369e-05
409 2.0768390039e+00 1.3646880526e-05
410 2.0746712550e+00 1.3564329253e-05
411 2.0726868069e+00 1.3325374503e-05
412 2.0707328088e+00 1.3211838324e-05
413 2.0687646582e+00 1.3202431401e-05
414 2.0668280725e+00 1.3004457351e-05
415 2.0648945434e+00 1.3094490892e-05
416 2.0628738024e+00 1.3036162619e-05
417 2.0608691433e+00 1.3020461284e-05
418 2.0588281290e+00 1.3071268442e-05
419 2.0567800758e+00 1.2956843887e-05
420 2.0547955047e+00 1.2700832799e-05
421 2.0527930242e+00 1.2982374428e-05
422 2.0507654247e+00 1.2696194585e-05
423 2.0487855596e+00 1.2914876984e-05
424 2.0467927404e+00 1.2578857967e-05
425 2.0448603482e+00 1.2834898661e-05
426 2.0428385562e+00 1.2819651048e-05
427 2.0407428173e+00 1.2951096068e-05
428 2.0386218644e+00 1.2942438731e-05
429 2.0365872173e+00 1.2550231267e-05
430 2.0346394845e+00 1.2609304655e-05
431 2.0326644787e+00 1.2516099280e-05
432 2.0307594735e+00 1.2356495896e-05
433 2.0288459097e+00 1.2317677506e-05
434 2.0271147150e+00 1.1893418343e-05
435 2.0254500148e+00 1.2020205624e-05
436 2.0236021124e+00 1.2198290913e-05
437 2.0217380809e+00 1.1833775776e-05
438 2.0199155741e+00 1.2000807088e-05
439 2.0181462657e+00 1.1416683145e-05
440 2.0164744882e+00 1.1605068743e-05
441 2.0147562323e+00 1.1339718440e-05
442 2.0129893039e+00 1.2047269414e-05
443 2.0110351839e+00 1.1788827238e-05
444 2.0092102837e+00 1.1561196663e-05
445 2.0075425542e+00 1.1374235090e-05
446 2.0059381463e+00 1.1416268678e-05
447 2.0041201231e+00 1.1572310897e-05
448 2.0023101688e+00 1.1221723367e-05
449 2.0005603653e+00 1.1381015138e-05
450 1.9989855776e+00 1.0995693491e-05
451 1.9973955934e+00 1.1485495894e-05
452 1.9956740719e+00 1.1062418133e-05
453 1.9939792164e+00 1.1250791289e-05
454 1.9923242710e+00 1.1122330178e-05
455 1.9906092587e+00 1.1177492489e-05
456 1.9888153349e+00 1.1129806821e-05
457 1.9871024076e+00 1.0832700783e-05
458 1.9855749039e+00 1.0573146325e-05
459 1.9840815364e+00 1.0571936669e-05
460 1.9824623464e+00 1.0846333876e-05
461 1.9807620107e+00 1.0713690453e-05
462 1.9790467824e+00 1.0598672128e-05
463 1.9773746928e+00 1.0598530747e-05
464 1.9757955345e+00 1.0233547651e-05
465 1.9742515332e+00 1.0465847516e-05
466 1.9726692880e+00 1.0198661674e-05
467 1.9711138868e+00 1.0167220240e-05
468 1.9695766023e+00 1.0016957374e-05
469 1.9680417044e+00 9.8163618530e-06
470 1.9666141237e+00 9.8394934472e-06
471 1.9652581151e+00 9.4823794414e-06
472 1.9639529137e+00 9.6143948308e-06
473 1.9625122073e+00 9.5926986809e-06
474 1.9611394759e+00 9.5089864515e-06
475 1.9597651397e+00 9.3776842329e-06
476 1.9584191446e+00 9.3901402187e-06
477 1.9569832440e+00 9.4388214970e-06
478 1.9555128637e+00 9.4312223559e-06
479 1.9540454236e+00 9.4981302516e-06
480 1.9525411412e+00 9.5773934920e-06
481 1.9510505608e+00 9.3098125117e-06
482 1.9496888337e+00 9.2144398539e-06
483 1.9483391107e+00 9.2869446036e-06
484 1.9469264243e+00 9.3280703868e-06
485 1.9454612820e+00 9.2577945347e-06
486 1.9440172881e+00 9.2866466577e-06
487 1.9426767559e+00 9.2266947541e-06
488 1.9413186117e+00 9.2734848785e-06
489 1.9398976227e+00 9.3078368802e-06
490 1.9384168801e+00 9.3089750590e-06
491 1.9369798996e+00 9.2588913841e-06
492 1.9356029028e+00 9.3252127079e-06
493 1.9341980201e+00 9.2587961338e-06
494 1.9327822229e+00 9.2122460265e-06
495 1.9314138857e+00 8.9832496757e-06
496 1.9300069494e+00 9.1440190961e-06
497 1.9285825214e+00 9.0070043503e-06
498 1.9270854140e+00 9.2732322076e-06
499 1.9255954734e+00 9.1309916987e-06
500 1.9241034254e+00 9.1407221253e-06
501 1.9227013109e+00 8.9447275687e-06
502 1.9213713855e+00 8.8663215552e-06
503 1.9199322915e+00 9.1381303434e-06
504 1.9184248208e+00 9.0723349956e-06
505 1.9169919337e+00 8.9419444963e-06
506 1.9156458146e+00 8.8201118349e-06
507 1.9143272862e+00 8.8934666317e-06
508 1.9130033311e+00 8.6885754253e-06
509 1.9116448251e+00 8.8480289176e-06
510 1.9101703581e+00 9.0485276835e-06
511 1.9086416344e+00 9.0395911201e-06
512 1.9071439542e+00 8.9199589449e-06
513 1.9056494629e+00 9.0493630958e-06
514 1.9041785744e+00 8.7076327717e-06
515 1.9028209526e+00 8.6833055296e-06
516 1.9014245340e+00 8.8161557376e-06
517 1.8999466586e+00 8.7774395371e-06
518 1.8985311557e+00 8.5820330444e-06
519 1.8972414378e+00 8.5013618401e-06
520 1.8958680147e+00 8.6737024204e-06
521 1.8943886689e+00 8.6175748719e-06
522 1.8928947845e+00 8.7318643548e-06
523 1.8914014541e+00 8.6242941919e-06
524 1.8899819371e+00 8.6747652879e-06
525 1.8885099181e+00 8.6438175165e-06
526 1.8870619480e+00 8.5965533084e-06
527 1.8856136392e+00 8.5338818041e-06
528 1.8841295174e+00 8.5976990421e-06
529 1.8827700693e+00 8.4459791204e-06
530 1.8813313744e+00 8.5466594866e-06
531 1.8798453858e+00 8.5027036516e-06
532 1.8784330726e+00 8.2978892756e-06
533 1.8770602526e+00 8.4499164376e-06
534 1.8756389532e+00 8.2060912414e-06
535 1.8742558901e+00 8.2784313968e-06
536 1.8729738567e+00 7.9968987780e-06
537 1.8716446376e+00 8.2384932617e-06
538 1.8702348009e+00 8.0132543000e-06
539 1.8688543783e+00 8.1597130300e-06
540 1.8674677366e+00 7.9087291443e-06
541 1.8661683039e+00 8.0162742423e-06
542 1.8648264402e+00 7.7905143587e-06
543 1.8635159863e+00 7.9427965559e-06
544 1.8621770610e+00 7.9000847202e-06
545 1.8609030872e+00 7.8618311540e-06
546 1.8595711937e+00 7.9643416246e-06
547 1.8581758814e+00 7.8780997635e-06
548 1.8568170464e+00 7.9817405050e-06
549 1.8555308266e+00 7.6769118151e-06
550 1.8543508031e+00 7.8724792388e-06
551 1.8529677401e+00 7.8188333903e-06
552 1.8515205938e+00 7.8554785141e-06
553 1.8500579600e+00 7.8839503594e-06
554 1.8486246092e+00 7.7816074025e-06
555 1.8472235728e+00 7.7455569009e-06
556 1.8458276271e+00 7.7614078849e-06
557 1.8444215009e+00 7.7282244648e-06
558 1.8430244547e+00 7.8224723464e-06
559 1.8416763565e+00 7.6468412901e-06
560 1.8403336666e+00 7.6775997753e-06
561 1.8389412022e+00 7.6696287643e-06
562 1.8376498477e+00 7.6223249988e-06
563 1.8363164957e+00 7.7232513916e-06
564 1.8349600974e+00 7.6115458455e-06
565 1.8335423801e+00 7.7784579552e-06
566 1.8320644343e+00 7.7745696637e-06
567 1.8306519010e+00 7.5601425936e-06
568 1.8294477852e+00 7.2893150384e-06
569 1.8283122097e+00 7.3857092181e-06
570 1.8270049973e+00 7.5866859332e-06
571 1.8256210813e+00 7.5890644679e-06
572 1.8242310683e+00 7.5603227944e-06
573 1.8228889181e+00 7.4495513909e-06
574 1.8215710804e+00 7.5014931052e-06
575 1.8201739625e+00 7.6479616656e-06
576 1.8187077897e+00 7.6075029792e-06
577 1.8172695821e+00 7.5342756836e-06
578 1.8158692745e+00 7.3253919562e-06
579 1.8145271195e+00 7.3261351542e-06
580 1.8132810013e+00 7.0971517150e-06
581 1.8121698918e+00 7.0887417353e-06
582 1.8109381373e+00 7.1080535531e-06
583 1.8096889527e+00 6.9937702143e-06
584 1.8085030988e+00 6.8464893567e-06
585 1.8073649422e+00 6.7879074338e-06
586 1.8062026829e+00 6.7029199775e-06
587 1.8050303451e+00 6.8211384764e-06
588 1.8038459046e+00 6.5992532875e-06
589 1.8027057517e+00 6.5902220197e-06
590 1.8015865450e+00 6.3025521053e-06
591 1.8005746181e+00 6.3014340550e-06
592 1.7995833646e+00 6.1656967179e-06
593 1.7986073516e+00 6.2541119252e-06
594 1.7976769535e+00 5.9964048343e-06
595 1.7967791278e+00 6.1176545314e-06
596 1.7957197207e+00 6.2471393383e-06
597 1.7946998630e+00 6.0056271075e-06
598 1.7937206749e+00 6.0479839181e-06
599 1.7928012904e+00 5.8428536276e-06
600 1.7918651936e+00 5.9810830739e-06
601 1.7908771612e+00 5.9377292138e-06
602 1.7898554053e+00 6.1263511520e-06
603 1.7888508755e+00 5.8146200893e-06
604 1.7879391305e+00 5.8442837281e-06
605 1.7870427530e+00 5.6869438593e-06
606 1.7861271877e+00 5.8488750851e-06
607 1.7851399679e+00 5.7257421243e-06
608 1.7841793923e+00 5.7561842816e-06
609 1.7832129472e+00 5.6917316788e-06
610 1.7822395118e+00 5.7763165357e-06
611 1.7812397115e+00 5.6978844927e-06
612 1.7803927409e+00 5.4619218840e-06
613 1.7795379700e+00 5.6259219381e-06
614 1.7786341055e+00 5.4832970833e-06
615 1.7777616326e+00 5.5723256089e-06
616 1.7768393037e+00 5.4836399335e-06
617 1.7758732449e+00 5.6219914038e-06
618 1.7749020347e+00 5.4839017680e-06
619 1.7739855099e+00 5.3884167659e-06
620 1.7731466675e+00 5.3421654158e-06
621 1.7722441933e+00 5.4247937119e-06
622 1.7713639274e+00 5.2212614818e-06
623 1.7705859009e+00 5.1574723876e-06
624 1.7697423896e+00 5.3379773001e-06
625 1.7688180867e+00 5.2343961050e-06
626 1.7679600571e+00 5.1116887743e-06
627 1.7672082291e+00 5.0215256765e-06
628 1.7663798146e+00 5.2193981281e-06
629 1.7654792601e+00 5.1044322568e-06
630 1.7645933022e+00 5.0595243482e-06
631 1.7637332355e+00 5.0098807593e-06
632 1.7629200622e+00 4.9963890051e-06
633 1.7621002768e+00 4.9341733989e-06
634 1.7612789884e+00 4.8250638259e-06
635 1.7605151185e+00 4.8508631402e-06
636 1.7596779783e+00 4.9267778030e-06
637 1.7588395593e+00 4.8714865123e-06
638 1.7579591646e+00 5.0142189620e-06
639 1.7570807456e+00 4.8570461693e-06
640 1.7562795828e+00 4.8335768170e-06
641 1.7554661225e+00 4.7699929219e-06
642 1.7546745269e+00 4.8251336890e-06
643 1.7538232498e+00 4.7636978596e-06
644 1.7529678285e+00 4.7960510160e-06
645 1.7521317655e+00 4.7004488838e-06
646 1.7512870814e+00 4.7452293072e-06
647 1.7504057365e+00 4.6897694288e-06
648 1.7495764934e+00 4.5697071806e-06
649 1.7487980531e+00 4.5533257953e-06
650 1.7480284081e+00 4.5606441989e-06
651 1.7472441849e+00 4.5994760390e-06
652 1.7464138600e+00 4.5763462144e-06
653 1.7455798861e+00 4.5986279709e-06
654 1.7447645837e+00 4.4973977265e-06
655 1.7439630881e+00 4.5261946907e-06
656 1.7431404520e+00 4.4556158824e-06
657 1.7423417319e+00 4.4204198519e-06
658 1.7415184805e+00 4.5397477975e-06
659 1.7407043865e+00 4.4552343181e-06
660 1.7399738051e+00 4.4079428709e-06
661 1.7391616738e+00 4.5364483482e-06
662 1.7383186707e+00 4.4292889526e-06
663 1.7374982103e+00 4.4464504472e-06
664 1.7367186227e+00 4.3600348738e-06
665 1.7359159745e+00 4.4074440352e-06
666 1.7351142762e+00 4.4183173440e-06
667 1.7342523403e+00 4.4434500896e-06
668 1.7333934514e+00 4.3360960513e-06
669 1.7325970297e+00 4.2490250462e-06
670 1.7318597386e+00 4.3018029590e-06
671 1.7311089450e+00 4.1751570334e-06
672 1.7303367127e+00 4.2679937830e-06
673 1.7295586864e+00 4.1973600683e-06
674 1.7287690302e+00 4.2140469584e-06
675 1.7280059128e+00 4.1051321640e-06
676 1.7273207336e+00 4.1014455388e-06
677 1.7265556530e+00 4.1748731273e-06
678 1.7257390290e+00 4.1773866315e-06
679 1.7249541616e+00 4.0785470769e-06
680 1.7242297604e+00 4.0405608753e-06
681 1.7234806058e+00 4.1302244463e-06
682 1.7227012832e+00 4.0839680994e-06
683 1.7219546895e+00 4.0798500947e-06
684 1.7212190096e+00 4.1086607028e-06
685 1.7204207097e+00 4.1448516401e-06
686 1.7196119311e+00 4.1714439930e-06
687 1.7187779516e+00 4.1197039630e-06
688 1.7179438533e+00 4.2321008215e-06
689 1.7171098087e+00 4.1323808070e-06
690 1.7162612657e+00 4.2076496688e-06
691 1.7153515578e+00 4.1755724699e-06
692 1.7144554694e+00 4.1800503925e-06
693 1.7135898004e+00 4.1354035407e-06
694 1.7127183136e+00 4.1544199076e-06
695 1.7117647978e+00 4.2923837498e-06
696 1.7108192204e+00 4.1875133628e-06
697 1.7099484625e+00 4.0676732622e-06
698 1.7091264814e+00 4.1036935412e-06
699 1.7082647011e+00 4.1043740981e-06
700 1.7074195330e+00 4.0428096335e-06
701 1.7066260676e+00 4.1088800578e-06
702 1.7057472724e+00 4.1079388720e-06
703 1.7048339680e+00 4.0346201924e-06
704 1.7039350149e+00 4.0851734838e-06
705 1.7030808483e+00 3.9961665171e-06
706 1.7021907731e+00 4.0231135423e-06
707 1.7012716641e+00 4.0137728168e-06
708 1.7003561321e+00 3.9398677851e-06
709 1.6994606335e+00 3.8681887195e-06
710 1.6986550705e+00 3.8000410647e-06
711 1.6978400323e+00 3.7962412828e-06
712 1.6970076059e+00 3.8936686168e-06
713 1.6961782312e+00 3.7795955771e-06
714 1.6954004009e+00 3.8514934533e-06
715 1.6945738157e+00 3.8251851896e-06
716 1.6937612036e+00 3.7196966669e-06
717 1.6929235818e+00 3.8083879531e-06
718 1.6920792091e+00 3.7791787469e-06
719 1.6911983311e+00 3.8800424549e-06
720 1.6903189478e+00 3.7434347210e-06
721 1.6895148055e+00 3.7238872313e-06
722 1.6886748492e+00 3.8146037476e-06
723 1.6877653848e+00 3.8439429891e-06
724 1.6868564337e+00 3.7392060996e-06
725 1.6860198244e+00 3.6943186396e-06
726 1.6852248528e+00 3.6454356379e-06
727 1.6843517779e+00 3.8063320434e-06
728 1.6834268571e+00 3.7309937855e-06
729 1.6825719896e+00 3.6370982765e-06
730 1.6817325397e+00 3.7113038854e-06
731 1.6808441644e+00 3.6910835095e-06
732 1.6799055095e+00 3.7242070136e-06
733 1.6790080504e+00 3.6577765846e-06
734 1.6782300207e+00 3.5729671024e-06
735 1.6774588531e+00 3.7212933596e-06
736 1.6765443413e+00 3.6552133038e-06
737 1.6756919467e+00 3.6484757670e-06
738 1.6748716076e+00 3.6228743698e-06
739 1.6740096718e+00 3.6968991588e-06
740 1.6731371577e+00 3.5804776374e-06
741 1.6722933113e+00 3.6175764231e-06
742 1.6713917905e+00 3.6602408694e-06
743 1.6704942719e+00 3.6233163188e-06
744 1.6696074303e+00 3.6038498124e-06
745 1.6687236703e+00 3.6306244850e-06
746 1.6678426134e+00 3.5387796225e-06
747 1.6669396602e+00 3.6378105227e-06
748 1.6659762146e+00 3.6134111497e-06
749 1.6650507311e+00 3.5583502730e-06
750 1.6641546750e+00 3.5138874335e-06
751 1.6633540365e+00 3.4793942561e-06
752 1.6625322237e+00 3.4578213950e-06
753 1.6617332817e+00 3.4046624824e-06
754 1.6609459404e+00 3.3236212714e-06
755 1.6601145047e+00 3.4158822724e-06
756 1.6593375793e+00 3.2448681007e-06
757 1.6586169001e+00 3.3025347814e-06
758 1.6577770373e+00 3.3648398856e-06
759 1.6569240187e+00 3.3360108546e-06
760 1.6560936043e+00 3.3130412947e-06
761 1.6553250700e+00 3.2050960922e-06
762 1.6545185214e+00 3.3251435300e-06
763 1.6536413296e+00 3.3215925851e-06
764 1.6527876977e+00 3.3211985865e-06
765 1.6519591129e+00 3.2700419032e-06
766 1.6511687192e+00 3.2012304560e-06
767 1.6503685359e+00 3.2971765945e-06
768 1.6495362927e+00 3.2822522405e-06
769 1.6487430849e+00 3.3162528949e-06
770 1.6478770474e+00 3.3611116871e-06
771 1.6469581914e+00 3.4127503485e-06
772 1.6460132006e+00 3.3780234257e-06
773 1.6451153485e+00 3.4322083901e-06
774 1.6441406144e+00 3.4561846664e-06
775 1.6431280618e+00 3.4482050317e-06
776 1.6421291347e+00 3.4746293194e-06
777 1.6412161676e+00 3.3947069623e-06
778 1.6402656694e+00 3.4314754860e-06
779 1.6392842907e+00 3.3595625871e-06
780 1.6384012965e+00 3.3106393014e-06
781 1.6375505108e+00 3.2852424771e-06
782 1.6366767910e+00 3.2834771755e-06
783 1.6358029153e+00 3.2603541557e-06
784 1.6349664001e+00 3.2297515643e-06
785 1.6340846962e+00 3.3130408909e-06
786 1.6331697026e+00 3.2737873761e-06
787 1.6322833047e+00 3.2329338984e-06
788 1.6313854894e+00 3.2956102066e-06
789 1.6304125064e+00 3.2961563030e-06
790 1.6294901934e+00 3.2676558966e-06
791 1.6285871227e+00 3.2576814715e-06
792 1.6276236399e+00 3.2794961909e-06
793 1.6266078770e+00 3.3183579197e-06
794 1.6256628616e+00 3.2200012662e-06
795 1.6248308258e+00 3.2843970509e-06
796 1.6238760264e+00 3.3225707869e-06
797 1.6229347201e+00 3.3086463364e-06
798 1.6220001954e+00 3.3586254115e-06
799 1.6209510663e+00 3.3473015385e-06
800 1.6199149871e+00 3.3625069190e-06
801 1.6189816531e+00 3.3172899816e-06
802 1.6179972629e+00 3.4094734955e-06
803 1.6169576115e+00 3.3656965345e-06
804 1.6160076007e+00 3.3499437257e-06
805 1.6149824673e+00 3.3749848315e-06
806 1.6139466778e+00 3.3744420728e-06
807 1.6129377570e+00 3.3675419521e-06
808 1.6118932657e+00 3.4174430259e-06
809 1.6107764701e+00 3.4103500063e-06
810 1.6096085571e+00 3.4297787637e-06
811 1.6084484857e+00 3.4197461360e-06
812 1.6073311295e+00 3.3593964249e-06
813 1.6062746215e+00 3.3420503715e-06
814 1.6052183249e+00 3.3392184240e-06
815 1.6041344633e+00 3.3008383367e-06
816 1.6031243334e+00 3.2432849908e-06
817 1.6021667250e+00 3.1869300114e-06
818 1.6011300201e+00 3.2747029334e-06
819 1.6000982626e+00 3.1715453117e-06
820 1.5991544060e+00 3.1326741157e-06
821 1.5981249955e+00 3.2384268251e-06
822 1.5970143074e+00 3.2445197883e-06
823 1.5959463155e+00 3.2643515004e-06
824 1.5948863596e+00 3.1991304036e-06
825 1.5938398428e+00 3.1827971654e-06
826 1.5928081067e+00 3.2283701500e-06
827 1.5917528236e+00 3.2231167764e-06
828 1.5907013895e+00 3.2675125779e-06
829 1.5896785201e+00 3.1795702220e-06
830 1.5887263984e+00 3.1949227025e-06
831 1.5877232629e+00 3.1854421017e-06
832 1.5866419566e+00 3.2492514700e-06
833 1.5856428151e+00 3.0977795679e-06
834 1.5846956866e+00 3.2382157318e-06
835 1.5836335817e+00 3.1723382463e-06
836 1.5826441987e+00 3.1058346567e-06
837 1.5817371783e+00 3.0900142059e-06
838 1.5807767278e+00 3.1217714373e-06
839 1.5798193112e+00 3.1244462691e-06
840 1.5788665146e+00 3.0764565282e-06
841 1.5778256806e+00 3.1525657384e-06
842 1.5767602798e+00 3.1150476473e-06
843 1.5757477670e+00 3.1029246508e-06
844 1.5747811200e+00 3.0803126645e-06
845 1.5737925838e+00 3.0996491142e-06
846 1.5727212604e+00 3.1457527323e-06
847 1.5716506049e+00 3.1310599928e-06
848 1.5706469692e+00 3.0991798935e-06
849 1.5696292570e+00 3.1129417137e-06
850 1.5686188192e+00 3.0872249330e-06
851 1.5677399247e+00 2.9855056651e-06
852 1.5668326252e+00 3.0745452065e-06
853 1.5657950334e+00 3.0796484945e-06
854 1.5647172789e+00 3.1228612876e-06
855 1.5636730819e+00 3.0024522328e-06
856 1.5627291066e+00 3.0047844950e-06
857 1.5617292289e+00 3.0012656128e-06
858 1.5606895759e+00 3.0443528901e-06
859 1.5596581701e+00 2.9807955730e-06
860 1.5586592233e+00 3.0279777674e-06
861 1.5576843566e+00 2.9826526724e-06
862 1.5567163240e+00 2.9828095543e-06
863 1.5557837621e+00 2.9287661851e-06
864 1.5549054221e+00 2.9807918022e-06
865 1.5538833676e+00 3.0165399346e-06
866 1.5528512037e+00 2.9314455252e-06
867 1.5519275585e+00 2.9087639462e-06
868 1.5510569134e+00 2.8763628691e-06
869 1.5501601820e+00 2.8887002355e-06
870 1.5492514564e+00 2.8743034216e-06
871 1.5483116874e+00 2.9318659971e-06
872 1.5473117518e+00 2.9394481749e-06
873 1.5463263444e+00 2.8753783117e-06
874 1.5454294861e+00 2.8173459178e-06
875 1.5445684417e+00 2.8470139380e-06
876 1.5435749968e+00 2.9485797359e-06
877 1.5425203850e+00 2.9025988968e-06
878 1.5415428119e+00 2.8359334822e-06
879 1.5406614234e+00 2.7872233122e-06
880 1.5397686115e+00 2.8453401161e-06
881 1.5389180813e+00 2.7320929933e-06
882 1.5380529904e+00 2.8573044669e-06
883 1.5370286454e+00 2.8947927729e-06
884 1.5360071293e+00 2.8267830547e-06
885 1.5350877976e+00 2.8393909888e-06
886 1.5341762251e+00 2.8106476763e-06
887 1.5331375969e+00 2.9003850570e-06
888 1.5320973017e+00 2.8354548350e-06
889 1.5311252381e+00 2.8226118630e-06
890 1.5302023276e+00 2.7796684589e-06
891 1.5292263074e+00 2.7974598241e-06
892 1.5282173503e+00 2.8123834024e-06
893 1.5272592326e+00 2.7379024824e-06
894 1.5264033403e+00 2.7425039098e-06
895 1.5254830182e+00 2.7483569312e-06
896 1.5244779884e+00 2.8530535586e-06
897 1.5234465716e+00 2.7958917784e-06
898 1.5224806459e+00 2.8236496792e-06
899 1.5214628697e+00 2.7880393047e-06
900 1.5204682904e+00 2.7730284451e-06
901 1.5194715343e+00 2.7473082676e-06
902 1.5184948777e+00 2.7479803644e-06
903 1.5175112342e+00 2.7513813286e-06
904 1.5165389330e+00 2.7264431557e-06
905 1.5157271351e+00 2.6203626625e-06
906 1.5148734726e+00 2.7631217293e-06
907 1.5138630526e+00 2.8073974964e-06
908 1.5128376592e+00 2.7602257395e-06
909 1.5118309006e+00 2.7970818229e-06
910 1.5107884725e+00 2.7860589351e-06
911 1.5097547425e+00 2.7769592438e-06
912 1.5088254661e+00 2.7607406998e-06
913 1.5078481988e+00 2.8211259380e-06
914 1.5067486625e+00 2.8270162147e-06
915 1.5056949351e+00 2.7765804843e-06
916 1.5047904875e+00 2.6882811441e-06
917 1.5038820180e+00 2.7443738068e-06
918 1.5029050550e+00 2.6998580337e-06
919 1.5020198823e+00 2.6748730377e-06
920 1.5010718236e+00 2.6848344009e-06
921 1.5000932473e+00 2.6520875952e-06
922 1.4991593632e+00 2.6701185861e-06
923 1.4982223421e+00 2.6486693886e-06
924 1.4972371695e+00 2.6520173373e-06
925 1.4962542974e+00 2.6344212347e-06
926 1.4952868458e+00 2.6140651649e-06
927 1.4943502471e+00 2.6064923391e-06
928 1.4934258830e+00 2.5938493501e-06
929 1.4925213368e+00 2.5860599074e-06
930 1.4916252608e+00 2.5685171933e-06
931 1.4906745266e+00 2.6093956429e-06
932 1.4896775006e+00 2.6606463015e-06
933 1.4886911666e+00 2.5823063139e-06
934 1.4877315139e+00 2.6229399078e-06
935 1.4867537687e+00 2.5979436025e-06
936 1.4857390341e+00 2.6884452585e-06
937 1.4847284973e+00 2.6203996134e-06
938 1.4837132692e+00 2.6997390645e-06
939 1.4826470937e+00 2.6742385771e-06
940 1.4816564269e+00 2.6284145964e-06
941 1.4806833827e+00 2.7238302831e-06
942 1.4795800371e+00 2.7311617692e-06
943 1.4784544391e+00 2.7647066696e-06
944 1.4774087745e+00 2.6891101121e-06
945 1.4764436322e+00 2.7352042790e-06
946 1.4753878528e+00 2.7670654783e-06
947 1.4742931562e+00 2.7317849173e-06
948 1.4731882882e+00 2.7610472539e-06
949 1.4720547714e+00 2.7491972396e-06
950 1.4709607742e+00 2.7670787175e-06
951 1.4699123388e+00 2.6933790995e-06
952 1.4688518880e+00 2.7676802189e-06
953 1.4677402056e+00 2.7400639666e-06
954 1.4666824199e+00 2.7262706228e-06
955 1.4655200701e+00 2.7792461322e-06
956 1.4644881087e+00 2.6721205332e-06
957 1.4634886506e+00 2.7701585669e-06
958 1.4623151825e+00 2.8004558693e-06
959 1.4611120738e+00 2.8084746379e-06
960 1.4600100064e+00 2.7064683460e-06
961 1.4590191373e+00 2.7204037207e-06
962 1.4579158509e+00 2.7084035284e-06
963 1.4568741298e+00 2.6771103757e-06
964 1.4558538873e+00 2.7206267157e-06
965 1.4547208571e+00 2.7367606097e-06
966 1.4536624959e+00 2.7200977640e-06
967 1.4526393028e+00 2.6978432649e-06
968 1.4515740880e+00 2.7545168831e-06
969 1.4504930385e+00 2.6992939094e-06
970 1.4493194537e+00 2.8267564623e-06
971 1.4480440720e+00 2.8315180001e-06
972 1.4467555093e+00 2.8896629991e-06
973 1.4455467714e+00 2.7906999147e-06
974 1.4444694828e+00 2.8129685757e-06
975 1.4431965034e+00 2.9381656788e-06
976 1.4418998474e+00 2.8800895389e-06
977 1.4407355751e+00 2.8439911471e-06
978 1.4395063615e+00 2.8675600118e-06
979 1.4382513819e+00 2.8341504067e-06
980 1.4370373410e+00 2.8741681358e-06
981 1.4358291693e+00 2.7986500307e-06
982 1.4345921884e+00 2.8536774458e-06
983 1.4333699026e+00 2.7981121502e-06
984 1.4321537684e+00 2.8299143111e-06
985 1.4309238947e+00 2.8319804293e-06
986 1.4296790895e+00 2.8296401652e-06
987 1.4283879656e+00 2.8141880629e-06
988 1.4271569732e+00 2.7977812613e-06
989 1.4260453627e+00 2.6965323238e-06
990 1.4249284371e+00 2.7880545393e-06
991 1.4237605934e+00 2.6851007608e-06
992 1.4226221793e+00 2.7567292431e-06
993 1.4214962306e+00 2.6755925266e-06
994 1.4204095088e+00 2.6480753768e-06
995 1.4193183470e+00 2.7020141362e-06
996 1.4181378041e+00 2.7213252599e-06
997 1.4169119563e+00 2.7711759013e-06
998 1.4157542945e+00 2.6273744992e-06
999 1.4147494142e+00 2.6397663649e-06
1000 1.4137580358e+00 2.6380991876e-06
1001 1.4126620063e+00 2.6688917539e-06
1002 1.4115556685e+00 2.5897432324e-06
1003 1.4104796938e+00 2.6009183332e-06
1004 1.4093555073e+00 2.6317409853e-06
1005 1.4082782804e+00 2.5963612102e-06
1006 1.4072522729e+00 2.6547596901e-06
1007 1.4060642768e+00 2.6937752163e-06
1008 1.4048893410e+00 2.5963625977e-06
1009 1.4037732117e+00 2.5984854622e-06
1010 1.4027158555e+00 2.5459054513e-06
1011 1.4016390794e+00 2.5775582744e-06
1012 1.4005824851e+00 2.5114281754e-06
1013 1.3995507911e+00 2.5508328568e-06
1014 1.3984735999e+00 2.5973803014e-06
1015 1.3973419491e+00 2.6228768563e-06
1016 1.3963080552e+00 2.5626868733e-06
1017 1.3953433457e+00 2.5883685593e-06
1018 1.3943261587e+00 2.6072304552e-06
1019 1.3933046941e+00 2.5398582036e-06
1020 1.3922847564e+00 2.6015983966e-06
1021 1.3911746012e+00 2.5808978500e-06
1022 1.3900890025e+00 2.5456636325e-06
1023 1.3890509224e+00 2.5181269963e-06
1024 1.3880281173e+00 2.5395617376e-06
1025 1.3870493117e+00 2.4481518582e-06
1026 1.3860739614e+00 2.5141238532e-06
1027 1.3850942213e+00 2.4345024235e-06
1028 1.3841186089e+00 2.4691312968e-06
1029 1.3831682341e+00 2.4098353834e-06
1030 1.3822285953e+00 2.4226253286e-06
1031 1.3812342257e+00 2.4255964634e-06
1032 1.3802782932e+00 2.3628889825e-06
1033 1.3794696373e+00 2.3905080665e-06
1034 1.3785205670e+00 2.4092246363e-06
1035 1.3775311914e+00 2.4174650029e-06
1036 1.3765302988e+00 2.3908990594e-06
1037 1.3755804158e+00 2.3577601749e-06
1038 1.3746791371e+00 2.3503103311e-06
1039 1.3737256006e+00 2.3971127823e-06
1040 1.3728038898e+00 2.3085744859e-06
1041 1.3719207318e+00 2.3494333832e-06
1042 1.3710281240e+00 2.3184085235e-06
1043 1.3701910213e+00 2.2925264695e-06
1044 1.3693034554e+00 2.3378795164e-06
1045 1.3683622686e+00 2.3081398249e-06
1046 1.3675096156e+00 2.2593882170e-06
1047 1.3666445123e+00 2.2918494877e-06
1048 1.3657203569e+00 2.3061176819e-06
1049 1.3648081599e+00 2.2670249973e-06
1050 1.3640052231e+00 2.2222924825e-06
1051 1.3631953248e+00 2.2509978510e-06
1052 1.3623907115e+00 2.2226428313e-06
1053 1.3615305858e+00 2.2738657075e-06
1054 1.3605942550e+00 2.3167047314e-06
1055 1.3596413487e+00 2.2946727483e-06
1056 1.3587816047e+00 2.2276737326e-06
1057 1.3579909162e+00 2.2259020279e-06
1058 1.3571078894e+00 2.2356340593e-06
1059 1.3562712579e+00 2.1565124030e-06
1060 1.3554957535e+00 2.1943091087e-06
1061 1.3546666467e+00 2.1654625653e-06
1062 1.3539109239e+00 2.0693896430e-06
1063 1.3531696477e+00 2.1189421243e-06
1064 1.3523574220e+00 2.0925642110e-06
1065 1.3515504210e+00 2.1109913612e-06
1066 1.3507502902e+00 2.0551530532e-06
1067 1.3499879385e+00 2.0413671253e-06
1068 1.3492625277e+00 2.0258441885e-06
1069 1.3485101034e+00 2.0595016218e-06
1070 1.3477398190e+00 2.0692511033e-06
1071 1.3469931583e+00 2.0286526857e-06
1072 1.3462715071e+00 2.0468518985e-06
1073 1.3455392421e+00 2.0089189904e-06
1074 1.3448662359e+00 2.0279506035e-06
1075 1.3441389338e+00 2.0667385546e-06
1076 1.3434685244e+00 1.9819988719e-06
1077 1.3428055898e+00 2.0587195527e-06
1078 1.3420554962e+00 1.9827338796e-06
1079 1.3413540772e+00 1.9917864426e-06
1080 1.3406593441e+00 2.0012767984e-06
1081 1.3399444632e+00 1.9761690661e-06
1082 1.3392352343e+00 1.9631178635e-06
1083 1.3386241916e+00 1.8921270799e-06
1084 1.3379804528e+00 1.9595266620e-06
1085 1.3372821527e+00 1.9236888730e-06
1086 1.3366000486e+00 1.9521836860e-06
1087 1.3358622518e+00 1.9767999759e-06
1088 1.3351422827e+00 1.8982250011e-06
1089 1.3345064219e+00 1.8714328623e-06
1090 1.3338287528e+00 1.9145676231e-06
1091 1.3331124729e+00 1.8984951675e-06
1092 1.3323949716e+00 1.9269540387e-06
1093 1.3317077013e+00 1.8565024876e-06
1094 1.3310736756e+00 1.8312737321e-06
1095 1.3304423829e+00 1.8339522959e-06
1096 1.3298197132e+00 1.8444860488e-06
1097 1.3291727526e+00 1.8364937055e-06
1098 1.3284693837e+00 1.8756530838e-06
1099 1.3278063186e+00 1.8017238850e-06
1100 1.3272330800e+00 1.7872906446e-06
1101 1.3266034035e+00 1.8017990542e-06
1102 1.3259291041e+00 1.7779033257e-06
1103 1.3253047447e+00 1.7870215908e-06
1104 1.3247236160e+00 1.7433102211e-06
1105 1.3241316108e+00 1.7745636281e-06
1106 1.3235058074e+00 1.7583736893e-06
1107 1.3228948987e+00 1.7791094902e-06
1108 1.3222514442e+00 1.7730793940e-06
1109 1.3215912516e+00 1.7599828134e-06
1110 1.3210003995e+00 1.7104590665e-06
1111 1.3203941318e+00 1.7877236971e-06
1112 1.3197301083e+00 1.7588308390e-06
1113 1.3191545300e+00 1.6987301748e-06
1114 1.3186089055e+00 1.7198064143e-06
1115 1.3180122696e+00 1.6874187345e-06
1116 1.3174044033e+00 1.7452825004e-06
1117 1.3167644405e+00 1.7171806585e-06
1118 1.3161717145e+00 1.7144864764e-06
1119 1.3155894334e+00 1.6886612090e-06
1120 1.3149621129e+00 1.7345107002e-06
1121 1.3143224119e+00 1.7475862136e-06
1122 1.3136922129e+00 1.7707144340e-06
1123 1.3130531604e+00 1.7777072342e-06
1124 1.3123776235e+00 1.7878155698e-06
1125 1.3117715757e+00 1.7362134710e-06
1126 1.3111342237e+00 1.8009651523e-06
1127 1.3104399395e+00 1.8011045594e-06
1128 1.3097665959e+00 1.8137217408e-06
1129 1.3090875829e+00 1.7997652279e-06
1130 1.3083773061e+00 1.8402211845e-06
1131 1.3076565397e+00 1.8158120400e-06
1132 1.3069267415e+00 1.8632769206e-06
1133 1.3061468745e+00 1.8449291671e-06
1134 1.3053806603e+00 1.8280141573e-06
1135 1.3046493641e+00 1.8260098530e-06
1136 1.3040073249e+00 1.7868982674e-06
1137 1.3033395576e+00 1.8315602990e-06
1138 1.3026165960e+00 1.8267263097e-06
1139 1.3018569615e+00 1.8513581102e-06
1140 1.3011044202e+00 1.8278113032e-06
1141 1.3003795827e+00 1.8361333014e-06
1142 1.2996476194e+00 1.8698074764e-06
1143 1.2988437230e+00 1.8592543097e-06
1144 1.2980751366e+00 1.8372689227e-06
1145 1.2973409260e+00 1.8351890904e-06
1146 1.2965607800e+00 1.8545796880e-06
1147 1.2958311402e+00 1.8048754047e-06
1148 1.2951333885e+00 1.8142905598e-06
1149 1.2944126542e+00 1.7698599115e-06
1150 1.2937424051e+00 1.7696608913e-06
1151 1.2930322920e+00 1.7712166178e-06
1152 1.2923150393e+00 1.7482200711e-06
1153 1.2916275453e+00 1.7593691726e-06
1154 1.2908816296e+00 1.7887448422e-06
1155 1.2900950911e+00 1.8066817771e-06
1156 1.2893050126e+00 1.7864350565e-06
1157 1.2885625210e+00 1.7527044437e-06
1158 1.2878396673e+00 1.7754917132e-06
1159 1.2870661392e+00 1.7664845212e-06
1160 1.2863360832e+00 1.7388881151e-06
1161 1.2857442142e+00 1.7207257372e-06
1162 1.2850506246e+00 1.7859604007e-06
1163 1.2843071840e+00 1.7311985023e-06
1164 1.2836128141e+00 1.7306334644e-06
1165 1.2829157891e+00 1.7417946208e-06
1166 1.2822344259e+00 1.7251014095e-06
1167 1.2815560101e+00 1.7504018084e-06
1168 1.2808044646e+00 1.7972948473e-06
1169 1.2800225659e+00 1.7668712241e-06
1170 1.2793157949e+00 1.7473894884e-06
1171 1.2785741462e+00 1.7501177563e-06
1172 1.2778094469e+00 1.7726331423e-06
1173 1.2770619360e+00 1.7489690602e-06
1174 1.2763064493e+00 1.7635028328e-06
1175 1.2755478481e+00 1.7273629570e-06
1176 1.2748263871e+00 1.7195362155e-06
1177 1.2741103752e+00 1.7099095313e-06
1178 1.2733959311e+00 1.7010515251e-06
1179 1.2726752958e+00 1.6878515098e-06
1180 1.2719712343e+00 1.6718484157e-06
1181 1.2712966079e+00 1.6367874539e-06
1182 1.2706233698e+00 1.6456895826e-06
1183 1.2699196121e+00 1.6438942451e-06
1184 1.2692051861e+00 1.6672937223e-06
1185 1.2685068097e+00 1.6558723100e-06
1186 1.2678482793e+00 1.6000195254e-06
1187 1.2672375997e+00 1.6082590713e-06
1188 1.2666646930e+00 1.5955450471e-06
1189 1.2660334301e+00 1.6321650309e-06
1190 1.2654011891e+00 1.6046757062e-06
1191 1.2647918633e+00 1.6023601632e-06
1192 1.2641331469e+00 1.6389735576e-06
1193 1.2634549110e+00 1.6368803478e-06
1194 1.2627700011e+00 1.6570511888e-06
1195 1.2620911301e+00 1.6259669630e-06
1196 1.2614969099e+00 1.6071939736e-06
1197 1.2608387765e+00 1.6482089421e-06
1198 1.2601173409e+00 1.6319116816e-06
1199 1.2594470930e+00 1.5961881926e-06
1200 1.2587636316e+00 1.6291788510e-06
1201 1.2580184596e+00 1.6577187305e-06
1202 1.2572768846e+00 1.6211018520e-06
1203 1.2566150063e+00 1.6168551214e-06
1204 1.2559667001e+00 1.5879158751e-06
1205 1.2553458905e+00 1.5961050766e-06
1206 1.2546903634e+00 1.6351316174e-06
1207 1.2539448489e+00 1.6928762052e-06
1208 1.2531462251e+00 1.6647620366e-06
1209 1.2524335700e+00 1.6378570807e-06
1210 1.2517304139e+00 1.6790934639e-06
1211 1.2509757651e+00 1.6830056522e-06
1212 1.2503050567e+00 1.6377998348e-06
1213 1.2495740797e+00 1.7116237554e-06
1214 1.2487696218e+00 1.6731765870e-06
1215 1.2480323048e+00 1.6526945334e-06
1216 1.2473075965e+00 1.6765564317e-06
1217 1.2465508221e+00 1.6978583302e-06
1218 1.2458401918e+00 1.6677370824e-06
1219 1.2450722897e+00 1.7134053414e-06
1220 1.2442808352e+00 1.6872420325e-06
1221 1.2435080916e+00 1.7042037962e-06
1222 1.2427614452e+00 1.6915175410e-06
1223 1.2419766404e+00 1.7084319700e-06
1224 1.2412302049e+00 1.6419655854e-06
1225 1.2405003354e+00 1.6727965616e-06
1226 1.2397228063e+00 1.6599406365e-06
1227 1.2389694461e+00 1.6269634688e-06
1228 1.2382873374e+00 1.6470683306e-06
1229 1.2375739593e+00 1.6408005800e-06
1230 1.2368761781e+00 1.6458628456e-06
1231 1.2361327146e+00 1.6751090098e-06
1232 1.2353090683e+00 1.7323915187e-06
1233 1.2344661273e+00 1.6944376904e-06
1234 1.2337333430e+00 1.6712425325e-06
1235 1.2329717280e+00 1.7041076607e-06
1236 1.2321599788e+00 1.7020170959e-06
1237 1.2314186582e+00 1.6499944498e-06
1238 1.2306957708e+00 1.6392065396e-06
1239 1.2299878103e+00 1.6336992452e-06
1240 1.2292957300e+00 1.6253426592e-06
1241 1.2285678154e+00 1.6420026511e-06
1242 1.2278573975e+00 1.5985418882e-06
1243 1.2271490512e+00 1.6455676863e-06
1244 1.2263896278e+00 1.6430046596e-06
1245 1.2256478136e+00 1.6444727868e-06
1246 1.2248751404e+00 1.6405215714e-06
1247 1.2240605640e+00 1.6680243734e-06
1248 1.2232485632e+00 1.6424911477e-06
1249 1.2225002613e+00 1.6540233905e-06
1250 1.2216937240e+00 1.6812309816e-06
1251 1.2209574329e+00 1.6172772003e-06
1252 1.2202818242e+00 1.6308665204e-06
1253 1.2195424013e+00 1.6324294429e-06
1254 1.2188527745e+00 1.6276706882e-06
1255 1.2181012857e+00 1.6421976999e-06
1256 1.2173126734e+00 1.6051708298e-06
1257 1.2166050059e+00 1.5746440368e-06
1258 1.2159067662e+00 1.6011236596e-06
1259 1.2151802783e+00 1.5605867220e-06
1260 1.2145310302e+00 1.5597454939e-06
1261 1.2138155573e+00 1.5809954657e-06
1262 1.2131124811e+00 1.5304619689e-06
1263 1.2124592760e+00 1.5161599522e-06
1264 1.2117508152e+00 1.5445550287e-06
1265 1.2110180222e+00 1.5034773374e-06
1266 1.2103930416e+00 1.4668063439e-06
1267 1.2097422423e+00 1.5053075402e-06
1268 1.2090164517e+00 1.5216252557e-06
1269 1.2083588509e+00 1.4762747925e-06
1270 1.2077295364e+00 1.5177686683e-06
1271 1.2069953698e+00 1.5804849000e-06
1272 1.2062582590e+00 1.4990859344e-06
1273 1.2055858607e+00 1.5284282024e-06
1274 1.2048692148e+00 1.5261787916e-06
1275 1.2041516329e+00 1.5082189648e-06
1276 1.2034604840e+00 1.5095975842e-06
1277 1.2028045835e+00 1.4952487847e-06
1278 1.2021012574e+00 1.5302099481e-06
1279 1.2013630633e+00 1.5041094055e-06
1280 1.2006881917e+00 1.4693832401e-06
1281 1.2000815119e+00 1.4943177548e-06
1282 1.1994000197e+00 1.4775059033e-06
1283 1.1987511864e+00 1.4587151601e-06
1284 1.1981264498e+00 1.4519126077e-06
1285 1.1975079558e+00 1.4357614994e-06
1286 1.1969371864e+00 1.4387868527e-06
1287 1.1962848764e+00 1.4795851220e-06
1288 1.1956032654e+00 1.4787128570e-06
1289 1.1949969944e+00 1.4351977314e-06
1290 1.1943503139e+00 1.4864321147e-06
1291 1.1936603982e+00 1.4380747213e-06
1292 1.1930214826e+00 1.4535907903e-06
1293 1.1923519632e+00 1.4581400500e-06
1294 1.1916925805e+00 1.4387950412e-06
1295 1.1910894709e+00 1.4019436588e-06
1296 1.1905177849e+00 1.4132912193e-06
1297 1.1898851098e+00 1.4297526644e-06
1298 1.1893126313e+00 1.4028768546e-06
1299 1.1886939701e+00 1.4352196377e-06
1300 1.1880565041e+00 1.3824879416e-06
1301 1.1875211922e+00 1.4050982088e-06
1302 1.1868679435e+00 1.4322636449e-06
1303 1.1861656553e+00 1.4641707403e-06
1304 1.1854924843e+00 1.4298979141e-06
1305 1.1848449302e+00 1.4794683283e-06
1306 1.1841453946e+00 1.4635457914e-06
1307 1.1835345210e+00 1.4321033484e-06
1308 1.1829390342e+00 1.4136189530e-06
1309 1.1823459817e+00 1.4204775420e-06
1310 1.1816972743e+00 1.4469744135e-06
1311 1.1809916140e+00 1.4698970242e-06
1312 1.1802962109e+00 1.4491128203e-06
1313 1.1796364704e+00 1.4409843828e-06
1314 1.1789651541e+00 1.4430260073e-06
1315 1.1782849808e+00 1.4220524200e-06
1316 1.1776883666e+00 1.3984429182e-06
1317 1.1770590372e+00 1.4082233391e-06
1318 1.1764329866e+00 1.3784406600e-06
1319 1.1758568997e+00 1.4035439683e-06
1320 1.1752135469e+00 1.3939011573e-06
1321 1.1745690910e+00 1.3880964182e-06
1322 1.1739773731e+00 1.3566132794e-06
1323 1.1733899349e+00 1.3608962017e-06
1324 1.1728104249e+00 1.3629640858e-06
1325 1.1722293144e+00 1.3786880229e-06
1326 1.1715890713e+00 1.3780929081e-06
1327 1.1709890489e+00 1.3545605004e-06
1328 1.1703482881e+00 1.3796183149e-06
1329 1.1696755497e+00 1.3940519814e-06
1330 1.1690687374e+00 1.3431342401e-06
1331 1.1684661815e+00 1.3729825626e-06
1332 1.1678114786e+00 1.3993493922e-06
1333 1.1671678744e+00 1.3493503010e-06
1334 1.1665792700e+00 1.3518675976e-06
1335 1.1659597417e+00 1.3659213726e-06
1336 1.1653838521e+00 1.3323400857e-06
1337 1.1647933504e+00 1.3778303191e-06
1338 1.1641116299e+00 1.3889442718e-06
1339 1.1634723284e+00 1.3618937525e-06
1340 1.1628738459e+00 1.3610908843e-06
1341 1.1622189582e+00 1.3832842466e-06
1342 1.1615925294e+00 1.3395475893e-06
1343 1.1609962999e+00 1.3659534825e-06
1344 1.1603406973e+00 1.3725917525e-06
1345 1.1596828165e+00 1.3585606417e-06
1346 1.1590464727e+00 1.3600001262e-06
1347 1.1584357063e+00 1.3442988774e-06
1348 1.1578558525e+00 1.3443982951e-06
1349 1.1572150019e+00 1.3582615428e-06
1350 1.1565371576e+00 1.3607244405e-06
1351 1.1558761644e+00 1.3515225310e-06
1352 1.1552263454e+00 1.3627973342e-06
1353 1.1545494417e+00 1.3472872568e-06
1354 1.1539005551e+00 1.3429980091e-06
1355 1.1532462447e+00 1.3544572853e-06
1356 1.1525572487e+00 1.3684744945e-06
1357 1.1518995228e+00 1.3641270750e-06
1358 1.1512691325e+00 1.3400277409e-06
1359 1.1506049741e+00 1.3895427416e-06
1360 1.1499660352e+00 1.3246345882e-06
1361 1.1494115430e+00 1.3596959500e-06
1362 1.1487704667e+00 1.3614570025e-06
1363 1.1481483138e+00 1.3431856880e-06
1364 1.1475039265e+00 1.3561916290e-06
1365 1.1468163249e+00 1.3584892995e-06
1366 1.1461638763e+00 1.3209132197e-06
1367 1.1455648982e+00 1.3338636705e-06
1368 1.1449073482e+00 1.3360500060e-06
1369 1.1442929349e+00 1.2866875910e-06
1370 1.1437303380e+00 1.3039400079e-06
1371 1.1431212402e+00 1.3019851634e-06
1372 1.1425410612e+00 1.2793895795e-06
1373 1.1419603384e+00 1.2978673490e-06
1374 1.1413828058e+00 1.2697774780e-06
1375 1.1408248386e+00 1.2852063150e-06
1376 1.1402339273e+00 1.3305406524e-06
1377 1.1396074874e+00 1.2952364860e-06
1378 1.1390090965e+00 1.3032446900e-06
1379 1.1383684659e+00 1.3081027047e-06
1380 1.1377161429e+00 1.3152984439e-06
1381 1.1371333874e+00 1.3010115256e-06
1382 1.1365102049e+00 1.3384167496e-06
1383 1.1358664848e+00 1.3041531428e-06
1384 1.1352795757e+00 1.3283285674e-06
1385 1.1346139221e+00 1.3380290599e-06
1386 1.1339543990e+00 1.3169754073e-06
1387 1.1332803226e+00 1.3566519162e-06
1388 1.1326037254e+00 1.3207825675e-06
1389 1.1320135117e+00 1.3319401455e-06
1390 1.1313317457e+00 1.3710030652e-06
1391 1.1306848033e+00 1.3169000999e-06
1392 1.1300336827e+00 1.3803549962e-06
1393 1.1292700932e+00 1.4039241968e-06
1394 1.1285397367e+00 1.3803872774e-06
1395 1.1278506903e+00 1.3852516811e-06
1396 1.1271239098e+00 1.3734209916e-06
1397 1.1264187040e+00 1.3384595572e-06
1398 1.1257748259e+00 1.3835293046e-06
1399 1.1251177850e+00 1.3371965739e-06
1400 1.1244709322e+00 1.3791904053e-06
1401 1.1237124403e+00 1.3915462024e-06
1402 1.1230007486e+00 1.3610962583e-06
1403 1.1223422556e+00 1.3681002221e-06
1404 1.1216507526e+00 1.3733957438e-06
1405 1.1209775699e+00 1.3378089984e-06
1406 1.1202815630e+00 1.3692683363e-06
1407 1.1195728850e+00 1.3463215255e-06
1408 1.1188766957e+00 1.3381183279e-06
1409 1.1182180936e+00 1.3370707335e-06
1410 1.1175531371e+00 1.3358919273e-06
1411 1.1168473786e+00 1.3574640385e-06
1412 1.1161673048e+00 1.3429654328e-06
1413 1.1154814765e+00 1.3649536884e-06
1414 1.1147647461e+00 1.3563343658e-06
1415 1.1141303240e+00 1.3055809961e-06
1416 1.1135201664e+00 1.3183013464e-06
1417 1.1128919597e+00 1.3237851723e-06
1418 1.1122646667e+00 1.3203553845e-06
1419 1.1115680341e+00 1.3606448898e-06
1420 1.1108822489e+00 1.3015824839e-06
1421 1.1102851245e+00 1.3177311809e-06
1422 1.1096160675e+00 1.3309156368e-06
1423 1.1090002902e+00 1.2978649879e-06
1424 1.1084587028e+00 1.3230628624e-06
1425 1.1078045642e+00 1.3133964777e-06
1426 1.1071832004e+00 1.3015474563e-06
1427 1.1065212542e+00 1.3247238328e-06
1428 1.1057864932e+00 1.3277107360e-06
1429 1.1051584045e+00 1.2711735213e-06
1430 1.1045314993e+00 1.3246620053e-06
1431 1.1038311392e+00 1.3065492500e-06
1432 1.1031690927e+00 1.2943579481e-06
1433 1.1025242152e+00 1.3099869406e-06
1434 1.1018536978e+00 1.3140982271e-06
1435 1.1012132211e+00 1.2839971990e-06
1436 1.1006268445e+00 1.2953655702e-06
1437 1.0999566466e+00 1.3218429210e-06
1438 1.0993214806e+00 1.2797254799e-06
1439 1.0986804002e+00 1.3225360233e-06
1440 1.0979840041e+00 1.3162080911e-06
1441 1.0973150778e+00 1.2860846618e-06
1442 1.0966580833e+00 1.3041050931e-06
1443 1.0959647098e+00 1.3195401333e-06
1444 1.0952777263e+00 1.3053532920e-06
1445 1.0946466693e+00 1.2765184371e-06
1446 1.0939854345e+00 1.3060311247e-06
1447 1.0933220380e+00 1.2808378199e-06
1448 1.0926725008e+00 1.3117491498e-06
1449 1.0919827400e+00 1.2905074704e-06
1450 1.0913162725e+00 1.2834739659e-06
1451 1.0907073841e+00 1.2429800627e-06
1452 1.0901026646e+00 1.2647782692e-06
1453 1.0894520547e+00 1.2557109971e-06
1454 1.0888439898e+00 1.2500386865e-06
1455 1.0882308773e+00 1.2595224383e-06
1456 1.0875982328e+00 1.2721879301e-06
1457 1.0870083144e+00 1.2605417743e-06
1458 1.0864327546e+00 1.2459226545e-06
1459 1.0858413610e+00 1.2458480092e-06
1460 1.0852110697e+00 1.2558099953e-06
1461 1.0845668083e+00 1.2667081957e-06
1462 1.0839796890e+00 1.2092312187e-06
1463 1.0834045163e+00 1.2512488886e-06
1464 1.0827933627e+00 1.2344681031e-06
1465 1.0822739066e+00 1.1977581808e-06
1466 1.0816894941e+00 1.2629907440e-06
1467 1.0811130397e+00 1.1790104286e-06
1468 1.0806271034e+00 1.2054527654e-06
1469 1.0800356965e+00 1.2120257230e-06
1470 1.0794899205e+00 1.1893728910e-06
1471 1.0789597975e+00 1.2097143964e-06
1472 1.0783646657e+00 1.2036934333e-06
1473 1.0777883859e+00 1.1690984663e-06
1474 1.0772179704e+00 1.2019693629e-06
1475 1.0766183791e+00 1.1974895204e-06
1476 1.0761032899e+00 1.1278879982e-06
1477 1.0756385067e+00 1.1853597245e-06
1478 1.0750877717e+00 1.1497321979e-06
1479 1.0746274457e+00 1.1459553597e-06
1480 1.0740976220e+00 1.1732944161e-06
1481 1.0735299850e+00 1.1569416313e-06
1482 1.0730187117e+00 1.1282981811e-06
1483 1.0724937896e+00 1.1445762450e-06
1484 1.0719928120e+00 1.1010776283e-06
1485 1.0715537526e+00 1.1150358777e-06
1486 1.0710428510e+00 1.1211178435e-06
1487 1.0705592998e+00 1.1055260317e-06
1488 1.0700922391e+00 1.1051206951e-06
1489 1.0696201876e+00 1.0891351818e-06
1490 1.0691307652e+00 1.1189174423e-06
1491 1.0686136427e+00 1.1054057688e-06
1492 1.0681200964e+00 1.0923750413e-06
1493 1.0676425295e+00 1.0932801865e-06
1494 1.0671238854e+00 1.1186567613e-06
1495 1.0666064425e+00 1.0886767061e-06
1496 1.0661034264e+00 1.1029542886e-06
1497 1.0655861632e+00 1.0892526100e-06
1498 1.0651003262e+00 1.0928461697e-06
1499 1.0646314397e+00 1.0754069924e-06
1500 1.0641503045e+00 1.1060023530e-06
1501 1.0636445420e+00 1.0839858501e-06
1502 1.0631655112e+00 1.0819941690e-06
1503 1.0627162661e+00 1.0615890715e-06
1504 1.0622373894e+00 1.0836433497e-06
1505 1.0617669886e+00 1.0526748511e-06
1506 1.0613288606e+00 1.0678654943e-06
1507 1.0608337690e+00 1.0901330708e-06
1508 1.0603157776e+00 1.0905257569e-06
1509 1.0597912740e+00 1.0928580368e-06
1510 1.0592555081e+00 1.1049254868e-06
1511 1.0587239048e+00 1.0636134726e-06
1512 1.0582647546e+00 1.0505001253e-06
1513 1.0577683479e+00 1.0733836425e-06
1514 1.0573092035e+00 1.0365554201e-06
1515 1.0568682397e+00 1.0634635958e-06
1516 1.0563444754e+00 1.0952491446e-06
1517 1.0558427500e+00 1.0549136700e-06
1518 1.0553561758e+00 1.0824845265e-06
1519 1.0548520347e+00 1.0808943180e-06
1520 1.0543730256e+00 1.0559124980e-06
1521 1.0538777334e+00 1.0955462909e-06
1522 1.0533354488e+00 1.0929777469e-06
1523 1.0528420908e+00 1.0587212821e-06
1524 1.0523885331e+00 1.0780449711e-06
1525 1.0518908744e+00 1.0718711019e-06
1526 1.0514000533e+00 1.0674677299e-06
1527 1.0509146488e+00 1.0593742422e-06
1528 1.0504428662e+00 1.0757947996e-06
1529 1.0500100180e+00 1.0532443706e-06
1530 1.0495366895e+00 1.0722397095e-06
1531 1.0490923497e+00 1.0428453748e-06
1532 1.0486271590e+00 1.0802241859e-06
1533 1.0480899712e+00 1.0996404593e-06
1534 1.0475946059e+00 1.0648289932e-06
1535 1.0471033453e+00 1.0864390369e-06
1536 1.0465687431e+00 1.0862676800e-06
1537 1.0460534993e+00 1.0898936885e-06
1538 1.0455345098e+00 1.0668292130e-06
1539 1.0450773345e+00 1.0604155679e-06
1540 1.0445879265e+00 1.0799177656e-06
1541 1.0440504680e+00 1.0840123001e-06
1542 1.0435764271e+00 1.0636500412e-06
1543 1.0431091486e+00 1.0764772220e-06
1544 1.0426060510e+00 1.0747552935e-06
1545 1.0421202401e+00 1.0697294628e-06
1546 1.0416173233e+00 1.0795053325e-06
1547 1.0411066554e+00 1.0556292614e-06
1548 1.0405886848e+00 1.0882363242e-06
1549 1.0400731356e+00 1.0741720811e-06
1550 1.0395806409e+00 1.0821995355e-06
1551 1.0390735773e+00 1.0827964650e-06
1552 1.0386100736e+00 1.0751861888e-06
1553 1.0380922061e+00 1.0804098947e-06
1554 1.0375782490e+00 1.0831069534e-06
1555 1.0370649694e+00 1.0936307597e-06
1556 1.0365545531e+00 1.0938147448e-06
1557 1.0360244328e+00 1.1134344280e-06
1558 1.0354427121e+00 1.1223873937e-06
1559 1.0348552039e+00 1.1331367334e-06
1560 1.0342823792e+00 1.1097581944e-06
1561 1.0337570590e+00 1.1029415191e-06
1562 1.0332362265e+00 1.0849878775e-06
1563 1.0327070568e+00 1.1006065181e-06
1564 1.0321407244e+00 1.0907796269e-06
1565 1.0315898892e+00 1.0969343180e-06
1566 1.0311449744e+00 1.0499508826e-06
1567 1.0306452987e+00 1.0963356222e-06
1568 1.0300885959e+00 1.0843504251e-06
1569 1.0295308986e+00 1.0941196497e-06
1570 1.0289617915e+00 1.0916650779e-06
1571 1.0284887950e+00 1.0403231543e-06
1572 1.0280145771e+00 1.0625304833e-06
1573 1.0274720208e+00 1.0753048837e-06
1574 1.0269648157e+00 1.0739456827e-06
1575 1.0264451935e+00 1.0881691483e-06
1576 1.0258761091e+00 1.0956286262e-06
1577 1.0253352760e+00 1.0696789568e-06
1578 1.0248021578e+00 1.0956556986e-06
1579 1.0242446936e+00 1.0834375737e-06
1580 1.0237582236e+00 1.0507471577e-06
1581 1.0232272018e+00 1.0814395869e-06
1582 1.0226655753e+00 1.0751048201e-06
1583 1.0221871507e+00 1.0397323380e-06
1584 1.0217000484e+00 1.0748002235e-06
1585 1.0211904483e+00 1.0395979463e-06
1586 1.0207084723e+00 1.0484698903e-06
1587 1.0202368331e+00 1.0334606814e-06
1588 1.0197911884e+00 1.0389448254e-06
1589 1.0193184372e+00 1.0541789613e-06
1590 1.0188535654e+00 1.0279563238e-06
1591 1.0183702379e+00 1.0661729540e-06
1592 1.0178479819e+00 1.0312955476e-06
1593 1.0174054885e+00 1.0134515734e-06
1594 1.0169745555e+00 1.0116561881e-06
1595 1.0164811175e+00 1.0483990352e-06
1596 1.0159441851e+00 1.0442861854e-06
1597 1.0154073967e+00 1.0302043997e-06
1598 1.0148832109e+00 1.0443319001e-06
1599 1.0143365912e+00 1.0451563440e-06
1600 1.0138033107e+00 1.0571619154e-06
1601 1.0133047370e+00 1.0254681569e-06
1602 1.0127933918e+00 1.0488550574e-06
1603 1.0122707327e+00 1.0447331150e-06
1604 1.0117534865e+00 1.0664471050e-06
1605 1.0112729091e+00 1.0261532458e-06
1606 1.0107704671e+00 1.0559346646e-06
1607 1.0102443673e+00 1.0443079664e-06
1608 1.0097412117e+00 1.0393525135e-06
1609 1.0092479624e+00 1.0431432765e-06
1610 1.0087603840e+00 1.0375331421e-06
1611 1.0082454814e+00 1.0683425312e-06
1612 1.0076876654e+00 1.0759193818e-06
1613 1.0071744634e+00 1.0315542485e-06
1614 1.0066981496e+00 1.0453514523e-06
1615 1.0061994213e+00 1.0468465647e-06
1616 1.0057345625e+00 1.0226671592e-06
1617 1.0052588022e+00 1.0335820971e-06
1618 1.0047921782e+00 1.0231823770e-06
1619 1.0042933536e+00 1.0477736528e-06
1620 1.0037881693e+00 1.0256954010e-06
1621 1.0033025076e+00 1.0420448867e-06
1622 1.0027739561e+00 1.0465139445e-06
1623 1.0022640669e+00 1.0167392721e-06
1624 1.0018143589e+00 1.0002789561e-06
1625 1.0013407239e+00 1.0161835891e-06
1626 1.0008533141e+00 1.0180063261e-06
1627 1.0003615925e+00 1.0182503243e-06
1628 9.9990130080e-01 9.8506432328e-07
1629 9.9950433715e-01 9.8977297751e-07
1630 9.9903788659e-01 1.0089058876e-06
1631 9.9851931457e-01 1.0305446134e-06
1632 9.9802119468e-01 9.9329068252e-07
1633 9.9754777557e-01 1.0158502075e-06
1634 9.9707407641e-01 1.0021648243e-06
1635 9.9661239970e-01 9.9174708559e-07
1636 9.9612761143e-01 1.0019378503e-06
1637 9.9560888263e-01 1.0120902748e-06
1638 9.9511596852e-01 9.8552203096e-07
1639 9.9471787863e-01 9.7671737467e-07
1640 9.9428811064e-01 9.8952443301e-07
1641 9.9385365209e-01 9.9159079627e-07
1642 9.9338591518e-01 9.8328116329e-07
1643 9.9296344007e-01 9.6312327245e-07
1644 9.9252632625e-01 9.7813978597e-07
1645 9.9207724741e-01 9.6643096759e-07
1646 9.9165576653e-01 9.6997797261e-07
1647 9.9121534671e-01 9.5529151649e-07
1648 9.9083098299e-01 9.2001914569e-07
1649 9.9040588504e-01 9.6476023736e-07
1650 9.8996346822e-01 9.4187262067e-07
1651 9.8956721153e-01 9.2500938160e-07
1652 9.8913852940e-01 9.5171292236e-07
1653 9.8870613331e-01 9.3712339017e-07
1654 9.8827536154e-01 9.4297179609e-07
1655 9.8783049791e-01 9.4429445750e-07
1656 9.8742350100e-01 9.2191732944e-07
1657 9.8701760999e-01 9.4975155007e-07
1658 9.8655646118e-01 9.5690647895e-07
1659 9.8610528225e-01 9.4477226277e-07
1660 9.8566990001e-01 9.4011703604e-07
1661 9.8521307543e-01 9.4883847038e-07
1662 9.8475804550e-01 9.4149896318e-07
1663 9.8434458295e-01 9.2496730736e-07
1664 9.8393908794e-01 9.3105764851e-07
1665 9.8352381090e-01 9.3255245381e-07
1666 9.8310501484e-01 9.1929149235e-07
1667 9.8269342207e-01 9.2585075523e-07
1668 9.8230591889e-01 9.1314917852e-07
1669 9.8188604788e-01 9.4493401514e-07
1670 9.8145992911e-01 9.2609217446e-07
1671 9.8104910480e-01 9.4471330771e-07
1672 9.8060007976e-01 9.5897118743e-07
1673 9.8015422997e-01 9.6837768760e-07
1674 9.7971700952e-01 9.6437537405e-07
1675 9.7927922813e-01 9.7388890806e-07
1676 9.7882948712e-01 9.6196330617e-07
1677 9.7839031075e-01 9.3779758486e-07
1678 9.7797306257e-01 9.5791240539e-07
1679 9.7752147536e-01 9.5417186116e-07
1680 9.7708283726e-01 9.5220634195e-07
1681 9.7663768644e-01 9.6733527367e-07
1682 9.7618497473e-01 9.5852812624e-07
1683 9.7574611442e-01 9.6892770425e-07
1684 9.7528608149e-01 9.7924669271e-07
1685 9.7482900403e-01 9.7477009538e-07
1686 9.7435600310e-01 9.8962149068e-07
1687 9.7389035866e-01 9.6203587402e-07
1688 9.7343021191e-01 9.8292428052e-07
1689 9.7295870717e-01 9.6355239832e-07
1690 9.7249763716e-01 9.6677919366e-07
1691 9.7205389443e-01 9.6533642238e-07
1692 9.7158215539e-01 9.8335022831e-07
1693 9.7114256008e-01 9.3800051845e-07
1694 9.7075329344e-01 9.8257151277e-07
1695 9.7024136973e-01 1.0003322753e-06
1696 9.6977139551e-01 9.4582906850e-07
1697 9.6936435121e-01 9.7730923349e-07
1698 9.6889961597e-01 9.6596082155e-07
1699 9.6847561362e-01 9.5725532952e-07
1700 9.6803259481e-01 9.8223478177e-07
1701 9.6759431919e-01 9.5112969129e-07
1702 9.6712958934e-01 1.0144690557e-06
1703 9.6666016618e-01 9.5524772912e-07
1704 9.6621641316e-01 1.0077413852e-06
1705 9.6569135870e-01 1.0003529647e-06
1706 9.6519251000e-01 9.9439553413e-07
1707 9.6468805564e-01 1.0118645101e-06
1708 9.6416060121e-01 1.0004680354e-06
1709 9.6366869095e-01 9.8688008421e-07
1710 9.6318165112e-01 1.0161703089e-06
1711 9.6265820012e-01 1.0233157605e-06
1712 9.6218040571e-01 9.9314715068e-07
1713 9.6167086799e-01 1.0175444974e-06
1714 9.6118798036e-01 1.0002717437e-06
1715 9.6072714737e-01 1.0142152302e-06
1716 9.6022481494e-01 1.0091537828e-06
1717 9.5976895157e-01 1.0002194651e-06
1718 9.5924477469e-01 1.0431576614e-06
1719 9.5870621532e-01 1.0058045312e-06
1720 9.5821810441e-01 1.0125159825e-06
1721 9.5769969602e-01 1.0266961622e-06
1722 9.5720492108e-01 1.0129861415e-06
1723 9.5669443999e-01 1.0321617312e-06
1724 9.5615790339e-01 1.0236205629e-06
1725 9.5567103489e-01 1.0046319647e-06
1726 9.5518923701e-01 1.0195431879e-06
1727 9.5467032925e-01 1.0180604753e-06
1728 9.5418882788e-01 9.9647505964e-07
1729 9.5368581432e-01 1.0288684319e-06
1730 9.5312650141e-01 1.0408665334e-06
1731 9.5259900949e-01 1.0202320292e-06
1732 9.5213157244e-01 1.0143561578e-06
1733 9.5167738715e-01 1.0142405254e-06
1734 9.5114117953e-01 1.0423674998e-06
1735 9.5056968751e-01 1.0482870895e-06
1736 9.5007149765e-01 9.8979863804e-07
1737 9.4959232937e-01 1.0373510928e-06
1738 9.4903191749e-01 1.0421037279e-06
1739 9.4851470754e-01 1.0042743908e-06
1740 9.4800330481e-01 1.0388298089e-06
1741 9.4746182419e-01 1.0127104191e-06
1742 9.4693886508e-01 1.0267961466e-06
1743 9.4640695207e-01 1.0223065447e-06
1744 9.4587645670e-01 1.0138840552e-06
1745 9.4541150214e-01 9.9289698803e-07
1746 9.4489521968e-01 1.0298919753e-06
1747 9.4436215014e-01 1.0082304136e-06
1748 9.4391244241e-01 9.8602104996e-07
1749 9.4342657827e-01 1.0090910302e-06
1750 9.4292538085e-01 9.9883102568e-07
1751 9.4244553412e-01 9.9519563231e-07
1752 9.4199449355e-01 9.7188184710e-07
1753 9.4160702616e-01 9.7367074857e-07
1754 9.4114400634e-01 9.8554930325e-07
1755 9.4071495384e-01 9.5659512726e-07
1756 9.4026788887e-01 9.8424510751e-07
1757 9.3978640577e-01 9.7852844355e-07
1758 9.3936763951e-01 9.6679618112e-07
1759 9.3892849728e-01 9.7618549386e-07
1760 9.3844760084e-01 9.9998335353e-07
1761 9.3795767748e-01 9.8322197673e-07
1762 9.3747971747e-01 9.8827644507e-07
1763 9.3701182262e-01 9.7822128896e-07
1764 9.3655015319e-01 9.7997333725e-07
1765 9.3607533430e-01 1.0075219020e-06
1766 9.3562032532e-01 9.4805156130e-07
1767 9.3521487601e-01 9.6966177533e-07
1768 9.3477444650e-01 9.6188206309e-07
1769 9.3438097561e-01 9.4346501621e-07
1770 9.3393163134e-01 9.8100863906e-07
1771 9.3347757739e-01 9.4666839208e-07
1772 9.3308589381e-01 9.4967919613e-07
1773 9.3264310392e-01 9.5792030086e-07
1774 9.3223092061e-01 9.4320493411e-07
1775 9.3185929361e-01 9.4288519649e-07
1776 9.3143445456e-01 9.5857115556e-07
1777 9.3099886033e-01 9.7110958399e-07
1778 9.3052561039e-01 9.7170640303e-07
1779 9.3006136296e-01 9.7412617649e-07
1780 9.2963121035e-01 9.6751433594e-07
1781 9.2915472970e-01 9.9751361516e-07
1782 9.2867105954e-01 9.8093253707e-07
1783 9.2822021242e-01 9.6372338725e-07
1784 9.2779933335e-01 9.5616595417e-07
1785 9.2740420865e-01 9.3743809056e-07
1786 9.2697528383e-01 9.6226399581e-07
1787 9.2650530693e-01 9.6724685979e-07
1788 9.2609407692e-01 9.2237416555e-07
1789 9.2568213788e-01 9.4648292191e-07
1790 9.2526139138e-01 9.2115323093e-07
1791 9.2489075105e-01 9.1958440751e-07
1792 9.2448553649e-01 9.3934868967e-07
1793 9.2410341141e-01 8.9846672729e-07
1794 9.2374089330e-01 9.2285703236e-07
1795 9.2332878715e-01 9.3481222080e-07
1796 9.2296485091e-01 9.1335901841e-07
1797 9.2257207407e-01 9.3239007495e-07
1798 9.2217523688e-01 9.1400832382e-07
1799 9.2178941300e-01 8.9391953890e-07
1800 9.2139787862e-01 9.2614569750e-07
1801 9.2100456568e-01 8.9565570635e-07
1802 9.2062495770e-01 9.1819878015e-07
1803 9.2022314992e-01 9.1814741372e-07
1804 9.1985520449e-01 9.0342970571e-07
1805 9.1947764609e-01 9.2358832471e-07
1806 9.1906511613e-01 9.1373235571e-07
1807 9.1871119853e-01 8.8490459368e-07
1808 9.1834977804e-01 9.1231027175e-07
1809 9.1798824132e-01 8.9913738735e-07
1810 9.1763104557e-01 9.1007903216e-07
1811 9.1726196438e-01 8.9453420594e-07
1812 9.1690452379e-01 9.1434012997e-07
1813 9.1654037440e-01 9.0580308201e-07
1814 9.1617846045e-01 9.1648611035e-07
1815 9.1577393672e-01 9.2457750037e-07
1816 9.1539970333e-01 8.9193127908e-07
1817 9.1507184138e-01 9.1035948449e-07
1818 9.1467706704e-01 9.1688217787e-07
1819 9.1430114506e-01 9.0152121830e-07
1820 9.1391239683e-01 9.1341906693e-07
1821 9.1349106095e-01 9.4450447305e-07
1822 9.1308932162e-01 9.0025101742e-07
1823 9.1271831771e-01 9.0290519716e-07
1824 9.1232798769e-01 9.1847790183e-07
1825 9.1195046905e-01 8.8815952189e-07
1826 9.1158673346e-01 8.9600714605e-07
1827 9.1123227688e-01 8.7913071311e-07
1828 9.1089458591e-01 8.7951931537e-07
1829 9.1051083192e-01 9.0747077840e-07
1830 9.1014245265e-01 8.7150762868e-07
1831 9.0980320917e-01 8.9160902553e-07
1832 9.0942085128e-01 8.9158638434e-07
1833 9.0906347262e-01 8.6246927617e-07
1834 9.0871003426e-01 8.8958753676e-07
1835 9.0832232039e-01 9.0676557666e-07
1836 9.0796359019e-01 8.7225966525e-07
1837 9.0761311263e-01 8.9797793588e-07
1838 9.0725355085e-01 8.6411622716e-07
1839 9.0692683317e-01 8.8751835949e-07
1840 9.0656477456e-01 8.7836196514e-07
1841 9.0620281774e-01 8.8177037985e-07
1842 9.0584101521e-01 8.8350944141e-07
1843 9.0544845813e-01 9.0151912468e-07
1844 9.0504854860e-01 9.0062930588e-07
1845 9.0466434767e-01 8.9341616775e-07
1846 9.0428645497e-01 9.0897456860e-07
1847 9.0393370198e-01 8.7833652000e-07
1848 9.0359960892e-01 9.1183857582e-07
1849 9.0322691320e-01 9.0779542106e-07
1850 9.0286167857e-01 8.9711348325e-07
1851 9.0248042073e-01 8.9673516187e-07
1852 9.0210469063e-01 8.9194765867e-07
1853 9.0175300318e-01 8.8808634966e-07
1854 9.0137663333e-01 8.9818755303e-07
1855 9.0099674357e-01 8.7501808527e-07
1856 9.0064083610e-01 8.8219860621e-07
1857 9.0027806292e-01 8.8319899082e-07
1858 8.9992848060e-01 8.7878499274e-07
1859 8.9958066721e-01 8.9397920950e-07
1860 8.9923693575e-01 8.8760845674e-07
1861 8.9889451198e-01 8.8725015610e-07
1862 8.9852502643e-01 9.0348269859e-07
1863 8.9814771223e-01 8.9859130163e-07
1864 8.9778726838e-01 8.9379347893e-07
1865 8.9745217454e-01 8.8777415332e-07
1866 8.9711643534e-01 8.9370561551e-07
1867 8.9678357762e-01 8.8087777607e-07
1868 8.9644471321e-01 8.8644718235e-07
1869 8.9608375507e-01 8.8401866285e-07
1870 8.9573282035e-01 8.7991650251e-07
1871 8.9539382005e-01 8.7361953061e-07
1872 8.9506240411e-01 8.7256407457e-07
1873 8.9472873456e-01 8.7520892955e-07
1874 8.9437940565e-01 8.8087271557e-07
1875 8.9402344037e-01 8.7885047700e-07
1876 8.9367073768e-01 8.7968637293e-07
1877 8.9334435498e-01 8.5799935960e-07
1878 8.9302727484e-01 8.6510386076e-07
1879 8.9271060265e-01 8.4625558876e-07
1880 8.9239613130e-01 8.6424123541e-07
1881 8.9204641850e-01 8.7028546864e-07
1882 8.9168546067e-01 8.6133786522e-07
1883 8.9134511924e-01 8.6126490700e-07
1884 8.9101530722e-01 8.5505466966e-07
1885 8.9067820416e-01 8.4758424343e-07
1886 8.9036207551e-01 8.4233042533e-07
1887 8.9002734733e-01 8.5686255267e-07
1888 8.8970863556e-01 8.4029114624e-07
1889 8.8940349570e-01 8.5210087250e-07
1890 8.8907922874e-01 8.3576014764e-07
1891 8.8878675162e-01 8.3250258886e-07
1892 8.8848187982e-01 8.3937305605e-07
1893 8.8817031160e-01 8.5308137179e-07
1894 8.8789172065e-01 8.3509893591e-07
1895 8.8757964389e-01 8.4472067527e-07
1896 8.8726658661e-01 8.3903124515e-07
1897 8.8697035357e-01 8.2584670698e-07
1898 8.8666395893e-01 8.4256253684e-07
1899 8.8637442087e-01 8.3042840509e-07
1900 8.8607570188e-01 8.4381427907e-07
1901 8.8576906695e-01 8.3389769104e-07
1902 8.8545870126e-01 8.4122511805e-07
1903 8.8512326208e-01 8.5255669451e-07
1904 8.8479730371e-01 8.3373484654e-07
1905 8.8449871137e-01 8.3091372648e-07
1906 8.8418756596e-01 8.4324189233e-07
1907 8.8386944291e-01 8.1690195828e-07
1908 8.8357424038e-01 8.2637645797e-07
1909 8.8325751729e-01 8.2025376323e-07
1910 8.8296240245e-01 8.1178388858e-07
1911 8.8266478828e-01 8.2235938923e-07
1912 8.8236131289e-01 8.2137449153e-07
1913 8.8209377833e-01 8.0063737465e-07
1914 8.8180216229e-01 8.3935736198e-07
1915 8.8150073913e-01 8.0227660964e-07
1916 8.8124002374e-01 8.1311230150e-07
1917 8.8094182915e-01 8.2566319270e-07
1918 8.8066346105e-01 8.0732276931e-07
1919 8.8038398803e-01 8.2398759297e-07
1920 8.8009858568e-01 8.1648794789e-07
1921 8.7984909865e-01 8.1329277395e-07
1922 8.7956082969e-01 8.1966544539e-07
1923 8.7927071508e-01 8.2026101944e-07
1924 8.7898341320e-01 8.1627029403e-07
1925 8.7871485428e-01 8.0379295710e-07
1926 8.7843012686e-01 8.3142210664e-07
1927 8.7814622177e-01 7.9729583126e-07
1928 8.7790177280e-01 8.0640821413e-07
1929 8.7761475853e-01 8.1464849463e-07
1930 8.7734808517e-01 7.9579984659e-07
1931 8.7710018952e-01 7.9457328298e-07
1932 8.7682212547e-01 8.0071755176e-07
1933 8.7656309072e-01 7.8859251895e-07
1934 8.7629692514e-01 8.0309940135e-07
1935 8.7601329885e-01 7.9973101417e-07
1936 8.7573270432e-01 8.0811412729e-07
1937 8.7544495150e-01 8.1188576880e-07
1938 8.7516837955e-01 8.0820964176e-07
1939 8.7489951904e-01 8.0275073948e-07
1940 8.7460939220e-01 8.0529325458e-07
1941 8.7434033833e-01 7.7161964579e-07
1942 8.7408313881e-01 7.9029793178e-07
1943 8.7380065941e-01 7.9925725518e-07
1944 8.7352006267e-01 7.9611834447e-07
1945 8.7325027929e-01 7.8338497948e-07
1946 8.7297177066e-01 7.9613061226e-07
1947 8.7270149718e-01 7.8628893665e-07
1948 8.7242474453e-01 7.9711297362e-07
1949 8.7215066282e-01 7.7199650640e-07
1950 8.7192761186e-01 7.6728162547e-07
1951 8.7165506270e-01 7.9018040505e-07
1952 8.7139067302e-01 7.6670865426e-07
1953 8.7117995413e-01 7.6460163834e-07
1954 8.7091619316e-01 7.9055582970e-07
1955 8.7065734682e-01 7.4563549505e-07
1956 8.7042048868e-01 7.6868047216e-07
1957 8.7015764568e-01 7.6721390001e-07
1958 8.6993359057e-01 7.4876068938e-07
1959 8.6969485540e-01 7.8059092747e-07
1960 8.6942770868e-01 7.7467930732e-07
1961 8.6917577347e-01 7.7610376665e-07
1962 8.6891526470e-01 7.8552442951e-07
1963 8.6866086901e-01 7.6387676559e-07
1964 8.6839678509e-01 7.8443237169e-07
1965 8.6814079820e-01 7.6060012269e-07
1966 8.6789367318e-01 7.8186087591e-07
1967 8.6762319402e-01 7.8082430427e-07
1968 8.6737110518e-01 7.5074133551e-07
1969 8.6713360922e-01 7.5630290502e-07
1970 8.6687037607e-01 7.7012330389e-07
1971 8.6662569726e-01 7.4618732951e-07
1972 8.6638823194e-01 7.7274595435e-07
1973 8.6613067041e-01 7.6349003235e-07
1974 8.6589431891e-01 7.5706805485e-07
1975 8.6566026554e-01 7.4630112813e-07
1976 8.6544295475e-01 7.5411337987e-07
1977 8.6519649981e-01 7.5050349554e-07
1978 8.6497485093e-01 7.2688327312e-07
1979 8.6475542632e-01 7.4193853735e-07
1980 8.6451681619e-01 7.4028537982e-07
1981 8.6430575612e-01 7.0803841797e-07
1982 8.6408779680e-01 7.3856000530e-07
1983 8.6386898192e-01 7.1193938609e-07
1984 8.6366057174e-01 7.4312451507e-07
1985 8.6341568978e-01 7.4058012649e-07
1986 8.6319471624e-01 7.3779737438e-07
1987 8.6294887551e-01 7.5211446207e-07
1988 8.6271670715e-01 7.3056125246e-07
1989 8.6246987265e-01 7.6048375796e-07
1990 8.6220311455e-01 7.4904788392e-07
1991 8.6196185671e-01 7.3774089750e-07
1992 8.6172975999e-01 7.3505604312e-07
1993 8.6149633350e-01 7.4099060626e-07
1994 8.6127435948e-01 7.3617872640e-07
1995 8.6104476608e-01 7.4444246024e-07
1996 8.6080753890e-01 7.3917835302e-07
1997 8.6056152426e-01 7.5321282059e-07
1998 8.6031421627e-01 7.4218294700e-07
1999 8.6009027565e-01 7.3142438355e-07
