iter rel_error rel_residual
0 1.0516897325e+00 4.1550772360e-01
1 1.1475241909e+00 2.1532423014e-01
2 1.0013450178e+00 1.7995210152e-01
3 9.4176414759e-01 1.3551883771e-01
4 9.3288470950e-01 1.0391453805e-01
5 9.0328669764e-01 8.1984528885e-02
6 8.7626394434e-01 6.2465715984e-02
7 8.6325778137e-01 4.1603085641e-02
8 8.5286926516e-01 2.6494585972e-02
9 8.4596471629e-01 1.6187384085e-02
10 8.3991424515e-01 1.2688820692e-02
11 8.3203023284e-01 1.1407350732e-02
12 8.2439642051e-01 1.2159894229e-02
13 8.1531429207e-01 1.0855843647e-02
14 8.0120783425e-01 1.1552709801e-02
15 7.8951368371e-01 1.1347444263e-02
16 7.7941597583e-01 1.0516431601e-02
17 7.6894302777e-01 9.7448136008e-03
18 7.6231286164e-01 8.2800061618e-03
19 7.5700575375e-01 7.0659622919e-03
20 7.5025718787e-01 6.1393914106e-03
21 7.4482976572e-01 5.7515088189e-03
22 7.4010462585e-01 5.9792613386e-03
23 7.3484194956e-01 5.7357459330e-03
24 7.2975353730e-01 5.7735455007e-03
25 7.2505349568e-01 4.7076525734e-03
26 7.2016078899e-01 5.0236953334e-03
27 7.1549589760e-01 5.2009252223e-03
28 7.1144857386e-01 3.9974403223e-03
29 7.0771818229e-01 3.9620161600e-03
30 7.0467600717e-01 3.6379542147e-03
31 7.0235315537e-01 2.9833695985e-03
32 7.0025704896e-01 3.0162195399e-03
33 6.9841210186e-01 2.9723229827e-03
34 6.9669263585e-01 2.7146301994e-03
35 6.9489525552e-01 2.5146488328e-03
36 6.9318544812e-01 2.7977879801e-03
37 6.9168173216e-01 2.7383822559e-03
38 6.9018107629e-01 2.4665468693e-03
39 6.8898180366e-01 2.3511927736e-03
40 6.8790414037e-01 1.8654552268e-03
41 6.8697432758e-01 1.7499031794e-03
42 6.8614748587e-01 1.7740032380e-03
43 6.8531117889e-01 1.8466248370e-03
44 6.8432524746e-01 1.7296447380e-03
45 6.8326772659e-01 1.7496849260e-03
46 6.8226905691e-01 1.7518561719e-03
47 6.8138444405e-01 1.6423121496e-03
48 6.8063914814e-01 1.4734757514e-03
49 6.8008701611e-01 1.2741780046e-03
50 6.7954727275e-01 1.2041636240e-03
51 6.7901727839e-01 1.1712031783e-03
52 6.7846446613e-01 1.0733947289e-03
53 6.7782555608e-01 1.1923602621e-03
54 6.7713706559e-01 1.0538320609e-03
55 6.7649301566e-01 1.0098283872e-03
56 6.7589208765e-01 9.2723008396e-04
57 6.7533154306e-01 9.6664456336e-04
58 6.7483110204e-01 9.2611447192e-04
59 6.7433132392e-01 8.3156124152e-04
60 6.7377733108e-01 9.6100233388e-04
61 6.7308868430e-01 9.5359045428e-04
62 6.7233263597e-01 9.4160348224e-04
63 6.7154327793e-01 1.0582046926e-03
64 6.7077277890e-01 9.5771883140e-04
65 6.7009609861e-01 8.6181312198e-04
66 6.6949000768e-01 8.1070177040e-04
67 6.6898892097e-01 6.9692575516e-04
68 6.6852776318e-01 7.2410811407e-04
69 6.6801057635e-01 7.3785241124e-04
70 6.6745994814e-01 7.3717772732e-04
71 6.6687042144e-01 6.7327396664e-04
72 6.6623817132e-01 7.1300854628e-04
73 6.6566564303e-01 7.4663374565e-04
74 6.6510909241e-01 7.2359709301e-04
75 6.6462540968e-01 7.4669663365e-04
76 6.6419031928e-01 7.3225254149e-04
77 6.6374600103e-01 6.7702974784e-04
78 6.6328477744e-01 6.5888206469e-04
79 6.6278478718e-01 6.4768372264e-04
80 6.6230685116e-01 5.9762929986e-04
81 6.6187246393e-01 5.8862928220e-04
82 6.6145024846e-01 5.7070618184e-04
83 6.6107728836e-01 5.8944552929e-04
84 6.6074036113e-01 5.7597143690e-04
85 6.6042082669e-01 5.2747586282e-04
86 6.6010730760e-01 5.0529561757e-04
87 6.5977887276e-01 4.8019445209e-04
88 6.5944154702e-01 4.9332823566e-04
89 6.5908377267e-01 4.9832772845e-04
90 6.5872766919e-01 4.6843399058e-04
91 6.5838284780e-01 4.7436206264e-04
92 6.5806006775e-01 4.9120723583e-04
93 6.5774321236e-01 4.9643985178e-04
94 6.5740250674e-01 4.7556018969e-04
95 6.5701531338e-01 4.7793978353e-04
96 6.5662377110e-01 5.0050787422e-04
97 6.5619338703e-01 4.8530498123e-04
98 6.5577795813e-01 4.8968270588e-04
99 6.5537376731e-01 5.0319069416e-04
100 6.5496914053e-01 4.9567231243e-04
101 6.5456517892e-01 4.6636919700e-04
102 6.5415232401e-01 4.7861829715e-04
103 6.5372919118e-01 4.7433755986e-04
104 6.5329981008e-01 4.7260914058e-04
105 6.5284051734e-01 4.4004576733e-04
106 6.5238007543e-01 4.4175648231e-04
107 6.5191677156e-01 4.3968119344e-04
108 6.5142458468e-01 4.3833344488e-04
109 6.5092600430e-01 4.5214771221e-04
110 6.5044942064e-01 4.4023154069e-04
111 6.4994523555e-01 4.3571428274e-04
112 6.4943138773e-01 4.5106703073e-04
113 6.4889159902e-01 4.5616075694e-04
114 6.4835147081e-01 4.5796110788e-04
115 6.4775336827e-01 4.6660520765e-04
116 6.4716393074e-01 4.8709677712e-04
117 6.4654526049e-01 5.1894461239e-04
118 6.4593544118e-01 5.8061528351e-04
119 6.4533107230e-01 6.3527579440e-04
120 6.4473551423e-01 6.1185726889e-04
121 6.4411797953e-01 5.1654329066e-04
122 6.4348305914e-01 4.7265590263e-04
123 6.4283064986e-01 4.2754593501e-04
124 6.4216433090e-01 4.3774862730e-04
125 6.4152566262e-01 4.4972203816e-04
126 6.4091155022e-01 4.5511735189e-04
127 6.4029892510e-01 4.8357171224e-04
128 6.3968113326e-01 4.6077878248e-04
129 6.3907872533e-01 4.7621017625e-04
130 6.3841965921e-01 4.4766679068e-04
131 6.3774968623e-01 4.5843021876e-04
132 6.3706422233e-01 4.4534280708e-04
133 6.3637582869e-01 4.3240792389e-04
134 6.3571412149e-01 4.7617128994e-04
135 6.3507951545e-01 5.0863019416e-04
136 6.3448512256e-01 5.5472644880e-04
137 6.3387545790e-01 5.3050169959e-04
138 6.3322551599e-01 4.9667924611e-04
139 6.3253500939e-01 4.4184880510e-04
140 6.3181278056e-01 4.4293114608e-04
141 6.3108826519e-01 4.2637516201e-04
142 6.3034203705e-01 4.1673186319e-04
143 6.2960074070e-01 4.1106031025e-04
144 6.2886900859e-01 4.0700823370e-04
145 6.2813420322e-01 4.1282166403e-04
146 6.2740841637e-01 4.2029888883e-04
147 6.2672216175e-01 4.0509133752e-04
148 6.2605638956e-01 3.9480871528e-04
149 6.2536882102e-01 3.9270864511e-04
150 6.2467224883e-01 4.1220665756e-04
151 6.2395060958e-01 3.9903319639e-04
152 6.2324728088e-01 4.0462174415e-04
153 6.2253888312e-01 4.2874575258e-04
154 6.2184449105e-01 4.7029822669e-04
155 6.2117827593e-01 5.0286380133e-04
156 6.2049193742e-01 5.3890910962e-04
157 6.1976248331e-01 4.7488500568e-04
158 6.1904468902e-01 4.2374070896e-04
159 6.1829698574e-01 4.2218304768e-04
160 6.1758086312e-01 4.3203074124e-04
161 6.1688229104e-01 4.0411961802e-04
162 6.1620605022e-01 3.9807475636e-04
163 6.1550405656e-01 4.1083792943e-04
164 6.1485905231e-01 4.1416447357e-04
165 6.1418964666e-01 4.1194073255e-04
166 6.1350362064e-01 3.8036144534e-04
167 6.1280849045e-01 3.6004656194e-04
168 6.1214925016e-01 3.6609092768e-04
169 6.1148434033e-01 4.0536161792e-04
170 6.1086418538e-01 4.3355132850e-04
171 6.1024961448e-01 4.6440930344e-04
172 6.0960886917e-01 4.2138021557e-04
173 6.0895594972e-01 4.0783468807e-04
174 6.0831250135e-01 3.9049889334e-04
175 6.0765247318e-01 3.7867562700e-04
176 6.0704651964e-01 3.5793705123e-04
177 6.0644318651e-01 3.4988955490e-04
178 6.0583766635e-01 3.3319085196e-04
179 6.0520794937e-01 3.3867231655e-04
180 6.0458213990e-01 3.2860930288e-04
181 6.0397743368e-01 3.3419740134e-04
182 6.0339504312e-01 3.2072024646e-04
183 6.0283956717e-01 3.2235902801e-04
184 6.0234060771e-01 3.2888846253e-04
185 6.0182372548e-01 3.1364388664e-04
186 6.0132573917e-01 2.9207090242e-04
187 6.0081394750e-01 2.7793175227e-04
188 6.0029517133e-01 2.8355230470e-04
189 5.9979597236e-01 2.9674478052e-04
190 5.9927208639e-01 2.8391716171e-04
191 5.9875287812e-01 2.8953933619e-04
192 5.9826012913e-01 2.8764914080e-04
193 5.9775780708e-01 2.8332939880e-04
194 5.9727167109e-01 2.7943778910e-04
195 5.9678023878e-01 2.7934804944e-04
196 5.9627370036e-01 2.9712994702e-04
197 5.9576134700e-01 2.8258435389e-04
198 5.9526950792e-01 2.7594596991e-04
199 5.9481261142e-01 2.6211790397e-04
200 5.9437664382e-01 2.5285146144e-04
201 5.9396266957e-01 2.6482917879e-04
202 5.9353264227e-01 2.6312257729e-04
203 5.9308386257e-01 2.4874410258e-04
204 5.9264742082e-01 2.5762938330e-04
205 5.9220356379e-01 2.5348178379e-04
206 5.9173122012e-01 2.6829376161e-04
207 5.9127259212e-01 2.6887330843e-04
208 5.9081617153e-01 2.6072790960e-04
209 5.9037429736e-01 2.5585411274e-04
210 5.8993953780e-01 2.6246212319e-04
211 5.8950368696e-01 2.6215771338e-04
212 5.8905636377e-01 2.6399810714e-04
213 5.8855973642e-01 2.6624879281e-04
214 5.8804142784e-01 2.8350526610e-04
215 5.8751227361e-01 2.6989229398e-04
216 5.8705194565e-01 2.6592533264e-04
217 5.8657675591e-01 2.6832718968e-04
218 5.8611347545e-01 2.5606595387e-04
219 5.8563175879e-01 2.7259290689e-04
220 5.8513133252e-01 2.8954160371e-04
221 5.8462795639e-01 3.3834789167e-04
222 5.8414171394e-01 3.8657834670e-04
223 5.8367523872e-01 3.5692713440e-04
224 5.8319952740e-01 2.9752333733e-04
225 5.8272281953e-01 2.8010605000e-04
226 5.8222214833e-01 2.6739118720e-04
227 5.8171130318e-01 2.7223241525e-04
228 5.8119577893e-01 2.5543437730e-04
229 5.8067808693e-01 2.7663490538e-04
230 5.8018861531e-01 3.1837991735e-04
231 5.7971106296e-01 3.4800001493e-04
232 5.7925925973e-01 3.3056044320e-04
233 5.7880103642e-01 2.7274905778e-04
234 5.7836441993e-01 2.4887013462e-04
235 5.7791649177e-01 2.4470383947e-04
236 5.7747658858e-01 2.4328526260e-04
237 5.7705697262e-01 2.4834689145e-04
238 5.7664102026e-01 2.4170884320e-04
239 5.7622165549e-01 2.3803914516e-04
240 5.7576490842e-01 2.2585869519e-04
241 5.7530523797e-01 2.3865063709e-04
242 5.7483819807e-01 2.3464499361e-04
243 5.7438292688e-01 2.4516234970e-04
244 5.7393929097e-01 2.3574290276e-04
245 5.7348863114e-01 2.3026211163e-04
246 5.7303483640e-01 2.3373062645e-04
247 5.7259814288e-01 2.2516913999e-04
248 5.7218315260e-01 2.1805322726e-04
249 5.7180019624e-01 2.2089922634e-04
250 5.7141194836e-01 2.2124657074e-04
251 5.7104762377e-01 2.3373943278e-04
252 5.7067304038e-01 2.4245432427e-04
253 5.7029926298e-01 2.6979954514e-04
254 5.6994832237e-01 2.5753279360e-04
255 5.6958928543e-01 2.4000073589e-04
256 5.6922643366e-01 2.0960287254e-04
257 5.6887293993e-01 1.9915676377e-04
258 5.6852590151e-01 2.1715589733e-04
259 5.6819697019e-01 2.1802619610e-04
260 5.6785159174e-01 2.1935741854e-04
261 5.6750071081e-01 1.9973818285e-04
262 5.6713166966e-01 2.0197289286e-04
263 5.6678161343e-01 2.1826067139e-04
264 5.6645293622e-01 2.3152466585e-04
265 5.6611800445e-01 2.3094824131e-04
266 5.6580185166e-01 2.4010650225e-04
267 5.6548942234e-01 2.1976996150e-04
268 5.6517069731e-01 2.0288444119e-04
269 5.6484200439e-01 1.9403303050e-04
270 5.6451818992e-01 1.7680262263e-04
271 5.6419201170e-01 1.7344709995e-04
272 5.6387573246e-01 1.8211578370e-04
273 5.6356581917e-01 1.7327677099e-04
274 5.6323948312e-01 1.7392370278e-04
275 5.6291105671e-01 1.6901277459e-04
276 5.6258634206e-01 1.7799305533e-04
277 5.6225270194e-01 1.9000357984e-04
278 5.6191694393e-01 2.0444056394e-04
279 5.6158620027e-01 2.3971238859e-04
280 5.6127559707e-01 2.3124937990e-04
281 5.6095167508e-01 2.1596655082e-04
282 5.6062158430e-01 1.7503402733e-04
283 5.6028157006e-01 1.7131882342e-04
284 5.5994202778e-01 1.7085924608e-04
285 5.5960465536e-01 1.6813287471e-04
286 5.5925962972e-01 1.6699875789e-04
287 5.5891280602e-01 1.7875125112e-04
288 5.5857912861e-01 1.7049169536e-04
289 5.5824561706e-01 1.6795828038e-04
290 5.5793012680e-01 1.6331654138e-04
291 5.5759788408e-01 1.6234829013e-04
292 5.5725752313e-01 1.7271740410e-04
293 5.5691342788e-01 1.7508421807e-04
294 5.5657058727e-01 1.6812069361e-04
295 5.5622284189e-01 1.7056017399e-04
296 5.5587182570e-01 1.6664822040e-04
297 5.5551958173e-01 1.6784968064e-04
298 5.5516482914e-01 1.6330286470e-04
299 5.5482036225e-01 1.7492905766e-04
300 5.5448160491e-01 1.8465382087e-04
301 5.5414688235e-01 1.9475112804e-04
302 5.5383338246e-01 2.0241962105e-04
303 5.5351673476e-01 1.8894282245e-04
304 5.5321031866e-01 1.8395126570e-04
305 5.5290465205e-01 1.6788166541e-04
306 5.5258341222e-01 1.7250725224e-04
307 5.5227101808e-01 1.6938074121e-04
308 5.5194716672e-01 1.5739597965e-04
309 5.5163227500e-01 1.4677182970e-04
310 5.5132497361e-01 1.4258777065e-04
311 5.5102886751e-01 1.4867680560e-04
312 5.5074093361e-01 1.4698061113e-04
313 5.5045595227e-01 1.4829766748e-04
314 5.5018354112e-01 1.4646124210e-04
315 5.4990937632e-01 1.4021307875e-04
316 5.4963713422e-01 1.4487121419e-04
317 5.4936127729e-01 1.3624860088e-04
318 5.4907499677e-01 1.2533391080e-04
319 5.4879433349e-01 1.3139759410e-04
320 5.4852531783e-01 1.3058167340e-04
321 5.4824833954e-01 1.3599453429e-04
322 5.4795565805e-01 1.4281534937e-04
323 5.4765253605e-01 1.4202552151e-04
324 5.4732665117e-01 1.4831966318e-04
325 5.4698531490e-01 1.5090624018e-04
326 5.4664394004e-01 1.5250592721e-04
327 5.4631335441e-01 1.5181284881e-04
328 5.4598459397e-01 1.6699851645e-04
329 5.4567400340e-01 1.9531587478e-04
330 5.4535611271e-01 1.8948967857e-04
331 5.4503115106e-01 1.7539737366e-04
332 5.4469225379e-01 1.5270359862e-04
333 5.4432811886e-01 1.4894556422e-04
334 5.4395261937e-01 1.4910627480e-04
335 5.4359099079e-01 1.4459862534e-04
336 5.4322563206e-01 1.4689548728e-04
337 5.4286421099e-01 1.4627319710e-04
338 5.4250659492e-01 1.5518696140e-04
339 5.4214622230e-01 1.6315314286e-04
340 5.4177907086e-01 1.6081990299e-04
341 5.4139938283e-01 1.6004982561e-04
342 5.4099382636e-01 1.5724468318e-04
343 5.4059608421e-01 1.5996605755e-04
344 5.4017739753e-01 1.5527731540e-04
345 5.3976190396e-01 1.4557392394e-04
346 5.3935462475e-01 1.4419816186e-04
347 5.3896187405e-01 1.5096746795e-04
348 5.3859317536e-01 1.8013850355e-04
349 5.3824022171e-01 1.7888847413e-04
350 5.3787563387e-01 1.7020276298e-04
351 5.3749730185e-01 1.5816384276e-04
352 5.3708912032e-01 1.4578565807e-04
353 5.3668005368e-01 1.4776224244e-04
354 5.3626592589e-01 1.4730950008e-04
355 5.3584437756e-01 1.4706062148e-04
356 5.3541383131e-01 1.3637472527e-04
357 5.3498193730e-01 1.3507277141e-04
358 5.3453925323e-01 1.4272697356e-04
359 5.3408598146e-01 1.5077463108e-04
360 5.3361434859e-01 1.6078056666e-04
361 5.3311968633e-01 1.7015449723e-04
362 5.3264551748e-01 1.7864868199e-04
363 5.3215809649e-01 1.6606121829e-04
364 5.3165759428e-01 1.6184273792e-04
365 5.3115891210e-01 1.5473201570e-04
366 5.3066392156e-01 1.5851811902e-04
367 5.3015793254e-01 1.6460386684e-04
368 5.2964888698e-01 1.7477615428e-04
369 5.2918298312e-01 1.7807715173e-04
370 5.2868636815e-01 1.5219059714e-04
371 5.2817404104e-01 1.4123543254e-04
372 5.2765774511e-01 1.6257068827e-04
373 5.2714921853e-01 1.8378227075e-04
374 5.2664809452e-01 1.8393312726e-04
375 5.2609298039e-01 1.6521394535e-04
376 5.2551071331e-01 1.5587929677e-04
377 5.2492142509e-01 1.6355439239e-04
378 5.2432328587e-01 1.5499485863e-04
379 5.2370641272e-01 1.4721471814e-04
380 5.2307331638e-01 1.5855971037e-04
381 5.2245488188e-01 1.5544684254e-04
382 5.2185191905e-01 1.6267134738e-04
383 5.2124557048e-01 1.6275957884e-04
384 5.2064982534e-01 1.6288839033e-04
385 5.2007126559e-01 1.6089673312e-04
386 5.1950676688e-01 1.6102374349e-04
387 5.1893234348e-01 1.6274356127e-04
388 5.1830963112e-01 1.6528446228e-04
389 5.1762358165e-01 1.6923361230e-04
390 5.1691663298e-01 1.7953760204e-04
391 5.1624145303e-01 2.1593721483e-04
392 5.1561899675e-01 2.2845705787e-04
393 5.1498219694e-01 2.0551292307e-04
394 5.1432520290e-01 1.7720646704e-04
395 5.1364158335e-01 1.6959328571e-04
396 5.1298523703e-01 1.6871959415e-04
397 5.1230400225e-01 1.7336330822e-04
398 5.1164209915e-01 1.8784256974e-04
399 5.1100577070e-01 1.9444938127e-04
400 5.1036711682e-01 1.9675250450e-04
401 5.0974872052e-01 1.9341667323e-04
402 5.0912311008e-01 1.7730170810e-04
403 5.0850145092e-01 1.6840055216e-04
404 5.0787096127e-01 1.5106935813e-04
405 5.0726259896e-01 1.4676654669e-04
406 5.0668459210e-01 1.6146946098e-04
407 5.0609470441e-01 1.6636869598e-04
408 5.0548729979e-01 1.5912755009e-04
409 5.0486587270e-01 1.5771996008e-04
410 5.0425203845e-01 1.5628416123e-04
411 5.0365767749e-01 1.5819729238e-04
412 5.0306689230e-01 1.5467430641e-04
413 5.0248431303e-01 1.4619331807e-04
414 5.0193652757e-01 1.5191638339e-04
415 5.0139332322e-01 1.6381748163e-04
416 5.0086231658e-01 1.5317200073e-04
417 5.0032841246e-01 1.4675364629e-04
418 4.9981377332e-01 1.4854588426e-04
419 4.9930278142e-01 1.4304421423e-04
420 4.9880638145e-01 1.3910549529e-04
421 4.9829885461e-01 1.4225100927e-04
422 4.9778431008e-01 1.4221211774e-04
423 4.9725392048e-01 1.3700994430e-04
424 4.9671683420e-01 1.3944009228e-04
425 4.9620048827e-01 1.4043677928e-04
426 4.9570029448e-01 1.3388145444e-04
427 4.9522763834e-01 1.3768380949e-04
428 4.9477282967e-01 1.4043000498e-04
429 4.9434788157e-01 1.5933417164e-04
430 4.9395354453e-01 1.8414524342e-04
431 4.9357886630e-01 1.7770972765e-04
432 4.9320061650e-01 1.4955989469e-04
433 4.9283040761e-01 1.2971877843e-04
434 4.9245230326e-01 1.2182417862e-04
435 4.9207816067e-01 1.1735718783e-04
436 4.9171923047e-01 1.1982244706e-04
437 4.9136927243e-01 1.2057295906e-04
438 4.9101671737e-01 1.1872996148e-04
439 4.9066181639e-01 1.2094220052e-04
440 4.9031084864e-01 1.2705068465e-04
441 4.8998061837e-01 1.2276692845e-04
442 4.8965968700e-01 1.1561714315e-04
443 4.8933971187e-01 1.1576956807e-04
444 4.8902146332e-01 1.1144109435e-04
445 4.8871765424e-01 1.0932754640e-04
446 4.8840198163e-01 1.1290273940e-04
447 4.8810358462e-01 1.1029897495e-04
448 4.8782069646e-01 1.0571215169e-04
449 4.8753318891e-01 1.1539349307e-04
450 4.8725183722e-01 1.0658975501e-04
451 4.8698667998e-01 1.0254872572e-04
452 4.8670919689e-01 1.0850141528e-04
453 4.8642400170e-01 1.0934067044e-04
454 4.8612349714e-01 1.0977267906e-04
455 4.8581118504e-01 1.1193454722e-04
456 4.8549191096e-01 1.2459278800e-04
457 4.8518757005e-01 1.3131980362e-04
458 4.8488704374e-01 1.5652059050e-04
459 4.8459819237e-01 1.5316908224e-04
460 4.8431066178e-01 1.3333200843e-04
461 4.8402104831e-01 1.1578117107e-04
462 4.8372673003e-01 1.1118978997e-04
463 4.8344854340e-01 1.1634687888e-04
464 4.8317223255e-01 1.2404373169e-04
465 4.8289876149e-01 1.3565253951e-04
466 4.8262530553e-01 1.4394953777e-04
467 4.8234186347e-01 1.3121686526e-04
468 4.8205132768e-01 1.2594213235e-04
469 4.8176266890e-01 1.1668063887e-04
470 4.8147784788e-01 1.1110308632e-04
471 4.8118966428e-01 1.0957922420e-04
472 4.8090830872e-01 1.0902561558e-04
473 4.8062084915e-01 1.0692516939e-04
474 4.8033898794e-01 1.0387338775e-04
475 4.8006353545e-01 1.0937561011e-04
476 4.7979370723e-01 1.1549268666e-04
477 4.7953048628e-01 1.2275251130e-04
478 4.7927454088e-01 1.2904888259e-04
479 4.7902057833e-01 1.2047010245e-04
480 4.7876312792e-01 1.1120409031e-04
481 4.7850774852e-01 1.0185351107e-04
482 4.7824881555e-01 1.1167604133e-04
483 4.7800330331e-01 1.2578899627e-04
484 4.7776262274e-01 1.1860287778e-04
485 4.7749861543e-01 1.0803700797e-04
486 4.7723175162e-01 1.0395169427e-04
487 4.7697097700e-01 1.0587406840e-04
488 4.7671003682e-01 1.0091912246e-04
489 4.7644451914e-01 9.9295777786e-05
490 4.7618203340e-01 1.0481204700e-04
491 4.7591369469e-01 1.0178233592e-04
492 4.7564898436e-01 1.0096502510e-04
493 4.7539621130e-01 1.0479839073e-04
494 4.7515031452e-01 1.1829851722e-04
495 4.7492226006e-01 1.2666154540e-04
496 4.7471059446e-01 1.1816796408e-04
497 4.7448863019e-01 9.8690313752e-05
498 4.7426504003e-01 9.5245167418e-05
499 4.7404306685e-01 9.9943299586e-05
500 4.7383926234e-01 1.1001803726e-04
501 4.7363079025e-01 1.0969212939e-04
502 4.7340300711e-01 1.0390204557e-04
503 4.7316912860e-01 9.2864333576e-05
504 4.7293918541e-01 9.3759156159e-05
505 4.7270618498e-01 8.8954105890e-05
506 4.7247900314e-01 8.9999134130e-05
507 4.7225581183e-01 9.4476500367e-05
508 4.7203494259e-01 8.8525044273e-05
509 4.7181855245e-01 8.5888964139e-05
510 4.7161671154e-01 8.6620112217e-05
511 4.7141946309e-01 7.9415527825e-05
512 4.7122717449e-01 8.0083415906e-05
513 4.7102600630e-01 8.5415779987e-05
514 4.7082652273e-01 9.4565255542e-05
515 4.7062444290e-01 8.8767132353e-05
516 4.7042997756e-01 8.6809090576e-05
517 4.7023628057e-01 9.4335243854e-05
518 4.7004024733e-01 9.3010044655e-05
519 4.6984055146e-01 8.9172460141e-05
520 4.6963578723e-01 8.5265434162e-05
521 4.6943102027e-01 8.7567761641e-05
522 4.6923155463e-01 8.9540664667e-05
523 4.6902529619e-01 8.2082439180e-05
524 4.6882846834e-01 8.3729873544e-05
525 4.6863996607e-01 7.9541982360e-05
526 4.6844859120e-01 8.6212718266e-05
527 4.6825348170e-01 8.5230753490e-05
528 4.6805537312e-01 9.8642520661e-05
529 4.6786042979e-01 1.0186103799e-04
530 4.6766556614e-01 9.9198599355e-05
531 4.6746765065e-01 9.2851519766e-05
532 4.6726668133e-01 9.0262280391e-05
533 4.6706507975e-01 9.5182316499e-05
534 4.6686437958e-01 1.0090601254e-04
535 4.6666940000e-01 1.0927838667e-04
536 4.6648046221e-01 1.1446299717e-04
537 4.6627768374e-01 1.0857603865e-04
538 4.6607467384e-01 1.0625255938e-04
539 4.6586959136e-01 9.6624886775e-05
540 4.6566356894e-01 8.9434296123e-05
541 4.6546126380e-01 8.4128833571e-05
542 4.6526349788e-01 7.8475159307e-05
543 4.6507055136e-01 7.7545863976e-05
544 4.6486543828e-01 8.1917751826e-05
545 4.6465682961e-01 8.7845321127e-05
546 4.6444902508e-01 8.8001828127e-05
547 4.6423574998e-01 8.1204872718e-05
548 4.6402447343e-01 8.7551471475e-05
549 4.6381271936e-01 9.0782371573e-05
550 4.6359526118e-01 8.8990174761e-05
551 4.6337691441e-01 8.5950769117e-05
552 4.6315688363e-01 9.2697645088e-05
553 4.6293731974e-01 9.2427908978e-05
554 4.6271235947e-01 8.8545251716e-05
555 4.6248851809e-01 9.2631157630e-05
556 4.6227854983e-01 1.0082900773e-04
557 4.6208303743e-01 9.2967036928e-05
558 4.6187569346e-01 8.2468383800e-05
559 4.6167363536e-01 7.6142131398e-05
560 4.6146944922e-01 7.7411144159e-05
561 4.6127412484e-01 9.3526067495e-05
562 4.6107915275e-01 1.1175311156e-04
563 4.6088470286e-01 1.0647035211e-04
564 4.6066714288e-01 9.3618656795e-05
565 4.6044575157e-01 9.0024519227e-05
566 4.6021778932e-01 8.1558855868e-05
567 4.5998696473e-01 7.8901108364e-05
568 4.5975325555e-01 8.0980292853e-05
569 4.5952549101e-01 8.5439297453e-05
570 4.5929919517e-01 8.1608838342e-05
571 4.5906819745e-01 7.7245685340e-05
572 4.5883652874e-01 7.9380239338e-05
573 4.5861753857e-01 8.4209050554e-05
574 4.5838994707e-01 7.6363264170e-05
575 4.5816914430e-01 7.6674457452e-05
576 4.5794744429e-01 8.0007764827e-05
577 4.5771380887e-01 8.1713173108e-05
578 4.5748216655e-01 8.2780907579e-05
579 4.5724772255e-01 8.3249942059e-05
580 4.5701632344e-01 8.1568719119e-05
581 4.5678396449e-01 8.5477734352e-05
582 4.5655053082e-01 9.0158938410e-05
583 4.5631935705e-01 9.6540616796e-05
584 4.5609430141e-01 9.8664862112e-05
585 4.5587242469e-01 9.9759803011e-05
586 4.5565236286e-01 1.0403519126e-04
587 4.5543474116e-01 1.0941690716e-04
588 4.5521269098e-01 1.0138450274e-04
589 4.5498528028e-01 1.0664923085e-04
590 4.5476059117e-01 1.0978821528e-04
591 4.5452728864e-01 1.1088270099e-04
592 4.5429896603e-01 1.0704242122e-04
593 4.5405238431e-01 9.7138709194e-05
594 4.5380279924e-01 9.2753726008e-05
595 4.5356169421e-01 9.3145765429e-05
596 4.5331619128e-01 8.5317188446e-05
597 4.5307399453e-01 8.9467130959e-05
598 4.5283437636e-01 9.5052009707e-05
599 4.5260211300e-01 1.1494057164e-04
600 4.5237627072e-01 1.2574998446e-04
601 4.5215582489e-01 1.1721439591e-04
602 4.5192003722e-01 1.0339158138e-04
603 4.5168535343e-01 9.5693068133e-05
604 4.5145801300e-01 9.5478339667e-05
605 4.5123410370e-01 9.3784589526e-05
606 4.5101395019e-01 9.3425721110e-05
607 4.5080534706e-01 9.4282075187e-05
608 4.5059906944e-01 8.6492991980e-05
609 4.5039525208e-01 7.8795692678e-05
610 4.5020525981e-01 7.5358730622e-05
611 4.5003471957e-01 7.7175196378e-05
612 4.4986661111e-01 7.7201677035e-05
613 4.4968637428e-01 7.5047872658e-05
614 4.4950555610e-01 7.2906396891e-05
615 4.4933453747e-01 7.2724241516e-05
616 4.4916407656e-01 7.1168751071e-05
617 4.4899719257e-01 7.3628466742e-05
618 4.4882970985e-01 7.0727645612e-05
619 4.4866434304e-01 7.6692971495e-05
620 4.4851217928e-01 8.7570556321e-05
621 4.4836524667e-01 9.2355572204e-05
622 4.4822767443e-01 8.9411663214e-05
623 4.4808601341e-01 7.9771382788e-05
624 4.4794646114e-01 7.0944682852e-05
625 4.4780908933e-01 6.4648436118e-05
626 4.4767761594e-01 6.3414361938e-05
627 4.4755012550e-01 7.0548253552e-05
628 4.4742918783e-01 7.9181574053e-05
629 4.4731077240e-01 7.9819948534e-05
630 4.4719984214e-01 6.8896992590e-05
631 4.4708437465e-01 5.9439876460e-05
632 4.4696859117e-01 5.6354648780e-05
633 4.4685422366e-01 5.9298925466e-05
634 4.4674692010e-01 6.8983676483e-05
635 4.4664094335e-01 7.3119868017e-05
636 4.4652620009e-01 6.7797896245e-05
637 4.4640647663e-01 5.9947893950e-05
638 4.4629027943e-01 5.8012272909e-05
639 4.4617964740e-01 5.5449300474e-05
640 4.4607452050e-01 5.5388513863e-05
641 4.4597615082e-01 5.6317171502e-05
642 4.4588188120e-01 5.5115225108e-05
643 4.4579051219e-01 5.2763073056e-05
644 4.4569466167e-01 5.0430334990e-05
645 4.4559794212e-01 5.2412793143e-05
646 4.4550239091e-01 5.6293487902e-05
647 4.4541041327e-01 5.7249827861e-05
648 4.4531937183e-01 5.4597677883e-05
649 4.4522797389e-01 5.0857287463e-05
650 4.4513911606e-01 4.9690148467e-05
651 4.4505068772e-01 5.0907850749e-05
652 4.4496429655e-01 5.1573120008e-05
653 4.4487483747e-01 4.9351181640e-05
654 4.4478439618e-01 4.6569270890e-05
655 4.4469683163e-01 4.8659940399e-05
656 4.4461208582e-01 5.4517198580e-05
657 4.4453463499e-01 6.0689545473e-05
658 4.4445901012e-01 6.0495160599e-05
659 4.4438030026e-01 5.2829391761e-05
660 4.4429971311e-01 4.9683509867e-05
661 4.4421663537e-01 5.0771549530e-05
662 4.4412872921e-01 5.3565239916e-05
663 4.4403502761e-01 5.5132643040e-05
664 4.4393857777e-01 5.7090529293e-05
665 4.4384488838e-01 5.4945196682e-05
666 4.4374556483e-01 4.9398071025e-05
667 4.4364223327e-01 4.3065804280e-05
668 4.4354042446e-01 4.0882056938e-05
669 4.4344740204e-01 4.3604298932e-05
670 4.4336134901e-01 4.5368293209e-05
671 4.4326447297e-01 4.5318999817e-05
672 4.4315947113e-01 4.5054698650e-05
673 4.4305025862e-01 4.4672303454e-05
674 4.4293806610e-01 4.2639623932e-05
675 4.4282840379e-01 4.5181595090e-05
676 4.4271548273e-01 4.5522960060e-05
677 4.4260039481e-01 4.5639789442e-05
678 4.4248621681e-01 4.4978149870e-05
679 4.4237217726e-01 4.7121230880e-05
680 4.4225750427e-01 4.7276453653e-05
681 4.4214159902e-01 4.6993523165e-05
682 4.4202335889e-01 4.7701631232e-05
683 4.4190921210e-01 4.9161090788e-05
684 4.4179338245e-01 4.5717448553e-05
685 4.4167652418e-01 4.4319213293e-05
686 4.4155573745e-01 4.4243002995e-05
687 4.4143206878e-01 4.3839493389e-05
688 4.4131073130e-01 4.3842981104e-05
689 4.4118688321e-01 4.4060873406e-05
690 4.4106582790e-01 4.5660301866e-05
691 4.4094667815e-01 4.9410834485e-05
692 4.4082579723e-01 5.1748510409e-05
693 4.4070315764e-01 6.0125017797e-05
694 4.4058778249e-01 5.9380998825e-05
695 4.4047056459e-01 5.0952026553e-05
696 4.4035107745e-01 4.6605034127e-05
697 4.4022711314e-01 4.7274454140e-05
698 4.4011254366e-01 5.3848946037e-05
699 4.3999710589e-01 5.5968175967e-05
700 4.3987498145e-01 5.2550380940e-05
701 4.3974953685e-01 4.9811711680e-05
702 4.3962630947e-01 4.8170458804e-05
703 4.3950457229e-01 4.9285033497e-05
704 4.3938509827e-01 5.1702291154e-05
705 4.3926520576e-01 5.7604344320e-05
706 4.3914658897e-01 6.2228373095e-05
707 4.3902863585e-01 5.9794174556e-05
708 4.3890584302e-01 5.3060669862e-05
709 4.3877998107e-01 5.3907224531e-05
710 4.3865745635e-01 5.6280753131e-05
711 4.3853771628e-01 5.4264033377e-05
712 4.3841825257e-01 5.1433511751e-05
713 4.3829905598e-01 4.4086280107e-05
714 4.3817903013e-01 3.9863269400e-05
715 4.3806379620e-01 3.8659628577e-05
716 4.3795370766e-01 3.8842528670e-05
717 4.3784339913e-01 4.2471198739e-05
718 4.3772880433e-01 4.2293815041e-05
719 4.3761530174e-01 4.1847958678e-05
720 4.3750363550e-01 3.8489220019e-05
721 4.3739531976e-01 3.8216365204e-05
722 4.3729092523e-01 3.7597328587e-05
723 4.3718609150e-01 3.6055106020e-05
724 4.3708403455e-01 3.5505034704e-05
725 4.3698914867e-01 3.8934758786e-05
726 4.3689909665e-01 3.6452396110e-05
727 4.3680426349e-01 3.4767797290e-05
728 4.3671168906e-01 3.3047080826e-05
729 4.3662221876e-01 3.4206554636e-05
730 4.3653295617e-01 3.5551608066e-05
731 4.3644251057e-01 3.8056515642e-05
732 4.3635820729e-01 4.2402836307e-05
733 4.3627423504e-01 4.4970921914e-05
734 4.3619592130e-01 4.3946666363e-05
735 4.3611712040e-01 4.0761424410e-05
736 4.3604046766e-01 3.7019288750e-05
737 4.3596462721e-01 3.3445886515e-05
738 4.3588984625e-01 3.1559860115e-05
739 4.3581483024e-01 3.0200330537e-05
740 4.3574088769e-01 2.9649766610e-05
741 4.3567078429e-01 3.0200679860e-05
742 4.3559982401e-01 2.8172758300e-05
743 4.3552678506e-01 2.8464419266e-05
744 4.3545808635e-01 2.8248923345e-05
745 4.3539237578e-01 2.9315020259e-05
746 4.3533017197e-01 2.7326457690e-05
747 4.3526791114e-01 2.5706648373e-05
748 4.3519954441e-01 2.5316052577e-05
749 4.3513087585e-01 2.5599208789e-05
750 4.3506595870e-01 2.4947721666e-05
751 4.3500345193e-01 2.5552885304e-05
752 4.3493903003e-01 2.4711446035e-05
753 4.3487385070e-01 2.4897137869e-05
754 4.3480946854e-01 2.3705562318e-05
755 4.3474690603e-01 2.4113381776e-05
756 4.3468610847e-01 2.5149971026e-05
757 4.3462605543e-01 2.5395660121e-05
758 4.3456526650e-01 2.7015336006e-05
759 4.3450563505e-01 3.3449623463e-05
760 4.3444930517e-01 3.8149240949e-05
761 4.3439332840e-01 3.3032699636e-05
762 4.3433355246e-01 2.8705880035e-05
763 4.3427380594e-01 3.1072693581e-05
764 4.3421496571e-01 3.4381464310e-05
765 4.3415858227e-01 3.3182109955e-05
766 4.3409656129e-01 2.7400180704e-05
767 4.3403563934e-01 2.4183711978e-05
768 4.3397591668e-01 2.3976376530e-05
769 4.3391970816e-01 2.2670556934e-05
770 4.3386254172e-01 2.2460918198e-05
771 4.3380597253e-01 2.2643532252e-05
772 4.3374786424e-01 2.2869270141e-05
773 4.3369243460e-01 2.1994665349e-05
774 4.3363359635e-01 2.1411646635e-05
775 4.3357740748e-01 2.1267192419e-05
776 4.3352356196e-01 2.1016762037e-05
777 4.3347383612e-01 2.1237528601e-05
778 4.3342266776e-01 1.9763715418e-05
779 4.3336840772e-01 1.9778251974e-05
780 4.3331560124e-01 1.9716718251e-05
781 4.3326063696e-01 1.8999005517e-05
782 4.3320471642e-01 1.9243346128e-05
783 4.3314897955e-01 1.9194690766e-05
784 4.3309186526e-01 1.9086131520e-05
785 4.3303360152e-01 1.9056693219e-05
786 4.3297378180e-01 1.9384275512e-05
787 4.3291362076e-01 1.9752068004e-05
788 4.3285340261e-01 1.9670438993e-05
789 4.3279051285e-01 2.0159271748e-05
790 4.3272955859e-01 2.0752255490e-05
791 4.3266718399e-01 2.0456455644e-05
792 4.3260446747e-01 1.9989682240e-05
793 4.3254046233e-01 1.9738172437e-05
794 4.3247683597e-01 2.0077725384e-05
795 4.3241413869e-01 2.1336981072e-05
796 4.3235103557e-01 2.1881399493e-05
797 4.3228795481e-01 2.3215966807e-05
798 4.3222311862e-01 2.3971781116e-05
799 4.3215570120e-01 2.6242492085e-05
800 4.3208824846e-01 2.8055357335e-05
801 4.3202153322e-01 2.7202763877e-05
802 4.3195152714e-01 2.3765562330e-05
803 4.3188104148e-01 2.1536408996e-05
804 4.3180795240e-01 2.1716805959e-05
805 4.3173264471e-01 2.3168946366e-05
806 4.3165637766e-01 2.2750600323e-05
807 4.3158067596e-01 2.2617720448e-05
808 4.3150438568e-01 2.2886980067e-05
809 4.3142622159e-01 2.2075605262e-05
810 4.3134259612e-01 2.2265901682e-05
811 4.3125328483e-01 2.1621444647e-05
812 4.3116225041e-01 2.1411408918e-05
813 4.3107535141e-01 2.2566028740e-05
814 4.3098788833e-01 2.5619029690e-05
815 4.3090324090e-01 3.1397414338e-05
816 4.3082125400e-01 3.2864806671e-05
817 4.3073574309e-01 2.8141828952e-05
818 4.3064568251e-01 2.5379141847e-05
819 4.3055635729e-01 2.3502917836e-05
820 4.3046524548e-01 2.1671452649e-05
821 4.3037120054e-01 2.0814225699e-05
822 4.3027473880e-01 2.2219457532e-05
823 4.3017284461e-01 2.1279232013e-05
824 4.3007160102e-01 2.2005165086e-05
825 4.2997092353e-01 2.3272656295e-05
826 4.2987301052e-01 2.4963243570e-05
827 4.2977089720e-01 2.7531403314e-05
828 4.2966909336e-01 3.2586550344e-05
829 4.2957273234e-01 3.4002796947e-05
830 4.2947349590e-01 2.9558346101e-05
831 4.2937099000e-01 2.5013424820e-05
832 4.2926629159e-01 2.2357129541e-05
833 4.2915992327e-01 2.1349556477e-05
834 4.2905696257e-01 2.2078230200e-05
835 4.2895672722e-01 2.1867262890e-05
836 4.2885552086e-01 2.3235920535e-05
837 4.2875726220e-01 2.3605692155e-05
838 4.2866082912e-01 2.3286798622e-05
839 4.2855887956e-01 2.3029027962e-05
840 4.2845487139e-01 2.3303066048e-05
841 4.2834898811e-01 2.5137010022e-05
842 4.2824548116e-01 2.7328938699e-05
843 4.2814221312e-01 3.1113417098e-05
844 4.2804111206e-01 3.2355453321e-05
845 4.2793904293e-01 2.9398713344e-05
846 4.2783840468e-01 2.4488902406e-05
847 4.2773851048e-01 2.1940241410e-05
848 4.2764052845e-01 2.1731031325e-05
849 4.2754395702e-01 2.0284795355e-05
850 4.2744828669e-01 2.0826138791e-05
851 4.2735596030e-01 2.1030551012e-05
852 4.2726848866e-01 2.1319076446e-05
853 4.2718404783e-01 2.4004960409e-05
854 4.2710527600e-01 2.6427800230e-05
855 4.2703140003e-01 2.4985407086e-05
856 4.2695586605e-01 2.2573523598e-05
857 4.2687956288e-01 2.1202380876e-05
858 4.2680712655e-01 1.9439484061e-05
859 4.2673434097e-01 1.8983270813e-05
860 4.2666225374e-01 1.8128726564e-05
861 4.2658713058e-01 1.8623599432e-05
862 4.2650899769e-01 2.0168129530e-05
863 4.2643953198e-01 2.1838987240e-05
864 4.2637431051e-01 1.8820493516e-05
865 4.2630585442e-01 1.6977178715e-05
866 4.2623636585e-01 1.7080054061e-05
867 4.2616938014e-01 1.8361986785e-05
868 4.2610636168e-01 1.9356229506e-05
869 4.2604116358e-01 1.8942052892e-05
870 4.2597813809e-01 1.7665098410e-05
871 4.2591549638e-01 1.7200756985e-05
872 4.2584789903e-01 1.6967989300e-05
873 4.2578194824e-01 1.8324445037e-05
874 4.2571828223e-01 1.8201076578e-05
875 4.2565416618e-01 1.6581270728e-05
876 4.2559115471e-01 1.5412582563e-05
877 4.2553034703e-01 1.5213472219e-05
878 4.2547075944e-01 1.5518500584e-05
879 4.2541258878e-01 1.4820600567e-05
880 4.2535283303e-01 1.4353186255e-05
881 4.2529442274e-01 1.5650974922e-05
882 4.2524195662e-01 1.5855230892e-05
883 4.2518993694e-01 1.4971615309e-05
884 4.2513491546e-01 1.5484727842e-05
885 4.2507962042e-01 1.5072838111e-05
886 4.2502424147e-01 1.4740953120e-05
887 4.2496928317e-01 1.4943480474e-05
888 4.2491544736e-01 1.4828558889e-05
889 4.2486224535e-01 1.4905585330e-05
890 4.2481124929e-01 1.5730078174e-05
891 4.2475918949e-01 1.5001794237e-05
892 4.2470771793e-01 1.4397799380e-05
893 4.2465549132e-01 1.4175939818e-05
894 4.2460227479e-01 1.3632927951e-05
895 4.2454920939e-01 1.4267648946e-05
896 4.2449551238e-01 1.5588074494e-05
897 4.2444391887e-01 1.6684076697e-05
898 4.2439258698e-01 1.6777570654e-05
899 4.2434045897e-01 1.5633470849e-05
900 4.2428805141e-01 1.4974144096e-05
901 4.2423719323e-01 1.7106751581e-05
902 4.2419088398e-01 2.0289809413e-05
903 4.2414557436e-01 1.7892220917e-05
904 4.2409535175e-01 1.5427615830e-05
905 4.2404348409e-01 1.3940708690e-05
906 4.2399185186e-01 1.3389466936e-05
907 4.2394083763e-01 1.3597651024e-05
908 4.2388810881e-01 1.3581208844e-05
909 4.2383440518e-01 1.3380731157e-05
910 4.2378266447e-01 1.3223100888e-05
911 4.2373113689e-01 1.3202988331e-05
912 4.2367927280e-01 1.2505187873e-05
913 4.2362577930e-01 1.3209704413e-05
914 4.2357542927e-01 1.3936220914e-05
915 4.2352765701e-01 1.3055681360e-05
916 4.2347635397e-01 1.2674379915e-05
917 4.2342188426e-01 1.2863224456e-05
918 4.2336823391e-01 1.4270477539e-05
919 4.2331639283e-01 1.4634905197e-05
920 4.2326512821e-01 1.4230912204e-05
921 4.2321256172e-01 1.3205141924e-05
922 4.2315824269e-01 1.2516824222e-05
923 4.2310136802e-01 1.2555030262e-05
924 4.2304334067e-01 1.3113926992e-05
925 4.2298624992e-01 1.5607524594e-05
926 4.2293171749e-01 1.9165264885e-05
927 4.2287943355e-01 1.8705155712e-05
928 4.2282618495e-01 1.5921604616e-05
929 4.2277511201e-01 1.4255280941e-05
930 4.2272027464e-01 1.3553264482e-05
931 4.2266584505e-01 1.4511247001e-05
932 4.2260969550e-01 1.6991619267e-05
933 4.2255672466e-01 1.8417477676e-05
934 4.2250591067e-01 1.7897477531e-05
935 4.2245407168e-01 1.3968181378e-05
936 4.2239672998e-01 1.1781211172e-05
937 4.2234096205e-01 1.2041385895e-05
938 4.2228527378e-01 1.1588569038e-05
939 4.2223080321e-01 1.1079126774e-05
940 4.2217750300e-01 1.1772803692e-05
941 4.2212402834e-01 1.1665308253e-05
942 4.2206834214e-01 1.1736104243e-05
943 4.2201023598e-01 1.2029360636e-05
944 4.2195039906e-01 1.2344397118e-05
945 4.2189151978e-01 1.2715737637e-05
946 4.2183969176e-01 1.2527160633e-05
947 4.2178886430e-01 1.2156859739e-05
948 4.2173306744e-01 1.1964022532e-05
949 4.2167622517e-01 1.3610941095e-05
950 4.2161908197e-01 1.4951225793e-05
951 4.2156232813e-01 1.4893377078e-05
952 4.2150361935e-01 1.4241133792e-05
953 4.2144364412e-01 1.3865854971e-05
954 4.2138358999e-01 1.5149284517e-05
955 4.2132632252e-01 1.6725234711e-05
956 4.2126830888e-01 1.6813307738e-05
957 4.2120692827e-01 1.6455135573e-05
958 4.2114612997e-01 1.7306697362e-05
959 4.2108651483e-01 1.5389279835e-05
960 4.2102322134e-01 1.4232898618e-05
961 4.2095730726e-01 1.3300313157e-05
962 4.2089032326e-01 1.2499096469e-05
963 4.2082294310e-01 1.2878286862e-05
964 4.2076018044e-01 1.2777109016e-05
965 4.2069297042e-01 1.2490276707e-05
966 4.2062455341e-01 1.3290078894e-05
967 4.2055434927e-01 1.4324446823e-05
968 4.2048302813e-01 1.4873072802e-05
969 4.2041113164e-01 1.4229942897e-05
970 4.2033933674e-01 1.3327830527e-05
971 4.2027058787e-01 1.2410547290e-05
972 4.2020488572e-01 1.2711499656e-05
973 4.2014292786e-01 1.2837448053e-05
974 4.2007974247e-01 1.2380509773e-05
975 4.2000802850e-01 1.3248312773e-05
976 4.1993731885e-01 1.4719913998e-05
977 4.1986820043e-01 1.5646271713e-05
978 4.1979704044e-01 1.4560461567e-05
979 4.1972121359e-01 1.3114951404e-05
980 4.1964378264e-01 1.2824436014e-05
981 4.1956643240e-01 1.2898769965e-05
982 4.1949117561e-01 1.2964710300e-05
983 4.1941444921e-01 1.2270457982e-05
984 4.1933681708e-01 1.2375461386e-05
985 4.1926041353e-01 1.2625583576e-05
986 4.1918137873e-01 1.2175068358e-05
987 4.1909857117e-01 1.2365107890e-05
988 4.1901506370e-01 1.3435142445e-05
989 4.1893260312e-01 1.4053746805e-05
990 4.1885122369e-01 1.4609235546e-05
991 4.1877198164e-01 1.4433715831e-05
992 4.1869342341e-01 1.3394054421e-05
993 4.1860879719e-01 1.4387191902e-05
994 4.1852382920e-01 1.6443264428e-05
995 4.1844068948e-01 1.7361664081e-05
996 4.1835369229e-01 1.6866049565e-05
997 4.1826368077e-01 1.6363090962e-05
998 4.1817688871e-01 1.5978034283e-05
999 4.1808928737e-01 1.5933093492e-05
1000 4.1799978201e-01 1.4295539858e-05
1001 4.1790518133e-01 1.3882758032e-05
1002 4.1780905228e-01 1.4436928827e-05
1003 4.1771780289e-01 1.6775286793e-05
1004 4.1762495776e-01 1.9849432952e-05
1005 4.1753534162e-01 2.1781414349e-05
1006 4.1744234321e-01 1.8776701722e-05
1007 4.1734189752e-01 1.5115846798e-05
1008 4.1723753327e-01 1.4618274371e-05
1009 4.1713404648e-01 1.4954889208e-05
1010 4.1703436722e-01 1.5086553699e-05
1011 4.1693599611e-01 1.5461931154e-05
1012 4.1683338522e-01 1.5546900239e-05
1013 4.1672516072e-01 1.4682402045e-05
1014 4.1660735102e-01 1.4902785519e-05
1015 4.1648725044e-01 1.5141259914e-05
1016 4.1636958858e-01 1.4561487671e-05
1017 4.1625151612e-01 1.5033087805e-05
1018 4.1613350194e-01 1.5062936416e-05
1019 4.1602360011e-01 1.5354058016e-05
1020 4.1591116845e-01 1.5602539407e-05
1021 4.1579050857e-01 1.4982363305e-05
1022 4.1566534023e-01 1.5551804790e-05
1023 4.1553987587e-01 1.5776917882e-05
1024 4.1540902627e-01 1.5591761825e-05
1025 4.1527095376e-01 1.6162596279e-05
1026 4.1512877559e-01 1.7277497040e-05
1027 4.1498095031e-01 1.8931088810e-05
1028 4.1483778563e-01 2.3646619603e-05
1029 4.1470404696e-01 2.6714519953e-05
1030 4.1456368709e-01 2.1334043154e-05
1031 4.1441549677e-01 1.8239259708e-05
1032 4.1426316110e-01 1.7307056428e-05
1033 4.1410497711e-01 1.6770742452e-05
1034 4.1394357096e-01 1.7888608492e-05
1035 4.1377854441e-01 1.9025144129e-05
1036 4.1361094451e-01 2.1759051493e-05
1037 4.1345433488e-01 2.5919666409e-05
1038 4.1329322280e-01 2.6355106197e-05
1039 4.1312467855e-01 2.2609727946e-05
1040 4.1294752678e-01 2.0940130983e-05
1041 4.1277064369e-01 2.1413690242e-05
1042 4.1259468886e-01 2.4223407122e-05
1043 4.1242383796e-01 2.5910817816e-05
1044 4.1225477071e-01 2.5700748573e-05
1045 4.1208074385e-01 2.3506107781e-05
1046 4.1190790529e-01 2.1300923597e-05
1047 4.1173248176e-01 1.8988567051e-05
1048 4.1154923103e-01 1.7428530500e-05
1049 4.1136353350e-01 1.7078938012e-05
1050 4.1117464725e-01 1.7803595726e-05
1051 4.1098226926e-01 1.7955296209e-05
1052 4.1079816682e-01 1.8967758870e-05
1053 4.1061544050e-01 2.1620531369e-05
1054 4.1043703845e-01 2.3428995803e-05
1055 4.1025149308e-01 2.3514921049e-05
1056 4.1006632833e-01 2.3229066193e-05
1057 4.0988211115e-01 2.3378364867e-05
1058 4.0970970992e-01 2.1690873279e-05
1059 4.0952956831e-01 1.8864180476e-05
1060 4.0934869858e-01 1.8193651978e-05
1061 4.0917521788e-01 1.8772327301e-05
1062 4.0899810176e-01 1.9508252452e-05
1063 4.0881389238e-01 2.1129850804e-05
1064 4.0864089683e-01 2.2793730908e-05
1065 4.0846184572e-01 2.1085691985e-05
1066 4.0826948773e-01 1.9292672524e-05
1067 4.0806618266e-01 1.9740896421e-05
1068 4.0786669076e-01 2.1030653917e-05
1069 4.0767153589e-01 2.3136158121e-05
1070 4.0748124038e-01 2.2989115587e-05
1071 4.0728501931e-01 2.0334994224e-05
1072 4.0708297928e-01 1.9009144624e-05
1073 4.0688407615e-01 1.8874867557e-05
1074 4.0668967176e-01 1.8416335037e-05
1075 4.0649813998e-01 1.8490897897e-05
1076 4.0630275901e-01 1.8496768423e-05
1077 4.0610623875e-01 1.7787785537e-05
1078 4.0590486346e-01 1.7623025570e-05
1079 4.0570645951e-01 1.8112128847e-05
1080 4.0551747209e-01 1.8889979894e-05
1081 4.0534788391e-01 1.9222227223e-05
1082 4.0517217641e-01 1.8548051026e-05
1083 4.0498253089e-01 1.8224299848e-05
1084 4.0479024934e-01 1.8014540672e-05
1085 4.0460357722e-01 1.7764402622e-05
1086 4.0441707299e-01 1.7713004235e-05
1087 4.0422606999e-01 1.7272176050e-05
1088 4.0402360413e-01 1.7947571557e-05
1089 4.0382678929e-01 1.7824852052e-05
1090 4.0362831802e-01 1.7680210330e-05
1091 4.0343389329e-01 1.8185101101e-05
1092 4.0324174297e-01 1.8706606733e-05
1093 4.0305457101e-01 1.9354247148e-05
1094 4.0286793022e-01 1.9217511499e-05
1095 4.0268034245e-01 1.9618254260e-05
1096 4.0249376567e-01 1.9429349042e-05
1097 4.0231925560e-01 1.9196855022e-05
1098 4.0214569384e-01 1.8956903033e-05
1099 4.0197420516e-01 1.8817102513e-05
1100 4.0180040845e-01 2.0218099325e-05
1101 4.0162772297e-01 1.8841649011e-05
1102 4.0144317344e-01 1.7912180483e-05
1103 4.0125646801e-01 1.7758028273e-05
1104 4.0108055103e-01 1.9745353991e-05
1105 4.0091845019e-01 2.2311182373e-05
1106 4.0076121260e-01 2.2101911869e-05
1107 4.0059624482e-01 1.9688878246e-05
1108 4.0043138050e-01 2.0528781739e-05
1109 4.0027727731e-01 2.3225085020e-05
1110 4.0013413280e-01 2.2455709609e-05
1111 3.9998437486e-01 1.9053379367e-05
1112 3.9982934413e-01 1.6574762555e-05
1113 3.9967377738e-01 1.5644896567e-05
1114 3.9952086662e-01 1.5509987832e-05
1115 3.9937030304e-01 1.6144294807e-05
1116 3.9922173934e-01 1.5614777812e-05
1117 3.9907235578e-01 1.5959025179e-05
1118 3.9892688612e-01 1.6122722683e-05
1119 3.9878567337e-01 1.7713317400e-05
1120 3.9865015377e-01 1.9763117463e-05
1121 3.9852348359e-01 2.2466718168e-05
1122 3.9840330300e-01 2.2066301868e-05
1123 3.9828368616e-01 2.0485787984e-05
1124 3.9816648750e-01 1.9067551653e-05
1125 3.9804503563e-01 1.7010206481e-05
1126 3.9792211093e-01 1.5477898830e-05
1127 3.9780039878e-01 1.5574165747e-05
1128 3.9768685868e-01 1.6624814193e-05
1129 3.9757970680e-01 1.7135929018e-05
1130 3.9746765587e-01 1.5393104274e-05
1131 3.9735290457e-01 1.4826640477e-05
1132 3.9724082519e-01 1.4684379813e-05
1133 3.9713402465e-01 1.4704643480e-05
1134 3.9702931332e-01 1.3678983306e-05
1135 3.9692311161e-01 1.3524946333e-05
1136 3.9681525650e-01 1.3782227609e-05
1137 3.9671771265e-01 1.4222081284e-05
1138 3.9662502391e-01 1.5085022216e-05
1139 3.9653681055e-01 1.3962333679e-05
1140 3.9644793304e-01 1.2943252161e-05
1141 3.9636048931e-01 1.2751181306e-05
1142 3.9627734759e-01 1.3098496685e-05
1143 3.9619946456e-01 1.3890997601e-05
1144 3.9612075954e-01 1.5409555353e-05
1145 3.9604694829e-01 1.6762266423e-05
1146 3.9597275154e-01 1.6373344904e-05
1147 3.9590039658e-01 1.6020485508e-05
1148 3.9582963473e-01 1.4819169154e-05
1149 3.9575810296e-01 1.3474297261e-05
1150 3.9568645519e-01 1.3224817328e-05
1151 3.9561578138e-01 1.3346783201e-05
1152 3.9554851502e-01 1.3578951970e-05
1153 3.9548180532e-01 1.3217361265e-05
1154 3.9541552321e-01 1.3197522940e-05
1155 3.9535026911e-01 1.3508484882e-05
1156 3.9528657023e-01 1.5872769139e-05
1157 3.9522589535e-01 1.6859774611e-05
1158 3.9516425563e-01 1.4475070177e-05
1159 3.9510041540e-01 1.2914676813e-05
1160 3.9503678455e-01 1.2016492348e-05
1161 3.9497475617e-01 1.1772310233e-05
1162 3.9491272460e-01 1.1819936351e-05
1163 3.9484818486e-01 1.2062563354e-05
1164 3.9478667631e-01 1.3888786308e-05
1165 3.9472868733e-01 1.4954688588e-05
1166 3.9467100762e-01 1.3048336085e-05
1167 3.9460954215e-01 1.1014291255e-05
1168 3.9454884147e-01 1.0190275325e-05
1169 3.9448945767e-01 1.0410358720e-05
1170 3.9443520789e-01 1.1026228529e-05
1171 3.9437949320e-01 1.0999896307e-05
1172 3.9431877339e-01 1.0741611068e-05
1173 3.9425686651e-01 1.0889185096e-05
1174 3.9419622195e-01 1.1101724138e-05
1175 3.9413548878e-01 1.0597751797e-05
1176 3.9407400343e-01 1.0779649546e-05
1177 3.9401487941e-01 1.0672858085e-05
1178 3.9395666232e-01 1.0600513906e-05
1179 3.9389713439e-01 9.7848188146e-06
1180 3.9383477149e-01 1.0119202661e-05
1181 3.9377226584e-01 1.0552333255e-05
1182 3.9371143592e-01 1.1648332212e-05
1183 3.9365243448e-01 1.3341673894e-05
1184 3.9359416420e-01 1.1887487254e-05
1185 3.9353287932e-01 1.1116598720e-05
1186 3.9346988352e-01 1.0310275451e-05
1187 3.9340695219e-01 1.0159667375e-05
1188 3.9334545088e-01 1.0224501305e-05
1189 3.9328647116e-01 1.0904035626e-05
1190 3.9322980657e-01 1.0939656715e-05
1191 3.9316973322e-01 1.0252477276e-05
1192 3.9310786918e-01 1.0258596796e-05
1193 3.9304667237e-01 9.5870452280e-06
1194 3.9298807373e-01 9.8729971376e-06
1195 3.9292729871e-01 9.7911156836e-06
1196 3.9286434779e-01 9.7305057708e-06
1197 3.9279962148e-01 9.8090888992e-06
1198 3.9273656834e-01 1.0105809209e-05
1199 3.9267426380e-01 1.0088440284e-05
1200 3.9261046864e-01 1.0023058950e-05
1201 3.9254738410e-01 1.0152124931e-05
1202 3.9248188064e-01 1.0505808157e-05
1203 3.9242110349e-01 1.1691591213e-05
1204 3.9236404079e-01 1.4325179517e-05
1205 3.9231179400e-01 1.4529015519e-05
1206 3.9225947501e-01 1.1702218482e-05
1207 3.9220324245e-01 1.0135770217e-05
1208 3.9214768004e-01 1.0867728741e-05
1209 3.9209580324e-01 1.2447305664e-05
1210 3.9204460149e-01 1.2355740027e-05
1211 3.9199064347e-01 1.0975915815e-05
1212 3.9193857797e-01 1.1266659875e-05
1213 3.9188484867e-01 1.2036288515e-05
1214 3.9183003369e-01 1.3398730687e-05
1215 3.9177407549e-01 1.4040690099e-05
1216 3.9171804526e-01 1.3084040576e-05
1217 3.9166255366e-01 1.1570482064e-05
1218 3.9161014589e-01 1.0771186619e-05
1219 3.9155676258e-01 9.6532140556e-06
1220 3.9150261487e-01 9.5149066548e-06
1221 3.9145089817e-01 9.7023313219e-06
1222 3.9139997999e-01 1.0551197199e-05
1223 3.9134816948e-01 1.2212594271e-05
1224 3.9129786926e-01 1.4324906919e-05
1225 3.9124999742e-01 1.4224087341e-05
1226 3.9120026065e-01 1.1027508862e-05
1227 3.9114786083e-01 9.5120751630e-06
1228 3.9109595759e-01 9.1095079873e-06
1229 3.9104372902e-01 9.0012743481e-06
1230 3.9099144748e-01 8.9283699527e-06
1231 3.9094046305e-01 8.7082814592e-06
1232 3.9088818418e-01 8.9225993538e-06
1233 3.9083684005e-01 8.8557630285e-06
1234 3.9078621483e-01 9.6800328098e-06
1235 3.9073603625e-01 9.6555045047e-06
1236 3.9068597018e-01 9.7040340116e-06
1237 3.9063499647e-01 8.9719173840e-06
1238 3.9058146065e-01 9.0436026613e-06
1239 3.9052687869e-01 9.1740688342e-06
1240 3.9046893152e-01 9.1574146034e-06
1241 3.9041286452e-01 9.2068397418e-06
1242 3.9035986734e-01 8.9747431587e-06
1243 3.9030884205e-01 8.5008268777e-06
1244 3.9025724802e-01 8.6920352561e-06
1245 3.9020517519e-01 8.9574034758e-06
1246 3.9015084264e-01 9.0591668818e-06
1247 3.9009540966e-01 9.3111055329e-06
1248 3.9004174071e-01 9.7382720912e-06
1249 3.8998928588e-01 9.4804407604e-06
1250 3.8993673703e-01 9.3729476410e-06
1251 3.8988574031e-01 8.9485766701e-06
1252 3.8983497732e-01 8.7888592559e-06
1253 3.8978456953e-01 8.7721766936e-06
1254 3.8973506255e-01 8.9060412455e-06
1255 3.8968503478e-01 8.9379513275e-06
1256 3.8963661782e-01 9.3917485555e-06
1257 3.8959132465e-01 9.4573297659e-06
1258 3.8954630991e-01 9.3713600198e-06
1259 3.8950056460e-01 9.4943445455e-06
1260 3.8945601538e-01 1.0931032946e-05
1261 3.8941420891e-01 1.2391133974e-05
1262 3.8937381448e-01 1.1782124738e-05
1263 3.8933073596e-01 1.0481960925e-05
1264 3.8928722670e-01 9.9433939108e-06
1265 3.8924498717e-01 1.0122335458e-05
1266 3.8920115609e-01 1.0320455793e-05
1267 3.8915835495e-01 1.2272437486e-05
1268 3.8912089437e-01 1.3023201900e-05
1269 3.8908126919e-01 9.9768287416e-06
1270 3.8903942922e-01 8.3684853041e-06
1271 3.8899695237e-01 8.5279899350e-06
1272 3.8895410801e-01 8.7990063280e-06
1273 3.8891163151e-01 9.0005319394e-06
1274 3.8886930484e-01 9.2737510288e-06
1275 3.8882702044e-01 8.8712860048e-06
1276 3.8878638044e-01 9.2312145397e-06
1277 3.8874321024e-01 9.1126130630e-06
1278 3.8870133049e-01 9.4786248397e-06
1279 3.8865833112e-01 1.0241445480e-05
1280 3.8861638361e-01 1.0215505681e-05
1281 3.8857426564e-01 1.0128998513e-05
1282 3.8853309986e-01 8.9074348076e-06
1283 3.8849200945e-01 8.7642101949e-06
1284 3.8845034402e-01 9.7133715964e-06
1285 3.8840711468e-01 1.0584106663e-05
1286 3.8836418746e-01 1.0194936024e-05
1287 3.8831841449e-01 9.6457492737e-06
1288 3.8827291249e-01 9.1217585568e-06
1289 3.8822690844e-01 8.4410831030e-06
1290 3.8818012273e-01 8.5093695754e-06
1291 3.8813311310e-01 8.2743863724e-06
1292 3.8808674128e-01 9.0282456993e-06
1293 3.8804273464e-01 9.1585839616e-06
1294 3.8799734274e-01 8.9867650054e-06
1295 3.8795289642e-01 9.0652600090e-06
1296 3.8790673551e-01 9.4186016239e-06
1297 3.8786054533e-01 9.8656664745e-06
1298 3.8781335831e-01 9.4777352006e-06
1299 3.8776442097e-01 8.8789377303e-06
1300 3.8771617302e-01 8.6708230202e-06
1301 3.8766955520e-01 9.5478355947e-06
1302 3.8762491812e-01 9.3189548432e-06
1303 3.8757948512e-01 8.5424524766e-06
1304 3.8753046856e-01 8.7121488625e-06
1305 3.8748124904e-01 9.4680706395e-06
1306 3.8743327347e-01 9.4706912467e-06
1307 3.8738456325e-01 8.9785062966e-06
1308 3.8733400888e-01 8.7586582168e-06
1309 3.8728353671e-01 9.9254509852e-06
1310 3.8723490682e-01 1.1388987714e-05
1311 3.8718418733e-01 1.1047174308e-05
1312 3.8712979199e-01 1.1460231482e-05
1313 3.8707930937e-01 1.1576267573e-05
1314 3.8702672693e-01 1.1599380723e-05
1315 3.8697324621e-01 1.1302742280e-05
1316 3.8691874185e-01 1.0803406725e-05
1317 3.8686599650e-01 1.0195055588e-05
1318 3.8681200445e-01 9.8139935761e-06
1319 3.8675771554e-01 9.5915512536e-06
1320 3.8670310689e-01 9.6036991111e-06
1321 3.8665195323e-01 1.0256543044e-05
1322 3.8660207657e-01 9.9211277837e-06
1323 3.8654914075e-01 9.6041900912e-06
1324 3.8649153367e-01 9.9275024838e-06
1325 3.8643192367e-01 1.0960018869e-05
1326 3.8637365917e-01 1.1390662698e-05
1327 3.8631418364e-01 1.1623394560e-05
1328 3.8625262836e-01 1.3721068713e-05
1329 3.8619173298e-01 1.5699709815e-05
1330 3.8613222159e-01 1.5161202714e-05
1331 3.8607064428e-01 1.2193014897e-05
1332 3.8600567603e-01 1.1688178847e-05
1333 3.8594005836e-01 1.2218938123e-05
1334 3.8587424732e-01 1.2758264031e-05
1335 3.8580566030e-01 1.2123689532e-05
1336 3.8573527117e-01 1.0781167703e-05
1337 3.8566554987e-01 9.9011764731e-06
1338 3.8559608225e-01 9.8721351909e-06
1339 3.8552720013e-01 1.0531228941e-05
1340 3.8545888996e-01 1.0738302213e-05
1341 3.8538633184e-01 1.1098403154e-05
1342 3.8531709780e-01 1.0607141608e-05
1343 3.8524713062e-01 1.0553359057e-05
1344 3.8518214288e-01 1.1002218631e-05
1345 3.8511898370e-01 1.0627457917e-05
1346 3.8504762803e-01 1.0184698476e-05
1347 3.8497642377e-01 1.0734922195e-05
1348 3.8490682223e-01 1.0749984883e-05
1349 3.8483778533e-01 1.0419242218e-05
1350 3.8476686652e-01 9.8952012205e-06
1351 3.8469369547e-01 1.0120843706e-05
1352 3.8462020791e-01 1.1167532858e-05
1353 3.8454564620e-01 1.1976643410e-05
1354 3.8447169360e-01 1.2802405037e-05
1355 3.8439927349e-01 1.3480573941e-05
1356 3.8432598139e-01 1.2699630029e-05
1357 3.8425373749e-01 1.3623890864e-05
1358 3.8418294201e-01 1.5618231543e-05
1359 3.8411448889e-01 1.6802634548e-05
1360 3.8404643196e-01 1.3785575276e-05
1361 3.8397762230e-01 1.2784550834e-05
1362 3.8391086711e-01 1.2651643615e-05
1363 3.8384747181e-01 1.1714020811e-05
1364 3.8378197137e-01 1.0831613959e-05
1365 3.8371720484e-01 1.1751693014e-05
1366 3.8365659716e-01 1.2530801786e-05
1367 3.8359399855e-01 1.2186355782e-05
1368 3.8352922126e-01 1.2600576327e-05
1369 3.8346700287e-01 1.4549057912e-05
1370 3.8340709046e-01 1.4768611471e-05
1371 3.8334762175e-01 1.4205373158e-05
1372 3.8328678189e-01 1.2420942793e-05
1373 3.8322518245e-01 1.2610730741e-05
1374 3.8316376923e-01 1.2889068732e-05
1375 3.8310192523e-01 1.2834049646e-05
1376 3.8304073058e-01 1.1634669029e-05
1377 3.8297989148e-01 1.0781426062e-05
1378 3.8291904346e-01 1.0736987489e-05
1379 3.8285983716e-01 1.1643568739e-05
1380 3.8280206227e-01 1.2697473838e-05
1381 3.8274456784e-01 1.3963179439e-05
1382 3.8268764112e-01 1.3871113278e-05
1383 3.8263127532e-01 1.2648508572e-05
1384 3.8257347917e-01 1.1911400268e-05
1385 3.8251488247e-01 1.1329565234e-05
1386 3.8245733762e-01 1.0747787500e-05
1387 3.8240090759e-01 1.0577360509e-05
1388 3.8234821262e-01 9.9037839776e-06
1389 3.8229735123e-01 1.0290083082e-05
1390 3.8224632077e-01 1.0272426300e-05
1391 3.8219240103e-01 1.0005512999e-05
1392 3.8213768956e-01 1.0240074497e-05
1393 3.8208432246e-01 1.0418422527e-05
1394 3.8203119773e-01 9.7351144541e-06
1395 3.8197991749e-01 9.1622508593e-06
1396 3.8193150839e-01 8.9931473077e-06
1397 3.8188230859e-01 1.0007775310e-05
1398 3.8183344555e-01 1.0346302628e-05
1399 3.8178371974e-01 9.5895624384e-06
1400 3.8173378903e-01 8.8461859060e-06
1401 3.8168395009e-01 8.4238922688e-06
1402 3.8163630098e-01 9.1890887289e-06
1403 3.8159159359e-01 1.0913898320e-05
1404 3.8154899848e-01 1.2193297624e-05
1405 3.8150727035e-01 1.1264668209e-05
1406 3.8146522890e-01 1.0286477439e-05
1407 3.8142455230e-01 9.5113981849e-06
1408 3.8138442182e-01 9.1492079629e-06
1409 3.8134497544e-01 9.7089517430e-06
1410 3.8130688466e-01 1.0008135310e-05
1411 3.8126978094e-01 9.3439690434e-06
1412 3.8123199888e-01 8.7172661392e-06
1413 3.8119423819e-01 9.7151636514e-06
1414 3.8115641356e-01 1.1311771700e-05
1415 3.8111991841e-01 1.2154514351e-05
1416 3.8108307754e-01 1.0850909583e-05
1417 3.8104403171e-01 9.4869128317e-06
1418 3.8100520108e-01 9.1820066483e-06
1419 3.8096540694e-01 8.9312572016e-06
1420 3.8092519076e-01 9.3411109088e-06
1421 3.8088574084e-01 1.1394250012e-05
1422 3.8085097710e-01 1.2923367327e-05
1423 3.8081462143e-01 1.0691427254e-05
1424 3.8077730052e-01 9.1025854600e-06
1425 3.8073952189e-01 8.6228195821e-06
1426 3.8070268190e-01 9.0531112366e-06
1427 3.8066790295e-01 1.0182536300e-05
1428 3.8063336617e-01 1.0280325926e-05
1429 3.8059899748e-01 9.5598390011e-06
1430 3.8056390513e-01 8.0423476980e-06
1431 3.8053117108e-01 7.7084797688e-06
1432 3.8049964192e-01 8.2371261055e-06
1433 3.8046716256e-01 8.8877988672e-06
1434 3.8043354907e-01 8.7008128363e-06
1435 3.8039993186e-01 8.6080246213e-06
1436 3.8036728188e-01 7.9869099161e-06
1437 3.8033433111e-01 7.5482725382e-06
1438 3.8030207496e-01 7.5327035404e-06
1439 3.8027003439e-01 7.7764988904e-06
1440 3.8023803475e-01 8.1496681736e-06
1441 3.8020672162e-01 8.0912843604e-06
1442 3.8017652670e-01 7.5004049271e-06
1443 3.8014667305e-01 7.1347157027e-06
1444 3.8011757622e-01 7.3654804858e-06
1445 3.8008921174e-01 7.5823060637e-06
1446 3.8006052901e-01 7.0280711926e-06
1447 3.8003244712e-01 6.6046245517e-06
1448 3.8000557140e-01 6.7681422411e-06
1449 3.7997955852e-01 6.6404785242e-06
1450 3.7995336197e-01 6.5343020667e-06
1451 3.7992838173e-01 7.0114825640e-06
1452 3.7990379780e-01 7.0335862407e-06
1453 3.7988004206e-01 6.9148945884e-06
1454 3.7985655525e-01 6.4192496929e-06
1455 3.7983306439e-01 6.8512320021e-06
1456 3.7980893574e-01 7.0220214510e-06
1457 3.7978397845e-01 6.5577884604e-06
1458 3.7975791240e-01 6.3373160797e-06
1459 3.7973231373e-01 6.3240518596e-06
1460 3.7970704468e-01 6.5584691923e-06
1461 3.7968300231e-01 7.2964681696e-06
1462 3.7965963534e-01 8.8200593906e-06
1463 3.7963821949e-01 1.0053801751e-05
1464 3.7961616466e-01 8.4159821819e-06
1465 3.7959232733e-01 6.8412280138e-06
1466 3.7956775675e-01 6.5817932444e-06
1467 3.7954279420e-01 6.3651543725e-06
1468 3.7951845331e-01 6.0697683604e-06
1469 3.7949569327e-01 5.9715952087e-06
1470 3.7947361940e-01 5.6097087684e-06
1471 3.7945161765e-01 5.9027537636e-06
1472 3.7942936645e-01 5.9977323294e-06
1473 3.7940809516e-01 5.7661991434e-06
1474 3.7938713969e-01 5.8219305842e-06
1475 3.7936543644e-01 5.6186900336e-06
1476 3.7934324427e-01 6.0323633527e-06
1477 3.7932142715e-01 6.4059253457e-06
1478 3.7929960382e-01 6.4316425538e-06
1479 3.7927724272e-01 6.5592779739e-06
1480 3.7925532622e-01 7.6593396738e-06
1481 3.7923453437e-01 9.2486773896e-06
1482 3.7921468712e-01 8.9845009765e-06
1483 3.7919417855e-01 7.1547407326e-06
1484 3.7917256670e-01 6.2029060496e-06
1485 3.7915036227e-01 6.2494427154e-06
1486 3.7912920330e-01 6.4229796990e-06
1487 3.7910883924e-01 6.2605702813e-06
1488 3.7908814255e-01 5.6355881781e-06
1489 3.7906725846e-01 5.7935084871e-06
1490 3.7904657953e-01 6.2026497133e-06
1491 3.7902740943e-01 6.2972168296e-06
1492 3.7900712714e-01 5.6130087640e-06
1493 3.7898716964e-01 5.3833845474e-06
1494 3.7896700943e-01 6.0185699444e-06
1495 3.7894726632e-01 6.5396962502e-06
1496 3.7892732473e-01 6.4742660822e-06
1497 3.7890800076e-01 5.7331514284e-06
1498 3.7888929036e-01 5.9878963551e-06
1499 3.7887031318e-01 6.4386541211e-06
1500 3.7885102080e-01 6.0817803921e-06
1501 3.7883140513e-01 5.8189471439e-06
1502 3.7881145078e-01 5.8286898076e-06
1503 3.7879214344e-01 5.8778211292e-06
1504 3.7877289980e-01 5.3370145449e-06
1505 3.7875298535e-01 5.6078329858e-06
1506 3.7873302918e-01 5.9508252227e-06
1507 3.7871309679e-01 6.1105582777e-06
1508 3.7869275189e-01 5.5541296349e-06
1509 3.7867256192e-01 5.4245059887e-06
1510 3.7865255409e-01 5.9223023050e-06
1511 3.7863258033e-01 7.4626541718e-06
1512 3.7861397466e-01 9.0805494224e-06
1513 3.7859511925e-01 8.0407561844e-06
1514 3.7857503809e-01 6.9114299296e-06
1515 3.7855399771e-01 6.6658367140e-06
1516 3.7853345212e-01 6.5200808075e-06
1517 3.7851381210e-01 6.3970042343e-06
1518 3.7849516056e-01 6.0634365874e-06
1519 3.7847645155e-01 6.5638459498e-06
1520 3.7845805523e-01 6.5757114826e-06
1521 3.7843904978e-01 6.2175532632e-06
1522 3.7842014214e-01 5.9669444734e-06
1523 3.7840069966e-01 6.0301216135e-06
1524 3.7838076044e-01 6.2502156887e-06
1525 3.7836151393e-01 7.0133479798e-06
1526 3.7834269214e-01 7.4912691062e-06
1527 3.7832363319e-01 7.5811300296e-06
1528 3.7830482787e-01 6.5478628674e-06
1529 3.7828584717e-01 5.9932153883e-06
1530 3.7826586552e-01 5.8799857895e-06
1531 3.7824662333e-01 6.2536905886e-06
1532 3.7822731443e-01 5.8427051967e-06
1533 3.7820742758e-01 5.5969615865e-06
1534 3.7818773058e-01 5.4047186228e-06
1535 3.7816862536e-01 5.3408391317e-06
1536 3.7814960256e-01 4.9930565045e-06
1537 3.7813155521e-01 5.2725353809e-06
1538 3.7811516045e-01 5.2942375210e-06
1539 3.7809847722e-01 5.2639354616e-06
1540 3.7808108293e-01 5.3879181389e-06
1541 3.7806335093e-01 5.4548021787e-06
1542 3.7804476791e-01 5.3083354153e-06
1543 3.7802547924e-01 5.3950303147e-06
1544 3.7800639246e-01 5.5059553539e-06
1545 3.7798812929e-01 6.0061638046e-06
1546 3.7797064896e-01 5.9499717726e-06
1547 3.7795268500e-01 5.7043763242e-06
1548 3.7793392235e-01 5.8057454507e-06
1549 3.7791643022e-01 5.9121179347e-06
1550 3.7789873399e-01 5.4638775028e-06
1551 3.7788041918e-01 5.0369819335e-06
1552 3.7786248751e-01 5.2896978879e-06
1553 3.7784483491e-01 5.6056553940e-06
1554 3.7782688650e-01 5.9082480508e-06
1555 3.7780892459e-01 6.5637314993e-06
1556 3.7779186908e-01 6.5104910576e-06
1557 3.7777469587e-01 6.1962145745e-06
1558 3.7775769634e-01 6.0869933235e-06
1559 3.7774017730e-01 6.1449172390e-06
1560 3.7772159744e-01 6.7129376264e-06
1561 3.7770374589e-01 7.0370106073e-06
1562 3.7768532455e-01 6.3587070101e-06
1563 3.7766651262e-01 6.7826043126e-06
1564 3.7764890602e-01 7.8850222282e-06
1565 3.7763217723e-01 7.8141652289e-06
1566 3.7761471975e-01 6.0721138503e-06
1567 3.7759589014e-01 5.2708560475e-06
1568 3.7757676740e-01 5.0625267714e-06
1569 3.7755747203e-01 5.0471132105e-06
1570 3.7753775528e-01 4.9302590960e-06
1571 3.7751705699e-01 5.1103659453e-06
1572 3.7749615820e-01 5.3630710685e-06
1573 3.7747645133e-01 5.8257291153e-06
1574 3.7745678826e-01 5.5220426625e-06
1575 3.7743642348e-01 5.3487224221e-06
1576 3.7741516386e-01 5.6567956789e-06
1577 3.7739387432e-01 6.3105032139e-06
1578 3.7737246468e-01 6.2469711241e-06
1579 3.7735034829e-01 6.1191423292e-06
1580 3.7732840778e-01 6.5044071086e-06
1581 3.7730659333e-01 7.1059518928e-06
1582 3.7728481842e-01 7.5189183998e-06
1583 3.7726229128e-01 7.7006221647e-06
1584 3.7723982657e-01 7.2419324757e-06
1585 3.7721639655e-01 7.4241194913e-06
1586 3.7719361002e-01 7.3765056301e-06
1587 3.7716996939e-01 7.3089575828e-06
1588 3.7714511035e-01 7.9515324367e-06
1589 3.7712065326e-01 9.0197736918e-06
1590 3.7709684564e-01 9.2413640780e-06
1591 3.7707214062e-01 6.9766487697e-06
1592 3.7704512545e-01 6.0906350449e-06
1593 3.7701809759e-01 6.2377207657e-06
1594 3.7699172339e-01 7.4462712667e-06
1595 3.7696645039e-01 8.4725523587e-06
1596 3.7694095382e-01 8.6724727097e-06
1597 3.7691454149e-01 8.4720428601e-06
1598 3.7688823433e-01 7.9925936203e-06
1599 3.7686151566e-01 7.0965961152e-06
1600 3.7683463635e-01 6.5030564235e-06
1601 3.7680880371e-01 6.1394781096e-06
1602 3.7678255047e-01 6.0035397057e-06
1603 3.7675547457e-01 6.2756510619e-06
1604 3.7672946207e-01 7.0712026988e-06
1605 3.7670524475e-01 7.2685068459e-06
1606 3.7668132311e-01 6.7750148080e-06
1607 3.7665699286e-01 6.6890694014e-06
1608 3.7663227881e-01 6.4953195801e-06
1609 3.7660732457e-01 7.1249118061e-06
1610 3.7658413647e-01 8.5103157339e-06
1611 3.7656249280e-01 8.5122436445e-06
1612 3.7654018156e-01 7.1499029586e-06
1613 3.7651742549e-01 6.3859158652e-06
1614 3.7649499736e-01 6.2233961223e-06
1615 3.7647306681e-01 6.0219681895e-06
1616 3.7645120585e-01 5.7225433718e-06
1617 3.7642967179e-01 5.5580648666e-06
1618 3.7640855168e-01 5.1764680044e-06
1619 3.7638729522e-01 5.6468809295e-06
1620 3.7636625838e-01 6.2629032924e-06
1621 3.7634606668e-01 6.3691024222e-06
1622 3.7632552314e-01 6.2658984881e-06
1623 3.7630517316e-01 6.9963907810e-06
1624 3.7628654279e-01 8.1445418809e-06
1625 3.7626859177e-01 7.4718760680e-06
1626 3.7624948491e-01 5.9128494241e-06
1627 3.7622994705e-01 5.7544383406e-06
1628 3.7621153814e-01 5.8089035876e-06
1629 3.7619315719e-01 5.7731215036e-06
1630 3.7617557204e-01 5.4638548654e-06
1631 3.7615780633e-01 5.3248171677e-06
1632 3.7614059141e-01 5.6645679291e-06
1633 3.7612261827e-01 5.1429827491e-06
1634 3.7610345762e-01 4.9751477129e-06
1635 3.7608485444e-01 5.5989921584e-06
1636 3.7606590026e-01 5.9682348468e-06
1637 3.7604725381e-01 5.9611513350e-06
1638 3.7602832597e-01 5.4800912987e-06
1639 3.7600988637e-01 5.1749513740e-06
1640 3.7599162311e-01 4.9221794734e-06
1641 3.7597429485e-01 4.7128809367e-06
1642 3.7595779492e-01 4.9069111772e-06
1643 3.7594073960e-01 4.8520336543e-06
1644 3.7592404314e-01 4.6832478527e-06
1645 3.7590760903e-01 4.7624449122e-06
1646 3.7589210327e-01 5.0407124883e-06
1647 3.7587717711e-01 4.8190202297e-06
1648 3.7586237878e-01 4.4128540748e-06
1649 3.7584743277e-01 4.6614478140e-06
1650 3.7583212028e-01 4.7994232213e-06
1651 3.7581685818e-01 4.9515740380e-06
1652 3.7580196710e-01 4.9863012164e-06
1653 3.7578758661e-01 4.9639473067e-06
1654 3.7577381768e-01 4.7506167102e-06
1655 3.7576051702e-01 4.6397938058e-06
1656 3.7574691264e-01 4.3389465568e-06
1657 3.7573277430e-01 4.1369533885e-06
1658 3.7571849801e-01 4.0752193400e-06
1659 3.7570425716e-01 4.0402030980e-06
1660 3.7569062451e-01 4.4599219719e-06
1661 3.7567720698e-01 5.0436248470e-06
1662 3.7566482638e-01 5.6039929697e-06
1663 3.7565238290e-01 5.6231128514e-06
1664 3.7564036900e-01 5.5419275330e-06
1665 3.7562858025e-01 4.8486699434e-06
1666 3.7561656873e-01 4.0579676183e-06
1667 3.7560434994e-01 3.8652643135e-06
1668 3.7559217728e-01 4.4013563351e-06
1669 3.7558122909e-01 5.3650449885e-06
1670 3.7557050021e-01 4.6952220343e-06
1671 3.7555904502e-01 4.0198091237e-06
1672 3.7554758619e-01 3.9912773450e-06
1673 3.7553688449e-01 4.1162650665e-06
1674 3.7552615534e-01 3.9097074060e-06
1675 3.7551519711e-01 3.6014506364e-06
1676 3.7550370037e-01 3.4849799212e-06
1677 3.7549262966e-01 3.5427771369e-06
1678 3.7548154308e-01 3.7883871659e-06
1679 3.7547134544e-01 3.9308466409e-06
1680 3.7546145690e-01 3.7439381824e-06
1681 3.7545120024e-01 3.4237063970e-06
1682 3.7544057327e-01 3.3829971457e-06
1683 3.7542991704e-01 3.6014689590e-06
1684 3.7541993186e-01 3.8716992082e-06
1685 3.7540977430e-01 3.9771991577e-06
1686 3.7539989568e-01 4.2037446710e-06
1687 3.7539016287e-01 4.1962092154e-06
1688 3.7538036902e-01 3.9853783128e-06
1689 3.7537034386e-01 3.7690263445e-06
1690 3.7536016852e-01 3.4638376001e-06
1691 3.7535012258e-01 3.4041716364e-06
1692 3.7534079241e-01 3.5537681699e-06
1693 3.7533136764e-01 3.4414452779e-06
1694 3.7532151712e-01 3.3484126273e-06
1695 3.7531134274e-01 3.6187125103e-06
1696 3.7530154918e-01 4.0660138177e-06
1697 3.7529257381e-01 4.6544777525e-06
1698 3.7528365779e-01 4.4328041463e-06
1699 3.7527429780e-01 4.0403987140e-06
1700 3.7526459465e-01 4.3516440707e-06
1701 3.7525530922e-01 4.8969910662e-06
1702 3.7524623069e-01 4.9295862641e-06
1703 3.7523669814e-01 4.2047170806e-06
1704 3.7522665877e-01 4.0395317541e-06
1705 3.7521683692e-01 4.0711479651e-06
1706 3.7520682065e-01 4.0741036696e-06
1707 3.7519693041e-01 4.2835769459e-06
1708 3.7518714539e-01 4.7680660925e-06
1709 3.7517715000e-01 4.5929093525e-06
1710 3.7516680479e-01 4.5588745146e-06
1711 3.7515676041e-01 5.0754020986e-06
1712 3.7514676919e-01 4.8535454776e-06
1713 3.7513635856e-01 4.1650960211e-06
1714 3.7512581488e-01 3.6204597701e-06
1715 3.7511522562e-01 3.5277820497e-06
1716 3.7510479824e-01 3.6960248029e-06
1717 3.7509426065e-01 3.7006038943e-06
1718 3.7508402028e-01 3.5807623519e-06
1719 3.7507402590e-01 3.4528762246e-06
1720 3.7506447179e-01 3.5528036965e-06
1721 3.7505469858e-01 3.5497146918e-06
1722 3.7504373323e-01 3.4819634357e-06
1723 3.7503239587e-01 3.5936888279e-06
1724 3.7502164144e-01 4.1043908805e-06
1725 3.7501087619e-01 4.1628338789e-06
1726 3.7499945368e-01 3.9489845057e-06
1727 3.7498784485e-01 4.1839586486e-06
1728 3.7497664223e-01 4.9225421680e-06
1729 3.7496570374e-01 5.2118630798e-06
1730 3.7495464373e-01 5.0556154433e-06
1731 3.7494378244e-01 4.6120056118e-06
1732 3.7493259973e-01 3.8431845430e-06
1733 3.7492125512e-01 3.5193659990e-06
1734 3.7490960762e-01 3.4385834866e-06
1735 3.7489785711e-01 3.3218027184e-06
1736 3.7488595088e-01 3.2674286761e-06
1737 3.7487403939e-01 3.3231538393e-06
1738 3.7486210966e-01 3.3574202979e-06
1739 3.7485047780e-01 3.5088645744e-06
1740 3.7483948194e-01 3.7033619581e-06
1741 3.7482846146e-01 3.5182115784e-06
1742 3.7481666466e-01 3.3678858244e-06
1743 3.7480422609e-01 3.2251755732e-06
1744 3.7479164565e-01 3.2457808497e-06
1745 3.7477958072e-01 3.3060817079e-06
1746 3.7476729823e-01 3.2834797376e-06
1747 3.7475492166e-01 3.2341297068e-06
1748 3.7474268058e-01 3.3954398286e-06
1749 3.7473109729e-01 3.3319092751e-06
1750 3.7471999994e-01 3.2671197458e-06
1751 3.7470870719e-01 3.6177713379e-06
1752 3.7469749339e-01 3.9807316421e-06
1753 3.7468593669e-01 3.8160919992e-06
1754 3.7467395185e-01 3.5605749661e-06
1755 3.7466187459e-01 3.3858632649e-06
1756 3.7464979228e-01 3.2459142835e-06
1757 3.7463756151e-01 3.2926272511e-06
1758 3.7462529909e-01 3.3167577638e-06
1759 3.7461355809e-01 3.3508576366e-06
1760 3.7460118153e-01 3.2931088850e-06
1761 3.7458873393e-01 3.3642980859e-06
1762 3.7457612269e-01 3.7197624220e-06
1763 3.7456356281e-01 4.5610848920e-06
1764 3.7455143213e-01 5.2820453043e-06
1765 3.7453944087e-01 5.3910929770e-06
1766 3.7452721842e-01 4.5213666904e-06
1767 3.7451423339e-01 3.6117164865e-06
1768 3.7450019177e-01 3.3515324192e-06
1769 3.7448603624e-01 3.6100438516e-06
1770 3.7447241674e-01 4.4694441556e-06
1771 3.7445983302e-01 5.4695526565e-06
1772 3.7444733501e-01 4.9826378468e-06
1773 3.7443376185e-01 3.8183458621e-06
1774 3.7441960158e-01 3.3709037962e-06
1775 3.7440698671e-01 3.8148080606e-06
1776 3.7439467691e-01 3.8122423533e-06
1777 3.7438153405e-01 3.5049841655e-06
1778 3.7436772973e-01 3.5179232476e-06
1779 3.7435463091e-01 3.7928766836e-06
1780 3.7434155854e-01 3.7060097257e-06
1781 3.7432820871e-01 3.6918592863e-06
1782 3.7431485090e-01 3.5735039103e-06
1783 3.7430229688e-01 3.6505582308e-06
1784 3.7428930685e-01 3.4847757584e-06
1785 3.7427635877e-01 3.2445230952e-06
1786 3.7426294815e-01 3.2035069169e-06
1787 3.7425001766e-01 3.2062612471e-06
1788 3.7423716660e-01 3.3005120284e-06
1789 3.7422401356e-01 3.3238448652e-06
1790 3.7421031908e-01 3.2550162921e-06
1791 3.7419662993e-01 3.3071836473e-06
1792 3.7418248041e-01 3.5118099829e-06
1793 3.7416911766e-01 3.8535953654e-06
1794 3.7415623388e-01 4.1326643718e-06
1795 3.7414258548e-01 3.9217195259e-06
1796 3.7412881227e-01 4.2071694553e-06
1797 3.7411536459e-01 4.6468857590e-06
1798 3.7410205233e-01 4.3375177213e-06
1799 3.7408877160e-01 4.1475621208e-06
1800 3.7407550086e-01 4.2348698921e-06
1801 3.7406276905e-01 4.7986753275e-06
1802 3.7405050010e-01 4.9804152214e-06
1803 3.7403748974e-01 4.3999278873e-06
1804 3.7402426575e-01 4.0656902077e-06
1805 3.7401116420e-01 3.6908526802e-06
1806 3.7399786060e-01 3.3984608070e-06
1807 3.7398417613e-01 3.3756963873e-06
1808 3.7397051944e-01 3.8904110720e-06
1809 3.7395724527e-01 5.0654697431e-06
1810 3.7394519556e-01 5.2564473984e-06
1811 3.7393265365e-01 3.8412922957e-06
1812 3.7391893610e-01 3.1767312255e-06
1813 3.7390551494e-01 3.0756049383e-06
1814 3.7389279730e-01 3.1524631337e-06
1815 3.7388034307e-01 3.0716970653e-06
1816 3.7386671427e-01 3.0758772597e-06
1817 3.7385320599e-01 3.1402336687e-06
1818 3.7383990418e-01 3.4335953413e-06
1819 3.7382712180e-01 3.6652966133e-06
1820 3.7381462484e-01 3.9936058255e-06
1821 3.7380255616e-01 4.0907853943e-06
1822 3.7379015516e-01 3.9233772777e-06
1823 3.7377745813e-01 3.6777473624e-06
1824 3.7376484039e-01 3.3053970296e-06
1825 3.7375192510e-01 3.0935356916e-06
1826 3.7373924590e-01 3.3810718278e-06
1827 3.7372694581e-01 3.6996752355e-06
1828 3.7371419003e-01 3.6118798076e-06
1829 3.7370096078e-01 3.3459106394e-06
1830 3.7368822736e-01 3.2244021798e-06
1831 3.7367545001e-01 2.9800183634e-06
1832 3.7366260414e-01 2.8994054949e-06
1833 3.7364979985e-01 2.8476989441e-06
1834 3.7363681944e-01 2.9137300960e-06
1835 3.7362354230e-01 3.0013507628e-06
1836 3.7361038341e-01 2.9960130265e-06
1837 3.7359707127e-01 2.9649329294e-06
1838 3.7358350475e-01 2.8531677827e-06
1839 3.7356983127e-01 2.8112625071e-06
1840 3.7355624104e-01 2.9345572351e-06
1841 3.7354299471e-01 2.9527982093e-06
1842 3.7353024022e-01 2.9373153286e-06
1843 3.7351756853e-01 2.8101797134e-06
1844 3.7350499191e-01 2.8424593644e-06
1845 3.7349280807e-01 2.9796105647e-06
1846 3.7348098442e-01 2.9380183338e-06
1847 3.7346864616e-01 2.7810677496e-06
1848 3.7345594030e-01 2.7943505801e-06
1849 3.7344270448e-01 2.8560075275e-06
1850 3.7342954764e-01 2.9910893571e-06
1851 3.7341641416e-01 3.0408494326e-06
1852 3.7340352834e-01 3.1640976242e-06
1853 3.7339098118e-01 3.1113595463e-06
1854 3.7337802083e-01 2.9084703498e-06
1855 3.7336444430e-01 2.6831743504e-06
1856 3.7335093724e-01 2.7056530776e-06
1857 3.7333753888e-01 2.7850487187e-06
1858 3.7332427820e-01 3.0271108284e-06
1859 3.7331208500e-01 3.1711811684e-06
1860 3.7330058142e-01 3.0746101142e-06
1861 3.7328898854e-01 2.7673849336e-06
1862 3.7327730305e-01 2.9739046174e-06
1863 3.7326516601e-01 3.1442570432e-06
1864 3.7325188796e-01 3.1354030553e-06
1865 3.7323785481e-01 3.0659043325e-06
1866 3.7322445467e-01 3.3324829135e-06
1867 3.7321153927e-01 3.4252149603e-06
1868 3.7319868423e-01 3.2951743392e-06
1869 3.7318517983e-01 3.3377701121e-06
1870 3.7317171057e-01 4.0926796487e-06
1871 3.7315935346e-01 4.8064206686e-06
1872 3.7314719049e-01 4.0189575160e-06
1873 3.7313410076e-01 2.9732219880e-06
1874 3.7312040295e-01 2.6862006038e-06
1875 3.7310629028e-01 2.6361784088e-06
1876 3.7309199285e-01 2.7920670910e-06
1877 3.7307815842e-01 2.9509086010e-06
1878 3.7306458912e-01 3.0843301932e-06
1879 3.7305075903e-01 3.0555619721e-06
1880 3.7303618465e-01 2.9330793762e-06
1881 3.7302115031e-01 2.8164041387e-06
1882 3.7300611439e-01 2.8251472687e-06
1883 3.7299263424e-01 2.8722292926e-06
1884 3.7298026225e-01 2.8938559809e-06
1885 3.7296761897e-01 2.9145308501e-06
1886 3.7295435787e-01 2.9198487308e-06
1887 3.7293995301e-01 2.8935703426e-06
1888 3.7292574807e-01 2.8041432358e-06
1889 3.7291098689e-01 2.7117999858e-06
1890 3.7289690384e-01 2.6555062471e-06
1891 3.7288273430e-01 2.7550881608e-06
1892 3.7286768836e-01 2.7485830026e-06
1893 3.7285235675e-01 2.8837167968e-06
1894 3.7283667795e-01 3.0933328399e-06
1895 3.7282057139e-01 3.2703675936e-06
1896 3.7280450557e-01 3.3048031492e-06
1897 3.7278827806e-01 3.0557595602e-06
1898 3.7277162282e-01 3.0698057105e-06
1899 3.7275610902e-01 3.2807201580e-06
1900 3.7274120522e-01 3.3076447541e-06
1901 3.7272550316e-01 3.0816469376e-06
1902 3.7270922043e-01 3.1221779218e-06
1903 3.7269295966e-01 3.5924666862e-06
1904 3.7267807179e-01 4.2968353129e-06
1905 3.7266273634e-01 4.3223536703e-06
1906 3.7264755925e-01 4.2480968866e-06
1907 3.7263202874e-01 3.5790624927e-06
1908 3.7261557880e-01 3.1229534821e-06
1909 3.7259913984e-01 3.0324221841e-06
1910 3.7258322876e-01 2.9946211787e-06
1911 3.7256768954e-01 3.0024415811e-06
1912 3.7255195527e-01 2.8292285389e-06
1913 3.7253526701e-01 2.7451591470e-06
1914 3.7251832281e-01 2.7384402379e-06
1915 3.7250119332e-01 2.6375003753e-06
1916 3.7248475608e-01 2.7253984342e-06
1917 3.7246873277e-01 2.7031949835e-06
1918 3.7245199037e-01 2.8162598889e-06
1919 3.7243545890e-01 3.0431751418e-06
1920 3.7241985924e-01 3.4215812305e-06
1921 3.7240421065e-01 3.6200833792e-06
1922 3.7238815681e-01 4.0530272968e-06
1923 3.7237232334e-01 4.2680377889e-06
1924 3.7235622449e-01 3.9698442437e-06
1925 3.7233960523e-01 3.2932732695e-06
1926 3.7232235201e-01 3.0770973937e-06
1927 3.7230526858e-01 3.0782113351e-06
1928 3.7228758071e-01 3.2484927567e-06
1929 3.7226894314e-01 3.7993998628e-06
1930 3.7225122823e-01 4.5466545906e-06
1931 3.7223339499e-01 4.5550121075e-06
1932 3.7221563465e-01 4.0614303728e-06
1933 3.7219828882e-01 3.2753759414e-06
1934 3.7218010268e-01 2.9085869108e-06
1935 3.7216181751e-01 3.0245919249e-06
1936 3.7214465215e-01 3.3672011658e-06
1937 3.7212698936e-01 3.2862479274e-06
1938 3.7210887308e-01 3.1863850406e-06
1939 3.7209036982e-01 3.0494350467e-06
1940 3.7207144380e-01 2.9891594622e-06
1941 3.7205180143e-01 3.0323255506e-06
1942 3.7203265921e-01 3.4277577260e-06
1943 3.7201436167e-01 3.6839512243e-06
1944 3.7199580315e-01 3.4321268336e-06
1945 3.7197567678e-01 3.1487563362e-06
1946 3.7195535697e-01 3.2043382968e-06
1947 3.7193635154e-01 3.4349251283e-06
1948 3.7191825179e-01 3.2635521924e-06
1949 3.7189985833e-01 3.1382502961e-06
1950 3.7188227079e-01 3.2765783734e-06
1951 3.7186462699e-01 3.2817238871e-06
1952 3.7184562711e-01 3.2562500847e-06
1953 3.7182628290e-01 3.2377378721e-06
1954 3.7180662403e-01 3.2539062458e-06
1955 3.7178767155e-01 3.5886285706e-06
1956 3.7176916091e-01 3.5765682054e-06
1957 3.7175014715e-01 3.2825918588e-06
1958 3.7172906629e-01 2.9401304054e-06
1959 3.7170822937e-01 2.9411581894e-06
1960 3.7168805500e-01 3.0549114458e-06
1961 3.7166740617e-01 3.1387620222e-06
1962 3.7164661960e-01 3.4979094857e-06
1963 3.7162604306e-01 4.0587422391e-06
1964 3.7160553157e-01 4.5316628259e-06
1965 3.7158535375e-01 4.3576209477e-06
1966 3.7156467799e-01 4.0576135140e-06
1967 3.7154431209e-01 4.0367230246e-06
1968 3.7152431194e-01 4.1962918957e-06
1969 3.7150380746e-01 4.1020019713e-06
1970 3.7148265314e-01 3.8599982455e-06
1971 3.7146093697e-01 3.5457743194e-06
1972 3.7143894392e-01 3.7089647232e-06
1973 3.7141750875e-01 4.4320073405e-06
1974 3.7139616060e-01 4.6675567410e-06
1975 3.7137468131e-01 4.1278385491e-06
1976 3.7135227905e-01 3.7134768375e-06
1977 3.7132887542e-01 3.4526746082e-06
1978 3.7130397664e-01 3.4507125204e-06
1979 3.7127980373e-01 3.9440011563e-06
1980 3.7125707703e-01 4.5858014987e-06
1981 3.7123523031e-01 4.4606011262e-06
1982 3.7121191513e-01 4.3179955033e-06
1983 3.7118888831e-01 4.6736975788e-06
1984 3.7116653831e-01 4.5926918303e-06
1985 3.7114418880e-01 3.8664421374e-06
1986 3.7112100804e-01 3.3669426538e-06
1987 3.7109715344e-01 3.2216805611e-06
1988 3.7107293335e-01 3.1798110675e-06
1989 3.7104870330e-01 3.2748797811e-06
1990 3.7102531747e-01 3.3072552259e-06
1991 3.7100393236e-01 3.4400601363e-06
1992 3.7098305286e-01 3.2731624171e-06
1993 3.7096057642e-01 3.4422456107e-06
1994 3.7093793097e-01 3.5400741246e-06
1995 3.7091441445e-01 3.3075831008e-06
1996 3.7088957108e-01 3.1016824934e-06
1997 3.7086510285e-01 2.9560770005e-06
1998 3.7084022866e-01 2.9689869661e-06
1999 3.7081585230e-01 3.1183961339e-06
