iter rel_error rel_residual
0 9.3245670439e-01 4.0373076637e-01
1 9.1582771597e-01 2.1005419688e-01
2 8.9359314093e-01 1.0613886923e-01
3 8.7221938328e-01 5.7200080824e-02
4 8.5081160644e-01 4.8012489766e-02
5 8.2954590164e-01 4.4209195149e-02
6 8.1260463033e-01 3.8064198996e-02
7 8.0054467948e-01 2.5518756516e-02
8 7.8901148240e-01 2.2090759624e-02
9 7.7942253945e-01 1.9537804228e-02
10 7.7068259618e-01 1.7116378004e-02
11 7.6185251093e-01 1.3636092577e-02
12 7.5362100773e-01 1.1398227236e-02
13 7.4564449130e-01 1.2534855875e-02
14 7.3653465367e-01 9.7311267604e-03
15 7.2826834055e-01 9.9505025901e-03
16 7.1966053024e-01 1.0097027657e-02
17 7.1271853264e-01 1.0306139434e-02
18 7.0707694881e-01 1.0840552152e-02
19 7.0204825253e-01 8.3401624286e-03
20 6.9672306909e-01 7.1423906165e-03
21 6.9147434048e-01 8.0638163567e-03
22 6.8461803216e-01 7.5980774990e-03
23 6.7740775252e-01 7.9756717236e-03
24 6.7092632485e-01 7.3960367215e-03
25 6.6439129466e-01 7.2060362478e-03
26 6.5916802272e-01 7.3353951533e-03
27 6.5404435378e-01 7.7209850436e-03
28 6.4909208721e-01 1.0472499488e-02
29 6.4450564800e-01 1.0582268980e-02
30 6.4058253824e-01 7.7337514688e-03
31 6.3674331893e-01 6.1849127761e-03
32 6.3286994974e-01 4.8769252644e-03
33 6.2922987923e-01 4.9494197275e-03
34 6.2584593203e-01 4.4123635049e-03
35 6.2274322429e-01 4.1620545070e-03
36 6.1939368997e-01 4.1546635169e-03
37 6.1625191632e-01 3.1765263163e-03
38 6.1337438206e-01 3.4066878713e-03
39 6.1016196354e-01 3.4003745058e-03
40 6.0661825610e-01 2.9374810688e-03
41 6.0295972483e-01 3.2406784463e-03
42 5.9925207464e-01 2.9537397430e-03
43 5.9547598013e-01 2.9792533420e-03
44 5.9235169246e-01 2.6577815503e-03
45 5.8948770507e-01 2.7819488612e-03
46 5.8656274910e-01 2.8639136456e-03
47 5.8337716535e-01 2.5578454017e-03
48 5.8017890656e-01 2.3525281623e-03
49 5.7699332802e-01 2.4115324299e-03
50 5.7402612328e-01 2.2987456082e-03
51 5.7091110727e-01 2.4861686627e-03
52 5.6752388892e-01 2.2431494735e-03
53 5.6457873921e-01 2.5353789985e-03
54 5.6171245228e-01 2.3677254702e-03
55 5.5857979111e-01 2.4241178120e-03
56 5.5507454272e-01 2.6388760083e-03
57 5.5168590908e-01 2.6909695097e-03
58 5.4827537736e-01 2.6963270055e-03
59 5.4447502057e-01 2.5431691947e-03
60 5.4099679546e-01 2.7624421900e-03
61 5.3752878494e-01 2.7219044175e-03
62 5.3364316711e-01 2.5551069026e-03
63 5.2910558099e-01 2.8922206964e-03
64 5.2464338756e-01 2.9259619056e-03
65 5.2034226613e-01 2.9607474533e-03
66 5.1603208951e-01 2.7009029727e-03
67 5.1199925424e-01 2.8726322071e-03
68 5.0836262574e-01 2.7844403719e-03
69 5.0492034682e-01 2.3379550446e-03
70 5.0215305390e-01 2.4730275536e-03
71 4.9956552194e-01 2.4209444629e-03
72 4.9724566188e-01 2.9770744344e-03
73 4.9545476072e-01 4.0245726219e-03
74 4.9375014291e-01 2.6929208165e-03
75 4.9185122230e-01 1.9450672334e-03
76 4.8988744146e-01 1.6989758463e-03
77 4.8812686836e-01 1.9419698513e-03
78 4.8676847258e-01 2.4441652377e-03
79 4.8530296664e-01 1.7201368090e-03
80 4.8368025279e-01 1.5093197522e-03
81 4.8177224374e-01 1.3990900480e-03
82 4.7995310902e-01 1.4123657769e-03
83 4.7837507388e-01 1.2587207109e-03
84 4.7690439512e-01 1.2227884644e-03
85 4.7557987751e-01 1.3821412834e-03
86 4.7447503719e-01 1.6928450431e-03
87 4.7352496112e-01 2.3399835669e-03
88 4.7268838228e-01 1.7437244015e-03
89 4.7174213155e-01 1.2482220234e-03
90 4.7074272575e-01 1.1667028406e-03
91 4.6980225986e-01 1.2173603717e-03
92 4.6897041498e-01 1.3315593037e-03
93 4.6820668210e-01 1.6095517346e-03
94 4.6752251074e-01 1.9079936601e-03
95 4.6687660828e-01 1.8836364680e-03
96 4.6621100470e-01 1.1157512629e-03
97 4.6558287626e-01 9.9241988122e-04
98 4.6498045019e-01 1.0217597007e-03
99 4.6437723210e-01 9.1315172678e-04
100 4.6380753133e-01 8.0645741939e-04
101 4.6325688801e-01 8.5221904100e-04
102 4.6272765859e-01 1.0306905486e-03
103 4.6215157321e-01 9.0966198825e-04
104 4.6157697814e-01 7.4314243488e-04
105 4.6096578874e-01 7.0919169039e-04
106 4.6047413151e-01 7.2518027558e-04
107 4.5990886053e-01 6.9887557580e-04
108 4.5927950697e-01 7.1907812645e-04
109 4.5858438979e-01 6.5440755421e-04
110 4.5778915085e-01 6.0689064572e-04
111 4.5703482032e-01 6.4038183287e-04
112 4.5630763596e-01 6.3329655247e-04
113 4.5576694816e-01 6.2910161026e-04
114 4.5520093013e-01 4.7871554905e-04
115 4.5465523469e-01 5.4561373058e-04
116 4.5416379610e-01 5.5474971261e-04
117 4.5367699032e-01 5.1669824700e-04
118 4.5324705931e-01 4.8572758994e-04
119 4.5281995096e-01 4.3251511709e-04
120 4.5240705114e-01 4.0156557137e-04
121 4.5204117952e-01 4.4430361969e-04
122 4.5158196171e-01 3.8979908157e-04
123 4.5111520867e-01 3.7268587707e-04
124 4.5058886224e-01 3.5938219523e-04
125 4.4999312972e-01 3.3895790394e-04
126 4.4935684004e-01 3.5537907648e-04
127 4.4870899731e-01 3.7586840357e-04
128 4.4808643213e-01 3.9683164961e-04
129 4.4750636321e-01 3.9115565352e-04
130 4.4698498094e-01 4.1944156235e-04
131 4.4645219803e-01 3.6020218403e-04
132 4.4585996742e-01 3.3220127989e-04
133 4.4520504140e-01 3.2279924819e-04
134 4.4462132629e-01 3.6544144801e-04
135 4.4406445053e-01 5.9747157164e-04
136 4.4358767661e-01 6.7073140125e-04
137 4.4306226554e-01 4.4040666227e-04
138 4.4255745853e-01 3.6082083661e-04
139 4.4202606669e-01 3.1556631627e-04
140 4.4147245288e-01 3.8622687509e-04
141 4.4098644908e-01 6.2455421981e-04
142 4.4059417288e-01 5.3614268247e-04
143 4.4007143739e-01 3.1649123127e-04
144 4.3947774707e-01 2.9213246004e-04
145 4.3890706436e-01 3.6878061007e-04
146 4.3841153785e-01 4.9804208249e-04
147 4.3789895457e-01 5.3110107661e-04
148 4.3739762454e-01 4.6333886214e-04
149 4.3686393952e-01 3.2187204646e-04
150 4.3631588848e-01 2.9643735229e-04
151 4.3581862769e-01 2.6170602004e-04
152 4.3527534407e-01 2.7640548547e-04
153 4.3469366786e-01 2.5935732333e-04
154 4.3414789261e-01 2.5206219002e-04
155 4.3365087458e-01 2.7785814298e-04
156 4.3325086171e-01 2.6803127857e-04
157 4.3283289769e-01 3.2101320693e-04
158 4.3244502259e-01 4.2661645771e-04
159 4.3207519196e-01 3.5310804619e-04
160 4.3167575957e-01 2.7385206839e-04
161 4.3121125337e-01 2.1072547671e-04
162 4.3068873628e-01 1.9824606647e-04
163 4.3011767768e-01 2.1092974783e-04
164 4.2955753174e-01 2.2434705031e-04
165 4.2898012211e-01 2.0611121296e-04
166 4.2837795036e-01 2.2697854201e-04
167 4.2779270988e-01 2.2350236721e-04
168 4.2710631763e-01 2.0215134772e-04
169 4.2639836244e-01 2.0116896057e-04
170 4.2575609755e-01 2.0697957602e-04
171 4.2522302092e-01 1.9337506393e-04
172 4.2461938434e-01 1.9749548461e-04
173 4.2399178602e-01 2.0486702160e-04
174 4.2337652724e-01 2.0118571039e-04
175 4.2278575643e-01 2.2373258071e-04
176 4.2228316808e-01 2.5530768166e-04
177 4.2174801861e-01 2.3469116521e-04
178 4.2111498105e-01 2.3325756216e-04
179 4.2049992826e-01 2.4041610094e-04
180 4.1986842837e-01 1.9394994299e-04
181 4.1925196316e-01 1.8709987288e-04
182 4.1868082449e-01 2.2420613765e-04
183 4.1808859469e-01 1.9790703263e-04
184 4.1735951261e-01 1.7366309753e-04
185 4.1676897211e-01 2.1604006884e-04
186 4.1625180497e-01 1.8628114711e-04
187 4.1561471944e-01 1.7397191564e-04
188 4.1500360869e-01 1.9409413041e-04
189 4.1440925239e-01 1.7767662253e-04
190 4.1382238969e-01 1.7096443005e-04
191 4.1326940237e-01 2.0005998288e-04
192 4.1276123602e-01 1.9525941778e-04
193 4.1221423604e-01 1.8490353176e-04
194 4.1155201601e-01 2.0832043042e-04
195 4.1087443406e-01 2.9027104975e-04
196 4.1027908084e-01 3.5412680369e-04
197 4.0961474579e-01 2.3626014580e-04
198 4.0887187754e-01 2.1266665777e-04
199 4.0815287025e-01 1.9172094578e-04
200 4.0747177548e-01 1.8567403749e-04
201 4.0677827541e-01 1.8267457494e-04
202 4.0602497027e-01 2.2058777505e-04
203 4.0523307835e-01 2.3588469264e-04
204 4.0449970917e-01 2.8088819576e-04
205 4.0369652208e-01 2.7379020939e-04
206 4.0270204673e-01 3.1357533357e-04
207 4.0183019647e-01 4.2431013927e-04
208 4.0091114652e-01 3.2525092199e-04
209 3.9979492458e-01 2.5236535812e-04
210 3.9861871811e-01 2.7084459424e-04
211 3.9743377749e-01 3.3485923327e-04
212 3.9613200917e-01 4.3806867549e-04
213 3.9494287951e-01 4.2955275791e-04
214 3.9347185660e-01 3.0896207210e-04
215 3.9189877880e-01 3.1934933988e-04
216 3.9050619521e-01 3.4220412353e-04
217 3.8905407446e-01 3.0348986771e-04
218 3.8759769313e-01 2.8878877464e-04
219 3.8625742298e-01 3.1696417940e-04
220 3.8530949738e-01 3.8194971477e-04
221 3.8460948717e-01 3.4356039194e-04
222 3.8399927151e-01 3.3505095092e-04
223 3.8353410135e-01 3.5089468153e-04
224 3.8321867076e-01 3.5135693977e-04
225 3.8302528293e-01 5.0766700938e-04
226 3.8292007752e-01 5.4344616581e-04
227 3.8285265126e-01 4.0202571210e-04
228 3.8283376082e-01 3.1650987723e-04
229 3.8287287068e-01 2.7059487735e-04
230 3.8297634058e-01 2.4540789120e-04
231 3.8312621442e-01 2.5461119467e-04
232 3.8330692215e-01 2.3696087710e-04
233 3.8354695123e-01 2.2353885339e-04
234 3.8385489827e-01 2.1539439095e-04
235 3.8411140261e-01 2.5284685330e-04
236 3.8433042328e-01 2.5277955478e-04
237 3.8459742783e-01 2.1092359507e-04
238 3.8487343185e-01 1.9124206209e-04
239 3.8513973110e-01 2.0631026800e-04
240 3.8539060207e-01 2.1756128771e-04
241 3.8564902045e-01 2.3520936152e-04
242 3.8587618230e-01 2.2452676105e-04
243 3.8604972139e-01 2.1144700336e-04
244 3.8620101469e-01 2.1470993892e-04
245 3.8636415987e-01 1.8733836209e-04
246 3.8650200308e-01 1.9356991881e-04
247 3.8661221520e-01 2.2268954125e-04
248 3.8669616399e-01 2.3079489494e-04
249 3.8678510485e-01 2.0921287686e-04
250 3.8686929721e-01 2.1968327308e-04
251 3.8690443385e-01 3.9584762501e-04
252 3.8692074176e-01 5.8124872819e-04
253 3.8696397207e-01 2.9020639382e-04
254 3.8703137525e-01 2.2083229942e-04
255 3.8704767121e-01 2.3536808393e-04
256 3.8702471141e-01 2.3914314080e-04
257 3.8696400211e-01 2.3479233006e-04
258 3.8688637692e-01 2.4894920031e-04
259 3.8679265706e-01 2.6881420090e-04
260 3.8663112250e-01 3.4398192086e-04
261 3.8646555378e-01 3.9501441105e-04
262 3.8626985895e-01 3.0434828028e-04
263 3.8604172472e-01 2.6915278392e-04
264 3.8576058643e-01 3.2689338502e-04
265 3.8550843487e-01 4.8976503530e-04
266 3.8529945374e-01 4.7873337223e-04
267 3.8507517448e-01 3.6204061456e-04
268 3.8478439510e-01 2.5286842647e-04
269 3.8444789799e-01 2.4732793839e-04
270 3.8415754750e-01 2.9294811993e-04
271 3.8383667752e-01 2.2267844128e-04
272 3.8350794624e-01 2.9566655919e-04
273 3.8321983626e-01 3.1672516835e-04
274 3.8292713852e-01 2.1071545921e-04
275 3.8262967355e-01 2.3341357574e-04
276 3.8237180401e-01 2.3312126918e-04
277 3.8207303944e-01 2.2631028035e-04
278 3.8175803353e-01 2.5772164884e-04
279 3.8144420660e-01 2.1114051396e-04
280 3.8113575288e-01 2.6064644361e-04
281 3.8084097421e-01 2.5770039112e-04
282 3.8055440784e-01 1.8300662950e-04
283 3.8026149531e-01 1.8419899935e-04
284 3.7999102385e-01 2.4086621428e-04
285 3.7973630953e-01 2.5592963838e-04
286 3.7944430481e-01 2.8417695614e-04
287 3.7918322542e-01 3.2118084680e-04
288 3.7887090471e-01 1.9279901041e-04
289 3.7848726701e-01 2.1440201453e-04
290 3.7811544219e-01 2.5237500501e-04
291 3.7770404368e-01 1.8501718782e-04
292 3.7725330735e-01 2.2771292133e-04
293 3.7674456117e-01 2.5867551210e-04
294 3.7614913589e-01 1.9182789641e-04
295 3.7548609200e-01 1.7022882762e-04
296 3.7474636632e-01 1.4494473771e-04
297 3.7398766679e-01 1.6874397709e-04
298 3.7338292139e-01 2.0763733034e-04
299 3.7269338727e-01 1.5504868061e-04
300 3.7182466760e-01 1.6682741305e-04
301 3.7121480059e-01 1.7864101584e-04
302 3.7036780143e-01 1.4308837826e-04
303 3.6938546657e-01 1.6414719350e-04
304 3.6845668061e-01 2.0521399077e-04
305 3.6751837553e-01 1.8956614571e-04
306 3.6627098598e-01 1.5326428317e-04
307 3.6490302572e-01 1.5202652233e-04
308 3.6348134701e-01 1.6090217812e-04
309 3.6190570541e-01 1.7163305934e-04
310 3.6043494417e-01 1.9897796823e-04
311 3.5921926515e-01 1.9332494991e-04
312 3.5777955036e-01 1.8895150688e-04
313 3.5639033389e-01 2.3326206783e-04
314 3.5495455224e-01 2.4714733395e-04
315 3.5366971068e-01 4.6772705616e-04
316 3.5228665023e-01 2.5594545296e-04
317 3.5048689673e-01 2.0798978236e-04
318 3.4874240496e-01 2.3103027620e-04
319 3.4716956473e-01 2.0401705202e-04
320 3.4544190392e-01 1.8547356508e-04
321 3.4373670171e-01 1.6797914505e-04
322 3.4227195639e-01 1.8208589284e-04
323 3.4097340806e-01 1.6805287586e-04
324 3.3940609258e-01 1.4693428478e-04
325 3.3782515311e-01 2.1647226822e-04
326 3.3678040047e-01 4.2006468722e-04
327 3.3571536489e-01 2.1208122028e-04
328 3.3426218753e-01 1.7239933147e-04
329 3.3296615792e-01 2.1593681779e-04
330 3.3165457775e-01 2.5180563153e-04
331 3.3024732517e-01 2.2777489851e-04
332 3.2882996234e-01 2.6385033986e-04
333 3.2753044330e-01 3.6410717539e-04
334 3.2619049819e-01 2.3936801647e-04
335 3.2429983952e-01 1.4781032985e-04
336 3.2218286244e-01 1.4339456981e-04
337 3.2029120672e-01 2.0280879208e-04
338 3.1846085632e-01 1.5842681441e-04
339 3.1601596433e-01 1.5686100478e-04
340 3.1378558422e-01 2.1192980587e-04
341 3.1166525748e-01 2.1621690428e-04
342 3.0916084209e-01 1.6120308222e-04
343 3.0655460517e-01 1.7405814227e-04
344 3.0429124783e-01 2.7137505032e-04
345 3.0267739493e-01 4.0453070083e-04
346 3.0090680356e-01 2.6597868726e-04
347 2.9902867963e-01 1.9188266577e-04
348 2.9695828350e-01 1.5573773880e-04
349 2.9488683872e-01 1.7033278970e-04
350 2.9319522505e-01 2.0559552334e-04
351 2.9157178323e-01 1.6105688564e-04
352 2.8956566438e-01 1.3684963824e-04
353 2.8752184873e-01 1.3111561542e-04
354 2.8581836479e-01 1.5830853086e-04
355 2.8445371909e-01 1.5622947774e-04
356 2.8301278824e-01 1.4970280148e-04
357 2.8194023005e-01 1.6076734900e-04
358 2.8070242311e-01 1.1330422004e-04
359 2.7937489799e-01 1.1598552760e-04
360 2.7827859237e-01 1.4268798422e-04
361 2.7732428328e-01 1.2062143325e-04
362 2.7629022121e-01 1.0169367920e-04
363 2.7545735957e-01 1.3657151576e-04
364 2.7470244701e-01 1.1294763829e-04
365 2.7381683770e-01 9.2299600427e-05
366 2.7291892421e-01 9.2048731491e-05
367 2.7210056810e-01 1.0319895435e-04
368 2.7146791804e-01 9.5129466205e-05
369 2.7079122893e-01 8.2945863680e-05
370 2.7018447700e-01 9.4057462594e-05
371 2.6969127471e-01 8.9945140247e-05
372 2.6909869058e-01 9.4908340945e-05
373 2.6857915081e-01 2.0079008550e-04
374 2.6819112813e-01 1.5355932360e-04
375 2.6765854113e-01 9.1229294639e-05
376 2.6717623001e-01 9.4057502588e-05
377 2.6674962923e-01 1.0257942013e-04
378 2.6635283294e-01 9.5407845630e-05
379 2.6592174728e-01 8.3144675934e-05
380 2.6540102822e-01 8.9670349753e-05
381 2.6490937902e-01 8.3415758376e-05
382 2.6439609522e-01 8.1423202891e-05
383 2.6384765159e-01 8.8209668789e-05
384 2.6330370732e-01 8.3722129181e-05
385 2.6278732698e-01 8.6070038843e-05
386 2.6226814296e-01 1.1442750066e-04
387 2.6180045614e-01 1.6961914763e-04
388 2.6134399973e-01 1.5694943730e-04
389 2.6089482415e-01 1.5361608361e-04
390 2.6044614268e-01 9.7176526620e-05
391 2.5995051800e-01 8.4306390567e-05
392 2.5944518557e-01 9.4648198619e-05
393 2.5894449092e-01 1.0275899795e-04
394 2.5850795050e-01 1.5063049299e-04
395 2.5815154040e-01 1.7400004254e-04
396 2.5780585199e-01 1.2832894782e-04
397 2.5746611343e-01 8.2644892786e-05
398 2.5711680453e-01 7.8747094451e-05
399 2.5684364970e-01 8.2216883170e-05
400 2.5657613209e-01 6.5226539371e-05
401 2.5631327899e-01 6.1321521410e-05
402 2.5611640640e-01 7.1923694391e-05
403 2.5592417626e-01 6.2330142059e-05
404 2.5571157768e-01 6.7600772627e-05
405 2.5553637211e-01 6.8206965803e-05
406 2.5533837763e-01 5.5539874820e-05
407 2.5514055278e-01 6.0598657525e-05
408 2.5497947741e-01 6.8087307445e-05
409 2.5483428931e-01 5.2124236549e-05
410 2.5467604685e-01 4.9422520122e-05
411 2.5452937121e-01 6.5648892889e-05
412 2.5441617489e-01 6.6394519927e-05
413 2.5430493774e-01 7.9116029168e-05
414 2.5419900484e-01 9.7441181063e-05
415 2.5409068555e-01 7.5090729956e-05
416 2.5398104542e-01 6.3975449924e-05
417 2.5387201822e-01 5.5330790596e-05
418 2.5373650702e-01 4.3493720086e-05
419 2.5359249524e-01 4.3567800487e-05
420 2.5346139905e-01 5.1500458444e-05
421 2.5335065398e-01 4.7725522535e-05
422 2.5321523843e-01 4.1836608688e-05
423 2.5307542559e-01 4.3967722617e-05
424 2.5295564295e-01 4.6039609865e-05
425 2.5284505263e-01 4.5772827058e-05
426 2.5272241195e-01 4.5209186200e-05
427 2.5260210826e-01 4.7975792065e-05
428 2.5246195426e-01 4.9040188201e-05
429 2.5230068412e-01 5.2661381869e-05
430 2.5215931603e-01 5.6940271059e-05
431 2.5200853753e-01 5.4885842725e-05
432 2.5188046548e-01 5.9016110060e-05
433 2.5170648368e-01 4.8692314070e-05
434 2.5150903210e-01 7.2545196705e-05
435 2.5134273327e-01 9.5297460560e-05
436 2.5116599376e-01 9.8956662332e-05
437 2.5100905679e-01 8.7121058285e-05
438 2.5082035473e-01 5.9800468849e-05
439 2.5062213146e-01 5.6696538930e-05
440 2.5047785545e-01 6.1565480288e-05
441 2.5034293995e-01 4.2987387964e-05
442 2.5022005747e-01 4.8407915455e-05
443 2.5011891701e-01 5.0433432498e-05
444 2.4999627853e-01 4.4196712903e-05
445 2.4989474767e-01 4.8411402258e-05
446 2.4979782901e-01 4.7378228800e-05
447 2.4969323281e-01 5.0599598717e-05
448 2.4958821460e-01 5.0060502350e-05
449 2.4947405669e-01 7.1866495488e-05
450 2.4939283973e-01 9.9506997383e-05
451 2.4929542141e-01 5.9578182117e-05
452 2.4919376140e-01 5.2128182067e-05
453 2.4908775049e-01 4.7629655023e-05
454 2.4897141030e-01 4.3288506586e-05
455 2.4888362362e-01 6.6170176479e-05
456 2.4880131107e-01 4.6336538404e-05
457 2.4868694155e-01 5.0073356079e-05
458 2.4860350882e-01 9.0890451356e-05
459 2.4854113950e-01 6.1288557134e-05
460 2.4845028115e-01 3.6774778013e-05
461 2.4837703056e-01 4.4072649643e-05
462 2.4831822430e-01 4.2056671461e-05
463 2.4824619583e-01 4.1242407446e-05
464 2.4818890752e-01 5.5815057172e-05
465 2.4813788160e-01 4.1483189368e-05
466 2.4807306226e-01 4.0254637342e-05
467 2.4801736401e-01 4.8424974761e-05
468 2.4797027538e-01 4.2336317425e-05
469 2.4791814704e-01 4.8142331531e-05
470 2.4786899846e-01 4.5344422194e-05
471 2.4781403061e-01 4.2188420125e-05
472 2.4776666422e-01 4.3552034312e-05
473 2.4771485683e-01 4.4240300690e-05
474 2.4765269858e-01 5.0964356236e-05
475 2.4760092043e-01 6.0516063643e-05
476 2.4754920150e-01 4.8712856015e-05
477 2.4750680999e-01 9.0105631983e-05
478 2.4747427077e-01 7.0735228612e-05
479 2.4743484983e-01 5.2633400365e-05
480 2.4739822026e-01 5.0551436498e-05
481 2.4736368301e-01 3.7565005701e-05
482 2.4732643498e-01 3.3560402336e-05
483 2.4729921721e-01 3.9126965495e-05
484 2.4727581522e-01 3.6213943333e-05
485 2.4725190224e-01 3.5409278288e-05
486 2.4723304720e-01 3.5501137542e-05
487 2.4721705025e-01 3.1243728703e-05
488 2.4719953254e-01 3.2901493733e-05
489 2.4718845660e-01 3.2829644146e-05
490 2.4717638392e-01 3.0888947308e-05
491 2.4716862181e-01 3.5317177090e-05
492 2.4716315406e-01 4.1771029549e-05
493 2.4716176003e-01 4.0056678744e-05
494 2.4716263231e-01 5.8249736996e-05
495 2.4716138777e-01 8.0853658013e-05
496 2.4715980376e-01 4.0657034884e-05
497 2.4715745354e-01 4.4608289459e-05
498 2.4715787894e-01 4.2614861810e-05
499 2.4716308477e-01 3.1042593133e-05
500 2.4716519531e-01 3.7828122703e-05
501 2.4716914155e-01 3.3212332115e-05
502 2.4717523181e-01 3.3665594512e-05
503 2.4717946248e-01 4.1403239801e-05
504 2.4718485352e-01 3.7985107036e-05
505 2.4719404227e-01 3.6153128538e-05
506 2.4720225117e-01 6.4229652282e-05
507 2.4721079938e-01 6.1046531631e-05
508 2.4722203798e-01 3.7274973416e-05
509 2.4723705689e-01 2.9503620711e-05
510 2.4725224045e-01 2.7775881824e-05
511 2.4726949286e-01 4.1151580397e-05
512 2.4728266034e-01 5.3680073206e-05
513 2.4729907220e-01 4.8689254047e-05
514 2.4731774432e-01 4.1404933747e-05
515 2.4733998553e-01 2.8116171444e-05
516 2.4736161127e-01 3.5637376723e-05
517 2.4737849142e-01 3.1313488478e-05
518 2.4740486561e-01 2.3916517596e-05
519 2.4743500810e-01 2.8899697786e-05
520 2.4745928451e-01 2.9551146926e-05
521 2.4749310576e-01 2.4533197282e-05
522 2.4753615436e-01 2.6130125522e-05
523 2.4757275641e-01 3.1715648836e-05
524 2.4760907711e-01 2.8893153166e-05
525 2.4765037063e-01 3.0768164489e-05
526 2.4769155523e-01 3.2607371866e-05
527 2.4773452646e-01 3.1661632787e-05
528 2.4778379914e-01 2.8359045208e-05
529 2.4784809024e-01 2.5036478495e-05
530 2.4791257107e-01 3.1858578184e-05
531 2.4796654064e-01 3.4189164766e-05
532 2.4804358847e-01 3.0521777517e-05
533 2.4813449921e-01 3.2833975142e-05
534 2.4821980929e-01 4.0878009452e-05
535 2.4830085984e-01 3.7815874279e-05
536 2.4840681122e-01 3.8751198759e-05
537 2.4854136066e-01 3.2682229755e-05
538 2.4868393694e-01 3.8873723793e-05
539 2.4881806741e-01 5.6079170482e-05
540 2.4894501864e-01 8.1263135025e-05
541 2.4906906893e-01 7.4063392212e-05
542 2.4922639553e-01 4.6049980421e-05
543 2.4939414563e-01 4.8356212182e-05
544 2.4955836722e-01 4.5306888572e-05
545 2.4972920721e-01 3.7263412359e-05
546 2.4989740722e-01 3.7625017016e-05
547 2.5005428310e-01 4.2942825121e-05
548 2.5022126239e-01 3.6240276923e-05
549 2.5037879251e-01 3.4286357701e-05
550 2.5051607165e-01 3.9543617852e-05
551 2.5067743302e-01 3.2958918687e-05
552 2.5082649185e-01 3.6527140737e-05
553 2.5094956663e-01 3.5938042276e-05
554 2.5107085230e-01 3.2872684514e-05
555 2.5120898664e-01 3.0055093660e-05
556 2.5133330964e-01 3.5362627986e-05
557 2.5144095096e-01 4.4818618047e-05
558 2.5153434733e-01 5.8532929490e-05
559 2.5162854392e-01 4.2140660890e-05
560 2.5173420466e-01 3.2846402864e-05
561 2.5184082842e-01 2.8543377760e-05
562 2.5194882983e-01 3.0589879326e-05
563 2.5204966379e-01 2.8429380356e-05
564 2.5216799335e-01 2.8788825926e-05
565 2.5227861507e-01 3.4902046994e-05
566 2.5238795951e-01 2.8244778000e-05
567 2.5251942104e-01 2.9179033329e-05
568 2.5262826056e-01 3.6434749981e-05
569 2.5273486378e-01 2.8731948803e-05
570 2.5285016330e-01 3.8242046810e-05
571 2.5294083632e-01 7.0140162330e-05
572 2.5302167474e-01 4.3233261512e-05
573 2.5313198530e-01 2.7690896898e-05
574 2.5324911152e-01 2.7544239782e-05
575 2.5336338639e-01 2.9339931173e-05
576 2.5346680855e-01 5.3980597273e-05
577 2.5354710140e-01 5.8678611208e-05
578 2.5364943434e-01 3.6113019940e-05
579 2.5375098939e-01 2.9118137973e-05
580 2.5385902322e-01 2.9563851781e-05
581 2.5395965523e-01 3.0892593912e-05
582 2.5406236612e-01 2.6863362891e-05
583 2.5416693738e-01 2.6606105996e-05
584 2.5427682831e-01 2.7986957516e-05
585 2.5438704241e-01 2.6020091029e-05
586 2.5449912969e-01 2.5618936039e-05
587 2.5461163704e-01 2.3235465021e-05
588 2.5471633531e-01 2.6094716079e-05
589 2.5480946484e-01 4.0705660669e-05
590 2.5488148632e-01 4.8166606567e-05
591 2.5496343621e-01 2.7458912709e-05
592 2.5504658947e-01 3.2017633080e-05
593 2.5510552969e-01 3.3550748563e-05
594 2.5518038112e-01 2.5328298038e-05
595 2.5524743272e-01 2.8585748345e-05
596 2.5530568746e-01 2.6947415790e-05
597 2.5536211124e-01 3.2022606446e-05
598 2.5541545093e-01 4.0838228850e-05
599 2.5547073831e-01 6.0985796374e-05
600 2.5551181944e-01 4.0459564524e-05
601 2.5556968633e-01 3.0236653606e-05
602 2.5562144895e-01 3.4742747555e-05
603 2.5567086591e-01 3.0390096589e-05
604 2.5571775021e-01 3.3001828777e-05
605 2.5575735875e-01 3.1441772486e-05
606 2.5580183947e-01 3.1648735385e-05
607 2.5584169163e-01 3.1021830462e-05
608 2.5588580297e-01 2.4217090026e-05
609 2.5592787917e-01 2.6551023034e-05
610 2.5595370437e-01 2.9056305371e-05
611 2.5597954515e-01 2.6670999115e-05
612 2.5600175331e-01 3.3489560449e-05
613 2.5601968450e-01 3.0420204722e-05
614 2.5603419097e-01 3.4272053596e-05
615 2.5604474936e-01 2.8720177737e-05
616 2.5605604922e-01 4.1179947268e-05
617 2.5606294240e-01 4.4350292046e-05
618 2.5607024096e-01 2.3716914638e-05
619 2.5607290401e-01 2.3314115313e-05
620 2.5607309877e-01 2.4179139888e-05
621 2.5607229417e-01 2.0296270146e-05
622 2.5606383965e-01 2.0699811571e-05
623 2.5605545741e-01 2.9992341362e-05
624 2.5604652957e-01 2.7933416924e-05
625 2.5603667614e-01 2.6033931189e-05
626 2.5602752457e-01 2.9586292255e-05
627 2.5602086197e-01 3.8824686657e-05
628 2.5601221742e-01 4.7478498614e-05
629 2.5600591869e-01 5.2793216596e-05
630 2.5600000311e-01 4.2812093496e-05
631 2.5599608780e-01 3.1782315168e-05
632 2.5599082894e-01 2.6270402580e-05
633 2.5598511218e-01 4.9660371668e-05
634 2.5598065342e-01 3.7541915452e-05
635 2.5597436921e-01 2.6169970923e-05
636 2.5596728871e-01 2.9324640852e-05
637 2.5595964686e-01 2.5890010635e-05
638 2.5595020997e-01 2.3311303551e-05
639 2.5594078929e-01 2.6207494276e-05
640 2.5593216540e-01 2.3642398651e-05
641 2.5592201170e-01 2.4351478443e-05
642 2.5590963617e-01 2.8391169346e-05
643 2.5589611093e-01 2.3176539434e-05
644 2.5587899653e-01 2.3757823496e-05
645 2.5585950245e-01 3.6746603056e-05
646 2.5584471444e-01 4.3017023315e-05
647 2.5582608540e-01 3.0667429691e-05
648 2.5580556756e-01 3.0842644079e-05
649 2.5578548850e-01 3.1993571746e-05
650 2.5576187994e-01 2.9115858385e-05
651 2.5573537005e-01 3.3785299975e-05
652 2.5570954688e-01 3.2637022417e-05
653 2.5567980296e-01 3.3681347224e-05
654 2.5564429598e-01 3.1254266054e-05
655 2.5561014184e-01 2.9733104825e-05
656 2.5557219299e-01 2.7092247015e-05
657 2.5553001102e-01 2.4870386316e-05
658 2.5549266015e-01 3.2391106139e-05
659 2.5545894979e-01 5.5202973234e-05
660 2.5542296869e-01 6.0542394398e-05
661 2.5538839053e-01 4.5554538143e-05
662 2.5534422595e-01 2.9101861357e-05
663 2.5529904788e-01 2.5163342159e-05
664 2.5525722930e-01 2.9263620369e-05
665 2.5521687857e-01 3.0648649686e-05
666 2.5517394612e-01 2.9493130222e-05
667 2.5513090233e-01 2.8178543993e-05
668 2.5508997517e-01 3.2884606353e-05
669 2.5505323487e-01 3.3054586925e-05
670 2.5501061766e-01 3.4225330446e-05
671 2.5497084596e-01 5.4947826028e-05
672 2.5492924587e-01 6.7024073206e-05
673 2.5488813817e-01 4.7455572775e-05
674 2.5483516575e-01 2.9944878536e-05
675 2.5477409797e-01 3.4811949836e-05
676 2.5472820477e-01 3.6962935994e-05
677 2.5467666803e-01 3.0924663195e-05
678 2.5462327780e-01 3.5574481488e-05
679 2.5457011311e-01 3.7273192802e-05
680 2.5450511240e-01 3.6812055118e-05
681 2.5444186595e-01 3.6284634680e-05
682 2.5438512133e-01 4.0657534005e-05
683 2.5432568978e-01 3.5452935078e-05
684 2.5426238598e-01 3.3804316693e-05
685 2.5420190975e-01 3.5405462615e-05
686 2.5414438994e-01 3.5302070868e-05
687 2.5408342979e-01 3.1932677882e-05
688 2.5401595888e-01 3.6132964511e-05
689 2.5396013551e-01 4.5054890168e-05
690 2.5390260755e-01 3.7243679912e-05
691 2.5382820122e-01 3.7662679396e-05
692 2.5377216859e-01 7.8651473653e-05
693 2.5372782882e-01 5.8645235870e-05
694 2.5367089007e-01 4.3012769584e-05
695 2.5362351226e-01 3.1138580872e-05
696 2.5356985536e-01 2.9837106960e-05
697 2.5352047558e-01 5.3632505909e-05
698 2.5347962353e-01 4.2849141573e-05
699 2.5343001553e-01 3.3147114886e-05
700 2.5338573987e-01 4.0399391683e-05
701 2.5335159579e-01 3.9733683478e-05
702 2.5330408891e-01 2.6915312391e-05
703 2.5325053120e-01 2.8825727968e-05
704 2.5320896572e-01 3.2471737691e-05
705 2.5315472169e-01 2.5310991266e-05
706 2.5308892096e-01 3.0602472785e-05
707 2.5303528327e-01 3.7469558957e-05
708 2.5297803920e-01 2.6341728087e-05
709 2.5291621893e-01 2.7631523753e-05
710 2.5286553360e-01 4.0147958774e-05
711 2.5282272716e-01 3.9580080584e-05
712 2.5277038748e-01 3.2907610603e-05
713 2.5272312382e-01 3.0973296936e-05
714 2.5267278100e-01 3.0286163446e-05
715 2.5262764676e-01 2.6359549605e-05
716 2.5258396005e-01 3.1265248212e-05
717 2.5254486100e-01 3.8818666453e-05
718 2.5250520445e-01 3.1869697852e-05
719 2.5246125980e-01 2.9709749823e-05
720 2.5240777042e-01 4.8049012012e-05
721 2.5236562727e-01 7.0774137916e-05
722 2.5232584525e-01 6.2816737620e-05
723 2.5228570872e-01 4.7233554616e-05
724 2.5224832707e-01 3.3622159322e-05
725 2.5220939150e-01 3.4122856207e-05
726 2.5217500589e-01 4.2219880885e-05
727 2.5214426841e-01 3.3616103142e-05
728 2.5210991022e-01 3.8290703746e-05
729 2.5207683223e-01 3.8553402693e-05
730 2.5203614057e-01 3.0011731045e-05
731 2.5200099966e-01 3.6145130374e-05
732 2.5197229730e-01 4.1430262564e-05
733 2.5193901422e-01 4.7964653779e-05
734 2.5190944871e-01 6.7582388233e-05
735 2.5187634825e-01 4.5312481349e-05
736 2.5184253500e-01 4.4178316969e-05
737 2.5181239382e-01 2.8235554488e-05
738 2.5177717972e-01 3.0409041785e-05
739 2.5174553531e-01 3.3397813576e-05
740 2.5171207583e-01 2.8872237106e-05
741 2.5167115290e-01 2.9418235832e-05
742 2.5162407397e-01 3.1593654745e-05
743 2.5157291583e-01 3.4248691088e-05
744 2.5152426814e-01 3.5468697651e-05
745 2.5147132036e-01 3.6963622310e-05
746 2.5141519043e-01 3.5849125107e-05
747 2.5135991575e-01 3.7317225589e-05
748 2.5130277277e-01 4.8404753562e-05
749 2.5124952057e-01 7.9953181385e-05
750 2.5119785883e-01 7.2107538484e-05
751 2.5113853767e-01 4.7382913214e-05
752 2.5107908701e-01 4.5219497487e-05
753 2.5101921271e-01 4.0955623065e-05
754 2.5095495532e-01 4.0571848598e-05
755 2.5089267856e-01 5.7833633233e-05
756 2.5083159617e-01 7.3987972908e-05
757 2.5077762654e-01 7.6705654957e-05
758 2.5071816640e-01 5.2047302734e-05
759 2.5065408912e-01 4.2287607446e-05
760 2.5058592317e-01 4.4726478719e-05
761 2.5052024940e-01 3.9498546403e-05
762 2.5044668699e-01 4.5945466868e-05
763 2.5038266975e-01 3.9672034519e-05
764 2.5032217279e-01 4.0715995275e-05
765 2.5026276285e-01 3.8896268181e-05
766 2.5018641301e-01 3.6412614043e-05
767 2.5011243071e-01 4.0771226195e-05
768 2.5004951606e-01 3.6021596525e-05
769 2.4997855094e-01 3.2986905896e-05
770 2.4991787959e-01 3.9263035317e-05
771 2.4985159443e-01 3.1106430284e-05
772 2.4977966633e-01 3.5146802911e-05
773 2.4973124928e-01 3.9199085239e-05
774 2.4965599872e-01 2.7302293159e-05
775 2.4957638537e-01 2.9944485251e-05
776 2.4952045120e-01 3.7196121590e-05
777 2.4945399820e-01 2.7157504372e-05
778 2.4937677928e-01 2.8853163528e-05
779 2.4931410618e-01 3.4133158316e-05
780 2.4925786332e-01 3.0947620517e-05
781 2.4919216421e-01 2.7279530328e-05
782 2.4912541370e-01 3.0646439050e-05
783 2.4906209178e-01 3.7226346912e-05
784 2.4899668354e-01 5.8523140304e-05
785 2.4894605414e-01 5.5896345489e-05
786 2.4888076412e-01 3.0470915574e-05
787 2.4880678184e-01 2.5616745542e-05
788 2.4873435187e-01 2.8607280652e-05
789 2.4866577841e-01 2.9744184897e-05
790 2.4859180476e-01 4.1317661056e-05
791 2.4853842144e-01 6.0102881610e-05
792 2.4847504016e-01 3.8167978298e-05
793 2.4840860617e-01 3.8220502160e-05
794 2.4835678272e-01 3.0595931089e-05
795 2.4828547223e-01 2.2884207144e-05
796 2.4821865316e-01 3.1474988284e-05
797 2.4815207005e-01 2.6100639406e-05
798 2.4807548669e-01 2.3084683119e-05
799 2.4800500171e-01 2.1309042957e-05
800 2.4793843708e-01 2.3724201648e-05
801 2.4787614551e-01 2.2754038817e-05
802 2.4780734435e-01 2.2100906028e-05
803 2.4773297611e-01 2.4812889348e-05
804 2.4765739981e-01 2.3311737546e-05
805 2.4756448617e-01 2.0450252584e-05
806 2.4746721840e-01 1.8731082451e-05
807 2.4738141260e-01 2.1518234222e-05
808 2.4730921740e-01 2.9848129879e-05
809 2.4724220012e-01 2.2960064944e-05
810 2.4714449249e-01 2.3941874478e-05
811 2.4704548697e-01 4.5300989245e-05
812 2.4697930236e-01 5.2425231097e-05
813 2.4688629990e-01 2.4200898906e-05
814 2.4678530709e-01 2.2404467640e-05
815 2.4670420598e-01 2.6192264992e-05
816 2.4662005315e-01 2.0645314864e-05
817 2.4654098001e-01 2.2013224834e-05
818 2.4646734710e-01 2.5029440485e-05
819 2.4638564024e-01 3.6516998981e-05
820 2.4632432012e-01 4.7684943988e-05
821 2.4624803160e-01 2.9269811981e-05
822 2.4616310205e-01 2.3975163222e-05
823 2.4606682370e-01 2.7847684308e-05
824 2.4597933932e-01 3.0174072211e-05
825 2.4588009158e-01 2.5443187652e-05
826 2.4578094236e-01 2.5954099205e-05
827 2.4569015927e-01 2.1524170957e-05
828 2.4558863946e-01 2.6388644162e-05
829 2.4549326984e-01 3.0880512085e-05
830 2.4537976469e-01 2.5407976647e-05
831 2.4527832094e-01 3.0365909887e-05
832 2.4518125136e-01 2.3630705769e-05
833 2.4506336366e-01 2.5194535975e-05
834 2.4495031719e-01 3.9177363113e-05
835 2.4484607806e-01 3.6385089264e-05
836 2.4470823077e-01 2.6049037421e-05
837 2.4458564587e-01 3.1415107446e-05
838 2.4448097736e-01 2.9262888507e-05
839 2.4435285341e-01 3.0341166418e-05
840 2.4424118112e-01 3.2149943681e-05
841 2.4411556825e-01 2.9855532610e-05
842 2.4400908093e-01 5.4147252651e-05
843 2.4391401969e-01 4.7592498757e-05
844 2.4380404665e-01 4.0028169326e-05
845 2.4371049611e-01 3.3089287062e-05
846 2.4359374397e-01 2.3363675697e-05
847 2.4347269402e-01 3.5904476986e-05
848 2.4337099544e-01 4.6887618712e-05
849 2.4326088149e-01 3.8805088549e-05
850 2.4314231270e-01 3.6811523967e-05
851 2.4301900324e-01 2.9214463046e-05
852 2.4286383815e-01 2.5945712530e-05
853 2.4270781419e-01 2.5017601398e-05
854 2.4255164148e-01 2.6612361946e-05
855 2.4243073281e-01 3.4179481395e-05
856 2.4229235787e-01 2.3373301436e-05
857 2.4212754500e-01 2.2274089246e-05
858 2.4196190916e-01 2.2602199564e-05
859 2.4179659715e-01 2.3409298536e-05
860 2.4164172481e-01 3.0946191306e-05
861 2.4152762715e-01 2.8421664230e-05
862 2.4139166457e-01 2.8740409985e-05
863 2.4127559081e-01 3.1650182282e-05
864 2.4112889447e-01 2.5933782429e-05
865 2.4095725923e-01 2.7133515796e-05
866 2.4080570296e-01 3.3975805846e-05
867 2.4065920227e-01 2.6859281634e-05
868 2.4049495864e-01 2.6925542104e-05
869 2.4035721129e-01 5.8012568987e-05
870 2.4026857416e-01 5.1731975004e-05
871 2.4013823403e-01 3.0564569408e-05
872 2.4002194952e-01 2.9855969892e-05
873 2.3991200087e-01 2.9520652145e-05
874 2.3981496621e-01 2.8682527583e-05
875 2.3972396939e-01 2.3919698878e-05
876 2.3962467236e-01 2.1672870471e-05
877 2.3954801867e-01 2.4489386917e-05
878 2.3946651510e-01 2.3035537630e-05
879 2.3938313210e-01 3.3875782905e-05
880 2.3932110195e-01 3.9438871966e-05
881 2.3924999959e-01 3.9634384157e-05
882 2.3918516993e-01 3.0571204399e-05
883 2.3910820939e-01 2.0326810220e-05
884 2.3903400624e-01 1.8986421797e-05
885 2.3895927654e-01 2.3185593250e-05
886 2.3888320655e-01 2.8847134362e-05
887 2.3880312329e-01 2.1640128386e-05
888 2.3870425944e-01 1.9401054949e-05
889 2.3862328818e-01 2.9851382119e-05
890 2.3854997918e-01 2.0268071612e-05
891 2.3844974512e-01 1.7900446071e-05
892 2.3837240717e-01 2.2135220264e-05
893 2.3831156968e-01 1.8252426867e-05
894 2.3824252713e-01 1.8375638706e-05
895 2.3818051024e-01 1.5895069255e-05
896 2.3811623487e-01 1.6536831299e-05
897 2.3805656601e-01 1.7397571000e-05
898 2.3799914698e-01 2.0101565206e-05
899 2.3794387691e-01 2.3538788794e-05
900 2.3789492914e-01 3.1285417181e-05
901 2.3785457992e-01 3.8796077962e-05
902 2.3781552729e-01 2.9723469843e-05
903 2.3776977852e-01 1.8904200826e-05
904 2.3772115927e-01 1.6754944567e-05
905 2.3767831344e-01 1.7426089282e-05
906 2.3763033015e-01 1.8248872220e-05
907 2.3758635989e-01 2.0671246530e-05
908 2.3753975031e-01 2.4557254321e-05
909 2.3750008475e-01 3.5292500351e-05
910 2.3745586085e-01 2.4038107331e-05
911 2.3741651273e-01 2.6371876309e-05
912 2.3737507886e-01 1.4185412273e-05
913 2.3732579335e-01 1.2357974948e-05
914 2.3728285285e-01 1.5920506498e-05
915 2.3724636356e-01 1.5197330818e-05
916 2.3720397021e-01 1.3039199411e-05
917 2.3716410716e-01 1.5235184018e-05
918 2.3713009427e-01 1.4335786263e-05
919 2.3709733271e-01 1.6311606369e-05
920 2.3706534936e-01 1.5466998947e-05
921 2.3702934646e-01 1.5400577092e-05
922 2.3699940254e-01 1.5997122389e-05
923 2.3696670329e-01 1.4501278618e-05
924 2.3693523590e-01 1.6078057037e-05
925 2.3690441537e-01 1.2809797732e-05
926 2.3686931806e-01 1.1723594514e-05
927 2.3683618073e-01 2.0239257160e-05
928 2.3681108223e-01 3.6786539496e-05
929 2.3678458749e-01 2.2548548655e-05
930 2.3675414692e-01 1.9791689853e-05
931 2.3672482663e-01 1.7117543586e-05
932 2.3669217302e-01 1.7474669608e-05
933 2.3666733222e-01 1.7749453104e-05
934 2.3663475872e-01 1.5207853521e-05
935 2.3659941904e-01 1.4133568404e-05
936 2.3656122151e-01 1.2995452743e-05
937 2.3652637102e-01 1.3615507726e-05
938 2.3649625642e-01 1.3197093421e-05
939 2.3646407438e-01 1.2544833105e-05
940 2.3643526278e-01 1.7829347762e-05
941 2.3641042584e-01 2.8809040664e-05
942 2.3638999041e-01 2.2135513922e-05
943 2.3636327240e-01 1.3195811757e-05
944 2.3633605900e-01 1.1946970042e-05
945 2.3631205367e-01 1.1468915815e-05
946 2.3628451099e-01 1.0720746183e-05
947 2.3625466319e-01 1.2606415726e-05
948 2.3623039764e-01 1.2604726013e-05
949 2.3620637721e-01 1.4540834890e-05
950 2.3618571198e-01 1.2002370661e-05
951 2.3615764937e-01 1.0201457802e-05
952 2.3612815636e-01 1.1133581216e-05
953 2.3610324351e-01 1.2992352391e-05
954 2.3608288515e-01 1.2299423205e-05
955 2.3605910282e-01 1.1206765747e-05
956 2.3603768840e-01 1.3194693458e-05
957 2.3601654338e-01 1.1114261636e-05
958 2.3599530500e-01 1.4250349749e-05
959 2.3597430735e-01 1.3904558905e-05
960 2.3595262749e-01 2.3421377106e-05
961 2.3593962618e-01 3.2288414750e-05
962 2.3592236738e-01 1.5838485078e-05
963 2.3590716502e-01 1.6682547805e-05
964 2.3589282932e-01 2.0676258946e-05
965 2.3588152454e-01 1.9944162999e-05
966 2.3587041810e-01 1.4864740296e-05
967 2.3586153218e-01 1.2991019839e-05
968 2.3585533888e-01 1.6627937292e-05
969 2.3584968244e-01 1.3525596604e-05
970 2.3584471448e-01 1.2443185932e-05
971 2.3584142434e-01 1.5874785200e-05
972 2.3583843337e-01 1.8631215562e-05
973 2.3583545935e-01 2.7430562607e-05
974 2.3583362403e-01 2.0874746442e-05
975 2.3583144697e-01 1.4865966417e-05
976 2.3582967112e-01 1.3952750298e-05
977 2.3582681277e-01 1.2770761294e-05
978 2.3582361188e-01 1.1734678381e-05
979 2.3582045457e-01 1.2214604079e-05
980 2.3581842038e-01 1.4242815271e-05
981 2.3581600143e-01 1.0427906911e-05
982 2.3581348733e-01 1.0541456905e-05
983 2.3581176526e-01 1.4577130993e-05
984 2.3580963899e-01 1.4115003545e-05
985 2.3580662224e-01 2.4851614862e-05
986 2.3580477821e-01 1.9346725013e-05
987 2.3580219214e-01 1.2013947382e-05
988 2.3579832196e-01 1.0397598945e-05
989 2.3579308191e-01 1.0726770175e-05
990 2.3578909533e-01 1.2539865175e-05
991 2.3578441439e-01 1.1489495055e-05
992 2.3577914457e-01 1.0514624643e-05
993 2.3577400736e-01 1.1308760132e-05
994 2.3576906492e-01 1.3061399545e-05
995 2.3576289821e-01 1.0635139379e-05
996 2.3575644367e-01 1.3871105095e-05
997 2.3575023679e-01 1.0803556705e-05
998 2.3574419163e-01 1.1679488677e-05
999 2.3574024148e-01 1.2099266490e-05
1000 2.3573578635e-01 1.1861570532e-05
1001 2.3573038254e-01 2.1249308161e-05
1002 2.3572608538e-01 1.9631355265e-05
1003 2.3572112007e-01 1.2160406092e-05
1004 2.3571630668e-01 1.4270114902e-05
1005 2.3571057369e-01 1.0748179394e-05
1006 2.3570288677e-01 1.0051278692e-05
1007 2.3569680818e-01 1.3590206089e-05
1008 2.3569177734e-01 1.0660729997e-05
1009 2.3568452288e-01 1.2409560513e-05
1010 2.3567796366e-01 1.7357376351e-05
1011 2.3566861829e-01 1.0283457356e-05
1012 2.3565781261e-01 9.7061634076e-06
1013 2.3564926328e-01 1.2178551992e-05
1014 2.3564166300e-01 9.8500083018e-06
1015 2.3563242299e-01 1.1913120278e-05
1016 2.3562302397e-01 1.1536852938e-05
1017 2.3561150296e-01 1.3836515870e-05
1018 2.3560086607e-01 1.9045726381e-05
1019 2.3559064367e-01 2.1400438832e-05
1020 2.3558090697e-01 1.5187095355e-05
1021 2.3556769654e-01 1.0567175318e-05
1022 2.3555427117e-01 1.5452544012e-05
1023 2.3554283375e-01 1.5147158712e-05
1024 2.3552811496e-01 1.0194518709e-05
1025 2.3550895023e-01 1.2277227464e-05
1026 2.3549298624e-01 1.3256306587e-05
1027 2.3547557396e-01 1.0392202702e-05
1028 2.3545764923e-01 1.4048015354e-05
1029 2.3543838519e-01 1.1507989211e-05
1030 2.3541095404e-01 1.2141741803e-05
1031 2.3538218707e-01 1.3235405493e-05
1032 2.3534848249e-01 1.6879881860e-05
1033 2.3532048019e-01 2.2783558097e-05
1034 2.3528753591e-01 1.9561535116e-05
1035 2.3525641273e-01 1.8764130272e-05
1036 2.3522319966e-01 1.5778746446e-05
1037 2.3518625439e-01 1.1511206902e-05
1038 2.3514211922e-01 1.2384592079e-05
1039 2.3510109843e-01 1.5804349822e-05
1040 2.3506283580e-01 1.2414875438e-05
1041 2.3501935043e-01 1.3635476985e-05
1042 2.3498395995e-01 1.6497942657e-05
1043 2.3494029180e-01 1.5418346774e-05
1044 2.3489698610e-01 2.7566203933e-05
1045 2.3486481168e-01 2.5487487600e-05
1046 2.3481455962e-01 1.8493297940e-05
1047 2.3477461073e-01 1.8786510766e-05
1048 2.3472599781e-01 1.4925392467e-05
1049 2.3467685910e-01 1.7256769355e-05
1050 2.3462465314e-01 1.5240453806e-05
1051 2.3456618925e-01 1.8194346264e-05
1052 2.3451908806e-01 1.7523726392e-05
1053 2.3445430517e-01 1.7830646052e-05
1054 2.3438956469e-01 1.8813459685e-05
1055 2.3430680057e-01 1.5546664885e-05
1056 2.3420999993e-01 1.7012132172e-05
1057 2.3412195431e-01 2.0001484190e-05
1058 2.3402801152e-01 1.6831400549e-05
1059 2.3392515378e-01 1.8016164085e-05
1060 2.3383338028e-01 1.7715013781e-05
1061 2.3371485146e-01 1.8598435782e-05
1062 2.3361306053e-01 2.1024861824e-05
1063 2.3348982748e-01 2.0770817357e-05
1064 2.3337524351e-01 4.1551197371e-05
1065 2.3328455520e-01 3.7623002615e-05
1066 2.3316377157e-01 2.6936210653e-05
1067 2.3303735606e-01 2.4139591396e-05
1068 2.3291534736e-01 1.9258461328e-05
1069 2.3276792448e-01 1.8705776681e-05
1070 2.3263821431e-01 2.4142416774e-05
1071 2.3250950631e-01 1.8136272097e-05
1072 2.3236579453e-01 1.7614323717e-05
1073 2.3224047521e-01 2.2349299052e-05
1074 2.3211769785e-01 1.8324502072e-05
1075 2.3197177733e-01 1.8804050891e-05
1076 2.3185395482e-01 2.9500119902e-05
1077 2.3173445394e-01 2.8431352282e-05
1078 2.3161749876e-01 3.6862023896e-05
1079 2.3151052943e-01 3.1275042282e-05
1080 2.3140248723e-01 2.3593784279e-05
1081 2.3128261059e-01 2.2181663757e-05
1082 2.3116483827e-01 2.7505548320e-05
1083 2.3105796898e-01 2.0488294301e-05
1084 2.3090837096e-01 2.3286417676e-05
1085 2.3078580019e-01 2.9903045723e-05
1086 2.3065972706e-01 2.0556412930e-05
1087 2.3050744879e-01 1.8338985548e-05
1088 2.3037528983e-01 2.4380404657e-05
1089 2.3025360546e-01 2.2446972569e-05
1090 2.3011831754e-01 2.0990883088e-05
1091 2.3000037401e-01 2.4522952111e-05
1092 2.2988421333e-01 2.3119067863e-05
1093 2.2974422117e-01 2.4376862844e-05
1094 2.2959611021e-01 2.1950932583e-05
1095 2.2942210740e-01 2.6904434582e-05
1096 2.2927297409e-01 5.8379161509e-05
1097 2.2915900164e-01 3.9758447763e-05
1098 2.2897687478e-01 2.2391460771e-05
1099 2.2879203627e-01 2.2649946233e-05
1100 2.2863932836e-01 2.5968872144e-05
1101 2.2848437884e-01 2.1830021739e-05
1102 2.2829710017e-01 2.5558323378e-05
1103 2.2814651137e-01 5.5213482426e-05
1104 2.2803308121e-01 4.3670885809e-05
1105 2.2786009797e-01 2.1340943208e-05
1106 2.2768383985e-01 1.9911548741e-05
1107 2.2752667869e-01 2.0545394575e-05
1108 2.2739540665e-01 2.3073343285e-05
1109 2.2725770403e-01 1.9889220538e-05
1110 2.2712120932e-01 2.2455032299e-05
1111 2.2702454575e-01 2.4413100520e-05
1112 2.2691186487e-01 2.0165759003e-05
1113 2.2679013467e-01 2.1030348217e-05
1114 2.2666666666e-01 2.1482469399e-05
1115 2.2655689540e-01 2.2749245333e-05
1116 2.2645053244e-01 1.9264860948e-05
1117 2.2635123158e-01 2.2489454850e-05
1118 2.2625291803e-01 1.8239709799e-05
1119 2.2615250230e-01 1.9585135472e-05
1120 2.2607417894e-01 2.0997788505e-05
1121 2.2598370662e-01 1.9937799636e-05
1122 2.2589727409e-01 3.1823259457e-05
1123 2.2583207619e-01 4.2821870377e-05
1124 2.2575817042e-01 2.6006198081e-05
1125 2.2567942270e-01 2.1341245632e-05
1126 2.2560074913e-01 2.0381498903e-05
1127 2.2552862109e-01 2.1308298088e-05
1128 2.2546909189e-01 2.1820223524e-05
1129 2.2539304910e-01 1.7042353455e-05
1130 2.2530358692e-01 1.8123125919e-05
1131 2.2523712064e-01 2.3128943823e-05
1132 2.2516241065e-01 1.8528511864e-05
1133 2.2508363896e-01 1.8573623866e-05
1134 2.2501390954e-01 2.2065888259e-05
1135 2.2494772185e-01 4.2167085119e-05
1136 2.2490634002e-01 3.6126132403e-05
1137 2.2485324578e-01 1.9082978281e-05
1138 2.2480170407e-01 2.2459070428e-05
1139 2.2476167900e-01 2.0682119798e-05
1140 2.2471869042e-01 1.7923083324e-05
1141 2.2467436388e-01 2.0662472896e-05
1142 2.2463051977e-01 2.6078975182e-05
1143 2.2458670431e-01 2.1451842288e-05
1144 2.2453517182e-01 1.9468936459e-05
1145 2.2449064851e-01 2.3623886902e-05
1146 2.2445021757e-01 2.2599321577e-05
1147 2.2440866911e-01 2.0078664632e-05
1148 2.2436786487e-01 1.6347481249e-05
1149 2.2432573940e-01 1.4381428520e-05
1150 2.2428376969e-01 1.8692958380e-05
1151 2.2425278482e-01 2.3876927576e-05
1152 2.2422281336e-01 1.9090589426e-05
1153 2.2419028738e-01 2.6210087403e-05
1154 2.2416548946e-01 3.1211397384e-05
1155 2.2413167925e-01 2.2646235995e-05
1156 2.2410165336e-01 2.1894391963e-05
1157 2.2407141884e-01 1.8700477092e-05
1158 2.2404591002e-01 1.5421177091e-05
1159 2.2401798593e-01 1.5131939534e-05
1160 2.2399234721e-01 2.0971444676e-05
1161 2.2397302234e-01 3.2584569459e-05
1162 2.2395764557e-01 2.9744483507e-05
1163 2.2393827205e-01 1.9411926328e-05
1164 2.2392027021e-01 1.5520448149e-05
1165 2.2390198932e-01 1.3169902709e-05
1166 2.2388981341e-01 1.7235166336e-05
1167 2.2388012166e-01 1.2414421708e-05
1168 2.2387117697e-01 1.4939943309e-05
1169 2.2386432839e-01 1.5384296545e-05
1170 2.2385851763e-01 1.6680765321e-05
1171 2.2385348283e-01 1.4345088533e-05
1172 2.2384863504e-01 1.3966399484e-05
1173 2.2384589284e-01 1.4207965791e-05
1174 2.2384408149e-01 1.2755962446e-05
1175 2.2384249561e-01 1.2751736503e-05
1176 2.2384052762e-01 1.4263298479e-05
1177 2.2383865416e-01 1.8642194513e-05
1178 2.2383570004e-01 1.4871273479e-05
1179 2.2383079183e-01 1.4787922583e-05
1180 2.2382560363e-01 2.0551533215e-05
1181 2.2382170265e-01 1.9787099064e-05
1182 2.2381738818e-01 1.9253999792e-05
1183 2.2381182496e-01 2.7098966102e-05
1184 2.2380632935e-01 2.2640192245e-05
1185 2.2379651974e-01 1.0994317429e-05
1186 2.2378685162e-01 1.2285307124e-05
1187 2.2377741647e-01 1.0710964970e-05
1188 2.2376152446e-01 1.1260521602e-05
1189 2.2374658165e-01 1.0818607805e-05
1190 2.2372779320e-01 1.0719068060e-05
1191 2.2370740816e-01 1.4132120714e-05
1192 2.2368301835e-01 1.3328443606e-05
1193 2.2365937649e-01 1.8028370076e-05
1194 2.2363598605e-01 1.6299714272e-05
1195 2.2361264210e-01 1.9454736691e-05
1196 2.2358694958e-01 1.8212610008e-05
1197 2.2355707255e-01 2.3536626044e-05
1198 2.2353212578e-01 2.3196858679e-05
1199 2.2350375285e-01 1.4676787605e-05
1200 2.2347169594e-01 1.2627081872e-05
1201 2.2344074158e-01 1.2850171514e-05
1202 2.2341200958e-01 1.2041363851e-05
1203 2.2338247131e-01 1.1893478496e-05
1204 2.2335147424e-01 1.4707780742e-05
1205 2.2331674672e-01 2.0483187964e-05
1206 2.2328721136e-01 1.9418628897e-05
1207 2.2325017278e-01 1.1676912557e-05
1208 2.2321648451e-01 1.5910396038e-05
1209 2.2319017960e-01 1.2239779351e-05
1210 2.2315386845e-01 1.3657597681e-05
1211 2.2312315011e-01 1.3617420835e-05
1212 2.2308790180e-01 1.0154578011e-05
1213 2.2305537534e-01 1.2679755724e-05
1214 2.2302461756e-01 1.1628289495e-05
1215 2.2298763541e-01 1.3993600781e-05
1216 2.2296050679e-01 2.4278055506e-05
1217 2.2293336247e-01 1.7713692680e-05
1218 2.2290175873e-01 1.2235298029e-05
1219 2.2286904208e-01 1.1220965218e-05
1220 2.2283513848e-01 1.2616484940e-05
1221 2.2280234169e-01 2.3977201480e-05
1222 2.2277339107e-01 1.5710401928e-05
1223 2.2273332166e-01 1.0024069644e-05
1224 2.2269188265e-01 9.4999378394e-06
1225 2.2264476737e-01 8.3838738512e-06
1226 2.2260078739e-01 1.0866844336e-05
1227 2.2256299086e-01 9.1042446206e-06
1228 2.2251346450e-01 6.4673535156e-06
1229 2.2246328402e-01 7.0788899345e-06
1230 2.2241608366e-01 1.0751917785e-05
1231 2.2237975982e-01 9.4975362892e-06
1232 2.2233627146e-01 8.9639758347e-06
1233 2.2230017675e-01 1.0310015700e-05
1234 2.2225393204e-01 8.1312370164e-06
1235 2.2219706858e-01 7.2922012676e-06
1236 2.2213227375e-01 7.0063260400e-06
1237 2.2207490886e-01 9.6564910202e-06
1238 2.2202619706e-01 7.5023166448e-06
1239 2.2194803643e-01 8.1512056542e-06
1240 2.2188199996e-01 1.3757162321e-05
1241 2.2182364549e-01 1.6641346765e-05
1242 2.2176286294e-01 1.7306340286e-05
1243 2.2169557569e-01 1.2040352245e-05
1244 2.2161984592e-01 9.7728739685e-06
1245 2.2154154898e-01 1.0337459328e-05
1246 2.2147372878e-01 1.0568905480e-05
1247 2.2139624246e-01 9.4878354105e-06
1248 2.2130249914e-01 1.3105678788e-05
1249 2.2121328981e-01 1.2935596570e-05
1250 2.2110333470e-01 9.6077702511e-06
1251 2.2098062589e-01 9.0053376341e-06
1252 2.2086663946e-01 1.3537406404e-05
1253 2.2077778114e-01 2.0373084348e-05
1254 2.2069389556e-01 1.9476586278e-05
1255 2.2059273711e-01 1.0571295299e-05
1256 2.2048940800e-01 1.0646381911e-05
1257 2.2040160517e-01 1.0571345213e-05
1258 2.2030131894e-01 8.7621028648e-06
1259 2.2019260141e-01 8.7365312996e-06
1260 2.2009691378e-01 1.0516819151e-05
1261 2.1999091154e-01 8.7903230639e-06
1262 2.1986090040e-01 1.1059926712e-05
1263 2.1974841135e-01 1.1874854285e-05
1264 2.1962076180e-01 8.5461656656e-06
1265 2.1948740631e-01 9.8010241401e-06
1266 2.1937572743e-01 1.0283008874e-05
1267 2.1927217217e-01 9.2939283870e-06
1268 2.1916071319e-01 1.0762889647e-05
1269 2.1904689778e-01 9.7340426497e-06
1270 2.1892139871e-01 1.2701036503e-05
1271 2.1882934661e-01 1.9619330872e-05
1272 2.1871967509e-01 1.2299530821e-05
1273 2.1858881737e-01 1.5825082031e-05
1274 2.1847670308e-01 1.5624839690e-05
1275 2.1834900904e-01 1.5805868443e-05
1276 2.1822587881e-01 1.1752129489e-05
1277 2.1806902680e-01 1.0058965287e-05
1278 2.1793446933e-01 1.2607903430e-05
1279 2.1779499177e-01 1.3996540731e-05
1280 2.1763424224e-01 2.0299595223e-05
1281 2.1749978548e-01 2.4534111427e-05
1282 2.1734699238e-01 1.2581770466e-05
1283 2.1715593258e-01 1.2648981753e-05
1284 2.1699169045e-01 1.2353007207e-05
1285 2.1681346023e-01 1.1005214554e-05
1286 2.1666190877e-01 1.2590730282e-05
1287 2.1648886068e-01 1.0992370950e-05
1288 2.1631079955e-01 1.4286693351e-05
1289 2.1614192013e-01 1.1646985599e-05
1290 2.1593149555e-01 1.0582555161e-05
1291 2.1579023762e-01 1.4206459452e-05
1292 2.1562726982e-01 1.0166076400e-05
1293 2.1547149012e-01 1.2269520051e-05
1294 2.1531885555e-01 1.1432891338e-05
1295 2.1515948149e-01 1.1195826873e-05
1296 2.1499250457e-01 1.0194531600e-05
1297 2.1481646993e-01 1.1433286698e-05
1298 2.1466459399e-01 1.1000446671e-05
1299 2.1448587728e-01 1.1979079007e-05
1300 2.1431694979e-01 1.1163488639e-05
1301 2.1410777494e-01 1.0067055478e-05
1302 2.1391853990e-01 1.2605121206e-05
1303 2.1376264286e-01 1.9167015761e-05
1304 2.1362589859e-01 2.1927248658e-05
1305 2.1347638946e-01 1.8727556251e-05
1306 2.1333500120e-01 1.5341173504e-05
1307 2.1317379434e-01 1.0726287295e-05
1308 2.1301443544e-01 1.2234234774e-05
1309 2.1285011856e-01 1.0977652203e-05
1310 2.1266278434e-01 1.1728367049e-05
1311 2.1248728476e-01 1.1621515065e-05
1312 2.1228055640e-01 1.2200190334e-05
1313 2.1210888959e-01 2.1198459659e-05
1314 2.1194317319e-01 1.5314778824e-05
1315 2.1176639146e-01 2.0870159999e-05
1316 2.1159377604e-01 1.6188438389e-05
1317 2.1140741337e-01 2.5775979089e-05
1318 2.1127292635e-01 1.6412456755e-05
1319 2.1108130957e-01 1.0607553141e-05
1320 2.1091435600e-01 1.1592698585e-05
1321 2.1075025813e-01 1.1213971751e-05
1322 2.1058839869e-01 1.2959127747e-05
1323 2.1042911188e-01 1.1345726305e-05
1324 2.1026306904e-01 9.4251632204e-06
1325 2.1010486132e-01 1.1747440880e-05
1326 2.0999338602e-01 1.3387400248e-05
1327 2.0986054874e-01 1.1017325224e-05
1328 2.0970594986e-01 9.8052816112e-06
1329 2.0956176015e-01 1.2250556593e-05
1330 2.0943880728e-01 1.1607644272e-05
1331 2.0929749164e-01 1.0398070378e-05
1332 2.0916748448e-01 2.0328442463e-05
1333 2.0906984355e-01 2.3750442844e-05
1334 2.0897643029e-01 1.6245545794e-05
1335 2.0887328258e-01 1.0949480730e-05
1336 2.0877484963e-01 1.1114293876e-05
1337 2.0868772078e-01 9.7904845645e-06
1338 2.0858735910e-01 9.6459455549e-06
1339 2.0849744259e-01 1.2076509418e-05
1340 2.0840940549e-01 2.0509445633e-05
1341 2.0833977739e-01 2.2083756584e-05
1342 2.0824152634e-01 1.1604702186e-05
1343 2.0813577207e-01 1.1796527694e-05
1344 2.0805353436e-01 1.1094332696e-05
1345 2.0795691828e-01 9.5267254778e-06
1346 2.0785892552e-01 9.7081174155e-06
1347 2.0776987151e-01 1.0769064943e-05
1348 2.0768846898e-01 1.1194499680e-05
1349 2.0760826020e-01 9.4211167259e-06
1350 2.0752213672e-01 8.2122255442e-06
1351 2.0745254660e-01 9.5200153612e-06
1352 2.0738768876e-01 9.6306972530e-06
1353 2.0733153487e-01 1.0192393121e-05
1354 2.0727004620e-01 8.7786690960e-06
1355 2.0720749969e-01 1.0529620747e-05
1356 2.0714728961e-01 8.7558428518e-06
1357 2.0707470354e-01 9.1716804720e-06
1358 2.0700473975e-01 1.0590943705e-05
1359 2.0692350764e-01 1.2214095263e-05
1360 2.0685456409e-01 1.6518588335e-05
1361 2.0678427865e-01 1.7979883594e-05
1362 2.0672249777e-01 1.9361533510e-05
1363 2.0665226499e-01 1.3691272295e-05
1364 2.0659056879e-01 1.3307306534e-05
1365 2.0651513821e-01 1.0214827763e-05
1366 2.0643820323e-01 1.5618038146e-05
1367 2.0636726455e-01 1.5204575836e-05
1368 2.0628231077e-01 1.1890859290e-05
1369 2.0619833090e-01 1.3604961349e-05
1370 2.0612378843e-01 1.6379852334e-05
1371 2.0603701619e-01 1.3131298001e-05
1372 2.0592872724e-01 1.7005556943e-05
1373 2.0583716489e-01 2.5890134892e-05
1374 2.0574318763e-01 1.9863238388e-05
1375 2.0564709323e-01 1.5105965920e-05
1376 2.0553696883e-01 1.1859738872e-05
1377 2.0542959142e-01 1.1815532781e-05
1378 2.0532607049e-01 1.2746263176e-05
1379 2.0523175680e-01 1.3876853626e-05
1380 2.0511605329e-01 1.0955736974e-05
1381 2.0498168513e-01 1.1437225827e-05
1382 2.0486294462e-01 1.3758497716e-05
1383 2.0474405317e-01 1.3316703287e-05
1384 2.0461051777e-01 1.2176526911e-05
1385 2.0447122793e-01 1.0830529366e-05
1386 2.0433838029e-01 1.3629911293e-05
1387 2.0424563552e-01 1.5969833096e-05
1388 2.0413209297e-01 1.5816547294e-05
1389 2.0402488422e-01 1.5350960282e-05
1390 2.0389427189e-01 2.0817120180e-05
1391 2.0380218236e-01 2.5014900102e-05
1392 2.0368431696e-01 1.6191874661e-05
1393 2.0357017240e-01 1.6089701116e-05
1394 2.0344979188e-01 1.1593741407e-05
1395 2.0332575969e-01 1.1914199372e-05
1396 2.0320717017e-01 1.1664103409e-05
1397 2.0306051417e-01 1.2147828663e-05
1398 2.0291084765e-01 1.4706069876e-05
1399 2.0274894527e-01 2.1376383797e-05
1400 2.0261839243e-01 2.3598742922e-05
1401 2.0247063726e-01 2.0129815544e-05
1402 2.0236176685e-01 3.0443473553e-05
1403 2.0224983454e-01 1.6324676373e-05
1404 2.0212217178e-01 1.3169869852e-05
1405 2.0202026489e-01 1.5554294328e-05
1406 2.0192640153e-01 1.2562118893e-05
1407 2.0180315697e-01 1.1539354106e-05
1408 2.0168481475e-01 1.3335201434e-05
1409 2.0156754582e-01 1.0361049697e-05
1410 2.0143629009e-01 1.1941928832e-05
1411 2.0134051289e-01 1.3783115958e-05
1412 2.0121275741e-01 8.7494931386e-06
1413 2.0109144297e-01 1.0166316111e-05
1414 2.0101192854e-01 1.1282501250e-05
1415 2.0090527499e-01 8.0742044409e-06
1416 2.0080229325e-01 8.0939462045e-06
1417 2.0071184001e-01 8.3124104052e-06
1418 2.0062411559e-01 8.4012309216e-06
1419 2.0053348868e-01 7.9439234217e-06
1420 2.0043472931e-01 7.3393395577e-06
1421 2.0033021907e-01 8.9616420721e-06
1422 2.0023189387e-01 1.4641171860e-05
1423 2.0014783692e-01 2.2181217277e-05
1424 2.0006309065e-01 1.8937684100e-05
1425 1.9996495544e-01 1.4856856234e-05
1426 1.9987003503e-01 1.4908343340e-05
1427 1.9976941372e-01 9.5320781027e-06
1428 1.9964492340e-01 1.3990448604e-05
1429 1.9954522123e-01 1.8825966706e-05
1430 1.9942801855e-01 1.3090423567e-05
1431 1.9931230817e-01 1.0175062562e-05
1432 1.9919269072e-01 1.4463202492e-05
1433 1.9909697247e-01 2.8918170548e-05
1434 1.9900730408e-01 1.6967831802e-05
1435 1.9888776380e-01 1.0609993340e-05
1436 1.9876721005e-01 1.3181771564e-05
1437 1.9863702417e-01 1.2661210126e-05
1438 1.9848337554e-01 1.2570010196e-05
1439 1.9831930226e-01 1.4793950822e-05
1440 1.9815934559e-01 1.6129727990e-05
1441 1.9796559439e-01 1.4556130794e-05
1442 1.9778766785e-01 1.8537006752e-05
1443 1.9756824094e-01 1.2596883039e-05
1444 1.9731122975e-01 1.2425340392e-05
1445 1.9707633520e-01 1.5625994829e-05
1446 1.9685035208e-01 1.9435349946e-05
1447 1.9663285523e-01 2.3451297562e-05
1448 1.9640369819e-01 3.1934967824e-05
1449 1.9620872362e-01 3.3484406039e-05
1450 1.9595686122e-01 1.4994717656e-05
1451 1.9566577871e-01 1.4611329500e-05
1452 1.9538770664e-01 2.3156552623e-05
1453 1.9512578569e-01 2.2069065424e-05
1454 1.9482002510e-01 1.8649287795e-05
1455 1.9454772809e-01 2.4194308419e-05
1456 1.9422457771e-01 1.9986378581e-05
1457 1.9382130999e-01 1.6002805437e-05
1458 1.9337935028e-01 1.8640347993e-05
1459 1.9299657509e-01 2.7009132780e-05
1460 1.9261928879e-01 1.8990510511e-05
1461 1.9214322848e-01 3.1261128640e-05
1462 1.9184189323e-01 5.6070825573e-05
1463 1.9141195386e-01 2.7090207646e-05
1464 1.9093461224e-01 3.1523095749e-05
1465 1.9048045022e-01 2.7117459260e-05
1466 1.8999385399e-01 2.6677993618e-05
1467 1.8957764978e-01 2.8008575035e-05
1468 1.8908494596e-01 2.2045221879e-05
1469 1.8853895477e-01 1.8725846992e-05
1470 1.8800487535e-01 2.1714023961e-05
1471 1.8755964954e-01 2.5820445246e-05
1472 1.8705340898e-01 2.4675722430e-05
1473 1.8658383971e-01 3.0539848562e-05
1474 1.8607713119e-01 1.9487202841e-05
1475 1.8546034134e-01 1.9688469792e-05
1476 1.8505748892e-01 3.1556130121e-05
1477 1.8454119323e-01 1.8713807002e-05
1478 1.8387828461e-01 2.1566101639e-05
1479 1.8331630123e-01 3.1779281073e-05
1480 1.8270732004e-01 3.0175516860e-05
1481 1.8208261690e-01 5.0184897629e-05
1482 1.8150138245e-01 4.7621960608e-05
1483 1.8086874797e-01 4.9878590005e-05
1484 1.8021406375e-01 3.9382397374e-05
1485 1.7954787236e-01 2.8063784307e-05
1486 1.7874140491e-01 2.0809520786e-05
1487 1.7794117375e-01 2.5239979817e-05
1488 1.7730162454e-01 3.5990205026e-05
1489 1.7672197288e-01 4.2865667554e-05
1490 1.7623028748e-01 5.3132914054e-05
1491 1.7576096631e-01 4.4540319197e-05
1492 1.7524045702e-01 2.7100286038e-05
1493 1.7468803759e-01 2.9032285500e-05
1494 1.7421456083e-01 2.6627373265e-05
1495 1.7365872197e-01 2.1980738421e-05
1496 1.7317300563e-01 2.6200622205e-05
1497 1.7269333001e-01 2.1328985599e-05
1498 1.7221136295e-01 2.5600248089e-05
1499 1.7180458409e-01 2.2938614797e-05
1500 1.7130710266e-01 2.6375341073e-05
1501 1.7079123036e-01 2.9475554931e-05
1502 1.7021540517e-01 2.9466758191e-05
1503 1.6961589226e-01 3.2796480791e-05
1504 1.6910657521e-01 6.0471597694e-05
1505 1.6864060700e-01 4.0039742451e-05
1506 1.6808226549e-01 3.5000550862e-05
1507 1.6762476207e-01 2.6806950960e-05
1508 1.6698726328e-01 2.5734494225e-05
1509 1.6641615330e-01 3.0451550833e-05
1510 1.6578032835e-01 2.8655236053e-05
1511 1.6520838261e-01 3.3361401241e-05
1512 1.6463483281e-01 2.5665599741e-05
1513 1.6399645418e-01 2.7528962134e-05
1514 1.6346137007e-01 3.4428422671e-05
1515 1.6292210375e-01 2.8682303019e-05
1516 1.6234025297e-01 3.3608779640e-05
1517 1.6183547789e-01 3.8936736096e-05
1518 1.6132157591e-01 3.4134196620e-05
1519 1.6083346148e-01 3.1217460901e-05
1520 1.6041481876e-01 2.7813137766e-05
1521 1.6003852893e-01 3.4818847955e-05
1522 1.5967447743e-01 2.9755795916e-05
1523 1.5925172592e-01 3.4490736305e-05
1524 1.5886798275e-01 4.7938831492e-05
1525 1.5852018454e-01 4.0239846852e-05
1526 1.5804137853e-01 3.0356048646e-05
1527 1.5765632577e-01 3.0580806842e-05
1528 1.5713636465e-01 2.2439121944e-05
1529 1.5662013614e-01 2.1130092398e-05
1530 1.5609390671e-01 1.9470066628e-05
1531 1.5560509369e-01 2.4379496548e-05
1532 1.5528486736e-01 2.4409741717e-05
1533 1.5485437340e-01 1.9375279554e-05
1534 1.5446066940e-01 2.8502950243e-05
1535 1.5411457505e-01 2.2854887079e-05
1536 1.5368191495e-01 2.5234035497e-05
1537 1.5339054869e-01 2.7867439275e-05
1538 1.5299855600e-01 2.2699638510e-05
1539 1.5258378831e-01 2.8926897150e-05
1540 1.5223653635e-01 3.3892509504e-05
1541 1.5181938377e-01 3.6512654886e-05
1542 1.5147347299e-01 5.8754704383e-05
1543 1.5111423354e-01 3.2096978850e-05
1544 1.5063330035e-01 3.0470771159e-05
1545 1.5027059440e-01 3.1709156873e-05
1546 1.4978944148e-01 2.5830947804e-05
1547 1.4937269760e-01 3.2612115883e-05
1548 1.4880824861e-01 2.6959631678e-05
1549 1.4833844483e-01 3.5891983681e-05
1550 1.4778825961e-01 2.6330178684e-05
1551 1.4715607194e-01 5.0657098177e-05
1552 1.4672083893e-01 5.3308394310e-05
1553 1.4618501140e-01 5.3641405858e-05
1554 1.4573035538e-01 4.3682455032e-05
1555 1.4513733764e-01 3.1293726369e-05
1556 1.4450660431e-01 2.9407935540e-05
1557 1.4378048341e-01 2.9678092630e-05
1558 1.4308277684e-01 3.7748551568e-05
1559 1.4238464985e-01 3.1529833598e-05
1560 1.4156322106e-01 3.4090033589e-05
1561 1.4083078249e-01 3.6710650906e-05
1562 1.4003190711e-01 4.2824539153e-05
1563 1.3926360935e-01 3.4712446230e-05
1564 1.3830668750e-01 3.8207627192e-05
1565 1.3750658722e-01 4.0254109542e-05
1566 1.3653182770e-01 3.5755802788e-05
1567 1.3559646705e-01 6.0124491757e-05
1568 1.3490728170e-01 8.6404398974e-05
1569 1.3418792727e-01 4.8424315168e-05
1570 1.3329756171e-01 4.2230053321e-05
1571 1.3255023228e-01 3.4389257124e-05
1572 1.3163978630e-01 2.4301668496e-05
1573 1.3073779020e-01 2.5017473035e-05
1574 1.2993363387e-01 3.3897340096e-05
1575 1.2927420265e-01 4.1997882912e-05
1576 1.2855604223e-01 3.2447834496e-05
1577 1.2781026565e-01 3.1243322811e-05
1578 1.2709852197e-01 2.9434656890e-05
1579 1.2636094630e-01 3.2940125260e-05
1580 1.2566685762e-01 3.0827172560e-05
1581 1.2490193867e-01 3.0426725996e-05
1582 1.2416300229e-01 4.7721591495e-05
1583 1.2355707534e-01 6.9957392491e-05
1584 1.2299033695e-01 6.4310551823e-05
1585 1.2236013177e-01 5.8582069844e-05
1586 1.2177756184e-01 4.1398054014e-05
1587 1.2108891269e-01 2.8698443717e-05
1588 1.2050718271e-01 3.2233445814e-05
1589 1.2000754177e-01 2.9000120768e-05
1590 1.1950395346e-01 3.0849963832e-05
1591 1.1906811398e-01 3.3489946952e-05
1592 1.1860225388e-01 3.5532921266e-05
1593 1.1821824278e-01 3.0823688538e-05
1594 1.1775062131e-01 2.3960723562e-05
1595 1.1732134988e-01 4.8509355699e-05
1596 1.1700622320e-01 5.3364755829e-05
1597 1.1664405254e-01 4.3123245670e-05
1598 1.1624271851e-01 3.0383715889e-05
1599 1.1583502135e-01 3.6213038628e-05
1600 1.1542340105e-01 4.2105213168e-05
1601 1.1501034278e-01 4.7707234139e-05
1602 1.1454000737e-01 3.7542579521e-05
1603 1.1411660471e-01 5.3805255277e-05
1604 1.1373332052e-01 3.1269765074e-05
1605 1.1328469199e-01 3.5375751482e-05
1606 1.1300604977e-01 2.9761790516e-05
1607 1.1264195031e-01 2.3246306694e-05
1608 1.1231863824e-01 2.3117983785e-05
1609 1.1197899267e-01 2.0023794650e-05
1610 1.1166111389e-01 2.4358882593e-05
1611 1.1140473361e-01 2.4255627871e-05
1612 1.1113031153e-01 2.4283257175e-05
1613 1.1089120513e-01 2.7049278526e-05
1614 1.1066157423e-01 2.3120964013e-05
1615 1.1039897800e-01 2.0952951298e-05
1616 1.1015674315e-01 2.0551038595e-05
1617 1.0995801453e-01 2.1288724685e-05
1618 1.0974217846e-01 2.1071228202e-05
1619 1.0951136615e-01 3.2658162701e-05
1620 1.0931328962e-01 4.4728457003e-05
1621 1.0910331539e-01 4.6096158359e-05
1622 1.0887928320e-01 3.2561888226e-05
1623 1.0861997769e-01 2.3499514464e-05
1624 1.0836005160e-01 2.4935124408e-05
1625 1.0814126928e-01 2.7855611696e-05
1626 1.0789668458e-01 2.2104264295e-05
1627 1.0767444364e-01 2.9111591406e-05
1628 1.0745897110e-01 2.1905166684e-05
1629 1.0722426227e-01 2.3637873798e-05
1630 1.0704474634e-01 2.2455678654e-05
1631 1.0684396515e-01 2.1347115943e-05
1632 1.0665468668e-01 2.4609227057e-05
1633 1.0645493450e-01 1.8923434013e-05
1634 1.0625012904e-01 1.7642327153e-05
1635 1.0608844525e-01 2.4320510098e-05
1636 1.0593758862e-01 1.8680981131e-05
1637 1.0574217997e-01 1.8560344777e-05
1638 1.0557212574e-01 2.0062798884e-05
1639 1.0540643835e-01 1.6316419191e-05
1640 1.0524000770e-01 1.9021808563e-05
1641 1.0505281515e-01 1.7813482261e-05
1642 1.0486689779e-01 2.1125235825e-05
1643 1.0468582474e-01 2.0631426666e-05
1644 1.0449874204e-01 2.3215328408e-05
1645 1.0432769787e-01 2.7669980858e-05
1646 1.0417269740e-01 5.0038818201e-05
1647 1.0402683596e-01 2.7228087636e-05
1648 1.0381895851e-01 1.6277397850e-05
1649 1.0361671613e-01 1.9202744257e-05
1650 1.0346201863e-01 1.9781936512e-05
1651 1.0328348781e-01 1.7179304400e-05
1652 1.0312305150e-01 1.9786809532e-05
1653 1.0296256482e-01 1.7896269937e-05
1654 1.0280150577e-01 1.8087062496e-05
1655 1.0264336663e-01 1.7981416135e-05
1656 1.0248921179e-01 1.9639672242e-05
1657 1.0233120335e-01 2.3878910668e-05
1658 1.0218886315e-01 3.6409320880e-05
1659 1.0205817773e-01 3.5126885276e-05
1660 1.0189208453e-01 2.2491931793e-05
1661 1.0169890690e-01 1.8710588704e-05
1662 1.0150075010e-01 1.8798739573e-05
1663 1.0132344544e-01 2.3294941648e-05
1664 1.0112550280e-01 2.3975868699e-05
1665 1.0090851057e-01 3.8913203422e-05
1666 1.0076015082e-01 3.9690037069e-05
1667 1.0055233161e-01 1.8110014228e-05
1668 1.0032889299e-01 1.4523605603e-05
1669 1.0015413940e-01 2.0430927505e-05
1670 1.0000186863e-01 1.6399093522e-05
1671 9.9817422348e-02 1.2716296732e-05
1672 9.9654660966e-02 1.3368618916e-05
1673 9.9504790519e-02 1.3383916809e-05
1674 9.9369493235e-02 1.2449375283e-05
1675 9.9238766608e-02 1.2289822678e-05
1676 9.9115335801e-02 1.4490996203e-05
1677 9.9001774181e-02 1.4070931207e-05
1678 9.8871034307e-02 1.9892414737e-05
1679 9.8774725312e-02 3.6563435101e-05
1680 9.8667910543e-02 1.9267606965e-05
1681 9.8550152193e-02 1.5833077777e-05
1682 9.8424129917e-02 1.3947641844e-05
1683 9.8284286343e-02 1.9836173571e-05
1684 9.8174488248e-02 1.8937531194e-05
1685 9.8030595277e-02 1.6089844398e-05
1686 9.7899625196e-02 2.3808100905e-05
1687 9.7742366129e-02 1.9940841812e-05
1688 9.7580810140e-02 1.5286873182e-05
1689 9.7426125634e-02 1.3244493220e-05
1690 9.7274403062e-02 1.5690005859e-05
1691 9.7160560178e-02 1.7083734083e-05
1692 9.7033476256e-02 1.4638754237e-05
1693 9.6896711339e-02 1.5228885274e-05
1694 9.6775056853e-02 1.4430821601e-05
1695 9.6641484932e-02 1.3440287111e-05
1696 9.6531326049e-02 1.3304853216e-05
1697 9.6408962567e-02 1.1873774956e-05
1698 9.6272030877e-02 1.5183400511e-05
1699 9.6159975136e-02 1.7793987131e-05
1700 9.6042678750e-02 1.4854915252e-05
1701 9.5919850924e-02 2.5443642798e-05
1702 9.5824593629e-02 2.5903767366e-05
1703 9.5694029077e-02 2.3098836091e-05
1704 9.5576993956e-02 2.1449012698e-05
1705 9.5452302648e-02 2.0038572517e-05
1706 9.5341984600e-02 1.7822837239e-05
1707 9.5220430366e-02 1.5873013692e-05
1708 9.5093932720e-02 1.4973083635e-05
1709 9.4969266755e-02 1.5004179445e-05
1710 9.4835113715e-02 1.4537835413e-05
1711 9.4729679671e-02 1.8152153097e-05
1712 9.4627767957e-02 1.4485557065e-05
1713 9.4543540268e-02 1.8710408588e-05
1714 9.4452192902e-02 1.2592140364e-05
1715 9.4355175494e-02 1.9666200128e-05
1716 9.4298534655e-02 2.5329493453e-05
1717 9.4221430392e-02 1.4313861733e-05
1718 9.4142343934e-02 1.6440491813e-05
1719 9.4062365170e-02 1.5660410351e-05
1720 9.3976387013e-02 1.4243426674e-05
1721 9.3891163591e-02 1.5517896035e-05
1722 9.3804994984e-02 1.5262573889e-05
1723 9.3714085490e-02 1.6200487080e-05
1724 9.3642840790e-02 2.9071996232e-05
1725 9.3558100344e-02 1.7720664454e-05
1726 9.3465350292e-02 2.0313288474e-05
1727 9.3357690852e-02 1.1402255245e-05
1728 9.3244841175e-02 1.3541566593e-05
1729 9.3150608294e-02 1.3904482498e-05
1730 9.3038203072e-02 1.1192920805e-05
1731 9.2928447072e-02 1.0659092790e-05
1732 9.2816754323e-02 1.1026279141e-05
1733 9.2734812316e-02 1.1670678265e-05
1734 9.2643502714e-02 1.0829522120e-05
1735 9.2553159297e-02 1.1813725485e-05
1736 9.2455880136e-02 9.3417418357e-06
1737 9.2356972551e-02 1.1228545471e-05
1738 9.2274871257e-02 1.4325887630e-05
1739 9.2189318454e-02 1.9131274631e-05
1740 9.2116648953e-02 2.2733974070e-05
1741 9.2033879505e-02 1.9170988535e-05
1742 9.1951587513e-02 1.4293052707e-05
1743 9.1848609384e-02 1.2210287265e-05
1744 9.1759536983e-02 1.2799931243e-05
1745 9.1656939943e-02 1.0646318065e-05
1746 9.1540825608e-02 1.1900693006e-05
1747 9.1441441310e-02 1.3494136475e-05
1748 9.1355011849e-02 1.2176230890e-05
1749 9.1235694129e-02 1.1300675809e-05
1750 9.1131272163e-02 1.3726130550e-05
1751 9.1041051358e-02 1.2023502709e-05
1752 9.0918494348e-02 1.2463479820e-05
1753 9.0812754566e-02 1.2964919400e-05
1754 9.0697259998e-02 1.1557287195e-05
1755 9.0589649783e-02 1.2085687180e-05
1756 9.0495460647e-02 1.2514399589e-05
1757 9.0399251249e-02 1.1479174531e-05
1758 9.0317296774e-02 1.4812398653e-05
1759 9.0253227452e-02 1.6791880468e-05
1760 9.0179361017e-02 1.3126278283e-05
1761 9.0102344160e-02 2.1331295457e-05
1762 9.0045164472e-02 1.7863553555e-05
1763 8.9973813098e-02 1.3280597441e-05
1764 8.9910415138e-02 1.2671681241e-05
1765 8.9836673757e-02 9.6635151977e-06
1766 8.9767091309e-02 1.2187020732e-05
1767 8.9708669013e-02 1.6144084630e-05
1768 8.9650361575e-02 1.5900669680e-05
1769 8.9584399045e-02 1.8912296988e-05
1770 8.9530955721e-02 1.5188333170e-05
1771 8.9463981264e-02 1.1662467200e-05
1772 8.9393213686e-02 1.1497285787e-05
1773 8.9327772591e-02 1.5455201359e-05
1774 8.9271499103e-02 1.2351264109e-05
1775 8.9208658813e-02 8.9790810992e-06
1776 8.9154610451e-02 1.1804589340e-05
1777 8.9110923664e-02 8.4042161140e-06
1778 8.9051445888e-02 1.1214219827e-05
1779 8.9007719245e-02 1.1455723953e-05
1780 8.8944408512e-02 7.7609241285e-06
1781 8.8887701075e-02 1.0891414924e-05
1782 8.8837307116e-02 1.0571215080e-05
1783 8.8775189174e-02 1.2079928840e-05
1784 8.8716359380e-02 2.1653423210e-05
1785 8.8670530979e-02 1.6447741672e-05
1786 8.8604909812e-02 8.4006466211e-06
1787 8.8535001423e-02 8.5250899759e-06
1788 8.8477560823e-02 1.0638909050e-05
1789 8.8434020803e-02 9.8957184179e-06
1790 8.8367962331e-02 7.7687152484e-06
1791 8.8305163557e-02 1.0243073392e-05
1792 8.8237285247e-02 9.5602856799e-06
1793 8.8161407815e-02 1.2036638589e-05
1794 8.8106388266e-02 1.3115623497e-05
1795 8.8040790491e-02 8.6784702078e-06
1796 8.7988240665e-02 1.2646923245e-05
1797 8.7929757627e-02 9.1017258973e-06
1798 8.7867549357e-02 1.1111749218e-05
1799 8.7817306094e-02 9.6627377738e-06
1800 8.7764335486e-02 9.1936743728e-06
1801 8.7714150849e-02 1.4226459002e-05
1802 8.7678867304e-02 1.7542767676e-05
1803 8.7640700477e-02 1.3549455995e-05
1804 8.7603783537e-02 1.3002529143e-05
1805 8.7560360124e-02 9.4103901761e-06
1806 8.7512851563e-02 8.9814346860e-06
1807 8.7458949421e-02 9.9259104905e-06
1808 8.7405758232e-02 1.1665300599e-05
1809 8.7351410262e-02 8.9560819521e-06
1810 8.7284154224e-02 7.1335135758e-06
1811 8.7218639351e-02 7.1049636295e-06
1812 8.7163520627e-02 1.0526156292e-05
1813 8.7122310954e-02 9.8420938369e-06
1814 8.7073432169e-02 7.8947795945e-06
1815 8.7027370933e-02 9.7938810981e-06
1816 8.6988258156e-02 9.7759548518e-06
1817 8.6941239153e-02 9.1832106103e-06
1818 8.6898408544e-02 1.8660107040e-05
1819 8.6866843348e-02 2.0376814827e-05
1820 8.6832400012e-02 1.1335041606e-05
1821 8.6793663844e-02 7.1843109626e-06
1822 8.6753169780e-02 1.1093423386e-05
1823 8.6723527836e-02 1.5700030346e-05
1824 8.6685485842e-02 1.2191467807e-05
1825 8.6649051183e-02 9.8325892095e-06
1826 8.6598810188e-02 7.6244692845e-06
1827 8.6545349884e-02 1.0348786082e-05
1828 8.6497909008e-02 9.8866796425e-06
1829 8.6439781716e-02 7.9510305591e-06
1830 8.6379300164e-02 9.5591871070e-06
1831 8.6325512315e-02 9.4696039521e-06
1832 8.6263092101e-02 8.4769042688e-06
1833 8.6201781961e-02 9.8185998837e-06
1834 8.6150054891e-02 9.4738902596e-06
1835 8.6078317608e-02 1.0532663839e-05
1836 8.6019290362e-02 1.1230581467e-05
1837 8.5951784754e-02 9.4711603918e-06
1838 8.5886638319e-02 1.1643167072e-05
1839 8.5807701924e-02 1.0950429508e-05
1840 8.5738209354e-02 2.0013716580e-05
1841 8.5686787681e-02 2.2246487277e-05
1842 8.5621349287e-02 1.2159852360e-05
1843 8.5553378992e-02 8.6885585783e-06
1844 8.5487545071e-02 1.0652974742e-05
1845 8.5424617868e-02 8.5831641353e-06
1846 8.5350403377e-02 7.5516637495e-06
1847 8.5278111406e-02 7.4084710522e-06
1848 8.5218152452e-02 8.5094653248e-06
1849 8.5158849658e-02 7.9239390078e-06
1850 8.5084910307e-02 7.7296480586e-06
1851 8.5007754535e-02 8.8252773905e-06
1852 8.4939107027e-02 1.1032811478e-05
1853 8.4885395735e-02 1.2433271153e-05
1854 8.4821703705e-02 1.2631267619e-05
1855 8.4760307159e-02 1.5607140336e-05
1856 8.4698084156e-02 1.4719737471e-05
1857 8.4628933834e-02 1.4986082459e-05
1858 8.4560978387e-02 1.4231200621e-05
1859 8.4490222969e-02 1.2532786044e-05
1860 8.4418986571e-02 1.1457959941e-05
1861 8.4351818423e-02 9.2559109682e-06
1862 8.4273492914e-02 8.4105395221e-06
1863 8.4203624321e-02 9.3501789361e-06
1864 8.4139388727e-02 8.8429885574e-06
1865 8.4082743066e-02 1.0903994408e-05
1866 8.4022211838e-02 7.9156576262e-06
1867 8.3948235074e-02 9.3969505745e-06
1868 8.3894663491e-02 9.7227760152e-06
1869 8.3830980556e-02 8.0285698308e-06
1870 8.3772654779e-02 1.0575748933e-05
1871 8.3709939551e-02 8.9893152585e-06
1872 8.3639030626e-02 7.7922256525e-06
1873 8.3577202950e-02 1.0676910243e-05
1874 8.3519727617e-02 8.7143592004e-06
1875 8.3450372264e-02 7.0605989221e-06
1876 8.3383602069e-02 1.0936080751e-05
1877 8.3337356826e-02 1.0389517819e-05
1878 8.3267766484e-02 8.0057595401e-06
1879 8.3210124640e-02 1.3192739777e-05
1880 8.3152835036e-02 1.4459981017e-05
1881 8.3103916209e-02 2.0344020481e-05
1882 8.3051577030e-02 9.6158649085e-06
1883 8.2986098151e-02 7.6215848472e-06
1884 8.2921243899e-02 1.1459807628e-05
1885 8.2875091586e-02 1.9583668526e-05
1886 8.2818659920e-02 1.0607533084e-05
1887 8.2750643979e-02 1.2806288060e-05
1888 8.2687608146e-02 1.2590348141e-05
1889 8.2611193217e-02 9.4619574734e-06
1890 8.2533032891e-02 1.0989269510e-05
1891 8.2457300543e-02 1.0758138228e-05
1892 8.2359119971e-02 1.2622819901e-05
1893 8.2270172851e-02 1.4957163766e-05
1894 8.2174885360e-02 1.1028146487e-05
1895 8.2070627627e-02 9.8270877202e-06
1896 8.1966133753e-02 9.2963760208e-06
1897 8.1860571555e-02 1.0446255879e-05
1898 8.1765780013e-02 1.1262372616e-05
1899 8.1658676464e-02 9.9662631519e-06
1900 8.1532566383e-02 1.2037138977e-05
1901 8.1412877039e-02 1.7556301232e-05
1902 8.1305278603e-02 2.7303758962e-05
1903 8.1197566767e-02 1.9451055248e-05
1904 8.1076043191e-02 1.4133694369e-05
1905 8.0953220248e-02 1.1479289315e-05
1906 8.0825836753e-02 1.1049885761e-05
1907 8.0711171270e-02 1.2053975793e-05
1908 8.0584077383e-02 1.1356969505e-05
1909 8.0466327266e-02 1.1595937041e-05
1910 8.0344470856e-02 1.1220211171e-05
1911 8.0232162380e-02 1.0557175483e-05
1912 8.0106936531e-02 1.0488472036e-05
1913 7.9987511770e-02 1.8739410709e-05
1914 7.9906266265e-02 1.8353736452e-05
1915 7.9795088418e-02 1.5646382122e-05
1916 7.9703519237e-02 1.9028337629e-05
1917 7.9609374112e-02 1.5899396545e-05
1918 7.9530192889e-02 1.7248448414e-05
1919 7.9437863649e-02 1.0841512220e-05
1920 7.9337155266e-02 8.3427466552e-06
1921 7.9240637758e-02 7.3021811867e-06
1922 7.9154349092e-02 7.0404070092e-06
1923 7.9068270508e-02 6.8482913969e-06
1924 7.8982659958e-02 6.8408166026e-06
1925 7.8906871604e-02 6.3990205189e-06
1926 7.8831990843e-02 6.8714899621e-06
1927 7.8760272428e-02 8.1573505861e-06
1928 7.8699862772e-02 1.3704325690e-05
1929 7.8655887986e-02 1.6310589076e-05
1930 7.8602674147e-02 1.1716824699e-05
1931 7.8553504559e-02 1.1462951683e-05
1932 7.8506021916e-02 7.5736961306e-06
1933 7.8461890447e-02 1.0337947310e-05
1934 7.8420335412e-02 7.4150287298e-06
1935 7.8368991664e-02 9.2551421356e-06
1936 7.8320990526e-02 7.6739609237e-06
1937 7.8257033174e-02 7.8361495373e-06
1938 7.8199420178e-02 8.9587229302e-06
1939 7.8147061535e-02 1.4211500256e-05
1940 7.8105216624e-02 1.5423534327e-05
1941 7.8054013113e-02 1.1363052771e-05
1942 7.7996699933e-02 8.8773177204e-06
1943 7.7946413853e-02 9.7595237956e-06
1944 7.7895801744e-02 7.5633363267e-06
1945 7.7843926076e-02 1.0101876324e-05
1946 7.7792566154e-02 7.7483133949e-06
1947 7.7735195369e-02 7.4640368214e-06
1948 7.7681143129e-02 7.7102463409e-06
1949 7.7619607125e-02 9.1076284613e-06
1950 7.7560640027e-02 8.1530660998e-06
1951 7.7485524545e-02 9.2463884268e-06
1952 7.7421187097e-02 1.1219831181e-05
1953 7.7353216236e-02 1.1576737933e-05
1954 7.7290634531e-02 1.2167767769e-05
1955 7.7229146837e-02 8.1799359529e-06
1956 7.7173264460e-02 1.0355280974e-05
1957 7.7127288917e-02 9.0782924565e-06
1958 7.7070990056e-02 9.5691011650e-06
1959 7.7016637385e-02 1.0786947449e-05
1960 7.6960831270e-02 1.2380827728e-05
1961 7.6910291853e-02 1.7761894966e-05
1962 7.6865934433e-02 1.2932789494e-05
1963 7.6810343504e-02 8.1113453943e-06
1964 7.6761773372e-02 8.2668807273e-06
1965 7.6714697075e-02 6.7703177429e-06
1966 7.6664824268e-02 7.5421078798e-06
1967 7.6620397667e-02 7.0052168705e-06
1968 7.6571625119e-02 6.9220418736e-06
1969 7.6526291574e-02 8.1143622534e-06
1970 7.6484608988e-02 8.9104460859e-06
1971 7.6442260135e-02 7.3678875573e-06
1972 7.6394447339e-02 8.4817584303e-06
1973 7.6352156011e-02 1.4306779903e-05
1974 7.6309053882e-02 1.1630379003e-05
1975 7.6265579853e-02 1.2289074261e-05
1976 7.6220183432e-02 8.5845215264e-06
1977 7.6173509039e-02 7.7803493599e-06
1978 7.6132294928e-02 7.9793947587e-06
1979 7.6088672610e-02 6.0929008115e-06
1980 7.6040204165e-02 7.8735535152e-06
1981 7.6002271843e-02 1.0688146642e-05
1982 7.5959657612e-02 6.0296723583e-06
1983 7.5907619964e-02 5.3649613213e-06
1984 7.5852945129e-02 6.1443529281e-06
1985 7.5812442043e-02 7.2396054551e-06
1986 7.5761700636e-02 6.2836864142e-06
1987 7.5696872549e-02 7.1966423061e-06
1988 7.5629966089e-02 1.6753099014e-05
1989 7.5582337733e-02 1.4097077079e-05
1990 7.5507624551e-02 8.4806748121e-06
1991 7.5448878171e-02 9.9113567787e-06
1992 7.5390654376e-02 8.3397605895e-06
1993 7.5340298420e-02 9.1746291979e-06
1994 7.5275966580e-02 6.9317027233e-06
1995 7.5215783745e-02 8.3938417835e-06
1996 7.5157698846e-02 6.9817235333e-06
1997 7.5088458039e-02 6.8296246044e-06
1998 7.5026435331e-02 7.0793393200e-06
1999 7.4974343480e-02 1.0120305927e-05
