iter rel_error rel_residual
0 1.0558535064e+00 4.1776465874e-01
1 1.1463378832e+00 2.2258893783e-01
2 9.9353599441e-01 1.8249551674e-01
3 9.3827079814e-01 1.4889288834e-01
4 9.3112096956e-01 1.1082662265e-01
5 9.0173011388e-01 8.3764668460e-02
6 8.7532140135e-01 6.3594956806e-02
7 8.6186942412e-01 4.0529067308e-02
8 8.5163405090e-01 2.4779115311e-02
9 8.4517568888e-01 1.5949439550e-02
10 8.3897565345e-01 1.3113050032e-02
11 8.3033700595e-01 1.0755429146e-02
12 8.2238962782e-01 1.2005326686e-02
13 8.1285353006e-01 1.1096130446e-02
14 7.9897490118e-01 1.2728726866e-02
15 7.8711883662e-01 1.2081763085e-02
16 7.7671029124e-01 1.0808432389e-02
17 7.6586033095e-01 9.7141186342e-03
18 7.5891108654e-01 8.3441476893e-03
19 7.5322323152e-01 7.9628220737e-03
20 7.4648434724e-01 6.9893514925e-03
21 7.4119859037e-01 5.9839973718e-03
22 7.3649247599e-01 6.0753236692e-03
23 7.3126145270e-01 5.9296273324e-03
24 7.2625383440e-01 6.2869966791e-03
25 7.2193366817e-01 5.1974004458e-03
26 7.1722073287e-01 5.3313745191e-03
27 7.1261806763e-01 5.3157875970e-03
28 7.0881882388e-01 4.5328133022e-03
29 7.0520187824e-01 4.4600471978e-03
30 7.0225869400e-01 3.9321256823e-03
31 7.0001953419e-01 3.3207158475e-03
32 6.9794364735e-01 3.2826256016e-03
33 6.9611725835e-01 3.2085849584e-03
34 6.9449423430e-01 3.2065989622e-03
35 6.9280961048e-01 2.8970243068e-03
36 6.9118011263e-01 3.1067532406e-03
37 6.8971670877e-01 2.8494976626e-03
38 6.8830455865e-01 2.7140040920e-03
39 6.8716778276e-01 2.4356958652e-03
40 6.8614066740e-01 2.0157352383e-03
41 6.8525923123e-01 1.8880908051e-03
42 6.8446442614e-01 1.7903984272e-03
43 6.8365755409e-01 1.8796759570e-03
44 6.8274963168e-01 1.9365980675e-03
45 6.8178852549e-01 1.8836246476e-03
46 6.8089480409e-01 1.7400993724e-03
47 6.8013962144e-01 1.8253616916e-03
48 6.7950108129e-01 1.6916009337e-03
49 6.7901342694e-01 1.3661757542e-03
50 6.7853579958e-01 1.3425323954e-03
51 6.7806766849e-01 1.2408378252e-03
52 6.7757211540e-01 1.1710107513e-03
53 6.7697918466e-01 1.2920243032e-03
54 6.7631218030e-01 1.2325367480e-03
55 6.7568470263e-01 1.1643810919e-03
56 6.7508534708e-01 1.0745539887e-03
57 6.7452325101e-01 1.0174966454e-03
58 6.7403564247e-01 1.0420089130e-03
59 6.7354561671e-01 9.3040541379e-04
60 6.7299775334e-01 1.0676884752e-03
61 6.7232011045e-01 1.0124739595e-03
62 6.7156442455e-01 9.1932749914e-04
63 6.7080009060e-01 1.1182076257e-03
64 6.7004852770e-01 9.5298320935e-04
65 6.6940805748e-01 8.8199514245e-04
66 6.6883927737e-01 8.3220154216e-04
67 6.6834423276e-01 7.4240504743e-04
68 6.6789779701e-01 7.7179646156e-04
69 6.6740418792e-01 8.0275053024e-04
70 6.6687942418e-01 7.7448054827e-04
71 6.6632935987e-01 7.1984988122e-04
72 6.6573901199e-01 7.7008227696e-04
73 6.6518204572e-01 7.5581304652e-04
74 6.6462417319e-01 6.9178809219e-04
75 6.6412754303e-01 6.8055234296e-04
76 6.6367765333e-01 6.6802732518e-04
77 6.6322076263e-01 6.9347301867e-04
78 6.6275151703e-01 6.9733203779e-04
79 6.6225819341e-01 7.0298861815e-04
80 6.6179075760e-01 6.4371872574e-04
81 6.6135425047e-01 6.4746952669e-04
82 6.6093531597e-01 5.9284760146e-04
83 6.6055745369e-01 6.0570172862e-04
84 6.6020998870e-01 6.0305694313e-04
85 6.5988937402e-01 5.5532425781e-04
86 6.5958227361e-01 6.0242527609e-04
87 6.5925456663e-01 5.2638258849e-04
88 6.5891567486e-01 5.4743651940e-04
89 6.5855730882e-01 5.6992933816e-04
90 6.5819703826e-01 5.3387579526e-04
91 6.5784979718e-01 5.3399939487e-04
92 6.5753044905e-01 5.3224080743e-04
93 6.5722464392e-01 5.4522567523e-04
94 6.5689191734e-01 5.1746839029e-04
95 6.5652681931e-01 5.2113200475e-04
96 6.5614319196e-01 5.4754460459e-04
97 6.5571191760e-01 5.0634500114e-04
98 6.5530362195e-01 5.4094747555e-04
99 6.5490170776e-01 5.1905219072e-04
100 6.5449976861e-01 5.3362545809e-04
101 6.5410443860e-01 5.0898345488e-04
102 6.5368694655e-01 5.1916661982e-04
103 6.5326775958e-01 5.0979853029e-04
104 6.5285724594e-01 4.8713255303e-04
105 6.5242948546e-01 4.3875562362e-04
106 6.5201393357e-01 4.4369771485e-04
107 6.5159514150e-01 4.5643228683e-04
108 6.5114146174e-01 4.5595764190e-04
109 6.5066817745e-01 5.0023082159e-04
110 6.5019568486e-01 4.6975625274e-04
111 6.4969404444e-01 4.9796050395e-04
112 6.4916733697e-01 5.2881552717e-04
113 6.4861151837e-01 5.3946445254e-04
114 6.4807443753e-01 5.7268733209e-04
115 6.4749926204e-01 6.1085989288e-04
116 6.4697252861e-01 6.1595034616e-04
117 6.4640652033e-01 5.9758973776e-04
118 6.4584515118e-01 5.9076103435e-04
119 6.4525480445e-01 5.7868345983e-04
120 6.4464944685e-01 5.7981338928e-04
121 6.4404936813e-01 5.1601148605e-04
122 6.4344535091e-01 5.0096005003e-04
123 6.4281800189e-01 4.5161983677e-04
124 6.4216195610e-01 4.6218008646e-04
125 6.4154910991e-01 4.7696853935e-04
126 6.4096588933e-01 4.8357453475e-04
127 6.4039441233e-01 5.0695301393e-04
128 6.3981361822e-01 4.6623872623e-04
129 6.3920630886e-01 4.7089564528e-04
130 6.3852980838e-01 4.6619979090e-04
131 6.3786093913e-01 4.9536608233e-04
132 6.3718808876e-01 5.0724729572e-04
133 6.3652976610e-01 5.1605872216e-04
134 6.3588762139e-01 5.6032966676e-04
135 6.3524582412e-01 5.2502794493e-04
136 6.3464564844e-01 5.4198575242e-04
137 6.3401524932e-01 5.0014160108e-04
138 6.3335608180e-01 4.6499504249e-04
139 6.3268421530e-01 4.2295541715e-04
140 6.3196914232e-01 4.4489971969e-04
141 6.3123470622e-01 4.3903976534e-04
142 6.3049914273e-01 4.7089609333e-04
143 6.2975375073e-01 4.7128112033e-04
144 6.2901764220e-01 4.8446382384e-04
145 6.2829947116e-01 4.9258927550e-04
146 6.2756763678e-01 4.9147075341e-04
147 6.2685723081e-01 4.8043983046e-04
148 6.2615524690e-01 4.5230006903e-04
149 6.2543596855e-01 4.3706934026e-04
150 6.2472510938e-01 4.2573221527e-04
151 6.2400703099e-01 4.3702573571e-04
152 6.2332520385e-01 4.9369638446e-04
153 6.2264073521e-01 5.3768131930e-04
154 6.2195983596e-01 5.1089447168e-04
155 6.2125891852e-01 4.7014718860e-04
156 6.2053268172e-01 4.6598441519e-04
157 6.1974920707e-01 4.1296813418e-04
158 6.1898104722e-01 4.1778311959e-04
159 6.1819670149e-01 4.1864533225e-04
160 6.1745059420e-01 4.3475770992e-04
161 6.1674624639e-01 4.2733606063e-04
162 6.1607360827e-01 4.5627959441e-04
163 6.1537860492e-01 5.2128202035e-04
164 6.1471570863e-01 5.0114629763e-04
165 6.1401658826e-01 4.6764327257e-04
166 6.1328696645e-01 4.5153679358e-04
167 6.1256022316e-01 4.2893997429e-04
168 6.1187870656e-01 4.1277600032e-04
169 6.1121176756e-01 3.9345320841e-04
170 6.1058703742e-01 3.8518468028e-04
171 6.0993370831e-01 4.0191265538e-04
172 6.0924262336e-01 3.7450673746e-04
173 6.0852781737e-01 3.8834963333e-04
174 6.0784284469e-01 3.9262999152e-04
175 6.0713693695e-01 3.6580860130e-04
176 6.0650143108e-01 3.7352164129e-04
177 6.0590114503e-01 3.6963047975e-04
178 6.0530070376e-01 3.5394537802e-04
179 6.0467848139e-01 3.5199473063e-04
180 6.0405442441e-01 3.5095742309e-04
181 6.0344635119e-01 3.4180909660e-04
182 6.0285562579e-01 3.4099067119e-04
183 6.0228338140e-01 3.1644710059e-04
184 6.0175293483e-01 3.2753959890e-04
185 6.0124526730e-01 3.1128536338e-04
186 6.0078596830e-01 3.0329725412e-04
187 6.0030870535e-01 2.9246345086e-04
188 5.9980370839e-01 3.1426788748e-04
189 5.9930240249e-01 3.1892058375e-04
190 5.9877783835e-01 3.0591543854e-04
191 5.9826784017e-01 3.1183459924e-04
192 5.9776883827e-01 2.9973041437e-04
193 5.9725168801e-01 2.9194095944e-04
194 5.9674634906e-01 3.0242105694e-04
195 5.9623880014e-01 3.0793031836e-04
196 5.9571894124e-01 3.0753273759e-04
197 5.9520953861e-01 2.9652548945e-04
198 5.9472733394e-01 2.8691069725e-04
199 5.9426912469e-01 2.7424051759e-04
200 5.9383310051e-01 2.7381556134e-04
201 5.9341305242e-01 2.8677853921e-04
202 5.9299304153e-01 2.7049246971e-04
203 5.9256240468e-01 2.5817103876e-04
204 5.9213729440e-01 2.6349786496e-04
205 5.9169535660e-01 2.6277454659e-04
206 5.9123404895e-01 2.8200410806e-04
207 5.9078235530e-01 2.9462750934e-04
208 5.9031975800e-01 2.8821817983e-04
209 5.8987644813e-01 2.7536812547e-04
210 5.8943509832e-01 2.6919762632e-04
211 5.8899463739e-01 2.8548195239e-04
212 5.8854961744e-01 2.7934724726e-04
213 5.8807491219e-01 2.7537919004e-04
214 5.8757340707e-01 2.7984674980e-04
215 5.8706094405e-01 2.6590171874e-04
216 5.8661460718e-01 2.7922800850e-04
217 5.8614177636e-01 2.7137918405e-04
218 5.8568072891e-01 2.7722847442e-04
219 5.8519939831e-01 2.9560372931e-04
220 5.8471243137e-01 3.1207970813e-04
221 5.8423947150e-01 3.7422343279e-04
222 5.8378097263e-01 3.8313349690e-04
223 5.8331542715e-01 3.3073981361e-04
224 5.8285289388e-01 2.7637242378e-04
225 5.8239543099e-01 2.6957964702e-04
226 5.8191218092e-01 2.7696690048e-04
227 5.8142173252e-01 2.6840758362e-04
228 5.8091985407e-01 2.6256735990e-04
229 5.8040996045e-01 2.8480946932e-04
230 5.7993241413e-01 3.2965786566e-04
231 5.7947652002e-01 3.5895891698e-04
232 5.7904768423e-01 3.5670831452e-04
233 5.7861136612e-01 2.8213237036e-04
234 5.7819802938e-01 2.5991130244e-04
235 5.7776738792e-01 2.4845406044e-04
236 5.7733596682e-01 2.3541026170e-04
237 5.7691398948e-01 2.3772835975e-04
238 5.7650126575e-01 2.3629841117e-04
239 5.7611656261e-01 2.4295478272e-04
240 5.7570741901e-01 2.3693832808e-04
241 5.7526891808e-01 2.4176819601e-04
242 5.7483245714e-01 2.3313013705e-04
243 5.7441122041e-01 2.5061235029e-04
244 5.7398579305e-01 2.4914571516e-04
245 5.7354400184e-01 2.4199273420e-04
246 5.7310245114e-01 2.5666022728e-04
247 5.7268713008e-01 2.6753775943e-04
248 5.7229786490e-01 2.8146861336e-04
249 5.7194608729e-01 2.8288301846e-04
250 5.7158424026e-01 2.4777755862e-04
251 5.7123698207e-01 2.4905120734e-04
252 5.7087978029e-01 2.4013614638e-04
253 5.7052632406e-01 2.4581171070e-04
254 5.7018246865e-01 2.4084294760e-04
255 5.6984657741e-01 2.2790629544e-04
256 5.6950514512e-01 1.9786452401e-04
257 5.6917374465e-01 1.9609286483e-04
258 5.6885321238e-01 2.2667110041e-04
259 5.6854502880e-01 2.1435173062e-04
260 5.6821088200e-01 2.0337132477e-04
261 5.6786324566e-01 1.9359949848e-04
262 5.6750729953e-01 1.9096294779e-04
263 5.6716209772e-01 1.9773796850e-04
264 5.6683845204e-01 2.0488563624e-04
265 5.6650655343e-01 2.0591716675e-04
266 5.6619124211e-01 2.0433919964e-04
267 5.6587430758e-01 1.8951467707e-04
268 5.6556316514e-01 1.7938821828e-04
269 5.6525204140e-01 1.8227521930e-04
270 5.6494177707e-01 1.7768621851e-04
271 5.6462816026e-01 1.9437628803e-04
272 5.6431167711e-01 1.9821834125e-04
273 5.6401124529e-01 1.7976421272e-04
274 5.6370256952e-01 1.6443228303e-04
275 5.6338312004e-01 1.7560490150e-04
276 5.6307224575e-01 1.9906704369e-04
277 5.6276020632e-01 2.3049693654e-04
278 5.6244111834e-01 2.3405678074e-04
279 5.6211145477e-01 2.1062443262e-04
280 5.6177334099e-01 1.8031499662e-04
281 5.6142865398e-01 1.7744468606e-04
282 5.6108976206e-01 1.6011796616e-04
283 5.6075471088e-01 1.6349054726e-04
284 5.6041219677e-01 1.6958797464e-04
285 5.6006040626e-01 1.6956152222e-04
286 5.5970424192e-01 1.7581015230e-04
287 5.5933372085e-01 1.8037724220e-04
288 5.5897731049e-01 1.7046846363e-04
289 5.5861929121e-01 1.6716517995e-04
290 5.5826474351e-01 1.6965432800e-04
291 5.5790849627e-01 1.5694670020e-04
292 5.5754278809e-01 1.6449858134e-04
293 5.5716317672e-01 1.6956637899e-04
294 5.5679215038e-01 1.6900758150e-04
295 5.5641202064e-01 1.8116146684e-04
296 5.5605344852e-01 1.8315751289e-04
297 5.5570814673e-01 1.7440761856e-04
298 5.5536231530e-01 1.6483397103e-04
299 5.5500599655e-01 1.6062736645e-04
300 5.5464228736e-01 1.7086886109e-04
301 5.5427715865e-01 1.6136562809e-04
302 5.5392720290e-01 1.6826205526e-04
303 5.5357984063e-01 1.6882168700e-04
304 5.5325549969e-01 1.7717517271e-04
305 5.5294522803e-01 1.8528785841e-04
306 5.5261813830e-01 1.8913930989e-04
307 5.5229591967e-01 1.9978759354e-04
308 5.5196468093e-01 1.9256810756e-04
309 5.5163418840e-01 1.7155899780e-04
310 5.5131063820e-01 1.6412075828e-04
311 5.5098993023e-01 1.6322199363e-04
312 5.5068532331e-01 1.5883908469e-04
313 5.5038557675e-01 1.4629972914e-04
314 5.5009238038e-01 1.4796423836e-04
315 5.4979670481e-01 1.4343993636e-04
316 5.4949499926e-01 1.4268070720e-04
317 5.4919562836e-01 1.4217134654e-04
318 5.4889416132e-01 1.3068701377e-04
319 5.4860271381e-01 1.3129552031e-04
320 5.4831964673e-01 1.3635958048e-04
321 5.4802357550e-01 1.4041802801e-04
322 5.4772020181e-01 1.4442146502e-04
323 5.4740766300e-01 1.4158701699e-04
324 5.4707076437e-01 1.4857355882e-04
325 5.4672180236e-01 1.6142318112e-04
326 5.4637289399e-01 1.7881999578e-04
327 5.4604552531e-01 2.0378031606e-04
328 5.4571752781e-01 1.8814477013e-04
329 5.4539635491e-01 1.6059407038e-04
330 5.4506021249e-01 1.4573522677e-04
331 5.4471022953e-01 1.4604313505e-04
332 5.4435349694e-01 1.5364839216e-04
333 5.4398533419e-01 1.5545022236e-04
334 5.4360326859e-01 1.5121429850e-04
335 5.4324547458e-01 1.6802501301e-04
336 5.4288348786e-01 1.6884411104e-04
337 5.4252961096e-01 1.7750850306e-04
338 5.4217767729e-01 1.8224285325e-04
339 5.4181079521e-01 1.8319980364e-04
340 5.4143747633e-01 1.8323926750e-04
341 5.4105634424e-01 1.6106287442e-04
342 5.4064457534e-01 1.4991582081e-04
343 5.4020599872e-01 1.4730417225e-04
344 5.3975451520e-01 1.4508703412e-04
345 5.3932167567e-01 1.4257094411e-04
346 5.3890380057e-01 1.4091033442e-04
347 5.3849338687e-01 1.3876225150e-04
348 5.3810546327e-01 1.4227813580e-04
349 5.3774483859e-01 1.3921552821e-04
350 5.3737059442e-01 1.4214640409e-04
351 5.3696493470e-01 1.4901709860e-04
352 5.3652266076e-01 1.4051088148e-04
353 5.3608937747e-01 1.3663274152e-04
354 5.3565550918e-01 1.4004174519e-04
355 5.3522903549e-01 1.4496783733e-04
356 5.3479526367e-01 1.4283808913e-04
357 5.3436526451e-01 1.3304272714e-04
358 5.3391034047e-01 1.4071860772e-04
359 5.3344593753e-01 1.5534786088e-04
360 5.3297277910e-01 1.6389226022e-04
361 5.3247081218e-01 1.7819312342e-04
362 5.3198394267e-01 1.9384944197e-04
363 5.3150669201e-01 1.9592425003e-04
364 5.3103477004e-01 1.8402470648e-04
365 5.3054377231e-01 1.6533160955e-04
366 5.3005950097e-01 1.7130232831e-04
367 5.2954905283e-01 1.7795914779e-04
368 5.2903747525e-01 1.7290331134e-04
369 5.2854526580e-01 1.6139058839e-04
370 5.2802615571e-01 1.7626660734e-04
371 5.2751370387e-01 1.8427004612e-04
372 5.2698891204e-01 1.8719705387e-04
373 5.2642528916e-01 1.7890064537e-04
374 5.2584757945e-01 1.6825898529e-04
375 5.2524301387e-01 1.6492628286e-04
376 5.2463879386e-01 1.5711636331e-04
377 5.2403928408e-01 1.5799914250e-04
378 5.2344285471e-01 1.5426388974e-04
379 5.2281437697e-01 1.4942901713e-04
380 5.2219301301e-01 1.5625108381e-04
381 5.2161500514e-01 1.5266501617e-04
382 5.2104726592e-01 1.5461123348e-04
383 5.2045117812e-01 1.5289117954e-04
384 5.1984045840e-01 1.5817714989e-04
385 5.1923248660e-01 1.6889734126e-04
386 5.1860490984e-01 1.8228327818e-04
387 5.1796209656e-01 1.8431620361e-04
388 5.1730388734e-01 1.7831574002e-04
389 5.1660200308e-01 1.7384426242e-04
390 5.1588367475e-01 1.7031717019e-04
391 5.1517533178e-01 1.6562809776e-04
392 5.1449225187e-01 1.7104272662e-04
393 5.1381696753e-01 2.0092063634e-04
394 5.1317410884e-01 2.1526259156e-04
395 5.1253426480e-01 2.2602580529e-04
396 5.1190286387e-01 2.0888631752e-04
397 5.1122001890e-01 1.8033808478e-04
398 5.1056359951e-01 1.7699462729e-04
399 5.0991235231e-01 1.7260068004e-04
400 5.0925464300e-01 1.7387269991e-04
401 5.0861668203e-01 1.8415715128e-04
402 5.0797371613e-01 1.7904832489e-04
403 5.0732869989e-01 1.7893636870e-04
404 5.0668141659e-01 1.6671596412e-04
405 5.0604859165e-01 1.6438515572e-04
406 5.0542217340e-01 1.5833550592e-04
407 5.0478632748e-01 1.5998390968e-04
408 5.0422432388e-01 1.6338994676e-04
409 5.0366008093e-01 1.6673835145e-04
410 5.0308160756e-01 1.6255901874e-04
411 5.0247723791e-01 1.6149898790e-04
412 5.0187548902e-01 1.6104373350e-04
413 5.0127255021e-01 1.5296973086e-04
414 5.0069892127e-01 1.5841274883e-04
415 5.0013059078e-01 1.7321208496e-04
416 4.9957948474e-01 1.7209843362e-04
417 4.9903277960e-01 1.7574122695e-04
418 4.9850833901e-01 1.8125308411e-04
419 4.9799856128e-01 1.7689949127e-04
420 4.9749783719e-01 1.6221124795e-04
421 4.9698021778e-01 1.6102913442e-04
422 4.9646068870e-01 1.5538657661e-04
423 4.9593397820e-01 1.4682372418e-04
424 4.9540475032e-01 1.4464596982e-04
425 4.9489611873e-01 1.4375899727e-04
426 4.9440961403e-01 1.4127730474e-04
427 4.9393561235e-01 1.5101132170e-04
428 4.9347072338e-01 1.5818367991e-04
429 4.9304737567e-01 1.8444378778e-04
430 4.9265236424e-01 2.0298248947e-04
431 4.9225577545e-01 1.6635772377e-04
432 4.9185550049e-01 1.4405159390e-04
433 4.9147085150e-01 1.3484460651e-04
434 4.9107594797e-01 1.2631925640e-04
435 4.9069299569e-01 1.2450503370e-04
436 4.9033120594e-01 1.3141849264e-04
437 4.8997478148e-01 1.2997303495e-04
438 4.8961450844e-01 1.3109098664e-04
439 4.8925709414e-01 1.3620577496e-04
440 4.8891526897e-01 1.4687224162e-04
441 4.8859797458e-01 1.5373355061e-04
442 4.8828485471e-01 1.5049796229e-04
443 4.8797337275e-01 1.5287334204e-04
444 4.8767528060e-01 1.5005751078e-04
445 4.8738986705e-01 1.3380381174e-04
446 4.8707872288e-01 1.2492438910e-04
447 4.8676359221e-01 1.1200605900e-04
448 4.8645232182e-01 1.1133820965e-04
449 4.8613920319e-01 1.1781878606e-04
450 4.8583406407e-01 1.1981846888e-04
451 4.8554040648e-01 1.1618228921e-04
452 4.8524956464e-01 1.2512518446e-04
453 4.8498184200e-01 1.2378639998e-04
454 4.8470979480e-01 1.1466619010e-04
455 4.8442430514e-01 1.1760879246e-04
456 4.8411837475e-01 1.3250480231e-04
457 4.8381524588e-01 1.3818094482e-04
458 4.8351630230e-01 1.5049051662e-04
459 4.8322085528e-01 1.4064847662e-04
460 4.8293079206e-01 1.3293294696e-04
461 4.8265493349e-01 1.2128226042e-04
462 4.8236819170e-01 1.1298994646e-04
463 4.8209303262e-01 1.1444804931e-04
464 4.8181658613e-01 1.1063105575e-04
465 4.8153760926e-01 1.0496219860e-04
466 4.8125198554e-01 1.1070702750e-04
467 4.8096625885e-01 1.0962515594e-04
468 4.8068879517e-01 1.1146619032e-04
469 4.8042394819e-01 1.1931337600e-04
470 4.8016097128e-01 1.2119148691e-04
471 4.7989926181e-01 1.2266547216e-04
472 4.7964259428e-01 1.1463108294e-04
473 4.7937701600e-01 1.0872771106e-04
474 4.7911914329e-01 1.0812185062e-04
475 4.7886207263e-01 1.0198436761e-04
476 4.7861058064e-01 1.1125295868e-04
477 4.7835859286e-01 1.1920100995e-04
478 4.7811390207e-01 1.2164672307e-04
479 4.7787225317e-01 1.2014295879e-04
480 4.7762843283e-01 1.1948688002e-04
481 4.7737768130e-01 1.0402797610e-04
482 4.7713618782e-01 1.0669393861e-04
483 4.7689640175e-01 9.9288937723e-05
484 4.7664346465e-01 9.5210299729e-05
485 4.7637355299e-01 1.0214674155e-04
486 4.7611271905e-01 1.0253210774e-04
487 4.7585923669e-01 1.0198461099e-04
488 4.7560859528e-01 1.0177514676e-04
489 4.7536661042e-01 1.0275767327e-04
490 4.7513996596e-01 1.0537030405e-04
491 4.7489742130e-01 1.0406883543e-04
492 4.7464668928e-01 1.0051836669e-04
493 4.7440248584e-01 9.6176168037e-05
494 4.7415761753e-01 9.3142507357e-05
495 4.7391574968e-01 9.3706615540e-05
496 4.7368503992e-01 9.5940861375e-05
497 4.7344923255e-01 9.9761358386e-05
498 4.7321799262e-01 9.6155164481e-05
499 4.7298330272e-01 9.8949915065e-05
500 4.7275960357e-01 1.1014320777e-04
501 4.7253395233e-01 1.2965771594e-04
502 4.7230920899e-01 1.3597502121e-04
503 4.7208384671e-01 1.2615564986e-04
504 4.7186373996e-01 1.0664269000e-04
505 4.7163420339e-01 9.4353960474e-05
506 4.7141191831e-01 9.3666264696e-05
507 4.7119572088e-01 9.5617173059e-05
508 4.7097807071e-01 9.1438730348e-05
509 4.7075829082e-01 8.9202567667e-05
510 4.7054392002e-01 9.1041402517e-05
511 4.7034309448e-01 8.6317758690e-05
512 4.7015816994e-01 8.4541348338e-05
513 4.6997536321e-01 8.5272446904e-05
514 4.6979310388e-01 8.8470489032e-05
515 4.6959794355e-01 8.1958133566e-05
516 4.6940491253e-01 8.6421733868e-05
517 4.6920744977e-01 8.6128800445e-05
518 4.6900703563e-01 8.2696700494e-05
519 4.6880477891e-01 8.3387570690e-05
520 4.6859278166e-01 8.7333188122e-05
521 4.6836852735e-01 8.7239337325e-05
522 4.6815156250e-01 8.7399841824e-05
523 4.6794030122e-01 8.4583875321e-05
524 4.6773985754e-01 8.2699707260e-05
525 4.6754390729e-01 8.0161218377e-05
526 4.6734700302e-01 8.1352276940e-05
527 4.6715284512e-01 8.4812519264e-05
528 4.6695543258e-01 8.7332305008e-05
529 4.6675097012e-01 8.0914478124e-05
530 4.6655313412e-01 8.8849802015e-05
531 4.6636282376e-01 9.2046833154e-05
532 4.6616782753e-01 9.6726019872e-05
533 4.6596956970e-01 1.0627840648e-04
534 4.6577352062e-01 1.1105138760e-04
535 4.6558182499e-01 1.1293811833e-04
536 4.6538783282e-01 9.9092904493e-05
537 4.6517890862e-01 8.6719884483e-05
538 4.6497127940e-01 9.0088798729e-05
539 4.6475970547e-01 8.7735550702e-05
540 4.6454834225e-01 8.3785428651e-05
541 4.6434150619e-01 8.8971466904e-05
542 4.6414430063e-01 9.8271295081e-05
543 4.6395564229e-01 1.0074092997e-04
544 4.6375892653e-01 1.0413929892e-04
545 4.6355183720e-01 1.0412820954e-04
546 4.6333852157e-01 1.0258323871e-04
547 4.6312317171e-01 1.0607512750e-04
548 4.6291319379e-01 1.0867583986e-04
549 4.6270237369e-01 1.0868304489e-04
550 4.6248738001e-01 1.0433591412e-04
551 4.6227251305e-01 1.0054319916e-04
552 4.6205668373e-01 1.1211029116e-04
553 4.6184998324e-01 1.2555491094e-04
554 4.6164063967e-01 1.1907853096e-04
555 4.6142563497e-01 1.0696290527e-04
556 4.6120584298e-01 9.9905239623e-05
557 4.6098580243e-01 8.8717132119e-05
558 4.6077406762e-01 9.0475049523e-05
559 4.6057088376e-01 8.7291763870e-05
560 4.6036919117e-01 8.3744756465e-05
561 4.6018489185e-01 8.1528440013e-05
562 4.5999834792e-01 8.2636674472e-05
563 4.5979571363e-01 8.3622649607e-05
564 4.5957425480e-01 8.6786906245e-05
565 4.5935179208e-01 8.8538117134e-05
566 4.5912530235e-01 9.0480105196e-05
567 4.5889571381e-01 8.6822830853e-05
568 4.5866532541e-01 8.8613616051e-05
569 4.5843357607e-01 9.2832111347e-05
570 4.5820437457e-01 9.4504089874e-05
571 4.5796888722e-01 8.9102459814e-05
572 4.5773346805e-01 8.8513180064e-05
573 4.5750107085e-01 8.7872539209e-05
574 4.5726335360e-01 8.6403767060e-05
575 4.5703129008e-01 8.4840108613e-05
576 4.5680412665e-01 8.6634497312e-05
577 4.5658955952e-01 8.4751888187e-05
578 4.5637831833e-01 8.8149166030e-05
579 4.5615797206e-01 8.7728312163e-05
580 4.5594435815e-01 8.8395064069e-05
581 4.5572829031e-01 8.6792592569e-05
582 4.5550511672e-01 8.6234242371e-05
583 4.5526846344e-01 9.3699410819e-05
584 4.5502460627e-01 1.0001557666e-04
585 4.5478757855e-01 1.1507942794e-04
586 4.5456604977e-01 1.2330333303e-04
587 4.5434018668e-01 1.1277114913e-04
588 4.5410598764e-01 1.0392443353e-04
589 4.5387271458e-01 1.0020300179e-04
590 4.5362889332e-01 9.6404672723e-05
591 4.5338092738e-01 9.6252277882e-05
592 4.5312897189e-01 9.8427689823e-05
593 4.5286677808e-01 9.4400327530e-05
594 4.5261069256e-01 9.8230942852e-05
595 4.5235486147e-01 9.5869266275e-05
596 4.5209654474e-01 9.4830703348e-05
597 4.5184914344e-01 9.5547846703e-05
598 4.5161205216e-01 9.2142665264e-05
599 4.5138885270e-01 9.2510863137e-05
600 4.5114781119e-01 9.9792135771e-05
601 4.5089286479e-01 9.2324614171e-05
602 4.5063896466e-01 9.7437566485e-05
603 4.5039303720e-01 9.8669167839e-05
604 4.5014948362e-01 9.8008395659e-05
605 4.4990660783e-01 9.9812938794e-05
606 4.4966964271e-01 9.9343564552e-05
607 4.4944143038e-01 9.7046558653e-05
608 4.4922419559e-01 9.1638431735e-05
609 4.4901560827e-01 8.6689802963e-05
610 4.4881405031e-01 8.6042790245e-05
611 4.4861764674e-01 8.7498728476e-05
612 4.4843384773e-01 9.8581052945e-05
613 4.4825924348e-01 1.0924746221e-04
614 4.4808946422e-01 1.0609892943e-04
615 4.4792386288e-01 9.8535405226e-05
616 4.4775688974e-01 8.7364787193e-05
617 4.4759147587e-01 7.8062088234e-05
618 4.4742230115e-01 6.9634562869e-05
619 4.4725390994e-01 6.8121329934e-05
620 4.4709720724e-01 7.0758139178e-05
621 4.4695128222e-01 7.1530688414e-05
622 4.4681988175e-01 7.0685061411e-05
623 4.4668593275e-01 7.0975355935e-05
624 4.4654291101e-01 6.7572080580e-05
625 4.4640208609e-01 6.9076254179e-05
626 4.4627090770e-01 7.4355801695e-05
627 4.4614037616e-01 7.1838460251e-05
628 4.4600877475e-01 6.7891020546e-05
629 4.4587673956e-01 6.5451907755e-05
630 4.4575502133e-01 6.5287674849e-05
631 4.4563628338e-01 6.5509628277e-05
632 4.4552175735e-01 6.5082476729e-05
633 4.4540699587e-01 7.2557197784e-05
634 4.4529578859e-01 8.0534280675e-05
635 4.4518447044e-01 8.2814893376e-05
636 4.4506812817e-01 7.9815060151e-05
637 4.4495160131e-01 7.2581385719e-05
638 4.4483826683e-01 6.8783543846e-05
639 4.4472851075e-01 6.3213287038e-05
640 4.4462217726e-01 5.7197279946e-05
641 4.4452053067e-01 5.7044187310e-05
642 4.4442299526e-01 5.9052624493e-05
643 4.4432657867e-01 5.8662039199e-05
644 4.4422958914e-01 5.6871693479e-05
645 4.4413429149e-01 6.0765031934e-05
646 4.4403962236e-01 7.0304026897e-05
647 4.4395182155e-01 7.1310916548e-05
648 4.4386139701e-01 6.0381707267e-05
649 4.4376957938e-01 5.3086246695e-05
650 4.4367847976e-01 4.8208951424e-05
651 4.4358571856e-01 4.8612065350e-05
652 4.4349434061e-01 5.1233890921e-05
653 4.4340358766e-01 5.5919198250e-05
654 4.4331737720e-01 6.1071192279e-05
655 4.4323505351e-01 6.1572840881e-05
656 4.4315526902e-01 6.1867166300e-05
657 4.4308017155e-01 6.0651275186e-05
658 4.4300387701e-01 5.7699936804e-05
659 4.4292422847e-01 5.5313751523e-05
660 4.4284177867e-01 5.7291502640e-05
661 4.4275870263e-01 5.6765199665e-05
662 4.4267277519e-01 5.3224921814e-05
663 4.4258180253e-01 4.7255812681e-05
664 4.4249056568e-01 4.6406748503e-05
665 4.4240435937e-01 5.0450049020e-05
666 4.4231181447e-01 5.0336569234e-05
667 4.4221350353e-01 4.5859996413e-05
668 4.4211319063e-01 4.4602761479e-05
669 4.4201360474e-01 4.6090166471e-05
670 4.4191129070e-01 4.5301148958e-05
671 4.4181111050e-01 4.3452312982e-05
672 4.4171090775e-01 4.3654507937e-05
673 4.4161285079e-01 4.3955991590e-05
674 4.4151219857e-01 4.4452983740e-05
675 4.4140527754e-01 4.4338794803e-05
676 4.4129630669e-01 4.6247029334e-05
677 4.4118758007e-01 4.6585791270e-05
678 4.4107855657e-01 4.9012093370e-05
679 4.4097045199e-01 5.2728525504e-05
680 4.4085628904e-01 5.4424885538e-05
681 4.4074039184e-01 5.7424618713e-05
682 4.4062499565e-01 5.9260240305e-05
683 4.4051381068e-01 5.9180183626e-05
684 4.4040313950e-01 5.3767678699e-05
685 4.4029279319e-01 4.9495310772e-05
686 4.4017886163e-01 4.7447224564e-05
687 4.4006630745e-01 4.9786531096e-05
688 4.3995946264e-01 5.1297952104e-05
689 4.3984778140e-01 4.8443329298e-05
690 4.3972731773e-01 4.7045431446e-05
691 4.3960594209e-01 5.0121079006e-05
692 4.3949230297e-01 6.2220960895e-05
693 4.3938496018e-01 6.8628984004e-05
694 4.3927297004e-01 5.9666143988e-05
695 4.3915820660e-01 5.2648345443e-05
696 4.3904350624e-01 5.0655853774e-05
697 4.3892690062e-01 5.1069835477e-05
698 4.3881109217e-01 4.8095940470e-05
699 4.3869007852e-01 4.7515373257e-05
700 4.3856657194e-01 4.9264457000e-05
701 4.3844518636e-01 5.0943243091e-05
702 4.3832674866e-01 4.8144131385e-05
703 4.3820691951e-01 4.6883851458e-05
704 4.3808987973e-01 4.5009476107e-05
705 4.3797589852e-01 4.5431915839e-05
706 4.3786464190e-01 4.4321602277e-05
707 4.3775572976e-01 4.4657932520e-05
708 4.3764183173e-01 4.2001066085e-05
709 4.3752656424e-01 4.3765021032e-05
710 4.3741112729e-01 4.4289601233e-05
711 4.3729286382e-01 4.4699728802e-05
712 4.3717699728e-01 4.6285438231e-05
713 4.3706330347e-01 4.3916013224e-05
714 4.3694876638e-01 4.2169204163e-05
715 4.3683287376e-01 4.0031182463e-05
716 4.3671432325e-01 3.8923740535e-05
717 4.3659646205e-01 3.9752291396e-05
718 4.3648268831e-01 3.7813186531e-05
719 4.3637634719e-01 3.7929490851e-05
720 4.3627395388e-01 3.6844927544e-05
721 4.3617086782e-01 3.6108598053e-05
722 4.3606863112e-01 3.6345674314e-05
723 4.3596654823e-01 3.6831403614e-05
724 4.3586654308e-01 3.7665838232e-05
725 4.3576615912e-01 3.7595375511e-05
726 4.3567042679e-01 3.8899394843e-05
727 4.3557591667e-01 4.2024316252e-05
728 4.3548618964e-01 4.5095611640e-05
729 4.3540206830e-01 4.0728657404e-05
730 4.3531415830e-01 3.4924468993e-05
731 4.3522475358e-01 3.3006493502e-05
732 4.3514280581e-01 3.8794887548e-05
733 4.3506022901e-01 4.1847652657e-05
734 4.3498000245e-01 4.1033633518e-05
735 4.3489838407e-01 4.0722846185e-05
736 4.3482059074e-01 3.9575059204e-05
737 4.3474242189e-01 3.5403590195e-05
738 4.3466499225e-01 3.3135739452e-05
739 4.3458805966e-01 3.2914088508e-05
740 4.3451441975e-01 3.1713849408e-05
741 4.3444272859e-01 3.1005784766e-05
742 4.3437215796e-01 3.2833439795e-05
743 4.3430160441e-01 3.5871589784e-05
744 4.3423444015e-01 4.2065006924e-05
745 4.3416981918e-01 4.5025713951e-05
746 4.3410244213e-01 3.6940232475e-05
747 4.3403042367e-01 2.9973323407e-05
748 4.3395717865e-01 2.8454951146e-05
749 4.3388604306e-01 2.7158980426e-05
750 4.3381666698e-01 2.6023028776e-05
751 4.3374812361e-01 2.6290069668e-05
752 4.3368263170e-01 2.4974581572e-05
753 4.3361920798e-01 2.5532541416e-05
754 4.3355693635e-01 2.4242623394e-05
755 4.3349685841e-01 2.3800644840e-05
756 4.3343826540e-01 2.4232855666e-05
757 4.3337888087e-01 2.4092417516e-05
758 4.3331672264e-01 2.3582610712e-05
759 4.3325478881e-01 2.3622991810e-05
760 4.3319315474e-01 2.4021092760e-05
761 4.3313087228e-01 2.4172591182e-05
762 4.3306953533e-01 2.4346012595e-05
763 4.3301199981e-01 2.9606240142e-05
764 4.3295536294e-01 3.3214760403e-05
765 4.3290209320e-01 3.4614019906e-05
766 4.3284497454e-01 2.9114475979e-05
767 4.3278682390e-01 2.4906457743e-05
768 4.3272865486e-01 2.3737475676e-05
769 4.3267380387e-01 2.4264747851e-05
770 4.3261891142e-01 2.3688360404e-05
771 4.3256491321e-01 2.4657003851e-05
772 4.3251327673e-01 2.5137833615e-05
773 4.3246026177e-01 2.3378619178e-05
774 4.3240186684e-01 2.4822691491e-05
775 4.3234483258e-01 2.6559005408e-05
776 4.3228797832e-01 3.0501023000e-05
777 4.3223313615e-01 3.0841367249e-05
778 4.3217901686e-01 2.6636220821e-05
779 4.3212449659e-01 2.3956969498e-05
780 4.3207020585e-01 2.1804696892e-05
781 4.3201399815e-01 2.0217252919e-05
782 4.3195621467e-01 1.9980148496e-05
783 4.3190090046e-01 2.0350004262e-05
784 4.3184604701e-01 1.9811860252e-05
785 4.3178910754e-01 1.8939632668e-05
786 4.3173135152e-01 2.0556811968e-05
787 4.3167227245e-01 1.9875032860e-05
788 4.3161147333e-01 2.0179100801e-05
789 4.3154717105e-01 2.0690593460e-05
790 4.3148591869e-01 2.0562700452e-05
791 4.3142370702e-01 2.1020983858e-05
792 4.3136201221e-01 2.1143084864e-05
793 4.3130224112e-01 2.1487229121e-05
794 4.3124523319e-01 2.1346259942e-05
795 4.3118484788e-01 2.1134134012e-05
796 4.3112098506e-01 2.0722389756e-05
797 4.3105623264e-01 2.1011288063e-05
798 4.3099020815e-01 2.1541623053e-05
799 4.3092170978e-01 2.3869243778e-05
800 4.3085432324e-01 2.7667020736e-05
801 4.3078962365e-01 2.9382863899e-05
802 4.3072066565e-01 2.6270780874e-05
803 4.3065025869e-01 2.4228888029e-05
804 4.3058090374e-01 2.4385881940e-05
805 4.3051098486e-01 2.4088868215e-05
806 4.3043438349e-01 2.2635426488e-05
807 4.3035546024e-01 2.1609644414e-05
808 4.3027386036e-01 2.1000561984e-05
809 4.3019396279e-01 1.9932453530e-05
810 4.3011517327e-01 2.0753785411e-05
811 4.3003325481e-01 2.0900287203e-05
812 4.2994672762e-01 2.1199650480e-05
813 4.2986275563e-01 2.0616616899e-05
814 4.2977963206e-01 2.0725177642e-05
815 4.2970268931e-01 2.2228205305e-05
816 4.2962659023e-01 2.1632764781e-05
817 4.2954274748e-01 2.1405878481e-05
818 4.2945834898e-01 2.1040587544e-05
819 4.2937128573e-01 2.1251060861e-05
820 4.2928029043e-01 2.1033928795e-05
821 4.2918613846e-01 2.1565671246e-05
822 4.2909076812e-01 2.2923995163e-05
823 4.2898954287e-01 2.1600421071e-05
824 4.2889270180e-01 2.2120997267e-05
825 4.2879515625e-01 2.2213672790e-05
826 4.2869675435e-01 2.1893606619e-05
827 4.2859454461e-01 2.2362602154e-05
828 4.2849153650e-01 2.2718148856e-05
829 4.2838795993e-01 2.3885921457e-05
830 4.2828638258e-01 2.6452260780e-05
831 4.2818525067e-01 2.9410602128e-05
832 4.2808209767e-01 3.2584359418e-05
833 4.2798193919e-01 3.2060779134e-05
834 4.2787934279e-01 2.7971325865e-05
835 4.2777416644e-01 2.5915638058e-05
836 4.2767309423e-01 2.6445478677e-05
837 4.2757773125e-01 2.6294819626e-05
838 4.2748129678e-01 2.5629449975e-05
839 4.2738208138e-01 2.5597545276e-05
840 4.2728129960e-01 2.4570202987e-05
841 4.2717658271e-01 2.4947824677e-05
842 4.2707621023e-01 2.8191350071e-05
843 4.2697416379e-01 3.0315759493e-05
844 4.2687534123e-01 3.3934901417e-05
845 4.2677598336e-01 3.1619178197e-05
846 4.2667593488e-01 2.5333549920e-05
847 4.2657584037e-01 2.4253586153e-05
848 4.2647851279e-01 2.7325917085e-05
849 4.2638398470e-01 3.1148546026e-05
850 4.2629458485e-01 3.2401904145e-05
851 4.2620614704e-01 2.6935637176e-05
852 4.2611604705e-01 2.3471008647e-05
853 4.2602855921e-01 2.2702670248e-05
854 4.2594205561e-01 2.1423424224e-05
855 4.2585965176e-01 2.0804807122e-05
856 4.2577686380e-01 2.0601572871e-05
857 4.2569393958e-01 2.1546469369e-05
858 4.2561729152e-01 2.1696845474e-05
859 4.2554109489e-01 2.1113106057e-05
860 4.2546188992e-01 2.0529694281e-05
861 4.2537910014e-01 2.0417241277e-05
862 4.2529423656e-01 1.9183764897e-05
863 4.2521106813e-01 1.8554689919e-05
864 4.2513231471e-01 1.9054023329e-05
865 4.2506052241e-01 2.1364013073e-05
866 4.2499104283e-01 2.4776545453e-05
867 4.2492438184e-01 2.6706350474e-05
868 4.2485862039e-01 2.6057253240e-05
869 4.2479129777e-01 2.2357208792e-05
870 4.2472353604e-01 2.0679520119e-05
871 4.2465640041e-01 1.9587791029e-05
872 4.2458610047e-01 1.7027756104e-05
873 4.2451511362e-01 1.6550742469e-05
874 4.2444949822e-01 1.7354270380e-05
875 4.2439013058e-01 1.7129771899e-05
876 4.2433045945e-01 1.6120335390e-05
877 4.2426987587e-01 1.6161760822e-05
878 4.2421134368e-01 1.5968598931e-05
879 4.2415250214e-01 1.5191505823e-05
880 4.2409123655e-01 1.6165315858e-05
881 4.2403003145e-01 1.6051847877e-05
882 4.2396841301e-01 1.4818634050e-05
883 4.2390967802e-01 1.4621049805e-05
884 4.2385258567e-01 1.4902585419e-05
885 4.2379195688e-01 1.5258716839e-05
886 4.2372910728e-01 1.4888800983e-05
887 4.2366788759e-01 1.4992447850e-05
888 4.2361007823e-01 1.5131362042e-05
889 4.2355408340e-01 1.4585473146e-05
890 4.2349856718e-01 1.4858313505e-05
891 4.2344059886e-01 1.4764917431e-05
892 4.2338198489e-01 1.4452342286e-05
893 4.2332415660e-01 1.4107145734e-05
894 4.2326709689e-01 1.3674306020e-05
895 4.2321164351e-01 1.4259145268e-05
896 4.2315731239e-01 1.5337698646e-05
897 4.2310510455e-01 1.5710444221e-05
898 4.2305181518e-01 1.5480577648e-05
899 4.2299918102e-01 1.4560293894e-05
900 4.2294499899e-01 1.3653043894e-05
901 4.2289109106e-01 1.3101745844e-05
902 4.2283969112e-01 1.3266213299e-05
903 4.2279041557e-01 1.3823456716e-05
904 4.2274150840e-01 1.4423353961e-05
905 4.2269322856e-01 1.4874612512e-05
906 4.2264540723e-01 1.4018371395e-05
907 4.2259672236e-01 1.3062734803e-05
908 4.2254487984e-01 1.3657609383e-05
909 4.2249139004e-01 1.5374441623e-05
910 4.2244054270e-01 1.9352887081e-05
911 4.2239263413e-01 2.1055904575e-05
912 4.2234348315e-01 1.6800201833e-05
913 4.2229056503e-01 1.3418271900e-05
914 4.2223509219e-01 1.2579592944e-05
915 4.2217952384e-01 1.2232721668e-05
916 4.2212550706e-01 1.2647594928e-05
917 4.2207360103e-01 1.2466599572e-05
918 4.2202324924e-01 1.2296753908e-05
919 4.2197438228e-01 1.2420536277e-05
920 4.2192442886e-01 1.1891917092e-05
921 4.2187320793e-01 1.2201287300e-05
922 4.2182227305e-01 1.2758621560e-05
923 4.2177134923e-01 1.3648901434e-05
924 4.2172033154e-01 1.3105404161e-05
925 4.2166897569e-01 1.2973235404e-05
926 4.2161668893e-01 1.2467854830e-05
927 4.2156300061e-01 1.2817652694e-05
928 4.2150929077e-01 1.3506450578e-05
929 4.2145845340e-01 1.5454504888e-05
930 4.2140650721e-01 1.7587917810e-05
931 4.2135592168e-01 1.7688484895e-05
932 4.2130364279e-01 1.6394223459e-05
933 4.2125274110e-01 1.3534314610e-05
934 4.2119997924e-01 1.1607651726e-05
935 4.2114685341e-01 1.1670970838e-05
936 4.2109499653e-01 1.1746843011e-05
937 4.2104267704e-01 1.1623716156e-05
938 4.2099077097e-01 1.1520491887e-05
939 4.2094144712e-01 1.1253974630e-05
940 4.2089165675e-01 1.2310099127e-05
941 4.2084086446e-01 1.3502265847e-05
942 4.2079129652e-01 1.5991930077e-05
943 4.2074258590e-01 1.5689350601e-05
944 4.2069059160e-01 1.2545788374e-05
945 4.2063433898e-01 1.1786593028e-05
946 4.2058008892e-01 1.3130940634e-05
947 4.2053066819e-01 1.6573173648e-05
948 4.2048361878e-01 1.5777647161e-05
949 4.2043270742e-01 1.3513562833e-05
950 4.2037909399e-01 1.3435881479e-05
951 4.2032570672e-01 1.5129874688e-05
952 4.2027358999e-01 1.5733798693e-05
953 4.2021843815e-01 1.4250320453e-05
954 4.2016124674e-01 1.3447003225e-05
955 4.2010389250e-01 1.3813600712e-05
956 4.2004697510e-01 1.5486602370e-05
957 4.1998907234e-01 1.6436438740e-05
958 4.1992880536e-01 1.7005135257e-05
959 4.1986944549e-01 1.6598231404e-05
960 4.1980827889e-01 1.5832336371e-05
961 4.1974625242e-01 1.4792056329e-05
962 4.1968245612e-01 1.3700426785e-05
963 4.1961479893e-01 1.3661849004e-05
964 4.1954923449e-01 1.4644256895e-05
965 4.1948355661e-01 1.5062155981e-05
966 4.1941788678e-01 1.4250426231e-05
967 4.1934907447e-01 1.3284020570e-05
968 4.1927611765e-01 1.3361419035e-05
969 4.1920310333e-01 1.4478649624e-05
970 4.1913491289e-01 1.5411608958e-05
971 4.1906908063e-01 1.5907366317e-05
972 4.1900447680e-01 1.6341028091e-05
973 4.1893853852e-01 1.7371158167e-05
974 4.1887443883e-01 1.8869503289e-05
975 4.1880836345e-01 1.6580018052e-05
976 4.1873466596e-01 1.3915315403e-05
977 4.1865576407e-01 1.4817918540e-05
978 4.1858064541e-01 1.6773691125e-05
979 4.1850923513e-01 1.5639773742e-05
980 4.1843528128e-01 1.2944894259e-05
981 4.1835890217e-01 1.3834952978e-05
982 4.1828562577e-01 1.6308212231e-05
983 4.1820855971e-01 1.6659629550e-05
984 4.1812819167e-01 1.5075407681e-05
985 4.1804810907e-01 1.4167587808e-05
986 4.1796910477e-01 1.3626788027e-05
987 4.1788759671e-01 1.4127803128e-05
988 4.1780658875e-01 1.4189161475e-05
989 4.1771914267e-01 1.4347777603e-05
990 4.1763204085e-01 1.5461304114e-05
991 4.1754389766e-01 1.6109431904e-05
992 4.1745269780e-01 1.6252448264e-05
993 4.1735983405e-01 1.6169600297e-05
994 4.1726772978e-01 1.5327760814e-05
995 4.1717789934e-01 1.4759682703e-05
996 4.1708274802e-01 1.3626691013e-05
997 4.1698318492e-01 1.2794946424e-05
998 4.1688485350e-01 1.2976695105e-05
999 4.1678544015e-01 1.3146478433e-05
1000 4.1668806040e-01 1.3007594596e-05
1001 4.1658692137e-01 1.3583707972e-05
1002 4.1648337844e-01 1.3304670019e-05
1003 4.1638161945e-01 1.3602664660e-05
1004 4.1627718648e-01 1.3809474590e-05
1005 4.1617109666e-01 1.3745296377e-05
1006 4.1606205516e-01 1.4077735090e-05
1007 4.1595241757e-01 1.4324839056e-05
1008 4.1584063659e-01 1.4940318085e-05
1009 4.1573210617e-01 1.6276169600e-05
1010 4.1562834245e-01 1.8542456843e-05
1011 4.1552681480e-01 2.1643211660e-05
1012 4.1542168836e-01 2.1032664794e-05
1013 4.1530969089e-01 1.8604919973e-05
1014 4.1518818921e-01 1.8242580513e-05
1015 4.1506728486e-01 1.8896323134e-05
1016 4.1495293821e-01 1.8995777769e-05
1017 4.1483706998e-01 1.6731265226e-05
1018 4.1471369250e-01 1.6597111172e-05
1019 4.1459543636e-01 1.9205896728e-05
1020 4.1447887410e-01 1.9527109857e-05
1021 4.1435117229e-01 1.7476937801e-05
1022 4.1421463053e-01 1.7765142078e-05
1023 4.1407956520e-01 1.7633542283e-05
1024 4.1394506830e-01 1.7258441928e-05
1025 4.1380978722e-01 1.7303766309e-05
1026 4.1367416371e-01 1.7514196008e-05
1027 4.1353513743e-01 1.7163644396e-05
1028 4.1339835663e-01 1.6959371281e-05
1029 4.1325727187e-01 1.6413927896e-05
1030 4.1310936528e-01 1.6458555828e-05
1031 4.1295256241e-01 1.7104368990e-05
1032 4.1279863183e-01 1.9584956483e-05
1033 4.1265145554e-01 2.1192007512e-05
1034 4.1250714609e-01 2.1066799911e-05
1035 4.1235842015e-01 1.9640505745e-05
1036 4.1220134323e-01 1.8926296258e-05
1037 4.1205388622e-01 1.9252307986e-05
1038 4.1190390332e-01 2.0462211396e-05
1039 4.1174480118e-01 1.9044592255e-05
1040 4.1157636483e-01 1.8402614661e-05
1041 4.1140676668e-01 1.7893060729e-05
1042 4.1123845248e-01 1.8065550211e-05
1043 4.1107248917e-01 1.7811567470e-05
1044 4.1090355416e-01 1.7900940858e-05
1045 4.1072916731e-01 1.7797268625e-05
1046 4.1055408038e-01 1.9161801142e-05
1047 4.1039127175e-01 2.1784481822e-05
1048 4.1023495671e-01 2.5408760380e-05
1049 4.1008427212e-01 2.6959998539e-05
1050 4.0992943133e-01 2.5336543497e-05
1051 4.0976647581e-01 2.2020731277e-05
1052 4.0960170365e-01 2.0426326860e-05
1053 4.0943199613e-01 2.0120389039e-05
1054 4.0925508574e-01 2.0390496773e-05
1055 4.0907917307e-01 2.0838480074e-05
1056 4.0891806475e-01 1.9244045742e-05
1057 4.0875649184e-01 1.9271786734e-05
1058 4.0859955912e-01 2.0926561266e-05
1059 4.0843577351e-01 2.0448786605e-05
1060 4.0826648461e-01 2.0084381669e-05
1061 4.0809707826e-01 2.0127596399e-05
1062 4.0792626179e-01 2.0547394170e-05
1063 4.0774685823e-01 1.9563610453e-05
1064 4.0756825187e-01 1.8808975060e-05
1065 4.0738798982e-01 1.8193182656e-05
1066 4.0720618969e-01 1.8202351269e-05
1067 4.0703007190e-01 1.9405621842e-05
1068 4.0685473187e-01 2.0428894333e-05
1069 4.0667465931e-01 2.1486663564e-05
1070 4.0649604537e-01 2.4254420404e-05
1071 4.0632837718e-01 2.4214464616e-05
1072 4.0615053204e-01 2.1662647961e-05
1073 4.0596568411e-01 2.0930614971e-05
1074 4.0578086615e-01 2.2055991476e-05
1075 4.0560608156e-01 2.4580438374e-05
1076 4.0543411041e-01 2.2001243118e-05
1077 4.0524973490e-01 1.9537260111e-05
1078 4.0506187829e-01 2.0976993832e-05
1079 4.0488316849e-01 2.5530145540e-05
1080 4.0471294228e-01 2.9481973627e-05
1081 4.0454420473e-01 2.6590177496e-05
1082 4.0436081303e-01 2.1182362626e-05
1083 4.0417010776e-01 1.8686832966e-05
1084 4.0398312426e-01 1.8398828471e-05
1085 4.0380949866e-01 1.9062734117e-05
1086 4.0363417411e-01 1.9833797822e-05
1087 4.0346220564e-01 2.1009478033e-05
1088 4.0328937667e-01 1.9693892492e-05
1089 4.0310088554e-01 1.8574025212e-05
1090 4.0290457231e-01 1.8624681302e-05
1091 4.0270709179e-01 1.8354548285e-05
1092 4.0251234786e-01 1.8637348438e-05
1093 4.0231720094e-01 1.9089854082e-05
1094 4.0212508479e-01 2.0253059024e-05
1095 4.0193378315e-01 2.1121233887e-05
1096 4.0174352848e-01 2.1028917672e-05
1097 4.0155445267e-01 2.0219668464e-05
1098 4.0136604228e-01 1.9518787545e-05
1099 4.0117667579e-01 1.9250393114e-05
1100 4.0098314773e-01 1.9042693688e-05
1101 4.0078416248e-01 1.8256367540e-05
1102 4.0058315093e-01 1.8816524297e-05
1103 4.0038986838e-01 1.8605424130e-05
1104 4.0020123330e-01 1.9753926280e-05
1105 4.0001725458e-01 2.0659746687e-05
1106 3.9983795639e-01 2.0875724285e-05
1107 3.9965958948e-01 2.0336279807e-05
1108 3.9947652965e-01 1.9557008659e-05
1109 3.9930013925e-01 1.9828606736e-05
1110 3.9913331702e-01 1.9114808282e-05
1111 3.9896620167e-01 1.7596487096e-05
1112 3.9880060469e-01 1.6476021677e-05
1113 3.9864232577e-01 1.6076432511e-05
1114 3.9849305233e-01 1.7184477785e-05
1115 3.9834960165e-01 1.8295449750e-05
1116 3.9820641844e-01 1.7639571356e-05
1117 3.9805345198e-01 1.7851618761e-05
1118 3.9790075785e-01 1.9792624105e-05
1119 3.9775805307e-01 2.4261660017e-05
1120 3.9762528068e-01 2.5105799859e-05
1121 3.9749229384e-01 2.0746356082e-05
1122 3.9735505664e-01 1.6940736075e-05
1123 3.9721900686e-01 1.5535930036e-05
1124 3.9708965619e-01 1.5228536494e-05
1125 3.9696521796e-01 1.5198087843e-05
1126 3.9684548873e-01 1.5793073267e-05
1127 3.9672305111e-01 1.5935005534e-05
1128 3.9660702616e-01 1.5653570472e-05
1129 3.9649304798e-01 1.4703526481e-05
1130 3.9637377219e-01 1.3897630807e-05
1131 3.9625464934e-01 1.4104053622e-05
1132 3.9613805979e-01 1.3924041364e-05
1133 3.9602711701e-01 1.3892391788e-05
1134 3.9591715083e-01 1.4112778014e-05
1135 3.9581030053e-01 1.3964128571e-05
1136 3.9570440100e-01 1.3598643235e-05
1137 3.9560011479e-01 1.2849051363e-05
1138 3.9549569186e-01 1.2664786452e-05
1139 3.9539918722e-01 1.2762845180e-05
1140 3.9531379407e-01 1.3974752919e-05
1141 3.9523663006e-01 1.4154066775e-05
1142 3.9515919967e-01 1.2713552793e-05
1143 3.9507994064e-01 1.2225365965e-05
1144 3.9499826989e-01 1.2130998693e-05
1145 3.9491873190e-01 1.3245386073e-05
1146 3.9484167180e-01 1.4971529081e-05
1147 3.9476677990e-01 1.6857555389e-05
1148 3.9469666895e-01 1.7676764672e-05
1149 3.9462753961e-01 1.5948784936e-05
1150 3.9455831744e-01 1.4223277760e-05
1151 3.9448786224e-01 1.3171339451e-05
1152 3.9441914302e-01 1.3322504985e-05
1153 3.9435220995e-01 1.2892041047e-05
1154 3.9428620643e-01 1.2042531490e-05
1155 3.9421973398e-01 1.1409151782e-05
1156 3.9415129827e-01 1.1126955447e-05
1157 3.9408396524e-01 1.1248288848e-05
1158 3.9401870599e-01 1.0892779994e-05
1159 3.9395567156e-01 1.0654327773e-05
1160 3.9389271315e-01 1.0494426868e-05
1161 3.9383137232e-01 1.0694615094e-05
1162 3.9377453214e-01 1.1111419219e-05
1163 3.9372224581e-01 1.0954729778e-05
1164 3.9366582290e-01 1.0625489290e-05
1165 3.9360681037e-01 1.1967612378e-05
1166 3.9354814457e-01 1.3719839061e-05
1167 3.9349057849e-01 1.4829173840e-05
1168 3.9343395242e-01 1.3962781263e-05
1169 3.9337314055e-01 1.2831473914e-05
1170 3.9331304080e-01 1.3292369910e-05
1171 3.9325576189e-01 1.4048720391e-05
1172 3.9319763696e-01 1.2700346858e-05
1173 3.9313707529e-01 1.2061939657e-05
1174 3.9307622836e-01 1.4035841345e-05
1175 3.9302230745e-01 1.6445948562e-05
1176 3.9296948507e-01 1.5021473773e-05
1177 3.9291497155e-01 1.3324762154e-05
1178 3.9285917392e-01 1.2334904600e-05
1179 3.9280200243e-01 1.1718463466e-05
1180 3.9274471629e-01 1.1005743592e-05
1181 3.9268681124e-01 1.0513342177e-05
1182 3.9262809433e-01 1.0051665468e-05
1183 3.9256821926e-01 1.0622693316e-05
1184 3.9251135696e-01 1.1659433812e-05
1185 3.9245612567e-01 1.2438221853e-05
1186 3.9239740586e-01 1.1438113127e-05
1187 3.9233890829e-01 1.1849871395e-05
1188 3.9228316822e-01 1.2682972480e-05
1189 3.9222794406e-01 1.3282731174e-05
1190 3.9217303191e-01 1.2373352299e-05
1191 3.9211594053e-01 1.0499496608e-05
1192 3.9205850669e-01 1.0213389028e-05
1193 3.9200354399e-01 1.1337709677e-05
1194 3.9195229837e-01 1.2718462808e-05
1195 3.9189781619e-01 1.1706785987e-05
1196 3.9184193968e-01 1.0894077010e-05
1197 3.9178521891e-01 1.0797841207e-05
1198 3.9172705277e-01 1.0283530862e-05
1199 3.9166519484e-01 1.0672095588e-05
1200 3.9160626398e-01 1.1465662435e-05
1201 3.9155151242e-01 1.2442486833e-05
1202 3.9149651430e-01 1.2032995153e-05
1203 3.9144037506e-01 1.0828221587e-05
1204 3.9138374940e-01 1.0468943598e-05
1205 3.9132788807e-01 1.0468905209e-05
1206 3.9127324768e-01 1.1337563182e-05
1207 3.9121849634e-01 1.2458395428e-05
1208 3.9116674938e-01 1.3545680357e-05
1209 3.9111429413e-01 1.3513584272e-05
1210 3.9106246278e-01 1.2938029191e-05
1211 3.9100978520e-01 1.1895991252e-05
1212 3.9095775837e-01 1.0460629880e-05
1213 3.9090556726e-01 9.7801482030e-06
1214 3.9085306848e-01 9.6090825666e-06
1215 3.9079850667e-01 1.0076722009e-05
1216 3.9074591628e-01 1.0947808436e-05
1217 3.9069426977e-01 1.0969562614e-05
1218 3.9064315594e-01 1.1939099694e-05
1219 3.9059354172e-01 1.1734693626e-05
1220 3.9054133819e-01 1.0364470251e-05
1221 3.9048798208e-01 1.0177376557e-05
1222 3.9043583771e-01 1.0225597773e-05
1223 3.9038542758e-01 1.1606954694e-05
1224 3.9033623856e-01 1.3252261473e-05
1225 3.9028688826e-01 1.4619168367e-05
1226 3.9023941952e-01 1.3537589454e-05
1227 3.9018923443e-01 1.0620318343e-05
1228 3.9013697304e-01 9.4599889819e-06
1229 3.9008346703e-01 9.0287457866e-06
1230 3.9003081126e-01 8.8794699570e-06
1231 3.8997716461e-01 8.8036157746e-06
1232 3.8992322184e-01 8.8664202929e-06
1233 3.8987105446e-01 8.8245724491e-06
1234 3.8981991705e-01 9.0926899361e-06
1235 3.8976845860e-01 9.5625925819e-06
1236 3.8972087194e-01 9.5353567071e-06
1237 3.8967101373e-01 9.5196243334e-06
1238 3.8961754595e-01 8.8924552245e-06
1239 3.8956365978e-01 9.0303689751e-06
1240 3.8950913475e-01 9.0384028224e-06
1241 3.8945461474e-01 9.0559723449e-06
1242 3.8940077560e-01 9.0255155055e-06
1243 3.8935012984e-01 9.0944356063e-06
1244 3.8929935656e-01 8.8537485307e-06
1245 3.8924793307e-01 8.7506864100e-06
1246 3.8919592248e-01 8.9266939119e-06
1247 3.8914352531e-01 9.2569182079e-06
1248 3.8909074318e-01 1.0174114762e-05
1249 3.8904185451e-01 1.1271637448e-05
1250 3.8899576879e-01 1.0504762399e-05
1251 3.8895011888e-01 9.4218955462e-06
1252 3.8890393099e-01 9.8315570467e-06
1253 3.8885798592e-01 1.0122960658e-05
1254 3.8881244735e-01 1.0434121672e-05
1255 3.8876619025e-01 1.0663496597e-05
1256 3.8872020705e-01 1.2007913339e-05
1257 3.8867675142e-01 1.2533843687e-05
1258 3.8863453758e-01 1.1342899554e-05
1259 3.8859147211e-01 1.0579346470e-05
1260 3.8854884860e-01 1.0053683926e-05
1261 3.8850696237e-01 9.5407206516e-06
1262 3.8846516273e-01 8.8653833923e-06
1263 3.8842189662e-01 8.4002563667e-06
1264 3.8837753819e-01 8.0873225103e-06
1265 3.8833368749e-01 8.7662320736e-06
1266 3.8829191175e-01 9.2787669834e-06
1267 3.8825163577e-01 8.6655667565e-06
1268 3.8821007731e-01 8.8670998992e-06
1269 3.8816886748e-01 9.2664611512e-06
1270 3.8812833752e-01 9.4141404503e-06
1271 3.8808686269e-01 9.2275630106e-06
1272 3.8804600593e-01 8.9075899360e-06
1273 3.8800481538e-01 9.0557345592e-06
1274 3.8796314905e-01 1.0352047363e-05
1275 3.8792217001e-01 1.0797918641e-05
1276 3.8788318543e-01 1.1201477970e-05
1277 3.8784379468e-01 1.0763174916e-05
1278 3.8780449259e-01 9.7007202088e-06
1279 3.8776303728e-01 8.9938391698e-06
1280 3.8772095226e-01 9.4475577904e-06
1281 3.8767818472e-01 1.1283429097e-05
1282 3.8763604751e-01 1.1057769491e-05
1283 3.8759325361e-01 1.0623190147e-05
1284 3.8755035374e-01 1.0724155133e-05
1285 3.8750647753e-01 1.1675220098e-05
1286 3.8746376890e-01 1.0754418902e-05
1287 3.8741926834e-01 9.8057365577e-06
1288 3.8737401066e-01 9.6912919286e-06
1289 3.8732742885e-01 9.4311317970e-06
1290 3.8727991491e-01 9.4427349452e-06
1291 3.8723140894e-01 9.5858258489e-06
1292 3.8718441848e-01 9.8001723885e-06
1293 3.8713899320e-01 9.0283294050e-06
1294 3.8709078264e-01 8.5752967697e-06
1295 3.8704307894e-01 8.6169189077e-06
1296 3.8699438858e-01 8.9590816757e-06
1297 3.8694644055e-01 9.6321425210e-06
1298 3.8689689400e-01 1.0140394933e-05
1299 3.8684743019e-01 1.0502937055e-05
1300 3.8680197419e-01 1.0870538670e-05
1301 3.8675495012e-01 1.0516717561e-05
1302 3.8670429764e-01 9.7552998148e-06
1303 3.8665504012e-01 9.9334535398e-06
1304 3.8660717579e-01 1.1479950887e-05
1305 3.8656129681e-01 1.2727592648e-05
1306 3.8651577755e-01 1.2135695058e-05
1307 3.8646829897e-01 1.0883307864e-05
1308 3.8641857154e-01 1.0889463348e-05
1309 3.8637121526e-01 1.1625223621e-05
1310 3.8632063378e-01 1.0663562648e-05
1311 3.8626809590e-01 9.5475105344e-06
1312 3.8621429426e-01 9.8491843175e-06
1313 3.8616345752e-01 9.5049831704e-06
1314 3.8610926251e-01 9.2504180524e-06
1315 3.8605474269e-01 9.5258873288e-06
1316 3.8600081632e-01 9.2151095089e-06
1317 3.8594647727e-01 9.0944824803e-06
1318 3.8589015469e-01 9.6408848296e-06
1319 3.8583539813e-01 1.0390155691e-05
1320 3.8578118458e-01 1.0003363974e-05
1321 3.8572954492e-01 9.2577674594e-06
1322 3.8567808010e-01 8.8942734904e-06
1323 3.8562549586e-01 9.6589365889e-06
1324 3.8557296961e-01 1.0689654008e-05
1325 3.8551833265e-01 1.0024049325e-05
1326 3.8546122642e-01 9.2782402028e-06
1327 3.8540424117e-01 9.7868171582e-06
1328 3.8534584208e-01 1.0638669975e-05
1329 3.8528658427e-01 1.1102039187e-05
1330 3.8522751536e-01 1.1758333992e-05
1331 3.8516949056e-01 1.3228018694e-05
1332 3.8511296310e-01 1.5611727115e-05
1333 3.8505888964e-01 1.5353202129e-05
1334 3.8499942046e-01 1.2064482206e-05
1335 3.8493496685e-01 1.0390354569e-05
1336 3.8487123261e-01 1.0162053406e-05
1337 3.8480656558e-01 1.0444410660e-05
1338 3.8474020984e-01 1.0361251625e-05
1339 3.8467441947e-01 1.0373379511e-05
1340 3.8460813210e-01 1.0443438092e-05
1341 3.8453745309e-01 1.0075266353e-05
1342 3.8446930667e-01 1.0366304363e-05
1343 3.8440494860e-01 1.0968385711e-05
1344 3.8434143186e-01 1.0912959082e-05
1345 3.8427454182e-01 1.0484956733e-05
1346 3.8421537835e-01 1.0517389871e-05
1347 3.8415716636e-01 9.9593451596e-06
1348 3.8409410416e-01 9.8392375521e-06
1349 3.8402926750e-01 1.0734834187e-05
1350 3.8396475695e-01 1.2228146578e-05
1351 3.8390061287e-01 1.2583311504e-05
1352 3.8383394916e-01 1.2427902276e-05
1353 3.8376387849e-01 1.3021327354e-05
1354 3.8369180342e-01 1.4695040830e-05
1355 3.8362277466e-01 1.7219564713e-05
1356 3.8355695713e-01 1.6048514861e-05
1357 3.8348811645e-01 1.3878142413e-05
1358 3.8341785022e-01 1.3611539505e-05
1359 3.8334625492e-01 1.2428898216e-05
1360 3.8327490455e-01 1.0956290989e-05
1361 3.8320128165e-01 1.0288346920e-05
1362 3.8313003961e-01 1.1158596574e-05
1363 3.8306371606e-01 1.2437292767e-05
1364 3.8300087043e-01 1.1562058747e-05
1365 3.8293871301e-01 1.0267207188e-05
1366 3.8288100208e-01 1.1277741936e-05
1367 3.8281922658e-01 1.1155832281e-05
1368 3.8275329623e-01 1.0369514040e-05
1369 3.8268750301e-01 1.0030558057e-05
1370 3.8262190103e-01 9.5706540272e-06
1371 3.8255714602e-01 1.0771679539e-05
1372 3.8249407623e-01 1.2940877342e-05
1373 3.8243388830e-01 1.4862919659e-05
1374 3.8237283357e-01 1.5148430621e-05
1375 3.8231015186e-01 1.4536888729e-05
1376 3.8225049278e-01 1.5188468505e-05
1377 3.8219260718e-01 1.4028576605e-05
1378 3.8213324473e-01 1.3296242331e-05
1379 3.8207461372e-01 1.3713341055e-05
1380 3.8201653580e-01 1.3660455586e-05
1381 3.8195649681e-01 1.3249796662e-05
1382 3.8189716395e-01 1.3552974112e-05
1383 3.8184034687e-01 1.3600536046e-05
1384 3.8178165242e-01 1.2705264350e-05
1385 3.8172127958e-01 1.1656500073e-05
1386 3.8166198253e-01 1.1161452898e-05
1387 3.8160256331e-01 1.1106111972e-05
1388 3.8154471934e-01 1.1014284296e-05
1389 3.8148454528e-01 1.1541078489e-05
1390 3.8142751582e-01 1.2673846289e-05
1391 3.8137259141e-01 1.1400586534e-05
1392 3.8131712578e-01 9.9618991950e-06
1393 3.8126310185e-01 1.1109870966e-05
1394 3.8120932554e-01 1.2178983246e-05
1395 3.8115580673e-01 1.2583591043e-05
1396 3.8110432976e-01 1.2818134232e-05
1397 3.8105272932e-01 1.1961156160e-05
1398 3.8100034584e-01 1.0791511916e-05
1399 3.8094744711e-01 9.8502080852e-06
1400 3.8089534492e-01 8.8275466733e-06
1401 3.8084425643e-01 8.6018769295e-06
1402 3.8079434757e-01 8.5089387003e-06
1403 3.8074715815e-01 8.6943080073e-06
1404 3.8070087712e-01 8.6347186419e-06
1405 3.8065452877e-01 8.7400301833e-06
1406 3.8061060559e-01 9.5772507327e-06
1407 3.8056986203e-01 9.4370601086e-06
1408 3.8052755764e-01 8.4155954528e-06
1409 3.8048433013e-01 8.2254113613e-06
1410 3.8044214971e-01 9.2028604332e-06
1411 3.8040383720e-01 1.1169866683e-05
1412 3.8036684884e-01 1.1161799993e-05
1413 3.8032762862e-01 1.0265343659e-05
1414 3.8028661786e-01 9.6113554986e-06
1415 3.8024630761e-01 9.5003752593e-06
1416 3.8020666930e-01 9.4102189157e-06
1417 3.8016678157e-01 9.0318314149e-06
1418 3.8012635316e-01 8.8903856695e-06
1419 3.8008542504e-01 8.4506134769e-06
1420 3.8004330177e-01 8.0804008408e-06
1421 3.8000084174e-01 7.8892531846e-06
1422 3.7995986633e-01 8.1310864526e-06
1423 3.7991837666e-01 7.9269094349e-06
1424 3.7987597882e-01 7.9778648564e-06
1425 3.7983529479e-01 7.9711716226e-06
1426 3.7979670953e-01 7.6735082476e-06
1427 3.7975970695e-01 7.6643161635e-06
1428 3.7972230594e-01 7.6126712285e-06
1429 3.7968486093e-01 7.6471468760e-06
1430 3.7964861749e-01 8.0720594444e-06
1431 3.7961284700e-01 9.2720107163e-06
1432 3.7957915418e-01 1.0718500025e-05
1433 3.7954568555e-01 1.0458305015e-05
1434 3.7951163129e-01 9.8378357581e-06
1435 3.7947751637e-01 1.0181456719e-05
1436 3.7944515805e-01 1.0298051668e-05
1437 3.7941357289e-01 8.9483206607e-06
1438 3.7938053817e-01 7.9029553867e-06
1439 3.7934794320e-01 7.7461658901e-06
1440 3.7931618832e-01 7.8886804453e-06
1441 3.7928507422e-01 7.6907361868e-06
1442 3.7925417794e-01 7.3662387421e-06
1443 3.7922439075e-01 7.4460009467e-06
1444 3.7919634650e-01 7.4932337835e-06
1445 3.7916791381e-01 6.9802144797e-06
1446 3.7914052821e-01 6.7886057371e-06
1447 3.7911377389e-01 7.2933062668e-06
1448 3.7908738891e-01 8.2297558914e-06
1449 3.7906159731e-01 9.4298261184e-06
1450 3.7903655642e-01 9.5621782812e-06
1451 3.7901252956e-01 8.4798930273e-06
1452 3.7898820915e-01 7.4385329904e-06
1453 3.7896405384e-01 6.9783425391e-06
1454 3.7893973940e-01 6.7113010117e-06
1455 3.7891677955e-01 6.5943734402e-06
1456 3.7889517764e-01 6.5070330041e-06
1457 3.7887385341e-01 6.7047581642e-06
1458 3.7885140841e-01 6.8826952899e-06
1459 3.7882830318e-01 6.7808700465e-06
1460 3.7880575345e-01 6.4864037157e-06
1461 3.7878315788e-01 5.9253026342e-06
1462 3.7876096612e-01 5.8770191805e-06
1463 3.7873839575e-01 6.4817491604e-06
1464 3.7871613827e-01 6.8282955015e-06
1465 3.7869357502e-01 6.6273136263e-06
1466 3.7866970323e-01 6.8491756553e-06
1467 3.7864625144e-01 6.9692093409e-06
1468 3.7862356754e-01 6.6577399451e-06
1469 3.7860058162e-01 6.0875211954e-06
1470 3.7857816373e-01 6.0521288157e-06
1471 3.7855799012e-01 6.4283163271e-06
1472 3.7853751942e-01 6.4552289571e-06
1473 3.7851653384e-01 6.3461238776e-06
1474 3.7849649657e-01 6.3828235224e-06
1475 3.7847676768e-01 5.8422511143e-06
1476 3.7845628781e-01 5.9168148449e-06
1477 3.7843570784e-01 6.5442265910e-06
1478 3.7841526155e-01 7.0246281629e-06
1479 3.7839418146e-01 7.4012048251e-06
1480 3.7837287757e-01 8.4873213927e-06
1481 3.7835198831e-01 9.0717006298e-06
1482 3.7833138972e-01 7.7440846152e-06
1483 3.7831049124e-01 7.0286604709e-06
1484 3.7828997008e-01 7.1939985620e-06
1485 3.7826825605e-01 7.3048628264e-06
1486 3.7824688887e-01 7.5284357637e-06
1487 3.7822573984e-01 7.4110386981e-06
1488 3.7820450514e-01 7.4202809177e-06
1489 3.7818345986e-01 7.5029590673e-06
1490 3.7816324985e-01 7.4342782076e-06
1491 3.7814336389e-01 6.6421513067e-06
1492 3.7812253784e-01 6.5080462502e-06
1493 3.7810245199e-01 6.8869506043e-06
1494 3.7808211715e-01 7.7620862711e-06
1495 3.7806157353e-01 7.5123416408e-06
1496 3.7804037993e-01 6.9876767635e-06
1497 3.7801884890e-01 6.4157697722e-06
1498 3.7799658666e-01 6.2693364254e-06
1499 3.7797523872e-01 6.1671141748e-06
1500 3.7795501692e-01 6.0752337404e-06
1501 3.7793613955e-01 5.9756012130e-06
1502 3.7791788167e-01 5.9183229064e-06
1503 3.7789748636e-01 6.0464443539e-06
1504 3.7787661387e-01 6.2008984023e-06
1505 3.7785506900e-01 6.2597121682e-06
1506 3.7783282017e-01 6.1384977480e-06
1507 3.7781124925e-01 5.8020387993e-06
1508 3.7778961393e-01 5.5057176299e-06
1509 3.7776821438e-01 5.4307533705e-06
1510 3.7774810524e-01 5.8154329103e-06
1511 3.7772897905e-01 6.0430994931e-06
1512 3.7770900735e-01 5.7726776044e-06
1513 3.7768847674e-01 5.8784401925e-06
1514 3.7766810409e-01 6.1596479009e-06
1515 3.7764716281e-01 5.9372845569e-06
1516 3.7762575115e-01 5.9771455032e-06
1517 3.7760487489e-01 5.8691831971e-06
1518 3.7758493749e-01 5.6910136904e-06
1519 3.7756487724e-01 5.9939496968e-06
1520 3.7754453926e-01 6.6844578180e-06
1521 3.7752348673e-01 7.6378502014e-06
1522 3.7750239348e-01 8.4214076519e-06
1523 3.7748245932e-01 8.2621326558e-06
1524 3.7746133445e-01 7.3897950903e-06
1525 3.7744015208e-01 7.7649916301e-06
1526 3.7741954703e-01 8.0128188009e-06
1527 3.7739889373e-01 7.0451565374e-06
1528 3.7737837680e-01 6.2751381926e-06
1529 3.7735776623e-01 6.4250641285e-06
1530 3.7733767119e-01 6.1965847753e-06
1531 3.7731683207e-01 5.8577330303e-06
1532 3.7729640842e-01 5.5463360331e-06
1533 3.7727610186e-01 5.7783554020e-06
1534 3.7725626267e-01 6.1169937205e-06
1535 3.7723646634e-01 6.6617801388e-06
1536 3.7721682691e-01 6.5218701233e-06
1537 3.7719676281e-01 6.4883670056e-06
1538 3.7717698016e-01 6.7847354193e-06
1539 3.7715780049e-01 6.9157379941e-06
1540 3.7713870136e-01 6.7158312435e-06
1541 3.7711909159e-01 6.1150977197e-06
1542 3.7709894380e-01 5.8104927589e-06
1543 3.7707894619e-01 6.6507877238e-06
1544 3.7705985535e-01 7.9015801671e-06
1545 3.7704151888e-01 8.3972484160e-06
1546 3.7702291485e-01 7.7606549686e-06
1547 3.7700414679e-01 7.2044515978e-06
1548 3.7698528073e-01 6.1065809995e-06
1549 3.7696667800e-01 5.4989319863e-06
1550 3.7694815701e-01 5.6909329071e-06
1551 3.7693040707e-01 6.2989755915e-06
1552 3.7691244239e-01 6.9428168394e-06
1553 3.7689481200e-01 7.8288828655e-06
1554 3.7687740080e-01 7.6850487392e-06
1555 3.7685996948e-01 7.0528448881e-06
1556 3.7684241255e-01 6.0816068576e-06
1557 3.7682419174e-01 5.6089634634e-06
1558 3.7680564077e-01 5.3727736011e-06
1559 3.7678747257e-01 5.5012170224e-06
1560 3.7676837321e-01 5.4204327212e-06
1561 3.7674857992e-01 5.4546333043e-06
1562 3.7672830788e-01 5.4289832394e-06
1563 3.7670865140e-01 5.6455079992e-06
1564 3.7669060286e-01 5.9510377275e-06
1565 3.7667372470e-01 5.4824865830e-06
1566 3.7665622677e-01 5.5152253014e-06
1567 3.7663795558e-01 5.8815195142e-06
1568 3.7661893234e-01 6.5907628238e-06
1569 3.7659955523e-01 8.0726736877e-06
1570 3.7658151165e-01 8.8836396224e-06
1571 3.7656260686e-01 7.1645078374e-06
1572 3.7654199286e-01 6.0189392231e-06
1573 3.7652099008e-01 6.3012531772e-06
1574 3.7650030182e-01 6.8218874873e-06
1575 3.7647943540e-01 7.4910972567e-06
1576 3.7645902665e-01 7.8323246046e-06
1577 3.7643804497e-01 8.3008118759e-06
1578 3.7641694341e-01 8.0942964920e-06
1579 3.7639520286e-01 7.0912562739e-06
1580 3.7637306796e-01 6.5110747948e-06
1581 3.7635078622e-01 6.7448133049e-06
1582 3.7632860079e-01 6.5915881590e-06
1583 3.7630666821e-01 7.0843244490e-06
1584 3.7628430236e-01 7.4303090833e-06
1585 3.7626032810e-01 7.3932109949e-06
1586 3.7623468095e-01 6.7525592820e-06
1587 3.7620869424e-01 6.4121708134e-06
1588 3.7618273304e-01 6.5619062515e-06
1589 3.7615734512e-01 7.4153347137e-06
1590 3.7613159072e-01 7.2961037990e-06
1591 3.7610447253e-01 6.4322411445e-06
1592 3.7607678724e-01 6.4911784584e-06
1593 3.7605034009e-01 6.7077284757e-06
1594 3.7602485269e-01 6.7155612470e-06
1595 3.7599778865e-01 6.3087656813e-06
1596 3.7597045322e-01 6.3502483782e-06
1597 3.7594225303e-01 6.4374493011e-06
1598 3.7591469371e-01 6.8796501273e-06
1599 3.7588729492e-01 8.0640164234e-06
1600 3.7586029042e-01 9.2983471465e-06
1601 3.7583389908e-01 9.4310279389e-06
1602 3.7580650893e-01 8.0703962771e-06
1603 3.7577859843e-01 7.2702890021e-06
1604 3.7575133431e-01 6.9854945935e-06
1605 3.7572495867e-01 6.5073867890e-06
1606 3.7569864429e-01 6.1957039130e-06
1607 3.7567398079e-01 6.4699569907e-06
1608 3.7565046981e-01 6.4797332705e-06
1609 3.7562544361e-01 6.1027920515e-06
1610 3.7560077404e-01 5.8413307160e-06
1611 3.7557686265e-01 5.7444528495e-06
1612 3.7555265924e-01 5.6266674236e-06
1613 3.7552824904e-01 5.7054374131e-06
1614 3.7550401234e-01 5.7137494436e-06
1615 3.7548119770e-01 5.4770510795e-06
1616 3.7545986110e-01 5.3306577200e-06
1617 3.7543871741e-01 5.8247424710e-06
1618 3.7541824201e-01 6.9802399841e-06
1619 3.7539794869e-01 7.4359526680e-06
1620 3.7537667012e-01 6.7552902893e-06
1621 3.7535532271e-01 5.9110849523e-06
1622 3.7533455208e-01 5.4793393462e-06
1623 3.7531600806e-01 5.7816824940e-06
1624 3.7529889947e-01 5.7049384453e-06
1625 3.7527992602e-01 5.4560019793e-06
1626 3.7526066228e-01 5.4560527070e-06
1627 3.7524127983e-01 5.8909713461e-06
1628 3.7522317606e-01 7.1363777639e-06
1629 3.7520629501e-01 7.4959315480e-06
1630 3.7518878005e-01 6.9433939486e-06
1631 3.7517066617e-01 7.0446914910e-06
1632 3.7515300442e-01 6.7528448206e-06
1633 3.7513470094e-01 5.6575642425e-06
1634 3.7511660185e-01 5.7075729019e-06
1635 3.7509925316e-01 6.0319819417e-06
1636 3.7508186586e-01 5.4324284058e-06
1637 3.7506415569e-01 5.2106128295e-06
1638 3.7504635022e-01 5.4518376012e-06
1639 3.7502869442e-01 5.8482029124e-06
1640 3.7501175762e-01 5.9469479347e-06
1641 3.7499457003e-01 5.5647786489e-06
1642 3.7497688816e-01 5.3162081648e-06
1643 3.7495980051e-01 5.3098058677e-06
1644 3.7494317215e-01 5.9588941353e-06
1645 3.7492673782e-01 5.7951878418e-06
1646 3.7491046642e-01 5.8072816493e-06
1647 3.7489506861e-01 6.7357003262e-06
1648 3.7488102919e-01 7.8400907592e-06
1649 3.7486678864e-01 6.6964598334e-06
1650 3.7485160447e-01 5.3470666338e-06
1651 3.7483585476e-01 5.0254759577e-06
1652 3.7482017271e-01 5.0457511563e-06
1653 3.7480534385e-01 4.7834008223e-06
1654 3.7479101453e-01 4.4467029859e-06
1655 3.7477667499e-01 4.4758989981e-06
1656 3.7476248316e-01 4.6058679287e-06
1657 3.7474861989e-01 4.5409784876e-06
1658 3.7473548422e-01 4.4278955531e-06
1659 3.7472127082e-01 4.3760781532e-06
1660 3.7470703426e-01 4.7016010074e-06
1661 3.7469304368e-01 5.1463521963e-06
1662 3.7467902863e-01 5.4936046137e-06
1663 3.7466534290e-01 6.0431236727e-06
1664 3.7465217689e-01 6.9983652858e-06
1665 3.7464000517e-01 6.8848489913e-06
1666 3.7462714757e-01 5.5283588063e-06
1667 3.7461366114e-01 4.7688379448e-06
1668 3.7460059685e-01 4.7705664061e-06
1669 3.7458760446e-01 4.8259986033e-06
1670 3.7457509514e-01 4.6289433849e-06
1671 3.7456278430e-01 4.1802618893e-06
1672 3.7455156330e-01 4.3290689071e-06
1673 3.7454103198e-01 4.5047532324e-06
1674 3.7452993361e-01 4.1552902041e-06
1675 3.7451834600e-01 4.1026140322e-06
1676 3.7450637293e-01 4.2237891855e-06
1677 3.7449474990e-01 5.0681975235e-06
1678 3.7448411962e-01 6.8448728388e-06
1679 3.7447423622e-01 6.0261569176e-06
1680 3.7446313390e-01 4.8346095485e-06
1681 3.7445184933e-01 4.6552088390e-06
1682 3.7444050180e-01 4.5290910764e-06
1683 3.7442920771e-01 4.0851745118e-06
1684 3.7441799742e-01 3.8361389771e-06
1685 3.7440753082e-01 3.5955816660e-06
1686 3.7439788780e-01 3.7910045633e-06
1687 3.7438852067e-01 3.7544005758e-06
1688 3.7437914410e-01 3.6444713843e-06
1689 3.7436943835e-01 3.6588881970e-06
1690 3.7436010077e-01 3.8607148778e-06
1691 3.7435059226e-01 3.5986009734e-06
1692 3.7434099563e-01 3.3519334816e-06
1693 3.7433133284e-01 3.2640572779e-06
1694 3.7432141918e-01 3.4369377699e-06
1695 3.7431152740e-01 3.7573417589e-06
1696 3.7430207628e-01 3.6484610221e-06
1697 3.7429255528e-01 3.3798698943e-06
1698 3.7428313742e-01 3.3875987400e-06
1699 3.7427391900e-01 3.5179487603e-06
1700 3.7426498806e-01 3.5225073460e-06
1701 3.7425570469e-01 3.3062031320e-06
1702 3.7424595224e-01 3.2935233648e-06
1703 3.7423620643e-01 3.4337347346e-06
1704 3.7422605613e-01 3.6490390949e-06
1705 3.7421605643e-01 3.7692146611e-06
1706 3.7420613118e-01 3.6021343662e-06
1707 3.7419619899e-01 3.3687249271e-06
1708 3.7418615477e-01 3.1673607765e-06
1709 3.7417635268e-01 3.3489262921e-06
1710 3.7416674281e-01 3.6252030454e-06
1711 3.7415730045e-01 3.4186923935e-06
1712 3.7414757196e-01 3.3903607183e-06
1713 3.7413831176e-01 3.5013765723e-06
1714 3.7412882543e-01 3.3563181729e-06
1715 3.7411881353e-01 3.1943874656e-06
1716 3.7410909262e-01 3.1999196917e-06
1717 3.7409968226e-01 3.2017384895e-06
1718 3.7408998609e-01 3.1691332537e-06
1719 3.7407983946e-01 3.1213811135e-06
1720 3.7406927880e-01 3.2223318779e-06
1721 3.7405829061e-01 3.2434014740e-06
1722 3.7404782672e-01 3.2950729834e-06
1723 3.7403739443e-01 3.3196331395e-06
1724 3.7402660854e-01 3.2943389316e-06
1725 3.7401510241e-01 3.2726616575e-06
1726 3.7400345313e-01 3.2639002650e-06
1727 3.7399218822e-01 3.5392968975e-06
1728 3.7398172340e-01 3.5522562673e-06
1729 3.7397072594e-01 3.3923043767e-06
1730 3.7396015060e-01 3.4105632084e-06
1731 3.7395029770e-01 3.3162449142e-06
1732 3.7394060640e-01 3.1582481828e-06
1733 3.7393010071e-01 3.2008980518e-06
1734 3.7391888275e-01 3.3013212769e-06
1735 3.7390776314e-01 3.5768380934e-06
1736 3.7389648525e-01 3.8072100374e-06
1737 3.7388504741e-01 4.1855850223e-06
1738 3.7387366093e-01 4.8879346041e-06
1739 3.7386268017e-01 5.4902689722e-06
1740 3.7385158182e-01 4.9251903255e-06
1741 3.7384041135e-01 4.3702684480e-06
1742 3.7382876691e-01 4.3759104909e-06
1743 3.7381746419e-01 5.1171006782e-06
1744 3.7380646537e-01 5.1238270347e-06
1745 3.7379497078e-01 4.4493130532e-06
1746 3.7378315163e-01 4.5613869854e-06
1747 3.7377184455e-01 5.4940659510e-06
1748 3.7376072330e-01 5.2125771153e-06
1749 3.7374897030e-01 4.2828587996e-06
1750 3.7373662457e-01 4.0571037467e-06
1751 3.7372421513e-01 4.2531678493e-06
1752 3.7371188982e-01 4.2543676600e-06
1753 3.7369970225e-01 4.1973688580e-06
1754 3.7368732036e-01 4.1308869128e-06
1755 3.7367513175e-01 4.6248728694e-06
1756 3.7366352165e-01 5.0744795280e-06
1757 3.7365240751e-01 4.4851131214e-06
1758 3.7364013349e-01 3.6249415574e-06
1759 3.7362781025e-01 3.3739563731e-06
1760 3.7361536708e-01 3.4312753680e-06
1761 3.7360292427e-01 3.5703107125e-06
1762 3.7358996550e-01 3.7561875946e-06
1763 3.7357660772e-01 4.0060132692e-06
1764 3.7356355764e-01 4.2164505785e-06
1765 3.7355069414e-01 3.9358027417e-06
1766 3.7353739781e-01 3.4982616691e-06
1767 3.7352335969e-01 3.2944636855e-06
1768 3.7350962207e-01 3.4021192753e-06
1769 3.7349634552e-01 3.3735536973e-06
1770 3.7348280199e-01 3.4712381436e-06
1771 3.7346878477e-01 3.8946574139e-06
1772 3.7345533895e-01 4.8881898459e-06
1773 3.7344243393e-01 5.2589001035e-06
1774 3.7342934485e-01 4.3526023854e-06
1775 3.7341546676e-01 3.6245889705e-06
1776 3.7340197642e-01 3.3727763157e-06
1777 3.7338889311e-01 3.5448328322e-06
1778 3.7337612044e-01 3.7108252943e-06
1779 3.7336268554e-01 4.0199665257e-06
1780 3.7335005207e-01 4.2438147980e-06
1781 3.7333770061e-01 3.6842108803e-06
1782 3.7332405647e-01 3.2309439340e-06
1783 3.7331030443e-01 3.6557423445e-06
1784 3.7329709217e-01 4.5847789921e-06
1785 3.7328454031e-01 5.4176710067e-06
1786 3.7327195718e-01 4.8239292216e-06
1787 3.7325874261e-01 4.0212469216e-06
1788 3.7324500214e-01 3.6484256396e-06
1789 3.7323056268e-01 3.4607654246e-06
1790 3.7321533937e-01 3.5046001377e-06
1791 3.7320023175e-01 3.8533325058e-06
1792 3.7318532688e-01 4.3886593922e-06
1793 3.7317104032e-01 4.5661649249e-06
1794 3.7315673701e-01 4.3467592048e-06
1795 3.7314222567e-01 3.9208196060e-06
1796 3.7312826233e-01 3.4494885757e-06
1797 3.7311491947e-01 3.5186883314e-06
1798 3.7310092171e-01 3.8725595165e-06
1799 3.7308659091e-01 4.2097272057e-06
1800 3.7307247036e-01 4.2707366890e-06
1801 3.7305790394e-01 3.5907853695e-06
1802 3.7304273212e-01 3.3788741160e-06
1803 3.7302706254e-01 3.3084060383e-06
1804 3.7301163758e-01 3.6245575941e-06
1805 3.7299682910e-01 4.3442167959e-06
1806 3.7298270921e-01 4.7884417828e-06
1807 3.7296830219e-01 4.2017102823e-06
1808 3.7295310239e-01 3.4908206848e-06
1809 3.7293751770e-01 3.1572802777e-06
1810 3.7292256372e-01 2.9699721747e-06
1811 3.7290843350e-01 3.0570945816e-06
1812 3.7289456577e-01 3.1575933134e-06
1813 3.7288027658e-01 3.3522707896e-06
1814 3.7286553299e-01 3.7427801598e-06
1815 3.7285178711e-01 3.9818935738e-06
1816 3.7283746823e-01 3.7599238887e-06
1817 3.7282296681e-01 3.7924331967e-06
1818 3.7280871043e-01 3.6604226047e-06
1819 3.7279569204e-01 3.3022289267e-06
1820 3.7278267513e-01 3.2675052538e-06
1821 3.7276974385e-01 3.6213009224e-06
1822 3.7275672838e-01 3.7342978998e-06
1823 3.7274260398e-01 3.3497528146e-06
1824 3.7272828286e-01 3.2945462242e-06
1825 3.7271472864e-01 3.2620780224e-06
1826 3.7270153821e-01 3.1957429494e-06
1827 3.7268830094e-01 3.1243149817e-06
1828 3.7267502480e-01 3.0331528115e-06
1829 3.7266158237e-01 2.9024327825e-06
1830 3.7264751209e-01 2.8646271827e-06
1831 3.7263371897e-01 2.9681560329e-06
1832 3.7262047409e-01 3.1910873070e-06
1833 3.7260781986e-01 3.6795205889e-06
1834 3.7259504052e-01 4.1999924009e-06
1835 3.7258266229e-01 4.6557162445e-06
1836 3.7257046241e-01 4.2916704457e-06
1837 3.7255783289e-01 3.4467929763e-06
1838 3.7254479222e-01 2.9388338361e-06
1839 3.7253170022e-01 2.8220439291e-06
1840 3.7251973609e-01 2.8272779969e-06
1841 3.7250770730e-01 2.9266762809e-06
1842 3.7249634066e-01 3.0648028494e-06
1843 3.7248479107e-01 3.0944602741e-06
1844 3.7247306417e-01 3.0009195684e-06
1845 3.7246106222e-01 2.8724163093e-06
1846 3.7244884399e-01 2.7530746265e-06
1847 3.7243686175e-01 2.7158014399e-06
1848 3.7242483848e-01 2.7421140989e-06
1849 3.7241273666e-01 2.6481438211e-06
1850 3.7240003062e-01 2.6507170177e-06
1851 3.7238766479e-01 2.9254811289e-06
1852 3.7237544099e-01 3.2537071489e-06
1853 3.7236340071e-01 3.7374392110e-06
1854 3.7235163227e-01 4.0860288479e-06
1855 3.7233951248e-01 3.6982885808e-06
1856 3.7232707969e-01 3.5197941438e-06
1857 3.7231511831e-01 3.5443548729e-06
1858 3.7230327899e-01 3.5053113718e-06
1859 3.7229191953e-01 3.3606563034e-06
1860 3.7228042634e-01 3.0695132510e-06
1861 3.7226872094e-01 2.8798274360e-06
1862 3.7225668612e-01 2.6935237119e-06
1863 3.7224430834e-01 2.6380772656e-06
1864 3.7223174057e-01 2.6663297422e-06
1865 3.7221981130e-01 2.7605172313e-06
1866 3.7220732418e-01 2.8826588085e-06
1867 3.7219460090e-01 2.8302673114e-06
1868 3.7218182096e-01 2.7916689739e-06
1869 3.7216908911e-01 2.8407468927e-06
1870 3.7215593279e-01 2.6821661742e-06
1871 3.7214230564e-01 2.6632823335e-06
1872 3.7212867482e-01 2.5759418364e-06
1873 3.7211547153e-01 2.5964154345e-06
1874 3.7210192969e-01 2.6166645557e-06
1875 3.7208870509e-01 2.7061842806e-06
1876 3.7207541717e-01 2.8258401471e-06
1877 3.7206146729e-01 3.0072826678e-06
1878 3.7204724268e-01 3.5689220485e-06
1879 3.7203367845e-01 4.5881649812e-06
1880 3.7202059925e-01 4.6252282664e-06
1881 3.7200700574e-01 3.5987307619e-06
1882 3.7199242087e-01 2.9995066493e-06
1883 3.7197809959e-01 2.8688075945e-06
1884 3.7196492189e-01 2.9721258808e-06
1885 3.7195135223e-01 3.0228425992e-06
1886 3.7193744423e-01 3.1611342512e-06
1887 3.7192395521e-01 3.2161426747e-06
1888 3.7191068566e-01 2.9339413150e-06
1889 3.7189554410e-01 2.9321287676e-06
1890 3.7188040593e-01 3.1120772122e-06
1891 3.7186506383e-01 3.5093289444e-06
1892 3.7184956349e-01 3.8373986416e-06
1893 3.7183405472e-01 4.4651261686e-06
1894 3.7181952622e-01 4.5718787153e-06
1895 3.7180416370e-01 3.6859852600e-06
1896 3.7178735981e-01 3.1228640627e-06
1897 3.7177020759e-01 3.0493015910e-06
1898 3.7175254982e-01 3.1299001391e-06
1899 3.7173595085e-01 3.2926909050e-06
1900 3.7171931637e-01 3.2591971770e-06
1901 3.7170231442e-01 3.0847270590e-06
1902 3.7168470283e-01 2.9701371651e-06
1903 3.7166689280e-01 2.9521517288e-06
1904 3.7165038625e-01 3.0252203077e-06
1905 3.7163355232e-01 2.9213613957e-06
1906 3.7161605519e-01 2.9880163353e-06
1907 3.7160000967e-01 3.3178181524e-06
1908 3.7158446306e-01 3.0328207061e-06
1909 3.7156660819e-01 2.9974668917e-06
1910 3.7154879672e-01 2.9783500487e-06
1911 3.7153065698e-01 2.9651649958e-06
1912 3.7151298882e-01 2.9108788861e-06
1913 3.7149512732e-01 2.9311569654e-06
1914 3.7147779809e-01 2.9062428711e-06
1915 3.7145988641e-01 2.8071384449e-06
1916 3.7144159617e-01 2.8555682007e-06
1917 3.7142303134e-01 2.8720861187e-06
1918 3.7140401407e-01 2.9175410119e-06
1919 3.7138475445e-01 2.9581590026e-06
1920 3.7136602723e-01 3.0992371793e-06
1921 3.7134817185e-01 3.3467549432e-06
1922 3.7133018808e-01 3.3387113314e-06
1923 3.7131180801e-01 3.0979848112e-06
1924 3.7129217236e-01 3.0174307711e-06
1925 3.7127316169e-01 3.0954104045e-06
1926 3.7125368395e-01 3.3373169060e-06
1927 3.7123427442e-01 3.5747839130e-06
1928 3.7121550689e-01 3.5914951650e-06
1929 3.7119592849e-01 3.2659490002e-06
1930 3.7117583211e-01 3.5703710452e-06
1931 3.7115580283e-01 3.7119971637e-06
1932 3.7113438087e-01 3.5150728713e-06
1933 3.7111290853e-01 3.4619854400e-06
1934 3.7109198773e-01 3.4684485077e-06
1935 3.7106993887e-01 3.4407576841e-06
1936 3.7104800466e-01 3.6919338980e-06
1937 3.7102692713e-01 3.7655764808e-06
1938 3.7100517956e-01 4.1685380683e-06
1939 3.7098414743e-01 5.2673645979e-06
1940 3.7096516865e-01 5.4957416016e-06
1941 3.7094499502e-01 3.9667171806e-06
1942 3.7092285087e-01 3.2429053814e-06
1943 3.7089940937e-01 3.1371521521e-06
1944 3.7087660740e-01 3.3762996865e-06
1945 3.7085507782e-01 3.7571005275e-06
1946 3.7083381845e-01 4.0151507794e-06
1947 3.7081215172e-01 4.1799641923e-06
1948 3.7079052094e-01 4.6069811489e-06
1949 3.7077019642e-01 4.8741691523e-06
1950 3.7075059085e-01 4.3331983320e-06
1951 3.7072979082e-01 3.5712975808e-06
1952 3.7070852834e-01 3.1423022910e-06
1953 3.7068773647e-01 3.1391979619e-06
1954 3.7066933653e-01 3.4593300486e-06
1955 3.7065065725e-01 3.2915011362e-06
1956 3.7062970401e-01 3.0271046594e-06
1957 3.7060795195e-01 3.0275427491e-06
1958 3.7058708521e-01 3.0790551506e-06
1959 3.7056592268e-01 3.0937891742e-06
1960 3.7054442735e-01 3.0799861906e-06
1961 3.7052255707e-01 3.2472655251e-06
1962 3.7050159443e-01 3.5983702353e-06
1963 3.7048131726e-01 3.7832200902e-06
1964 3.7045974076e-01 3.4743005206e-06
1965 3.7043764066e-01 3.3261624922e-06
1966 3.7041515686e-01 3.5349092976e-06
1967 3.7039335612e-01 4.3311961502e-06
1968 3.7037222841e-01 5.3049763326e-06
1969 3.7035143830e-01 4.8971302758e-06
1970 3.7032868329e-01 3.6520919166e-06
1971 3.7030543963e-01 3.3696426735e-06
1972 3.7028286996e-01 3.2558352794e-06
1973 3.7026059849e-01 3.1387670699e-06
1974 3.7023718440e-01 3.0309903700e-06
1975 3.7021238514e-01 3.0208602156e-06
1976 3.7018688389e-01 3.0975828750e-06
1977 3.7016213610e-01 3.2007222909e-06
1978 3.7013846018e-01 3.2444339960e-06
1979 3.7011503572e-01 3.5317539267e-06
1980 3.7009204058e-01 4.1351492508e-06
1981 3.7007007468e-01 5.1959331203e-06
1982 3.7004913725e-01 5.1444583790e-06
1983 3.7002678183e-01 4.1424556548e-06
1984 3.7000438093e-01 3.4879896518e-06
1985 3.6998196547e-01 3.1720779956e-06
1986 3.6995932332e-01 3.1385685520e-06
1987 3.6993598301e-01 3.2375895993e-06
1988 3.6991268805e-01 3.8310242502e-06
1989 3.6989056446e-01 4.5090990954e-06
1990 3.6986888188e-01 4.9276984076e-06
1991 3.6984772916e-01 4.0427020172e-06
1992 3.6982512987e-01 3.2506969513e-06
1993 3.6980138126e-01 3.2195530909e-06
1994 3.6977850608e-01 3.8382498897e-06
1995 3.6975694592e-01 4.1758085697e-06
1996 3.6973584011e-01 3.6685652780e-06
1997 3.6971400651e-01 3.3787940984e-06
1998 3.6969195109e-01 3.1852994329e-06
1999 3.6966881713e-01 3.2969545866e-06
