iter rel_error rel_residual
0 1.0547080055e+00 4.0876243564e-01
1 1.1538715654e+00 2.2186620232e-01
2 1.0043752380e+00 1.8026446798e-01
3 9.4583968944e-01 1.4693494008e-01
4 9.3708869275e-01 1.0920174772e-01
5 9.0760280257e-01 8.6102187903e-02
6 8.8149271564e-01 6.4497325970e-02
7 8.6808173425e-01 4.2040289996e-02
8 8.5773685358e-01 2.8116041601e-02
9 8.5108013915e-01 1.6586354044e-02
10 8.4489808844e-01 1.3075725050e-02
11 8.3651062655e-01 1.1000206752e-02
12 8.2886316798e-01 1.1937280459e-02
13 8.1985600575e-01 1.0539814174e-02
14 8.0612530126e-01 1.1881034889e-02
15 7.9403614062e-01 1.1089343844e-02
16 7.8379279391e-01 1.0558971307e-02
17 7.7265437693e-01 9.7358609953e-03
18 7.6539044720e-01 8.3082848769e-03
19 7.5971152455e-01 7.3415013278e-03
20 7.5270719084e-01 6.3077007438e-03
21 7.4728119132e-01 5.9635976929e-03
22 7.4264116142e-01 6.1042594071e-03
23 7.3760236739e-01 5.7258570257e-03
24 7.3265784800e-01 5.5526610700e-03
25 7.2805535698e-01 4.5424352587e-03
26 7.2318669880e-01 4.9583889380e-03
27 7.1846769286e-01 5.1578013441e-03
28 7.1435281630e-01 4.3475041506e-03
29 7.1047597117e-01 4.3976696345e-03
30 7.0730560799e-01 3.8809260308e-03
31 7.0484614611e-01 3.0500074912e-03
32 7.0250457398e-01 2.8585504867e-03
33 7.0053418719e-01 2.8746837810e-03
34 6.9876831646e-01 2.8452574629e-03
35 6.9692320807e-01 2.7009734564e-03
36 6.9518011690e-01 2.7997600552e-03
37 6.9359552553e-01 2.6345699279e-03
38 6.9203822907e-01 2.3690091126e-03
39 6.9079396843e-01 2.0859492731e-03
40 6.8967471672e-01 1.7729753985e-03
41 6.8868980605e-01 1.6725027157e-03
42 6.8783123805e-01 1.6809035095e-03
43 6.8695085402e-01 1.8237394329e-03
44 6.8592751911e-01 1.8217250623e-03
45 6.8484815918e-01 1.7844291751e-03
46 6.8385020433e-01 1.6543493428e-03
47 6.8299545629e-01 1.6650253851e-03
48 6.8227890854e-01 1.5197827381e-03
49 6.8173812366e-01 1.2778802492e-03
50 6.8122333819e-01 1.1797175047e-03
51 6.8072960616e-01 1.2151253137e-03
52 6.8019332895e-01 1.1053095285e-03
53 6.7955291011e-01 1.2392870550e-03
54 6.7886799147e-01 1.1513184747e-03
55 6.7822744429e-01 1.0746027233e-03
56 6.7763115687e-01 9.8093468937e-04
57 6.7708123953e-01 9.5437433403e-04
58 6.7658946863e-01 9.2468043659e-04
59 6.7609038545e-01 8.4329640697e-04
60 6.7554286165e-01 9.7400567144e-04
61 6.7485604224e-01 9.5802629940e-04
62 6.7408972994e-01 9.3975595653e-04
63 6.7329858532e-01 1.0722902226e-03
64 6.7253102143e-01 9.4533754268e-04
65 6.7186599315e-01 9.0751363079e-04
66 6.7126631086e-01 8.6359011642e-04
67 6.7076289779e-01 7.2391408150e-04
68 6.7028645985e-01 7.3335270229e-04
69 6.6976679282e-01 7.3278048854e-04
70 6.6922528923e-01 7.7786158335e-04
71 6.6865334072e-01 7.2654839054e-04
72 6.6804322850e-01 7.2873469771e-04
73 6.6747039307e-01 7.2115576320e-04
74 6.6690904481e-01 6.8780979196e-04
75 6.6641790715e-01 7.2406063987e-04
76 6.6596874682e-01 7.4427434132e-04
77 6.6551648413e-01 7.3881521926e-04
78 6.6504442664e-01 7.1803059496e-04
79 6.6454873077e-01 7.3172245180e-04
80 6.6408596999e-01 6.4519714110e-04
81 6.6365333693e-01 6.1910029413e-04
82 6.6323358354e-01 5.6297294438e-04
83 6.6286250355e-01 5.3312496787e-04
84 6.6252683839e-01 5.4717900989e-04
85 6.6220963823e-01 5.2977312712e-04
86 6.6189570959e-01 5.6383260075e-04
87 6.6156007362e-01 5.2004208550e-04
88 6.6121804466e-01 5.3837626490e-04
89 6.6085831291e-01 5.7174253713e-04
90 6.6049638151e-01 5.1235509217e-04
91 6.6014683736e-01 5.2957074174e-04
92 6.5981884491e-01 5.1347411096e-04
93 6.5951775688e-01 5.4928943084e-04
94 6.5919813557e-01 5.4943230740e-04
95 6.5884113547e-01 5.8029379193e-04
96 6.5846968173e-01 5.9975786171e-04
97 6.5804543957e-01 5.4354146621e-04
98 6.5764031444e-01 5.2885442668e-04
99 6.5723764766e-01 5.2263037670e-04
100 6.5682893492e-01 5.3400492440e-04
101 6.5642092695e-01 4.8633169975e-04
102 6.5599888774e-01 4.9814048560e-04
103 6.5556783624e-01 4.7517425587e-04
104 6.5514885442e-01 4.5645182483e-04
105 6.5471162259e-01 4.4314505242e-04
106 6.5426734436e-01 4.6261614695e-04
107 6.5381497573e-01 4.5905552541e-04
108 6.5332572296e-01 4.6856430299e-04
109 6.5282248856e-01 4.9325586932e-04
110 6.5233777174e-01 4.7684124550e-04
111 6.5180673808e-01 4.8776678659e-04
112 6.5125666229e-01 5.3570411381e-04
113 6.5069847285e-01 5.4579801502e-04
114 6.5015721865e-01 5.6566848593e-04
115 6.4959547423e-01 6.3564865931e-04
116 6.4906268624e-01 5.9439424887e-04
117 6.4848540694e-01 5.3387390674e-04
118 6.4791995889e-01 5.1605996819e-04
119 6.4729951024e-01 5.0101789136e-04
120 6.4667338069e-01 5.1708019137e-04
121 6.4603561210e-01 5.0114456549e-04
122 6.4539007607e-01 5.2725726821e-04
123 6.4472943063e-01 4.9798743519e-04
124 6.4407229287e-01 5.6476871089e-04
125 6.4347214672e-01 5.9028445509e-04
126 6.4289676650e-01 5.4589149479e-04
127 6.4233723288e-01 5.4503298655e-04
128 6.4172504461e-01 4.9996526655e-04
129 6.4110579988e-01 5.0273051779e-04
130 6.4042755459e-01 4.6093062102e-04
131 6.3975004890e-01 4.7115694026e-04
132 6.3907545759e-01 4.5251955283e-04
133 6.3843678523e-01 4.5586621671e-04
134 6.3782254128e-01 4.7278081811e-04
135 6.3720436060e-01 4.2369985105e-04
136 6.3659580207e-01 4.2435607248e-04
137 6.3595938271e-01 4.5629615206e-04
138 6.3529451676e-01 4.4936349605e-04
139 6.3460204903e-01 4.1390558245e-04
140 6.3388207123e-01 4.4156818923e-04
141 6.3317989721e-01 4.0329985800e-04
142 6.3247544152e-01 4.3447156447e-04
143 6.3176704733e-01 4.4740370040e-04
144 6.3105154681e-01 4.6466074683e-04
145 6.3034263092e-01 4.7623804821e-04
146 6.2963852169e-01 4.9339431353e-04
147 6.2895188059e-01 5.2547883782e-04
148 6.2827155776e-01 5.1314339162e-04
149 6.2757797812e-01 4.5042398942e-04
150 6.2688784468e-01 3.8818095410e-04
151 6.2619949042e-01 4.0875063984e-04
152 6.2555209103e-01 4.3220701316e-04
153 6.2490328782e-01 4.5929073986e-04
154 6.2424863360e-01 4.5251764123e-04
155 6.2355659109e-01 4.2643202229e-04
156 6.2283851758e-01 4.4113058346e-04
157 6.2207582169e-01 4.0557614370e-04
158 6.2134890397e-01 4.1853468833e-04
159 6.2061589438e-01 4.5864014509e-04
160 6.1992117704e-01 4.8594880627e-04
161 6.1925765784e-01 4.7796369131e-04
162 6.1862896787e-01 4.7202453084e-04
163 6.1796508897e-01 4.6907041601e-04
164 6.1729851805e-01 4.2512383628e-04
165 6.1660321882e-01 4.2966921467e-04
166 6.1588156767e-01 4.1429049346e-04
167 6.1516330059e-01 3.9414112901e-04
168 6.1448467348e-01 3.8449717119e-04
169 6.1378893915e-01 3.7436280606e-04
170 6.1314273410e-01 3.8504599216e-04
171 6.1252300545e-01 3.9096759994e-04
172 6.1191658140e-01 3.5321511072e-04
173 6.1128662551e-01 3.6438867174e-04
174 6.1062403825e-01 3.7211771051e-04
175 6.0992814539e-01 3.5593508153e-04
176 6.0928864574e-01 3.5711368648e-04
177 6.0865769318e-01 3.7112583547e-04
178 6.0802963237e-01 3.5807934573e-04
179 6.0739012315e-01 3.6566378425e-04
180 6.0674949502e-01 3.4691016960e-04
181 6.0613550940e-01 3.2971568539e-04
182 6.0555480960e-01 3.3046219242e-04
183 6.0500304581e-01 3.1498899639e-04
184 6.0450842255e-01 3.2110893164e-04
185 6.0398994269e-01 3.0949265343e-04
186 6.0350108694e-01 2.9892989980e-04
187 6.0300467105e-01 2.9952442999e-04
188 6.0248662539e-01 3.1339833572e-04
189 6.0197386944e-01 3.2851822456e-04
190 6.0144610884e-01 3.0915103988e-04
191 6.0092047842e-01 3.0549216385e-04
192 6.0041112442e-01 2.9214877924e-04
193 5.9990119316e-01 3.0234647476e-04
194 5.9940915478e-01 2.9554720666e-04
195 5.9891366484e-01 2.9897728929e-04
196 5.9839877140e-01 3.0574107484e-04
197 5.9788553840e-01 2.9014388529e-04
198 5.9739771251e-01 2.9568759336e-04
199 5.9692721709e-01 2.7191739139e-04
200 5.9647615070e-01 2.7216480663e-04
201 5.9605102636e-01 2.8373981025e-04
202 5.9561503076e-01 2.6520249647e-04
203 5.9517737849e-01 2.4523778464e-04
204 5.9475148644e-01 2.6141728250e-04
205 5.9431316107e-01 2.6767008964e-04
206 5.9384971861e-01 2.7384712917e-04
207 5.9339305104e-01 2.7722680473e-04
208 5.9293542856e-01 2.8445627490e-04
209 5.9249485604e-01 2.7204675533e-04
210 5.9204704804e-01 2.6901156280e-04
211 5.9158257166e-01 2.9591829872e-04
212 5.9111006982e-01 2.9905790674e-04
213 5.9061544970e-01 2.8632137220e-04
214 5.9010558776e-01 3.0241950165e-04
215 5.8959095121e-01 3.1205057574e-04
216 5.8914480583e-01 3.2671423167e-04
217 5.8869112941e-01 3.6119869989e-04
218 5.8825554411e-01 3.6009306066e-04
219 5.8780239974e-01 3.2704348816e-04
220 5.8729830101e-01 3.0088797788e-04
221 5.8677568248e-01 2.8174086059e-04
222 5.8625536122e-01 2.7460393267e-04
223 5.8572658271e-01 2.7151056419e-04
224 5.8523505234e-01 2.6689845537e-04
225 5.8476712067e-01 2.9098937735e-04
226 5.8428165051e-01 3.3742983958e-04
227 5.8382391071e-01 3.6917962784e-04
228 5.8336916284e-01 3.3408374171e-04
229 5.8288607734e-01 2.9586482355e-04
230 5.8238620233e-01 2.5215571195e-04
231 5.8189678590e-01 2.5581004647e-04
232 5.8142445611e-01 2.6513619523e-04
233 5.8095121971e-01 2.3865120391e-04
234 5.8052684298e-01 2.4093997214e-04
235 5.8009068992e-01 2.3872512840e-04
236 5.7964546538e-01 2.2442999628e-04
237 5.7921506608e-01 2.2106691922e-04
238 5.7879058228e-01 2.2175344964e-04
239 5.7840625844e-01 2.2821639195e-04
240 5.7798893416e-01 2.2933869638e-04
241 5.7755339195e-01 2.5729303137e-04
242 5.7710349485e-01 2.5639436491e-04
243 5.7666472478e-01 2.6486469238e-04
244 5.7622957736e-01 2.4927531517e-04
245 5.7578113625e-01 2.3655125984e-04
246 5.7533205646e-01 2.3122500359e-04
247 5.7491183335e-01 2.1439831754e-04
248 5.7451517806e-01 2.0615129549e-04
249 5.7415667759e-01 2.1603436843e-04
250 5.7377953754e-01 2.1775858218e-04
251 5.7342101196e-01 2.2492997050e-04
252 5.7305401523e-01 2.2068713158e-04
253 5.7268233989e-01 2.2994647475e-04
254 5.7233142929e-01 2.5236497605e-04
255 5.7199680550e-01 2.5012767130e-04
256 5.7164214197e-01 2.0371003402e-04
257 5.7128963815e-01 1.8802534567e-04
258 5.7094872401e-01 2.0602460118e-04
259 5.7063070328e-01 2.1245108907e-04
260 5.7030709002e-01 2.2250432542e-04
261 5.6997506857e-01 2.0154107759e-04
262 5.6961861266e-01 1.8895802178e-04
263 5.6927158381e-01 1.8470797935e-04
264 5.6893801414e-01 1.8960995088e-04
265 5.6859855011e-01 1.8968741840e-04
266 5.6827426475e-01 2.0842208585e-04
267 5.6796692734e-01 2.4542658882e-04
268 5.6766876678e-01 2.3721494155e-04
269 5.6736124251e-01 2.1689171668e-04
270 5.6704668592e-01 1.8604480753e-04
271 5.6672351591e-01 1.8209232384e-04
272 5.6640296169e-01 1.8826912549e-04
273 5.6609690336e-01 1.8646293435e-04
274 5.6579924733e-01 1.8256762933e-04
275 5.6549632876e-01 1.7776865157e-04
276 5.6518237903e-01 1.9315022475e-04
277 5.6485916347e-01 2.1925682165e-04
278 5.6452705861e-01 2.3198166367e-04
279 5.6419664523e-01 2.3175082609e-04
280 5.6386428762e-01 1.9950554801e-04
281 5.6352515337e-01 1.8306838283e-04
282 5.6319550590e-01 1.6316757290e-04
283 5.6287217260e-01 1.6513604106e-04
284 5.6253708603e-01 1.7005942221e-04
285 5.6219718503e-01 1.6797256084e-04
286 5.6184842880e-01 1.6545898710e-04
287 5.6148038638e-01 1.7117545342e-04
288 5.6112546177e-01 1.7026482146e-04
289 5.6077991402e-01 1.6596531457e-04
290 5.6045302755e-01 1.6831298502e-04
291 5.6010060051e-01 1.5608817662e-04
292 5.5973657872e-01 1.6375596603e-04
293 5.5935916427e-01 1.6995027307e-04
294 5.5898869565e-01 1.5891423151e-04
295 5.5862784842e-01 1.6024315833e-04
296 5.5827939509e-01 1.6355977910e-04
297 5.5792515982e-01 1.7194126656e-04
298 5.5756705680e-01 1.6725092824e-04
299 5.5720644358e-01 1.5617666299e-04
300 5.5684077328e-01 1.5743671193e-04
301 5.5647283594e-01 1.5305387339e-04
302 5.5612176303e-01 1.5831573616e-04
303 5.5577114594e-01 1.5681870764e-04
304 5.5543559962e-01 1.6448651811e-04
305 5.5511194564e-01 1.6506600467e-04
306 5.5477714187e-01 1.6045928606e-04
307 5.5445575729e-01 1.6494947334e-04
308 5.5413712706e-01 1.7222934705e-04
309 5.5381891427e-01 1.5547744852e-04
310 5.5350233756e-01 1.4526508580e-04
311 5.5319228701e-01 1.4565520282e-04
312 5.5288958520e-01 1.4424232088e-04
313 5.5258883670e-01 1.4088894554e-04
314 5.5230171195e-01 1.5036461228e-04
315 5.5201036242e-01 1.6076085454e-04
316 5.5171519464e-01 1.7107745582e-04
317 5.5141860158e-01 1.6872892851e-04
318 5.5111361444e-01 1.5684709196e-04
319 5.5081292251e-01 1.4580227985e-04
320 5.5051812347e-01 1.4995669843e-04
321 5.5022739954e-01 1.7788987868e-04
322 5.4993406582e-01 1.9160022257e-04
323 5.4963402344e-01 1.7814764597e-04
324 5.4931407571e-01 1.6518566748e-04
325 5.4897092317e-01 1.5157502045e-04
326 5.4861326334e-01 1.4399126447e-04
327 5.4825517738e-01 1.4373145961e-04
328 5.4788616760e-01 1.4495987177e-04
329 5.4754533672e-01 1.3638623456e-04
330 5.4720648395e-01 1.4520012814e-04
331 5.4687404338e-01 1.7008239544e-04
332 5.4654366376e-01 1.9008694616e-04
333 5.4620045583e-01 1.8589918034e-04
334 5.4583363371e-01 1.6167794561e-04
335 5.4544637214e-01 1.4351375084e-04
336 5.4504369489e-01 1.3935999492e-04
337 5.4465326928e-01 1.4522688540e-04
338 5.4425983485e-01 1.5318947079e-04
339 5.4387430829e-01 1.5709096236e-04
340 5.4347678347e-01 1.6397895637e-04
341 5.4308265690e-01 1.6318009089e-04
342 5.4266912901e-01 1.6465647355e-04
343 5.4222624946e-01 1.5153576501e-04
344 5.4177190298e-01 1.5263753526e-04
345 5.4133983090e-01 1.4531965991e-04
346 5.4091099451e-01 1.4598563394e-04
347 5.4049789514e-01 1.4392593126e-04
348 5.4012277208e-01 1.3908902157e-04
349 5.3974535954e-01 1.3558179730e-04
350 5.3934386254e-01 1.4309525543e-04
351 5.3894129029e-01 1.5250646512e-04
352 5.3850881794e-01 1.5036992333e-04
353 5.3808161726e-01 1.5959581373e-04
354 5.3765241242e-01 1.6541582559e-04
355 5.3721992151e-01 1.6270575111e-04
356 5.3676355770e-01 1.5316107982e-04
357 5.3630513518e-01 1.4585154466e-04
358 5.3581997939e-01 1.5147419572e-04
359 5.3532841100e-01 1.4972727048e-04
360 5.3483300283e-01 1.4696873933e-04
361 5.3431181128e-01 1.3717398089e-04
362 5.3381556676e-01 1.4276358940e-04
363 5.3331880257e-01 1.4215316675e-04
364 5.3282603760e-01 1.5144718009e-04
365 5.3232929020e-01 1.4864709846e-04
366 5.3184192456e-01 1.5397020557e-04
367 5.3133921502e-01 1.4738892306e-04
368 5.3081218498e-01 1.5219966617e-04
369 5.3028260010e-01 1.5125408914e-04
370 5.2971861009e-01 1.5513888078e-04
371 5.2914700633e-01 1.5269343252e-04
372 5.2857619528e-01 1.5945991567e-04
373 5.2800996659e-01 1.7996098150e-04
374 5.2746771218e-01 2.0466503972e-04
375 5.2692050091e-01 2.0637933602e-04
376 5.2634561714e-01 1.9325520306e-04
377 5.2573890527e-01 1.8773757925e-04
378 5.2512157230e-01 1.7712505583e-04
379 5.2448837809e-01 1.7186111814e-04
380 5.2385661122e-01 1.8172535688e-04
381 5.2321546635e-01 1.6963848465e-04
382 5.2259015598e-01 1.6467325505e-04
383 5.2198878319e-01 1.6918640734e-04
384 5.2142080682e-01 1.7309170260e-04
385 5.2084390406e-01 1.6030480910e-04
386 5.2024430867e-01 1.6369269903e-04
387 5.1961632953e-01 1.6890325853e-04
388 5.1894261231e-01 1.8880495636e-04
389 5.1824139474e-01 2.1617014746e-04
390 5.1757118230e-01 2.2322139652e-04
391 5.1687946625e-01 1.9508009918e-04
392 5.1620221352e-01 1.7686378104e-04
393 5.1550293650e-01 1.7413919818e-04
394 5.1481941115e-01 1.6937371000e-04
395 5.1414013877e-01 1.8815733676e-04
396 5.1347923874e-01 2.0435221122e-04
397 5.1280557200e-01 2.0306029295e-04
398 5.1214413883e-01 1.8804725204e-04
399 5.1147391460e-01 1.8305781981e-04
400 5.1080681469e-01 1.7435046024e-04
401 5.1014465338e-01 1.6644785468e-04
402 5.0948338008e-01 1.5712901777e-04
403 5.0881710259e-01 1.5351327793e-04
404 5.0814051307e-01 1.5225822728e-04
405 5.0749391522e-01 1.4821720309e-04
406 5.0687358114e-01 1.5597052587e-04
407 5.0627773662e-01 1.6535497919e-04
408 5.0566222065e-01 1.4951129230e-04
409 5.0503301423e-01 1.6317650043e-04
410 5.0443446338e-01 1.7116223890e-04
411 5.0382710743e-01 1.7099860104e-04
412 5.0323078011e-01 1.7224137845e-04
413 5.0263326734e-01 1.6500119599e-04
414 5.0203974358e-01 1.5157854226e-04
415 5.0144689943e-01 1.4613600823e-04
416 5.0087111881e-01 1.3793490692e-04
417 5.0032459363e-01 1.4117848351e-04
418 4.9979915915e-01 1.3963187132e-04
419 4.9927700670e-01 1.4086967540e-04
420 4.9875555796e-01 1.4209377507e-04
421 4.9821869496e-01 1.4715146254e-04
422 4.9769354165e-01 1.5365824966e-04
423 4.9717246955e-01 1.7225699031e-04
424 4.9668546759e-01 2.1104256737e-04
425 4.9622377811e-01 1.9442296477e-04
426 4.9573837096e-01 1.6177692940e-04
427 4.9527928101e-01 1.4852946615e-04
428 4.9482128938e-01 1.3893258273e-04
429 4.9437228524e-01 1.3473029567e-04
430 4.9393635803e-01 1.2951703460e-04
431 4.9350235755e-01 1.2933429214e-04
432 4.9309556830e-01 1.3544443328e-04
433 4.9270894669e-01 1.5136101991e-04
434 4.9232718457e-01 1.6071065662e-04
435 4.9196290938e-01 1.6349089282e-04
436 4.9160374467e-01 1.6271051602e-04
437 4.9125450119e-01 1.5820132724e-04
438 4.9090239145e-01 1.4129418168e-04
439 4.9054822689e-01 1.2471359604e-04
440 4.9019017277e-01 1.2051066211e-04
441 4.8983380437e-01 1.1775350203e-04
442 4.8950060020e-01 1.1528112593e-04
443 4.8917220824e-01 1.1245944190e-04
444 4.8883428289e-01 1.1384770941e-04
445 4.8850987389e-01 1.1422780603e-04
446 4.8817267044e-01 1.1187071745e-04
447 4.8784141327e-01 1.1017957879e-04
448 4.8752840516e-01 1.1226663219e-04
449 4.8720959720e-01 1.1081255784e-04
450 4.8688821604e-01 1.0656273135e-04
451 4.8658813627e-01 1.0911883210e-04
452 4.8629031603e-01 1.0873457058e-04
453 4.8600986956e-01 1.0918947605e-04
454 4.8571896643e-01 1.1368788771e-04
455 4.8541355649e-01 1.1144680301e-04
456 4.8509860364e-01 1.1265579137e-04
457 4.8478615534e-01 1.0477083110e-04
458 4.8447624108e-01 1.0736712252e-04
459 4.8417612658e-01 9.9820284528e-05
460 4.8388688534e-01 1.0035991338e-04
461 4.8360936792e-01 1.0157796120e-04
462 4.8332245697e-01 1.0308675750e-04
463 4.8303659299e-01 1.0427956181e-04
464 4.8274165871e-01 1.0440406444e-04
465 4.8244555028e-01 1.0505333331e-04
466 4.8215278075e-01 1.0925027475e-04
467 4.8185500165e-01 1.1304463193e-04
468 4.8155491031e-01 1.1424684350e-04
469 4.8125679196e-01 1.1755602294e-04
470 4.8096941014e-01 1.1950050555e-04
471 4.8069323126e-01 1.1612424389e-04
472 4.8043353047e-01 1.0578601021e-04
473 4.8015951307e-01 1.1216521894e-04
474 4.7988796926e-01 1.1799042957e-04
475 4.7961589542e-01 1.2141300762e-04
476 4.7935093609e-01 1.2232375472e-04
477 4.7908677454e-01 1.2046014081e-04
478 4.7883193458e-01 1.1501146002e-04
479 4.7857556742e-01 1.0519959018e-04
480 4.7831375082e-01 1.0815217374e-04
481 4.7805701997e-01 1.0401369865e-04
482 4.7779166457e-01 1.0360327508e-04
483 4.7752806245e-01 1.0690490868e-04
484 4.7726145238e-01 1.1272411825e-04
485 4.7700258605e-01 1.3048066151e-04
486 4.7676352430e-01 1.3900352445e-04
487 4.7653160202e-01 1.3118376945e-04
488 4.7629118977e-01 1.0733509134e-04
489 4.7603278230e-01 1.0193225021e-04
490 4.7578081554e-01 1.0246639065e-04
491 4.7553467893e-01 1.0785783371e-04
492 4.7530120234e-01 1.1442425493e-04
493 4.7507824127e-01 1.0783277929e-04
494 4.7485187849e-01 9.4090640126e-05
495 4.7462679160e-01 9.0601029378e-05
496 4.7441379122e-01 1.0248705704e-04
497 4.7420417055e-01 1.1824389633e-04
498 4.7400409511e-01 1.2354285646e-04
499 4.7379956352e-01 1.1245455863e-04
500 4.7358939517e-01 1.0113023272e-04
501 4.7336416382e-01 9.2747355770e-05
502 4.7312625789e-01 8.8089615124e-05
503 4.7289582545e-01 8.9352113178e-05
504 4.7267276824e-01 8.9320239702e-05
505 4.7245017652e-01 8.6522543427e-05
506 4.7223702884e-01 8.6054801501e-05
507 4.7203057206e-01 8.7226742748e-05
508 4.7182293677e-01 8.1302546238e-05
509 4.7161577518e-01 8.3882374874e-05
510 4.7141910373e-01 8.2710628667e-05
511 4.7123202437e-01 7.6811676521e-05
512 4.7104707216e-01 7.8014471985e-05
513 4.7084848852e-01 8.1673046613e-05
514 4.7065651613e-01 8.5789906154e-05
515 4.7047245658e-01 7.8522133350e-05
516 4.7030152991e-01 8.2463880385e-05
517 4.7013097742e-01 8.4004272804e-05
518 4.6994311963e-01 8.1654685625e-05
519 4.6974648930e-01 7.7376234872e-05
520 4.6954183916e-01 8.1995639340e-05
521 4.6933414439e-01 8.2756715193e-05
522 4.6913268629e-01 7.8954117223e-05
523 4.6893403879e-01 7.9838169241e-05
524 4.6874319844e-01 9.0766842759e-05
525 4.6855742498e-01 9.6229873634e-05
526 4.6837574290e-01 1.0540699896e-04
527 4.6819643173e-01 1.0189720988e-04
528 4.6801089145e-01 9.9807653558e-05
529 4.6782607567e-01 8.9423825848e-05
530 4.6764424558e-01 8.3719330244e-05
531 4.6745688321e-01 7.9340360531e-05
532 4.6726512795e-01 7.9078743506e-05
533 4.6707793623e-01 7.8909695238e-05
534 4.6688797904e-01 7.6152054013e-05
535 4.6669494273e-01 8.1809386862e-05
536 4.6649283150e-01 8.5985531981e-05
537 4.6627895791e-01 9.3551348630e-05
538 4.6607061209e-01 1.0839195826e-04
539 4.6587471559e-01 1.1679889099e-04
540 4.6569240212e-01 1.1234264335e-04
541 4.6550374025e-01 9.4640573574e-05
542 4.6531182957e-01 8.3750415973e-05
543 4.6512321557e-01 8.5368102371e-05
544 4.6492304596e-01 9.0422632726e-05
545 4.6471980337e-01 9.1694133856e-05
546 4.6451432998e-01 9.7509558190e-05
547 4.6430175342e-01 1.0519165299e-04
548 4.6409052179e-01 1.0992160887e-04
549 4.6387790508e-01 1.0735406621e-04
550 4.6366785519e-01 1.0149215684e-04
551 4.6345211214e-01 9.7788055634e-05
552 4.6323320653e-01 9.4555140042e-05
553 4.6300274827e-01 8.9498360383e-05
554 4.6276978899e-01 8.8503330820e-05
555 4.6254166754e-01 9.0245697956e-05
556 4.6232249878e-01 9.6339741395e-05
557 4.6210588292e-01 9.0580913926e-05
558 4.6188614269e-01 8.8719818443e-05
559 4.6168012808e-01 8.5054514008e-05
560 4.6147545107e-01 8.3296808228e-05
561 4.6127617403e-01 8.3984981149e-05
562 4.6108468961e-01 8.2462484635e-05
563 4.6089075741e-01 8.1957066471e-05
564 4.6068373631e-01 8.3480425380e-05
565 4.6046587788e-01 8.8158006950e-05
566 4.6023332750e-01 8.4806798017e-05
567 4.5999999982e-01 8.2866260525e-05
568 4.5976244098e-01 8.3106100421e-05
569 4.5952534649e-01 8.2775936728e-05
570 4.5929053587e-01 8.1336348155e-05
571 4.5904838544e-01 7.7936383784e-05
572 4.5880610020e-01 8.0915011499e-05
573 4.5857552508e-01 8.2252193492e-05
574 4.5834156844e-01 8.2456923586e-05
575 4.5810698707e-01 8.3488046063e-05
576 4.5788478538e-01 8.1677768656e-05
577 4.5767297882e-01 8.2391581484e-05
578 4.5745958781e-01 8.3960085651e-05
579 4.5723577717e-01 8.0368827160e-05
580 4.5701417298e-01 7.8655421586e-05
581 4.5679025165e-01 8.0848306888e-05
582 4.5656291081e-01 7.8529273499e-05
583 4.5632757904e-01 7.9834699685e-05
584 4.5608612348e-01 8.2370479010e-05
585 4.5584702608e-01 8.5084384358e-05
586 4.5560088030e-01 8.4259994397e-05
587 4.5534843255e-01 8.7440754753e-05
588 4.5509582777e-01 8.7722266400e-05
589 4.5484243844e-01 9.0540768904e-05
590 4.5459190839e-01 9.4008365883e-05
591 4.5433287593e-01 1.0314634365e-04
592 4.5408720601e-01 1.2248343376e-04
593 4.5384757120e-01 1.2687650486e-04
594 4.5360347087e-01 1.1582297634e-04
595 4.5335250922e-01 1.0531643343e-04
596 4.5310340884e-01 9.8846681150e-05
597 4.5285778515e-01 9.7608712526e-05
598 4.5261580329e-01 1.0125679006e-04
599 4.5237978871e-01 1.0434040599e-04
600 4.5213906370e-01 1.0572293984e-04
601 4.5190681388e-01 1.1303387558e-04
602 4.5167127365e-01 1.1681947744e-04
603 4.5144321338e-01 1.1515835672e-04
604 4.5121966861e-01 1.0895806920e-04
605 4.5099250839e-01 9.3756033633e-05
606 4.5077232407e-01 8.4161062502e-05
607 4.5056516747e-01 8.0502938082e-05
608 4.5037375432e-01 7.8877927122e-05
609 4.5018923497e-01 8.5045461968e-05
610 4.5000879862e-01 9.2655162087e-05
611 4.4982655424e-01 8.6384368495e-05
612 4.4965020178e-01 8.2075264150e-05
613 4.4946846171e-01 8.0188495279e-05
614 4.4929669896e-01 7.6534499466e-05
615 4.4913358681e-01 7.5669058754e-05
616 4.4897241467e-01 7.6285196406e-05
617 4.4881724941e-01 7.4730362879e-05
618 4.4865986434e-01 6.9921948843e-05
619 4.4850140789e-01 7.0231339766e-05
620 4.4834815761e-01 7.0526613064e-05
621 4.4819528199e-01 7.0017061255e-05
622 4.4805711200e-01 7.3915658236e-05
623 4.4792460051e-01 7.9675962173e-05
624 4.4780521951e-01 7.5719202913e-05
625 4.4768098435e-01 6.6667824091e-05
626 4.4755806773e-01 6.5723383304e-05
627 4.4743845314e-01 6.6491512434e-05
628 4.4732444002e-01 7.0246970625e-05
629 4.4721132587e-01 7.6507175653e-05
630 4.4710649249e-01 7.5340965802e-05
631 4.4699813323e-01 7.1105465225e-05
632 4.4688762880e-01 6.8225906962e-05
633 4.4677887661e-01 6.9682778332e-05
634 4.4667126393e-01 6.7097625105e-05
635 4.4656228450e-01 6.4919496670e-05
636 4.4644991674e-01 6.1981249060e-05
637 4.4633663591e-01 5.6200439344e-05
638 4.4623036532e-01 5.6667308487e-05
639 4.4613399518e-01 5.9659209098e-05
640 4.4604247897e-01 6.6454348580e-05
641 4.4595789727e-01 7.0225201419e-05
642 4.4587551288e-01 6.9894504354e-05
643 4.4579041369e-01 6.1398748444e-05
644 4.4570234757e-01 5.9936241561e-05
645 4.4561603593e-01 6.1281433680e-05
646 4.4552998548e-01 5.4390095511e-05
647 4.4544423140e-01 5.0192779787e-05
648 4.4535588521e-01 5.2227225922e-05
649 4.4527197096e-01 5.3043410349e-05
650 4.4519080826e-01 5.4836891901e-05
651 4.4511162059e-01 5.5233078268e-05
652 4.4503125615e-01 5.1062419334e-05
653 4.4494898022e-01 4.8530933419e-05
654 4.4486709643e-01 4.6425344912e-05
655 4.4478861361e-01 4.6727209861e-05
656 4.4471150473e-01 4.5841552149e-05
657 4.4463850863e-01 4.5293189078e-05
658 4.4456552119e-01 4.8090148831e-05
659 4.4449109873e-01 4.7781722070e-05
660 4.4441522011e-01 4.4329086823e-05
661 4.4433644481e-01 4.4125925114e-05
662 4.4425588348e-01 4.4095261712e-05
663 4.4417104633e-01 4.2847723125e-05
664 4.4408296545e-01 4.5428883535e-05
665 4.4399703175e-01 4.9888638345e-05
666 4.4390821441e-01 5.1499228678e-05
667 4.4381918957e-01 4.6941659780e-05
668 4.4372886828e-01 4.3714959256e-05
669 4.4363945698e-01 4.4822402930e-05
670 4.4355273397e-01 4.6843556257e-05
671 4.4346522717e-01 4.6798830247e-05
672 4.4337154773e-01 4.4661827991e-05
673 4.4327637254e-01 4.6725526640e-05
674 4.4318160647e-01 5.4613999507e-05
675 4.4308729396e-01 5.5761647701e-05
676 4.4298813351e-01 5.4317952846e-05
677 4.4288471830e-01 5.0242825835e-05
678 4.4277818604e-01 4.5859761698e-05
679 4.4266921527e-01 4.3271549180e-05
680 4.4255750822e-01 4.4406327804e-05
681 4.4244561601e-01 4.6119361578e-05
682 4.4233280390e-01 4.6074114002e-05
683 4.4222425489e-01 4.8037107723e-05
684 4.4211481866e-01 4.8344019727e-05
685 4.4200609310e-01 4.9218102258e-05
686 4.4189550661e-01 5.1026945611e-05
687 4.4178425973e-01 5.1729059307e-05
688 4.4167113048e-01 4.9074746395e-05
689 4.4155173955e-01 4.6190775483e-05
690 4.4143185055e-01 4.5389738388e-05
691 4.4131562246e-01 4.4522583835e-05
692 4.4120909663e-01 4.3795748683e-05
693 4.4110046117e-01 4.3450814765e-05
694 4.4097829045e-01 4.3534817463e-05
695 4.4085687224e-01 4.3673213812e-05
696 4.4073809417e-01 4.3744609681e-05
697 4.4061732740e-01 4.4995618620e-05
698 4.4049830799e-01 4.6803616686e-05
699 4.4037528778e-01 4.6340732389e-05
700 4.4024621885e-01 4.5255631963e-05
701 4.4011749445e-01 4.4516172379e-05
702 4.3999296059e-01 4.6957387739e-05
703 4.3987084103e-01 5.1434726237e-05
704 4.3975543845e-01 5.8682957006e-05
705 4.3964024469e-01 5.9909156839e-05
706 4.3952395243e-01 5.4830539593e-05
707 4.3940831446e-01 5.2022036115e-05
708 4.3929128885e-01 4.7207413428e-05
709 4.3916828212e-01 4.4348341612e-05
710 4.3904392153e-01 4.3390850744e-05
711 4.3891865569e-01 4.2897353845e-05
712 4.3879296969e-01 4.0162210145e-05
713 4.3867738612e-01 3.9488913348e-05
714 4.3856500537e-01 4.0463713051e-05
715 4.3845449794e-01 4.1076017796e-05
716 4.3834094543e-01 3.8357551207e-05
717 4.3822853030e-01 4.1921236838e-05
718 4.3812056215e-01 4.2347808465e-05
719 4.3801555179e-01 4.0415753043e-05
720 4.3790661531e-01 3.8600928271e-05
721 4.3779631361e-01 4.0354858174e-05
722 4.3769028201e-01 4.3902184194e-05
723 4.3758350235e-01 4.7700470053e-05
724 4.3748101131e-01 4.9695461878e-05
725 4.3738193819e-01 4.6748762477e-05
726 4.3728467465e-01 4.1338663386e-05
727 4.3718597712e-01 3.9090801364e-05
728 4.3708927097e-01 3.7442442201e-05
729 4.3699659458e-01 3.6173422271e-05
730 4.3690479719e-01 3.6658108984e-05
731 4.3681085417e-01 3.6454215925e-05
732 4.3672344055e-01 3.6169509820e-05
733 4.3663520899e-01 3.6187768514e-05
734 4.3654935563e-01 3.8626731588e-05
735 4.3646613834e-01 4.4509676673e-05
736 4.3638906058e-01 4.6632027839e-05
737 4.3631112166e-01 3.8449430993e-05
738 4.3623088733e-01 3.1430816388e-05
739 4.3614902126e-01 3.0359100858e-05
740 4.3606799744e-01 2.9624374861e-05
741 4.3599587259e-01 3.0492184416e-05
742 4.3593051425e-01 3.0516209786e-05
743 4.3586069216e-01 2.8972491656e-05
744 4.3578996686e-01 2.8481767310e-05
745 4.3571847762e-01 2.8424888538e-05
746 4.3564567408e-01 2.9654963287e-05
747 4.3557225241e-01 3.0355889243e-05
748 4.3549863580e-01 3.4993408350e-05
749 4.3542826212e-01 3.8555524847e-05
750 4.3536241033e-01 3.8917567842e-05
751 4.3529791250e-01 3.4969244768e-05
752 4.3522968099e-01 2.9240601824e-05
753 4.3516115465e-01 2.6782172274e-05
754 4.3509587745e-01 2.5225622397e-05
755 4.3503303163e-01 2.5115198900e-05
756 4.3497006055e-01 2.4428066969e-05
757 4.3490767716e-01 2.3684636109e-05
758 4.3484537302e-01 2.3186660887e-05
759 4.3478328416e-01 2.3497920047e-05
760 4.3472182833e-01 2.3724275009e-05
761 4.3465922446e-01 2.2308786609e-05
762 4.3459573553e-01 2.3611518407e-05
763 4.3453351770e-01 2.2946333045e-05
764 4.3446908844e-01 2.1896982431e-05
765 4.3440853364e-01 2.2933069439e-05
766 4.3434576740e-01 2.3556488846e-05
767 4.3428479974e-01 2.3798896042e-05
768 4.3422561787e-01 2.6561360566e-05
769 4.3416879948e-01 2.6920977536e-05
770 4.3411113511e-01 2.6557875542e-05
771 4.3405296481e-01 2.7736019362e-05
772 4.3399594122e-01 2.9292466996e-05
773 4.3394208656e-01 2.7638493496e-05
774 4.3388591184e-01 2.4123555457e-05
775 4.3383061077e-01 2.1859487721e-05
776 4.3377462368e-01 2.1653127601e-05
777 4.3372115843e-01 2.2107011154e-05
778 4.3367161700e-01 2.2093235547e-05
779 4.3361793368e-01 2.0556499937e-05
780 4.3356274826e-01 1.9983227436e-05
781 4.3350584622e-01 1.9044327083e-05
782 4.3344861572e-01 1.9638527292e-05
783 4.3339280609e-01 1.9387560718e-05
784 4.3333645837e-01 1.9244150340e-05
785 4.3327822798e-01 1.9171946460e-05
786 4.3322003374e-01 2.0419848574e-05
787 4.3316009145e-01 2.0289274997e-05
788 4.3309885917e-01 1.9555465232e-05
789 4.3303545996e-01 1.9933077489e-05
790 4.3297364342e-01 2.0595162121e-05
791 4.3291026721e-01 2.0546171416e-05
792 4.3284663144e-01 1.9848427536e-05
793 4.3278389970e-01 2.0073547102e-05
794 4.3272389886e-01 2.0033713910e-05
795 4.3266297229e-01 2.0173644813e-05
796 4.3260307325e-01 2.0065449350e-05
797 4.3254415613e-01 2.0605225790e-05
798 4.3248028091e-01 2.0187967513e-05
799 4.3240970289e-01 1.9975311059e-05
800 4.3233803712e-01 1.9092860357e-05
801 4.3226811275e-01 1.9174124512e-05
802 4.3220077707e-01 1.9072397894e-05
803 4.3213272795e-01 1.9406888104e-05
804 4.3206109077e-01 1.9688787898e-05
805 4.3198664077e-01 2.0471552681e-05
806 4.3190988905e-01 2.0313010442e-05
807 4.3183484976e-01 2.1478693071e-05
808 4.3175592220e-01 2.1779327092e-05
809 4.3167348308e-01 2.3055209007e-05
810 4.3159044580e-01 2.6988071043e-05
811 4.3151138043e-01 3.0882762186e-05
812 4.3143426263e-01 3.0780591165e-05
813 4.3135527815e-01 2.5616733764e-05
814 4.3127213207e-01 2.2339799947e-05
815 4.3118621177e-01 2.1213153429e-05
816 4.3109957386e-01 2.0385198446e-05
817 4.3101437277e-01 2.0703971947e-05
818 4.3092460458e-01 2.0129930503e-05
819 4.3083605937e-01 2.0037930519e-05
820 4.3074310832e-01 2.0830968318e-05
821 4.3064880685e-01 2.0597489386e-05
822 4.3055267271e-01 2.2992020871e-05
823 4.3046143640e-01 2.5915491918e-05
824 4.3037068686e-01 2.9075185782e-05
825 4.3027983596e-01 2.8731313769e-05
826 4.3018677444e-01 2.6661411743e-05
827 4.3008934347e-01 2.5202417019e-05
828 4.2999113189e-01 2.2995392882e-05
829 4.2989128050e-01 2.3936277352e-05
830 4.2979289915e-01 2.7046892679e-05
831 4.2969907408e-01 2.9344850451e-05
832 4.2960428001e-01 2.5329198619e-05
833 4.2950026955e-01 2.2173023471e-05
834 4.2939310817e-01 2.1505892396e-05
835 4.2928720756e-01 2.2390171597e-05
836 4.2918225300e-01 2.3178456721e-05
837 4.2907823601e-01 2.4517409383e-05
838 4.2897403985e-01 2.6999830589e-05
839 4.2887173563e-01 3.1399526991e-05
840 4.2877474311e-01 3.4704113988e-05
841 4.2867793538e-01 3.0053678250e-05
842 4.2857467270e-01 2.4908078757e-05
843 4.2846733674e-01 2.3188537833e-05
844 4.2835954660e-01 2.5763324593e-05
845 4.2825609176e-01 3.3185777780e-05
846 4.2816324506e-01 3.3844526247e-05
847 4.2806685919e-01 2.7542510911e-05
848 4.2796808438e-01 2.5042956495e-05
849 4.2787232638e-01 2.5405901858e-05
850 4.2777804057e-01 2.6416281525e-05
851 4.2768709449e-01 2.6836740889e-05
852 4.2759608019e-01 2.4331820426e-05
853 4.2750827970e-01 2.1471011592e-05
854 4.2742494056e-01 2.0362323510e-05
855 4.2734549958e-01 2.1439365917e-05
856 4.2726552331e-01 2.4120879014e-05
857 4.2718763945e-01 2.5343407056e-05
858 4.2710899383e-01 2.2494558864e-05
859 4.2702668008e-01 2.0118331315e-05
860 4.2694246913e-01 1.8787484760e-05
861 4.2685998894e-01 1.8479997127e-05
862 4.2677760014e-01 1.7221955451e-05
863 4.2669700178e-01 1.7420224327e-05
864 4.2662051152e-01 1.7447651630e-05
865 4.2655038626e-01 1.7004477297e-05
866 4.2648105931e-01 1.6479681861e-05
867 4.2641229409e-01 1.6853326915e-05
868 4.2634388240e-01 1.7252224664e-05
869 4.2627345221e-01 1.6880743362e-05
870 4.2620323623e-01 1.6892789797e-05
871 4.2613348860e-01 1.6753712483e-05
872 4.2606291144e-01 1.6071274944e-05
873 4.2599071859e-01 1.6347294206e-05
874 4.2591946233e-01 1.6488892163e-05
875 4.2585288679e-01 1.6738178721e-05
876 4.2578943119e-01 1.6806679287e-05
877 4.2572743675e-01 1.6435515727e-05
878 4.2566360450e-01 1.6029482431e-05
879 4.2559890893e-01 1.5676132334e-05
880 4.2553353326e-01 1.5438250945e-05
881 4.2547325381e-01 1.5767485214e-05
882 4.2541846783e-01 1.5692972101e-05
883 4.2536279944e-01 1.4937232708e-05
884 4.2530365095e-01 1.5330730340e-05
885 4.2524584246e-01 1.5599267249e-05
886 4.2518707802e-01 1.5279003400e-05
887 4.2512878256e-01 1.4595202995e-05
888 4.2507009998e-01 1.4282927138e-05
889 4.2501128745e-01 1.3854974414e-05
890 4.2495443358e-01 1.4063025409e-05
891 4.2489706412e-01 1.3776156998e-05
892 4.2483903336e-01 1.3620804728e-05
893 4.2478142382e-01 1.3682726818e-05
894 4.2472255555e-01 1.3422416021e-05
895 4.2466518403e-01 1.4032431582e-05
896 4.2460802997e-01 1.4303664966e-05
897 4.2455119638e-01 1.4472748176e-05
898 4.2449613244e-01 1.5623551707e-05
899 4.2444289891e-01 1.5349162498e-05
900 4.2438892650e-01 1.4188201809e-05
901 4.2433376473e-01 1.2894487585e-05
902 4.2427877826e-01 1.2902421016e-05
903 4.2422642659e-01 1.2986708492e-05
904 4.2417497521e-01 1.3049653100e-05
905 4.2412318699e-01 1.3251199124e-05
906 4.2407221294e-01 1.3495025103e-05
907 4.2402315886e-01 1.3287787939e-05
908 4.2397142882e-01 1.3132554549e-05
909 4.2391686007e-01 1.3168661938e-05
910 4.2386244602e-01 1.2735055236e-05
911 4.2381065140e-01 1.3263416309e-05
912 4.2375857376e-01 1.2652224406e-05
913 4.2370275482e-01 1.2720444184e-05
914 4.2364534326e-01 1.3341408859e-05
915 4.2358994559e-01 1.4909995452e-05
916 4.2353848147e-01 1.8960231899e-05
917 4.2349028831e-01 1.9896263891e-05
918 4.2344066180e-01 1.5948078908e-05
919 4.2338774740e-01 1.3624952495e-05
920 4.2333387986e-01 1.3248158362e-05
921 4.2328084817e-01 1.4523467619e-05
922 4.2322921932e-01 1.6479986632e-05
923 4.2317775190e-01 1.6598633559e-05
924 4.2312409332e-01 1.5647984404e-05
925 4.2306776329e-01 1.5159472554e-05
926 4.2301228141e-01 1.5748409960e-05
927 4.2296007127e-01 1.5832866258e-05
928 4.2290887187e-01 1.5558505282e-05
929 4.2285951092e-01 1.7881604971e-05
930 4.2281146963e-01 1.8595052505e-05
931 4.2276286456e-01 1.5115034188e-05
932 4.2271036938e-01 1.3034850828e-05
933 4.2265796803e-01 1.1549160469e-05
934 4.2260401399e-01 1.1305540276e-05
935 4.2255022291e-01 1.2013433969e-05
936 4.2249999398e-01 1.3159994141e-05
937 4.2245157148e-01 1.4214378408e-05
938 4.2240418405e-01 1.4167089608e-05
939 4.2235777390e-01 1.2339686950e-05
940 4.2231141272e-01 1.1615867257e-05
941 4.2226665626e-01 1.2366110070e-05
942 4.2222023033e-01 1.3101945207e-05
943 4.2217086657e-01 1.2870322042e-05
944 4.2211995281e-01 1.2478330434e-05
945 4.2206869339e-01 1.2545487168e-05
946 4.2201866952e-01 1.2507002078e-05
947 4.2196805198e-01 1.4224762737e-05
948 4.2191740290e-01 1.6457312127e-05
949 4.2186973340e-01 1.7513608593e-05
950 4.2182112049e-01 1.4367023056e-05
951 4.2176833678e-01 1.1723413173e-05
952 4.2171212378e-01 1.1219990822e-05
953 4.2165701363e-01 1.2299585292e-05
954 4.2160325715e-01 1.3681586858e-05
955 4.2155159052e-01 1.4591358837e-05
956 4.2149870448e-01 1.4331198253e-05
957 4.2144091249e-01 1.3319462642e-05
958 4.2138156524e-01 1.4453549614e-05
959 4.2132563891e-01 1.6374713001e-05
960 4.2126868219e-01 1.6908952184e-05
961 4.2120860086e-01 1.5574016001e-05
962 4.2114682949e-01 1.3809121814e-05
963 4.2108451000e-01 1.2542775645e-05
964 4.2102459507e-01 1.1934933654e-05
965 4.2096333196e-01 1.2607941865e-05
966 4.2090309316e-01 1.4156861778e-05
967 4.2083950232e-01 1.3547698629e-05
968 4.2077027319e-01 1.2628683270e-05
969 4.2069666757e-01 1.2277210855e-05
970 4.2062331252e-01 1.1832916340e-05
971 4.2055035940e-01 1.1673223516e-05
972 4.2047917200e-01 1.1639500905e-05
973 4.2040937032e-01 1.2126590446e-05
974 4.2033966914e-01 1.1949605444e-05
975 4.2026809296e-01 1.2397035594e-05
976 4.2019375091e-01 1.2056078836e-05
977 4.2011578202e-01 1.2098093718e-05
978 4.2003857416e-01 1.2439858746e-05
979 4.1996006453e-01 1.2587318568e-05
980 4.1987961538e-01 1.3071695201e-05
981 4.1979574154e-01 1.3376934289e-05
982 4.1971278895e-01 1.4328911014e-05
983 4.1962828776e-01 1.5074836357e-05
984 4.1954432057e-01 1.5048590206e-05
985 4.1946280653e-01 1.5881790241e-05
986 4.1938241966e-01 1.5992136826e-05
987 4.1929894626e-01 1.5380053661e-05
988 4.1921613380e-01 1.4728038269e-05
989 4.1913155815e-01 1.4267148065e-05
990 4.1904585594e-01 1.4560102421e-05
991 4.1895549055e-01 1.5797244930e-05
992 4.1885974379e-01 1.6952512695e-05
993 4.1876486773e-01 1.9107160650e-05
994 4.1867216762e-01 1.9506821539e-05
995 4.1857756066e-01 1.7576212834e-05
996 4.1847410353e-01 1.6001537669e-05
997 4.1836606008e-01 1.4589549981e-05
998 4.1826226894e-01 1.4664058648e-05
999 4.1815843618e-01 1.4290192116e-05
1000 4.1805545422e-01 1.3445543488e-05
1001 4.1794875414e-01 1.3796907052e-05
1002 4.1783964139e-01 1.3483413068e-05
1003 4.1773156316e-01 1.3856304185e-05
1004 4.1761865535e-01 1.3886214627e-05
1005 4.1750348739e-01 1.4197084256e-05
1006 4.1738583312e-01 1.4672353297e-05
1007 4.1726676435e-01 1.5223386756e-05
1008 4.1714571704e-01 1.5822594814e-05
1009 4.1702926352e-01 1.5948677672e-05
1010 4.1691448489e-01 1.5678466051e-05
1011 4.1679789737e-01 1.6065172313e-05
1012 4.1667931766e-01 1.7044213637e-05
1013 4.1656208577e-01 1.6926531166e-05
1014 4.1643780228e-01 1.6666758182e-05
1015 4.1631758511e-01 1.6375949798e-05
1016 4.1619114774e-01 1.6108369334e-05
1017 4.1605645292e-01 1.6747749921e-05
1018 4.1592010137e-01 1.9583166126e-05
1019 4.1579177750e-01 2.4233267737e-05
1020 4.1566479850e-01 2.4161470985e-05
1021 4.1552935093e-01 2.0172313546e-05
1022 4.1538792637e-01 1.7861783776e-05
1023 4.1523965908e-01 1.6244933074e-05
1024 4.1508942323e-01 1.6102644251e-05
1025 4.1493959975e-01 1.6300139769e-05
1026 4.1479140698e-01 1.7340616100e-05
1027 4.1463754256e-01 1.8943836095e-05
1028 4.1448657486e-01 2.3557699302e-05
1029 4.1434503232e-01 2.7512497527e-05
1030 4.1420009692e-01 2.2828406583e-05
1031 4.1403884566e-01 1.8891604254e-05
1032 4.1387979930e-01 1.8165249249e-05
1033 4.1372579562e-01 1.7255669910e-05
1034 4.1357349078e-01 1.7006042189e-05
1035 4.1342079639e-01 1.6900796452e-05
1036 4.1325446644e-01 1.6793760451e-05
1037 4.1308596704e-01 1.6446804173e-05
1038 4.1291449661e-01 1.6617331462e-05
1039 4.1275213502e-01 1.7013284485e-05
1040 4.1257926819e-01 1.7173893913e-05
1041 4.1239969239e-01 1.7339127949e-05
1042 4.1221886725e-01 1.8551878299e-05
1043 4.1204519553e-01 2.1711363864e-05
1044 4.1188371965e-01 2.7926993601e-05
1045 4.1173261016e-01 2.7896992466e-05
1046 4.1157295727e-01 2.2816502767e-05
1047 4.1140508947e-01 1.9051663423e-05
1048 4.1123609311e-01 2.0424621812e-05
1049 4.1107382488e-01 2.3884510710e-05
1050 4.1091733990e-01 2.5487466653e-05
1051 4.1075436057e-01 2.2736201717e-05
1052 4.1059062304e-01 1.9720809558e-05
1053 4.1042578932e-01 1.8184927394e-05
1054 4.1026353839e-01 1.9979820294e-05
1055 4.1009878706e-01 2.1447345736e-05
1056 4.0993161133e-01 2.0756107486e-05
1057 4.0975969442e-01 1.9176401222e-05
1058 4.0959563701e-01 1.7663857613e-05
1059 4.0942960175e-01 1.6920026928e-05
1060 4.0925687909e-01 1.7134081010e-05
1061 4.0908587154e-01 1.7056696190e-05
1062 4.0892138220e-01 1.8077861905e-05
1063 4.0875794250e-01 1.7758051443e-05
1064 4.0859585436e-01 1.7571174623e-05
1065 4.0842217119e-01 1.7815629999e-05
1066 4.0824517738e-01 1.8228159773e-05
1067 4.0806995979e-01 1.8162272280e-05
1068 4.0789508101e-01 1.9192216114e-05
1069 4.0771629976e-01 2.0768447346e-05
1070 4.0754085692e-01 2.4770934799e-05
1071 4.0737665351e-01 2.9071934069e-05
1072 4.0721773547e-01 2.4944998468e-05
1073 4.0704805297e-01 2.0267436962e-05
1074 4.0687374104e-01 1.8846226560e-05
1075 4.0669907334e-01 2.0426345298e-05
1076 4.0652493493e-01 2.1575285099e-05
1077 4.0635250755e-01 2.1232537780e-05
1078 4.0617765056e-01 2.0327780857e-05
1079 4.0600190045e-01 1.9560129209e-05
1080 4.0582227863e-01 1.9421658059e-05
1081 4.0565144482e-01 2.0405287817e-05
1082 4.0549232440e-01 1.9220416509e-05
1083 4.0533537419e-01 1.6839683761e-05
1084 4.0516901733e-01 1.6662166718e-05
1085 4.0500218512e-01 1.7707388036e-05
1086 4.0483290327e-01 1.7561141945e-05
1087 4.0465421834e-01 1.6896130427e-05
1088 4.0446574534e-01 1.7222781095e-05
1089 4.0428108603e-01 1.7318120736e-05
1090 4.0409827348e-01 1.7206125894e-05
1091 4.0391575106e-01 1.7593612813e-05
1092 4.0373305005e-01 1.7489057027e-05
1093 4.0355946454e-01 1.7854344534e-05
1094 4.0339073279e-01 1.8240882179e-05
1095 4.0322535352e-01 1.8618545721e-05
1096 4.0306421695e-01 1.8494544082e-05
1097 4.0289638266e-01 1.7807541782e-05
1098 4.0271687598e-01 1.7634851284e-05
1099 4.0253402102e-01 1.7857665185e-05
1100 4.0234378948e-01 1.7755612828e-05
1101 4.0216330043e-01 1.7936985110e-05
1102 4.0199001669e-01 1.7302639665e-05
1103 4.0182543667e-01 1.6503557946e-05
1104 4.0165664957e-01 1.7003608970e-05
1105 4.0149025234e-01 1.6929757207e-05
1106 4.0132561113e-01 1.8426147864e-05
1107 4.0116362917e-01 1.8872217972e-05
1108 4.0099988461e-01 1.7916770715e-05
1109 4.0083386696e-01 1.8402509388e-05
1110 4.0067363561e-01 1.7750233532e-05
1111 4.0051477396e-01 1.7476046978e-05
1112 4.0035601128e-01 1.6503848960e-05
1113 4.0019999113e-01 1.6672266054e-05
1114 4.0004791167e-01 1.8412797131e-05
1115 3.9990105376e-01 2.0697354207e-05
1116 3.9976580294e-01 2.1866180625e-05
1117 3.9962975319e-01 2.0780397087e-05
1118 3.9949274124e-01 2.1391211391e-05
1119 3.9936075553e-01 2.2889872027e-05
1120 3.9922773785e-01 2.0658424184e-05
1121 3.9909325116e-01 1.7431246364e-05
1122 3.9896188663e-01 1.5911086931e-05
1123 3.9883087783e-01 1.5588981460e-05
1124 3.9870727406e-01 1.6427817569e-05
1125 3.9859171617e-01 1.6833672400e-05
1126 3.9847490083e-01 1.5622424655e-05
1127 3.9835504983e-01 1.5010070491e-05
1128 3.9823977462e-01 1.5126236121e-05
1129 3.9812626896e-01 1.5506465004e-05
1130 3.9801379759e-01 1.5205357603e-05
1131 3.9790178174e-01 1.6689625903e-05
1132 3.9779533691e-01 2.0253767701e-05
1133 3.9769645206e-01 2.1652501191e-05
1134 3.9759533698e-01 1.9266198553e-05
1135 3.9749029425e-01 1.6067061122e-05
1136 3.9738290676e-01 1.4028710501e-05
1137 3.9728174172e-01 1.2922996472e-05
1138 3.9718221907e-01 1.2816501737e-05
1139 3.9708559466e-01 1.2529778495e-05
1140 3.9699069189e-01 1.2384747638e-05
1141 3.9689864030e-01 1.2094078340e-05
1142 3.9681172472e-01 1.2083096885e-05
1143 3.9672974371e-01 1.1852059206e-05
1144 3.9664484199e-01 1.1470999024e-05
1145 3.9656237991e-01 1.1756585642e-05
1146 3.9647927680e-01 1.1712029963e-05
1147 3.9640067693e-01 1.3809969220e-05
1148 3.9632478797e-01 1.6829836076e-05
1149 3.9625276312e-01 1.8307476171e-05
1150 3.9618439725e-01 1.6099950609e-05
1151 3.9611397301e-01 1.3073173786e-05
1152 3.9604564945e-01 1.2259150650e-05
1153 3.9597728017e-01 1.1857399236e-05
1154 3.9590960046e-01 1.1486670097e-05
1155 3.9584011834e-01 1.1464417230e-05
1156 3.9576991924e-01 1.1821015989e-05
1157 3.9570300584e-01 1.2216019597e-05
1158 3.9563710424e-01 1.1537756244e-05
1159 3.9556978564e-01 1.0451383348e-05
1160 3.9550398263e-01 1.0271885360e-05
1161 3.9543896504e-01 9.9369807735e-06
1162 3.9537493680e-01 1.0040730017e-05
1163 3.9531390512e-01 1.0662462947e-05
1164 3.9526046814e-01 1.0933262930e-05
1165 3.9520656582e-01 1.0096163028e-05
1166 3.9514930765e-01 1.0115695266e-05
1167 3.9509235681e-01 1.0952477563e-05
1168 3.9503530265e-01 1.1455710065e-05
1169 3.9497475762e-01 1.1192556236e-05
1170 3.9491046473e-01 1.1730590960e-05
1171 3.9484772036e-01 1.3089903218e-05
1172 3.9478773183e-01 1.3915252089e-05
1173 3.9472888332e-01 1.2185692657e-05
1174 3.9466850646e-01 1.1536789617e-05
1175 3.9460969774e-01 1.2239194949e-05
1176 3.9455380276e-01 1.3954213965e-05
1177 3.9449949779e-01 1.4217559093e-05
1178 3.9444289319e-01 1.3125178433e-05
1179 3.9438412511e-01 1.2615965471e-05
1180 3.9432777272e-01 1.2812052139e-05
1181 3.9427338142e-01 1.2167881172e-05
1182 3.9421920159e-01 1.0905107186e-05
1183 3.9415972944e-01 1.0604702338e-05
1184 3.9410183920e-01 1.1572819973e-05
1185 3.9404590172e-01 1.2872785638e-05
1186 3.9399017939e-01 1.1531251597e-05
1187 3.9393390827e-01 9.8916550082e-06
1188 3.9388105043e-01 1.0251080170e-05
1189 3.9382845837e-01 1.1587097952e-05
1190 3.9377301521e-01 1.1808752978e-05
1191 3.9371401105e-01 1.0912054761e-05
1192 3.9365183582e-01 1.0304453971e-05
1193 3.9359109105e-01 9.9314646663e-06
1194 3.9353509883e-01 1.0316558491e-05
1195 3.9347947565e-01 1.0305914818e-05
1196 3.9342334707e-01 1.0612372606e-05
1197 3.9336352864e-01 1.1209616057e-05
1198 3.9330376075e-01 1.3677891794e-05
1199 3.9324838282e-01 1.5404917492e-05
1200 3.9319354410e-01 1.3531841210e-05
1201 3.9313783581e-01 1.1816268795e-05
1202 3.9308165805e-01 1.0785739993e-05
1203 3.9302763576e-01 1.0588234159e-05
1204 3.9297698796e-01 1.0675154995e-05
1205 3.9292835865e-01 1.0536558096e-05
1206 3.9287943958e-01 1.0487682506e-05
1207 3.9282708050e-01 1.0805861524e-05
1208 3.9277491976e-01 1.1850170236e-05
1209 3.9272383085e-01 1.2750726270e-05
1210 3.9267283791e-01 1.3406842670e-05
1211 3.9262234932e-01 1.3017829376e-05
1212 3.9257308936e-01 1.1762443858e-05
1213 3.9252278841e-01 1.0571923683e-05
1214 3.9247229366e-01 9.8128075119e-06
1215 3.9241956209e-01 9.5158705128e-06
1216 3.9236741076e-01 1.0099941964e-05
1217 3.9231669814e-01 1.0846188308e-05
1218 3.9226772903e-01 1.2894190116e-05
1219 3.9222054423e-01 1.5078189262e-05
1220 3.9217288065e-01 1.3324250914e-05
1221 3.9212360494e-01 1.1833734556e-05
1222 3.9207276725e-01 1.1044256506e-05
1223 3.9202231271e-01 1.0501616023e-05
1224 3.9197281152e-01 1.0374539458e-05
1225 3.9192343845e-01 1.1337239174e-05
1226 3.9187641273e-01 1.2767214931e-05
1227 3.9182965209e-01 1.3111268826e-05
1228 3.9178244998e-01 1.2945203739e-05
1229 3.9173412017e-01 1.2504201413e-05
1230 3.9168397898e-01 1.0718685895e-05
1231 3.9163224311e-01 9.7107038192e-06
1232 3.9157807287e-01 9.4861382359e-06
1233 3.9152631043e-01 9.8631312885e-06
1234 3.9147507842e-01 1.0808494869e-05
1235 3.9142166694e-01 1.0587050953e-05
1236 3.9136766136e-01 9.7861279840e-06
1237 3.9131501434e-01 9.6295619949e-06
1238 3.9126628880e-01 1.0070915731e-05
1239 3.9121711305e-01 9.9245994702e-06
1240 3.9116454455e-01 9.5316962262e-06
1241 3.9111034049e-01 9.4258758776e-06
1242 3.9105538241e-01 9.7678649973e-06
1243 3.9100333819e-01 9.6259391740e-06
1244 3.9094927741e-01 9.6954193420e-06
1245 3.9089647418e-01 1.0857872862e-05
1246 3.9084462755e-01 1.1370136462e-05
1247 3.9079282453e-01 1.1640489229e-05
1248 3.9074015798e-01 1.1020873302e-05
1249 3.9068795288e-01 1.0206671131e-05
1250 3.9063535164e-01 9.5227428193e-06
1251 3.9058458612e-01 8.9534575955e-06
1252 3.9053474344e-01 8.9649378570e-06
1253 3.9048521808e-01 8.7036769983e-06
1254 3.9043594606e-01 9.0164662436e-06
1255 3.9038679386e-01 9.3633537050e-06
1256 3.9033840457e-01 1.0147961479e-05
1257 3.9029254518e-01 1.1431132041e-05
1258 3.9024827168e-01 1.1464187775e-05
1259 3.9020409666e-01 1.1587905881e-05
1260 3.9016060714e-01 1.1686080718e-05
1261 3.9011843202e-01 1.1173253207e-05
1262 3.9007534013e-01 1.0452039169e-05
1263 3.9003202300e-01 1.0365410416e-05
1264 3.8998825142e-01 1.0141431805e-05
1265 3.8994451237e-01 9.5573983913e-06
1266 3.8989976569e-01 8.4947599650e-06
1267 3.8985222056e-01 8.0603642403e-06
1268 3.8980621994e-01 8.5278299558e-06
1269 3.8976260548e-01 8.6411174737e-06
1270 3.8972123335e-01 8.3801037194e-06
1271 3.8967770439e-01 8.0888520295e-06
1272 3.8963540691e-01 8.9708887051e-06
1273 3.8959278654e-01 8.5933068722e-06
1274 3.8954966371e-01 8.4952097459e-06
1275 3.8950571661e-01 7.8962324146e-06
1276 3.8946360964e-01 8.0598594877e-06
1277 3.8942222583e-01 8.5981424250e-06
1278 3.8938288995e-01 8.6335011393e-06
1279 3.8934137463e-01 8.3382231192e-06
1280 3.8929860389e-01 8.4474036246e-06
1281 3.8925360587e-01 8.4404521896e-06
1282 3.8920806304e-01 8.0204395369e-06
1283 3.8916040247e-01 8.1070728228e-06
1284 3.8911189450e-01 8.2381536393e-06
1285 3.8906294775e-01 9.0375736015e-06
1286 3.8901459436e-01 1.0034367545e-05
1287 3.8896650073e-01 9.7423757884e-06
1288 3.8891802264e-01 9.0099283870e-06
1289 3.8886800111e-01 8.2515469437e-06
1290 3.8881983394e-01 8.7243125198e-06
1291 3.8877357588e-01 9.2878058897e-06
1292 3.8872650611e-01 9.8958681251e-06
1293 3.8868216242e-01 1.0105828481e-05
1294 3.8863865609e-01 9.3453475613e-06
1295 3.8859426764e-01 9.7333234132e-06
1296 3.8854760035e-01 1.0025436666e-05
1297 3.8850062318e-01 9.7394396067e-06
1298 3.8845324582e-01 1.0712355676e-05
1299 3.8840496939e-01 1.1674821345e-05
1300 3.8835545017e-01 1.1904561754e-05
1301 3.8830416996e-01 1.2201723559e-05
1302 3.8825374967e-01 1.3037329978e-05
1303 3.8820552796e-01 1.2329010123e-05
1304 3.8815459249e-01 1.0239461280e-05
1305 3.8810276519e-01 8.9744703041e-06
1306 3.8805314892e-01 8.6403132450e-06
1307 3.8800327129e-01 8.7955871449e-06
1308 3.8795024369e-01 9.2736035469e-06
1309 3.8789699858e-01 9.6732771188e-06
1310 3.8784287097e-01 9.4195202514e-06
1311 3.8778968380e-01 8.7147194093e-06
1312 3.8773501403e-01 8.4707591398e-06
1313 3.8768469745e-01 8.9709762332e-06
1314 3.8763246404e-01 8.8835646671e-06
1315 3.8757570621e-01 8.8686269011e-06
1316 3.8751785183e-01 9.0300577934e-06
1317 3.8746243332e-01 8.9768906135e-06
1318 3.8740665028e-01 9.3734159119e-06
1319 3.8735325075e-01 9.8183851648e-06
1320 3.8730270135e-01 9.9997889703e-06
1321 3.8725421173e-01 9.9095554131e-06
1322 3.8720083421e-01 9.1583488326e-06
1323 3.8714319554e-01 9.2598644620e-06
1324 3.8708720807e-01 1.0570732969e-05
1325 3.8703071010e-01 1.2853635898e-05
1326 3.8697566641e-01 1.4632968416e-05
1327 3.8692068690e-01 1.3890318455e-05
1328 3.8686095252e-01 1.1970372346e-05
1329 3.8679917248e-01 1.0338771145e-05
1330 3.8673742148e-01 1.0648667756e-05
1331 3.8667600850e-01 1.1208082765e-05
1332 3.8661498960e-01 1.3237139542e-05
1333 3.8655531972e-01 1.4406253561e-05
1334 3.8649461064e-01 1.4732490601e-05
1335 3.8643289904e-01 1.3145050278e-05
1336 3.8636718276e-01 1.1348518452e-05
1337 3.8630123068e-01 1.0658700523e-05
1338 3.8623484861e-01 1.0599028286e-05
1339 3.8616681921e-01 1.0087136841e-05
1340 3.8609737401e-01 9.7358898012e-06
1341 3.8602368903e-01 1.0072062658e-05
1342 3.8595119300e-01 1.0590530100e-05
1343 3.8587755892e-01 1.0881038022e-05
1344 3.8580292126e-01 1.1279009402e-05
1345 3.8573199928e-01 1.1319571703e-05
1346 3.8566853883e-01 1.0905381369e-05
1347 3.8560055664e-01 1.1416383564e-05
1348 3.8553099553e-01 1.1743099163e-05
1349 3.8546240076e-01 1.1505295003e-05
1350 3.8539369855e-01 1.0273427120e-05
1351 3.8531951282e-01 9.9696938175e-06
1352 3.8524567578e-01 1.0661101630e-05
1353 3.8517005456e-01 1.1357334769e-05
1354 3.8509268994e-01 1.1426698969e-05
1355 3.8501503997e-01 1.0966863528e-05
1356 3.8493834001e-01 1.0207008476e-05
1357 3.8486119178e-01 1.0163798942e-05
1358 3.8478211579e-01 1.0960550142e-05
1359 3.8470658093e-01 1.2080047922e-05
1360 3.8463370221e-01 1.3196127689e-05
1361 3.8455900715e-01 1.4407837937e-05
1362 3.8448967977e-01 1.6744204649e-05
1363 3.8442567658e-01 1.5842608417e-05
1364 3.8435874058e-01 1.2078584774e-05
1365 3.8428678965e-01 1.1551270983e-05
1366 3.8421755169e-01 1.3483197058e-05
1367 3.8415453414e-01 1.4034809301e-05
1368 3.8409003437e-01 1.1527865883e-05
1369 3.8402327355e-01 1.0050848570e-05
1370 3.8395769327e-01 1.0375597412e-05
1371 3.8389069254e-01 1.1225418042e-05
1372 3.8382475700e-01 1.1481614313e-05
1373 3.8375970946e-01 1.1228596261e-05
1374 3.8369352977e-01 1.0160105468e-05
1375 3.8362609994e-01 9.5847405234e-06
1376 3.8355819488e-01 9.7411154559e-06
1377 3.8349385098e-01 1.0319328366e-05
1378 3.8343412095e-01 1.0815698621e-05
1379 3.8337269435e-01 1.0075064774e-05
1380 3.8331460036e-01 1.0154233096e-05
1381 3.8326008585e-01 1.0292892399e-05
1382 3.8320117036e-01 1.0478519449e-05
1383 3.8313847164e-01 1.0464455980e-05
1384 3.8307452710e-01 1.0753913797e-05
1385 3.8301119540e-01 1.1621402834e-05
1386 3.8295077916e-01 1.2051880771e-05
1387 3.8289175987e-01 1.1635981995e-05
1388 3.8283222701e-01 1.1066967648e-05
1389 3.8277150343e-01 1.0126984713e-05
1390 3.8270943636e-01 9.9874044674e-06
1391 3.8264998268e-01 1.0316665565e-05
1392 3.8259296531e-01 9.6445184085e-06
1393 3.8253797310e-01 9.1488639284e-06
1394 3.8248426739e-01 9.6200334414e-06
1395 3.8242943162e-01 1.0146009509e-05
1396 3.8237686124e-01 1.0623281364e-05
1397 3.8232810704e-01 9.8498935236e-06
1398 3.8228077841e-01 9.6543712320e-06
1399 3.8223117340e-01 9.8921637835e-06
1400 3.8218106691e-01 9.8279908314e-06
1401 3.8213110853e-01 8.8716627767e-06
1402 3.8208181872e-01 9.0506412247e-06
1403 3.8203397515e-01 1.1200958924e-05
1404 3.8198721257e-01 1.3054958688e-05
1405 3.8194178599e-01 1.2933766352e-05
1406 3.8189715962e-01 1.1713672290e-05
1407 3.8185315259e-01 1.0513691079e-05
1408 3.8180827289e-01 9.5664485129e-06
1409 3.8176423243e-01 9.0540457370e-06
1410 3.8172070840e-01 8.1768822179e-06
1411 3.8167887207e-01 8.1787700243e-06
1412 3.8163849931e-01 9.1148315616e-06
1413 3.8159914313e-01 1.0572984656e-05
1414 3.8156146156e-01 1.1413620210e-05
1415 3.8152282327e-01 1.1300538439e-05
1416 3.8148344967e-01 1.0776174957e-05
1417 3.8144411474e-01 1.0957803255e-05
1418 3.8140584062e-01 1.1441368799e-05
1419 3.8136663042e-01 1.0209461345e-05
1420 3.8132552024e-01 8.9783492805e-06
1421 3.8128507132e-01 8.6162132189e-06
1422 3.8124482532e-01 9.4140189709e-06
1423 3.8120595692e-01 1.0529770438e-05
1424 3.8116778732e-01 1.1355942348e-05
1425 3.8113067948e-01 1.1215915832e-05
1426 3.8109543859e-01 1.0418561590e-05
1427 3.8105969879e-01 9.1517944335e-06
1428 3.8102239390e-01 8.5049635681e-06
1429 3.8098474636e-01 8.9888474620e-06
1430 3.8094921988e-01 9.9702084776e-06
1431 3.8091641407e-01 9.8557046297e-06
1432 3.8088315221e-01 8.0291467166e-06
1433 3.8084908917e-01 7.9299060652e-06
1434 3.8081684817e-01 9.0205357759e-06
1435 3.8078492173e-01 8.6406539942e-06
1436 3.8075219152e-01 8.3891441134e-06
1437 3.8071951436e-01 8.5384973393e-06
1438 3.8068746359e-01 9.2304103413e-06
1439 3.8065621161e-01 8.8418481218e-06
1440 3.8062421795e-01 8.7585595273e-06
1441 3.8059331501e-01 8.5437527851e-06
1442 3.8056380327e-01 8.4146300224e-06
1443 3.8053547675e-01 8.5932714360e-06
1444 3.8050774069e-01 8.3184986919e-06
1445 3.8047984505e-01 8.2108164273e-06
1446 3.8045245803e-01 7.7153205614e-06
1447 3.8042554536e-01 6.9393030261e-06
1448 3.8039839905e-01 6.3649851205e-06
1449 3.8037242091e-01 6.8898438792e-06
1450 3.8034738267e-01 7.7041527363e-06
1451 3.8032287934e-01 7.7688624646e-06
1452 3.8029797877e-01 6.9230701858e-06
1453 3.8027331456e-01 6.5819868442e-06
1454 3.8024846674e-01 6.6149645347e-06
1455 3.8022472852e-01 6.8654304803e-06
1456 3.8020252644e-01 6.7465153121e-06
1457 3.8018115492e-01 6.2079139051e-06
1458 3.8015902355e-01 6.5957057419e-06
1459 3.8013642136e-01 7.2332353384e-06
1460 3.8011421724e-01 7.9704266081e-06
1461 3.8009222939e-01 7.6879335848e-06
1462 3.8006928779e-01 6.8610245446e-06
1463 3.8004564529e-01 6.3896243237e-06
1464 3.8002244397e-01 6.7105316582e-06
1465 3.8000001179e-01 7.1540940842e-06
1466 3.7997746764e-01 7.8580650376e-06
1467 3.7995543661e-01 8.8495758302e-06
1468 3.7993402668e-01 8.7197093890e-06
1469 3.7991296532e-01 7.8392136952e-06
1470 3.7989153998e-01 6.7142203096e-06
1471 3.7986988965e-01 6.2051649794e-06
1472 3.7984766424e-01 6.2058964126e-06
1473 3.7982656123e-01 6.4318130292e-06
1474 3.7980614580e-01 6.7241459473e-06
1475 3.7978588163e-01 6.5231202837e-06
1476 3.7976558234e-01 6.7173639829e-06
1477 3.7974495555e-01 6.5072951111e-06
1478 3.7972407694e-01 6.3890718215e-06
1479 3.7970300003e-01 6.0731569658e-06
1480 3.7968141542e-01 5.6163470057e-06
1481 3.7965992089e-01 5.3863595164e-06
1482 3.7963967860e-01 5.4462771754e-06
1483 3.7962024068e-01 5.4927249576e-06
1484 3.7960046662e-01 5.3391863812e-06
1485 3.7957986512e-01 5.3640938122e-06
1486 3.7955936067e-01 5.7187944664e-06
1487 3.7953968920e-01 6.2053358001e-06
1488 3.7951962959e-01 6.3794796439e-06
1489 3.7949994689e-01 6.3835690825e-06
1490 3.7948062159e-01 6.3015548042e-06
1491 3.7946315511e-01 6.1962676301e-06
1492 3.7944586147e-01 5.2999439850e-06
1493 3.7942869858e-01 5.4782555010e-06
1494 3.7941120951e-01 6.4272974046e-06
1495 3.7939331732e-01 6.2286804059e-06
1496 3.7937375791e-01 5.6986705736e-06
1497 3.7935353322e-01 5.3541351586e-06
1498 3.7933281714e-01 5.0667272764e-06
1499 3.7931237395e-01 5.1754924142e-06
1500 3.7929225798e-01 5.1152326553e-06
1501 3.7927228376e-01 5.2631395016e-06
1502 3.7925215144e-01 5.3490235390e-06
1503 3.7923199161e-01 5.7912939281e-06
1504 3.7921343683e-01 6.3677737632e-06
1505 3.7919511051e-01 5.9657464218e-06
1506 3.7917569574e-01 5.1379040632e-06
1507 3.7915730555e-01 5.0879005574e-06
1508 3.7913907921e-01 5.2172029054e-06
1509 3.7912050387e-01 5.1818292456e-06
1510 3.7910116440e-01 5.4300216702e-06
1511 3.7908110821e-01 5.7740102613e-06
1512 3.7906102611e-01 6.3104186953e-06
1513 3.7904132970e-01 6.2323072328e-06
1514 3.7902125833e-01 5.8132554412e-06
1515 3.7900011247e-01 5.5468103472e-06
1516 3.7897913627e-01 6.1410864228e-06
1517 3.7895967295e-01 7.4784665149e-06
1518 3.7894201932e-01 7.5762968152e-06
1519 3.7892284246e-01 7.2770650899e-06
1520 3.7890345561e-01 7.8557839519e-06
1521 3.7888384540e-01 7.7332992442e-06
1522 3.7886316404e-01 6.6670462125e-06
1523 3.7884239097e-01 5.9343862170e-06
1524 3.7882093829e-01 5.7831837119e-06
1525 3.7879958196e-01 6.0458326794e-06
1526 3.7877947257e-01 6.3576968487e-06
1527 3.7875960088e-01 6.7452823553e-06
1528 3.7873978669e-01 7.2149785770e-06
1529 3.7871986067e-01 8.6252198412e-06
1530 3.7870126066e-01 8.0602874706e-06
1531 3.7868152101e-01 6.6738998748e-06
1532 3.7866221411e-01 6.2430150356e-06
1533 3.7864248395e-01 6.3221598083e-06
1534 3.7862256219e-01 6.5452131591e-06
1535 3.7860294577e-01 7.2424853296e-06
1536 3.7858426884e-01 8.0742771245e-06
1537 3.7856614187e-01 8.6342278355e-06
1538 3.7854775685e-01 7.7004577011e-06
1539 3.7852836843e-01 6.6634306426e-06
1540 3.7850790154e-01 5.7096038618e-06
1541 3.7848724269e-01 5.3662913353e-06
1542 3.7846709085e-01 5.3743551564e-06
1543 3.7844753176e-01 5.4346330464e-06
1544 3.7842768349e-01 5.2476625687e-06
1545 3.7840773532e-01 5.2411707612e-06
1546 3.7838735143e-01 5.1955668116e-06
1547 3.7836747493e-01 5.4934075241e-06
1548 3.7834835330e-01 5.4603332871e-06
1549 3.7833042252e-01 5.4372293901e-06
1550 3.7831370855e-01 5.5605033078e-06
1551 3.7829591002e-01 5.3834439027e-06
1552 3.7827653068e-01 5.3012288661e-06
1553 3.7825692578e-01 5.3883384396e-06
1554 3.7823763201e-01 5.1627811774e-06
1555 3.7821799598e-01 5.0223858221e-06
1556 3.7819918567e-01 5.0589684679e-06
1557 3.7818090026e-01 5.1382768039e-06
1558 3.7816194691e-01 5.3906205929e-06
1559 3.7814185471e-01 5.6298169889e-06
1560 3.7812161354e-01 5.7836544863e-06
1561 3.7810192403e-01 5.7644626833e-06
1562 3.7808231231e-01 5.7925843625e-06
1563 3.7806302574e-01 5.9345456250e-06
1564 3.7804545249e-01 5.8200873368e-06
1565 3.7802757029e-01 5.1702389727e-06
1566 3.7800892280e-01 5.3538055950e-06
1567 3.7798983943e-01 5.8108473984e-06
1568 3.7797092547e-01 6.3626035644e-06
1569 3.7795116093e-01 7.4165706225e-06
1570 3.7793309374e-01 8.3913680683e-06
1571 3.7791412048e-01 6.6725168092e-06
1572 3.7789327936e-01 5.7591305401e-06
1573 3.7787278719e-01 5.9901468257e-06
1574 3.7785283517e-01 6.0903105727e-06
1575 3.7783218315e-01 5.7542868493e-06
1576 3.7781042327e-01 5.5455228502e-06
1577 3.7778805568e-01 5.6434771272e-06
1578 3.7776591788e-01 5.8444181700e-06
1579 3.7774369463e-01 5.8416490672e-06
1580 3.7772126379e-01 5.5751698571e-06
1581 3.7769783347e-01 5.3290402217e-06
1582 3.7767438013e-01 5.5981061836e-06
1583 3.7764951787e-01 6.2746374330e-06
1584 3.7762505486e-01 6.8802598529e-06
1585 3.7759977017e-01 6.9050062801e-06
1586 3.7757408745e-01 6.3619064990e-06
1587 3.7754754646e-01 6.2051126273e-06
1588 3.7752167839e-01 6.5510715435e-06
1589 3.7749645328e-01 7.1179793128e-06
1590 3.7747043072e-01 6.7503418772e-06
1591 3.7744434983e-01 6.3800912762e-06
1592 3.7741709911e-01 6.1346593587e-06
1593 3.7739124133e-01 6.1581619514e-06
1594 3.7736543470e-01 6.1144458068e-06
1595 3.7733981635e-01 6.1885507410e-06
1596 3.7731400604e-01 6.3821309392e-06
1597 3.7728906923e-01 5.9872430568e-06
1598 3.7726501193e-01 5.7726675085e-06
1599 3.7724078818e-01 5.8632438807e-06
1600 3.7721550624e-01 5.8703534213e-06
1601 3.7718900062e-01 5.9901954239e-06
1602 3.7716267829e-01 6.2665458623e-06
1603 3.7713726327e-01 6.8683131267e-06
1604 3.7711226004e-01 7.0907556985e-06
1605 3.7708665032e-01 7.0806096703e-06
1606 3.7706176232e-01 6.7843140849e-06
1607 3.7703701244e-01 6.8854392510e-06
1608 3.7701281543e-01 8.2410647990e-06
1609 3.7699142099e-01 9.2757456002e-06
1610 3.7697019167e-01 7.1238531610e-06
1611 3.7694713658e-01 5.8622548959e-06
1612 3.7692393724e-01 5.7818566264e-06
1613 3.7690263621e-01 6.2280023995e-06
1614 3.7688330318e-01 6.1562699055e-06
1615 3.7686400608e-01 5.9695447123e-06
1616 3.7684411981e-01 5.8510777260e-06
1617 3.7682429213e-01 6.0395696776e-06
1618 3.7680437366e-01 6.6104101157e-06
1619 3.7678454439e-01 7.1262025528e-06
1620 3.7676513006e-01 6.6058071137e-06
1621 3.7674561516e-01 5.7754649980e-06
1622 3.7672612897e-01 5.5258042728e-06
1623 3.7670727971e-01 6.1218064849e-06
1624 3.7669000810e-01 7.2588995617e-06
1625 3.7667262699e-01 7.2176062526e-06
1626 3.7665553199e-01 6.8125052675e-06
1627 3.7663811284e-01 6.1056855781e-06
1628 3.7662118403e-01 5.4563083933e-06
1629 3.7660387134e-01 5.0155010393e-06
1630 3.7658588102e-01 5.0372956591e-06
1631 3.7656809050e-01 5.5109718496e-06
1632 3.7655105874e-01 6.2675127239e-06
1633 3.7653424420e-01 5.7983209232e-06
1634 3.7651728077e-01 5.2851423362e-06
1635 3.7650001247e-01 5.2666452029e-06
1636 3.7648246888e-01 5.3187516847e-06
1637 3.7646468129e-01 5.2935514012e-06
1638 3.7644735376e-01 5.0713671148e-06
1639 3.7643016288e-01 4.9501613279e-06
1640 3.7641378793e-01 5.0653531960e-06
1641 3.7639846742e-01 5.2514931363e-06
1642 3.7638192762e-01 5.1553697439e-06
1643 3.7636555633e-01 5.0546016857e-06
1644 3.7634960166e-01 5.3651035469e-06
1645 3.7633381430e-01 5.7298728560e-06
1646 3.7631820956e-01 6.1023843841e-06
1647 3.7630313909e-01 6.3636112758e-06
1648 3.7628875618e-01 6.6158142825e-06
1649 3.7627367606e-01 5.7460676233e-06
1650 3.7625844965e-01 5.1307529065e-06
1651 3.7624312966e-01 4.7017053165e-06
1652 3.7622730371e-01 4.5052202502e-06
1653 3.7621176089e-01 4.4409270041e-06
1654 3.7619683267e-01 4.6709217536e-06
1655 3.7618295034e-01 4.8682357424e-06
1656 3.7616993945e-01 4.5412621814e-06
1657 3.7615578847e-01 4.4016690436e-06
1658 3.7614115744e-01 4.6564476547e-06
1659 3.7612624512e-01 4.4935914475e-06
1660 3.7611131529e-01 4.3028610065e-06
1661 3.7609694834e-01 4.1518270839e-06
1662 3.7608231671e-01 4.2472774603e-06
1663 3.7606805506e-01 4.6615976658e-06
1664 3.7605396509e-01 5.1320805798e-06
1665 3.7604081216e-01 5.6294730549e-06
1666 3.7602802926e-01 6.1952175122e-06
1667 3.7601512981e-01 6.3696340546e-06
1668 3.7600234694e-01 5.9701949231e-06
1669 3.7598919948e-01 4.9468126660e-06
1670 3.7597627952e-01 4.3593378554e-06
1671 3.7596337457e-01 4.4979324229e-06
1672 3.7595099357e-01 4.6839846337e-06
1673 3.7593831482e-01 4.4872773441e-06
1674 3.7592579522e-01 4.5124417605e-06
1675 3.7591379894e-01 5.2568761308e-06
1676 3.7590312739e-01 4.9697108567e-06
1677 3.7589210968e-01 3.9958980439e-06
1678 3.7588023343e-01 4.5562020119e-06
1679 3.7586915501e-01 5.9222871367e-06
1680 3.7585797690e-01 5.4775084096e-06
1681 3.7584605627e-01 4.3846805946e-06
1682 3.7583427408e-01 3.7757537120e-06
1683 3.7582232197e-01 3.5720844057e-06
1684 3.7581090401e-01 3.5511345773e-06
1685 3.7580000252e-01 3.5854051707e-06
1686 3.7578937769e-01 3.7290986948e-06
1687 3.7577882260e-01 3.6915843354e-06
1688 3.7576807306e-01 3.6067359274e-06
1689 3.7575714602e-01 3.6953793655e-06
1690 3.7574659521e-01 3.7524760252e-06
1691 3.7573698408e-01 3.6811766918e-06
1692 3.7572711235e-01 3.4583622091e-06
1693 3.7571673005e-01 3.6071605675e-06
1694 3.7570665764e-01 3.6934821092e-06
1695 3.7569644717e-01 3.5983784527e-06
1696 3.7568644311e-01 3.4952721611e-06
1697 3.7567690231e-01 3.5388466005e-06
1698 3.7566745122e-01 3.7657030154e-06
1699 3.7565788602e-01 3.6888350687e-06
1700 3.7564780346e-01 3.3541924463e-06
1701 3.7563767107e-01 3.2269505919e-06
1702 3.7562713838e-01 3.3885704512e-06
1703 3.7561703934e-01 3.7178815296e-06
1704 3.7560732537e-01 3.7595054665e-06
1705 3.7559725102e-01 3.4808076834e-06
1706 3.7558670909e-01 3.3929497236e-06
1707 3.7557661865e-01 3.7082976038e-06
1708 3.7556696288e-01 3.8482860803e-06
1709 3.7555702410e-01 3.5765910774e-06
1710 3.7554700812e-01 3.5251344224e-06
1711 3.7553693187e-01 3.4848991329e-06
1712 3.7552655202e-01 3.4080049218e-06
1713 3.7551596253e-01 3.6332732953e-06
1714 3.7550532342e-01 4.1078436889e-06
1715 3.7549471000e-01 4.6194786021e-06
1716 3.7548434692e-01 5.0618286223e-06
1717 3.7547451564e-01 5.0966677602e-06
1718 3.7546444941e-01 4.6821004748e-06
1719 3.7545442568e-01 4.0907532542e-06
1720 3.7544389707e-01 3.4406354151e-06
1721 3.7543270049e-01 3.2708632254e-06
1722 3.7542156744e-01 3.5025768741e-06
1723 3.7541070260e-01 3.7742502540e-06
1724 3.7539979198e-01 3.9269338434e-06
1725 3.7538860715e-01 4.1246911572e-06
1726 3.7537797710e-01 4.4002842910e-06
1727 3.7536764799e-01 4.0108283571e-06
1728 3.7535613896e-01 3.5231142771e-06
1729 3.7534435618e-01 3.7740627332e-06
1730 3.7533349443e-01 4.5787274823e-06
1731 3.7532240667e-01 4.9031127497e-06
1732 3.7531146766e-01 4.6447715162e-06
1733 3.7530048268e-01 4.2489814882e-06
1734 3.7528926290e-01 4.0474802422e-06
1735 3.7527810810e-01 3.9661848313e-06
1736 3.7526644638e-01 3.8521977827e-06
1737 3.7525439328e-01 3.9322241934e-06
1738 3.7524208915e-01 4.2661461175e-06
1739 3.7523039141e-01 4.9610445598e-06
1740 3.7521888653e-01 4.8739307365e-06
1741 3.7520705522e-01 4.2938968789e-06
1742 3.7519452617e-01 3.8606639174e-06
1743 3.7518229590e-01 3.5545289431e-06
1744 3.7517003506e-01 3.3253012372e-06
1745 3.7515746590e-01 3.3060092741e-06
1746 3.7514501475e-01 3.2524257533e-06
1747 3.7513291854e-01 3.3016384192e-06
1748 3.7512131483e-01 3.3134873113e-06
1749 3.7510965660e-01 3.3809977039e-06
1750 3.7509742392e-01 3.4185927384e-06
1751 3.7508515943e-01 3.4914911485e-06
1752 3.7507315330e-01 3.9896564608e-06
1753 3.7506161743e-01 4.6040121898e-06
1754 3.7505008888e-01 4.8624770508e-06
1755 3.7503916311e-01 4.8127421460e-06
1756 3.7502771546e-01 4.3112202580e-06
1757 3.7501645722e-01 4.5483355000e-06
1758 3.7500530223e-01 4.4811548862e-06
1759 3.7499366248e-01 4.3883338414e-06
1760 3.7498200072e-01 4.1206302151e-06
1761 3.7497085575e-01 3.6191042285e-06
1762 3.7495915463e-01 3.7801981507e-06
1763 3.7494779823e-01 4.4994520922e-06
1764 3.7493641796e-01 4.1747959998e-06
1765 3.7492380892e-01 3.5255091309e-06
1766 3.7491049274e-01 3.7125147228e-06
1767 3.7489748597e-01 4.7400306084e-06
1768 3.7488559856e-01 5.3483559426e-06
1769 3.7487336392e-01 4.8544631972e-06
1770 3.7486075122e-01 4.7130774177e-06
1771 3.7484858221e-01 4.9786494966e-06
1772 3.7483622947e-01 4.5141236932e-06
1773 3.7482287030e-01 3.8400747166e-06
1774 3.7480920929e-01 3.5288243297e-06
1775 3.7479604573e-01 3.4778035135e-06
1776 3.7478293211e-01 3.3258527062e-06
1777 3.7477000268e-01 3.2349589584e-06
1778 3.7475718076e-01 3.2132722911e-06
1779 3.7474359948e-01 3.1422617881e-06
1780 3.7472972304e-01 3.1507556843e-06
1781 3.7471617472e-01 3.3356281410e-06
1782 3.7470433204e-01 3.5333516559e-06
1783 3.7469284534e-01 3.2479479532e-06
1784 3.7468051914e-01 3.2280588715e-06
1785 3.7466840293e-01 3.6173922713e-06
1786 3.7465681947e-01 3.6004969265e-06
1787 3.7464433391e-01 3.3303277544e-06
1788 3.7463095259e-01 3.2490179467e-06
1789 3.7461739233e-01 3.1748356801e-06
1790 3.7460332381e-01 3.1980115114e-06
1791 3.7458955812e-01 3.1640925685e-06
1792 3.7457549629e-01 3.1417811769e-06
1793 3.7456142022e-01 3.1538673228e-06
1794 3.7454726164e-01 3.2413240974e-06
1795 3.7453341200e-01 3.1885578609e-06
1796 3.7452020361e-01 3.1956252049e-06
1797 3.7450671613e-01 3.1514040724e-06
1798 3.7449231639e-01 3.0833215186e-06
1799 3.7447778259e-01 3.1405560148e-06
1800 3.7446376101e-01 3.1886366054e-06
1801 3.7444986002e-01 3.2184799008e-06
1802 3.7443551218e-01 3.1354696915e-06
1803 3.7442075761e-01 3.1605879338e-06
1804 3.7440579375e-01 3.2844324391e-06
1805 3.7439120403e-01 3.5842717822e-06
1806 3.7437707812e-01 3.8961907710e-06
1807 3.7436348212e-01 4.2617566521e-06
1808 3.7434979442e-01 4.6635735819e-06
1809 3.7433672350e-01 5.0044019258e-06
1810 3.7432396952e-01 4.2513041428e-06
1811 3.7431047337e-01 3.7180153082e-06
1812 3.7429692030e-01 3.8045556383e-06
1813 3.7428367749e-01 3.9341442078e-06
1814 3.7426987217e-01 3.9666793045e-06
1815 3.7425623462e-01 3.9831431713e-06
1816 3.7424258553e-01 3.6515070732e-06
1817 3.7422906733e-01 3.4875546629e-06
1818 3.7421578182e-01 3.3578178342e-06
1819 3.7420311623e-01 3.4403142784e-06
1820 3.7419084153e-01 3.5024347168e-06
1821 3.7417857169e-01 3.2314549692e-06
1822 3.7416602993e-01 3.0469878940e-06
1823 3.7415295194e-01 3.1517053379e-06
1824 3.7413963918e-01 3.7031407898e-06
1825 3.7412713459e-01 4.4118523791e-06
1826 3.7411457001e-01 4.5096837508e-06
1827 3.7410185534e-01 4.1162456226e-06
1828 3.7408931135e-01 3.7732155442e-06
1829 3.7407660303e-01 3.3937600678e-06
1830 3.7406348567e-01 3.5492481581e-06
1831 3.7405138372e-01 3.9668850650e-06
1832 3.7403941906e-01 3.6430586602e-06
1833 3.7402654347e-01 3.1761102050e-06
1834 3.7401338911e-01 3.0382511881e-06
1835 3.7400037797e-01 2.9371238200e-06
1836 3.7398731484e-01 2.9541567597e-06
1837 3.7397474799e-01 3.0214793504e-06
1838 3.7396300746e-01 3.0444819743e-06
1839 3.7395093874e-01 2.9244603919e-06
1840 3.7393827803e-01 2.8496791804e-06
1841 3.7392544932e-01 2.8332446332e-06
1842 3.7391251931e-01 2.8202185276e-06
1843 3.7389973479e-01 2.7841990793e-06
1844 3.7388693156e-01 2.7013271219e-06
1845 3.7387448342e-01 2.7374429823e-06
1846 3.7386233050e-01 2.6644701007e-06
1847 3.7385001771e-01 2.6789126569e-06
1848 3.7383719450e-01 2.7095984420e-06
1849 3.7382441973e-01 2.8461441938e-06
1850 3.7381182538e-01 2.8939041096e-06
1851 3.7379957086e-01 3.1796490378e-06
1852 3.7378770525e-01 3.2296390328e-06
1853 3.7377512769e-01 2.9915969181e-06
1854 3.7376190329e-01 2.8505212094e-06
1855 3.7374870486e-01 2.8177447329e-06
1856 3.7373565025e-01 2.7554646284e-06
1857 3.7372320437e-01 2.9252860533e-06
1858 3.7371141098e-01 3.2060570648e-06
1859 3.7370013440e-01 3.4383975664e-06
1860 3.7368832256e-01 3.6164080562e-06
1861 3.7367618070e-01 3.9184448466e-06
1862 3.7366387673e-01 3.9616945052e-06
1863 3.7365116135e-01 3.5089052802e-06
1864 3.7363769668e-01 3.1880455581e-06
1865 3.7362476056e-01 3.0590892740e-06
1866 3.7361173765e-01 2.9985595193e-06
1867 3.7359881923e-01 2.8374112517e-06
1868 3.7358532513e-01 2.7893481108e-06
1869 3.7357155273e-01 2.9701373587e-06
1870 3.7355877180e-01 3.2964036875e-06
1871 3.7354662389e-01 3.0203075990e-06
1872 3.7353377573e-01 2.7340550727e-06
1873 3.7352082726e-01 2.8906441932e-06
1874 3.7350759751e-01 3.3558703833e-06
1875 3.7349496281e-01 3.7348280443e-06
1876 3.7348129988e-01 3.6045198030e-06
1877 3.7346712211e-01 3.8592681435e-06
1878 3.7345366209e-01 4.0704278695e-06
1879 3.7343964888e-01 3.6699117964e-06
1880 3.7342519019e-01 3.3211170871e-06
1881 3.7341029557e-01 3.2760115494e-06
1882 3.7339579119e-01 3.2803022226e-06
1883 3.7338177594e-01 3.0621397025e-06
1884 3.7336727541e-01 2.7688269377e-06
1885 3.7335220524e-01 2.7200500798e-06
1886 3.7333725718e-01 2.7897053967e-06
1887 3.7332223011e-01 2.8988427086e-06
1888 3.7330774399e-01 2.8681571073e-06
1889 3.7329223882e-01 2.8630820951e-06
1890 3.7327651313e-01 2.8652989905e-06
1891 3.7326168297e-01 3.0975845054e-06
1892 3.7324777444e-01 3.0514104012e-06
1893 3.7323227370e-01 3.0032883665e-06
1894 3.7321590157e-01 2.9748255713e-06
1895 3.7319894252e-01 3.0190223037e-06
1896 3.7318260791e-01 3.0208463693e-06
1897 3.7316675063e-01 2.8859655633e-06
1898 3.7315009065e-01 2.8117197711e-06
1899 3.7313408880e-01 2.8571642125e-06
1900 3.7311846939e-01 3.0461880727e-06
1901 3.7310244304e-01 2.8642220435e-06
1902 3.7308541660e-01 2.7918479952e-06
1903 3.7306835472e-01 2.7741445177e-06
1904 3.7305192460e-01 2.8267752108e-06
1905 3.7303596106e-01 2.9351677679e-06
1906 3.7301905206e-01 2.9521879041e-06
1907 3.7300153769e-01 2.9797359045e-06
1908 3.7298449376e-01 2.9894506701e-06
1909 3.7296753487e-01 3.0765107369e-06
1910 3.7295060034e-01 3.4177849230e-06
1911 3.7293386858e-01 4.0798325035e-06
1912 3.7291767666e-01 4.6646832386e-06
1913 3.7290180888e-01 4.3593808275e-06
1914 3.7288580821e-01 3.8419444984e-06
1915 3.7287003950e-01 3.8294844384e-06
1916 3.7285410740e-01 4.4759365652e-06
1917 3.7283901598e-01 4.9544027248e-06
1918 3.7282344401e-01 3.8385541677e-06
1919 3.7280665945e-01 3.1555556401e-06
1920 3.7278971700e-01 2.8063338378e-06
1921 3.7277330017e-01 2.8110776387e-06
1922 3.7275672110e-01 2.7842462007e-06
1923 3.7273969388e-01 2.8108916662e-06
1924 3.7272242697e-01 2.8834419928e-06
1925 3.7270556484e-01 3.2413081924e-06
1926 3.7268890843e-01 3.8264204645e-06
1927 3.7267238244e-01 4.3778278260e-06
1928 3.7265536425e-01 4.6413063560e-06
1929 3.7263797555e-01 3.8929532090e-06
1930 3.7261935245e-01 3.2004439617e-06
1931 3.7260076501e-01 2.9500178505e-06
1932 3.7258209960e-01 2.9975405986e-06
1933 3.7256493128e-01 3.2212144327e-06
1934 3.7254924249e-01 3.3106207269e-06
1935 3.7253134275e-01 2.9748615710e-06
1936 3.7251151120e-01 2.8559773454e-06
1937 3.7249242614e-01 2.9229367656e-06
1938 3.7247483421e-01 2.8693780568e-06
1939 3.7245630969e-01 2.8208214824e-06
1940 3.7243705840e-01 2.8291946300e-06
1941 3.7241881527e-01 2.8727103554e-06
1942 3.7240076903e-01 2.8615988356e-06
1943 3.7238104410e-01 2.7988578688e-06
1944 3.7236044916e-01 2.8588012376e-06
1945 3.7234071691e-01 2.9289221778e-06
1946 3.7232222500e-01 3.0427020750e-06
1947 3.7230487013e-01 3.1274629075e-06
1948 3.7228764017e-01 3.0663462236e-06
1949 3.7226907175e-01 2.9573002659e-06
1950 3.7225020465e-01 3.0772432168e-06
1951 3.7223137721e-01 3.1462902872e-06
1952 3.7221229365e-01 3.1221965497e-06
1953 3.7219253339e-01 3.1418590738e-06
1954 3.7217348713e-01 3.2325844508e-06
1955 3.7215500081e-01 3.4032181249e-06
1956 3.7213649614e-01 3.1112483859e-06
1957 3.7211647741e-01 2.9868947635e-06
1958 3.7209571710e-01 2.9307188536e-06
1959 3.7207459285e-01 3.2086583698e-06
1960 3.7205420008e-01 3.6903225393e-06
1961 3.7203396120e-01 4.1970974891e-06
1962 3.7201420550e-01 4.2136177027e-06
1963 3.7199376098e-01 4.4079925020e-06
1964 3.7197371222e-01 4.8740468950e-06
1965 3.7195430937e-01 4.6870918019e-06
1966 3.7193384849e-01 3.9461167989e-06
1967 3.7191238946e-01 3.3419792574e-06
1968 3.7188983878e-01 3.2759734008e-06
1969 3.7186746388e-01 3.4095590546e-06
1970 3.7184519893e-01 3.4186587260e-06
1971 3.7182187884e-01 3.3696289967e-06
1972 3.7179822063e-01 3.3639383505e-06
1973 3.7177457515e-01 3.2766322145e-06
1974 3.7175103435e-01 3.2817577917e-06
1975 3.7172816838e-01 3.2864749116e-06
1976 3.7170659129e-01 3.4313430331e-06
1977 3.7168472216e-01 3.2924777568e-06
1978 3.7166025410e-01 3.0504080284e-06
1979 3.7163461856e-01 3.0531925082e-06
1980 3.7160930743e-01 3.1675020977e-06
1981 3.7158480728e-01 3.5596843053e-06
1982 3.7156157586e-01 3.8335695179e-06
1983 3.7153800127e-01 4.1242357415e-06
1984 3.7151499288e-01 4.6873688523e-06
1985 3.7149316887e-01 5.0437604975e-06
1986 3.7147162854e-01 4.3718595767e-06
1987 3.7144812748e-01 3.4588283566e-06
1988 3.7142361345e-01 3.1507393998e-06
1989 3.7139883725e-01 3.0284865596e-06
1990 3.7137410112e-01 3.0480871820e-06
1991 3.7134962712e-01 3.0934144585e-06
1992 3.7132495108e-01 3.2567855986e-06
1993 3.7130029173e-01 3.3852378220e-06
1994 3.7127781474e-01 3.4735628949e-06
1995 3.7125582543e-01 3.2468897266e-06
1996 3.7123288695e-01 3.1984959676e-06
1997 3.7120875990e-01 3.4053894214e-06
1998 3.7118513835e-01 4.1458764082e-06
1999 3.7116234307e-01 4.3099570488e-06
