iter rel_error rel_residual
0 1.0525336857e+00 4.1279936159e-01
1 1.1516491514e+00 2.2078493031e-01
2 1.0032219011e+00 1.8391121113e-01
3 9.4412717880e-01 1.4493353948e-01
4 9.3706633301e-01 1.1012150737e-01
5 9.0818716475e-01 8.6563415385e-02
6 8.8177096930e-01 6.4344758291e-02
7 8.6907674339e-01 4.1678205453e-02
8 8.5855718166e-01 2.5501334755e-02
9 8.5204228667e-01 1.6064747916e-02
10 8.4581054797e-01 1.2756516323e-02
11 8.3755356811e-01 1.0894631220e-02
12 8.2987225463e-01 1.1898049702e-02
13 8.2082697282e-01 1.0365777623e-02
14 8.0655107182e-01 1.1411738857e-02
15 7.9453949435e-01 1.0852296703e-02
16 7.8378209978e-01 1.0216011788e-02
17 7.7249977302e-01 9.9180389566e-03
18 7.6542323304e-01 8.4539341398e-03
19 7.5974898888e-01 7.4570168129e-03
20 7.5269861365e-01 6.5600235817e-03
21 7.4706136729e-01 5.2946160855e-03
22 7.4225879047e-01 5.6045911356e-03
23 7.3698177284e-01 5.3130753846e-03
24 7.3177220152e-01 5.7196942464e-03
25 7.2716433415e-01 4.8395285607e-03
26 7.2209555342e-01 5.1801913017e-03
27 7.1716758143e-01 5.2610159064e-03
28 7.1294722662e-01 4.1112467608e-03
29 7.0896098182e-01 4.1553624611e-03
30 7.0565064798e-01 3.7734857542e-03
31 7.0311967457e-01 3.2073358918e-03
32 7.0077159800e-01 2.9473879219e-03
33 6.9889177224e-01 2.8483219381e-03
34 6.9717440957e-01 2.7513730465e-03
35 6.9530434591e-01 2.4176181923e-03
36 6.9348686980e-01 2.5815343139e-03
37 6.9182412036e-01 2.5511543674e-03
38 6.9017292837e-01 2.5607975065e-03
39 6.8884880513e-01 2.4825588292e-03
40 6.8767205486e-01 2.0299077585e-03
41 6.8666251286e-01 1.8694795407e-03
42 6.8576799121e-01 1.8333037672e-03
43 6.8487735846e-01 1.9141229348e-03
44 6.8385902756e-01 1.8923543392e-03
45 6.8275598489e-01 1.7612483912e-03
46 6.8173624577e-01 1.7325226679e-03
47 6.8083001620e-01 1.7100580868e-03
48 6.8006246620e-01 1.5853151862e-03
49 6.7948582840e-01 1.2965957572e-03
50 6.7893170631e-01 1.2876328080e-03
51 6.7839811918e-01 1.2460981157e-03
52 6.7786836373e-01 1.1312133454e-03
53 6.7723351843e-01 1.1645067351e-03
54 6.7660328097e-01 1.0798423790e-03
55 6.7600166091e-01 1.0490371050e-03
56 6.7542298397e-01 9.8540735036e-04
57 6.7487567980e-01 1.0145456733e-03
58 6.7438883017e-01 1.0016774838e-03
59 6.7388544118e-01 8.9390877703e-04
60 6.7332435502e-01 1.0183891090e-03
61 6.7263512520e-01 1.0089724215e-03
62 6.7188317667e-01 9.9817512624e-04
63 6.7111471962e-01 1.1440859646e-03
64 6.7036398824e-01 1.0111509466e-03
65 6.6971516350e-01 9.0104023055e-04
66 6.6912985921e-01 8.8299464641e-04
67 6.6864655017e-01 7.2013920078e-04
68 6.6818052101e-01 7.1288841444e-04
69 6.6770506884e-01 6.8717559090e-04
70 6.6720870218e-01 7.0481636574e-04
71 6.6669599823e-01 6.8413154925e-04
72 6.6611056944e-01 7.3484180549e-04
73 6.6555734729e-01 7.4967943483e-04
74 6.6501218302e-01 7.3275731470e-04
75 6.6453628087e-01 7.7123049778e-04
76 6.6410337483e-01 7.2685656415e-04
77 6.6366139252e-01 7.0448341364e-04
78 6.6319256499e-01 6.8161608842e-04
79 6.6269985146e-01 6.8644664089e-04
80 6.6221786554e-01 6.3673808332e-04
81 6.6176905110e-01 5.9835550476e-04
82 6.6133977661e-01 5.8593723801e-04
83 6.6096363821e-01 5.7579009351e-04
84 6.6061941686e-01 5.7235678793e-04
85 6.6030158460e-01 5.3202705783e-04
86 6.5999304272e-01 5.3724205196e-04
87 6.5964927583e-01 4.9476344171e-04
88 6.5929310407e-01 5.0803610012e-04
89 6.5891524273e-01 5.3669557569e-04
90 6.5852506196e-01 4.9518824556e-04
91 6.5814664934e-01 4.7784186255e-04
92 6.5779814897e-01 5.0889147449e-04
93 6.5745705905e-01 5.0743997265e-04
94 6.5709305230e-01 4.9311051759e-04
95 6.5668877370e-01 5.1277531163e-04
96 6.5626614847e-01 5.2403162868e-04
97 6.5579749475e-01 4.9961756986e-04
98 6.5534445321e-01 5.0828188512e-04
99 6.5490354877e-01 4.8361010830e-04
100 6.5446515228e-01 5.0045274083e-04
101 6.5403670908e-01 4.7217203652e-04
102 6.5360136596e-01 4.8081468008e-04
103 6.5316414019e-01 4.6228779698e-04
104 6.5273649343e-01 4.4014717165e-04
105 6.5228800085e-01 4.2378391979e-04
106 6.5184075424e-01 4.4652865387e-04
107 6.5138302390e-01 4.6084783883e-04
108 6.5089257608e-01 4.9657522702e-04
109 6.5037299703e-01 5.1636753540e-04
110 6.4985546882e-01 4.8018972206e-04
111 6.4931045511e-01 4.7855132002e-04
112 6.4876059126e-01 4.9130252375e-04
113 6.4818693850e-01 4.6616830710e-04
114 6.4762698743e-01 4.8022197265e-04
115 6.4702778846e-01 5.1797677767e-04
116 6.4646291027e-01 5.7388146646e-04
117 6.4586519769e-01 5.8969047895e-04
118 6.4527765851e-01 5.8958127407e-04
119 6.4464969535e-01 5.3909449191e-04
120 6.4400765448e-01 5.1568096875e-04
121 6.4336518498e-01 4.6154356226e-04
122 6.4273119797e-01 4.6395941889e-04
123 6.4207337958e-01 4.3418898774e-04
124 6.4138988367e-01 4.5924816728e-04
125 6.4074538663e-01 4.8516915920e-04
126 6.4013282186e-01 4.6484408765e-04
127 6.3951553848e-01 5.0205645695e-04
128 6.3890513773e-01 5.2395374849e-04
129 6.3830578581e-01 5.4776847180e-04
130 6.3764432409e-01 4.8141059869e-04
131 6.3698665537e-01 4.6197185242e-04
132 6.3631832043e-01 4.1102779632e-04
133 6.3566559107e-01 4.0656154597e-04
134 6.3502185122e-01 4.7886768111e-04
135 6.3438041334e-01 4.7079961303e-04
136 6.3376396587e-01 4.8863049020e-04
137 6.3311850165e-01 4.7940749696e-04
138 6.3243817408e-01 4.4726540115e-04
139 6.3173556925e-01 4.0934035741e-04
140 6.3101528504e-01 4.1946645954e-04
141 6.3029407965e-01 3.9023501817e-04
142 6.2957309533e-01 4.0858752841e-04
143 6.2886077058e-01 4.1551503550e-04
144 6.2814296755e-01 4.1897921385e-04
145 6.2742218297e-01 4.2275849305e-04
146 6.2667473714e-01 4.3287385426e-04
147 6.2594125690e-01 4.3105588113e-04
148 6.2521828256e-01 4.5629836021e-04
149 6.2451735384e-01 4.0815419584e-04
150 6.2386988780e-01 3.9629119911e-04
151 6.2319190487e-01 3.6919565831e-04
152 6.2252492238e-01 3.8786697311e-04
153 6.2184589913e-01 4.2843537589e-04
154 6.2118937283e-01 4.6850286724e-04
155 6.2054995373e-01 5.0975668667e-04
156 6.1988088482e-01 5.1612700993e-04
157 6.1916514920e-01 4.4327481491e-04
158 6.1845976401e-01 4.0371473481e-04
159 6.1772698020e-01 3.9753868483e-04
160 6.1700679012e-01 4.0937162339e-04
161 6.1631419527e-01 3.8737638862e-04
162 6.1564398486e-01 4.1073961361e-04
163 6.1494681183e-01 4.5228398586e-04
164 6.1430211566e-01 4.7187762817e-04
165 6.1362768260e-01 4.3114262661e-04
166 6.1291380821e-01 3.9814472062e-04
167 6.1221973888e-01 3.5941095119e-04
168 6.1156509756e-01 3.7808097639e-04
169 6.1091468766e-01 4.0113094875e-04
170 6.1030988432e-01 4.2705989792e-04
171 6.0969984219e-01 4.1982987751e-04
172 6.0906581394e-01 3.9851318725e-04
173 6.0839770163e-01 3.9250011899e-04
174 6.0773633122e-01 3.8090488601e-04
175 6.0706502898e-01 3.4950113677e-04
176 6.0644980098e-01 3.4238391253e-04
177 6.0584499642e-01 3.4365382296e-04
178 6.0524277884e-01 3.4205800110e-04
179 6.0461999315e-01 3.4570928948e-04
180 6.0399744634e-01 3.3650290076e-04
181 6.0340069505e-01 3.2194274727e-04
182 6.0282435270e-01 3.2903191018e-04
183 6.0224892094e-01 3.0891887776e-04
184 6.0169564159e-01 3.1666553722e-04
185 6.0115453503e-01 2.8717500511e-04
186 6.0066329717e-01 2.9466928710e-04
187 6.0018336239e-01 2.9539984235e-04
188 5.9971896357e-01 2.9026961028e-04
189 5.9926715578e-01 2.9960573449e-04
190 5.9881858971e-01 2.8717403544e-04
191 5.9833735136e-01 2.9101214836e-04
192 5.9785179758e-01 2.8544811401e-04
193 5.9734249182e-01 2.8523374481e-04
194 5.9683995149e-01 2.8043871510e-04
195 5.9633275359e-01 2.8514416738e-04
196 5.9582653343e-01 2.9096719058e-04
197 5.9532663197e-01 2.7690536715e-04
198 5.9484702059e-01 2.7955438977e-04
199 5.9437840229e-01 2.6812411630e-04
200 5.9392894490e-01 2.7679473888e-04
201 5.9349976599e-01 2.8796270600e-04
202 5.9307006599e-01 2.7305856722e-04
203 5.9263262240e-01 2.4989047127e-04
204 5.9220707638e-01 2.6833059974e-04
205 5.9175538609e-01 2.6132823130e-04
206 5.9128342415e-01 2.5903778513e-04
207 5.9082182790e-01 2.6721524752e-04
208 5.9035312123e-01 2.6013110277e-04
209 5.8990760659e-01 2.6140906137e-04
210 5.8945819845e-01 2.5823204307e-04
211 5.8899288046e-01 2.5331405244e-04
212 5.8852948058e-01 2.6269506220e-04
213 5.8803593757e-01 2.5150669522e-04
214 5.8752298712e-01 2.6700009934e-04
215 5.8700732045e-01 2.6920672627e-04
216 5.8654549297e-01 2.7927482172e-04
217 5.8605643142e-01 3.0181594899e-04
218 5.8559249984e-01 3.3377055141e-04
219 5.8512943607e-01 3.8425816384e-04
220 5.8465732091e-01 3.5131942064e-04
221 5.8415667541e-01 2.9600071378e-04
222 5.8366074204e-01 2.6640498052e-04
223 5.8315785811e-01 2.5705626976e-04
224 5.8267760423e-01 2.5419663259e-04
225 5.8221484329e-01 2.6045992810e-04
226 5.8173435561e-01 2.6875164769e-04
227 5.8123955127e-01 2.6420395970e-04
228 5.8072809333e-01 2.8134065968e-04
229 5.8021478513e-01 3.1524252401e-04
230 5.7974645761e-01 3.6114202484e-04
231 5.7928808213e-01 3.4008056300e-04
232 5.7884410633e-01 2.8778201785e-04
233 5.7839378259e-01 2.4573448873e-04
234 5.7797862741e-01 2.3780813290e-04
235 5.7754964812e-01 2.3849073101e-04
236 5.7711434673e-01 2.3065077925e-04
237 5.7668497366e-01 2.3269262108e-04
238 5.7625819225e-01 2.2046465384e-04
239 5.7585782971e-01 2.2966140788e-04
240 5.7544315150e-01 2.2723097380e-04
241 5.7500907976e-01 2.3285836126e-04
242 5.7457684766e-01 2.2086000188e-04
243 5.7416243899e-01 2.2251802823e-04
244 5.7374198012e-01 2.1337292497e-04
245 5.7331046351e-01 2.2052658306e-04
246 5.7286883489e-01 2.2832543501e-04
247 5.7244181748e-01 2.1398172093e-04
248 5.7202820924e-01 2.2754735793e-04
249 5.7166303958e-01 2.4738198950e-04
250 5.7130622099e-01 2.7700717917e-04
251 5.7097803345e-01 2.7350695223e-04
252 5.7062867168e-01 2.3479372453e-04
253 5.7026264260e-01 2.1837664237e-04
254 5.6989990884e-01 2.1723053469e-04
255 5.6953625317e-01 2.1116505181e-04
256 5.6916248264e-01 1.9363394271e-04
257 5.6880640150e-01 1.9281104055e-04
258 5.6846710772e-01 2.0071181333e-04
259 5.6815454460e-01 1.9260860506e-04
260 5.6782638333e-01 1.9945338122e-04
261 5.6748707614e-01 1.9961207854e-04
262 5.6713455529e-01 2.0617941958e-04
263 5.6679323656e-01 2.0859214743e-04
264 5.6647240320e-01 2.1884134048e-04
265 5.6614614532e-01 2.3458161982e-04
266 5.6583617287e-01 2.3017717819e-04
267 5.6552605228e-01 2.1916552660e-04
268 5.6521771407e-01 1.9800526101e-04
269 5.6490222632e-01 1.8292515777e-04
270 5.6459517841e-01 1.7319260284e-04
271 5.6428054605e-01 1.7396943629e-04
272 5.6396297680e-01 1.7918899437e-04
273 5.6366500849e-01 1.7332476343e-04
274 5.6336281457e-01 1.7318142225e-04
275 5.6303894508e-01 1.7781540605e-04
276 5.6270055624e-01 1.8417543477e-04
277 5.6235619447e-01 1.8450327712e-04
278 5.6201399675e-01 1.9262201707e-04
279 5.6167884787e-01 2.2041958880e-04
280 5.6136602753e-01 2.3111587193e-04
281 5.6104431633e-01 2.2147942351e-04
282 5.6072738496e-01 1.8949477516e-04
283 5.6040640669e-01 1.7830348384e-04
284 5.6007439342e-01 1.7403162687e-04
285 5.5974134680e-01 1.6930329049e-04
286 5.5939748217e-01 1.7037779512e-04
287 5.5903523883e-01 1.8018267461e-04
288 5.5868025322e-01 1.7176266020e-04
289 5.5832424945e-01 1.7232215157e-04
290 5.5798179813e-01 1.7244116009e-04
291 5.5764315117e-01 1.6586593531e-04
292 5.5730062346e-01 1.7311084258e-04
293 5.5694049699e-01 1.7551787813e-04
294 5.5659085278e-01 1.6902821663e-04
295 5.5622971236e-01 1.7743123673e-04
296 5.5589590671e-01 1.7741512747e-04
297 5.5557257944e-01 1.7113620303e-04
298 5.5525542807e-01 1.6264853041e-04
299 5.5492051389e-01 1.5727193503e-04
300 5.5457708539e-01 1.6762249790e-04
301 5.5423222489e-01 1.6866565185e-04
302 5.5390640781e-01 1.7599844567e-04
303 5.5359031934e-01 1.9139805357e-04
304 5.5329667475e-01 1.9868833335e-04
305 5.5300482725e-01 1.7754841913e-04
306 5.5269489416e-01 1.7136897347e-04
307 5.5237985956e-01 1.6799074834e-04
308 5.5205757454e-01 1.6493980870e-04
309 5.5174029322e-01 1.5487734041e-04
310 5.5142790576e-01 1.5110449737e-04
311 5.5111746741e-01 1.5165234552e-04
312 5.5082319318e-01 1.4554792824e-04
313 5.5053201007e-01 1.4274655026e-04
314 5.5025601496e-01 1.4854375159e-04
315 5.4997601706e-01 1.4684299235e-04
316 5.4969230994e-01 1.4533375196e-04
317 5.4939749507e-01 1.3500992116e-04
318 5.4910073299e-01 1.3959829161e-04
319 5.4880771384e-01 1.4275854248e-04
320 5.4852516920e-01 1.3914294075e-04
321 5.4823512055e-01 1.4320745379e-04
322 5.4793434295e-01 1.4861783980e-04
323 5.4763024015e-01 1.5810385834e-04
324 5.4731620386e-01 1.8410707180e-04
325 5.4700524028e-01 2.0275369419e-04
326 5.4669183674e-01 1.9412040351e-04
327 5.4637076472e-01 1.6888266458e-04
328 5.4601343857e-01 1.5800696742e-04
329 5.4566867482e-01 1.4699035686e-04
330 5.4532365466e-01 1.4217016638e-04
331 5.4498605859e-01 1.4526921452e-04
332 5.4464404981e-01 1.4604428673e-04
333 5.4428876830e-01 1.4962913127e-04
334 5.4392059459e-01 1.4614059432e-04
335 5.4355370169e-01 1.5205268832e-04
336 5.4317858544e-01 1.5413952605e-04
337 5.4281096174e-01 1.5366236884e-04
338 5.4244176367e-01 1.6835162415e-04
339 5.4207192974e-01 1.8776442144e-04
340 5.4170529312e-01 1.8782646627e-04
341 5.4133400002e-01 1.8716927362e-04
342 5.4093619413e-01 1.9151748581e-04
343 5.4052217639e-01 1.8685260886e-04
344 5.4007584252e-01 1.8895419556e-04
345 5.3963891994e-01 1.8232311345e-04
346 5.3921462920e-01 1.7351147028e-04
347 5.3880192141e-01 1.5479908883e-04
348 5.3840286368e-01 1.5234634649e-04
349 5.3801398008e-01 1.4353679444e-04
350 5.3764833054e-01 1.4039069980e-04
351 5.3727429090e-01 1.5247755112e-04
352 5.3685632060e-01 1.4320690988e-04
353 5.3643334864e-01 1.4415919105e-04
354 5.3600174426e-01 1.4213351724e-04
355 5.3557345404e-01 1.4282184710e-04
356 5.3514415002e-01 1.3562002600e-04
357 5.3472218545e-01 1.3937899125e-04
358 5.3427055508e-01 1.5094867913e-04
359 5.3379417620e-01 1.5214811642e-04
360 5.3330311201e-01 1.5397717969e-04
361 5.3277742284e-01 1.4990948993e-04
362 5.3226958744e-01 1.5603076531e-04
363 5.3176657757e-01 1.5809130651e-04
364 5.3127893347e-01 1.6654862333e-04
365 5.3080830451e-01 1.5804570993e-04
366 5.3033932619e-01 1.5570446929e-04
367 5.2984044284e-01 1.5320387217e-04
368 5.2931738343e-01 1.6005617983e-04
369 5.2881093394e-01 1.5391290214e-04
370 5.2828157391e-01 1.5778681520e-04
371 5.2775517769e-01 1.6333025942e-04
372 5.2722372977e-01 1.8614350727e-04
373 5.2669646234e-01 2.0315167730e-04
374 5.2617362265e-01 2.0064108837e-04
375 5.2560811960e-01 1.7879755102e-04
376 5.2500802836e-01 1.6162204534e-04
377 5.2439918953e-01 1.6382321356e-04
378 5.2378434545e-01 1.5400984432e-04
379 5.2314662151e-01 1.4955079567e-04
380 5.2249454331e-01 1.6046182435e-04
381 5.2186121267e-01 1.5674263540e-04
382 5.2126635976e-01 1.6072737631e-04
383 5.2070232177e-01 1.5433884653e-04
384 5.2012669374e-01 1.5616363047e-04
385 5.1951103399e-01 1.5734084628e-04
386 5.1887585215e-01 1.6653198901e-04
387 5.1823466480e-01 1.7842641268e-04
388 5.1759041172e-01 1.8419184944e-04
389 5.1693558202e-01 1.9101185245e-04
390 5.1625386514e-01 1.7847638763e-04
391 5.1557053416e-01 1.6412440073e-04
392 5.1491056926e-01 1.6071870417e-04
393 5.1423968856e-01 1.6217423682e-04
394 5.1356493811e-01 1.6910407215e-04
395 5.1287958877e-01 1.8236088558e-04
396 5.1222510416e-01 2.0383440505e-04
397 5.1157003084e-01 2.1175006635e-04
398 5.1094569992e-01 2.1362720940e-04
399 5.1034490982e-01 1.9727568714e-04
400 5.0972941862e-01 1.8537688160e-04
401 5.0911632334e-01 1.9267517258e-04
402 5.0849278893e-01 2.0259163938e-04
403 5.0786170241e-01 1.9826399549e-04
404 5.0721850169e-01 1.9261287094e-04
405 5.0656289201e-01 1.7427729869e-04
406 5.0591920503e-01 1.5719778436e-04
407 5.0528518783e-01 1.5135095364e-04
408 5.0473794834e-01 1.5326979384e-04
409 5.0418080600e-01 1.6415272885e-04
410 5.0359770864e-01 1.6201733826e-04
411 5.0300150632e-01 1.5969748997e-04
412 5.0240009828e-01 1.5319753321e-04
413 5.0180388118e-01 1.4605566976e-04
414 5.0123003230e-01 1.4353977323e-04
415 5.0066516789e-01 1.4653041287e-04
416 5.0011536903e-01 1.3913372669e-04
417 4.9957056076e-01 1.3977353675e-04
418 4.9905138476e-01 1.4592093492e-04
419 4.9855580941e-01 1.5143168690e-04
420 4.9806704301e-01 1.4763526754e-04
421 4.9757344196e-01 1.5881348031e-04
422 4.9708339703e-01 1.6171394345e-04
423 4.9657833453e-01 1.5029438913e-04
424 4.9606622567e-01 1.6227621045e-04
425 4.9558871812e-01 1.8341406026e-04
426 4.9515158356e-01 1.9523032974e-04
427 4.9473195049e-01 1.7780836714e-04
428 4.9430462517e-01 1.5259506867e-04
429 4.9387421644e-01 1.3809720206e-04
430 4.9344476601e-01 1.2624816840e-04
431 4.9301280172e-01 1.2567079076e-04
432 4.9260446948e-01 1.2486294544e-04
433 4.9221878907e-01 1.2340499554e-04
434 4.9183221835e-01 1.2523868494e-04
435 4.9146104921e-01 1.2037036026e-04
436 4.9110516527e-01 1.2176751293e-04
437 4.9075341875e-01 1.2143974837e-04
438 4.9039396210e-01 1.2263946066e-04
439 4.9003044697e-01 1.2451784166e-04
440 4.8967297048e-01 1.2387626668e-04
441 4.8933358006e-01 1.2094786165e-04
442 4.8901313098e-01 1.2564020676e-04
443 4.8870265244e-01 1.3595319614e-04
444 4.8839659685e-01 1.3578370799e-04
445 4.8810026873e-01 1.4033527645e-04
446 4.8779927201e-01 1.5257157798e-04
447 4.8751442958e-01 1.4871124254e-04
448 4.8722642540e-01 1.2869132083e-04
449 4.8693275660e-01 1.2189124467e-04
450 4.8663005634e-01 1.1340119653e-04
451 4.8633841883e-01 1.0775304133e-04
452 4.8604363801e-01 1.0678922430e-04
453 4.8575269129e-01 1.1424433647e-04
454 4.8545381989e-01 1.1444842314e-04
455 4.8515265668e-01 1.0631304488e-04
456 4.8484883597e-01 1.1344141075e-04
457 4.8454923630e-01 1.0908272737e-04
458 4.8425354647e-01 1.1336133962e-04
459 4.8396047096e-01 1.0168768897e-04
460 4.8366849847e-01 1.0788015225e-04
461 4.8338098103e-01 1.0535818448e-04
462 4.8308535865e-01 1.0550803573e-04
463 4.8280086160e-01 1.1444880169e-04
464 4.8251410344e-01 1.1828066562e-04
465 4.8222823485e-01 1.2488507809e-04
466 4.8194713130e-01 1.3360252790e-04
467 4.8164097161e-01 1.2494711928e-04
468 4.8133521165e-01 1.2448671186e-04
469 4.8103950692e-01 1.2247897937e-04
470 4.8075517945e-01 1.1585968143e-04
471 4.8048130619e-01 1.1289672088e-04
472 4.8022038363e-01 1.0988949575e-04
473 4.7995657704e-01 1.1251358345e-04
474 4.7968840953e-01 1.1379450841e-04
475 4.7941778126e-01 1.0984566708e-04
476 4.7914188132e-01 1.0683138322e-04
477 4.7886564886e-01 1.0934820386e-04
478 4.7859821251e-01 1.1013174556e-04
479 4.7833948050e-01 1.2420285996e-04
480 4.7808595265e-01 1.4314871792e-04
481 4.7783357892e-01 1.3049601119e-04
482 4.7759119853e-01 1.2907730274e-04
483 4.7734523298e-01 1.0786638561e-04
484 4.7708428028e-01 9.9462658507e-05
485 4.7681682546e-01 9.8853695239e-05
486 4.7655388470e-01 9.4503401001e-05
487 4.7629431457e-01 9.6638158014e-05
488 4.7602940132e-01 9.5514211732e-05
489 4.7575822947e-01 9.8652542983e-05
490 4.7549988954e-01 1.0129663501e-04
491 4.7525563039e-01 9.9001583327e-05
492 4.7501985932e-01 1.0086484025e-04
493 4.7477772828e-01 9.5462339799e-05
494 4.7452974297e-01 9.3022053774e-05
495 4.7427935546e-01 9.3796543435e-05
496 4.7403749883e-01 9.4006850371e-05
497 4.7379291417e-01 9.4829442880e-05
498 4.7355799955e-01 8.9909767028e-05
499 4.7332267809e-01 9.0854764126e-05
500 4.7309360608e-01 9.4340152488e-05
501 4.7285077043e-01 9.6457659306e-05
502 4.7260315845e-01 9.5793687540e-05
503 4.7235991280e-01 1.0129764102e-04
504 4.7213117015e-01 1.1708329612e-04
505 4.7191859613e-01 1.2045650819e-04
506 4.7170494574e-01 1.1738742349e-04
507 4.7149115181e-01 1.0952451054e-04
508 4.7127307836e-01 9.7990794580e-05
509 4.7105297389e-01 9.6504861062e-05
510 4.7084050900e-01 9.6359039592e-05
511 4.7064178905e-01 8.7964906733e-05
512 4.7045101840e-01 8.2865155313e-05
513 4.7025289137e-01 8.4578626209e-05
514 4.7006469764e-01 9.2395268930e-05
515 4.6987084962e-01 8.6583514305e-05
516 4.6968547935e-01 8.9306074288e-05
517 4.6950130518e-01 8.2855155425e-05
518 4.6930825540e-01 8.4024521608e-05
519 4.6910806682e-01 9.1400919127e-05
520 4.6889734545e-01 9.2909042481e-05
521 4.6868411323e-01 9.2286776574e-05
522 4.6847765432e-01 9.1690974840e-05
523 4.6826498589e-01 9.1715312377e-05
524 4.6806235615e-01 8.9157719935e-05
525 4.6786420203e-01 8.9544702150e-05
526 4.6766797851e-01 9.3467635721e-05
527 4.6748052522e-01 9.0447376244e-05
528 4.6728687703e-01 9.4006431851e-05
529 4.6708870182e-01 8.8044148652e-05
530 4.6689518282e-01 8.4801512856e-05
531 4.6669753472e-01 8.0001177025e-05
532 4.6649998622e-01 8.5588862664e-05
533 4.6630355743e-01 9.4358299357e-05
534 4.6610861213e-01 1.0422483454e-04
535 4.6591432776e-01 1.1254070185e-04
536 4.6571940729e-01 1.1145711232e-04
537 4.6551282287e-01 1.0159110374e-04
538 4.6531254171e-01 1.0734279673e-04
539 4.6510874313e-01 1.0035081724e-04
540 4.6490789939e-01 9.6146524334e-05
541 4.6471118524e-01 9.0626812528e-05
542 4.6451529899e-01 8.4116286264e-05
543 4.6432083921e-01 8.2122732110e-05
544 4.6411742620e-01 8.8284670400e-05
545 4.6390668458e-01 8.6999941025e-05
546 4.6368889729e-01 8.2525544615e-05
547 4.6346892457e-01 7.9071867088e-05
548 4.6325385212e-01 8.4805703334e-05
549 4.6303690480e-01 8.1913846352e-05
550 4.6281432020e-01 7.9273743469e-05
551 4.6259130526e-01 8.0757777610e-05
552 4.6236778265e-01 8.8683250529e-05
553 4.6214265718e-01 8.9251503899e-05
554 4.6191404069e-01 9.1053357752e-05
555 4.6169046826e-01 9.9216144486e-05
556 4.6148004118e-01 1.1820659523e-04
557 4.6127610818e-01 1.1297611641e-04
558 4.6107180870e-01 1.0073536053e-04
559 4.6087309356e-01 8.7769032019e-05
560 4.6066571696e-01 8.0763795161e-05
561 4.6045422270e-01 8.0246365026e-05
562 4.6023909599e-01 8.2065826390e-05
563 4.6003895565e-01 8.4418340744e-05
564 4.5984397797e-01 8.5654221215e-05
565 4.5964050399e-01 8.5316418087e-05
566 4.5941264705e-01 8.3049906682e-05
567 4.5918145975e-01 8.0608538224e-05
568 4.5894777339e-01 8.1870905281e-05
569 4.5871900053e-01 8.0787731100e-05
570 4.5848888509e-01 8.1340149699e-05
571 4.5824928650e-01 8.0904471833e-05
572 4.5800528054e-01 8.7464010980e-05
573 4.5776934076e-01 9.2109919346e-05
574 4.5752755691e-01 8.8084714581e-05
575 4.5729470453e-01 8.9096193184e-05
576 4.5707610366e-01 9.3539970744e-05
577 4.5685716497e-01 9.5768006764e-05
578 4.5663616926e-01 8.8384383874e-05
579 4.5641293839e-01 8.0529770768e-05
580 4.5620140881e-01 8.2002487949e-05
581 4.5598406109e-01 8.9055110427e-05
582 4.5574784930e-01 9.1575991385e-05
583 4.5550788007e-01 1.0629434079e-04
584 4.5526784040e-01 1.1650201525e-04
585 4.5504010686e-01 1.1331103387e-04
586 4.5480724322e-01 9.9006803125e-05
587 4.5456151124e-01 9.1045266077e-05
588 4.5431233778e-01 8.6218759834e-05
589 4.5406581175e-01 8.5290845657e-05
590 4.5381121386e-01 8.6354804473e-05
591 4.5354943979e-01 8.9589743835e-05
592 4.5328670520e-01 9.1191484997e-05
593 4.5301540482e-01 8.6244307824e-05
594 4.5274567096e-01 8.7350797750e-05
595 4.5248426584e-01 9.1085696701e-05
596 4.5223024377e-01 8.9627069276e-05
597 4.5198026252e-01 9.0688611986e-05
598 4.5173118315e-01 8.7410281041e-05
599 4.5148781425e-01 8.6306106396e-05
600 4.5125835605e-01 9.3900713235e-05
601 4.5103527733e-01 1.0147079238e-04
602 4.5079101636e-01 9.5900177564e-05
603 4.5054908748e-01 9.4296976408e-05
604 4.5031375624e-01 9.6344468981e-05
605 4.5008037449e-01 9.3899585282e-05
606 4.4985044089e-01 8.8825940261e-05
607 4.4962960813e-01 8.7740073441e-05
608 4.4941742895e-01 8.6996576999e-05
609 4.4921206969e-01 8.5960993541e-05
610 4.4901672691e-01 8.4878066045e-05
611 4.4882434379e-01 8.2584794430e-05
612 4.4864140250e-01 7.9456668140e-05
613 4.4846452517e-01 8.1991594341e-05
614 4.4829137704e-01 7.8061748555e-05
615 4.4811804590e-01 8.6530305212e-05
616 4.4795323703e-01 9.7500511223e-05
617 4.4779801427e-01 9.7403455379e-05
618 4.4764559402e-01 7.9971717313e-05
619 4.4748754839e-01 6.9122479611e-05
620 4.4733709870e-01 7.7822149591e-05
621 4.4719067753e-01 8.3810016672e-05
622 4.4705267999e-01 8.0299001065e-05
623 4.4691277398e-01 7.6007550200e-05
624 4.4677516762e-01 7.6092452398e-05
625 4.4664340500e-01 8.2476634084e-05
626 4.4651921790e-01 8.4069095673e-05
627 4.4638927819e-01 7.2147533916e-05
628 4.4625416024e-01 6.3290967737e-05
629 4.4612272345e-01 6.1340609040e-05
630 4.4599942135e-01 5.8718358311e-05
631 4.4587819758e-01 5.6471950011e-05
632 4.4576106508e-01 5.3481279507e-05
633 4.4564289672e-01 5.4396564261e-05
634 4.4552479578e-01 5.4535665390e-05
635 4.4540454519e-01 5.7979328271e-05
636 4.4528119290e-01 5.9784823871e-05
637 4.4516367779e-01 6.6681624897e-05
638 4.4505103436e-01 6.7675519516e-05
639 4.4494320259e-01 6.7290084746e-05
640 4.4483880957e-01 6.7947380032e-05
641 4.4474044508e-01 6.6968381551e-05
642 4.4464259036e-01 6.2898737124e-05
643 4.4455089524e-01 6.7213193925e-05
644 4.4446393525e-01 6.9937955762e-05
645 4.4437624550e-01 6.5956273770e-05
646 4.4428684149e-01 6.0903756856e-05
647 4.4419777354e-01 6.2872703992e-05
648 4.4410976449e-01 5.8095432984e-05
649 4.4402134071e-01 5.4445642273e-05
650 4.4393239668e-01 5.1040064480e-05
651 4.4383967071e-01 5.0121281528e-05
652 4.4374884524e-01 4.8907934036e-05
653 4.4365953473e-01 4.9079236855e-05
654 4.4357161835e-01 4.6552405481e-05
655 4.4348550700e-01 4.5814358367e-05
656 4.4339989749e-01 4.4862366258e-05
657 4.4331724137e-01 4.4736752631e-05
658 4.4323533431e-01 4.4752026900e-05
659 4.4315434438e-01 4.4799085226e-05
660 4.4307262492e-01 5.0598269030e-05
661 4.4298959156e-01 5.7812862320e-05
662 4.4290537930e-01 6.0053535991e-05
663 4.4281667240e-01 5.5976122258e-05
664 4.4272161752e-01 5.0669594804e-05
665 4.4262770635e-01 4.9645339062e-05
666 4.4253266246e-01 5.1052538173e-05
667 4.4243296867e-01 4.7542936387e-05
668 4.4232861610e-01 4.3773806372e-05
669 4.4222503012e-01 4.4413980477e-05
670 4.4212311694e-01 4.5714209669e-05
671 4.4203043308e-01 4.7310819300e-05
672 4.4193157157e-01 4.4467325771e-05
673 4.4182713444e-01 4.3186071539e-05
674 4.4171514145e-01 4.3510038287e-05
675 4.4160457236e-01 4.5198706015e-05
676 4.4149208043e-01 4.6348069895e-05
677 4.4137801185e-01 4.8869329270e-05
678 4.4126718731e-01 5.0463422820e-05
679 4.4115478896e-01 5.4499260036e-05
680 4.4103899852e-01 5.7837448548e-05
681 4.4092176616e-01 6.0601866798e-05
682 4.4080209616e-01 5.8769980628e-05
683 4.4068378585e-01 5.4340195299e-05
684 4.4056903429e-01 4.8048320135e-05
685 4.4045861857e-01 4.9240360021e-05
686 4.4035222366e-01 5.3177040037e-05
687 4.4023892158e-01 4.9121391718e-05
688 4.4011956884e-01 4.7929376653e-05
689 4.3999912611e-01 5.1905994252e-05
690 4.3987970555e-01 6.3164883701e-05
691 4.3976503747e-01 6.7938060405e-05
692 4.3964639740e-01 5.7624874802e-05
693 4.3952057077e-01 4.8606291020e-05
694 4.3938611840e-01 4.5541325617e-05
695 4.3925690411e-01 4.5880117332e-05
696 4.3913108349e-01 4.3778397571e-05
697 4.3900592387e-01 4.3904998370e-05
698 4.3888504271e-01 4.2851456720e-05
699 4.3875920100e-01 4.3803781281e-05
700 4.3862581208e-01 4.3033314094e-05
701 4.3849419613e-01 4.4151942784e-05
702 4.3836855870e-01 4.5877157403e-05
703 4.3824767533e-01 4.6402320906e-05
704 4.3812747500e-01 4.4431264593e-05
705 4.3800419715e-01 4.3184899469e-05
706 4.3787939912e-01 3.9122266077e-05
707 4.3775436111e-01 4.1010516760e-05
708 4.3763583427e-01 4.2108167784e-05
709 4.3751670257e-01 4.4015184625e-05
710 4.3739762299e-01 4.4124771772e-05
711 4.3728512394e-01 4.0488490529e-05
712 4.3716787530e-01 3.7749801640e-05
713 4.3704821540e-01 3.9682010855e-05
714 4.3692756075e-01 3.9302254793e-05
715 4.3680950888e-01 3.9470562668e-05
716 4.3669262156e-01 3.7230502133e-05
717 4.3657757662e-01 3.8445459763e-05
718 4.3646330168e-01 3.7463158464e-05
719 4.3635292967e-01 3.7495203231e-05
720 4.3624000747e-01 3.6474712571e-05
721 4.3612850139e-01 3.7279138767e-05
722 4.3602103029e-01 3.6734555620e-05
723 4.3591021004e-01 3.5963519523e-05
724 4.3580207604e-01 3.5163371217e-05
725 4.3569378670e-01 3.4899551580e-05
726 4.3559370672e-01 3.4335257256e-05
727 4.3549947750e-01 3.5061700567e-05
728 4.3541281023e-01 3.5803666049e-05
729 4.3532786863e-01 3.4110022380e-05
730 4.3523947585e-01 3.3520764643e-05
731 4.3515016426e-01 3.2813488095e-05
732 4.3506438355e-01 3.4727598607e-05
733 4.3497710840e-01 3.8090177460e-05
734 4.3489468449e-01 4.3648275601e-05
735 4.3481257256e-01 4.4567931877e-05
736 4.3472983130e-01 4.2381143210e-05
737 4.3464964759e-01 3.7403519987e-05
738 4.3457139643e-01 3.1725830261e-05
739 4.3449311609e-01 3.0052297589e-05
740 4.3441447962e-01 2.8542164504e-05
741 4.3433806049e-01 3.0457027635e-05
742 4.3426612487e-01 3.1267332365e-05
743 4.3419598589e-01 2.9859533916e-05
744 4.3412540614e-01 2.8490695307e-05
745 4.3405275256e-01 2.8399634100e-05
746 4.3397722347e-01 2.7986762198e-05
747 4.3390248905e-01 2.7761202715e-05
748 4.3382783915e-01 2.6363812812e-05
749 4.3375797351e-01 2.6239726498e-05
750 4.3369330500e-01 2.7303830744e-05
751 4.3362652321e-01 2.9331136168e-05
752 4.3356141166e-01 3.1413877585e-05
753 4.3349950974e-01 3.3035777010e-05
754 4.3343882214e-01 3.1643036026e-05
755 4.3337885222e-01 2.9978383041e-05
756 4.3332133098e-01 2.9953694549e-05
757 4.3326566702e-01 2.7267888261e-05
758 4.3320640377e-01 2.3340146964e-05
759 4.3314519296e-01 2.2177240107e-05
760 4.3308260385e-01 2.3023707500e-05
761 4.3301983838e-01 2.3838419968e-05
762 4.3295536780e-01 2.3598420764e-05
763 4.3289452853e-01 2.6398473493e-05
764 4.3283522650e-01 2.9258904455e-05
765 4.3277749856e-01 3.3694158134e-05
766 4.3272047120e-01 3.3485259234e-05
767 4.3266567913e-01 2.9662260503e-05
768 4.3260893818e-01 2.8537209587e-05
769 4.3255540572e-01 3.1003619199e-05
770 4.3250271291e-01 3.0118912986e-05
771 4.3244877561e-01 2.7904086641e-05
772 4.3239140458e-01 2.5203526421e-05
773 4.3233532265e-01 2.4562237514e-05
774 4.3227736798e-01 2.3631774636e-05
775 4.3222070412e-01 2.2549395716e-05
776 4.3216480071e-01 2.2113152557e-05
777 4.3211217575e-01 2.2407837445e-05
778 4.3206304865e-01 2.1266535138e-05
779 4.3201111584e-01 2.0988700755e-05
780 4.3195824668e-01 2.2142204296e-05
781 4.3190361981e-01 2.1617207658e-05
782 4.3184656849e-01 2.1742075458e-05
783 4.3179093123e-01 2.1869310705e-05
784 4.3173521207e-01 2.0963350588e-05
785 4.3167704858e-01 2.0094882252e-05
786 4.3161737964e-01 2.0335492052e-05
787 4.3155597231e-01 1.9918948529e-05
788 4.3149390761e-01 1.9653414796e-05
789 4.3142936679e-01 2.0998217412e-05
790 4.3136803014e-01 2.1641601285e-05
791 4.3130732922e-01 2.2462560522e-05
792 4.3124729336e-01 2.2345769957e-05
793 4.3118440311e-01 2.0821439824e-05
794 4.3111992924e-01 2.0799884482e-05
795 4.3105468929e-01 2.2052694301e-05
796 4.3098980247e-01 2.4289532747e-05
797 4.3092573211e-01 2.8168958149e-05
798 4.3086092657e-01 2.9975051659e-05
799 4.3079201234e-01 2.8002198684e-05
800 4.3072021239e-01 2.4017631739e-05
801 4.3064709039e-01 2.1716081296e-05
802 4.3057375702e-01 2.0487291764e-05
803 4.3050076315e-01 2.0242689796e-05
804 4.3042879719e-01 2.0872032510e-05
805 4.3035292301e-01 2.0845982990e-05
806 4.3027051404e-01 2.1120656128e-05
807 4.3018604970e-01 2.0897145747e-05
808 4.3010035692e-01 2.0580465273e-05
809 4.3001655840e-01 2.0310781868e-05
810 4.2993325439e-01 2.0992592793e-05
811 4.2984621243e-01 2.0840476865e-05
812 4.2975891214e-01 2.0946563087e-05
813 4.2967329922e-01 2.0814227562e-05
814 4.2958672590e-01 2.0411976336e-05
815 4.2949961089e-01 2.0665012969e-05
816 4.2941191773e-01 2.1147108124e-05
817 4.2932324940e-01 2.1131040954e-05
818 4.2923222724e-01 2.1607189002e-05
819 4.2914077879e-01 2.2604974452e-05
820 4.2905334438e-01 2.2971034540e-05
821 4.2896671806e-01 2.2304722247e-05
822 4.2887367831e-01 2.1792079259e-05
823 4.2877271487e-01 2.1113847752e-05
824 4.2867502721e-01 2.1566404145e-05
825 4.2857572271e-01 2.1277412944e-05
826 4.2847672002e-01 2.1170371415e-05
827 4.2837271368e-01 2.2250593920e-05
828 4.2826352354e-01 2.2401784197e-05
829 4.2815485713e-01 2.2298908052e-05
830 4.2804732220e-01 2.1847748889e-05
831 4.2794138816e-01 2.3136890979e-05
832 4.2783913706e-01 2.3352742397e-05
833 4.2774146344e-01 2.3463756447e-05
834 4.2764103103e-01 2.5477342828e-05
835 4.2753511489e-01 2.7882140754e-05
836 4.2743154639e-01 3.1820746487e-05
837 4.2733318868e-01 3.1829185029e-05
838 4.2723217031e-01 2.6657661059e-05
839 4.2713063785e-01 2.5096808171e-05
840 4.2703390664e-01 2.6943669785e-05
841 4.2693952970e-01 2.7404320279e-05
842 4.2684421694e-01 2.6040996166e-05
843 4.2674674786e-01 2.5589048658e-05
844 4.2664802999e-01 2.8585933728e-05
845 4.2654701767e-01 3.2406680408e-05
846 4.2644943448e-01 3.0305322439e-05
847 4.2635210954e-01 2.6942704924e-05
848 4.2625654667e-01 2.4919087425e-05
849 4.2616459317e-01 2.1475461577e-05
850 4.2607256398e-01 2.0432224322e-05
851 4.2598490133e-01 2.0450667006e-05
852 4.2589899379e-01 1.9778035074e-05
853 4.2581481841e-01 2.0576429470e-05
854 4.2573112480e-01 2.3384144182e-05
855 4.2565339416e-01 2.9210604535e-05
856 4.2558297507e-01 2.9064776317e-05
857 4.2550944880e-01 2.4118690535e-05
858 4.2543451414e-01 1.9697940620e-05
859 4.2535736121e-01 1.8771379386e-05
860 4.2527804638e-01 1.8534057335e-05
861 4.2520102295e-01 1.8146461426e-05
862 4.2513119375e-01 1.7314314450e-05
863 4.2506154582e-01 1.7063576887e-05
864 4.2499071344e-01 1.6831137816e-05
865 4.2492310894e-01 1.6927898564e-05
866 4.2485701300e-01 1.7902784642e-05
867 4.2479220793e-01 1.8436668791e-05
868 4.2472759691e-01 2.0036436166e-05
869 4.2466410781e-01 2.2453837791e-05
870 4.2460358678e-01 2.4960690280e-05
871 4.2454542355e-01 2.4050796136e-05
872 4.2448504350e-01 1.9822933863e-05
873 4.2441841698e-01 1.7303036017e-05
874 4.2435269035e-01 1.7193569108e-05
875 4.2429189518e-01 1.7419508040e-05
876 4.2423469626e-01 1.6786755239e-05
877 4.2417692548e-01 1.6341021976e-05
878 4.2411641735e-01 1.6337859351e-05
879 4.2405628290e-01 1.5792845439e-05
880 4.2399510318e-01 1.5070546448e-05
881 4.2393720527e-01 1.5173782476e-05
882 4.2388166891e-01 1.5594462737e-05
883 4.2382488181e-01 1.4981054992e-05
884 4.2376795175e-01 1.5894548589e-05
885 4.2371440642e-01 1.5352589560e-05
886 4.2366115159e-01 1.4848839547e-05
887 4.2360560314e-01 1.4063038859e-05
888 4.2355000137e-01 1.4043889820e-05
889 4.2349484270e-01 1.3770252364e-05
890 4.2344072737e-01 1.4073201699e-05
891 4.2338472466e-01 1.3512778408e-05
892 4.2332829883e-01 1.3871942288e-05
893 4.2327212619e-01 1.3964977483e-05
894 4.2321473350e-01 1.3592474570e-05
895 4.2315860171e-01 1.3416168008e-05
896 4.2310214398e-01 1.4135380507e-05
897 4.2304910352e-01 1.4727637334e-05
898 4.2299938752e-01 1.4647744407e-05
899 4.2294807153e-01 1.3834222712e-05
900 4.2289229445e-01 1.3031398692e-05
901 4.2283579448e-01 1.3473191381e-05
902 4.2278271144e-01 1.5845774356e-05
903 4.2273248526e-01 1.8221392796e-05
904 4.2268139740e-01 1.9277293449e-05
905 4.2262951613e-01 1.8640857912e-05
906 4.2257802135e-01 1.6530753381e-05
907 4.2252446033e-01 1.4549194374e-05
908 4.2246817200e-01 1.4068247209e-05
909 4.2240963038e-01 1.3859756831e-05
910 4.2235180357e-01 1.4464332646e-05
911 4.2229575579e-01 1.6301953320e-05
912 4.2224313504e-01 1.5860055129e-05
913 4.2218773566e-01 1.3724167163e-05
914 4.2212803767e-01 1.3081048671e-05
915 4.2206931114e-01 1.3344024347e-05
916 4.2201349967e-01 1.5697317601e-05
917 4.2195918734e-01 1.6069813807e-05
918 4.2190235935e-01 1.4638217587e-05
919 4.2184379978e-01 1.3678746962e-05
920 4.2178635536e-01 1.3319886340e-05
921 4.2173056032e-01 1.3141029101e-05
922 4.2167488830e-01 1.2773213466e-05
923 4.2161900702e-01 1.3418298323e-05
924 4.2156227299e-01 1.3645228056e-05
925 4.2150302443e-01 1.4122617997e-05
926 4.2144464299e-01 1.4541622058e-05
927 4.2138980153e-01 1.3680277110e-05
928 4.2133354269e-01 1.3597038237e-05
929 4.2127677021e-01 1.5613687443e-05
930 4.2121995958e-01 1.5627911127e-05
931 4.2116260997e-01 1.4746948327e-05
932 4.2110349752e-01 1.4033801407e-05
933 4.2104567862e-01 1.2858209803e-05
934 4.2098752776e-01 1.3597394712e-05
935 4.2093111740e-01 1.5312725338e-05
936 4.2087698938e-01 1.5398896167e-05
937 4.2082270030e-01 1.4264463699e-05
938 4.2076678627e-01 1.3450152636e-05
939 4.2070960904e-01 1.2380181419e-05
940 4.2065142226e-01 1.2361434834e-05
941 4.2059278537e-01 1.2179380414e-05
942 4.2053363663e-01 1.2501939521e-05
943 4.2047443431e-01 1.2749781948e-05
944 4.2041500719e-01 1.4036912482e-05
945 4.2035571971e-01 1.5419930945e-05
946 4.2029804318e-01 1.7713769411e-05
947 4.2024328334e-01 1.8787590156e-05
948 4.2018793110e-01 1.5341490630e-05
949 4.2012978696e-01 1.3135485454e-05
950 4.2007022242e-01 1.3432729348e-05
951 4.2001049081e-01 1.6343658785e-05
952 4.1995636610e-01 1.9502527834e-05
953 4.1990075775e-01 1.6594782685e-05
954 4.1983885913e-01 1.3191606397e-05
955 4.1977756359e-01 1.1710247451e-05
956 4.1971765980e-01 1.2073722680e-05
957 4.1965932845e-01 1.2344508447e-05
958 4.1959898394e-01 1.3921117476e-05
959 4.1954215934e-01 1.3412153439e-05
960 4.1948106147e-01 1.2486047338e-05
961 4.1941509619e-01 1.2323749203e-05
962 4.1934662251e-01 1.2103282854e-05
963 4.1927544100e-01 1.2347211516e-05
964 4.1920682244e-01 1.3731514640e-05
965 4.1913871631e-01 1.4963686692e-05
966 4.1907225000e-01 1.5205188175e-05
967 4.1900414097e-01 1.4633776998e-05
968 4.1893299260e-01 1.4377826211e-05
969 4.1886229397e-01 1.5545685105e-05
970 4.1879620862e-01 1.7707206640e-05
971 4.1873142071e-01 1.8435922870e-05
972 4.1866779259e-01 1.6180376757e-05
973 4.1860006278e-01 1.4057781317e-05
974 4.1853135337e-01 1.3068142239e-05
975 4.1846162101e-01 1.2798292402e-05
976 4.1839080784e-01 1.3551371179e-05
977 4.1831535787e-01 1.3515649828e-05
978 4.1823820170e-01 1.4437261465e-05
979 4.1816435397e-01 1.5151797545e-05
980 4.1809235740e-01 1.4073671275e-05
981 4.1801318723e-01 1.2480691077e-05
982 4.1793340327e-01 1.2826985674e-05
983 4.1785348534e-01 1.4032278390e-05
984 4.1777583760e-01 1.5843577118e-05
985 4.1770120618e-01 1.8199580630e-05
986 4.1762506570e-01 1.6165803679e-05
987 4.1754340899e-01 1.4024533884e-05
988 4.1746125008e-01 1.3832195959e-05
989 4.1738305691e-01 1.3840792522e-05
990 4.1730581430e-01 1.4324293686e-05
991 4.1722302380e-01 1.4272467957e-05
992 4.1713638786e-01 1.4333790997e-05
993 4.1704794822e-01 1.5194148815e-05
994 4.1696000514e-01 1.6245742014e-05
995 4.1687188117e-01 1.8053967391e-05
996 4.1678430080e-01 1.8333437601e-05
997 4.1669282263e-01 1.7183487946e-05
998 4.1659940546e-01 1.5764538165e-05
999 4.1650519923e-01 1.5413140052e-05
1000 4.1641337549e-01 1.4365774517e-05
1001 4.1631808790e-01 1.3561677542e-05
1002 4.1622114694e-01 1.3035769319e-05
1003 4.1612706212e-01 1.3521045858e-05
1004 4.1603183790e-01 1.3762604758e-05
1005 4.1594413289e-01 1.4649790044e-05
1006 4.1585191824e-01 1.4493722351e-05
1007 4.1574697755e-01 1.4098986068e-05
1008 4.1563592861e-01 1.4630030163e-05
1009 4.1552573287e-01 1.4185878345e-05
1010 4.1541738269e-01 1.3813906662e-05
1011 4.1531167102e-01 1.3617558384e-05
1012 4.1520199794e-01 1.4895770389e-05
1013 4.1509045169e-01 1.5807761864e-05
1014 4.1497439693e-01 1.8857320042e-05
1015 4.1486142859e-01 2.2479221504e-05
1016 4.1475180558e-01 2.3713570449e-05
1017 4.1463994284e-01 2.0343717697e-05
1018 4.1451617082e-01 1.6519247263e-05
1019 4.1438810778e-01 1.5469073987e-05
1020 4.1425775271e-01 1.6248990633e-05
1021 4.1413299246e-01 1.7696557158e-05
1022 4.1400368226e-01 1.8865445093e-05
1023 4.1387221551e-01 1.8669534412e-05
1024 4.1373551932e-01 1.8079334472e-05
1025 4.1359462245e-01 1.7652571649e-05
1026 4.1345425743e-01 1.8525365070e-05
1027 4.1330828807e-01 1.8499756964e-05
1028 4.1316196751e-01 1.9019522390e-05
1029 4.1300919063e-01 2.0605867206e-05
1030 4.1286340940e-01 2.2668239947e-05
1031 4.1271981761e-01 2.1132755004e-05
1032 4.1257242616e-01 1.9100622814e-05
1033 4.1242795635e-01 1.8054141612e-05
1034 4.1228588388e-01 1.7888974353e-05
1035 4.1214714613e-01 1.9265924942e-05
1036 4.1199947437e-01 1.8090029711e-05
1037 4.1184698037e-01 1.7623189454e-05
1038 4.1168698756e-01 1.7312730834e-05
1039 4.1152132468e-01 1.7153098382e-05
1040 4.1134805637e-01 1.7305455891e-05
1041 4.1117611201e-01 1.7581186290e-05
1042 4.1099939647e-01 1.7436654339e-05
1043 4.1082712035e-01 1.6824183909e-05
1044 4.1066157661e-01 1.7285579776e-05
1045 4.1050816888e-01 1.7266064120e-05
1046 4.1034760290e-01 1.7273996678e-05
1047 4.1017614231e-01 1.7548863887e-05
1048 4.1000018733e-01 1.8005894238e-05
1049 4.0983016074e-01 2.1231882692e-05
1050 4.0966931565e-01 2.6040107448e-05
1051 4.0950801612e-01 2.6372836645e-05
1052 4.0934574616e-01 2.4589718491e-05
1053 4.0917732237e-01 2.1712788608e-05
1054 4.0900292965e-01 1.9524784015e-05
1055 4.0882113151e-01 1.8769694901e-05
1056 4.0864310816e-01 1.8628783734e-05
1057 4.0846628123e-01 1.8187372333e-05
1058 4.0829701024e-01 1.8472329344e-05
1059 4.0813414442e-01 1.8276782410e-05
1060 4.0796028337e-01 1.8566703056e-05
1061 4.0778487098e-01 1.9709714510e-05
1062 4.0760415717e-01 2.1237411882e-05
1063 4.0742363460e-01 2.3771454665e-05
1064 4.0725190142e-01 2.5973806806e-05
1065 4.0708266936e-01 2.4789399401e-05
1066 4.0690551455e-01 2.3489191606e-05
1067 4.0672885095e-01 2.3150318278e-05
1068 4.0655409196e-01 2.2273554396e-05
1069 4.0637105017e-01 2.0358283086e-05
1070 4.0618097355e-01 1.9966783768e-05
1071 4.0600430561e-01 2.1015028485e-05
1072 4.0583194519e-01 2.1043742669e-05
1073 4.0565424124e-01 2.0473502850e-05
1074 4.0546823991e-01 2.0045687352e-05
1075 4.0528389782e-01 2.0165016493e-05
1076 4.0509685717e-01 2.0976473377e-05
1077 4.0490851927e-01 2.3136116743e-05
1078 4.0472847205e-01 2.9049811118e-05
1079 4.0455755775e-01 2.9452107513e-05
1080 4.0437898741e-01 2.3551345946e-05
1081 4.0419217422e-01 1.9872840129e-05
1082 4.0399271635e-01 1.8522742731e-05
1083 4.0379183100e-01 1.8427408617e-05
1084 4.0359790655e-01 1.8029869014e-05
1085 4.0341367924e-01 1.7998728013e-05
1086 4.0322885345e-01 1.7618875144e-05
1087 4.0303838958e-01 1.7432692715e-05
1088 4.0284002005e-01 1.8535405085e-05
1089 4.0264262024e-01 1.7909351700e-05
1090 4.0244207239e-01 1.8083348811e-05
1091 4.0225166824e-01 1.8403340939e-05
1092 4.0206303180e-01 1.7983843774e-05
1093 4.0187473691e-01 1.8112756152e-05
1094 4.0168571537e-01 1.8603044693e-05
1095 4.0151144467e-01 1.9360551082e-05
1096 4.0134178513e-01 1.8926575194e-05
1097 4.0115999337e-01 1.8598523402e-05
1098 4.0096528189e-01 1.8569648784e-05
1099 4.0077846113e-01 1.7723722205e-05
1100 4.0058409182e-01 1.8576238618e-05
1101 4.0039484518e-01 1.8587489341e-05
1102 4.0021157474e-01 1.8182642159e-05
1103 4.0003283111e-01 1.7858150808e-05
1104 3.9985570365e-01 1.7716692759e-05
1105 3.9967868720e-01 1.7277919176e-05
1106 3.9950584333e-01 1.7374286675e-05
1107 3.9933802650e-01 1.7486072644e-05
1108 3.9917366534e-01 1.7468879512e-05
1109 3.9901421207e-01 1.7444549592e-05
1110 3.9886423237e-01 1.7525163222e-05
1111 3.9870933102e-01 1.7505094854e-05
1112 3.9856182671e-01 1.7016774164e-05
1113 3.9841939515e-01 1.6536894517e-05
1114 3.9827738648e-01 1.6093117039e-05
1115 3.9813006741e-01 1.5866567086e-05
1116 3.9798137113e-01 1.6419370251e-05
1117 3.9783326954e-01 1.7950437080e-05
1118 3.9769650282e-01 1.8660076325e-05
1119 3.9756051680e-01 1.7626154314e-05
1120 3.9741911211e-01 1.6573661922e-05
1121 3.9727687576e-01 1.6680069944e-05
1122 3.9714230388e-01 1.8187211121e-05
1123 3.9701645835e-01 2.0017051002e-05
1124 3.9689595369e-01 2.1061733971e-05
1125 3.9677684141e-01 2.1164125812e-05
1126 3.9665972447e-01 2.0925988642e-05
1127 3.9654720852e-01 1.8991431630e-05
1128 3.9642846067e-01 1.6602010147e-05
1129 3.9630665645e-01 1.5739097111e-05
1130 3.9618499432e-01 1.4797087876e-05
1131 3.9606824093e-01 1.5567524629e-05
1132 3.9595395496e-01 1.5887404857e-05
1133 3.9584529001e-01 1.5631778757e-05
1134 3.9573784774e-01 1.5213550695e-05
1135 3.9563160149e-01 1.4440781863e-05
1136 3.9552750094e-01 1.3659007448e-05
1137 3.9542721936e-01 1.2870495497e-05
1138 3.9532779327e-01 1.3149514763e-05
1139 3.9524008341e-01 1.2639421985e-05
1140 3.9515980732e-01 1.3168199057e-05
1141 3.9507938711e-01 1.2842946057e-05
1142 3.9500157057e-01 1.2842635981e-05
1143 3.9492397441e-01 1.1873155369e-05
1144 3.9484209234e-01 1.1809296104e-05
1145 3.9476015850e-01 1.2075318658e-05
1146 3.9467904270e-01 1.1432432660e-05
1147 3.9460008162e-01 1.2013217491e-05
1148 3.9452449374e-01 1.2443409620e-05
1149 3.9445024861e-01 1.3538338770e-05
1150 3.9437981070e-01 1.6688023365e-05
1151 3.9431561761e-01 1.8272019453e-05
1152 3.9425271737e-01 1.5772747401e-05
1153 3.9418428006e-01 1.2370171303e-05
1154 3.9411510280e-01 1.1356739671e-05
1155 3.9404499562e-01 1.0778988457e-05
1156 3.9397501863e-01 1.0697286903e-05
1157 3.9390467438e-01 1.1097488540e-05
1158 3.9383610255e-01 1.0784492574e-05
1159 3.9376970566e-01 1.0813584338e-05
1160 3.9370649938e-01 1.1289137891e-05
1161 3.9364581536e-01 1.1062060908e-05
1162 3.9358294722e-01 1.1079101877e-05
1163 3.9352108306e-01 1.1640185302e-05
1164 3.9346347499e-01 1.2310102580e-05
1165 3.9340419847e-01 1.1808757046e-05
1166 3.9334355256e-01 1.2009015821e-05
1167 3.9328255042e-01 1.3551293248e-05
1168 3.9322304796e-01 1.7206538236e-05
1169 3.9316852916e-01 1.6760715515e-05
1170 3.9310865905e-01 1.2545990359e-05
1171 3.9304331418e-01 1.0712151909e-05
1172 3.9297826471e-01 1.0632921590e-05
1173 3.9291638674e-01 1.1491583295e-05
1174 3.9285780898e-01 1.2845684062e-05
1175 3.9279833202e-01 1.3430238392e-05
1176 3.9273870509e-01 1.4030263404e-05
1177 3.9268008960e-01 1.4487725076e-05
1178 3.9262296236e-01 1.3744963906e-05
1179 3.9256483327e-01 1.1814316072e-05
1180 3.9250647356e-01 1.1151942300e-05
1181 3.9244496071e-01 1.0977510254e-05
1182 3.9238544818e-01 1.1285315325e-05
1183 3.9232553673e-01 1.1175112181e-05
1184 3.9226575603e-01 1.1211177843e-05
1185 3.9220643902e-01 1.1441366756e-05
1186 3.9214655052e-01 1.1470314639e-05
1187 3.9208500484e-01 1.0897210281e-05
1188 3.9202123735e-01 1.1493289532e-05
1189 3.9195883170e-01 1.2780131145e-05
1190 3.9189846720e-01 1.3843588363e-05
1191 3.9183659759e-01 1.3276275261e-05
1192 3.9177364850e-01 1.2341293559e-05
1193 3.9171529898e-01 1.1247922588e-05
1194 3.9165664160e-01 1.1025962595e-05
1195 3.9159578504e-01 1.0398115718e-05
1196 3.9153515758e-01 1.0698690722e-05
1197 3.9147516693e-01 1.0358331083e-05
1198 3.9141168237e-01 1.0497953040e-05
1199 3.9134985044e-01 1.0777052597e-05
1200 3.9129247956e-01 1.0640922197e-05
1201 3.9123747655e-01 1.0668128939e-05
1202 3.9118153073e-01 1.0214393484e-05
1203 3.9112685355e-01 1.0484447728e-05
1204 3.9107216281e-01 1.0669233765e-05
1205 3.9101691628e-01 1.0298458893e-05
1206 3.9096140228e-01 1.0289296465e-05
1207 3.9090667279e-01 1.0129792368e-05
1208 3.9085225880e-01 1.0356327427e-05
1209 3.9079737155e-01 9.9725552143e-06
1210 3.9074144090e-01 1.0353204661e-05
1211 3.9068531005e-01 1.0819483758e-05
1212 3.9063232766e-01 1.2214662410e-05
1213 3.9058221568e-01 1.3406030387e-05
1214 3.9053181521e-01 1.2321382066e-05
1215 3.9047749051e-01 1.0990491452e-05
1216 3.9042470094e-01 1.0869282279e-05
1217 3.9037499114e-01 9.6950350593e-06
1218 3.9032867434e-01 1.0197618056e-05
1219 3.9028043263e-01 1.0114194229e-05
1220 3.9022995732e-01 1.0108711746e-05
1221 3.9018022404e-01 1.0528104439e-05
1222 3.9013095489e-01 1.0923443061e-05
1223 3.9008175885e-01 1.1419359138e-05
1224 3.9003283992e-01 1.1736546588e-05
1225 3.8998396106e-01 1.2457911355e-05
1226 3.8993613647e-01 1.2123519704e-05
1227 3.8988682639e-01 1.1493382653e-05
1228 3.8983802489e-01 1.1225371794e-05
1229 3.8978877855e-01 1.0514463983e-05
1230 3.8973987563e-01 1.1307806641e-05
1231 3.8969080850e-01 1.2849879163e-05
1232 3.8964335715e-01 1.3939573702e-05
1233 3.8959585925e-01 1.2596133346e-05
1234 3.8954820134e-01 1.1529103352e-05
1235 3.8950035154e-01 1.0153784296e-05
1236 3.8944904547e-01 9.2229740296e-06
1237 3.8939554137e-01 9.2587637174e-06
1238 3.8934249845e-01 9.2176949400e-06
1239 3.8928939648e-01 9.8805747004e-06
1240 3.8923646753e-01 1.0273555479e-05
1241 3.8918413702e-01 9.7171010981e-06
1242 3.8913194534e-01 9.3336924922e-06
1243 3.8908429951e-01 8.9083849111e-06
1244 3.8903776240e-01 8.9928968631e-06
1245 3.8899070189e-01 9.1917794000e-06
1246 3.8894271154e-01 9.4822186618e-06
1247 3.8889372933e-01 9.9993541391e-06
1248 3.8884470907e-01 1.0143447585e-05
1249 3.8879944615e-01 9.3360670275e-06
1250 3.8875174226e-01 8.7490096038e-06
1251 3.8870467925e-01 8.8282812458e-06
1252 3.8865959605e-01 9.6042560266e-06
1253 3.8861457278e-01 9.4700539725e-06
1254 3.8856884868e-01 1.0621384974e-05
1255 3.8852512381e-01 1.1838054994e-05
1256 3.8848195138e-01 1.2379765457e-05
1257 3.8844043825e-01 1.1862888805e-05
1258 3.8839964451e-01 1.1561618325e-05
1259 3.8835902585e-01 1.0813089903e-05
1260 3.8831724450e-01 9.9799876886e-06
1261 3.8827641377e-01 9.4133965530e-06
1262 3.8823510272e-01 8.8152681607e-06
1263 3.8819361088e-01 8.4588410132e-06
1264 3.8815074059e-01 8.7688839048e-06
1265 3.8810765739e-01 9.7809412721e-06
1266 3.8806633787e-01 1.0755396228e-05
1267 3.8802495493e-01 1.0028067816e-05
1268 3.8798300356e-01 9.6484857412e-06
1269 3.8794161628e-01 9.9798382586e-06
1270 3.8790158876e-01 1.0453172286e-05
1271 3.8786079062e-01 1.0360365634e-05
1272 3.8781940359e-01 1.0623693025e-05
1273 3.8777875570e-01 1.0745066519e-05
1274 3.8773896535e-01 1.1639069334e-05
1275 3.8770063942e-01 1.1472379138e-05
1276 3.8766245434e-01 1.1501453254e-05
1277 3.8762369019e-01 1.1915221585e-05
1278 3.8758586283e-01 1.1982175824e-05
1279 3.8754642998e-01 1.0245138281e-05
1280 3.8750600766e-01 8.4502351150e-06
1281 3.8746395872e-01 8.5102490581e-06
1282 3.8742308611e-01 8.8381320397e-06
1283 3.8738181707e-01 9.2555139689e-06
1284 3.8733986647e-01 9.0999815664e-06
1285 3.8729598616e-01 9.1172773357e-06
1286 3.8725250143e-01 9.9398558293e-06
1287 3.8720855085e-01 9.2930134094e-06
1288 3.8716240812e-01 8.4920076057e-06
1289 3.8711521367e-01 8.3093589936e-06
1290 3.8706976221e-01 8.4400207431e-06
1291 3.8702572412e-01 8.8453940852e-06
1292 3.8698154455e-01 8.5362064513e-06
1293 3.8693786193e-01 8.8307773185e-06
1294 3.8689429634e-01 8.8633104078e-06
1295 3.8685197282e-01 9.1408639549e-06
1296 3.8680942241e-01 9.1570470088e-06
1297 3.8676412435e-01 8.4593577707e-06
1298 3.8671726775e-01 8.6180481751e-06
1299 3.8666879981e-01 9.1294027595e-06
1300 3.8662050088e-01 1.1084146929e-05
1301 3.8657405186e-01 1.2906596314e-05
1302 3.8652745312e-01 1.2706624607e-05
1303 3.8648122675e-01 1.2616070327e-05
1304 3.8643450609e-01 1.0716656938e-05
1305 3.8638619949e-01 9.3029053887e-06
1306 3.8633758881e-01 9.0471002180e-06
1307 3.8628883443e-01 9.1025712338e-06
1308 3.8623947529e-01 9.4113325571e-06
1309 3.8618763593e-01 9.4561207027e-06
1310 3.8613526262e-01 9.7060375524e-06
1311 3.8608737750e-01 9.6267502135e-06
1312 3.8603567567e-01 1.0447238521e-05
1313 3.8598531107e-01 1.1095770314e-05
1314 3.8593260851e-01 1.0233949654e-05
1315 3.8587909786e-01 9.3651245048e-06
1316 3.8582501616e-01 9.3208326298e-06
1317 3.8577146474e-01 9.5348406931e-06
1318 3.8571717019e-01 9.5562123750e-06
1319 3.8566465593e-01 9.2318981791e-06
1320 3.8560984393e-01 9.3235503052e-06
1321 3.8555485773e-01 1.0224159590e-05
1322 3.8549788698e-01 1.0113177039e-05
1323 3.8544037481e-01 9.7713920125e-06
1324 3.8538436774e-01 9.6907449074e-06
1325 3.8532750192e-01 1.0240374073e-05
1326 3.8526898392e-01 1.0704070485e-05
1327 3.8520986211e-01 1.0909455999e-05
1328 3.8514894032e-01 1.1036575669e-05
1329 3.8509077571e-01 1.0663427889e-05
1330 3.8503191823e-01 1.0766865911e-05
1331 3.8496990378e-01 9.9813230313e-06
1332 3.8490675419e-01 1.0390157411e-05
1333 3.8484256891e-01 1.0826208738e-05
1334 3.8477602449e-01 1.0903853129e-05
1335 3.8470814599e-01 1.1162801318e-05
1336 3.8463838016e-01 1.0613254826e-05
1337 3.8456865362e-01 1.0427631574e-05
1338 3.8449894924e-01 1.0494954203e-05
1339 3.8443196252e-01 1.1265974142e-05
1340 3.8436451699e-01 1.1740427719e-05
1341 3.8429093740e-01 1.3335049033e-05
1342 3.8422277663e-01 1.6374684857e-05
1343 3.8415796295e-01 1.6159847935e-05
1344 3.8409031200e-01 1.3145194616e-05
1345 3.8402066817e-01 1.1579396020e-05
1346 3.8395047604e-01 1.0886771137e-05
1347 3.8387813350e-01 1.1008212652e-05
1348 3.8380651258e-01 1.1537260909e-05
1349 3.8373793046e-01 1.1897680883e-05
1350 3.8367082299e-01 1.1972969394e-05
1351 3.8360090523e-01 1.1710438792e-05
1352 3.8353129247e-01 1.3091861658e-05
1353 3.8346296392e-01 1.5063761098e-05
1354 3.8339492412e-01 1.5465897710e-05
1355 3.8332967477e-01 1.4164017955e-05
1356 3.8326174193e-01 1.2112617530e-05
1357 3.8319222136e-01 1.1246715899e-05
1358 3.8312257452e-01 1.0769692311e-05
1359 3.8305495782e-01 1.1046554585e-05
1360 3.8299045732e-01 1.1908380911e-05
1361 3.8292935334e-01 1.2472305734e-05
1362 3.8286375858e-01 1.0669107799e-05
1363 3.8279597090e-01 9.9468489554e-06
1364 3.8272839042e-01 1.0332538975e-05
1365 3.8266411449e-01 1.1493670293e-05
1366 3.8260560178e-01 1.2121150414e-05
1367 3.8254339756e-01 1.0747074117e-05
1368 3.8248011168e-01 1.1032290596e-05
1369 3.8241823447e-01 1.0884676046e-05
1370 3.8235685332e-01 9.9254050123e-06
1371 3.8229628171e-01 9.6093809410e-06
1372 3.8223558801e-01 9.1185392692e-06
1373 3.8217297936e-01 9.9985778676e-06
1374 3.8211021168e-01 1.1285760547e-05
1375 3.8204697394e-01 1.3383513594e-05
1376 3.8198902995e-01 1.6217868779e-05
1377 3.8193495488e-01 1.4852561023e-05
1378 3.8187918876e-01 1.3284781957e-05
1379 3.8182243157e-01 1.2559727423e-05
1380 3.8176452801e-01 1.1178558533e-05
1381 3.8170485273e-01 1.0125212894e-05
1382 3.8164408131e-01 9.6706303212e-06
1383 3.8158333101e-01 9.4659785747e-06
1384 3.8152384571e-01 9.7780826100e-06
1385 3.8146572037e-01 1.0307128843e-05
1386 3.8141016582e-01 9.9921153911e-06
1387 3.8135355179e-01 9.6124554938e-06
1388 3.8129618317e-01 9.5809230333e-06
1389 3.8123812018e-01 9.4034451820e-06
1390 3.8118148642e-01 1.0010957604e-05
1391 3.8112718169e-01 1.1203443548e-05
1392 3.8107397804e-01 1.1854047667e-05
1393 3.8101989460e-01 1.2407708054e-05
1394 3.8096785559e-01 1.3423211463e-05
1395 3.8091773140e-01 1.2462711344e-05
1396 3.8086750113e-01 1.1146536391e-05
1397 3.8081647176e-01 9.7639771921e-06
1398 3.8076589713e-01 9.4111349796e-06
1399 3.8071635733e-01 8.9291583301e-06
1400 3.8066659128e-01 9.1130621217e-06
1401 3.8061897221e-01 9.5304464742e-06
1402 3.8057613651e-01 9.6014034452e-06
1403 3.8053371935e-01 8.8524076501e-06
1404 3.8048805879e-01 8.9261969657e-06
1405 3.8044180595e-01 9.5463558436e-06
1406 3.8039613670e-01 1.0709496510e-05
1407 3.8035334891e-01 1.2322166760e-05
1408 3.8031224769e-01 1.1984112164e-05
1409 3.8027265355e-01 1.1311790345e-05
1410 3.8023310686e-01 1.0247849426e-05
1411 3.8019376294e-01 1.0560206527e-05
1412 3.8015429987e-01 1.1469767460e-05
1413 3.8011430595e-01 1.1510297442e-05
1414 3.8007465730e-01 1.0934874546e-05
1415 3.8003436883e-01 9.5965359379e-06
1416 3.7999240872e-01 9.1046280361e-06
1417 3.7995107424e-01 8.7984163873e-06
1418 3.7991180992e-01 8.7769600104e-06
1419 3.7987291690e-01 8.4521122523e-06
1420 3.7983445082e-01 8.8813069372e-06
1421 3.7979503027e-01 8.5310971654e-06
1422 3.7975250280e-01 8.3090630514e-06
1423 3.7971063058e-01 8.1999645016e-06
1424 3.7966899931e-01 7.9277100364e-06
1425 3.7962869608e-01 7.8594725935e-06
1426 3.7959110800e-01 7.8406828814e-06
1427 3.7955586195e-01 7.2313288620e-06
1428 3.7952023586e-01 7.1476007155e-06
1429 3.7948337028e-01 7.5104200608e-06
1430 3.7944749517e-01 8.3066703453e-06
1431 3.7941233276e-01 9.0352975355e-06
1432 3.7937754590e-01 8.6522266722e-06
1433 3.7934296923e-01 7.6388421457e-06
1434 3.7931013677e-01 7.7606926335e-06
1435 3.7927726521e-01 8.4250289146e-06
1436 3.7924313676e-01 8.1368844531e-06
1437 3.7920885600e-01 7.4844107708e-06
1438 3.7917420488e-01 7.0230666281e-06
1439 3.7914157748e-01 6.7978269470e-06
1440 3.7911112388e-01 6.8828756169e-06
1441 3.7908117341e-01 6.8889336708e-06
1442 3.7905051815e-01 6.9652692148e-06
1443 3.7902003641e-01 7.0272606863e-06
1444 3.7899099431e-01 7.0467400590e-06
1445 3.7896249559e-01 7.1478459061e-06
1446 3.7893491402e-01 7.9824784682e-06
1447 3.7890740582e-01 8.6247594965e-06
1448 3.7887970198e-01 8.9848688597e-06
1449 3.7885306344e-01 8.8314767286e-06
1450 3.7882633108e-01 8.5474588586e-06
1451 3.7880058288e-01 8.7383158936e-06
1452 3.7877519970e-01 7.6456602292e-06
1453 3.7874951434e-01 6.9695936987e-06
1454 3.7872317708e-01 7.0345435090e-06
1455 3.7869910568e-01 8.6099519438e-06
1456 3.7867579443e-01 9.2569304802e-06
1457 3.7865278235e-01 8.5001911373e-06
1458 3.7862917204e-01 7.9405687056e-06
1459 3.7860551487e-01 7.0564674281e-06
1460 3.7858108827e-01 6.3117066867e-06
1461 3.7855623609e-01 5.8012967464e-06
1462 3.7853199738e-01 5.7349423171e-06
1463 3.7850817660e-01 5.9042966411e-06
1464 3.7848449054e-01 6.0161335054e-06
1465 3.7846037957e-01 5.9718343950e-06
1466 3.7843669981e-01 5.9300471726e-06
1467 3.7841477804e-01 6.3345805059e-06
1468 3.7839355778e-01 5.9229153176e-06
1469 3.7837114997e-01 6.0538201615e-06
1470 3.7834769812e-01 6.0157629651e-06
1471 3.7832448395e-01 6.2431840212e-06
1472 3.7830141742e-01 6.1754953914e-06
1473 3.7827916391e-01 5.9019612419e-06
1474 3.7825708806e-01 5.8435674244e-06
1475 3.7823555173e-01 5.7893709398e-06
1476 3.7821429297e-01 6.0288886000e-06
1477 3.7819331961e-01 6.4798820682e-06
1478 3.7817200018e-01 7.7758945627e-06
1479 3.7815157925e-01 9.4939586870e-06
1480 3.7813162990e-01 8.4775550290e-06
1481 3.7810994964e-01 6.9491291330e-06
1482 3.7808811452e-01 6.2513524769e-06
1483 3.7806667665e-01 6.1655688834e-06
1484 3.7804547989e-01 6.4396877200e-06
1485 3.7802418646e-01 6.9503642347e-06
1486 3.7800353209e-01 7.7791335457e-06
1487 3.7798340215e-01 7.6404970492e-06
1488 3.7796262569e-01 6.7654656392e-06
1489 3.7794205695e-01 6.2905657082e-06
1490 3.7792133186e-01 6.3290430493e-06
1491 3.7790189767e-01 7.2514319939e-06
1492 3.7788328738e-01 7.1558112375e-06
1493 3.7786451470e-01 6.1897938028e-06
1494 3.7784453929e-01 5.7226434944e-06
1495 3.7782479527e-01 5.7576959605e-06
1496 3.7780431901e-01 6.2442101696e-06
1497 3.7778463562e-01 6.8511924177e-06
1498 3.7776503324e-01 6.7226089694e-06
1499 3.7774537576e-01 6.5311153324e-06
1500 3.7772580427e-01 6.0256163433e-06
1501 3.7770593237e-01 5.6969265832e-06
1502 3.7768570175e-01 5.3933314149e-06
1503 3.7766545726e-01 5.3217641406e-06
1504 3.7764591140e-01 5.2912786429e-06
1505 3.7762656338e-01 5.2857150125e-06
1506 3.7760717945e-01 5.3988105103e-06
1507 3.7758793474e-01 5.3644380830e-06
1508 3.7756818760e-01 5.4851443435e-06
1509 3.7754789440e-01 5.7250623333e-06
1510 3.7752783312e-01 5.9005415004e-06
1511 3.7750793930e-01 5.9139317129e-06
1512 3.7748835337e-01 5.7762431750e-06
1513 3.7747009479e-01 5.8757434155e-06
1514 3.7745143094e-01 5.6949015224e-06
1515 3.7743227582e-01 5.7275003355e-06
1516 3.7741333541e-01 5.7285531791e-06
1517 3.7739396932e-01 6.0083834624e-06
1518 3.7737532180e-01 6.1593014648e-06
1519 3.7735626601e-01 5.9533224560e-06
1520 3.7733655871e-01 5.6257368276e-06
1521 3.7731573835e-01 5.6272648039e-06
1522 3.7729457847e-01 5.8952163124e-06
1523 3.7727357156e-01 6.3664092742e-06
1524 3.7725313374e-01 6.5103108237e-06
1525 3.7723279886e-01 6.2802185972e-06
1526 3.7721357551e-01 6.7527648793e-06
1527 3.7719541621e-01 6.6472352433e-06
1528 3.7717709688e-01 5.9098115075e-06
1529 3.7715730427e-01 5.7702093214e-06
1530 3.7713872946e-01 6.7864674855e-06
1531 3.7712075770e-01 7.3516706596e-06
1532 3.7710283605e-01 7.4146330820e-06
1533 3.7708444074e-01 7.0360438931e-06
1534 3.7706584475e-01 7.1381408718e-06
1535 3.7704754914e-01 7.4479731809e-06
1536 3.7702951645e-01 6.7269660347e-06
1537 3.7701004683e-01 5.6356176233e-06
1538 3.7699098577e-01 5.6238049523e-06
1539 3.7697218151e-01 5.8976616824e-06
1540 3.7695391080e-01 5.7633088431e-06
1541 3.7693455536e-01 5.4222608375e-06
1542 3.7691486983e-01 5.3311830411e-06
1543 3.7689680519e-01 5.7905355184e-06
1544 3.7688015761e-01 5.3211016391e-06
1545 3.7686159018e-01 5.2078882476e-06
1546 3.7684202826e-01 5.2718515704e-06
1547 3.7682266003e-01 5.7438901625e-06
1548 3.7680329217e-01 5.8916437600e-06
1549 3.7678419317e-01 6.4246247769e-06
1550 3.7676583597e-01 7.3454640812e-06
1551 3.7674779497e-01 7.5378213374e-06
1552 3.7672966374e-01 7.6414956308e-06
1553 3.7671148825e-01 7.0385336667e-06
1554 3.7669264564e-01 6.5614306784e-06
1555 3.7667376645e-01 6.0294406010e-06
1556 3.7665548659e-01 5.5140100891e-06
1557 3.7663681054e-01 5.0984811421e-06
1558 3.7661742803e-01 5.3510244519e-06
1559 3.7659784315e-01 5.7007896163e-06
1560 3.7657754427e-01 6.3127584682e-06
1561 3.7655728458e-01 7.4273083165e-06
1562 3.7653771461e-01 8.3688651155e-06
1563 3.7651904929e-01 8.3359520953e-06
1564 3.7649970308e-01 6.2592909723e-06
1565 3.7647935099e-01 5.2036906673e-06
1566 3.7645959127e-01 5.1288051346e-06
1567 3.7644018845e-01 4.9880637664e-06
1568 3.7642014140e-01 5.0353528645e-06
1569 3.7639910357e-01 5.1470052225e-06
1570 3.7637837200e-01 5.4996522259e-06
1571 3.7635916793e-01 5.7052525035e-06
1572 3.7634072734e-01 5.4945164668e-06
1573 3.7632129522e-01 5.5607311001e-06
1574 3.7630030355e-01 5.6150471828e-06
1575 3.7627878524e-01 5.6259065331e-06
1576 3.7625745830e-01 5.5203466744e-06
1577 3.7623519963e-01 5.6442669281e-06
1578 3.7621241672e-01 6.7636892227e-06
1579 3.7619005747e-01 8.1676318670e-06
1580 3.7616844611e-01 8.9134577958e-06
1581 3.7614683395e-01 8.1699110013e-06
1582 3.7612413564e-01 7.2521829770e-06
1583 3.7609993031e-01 7.2038014439e-06
1584 3.7607577251e-01 6.9652307264e-06
1585 3.7605015609e-01 6.5360896200e-06
1586 3.7602480799e-01 6.8027793805e-06
1587 3.7599833112e-01 7.2339674224e-06
1588 3.7597163253e-01 6.9173575930e-06
1589 3.7594454580e-01 6.4017686750e-06
1590 3.7591700293e-01 6.4023427976e-06
1591 3.7589047344e-01 6.4172363110e-06
1592 3.7586426249e-01 6.6295169477e-06
1593 3.7583815402e-01 6.7220017016e-06
1594 3.7581057988e-01 7.1692198708e-06
1595 3.7578388936e-01 7.4207783270e-06
1596 3.7575701458e-01 7.8015434564e-06
1597 3.7572994174e-01 8.1130818449e-06
1598 3.7570329965e-01 8.0986837812e-06
1599 3.7567671260e-01 7.8010178167e-06
1600 3.7564925829e-01 7.2331272147e-06
1601 3.7562111605e-01 7.3682037630e-06
1602 3.7559404573e-01 7.8999062694e-06
1603 3.7556702667e-01 7.2038818036e-06
1604 3.7553980630e-01 6.8325628412e-06
1605 3.7551293265e-01 6.8071076367e-06
1606 3.7548684789e-01 6.7552918506e-06
1607 3.7546123035e-01 6.8694492394e-06
1608 3.7543646699e-01 6.8059914632e-06
1609 3.7541250366e-01 6.9194660873e-06
1610 3.7538867033e-01 6.4374155573e-06
1611 3.7536396038e-01 6.3615135108e-06
1612 3.7533953182e-01 6.1813705539e-06
1613 3.7531634721e-01 5.9157993462e-06
1614 3.7529323542e-01 5.2862884887e-06
1615 3.7527000199e-01 5.2764905700e-06
1616 3.7524745987e-01 5.6805166469e-06
1617 3.7522641770e-01 5.6061618867e-06
1618 3.7520584200e-01 5.3272840919e-06
1619 3.7518448845e-01 5.1662615169e-06
1620 3.7516449091e-01 5.5003383618e-06
1621 3.7514639892e-01 5.5675416801e-06
1622 3.7512683389e-01 4.9541832531e-06
1623 3.7510640998e-01 5.2921001953e-06
1624 3.7508705245e-01 5.6797743090e-06
1625 3.7506854740e-01 5.1108951003e-06
1626 3.7505006849e-01 4.7920044252e-06
1627 3.7503175267e-01 5.3145473016e-06
1628 3.7501290621e-01 5.7754479033e-06
1629 3.7499417084e-01 6.1699560049e-06
1630 3.7497562109e-01 5.9207214552e-06
1631 3.7495708406e-01 5.4387661559e-06
1632 3.7493814190e-01 5.4919768554e-06
1633 3.7491977819e-01 7.2528138090e-06
1634 3.7490358077e-01 7.9590451417e-06
1635 3.7488653371e-01 6.3304907812e-06
1636 3.7486854866e-01 5.8206980690e-06
1637 3.7485096743e-01 7.0096633909e-06
1638 3.7483446674e-01 6.9339321561e-06
1639 3.7481711887e-01 5.8290172546e-06
1640 3.7479911429e-01 6.0714768740e-06
1641 3.7478276174e-01 7.0027262021e-06
1642 3.7476578791e-01 6.8815099414e-06
1643 3.7474897531e-01 6.6017936171e-06
1644 3.7473190443e-01 6.5335622437e-06
1645 3.7471498281e-01 6.5350698126e-06
1646 3.7469857540e-01 6.7486845601e-06
1647 3.7468276680e-01 6.4266740340e-06
1648 3.7466699478e-01 6.9684814931e-06
1649 3.7465146075e-01 7.4022026151e-06
1650 3.7463609014e-01 6.5063844728e-06
1651 3.7461997720e-01 5.6772262797e-06
1652 3.7460356070e-01 5.3174641737e-06
1653 3.7458759470e-01 5.0869832626e-06
1654 3.7457187621e-01 5.0531151397e-06
1655 3.7455632574e-01 5.2758572353e-06
1656 3.7454192042e-01 5.0586483051e-06
1657 3.7452774031e-01 4.5231994016e-06
1658 3.7451421815e-01 5.0090255407e-06
1659 3.7450037878e-01 5.3948203270e-06
1660 3.7448593180e-01 5.2427502542e-06
1661 3.7447115437e-01 4.6771647278e-06
1662 3.7445614428e-01 4.2641342713e-06
1663 3.7444204435e-01 4.2922274034e-06
1664 3.7442790816e-01 4.6696044357e-06
1665 3.7441383452e-01 4.8267953172e-06
1666 3.7439911370e-01 4.7727537381e-06
1667 3.7438453301e-01 4.4722193668e-06
1668 3.7437005406e-01 4.4679405008e-06
1669 3.7435576183e-01 4.7271890378e-06
1670 3.7434265021e-01 5.3657265069e-06
1671 3.7432989007e-01 6.3360049582e-06
1672 3.7431812388e-01 6.2230887411e-06
1673 3.7430586369e-01 5.2815877317e-06
1674 3.7429316701e-01 4.5109538467e-06
1675 3.7428084088e-01 4.4336504440e-06
1676 3.7426808220e-01 4.1232692826e-06
1677 3.7425552074e-01 4.1890008626e-06
1678 3.7424326190e-01 4.8619437790e-06
1679 3.7423235206e-01 5.4056798407e-06
1680 3.7422116504e-01 4.3842455085e-06
1681 3.7420916348e-01 3.9010299835e-06
1682 3.7419708272e-01 4.1316243298e-06
1683 3.7418558669e-01 4.8050682161e-06
1684 3.7417500557e-01 5.2448122196e-06
1685 3.7416440059e-01 5.1652462197e-06
1686 3.7415388201e-01 4.7190389167e-06
1687 3.7414288428e-01 4.0114419017e-06
1688 3.7413170099e-01 3.6940856906e-06
1689 3.7412050690e-01 3.6804908634e-06
1690 3.7410930428e-01 3.7527107879e-06
1691 3.7409815986e-01 3.8395939253e-06
1692 3.7408707528e-01 3.6168764299e-06
1693 3.7407573853e-01 3.4969082942e-06
1694 3.7406403924e-01 3.3846381439e-06
1695 3.7405247747e-01 3.5440390040e-06
1696 3.7404219401e-01 3.5628186617e-06
1697 3.7403201749e-01 3.3248587427e-06
1698 3.7402138590e-01 3.4336120287e-06
1699 3.7401062531e-01 3.4861917132e-06
1700 3.7400024551e-01 3.5524513118e-06
1701 3.7398995500e-01 3.4400934485e-06
1702 3.7397908600e-01 3.3824781408e-06
1703 3.7396813808e-01 3.4523700505e-06
1704 3.7395692400e-01 3.5433930918e-06
1705 3.7394595965e-01 3.7776534990e-06
1706 3.7393480323e-01 3.8000861180e-06
1707 3.7392358025e-01 3.8254702880e-06
1708 3.7391277296e-01 4.0382856416e-06
1709 3.7390227931e-01 4.1695692191e-06
1710 3.7389141606e-01 3.8088432019e-06
1711 3.7388008981e-01 3.4273489581e-06
1712 3.7386844795e-01 3.3931096729e-06
1713 3.7385714947e-01 3.3127536639e-06
1714 3.7384633689e-01 3.3976847676e-06
1715 3.7383535469e-01 3.3544023722e-06
1716 3.7382425155e-01 3.2166924645e-06
1717 3.7381318791e-01 3.1922924599e-06
1718 3.7380192580e-01 3.2342006272e-06
1719 3.7379111324e-01 3.1950792240e-06
1720 3.7378052245e-01 3.2625832008e-06
1721 3.7377021581e-01 3.2289528704e-06
1722 3.7375930789e-01 3.1585280342e-06
1723 3.7374847604e-01 3.2998881577e-06
1724 3.7373777093e-01 3.3977844698e-06
1725 3.7372652044e-01 3.3744084528e-06
1726 3.7371516859e-01 3.2906958371e-06
1727 3.7370351350e-01 3.4072210356e-06
1728 3.7369254789e-01 3.6893358520e-06
1729 3.7368220789e-01 3.4646797985e-06
1730 3.7367175114e-01 3.4271784942e-06
1731 3.7366066357e-01 3.4885463676e-06
1732 3.7364963226e-01 3.6431766587e-06
1733 3.7363879500e-01 3.8383036859e-06
1734 3.7362790747e-01 3.7316516016e-06
1735 3.7361647539e-01 3.6823226834e-06
1736 3.7360497325e-01 3.7683979710e-06
1737 3.7359359242e-01 3.6617756433e-06
1738 3.7358200927e-01 3.4429383707e-06
1739 3.7357026203e-01 3.5080859874e-06
1740 3.7355871558e-01 4.3213776376e-06
1741 3.7354789735e-01 5.8647912264e-06
1742 3.7353760458e-01 5.0108193037e-06
1743 3.7352602909e-01 3.7823348948e-06
1744 3.7351416897e-01 3.4280011006e-06
1745 3.7350227990e-01 3.6124024436e-06
1746 3.7349108064e-01 3.9192191037e-06
1747 3.7348042068e-01 3.7382142380e-06
1748 3.7346980333e-01 3.5075477550e-06
1749 3.7345891877e-01 3.8072438072e-06
1750 3.7344783580e-01 4.0438373506e-06
1751 3.7343602046e-01 4.0464660013e-06
1752 3.7342368050e-01 4.0614563031e-06
1753 3.7341163888e-01 4.5005790341e-06
1754 3.7340018403e-01 4.6360236569e-06
1755 3.7338875087e-01 3.9732321802e-06
1756 3.7337633791e-01 3.3808894320e-06
1757 3.7336416294e-01 3.3763916709e-06
1758 3.7335255168e-01 3.7593622422e-06
1759 3.7334099691e-01 4.5128454782e-06
1760 3.7332927814e-01 5.3087208086e-06
1761 3.7331791347e-01 4.8846794585e-06
1762 3.7330550636e-01 3.8814227953e-06
1763 3.7329232787e-01 3.3472338374e-06
1764 3.7327945242e-01 3.5264899995e-06
1765 3.7326751933e-01 4.1080013469e-06
1766 3.7325545998e-01 3.8029505184e-06
1767 3.7324202676e-01 3.4951819997e-06
1768 3.7322828966e-01 3.4639297121e-06
1769 3.7321444207e-01 3.6731951737e-06
1770 3.7320080867e-01 4.0442268569e-06
1771 3.7318734904e-01 4.7705621434e-06
1772 3.7317415486e-01 5.2714947935e-06
1773 3.7316076417e-01 4.8485578835e-06
1774 3.7314661775e-01 4.4039866991e-06
1775 3.7313292778e-01 4.1760251605e-06
1776 3.7311877982e-01 3.8343531133e-06
1777 3.7310449415e-01 3.6567648659e-06
1778 3.7309044646e-01 3.6759958803e-06
1779 3.7307676235e-01 3.7647188946e-06
1780 3.7306314608e-01 3.8657934462e-06
1781 3.7304959689e-01 4.0149008780e-06
1782 3.7303563197e-01 4.6224420540e-06
1783 3.7302256490e-01 5.4578399677e-06
1784 3.7300967761e-01 4.8105842880e-06
1785 3.7299604655e-01 3.7218798016e-06
1786 3.7298169023e-01 3.3303466997e-06
1787 3.7296780170e-01 3.3712690245e-06
1788 3.7295410920e-01 3.6105811327e-06
1789 3.7294062571e-01 3.7662020124e-06
1790 3.7292659294e-01 3.6609819693e-06
1791 3.7291312067e-01 3.5654115131e-06
1792 3.7289884421e-01 3.5036424516e-06
1793 3.7288378935e-01 3.7765954661e-06
1794 3.7286884894e-01 4.4836826769e-06
1795 3.7285467165e-01 4.8079780695e-06
1796 3.7284040769e-01 4.3772066148e-06
1797 3.7282546157e-01 3.9518496594e-06
1798 3.7281023739e-01 3.7998011794e-06
1799 3.7279516577e-01 3.8182829672e-06
1800 3.7278051698e-01 3.9477833679e-06
1801 3.7276646746e-01 3.6152666744e-06
1802 3.7275128984e-01 3.3179116044e-06
1803 3.7273545077e-01 3.2711492147e-06
1804 3.7271985818e-01 3.2497440060e-06
1805 3.7270467818e-01 3.2733697845e-06
1806 3.7268963046e-01 3.2173425261e-06
1807 3.7267441716e-01 3.1559241897e-06
1808 3.7265861430e-01 3.1445344151e-06
1809 3.7264254633e-01 3.0661564131e-06
1810 3.7262681199e-01 3.0965048610e-06
1811 3.7261179074e-01 3.2755913448e-06
1812 3.7259767184e-01 3.3153334643e-06
1813 3.7258339919e-01 3.3270610946e-06
1814 3.7256834578e-01 3.3343973234e-06
1815 3.7255335584e-01 3.5475512206e-06
1816 3.7253846628e-01 3.9504142230e-06
1817 3.7252414007e-01 4.2254288804e-06
1818 3.7250957881e-01 4.2541490122e-06
1819 3.7249576800e-01 4.0345767085e-06
1820 3.7248200086e-01 3.4755709026e-06
1821 3.7246806101e-01 3.1330565496e-06
1822 3.7245403632e-01 3.0171896407e-06
1823 3.7244078790e-01 3.0950158342e-06
1824 3.7242715847e-01 3.2986968193e-06
1825 3.7241366881e-01 3.5599183360e-06
1826 3.7240028786e-01 3.4714504966e-06
1827 3.7238617099e-01 3.2948598297e-06
1828 3.7237149243e-01 3.0176065002e-06
1829 3.7235757708e-01 3.0062182950e-06
1830 3.7234357283e-01 2.9254739321e-06
1831 3.7232975948e-01 3.0606888306e-06
1832 3.7231623405e-01 3.1212435946e-06
1833 3.7230356575e-01 3.2616352345e-06
1834 3.7229121616e-01 3.1695169540e-06
1835 3.7227826722e-01 3.0327416584e-06
1836 3.7226493972e-01 3.1568559069e-06
1837 3.7225148586e-01 3.1590665084e-06
1838 3.7223789744e-01 3.2723101800e-06
1839 3.7222403841e-01 3.4099074743e-06
1840 3.7221077656e-01 3.4963395286e-06
1841 3.7219728510e-01 3.7030869911e-06
1842 3.7218427110e-01 3.9149463158e-06
1843 3.7217160037e-01 4.1801458646e-06
1844 3.7215902642e-01 4.2194763019e-06
1845 3.7214668553e-01 4.2581709241e-06
1846 3.7213417334e-01 3.8740865572e-06
1847 3.7212118132e-01 3.6108123620e-06
1848 3.7210745777e-01 3.3131827564e-06
1849 3.7209357930e-01 3.2193089939e-06
1850 3.7207962515e-01 3.0227773338e-06
1851 3.7206581030e-01 2.9954865835e-06
1852 3.7205234662e-01 2.9614314389e-06
1853 3.7203875775e-01 3.0728993005e-06
1854 3.7202495786e-01 3.2604347016e-06
1855 3.7201203833e-01 3.8485711071e-06
1856 3.7200023890e-01 3.4807066039e-06
1857 3.7198804437e-01 2.8722781694e-06
1858 3.7197578160e-01 3.0778588403e-06
1859 3.7196383313e-01 3.6888179361e-06
1860 3.7195160976e-01 3.6964741047e-06
1861 3.7193869946e-01 3.3296952376e-06
1862 3.7192520219e-01 3.0608276508e-06
1863 3.7191112416e-01 2.9864807599e-06
1864 3.7189693760e-01 3.3960125492e-06
1865 3.7188410115e-01 4.5098531990e-06
1866 3.7187205434e-01 4.6918385646e-06
1867 3.7185963106e-01 3.8432176443e-06
1868 3.7184620156e-01 3.0406948999e-06
1869 3.7183212083e-01 2.9358251126e-06
1870 3.7181843919e-01 3.0966171494e-06
1871 3.7180522716e-01 3.1443197378e-06
1872 3.7179223191e-01 2.9783424945e-06
1873 3.7177921267e-01 2.8312412235e-06
1874 3.7176589576e-01 3.0365798655e-06
1875 3.7175339617e-01 3.1642312806e-06
1876 3.7173985702e-01 2.9109262582e-06
1877 3.7172574694e-01 2.8874469501e-06
1878 3.7171205137e-01 3.0815830954e-06
1879 3.7169804630e-01 3.0726300994e-06
1880 3.7168357251e-01 2.8880563691e-06
1881 3.7166869711e-01 2.7947708754e-06
1882 3.7165414487e-01 3.0925173792e-06
1883 3.7164084836e-01 3.4863251229e-06
1884 3.7162792469e-01 3.5168687006e-06
1885 3.7161355804e-01 3.3432401780e-06
1886 3.7159909541e-01 3.8537542697e-06
1887 3.7158537042e-01 4.1995899370e-06
1888 3.7157167966e-01 3.7983849659e-06
1889 3.7155636246e-01 3.2824546111e-06
1890 3.7154050795e-01 3.2355946485e-06
1891 3.7152468714e-01 3.3303361812e-06
1892 3.7150902994e-01 3.4507531619e-06
1893 3.7149347976e-01 3.7606474126e-06
1894 3.7147801738e-01 4.1689181595e-06
1895 3.7146244690e-01 4.2963775362e-06
1896 3.7144649139e-01 3.9215080782e-06
1897 3.7142976418e-01 3.4871938457e-06
1898 3.7141308205e-01 3.4123914995e-06
1899 3.7139752360e-01 3.0554753373e-06
1900 3.7138085800e-01 2.9915433332e-06
1901 3.7136378503e-01 3.0654039200e-06
1902 3.7134649060e-01 3.1229241647e-06
1903 3.7133010752e-01 3.1495609448e-06
1904 3.7131379800e-01 2.9860434222e-06
1905 3.7129681798e-01 3.2136913445e-06
1906 3.7128063189e-01 3.2959396394e-06
1907 3.7126369307e-01 3.0003396246e-06
1908 3.7124628734e-01 2.8905428058e-06
1909 3.7122971742e-01 2.9468572257e-06
1910 3.7121305317e-01 3.0265774164e-06
1911 3.7119550785e-01 2.9781040242e-06
1912 3.7117737305e-01 3.0368195735e-06
1913 3.7115820760e-01 2.9849746638e-06
1914 3.7113948695e-01 2.9631252565e-06
1915 3.7112112874e-01 2.9744978628e-06
1916 3.7110319503e-01 2.9583602970e-06
1917 3.7108468625e-01 2.8329590192e-06
1918 3.7106539713e-01 2.9143821006e-06
1919 3.7104569261e-01 2.9215793558e-06
1920 3.7102611702e-01 3.0207874163e-06
1921 3.7100732007e-01 3.3072642248e-06
1922 3.7098894568e-01 3.5051715696e-06
1923 3.7097043289e-01 3.6028708971e-06
1924 3.7095105639e-01 3.4105178650e-06
1925 3.7093122886e-01 3.3964309050e-06
1926 3.7091103496e-01 3.4609056711e-06
1927 3.7089001254e-01 3.4717187994e-06
1928 3.7086869929e-01 3.7496868528e-06
1929 3.7084799117e-01 3.5601388959e-06
1930 3.7082536794e-01 3.3315880615e-06
1931 3.7080322971e-01 3.3183881358e-06
1932 3.7078195407e-01 3.1800897533e-06
1933 3.7076060136e-01 3.0530726099e-06
1934 3.7073795541e-01 2.9796222850e-06
1935 3.7071552381e-01 3.0889561713e-06
1936 3.7069363620e-01 3.2336390626e-06
1937 3.7067332953e-01 3.5368306971e-06
1938 3.7065224906e-01 3.5617243797e-06
1939 3.7063172697e-01 3.4731499184e-06
1940 3.7061167068e-01 3.1993241925e-06
1941 3.7059124739e-01 3.0970249970e-06
1942 3.7057043239e-01 3.1062876091e-06
1943 3.7055041120e-01 3.2936118106e-06
1944 3.7052790222e-01 3.4330454317e-06
1945 3.7050603415e-01 3.9168080851e-06
1946 3.7048526026e-01 4.8217923101e-06
1947 3.7046573157e-01 4.9949638679e-06
1948 3.7044579539e-01 3.9894328271e-06
1949 3.7042468078e-01 3.2298778175e-06
1950 3.7040292234e-01 3.0375218308e-06
1951 3.7038095647e-01 3.0307566972e-06
1952 3.7035951762e-01 3.1316786983e-06
1953 3.7033858655e-01 3.1546418182e-06
1954 3.7031677419e-01 2.9847353139e-06
1955 3.7029424598e-01 3.0168682672e-06
1956 3.7027212299e-01 3.1598479244e-06
1957 3.7024955538e-01 3.5267730225e-06
1958 3.7022821137e-01 4.4279146854e-06
1959 3.7020772778e-01 5.1308357423e-06
1960 3.7018741495e-01 4.6807714404e-06
1961 3.7016560340e-01 3.7672150986e-06
1962 3.7014346512e-01 3.5912628684e-06
1963 3.7012217192e-01 3.7339449473e-06
1964 3.7010049759e-01 3.4132414796e-06
1965 3.7007922884e-01 3.3974950092e-06
1966 3.7005818516e-01 3.4727797132e-06
1967 3.7003723210e-01 3.6731552509e-06
1968 3.7001608045e-01 3.6551684995e-06
1969 3.6999383011e-01 3.4754343653e-06
1970 3.6997103030e-01 3.3656876089e-06
1971 3.6994758635e-01 3.4484607865e-06
1972 3.6992441164e-01 3.5496163577e-06
1973 3.6990065685e-01 3.3951527026e-06
1974 3.6987555652e-01 3.1887372822e-06
1975 3.6985029259e-01 3.1371689295e-06
1976 3.6982470039e-01 3.2100394772e-06
1977 3.6980005445e-01 3.7017367612e-06
1978 3.6977875033e-01 3.9203462783e-06
1979 3.6975737203e-01 3.3205811344e-06
1980 3.6973474899e-01 3.2943192857e-06
1981 3.6971211300e-01 3.9412913383e-06
1982 3.6969040347e-01 4.4757761323e-06
1983 3.6966789365e-01 4.3494425270e-06
1984 3.6964518274e-01 4.3380008068e-06
1985 3.6962320498e-01 4.4205252509e-06
1986 3.6960247964e-01 3.9927917304e-06
1987 3.6957996774e-01 3.5690203301e-06
1988 3.6955716232e-01 4.5587602213e-06
1989 3.6953655420e-01 5.5012641723e-06
1990 3.6951583385e-01 4.6793927142e-06
1991 3.6949289812e-01 3.4946896160e-06
1992 3.6946900569e-01 3.1123471738e-06
1993 3.6944488354e-01 3.0214062486e-06
1994 3.6942153523e-01 2.9940299839e-06
1995 3.6939866962e-01 3.1066242248e-06
1996 3.6937641316e-01 3.0973082363e-06
1997 3.6935397601e-01 3.4136827045e-06
1998 3.6933246467e-01 4.3081320543e-06
1999 3.6931247070e-01 5.0194524095e-06
