iter rel_error rel_residual
0 1.0537114124e+00 4.2533428606e-01
1 1.1503777090e+00 2.2409200097e-01
2 9.9987163586e-01 1.8504942856e-01
3 9.4516755485e-01 1.5255654599e-01
4 9.3814411781e-01 1.1367221097e-01
5 9.1024168720e-01 8.6185518626e-02
6 8.8428006392e-01 6.6723530083e-02
7 8.7089236091e-01 4.1907306812e-02
8 8.6097401576e-01 2.5653755857e-02
9 8.5449279307e-01 1.6638574820e-02
10 8.4808901628e-01 1.3251073201e-02
11 8.3933326469e-01 1.1228376208e-02
12 8.3133159627e-01 1.2099637869e-02
13 8.2193936595e-01 1.1405510487e-02
14 8.0738056118e-01 1.1711153084e-02
15 7.9513084216e-01 1.1599413230e-02
16 7.8445050581e-01 1.1135077534e-02
17 7.7299143196e-01 9.9469304176e-03
18 7.6570660280e-01 8.6258047080e-03
19 7.5979201194e-01 7.9745735143e-03
20 7.5269623845e-01 6.3978104164e-03
21 7.4709189676e-01 5.5761504815e-03
22 7.4222249845e-01 6.1142521184e-03
23 7.3694485852e-01 5.9116138040e-03
24 7.3174997834e-01 6.1682442828e-03
25 7.2703801912e-01 4.9852274407e-03
26 7.2207048469e-01 5.4332146579e-03
27 7.1726944081e-01 5.1919310270e-03
28 7.1310936339e-01 4.2942813659e-03
29 7.0914082307e-01 4.3023291952e-03
30 7.0588978229e-01 3.7702373574e-03
31 7.0351354297e-01 3.1188144345e-03
32 7.0140614198e-01 3.1367202837e-03
33 6.9952135619e-01 3.0369562803e-03
34 6.9782686381e-01 2.8420056647e-03
35 6.9608334556e-01 2.6113882157e-03
36 6.9438364640e-01 2.6444371722e-03
37 6.9284851135e-01 2.5704219861e-03
38 6.9134085258e-01 2.5422875058e-03
39 6.9010584342e-01 2.4675716294e-03
40 6.8905374250e-01 2.1510525196e-03
41 6.8816850765e-01 2.0793585416e-03
42 6.8737037743e-01 1.9886544679e-03
43 6.8655537331e-01 2.2277255024e-03
44 6.8564067678e-01 2.1310988449e-03
45 6.8467369242e-01 2.0055267841e-03
46 6.8378709369e-01 1.9540113225e-03
47 6.8300974271e-01 1.8238154738e-03
48 6.8236006756e-01 1.6837976534e-03
49 6.8186045578e-01 1.3189132695e-03
50 6.8136571695e-01 1.3005192894e-03
51 6.8088017746e-01 1.3112262738e-03
52 6.8036521260e-01 1.1801429828e-03
53 6.7975160562e-01 1.3319815777e-03
54 6.7906653380e-01 1.1477416576e-03
55 6.7841837796e-01 1.1192630636e-03
56 6.7782306195e-01 1.0546992050e-03
57 6.7727244811e-01 1.1236472250e-03
58 6.7676628020e-01 1.0655762961e-03
59 6.7624494993e-01 9.7017262217e-04
60 6.7567031268e-01 1.1039844962e-03
61 6.7493901254e-01 1.0206764513e-03
62 6.7414290180e-01 1.0187656596e-03
63 6.7332618701e-01 1.2246672480e-03
64 6.7251113492e-01 1.0557845988e-03
65 6.7181668428e-01 9.9388107577e-04
66 6.7118962228e-01 9.2914297236e-04
67 6.7065012274e-01 7.8046543283e-04
68 6.7015293004e-01 7.7831482726e-04
69 6.6964302143e-01 7.4092671710e-04
70 6.6911627642e-01 7.6950005871e-04
71 6.6855470955e-01 7.2689698856e-04
72 6.6794795699e-01 7.6593754506e-04
73 6.6737424620e-01 7.8912382061e-04
74 6.6679924188e-01 7.5236960697e-04
75 6.6630426281e-01 8.2566737929e-04
76 6.6585921389e-01 7.8067008680e-04
77 6.6540690583e-01 7.5427206959e-04
78 6.6494256138e-01 7.1308734837e-04
79 6.6444975012e-01 7.0044539024e-04
80 6.6397592162e-01 6.5676905393e-04
81 6.6352551912e-01 6.2276108002e-04
82 6.6308588734e-01 6.0602713771e-04
83 6.6269537630e-01 6.2555135085e-04
84 6.6233811760e-01 6.0319392223e-04
85 6.6200847509e-01 6.1914112595e-04
86 6.6169088623e-01 5.8894090263e-04
87 6.6135068742e-01 5.3780212500e-04
88 6.6100243429e-01 5.4703132846e-04
89 6.6063110687e-01 5.4075674506e-04
90 6.6026090379e-01 4.8824482523e-04
91 6.5990746039e-01 4.9834244668e-04
92 6.5958189777e-01 5.0531457443e-04
93 6.5926800144e-01 5.1873894131e-04
94 6.5893117327e-01 5.2319111475e-04
95 6.5855136894e-01 5.2731123545e-04
96 6.5816778523e-01 5.7444094334e-04
97 6.5773701524e-01 5.3842091109e-04
98 6.5732023513e-01 5.2687952564e-04
99 6.5691446612e-01 5.3852237710e-04
100 6.5650375529e-01 5.3027469472e-04
101 6.5610833316e-01 5.1527140266e-04
102 6.5569910060e-01 5.2376464002e-04
103 6.5528007494e-01 5.0429027031e-04
104 6.5485668500e-01 5.0071836160e-04
105 6.5440986491e-01 4.6157709105e-04
106 6.5396564546e-01 4.6871534507e-04
107 6.5351552586e-01 4.5613082129e-04
108 6.5303157517e-01 4.7716506520e-04
109 6.5253313806e-01 4.9812463409e-04
110 6.5204075224e-01 4.8813105893e-04
111 6.5151862875e-01 4.8628781824e-04
112 6.5098651497e-01 5.2079060474e-04
113 6.5042723369e-01 4.8144705003e-04
114 6.4987832158e-01 4.6344132177e-04
115 6.4929227990e-01 4.7366735624e-04
116 6.4873294405e-01 4.9932810060e-04
117 6.4814167769e-01 5.2689433240e-04
118 6.4754790764e-01 5.1984555539e-04
119 6.4696529667e-01 5.4077534100e-04
120 6.4637554036e-01 5.5269422508e-04
121 6.4579773898e-01 5.0944546650e-04
122 6.4522110348e-01 5.2487469345e-04
123 6.4461223478e-01 4.6828703155e-04
124 6.4398713723e-01 5.3435731207e-04
125 6.4336764727e-01 5.2041478488e-04
126 6.4275788538e-01 5.5639300452e-04
127 6.4217871423e-01 5.9038904538e-04
128 6.4155710563e-01 5.7740007567e-04
129 6.4094306996e-01 5.3470455897e-04
130 6.4028471331e-01 4.9279694582e-04
131 6.3964229694e-01 5.0110724328e-04
132 6.3895611853e-01 4.6399377464e-04
133 6.3826179401e-01 4.8222388898e-04
134 6.3758534234e-01 5.0322432303e-04
135 6.3690806600e-01 4.8093381424e-04
136 6.3626449282e-01 5.0658431728e-04
137 6.3562827013e-01 5.5528372445e-04
138 6.3499299944e-01 5.9574316679e-04
139 6.3434955663e-01 5.7001404979e-04
140 6.3365806323e-01 5.4193862721e-04
141 6.3294894764e-01 4.8790359510e-04
142 6.3222748759e-01 4.7523488651e-04
143 6.3150028197e-01 4.5861823310e-04
144 6.3078853362e-01 4.7006010495e-04
145 6.3006954716e-01 4.9349298864e-04
146 6.2932754630e-01 4.9201191967e-04
147 6.2858067999e-01 4.6795582739e-04
148 6.2782681916e-01 4.7157618758e-04
149 6.2710219977e-01 4.6187670756e-04
150 6.2644440112e-01 4.3080725261e-04
151 6.2577957308e-01 4.2667872257e-04
152 6.2511671921e-01 4.3086221041e-04
153 6.2443462954e-01 4.5913136419e-04
154 6.2376108345e-01 5.2030752885e-04
155 6.2310403057e-01 5.5831282209e-04
156 6.2243706403e-01 5.5377636909e-04
157 6.2171618306e-01 4.7436575221e-04
158 6.2100537369e-01 4.2792970830e-04
159 6.2027260056e-01 4.2609069921e-04
160 6.1957553224e-01 4.3451702175e-04
161 6.1891799721e-01 4.2082853445e-04
162 6.1828826658e-01 4.5827504901e-04
163 6.1763339258e-01 5.1541116414e-04
164 6.1701236622e-01 5.1612240126e-04
165 6.1634192899e-01 4.9267646128e-04
166 6.1562985616e-01 4.5708066455e-04
167 6.1492584207e-01 4.2797266418e-04
168 6.1425803064e-01 4.1940932746e-04
169 6.1361060677e-01 4.1293288469e-04
170 6.1302277095e-01 3.8656437500e-04
171 6.1243031599e-01 3.9406891710e-04
172 6.1179775227e-01 3.9069885800e-04
173 6.1116237099e-01 4.0540598678e-04
174 6.1053407119e-01 4.0227267847e-04
175 6.0987656542e-01 3.6780133223e-04
176 6.0926749592e-01 3.4816401361e-04
177 6.0866945331e-01 3.6002986044e-04
178 6.0809101203e-01 3.5726538458e-04
179 6.0748953284e-01 3.7784044588e-04
180 6.0687816066e-01 3.5451262623e-04
181 6.0628891124e-01 3.6247153535e-04
182 6.0571600236e-01 3.7519462557e-04
183 6.0514912933e-01 3.4463613206e-04
184 6.0462494419e-01 3.3581672394e-04
185 6.0410811277e-01 3.0192100097e-04
186 6.0366968413e-01 3.1641217759e-04
187 6.0323078303e-01 3.0476479691e-04
188 6.0275849884e-01 3.1368265180e-04
189 6.0228043870e-01 3.1849334232e-04
190 6.0176951570e-01 3.0247085452e-04
191 6.0126825608e-01 3.2039911804e-04
192 6.0077657288e-01 3.1380480048e-04
193 6.0026676674e-01 3.0100272815e-04
194 5.9977331416e-01 2.9662419627e-04
195 5.9927973688e-01 2.8337280150e-04
196 5.9878844694e-01 2.9605485432e-04
197 5.9830038252e-01 2.8994227914e-04
198 5.9783093803e-01 2.9380372730e-04
199 5.9738363857e-01 2.7975995068e-04
200 5.9695152197e-01 2.7344143136e-04
201 5.9653379075e-01 2.9436789826e-04
202 5.9610969494e-01 2.9026701367e-04
203 5.9567548983e-01 2.6843972654e-04
204 5.9524404916e-01 2.8361717006e-04
205 5.9479699972e-01 2.7850541258e-04
206 5.9432996303e-01 2.8237657050e-04
207 5.9387726049e-01 2.8264102299e-04
208 5.9342462735e-01 2.8738491810e-04
209 5.9298969861e-01 2.8144695303e-04
210 5.9255648609e-01 2.6679170186e-04
211 5.9210117522e-01 2.7723341146e-04
212 5.9163284762e-01 2.7796158423e-04
213 5.9114714802e-01 2.7524757141e-04
214 5.9064560999e-01 2.8380232218e-04
215 5.9013452542e-01 2.7362383089e-04
216 5.8968170153e-01 2.7758312945e-04
217 5.8920390271e-01 2.8613641483e-04
218 5.8873156806e-01 2.7386444797e-04
219 5.8823051123e-01 2.8949968355e-04
220 5.8771491853e-01 2.9467034797e-04
221 5.8719445149e-01 3.1816198978e-04
222 5.8668554821e-01 3.6340959179e-04
223 5.8621622824e-01 3.8098965456e-04
224 5.8575751839e-01 3.2426870216e-04
225 5.8529113973e-01 2.8146728351e-04
226 5.8479129057e-01 2.8181499858e-04
227 5.8427901873e-01 2.8225137765e-04
228 5.8377530008e-01 2.9017957559e-04
229 5.8330205369e-01 3.1660013337e-04
230 5.8281411027e-01 2.8670411630e-04
231 5.8230254734e-01 2.8605716379e-04
232 5.8180903366e-01 2.7067916923e-04
233 5.8131363220e-01 2.5960419549e-04
234 5.8086809241e-01 2.7233222335e-04
235 5.8041920932e-01 2.8653713498e-04
236 5.7998751068e-01 3.2799245250e-04
237 5.7957812041e-01 3.5480540989e-04
238 5.7914484216e-01 3.0567586290e-04
239 5.7871485628e-01 2.8411699554e-04
240 5.7826136463e-01 2.6749634920e-04
241 5.7779435233e-01 2.6774734428e-04
242 5.7732326561e-01 2.5803999507e-04
243 5.7685662587e-01 2.7267593092e-04
244 5.7639156054e-01 2.7083032457e-04
245 5.7592881525e-01 2.4980335299e-04
246 5.7547066012e-01 2.4905731452e-04
247 5.7503137461e-01 2.3075940430e-04
248 5.7461461212e-01 2.2323455965e-04
249 5.7424245614e-01 2.3503554130e-04
250 5.7386356201e-01 2.4843064167e-04
251 5.7350599656e-01 2.5827917038e-04
252 5.7314558658e-01 2.5608676882e-04
253 5.7277508867e-01 2.7327022825e-04
254 5.7242214926e-01 2.8172790481e-04
255 5.7207368134e-01 2.5822513722e-04
256 5.7171344529e-01 2.2481687597e-04
257 5.7135258596e-01 2.0983495382e-04
258 5.7100155095e-01 2.1959374204e-04
259 5.7067236640e-01 2.1116903845e-04
260 5.7035166648e-01 2.1643488106e-04
261 5.7003500901e-01 2.0528959170e-04
262 5.6967560322e-01 2.0128906831e-04
263 5.6931766479e-01 2.0711018347e-04
264 5.6897833146e-01 2.2022752492e-04
265 5.6863217849e-01 2.3788318282e-04
266 5.6831388340e-01 2.5744114805e-04
267 5.6801114567e-01 2.3731902039e-04
268 5.6770757953e-01 2.0866618345e-04
269 5.6740375763e-01 2.1169935158e-04
270 5.6710303988e-01 2.0973345036e-04
271 5.6679530497e-01 2.3501155112e-04
272 5.6647554507e-01 2.3992192854e-04
273 5.6616059042e-01 2.2677135121e-04
274 5.6584583842e-01 2.0742129292e-04
275 5.6552021277e-01 1.8807672231e-04
276 5.6520085388e-01 1.8311257476e-04
277 5.6489259749e-01 1.8914648626e-04
278 5.6458207084e-01 1.9256059395e-04
279 5.6425991004e-01 1.9363312744e-04
280 5.6392668933e-01 1.7512384395e-04
281 5.6359386110e-01 1.7862140156e-04
282 5.6326709171e-01 1.5970678728e-04
283 5.6294766282e-01 1.7238086888e-04
284 5.6261875553e-01 1.6997003220e-04
285 5.6229045930e-01 1.6999489424e-04
286 5.6196540666e-01 1.7222060327e-04
287 5.6163669618e-01 1.7733550139e-04
288 5.6130026967e-01 1.7362343853e-04
289 5.6096586358e-01 1.7253545010e-04
290 5.6063455873e-01 1.6123189805e-04
291 5.6028069596e-01 1.6699547910e-04
292 5.5992409270e-01 1.7633493799e-04
293 5.5956122577e-01 1.7611374800e-04
294 5.5921146526e-01 1.7418630295e-04
295 5.5887821584e-01 1.8029723085e-04
296 5.5853628724e-01 1.6972900871e-04
297 5.5818731581e-01 1.7862698008e-04
298 5.5783182968e-01 1.8057014552e-04
299 5.5747885856e-01 1.8257618560e-04
300 5.5713160083e-01 2.0087572095e-04
301 5.5678190780e-01 2.2003463467e-04
302 5.5645369393e-01 2.1430572606e-04
303 5.5612425175e-01 2.1345353432e-04
304 5.5580954643e-01 1.9433332721e-04
305 5.5549706543e-01 1.7525083550e-04
306 5.5517674034e-01 1.6982643231e-04
307 5.5486380046e-01 1.6432734277e-04
308 5.5454031262e-01 1.5686508892e-04
309 5.5423039221e-01 1.4677615635e-04
310 5.5392425517e-01 1.4625861318e-04
311 5.5362122009e-01 1.5729725398e-04
312 5.5332626593e-01 1.5187620524e-04
313 5.5302951465e-01 1.4797054298e-04
314 5.5274615030e-01 1.4792814550e-04
315 5.5246008786e-01 1.4071007712e-04
316 5.5217342744e-01 1.4365373188e-04
317 5.5187765783e-01 1.4191499684e-04
318 5.5157935456e-01 1.3449740985e-04
319 5.5128833662e-01 1.3329627270e-04
320 5.5100750226e-01 1.3385782673e-04
321 5.5071708923e-01 1.4668456934e-04
322 5.5041284202e-01 1.4720020328e-04
323 5.5010211387e-01 1.4479952428e-04
324 5.4977220829e-01 1.4806534800e-04
325 5.4942818567e-01 1.5524098384e-04
326 5.4907498779e-01 1.5048333682e-04
327 5.4872483417e-01 1.5889961928e-04
328 5.4838385964e-01 1.8026523120e-04
329 5.4806614004e-01 2.0306103071e-04
330 5.4774788063e-01 2.0251364302e-04
331 5.4742521490e-01 1.8091894044e-04
332 5.4707870407e-01 1.6001043073e-04
333 5.4670188511e-01 1.5566567633e-04
334 5.4630975805e-01 1.5069600965e-04
335 5.4593107346e-01 1.5519769862e-04
336 5.4554875073e-01 1.5836396492e-04
337 5.4518826252e-01 1.6386556307e-04
338 5.4482871260e-01 1.7756796227e-04
339 5.4446154337e-01 1.8765631931e-04
340 5.4407870823e-01 1.8993893727e-04
341 5.4368609822e-01 1.8632395125e-04
342 5.4326719443e-01 1.7760287709e-04
343 5.4283927738e-01 1.6802546867e-04
344 5.4239902574e-01 1.6224925867e-04
345 5.4196516163e-01 1.5638181418e-04
346 5.4152823359e-01 1.5597027520e-04
347 5.4109261343e-01 1.5564707326e-04
348 5.4068431257e-01 1.6096133479e-04
349 5.4029025573e-01 1.5092085714e-04
350 5.3990279749e-01 1.4446684832e-04
351 5.3951559717e-01 1.4733415614e-04
352 5.3910157267e-01 1.5398077736e-04
353 5.3869276478e-01 1.5570765379e-04
354 5.3826154592e-01 1.5407827675e-04
355 5.3780178861e-01 1.5884231673e-04
356 5.3732631820e-01 1.5777595688e-04
357 5.3685476999e-01 1.6290177866e-04
358 5.3637300260e-01 1.6512641005e-04
359 5.3587788464e-01 1.6959513511e-04
360 5.3537470734e-01 1.7684196198e-04
361 5.3485047026e-01 1.9323917263e-04
362 5.3434508616e-01 2.0148379239e-04
363 5.3384227496e-01 1.9447550854e-04
364 5.3333482261e-01 1.8877535138e-04
365 5.3282254221e-01 1.7575081634e-04
366 5.3231277874e-01 1.8559412098e-04
367 5.3179670070e-01 1.9741479086e-04
368 5.3126192272e-01 2.1518390961e-04
369 5.3075408916e-01 2.1030708857e-04
370 5.3021454196e-01 1.8662854716e-04
371 5.2964608577e-01 1.5427893120e-04
372 5.2907360363e-01 1.5460944384e-04
373 5.2852580779e-01 1.7014061388e-04
374 5.2800623254e-01 1.8311997186e-04
375 5.2743391981e-01 1.7529935667e-04
376 5.2682973279e-01 1.6324374994e-04
377 5.2621416874e-01 1.6690425608e-04
378 5.2560840423e-01 1.6361833582e-04
379 5.2498421675e-01 1.6987291496e-04
380 5.2434233221e-01 1.9041453958e-04
381 5.2369214145e-01 1.8391207655e-04
382 5.2307415319e-01 1.9541573003e-04
383 5.2246249750e-01 1.9590775667e-04
384 5.2185189174e-01 1.8897664248e-04
385 5.2124279346e-01 1.7502458932e-04
386 5.2062698291e-01 1.6771788561e-04
387 5.2002723001e-01 1.7997382058e-04
388 5.1939919099e-01 1.8114658342e-04
389 5.1871593750e-01 1.7567883397e-04
390 5.1800960318e-01 1.6830376703e-04
391 5.1730609743e-01 1.8036864190e-04
392 5.1664811879e-01 2.0729229373e-04
393 5.1599743897e-01 2.2962597144e-04
394 5.1536031913e-01 2.2679629364e-04
395 5.1470995011e-01 2.0758340971e-04
396 5.1406750297e-01 1.9295028587e-04
397 5.1340622807e-01 1.7429639292e-04
398 5.1276893351e-01 1.7463598331e-04
399 5.1212439856e-01 1.8483136036e-04
400 5.1149511611e-01 1.8568304440e-04
401 5.1087949419e-01 1.9289355629e-04
402 5.1025222032e-01 1.8317169427e-04
403 5.0962568906e-01 1.7215512390e-04
404 5.0897748630e-01 1.5886225231e-04
405 5.0835189846e-01 1.6080875466e-04
406 5.0775096626e-01 1.6068995600e-04
407 5.0717542099e-01 1.6882838402e-04
408 5.0661016233e-01 1.6290671939e-04
409 5.0600925136e-01 1.6324978250e-04
410 5.0539906176e-01 1.5918138619e-04
411 5.0478220300e-01 1.6557577504e-04
412 5.0417082486e-01 1.6539172954e-04
413 5.0357162865e-01 1.6367443735e-04
414 5.0299744410e-01 1.6894008009e-04
415 5.0242363061e-01 1.7293922189e-04
416 5.0187498659e-01 1.6904983700e-04
417 5.0133492709e-01 1.6231662813e-04
418 5.0081872399e-01 1.5850014998e-04
419 5.0030776615e-01 1.5384668333e-04
420 4.9979931829e-01 1.4806106637e-04
421 4.9927710304e-01 1.5348231864e-04
422 4.9875009117e-01 1.4817208201e-04
423 4.9821962305e-01 1.4258027536e-04
424 4.9768802456e-01 1.4881325328e-04
425 4.9717420407e-01 1.4354732334e-04
426 4.9668158485e-01 1.4632193429e-04
427 4.9621304608e-01 1.4683116320e-04
428 4.9574696815e-01 1.3950469661e-04
429 4.9530297697e-01 1.4872720053e-04
430 4.9486354274e-01 1.6771877280e-04
431 4.9445967338e-01 1.8821714655e-04
432 4.9408814191e-01 1.8847557929e-04
433 4.9372873591e-01 1.6728049784e-04
434 4.9335555023e-01 1.4429953109e-04
435 4.9298254607e-01 1.2965678704e-04
436 4.9262390286e-01 1.3119880080e-04
437 4.9226880840e-01 1.3502669120e-04
438 4.9191428533e-01 1.3278493671e-04
439 4.9155996265e-01 1.3852065787e-04
440 4.9121413989e-01 1.4276974833e-04
441 4.9088033470e-01 1.4827335728e-04
442 4.9055852246e-01 1.5647393234e-04
443 4.9025573404e-01 1.6219690666e-04
444 4.8995715341e-01 1.4601476930e-04
445 4.8965446189e-01 1.3379473267e-04
446 4.8933325885e-01 1.2928075724e-04
447 4.8901178319e-01 1.1680513277e-04
448 4.8869752750e-01 1.1829045810e-04
449 4.8838113025e-01 1.1829184863e-04
450 4.8807150770e-01 1.1110774649e-04
451 4.8777589457e-01 1.0814948610e-04
452 4.8747532207e-01 1.1002876856e-04
453 4.8719507593e-01 1.1466653817e-04
454 4.8690883402e-01 1.1540656939e-04
455 4.8661123631e-01 1.1391892123e-04
456 4.8630822778e-01 1.1675027497e-04
457 4.8600971886e-01 1.0911429429e-04
458 4.8570422863e-01 1.1299373003e-04
459 4.8538824830e-01 1.0736068614e-04
460 4.8508177487e-01 1.0580016403e-04
461 4.8479176281e-01 1.0757975796e-04
462 4.8449636551e-01 1.0569197619e-04
463 4.8421339281e-01 1.0596978923e-04
464 4.8393250341e-01 1.0444060308e-04
465 4.8364856815e-01 1.0632923325e-04
466 4.8335941752e-01 1.0814041307e-04
467 4.8305320782e-01 1.0652777884e-04
468 4.8274317546e-01 1.1207358593e-04
469 4.8243068191e-01 1.1396698200e-04
470 4.8213003559e-01 1.1219152080e-04
471 4.8183376270e-01 1.1282171288e-04
472 4.8154290834e-01 1.1438684325e-04
473 4.8124073855e-01 1.1892997502e-04
474 4.8094465625e-01 1.3244036757e-04
475 4.8066596620e-01 1.5579416704e-04
476 4.8040235022e-01 1.5615096232e-04
477 4.8014120848e-01 1.3394882447e-04
478 4.7988419263e-01 1.2203359033e-04
479 4.7962145605e-01 1.1545663245e-04
480 4.7935521789e-01 1.3000074732e-04
481 4.7911863275e-01 1.3138864764e-04
482 4.7887679978e-01 1.1380570864e-04
483 4.7862624956e-01 1.1344914869e-04
484 4.7837569685e-01 1.2986828407e-04
485 4.7812370054e-01 1.3776579988e-04
486 4.7787561030e-01 1.3269470400e-04
487 4.7763401381e-01 1.2685140771e-04
488 4.7738537544e-01 1.1047932293e-04
489 4.7712102738e-01 1.0262514855e-04
490 4.7686374174e-01 1.0531531940e-04
491 4.7660499553e-01 1.0286780261e-04
492 4.7634837705e-01 1.0305329092e-04
493 4.7610215117e-01 1.0477911279e-04
494 4.7586543188e-01 9.7381379112e-05
495 4.7564265909e-01 9.7268935023e-05
496 4.7543927199e-01 9.6568521711e-05
497 4.7522171128e-01 9.7210370349e-05
498 4.7499598872e-01 9.4961082979e-05
499 4.7476527952e-01 9.2860035178e-05
500 4.7454257062e-01 9.7994496441e-05
501 4.7431264623e-01 9.9133556274e-05
502 4.7408349856e-01 9.6817687428e-05
503 4.7385995551e-01 1.0376785075e-04
504 4.7364934790e-01 1.2193562058e-04
505 4.7344509632e-01 1.2122960584e-04
506 4.7323773486e-01 1.1250874833e-04
507 4.7302948644e-01 1.1058801840e-04
508 4.7281761398e-01 1.0074181719e-04
509 4.7260688466e-01 1.0009282611e-04
510 4.7240774487e-01 1.0066360204e-04
511 4.7221825390e-01 9.0012814661e-05
512 4.7203176361e-01 8.8614314249e-05
513 4.7183327436e-01 9.0054377048e-05
514 4.7164163892e-01 9.1245255486e-05
515 4.7145600583e-01 8.8917206601e-05
516 4.7127670336e-01 9.0072161589e-05
517 4.7109014692e-01 8.9133843597e-05
518 4.7089126935e-01 9.1906118984e-05
519 4.7068515782e-01 9.3832532039e-05
520 4.7046834868e-01 9.6249079511e-05
521 4.7024685658e-01 1.0471456995e-04
522 4.7003975495e-01 1.1057842103e-04
523 4.6983242981e-01 1.0729677258e-04
524 4.6963332321e-01 1.0343020992e-04
525 4.6943281160e-01 9.6373736644e-05
526 4.6923699683e-01 1.0439277227e-04
527 4.6903852259e-01 9.5861005484e-05
528 4.6883746791e-01 9.2014159639e-05
529 4.6863927504e-01 9.2401127069e-05
530 4.6844221481e-01 9.7293545784e-05
531 4.6824266135e-01 9.1833889977e-05
532 4.6804269508e-01 9.4019138240e-05
533 4.6784276427e-01 1.0242789371e-04
534 4.6764180108e-01 1.0578420954e-04
535 4.6743693127e-01 1.0828941323e-04
536 4.6722534922e-01 1.0759107340e-04
537 4.6700047603e-01 1.0326063937e-04
538 4.6678428499e-01 1.2337528468e-04
539 4.6657956346e-01 1.2932777466e-04
540 4.6637595587e-01 1.1036432655e-04
541 4.6617209343e-01 9.5770495816e-05
542 4.6597283417e-01 9.2547675060e-05
543 4.6577624525e-01 8.8775610596e-05
544 4.6556323775e-01 8.8073827148e-05
545 4.6534573967e-01 9.2189964504e-05
546 4.6512483464e-01 1.0305649760e-04
547 4.6490729311e-01 1.1464675273e-04
548 4.6470010240e-01 1.3155736021e-04
549 4.6448841955e-01 1.1968847612e-04
550 4.6426580462e-01 1.0461995626e-04
551 4.6403662888e-01 9.6233098423e-05
552 4.6380847042e-01 9.1164669508e-05
553 4.6357753974e-01 8.9919470478e-05
554 4.6334165282e-01 9.0602627358e-05
555 4.6310473072e-01 9.2756339844e-05
556 4.6286941149e-01 9.2507123543e-05
557 4.6263567902e-01 8.0386519232e-05
558 4.6241083723e-01 7.9608660654e-05
559 4.6219912530e-01 8.3406878025e-05
560 4.6198099630e-01 8.5990678609e-05
561 4.6177501577e-01 8.7795623041e-05
562 4.6157778152e-01 8.7157572672e-05
563 4.6138003781e-01 9.2586544522e-05
564 4.6115949127e-01 9.8243773800e-05
565 4.6092787153e-01 9.8019405662e-05
566 4.6068774117e-01 8.8185939600e-05
567 4.6045089434e-01 8.2402069673e-05
568 4.6021245329e-01 8.4151460890e-05
569 4.5997948933e-01 9.2247055586e-05
570 4.5974788534e-01 8.9554869740e-05
571 4.5950801634e-01 8.6253085728e-05
572 4.5926751998e-01 8.6336944299e-05
573 4.5904006007e-01 8.6017200367e-05
574 4.5880847908e-01 8.4860172875e-05
575 4.5858556211e-01 8.4554933421e-05
576 4.5836644749e-01 8.3467487279e-05
577 4.5813513124e-01 8.6364256156e-05
578 4.5790664597e-01 8.7887499470e-05
579 4.5767158478e-01 9.1982808804e-05
580 4.5744722523e-01 1.0029647807e-04
581 4.5721828888e-01 1.0799301577e-04
582 4.5698967297e-01 1.1965048019e-04
583 4.5676268866e-01 1.2889657459e-04
584 4.5653369245e-01 1.2308611368e-04
585 4.5630166752e-01 1.0845301575e-04
586 4.5606643291e-01 1.0669912520e-04
587 4.5583201387e-01 1.0519234578e-04
588 4.5559781580e-01 9.6350853500e-05
589 4.5535187448e-01 9.6163833431e-05
590 4.5510560589e-01 9.4977257559e-05
591 4.5485580289e-01 8.9477577653e-05
592 4.5462401197e-01 9.8869392254e-05
593 4.5439006677e-01 1.0320954432e-04
594 4.5415127969e-01 1.0148236465e-04
595 4.5391187889e-01 1.0206289469e-04
596 4.5366297800e-01 9.7594876034e-05
597 4.5341735649e-01 1.0084118285e-04
598 4.5317089973e-01 9.9055187286e-05
599 4.5293202492e-01 9.9133173020e-05
600 4.5269502274e-01 9.6932668386e-05
601 4.5245766413e-01 9.4143210202e-05
602 4.5221086948e-01 8.8853973230e-05
603 4.5196388952e-01 8.7500684939e-05
604 4.5172328404e-01 8.9519105290e-05
605 4.5149733397e-01 9.3361952118e-05
606 4.5128928512e-01 8.9760308462e-05
607 4.5108204389e-01 9.3412333416e-05
608 4.5086747371e-01 9.2632833981e-05
609 4.5065095886e-01 8.9285574510e-05
610 4.5044339034e-01 8.5005541520e-05
611 4.5024458186e-01 7.7622034182e-05
612 4.5005822597e-01 7.6012341714e-05
613 4.4987567508e-01 8.3862502213e-05
614 4.4970018290e-01 8.3426031343e-05
615 4.4952534340e-01 8.6519543874e-05
616 4.4935344024e-01 9.3293881240e-05
617 4.4919173703e-01 1.0809639431e-04
618 4.4903863031e-01 1.1346352130e-04
619 4.4888189551e-01 9.7514055251e-05
620 4.4872141652e-01 8.2671081290e-05
621 4.4855833905e-01 7.3028977976e-05
622 4.4840824891e-01 7.3841311185e-05
623 4.4826018435e-01 7.7760123223e-05
624 4.4813126461e-01 7.7284096789e-05
625 4.4801012062e-01 6.6451603832e-05
626 4.4788794741e-01 6.5748628456e-05
627 4.4776670671e-01 7.6733371244e-05
628 4.4764485816e-01 7.6325224349e-05
629 4.4751708374e-01 7.7191631754e-05
630 4.4739438135e-01 7.7391893596e-05
631 4.4727261021e-01 7.7855477653e-05
632 4.4715531801e-01 7.2996368926e-05
633 4.4703522040e-01 6.7036087007e-05
634 4.4691520402e-01 6.8567026991e-05
635 4.4679564647e-01 7.9239484195e-05
636 4.4668000289e-01 9.4303606672e-05
637 4.4656939287e-01 8.1720641766e-05
638 4.4645926395e-01 6.6906047674e-05
639 4.4635254261e-01 6.1190328879e-05
640 4.4624997826e-01 5.9258537686e-05
641 4.4615280105e-01 5.6173113740e-05
642 4.4605901238e-01 5.5695987567e-05
643 4.4596888575e-01 5.9346701726e-05
644 4.4587994295e-01 6.1007199580e-05
645 4.4578978448e-01 6.3663943881e-05
646 4.4569902794e-01 6.5694862055e-05
647 4.4561239499e-01 7.2303492388e-05
648 4.4552482907e-01 6.7475399305e-05
649 4.4543606821e-01 5.8112643182e-05
650 4.4534742795e-01 5.4849480437e-05
651 4.4526124636e-01 5.2580478922e-05
652 4.4517651584e-01 5.0652758915e-05
653 4.4509034776e-01 4.8898401941e-05
654 4.4500445153e-01 4.6181995652e-05
655 4.4492090263e-01 4.4253102540e-05
656 4.4483831238e-01 4.6183806138e-05
657 4.4476130845e-01 4.5433255368e-05
658 4.4468334624e-01 4.3795099408e-05
659 4.4460424541e-01 4.3823961732e-05
660 4.4452467086e-01 4.5208144320e-05
661 4.4444224071e-01 4.5682241048e-05
662 4.4435509492e-01 4.6671477702e-05
663 4.4426268604e-01 4.7460915892e-05
664 4.4416610853e-01 4.8060851334e-05
665 4.4406787032e-01 4.8597578217e-05
666 4.4396703855e-01 5.5381517616e-05
667 4.4387029650e-01 6.0014383599e-05
668 4.4377508890e-01 6.1957539499e-05
669 4.4368096619e-01 5.7105873579e-05
670 4.4358175027e-01 4.9023073283e-05
671 4.4348460218e-01 4.5387392576e-05
672 4.4339043979e-01 4.8249334408e-05
673 4.4329588322e-01 5.2325962472e-05
674 4.4319297679e-01 5.0500131739e-05
675 4.4308351278e-01 4.9928027154e-05
676 4.4296949183e-01 5.0120289246e-05
677 4.4285421363e-01 5.0158473371e-05
678 4.4274053767e-01 5.2759399152e-05
679 4.4262798627e-01 5.7422750610e-05
680 4.4251346965e-01 6.1256138953e-05
681 4.4239689964e-01 6.5972690465e-05
682 4.4227538618e-01 6.3461086662e-05
683 4.4215819360e-01 6.0846429681e-05
684 4.4204235855e-01 5.4975112255e-05
685 4.4192740986e-01 4.9496874564e-05
686 4.4180861268e-01 4.9702795877e-05
687 4.4168849144e-01 5.1709596026e-05
688 4.4156834589e-01 5.8628729197e-05
689 4.4145209472e-01 6.7874360122e-05
690 4.4133621352e-01 6.5764786965e-05
691 4.4121588629e-01 6.1603263480e-05
692 4.4109479370e-01 5.9627883520e-05
693 4.4097451519e-01 6.0631928676e-05
694 4.4085358689e-01 5.6101680122e-05
695 4.4073414892e-01 4.8032718135e-05
696 4.4061390113e-01 4.5853136114e-05
697 4.4049337762e-01 4.5362487104e-05
698 4.4037948372e-01 4.6187731320e-05
699 4.4026477336e-01 4.7796351403e-05
700 4.4014765221e-01 4.7894427817e-05
701 4.4003062924e-01 4.7141950968e-05
702 4.3991053309e-01 4.6476932785e-05
703 4.3978734091e-01 4.5293593368e-05
704 4.3966267894e-01 4.4182666615e-05
705 4.3954039329e-01 4.3602070391e-05
706 4.3941818494e-01 4.4095494086e-05
707 4.3929597824e-01 4.6541651035e-05
708 4.3917511445e-01 4.4134802000e-05
709 4.3905265977e-01 4.2638259740e-05
710 4.3893022460e-01 4.3268054488e-05
711 4.3880872033e-01 4.2070184830e-05
712 4.3869013271e-01 4.1544953817e-05
713 4.3857999850e-01 4.0546456674e-05
714 4.3847103729e-01 4.0616766973e-05
715 4.3836403195e-01 3.9863848162e-05
716 4.3825515643e-01 3.9404023334e-05
717 4.3814871422e-01 3.9787073635e-05
718 4.3804083997e-01 3.8921749751e-05
719 4.3793494873e-01 3.9855747202e-05
720 4.3782372082e-01 3.9232380673e-05
721 4.3771179666e-01 3.8866406047e-05
722 4.3760498157e-01 3.8333653931e-05
723 4.3749590184e-01 3.7396679134e-05
724 4.3738789581e-01 3.7196299101e-05
725 4.3728089587e-01 3.6372310811e-05
726 4.3718153103e-01 3.7150348328e-05
727 4.3708558438e-01 3.7854184507e-05
728 4.3699195046e-01 4.0230201872e-05
729 4.3690347492e-01 4.0699492711e-05
730 4.3681483454e-01 4.3172091137e-05
731 4.3672847031e-01 4.4162094182e-05
732 4.3664480052e-01 4.5894777561e-05
733 4.3655976761e-01 4.4803066715e-05
734 4.3647949454e-01 4.2685178965e-05
735 4.3639920232e-01 3.7106193574e-05
736 4.3631854946e-01 3.6651130042e-05
737 4.3624149180e-01 3.8905212305e-05
738 4.3616935589e-01 3.9197229645e-05
739 4.3609740521e-01 3.7743237916e-05
740 4.3602571242e-01 3.4856666444e-05
741 4.3595688254e-01 3.3183719830e-05
742 4.3588627950e-01 3.2445431906e-05
743 4.3581504120e-01 3.5973622521e-05
744 4.3574948986e-01 4.1093786221e-05
745 4.3568481188e-01 3.7239754110e-05
746 4.3561505064e-01 3.2435088945e-05
747 4.3553994227e-01 2.9275858098e-05
748 4.3546460355e-01 2.8754354959e-05
749 4.3539156229e-01 2.7444092239e-05
750 4.3532271352e-01 2.6911618529e-05
751 4.3525475276e-01 2.7523221573e-05
752 4.3519106279e-01 2.7996698307e-05
753 4.3512867500e-01 2.9972988310e-05
754 4.3506768911e-01 3.1515567876e-05
755 4.3500867440e-01 3.3613441370e-05
756 4.3495128258e-01 3.4437297928e-05
757 4.3489275771e-01 3.1447044959e-05
758 4.3483263140e-01 2.9741362020e-05
759 4.3477227591e-01 2.8951682662e-05
760 4.3471285782e-01 2.6679634265e-05
761 4.3465110547e-01 2.4759587236e-05
762 4.3458877499e-01 2.5284966349e-05
763 4.3452685508e-01 2.5100080260e-05
764 4.3446494086e-01 2.5206825580e-05
765 4.3440642326e-01 2.6482838667e-05
766 4.3434568929e-01 2.5650210848e-05
767 4.3428721015e-01 2.4886807585e-05
768 4.3422880894e-01 2.5189600887e-05
769 4.3417283975e-01 2.5706077609e-05
770 4.3411661612e-01 2.8716790016e-05
771 4.3406060697e-01 3.1736025210e-05
772 4.3400464467e-01 3.3407245337e-05
773 4.3394812639e-01 2.8478518651e-05
774 4.3388701304e-01 2.5248248001e-05
775 4.3382755531e-01 2.3608590548e-05
776 4.3376760899e-01 2.2198324419e-05
777 4.3370818745e-01 2.2065423328e-05
778 4.3365162555e-01 2.1879721415e-05
779 4.3359790610e-01 2.1233926638e-05
780 4.3354905722e-01 2.1616755010e-05
781 4.3349941674e-01 2.0862946889e-05
782 4.3344466099e-01 2.0738372203e-05
783 4.3338868901e-01 2.1025417769e-05
784 4.3333134176e-01 2.0656194745e-05
785 4.3327144762e-01 2.0078889463e-05
786 4.3321133048e-01 2.1218945043e-05
787 4.3314958780e-01 2.0875437747e-05
788 4.3308829831e-01 2.0959801305e-05
789 4.3302534137e-01 2.1056335250e-05
790 4.3296460630e-01 2.0321616554e-05
791 4.3290344240e-01 2.0140946207e-05
792 4.3284153596e-01 2.0298084682e-05
793 4.3277884688e-01 2.1397300423e-05
794 4.3271535666e-01 2.3110966877e-05
795 4.3265176653e-01 2.6880160657e-05
796 4.3258820757e-01 3.0333023451e-05
797 4.3252469484e-01 3.1245406397e-05
798 4.3246148088e-01 2.9027889336e-05
799 4.3239183267e-01 2.5468346345e-05
800 4.3231920368e-01 2.3124254018e-05
801 4.3224749439e-01 2.2899876366e-05
802 4.3217482623e-01 2.2040381544e-05
803 4.3210298586e-01 2.1011075570e-05
804 4.3202991718e-01 2.1365615264e-05
805 4.3195626738e-01 2.1870630482e-05
806 4.3188085811e-01 2.2314806355e-05
807 4.3180239016e-01 2.2639874242e-05
808 4.3172245033e-01 2.3152941656e-05
809 4.3164533733e-01 2.2406338478e-05
810 4.3156922114e-01 2.2945218376e-05
811 4.3148548312e-01 2.2989497945e-05
812 4.3140038969e-01 2.2858883919e-05
813 4.3131510780e-01 2.2109850888e-05
814 4.3122806918e-01 2.2625050495e-05
815 4.3114248366e-01 2.3848754225e-05
816 4.3105607806e-01 2.2482055842e-05
817 4.3096577463e-01 2.1667214145e-05
818 4.3087138270e-01 2.2461895247e-05
819 4.3077535655e-01 2.3136058201e-05
820 4.3067706910e-01 2.3420391997e-05
821 4.3058000476e-01 2.1981734769e-05
822 4.3048693183e-01 2.3892106627e-05
823 4.3039520953e-01 2.3185971124e-05
824 4.3030613202e-01 2.3999985779e-05
825 4.3021385711e-01 2.4429612962e-05
826 4.3011845904e-01 2.3764256134e-05
827 4.3001460397e-01 2.4511917656e-05
828 4.2990634994e-01 2.4515800943e-05
829 4.2979967647e-01 2.5228595171e-05
830 4.2969574447e-01 2.6019687481e-05
831 4.2959664488e-01 3.1857168116e-05
832 4.2950107445e-01 3.6479010895e-05
833 4.2940508445e-01 3.3281876207e-05
834 4.2930515052e-01 2.9012502674e-05
835 4.2920415088e-01 2.6468213629e-05
836 4.2910057757e-01 2.3702331574e-05
837 4.2899481529e-01 2.2769404758e-05
838 4.2889109432e-01 2.3232228875e-05
839 4.2878870477e-01 2.6237262144e-05
840 4.2868664694e-01 2.9214256001e-05
841 4.2858400842e-01 3.2377050274e-05
842 4.2848452853e-01 3.3508277194e-05
843 4.2838365197e-01 3.0147424745e-05
844 4.2828264804e-01 2.7637564761e-05
845 4.2817968902e-01 2.7007279520e-05
846 4.2808220296e-01 2.6064621902e-05
847 4.2798691217e-01 2.4827186308e-05
848 4.2789225728e-01 2.3477334806e-05
849 4.2780029849e-01 2.2052980729e-05
850 4.2771339188e-01 2.2931354346e-05
851 4.2763332838e-01 2.2803791104e-05
852 4.2755224505e-01 2.1346929578e-05
853 4.2747013023e-01 2.1007298047e-05
854 4.2738756274e-01 2.0405973064e-05
855 4.2730866053e-01 1.9090893204e-05
856 4.2723068900e-01 1.8641795638e-05
857 4.2715466719e-01 1.9700253719e-05
858 4.2708330588e-01 2.0651840507e-05
859 4.2701223190e-01 2.1942700240e-05
860 4.2694328577e-01 2.2684811779e-05
861 4.2687006302e-01 2.2834026636e-05
862 4.2679421556e-01 2.4731875898e-05
863 4.2672435175e-01 2.7501727913e-05
864 4.2666010566e-01 2.4502755087e-05
865 4.2659234892e-01 1.8747114184e-05
866 4.2652351521e-01 1.7509065621e-05
867 4.2645679237e-01 1.7858833759e-05
868 4.2639221625e-01 1.8145325435e-05
869 4.2632681488e-01 1.8629610605e-05
870 4.2626288235e-01 1.9406105132e-05
871 4.2620042002e-01 1.8798347728e-05
872 4.2613449781e-01 1.7548461348e-05
873 4.2606678691e-01 1.7990024993e-05
874 4.2599980257e-01 1.9594152697e-05
875 4.2593822328e-01 2.4521868091e-05
876 4.2588235959e-01 2.4950519363e-05
877 4.2582631961e-01 2.2657361609e-05
878 4.2576821213e-01 1.9512040700e-05
879 4.2570857883e-01 1.6978115152e-05
880 4.2564661537e-01 1.5635336704e-05
881 4.2558770672e-01 1.5527966650e-05
882 4.2553165279e-01 1.5335928962e-05
883 4.2547754239e-01 1.4727211628e-05
884 4.2542032422e-01 1.4661111932e-05
885 4.2536276267e-01 1.4692030115e-05
886 4.2530786667e-01 1.4905402734e-05
887 4.2525366920e-01 1.4946725180e-05
888 4.2520140841e-01 1.5485671334e-05
889 4.2514830703e-01 1.5293448037e-05
890 4.2509751703e-01 1.4739085995e-05
891 4.2504500716e-01 1.4332936095e-05
892 4.2499058083e-01 1.4279704497e-05
893 4.2493387343e-01 1.3958220785e-05
894 4.2487600788e-01 1.3900048491e-05
895 4.2482036824e-01 1.4039309467e-05
896 4.2476455195e-01 1.4287658364e-05
897 4.2470962457e-01 1.4587115976e-05
898 4.2465386284e-01 1.4850649999e-05
899 4.2459899665e-01 1.5748070368e-05
900 4.2454585288e-01 1.7976478879e-05
901 4.2449304995e-01 1.9713277200e-05
902 4.2444253883e-01 2.0795182232e-05
903 4.2439377747e-01 1.8587813196e-05
904 4.2434152982e-01 1.5649222033e-05
905 4.2428631763e-01 1.4890935618e-05
906 4.2423001191e-01 1.5923118179e-05
907 4.2417318692e-01 1.7534993082e-05
908 4.2411643585e-01 1.9592052934e-05
909 4.2406019047e-01 1.8883477339e-05
910 4.2400263718e-01 1.5615462159e-05
911 4.2394091768e-01 1.4011042109e-05
912 4.2388106291e-01 1.4475276742e-05
913 4.2382701743e-01 1.5428123287e-05
914 4.2377399921e-01 1.4822632891e-05
915 4.2371491205e-01 1.3748827732e-05
916 4.2365546374e-01 1.4879951168e-05
917 4.2359679300e-01 1.6195367245e-05
918 4.2353924000e-01 1.7126172800e-05
919 4.2348180629e-01 1.7977510133e-05
920 4.2342485053e-01 1.6456946441e-05
921 4.2336671784e-01 1.5282080543e-05
922 4.2330687010e-01 1.4386125881e-05
923 4.2324703388e-01 1.4926198148e-05
924 4.2318725272e-01 1.5432623681e-05
925 4.2312413154e-01 1.5981640216e-05
926 4.2305970714e-01 1.8669731159e-05
927 4.2300130184e-01 2.2004121820e-05
928 4.2294684793e-01 1.9237922134e-05
929 4.2289037732e-01 1.6101354946e-05
930 4.2283030587e-01 1.4670647607e-05
931 4.2277059932e-01 1.5254742628e-05
932 4.2271287190e-01 1.6855734497e-05
933 4.2266094863e-01 1.6023615703e-05
934 4.2260771747e-01 1.3534088349e-05
935 4.2255422046e-01 1.4653880535e-05
936 4.2250063202e-01 1.6226249368e-05
937 4.2244555505e-01 1.6183599451e-05
938 4.2238961855e-01 1.5516252335e-05
939 4.2233374835e-01 1.4607276546e-05
940 4.2227764429e-01 1.5313788153e-05
941 4.2222267534e-01 1.5023734845e-05
942 4.2216672524e-01 1.5522363734e-05
943 4.2211063945e-01 1.5191996027e-05
944 4.2205084817e-01 1.4334300762e-05
945 4.2199003681e-01 1.4019368969e-05
946 4.2193294300e-01 1.3107773909e-05
947 4.2187827501e-01 1.3033142353e-05
948 4.2182218209e-01 1.3499265950e-05
949 4.2176627193e-01 1.4497585701e-05
950 4.2171052345e-01 1.5474913148e-05
951 4.2165482713e-01 1.6430486754e-05
952 4.2159925643e-01 1.5679145201e-05
953 4.2154211944e-01 1.5447471255e-05
954 4.2148469936e-01 1.7083602797e-05
955 4.2143042802e-01 1.7503812750e-05
956 4.2137292486e-01 1.4857178861e-05
957 4.2130995990e-01 1.3338875443e-05
958 4.2124666469e-01 1.4217159919e-05
959 4.2118589623e-01 1.6890557195e-05
960 4.2112742465e-01 1.8218664181e-05
961 4.2106697110e-01 1.5551854283e-05
962 4.2100238493e-01 1.3508825201e-05
963 4.2093617548e-01 1.3439218282e-05
964 4.2087397126e-01 1.5612125571e-05
965 4.2081226845e-01 1.6631283124e-05
966 4.2074979820e-01 1.5973380948e-05
967 4.2068398604e-01 1.4782993207e-05
968 4.2061637362e-01 1.4293611345e-05
969 4.2054771711e-01 1.3753088914e-05
970 4.2047836067e-01 1.4142463890e-05
971 4.2041196366e-01 1.3756773671e-05
972 4.2034808012e-01 1.3457396025e-05
973 4.2028505488e-01 1.2709639552e-05
974 4.2022090820e-01 1.2389605576e-05
975 4.2015111372e-01 1.2718817816e-05
976 4.2007828460e-01 1.2938942820e-05
977 4.2000570959e-01 1.5650330397e-05
978 4.1993646678e-01 1.7916094649e-05
979 4.1986683381e-01 1.6885038412e-05
980 4.1979411782e-01 1.5213249756e-05
981 4.1971834458e-01 1.3879407467e-05
982 4.1964559311e-01 1.4172081576e-05
983 4.1957244889e-01 1.3565207920e-05
984 4.1949841382e-01 1.2995231417e-05
985 4.1942508510e-01 1.3326110634e-05
986 4.1934970571e-01 1.3109513610e-05
987 4.1927211087e-01 1.3892183154e-05
988 4.1919746134e-01 1.4986821293e-05
989 4.1912176138e-01 1.5026305081e-05
990 4.1904328101e-01 1.4473644789e-05
991 4.1896124098e-01 1.3720441970e-05
992 4.1887677652e-01 1.3419028411e-05
993 4.1879210206e-01 1.3098747891e-05
994 4.1870814835e-01 1.3005769524e-05
995 4.1862065610e-01 1.2755967873e-05
996 4.1853471231e-01 1.3481597585e-05
997 4.1845163238e-01 1.3764488209e-05
998 4.1836933933e-01 1.3943716381e-05
999 4.1828790265e-01 1.4156099370e-05
1000 4.1820552560e-01 1.3220368157e-05
1001 4.1811708197e-01 1.3337180652e-05
1002 4.1802572423e-01 1.3254122205e-05
1003 4.1793486416e-01 1.3236720290e-05
1004 4.1783828448e-01 1.3531932225e-05
1005 4.1773976610e-01 1.3886207691e-05
1006 4.1763969644e-01 1.4704516053e-05
1007 4.1753781592e-01 1.5353486218e-05
1008 4.1743495780e-01 1.6867468297e-05
1009 4.1733917895e-01 1.7855449096e-05
1010 4.1724311523e-01 1.8084715901e-05
1011 4.1714574391e-01 1.9260605470e-05
1012 4.1704523266e-01 2.0806371118e-05
1013 4.1694448971e-01 2.0983212340e-05
1014 4.1683351779e-01 1.8916668587e-05
1015 4.1671867335e-01 1.7696051450e-05
1016 4.1660542311e-01 1.6532429917e-05
1017 4.1649095912e-01 1.5971782741e-05
1018 4.1636997497e-01 1.5316830156e-05
1019 4.1624728155e-01 1.5234623217e-05
1020 4.1612948029e-01 1.6097534964e-05
1021 4.1602002121e-01 1.6568125636e-05
1022 4.1590303281e-01 1.6967551754e-05
1023 4.1577409351e-01 1.6164056521e-05
1024 4.1564055748e-01 1.6159314568e-05
1025 4.1550429700e-01 1.6444819847e-05
1026 4.1537114969e-01 1.6980968399e-05
1027 4.1523149109e-01 1.7086190703e-05
1028 4.1509082336e-01 1.8315191666e-05
1029 4.1494883739e-01 1.9676355372e-05
1030 4.1480248209e-01 2.1185076027e-05
1031 4.1465392009e-01 2.4819390403e-05
1032 4.1451629780e-01 2.6634642498e-05
1033 4.1437439051e-01 2.2455570715e-05
1034 4.1421847387e-01 1.9123861903e-05
1035 4.1405692117e-01 1.8066775648e-05
1036 4.1388848423e-01 1.8205826012e-05
1037 4.1372297779e-01 1.8212362279e-05
1038 4.1355415312e-01 1.9245617811e-05
1039 4.1338682212e-01 1.9709748893e-05
1040 4.1321140956e-01 1.9484806156e-05
1041 4.1303384626e-01 1.9181753808e-05
1042 4.1285371769e-01 1.9744357397e-05
1043 4.1268105406e-01 2.0330855971e-05
1044 4.1251744743e-01 2.0835197490e-05
1045 4.1235705696e-01 1.9102396513e-05
1046 4.1218652252e-01 2.0552489603e-05
1047 4.1201486450e-01 2.1870672817e-05
1048 4.1183872624e-01 2.1480861082e-05
1049 4.1166117725e-01 1.9589221762e-05
1050 4.1147942457e-01 1.8527965828e-05
1051 4.1129285730e-01 1.8377597776e-05
1052 4.1112114290e-01 1.9561891178e-05
1053 4.1094475054e-01 1.9522039886e-05
1054 4.1076256165e-01 1.9385897667e-05
1055 4.1057183491e-01 1.9101450188e-05
1056 4.1038655857e-01 1.9081187773e-05
1057 4.1019751708e-01 1.9506027376e-05
1058 4.1001201033e-01 2.1577024518e-05
1059 4.0983216889e-01 2.4723927913e-05
1060 4.0965733741e-01 2.7626556854e-05
1061 4.0948666466e-01 2.9087911892e-05
1062 4.0931606068e-01 2.7819378297e-05
1063 4.0913714554e-01 2.3331814131e-05
1064 4.0895548687e-01 2.2169312248e-05
1065 4.0876925985e-01 2.4273535637e-05
1066 4.0858798162e-01 2.9194491862e-05
1067 4.0841517757e-01 3.1040101565e-05
1068 4.0823440829e-01 2.5345523639e-05
1069 4.0804309374e-01 2.2409960318e-05
1070 4.0785315120e-01 2.4326762858e-05
1071 4.0767042586e-01 2.8162156177e-05
1072 4.0749176208e-01 2.9606446129e-05
1073 4.0731206470e-01 2.6471879821e-05
1074 4.0712967715e-01 2.3474659384e-05
1075 4.0695122249e-01 2.1099933821e-05
1076 4.0676384586e-01 1.9163977798e-05
1077 4.0657188977e-01 1.8300950823e-05
1078 4.0637406782e-01 1.8446292128e-05
1079 4.0618047038e-01 1.8983600846e-05
1080 4.0599047351e-01 1.9216056787e-05
1081 4.0580063252e-01 1.9483975621e-05
1082 4.0561045869e-01 1.9555017002e-05
1083 4.0542576902e-01 1.9237745343e-05
1084 4.0524641925e-01 1.8829800015e-05
1085 4.0507844119e-01 1.9550245831e-05
1086 4.0491516871e-01 1.9627545552e-05
1087 4.0473622259e-01 1.8453748956e-05
1088 4.0454355247e-01 1.8507508003e-05
1089 4.0435222595e-01 1.8835453719e-05
1090 4.0415736246e-01 1.9364230559e-05
1091 4.0396874258e-01 1.9845235545e-05
1092 4.0378227859e-01 2.0111765688e-05
1093 4.0360135451e-01 2.0922670346e-05
1094 4.0341872460e-01 2.0239246012e-05
1095 4.0323043016e-01 1.9575821825e-05
1096 4.0304247417e-01 1.9629268268e-05
1097 4.0286338700e-01 1.9534117125e-05
1098 4.0268056802e-01 1.9343192589e-05
1099 4.0249638531e-01 1.8724162875e-05
1100 4.0230121215e-01 1.8752844049e-05
1101 4.0211214818e-01 1.8920958617e-05
1102 4.0193159432e-01 1.7878202313e-05
1103 4.0176498153e-01 1.7945454304e-05
1104 4.0159850962e-01 1.8758500190e-05
1105 4.0143809600e-01 1.8955555387e-05
1106 4.0128028568e-01 1.8825324556e-05
1107 4.0111773243e-01 1.8347602447e-05
1108 4.0094998597e-01 1.7433413684e-05
1109 4.0078409592e-01 1.7395379687e-05
1110 4.0062212302e-01 1.7340110029e-05
1111 4.0045680337e-01 1.7167859178e-05
1112 4.0029351660e-01 1.6623430663e-05
1113 4.0013596954e-01 1.6302593502e-05
1114 3.9998173156e-01 1.6642817660e-05
1115 3.9982744402e-01 1.8691935214e-05
1116 3.9968167317e-01 2.3133414806e-05
1117 3.9954836287e-01 2.7256033098e-05
1118 3.9941721914e-01 2.4960895943e-05
1119 3.9928347943e-01 2.1840084240e-05
1120 3.9914826072e-01 2.0447811762e-05
1121 3.9901579864e-01 1.9730359978e-05
1122 3.9888942043e-01 1.9230274620e-05
1123 3.9876302912e-01 1.8908613476e-05
1124 3.9864303612e-01 2.1199479396e-05
1125 3.9852639942e-01 2.3899684749e-05
1126 3.9841492827e-01 2.1357771785e-05
1127 3.9829491914e-01 1.6809171234e-05
1128 3.9817281455e-01 1.5745040159e-05
1129 3.9805720348e-01 1.7260581435e-05
1130 3.9795266099e-01 1.8334773795e-05
1131 3.9784845036e-01 1.7651393458e-05
1132 3.9774093810e-01 1.6538506478e-05
1133 3.9763708556e-01 1.5458470371e-05
1134 3.9753021050e-01 1.4359764217e-05
1135 3.9742537340e-01 1.4343622643e-05
1136 3.9732311355e-01 1.3844596709e-05
1137 3.9722695061e-01 1.3000388628e-05
1138 3.9713155311e-01 1.2591660969e-05
1139 3.9704497966e-01 1.2746042584e-05
1140 3.9696020217e-01 1.2827075794e-05
1141 3.9687266211e-01 1.2473841794e-05
1142 3.9678722931e-01 1.2287129745e-05
1143 3.9670950582e-01 1.2418423082e-05
1144 3.9663209580e-01 1.1811111240e-05
1145 3.9655393626e-01 1.1653544172e-05
1146 3.9647532094e-01 1.1531521131e-05
1147 3.9639950414e-01 1.1769254739e-05
1148 3.9632575644e-01 1.1304206348e-05
1149 3.9625450742e-01 1.1347706208e-05
1150 3.9618638849e-01 1.1798362167e-05
1151 3.9611815160e-01 1.1693701930e-05
1152 3.9604920804e-01 1.2261902998e-05
1153 3.9598111747e-01 1.2881189980e-05
1154 3.9591739283e-01 1.4176510853e-05
1155 3.9585736485e-01 1.3444675156e-05
1156 3.9579559036e-01 1.1676633367e-05
1157 3.9573138757e-01 1.3939760554e-05
1158 3.9567123813e-01 1.5222766113e-05
1159 3.9560984970e-01 1.3278173444e-05
1160 3.9554610796e-01 1.1835853260e-05
1161 3.9548324391e-01 1.2256299632e-05
1162 3.9542226984e-01 1.5483130720e-05
1163 3.9536701924e-01 1.8504304078e-05
1164 3.9531290107e-01 1.5238305071e-05
1165 3.9525264424e-01 1.2302101900e-05
1166 3.9519042107e-01 1.1788317921e-05
1167 3.9513162817e-01 1.2730504628e-05
1168 3.9507424627e-01 1.2802927945e-05
1169 3.9501375864e-01 1.2142808376e-05
1170 3.9495200039e-01 1.2465466273e-05
1171 3.9489259059e-01 1.3823074556e-05
1172 3.9483199588e-01 1.3142276274e-05
1173 3.9476802293e-01 1.2957813840e-05
1174 3.9470331232e-01 1.4706267313e-05
1175 3.9464379779e-01 1.6807999911e-05
1176 3.9458576155e-01 1.5282449217e-05
1177 3.9452666402e-01 1.2927061110e-05
1178 3.9446665448e-01 1.2171073571e-05
1179 3.9440567050e-01 1.1926843906e-05
1180 3.9434716152e-01 1.1942150852e-05
1181 3.9429009011e-01 1.1602770482e-05
1182 3.9422917008e-01 1.0539509560e-05
1183 3.9416423779e-01 1.1392388574e-05
1184 3.9410295520e-01 1.2880025196e-05
1185 3.9404211359e-01 1.3344356525e-05
1186 3.9397860465e-01 1.2188223130e-05
1187 3.9391356682e-01 1.1214707016e-05
1188 3.9384995731e-01 1.1048576831e-05
1189 3.9378493122e-01 1.0667939165e-05
1190 3.9372001148e-01 1.0790607177e-05
1191 3.9365573299e-01 1.0495578130e-05
1192 3.9359189794e-01 1.0589111291e-05
1193 3.9353220281e-01 1.0669924598e-05
1194 3.9347291839e-01 1.0944800257e-05
1195 3.9341510414e-01 1.1301331561e-05
1196 3.9336243325e-01 1.1478229352e-05
1197 3.9330376680e-01 1.0787850604e-05
1198 3.9323967898e-01 1.1552402808e-05
1199 3.9317602044e-01 1.3151819945e-05
1200 3.9311427212e-01 1.4823239949e-05
1201 3.9305570375e-01 1.5830188342e-05
1202 3.9299729341e-01 1.4586537881e-05
1203 3.9293698731e-01 1.2529880259e-05
1204 3.9287734200e-01 1.1737793812e-05
1205 3.9281884161e-01 1.1347920045e-05
1206 3.9276274424e-01 1.1829402088e-05
1207 3.9270704879e-01 1.2139988004e-05
1208 3.9265133250e-01 1.3340519802e-05
1209 3.9259751083e-01 1.4943461410e-05
1210 3.9254467496e-01 1.4526330793e-05
1211 3.9249227312e-01 1.1907680360e-05
1212 3.9243902675e-01 1.0134248060e-05
1213 3.9238908440e-01 1.0884534020e-05
1214 3.9234279823e-01 1.1810944958e-05
1215 3.9229182540e-01 1.0998415231e-05
1216 3.9223848366e-01 1.0582648243e-05
1217 3.9218584389e-01 1.0574652673e-05
1218 3.9213565027e-01 1.1686145022e-05
1219 3.9208670561e-01 1.3604625454e-05
1220 3.9203944949e-01 1.4301089585e-05
1221 3.9199210526e-01 1.3626391033e-05
1222 3.9194472950e-01 1.2220060870e-05
1223 3.9189710890e-01 1.0799576078e-05
1224 3.9184839836e-01 9.8575148170e-06
1225 3.9179774504e-01 9.5647303910e-06
1226 3.9174789454e-01 9.5327406684e-06
1227 3.9169735758e-01 9.5473567762e-06
1228 3.9164630960e-01 1.0070198666e-05
1229 3.9159478135e-01 9.7151380326e-06
1230 3.9154453893e-01 9.8045754731e-06
1231 3.9149415370e-01 1.0127124973e-05
1232 3.9144762710e-01 1.0153749104e-05
1233 3.9140368060e-01 9.4399940479e-06
1234 3.9135709037e-01 9.7772125833e-06
1235 3.9130811759e-01 1.0960377762e-05
1236 3.9125917786e-01 1.1276739525e-05
1237 3.9120985321e-01 1.1122871022e-05
1238 3.9115906354e-01 1.0742316527e-05
1239 3.9110812339e-01 1.1330331100e-05
1240 3.9105816144e-01 1.1628476286e-05
1241 3.9100813753e-01 1.1459606943e-05
1242 3.9095841100e-01 1.2104586650e-05
1243 3.9091168502e-01 1.2979829925e-05
1244 3.9086536732e-01 1.3318218788e-05
1245 3.9081960496e-01 1.2839736367e-05
1246 3.9077276310e-01 1.1608043810e-05
1247 3.9072356511e-01 1.0460266106e-05
1248 3.9067426964e-01 1.0497303138e-05
1249 3.9062591267e-01 9.9345926267e-06
1250 3.9057733006e-01 9.4771744381e-06
1251 3.9053241262e-01 9.7253812357e-06
1252 3.9048795511e-01 1.0464313853e-05
1253 3.9044307937e-01 1.0935252632e-05
1254 3.9039933937e-01 1.1015535861e-05
1255 3.9035670485e-01 9.9664167512e-06
1256 3.9031230887e-01 9.5750792281e-06
1257 3.9026967231e-01 9.3944368062e-06
1258 3.9022840193e-01 9.1290189294e-06
1259 3.9018756235e-01 8.5141918649e-06
1260 3.9014705477e-01 8.0913355742e-06
1261 3.9010854364e-01 8.8363478692e-06
1262 3.9007107878e-01 9.5360499885e-06
1263 3.9003422331e-01 9.1876264773e-06
1264 3.8999568088e-01 8.5397761548e-06
1265 3.8995600352e-01 8.7663688071e-06
1266 3.8991796733e-01 9.4768880733e-06
1267 3.8988014228e-01 8.7833580916e-06
1268 3.8984068372e-01 8.5160037051e-06
1269 3.8980283156e-01 9.6045543630e-06
1270 3.8976993931e-01 1.0305510895e-05
1271 3.8973514969e-01 8.9387623704e-06
1272 3.8969734061e-01 8.4577208539e-06
1273 3.8965911945e-01 8.7034856742e-06
1274 3.8962190368e-01 1.0373528014e-05
1275 3.8958610008e-01 1.1098004465e-05
1276 3.8955150725e-01 1.1071191684e-05
1277 3.8951458002e-01 1.0772295935e-05
1278 3.8947908404e-01 1.0610192829e-05
1279 3.8944181364e-01 9.9144186336e-06
1280 3.8940391648e-01 9.2996193287e-06
1281 3.8936322753e-01 9.2670401400e-06
1282 3.8932287623e-01 9.1830239874e-06
1283 3.8928130937e-01 9.1428655569e-06
1284 3.8923812382e-01 8.6216778905e-06
1285 3.8919436530e-01 8.3309618995e-06
1286 3.8915150004e-01 8.6091405141e-06
1287 3.8911021236e-01 8.8694921641e-06
1288 3.8906835400e-01 9.8794541205e-06
1289 3.8902554270e-01 1.2016052927e-05
1290 3.8898673891e-01 1.3915368715e-05
1291 3.8894756697e-01 1.2000314206e-05
1292 3.8890601670e-01 1.0779282127e-05
1293 3.8886534424e-01 9.8124247321e-06
1294 3.8882157884e-01 8.8856283087e-06
1295 3.8877726712e-01 8.5670916319e-06
1296 3.8873162209e-01 8.4396083885e-06
1297 3.8868572481e-01 8.8729946432e-06
1298 3.8864021303e-01 9.2126551805e-06
1299 3.8859380096e-01 9.1761528453e-06
1300 3.8854675169e-01 8.9696852086e-06
1301 3.8849822789e-01 8.7018670411e-06
1302 3.8844935413e-01 8.5563085702e-06
1303 3.8840160064e-01 8.6901786514e-06
1304 3.8835567722e-01 9.0757000223e-06
1305 3.8831088096e-01 8.9313308485e-06
1306 3.8826524984e-01 8.8042839181e-06
1307 3.8822015632e-01 9.3375658791e-06
1308 3.8817948963e-01 9.6244359936e-06
1309 3.8813413521e-01 9.1894365194e-06
1310 3.8808396138e-01 9.4545657934e-06
1311 3.8803558630e-01 9.7148289934e-06
1312 3.8798603859e-01 9.6513374669e-06
1313 3.8793733853e-01 9.6259935454e-06
1314 3.8788585791e-01 9.7366203907e-06
1315 3.8783321844e-01 1.0233682444e-05
1316 3.8778084222e-01 1.0866886849e-05
1317 3.8773000358e-01 1.1893380237e-05
1318 3.8767908077e-01 1.3271764432e-05
1319 3.8763101739e-01 1.4946112667e-05
1320 3.8758340939e-01 1.3025891568e-05
1321 3.8753356186e-01 1.0259938306e-05
1322 3.8748100361e-01 9.3683939548e-06
1323 3.8742764676e-01 9.6477197238e-06
1324 3.8737495601e-01 1.0500188473e-05
1325 3.8732577977e-01 1.0695232057e-05
1326 3.8727643424e-01 1.0242571022e-05
1327 3.8722289564e-01 1.0385488152e-05
1328 3.8716336233e-01 1.1016257008e-05
1329 3.8710263705e-01 1.0487594984e-05
1330 3.8704086085e-01 1.0000997181e-05
1331 3.8697858750e-01 9.6646972106e-06
1332 3.8691629777e-01 9.8961825874e-06
1333 3.8685457255e-01 1.0490867753e-05
1334 3.8679176936e-01 1.0871627127e-05
1335 3.8672732016e-01 1.0592098020e-05
1336 3.8666441372e-01 1.0240100076e-05
1337 3.8660068897e-01 1.0353535269e-05
1338 3.8653858838e-01 1.0694893521e-05
1339 3.8647976584e-01 1.0706678738e-05
1340 3.8642137966e-01 1.0924412076e-05
1341 3.8635555281e-01 1.1752277978e-05
1342 3.8628869359e-01 1.2994288042e-05
1343 3.8622136819e-01 1.2581671078e-05
1344 3.8615204352e-01 1.1408987471e-05
1345 3.8607960516e-01 1.1923132711e-05
1346 3.8601210780e-01 1.3154086405e-05
1347 3.8594842564e-01 1.3635886081e-05
1348 3.8588512730e-01 1.3024887162e-05
1349 3.8582024549e-01 1.3545247955e-05
1350 3.8575640109e-01 1.5033320145e-05
1351 3.8569031071e-01 1.4523988197e-05
1352 3.8562386901e-01 1.3549556493e-05
1353 3.8555463735e-01 1.2614194995e-05
1354 3.8548345550e-01 1.2412952420e-05
1355 3.8541303387e-01 1.2962715984e-05
1356 3.8534174147e-01 1.1799057047e-05
1357 3.8526892180e-01 1.1276534849e-05
1358 3.8519574815e-01 1.1754631067e-05
1359 3.8512570706e-01 1.1849943701e-05
1360 3.8505520636e-01 1.1046865357e-05
1361 3.8498578097e-01 1.1003994240e-05
1362 3.8491847269e-01 1.2532115395e-05
1363 3.8485368326e-01 1.3759410105e-05
1364 3.8478901488e-01 1.2546676150e-05
1365 3.8472054066e-01 1.1061693008e-05
1366 3.8465337275e-01 1.0716725928e-05
1367 3.8458870861e-01 1.0492745448e-05
1368 3.8452288501e-01 1.0562109089e-05
1369 3.8445755524e-01 1.1340282146e-05
1370 3.8439395973e-01 1.2149852016e-05
1371 3.8433082972e-01 1.5048130737e-05
1372 3.8427434495e-01 1.7242094887e-05
1373 3.8421761993e-01 1.4622796494e-05
1374 3.8415614069e-01 1.1540285204e-05
1375 3.8409046382e-01 1.0280328702e-05
1376 3.8402600020e-01 1.1043396456e-05
1377 3.8396488591e-01 1.1294666440e-05
1378 3.8390530803e-01 1.1003617892e-05
1379 3.8384459021e-01 1.0530431561e-05
1380 3.8378742342e-01 1.0638620402e-05
1381 3.8373431679e-01 1.0485124882e-05
1382 3.8368053697e-01 1.0687258084e-05
1383 3.8362431676e-01 1.0713319798e-05
1384 3.8356619100e-01 1.0942586230e-05
1385 3.8350723799e-01 1.0860493746e-05
1386 3.8344832407e-01 1.0630897589e-05
1387 3.8339076556e-01 1.0690105980e-05
1388 3.8333554830e-01 1.0156270176e-05
1389 3.8328151864e-01 9.4792643986e-06
1390 3.8322862324e-01 1.0317345625e-05
1391 3.8317594508e-01 1.0917709677e-05
1392 3.8312084352e-01 1.0974362684e-05
1393 3.8306577893e-01 1.1759941877e-05
1394 3.8301460874e-01 1.3255944497e-05
1395 3.8296634639e-01 1.3816882446e-05
1396 3.8291968202e-01 1.2648540377e-05
1397 3.8287208826e-01 1.0999809062e-05
1398 3.8282306939e-01 1.0035529280e-05
1399 3.8277371649e-01 9.4126657291e-06
1400 3.8272571064e-01 9.3754421615e-06
1401 3.8267987978e-01 9.1322312932e-06
1402 3.8263468347e-01 8.8151721913e-06
1403 3.8258930601e-01 8.9105940043e-06
1404 3.8254343169e-01 9.1250420232e-06
1405 3.8249809958e-01 9.8152583334e-06
1406 3.8245381449e-01 1.0891153165e-05
1407 3.8241200566e-01 1.2247055143e-05
1408 3.8237225868e-01 1.2120057634e-05
1409 3.8233266084e-01 1.1812732949e-05
1410 3.8229462283e-01 1.1136755881e-05
1411 3.8225798486e-01 1.0784108011e-05
1412 3.8222163500e-01 1.1533216867e-05
1413 3.8218661800e-01 1.2492177397e-05
1414 3.8215151118e-01 1.0865950839e-05
1415 3.8211462067e-01 9.3215181152e-06
1416 3.8207661607e-01 8.9342323464e-06
1417 3.8203878705e-01 9.1402479345e-06
1418 3.8200108986e-01 8.8074111514e-06
1419 3.8196347806e-01 9.1912555076e-06
1420 3.8192822754e-01 9.7758419908e-06
1421 3.8189188136e-01 8.8138355847e-06
1422 3.8185251086e-01 9.0934748042e-06
1423 3.8181430500e-01 9.9533697425e-06
1424 3.8177713006e-01 1.0281194250e-05
1425 3.8174022246e-01 9.7687391029e-06
1426 3.8170339740e-01 9.7431477704e-06
1427 3.8166799465e-01 1.0003111663e-05
1428 3.8163245817e-01 9.4405984557e-06
1429 3.8159565631e-01 9.3535690067e-06
1430 3.8156232578e-01 1.0230790152e-05
1431 3.8152911973e-01 9.5143595173e-06
1432 3.8149487656e-01 8.6143123881e-06
1433 3.8145988595e-01 8.4315034104e-06
1434 3.8142576351e-01 8.1894839395e-06
1435 3.8139441030e-01 8.2305492812e-06
1436 3.8136417707e-01 7.9906742954e-06
1437 3.8133269495e-01 8.2368672681e-06
1438 3.8130053087e-01 8.8489972802e-06
1439 3.8126946343e-01 9.0021937289e-06
1440 3.8123889968e-01 8.5172155764e-06
1441 3.8120781357e-01 7.6846057800e-06
1442 3.8117713251e-01 7.8040937132e-06
1443 3.8114863246e-01 8.4371073352e-06
1444 3.8112129966e-01 8.6191048083e-06
1445 3.8109428287e-01 7.8784695308e-06
1446 3.8106702865e-01 7.1567144282e-06
1447 3.8104051429e-01 6.9045606497e-06
1448 3.8101515035e-01 6.9139591594e-06
1449 3.8099059111e-01 7.1919270324e-06
1450 3.8096526380e-01 6.9429584134e-06
1451 3.8093940949e-01 6.4465072206e-06
1452 3.8091414987e-01 6.1925003137e-06
1453 3.8089018515e-01 6.1839109750e-06
1454 3.8086562869e-01 6.5203762815e-06
1455 3.8084260477e-01 6.5129289053e-06
1456 3.8081878764e-01 6.1326908118e-06
1457 3.8079472729e-01 6.0158281677e-06
1458 3.8077073575e-01 6.2401225966e-06
1459 3.8074725129e-01 6.4966740416e-06
1460 3.8072389468e-01 6.9469084155e-06
1461 3.8070022429e-01 7.3724367109e-06
1462 3.8067707964e-01 7.6829495912e-06
1463 3.8065389600e-01 7.7089603266e-06
1464 3.8063138554e-01 7.8893700448e-06
1465 3.8060945009e-01 8.2502979532e-06
1466 3.8058734178e-01 8.7130551578e-06
1467 3.8056575328e-01 8.3305313722e-06
1468 3.8054353344e-01 7.1450911817e-06
1469 3.8052085004e-01 6.4676613012e-06
1470 3.8049810211e-01 6.0356175326e-06
1471 3.8047534492e-01 5.9079764029e-06
1472 3.8045263147e-01 5.7889523882e-06
1473 3.8043042233e-01 5.7910992586e-06
1474 3.8040832216e-01 5.8794536542e-06
1475 3.8038769535e-01 6.0075396192e-06
1476 3.8036745059e-01 6.2956576999e-06
1477 3.8034689475e-01 6.7502814331e-06
1478 3.8032608005e-01 7.6065509328e-06
1479 3.8030490173e-01 7.9798755091e-06
1480 3.8028320964e-01 8.1289763800e-06
1481 3.8026156588e-01 8.3895676225e-06
1482 3.8024041598e-01 7.4703464481e-06
1483 3.8021966956e-01 6.3197061721e-06
1484 3.8019862756e-01 6.1152010933e-06
1485 3.8017676253e-01 6.9947770788e-06
1486 3.8015561230e-01 7.6984717370e-06
1487 3.8013424815e-01 7.5438756431e-06
1488 3.8011269625e-01 7.2403466912e-06
1489 3.8009175957e-01 6.7002458901e-06
1490 3.8007135578e-01 6.0811159538e-06
1491 3.8005189050e-01 5.9096754555e-06
1492 3.8003179956e-01 5.8976415992e-06
1493 3.8001230171e-01 5.8099198526e-06
1494 3.7999389755e-01 6.0279122533e-06
1495 3.7997547074e-01 5.9022137663e-06
1496 3.7995479216e-01 6.0723125416e-06
1497 3.7993397796e-01 6.1605553350e-06
1498 3.7991275381e-01 5.8183186833e-06
1499 3.7989111723e-01 5.7483612307e-06
1500 3.7986967336e-01 5.7461268978e-06
1501 3.7984836474e-01 5.9116209986e-06
1502 3.7982753230e-01 6.5740013190e-06
1503 3.7980696345e-01 7.3845386606e-06
1504 3.7978737190e-01 8.5125755246e-06
1505 3.7976777590e-01 8.7908892160e-06
1506 3.7974777098e-01 8.2326283369e-06
1507 3.7972813512e-01 7.7618771631e-06
1508 3.7970889366e-01 8.1716118762e-06
1509 3.7968980951e-01 8.9266076423e-06
1510 3.7967109819e-01 8.4765475481e-06
1511 3.7965125514e-01 7.1054696578e-06
1512 3.7963019627e-01 6.5575255181e-06
1513 3.7960924087e-01 6.6295312063e-06
1514 3.7958875462e-01 8.3102371767e-06
1515 3.7956995326e-01 9.4912781738e-06
1516 3.7955161300e-01 8.0341118653e-06
1517 3.7953236494e-01 6.5271094160e-06
1518 3.7951357504e-01 6.0173059358e-06
1519 3.7949412437e-01 5.8266601087e-06
1520 3.7947421266e-01 5.5302005226e-06
1521 3.7945289872e-01 5.7380181526e-06
1522 3.7943147874e-01 6.1515716907e-06
1523 3.7941018905e-01 6.7792150121e-06
1524 3.7939076034e-01 6.8715128736e-06
1525 3.7937284932e-01 5.8425510693e-06
1526 3.7935441125e-01 6.3296360577e-06
1527 3.7933534320e-01 6.9986955892e-06
1528 3.7931686050e-01 6.5067208626e-06
1529 3.7929798623e-01 5.7509015252e-06
1530 3.7928031334e-01 5.5781647204e-06
1531 3.7926164129e-01 5.6084307423e-06
1532 3.7924295272e-01 5.9111389738e-06
1533 3.7922356097e-01 5.5467644314e-06
1534 3.7920389119e-01 5.2520058878e-06
1535 3.7918452590e-01 5.1255803400e-06
1536 3.7916622678e-01 5.3866118023e-06
1537 3.7914808408e-01 5.3653656223e-06
1538 3.7913010416e-01 5.1528589542e-06
1539 3.7911116887e-01 5.1320294334e-06
1540 3.7909225545e-01 5.3020070356e-06
1541 3.7907442207e-01 5.5461215079e-06
1542 3.7905805810e-01 5.6961249509e-06
1543 3.7904070450e-01 5.4486386262e-06
1544 3.7902262846e-01 5.3074016720e-06
1545 3.7900417327e-01 5.1857987949e-06
1546 3.7898555316e-01 5.0335768036e-06
1547 3.7896686435e-01 4.9427838096e-06
1548 3.7894992210e-01 4.9817660393e-06
1549 3.7893336482e-01 4.8462993096e-06
1550 3.7891598095e-01 4.9585440849e-06
1551 3.7889869470e-01 5.1145083355e-06
1552 3.7888082768e-01 5.1169945722e-06
1553 3.7886200870e-01 5.0558755693e-06
1554 3.7884384879e-01 5.1746629268e-06
1555 3.7882643360e-01 5.2111633362e-06
1556 3.7881028758e-01 5.4914007134e-06
1557 3.7879440677e-01 5.2869046473e-06
1558 3.7877663194e-01 5.0733072766e-06
1559 3.7875769513e-01 5.3913604772e-06
1560 3.7873863953e-01 5.6183879493e-06
1561 3.7871935159e-01 5.6462523858e-06
1562 3.7869958891e-01 5.6536828929e-06
1563 3.7867979702e-01 5.5031928344e-06
1564 3.7866128444e-01 5.6764982849e-06
1565 3.7864429045e-01 5.3922305865e-06
1566 3.7862596520e-01 5.3215671884e-06
1567 3.7860630298e-01 5.3737748398e-06
1568 3.7858671817e-01 6.7730987506e-06
1569 3.7856879026e-01 7.6883685418e-06
1570 3.7855022832e-01 7.7724464992e-06
1571 3.7853069632e-01 7.9112930308e-06
1572 3.7851123662e-01 7.3498145453e-06
1573 3.7849093365e-01 6.2932309504e-06
1574 3.7846972448e-01 5.7291484992e-06
1575 3.7844779615e-01 5.8598570628e-06
1576 3.7842609066e-01 6.5435479156e-06
1577 3.7840459131e-01 7.5822469941e-06
1578 3.7838343647e-01 8.5810405203e-06
1579 3.7836208300e-01 8.3983976501e-06
1580 3.7833992543e-01 7.9960471764e-06
1581 3.7831751500e-01 7.2256598168e-06
1582 3.7829523945e-01 6.2932350784e-06
1583 3.7827070833e-01 6.0930353635e-06
1584 3.7824547660e-01 6.6385316409e-06
1585 3.7821903284e-01 7.0369364035e-06
1586 3.7819254293e-01 7.0842541403e-06
1587 3.7816536904e-01 6.4771987334e-06
1588 3.7813760768e-01 6.1548754198e-06
1589 3.7811012552e-01 6.4275753256e-06
1590 3.7808317143e-01 6.6520466152e-06
1591 3.7805596561e-01 6.9904315783e-06
1592 3.7802799931e-01 7.1629919156e-06
1593 3.7800158877e-01 7.3329516528e-06
1594 3.7797394629e-01 6.9426563812e-06
1595 3.7794644482e-01 7.1433240412e-06
1596 3.7791817128e-01 7.3541134756e-06
1597 3.7789070683e-01 7.2487023333e-06
1598 3.7786243288e-01 6.9533968529e-06
1599 3.7783445185e-01 7.4277683745e-06
1600 3.7780909772e-01 7.0971693343e-06
1601 3.7778164069e-01 6.1256673808e-06
1602 3.7775310638e-01 6.5391643138e-06
1603 3.7772494146e-01 7.1380973143e-06
1604 3.7769747921e-01 7.0466110747e-06
1605 3.7766932007e-01 6.4667867568e-06
1606 3.7764185898e-01 6.2633679079e-06
1607 3.7761502339e-01 6.8439810842e-06
1608 3.7758859857e-01 7.6387815659e-06
1609 3.7756287400e-01 7.8117029284e-06
1610 3.7753751331e-01 7.8155936928e-06
1611 3.7751205931e-01 8.7003830401e-06
1612 3.7748856051e-01 9.5340133815e-06
1613 3.7746536226e-01 7.8673372729e-06
1614 3.7744061607e-01 6.8270505243e-06
1615 3.7741680854e-01 6.7089660828e-06
1616 3.7739303611e-01 6.5521719159e-06
1617 3.7736874254e-01 6.4077467634e-06
1618 3.7734499570e-01 7.1787869323e-06
1619 3.7732213470e-01 9.1560214476e-06
1620 3.7730114283e-01 9.0894788506e-06
1621 3.7727896102e-01 7.5626103863e-06
1622 3.7725643665e-01 6.8059965640e-06
1623 3.7723483481e-01 7.2016952014e-06
1624 3.7721514320e-01 8.3847687699e-06
1625 3.7719580568e-01 8.3881923506e-06
1626 3.7717690162e-01 6.9844571896e-06
1627 3.7715675942e-01 5.6390424614e-06
1628 3.7713649926e-01 5.3918798233e-06
1629 3.7711701613e-01 5.4260510157e-06
1630 3.7709841691e-01 5.5732055268e-06
1631 3.7708047365e-01 5.6857306865e-06
1632 3.7706104906e-01 5.6307638782e-06
1633 3.7704134883e-01 5.3584322364e-06
1634 3.7702162749e-01 5.2912764931e-06
1635 3.7700192541e-01 5.2635665150e-06
1636 3.7698164543e-01 5.1288586279e-06
1637 3.7696108621e-01 5.3311124575e-06
1638 3.7694162615e-01 6.2452505145e-06
1639 3.7692303925e-01 7.4164529178e-06
1640 3.7690515313e-01 7.8574599233e-06
1641 3.7688758710e-01 7.2299223770e-06
1642 3.7686874595e-01 6.7875135396e-06
1643 3.7685029383e-01 6.3313127315e-06
1644 3.7683210062e-01 6.0999777647e-06
1645 3.7681475534e-01 5.5228945807e-06
1646 3.7679741923e-01 5.2248256894e-06
1647 3.7678016560e-01 5.2084856492e-06
1648 3.7676337548e-01 5.5313455032e-06
1649 3.7674722749e-01 5.0247365074e-06
1650 3.7673123811e-01 4.8623021783e-06
1651 3.7671553448e-01 5.4192674738e-06
1652 3.7670043488e-01 5.6261470058e-06
1653 3.7668559084e-01 4.8605987871e-06
1654 3.7667109339e-01 4.9986787849e-06
1655 3.7665702798e-01 5.2256840147e-06
1656 3.7664215617e-01 4.5149264055e-06
1657 3.7662665078e-01 4.4685880306e-06
1658 3.7661165376e-01 5.1588006365e-06
1659 3.7659673633e-01 5.7083284429e-06
1660 3.7658195812e-01 5.6731788898e-06
1661 3.7656720638e-01 5.0066802647e-06
1662 3.7655214886e-01 4.5662568959e-06
1663 3.7653740574e-01 4.6171716419e-06
1664 3.7652286445e-01 5.0652859288e-06
1665 3.7650877975e-01 5.6899119663e-06
1666 3.7649521077e-01 5.6858404892e-06
1667 3.7648127483e-01 4.9356917216e-06
1668 3.7646746466e-01 4.5277009705e-06
1669 3.7645531851e-01 4.8591178504e-06
1670 3.7644363784e-01 4.5084790885e-06
1671 3.7643021366e-01 4.1116614207e-06
1672 3.7641712638e-01 4.4776821674e-06
1673 3.7640462059e-01 5.1519948376e-06
1674 3.7639301939e-01 5.4149219597e-06
1675 3.7638105390e-01 5.1349048352e-06
1676 3.7636921493e-01 5.3194527114e-06
1677 3.7635756826e-01 6.2579131991e-06
1678 3.7634615882e-01 6.2264067144e-06
1679 3.7633493793e-01 5.3332576581e-06
1680 3.7632290841e-01 4.3964318927e-06
1681 3.7631047908e-01 4.5293654897e-06
1682 3.7629891818e-01 5.3196182473e-06
1683 3.7628822985e-01 5.1820588599e-06
1684 3.7627726240e-01 5.2810652933e-06
1685 3.7626668589e-01 5.4971059514e-06
1686 3.7625618154e-01 5.1992908396e-06
1687 3.7624569800e-01 4.4249972925e-06
1688 3.7623503815e-01 4.7483130371e-06
1689 3.7622453152e-01 4.8403149419e-06
1690 3.7621401698e-01 3.9495479265e-06
1691 3.7620338764e-01 3.5052687893e-06
1692 3.7619285048e-01 4.0874937780e-06
1693 3.7618215485e-01 4.9325198602e-06
1694 3.7617146237e-01 4.9427526798e-06
1695 3.7616024207e-01 4.5449723038e-06
1696 3.7614954928e-01 5.0621650080e-06
1697 3.7613942595e-01 5.3006480483e-06
1698 3.7612913797e-01 4.7170120109e-06
1699 3.7611811951e-01 4.0486235503e-06
1700 3.7610689534e-01 3.6397885918e-06
1701 3.7609594642e-01 3.5851085459e-06
1702 3.7608478484e-01 3.7144657369e-06
1703 3.7607399009e-01 3.8946785751e-06
1704 3.7606288121e-01 3.9328250106e-06
1705 3.7605152978e-01 4.0343198859e-06
1706 3.7604031234e-01 4.8659605754e-06
1707 3.7602970042e-01 5.9159352375e-06
1708 3.7601948327e-01 5.2281341520e-06
1709 3.7600868547e-01 4.1847345324e-06
1710 3.7599746622e-01 3.8996324516e-06
1711 3.7598639718e-01 3.9311594371e-06
1712 3.7597508504e-01 3.7706220713e-06
1713 3.7596392488e-01 3.8628267595e-06
1714 3.7595340123e-01 4.1332000352e-06
1715 3.7594267100e-01 3.8937285756e-06
1716 3.7593127697e-01 3.5324879101e-06
1717 3.7591986319e-01 3.5104853515e-06
1718 3.7590827802e-01 3.6948191930e-06
1719 3.7589657791e-01 3.6563069191e-06
1720 3.7588418691e-01 3.6103005963e-06
1721 3.7587128857e-01 3.6053562520e-06
1722 3.7585853288e-01 3.5864702783e-06
1723 3.7584638156e-01 3.8175403151e-06
1724 3.7583476619e-01 4.0008552196e-06
1725 3.7582292636e-01 3.9776591242e-06
1726 3.7581021285e-01 3.8042236538e-06
1727 3.7579700962e-01 3.7312464016e-06
1728 3.7578411324e-01 3.6491933661e-06
1729 3.7577141982e-01 3.6978700306e-06
1730 3.7575903837e-01 3.9123200552e-06
1731 3.7574691198e-01 3.9822452479e-06
1732 3.7573493923e-01 3.9201931805e-06
1733 3.7572318355e-01 3.8129071068e-06
1734 3.7571068791e-01 3.7506916535e-06
1735 3.7569776777e-01 4.0085110637e-06
1736 3.7568465242e-01 4.5956655211e-06
1737 3.7567170070e-01 5.6563326671e-06
1738 3.7565913713e-01 5.6843619859e-06
1739 3.7564640672e-01 4.7320453913e-06
1740 3.7563287452e-01 3.8346156092e-06
1741 3.7561907668e-01 3.5480004989e-06
1742 3.7560493074e-01 3.4938483443e-06
1743 3.7559100748e-01 3.5962612182e-06
1744 3.7557748923e-01 3.4883590803e-06
1745 3.7556393879e-01 3.4619806215e-06
1746 3.7555042847e-01 3.3247774017e-06
1747 3.7553673871e-01 3.4558863061e-06
1748 3.7552320938e-01 3.4707379018e-06
1749 3.7550959561e-01 3.4796704196e-06
1750 3.7549588747e-01 3.4463085476e-06
1751 3.7548205769e-01 3.4458275074e-06
1752 3.7546865323e-01 3.4230623422e-06
1753 3.7545517421e-01 3.4748118078e-06
1754 3.7544138216e-01 3.4207885290e-06
1755 3.7542791788e-01 3.3922500644e-06
1756 3.7541470826e-01 3.2672623289e-06
1757 3.7540196047e-01 3.3900240017e-06
1758 3.7538922063e-01 3.4443378961e-06
1759 3.7537634581e-01 3.5631940615e-06
1760 3.7536382814e-01 3.7664289566e-06
1761 3.7535141101e-01 3.5540649648e-06
1762 3.7533705901e-01 3.5357384528e-06
1763 3.7532218692e-01 3.5405328940e-06
1764 3.7530782694e-01 3.5184761478e-06
1765 3.7529378436e-01 3.4867152256e-06
1766 3.7527910926e-01 3.4121419959e-06
1767 3.7526373186e-01 3.3747945018e-06
1768 3.7524857106e-01 3.4308978263e-06
1769 3.7523364031e-01 3.4234072711e-06
1770 3.7521909078e-01 3.5458530470e-06
1771 3.7520440780e-01 3.6474818482e-06
1772 3.7519001618e-01 3.6891570337e-06
1773 3.7517521560e-01 3.5822558244e-06
1774 3.7516044419e-01 3.5039903237e-06
1775 3.7514573851e-01 3.6544696631e-06
1776 3.7513271901e-01 3.8381074959e-06
1777 3.7511921124e-01 3.7810029214e-06
1778 3.7510562811e-01 3.8100649702e-06
1779 3.7509172281e-01 3.6164265374e-06
1780 3.7507730194e-01 3.6388431928e-06
1781 3.7506241499e-01 4.0911207963e-06
1782 3.7504898046e-01 4.6310560759e-06
1783 3.7503559717e-01 4.6686871345e-06
1784 3.7502188793e-01 4.3821724506e-06
1785 3.7500801098e-01 5.0145712423e-06
1786 3.7499494431e-01 5.3741889305e-06
1787 3.7498162307e-01 4.8150833100e-06
1788 3.7496755912e-01 3.9559053537e-06
1789 3.7495247855e-01 3.4919197753e-06
1790 3.7493674580e-01 3.4502910633e-06
1791 3.7492136053e-01 3.8444370314e-06
1792 3.7490700940e-01 4.2853678665e-06
1793 3.7489274494e-01 4.4471233825e-06
1794 3.7487802834e-01 4.7237602155e-06
1795 3.7486411184e-01 5.3025542543e-06
1796 3.7485100500e-01 5.2843559812e-06
1797 3.7483719895e-01 4.8979268769e-06
1798 3.7482329355e-01 4.9716924195e-06
1799 3.7480965006e-01 4.8272272989e-06
1800 3.7479541060e-01 4.3849316102e-06
1801 3.7478111410e-01 4.1534732389e-06
1802 3.7476676045e-01 4.0205584636e-06
1803 3.7475275076e-01 4.0562041748e-06
1804 3.7473828370e-01 4.2279841692e-06
1805 3.7472399696e-01 4.8703894233e-06
1806 3.7471026164e-01 5.2886457491e-06
1807 3.7469672733e-01 5.0080421123e-06
1808 3.7468340357e-01 4.6702637729e-06
1809 3.7467007573e-01 4.4817576742e-06
1810 3.7465710405e-01 4.6145071209e-06
1811 3.7464456111e-01 4.6876300237e-06
1812 3.7463184371e-01 4.3223492738e-06
1813 3.7461884454e-01 4.0645718312e-06
1814 3.7460613108e-01 3.7639745829e-06
1815 3.7459309772e-01 3.2023936250e-06
1816 3.7457905918e-01 3.0757567821e-06
1817 3.7456482031e-01 3.1046053771e-06
1818 3.7455093280e-01 3.0275944282e-06
1819 3.7453813707e-01 3.1267513224e-06
1820 3.7452608423e-01 3.1881559393e-06
1821 3.7451444057e-01 3.1863586619e-06
1822 3.7450252184e-01 3.2154252614e-06
1823 3.7449013497e-01 3.0963510764e-06
1824 3.7447705779e-01 3.0271579716e-06
1825 3.7446398748e-01 2.9787867342e-06
1826 3.7445069808e-01 2.9955958832e-06
1827 3.7443752033e-01 2.9806486861e-06
1828 3.7442468762e-01 3.0094189432e-06
1829 3.7441212016e-01 2.9049706458e-06
1830 3.7439880122e-01 2.8356444397e-06
1831 3.7438581503e-01 2.9566271067e-06
1832 3.7437334665e-01 2.9255221139e-06
1833 3.7436075223e-01 2.9066801669e-06
1834 3.7434725191e-01 2.9437274003e-06
1835 3.7433383738e-01 2.9646008290e-06
1836 3.7432094433e-01 3.1274691780e-06
1837 3.7430839535e-01 3.2503194425e-06
1838 3.7429651194e-01 3.1603441174e-06
1839 3.7428372373e-01 3.0506451642e-06
1840 3.7427077651e-01 3.1150873712e-06
1841 3.7425760003e-01 3.2911800317e-06
1842 3.7424463452e-01 3.3419189721e-06
1843 3.7423163934e-01 3.2618514628e-06
1844 3.7421851752e-01 3.0645915067e-06
1845 3.7420539078e-01 3.0443088929e-06
1846 3.7419229329e-01 3.1478087895e-06
1847 3.7417893156e-01 3.6065333385e-06
1848 3.7416507094e-01 4.2430285996e-06
1849 3.7415200225e-01 4.5936463048e-06
1850 3.7413868048e-01 4.2989727639e-06
1851 3.7412532518e-01 4.1495316650e-06
1852 3.7411206467e-01 4.0104058697e-06
1853 3.7409848494e-01 3.8493379945e-06
1854 3.7408436924e-01 3.8580368805e-06
1855 3.7406998712e-01 3.9821087387e-06
1856 3.7405598210e-01 4.0438751146e-06
1857 3.7404264043e-01 3.6428296195e-06
1858 3.7402885071e-01 3.1713815389e-06
1859 3.7401506318e-01 2.9940132200e-06
1860 3.7400127012e-01 3.0358694777e-06
1861 3.7398742712e-01 3.0249175193e-06
1862 3.7397355141e-01 3.1684287138e-06
1863 3.7395956093e-01 3.3263301669e-06
1864 3.7394559676e-01 3.4807749669e-06
1865 3.7393211717e-01 3.6593161660e-06
1866 3.7391849968e-01 3.4405940698e-06
1867 3.7390499239e-01 3.1061935017e-06
1868 3.7389081296e-01 3.3965156669e-06
1869 3.7387701739e-01 3.9133956843e-06
1870 3.7386317162e-01 3.4556916324e-06
1871 3.7384828064e-01 3.0147496084e-06
1872 3.7383291989e-01 3.0375012651e-06
1873 3.7381785011e-01 3.1686238243e-06
1874 3.7380262521e-01 3.2491993540e-06
1875 3.7378790863e-01 3.4103589889e-06
1876 3.7377271622e-01 3.3846518426e-06
1877 3.7375733203e-01 3.3131667603e-06
1878 3.7374199542e-01 3.2935589695e-06
1879 3.7372643458e-01 3.1793250499e-06
1880 3.7371059731e-01 3.2984755097e-06
1881 3.7369484382e-01 3.3824090437e-06
1882 3.7367882561e-01 3.3422665483e-06
1883 3.7366274764e-01 3.3675626472e-06
1884 3.7364758470e-01 3.3710726372e-06
1885 3.7363219194e-01 3.2191631386e-06
1886 3.7361589759e-01 3.0763414087e-06
1887 3.7359979780e-01 3.1666690645e-06
1888 3.7358465686e-01 3.5874488535e-06
1889 3.7356997937e-01 3.2543236398e-06
1890 3.7355289460e-01 3.1107943501e-06
1891 3.7353537619e-01 3.2855112537e-06
1892 3.7351861541e-01 3.7161411446e-06
1893 3.7350192659e-01 3.9960260934e-06
1894 3.7348512065e-01 4.4897382476e-06
1895 3.7346826889e-01 5.1097657652e-06
1896 3.7345210152e-01 4.8659223298e-06
1897 3.7343566533e-01 3.8923741593e-06
1898 3.7341801425e-01 3.1982852367e-06
1899 3.7340014330e-01 3.1322461729e-06
1900 3.7338190033e-01 3.1538860521e-06
1901 3.7336415552e-01 3.6373163888e-06
1902 3.7334727451e-01 4.2210347012e-06
1903 3.7333030949e-01 4.1883500755e-06
1904 3.7331229787e-01 4.0491979537e-06
1905 3.7329502631e-01 4.0851610713e-06
1906 3.7327785396e-01 3.8983632724e-06
1907 3.7326011767e-01 3.8289871303e-06
1908 3.7324353528e-01 3.6712855036e-06
1909 3.7322658247e-01 3.3263456045e-06
1910 3.7320860942e-01 3.2036931990e-06
1911 3.7319068196e-01 3.4936276467e-06
1912 3.7317284608e-01 4.1914509696e-06
1913 3.7315572330e-01 4.9697666517e-06
1914 3.7313949903e-01 4.9015682526e-06
1915 3.7312300509e-01 4.0392587320e-06
1916 3.7310570396e-01 3.6731790614e-06
1917 3.7308870215e-01 3.8897908794e-06
1918 3.7307151405e-01 3.8064203791e-06
1919 3.7305387814e-01 3.6509857908e-06
1920 3.7303631133e-01 3.3141888746e-06
1921 3.7301842738e-01 3.1011297380e-06
1922 3.7299980577e-01 2.9951847994e-06
1923 3.7298064724e-01 2.9605534674e-06
1924 3.7296138808e-01 3.0305760510e-06
1925 3.7294283877e-01 3.0185172291e-06
1926 3.7292491438e-01 3.1431562793e-06
1927 3.7290667295e-01 3.0016443794e-06
1928 3.7288698297e-01 3.2236428091e-06
1929 3.7286781209e-01 3.5158289948e-06
1930 3.7284989664e-01 3.4062220357e-06
1931 3.7283135817e-01 3.2125503940e-06
1932 3.7281179319e-01 3.2269638854e-06
1933 3.7279204769e-01 3.1689890339e-06
1934 3.7277264522e-01 3.2647412522e-06
1935 3.7275244324e-01 3.2229093035e-06
1936 3.7273120679e-01 3.1988118133e-06
1937 3.7270950204e-01 3.1349454747e-06
1938 3.7268819147e-01 3.0883245966e-06
1939 3.7266766130e-01 3.1784580831e-06
1940 3.7264732197e-01 3.1368449072e-06
1941 3.7262753160e-01 3.1898801884e-06
1942 3.7260835664e-01 3.4544721591e-06
1943 3.7259017925e-01 3.3325622848e-06
1944 3.7256902705e-01 3.2108036489e-06
1945 3.7254754805e-01 3.1392609372e-06
1946 3.7252608687e-01 3.3580335664e-06
1947 3.7250425848e-01 3.4905951720e-06
1948 3.7248254063e-01 3.7969197554e-06
1949 3.7246154295e-01 4.2899752663e-06
1950 3.7244145510e-01 4.7182008649e-06
1951 3.7242113889e-01 4.5211831967e-06
1952 3.7240032232e-01 4.2101514466e-06
1953 3.7237917216e-01 4.2191761486e-06
1954 3.7235846371e-01 4.6442167091e-06
1955 3.7233794670e-01 4.9289482203e-06
1956 3.7231729296e-01 4.8986025278e-06
1957 3.7229542590e-01 4.5961665153e-06
1958 3.7227374075e-01 4.2349080853e-06
1959 3.7225130990e-01 3.8526111294e-06
1960 3.7222888956e-01 3.4802114881e-06
1961 3.7220546644e-01 3.2209066195e-06
1962 3.7218157984e-01 3.0903417234e-06
1963 3.7215825978e-01 3.1610574021e-06
1964 3.7213594076e-01 3.1639022148e-06
1965 3.7211490657e-01 3.1802646702e-06
1966 3.7209127145e-01 3.2601973398e-06
1967 3.7206627163e-01 3.4366022340e-06
1968 3.7204106405e-01 3.5578177100e-06
1969 3.7201729428e-01 3.6545867110e-06
1970 3.7199471889e-01 3.4627374221e-06
1971 3.7197177549e-01 3.5534649533e-06
1972 3.7194837987e-01 3.6760606447e-06
1973 3.7192369535e-01 3.5871879277e-06
1974 3.7189774920e-01 3.4478379743e-06
1975 3.7187082286e-01 3.3152827870e-06
1976 3.7184309874e-01 3.3624925697e-06
1977 3.7181442310e-01 3.3188620499e-06
1978 3.7178696682e-01 3.3917119122e-06
1979 3.7176132070e-01 3.5063830445e-06
1980 3.7173591320e-01 3.4585046042e-06
1981 3.7171005333e-01 3.4944598292e-06
1982 3.7168325776e-01 3.8179975761e-06
1983 3.7165766777e-01 4.8371948855e-06
1984 3.7163448637e-01 5.3373116709e-06
1985 3.7161056065e-01 4.6828956260e-06
1986 3.7158578292e-01 4.5504547136e-06
1987 3.7156134728e-01 5.0882079091e-06
1988 3.7153700312e-01 4.4089167370e-06
1989 3.7151152545e-01 3.6400271905e-06
1990 3.7148520999e-01 3.2770460155e-06
1991 3.7145960105e-01 3.3199904734e-06
1992 3.7143414058e-01 3.2677782352e-06
1993 3.7140839615e-01 3.2249982857e-06
1994 3.7138304987e-01 3.2950163587e-06
1995 3.7135798478e-01 3.2676436110e-06
1996 3.7133483531e-01 3.6383143470e-06
1997 3.7131352792e-01 3.6542420731e-06
1998 3.7129078414e-01 3.3414666787e-06
1999 3.7126665554e-01 3.3653485732e-06
