iter rel_error rel_residual
0 1.0578388428e+00 4.1976316402e-01
1 1.1522975648e+00 2.2420998194e-01
2 1.0063258470e+00 1.8432024526e-01
3 9.4606311788e-01 1.4146545979e-01
4 9.3886165152e-01 1.0745850605e-01
5 9.0958798600e-01 8.2941490236e-02
6 8.8279579763e-01 6.2132769428e-02
7 8.6933049142e-01 3.9967816476e-02
8 8.5902070414e-01 2.3632265383e-02
9 8.5255096765e-01 1.5651826103e-02
10 8.4622365310e-01 1.2592722019e-02
11 8.3762672490e-01 1.0988854732e-02
12 8.2977541663e-01 1.1271418231e-02
13 8.2008590293e-01 1.0817041062e-02
14 8.0570582127e-01 1.2178377836e-02
15 7.9340518107e-01 1.1353831751e-02
16 7.8272885296e-01 1.0703030773e-02
17 7.7131441431e-01 9.8797357692e-03
18 7.6394358344e-01 8.3196450027e-03
19 7.5809210814e-01 7.9529423601e-03
20 7.5084651997e-01 6.5970603755e-03
21 7.4503914577e-01 5.5386799019e-03
22 7.4009808745e-01 5.7602013175e-03
23 7.3456494003e-01 5.6816091890e-03
24 7.2927355132e-01 6.2592191475e-03
25 7.2473860763e-01 5.1243165469e-03
26 7.1979954478e-01 5.3037246191e-03
27 7.1492217683e-01 5.3643917921e-03
28 7.1073787082e-01 4.3513866930e-03
29 7.0681162437e-01 4.2639974456e-03
30 7.0359163646e-01 3.7803813105e-03
31 7.0122645449e-01 3.1827366137e-03
32 6.9910119221e-01 3.1939500136e-03
33 6.9719335125e-01 3.0607224846e-03
34 6.9552211457e-01 2.9485666020e-03
35 6.9382643360e-01 2.7377344926e-03
36 6.9212870777e-01 2.8058594253e-03
37 6.9061072954e-01 2.8139455492e-03
38 6.8914761234e-01 2.7926907620e-03
39 6.8793992502e-01 2.4950474438e-03
40 6.8687263946e-01 2.2088093035e-03
41 6.8595367580e-01 1.9776734626e-03
42 6.8509777233e-01 1.8221238331e-03
43 6.8426835609e-01 1.9704593799e-03
44 6.8332831880e-01 1.9035465799e-03
45 6.8232945709e-01 1.8872237153e-03
46 6.8140832491e-01 1.8570205277e-03
47 6.8061734591e-01 1.8869196671e-03
48 6.7996726381e-01 1.7067743903e-03
49 6.7948150171e-01 1.3068420820e-03
50 6.7901342350e-01 1.4077126274e-03
51 6.7851805658e-01 1.2955889673e-03
52 6.7798947955e-01 1.2177273121e-03
53 6.7738291388e-01 1.3658582528e-03
54 6.7669190950e-01 1.1760134363e-03
55 6.7604794606e-01 1.1440847536e-03
56 6.7544725914e-01 1.0417825661e-03
57 6.7488108813e-01 1.0766598289e-03
58 6.7437588891e-01 1.0704781835e-03
59 6.7386111312e-01 9.7748207833e-04
60 6.7328511764e-01 1.0886946681e-03
61 6.7254502346e-01 9.7962338225e-04
62 6.7174136815e-01 9.2765755094e-04
63 6.7095028623e-01 1.0865415485e-03
64 6.7016556226e-01 9.6439271342e-04
65 6.6949150531e-01 9.2506769379e-04
66 6.6889220094e-01 8.6756113284e-04
67 6.6836572815e-01 7.5086426092e-04
68 6.6788208325e-01 7.6131692428e-04
69 6.6734846597e-01 7.6437645632e-04
70 6.6678807031e-01 7.7800888037e-04
71 6.6618974878e-01 7.1261105633e-04
72 6.6555625363e-01 7.7229001251e-04
73 6.6496699309e-01 7.6673760793e-04
74 6.6438177092e-01 7.2730208114e-04
75 6.6388607738e-01 7.7630266314e-04
76 6.6342934600e-01 7.2393393290e-04
77 6.6294793941e-01 7.0837920828e-04
78 6.6245598578e-01 7.0336629586e-04
79 6.6194641460e-01 6.7540485685e-04
80 6.6146407012e-01 5.9804683115e-04
81 6.6102544523e-01 6.0987662350e-04
82 6.6060492351e-01 5.9702638497e-04
83 6.6022413144e-01 6.0178841574e-04
84 6.5986885325e-01 5.9568149466e-04
85 6.5954018208e-01 5.7861115712e-04
86 6.5921570941e-01 5.5402424091e-04
87 6.5886057252e-01 4.9948487130e-04
88 6.5850837390e-01 5.2068927147e-04
89 6.5814763252e-01 5.2519774557e-04
90 6.5778699919e-01 4.8109068151e-04
91 6.5743502498e-01 5.0955628156e-04
92 6.5710745354e-01 5.0748382147e-04
93 6.5679220203e-01 5.3368460887e-04
94 6.5644046866e-01 5.3083835012e-04
95 6.5604866500e-01 5.5492049295e-04
96 6.5564760538e-01 5.7161408544e-04
97 6.5520090228e-01 4.9433746747e-04
98 6.5477492581e-01 4.9626360786e-04
99 6.5436759636e-01 5.0629987936e-04
100 6.5396653453e-01 5.1822929400e-04
101 6.5357380210e-01 5.0720881202e-04
102 6.5316647938e-01 5.1379218211e-04
103 6.5273924900e-01 5.2378748036e-04
104 6.5231072368e-01 5.2740295154e-04
105 6.5185220951e-01 4.7133276650e-04
106 6.5139283553e-01 4.6069070149e-04
107 6.5093960289e-01 4.5640684927e-04
108 6.5045726088e-01 4.6161962223e-04
109 6.4996811792e-01 4.8129957954e-04
110 6.4948539028e-01 4.6511400475e-04
111 6.4896813131e-01 4.8441982125e-04
112 6.4844476607e-01 5.3886958747e-04
113 6.4789775429e-01 5.5241084499e-04
114 6.4736312272e-01 5.8597767730e-04
115 6.4678575982e-01 6.0626850901e-04
116 6.4621792741e-01 6.0439722696e-04
117 6.4563818814e-01 5.7807187389e-04
118 6.4507473767e-01 5.4692317624e-04
119 6.4445471231e-01 5.1870681582e-04
120 6.4381482817e-01 5.2124282260e-04
121 6.4318584660e-01 4.8716297288e-04
122 6.4256669655e-01 4.8551756885e-04
123 6.4191530710e-01 4.4333344492e-04
124 6.4128583565e-01 4.9971395846e-04
125 6.4069188116e-01 5.1321217192e-04
126 6.4011611864e-01 4.8703024577e-04
127 6.3956675223e-01 4.8493189790e-04
128 6.3895088269e-01 4.5198714167e-04
129 6.3833723460e-01 4.9465086672e-04
130 6.3767911719e-01 4.9809279054e-04
131 6.3704395883e-01 5.3104332446e-04
132 6.3639276343e-01 5.4685773386e-04
133 6.3573026147e-01 5.8007896800e-04
134 6.3509783543e-01 5.3726229029e-04
135 6.3444191378e-01 4.9146698518e-04
136 6.3380446697e-01 4.7452290097e-04
137 6.3314429011e-01 4.6179574019e-04
138 6.3246052789e-01 4.3049534601e-04
139 6.3176426808e-01 3.8967682261e-04
140 6.3104683043e-01 4.0694764058e-04
141 6.3032802980e-01 4.1942040389e-04
142 6.2959225867e-01 4.2492623661e-04
143 6.2885679260e-01 4.1059740157e-04
144 6.2814077566e-01 4.2164035340e-04
145 6.2741802007e-01 4.4254598158e-04
146 6.2669119809e-01 4.5525679991e-04
147 6.2598780872e-01 4.5254351289e-04
148 6.2528204982e-01 4.2390587382e-04
149 6.2457890202e-01 3.9907886459e-04
150 6.2387223664e-01 3.8842171439e-04
151 6.2315864350e-01 4.2238865941e-04
152 6.2245265071e-01 4.2644188227e-04
153 6.2174560601e-01 4.7153163625e-04
154 6.2105676289e-01 5.2247434828e-04
155 6.2037417054e-01 5.3409129736e-04
156 6.1968572541e-01 5.4324843076e-04
157 6.1894635511e-01 4.4763309809e-04
158 6.1821907049e-01 4.2376859056e-04
159 6.1745818834e-01 4.2008723610e-04
160 6.1673071760e-01 4.1429347553e-04
161 6.1604112681e-01 4.0172508401e-04
162 6.1536691612e-01 4.0141461372e-04
163 6.1467209864e-01 4.2707196012e-04
164 6.1401259886e-01 4.1832562628e-04
165 6.1331799586e-01 3.9843537142e-04
166 6.1260451589e-01 4.1790433340e-04
167 6.1186706494e-01 4.0667303394e-04
168 6.1118380307e-01 4.2664141803e-04
169 6.1051062671e-01 4.6875484901e-04
170 6.0987215536e-01 4.7403256829e-04
171 6.0922680012e-01 4.5395633357e-04
172 6.0854846439e-01 4.3320247114e-04
173 6.0787187431e-01 4.3565580709e-04
174 6.0720768894e-01 3.9892551255e-04
175 6.0652172554e-01 3.6113733694e-04
176 6.0590845818e-01 3.7124052174e-04
177 6.0530178855e-01 3.7467738351e-04
178 6.0469938127e-01 3.5565881045e-04
179 6.0408035944e-01 3.5323753033e-04
180 6.0346989723e-01 3.4311797201e-04
181 6.0288238653e-01 3.4138317237e-04
182 6.0230990669e-01 3.4133754956e-04
183 6.0175626935e-01 3.2694768374e-04
184 6.0126499844e-01 3.2510121148e-04
185 6.0075472519e-01 3.1317727309e-04
186 6.0025254983e-01 3.1615681290e-04
187 5.9974493920e-01 2.9566103509e-04
188 5.9923273228e-01 2.9328258344e-04
189 5.9873864035e-01 2.9853322919e-04
190 5.9822992359e-01 2.9635965244e-04
191 5.9772954977e-01 3.0772655376e-04
192 5.9722792576e-01 2.9858303007e-04
193 5.9671320751e-01 3.0686579547e-04
194 5.9620863436e-01 2.9310720493e-04
195 5.9569221217e-01 2.9027800189e-04
196 5.9516554132e-01 2.9303780301e-04
197 5.9466142447e-01 2.7945256975e-04
198 5.9418812004e-01 2.6728417406e-04
199 5.9374327742e-01 2.6792145817e-04
200 5.9329776598e-01 2.6926803217e-04
201 5.9286982312e-01 2.7955945570e-04
202 5.9243542972e-01 2.6253250681e-04
203 5.9198876609e-01 2.6462847989e-04
204 5.9154357987e-01 2.7331298153e-04
205 5.9107727875e-01 2.8159152653e-04
206 5.9058632262e-01 2.8266460500e-04
207 5.9011488272e-01 2.8318688691e-04
208 5.8964905770e-01 2.6472308518e-04
209 5.8921207603e-01 2.5586166052e-04
210 5.8878084211e-01 2.5382490051e-04
211 5.8832910328e-01 2.6711842320e-04
212 5.8786242691e-01 2.7450628461e-04
213 5.8736697304e-01 2.7937158376e-04
214 5.8685026334e-01 2.9806723361e-04
215 5.8633847808e-01 3.2258111240e-04
216 5.8589973534e-01 3.5839894525e-04
217 5.8547197062e-01 3.8747446840e-04
218 5.8504531224e-01 3.3437803305e-04
219 5.8458730496e-01 2.8669576648e-04
220 5.8409090991e-01 2.7873208285e-04
221 5.8358645280e-01 2.7908995966e-04
222 5.8308424612e-01 2.6374261817e-04
223 5.8257039655e-01 2.6320182043e-04
224 5.8208107435e-01 2.6512849287e-04
225 5.8161607697e-01 2.6952970659e-04
226 5.8114465623e-01 2.9421900760e-04
227 5.8068070931e-01 3.3478582375e-04
228 5.8023304557e-01 3.6288250978e-04
229 5.7978490852e-01 3.4192337731e-04
230 5.7931176340e-01 2.8531557824e-04
231 5.7882975738e-01 2.5988490990e-04
232 5.7836714095e-01 2.5443556551e-04
233 5.7790419306e-01 2.4548132954e-04
234 5.7747690737e-01 2.5412256701e-04
235 5.7704224414e-01 2.4288957227e-04
236 5.7661276841e-01 2.3470795611e-04
237 5.7620544540e-01 2.3352466889e-04
238 5.7580208157e-01 2.3341169303e-04
239 5.7542120699e-01 2.2935080353e-04
240 5.7501326888e-01 2.3013069385e-04
241 5.7458735656e-01 2.4116962022e-04
242 5.7415633917e-01 2.4233650372e-04
243 5.7373086774e-01 2.4313164055e-04
244 5.7330880455e-01 2.4877429688e-04
245 5.7287894408e-01 2.3643129054e-04
246 5.7244656748e-01 2.4185156385e-04
247 5.7204093676e-01 2.3647638631e-04
248 5.7165572442e-01 2.3217061176e-04
249 5.7130935654e-01 2.2714782051e-04
250 5.7095441628e-01 2.3909308989e-04
251 5.7062071832e-01 2.4862431235e-04
252 5.7027980298e-01 2.4499279385e-04
253 5.6992910939e-01 2.4831707718e-04
254 5.6958691285e-01 2.4830257831e-04
255 5.6925252549e-01 2.2712139613e-04
256 5.6891375034e-01 2.0452928175e-04
257 5.6856943776e-01 1.8824273827e-04
258 5.6823589056e-01 2.0482838769e-04
259 5.6792416667e-01 2.1419607491e-04
260 5.6760829786e-01 2.2655219090e-04
261 5.6727800708e-01 2.0161233508e-04
262 5.6692915158e-01 2.0502136918e-04
263 5.6659636494e-01 2.0997324069e-04
264 5.6627987787e-01 2.2277926117e-04
265 5.6596604367e-01 2.3508380732e-04
266 5.6567223753e-01 2.3175022206e-04
267 5.6537123011e-01 2.1582442595e-04
268 5.6507067284e-01 2.0887433962e-04
269 5.6476632721e-01 2.1093606246e-04
270 5.6447456402e-01 2.2660681720e-04
271 5.6418013382e-01 2.3342927967e-04
272 5.6386434967e-01 2.1461423678e-04
273 5.6354966085e-01 1.8091647972e-04
274 5.6323072509e-01 1.7306254757e-04
275 5.6291282619e-01 1.7916738188e-04
276 5.6261009333e-01 1.9656636077e-04
277 5.6230997499e-01 1.9275448116e-04
278 5.6197787373e-01 1.9633786109e-04
279 5.6163613337e-01 1.8632011876e-04
280 5.6129596692e-01 1.6591417011e-04
281 5.6096044378e-01 1.7135517780e-04
282 5.6063337707e-01 1.6186537811e-04
283 5.6030798527e-01 1.6597888280e-04
284 5.5996870653e-01 1.7511299619e-04
285 5.5962591181e-01 1.7866891264e-04
286 5.5927520584e-01 1.7869420175e-04
287 5.5890832939e-01 1.7991261879e-04
288 5.5854377176e-01 1.8125934482e-04
289 5.5817461105e-01 1.7935693391e-04
290 5.5782257681e-01 1.7950732459e-04
291 5.5747256526e-01 1.7501591817e-04
292 5.5713018852e-01 1.7585660195e-04
293 5.5676442311e-01 1.8092975178e-04
294 5.5639188316e-01 1.9608863861e-04
295 5.5601543872e-01 2.0560723636e-04
296 5.5564931883e-01 2.0540719390e-04
297 5.5529027483e-01 1.9837491854e-04
298 5.5492307125e-01 1.8612783879e-04
299 5.5455902041e-01 1.6616896446e-04
300 5.5419986189e-01 1.6456455985e-04
301 5.5384294002e-01 1.6697171539e-04
302 5.5351201703e-01 1.8018586936e-04
303 5.5318068897e-01 1.8385964905e-04
304 5.5286885548e-01 1.8550281989e-04
305 5.5256435303e-01 1.7824720969e-04
306 5.5224550360e-01 1.7507085815e-04
307 5.5193043193e-01 1.7358199203e-04
308 5.5159747656e-01 1.7435544910e-04
309 5.5126776272e-01 1.5943105289e-04
310 5.5094747307e-01 1.5489417228e-04
311 5.5063305329e-01 1.5685551486e-04
312 5.5033090085e-01 1.5189624941e-04
313 5.5003075141e-01 1.4258566202e-04
314 5.4974133581e-01 1.4359234143e-04
315 5.4945089353e-01 1.3920434099e-04
316 5.4916357451e-01 1.4387872304e-04
317 5.4888193621e-01 1.3972706673e-04
318 5.4859454660e-01 1.4283250176e-04
319 5.4831000549e-01 1.4983888793e-04
320 5.4803550685e-01 1.5483429706e-04
321 5.4776502998e-01 1.6639889990e-04
322 5.4749718211e-01 1.7964840168e-04
323 5.4723100491e-01 1.7230670752e-04
324 5.4694835491e-01 1.5947204873e-04
325 5.4662791223e-01 1.4590755223e-04
326 5.4629810508e-01 1.4080799873e-04
327 5.4597122091e-01 1.4003517959e-04
328 5.4563086502e-01 1.3505346469e-04
329 5.4531337295e-01 1.2928085472e-04
330 5.4499348441e-01 1.4029709771e-04
331 5.4466984284e-01 1.5840241311e-04
332 5.4434795668e-01 1.8074895765e-04
333 5.4402942768e-01 2.0238545577e-04
334 5.4369967117e-01 1.8320002367e-04
335 5.4335076623e-01 1.5450001024e-04
336 5.4297423316e-01 1.4000071097e-04
337 5.4261001433e-01 1.3676787649e-04
338 5.4224617913e-01 1.4192733110e-04
339 5.4188120792e-01 1.4232481492e-04
340 5.4150317067e-01 1.4587320023e-04
341 5.4113265850e-01 1.4649869156e-04
342 5.4073878564e-01 1.5002878848e-04
343 5.4033032261e-01 1.5045420035e-04
344 5.3990883023e-01 1.5616898947e-04
345 5.3949694784e-01 1.4698905455e-04
346 5.3908353144e-01 1.4787154779e-04
347 5.3868426335e-01 1.4447502034e-04
348 5.3832503502e-01 1.4256916038e-04
349 5.3797716945e-01 1.3550320810e-04
350 5.3759854430e-01 1.4753739241e-04
351 5.3720372588e-01 1.4675307236e-04
352 5.3677887784e-01 1.4196749358e-04
353 5.3636229018e-01 1.5012278835e-04
354 5.3593831732e-01 1.5584456939e-04
355 5.3551233431e-01 1.6962173258e-04
356 5.3508040391e-01 1.6905457570e-04
357 5.3464746028e-01 1.6382606071e-04
358 5.3419407345e-01 1.6576000371e-04
359 5.3372924396e-01 1.6441766420e-04
360 5.3325340594e-01 1.6384037996e-04
361 5.3274244923e-01 1.4996635080e-04
362 5.3224308592e-01 1.5230751103e-04
363 5.3174232756e-01 1.5207623945e-04
364 5.3124913768e-01 1.6628212346e-04
365 5.3079288388e-01 1.6258826222e-04
366 5.3033498710e-01 1.5877439264e-04
367 5.2983634038e-01 1.5217326138e-04
368 5.2930271644e-01 1.5519806951e-04
369 5.2878756492e-01 1.6489495227e-04
370 5.2826114416e-01 1.8342036107e-04
371 5.2773107551e-01 1.8063524079e-04
372 5.2717685165e-01 1.8188339246e-04
373 5.2661277874e-01 1.8916812778e-04
374 5.2603502118e-01 1.8864498039e-04
375 5.2544177239e-01 1.7962574070e-04
376 5.2483668938e-01 1.6061790251e-04
377 5.2422179617e-01 1.6393462127e-04
378 5.2361346744e-01 1.6397097160e-04
379 5.2296562383e-01 1.6175313438e-04
380 5.2230739732e-01 1.8229648010e-04
381 5.2166910690e-01 1.8512498747e-04
382 5.2104407479e-01 1.9034815199e-04
383 5.2041107060e-01 1.7828725539e-04
384 5.1977808536e-01 1.7015635713e-04
385 5.1915611356e-01 1.6053313703e-04
386 5.1852334176e-01 1.6585013838e-04
387 5.1789577450e-01 1.7185310279e-04
388 5.1723202011e-01 1.8844257544e-04
389 5.1652820848e-01 2.0401978202e-04
390 5.1583423662e-01 2.0456846924e-04
391 5.1512657023e-01 1.9967197030e-04
392 5.1441951657e-01 1.7467348766e-04
393 5.1368179273e-01 1.6822510840e-04
394 5.1296022170e-01 1.6070255586e-04
395 5.1225026169e-01 1.6312015363e-04
396 5.1154592474e-01 1.6303081600e-04
397 5.1081459325e-01 1.5888752873e-04
398 5.1012052476e-01 1.6473457089e-04
399 5.0943013928e-01 1.7665158054e-04
400 5.0875105369e-01 1.8204637831e-04
401 5.0810029133e-01 1.9370646017e-04
402 5.0744408790e-01 1.8117139539e-04
403 5.0679124471e-01 1.7251229855e-04
404 5.0613733738e-01 1.6393605748e-04
405 5.0551278521e-01 1.6494045934e-04
406 5.0490708947e-01 1.6366416336e-04
407 5.0429548633e-01 1.6557818023e-04
408 5.0366550616e-01 1.5206030439e-04
409 5.0303609919e-01 1.5579103797e-04
410 5.0241604753e-01 1.6037578694e-04
411 5.0179577331e-01 1.6877822309e-04
412 5.0117943550e-01 1.7049997379e-04
413 5.0057072235e-01 1.7827616905e-04
414 4.9999112335e-01 1.8896988541e-04
415 4.9943000490e-01 1.9613629012e-04
416 4.9888359004e-01 1.7786652288e-04
417 4.9833899590e-01 1.7172333368e-04
418 4.9781834761e-01 1.6400111786e-04
419 4.9730275640e-01 1.5846475498e-04
420 4.9678132629e-01 1.5697379826e-04
421 4.9625707923e-01 1.6533863159e-04
422 4.9575236079e-01 1.8192927449e-04
423 4.9527001976e-01 2.0469194540e-04
424 4.9480223480e-01 2.0424286530e-04
425 4.9433922378e-01 1.7211710247e-04
426 4.9385052871e-01 1.4986582166e-04
427 4.9338795342e-01 1.4365329807e-04
428 4.9293110506e-01 1.4317462011e-04
429 4.9247963258e-01 1.4430390425e-04
430 4.9203764168e-01 1.3513641797e-04
431 4.9159857545e-01 1.3668933492e-04
432 4.9119049867e-01 1.4189766438e-04
433 4.9081689262e-01 1.5367243756e-04
434 4.9044757518e-01 1.5733039025e-04
435 4.9010036011e-01 1.6163592735e-04
436 4.8976789757e-01 1.6311066628e-04
437 4.8944815662e-01 1.5021361258e-04
438 4.8912475910e-01 1.4423467413e-04
439 4.8879492041e-01 1.3044530105e-04
440 4.8845403276e-01 1.1915824548e-04
441 4.8811109171e-01 1.1756488124e-04
442 4.8778390448e-01 1.1706834233e-04
443 4.8746640444e-01 1.1588212272e-04
444 4.8714633031e-01 1.1276359276e-04
445 4.8684052180e-01 1.1100367711e-04
446 4.8652109019e-01 1.1213650593e-04
447 4.8620620544e-01 1.0424877996e-04
448 4.8590313391e-01 1.0761101674e-04
449 4.8559707494e-01 1.0980284091e-04
450 4.8529518518e-01 1.1042446955e-04
451 4.8500928322e-01 1.1050859840e-04
452 4.8472081884e-01 1.1503946971e-04
453 4.8445087886e-01 1.1807106676e-04
454 4.8417877057e-01 1.1288224178e-04
455 4.8388866473e-01 1.0845322441e-04
456 4.8358652482e-01 1.2467716329e-04
457 4.8329058605e-01 1.2868231883e-04
458 4.8299740098e-01 1.3517075266e-04
459 4.8269545321e-01 1.2191116219e-04
460 4.8239539033e-01 1.1672719038e-04
461 4.8210468426e-01 1.0987693638e-04
462 4.8180923303e-01 1.0581098751e-04
463 4.8152645356e-01 1.0954075869e-04
464 4.8125356891e-01 1.1821502750e-04
465 4.8098009097e-01 1.2565015304e-04
466 4.8070616799e-01 1.2510511977e-04
467 4.8042472709e-01 1.1844227019e-04
468 4.8013620518e-01 1.1338244293e-04
469 4.7984511821e-01 1.1106700780e-04
470 4.7955397401e-01 1.1084766227e-04
471 4.7926241223e-01 1.1025891685e-04
472 4.7897956781e-01 1.0749755544e-04
473 4.7868223528e-01 1.0561785718e-04
474 4.7839477742e-01 1.0648615002e-04
475 4.7812414246e-01 1.1051534342e-04
476 4.7786735794e-01 1.2017786337e-04
477 4.7761973070e-01 1.2380798499e-04
478 4.7738291428e-01 1.3112157448e-04
479 4.7714700516e-01 1.1670967819e-04
480 4.7689315444e-01 1.1215753471e-04
481 4.7664464463e-01 1.0043243643e-04
482 4.7638964050e-01 1.0288868342e-04
483 4.7614523679e-01 1.1817428715e-04
484 4.7590511080e-01 1.1348928764e-04
485 4.7564554048e-01 1.0206908571e-04
486 4.7539163713e-01 9.6893234248e-05
487 4.7514433540e-01 1.0241184770e-04
488 4.7489338159e-01 9.7216825695e-05
489 4.7463124654e-01 9.8915168864e-05
490 4.7436996476e-01 9.9396714346e-05
491 4.7410913387e-01 9.7852999044e-05
492 4.7385111764e-01 9.7748785361e-05
493 4.7360811171e-01 1.0356334473e-04
494 4.7338120432e-01 1.0506115587e-04
495 4.7316474601e-01 9.8464877598e-05
496 4.7295181280e-01 8.9743645031e-05
497 4.7272852602e-01 9.5792614073e-05
498 4.7251037310e-01 1.0786693691e-04
499 4.7229847944e-01 1.2324354368e-04
500 4.7208952675e-01 1.2959575377e-04
501 4.7187285408e-01 1.1721305424e-04
502 4.7164101316e-01 1.0233677814e-04
503 4.7141164791e-01 9.0738262101e-05
504 4.7118732712e-01 8.8195209653e-05
505 4.7095737436e-01 8.6953573484e-05
506 4.7073730966e-01 8.8430567622e-05
507 4.7052575783e-01 9.4074424036e-05
508 4.7031174889e-01 8.8554044234e-05
509 4.7009956717e-01 8.6820178697e-05
510 4.6990062536e-01 8.6664034540e-05
511 4.6971199255e-01 8.2769883756e-05
512 4.6952759148e-01 8.1443836146e-05
513 4.6933513349e-01 8.3504063418e-05
514 4.6915760262e-01 8.8809899085e-05
515 4.6897622142e-01 8.2221186889e-05
516 4.6879534111e-01 8.0830112481e-05
517 4.6861362071e-01 7.8627970764e-05
518 4.6841964664e-01 8.4280381728e-05
519 4.6821858755e-01 9.5347089135e-05
520 4.6800831640e-01 1.0400378623e-04
521 4.6780154811e-01 1.2039819308e-04
522 4.6760923334e-01 1.1637844482e-04
523 4.6741419149e-01 1.0920111666e-04
524 4.6722213747e-01 1.0600253752e-04
525 4.6703746922e-01 1.1087843545e-04
526 4.6685496383e-01 1.0986891855e-04
527 4.6666242734e-01 1.0005840719e-04
528 4.6646806880e-01 9.7564659159e-05
529 4.6627084836e-01 9.1558015019e-05
530 4.6607551285e-01 8.7110804441e-05
531 4.6588196178e-01 8.3923322803e-05
532 4.6569270988e-01 8.3341631611e-05
533 4.6550625444e-01 8.1683857263e-05
534 4.6531161888e-01 7.8759091445e-05
535 4.6511465268e-01 8.2144663439e-05
536 4.6491961652e-01 8.5838166030e-05
537 4.6471984541e-01 8.8231550196e-05
538 4.6451662177e-01 9.4340722350e-05
539 4.6431516298e-01 1.0084996732e-04
540 4.6412592456e-01 1.0343289187e-04
541 4.6394533051e-01 9.9797323148e-05
542 4.6376770563e-01 9.7856995437e-05
543 4.6359003238e-01 9.3061301300e-05
544 4.6340783012e-01 9.1405745644e-05
545 4.6321440137e-01 8.4617281287e-05
546 4.6300762424e-01 8.3394041923e-05
547 4.6278720100e-01 8.5070724975e-05
548 4.6257072552e-01 8.2641313883e-05
549 4.6235653778e-01 7.7794179710e-05
550 4.6215262888e-01 8.0433018477e-05
551 4.6194295764e-01 8.6138921751e-05
552 4.6173041500e-01 8.6544011363e-05
553 4.6150793561e-01 8.5275678515e-05
554 4.6128395999e-01 8.4821932637e-05
555 4.6105960885e-01 8.7805803525e-05
556 4.6083669444e-01 8.6856330057e-05
557 4.6061816391e-01 7.7538354210e-05
558 4.6040257304e-01 7.8162329322e-05
559 4.6019384775e-01 7.8160749819e-05
560 4.5998311345e-01 8.2425865956e-05
561 4.5977472478e-01 8.5276136860e-05
562 4.5956514609e-01 8.3026947674e-05
563 4.5936944710e-01 8.5851807748e-05
564 4.5916670687e-01 8.2724090919e-05
565 4.5894897126e-01 8.3429076648e-05
566 4.5871666930e-01 7.9858683443e-05
567 4.5848276651e-01 7.9993820238e-05
568 4.5824853614e-01 8.1639493520e-05
569 4.5801455709e-01 8.1683784922e-05
570 4.5778340333e-01 8.3563047589e-05
571 4.5754641984e-01 8.2263794898e-05
572 4.5730100691e-01 8.0784007038e-05
573 4.5706054313e-01 8.6704505778e-05
574 4.5681354310e-01 8.7364170947e-05
575 4.5656802240e-01 8.6726223038e-05
576 4.5632260719e-01 8.5285985209e-05
577 4.5608444300e-01 7.8805822778e-05
578 4.5585045451e-01 8.1265428153e-05
579 4.5561340122e-01 8.6467998056e-05
580 4.5537866059e-01 9.0397461820e-05
581 4.5514022518e-01 9.3410245684e-05
582 4.5489863025e-01 9.5740132908e-05
583 4.5465705045e-01 9.7002080174e-05
584 4.5442054346e-01 9.4999620817e-05
585 4.5418388621e-01 9.5380987226e-05
586 4.5394546096e-01 9.2685890876e-05
587 4.5370747286e-01 8.8544702715e-05
588 4.5347214510e-01 8.8771097583e-05
589 4.5322740140e-01 9.5327357117e-05
590 4.5297804611e-01 1.0318632195e-04
591 4.5272140843e-01 1.1475260683e-04
592 4.5247270401e-01 1.2597206142e-04
593 4.5222346150e-01 1.1735295867e-04
594 4.5196359670e-01 1.0577723664e-04
595 4.5169806887e-01 1.0550624494e-04
596 4.5144189377e-01 1.0109924990e-04
597 4.5118309357e-01 1.0225743302e-04
598 4.5091877663e-01 9.3285397425e-05
599 4.5065973339e-01 9.4471821989e-05
600 4.5040082364e-01 9.4690771514e-05
601 4.5015440621e-01 1.0187392957e-04
602 4.4990924092e-01 1.0590608621e-04
603 4.4966951535e-01 1.0355055844e-04
604 4.4943516005e-01 1.0144213707e-04
605 4.4920849600e-01 9.0638494693e-05
606 4.4898504761e-01 8.7470047464e-05
607 4.4875768695e-01 9.6661927387e-05
608 4.4853283139e-01 9.9739104651e-05
609 4.4831223819e-01 1.0254422307e-04
610 4.4811389069e-01 1.1484847808e-04
611 4.4792447973e-01 1.1510567854e-04
612 4.4774195516e-01 1.0305708060e-04
613 4.4755462059e-01 8.9415126542e-05
614 4.4737343293e-01 8.0959144275e-05
615 4.4719885825e-01 8.0631935040e-05
616 4.4702648047e-01 8.8702664764e-05
617 4.4686234640e-01 1.0314630974e-04
618 4.4670782146e-01 1.0781395963e-04
619 4.4655488043e-01 9.5073559641e-05
620 4.4640111847e-01 7.5347667963e-05
621 4.4624302406e-01 7.0424294566e-05
622 4.4609265636e-01 6.7369082710e-05
623 4.4594439035e-01 6.7592517765e-05
624 4.4579869168e-01 6.5148121969e-05
625 4.4566453720e-01 6.4847095258e-05
626 4.4554890750e-01 6.7584724261e-05
627 4.4543143289e-01 6.2907044445e-05
628 4.4531112951e-01 6.0826753623e-05
629 4.4519094414e-01 6.3042772586e-05
630 4.4507352118e-01 6.4237140634e-05
631 4.4495782286e-01 6.8271922052e-05
632 4.4484728899e-01 6.8261531674e-05
633 4.4473798038e-01 7.2468529630e-05
634 4.4463003500e-01 6.9678766365e-05
635 4.4451829144e-01 6.5858061423e-05
636 4.4440078445e-01 6.5324372063e-05
637 4.4428596486e-01 7.1203218543e-05
638 4.4418245672e-01 8.4618427243e-05
639 4.4408660824e-01 7.6644715633e-05
640 4.4399062981e-01 6.3184682059e-05
641 4.4389553107e-01 5.3789992812e-05
642 4.4380374687e-01 5.1496091076e-05
643 4.4371430390e-01 5.0624159867e-05
644 4.4362509478e-01 5.2962426890e-05
645 4.4353772788e-01 5.8156187469e-05
646 4.4345013560e-01 5.7733718435e-05
647 4.4336445016e-01 5.2703382443e-05
648 4.4327531862e-01 5.0978663019e-05
649 4.4318880711e-01 4.8736697559e-05
650 4.4310460836e-01 4.8865845471e-05
651 4.4302032020e-01 5.0280050570e-05
652 4.4293428258e-01 5.2307618189e-05
653 4.4284742588e-01 5.6830452136e-05
654 4.4276101769e-01 5.7781798764e-05
655 4.4267865660e-01 5.7504815532e-05
656 4.4259811051e-01 5.4845770146e-05
657 4.4252249436e-01 5.0467798981e-05
658 4.4244665909e-01 4.8762008381e-05
659 4.4236862589e-01 4.7199990145e-05
660 4.4228949198e-01 5.0024045268e-05
661 4.4221051053e-01 4.9605810399e-05
662 4.4212989185e-01 4.6482229588e-05
663 4.4204512193e-01 4.3809137135e-05
664 4.4195424232e-01 4.4029762876e-05
665 4.4186393318e-01 4.3927828890e-05
666 4.4177409258e-01 4.5207159461e-05
667 4.4168628354e-01 4.4293083524e-05
668 4.4159367888e-01 4.2940588451e-05
669 4.4149940321e-01 4.3229129800e-05
670 4.4140755169e-01 4.3479049793e-05
671 4.4131462872e-01 4.1314137752e-05
672 4.4121602612e-01 4.2926468298e-05
673 4.4111354171e-01 4.3463816639e-05
674 4.4100932007e-01 4.3822200149e-05
675 4.4090547088e-01 4.5056992376e-05
676 4.4079925076e-01 4.9361502287e-05
677 4.4068981377e-01 5.0639230052e-05
678 4.4058197689e-01 5.1604164576e-05
679 4.4047220753e-01 5.0393519821e-05
680 4.4036128652e-01 5.3391869393e-05
681 4.4024943213e-01 5.4195262432e-05
682 4.4013393815e-01 5.0503813728e-05
683 4.4001710601e-01 4.8420988712e-05
684 4.3989806841e-01 4.4967667720e-05
685 4.3978178780e-01 4.5446447631e-05
686 4.3966358294e-01 4.5974101629e-05
687 4.3954441950e-01 4.9207596967e-05
688 4.3942642360e-01 5.5398929802e-05
689 4.3930766925e-01 5.9374908114e-05
690 4.3918873305e-01 5.7500932368e-05
691 4.3906769180e-01 5.3029479706e-05
692 4.3894508824e-01 4.9633291235e-05
693 4.3882025338e-01 4.9593879575e-05
694 4.3869535954e-01 4.7264155599e-05
695 4.3857326885e-01 5.1709217378e-05
696 4.3845763905e-01 5.9126981111e-05
697 4.3833998601e-01 5.9948916364e-05
698 4.3822335488e-01 6.0238324841e-05
699 4.3810411423e-01 5.2659579695e-05
700 4.3797918181e-01 4.6209493549e-05
701 4.3785200566e-01 4.5945663788e-05
702 4.3773470177e-01 5.3450272048e-05
703 4.3762272500e-01 5.3308052523e-05
704 4.3750655470e-01 4.9090314721e-05
705 4.3738711279e-01 4.5268024888e-05
706 4.3726715910e-01 4.2499857454e-05
707 4.3714853121e-01 4.8628414734e-05
708 4.3703260487e-01 5.6055091715e-05
709 4.3691624096e-01 6.0366540707e-05
710 4.3680162684e-01 5.9670021344e-05
711 4.3668529769e-01 5.2251633043e-05
712 4.3656611113e-01 4.6406444790e-05
713 4.3644665877e-01 4.2307312192e-05
714 4.3632742801e-01 4.3222709339e-05
715 4.3621176689e-01 4.0657249166e-05
716 4.3609836347e-01 3.8150369822e-05
717 4.3598811671e-01 3.9411032351e-05
718 4.3587617260e-01 4.0878300530e-05
719 4.3576579372e-01 3.9528280723e-05
720 4.3565741567e-01 3.8675429791e-05
721 4.3555774425e-01 3.9735808213e-05
722 4.3546243387e-01 3.7176196669e-05
723 4.3536243891e-01 3.5966763586e-05
724 4.3526397545e-01 3.6637701298e-05
725 4.3516728910e-01 3.7192940021e-05
726 4.3507261113e-01 3.6730089267e-05
727 4.3497974835e-01 3.8576657537e-05
728 4.3488767138e-01 4.0098499612e-05
729 4.3479745156e-01 4.1357187713e-05
730 4.3471048663e-01 4.4008149313e-05
731 4.3462374962e-01 4.5156302752e-05
732 4.3454053871e-01 4.3896127654e-05
733 4.3445525555e-01 4.1256234124e-05
734 4.3437316848e-01 3.6986795188e-05
735 4.3429126194e-01 3.5889503923e-05
736 4.3421133758e-01 3.4572294742e-05
737 4.3412833190e-01 3.4576065327e-05
738 4.3404929716e-01 3.5023050204e-05
739 4.3397449330e-01 3.8519402031e-05
740 4.3390570572e-01 3.8995385126e-05
741 4.3383488999e-01 3.2359848809e-05
742 4.3376230247e-01 2.9094727760e-05
743 4.3369191994e-01 2.9763987933e-05
744 4.3362441278e-01 3.2079864374e-05
745 4.3355816226e-01 3.6499639506e-05
746 4.3349254629e-01 3.8152841362e-05
747 4.3342609517e-01 3.3788598528e-05
748 4.3335682058e-01 2.8779704779e-05
749 4.3328297873e-01 2.7550176854e-05
750 4.3321194569e-01 2.7235934290e-05
751 4.3314273901e-01 2.6590957736e-05
752 4.3307106389e-01 2.5639678729e-05
753 4.3300085041e-01 2.5567986671e-05
754 4.3293623285e-01 2.4049783085e-05
755 4.3287504028e-01 2.4647247662e-05
756 4.3281399845e-01 2.3879420243e-05
757 4.3275343397e-01 2.3331235988e-05
758 4.3269425621e-01 2.2727208808e-05
759 4.3263726214e-01 2.2708867589e-05
760 4.3257841309e-01 2.3333682123e-05
761 4.3251607428e-01 2.3135103449e-05
762 4.3245288919e-01 2.3592961419e-05
763 4.3239018218e-01 2.3193809574e-05
764 4.3232680977e-01 2.3005069715e-05
765 4.3226683003e-01 2.3993386681e-05
766 4.3220396369e-01 2.4765060109e-05
767 4.3214412884e-01 2.4966249851e-05
768 4.3208323544e-01 2.6168668235e-05
769 4.3202585959e-01 2.5965641630e-05
770 4.3196966363e-01 2.5245302241e-05
771 4.3191306518e-01 2.3391054312e-05
772 4.3185766572e-01 2.3714762172e-05
773 4.3180673957e-01 2.3101669402e-05
774 4.3175017413e-01 2.3238147159e-05
775 4.3169373594e-01 2.5049238483e-05
776 4.3163671643e-01 2.7153988767e-05
777 4.3157959775e-01 3.0053023162e-05
778 4.3152426941e-01 2.9600335444e-05
779 4.3146833405e-01 2.6179508211e-05
780 4.3141362539e-01 2.4380444831e-05
781 4.3135668632e-01 2.2449781230e-05
782 4.3129866970e-01 2.1596996527e-05
783 4.3123988307e-01 2.0576629502e-05
784 4.3118212464e-01 2.0727268359e-05
785 4.3112225006e-01 2.0513108877e-05
786 4.3106172185e-01 2.0250817637e-05
787 4.3099983585e-01 2.0262048753e-05
788 4.3093707027e-01 2.0349283909e-05
789 4.3087117707e-01 2.0994838241e-05
790 4.3080753828e-01 2.1425808761e-05
791 4.3074317532e-01 2.0974706325e-05
792 4.3067869032e-01 2.0841844563e-05
793 4.3061233445e-01 2.2020954728e-05
794 4.3054715829e-01 2.1973178991e-05
795 4.3048160112e-01 2.4428879037e-05
796 4.3041683056e-01 2.8520514579e-05
797 4.3035484169e-01 3.3044575544e-05
798 4.3029211528e-01 2.7996179763e-05
799 4.3022364206e-01 2.4259956924e-05
800 4.3015279916e-01 2.1924288732e-05
801 4.3008165026e-01 2.0528679577e-05
802 4.3001048578e-01 2.0275546261e-05
803 4.2994218337e-01 2.0962566526e-05
804 4.2986939781e-01 2.0830341990e-05
805 4.2979138181e-01 2.2670092708e-05
806 4.2970827748e-01 2.4649481266e-05
807 4.2962842027e-01 2.8638147553e-05
808 4.2955144545e-01 3.1926646099e-05
809 4.2947437350e-01 3.0345243123e-05
810 4.2939203181e-01 2.7259758022e-05
811 4.2930785270e-01 2.4261622781e-05
812 4.2922224448e-01 2.3156018715e-05
813 4.2913708993e-01 2.2927473322e-05
814 4.2905178610e-01 2.1482912453e-05
815 4.2896444566e-01 2.1837178865e-05
816 4.2888159095e-01 2.2556644679e-05
817 4.2879708376e-01 2.2590042146e-05
818 4.2870739812e-01 2.2670932691e-05
819 4.2861750233e-01 2.3155793068e-05
820 4.2852648388e-01 2.1885267522e-05
821 4.2843389685e-01 2.1518072666e-05
822 4.2833740896e-01 2.3584886736e-05
823 4.2823274424e-01 2.1845850698e-05
824 4.2812877831e-01 2.2730984135e-05
825 4.2802232686e-01 2.3929762173e-05
826 4.2791550010e-01 2.5839524045e-05
827 4.2780626958e-01 2.8283615820e-05
828 4.2769744144e-01 3.3115123343e-05
829 4.2759420281e-01 3.8097631045e-05
830 4.2749141661e-01 3.2088772730e-05
831 4.2738461597e-01 2.7826278463e-05
832 4.2727287265e-01 2.4955783585e-05
833 4.2715881463e-01 2.3420583442e-05
834 4.2704623804e-01 2.4285994827e-05
835 4.2694333098e-01 2.6120992744e-05
836 4.2684213278e-01 2.4937641490e-05
837 4.2673061607e-01 2.3811298380e-05
838 4.2662015889e-01 2.5994440953e-05
839 4.2651046951e-01 2.6412567889e-05
840 4.2639949574e-01 2.6937174208e-05
841 4.2628588984e-01 2.8540832862e-05
842 4.2617162550e-01 3.0460425873e-05
843 4.2605854600e-01 3.4164329626e-05
844 4.2594737641e-01 3.3491434069e-05
845 4.2583703500e-01 3.1331747503e-05
846 4.2572871332e-01 2.7948606439e-05
847 4.2562408129e-01 2.9570799220e-05
848 4.2552610316e-01 3.2200820277e-05
849 4.2542910612e-01 3.0163583469e-05
850 4.2533054791e-01 2.8200544504e-05
851 4.2523618638e-01 2.6219728725e-05
852 4.2514448505e-01 2.3695131909e-05
853 4.2505538934e-01 2.1553492326e-05
854 4.2496567006e-01 2.0437739867e-05
855 4.2488236215e-01 2.0006581156e-05
856 4.2480245341e-01 2.0119876168e-05
857 4.2472819392e-01 2.1927642456e-05
858 4.2465520994e-01 2.0686007385e-05
859 4.2457432981e-01 1.9715373944e-05
860 4.2449343752e-01 1.9751358471e-05
861 4.2441234731e-01 2.0145919068e-05
862 4.2432844955e-01 1.9123129078e-05
863 4.2424869070e-01 2.0155678144e-05
864 4.2417675744e-01 2.1496352519e-05
865 4.2410917319e-01 2.0544906942e-05
866 4.2404012393e-01 1.9238562513e-05
867 4.2397098143e-01 1.8438680501e-05
868 4.2390460683e-01 1.9558112655e-05
869 4.2383754888e-01 1.9956962484e-05
870 4.2377098446e-01 1.9726912029e-05
871 4.2370610387e-01 1.9391609646e-05
872 4.2363938183e-01 1.6844417880e-05
873 4.2357255945e-01 1.6554558673e-05
874 4.2350977179e-01 1.7276076550e-05
875 4.2345052069e-01 1.7619657976e-05
876 4.2339310376e-01 1.6239644060e-05
877 4.2333667691e-01 1.5960936681e-05
878 4.2328339698e-01 1.5948236529e-05
879 4.2322839876e-01 1.6274202433e-05
880 4.2316981396e-01 1.6274173622e-05
881 4.2311196309e-01 1.5699744531e-05
882 4.2305347449e-01 1.4654548006e-05
883 4.2299757381e-01 1.4425163668e-05
884 4.2294526628e-01 1.4673404696e-05
885 4.2289051681e-01 1.4596949047e-05
886 4.2283356289e-01 1.4075049284e-05
887 4.2277789712e-01 1.4191305672e-05
888 4.2272396857e-01 1.4764418089e-05
889 4.2267074653e-01 1.4131960568e-05
890 4.2261873745e-01 1.4368885302e-05
891 4.2256731523e-01 1.4217075464e-05
892 4.2251594501e-01 1.3970652145e-05
893 4.2246314691e-01 1.3905152568e-05
894 4.2240934352e-01 1.4109090665e-05
895 4.2235714302e-01 1.5970074220e-05
896 4.2230616065e-01 2.0332963483e-05
897 4.2226034404e-01 2.1822808857e-05
898 4.2221292288e-01 1.9080839966e-05
899 4.2216308399e-01 1.5768026319e-05
900 4.2211238244e-01 1.4965308142e-05
901 4.2206492543e-01 1.5380966878e-05
902 4.2201994931e-01 1.5704906270e-05
903 4.2197388076e-01 1.3985158719e-05
904 4.2192407573e-01 1.3102301276e-05
905 4.2187304161e-01 1.3132798616e-05
906 4.2182262582e-01 1.3054216888e-05
907 4.2177311812e-01 1.3043228704e-05
908 4.2172236728e-01 1.3256541078e-05
909 4.2167007211e-01 1.3580458951e-05
910 4.2161859247e-01 1.3798878516e-05
911 4.2156525047e-01 1.4491857714e-05
912 4.2151444556e-01 1.7446381278e-05
913 4.2146616531e-01 1.8148111755e-05
914 4.2141665712e-01 1.6155542912e-05
915 4.2136542126e-01 1.5746712389e-05
916 4.2131508555e-01 1.8261722892e-05
917 4.2126714546e-01 1.9233006839e-05
918 4.2121992382e-01 1.7379897472e-05
919 4.2117046203e-01 1.4327387614e-05
920 4.2112011803e-01 1.3203730019e-05
921 4.2107027332e-01 1.4624147083e-05
922 4.2102194948e-01 1.6354238110e-05
923 4.2097245250e-01 1.6126993611e-05
924 4.2091937459e-01 1.5019643766e-05
925 4.2086512680e-01 1.6353030765e-05
926 4.2081295763e-01 1.8250273060e-05
927 4.2076266816e-01 1.6393775011e-05
928 4.2071003028e-01 1.4290875103e-05
929 4.2066100584e-01 1.3503044031e-05
930 4.2061004475e-01 1.2517479808e-05
931 4.2055889010e-01 1.3031083913e-05
932 4.2050903365e-01 1.5173454750e-05
933 4.2046196053e-01 1.4273637933e-05
934 4.2041191884e-01 1.3388467158e-05
935 4.2036083167e-01 1.2381349695e-05
936 4.2030610946e-01 1.1553273339e-05
937 4.2025292450e-01 1.1401051203e-05
938 4.2020116617e-01 1.1888357498e-05
939 4.2014966814e-01 1.2354821720e-05
940 4.2009841754e-01 1.2714773669e-05
941 4.2004693795e-01 1.2842250055e-05
942 4.1999632089e-01 1.3041812134e-05
943 4.1994501548e-01 1.2401034906e-05
944 4.1989540779e-01 1.2477944661e-05
945 4.1984508334e-01 1.2779012974e-05
946 4.1979173993e-01 1.2725595845e-05
947 4.1973704672e-01 1.3005971925e-05
948 4.1968200586e-01 1.3392447427e-05
949 4.1962771095e-01 1.3821871389e-05
950 4.1957353130e-01 1.3255588828e-05
951 4.1951560970e-01 1.2725257640e-05
952 4.1945575094e-01 1.2228220313e-05
953 4.1939547394e-01 1.1959041712e-05
954 4.1933458669e-01 1.2298572587e-05
955 4.1927344574e-01 1.3136179852e-05
956 4.1921410460e-01 1.6068140958e-05
957 4.1915632892e-01 1.6665420222e-05
958 4.1909322311e-01 1.6188287575e-05
959 4.1903165029e-01 1.6280882559e-05
960 4.1896864508e-01 1.5383799928e-05
961 4.1890402981e-01 1.4764128162e-05
962 4.1883798611e-01 1.4275301640e-05
963 4.1877030368e-01 1.3821225507e-05
964 4.1870670292e-01 1.3781978843e-05
965 4.1864066836e-01 1.3837294766e-05
966 4.1857460586e-01 1.3800145656e-05
967 4.1850543125e-01 1.4252493891e-05
968 4.1843343038e-01 1.4060559674e-05
969 4.1835688879e-01 1.2921450195e-05
970 4.1828017069e-01 1.2374123709e-05
971 4.1820597414e-01 1.2431907455e-05
972 4.1813507611e-01 1.2090846607e-05
973 4.1806608145e-01 1.2273469887e-05
974 4.1799816329e-01 1.2686144305e-05
975 4.1792517924e-01 1.3158303640e-05
976 4.1784623986e-01 1.2750498541e-05
977 4.1776387379e-01 1.3070316723e-05
978 4.1768520501e-01 1.3744047313e-05
979 4.1761162796e-01 1.3649919084e-05
980 4.1753635416e-01 1.3176291682e-05
981 4.1745585122e-01 1.2900502638e-05
982 4.1737581205e-01 1.3270278138e-05
983 4.1729288603e-01 1.2964944797e-05
984 4.1720751802e-01 1.3724385019e-05
985 4.1712271508e-01 1.4685944046e-05
986 4.1703834044e-01 1.5536506263e-05
987 4.1695278777e-01 1.7811770932e-05
988 4.1687005331e-01 1.9665358036e-05
989 4.1678195882e-01 1.8956765731e-05
990 4.1669043508e-01 1.7806911221e-05
991 4.1659564514e-01 1.6613222372e-05
992 4.1649943844e-01 1.5846856080e-05
993 4.1640207987e-01 1.6348775826e-05
994 4.1630477388e-01 1.8510267956e-05
995 4.1621181023e-01 2.1863230351e-05
996 4.1611733763e-01 2.0365123529e-05
997 4.1601739133e-01 1.8995453781e-05
998 4.1592307246e-01 2.0724016024e-05
999 4.1582832130e-01 2.1572624739e-05
1000 4.1573295824e-01 2.0423395879e-05
1001 4.1563470112e-01 1.8856822207e-05
1002 4.1552998536e-01 1.7610971010e-05
1003 4.1543043860e-01 1.6571170789e-05
1004 4.1532594971e-01 1.5379890395e-05
1005 4.1521649418e-01 1.5164082830e-05
1006 4.1510290371e-01 1.4600516875e-05
1007 4.1498838573e-01 1.4691410706e-05
1008 4.1486865126e-01 1.4824623210e-05
1009 4.1475019938e-01 1.4629393181e-05
1010 4.1463772873e-01 1.5069301541e-05
1011 4.1452730139e-01 1.5465126122e-05
1012 4.1441657156e-01 1.6686761789e-05
1013 4.1430269418e-01 1.6565210689e-05
1014 4.1417908951e-01 1.6440278291e-05
1015 4.1405293040e-01 1.6612769481e-05
1016 4.1392538931e-01 1.6781470985e-05
1017 4.1379318420e-01 1.8088953857e-05
1018 4.1365850582e-01 2.2840781627e-05
1019 4.1353652903e-01 2.7372839297e-05
1020 4.1341238745e-01 2.2657373982e-05
1021 4.1327582871e-01 1.8437604126e-05
1022 4.1313465516e-01 1.7594073151e-05
1023 4.1299023692e-01 1.6865539900e-05
1024 4.1284249271e-01 1.7707078771e-05
1025 4.1269598437e-01 1.9466565231e-05
1026 4.1254715773e-01 2.2046989695e-05
1027 4.1239261620e-01 2.6047761083e-05
1028 4.1224631685e-01 2.6719794928e-05
1029 4.1209398980e-01 2.3241938023e-05
1030 4.1193817962e-01 1.9892650327e-05
1031 4.1177224344e-01 2.0203646018e-05
1032 4.1161010287e-01 2.4225667910e-05
1033 4.1145361974e-01 2.6593791316e-05
1034 4.1129080599e-01 2.4848570029e-05
1035 4.1112212343e-01 2.0854315442e-05
1036 4.1094374643e-01 1.8499111200e-05
1037 4.1077433464e-01 1.7657790758e-05
1038 4.1061004391e-01 1.9333950855e-05
1039 4.1044358827e-01 1.9831740848e-05
1040 4.1025957205e-01 2.0306311307e-05
1041 4.1007443331e-01 2.1662436838e-05
1042 4.0989121777e-01 2.1162121984e-05
1043 4.0970321938e-01 1.9691823933e-05
1044 4.0951661551e-01 2.0011387688e-05
1045 4.0933194441e-01 2.0320839901e-05
1046 4.0915285810e-01 2.1291617870e-05
1047 4.0897582579e-01 2.0833581255e-05
1048 4.0879585339e-01 2.0093649039e-05
1049 4.0861018366e-01 1.9629184109e-05
1050 4.0842066869e-01 2.1027838332e-05
1051 4.0823271618e-01 2.2787510301e-05
1052 4.0805180108e-01 2.2394291067e-05
1053 4.0786633333e-01 2.0612522784e-05
1054 4.0767845864e-01 1.9509216584e-05
1055 4.0749698262e-01 2.0948492154e-05
1056 4.0732220962e-01 2.0882825899e-05
1057 4.0713532234e-01 2.0179024621e-05
1058 4.0695100603e-01 1.9156796158e-05
1059 4.0676481170e-01 1.8745283554e-05
1060 4.0657793588e-01 1.8557086770e-05
1061 4.0639105207e-01 1.8653067635e-05
1062 4.0620753886e-01 1.8757192396e-05
1063 4.0602125154e-01 1.8160293535e-05
1064 4.0583437243e-01 1.8193813076e-05
1065 4.0564634252e-01 1.8592867056e-05
1066 4.0546380308e-01 1.8573309674e-05
1067 4.0529165491e-01 1.8770963828e-05
1068 4.0511668128e-01 1.9868449277e-05
1069 4.0493590162e-01 1.9898534227e-05
1070 4.0475837945e-01 1.9063536544e-05
1071 4.0458803181e-01 1.8841741441e-05
1072 4.0440672725e-01 1.8438292104e-05
1073 4.0422461245e-01 1.8193549932e-05
1074 4.0404590853e-01 1.8988325192e-05
1075 4.0386395720e-01 1.8514487234e-05
1076 4.0367031544e-01 1.9620392923e-05
1077 4.0347896395e-01 2.3180879656e-05
1078 4.0330062123e-01 2.9558329376e-05
1079 4.0313301987e-01 3.0194718142e-05
1080 4.0295734187e-01 2.3681487044e-05
1081 4.0277351053e-01 1.9662656691e-05
1082 4.0258657406e-01 1.8789268493e-05
1083 4.0240419686e-01 1.9146856815e-05
1084 4.0222157615e-01 1.9317333023e-05
1085 4.0204802855e-01 1.9027755155e-05
1086 4.0186863561e-01 1.8651769962e-05
1087 4.0168490916e-01 1.8154137601e-05
1088 4.0149485699e-01 1.8862325286e-05
1089 4.0131555098e-01 2.0639762211e-05
1090 4.0115105461e-01 2.4328162307e-05
1091 4.0099351674e-01 2.2035747104e-05
1092 4.0082400823e-01 1.9274224124e-05
1093 4.0064763281e-01 1.7969788932e-05
1094 4.0046573321e-01 1.9269678623e-05
1095 4.0028910688e-01 2.4456981509e-05
1096 4.0012045397e-01 2.6627573632e-05
1097 3.9995738076e-01 2.4857587577e-05
1098 3.9978814074e-01 2.1563127903e-05
1099 3.9961565005e-01 1.9268203065e-05
1100 3.9943866576e-01 1.9141883071e-05
1101 3.9926045409e-01 1.8483920190e-05
1102 3.9908384334e-01 1.9302700816e-05
1103 3.9891388211e-01 1.9474026465e-05
1104 3.9875470208e-01 2.0149539644e-05
1105 3.9859107191e-01 1.9404039887e-05
1106 3.9842835244e-01 1.8948948180e-05
1107 3.9826630878e-01 1.8376701755e-05
1108 3.9810815218e-01 1.7374427104e-05
1109 3.9795380104e-01 1.7096870245e-05
1110 3.9780276235e-01 1.6396484947e-05
1111 3.9764774963e-01 1.6395151966e-05
1112 3.9749422683e-01 1.5979632819e-05
1113 3.9734727683e-01 1.7081674327e-05
1114 3.9720673174e-01 1.8572473466e-05
1115 3.9707624027e-01 1.9010653734e-05
1116 3.9694512098e-01 1.8167781400e-05
1117 3.9680997624e-01 1.9746726085e-05
1118 3.9668303508e-01 2.2555269727e-05
1119 3.9656298492e-01 2.3500974714e-05
1120 3.9643996900e-01 2.0099551121e-05
1121 3.9631314629e-01 1.8398991213e-05
1122 3.9619602648e-01 1.8719598566e-05
1123 3.9608366476e-01 1.7695559685e-05
1124 3.9596717249e-01 1.6389878532e-05
1125 3.9585069818e-01 1.4966285858e-05
1126 3.9573162722e-01 1.4526393384e-05
1127 3.9561251779e-01 1.3785989490e-05
1128 3.9549771366e-01 1.4023934336e-05
1129 3.9538693514e-01 1.4060038582e-05
1130 3.9528048301e-01 1.3218868957e-05
1131 3.9517432529e-01 1.3785352535e-05
1132 3.9506869083e-01 1.3873670836e-05
1133 3.9496796648e-01 1.4054513625e-05
1134 3.9486989760e-01 1.4111666601e-05
1135 3.9477370154e-01 1.4008903721e-05
1136 3.9467885304e-01 1.3725111500e-05
1137 3.9458697892e-01 1.4256426728e-05
1138 3.9449885669e-01 1.8397727455e-05
1139 3.9442347583e-01 2.0994954834e-05
1140 3.9435070908e-01 1.7324519133e-05
1141 3.9427121212e-01 1.3473829592e-05
1142 3.9419135693e-01 1.2022646136e-05
1143 3.9411818199e-01 1.2447256993e-05
1144 3.9405015096e-01 1.2494199887e-05
1145 3.9398417715e-01 1.2230135816e-05
1146 3.9391881749e-01 1.2125691855e-05
1147 3.9385567894e-01 1.2200548550e-05
1148 3.9378865535e-01 1.1884521293e-05
1149 3.9372181899e-01 1.2147652990e-05
1150 3.9365833732e-01 1.1819981502e-05
1151 3.9359583777e-01 1.1782218704e-05
1152 3.9353503534e-01 1.1619392046e-05
1153 3.9347197356e-01 1.1154619763e-05
1154 3.9340894082e-01 1.0801158527e-05
1155 3.9334644054e-01 1.0280585233e-05
1156 3.9328512897e-01 1.0187304764e-05
1157 3.9322768965e-01 1.0419325995e-05
1158 3.9317236642e-01 1.0350051447e-05
1159 3.9312043317e-01 1.0660760045e-05
1160 3.9307085964e-01 1.0447796342e-05
1161 3.9302051822e-01 1.0151745056e-05
1162 3.9296816829e-01 9.7108444224e-06
1163 3.9291253852e-01 9.7745547948e-06
1164 3.9285728175e-01 1.0001567410e-05
1165 3.9280196062e-01 1.0831781603e-05
1166 3.9274805644e-01 1.2485358507e-05
1167 3.9269638651e-01 1.4002203245e-05
1168 3.9264566442e-01 1.3798879900e-05
1169 3.9259185593e-01 1.2336864791e-05
1170 3.9253769832e-01 1.2467261362e-05
1171 3.9248556637e-01 1.2843101614e-05
1172 3.9243251698e-01 1.1251744691e-05
1173 3.9237776814e-01 1.0341558332e-05
1174 3.9232514579e-01 1.0354788513e-05
1175 3.9227764452e-01 1.0952635329e-05
1176 3.9223073098e-01 1.0463800137e-05
1177 3.9217980578e-01 9.9589465400e-06
1178 3.9212680059e-01 1.0813688383e-05
1179 3.9207523666e-01 1.3573786044e-05
1180 3.9202760161e-01 1.5425859102e-05
1181 3.9197938583e-01 1.4492601536e-05
1182 3.9192824146e-01 1.1849484757e-05
1183 3.9187357611e-01 1.1020148402e-05
1184 3.9182140874e-01 1.0832965817e-05
1185 3.9176955633e-01 1.1792111117e-05
1186 3.9171532357e-01 1.2203061149e-05
1187 3.9166117040e-01 1.4601079458e-05
1188 3.9161021900e-01 1.5580179222e-05
1189 3.9155832216e-01 1.3732519984e-05
1190 3.9150423702e-01 1.2090189551e-05
1191 3.9144896340e-01 1.1006720282e-05
1192 3.9139309241e-01 1.0736606711e-05
1193 3.9133807702e-01 1.0504705242e-05
1194 3.9128615052e-01 1.0413045389e-05
1195 3.9123159374e-01 1.0384207001e-05
1196 3.9117835204e-01 1.0289679604e-05
1197 3.9112514897e-01 1.0306837005e-05
1198 3.9107034970e-01 1.0102145132e-05
1199 3.9101307276e-01 1.0039822915e-05
1200 3.9095495917e-01 1.0030793688e-05
1201 3.9089988079e-01 1.1201537744e-05
1202 3.9084919059e-01 1.1612509712e-05
1203 3.9079872894e-01 9.9805544356e-06
1204 3.9074587471e-01 1.0350080515e-05
1205 3.9069293217e-01 1.1493532194e-05
1206 3.9063961196e-01 1.2407785513e-05
1207 3.9058707191e-01 1.3262443462e-05
1208 3.9053457844e-01 1.2642633421e-05
1209 3.9048075101e-01 1.1620599890e-05
1210 3.9042851068e-01 1.1344384091e-05
1211 3.9037555175e-01 1.0500466135e-05
1212 3.9032274471e-01 9.9398692312e-06
1213 3.9026936108e-01 1.0097357575e-05
1214 3.9021663475e-01 1.0343196776e-05
1215 3.9016433651e-01 1.1330794178e-05
1216 3.9011230119e-01 1.1263973712e-05
1217 3.9006013776e-01 1.1735108415e-05
1218 3.9000818992e-01 1.2345866913e-05
1219 3.8995575427e-01 1.4001366266e-05
1220 3.8990497460e-01 1.5119826398e-05
1221 3.8985575097e-01 1.3295651527e-05
1222 3.8980364242e-01 1.1893398181e-05
1223 3.8975010894e-01 1.2049639498e-05
1224 3.8969764939e-01 1.3904460975e-05
1225 3.8964801174e-01 1.3978047312e-05
1226 3.8959649999e-01 1.2209172967e-05
1227 3.8954369383e-01 1.1806859485e-05
1228 3.8949186718e-01 1.1064843759e-05
1229 3.8943860452e-01 1.0659882972e-05
1230 3.8938457270e-01 9.5245653467e-06
1231 3.8933020273e-01 9.5795677850e-06
1232 3.8927367471e-01 9.9130054813e-06
1233 3.8921866021e-01 1.0063090904e-05
1234 3.8916439334e-01 1.0411256204e-05
1235 3.8910953924e-01 9.7595666490e-06
1236 3.8905228029e-01 9.3946079342e-06
1237 3.8899374816e-01 9.9958190611e-06
1238 3.8893563770e-01 1.0882120401e-05
1239 3.8887839144e-01 1.1606201496e-05
1240 3.8881990746e-01 1.1155471668e-05
1241 3.8876065434e-01 1.1173267789e-05
1242 3.8870176867e-01 1.0593952406e-05
1243 3.8864666467e-01 1.0854872456e-05
1244 3.8859379726e-01 1.1265913876e-05
1245 3.8854149492e-01 1.0849848192e-05
1246 3.8848825940e-01 1.0735281194e-05
1247 3.8843607491e-01 1.0920349604e-05
1248 3.8838311975e-01 1.0629096437e-05
1249 3.8832995438e-01 1.0629849745e-05
1250 3.8827553061e-01 1.0461054425e-05
1251 3.8822438248e-01 1.1256525721e-05
1252 3.8817470974e-01 1.2508289133e-05
1253 3.8812498962e-01 1.3040860585e-05
1254 3.8807630701e-01 1.3600771193e-05
1255 3.8802858778e-01 1.2568622764e-05
1256 3.8797820791e-01 1.1117820722e-05
1257 3.8792792407e-01 1.0281161836e-05
1258 3.8788088301e-01 9.9463876406e-06
1259 3.8783474416e-01 9.3752125298e-06
1260 3.8778805462e-01 9.0324518605e-06
1261 3.8774264189e-01 9.2748728145e-06
1262 3.8769825553e-01 8.7370779589e-06
1263 3.8765204746e-01 9.1500851510e-06
1264 3.8760476503e-01 9.4925058723e-06
1265 3.8755818930e-01 9.8146288077e-06
1266 3.8751229613e-01 9.4152391004e-06
1267 3.8746635346e-01 8.4515844946e-06
1268 3.8742194585e-01 8.9786190667e-06
1269 3.8738137742e-01 9.7559251109e-06
1270 3.8734096195e-01 9.8316827277e-06
1271 3.8729673793e-01 1.0590232656e-05
1272 3.8725098026e-01 1.0721747902e-05
1273 3.8720454311e-01 9.7937176268e-06
1274 3.8715738201e-01 9.4604072440e-06
1275 3.8710956681e-01 9.7423442244e-06
1276 3.8706597878e-01 1.1066756317e-05
1277 3.8702125289e-01 1.1608015295e-05
1278 3.8697627144e-01 1.1261558628e-05
1279 3.8693043474e-01 1.0357216543e-05
1280 3.8688346584e-01 9.9402406177e-06
1281 3.8683505057e-01 1.2515184168e-05
1282 3.8678938970e-01 1.4035543751e-05
1283 3.8674284902e-01 1.3331999766e-05
1284 3.8669423273e-01 1.1491005481e-05
1285 3.8664418728e-01 1.1064522298e-05
1286 3.8659526625e-01 1.0875895351e-05
1287 3.8654549014e-01 1.0767435651e-05
1288 3.8649589548e-01 1.1285724539e-05
1289 3.8644643880e-01 1.0764090625e-05
1290 3.8639531710e-01 9.7953973761e-06
1291 3.8634533858e-01 9.3639059188e-06
1292 3.8630063621e-01 1.0289490093e-05
1293 3.8625510876e-01 9.5990322250e-06
1294 3.8620485791e-01 9.5239390713e-06
1295 3.8615315394e-01 9.4164435723e-06
1296 3.8610035785e-01 9.3501478738e-06
1297 3.8604740499e-01 9.1560327925e-06
1298 3.8599325204e-01 9.5833189230e-06
1299 3.8593993798e-01 1.0195045700e-05
1300 3.8588556495e-01 9.9537102504e-06
1301 3.8583016367e-01 1.1401867035e-05
1302 3.8577696788e-01 1.3930535907e-05
1303 3.8572804328e-01 1.4182472686e-05
1304 3.8567632764e-01 1.2251163572e-05
1305 3.8562396284e-01 1.1056578070e-05
1306 3.8557165254e-01 1.0754828797e-05
1307 3.8551972525e-01 1.0715069753e-05
1308 3.8546727175e-01 1.0676937583e-05
1309 3.8541632012e-01 1.0402470641e-05
1310 3.8536170581e-01 1.0003523216e-05
1311 3.8530599347e-01 9.8311333100e-06
1312 3.8525078198e-01 9.9434802464e-06
1313 3.8519921288e-01 9.4662831185e-06
1314 3.8514815241e-01 9.9501218336e-06
1315 3.8509797902e-01 1.0121474280e-05
1316 3.8504430119e-01 9.6145783004e-06
1317 3.8498696810e-01 9.0101535549e-06
1318 3.8493079148e-01 9.5235173283e-06
1319 3.8487690497e-01 1.0189404721e-05
1320 3.8482147334e-01 1.0654310324e-05
1321 3.8476700073e-01 1.2064335928e-05
1322 3.8471480467e-01 1.5329437242e-05
1323 3.8466498918e-01 1.4803205903e-05
1324 3.8461076696e-01 1.1818928608e-05
1325 3.8455367105e-01 1.0460061361e-05
1326 3.8449666820e-01 9.6419628936e-06
1327 3.8443804409e-01 9.3980590995e-06
1328 3.8437696403e-01 9.4156653851e-06
1329 3.8431887118e-01 9.3429620724e-06
1330 3.8425998600e-01 9.5571011669e-06
1331 3.8420017143e-01 9.2131608907e-06
1332 3.8414159622e-01 9.3325266239e-06
1333 3.8408371959e-01 9.4454285915e-06
1334 3.8402482961e-01 9.9440696655e-06
1335 3.8396233746e-01 9.7999648763e-06
1336 3.8389640785e-01 9.7375990442e-06
1337 3.8383087436e-01 9.8959521175e-06
1338 3.8376578242e-01 9.9413347177e-06
1339 3.8370183675e-01 1.0016057177e-05
1340 3.8363877221e-01 9.9899827803e-06
1341 3.8357211547e-01 9.8108352226e-06
1342 3.8350590070e-01 9.7906079678e-06
1343 3.8343823381e-01 1.0008430446e-05
1344 3.8337052352e-01 1.0513580837e-05
1345 3.8330297581e-01 1.0543299376e-05
1346 3.8323767516e-01 1.0162958422e-05
1347 3.8317002472e-01 1.0042330575e-05
1348 3.8310112109e-01 1.0092735493e-05
1349 3.8303233954e-01 1.0258212730e-05
1350 3.8296748930e-01 1.1184584737e-05
1351 3.8290588794e-01 1.0943462511e-05
1352 3.8284205301e-01 1.1250389663e-05
1353 3.8277633835e-01 1.1386667987e-05
1354 3.8270654196e-01 1.0470722733e-05
1355 3.8263524060e-01 1.0187499226e-05
1356 3.8256431859e-01 1.0656036881e-05
1357 3.8249452286e-01 1.2844769741e-05
1358 3.8242697451e-01 1.4935540539e-05
1359 3.8235986576e-01 1.4255583302e-05
1360 3.8229155998e-01 1.3070064994e-05
1361 3.8222467912e-01 1.4864704044e-05
1362 3.8216191092e-01 1.6890345499e-05
1363 3.8209967980e-01 1.4596111902e-05
1364 3.8203340681e-01 1.2208497687e-05
1365 3.8196885593e-01 1.0747900552e-05
1366 3.8190819897e-01 1.0243313249e-05
1367 3.8184477438e-01 9.6095089626e-06
1368 3.8177875333e-01 9.8533478390e-06
1369 3.8171396773e-01 1.0514321547e-05
1370 3.8165112682e-01 1.0990729732e-05
1371 3.8159128106e-01 1.3077456677e-05
1372 3.8153523462e-01 1.4185303128e-05
1373 3.8148067805e-01 1.3968732542e-05
1374 3.8142474633e-01 1.3432225088e-05
1375 3.8136712493e-01 1.3483932735e-05
1376 3.8131078069e-01 1.2385064485e-05
1377 3.8125368787e-01 1.0759778025e-05
1378 3.8119621141e-01 1.1043451397e-05
1379 3.8114259447e-01 1.3113652675e-05
1380 3.8109291391e-01 1.2702235928e-05
1381 3.8104047504e-01 1.2092126257e-05
1382 3.8098536300e-01 1.1744827664e-05
1383 3.8092873378e-01 1.1329046432e-05
1384 3.8087184104e-01 1.1138154835e-05
1385 3.8081545959e-01 1.0442738428e-05
1386 3.8076012781e-01 9.7593356137e-06
1387 3.8070655872e-01 1.0304036106e-05
1388 3.8065456765e-01 1.1488727152e-05
1389 3.8060080536e-01 1.3029020467e-05
1390 3.8054793241e-01 1.3679797031e-05
1391 3.8049606229e-01 1.3990565717e-05
1392 3.8044427684e-01 1.3112927413e-05
1393 3.8039311389e-01 1.2174943692e-05
1394 3.8034251976e-01 1.1225991607e-05
1395 3.8029256342e-01 1.0223705787e-05
1396 3.8024567019e-01 9.4756430242e-06
1397 3.8019994236e-01 8.8365200016e-06
1398 3.8015821312e-01 9.4189511361e-06
1399 3.8011668790e-01 9.3558543634e-06
1400 3.8007215806e-01 8.6034832700e-06
1401 3.8002728739e-01 8.6840052193e-06
1402 3.7998326697e-01 9.1165829219e-06
1403 3.7994071402e-01 9.2424621233e-06
1404 3.7989747921e-01 8.7213557476e-06
1405 3.7985399010e-01 8.8943853469e-06
1406 3.7981400912e-01 9.7691103976e-06
1407 3.7977495197e-01 9.8348866447e-06
1408 3.7973632262e-01 9.6990346051e-06
1409 3.7969890700e-01 9.4654438953e-06
1410 3.7966220515e-01 1.0150658869e-05
1411 3.7962890286e-01 1.2133186384e-05
1412 3.7959610623e-01 1.1119406268e-05
1413 3.7956081772e-01 9.4203009026e-06
1414 3.7952378900e-01 8.5233118765e-06
1415 3.7948739862e-01 9.5141153122e-06
1416 3.7945295920e-01 1.0956435899e-05
1417 3.7941836262e-01 1.1841009400e-05
1418 3.7938396309e-01 1.1182777719e-05
1419 3.7934801947e-01 9.6945874347e-06
1420 3.7931100305e-01 8.6931284704e-06
1421 3.7927497751e-01 8.0790320523e-06
1422 3.7924094872e-01 7.8957065422e-06
1423 3.7920635647e-01 7.9361902746e-06
1424 3.7917358580e-01 8.0054206540e-06
1425 3.7914101461e-01 7.8300490238e-06
1426 3.7910838518e-01 7.8526743843e-06
1427 3.7907744475e-01 7.8579548535e-06
1428 3.7904752694e-01 7.5543229699e-06
1429 3.7901645084e-01 7.2767213251e-06
1430 3.7898339853e-01 7.2375268923e-06
1431 3.7895070582e-01 8.1839698556e-06
1432 3.7891850666e-01 8.3224814664e-06
1433 3.7888636733e-01 8.4918826446e-06
1434 3.7885363633e-01 9.3483709241e-06
1435 3.7882257984e-01 1.1054771066e-05
1436 3.7879333624e-01 1.0897953489e-05
1437 3.7876345285e-01 9.6236674082e-06
1438 3.7873416271e-01 8.3177483082e-06
1439 3.7870474918e-01 7.5672390060e-06
1440 3.7867540121e-01 8.0106546753e-06
1441 3.7864668454e-01 8.9380492424e-06
1442 3.7861928963e-01 9.3740847505e-06
1443 3.7859201190e-01 8.8404043402e-06
1444 3.7856501413e-01 8.1539839387e-06
1445 3.7853835385e-01 7.6756064334e-06
1446 3.7851274309e-01 8.0455022445e-06
1447 3.7848740492e-01 8.7998315589e-06
1448 3.7846235570e-01 9.4117075223e-06
1449 3.7843807641e-01 9.0725302883e-06
1450 3.7841363516e-01 8.1000242263e-06
1451 3.7838973046e-01 7.1031385838e-06
1452 3.7836647687e-01 6.5737858181e-06
1453 3.7834371765e-01 6.5455904181e-06
1454 3.7832170479e-01 6.2768162793e-06
1455 3.7830059535e-01 6.8270854172e-06
1456 3.7827882800e-01 6.9857735858e-06
1457 3.7825708056e-01 6.3833578950e-06
1458 3.7823475427e-01 6.2959860739e-06
1459 3.7821293568e-01 6.2441113565e-06
1460 3.7819112646e-01 6.1870767520e-06
1461 3.7816921375e-01 6.5373774100e-06
1462 3.7814738555e-01 6.3566222484e-06
1463 3.7812497160e-01 5.9367925268e-06
1464 3.7810224517e-01 6.4128680125e-06
1465 3.7808013236e-01 6.7678333304e-06
1466 3.7805791919e-01 7.1432038481e-06
1467 3.7803564395e-01 8.2642101334e-06
1468 3.7801441397e-01 9.3066989691e-06
1469 3.7799371262e-01 9.1278607820e-06
1470 3.7797217021e-01 8.0908178988e-06
1471 3.7795054893e-01 7.2906178554e-06
1472 3.7792920415e-01 7.2230200586e-06
1473 3.7790891061e-01 7.3733779422e-06
1474 3.7788894779e-01 7.3949607094e-06
1475 3.7786878162e-01 7.3755905090e-06
1476 3.7784878791e-01 8.7037266950e-06
1477 3.7782991632e-01 9.3482721815e-06
1478 3.7781057217e-01 8.0665699199e-06
1479 3.7778920289e-01 6.8946423612e-06
1480 3.7776695953e-01 6.4624289119e-06
1481 3.7774488509e-01 6.6694224322e-06
1482 3.7772360395e-01 6.7238100946e-06
1483 3.7770231760e-01 6.0642072502e-06
1484 3.7768091271e-01 5.7577230545e-06
1485 3.7765910839e-01 6.2955153372e-06
1486 3.7763911615e-01 6.5308574941e-06
1487 3.7762043857e-01 6.1393534638e-06
1488 3.7760080648e-01 6.4342018370e-06
1489 3.7758023817e-01 6.2972675559e-06
1490 3.7755974751e-01 6.0395772408e-06
1491 3.7754000318e-01 5.8102135609e-06
1492 3.7751980633e-01 5.2294101296e-06
1493 3.7750075751e-01 5.3333713102e-06
1494 3.7748076997e-01 5.8034282045e-06
1495 3.7745980740e-01 5.7182902493e-06
1496 3.7743804528e-01 5.8393232054e-06
1497 3.7741590257e-01 6.0797751586e-06
1498 3.7739385143e-01 5.9023422254e-06
1499 3.7737195007e-01 5.6553081750e-06
1500 3.7735081734e-01 5.6263420745e-06
1501 3.7733049045e-01 5.7467821742e-06
1502 3.7731112131e-01 5.3219544864e-06
1503 3.7729105398e-01 5.8063214659e-06
1504 3.7727043340e-01 5.8798082518e-06
1505 3.7724919774e-01 6.0771781820e-06
1506 3.7722728985e-01 6.8679247974e-06
1507 3.7720587792e-01 7.1390301922e-06
1508 3.7718539023e-01 7.2443876772e-06
1509 3.7716651895e-01 7.6079211231e-06
1510 3.7714770641e-01 6.9152798648e-06
1511 3.7712723117e-01 6.0264795927e-06
1512 3.7710620707e-01 6.1386057572e-06
1513 3.7708551514e-01 6.8440235693e-06
1514 3.7706580255e-01 8.2369990133e-06
1515 3.7704592880e-01 8.0391886500e-06
1516 3.7702539716e-01 7.0112015521e-06
1517 3.7700528705e-01 6.2988375370e-06
1518 3.7698621915e-01 5.7775360660e-06
1519 3.7696639930e-01 5.3849396238e-06
1520 3.7694570941e-01 5.7567404044e-06
1521 3.7692493711e-01 6.4193893795e-06
1522 3.7690402506e-01 6.4070835327e-06
1523 3.7688312939e-01 6.0730733560e-06
1524 3.7686123191e-01 5.9588816787e-06
1525 3.7683938102e-01 6.1943925432e-06
1526 3.7681897757e-01 6.8033212567e-06
1527 3.7679904597e-01 6.7533904729e-06
1528 3.7677861949e-01 6.6199871835e-06
1529 3.7675719078e-01 7.0791239041e-06
1530 3.7673686674e-01 7.4093572693e-06
1531 3.7671707007e-01 7.1882160098e-06
1532 3.7669837865e-01 6.9644630271e-06
1533 3.7667923770e-01 6.6847754630e-06
1534 3.7665933264e-01 6.1335305408e-06
1535 3.7663957197e-01 6.4122573432e-06
1536 3.7662060649e-01 7.1371068851e-06
1537 3.7660200597e-01 7.3451043852e-06
1538 3.7658239269e-01 6.4985779106e-06
1539 3.7656196567e-01 5.6260289286e-06
1540 3.7654126553e-01 5.8209928095e-06
1541 3.7652118670e-01 6.0339083527e-06
1542 3.7650049696e-01 5.7480356681e-06
1543 3.7647934315e-01 5.7952529479e-06
1544 3.7645823772e-01 5.7742126626e-06
1545 3.7643727040e-01 6.0882266186e-06
1546 3.7641695858e-01 6.3393366570e-06
1547 3.7639747239e-01 6.9189951357e-06
1548 3.7637668891e-01 7.0719052497e-06
1549 3.7635698816e-01 7.4586932320e-06
1550 3.7633798497e-01 7.3368407642e-06
1551 3.7631853052e-01 6.3149730606e-06
1552 3.7629870569e-01 5.7868122532e-06
1553 3.7627929830e-01 5.7484922534e-06
1554 3.7625994735e-01 5.4873482769e-06
1555 3.7623990421e-01 5.2494219839e-06
1556 3.7621991922e-01 5.2334341999e-06
1557 3.7620110513e-01 5.8903732159e-06
1558 3.7618323613e-01 5.9217217077e-06
1559 3.7616469832e-01 5.6660157132e-06
1560 3.7614408245e-01 5.6541131456e-06
1561 3.7612319449e-01 6.0434372453e-06
1562 3.7610271498e-01 6.6252421154e-06
1563 3.7608329197e-01 6.6402988211e-06
1564 3.7606389095e-01 6.4383203774e-06
1565 3.7604453475e-01 7.2004986892e-06
1566 3.7602644754e-01 8.1106040823e-06
1567 3.7600855203e-01 7.4562680905e-06
1568 3.7598956932e-01 6.4774744610e-06
1569 3.7596986444e-01 6.0726210185e-06
1570 3.7594969142e-01 5.6036474203e-06
1571 3.7592799808e-01 5.3474871275e-06
1572 3.7590584323e-01 5.4280837392e-06
1573 3.7588468093e-01 5.8019740382e-06
1574 3.7586402024e-01 6.0819158786e-06
1575 3.7584303243e-01 5.9305032582e-06
1576 3.7582095691e-01 5.8330898484e-06
1577 3.7579800607e-01 6.4013713478e-06
1578 3.7577460699e-01 7.0420194231e-06
1579 3.7575128532e-01 7.7077003741e-06
1580 3.7572876717e-01 8.1999312368e-06
1581 3.7570620280e-01 8.4088598085e-06
1582 3.7568384616e-01 8.0200473719e-06
1583 3.7566040366e-01 8.1407018212e-06
1584 3.7563664418e-01 7.9317943639e-06
1585 3.7561167229e-01 7.8180549532e-06
1586 3.7558628931e-01 8.0797977537e-06
1587 3.7556133829e-01 8.5289217845e-06
1588 3.7553656196e-01 7.8490895386e-06
1589 3.7551157369e-01 7.7188436535e-06
1590 3.7548591504e-01 7.4487187031e-06
1591 3.7545962561e-01 7.1098859037e-06
1592 3.7543289289e-01 6.9149087635e-06
1593 3.7540674182e-01 6.4824545669e-06
1594 3.7538291489e-01 6.6434700263e-06
1595 3.7535813031e-01 6.6778130658e-06
1596 3.7533201637e-01 7.0428094450e-06
1597 3.7530614107e-01 7.1339008471e-06
1598 3.7527977139e-01 6.9219873757e-06
1599 3.7525244121e-01 6.8552853328e-06
1600 3.7522479408e-01 6.7513605623e-06
1601 3.7519814158e-01 6.8556124483e-06
1602 3.7517070444e-01 6.2070434645e-06
1603 3.7514267322e-01 5.9618697161e-06
1604 3.7511520617e-01 6.1795386924e-06
1605 3.7508873311e-01 6.5724864372e-06
1606 3.7506311324e-01 6.7702091460e-06
1607 3.7503760007e-01 6.7617449828e-06
1608 3.7501313704e-01 6.4182606876e-06
1609 3.7498866246e-01 6.1413941917e-06
1610 3.7496495805e-01 6.1563171677e-06
1611 3.7494143827e-01 6.4203928511e-06
1612 3.7491875564e-01 6.4884851147e-06
1613 3.7489662624e-01 7.0466701604e-06
1614 3.7487580678e-01 8.4377664346e-06
1615 3.7485639824e-01 8.5864334865e-06
1616 3.7483690837e-01 7.3045612355e-06
1617 3.7481615167e-01 6.3503166206e-06
1618 3.7479675506e-01 5.9180742753e-06
1619 3.7477683985e-01 5.4433763465e-06
1620 3.7475605586e-01 5.3002949489e-06
1621 3.7473588856e-01 5.2649017115e-06
1622 3.7471836467e-01 5.5083806112e-06
1623 3.7470166149e-01 5.3537486099e-06
1624 3.7468390248e-01 5.1493618605e-06
1625 3.7466550022e-01 5.1852956141e-06
1626 3.7464790437e-01 5.0774261941e-06
1627 3.7462993110e-01 4.9567705497e-06
1628 3.7461295965e-01 5.1193727555e-06
1629 3.7459653218e-01 5.1475335379e-06
1630 3.7458012107e-01 5.3066435324e-06
1631 3.7456379291e-01 5.6385984999e-06
1632 3.7454799622e-01 5.4566854598e-06
1633 3.7453219755e-01 5.2750535148e-06
1634 3.7451591931e-01 5.2770077832e-06
1635 3.7449924835e-01 5.7376228804e-06
1636 3.7448289972e-01 6.7282430063e-06
1637 3.7446735538e-01 7.9158354714e-06
1638 3.7445261175e-01 6.9899427811e-06
1639 3.7443691142e-01 5.5880869653e-06
1640 3.7442135083e-01 5.5153466821e-06
1641 3.7440661525e-01 5.7754584636e-06
1642 3.7439268204e-01 5.7572249148e-06
1643 3.7437851514e-01 5.3849104181e-06
1644 3.7436434709e-01 5.5947628636e-06
1645 3.7435024695e-01 5.7070201706e-06
1646 3.7433622118e-01 6.0030591672e-06
1647 3.7432235537e-01 6.5599970050e-06
1648 3.7430900295e-01 6.0161950908e-06
1649 3.7429487815e-01 5.1436205479e-06
1650 3.7428089730e-01 4.8507444476e-06
1651 3.7426715695e-01 4.9116755509e-06
1652 3.7425338253e-01 5.1215422620e-06
1653 3.7423995271e-01 4.9436687807e-06
1654 3.7422673918e-01 4.7004096526e-06
1655 3.7421360351e-01 4.3770947336e-06
1656 3.7420090770e-01 4.5303571248e-06
1657 3.7418863806e-01 4.9490058027e-06
1658 3.7417591887e-01 4.8685792723e-06
1659 3.7416274994e-01 4.8891277106e-06
1660 3.7415008145e-01 5.9923772139e-06
1661 3.7413820220e-01 6.6700975033e-06
1662 3.7412641982e-01 5.7030625530e-06
1663 3.7411375015e-01 4.8472596655e-06
1664 3.7410143992e-01 4.8065536994e-06
1665 3.7408931135e-01 4.6292182598e-06
1666 3.7407755593e-01 4.7354349355e-06
1667 3.7406573751e-01 4.9908430861e-06
1668 3.7405411289e-01 5.0572595437e-06
1669 3.7404227676e-01 4.6012374477e-06
1670 3.7402969006e-01 4.3041783197e-06
1671 3.7401746417e-01 4.4015373711e-06
1672 3.7400557518e-01 4.5275670057e-06
1673 3.7399417232e-01 4.3374823177e-06
1674 3.7398250624e-01 4.0747105274e-06
1675 3.7397133234e-01 4.0832352096e-06
1676 3.7396038068e-01 4.3929258994e-06
1677 3.7394971103e-01 4.4506776173e-06
1678 3.7393857931e-01 4.2238369988e-06
1679 3.7392725381e-01 4.0359342077e-06
1680 3.7391608941e-01 4.3654283267e-06
1681 3.7390533161e-01 4.7305063386e-06
1682 3.7389456214e-01 4.2911474451e-06
1683 3.7388347444e-01 3.8521320368e-06
1684 3.7387266800e-01 3.9423491431e-06
1685 3.7386176697e-01 4.1302461463e-06
1686 3.7385115225e-01 4.4047012519e-06
1687 3.7384070119e-01 4.6494509580e-06
1688 3.7383033659e-01 4.6692407804e-06
1689 3.7382003719e-01 4.9897320640e-06
1690 3.7381030456e-01 5.8610207241e-06
1691 3.7380113514e-01 5.9464952502e-06
1692 3.7379163446e-01 4.8095475960e-06
1693 3.7378153392e-01 3.9002762062e-06
1694 3.7377114331e-01 3.5601113516e-06
1695 3.7376086961e-01 3.7495849532e-06
1696 3.7375118942e-01 3.7724196314e-06
1697 3.7374128676e-01 3.5623119903e-06
1698 3.7373143801e-01 3.3933225677e-06
1699 3.7372203097e-01 3.5114147259e-06
1700 3.7371359322e-01 3.7898755990e-06
1701 3.7370438844e-01 3.5954123334e-06
1702 3.7369435814e-01 3.6720086167e-06
1703 3.7368405592e-01 3.8815699814e-06
1704 3.7367381472e-01 4.4398436471e-06
1705 3.7366393714e-01 4.6076425639e-06
1706 3.7365375043e-01 4.3071360900e-06
1707 3.7364306508e-01 4.1248871426e-06
1708 3.7363249280e-01 4.2324994798e-06
1709 3.7362232626e-01 4.5619302245e-06
1710 3.7361194772e-01 4.5572491596e-06
1711 3.7360125421e-01 4.5803175943e-06
1712 3.7359025168e-01 4.5306316905e-06
1713 3.7357916774e-01 4.7226448243e-06
1714 3.7356841385e-01 4.8482037491e-06
1715 3.7355762247e-01 4.8288124320e-06
1716 3.7354719031e-01 5.4034592906e-06
1717 3.7353693074e-01 5.5244433044e-06
1718 3.7352663035e-01 5.0093620592e-06
1719 3.7351597427e-01 4.2332572495e-06
1720 3.7350468547e-01 3.8648957739e-06
1721 3.7349314247e-01 3.8778732379e-06
1722 3.7348177826e-01 3.8437643272e-06
1723 3.7347060448e-01 3.5833923090e-06
1724 3.7345923289e-01 3.4413994251e-06
1725 3.7344780500e-01 3.6262446517e-06
1726 3.7343634393e-01 3.7245729343e-06
1727 3.7342411793e-01 3.8016302097e-06
1728 3.7341096637e-01 3.6657568173e-06
1729 3.7339829034e-01 3.6850955600e-06
1730 3.7338652098e-01 3.8603347493e-06
1731 3.7337496397e-01 3.8063745667e-06
1732 3.7336341701e-01 3.6292112350e-06
1733 3.7335165997e-01 3.7712711788e-06
1734 3.7333967185e-01 3.7439327371e-06
1735 3.7332759933e-01 3.5898806438e-06
1736 3.7331490568e-01 3.6035523851e-06
1737 3.7330162893e-01 3.6045642997e-06
1738 3.7328854884e-01 3.5522745421e-06
1739 3.7327582047e-01 3.6584650271e-06
1740 3.7326302657e-01 3.5400587863e-06
1741 3.7325052243e-01 3.4628226018e-06
1742 3.7323737147e-01 3.6060033338e-06
1743 3.7322428723e-01 3.7406096686e-06
1744 3.7321074439e-01 3.7809576585e-06
1745 3.7319738850e-01 4.3480021217e-06
1746 3.7318482460e-01 4.9876010958e-06
1747 3.7317261519e-01 4.9360071070e-06
1748 3.7316034320e-01 4.9062449943e-06
1749 3.7314836406e-01 4.6829587745e-06
1750 3.7313616497e-01 4.1041849119e-06
1751 3.7312324914e-01 4.0959018648e-06
1752 3.7311025571e-01 4.2376927457e-06
1753 3.7309796012e-01 4.7540470060e-06
1754 3.7308567397e-01 4.4592092272e-06
1755 3.7307278881e-01 4.1644583799e-06
1756 3.7306007556e-01 4.1001663968e-06
1757 3.7304700574e-01 4.2761664275e-06
1758 3.7303425211e-01 5.1780911846e-06
1759 3.7302265028e-01 5.5095180688e-06
1760 3.7301032335e-01 4.6284698329e-06
1761 3.7299675907e-01 4.0179020378e-06
1762 3.7298306705e-01 3.9650245452e-06
1763 3.7296929938e-01 3.8677261390e-06
1764 3.7295536795e-01 3.6782069268e-06
1765 3.7294127346e-01 3.7025826034e-06
1766 3.7292694076e-01 3.5137389969e-06
1767 3.7291247969e-01 3.5874088356e-06
1768 3.7289857173e-01 4.2398056544e-06
1769 3.7288647090e-01 4.0488870703e-06
1770 3.7287246175e-01 3.7072570517e-06
1771 3.7285752825e-01 4.2440521134e-06
1772 3.7284289385e-01 5.7216461904e-06
1773 3.7282929312e-01 6.3201146256e-06
1774 3.7281494511e-01 5.0517492837e-06
1775 3.7279986472e-01 3.8933615099e-06
1776 3.7278432783e-01 3.5027763065e-06
1777 3.7276956587e-01 3.5950800656e-06
1778 3.7275511455e-01 3.3633734887e-06
1779 3.7274116553e-01 3.3089661632e-06
1780 3.7272680126e-01 3.4133341317e-06
1781 3.7271196597e-01 3.4630336388e-06
1782 3.7269695476e-01 3.2584756594e-06
1783 3.7268296303e-01 3.3419344622e-06
1784 3.7266875102e-01 3.3361936002e-06
1785 3.7265444537e-01 3.2776605035e-06
1786 3.7263968957e-01 3.2812025960e-06
1787 3.7262527666e-01 3.5299988869e-06
1788 3.7261091545e-01 3.7806402710e-06
1789 3.7259665695e-01 3.9319505381e-06
1790 3.7258256552e-01 3.9335485675e-06
1791 3.7256785755e-01 3.6573258678e-06
1792 3.7255237131e-01 3.4874667615e-06
1793 3.7253712835e-01 3.7031423113e-06
1794 3.7252259551e-01 3.8849657456e-06
1795 3.7250807831e-01 4.2910293855e-06
1796 3.7249384314e-01 5.1548975624e-06
1797 3.7248032229e-01 5.6680344008e-06
1798 3.7246670276e-01 4.5985973945e-06
1799 3.7245177023e-01 3.7521811619e-06
1800 3.7243639033e-01 3.4330308114e-06
1801 3.7242151584e-01 3.2739955440e-06
1802 3.7240742190e-01 3.3967870366e-06
1803 3.7239338206e-01 3.3366173537e-06
1804 3.7237907747e-01 3.3383915383e-06
1805 3.7236508078e-01 3.5820954248e-06
1806 3.7235154076e-01 3.4251496990e-06
1807 3.7233730793e-01 3.4631164120e-06
1808 3.7232303444e-01 3.2411100475e-06
1809 3.7230834315e-01 3.0636980212e-06
1810 3.7229422091e-01 3.1118097281e-06
1811 3.7228040919e-01 3.1488953626e-06
1812 3.7226695689e-01 3.0070553705e-06
1813 3.7225350628e-01 3.1048390130e-06
1814 3.7224000220e-01 3.2664036892e-06
1815 3.7222627724e-01 3.2281481043e-06
1816 3.7221186782e-01 3.4420268434e-06
1817 3.7219778821e-01 4.1058276387e-06
1818 3.7218455428e-01 5.0063504872e-06
1819 3.7217192207e-01 4.7346162622e-06
1820 3.7215905888e-01 4.3427006174e-06
1821 3.7214629197e-01 3.7268073683e-06
1822 3.7213344363e-01 3.4574611751e-06
1823 3.7212022707e-01 3.2812686181e-06
1824 3.7210696888e-01 3.2751025677e-06
1825 3.7209388906e-01 3.4602842273e-06
1826 3.7208101915e-01 3.7546836169e-06
1827 3.7206785344e-01 3.6306238924e-06
1828 3.7205460493e-01 3.5880912442e-06
1829 3.7204112610e-01 3.3307124584e-06
1830 3.7202766175e-01 3.1413061388e-06
1831 3.7201514290e-01 3.0757346806e-06
1832 3.7200275546e-01 3.0269687657e-06
1833 3.7198978580e-01 3.0075388932e-06
1834 3.7197668175e-01 3.2292796254e-06
1835 3.7196452679e-01 3.3301005240e-06
1836 3.7195215101e-01 3.0926208985e-06
1837 3.7193915431e-01 3.2480070276e-06
1838 3.7192720199e-01 3.2717521512e-06
1839 3.7191522296e-01 3.1614303771e-06
1840 3.7190273331e-01 3.0282003436e-06
1841 3.7189086429e-01 3.0774964430e-06
1842 3.7187868516e-01 3.1677457938e-06
1843 3.7186609203e-01 3.3415154055e-06
1844 3.7185377293e-01 3.8423023673e-06
1845 3.7184237189e-01 4.3932181521e-06
1846 3.7183088222e-01 4.2213549382e-06
1847 3.7181897908e-01 3.9118242162e-06
1848 3.7180695903e-01 4.1984432145e-06
1849 3.7179500737e-01 4.1945259122e-06
1850 3.7178276540e-01 3.9024975805e-06
1851 3.7177040518e-01 3.4141625937e-06
1852 3.7175742528e-01 3.1425374945e-06
1853 3.7174483870e-01 3.0792968985e-06
1854 3.7173239679e-01 2.9918453437e-06
1855 3.7171970492e-01 2.8746399386e-06
1856 3.7170692877e-01 2.7795182091e-06
1857 3.7169503927e-01 3.0025904410e-06
1858 3.7168412918e-01 3.1127146888e-06
1859 3.7167300282e-01 2.8333270312e-06
1860 3.7166131591e-01 2.9205589753e-06
1861 3.7164967101e-01 2.9666193150e-06
1862 3.7163750558e-01 3.0831039984e-06
1863 3.7162488171e-01 3.2940374915e-06
1864 3.7161200460e-01 3.3210375416e-06
1865 3.7159941336e-01 3.4434956189e-06
1866 3.7158694440e-01 3.5217305496e-06
1867 3.7157395947e-01 3.6285452577e-06
1868 3.7156125033e-01 4.1428567223e-06
1869 3.7154912040e-01 4.1490144410e-06
1870 3.7153655113e-01 3.3781369917e-06
1871 3.7152339252e-01 3.0934406983e-06
1872 3.7150997970e-01 3.3212096604e-06
1873 3.7149699884e-01 3.8219528774e-06
1874 3.7148458237e-01 4.2371008746e-06
1875 3.7147182603e-01 3.7172932340e-06
1876 3.7145865624e-01 3.1022521380e-06
1877 3.7144535959e-01 2.9915238958e-06
1878 3.7143297277e-01 3.2077749560e-06
1879 3.7142023071e-01 3.2336610159e-06
1880 3.7140680776e-01 3.1524907545e-06
1881 3.7139284004e-01 2.9977204289e-06
1882 3.7137925669e-01 2.9039185660e-06
1883 3.7136555254e-01 2.8868669783e-06
1884 3.7135202628e-01 2.8856068403e-06
1885 3.7133850954e-01 3.0557143225e-06
1886 3.7132511552e-01 3.2897986128e-06
1887 3.7131166612e-01 3.6684588232e-06
1888 3.7129831866e-01 3.5226796942e-06
1889 3.7128422146e-01 3.2950005786e-06
1890 3.7126878801e-01 2.9521157435e-06
1891 3.7125283584e-01 2.8646417897e-06
1892 3.7123743007e-01 2.7940106107e-06
1893 3.7122292791e-01 2.8497894434e-06
1894 3.7120797659e-01 2.7625304927e-06
1895 3.7119199250e-01 2.8592155561e-06
1896 3.7117559734e-01 2.9990157972e-06
1897 3.7115981696e-01 2.9750475071e-06
1898 3.7114376600e-01 3.0993132253e-06
1899 3.7112837443e-01 3.2443163182e-06
1900 3.7111288706e-01 3.2835764113e-06
1901 3.7109684205e-01 3.2621844383e-06
1902 3.7108041597e-01 3.5148745137e-06
1903 3.7106404963e-01 3.8998104286e-06
1904 3.7104859394e-01 4.4686256826e-06
1905 3.7103331562e-01 4.2980295302e-06
1906 3.7101723181e-01 4.4890863139e-06
1907 3.7100189944e-01 4.5947540010e-06
1908 3.7098606895e-01 3.8506471858e-06
1909 3.7096901401e-01 3.3424578216e-06
1910 3.7095221116e-01 3.1368198033e-06
1911 3.7093555994e-01 3.0709290919e-06
1912 3.7091899007e-01 3.1393552610e-06
1913 3.7090304507e-01 3.1785722435e-06
1914 3.7088828448e-01 3.2608532425e-06
1915 3.7087248495e-01 3.0125188378e-06
1916 3.7085560476e-01 3.0253329090e-06
1917 3.7083873459e-01 3.0006044584e-06
1918 3.7082092134e-01 2.9300585510e-06
1919 3.7080325761e-01 3.0940023925e-06
1920 3.7078631521e-01 3.6659014113e-06
1921 3.7077031258e-01 4.6127049180e-06
1922 3.7075446596e-01 4.8709397043e-06
1923 3.7073812489e-01 4.2719128124e-06
1924 3.7072044859e-01 3.4814301470e-06
1925 3.7070248520e-01 3.1107806952e-06
1926 3.7068439954e-01 3.1337624587e-06
1927 3.7066639038e-01 3.2034989187e-06
1928 3.7064829722e-01 3.2371603649e-06
1929 3.7062858485e-01 3.2793089384e-06
1930 3.7060881204e-01 3.3824514711e-06
1931 3.7058952786e-01 3.3484917360e-06
1932 3.7057015233e-01 3.2377406594e-06
1933 3.7055019214e-01 3.1750978775e-06
1934 3.7053075612e-01 3.2632317185e-06
1935 3.7051073516e-01 3.2885285015e-06
1936 3.7049123765e-01 3.6574064415e-06
1937 3.7047243065e-01 3.7210149010e-06
1938 3.7045250331e-01 3.9256282533e-06
1939 3.7043266324e-01 4.4271853577e-06
1940 3.7041446066e-01 4.7469266037e-06
1941 3.7039593360e-01 3.9140693058e-06
1942 3.7037539325e-01 3.4157135944e-06
1943 3.7035489929e-01 3.2363501696e-06
1944 3.7033595958e-01 3.3615038277e-06
1945 3.7031584329e-01 3.1683358209e-06
1946 3.7029524608e-01 3.3430836289e-06
1947 3.7027656062e-01 3.6821553090e-06
1948 3.7025782625e-01 3.4335398692e-06
1949 3.7023810917e-01 3.3290168615e-06
1950 3.7021907750e-01 3.2412665167e-06
1951 3.7019960252e-01 3.1560253766e-06
1952 3.7017882190e-01 3.0908391659e-06
1953 3.7015748680e-01 3.1000364055e-06
1954 3.7013573298e-01 3.0934085823e-06
1955 3.7011420323e-01 3.3333606631e-06
1956 3.7009300337e-01 3.6559382951e-06
1957 3.7007283708e-01 4.0768409440e-06
1958 3.7005179384e-01 4.0070732071e-06
1959 3.7003075260e-01 4.2063631893e-06
1960 3.7000972960e-01 3.8897118260e-06
1961 3.6998852992e-01 3.4782423420e-06
1962 3.6996631972e-01 3.1887469500e-06
1963 3.6994379454e-01 3.0772529243e-06
1964 3.6992227935e-01 3.4175875315e-06
1965 3.6990272981e-01 3.6380595466e-06
1966 3.6988229157e-01 3.2126790805e-06
1967 3.6985985023e-01 3.1998430313e-06
1968 3.6983710154e-01 3.4501084151e-06
1969 3.6981399101e-01 3.8728611767e-06
1970 3.6979175584e-01 4.2536963110e-06
1971 3.6976879710e-01 3.8531196807e-06
1972 3.6974454782e-01 3.5074015303e-06
1973 3.6972029788e-01 3.6094438939e-06
1974 3.6969613074e-01 3.6667298744e-06
1975 3.6967139450e-01 4.0848987819e-06
1976 3.6964762686e-01 4.7996983691e-06
1977 3.6962430256e-01 5.2138221253e-06
1978 3.6960058420e-01 4.6977465160e-06
1979 3.6957602559e-01 4.0007388548e-06
1980 3.6955173348e-01 3.4906527799e-06
1981 3.6952766574e-01 3.2080408588e-06
1982 3.6950215994e-01 3.2502922094e-06
1983 3.6947693677e-01 3.4002428953e-06
1984 3.6945375293e-01 3.5848365554e-06
1985 3.6943253492e-01 3.4643499008e-06
1986 3.6940833603e-01 3.0953026021e-06
1987 3.6938304262e-01 3.1429753675e-06
1988 3.6935806367e-01 3.4116306488e-06
1989 3.6933388511e-01 3.6429006058e-06
1990 3.6931033999e-01 3.7976042580e-06
1991 3.6928602215e-01 3.9283741412e-06
1992 3.6926115697e-01 3.9760469394e-06
1993 3.6923613551e-01 4.6636843571e-06
1994 3.6921198322e-01 5.1346659524e-06
1995 3.6918816894e-01 4.4214390658e-06
1996 3.6916287532e-01 3.6304115545e-06
1997 3.6913774571e-01 3.2777049367e-06
1998 3.6911310269e-01 3.1707301469e-06
1999 3.6908854093e-01 3.0607554288e-06
