iter rel_error rel_residual
0 9.2824804091e-01 4.0853540027e-01
1 9.0620107615e-01 1.9913384913e-01
2 8.7814719899e-01 1.1128771377e-01
3 8.6531079409e-01 6.4423864476e-02
4 8.4682515511e-01 5.9857065866e-02
5 8.2742805699e-01 5.1874771686e-02
6 8.0863015931e-01 4.4678013718e-02
7 7.9499520906e-01 2.7999798978e-02
8 7.8157837475e-01 2.3687327550e-02
9 7.7124694819e-01 1.9257923367e-02
10 7.6296894109e-01 1.8857258070e-02
11 7.5644982338e-01 1.5331416643e-02
12 7.5069873792e-01 1.3257162701e-02
13 7.4381863772e-01 1.4020964001e-02
14 7.3537325263e-01 1.1579833733e-02
15 7.2672294359e-01 1.4602947027e-02
16 7.2007945826e-01 1.4443557664e-02
17 7.1429757673e-01 1.1475237059e-02
18 7.0931193081e-01 8.5972062685e-03
19 7.0372752167e-01 6.8232939892e-03
20 6.9809326913e-01 7.1761978592e-03
21 6.9223490967e-01 7.1535857776e-03
22 6.8541959868e-01 7.5039143195e-03
23 6.7886465254e-01 8.3191917362e-03
24 6.7195972365e-01 7.8016586905e-03
25 6.6483923678e-01 8.8072819945e-03
26 6.5889530099e-01 9.1786866959e-03
27 6.5342313978e-01 1.0638528916e-02
28 6.4835670386e-01 1.1885115720e-02
29 6.4395753198e-01 8.5355232802e-03
30 6.3941477620e-01 6.7773305405e-03
31 6.3549852106e-01 6.1191235130e-03
32 6.3194427881e-01 5.6548207183e-03
33 6.2841960867e-01 5.3601769561e-03
34 6.2507951755e-01 5.1725792934e-03
35 6.2220043942e-01 4.5439162903e-03
36 6.1952765067e-01 4.4561431618e-03
37 6.1672888935e-01 3.8195396616e-03
38 6.1393955096e-01 3.5697560813e-03
39 6.1115377991e-01 3.5658981105e-03
40 6.0781951637e-01 3.4617003003e-03
41 6.0397842745e-01 3.8384856698e-03
42 6.0001484517e-01 3.3116299298e-03
43 5.9601044077e-01 3.1261390732e-03
44 5.9239995075e-01 2.8215463596e-03
45 5.8881321090e-01 3.1143485069e-03
46 5.8529768182e-01 3.1956586340e-03
47 5.8193238353e-01 2.8011818084e-03
48 5.7882006102e-01 2.8650579730e-03
49 5.7540701859e-01 2.8285090148e-03
50 5.7221133364e-01 2.7275086022e-03
51 5.6880582072e-01 2.6444772801e-03
52 5.6543896359e-01 2.2716477666e-03
53 5.6242658624e-01 2.8275424678e-03
54 5.5901801326e-01 2.4216783168e-03
55 5.5528861264e-01 2.7509669910e-03
56 5.5154506151e-01 2.9922118359e-03
57 5.4789720167e-01 3.1056233502e-03
58 5.4441695965e-01 2.9816528798e-03
59 5.4042321832e-01 2.8233215422e-03
60 5.3641063186e-01 2.9581179948e-03
61 5.3229905987e-01 2.8001486780e-03
62 5.2841029358e-01 2.9232683202e-03
63 5.2426123262e-01 3.0590092065e-03
64 5.1964242720e-01 3.2033393591e-03
65 5.1499312388e-01 3.2550356903e-03
66 5.0985312575e-01 2.8794857146e-03
67 5.0540572228e-01 3.3179894696e-03
68 5.0155841140e-01 3.1713447834e-03
69 4.9825709062e-01 2.7161181965e-03
70 4.9550553586e-01 3.7389910739e-03
71 4.9354053226e-01 4.0776351397e-03
72 4.9170015960e-01 2.8216471726e-03
73 4.8974624846e-01 2.0456936793e-03
74 4.8777748968e-01 1.7991417876e-03
75 4.8576973290e-01 1.9562038388e-03
76 4.8375706381e-01 2.4083559689e-03
77 4.8209839481e-01 2.7009026595e-03
78 4.8036845384e-01 2.2743403004e-03
79 4.7863137117e-01 1.7873824036e-03
80 4.7698946082e-01 1.6949967113e-03
81 4.7514604469e-01 1.5488464256e-03
82 4.7347701093e-01 1.7246220143e-03
83 4.7189451806e-01 1.4909945792e-03
84 4.7037525497e-01 1.3977164942e-03
85 4.6910776608e-01 1.4470427358e-03
86 4.6804786683e-01 1.6617779211e-03
87 4.6718283866e-01 2.0692338195e-03
88 4.6650004085e-01 2.3084702797e-03
89 4.6592857851e-01 1.6015458542e-03
90 4.6530508931e-01 1.3175590401e-03
91 4.6469754427e-01 1.2048602740e-03
92 4.6414164507e-01 1.5740012105e-03
93 4.6361267593e-01 2.1405023419e-03
94 4.6314628092e-01 2.1812852315e-03
95 4.6267820529e-01 1.5800946169e-03
96 4.6220780510e-01 1.2972849909e-03
97 4.6175929598e-01 1.2112324916e-03
98 4.6125077665e-01 1.1431683011e-03
99 4.6069559209e-01 1.0676918016e-03
100 4.6010750112e-01 9.9337957840e-04
101 4.5950666229e-01 8.0282581920e-04
102 4.5888514033e-01 9.2008206513e-04
103 4.5824522041e-01 8.9099146598e-04
104 4.5754547682e-01 8.3326525299e-04
105 4.5692646914e-01 8.5810930674e-04
106 4.5623434867e-01 7.4439507298e-04
107 4.5539082857e-01 7.2147912371e-04
108 4.5453593605e-01 6.6185039512e-04
109 4.5357073674e-01 6.8764756336e-04
110 4.5257602649e-01 6.8957439196e-04
111 4.5170546476e-01 6.8217403733e-04
112 4.5084199802e-01 6.3968557611e-04
113 4.5011551411e-01 6.3439947928e-04
114 4.4948754559e-01 5.6982913785e-04
115 4.4886023932e-01 5.1126389224e-04
116 4.4825345532e-01 4.4853573565e-04
117 4.4769976739e-01 4.3512941580e-04
118 4.4719437725e-01 3.8849649980e-04
119 4.4669051218e-01 3.9916329387e-04
120 4.4620561623e-01 4.1588928644e-04
121 4.4580081662e-01 4.2503083208e-04
122 4.4533937495e-01 3.8355798648e-04
123 4.4482936678e-01 3.8666152289e-04
124 4.4426670882e-01 3.9048394602e-04
125 4.4367921022e-01 3.7420523246e-04
126 4.4300458763e-01 3.7191241725e-04
127 4.4224056127e-01 4.0438600435e-04
128 4.4156668811e-01 4.6955714475e-04
129 4.4093612485e-01 6.9942042380e-04
130 4.4037365962e-01 8.1281875394e-04
131 4.3980675748e-01 4.9712335418e-04
132 4.3915232845e-01 3.4437706244e-04
133 4.3847256572e-01 3.5827589952e-04
134 4.3784039513e-01 3.7281296085e-04
135 4.3721419288e-01 3.9817762749e-04
136 4.3660702112e-01 4.1405733688e-04
137 4.3608024948e-01 5.7426528757e-04
138 4.3564148321e-01 5.7296993893e-04
139 4.3514433745e-01 4.3168653620e-04
140 4.3467738502e-01 4.2442548309e-04
141 4.3427441987e-01 4.6324752043e-04
142 4.3382793979e-01 3.3155570209e-04
143 4.3329776331e-01 2.8686313560e-04
144 4.3277403357e-01 2.8609723042e-04
145 4.3224191852e-01 3.0971615614e-04
146 4.3171861254e-01 3.0808114943e-04
147 4.3119119650e-01 2.9543354633e-04
148 4.3071465434e-01 2.8286968559e-04
149 4.3024661010e-01 3.1475991173e-04
150 4.2986518665e-01 3.5333981524e-04
151 4.2945501493e-01 4.1585344573e-04
152 4.2909606064e-01 5.7302928429e-04
153 4.2875872683e-01 4.0167004151e-04
154 4.2834462011e-01 2.9098520870e-04
155 4.2793110481e-01 3.0488827528e-04
156 4.2755219810e-01 3.6065866569e-04
157 4.2724290685e-01 4.7460191683e-04
158 4.2693278925e-01 3.5903911221e-04
159 4.2655503559e-01 2.5204298983e-04
160 4.2618445916e-01 2.2551217911e-04
161 4.2582255929e-01 2.3035373703e-04
162 4.2539193652e-01 2.3913020966e-04
163 4.2486301959e-01 2.3224988721e-04
164 4.2428768861e-01 2.5522231801e-04
165 4.2371673134e-01 2.8946825343e-04
166 4.2318608936e-01 2.7136781795e-04
167 4.2252477100e-01 2.5632334770e-04
168 4.2193075198e-01 2.9209425782e-04
169 4.2130557150e-01 2.6933386777e-04
170 4.2052409028e-01 2.7588464021e-04
171 4.1975571795e-01 3.6333459282e-04
172 4.1907284112e-01 3.9238200736e-04
173 4.1832230317e-01 2.7371692392e-04
174 4.1763065882e-01 2.5547397878e-04
175 4.1708509410e-01 2.3020365839e-04
176 4.1655229511e-01 1.9883467855e-04
177 4.1600843808e-01 2.2690784905e-04
178 4.1546790785e-01 2.4530519156e-04
179 4.1490705811e-01 2.3737246285e-04
180 4.1429896907e-01 2.1458456794e-04
181 4.1375899540e-01 2.3153267974e-04
182 4.1327318244e-01 2.1619128938e-04
183 4.1267695731e-01 1.9829814019e-04
184 4.1202002463e-01 1.8983179902e-04
185 4.1142329493e-01 2.0147456186e-04
186 4.1087696329e-01 2.0550135196e-04
187 4.1033518098e-01 2.0371642207e-04
188 4.0979176764e-01 2.5857855659e-04
189 4.0927065364e-01 3.0565160603e-04
190 4.0879335775e-01 3.0426518850e-04
191 4.0829528782e-01 2.2745522070e-04
192 4.0767579282e-01 1.7189402783e-04
193 4.0702101986e-01 2.1895843301e-04
194 4.0643126281e-01 2.1317208065e-04
195 4.0565422856e-01 2.2009368003e-04
196 4.0481573033e-01 2.1808224207e-04
197 4.0389397193e-01 1.9283270502e-04
198 4.0304085667e-01 2.1048602890e-04
199 4.0223382690e-01 2.1886799201e-04
200 4.0139353022e-01 2.0332660426e-04
201 4.0063590950e-01 2.3530546525e-04
202 3.9979426526e-01 2.3039468316e-04
203 3.9891265400e-01 3.6234471791e-04
204 3.9821858079e-01 4.2696536567e-04
205 3.9733049888e-01 2.9285625282e-04
206 3.9639882011e-01 2.7770295937e-04
207 3.9539696097e-01 2.4211747284e-04
208 3.9434518761e-01 2.5589807429e-04
209 3.9334843501e-01 2.7203208965e-04
210 3.9228257435e-01 2.9450666925e-04
211 3.9114955484e-01 2.8855353008e-04
212 3.8980880810e-01 2.8064815131e-04
213 3.8846296783e-01 3.4194751060e-04
214 3.8708807069e-01 2.9928370610e-04
215 3.8562164912e-01 2.7388541608e-04
216 3.8421069831e-01 3.5684754009e-04
217 3.8314070765e-01 6.7955234598e-04
218 3.8221389170e-01 5.7482949829e-04
219 3.8119794859e-01 3.9611713215e-04
220 3.8035956985e-01 3.7800483648e-04
221 3.7958326246e-01 3.5851161344e-04
222 3.7895461120e-01 5.6728948930e-04
223 3.7853184624e-01 5.3918340395e-04
224 3.7810294188e-01 4.2377729622e-04
225 3.7777012254e-01 3.3764359293e-04
226 3.7745127669e-01 2.7439972431e-04
227 3.7719014564e-01 2.5940701029e-04
228 3.7702031037e-01 2.7656451358e-04
229 3.7688609664e-01 3.0462983674e-04
230 3.7680223658e-01 3.0104806770e-04
231 3.7677606944e-01 2.9636365919e-04
232 3.7680835842e-01 3.0082673100e-04
233 3.7688722920e-01 2.7164458964e-04
234 3.7699655170e-01 2.5318636301e-04
235 3.7713070035e-01 2.2903509875e-04
236 3.7725326781e-01 2.2328574579e-04
237 3.7736321187e-01 2.2963490157e-04
238 3.7746224480e-01 2.2469254267e-04
239 3.7759890999e-01 2.2980185883e-04
240 3.7775033398e-01 2.4179369928e-04
241 3.7789931120e-01 2.5956856125e-04
242 3.7801906717e-01 2.7392718491e-04
243 3.7813644722e-01 2.5840942860e-04
244 3.7827471931e-01 2.2502652330e-04
245 3.7845108168e-01 2.4282858531e-04
246 3.7863929426e-01 3.9533951453e-04
247 3.7878986000e-01 5.6274345020e-04
248 3.7893382959e-01 4.1540006833e-04
249 3.7908248434e-01 2.7732916985e-04
250 3.7923708747e-01 2.4244081649e-04
251 3.7935967438e-01 2.5400705090e-04
252 3.7941973818e-01 3.0314988488e-04
253 3.7947302248e-01 2.6934609215e-04
254 3.7951691098e-01 2.4084550224e-04
255 3.7952930768e-01 2.5911587133e-04
256 3.7952855096e-01 3.1095793309e-04
257 3.7948622956e-01 3.4972338542e-04
258 3.7940660288e-01 4.1068212121e-04
259 3.7933013876e-01 4.6831568766e-04
260 3.7924941343e-01 3.4216956440e-04
261 3.7912214938e-01 3.2561535704e-04
262 3.7901002365e-01 3.5224470124e-04
263 3.7889015015e-01 2.6056193406e-04
264 3.7875171600e-01 3.4570370901e-04
265 3.7860286226e-01 3.6292910940e-04
266 3.7842270923e-01 3.2757616313e-04
267 3.7825763641e-01 3.2410617100e-04
268 3.7808699793e-01 2.5942263949e-04
269 3.7791394898e-01 2.5683365784e-04
270 3.7777510541e-01 3.5515919437e-04
271 3.7761809047e-01 2.8653911822e-04
272 3.7744357328e-01 3.2612378370e-04
273 3.7729169775e-01 3.2966523180e-04
274 3.7710294762e-01 2.7441048365e-04
275 3.7692171459e-01 3.0672201733e-04
276 3.7672997039e-01 2.3291686039e-04
277 3.7652161061e-01 2.3425558897e-04
278 3.7627548533e-01 2.6261468173e-04
279 3.7601527226e-01 2.6295816667e-04
280 3.7570775472e-01 3.1232273796e-04
281 3.7540076293e-01 4.2162380494e-04
282 3.7508792942e-01 3.4061188302e-04
283 3.7472200735e-01 2.8716854219e-04
284 3.7434705459e-01 1.9134805231e-04
285 3.7396262634e-01 1.8742211135e-04
286 3.7361183416e-01 2.0417529323e-04
287 3.7319515661e-01 1.7886168558e-04
288 3.7266758992e-01 1.4602158741e-04
289 3.7207445899e-01 1.5407316900e-04
290 3.7146282872e-01 1.9188885114e-04
291 3.7099171069e-01 2.0359208060e-04
292 3.7033466778e-01 1.6120526233e-04
293 3.6947169008e-01 1.6294888758e-04
294 3.6865634467e-01 1.9390316741e-04
295 3.6795678779e-01 1.7662119280e-04
296 3.6697468265e-01 1.7532757867e-04
297 3.6591372467e-01 1.8177253361e-04
298 3.6493309416e-01 2.0301930157e-04
299 3.6415004442e-01 1.9997502561e-04
300 3.6320945397e-01 1.7842530622e-04
301 3.6220123465e-01 1.9470563376e-04
302 3.6134589664e-01 2.1875242114e-04
303 3.6035689775e-01 1.8167121108e-04
304 3.5920939027e-01 1.6781553418e-04
305 3.5807723162e-01 2.0104850316e-04
306 3.5710156656e-01 2.8984321221e-04
307 3.5617327912e-01 2.4360889698e-04
308 3.5508348539e-01 2.4638102051e-04
309 3.5392327221e-01 3.7629398636e-04
310 3.5304104787e-01 3.9548432430e-04
311 3.5198554770e-01 2.8244706512e-04
312 3.5086593340e-01 2.3044254095e-04
313 3.4995606196e-01 2.2102406113e-04
314 3.4899236024e-01 2.0370793835e-04
315 3.4795440222e-01 1.9390636013e-04
316 3.4688360754e-01 1.6955154531e-04
317 3.4581934785e-01 1.4679415527e-04
318 3.4465358746e-01 1.6069326877e-04
319 3.4348502075e-01 1.8608281469e-04
320 3.4245617463e-01 1.8704423047e-04
321 3.4115066242e-01 1.7379604662e-04
322 3.3964102378e-01 1.7193134353e-04
323 3.3812608769e-01 2.8802782792e-04
324 3.3699646928e-01 4.1085079696e-04
325 3.3588416180e-01 3.1477946295e-04
326 3.3475118240e-01 2.2841023661e-04
327 3.3363750677e-01 2.1186415225e-04
328 3.3239139801e-01 1.5511835829e-04
329 3.3113896975e-01 1.6465204441e-04
330 3.2985750044e-01 1.7629351164e-04
331 3.2850797430e-01 3.1444365537e-04
332 3.2752653957e-01 3.5026786653e-04
333 3.2609227859e-01 2.5476018625e-04
334 3.2465980615e-01 3.1697526855e-04
335 3.2312249470e-01 2.0894671047e-04
336 3.2104969245e-01 1.4882859793e-04
337 3.1895731009e-01 1.8232075066e-04
338 3.1729145703e-01 2.1899021951e-04
339 3.1528836564e-01 1.7539609819e-04
340 3.1314978129e-01 2.2216095106e-04
341 3.1146589790e-01 3.4395077895e-04
342 3.0945405920e-01 2.4500370681e-04
343 3.0738094867e-01 3.1373679054e-04
344 3.0570074228e-01 2.9703744334e-04
345 3.0378349745e-01 2.6655779970e-04
346 3.0199956432e-01 2.0148457427e-04
347 2.9971082945e-01 1.6315179154e-04
348 2.9737544543e-01 1.6698771019e-04
349 2.9516194899e-01 1.7203915135e-04
350 2.9312000830e-01 1.8362379337e-04
351 2.9135761923e-01 1.7109426783e-04
352 2.8965701162e-01 1.5722991829e-04
353 2.8804204907e-01 1.6157283681e-04
354 2.8671959194e-01 1.7520324936e-04
355 2.8545943436e-01 1.5700486128e-04
356 2.8419786450e-01 1.7748365127e-04
357 2.8302793088e-01 1.5524626126e-04
358 2.8161961045e-01 1.4688323605e-04
359 2.8028635291e-01 1.5570523776e-04
360 2.7885229992e-01 1.4375322386e-04
361 2.7726898491e-01 1.4237676354e-04
362 2.7586017130e-01 1.6374981439e-04
363 2.7471927224e-01 3.3991923094e-04
364 2.7379499147e-01 2.4795154168e-04
365 2.7267901890e-01 1.4651652616e-04
366 2.7167221434e-01 1.5034560446e-04
367 2.7088718340e-01 1.4223021095e-04
368 2.7005035484e-01 1.1994147604e-04
369 2.6940462559e-01 1.4122213293e-04
370 2.6876361841e-01 1.0746223758e-04
371 2.6810751860e-01 1.0588916652e-04
372 2.6755791029e-01 1.0529679601e-04
373 2.6694795735e-01 9.4311081761e-05
374 2.6630836641e-01 1.0177914170e-04
375 2.6571096544e-01 9.8061555349e-05
376 2.6506991730e-01 9.8081464708e-05
377 2.6439249974e-01 1.0482577637e-04
378 2.6377088929e-01 1.1100362094e-04
379 2.6318083678e-01 1.0236440238e-04
380 2.6253590626e-01 9.7645475459e-05
381 2.6193577195e-01 1.1900250049e-04
382 2.6143430397e-01 1.2379940743e-04
383 2.6093004318e-01 1.1378215687e-04
384 2.6040880031e-01 1.0802945848e-04
385 2.5991271485e-01 1.3066760175e-04
386 2.5951341678e-01 1.8562641118e-04
387 2.5910130859e-01 1.9583145729e-04
388 2.5872773041e-01 1.7128994937e-04
389 2.5832473122e-01 1.1623659621e-04
390 2.5795094570e-01 1.0350713509e-04
391 2.5757464981e-01 1.0116135796e-04
392 2.5718537149e-01 1.3698278233e-04
393 2.5689547206e-01 1.7389352822e-04
394 2.5656222252e-01 1.4066092151e-04
395 2.5627092477e-01 1.2384915432e-04
396 2.5598946553e-01 8.3929140952e-05
397 2.5570617996e-01 7.4565792348e-05
398 2.5544026743e-01 7.7014849290e-05
399 2.5521216048e-01 8.6426619972e-05
400 2.5501353613e-01 7.2827274210e-05
401 2.5481681153e-01 7.2026273455e-05
402 2.5464296308e-01 7.7048310093e-05
403 2.5446452345e-01 6.5474566582e-05
404 2.5426446784e-01 6.1416645243e-05
405 2.5408678843e-01 7.0407031226e-05
406 2.5395817955e-01 9.5566171705e-05
407 2.5382935905e-01 1.0485382238e-04
408 2.5371383447e-01 1.1774358534e-04
409 2.5359797031e-01 8.4746191923e-05
410 2.5347118934e-01 7.6210147436e-05
411 2.5336268458e-01 6.5193022686e-05
412 2.5322927455e-01 5.1736512039e-05
413 2.5309594422e-01 5.5409879701e-05
414 2.5299457810e-01 6.0982263300e-05
415 2.5289025103e-01 5.3087976473e-05
416 2.5277563155e-01 5.8710754440e-05
417 2.5266838629e-01 6.1207602203e-05
418 2.5255006555e-01 5.1503415754e-05
419 2.5241754148e-01 5.3892595361e-05
420 2.5231131209e-01 7.5243015434e-05
421 2.5220348319e-01 5.1463875353e-05
422 2.5207044365e-01 5.6960098059e-05
423 2.5193534880e-01 1.0011184730e-04
424 2.5182842079e-01 1.2141934522e-04
425 2.5169689454e-01 7.9582068853e-05
426 2.5156759149e-01 7.0093102419e-05
427 2.5142790265e-01 6.1453103339e-05
428 2.5128133386e-01 6.4790175864e-05
429 2.5113190181e-01 5.8734148064e-05
430 2.5097020340e-01 5.7583012305e-05
431 2.5083924817e-01 6.7374880160e-05
432 2.5070752498e-01 5.2344820395e-05
433 2.5056637385e-01 6.7033941928e-05
434 2.5043617694e-01 6.1578889088e-05
435 2.5028605973e-01 5.0535290756e-05
436 2.5012949190e-01 6.2611385753e-05
437 2.5000550549e-01 6.5905286240e-05
438 2.4988308981e-01 5.3889774013e-05
439 2.4976126681e-01 6.3879053724e-05
440 2.4966239351e-01 5.3095331979e-05
441 2.4954144242e-01 5.0255020872e-05
442 2.4943993371e-01 6.1410668168e-05
443 2.4935507758e-01 4.2882215617e-05
444 2.4925289383e-01 5.4070900005e-05
445 2.4916104015e-01 6.7482396355e-05
446 2.4905707444e-01 5.0272534474e-05
447 2.4893995136e-01 5.9199595435e-05
448 2.4884621664e-01 7.2971560716e-05
449 2.4874053756e-01 5.5882706625e-05
450 2.4863604653e-01 8.7371644170e-05
451 2.4856143339e-01 9.9807487731e-05
452 2.4845723071e-01 5.9962345784e-05
453 2.4836211996e-01 5.8908116485e-05
454 2.4827669311e-01 5.7868296027e-05
455 2.4820384498e-01 6.1115618543e-05
456 2.4813433947e-01 4.8797778878e-05
457 2.4805558329e-01 6.5165273368e-05
458 2.4799388108e-01 7.5689701410e-05
459 2.4792851114e-01 7.1807083347e-05
460 2.4787086438e-01 6.9865539139e-05
461 2.4781289157e-01 4.6294460095e-05
462 2.4774478452e-01 4.0425164313e-05
463 2.4768426556e-01 4.2334989723e-05
464 2.4762473009e-01 3.8779127250e-05
465 2.4755279138e-01 3.9299913487e-05
466 2.4748559747e-01 4.3430560929e-05
467 2.4742122168e-01 4.2201837709e-05
468 2.4735689119e-01 4.0464706450e-05
469 2.4729795772e-01 4.6344259976e-05
470 2.4724779767e-01 4.3220480818e-05
471 2.4719943760e-01 4.5117129469e-05
472 2.4714815727e-01 3.9075966093e-05
473 2.4708419759e-01 3.6592479614e-05
474 2.4702344019e-01 4.6765715390e-05
475 2.4696707418e-01 4.5883279286e-05
476 2.4690090977e-01 5.1138552780e-05
477 2.4684861951e-01 9.0515050696e-05
478 2.4680079350e-01 6.6147853725e-05
479 2.4674314476e-01 6.1119502856e-05
480 2.4669296312e-01 5.3272827114e-05
481 2.4663325384e-01 6.0909747112e-05
482 2.4658491980e-01 1.2700038277e-04
483 2.4655074585e-01 7.2982487718e-05
484 2.4650747720e-01 4.0281213239e-05
485 2.4646788377e-01 4.4299900339e-05
486 2.4643488122e-01 4.9224168041e-05
487 2.4640214162e-01 4.1034627133e-05
488 2.4636374639e-01 3.8547700938e-05
489 2.4633224089e-01 4.1425569806e-05
490 2.4631180543e-01 4.3368262781e-05
491 2.4628971238e-01 3.8611282494e-05
492 2.4626474662e-01 4.2272399186e-05
493 2.4624262228e-01 4.0989848489e-05
494 2.4622601598e-01 4.5144154645e-05
495 2.4621605987e-01 4.7589296317e-05
496 2.4620213197e-01 3.6399337091e-05
497 2.4618517243e-01 5.0213607795e-05
498 2.4617909809e-01 6.7121093949e-05
499 2.4617580331e-01 4.1968176816e-05
500 2.4617732091e-01 3.6905250737e-05
501 2.4618143160e-01 4.5785597066e-05
502 2.4618428414e-01 4.2762524174e-05
503 2.4618737449e-01 2.9145631549e-05
504 2.4619397679e-01 3.2930038706e-05
505 2.4620354399e-01 3.2280290616e-05
506 2.4621444690e-01 3.9185723425e-05
507 2.4622703811e-01 6.2873978174e-05
508 2.4623773861e-01 5.5049317279e-05
509 2.4624774824e-01 3.5526428850e-05
510 2.4625843140e-01 2.9085176248e-05
511 2.4627150450e-01 2.9559872886e-05
512 2.4628123491e-01 2.9140737672e-05
513 2.4629447335e-01 2.6142210035e-05
514 2.4631292155e-01 3.2022335251e-05
515 2.4632521951e-01 4.8428641560e-05
516 2.4633612562e-01 4.0746014123e-05
517 2.4635128518e-01 4.4156856520e-05
518 2.4636755723e-01 3.5668970944e-05
519 2.4638511205e-01 4.1982914068e-05
520 2.4640462672e-01 3.0753012326e-05
521 2.4643154969e-01 3.0288546763e-05
522 2.4645816474e-01 3.0324086822e-05
523 2.4648749005e-01 3.0932650733e-05
524 2.4652461358e-01 3.2891044295e-05
525 2.4656745964e-01 2.9424757265e-05
526 2.4661102518e-01 3.0085308311e-05
527 2.4665090799e-01 3.4321663336e-05
528 2.4669881094e-01 2.9069139557e-05
529 2.4676205679e-01 2.8443587523e-05
530 2.4682773589e-01 3.7203794149e-05
531 2.4688621171e-01 3.9299623389e-05
532 2.4696159135e-01 4.3649157518e-05
533 2.4703349692e-01 6.7888482223e-05
534 2.4710227191e-01 5.5657832657e-05
535 2.4718544568e-01 4.5901912014e-05
536 2.4727899783e-01 4.7282067623e-05
537 2.4736596051e-01 5.4731260224e-05
538 2.4746456668e-01 3.9021104445e-05
539 2.4759662128e-01 3.9886163767e-05
540 2.4771539330e-01 4.6611777403e-05
541 2.4783587288e-01 3.6085125500e-05
542 2.4797230850e-01 4.3872974774e-05
543 2.4811471240e-01 5.8966337986e-05
544 2.4825969826e-01 5.9869858158e-05
545 2.4840209100e-01 8.9888958699e-05
546 2.4852760528e-01 7.1535518872e-05
547 2.4869669508e-01 4.2863919411e-05
548 2.4887755894e-01 3.9003089816e-05
549 2.4904483353e-01 4.0448083964e-05
550 2.4919197570e-01 4.0251318166e-05
551 2.4933267908e-01 3.8038425062e-05
552 2.4947054146e-01 3.8335805477e-05
553 2.4961266408e-01 3.4506851257e-05
554 2.4972933558e-01 3.8543243588e-05
555 2.4983440934e-01 3.3085621941e-05
556 2.4995098132e-01 3.0379365069e-05
557 2.5004127023e-01 3.2551003934e-05
558 2.5014005845e-01 2.9024405760e-05
559 2.5024655996e-01 2.7978837688e-05
560 2.5034887566e-01 2.5700434201e-05
561 2.5045116215e-01 2.5304328804e-05
562 2.5054387495e-01 2.7392193376e-05
563 2.5062615444e-01 3.2149219526e-05
564 2.5069655810e-01 2.8345585616e-05
565 2.5077526431e-01 3.0305579830e-05
566 2.5085534643e-01 3.3091280904e-05
567 2.5093941806e-01 3.0853835528e-05
568 2.5102777278e-01 3.2189815229e-05
569 2.5110924540e-01 3.2585348080e-05
570 2.5118388324e-01 4.5797586992e-05
571 2.5124241507e-01 5.5802963233e-05
572 2.5130165946e-01 5.2066275329e-05
573 2.5135879809e-01 3.8037189059e-05
574 2.5142629327e-01 2.5345878938e-05
575 2.5149310900e-01 2.4144056457e-05
576 2.5154489294e-01 3.3291751525e-05
577 2.5159145506e-01 2.8549725129e-05
578 2.5164560827e-01 2.4849689435e-05
579 2.5170331576e-01 2.4153550460e-05
580 2.5176187132e-01 3.0236305616e-05
581 2.5180673283e-01 6.4587659276e-05
582 2.5184592009e-01 4.5913100343e-05
583 2.5189114247e-01 2.9464894263e-05
584 2.5193809150e-01 2.4458760946e-05
585 2.5198763261e-01 2.2309483195e-05
586 2.5203520022e-01 2.6024977764e-05
587 2.5207253264e-01 3.5553391600e-05
588 2.5210713811e-01 3.0912492828e-05
589 2.5214432626e-01 3.3211449744e-05
590 2.5217468836e-01 5.3729081629e-05
591 2.5220046935e-01 5.1448974536e-05
592 2.5222807131e-01 3.2397429786e-05
593 2.5226188257e-01 2.4972119896e-05
594 2.5229773424e-01 3.3181535590e-05
595 2.5232523012e-01 4.6541969866e-05
596 2.5235079764e-01 3.2672958399e-05
597 2.5237831743e-01 2.9359643872e-05
598 2.5240226285e-01 3.9942055298e-05
599 2.5242180863e-01 2.9878488489e-05
600 2.5244299301e-01 3.9817269507e-05
601 2.5246051110e-01 4.3394160664e-05
602 2.5248016401e-01 2.8564973803e-05
603 2.5249869059e-01 3.9663995018e-05
604 2.5251260801e-01 8.3508316909e-05
605 2.5253116756e-01 3.7611425407e-05
606 2.5255046790e-01 2.7462397819e-05
607 2.5256537168e-01 3.9601586340e-05
608 2.5257716076e-01 4.6442522639e-05
609 2.5258730937e-01 3.7626043874e-05
610 2.5259611419e-01 3.7719821499e-05
611 2.5260161592e-01 3.3768322618e-05
612 2.5260852331e-01 2.3381920517e-05
613 2.5261107623e-01 3.0705494170e-05
614 2.5261295614e-01 2.5140305598e-05
615 2.5261520009e-01 2.3505541496e-05
616 2.5261418936e-01 2.4780958219e-05
617 2.5261069687e-01 2.0584026716e-05
618 2.5260358357e-01 2.3561036504e-05
619 2.5259679519e-01 2.6025847220e-05
620 2.5259016578e-01 2.3263793366e-05
621 2.5258206071e-01 2.1470896727e-05
622 2.5257324881e-01 2.3662886302e-05
623 2.5256054237e-01 2.4734996032e-05
624 2.5254661427e-01 2.3894136542e-05
625 2.5253207479e-01 2.8103292976e-05
626 2.5251912419e-01 2.7417195482e-05
627 2.5250888393e-01 2.7633109848e-05
628 2.5250041195e-01 2.6271327881e-05
629 2.5249176494e-01 3.3531689639e-05
630 2.5247915377e-01 4.9441740675e-05
631 2.5246794375e-01 4.5152927477e-05
632 2.5245029365e-01 2.6063326577e-05
633 2.5243371864e-01 2.4217173771e-05
634 2.5242004362e-01 2.4988249846e-05
635 2.5240590371e-01 2.7809753696e-05
636 2.5239234080e-01 2.7090852545e-05
637 2.5237512701e-01 2.4956266537e-05
638 2.5235772219e-01 2.8716896277e-05
639 2.5234208505e-01 2.9582723668e-05
640 2.5232494067e-01 5.2400788932e-05
641 2.5231217160e-01 5.5723224573e-05
642 2.5229596748e-01 3.9615079458e-05
643 2.5227778448e-01 3.0338459146e-05
644 2.5225687863e-01 3.1741870464e-05
645 2.5223525411e-01 3.5576948267e-05
646 2.5221063836e-01 3.1760081272e-05
647 2.5218082830e-01 4.9962834755e-05
648 2.5215199295e-01 6.4331918221e-05
649 2.5212735751e-01 6.4394365667e-05
650 2.5210069048e-01 4.5875996988e-05
651 2.5207518494e-01 4.6340096669e-05
652 2.5204349350e-01 3.4758634025e-05
653 2.5200927435e-01 4.3121734229e-05
654 2.5197846737e-01 3.8785188779e-05
655 2.5194564358e-01 3.7984946029e-05
656 2.5191250262e-01 3.8413558689e-05
657 2.5187130411e-01 3.1008306196e-05
658 2.5182181170e-01 2.8144706514e-05
659 2.5176931208e-01 3.6147227867e-05
660 2.5172284421e-01 3.1785737677e-05
661 2.5165468364e-01 2.7000619352e-05
662 2.5157940269e-01 2.9385557108e-05
663 2.5151794381e-01 3.7874643948e-05
664 2.5145098306e-01 4.4316531160e-05
665 2.5138459750e-01 6.4825499952e-05
666 2.5132611190e-01 6.7515541678e-05
667 2.5125336104e-01 3.9135577414e-05
668 2.5117572877e-01 3.6856132199e-05
669 2.5109746247e-01 3.4787630758e-05
670 2.5102518102e-01 3.1316331768e-05
671 2.5093474967e-01 3.0151068100e-05
672 2.5086298140e-01 3.6401171296e-05
673 2.5078626428e-01 2.9275589085e-05
674 2.5067964511e-01 3.0532007117e-05
675 2.5058118403e-01 4.2233954914e-05
676 2.5049561776e-01 4.0780966536e-05
677 2.5039524165e-01 3.6959694730e-05
678 2.5030130083e-01 4.4923379093e-05
679 2.5021103642e-01 4.4481778637e-05
680 2.5012400353e-01 4.6107808683e-05
681 2.5003690037e-01 4.1709785549e-05
682 2.4993537769e-01 5.4807791652e-05
683 2.4983843029e-01 5.1078098822e-05
684 2.4971694847e-01 3.6956682799e-05
685 2.4958472208e-01 4.2122109061e-05
686 2.4948076876e-01 5.0631145424e-05
687 2.4937794515e-01 3.9696391892e-05
688 2.4927200132e-01 4.9827855253e-05
689 2.4916864203e-01 4.0834638125e-05
690 2.4905677239e-01 4.0493336911e-05
691 2.4897296680e-01 4.6018888386e-05
692 2.4887435097e-01 3.9281682268e-05
693 2.4877726439e-01 6.7650555710e-05
694 2.4870568387e-01 7.1568641277e-05
695 2.4863183635e-01 6.1091398282e-05
696 2.4855669143e-01 4.3387697957e-05
697 2.4847982324e-01 3.4576034188e-05
698 2.4840956561e-01 3.3175650690e-05
699 2.4834665650e-01 3.7524879521e-05
700 2.4829335802e-01 4.0649148225e-05
701 2.4824214314e-01 4.2644448934e-05
702 2.4819565708e-01 4.5421029521e-05
703 2.4814672292e-01 3.9652861198e-05
704 2.4809484612e-01 6.1348872296e-05
705 2.4805884308e-01 7.1527120697e-05
706 2.4800665809e-01 3.9625315354e-05
707 2.4795332798e-01 4.1979502955e-05
708 2.4790575357e-01 4.5891938335e-05
709 2.4786092594e-01 5.5600370127e-05
710 2.4782382068e-01 7.1106272032e-05
711 2.4779121230e-01 5.1324161023e-05
712 2.4774860188e-01 3.3414006181e-05
713 2.4770774420e-01 3.4119905718e-05
714 2.4767335037e-01 2.9799403146e-05
715 2.4763882884e-01 2.9644215439e-05
716 2.4761048450e-01 3.3136376760e-05
717 2.4758381213e-01 3.4670151561e-05
718 2.4756325250e-01 3.8562120819e-05
719 2.4753875878e-01 3.0427811533e-05
720 2.4751357312e-01 2.9454541390e-05
721 2.4748700652e-01 2.7499250944e-05
722 2.4746358507e-01 3.3592704233e-05
723 2.4744611766e-01 4.0165820018e-05
724 2.4742795169e-01 4.8881398216e-05
725 2.4741171580e-01 7.3709034599e-05
726 2.4739481544e-01 5.5375246208e-05
727 2.4737506703e-01 3.4327444498e-05
728 2.4736148766e-01 3.6606126619e-05
729 2.4733984823e-01 4.6932896412e-05
730 2.4732013945e-01 5.0723589312e-05
731 2.4730013969e-01 3.5883489825e-05
732 2.4727810336e-01 3.7369133694e-05
733 2.4725865405e-01 3.9681852274e-05
734 2.4723969373e-01 3.6340451583e-05
735 2.4721803745e-01 4.2816571598e-05
736 2.4719385768e-01 3.4184317632e-05
737 2.4717018254e-01 3.1716034941e-05
738 2.4714962331e-01 3.8411054694e-05
739 2.4712245206e-01 3.2859687314e-05
740 2.4709168874e-01 3.3820614169e-05
741 2.4705906535e-01 3.6153581543e-05
742 2.4701691542e-01 3.4110194935e-05
743 2.4696232697e-01 3.0112846933e-05
744 2.4691033420e-01 3.4835489500e-05
745 2.4685869470e-01 4.2187467221e-05
746 2.4680574246e-01 4.3623440879e-05
747 2.4674555458e-01 3.9454008043e-05
748 2.4668433283e-01 5.2007139979e-05
749 2.4662554118e-01 8.3742478076e-05
750 2.4657402860e-01 7.0031155656e-05
751 2.4651667782e-01 4.8686340431e-05
752 2.4646123885e-01 3.9365435318e-05
753 2.4640778550e-01 3.6112438369e-05
754 2.4634734667e-01 3.8113518441e-05
755 2.4629198779e-01 3.8128627674e-05
756 2.4621888513e-01 4.0724975934e-05
757 2.4615486590e-01 5.6048304227e-05
758 2.4607974531e-01 5.0126344505e-05
759 2.4600828626e-01 5.7688875119e-05
760 2.4592415073e-01 6.1849961943e-05
761 2.4585378846e-01 7.5343741326e-05
762 2.4577442310e-01 4.2076109718e-05
763 2.4567509076e-01 3.8783777842e-05
764 2.4559771054e-01 4.3850875492e-05
765 2.4551649181e-01 3.3614322468e-05
766 2.4543869928e-01 4.3630397351e-05
767 2.4537206273e-01 4.0417184113e-05
768 2.4528509776e-01 3.3044946096e-05
769 2.4519836496e-01 4.6734236188e-05
770 2.4514365606e-01 8.3275832492e-05
771 2.4509768939e-01 5.3279448035e-05
772 2.4504114420e-01 2.9835244426e-05
773 2.4498529924e-01 3.3312016799e-05
774 2.4494218318e-01 3.6606922928e-05
775 2.4489122827e-01 2.7557754476e-05
776 2.4483694881e-01 3.1188605820e-05
777 2.4478887573e-01 3.4241528599e-05
778 2.4473353875e-01 2.8193523746e-05
779 2.4468033806e-01 2.7346010115e-05
780 2.4462414536e-01 3.0308981419e-05
781 2.4457596462e-01 3.6275379041e-05
782 2.4453634683e-01 3.3890228684e-05
783 2.4448707011e-01 3.7218061020e-05
784 2.4443888259e-01 3.3388085642e-05
785 2.4439169580e-01 5.1112730957e-05
786 2.4435713141e-01 5.9070839984e-05
787 2.4431433181e-01 3.4195528670e-05
788 2.4427152020e-01 3.1146334416e-05
789 2.4422896992e-01 2.8773898529e-05
790 2.4417659373e-01 2.8743449821e-05
791 2.4412094001e-01 2.6942367774e-05
792 2.4407100781e-01 2.6621363291e-05
793 2.4402754349e-01 2.6689382170e-05
794 2.4398927468e-01 2.7492254728e-05
795 2.4395006064e-01 2.3118463097e-05
796 2.4390604502e-01 2.3291064189e-05
797 2.4386273072e-01 2.7656377249e-05
798 2.4382953893e-01 2.8178372545e-05
799 2.4377981116e-01 2.0325988421e-05
800 2.4372434655e-01 2.4149757703e-05
801 2.4368023869e-01 3.2053635489e-05
802 2.4363281991e-01 2.5995922209e-05
803 2.4356839008e-01 2.3805696088e-05
804 2.4350275286e-01 3.1725148941e-05
805 2.4344563807e-01 3.3853810247e-05
806 2.4338706633e-01 2.4662910419e-05
807 2.4333232631e-01 2.6908277581e-05
808 2.4328246651e-01 3.0245268461e-05
809 2.4322718163e-01 2.6768938939e-05
810 2.4316509993e-01 4.0022122667e-05
811 2.4311954240e-01 5.3796897901e-05
812 2.4306201834e-01 3.0828006632e-05
813 2.4299829336e-01 3.4868465437e-05
814 2.4294490730e-01 3.3148423715e-05
815 2.4288440758e-01 2.5416714503e-05
816 2.4283378949e-01 3.2606215777e-05
817 2.4277322745e-01 2.1910958902e-05
818 2.4270147338e-01 2.3042303735e-05
819 2.4263955921e-01 3.1196019546e-05
820 2.4257745386e-01 4.6273851681e-05
821 2.4251963721e-01 4.6574467732e-05
822 2.4244291066e-01 2.4018003081e-05
823 2.4235931445e-01 2.0659216109e-05
824 2.4227502121e-01 2.1852227016e-05
825 2.4219601746e-01 2.4691404435e-05
826 2.4211522715e-01 2.1919330672e-05
827 2.4201399063e-01 2.5224679580e-05
828 2.4192210498e-01 2.7940909016e-05
829 2.4182519009e-01 2.3286436238e-05
830 2.4171785452e-01 4.4291813566e-05
831 2.4165267824e-01 6.3470165956e-05
832 2.4156596029e-01 2.9313101503e-05
833 2.4146706570e-01 2.1600953832e-05
834 2.4136468185e-01 2.8474547486e-05
835 2.4127147988e-01 3.1897743793e-05
836 2.4115501564e-01 2.6692050918e-05
837 2.4100948369e-01 2.9339766718e-05
838 2.4086351135e-01 3.7279239055e-05
839 2.4071854579e-01 3.7708034765e-05
840 2.4058248375e-01 3.4632351254e-05
841 2.4042692771e-01 3.7387493247e-05
842 2.4026138716e-01 3.9594666308e-05
843 2.4009513340e-01 3.7637234961e-05
844 2.3992111378e-01 4.3650859225e-05
845 2.3976460736e-01 4.5186369626e-05
846 2.3960216413e-01 4.9339164630e-05
847 2.3947234988e-01 7.7408491690e-05
848 2.3933143919e-01 4.3750402903e-05
849 2.3918736381e-01 3.9812351432e-05
850 2.3906986379e-01 3.0847195567e-05
851 2.3891969682e-01 2.7743433963e-05
852 2.3876921422e-01 2.8990261167e-05
853 2.3862019385e-01 2.5826149260e-05
854 2.3847381573e-01 2.2729426396e-05
855 2.3833518880e-01 2.5757365721e-05
856 2.3821724265e-01 3.3204229876e-05
857 2.3811574933e-01 2.9768290891e-05
858 2.3799899962e-01 2.6226362386e-05
859 2.3788623705e-01 2.7137869730e-05
860 2.3777884932e-01 3.2065139243e-05
861 2.3769497058e-01 3.2228929979e-05
862 2.3757795671e-01 2.5309370831e-05
863 2.3744998800e-01 3.5820603167e-05
864 2.3733614921e-01 4.3656934657e-05
865 2.3720228264e-01 3.6710507715e-05
866 2.3707359060e-01 4.7153025724e-05
867 2.3696227366e-01 7.2618359834e-05
868 2.3686488133e-01 3.8128579397e-05
869 2.3673848299e-01 2.2368970483e-05
870 2.3662333019e-01 2.1345365691e-05
871 2.3653831124e-01 2.2473074565e-05
872 2.3645495976e-01 2.1954235914e-05
873 2.3636903313e-01 2.1956249523e-05
874 2.3628932611e-01 2.3731021058e-05
875 2.3621516182e-01 3.7165722532e-05
876 2.3615923153e-01 3.0190136000e-05
877 2.3607976620e-01 2.8370441891e-05
878 2.3600951622e-01 4.8102808849e-05
879 2.3595209029e-01 4.0361523915e-05
880 2.3588293168e-01 3.7246097655e-05
881 2.3581896286e-01 3.8627947009e-05
882 2.3574793240e-01 3.0812134190e-05
883 2.3568368988e-01 2.5545041858e-05
884 2.3561104235e-01 2.9025079192e-05
885 2.3555162233e-01 3.9695398222e-05
886 2.3549053170e-01 2.5209657435e-05
887 2.3541407049e-01 2.2362751590e-05
888 2.3533804671e-01 2.4168596056e-05
889 2.3527685230e-01 4.6130499218e-05
890 2.3523197651e-01 5.0741713111e-05
891 2.3519046641e-01 4.3124941346e-05
892 2.3514736325e-01 2.4807472897e-05
893 2.3509822135e-01 2.0597284439e-05
894 2.3506380577e-01 2.6846776814e-05
895 2.3503002404e-01 2.1624519048e-05
896 2.3499835528e-01 2.1389464102e-05
897 2.3496711066e-01 1.7900206487e-05
898 2.3493560731e-01 1.8308423616e-05
899 2.3490609917e-01 1.7443134757e-05
900 2.3487845732e-01 1.8061574765e-05
901 2.3485568609e-01 1.7832953881e-05
902 2.3482962413e-01 1.6147113453e-05
903 2.3480096240e-01 1.6674226226e-05
904 2.3477231402e-01 1.8717746100e-05
905 2.3474117585e-01 2.2338208416e-05
906 2.3471254721e-01 3.2700676699e-05
907 2.3468547244e-01 3.7921284949e-05
908 2.3465731925e-01 3.4578878010e-05
909 2.3462663161e-01 1.8741905559e-05
910 2.3459385972e-01 1.6225454151e-05
911 2.3456889490e-01 2.1296635117e-05
912 2.3454420485e-01 1.3437418444e-05
913 2.3451595410e-01 1.6368023558e-05
914 2.3449639567e-01 2.2617330695e-05
915 2.3447439809e-01 1.4082913152e-05
916 2.3444880104e-01 1.2212190994e-05
917 2.3442976559e-01 1.4857779799e-05
918 2.3441644743e-01 1.8119171928e-05
919 2.3439943606e-01 1.6117209381e-05
920 2.3438001406e-01 1.4272826816e-05
921 2.3435845557e-01 1.4188341297e-05
922 2.3434019202e-01 2.1193191079e-05
923 2.3432354021e-01 2.0517513195e-05
924 2.3430427495e-01 2.6699010526e-05
925 2.3428574540e-01 3.4247481835e-05
926 2.3426709505e-01 2.3944465606e-05
927 2.3424556870e-01 2.0158638015e-05
928 2.3422726455e-01 1.9021839336e-05
929 2.3420906830e-01 1.5740487046e-05
930 2.3418988422e-01 1.3969459051e-05
931 2.3416964736e-01 1.7191903470e-05
932 2.3415376005e-01 1.7641855075e-05
933 2.3413512424e-01 1.4550932501e-05
934 2.3411526475e-01 1.9816385547e-05
935 2.3409784924e-01 2.8569510901e-05
936 2.3407841330e-01 3.3086864168e-05
937 2.3406002999e-01 2.5809109546e-05
938 2.3403484604e-01 1.7490279191e-05
939 2.3400650773e-01 1.6778253324e-05
940 2.3397880337e-01 1.4429401202e-05
941 2.3395100912e-01 1.5855860470e-05
942 2.3392457473e-01 1.5446671543e-05
943 2.3389432770e-01 1.4080276586e-05
944 2.3386295326e-01 1.8034011000e-05
945 2.3383953513e-01 1.6939057968e-05
946 2.3381007980e-01 1.3530511432e-05
947 2.3377942514e-01 1.8252515507e-05
948 2.3375106743e-01 2.5193794532e-05
949 2.3372767081e-01 3.5892744129e-05
950 2.3370584124e-01 2.7789568094e-05
951 2.3368286085e-01 1.7901833204e-05
952 2.3366324237e-01 1.6009868503e-05
953 2.3364737533e-01 1.3439984863e-05
954 2.3363346765e-01 1.2593101537e-05
955 2.3362291205e-01 1.6141821600e-05
956 2.3361460984e-01 1.5733382005e-05
957 2.3360681457e-01 1.5881086153e-05
958 2.3359965556e-01 1.5592214698e-05
959 2.3359114838e-01 1.2077211178e-05
960 2.3358457761e-01 1.3016953526e-05
961 2.3358021505e-01 1.3250789025e-05
962 2.3357677562e-01 1.2609050496e-05
963 2.3357386570e-01 1.2637984166e-05
964 2.3357168488e-01 1.5607662137e-05
965 2.3357088580e-01 2.2392214515e-05
966 2.3357080474e-01 2.3286553767e-05
967 2.3357205245e-01 2.1748540557e-05
968 2.3357350198e-01 1.6207263887e-05
969 2.3357667824e-01 1.3422077541e-05
970 2.3358093974e-01 1.2569467254e-05
971 2.3358629120e-01 1.3912746480e-05
972 2.3359098230e-01 1.3655701374e-05
973 2.3359690782e-01 1.2185379578e-05
974 2.3360455595e-01 1.3514849002e-05
975 2.3361329432e-01 1.2565589392e-05
976 2.3362269861e-01 1.4068046512e-05
977 2.3363216553e-01 1.2247811159e-05
978 2.3364520571e-01 1.1088103480e-05
979 2.3365656699e-01 1.7173315828e-05
980 2.3366513377e-01 1.9142332060e-05
981 2.3367480912e-01 2.0045556917e-05
982 2.3368376458e-01 2.9361060449e-05
983 2.3369353492e-01 1.8129430735e-05
984 2.3370299650e-01 1.4916535569e-05
985 2.3371087208e-01 1.2377323467e-05
986 2.3371851725e-01 1.2027418679e-05
987 2.3372653856e-01 1.0768380318e-05
988 2.3373517635e-01 1.1988911634e-05
989 2.3374102961e-01 1.1643097246e-05
990 2.3374878329e-01 9.3003398397e-06
991 2.3375578770e-01 1.3615045300e-05
992 2.3376062561e-01 1.2906303707e-05
993 2.3376543782e-01 9.6131715289e-06
994 2.3376884648e-01 1.9740835904e-05
995 2.3377097904e-01 2.2087437987e-05
996 2.3377332310e-01 1.4555853751e-05
997 2.3377380279e-01 1.5862763960e-05
998 2.3377378920e-01 1.0093717195e-05
999 2.3377195573e-01 9.7126007653e-06
1000 2.3377190038e-01 1.1112364295e-05
1001 2.3377363592e-01 9.2823441779e-06
1002 2.3377442740e-01 1.1275668396e-05
1003 2.3377524850e-01 9.3792581354e-06
1004 2.3377655226e-01 1.1528515642e-05
1005 2.3377716495e-01 1.0885814268e-05
1006 2.3377838004e-01 9.9686208204e-06
1007 2.3377848871e-01 1.1883315425e-05
1008 2.3377836936e-01 1.0216283094e-05
1009 2.3377720684e-01 1.6666180411e-05
1010 2.3377562131e-01 2.3160147769e-05
1011 2.3377335564e-01 1.2945759519e-05
1012 2.3376864628e-01 9.3997225126e-06
1013 2.3376312991e-01 1.1443272108e-05
1014 2.3375756380e-01 1.3077125558e-05
1015 2.3375070376e-01 1.2911804579e-05
1016 2.3374190128e-01 1.0754132998e-05
1017 2.3373124659e-01 1.1898009877e-05
1018 2.3372002203e-01 1.4498676411e-05
1019 2.3370535570e-01 1.0182979175e-05
1020 2.3369020646e-01 1.0479552917e-05
1021 2.3367697704e-01 1.2999348569e-05
1022 2.3366329159e-01 1.0581219046e-05
1023 2.3364415928e-01 1.0327175527e-05
1024 2.3362227000e-01 1.4303268739e-05
1025 2.3360528474e-01 1.5270422280e-05
1026 2.3358784171e-01 1.5195862675e-05
1027 2.3357240392e-01 1.6543472165e-05
1028 2.3355497729e-01 1.3709081921e-05
1029 2.3353783054e-01 2.5650445563e-05
1030 2.3352213898e-01 1.4536662542e-05
1031 2.3349660654e-01 9.3783692299e-06
1032 2.3347123604e-01 1.2313099615e-05
1033 2.3344854106e-01 1.2706132078e-05
1034 2.3342114964e-01 1.1017548286e-05
1035 2.3339769729e-01 1.1128725637e-05
1036 2.3336986110e-01 1.2387644165e-05
1037 2.3334186511e-01 1.3575295621e-05
1038 2.3331017555e-01 1.3610399011e-05
1039 2.3327997976e-01 2.5867459541e-05
1040 2.3325298732e-01 1.8950621717e-05
1041 2.3321940032e-01 1.4907725895e-05
1042 2.3318265341e-01 1.3841198919e-05
1043 2.3314422245e-01 1.5866615416e-05
1044 2.3310806876e-01 1.3848659994e-05
1045 2.3306350551e-01 1.6337830089e-05
1046 2.3301530197e-01 1.4121932702e-05
1047 2.3295511371e-01 1.5848689671e-05
1048 2.3289885571e-01 1.7668929228e-05
1049 2.3282911085e-01 1.4800369970e-05
1050 2.3275394182e-01 1.5594115302e-05
1051 2.3268912466e-01 1.6363780481e-05
1052 2.3261387972e-01 1.7032931963e-05
1053 2.3253269307e-01 1.7010401325e-05
1054 2.3243750584e-01 1.6162974296e-05
1055 2.3235234922e-01 2.1968875673e-05
1056 2.3226273572e-01 1.6521153276e-05
1057 2.3214026208e-01 1.5665812965e-05
1058 2.3202253816e-01 2.6662028216e-05
1059 2.3193599862e-01 4.1615863975e-05
1060 2.3183095281e-01 2.9847259635e-05
1061 2.3172730842e-01 2.7856743016e-05
1062 2.3160173022e-01 1.9619068684e-05
1063 2.3146432337e-01 1.8400079840e-05
1064 2.3133961737e-01 2.0199926823e-05
1065 2.3121849942e-01 2.1747926482e-05
1066 2.3109417953e-01 2.3103735893e-05
1067 2.3097064694e-01 2.8517160081e-05
1068 2.3085528245e-01 2.8332136134e-05
1069 2.3072264565e-01 3.7383256983e-05
1070 2.3062634966e-01 4.4452791197e-05
1071 2.3048507813e-01 2.0957121873e-05
1072 2.3034672056e-01 2.8679233054e-05
1073 2.3021411069e-01 2.2118405875e-05
1074 2.3003930619e-01 1.7465063050e-05
1075 2.2986891029e-01 1.9807795671e-05
1076 2.2973103097e-01 2.2966054257e-05
1077 2.2957460365e-01 2.0106314132e-05
1078 2.2941782906e-01 2.7221234267e-05
1079 2.2928270380e-01 2.1963462897e-05
1080 2.2913128130e-01 2.2964300494e-05
1081 2.2901825807e-01 2.4661785226e-05
1082 2.2885564572e-01 1.8416340396e-05
1083 2.2868828309e-01 2.0985295378e-05
1084 2.2855930758e-01 2.0768753137e-05
1085 2.2840275930e-01 2.0171442558e-05
1086 2.2822554119e-01 2.4627698583e-05
1087 2.2806015547e-01 3.8533301234e-05
1088 2.2792183524e-01 4.3707516532e-05
1089 2.2776979534e-01 3.5972870055e-05
1090 2.2761457193e-01 3.0606278154e-05
1091 2.2745296481e-01 2.4173245333e-05
1092 2.2728775980e-01 2.4499158191e-05
1093 2.2712339580e-01 2.2303265494e-05
1094 2.2694818149e-01 2.4813224215e-05
1095 2.2680547465e-01 4.5220563934e-05
1096 2.2669051007e-01 3.8652269599e-05
1097 2.2656872293e-01 3.1739222627e-05
1098 2.2643320979e-01 2.0736809466e-05
1099 2.2628784125e-01 1.6785621234e-05
1100 2.2615806567e-01 1.8632080784e-05
1101 2.2603468395e-01 2.0629017198e-05
1102 2.2591822096e-01 1.7114393555e-05
1103 2.2578309256e-01 1.6156685078e-05
1104 2.2567455836e-01 2.0960287434e-05
1105 2.2556661410e-01 1.7234622372e-05
1106 2.2543228942e-01 1.8109185869e-05
1107 2.2532940990e-01 2.2296913700e-05
1108 2.2524035479e-01 2.0615124806e-05
1109 2.2513604737e-01 1.6780381086e-05
1110 2.2502511894e-01 1.5789003563e-05
1111 2.2491868615e-01 1.9594300955e-05
1112 2.2483619956e-01 2.3516974129e-05
1113 2.2475388385e-01 2.8023733063e-05
1114 2.2468077974e-01 3.6323147280e-05
1115 2.2460020579e-01 2.8950310496e-05
1116 2.2451330025e-01 2.7871024524e-05
1117 2.2443862806e-01 2.1111029773e-05
1118 2.2433886309e-01 1.5785658405e-05
1119 2.2423071907e-01 1.6195250020e-05
1120 2.2412402056e-01 1.8720898240e-05
1121 2.2404513460e-01 2.3869432273e-05
1122 2.2396638938e-01 1.9434748051e-05
1123 2.2387092538e-01 2.0342775019e-05
1124 2.2378161168e-01 2.2202320798e-05
1125 2.2368792718e-01 2.9011208697e-05
1126 2.2361357145e-01 4.2086350439e-05
1127 2.2353329893e-01 2.9812836433e-05
1128 2.2344898787e-01 3.2504819539e-05
1129 2.2336267508e-01 2.3627942989e-05
1130 2.2326507281e-01 2.5468020897e-05
1131 2.2318589252e-01 2.3513520238e-05
1132 2.2309661233e-01 2.3022159846e-05
1133 2.2301154085e-01 2.0147761037e-05
1134 2.2290685243e-01 1.8564790691e-05
1135 2.2281564326e-01 2.3973884189e-05
1136 2.2273875948e-01 2.8859602140e-05
1137 2.2265730343e-01 2.1080285509e-05
1138 2.2258295579e-01 2.2381976658e-05
1139 2.2251074978e-01 2.3532187626e-05
1140 2.2243086237e-01 2.4286486599e-05
1141 2.2235174637e-01 2.6693766315e-05
1142 2.2227036326e-01 2.7289511055e-05
1143 2.2219833543e-01 2.3550831517e-05
1144 2.2213204109e-01 1.7300368174e-05
1145 2.2207229631e-01 1.7217932895e-05
1146 2.2201634150e-01 1.8103459890e-05
1147 2.2196253282e-01 2.2606173400e-05
1148 2.2191723075e-01 2.5689913125e-05
1149 2.2187148148e-01 3.2601152830e-05
1150 2.2183378397e-01 2.6073076150e-05
1151 2.2178822841e-01 2.1318242301e-05
1152 2.2174028774e-01 1.9438416671e-05
1153 2.2169060981e-01 3.6966694557e-05
1154 2.2165817037e-01 4.6442615303e-05
1155 2.2161202866e-01 1.8099858954e-05
1156 2.2156317931e-01 1.6410761382e-05
1157 2.2152423365e-01 2.0504182021e-05
1158 2.2148946012e-01 1.7149909587e-05
1159 2.2145354709e-01 1.7739077430e-05
1160 2.2142283182e-01 1.9739507872e-05
1161 2.2139077367e-01 1.6284145666e-05
1162 2.2135891561e-01 1.9636752337e-05
1163 2.2133777215e-01 2.0642198747e-05
1164 2.2131542424e-01 1.6394151743e-05
1165 2.2129530135e-01 2.4610553749e-05
1166 2.2127802436e-01 2.1889460572e-05
1167 2.2125927584e-01 1.4942383482e-05
1168 2.2124237913e-01 1.7886111165e-05
1169 2.2122976532e-01 1.7743755770e-05
1170 2.2121354715e-01 1.6831259028e-05
1171 2.2119588717e-01 1.8975034892e-05
1172 2.2117803010e-01 1.7728580316e-05
1173 2.2116235303e-01 2.0215549264e-05
1174 2.2114759970e-01 2.2270356899e-05
1175 2.2113186356e-01 3.5452190985e-05
1176 2.2111629265e-01 2.5846558876e-05
1177 2.2109365237e-01 1.9583811215e-05
1178 2.2107508313e-01 1.9523155480e-05
1179 2.2105440571e-01 1.3799997038e-05
1180 2.2103260677e-01 1.3978928786e-05
1181 2.2101410212e-01 1.5172895605e-05
1182 2.2099689604e-01 1.6197456650e-05
1183 2.2097705640e-01 1.4847996200e-05
1184 2.2095748402e-01 2.9873403183e-05
1185 2.2094553866e-01 2.6531343450e-05
1186 2.2093040741e-01 1.6667409271e-05
1187 2.2091546397e-01 1.5084035485e-05
1188 2.2089586136e-01 1.2897116787e-05
1189 2.2086899718e-01 1.2381574033e-05
1190 2.2084063433e-01 1.4826038576e-05
1191 2.2081817819e-01 1.6288797059e-05
1192 2.2079462766e-01 1.4088288587e-05
1193 2.2076441386e-01 1.5968082862e-05
1194 2.2073093239e-01 1.5702562714e-05
1195 2.2069490535e-01 1.3721396611e-05
1196 2.2065372406e-01 1.1890887137e-05
1197 2.2062056202e-01 1.5569089308e-05
1198 2.2059566187e-01 1.4196897304e-05
1199 2.2055786820e-01 1.0095172343e-05
1200 2.2052346987e-01 1.1218838375e-05
1201 2.2048995006e-01 1.0996663015e-05
1202 2.2045933747e-01 1.0308899910e-05
1203 2.2042523577e-01 1.0013806314e-05
1204 2.2038225185e-01 1.0425355135e-05
1205 2.2033888904e-01 2.3901646427e-05
1206 2.2030794010e-01 3.0653476491e-05
1207 2.2026774398e-01 1.6186392100e-05
1208 2.2022425854e-01 1.3330038424e-05
1209 2.2018509139e-01 1.2974418770e-05
1210 2.2014589958e-01 1.2035581050e-05
1211 2.2010548716e-01 1.0232541122e-05
1212 2.2006929162e-01 1.3076235762e-05
1213 2.2003480714e-01 1.6824445926e-05
1214 2.2000373319e-01 2.2201005687e-05
1215 2.1996832643e-01 1.4018422764e-05
1216 2.1993125902e-01 1.2699909911e-05
1217 2.1989200204e-01 9.1881520653e-06
1218 2.1984507129e-01 1.1748311018e-05
1219 2.1980433534e-01 1.0598136883e-05
1220 2.1974919894e-01 1.0017125479e-05
1221 2.1970496418e-01 1.0923450262e-05
1222 2.1964951456e-01 9.9258101920e-06
1223 2.1958547809e-01 9.5404190472e-06
1224 2.1952243489e-01 9.0799981138e-06
1225 2.1946709775e-01 1.0978568184e-05
1226 2.1941240277e-01 7.7970914103e-06
1227 2.1935108069e-01 8.3786362811e-06
1228 2.1930341513e-01 9.8465539107e-06
1229 2.1924617061e-01 8.1382894624e-06
1230 2.1918376165e-01 1.2259538469e-05
1231 2.1913120655e-01 1.7269713405e-05
1232 2.1908072334e-01 2.1348137425e-05
1233 2.1902752786e-01 1.1816445897e-05
1234 2.1895549664e-01 1.0779837575e-05
1235 2.1889478283e-01 1.2888580896e-05
1236 2.1883277688e-01 8.8648836190e-06
1237 2.1877169947e-01 1.1980907866e-05
1238 2.1870957228e-01 1.0378844376e-05
1239 2.1863306836e-01 1.0690679768e-05
1240 2.1855625965e-01 1.1332826078e-05
1241 2.1848181707e-01 1.2934752261e-05
1242 2.1841178239e-01 1.2812780430e-05
1243 2.1834699184e-01 1.4597978285e-05
1244 2.1827625548e-01 1.2727988966e-05
1245 2.1820672887e-01 2.2049771727e-05
1246 2.1814171587e-01 1.3676375023e-05
1247 2.1805932960e-01 1.5236319912e-05
1248 2.1797609735e-01 1.1942637177e-05
1249 2.1787244970e-01 1.2763698208e-05
1250 2.1778593013e-01 1.6285386092e-05
1251 2.1768999937e-01 1.1363207134e-05
1252 2.1757415585e-01 9.6063348672e-06
1253 2.1746237173e-01 1.0391734953e-05
1254 2.1736867847e-01 1.1058670083e-05
1255 2.1728017295e-01 1.0436358656e-05
1256 2.1718214550e-01 1.0006969470e-05
1257 2.1708180173e-01 1.0391291153e-05
1258 2.1697720520e-01 9.9963755154e-06
1259 2.1688320554e-01 1.1711888876e-05
1260 2.1678592774e-01 1.0578023565e-05
1261 2.1668111303e-01 9.6526723371e-06
1262 2.1657538527e-01 1.2023638309e-05
1263 2.1648794337e-01 1.2770143963e-05
1264 2.1638749652e-01 1.9578227722e-05
1265 2.1630634382e-01 2.1888655248e-05
1266 2.1621687621e-01 1.3617565967e-05
1267 2.1611029225e-01 9.0805875812e-06
1268 2.1600784356e-01 8.9398119330e-06
1269 2.1591763133e-01 1.1952816618e-05
1270 2.1583268833e-01 1.1286890378e-05
1271 2.1572678815e-01 1.0742759218e-05
1272 2.1562738322e-01 1.1245144353e-05
1273 2.1551241174e-01 1.0224916758e-05
1274 2.1538787371e-01 1.2427613791e-05
1275 2.1529992680e-01 1.3317089895e-05
1276 2.1517666671e-01 1.4658750223e-05
1277 2.1507476865e-01 2.7009247420e-05
1278 2.1497297661e-01 1.5573182775e-05
1279 2.1485682081e-01 1.6761613702e-05
1280 2.1475718716e-01 1.5941246359e-05
1281 2.1465173368e-01 1.3151648789e-05
1282 2.1455572893e-01 1.2961162445e-05
1283 2.1444896777e-01 1.6143576685e-05
1284 2.1433289839e-01 1.2289599644e-05
1285 2.1420090818e-01 1.0419784833e-05
1286 2.1406518938e-01 9.3329589210e-06
1287 2.1392131616e-01 1.0411666387e-05
1288 2.1381083485e-01 1.3065435241e-05
1289 2.1369706228e-01 9.3248497274e-06
1290 2.1356257066e-01 1.2860129944e-05
1291 2.1347599968e-01 1.6569303441e-05
1292 2.1335366164e-01 1.7735687818e-05
1293 2.1326392970e-01 2.1679434862e-05
1294 2.1314600608e-01 1.2582176593e-05
1295 2.1303392329e-01 1.2442858432e-05
1296 2.1291421379e-01 1.0869127693e-05
1297 2.1278851891e-01 9.8784703760e-06
1298 2.1265095858e-01 9.0048282427e-06
1299 2.1248295195e-01 1.0148662032e-05
1300 2.1233347082e-01 1.4807656526e-05
1301 2.1219532031e-01 1.6785251748e-05
1302 2.1206197100e-01 2.3854467368e-05
1303 2.1195165017e-01 2.2746736402e-05
1304 2.1182675486e-01 1.6151427232e-05
1305 2.1169138871e-01 1.3632498323e-05
1306 2.1156039534e-01 1.3536773304e-05
1307 2.1141444182e-01 1.0976355117e-05
1308 2.1127584634e-01 1.3136651337e-05
1309 2.1116919521e-01 1.3304047606e-05
1310 2.1103086324e-01 1.1073904804e-05
1311 2.1088278489e-01 1.1509165406e-05
1312 2.1071963704e-01 1.1645588223e-05
1313 2.1055051352e-01 1.3572496544e-05
1314 2.1039865486e-01 1.4739662241e-05
1315 2.1023747673e-01 1.3674775595e-05
1316 2.1010980633e-01 1.1628205003e-05
1317 2.0996944648e-01 1.1675740369e-05
1318 2.0985011460e-01 1.4980372733e-05
1319 2.0972112319e-01 1.0357360250e-05
1320 2.0959197520e-01 1.1724384004e-05
1321 2.0950408218e-01 1.3447652444e-05
1322 2.0940239610e-01 1.1128950122e-05
1323 2.0929709310e-01 1.2102748956e-05
1324 2.0918235708e-01 1.1629471178e-05
1325 2.0906172379e-01 1.4090708797e-05
1326 2.0894166115e-01 2.0243804948e-05
1327 2.0884044595e-01 2.5986418683e-05
1328 2.0872915103e-01 1.9311529170e-05
1329 2.0862573791e-01 1.5599223717e-05
1330 2.0851040182e-01 1.1113090693e-05
1331 2.0839707986e-01 1.3310188497e-05
1332 2.0828866529e-01 1.2267804436e-05
1333 2.0817918926e-01 1.2114345631e-05
1334 2.0806123698e-01 1.0303785615e-05
1335 2.0793216779e-01 1.2815519226e-05
1336 2.0783257848e-01 2.1701332738e-05
1337 2.0775218118e-01 2.2208003730e-05
1338 2.0766455328e-01 2.0819453080e-05
1339 2.0757221913e-01 1.2763629440e-05
1340 2.0747497037e-01 1.1594600412e-05
1341 2.0738579669e-01 1.1716676742e-05
1342 2.0727932791e-01 1.1535605779e-05
1343 2.0717762903e-01 1.0695370527e-05
1344 2.0707153016e-01 1.0002939349e-05
1345 2.0697433263e-01 1.1368838822e-05
1346 2.0688888302e-01 1.4066323036e-05
1347 2.0682176623e-01 1.9819955211e-05
1348 2.0675857675e-01 1.4633387476e-05
1349 2.0668336681e-01 1.6063284810e-05
1350 2.0662315901e-01 1.8483020568e-05
1351 2.0656171234e-01 1.7088734399e-05
1352 2.0650381246e-01 1.4354435550e-05
1353 2.0643511061e-01 1.0802047150e-05
1354 2.0636820315e-01 1.0049752037e-05
1355 2.0630079967e-01 1.0451075820e-05
1356 2.0623564865e-01 1.3133616894e-05
1357 2.0618615730e-01 1.2250864241e-05
1358 2.0611766809e-01 1.2325055002e-05
1359 2.0605636050e-01 1.9943512843e-05
1360 2.0599389745e-01 1.8431257741e-05
1361 2.0593723893e-01 2.2232843244e-05
1362 2.0587712086e-01 1.8393226025e-05
1363 2.0581313338e-01 1.6404652837e-05
1364 2.0574552619e-01 1.3739785906e-05
1365 2.0568088396e-01 1.6562083856e-05
1366 2.0560614859e-01 1.1881508403e-05
1367 2.0551158633e-01 1.1749411346e-05
1368 2.0541498374e-01 1.1820978474e-05
1369 2.0530558794e-01 1.3287630720e-05
1370 2.0519259828e-01 1.5547503074e-05
1371 2.0507522218e-01 1.4568524756e-05
1372 2.0495802747e-01 1.4584740930e-05
1373 2.0482734729e-01 1.5513452201e-05
1374 2.0469206170e-01 1.7332548294e-05
1375 2.0454018996e-01 1.4217576173e-05
1376 2.0436975241e-01 1.6884033029e-05
1377 2.0422560745e-01 1.5752951564e-05
1378 2.0404705425e-01 1.2233882992e-05
1379 2.0386990591e-01 1.1894861493e-05
1380 2.0370631007e-01 1.4114159155e-05
1381 2.0356028954e-01 1.6895251093e-05
1382 2.0341638290e-01 2.6322414462e-05
1383 2.0330100933e-01 3.6097746636e-05
1384 2.0316049601e-01 1.5898575641e-05
1385 2.0298546829e-01 1.2392352306e-05
1386 2.0281784619e-01 1.5485233734e-05
1387 2.0267292748e-01 1.5685388509e-05
1388 2.0251344641e-01 1.5340508679e-05
1389 2.0237958647e-01 1.7846231335e-05
1390 2.0221442247e-01 1.4119224445e-05
1391 2.0203614665e-01 1.3822382999e-05
1392 2.0187608674e-01 1.7490917307e-05
1393 2.0171470234e-01 1.3579274974e-05
1394 2.0153474629e-01 1.2667077226e-05
1395 2.0137359404e-01 2.2452146867e-05
1396 2.0126148954e-01 2.8065755300e-05
1397 2.0114192155e-01 2.3515232241e-05
1398 2.0102903360e-01 2.0852886424e-05
1399 2.0090501111e-01 1.4334070893e-05
1400 2.0078565654e-01 1.4601633104e-05
1401 2.0068637761e-01 1.4912287535e-05
1402 2.0057827119e-01 1.2399923047e-05
1403 2.0047026115e-01 1.1212984424e-05
1404 2.0035580233e-01 1.0809420769e-05
1405 2.0024904536e-01 1.1321200444e-05
1406 2.0014854447e-01 1.1533079542e-05
1407 2.0003191889e-01 1.3484986569e-05
1408 1.9994253386e-01 2.1188079346e-05
1409 1.9984585997e-01 2.0563347591e-05
1410 1.9976256058e-01 2.3065053674e-05
1411 1.9966981252e-01 1.5724368746e-05
1412 1.9958749748e-01 1.3248491321e-05
1413 1.9950143022e-01 1.1580132725e-05
1414 1.9941747555e-01 1.5187283511e-05
1415 1.9934735978e-01 1.0737399574e-05
1416 1.9925638834e-01 8.6279343660e-06
1417 1.9917268442e-01 8.5482149223e-06
1418 1.9909353434e-01 1.2490634257e-05
1419 1.9902446490e-01 2.5048454262e-05
1420 1.9896710649e-01 1.7957767093e-05
1421 1.9889279874e-01 1.7999680872e-05
1422 1.9882610664e-01 1.2459905389e-05
1423 1.9873525433e-01 1.0442514261e-05
1424 1.9864998709e-01 1.5166649937e-05
1425 1.9856524404e-01 1.4340684154e-05
1426 1.9846855798e-01 1.2862389181e-05
1427 1.9837346970e-01 1.2993701600e-05
1428 1.9828591410e-01 1.5094137459e-05
1429 1.9817151665e-01 1.1908645185e-05
1430 1.9804574082e-01 1.3264709935e-05
1431 1.9793155762e-01 1.2359045082e-05
1432 1.9781487460e-01 1.2159437143e-05
1433 1.9768825907e-01 1.1935433507e-05
1434 1.9754310079e-01 1.4287243255e-05
1435 1.9742092225e-01 1.1235432632e-05
1436 1.9727817871e-01 1.1334182697e-05
1437 1.9715834637e-01 1.4915228464e-05
1438 1.9701804549e-01 1.1476792411e-05
1439 1.9683025291e-01 1.2196488172e-05
1440 1.9666302839e-01 2.0712797884e-05
1441 1.9652187640e-01 1.6766067065e-05
1442 1.9636348418e-01 1.8518623840e-05
1443 1.9621112022e-01 1.8653110607e-05
1444 1.9602150726e-01 1.7647112217e-05
1445 1.9580493221e-01 2.2219438044e-05
1446 1.9562422501e-01 4.6365389033e-05
1447 1.9544891064e-01 2.3565280742e-05
1448 1.9520981296e-01 1.9605604808e-05
1449 1.9499348445e-01 2.1186842449e-05
1450 1.9479429812e-01 1.9104890759e-05
1451 1.9456299740e-01 1.4801736562e-05
1452 1.9429461908e-01 1.6757204436e-05
1453 1.9402885634e-01 2.4422924528e-05
1454 1.9381851145e-01 2.4586416581e-05
1455 1.9351240566e-01 2.0307788372e-05
1456 1.9324570044e-01 4.4899225422e-05
1457 1.9298539682e-01 3.5615743941e-05
1458 1.9270033404e-01 4.2429822504e-05
1459 1.9240601511e-01 2.4539722138e-05
1460 1.9203710884e-01 2.8171753781e-05
1461 1.9173461384e-01 3.2062466319e-05
1462 1.9135828623e-01 2.0678995147e-05
1463 1.9097920669e-01 2.9833572298e-05
1464 1.9065762326e-01 2.6913890920e-05
1465 1.9025159872e-01 3.0128324593e-05
1466 1.8996114089e-01 5.8785774511e-05
1467 1.8966100350e-01 3.1474280470e-05
1468 1.8932162112e-01 2.9376488724e-05
1469 1.8899874360e-01 2.7492950678e-05
1470 1.8866131111e-01 2.2483319276e-05
1471 1.8829014421e-01 2.2938661484e-05
1472 1.8798144772e-01 3.0228839925e-05
1473 1.8759868019e-01 2.0743113998e-05
1474 1.8715835458e-01 3.3171313201e-05
1475 1.8673616626e-01 2.6112507237e-05
1476 1.8616050231e-01 2.5905229056e-05
1477 1.8569882437e-01 5.3772306598e-05
1478 1.8529409164e-01 5.2054558668e-05
1479 1.8484747500e-01 4.0061105503e-05
1480 1.8433738031e-01 3.4665355137e-05
1481 1.8386511550e-01 2.7949846711e-05
1482 1.8327319118e-01 2.5696043970e-05
1483 1.8279350007e-01 3.6158003963e-05
1484 1.8232932683e-01 2.4841135210e-05
1485 1.8167171098e-01 2.5444252480e-05
1486 1.8111429299e-01 2.6841040961e-05
1487 1.8058377438e-01 2.6673096263e-05
1488 1.8011821457e-01 3.0279615837e-05
1489 1.7957972171e-01 2.1413705115e-05
1490 1.7897640161e-01 2.5275723007e-05
1491 1.7849006472e-01 3.0303517931e-05
1492 1.7799345548e-01 2.7188368358e-05
1493 1.7748148715e-01 2.1938409891e-05
1494 1.7693789420e-01 1.9556072532e-05
1495 1.7641173559e-01 2.5390183768e-05
1496 1.7605494128e-01 2.5752432147e-05
1497 1.7555782781e-01 2.0900382422e-05
1498 1.7505438212e-01 2.2302768264e-05
1499 1.7460285046e-01 3.0002169787e-05
1500 1.7420252664e-01 4.4082973141e-05
1501 1.7385010588e-01 3.6409856010e-05
1502 1.7341798506e-01 3.2841985280e-05
1503 1.7299638032e-01 3.9191252954e-05
1504 1.7266966970e-01 4.0074833046e-05
1505 1.7232654834e-01 2.7026542034e-05
1506 1.7200187863e-01 2.5113129740e-05
1507 1.7167185476e-01 2.0058811171e-05
1508 1.7127749765e-01 2.0871775719e-05
1509 1.7092179473e-01 2.3762854659e-05
1510 1.7060494100e-01 2.3488094875e-05
1511 1.7024401588e-01 2.3959772312e-05
1512 1.6989588850e-01 2.8926279121e-05
1513 1.6949561650e-01 2.6526559606e-05
1514 1.6911162842e-01 3.7168531793e-05
1515 1.6880340508e-01 5.1228376724e-05
1516 1.6849927336e-01 3.7242989517e-05
1517 1.6815487110e-01 2.9566794604e-05
1518 1.6785534972e-01 2.5890226878e-05
1519 1.6749361881e-01 2.0008485686e-05
1520 1.6711891280e-01 2.0894650023e-05
1521 1.6684374059e-01 2.5868274841e-05
1522 1.6658460185e-01 2.5544264091e-05
1523 1.6633876340e-01 4.2514363138e-05
1524 1.6611595200e-01 2.9453404115e-05
1525 1.6583561661e-01 2.7095195974e-05
1526 1.6555839815e-01 3.4662938300e-05
1527 1.6531556299e-01 3.0874895649e-05
1528 1.6502479403e-01 2.9495897670e-05
1529 1.6471753686e-01 2.0207194817e-05
1530 1.6433595560e-01 1.7673281032e-05
1531 1.6401642626e-01 2.5333806158e-05
1532 1.6377563806e-01 2.1937884870e-05
1533 1.6347226848e-01 2.2924769650e-05
1534 1.6321109701e-01 2.5978580836e-05
1535 1.6286302464e-01 2.8843872300e-05
1536 1.6257528096e-01 5.4837199509e-05
1537 1.6230620579e-01 4.0331150900e-05
1538 1.6198691731e-01 3.8329452332e-05
1539 1.6166217583e-01 3.3306237871e-05
1540 1.6125559598e-01 2.8374676374e-05
1541 1.6081990914e-01 2.4493124120e-05
1542 1.6036333625e-01 3.2496318836e-05
1543 1.5996320689e-01 3.3549059719e-05
1544 1.5949751415e-01 2.4177976673e-05
1545 1.5901471520e-01 2.8862960260e-05
1546 1.5856718879e-01 2.8442285610e-05
1547 1.5814015142e-01 2.3804356310e-05
1548 1.5768287810e-01 2.7314101582e-05
1549 1.5723780052e-01 3.0084459671e-05
1550 1.5672234166e-01 2.7654290940e-05
1551 1.5616117064e-01 2.9977221992e-05
1552 1.5565990537e-01 3.1309419539e-05
1553 1.5510491517e-01 3.2887974778e-05
1554 1.5469336556e-01 3.7063719118e-05
1555 1.5408762866e-01 2.6901822775e-05
1556 1.5338706293e-01 5.2377429883e-05
1557 1.5286257625e-01 5.4469234222e-05
1558 1.5211758617e-01 3.4623361083e-05
1559 1.5142983511e-01 7.8463407856e-05
1560 1.5091732595e-01 6.1377638692e-05
1561 1.5022926716e-01 4.1093914874e-05
1562 1.4948969066e-01 3.1993526605e-05
1563 1.4867371928e-01 3.1347551927e-05
1564 1.4792986276e-01 3.9331882874e-05
1565 1.4727943956e-01 3.6802207242e-05
1566 1.4660121879e-01 3.4167526739e-05
1567 1.4594433326e-01 3.8192480887e-05
1568 1.4524006519e-01 2.8524553139e-05
1569 1.4441728888e-01 2.9552361813e-05
1570 1.4376648998e-01 3.7574637648e-05
1571 1.4308595425e-01 3.0453014328e-05
1572 1.4231821027e-01 3.9636705203e-05
1573 1.4170490343e-01 6.3705460484e-05
1574 1.4111427234e-01 6.0961381558e-05
1575 1.4050847606e-01 4.4163062419e-05
1576 1.3991070034e-01 4.0393165391e-05
1577 1.3930131685e-01 2.8608520140e-05
1578 1.3858782823e-01 3.7000365514e-05
1579 1.3802302834e-01 3.5721097497e-05
1580 1.3728636555e-01 4.8652315741e-05
1581 1.3677128224e-01 6.2374117424e-05
1582 1.3608808467e-01 4.1810489593e-05
1583 1.3543067681e-01 5.8205031422e-05
1584 1.3483545711e-01 4.4023046308e-05
1585 1.3429740654e-01 4.7548081647e-05
1586 1.3372781007e-01 3.0744514960e-05
1587 1.3321543116e-01 3.2690702714e-05
1588 1.3275593491e-01 2.7611289851e-05
1589 1.3226558539e-01 2.7290639009e-05
1590 1.3186456640e-01 2.3975782844e-05
1591 1.3141887358e-01 2.2187755582e-05
1592 1.3096992269e-01 3.4188906585e-05
1593 1.3062639806e-01 6.7503044726e-05
1594 1.3031064074e-01 3.9855900587e-05
1595 1.2986428272e-01 2.5012060566e-05
1596 1.2947608269e-01 2.8747527211e-05
1597 1.2911667818e-01 2.3076203737e-05
1598 1.2875971496e-01 2.6251904371e-05
1599 1.2844172854e-01 2.3961219614e-05
1600 1.2808818767e-01 2.5115396393e-05
1601 1.2776650550e-01 2.4743380514e-05
1602 1.2738839013e-01 2.1443636789e-05
1603 1.2707595965e-01 2.8438986211e-05
1604 1.2677317384e-01 2.1874013854e-05
1605 1.2638637946e-01 2.1370897307e-05
1606 1.2609617893e-01 2.6582258563e-05
1607 1.2583545000e-01 2.5408982481e-05
1608 1.2560211620e-01 2.3635797266e-05
1609 1.2534788020e-01 2.2689140588e-05
1610 1.2509656490e-01 2.2312417108e-05
1611 1.2484573270e-01 1.9391648349e-05
1612 1.2458799233e-01 2.0273910791e-05
1613 1.2434716147e-01 2.3841852712e-05
1614 1.2414656160e-01 2.0430878242e-05
1615 1.2389768700e-01 2.0258082021e-05
1616 1.2368525137e-01 3.0597839648e-05
1617 1.2345687581e-01 3.1603090869e-05
1618 1.2319513647e-01 4.6161989041e-05
1619 1.2298944348e-01 3.9035700622e-05
1620 1.2267928185e-01 2.6225546127e-05
1621 1.2236470947e-01 2.2701528291e-05
1622 1.2203195644e-01 2.3583164521e-05
1623 1.2174667503e-01 2.6776341697e-05
1624 1.2145711224e-01 2.3169462636e-05
1625 1.2115474783e-01 2.2776990232e-05
1626 1.2085866306e-01 1.9171506298e-05
1627 1.2054089691e-01 2.1583498259e-05
1628 1.2025116537e-01 2.7553468023e-05
1629 1.1999497176e-01 3.4436046986e-05
1630 1.1973521033e-01 4.4234400112e-05
1631 1.1951939730e-01 4.5745556199e-05
1632 1.1925628222e-01 2.9579567011e-05
1633 1.1898892859e-01 3.2628793699e-05
1634 1.1874980895e-01 2.6897301247e-05
1635 1.1842923605e-01 3.3811631194e-05
1636 1.1820015639e-01 5.4901696518e-05
1637 1.1791685611e-01 3.0507541477e-05
1638 1.1764650732e-01 3.5122402255e-05
1639 1.1734765273e-01 2.4734270381e-05
1640 1.1706483690e-01 3.2225577516e-05
1641 1.1681825106e-01 2.4138895759e-05
1642 1.1653270815e-01 3.4253358478e-05
1643 1.1627596988e-01 2.7941135626e-05
1644 1.1594836996e-01 2.7680030764e-05
1645 1.1567157997e-01 3.0670295159e-05
1646 1.1539333460e-01 2.2365805867e-05
1647 1.1508300947e-01 2.1204629918e-05
1648 1.1485804001e-01 2.8652002693e-05
1649 1.1458580315e-01 2.1337374490e-05
1650 1.1432022399e-01 2.1456077450e-05
1651 1.1404803717e-01 2.6864178900e-05
1652 1.1379725665e-01 4.9360921855e-05
1653 1.1359221302e-01 3.6368673361e-05
1654 1.1332217308e-01 2.7158672135e-05
1655 1.1307807994e-01 2.7694395850e-05
1656 1.1283062240e-01 2.0362199928e-05
1657 1.1252505808e-01 1.7871937798e-05
1658 1.1220316471e-01 1.8217981131e-05
1659 1.1188020439e-01 2.4502301095e-05
1660 1.1158860580e-01 2.6097894771e-05
1661 1.1129838878e-01 2.5322822117e-05
1662 1.1099378741e-01 2.5124758952e-05
1663 1.1069024280e-01 2.3461085095e-05
1664 1.1038889374e-01 2.4193797418e-05
1665 1.1001152616e-01 2.2276164027e-05
1666 1.0960180992e-01 1.9680599859e-05
1667 1.0922095644e-01 2.0567029678e-05
1668 1.0892565999e-01 1.9875490770e-05
1669 1.0855853923e-01 2.0974951290e-05
1670 1.0822712843e-01 2.1031030698e-05
1671 1.0783890440e-01 1.8648976920e-05
1672 1.0747256673e-01 2.8362210200e-05
1673 1.0720913037e-01 3.2113140554e-05
1674 1.0693915482e-01 4.7363339704e-05
1675 1.0674836889e-01 3.7524720354e-05
1676 1.0646285366e-01 2.0483619288e-05
1677 1.0619118311e-01 2.6228629195e-05
1678 1.0593136540e-01 2.3860045798e-05
1679 1.0562786219e-01 2.3093117544e-05
1680 1.0534144103e-01 1.9359548498e-05
1681 1.0501471034e-01 1.8578590331e-05
1682 1.0470702265e-01 2.7281844869e-05
1683 1.0443051995e-01 2.8903706291e-05
1684 1.0412988009e-01 2.3940942552e-05
1685 1.0384320053e-01 2.1143489417e-05
1686 1.0358960619e-01 2.5438617961e-05
1687 1.0333883052e-01 2.9374759265e-05
1688 1.0311243324e-01 3.2140987403e-05
1689 1.0289508213e-01 2.8694800312e-05
1690 1.0267650952e-01 3.0838203834e-05
1691 1.0246068284e-01 2.9837020282e-05
1692 1.0225795565e-01 2.8091528990e-05
1693 1.0205568656e-01 2.5638528212e-05
1694 1.0185438058e-01 2.2313647573e-05
1695 1.0163552572e-01 2.1508627285e-05
1696 1.0142526068e-01 3.1861775717e-05
1697 1.0125898616e-01 4.4921641261e-05
1698 1.0107188525e-01 2.6786257730e-05
1699 1.0085457499e-01 1.9044095576e-05
1700 1.0061744907e-01 1.6076168358e-05
1701 1.0038001054e-01 1.5396370393e-05
1702 1.0014495822e-01 1.9031237493e-05
1703 9.9937672060e-02 2.3316156520e-05
1704 9.9740110513e-02 1.8838318700e-05
1705 9.9507541459e-02 1.7667178058e-05
1706 9.9304651622e-02 2.8791683745e-05
1707 9.9147182131e-02 3.4706918123e-05
1708 9.8990027908e-02 3.2654005111e-05
1709 9.8815065747e-02 1.8770247257e-05
1710 9.8611017433e-02 1.7267799612e-05
1711 9.8422160344e-02 2.0278412411e-05
1712 9.8256969747e-02 1.5568733747e-05
1713 9.8054623278e-02 1.8448382451e-05
1714 9.7888264069e-02 2.1833986464e-05
1715 9.7680621852e-02 1.6290597794e-05
1716 9.7482776620e-02 1.9568758367e-05
1717 9.7302392110e-02 1.7761278965e-05
1718 9.7081677428e-02 2.1052429165e-05
1719 9.6894689510e-02 1.9013819768e-05
1720 9.6633449912e-02 2.1454926628e-05
1721 9.6419290422e-02 2.0571956411e-05
1722 9.6117917927e-02 1.6514962028e-05
1723 9.5839052561e-02 2.3756694553e-05
1724 9.5598598896e-02 2.8508397713e-05
1725 9.5329864156e-02 2.1331238140e-05
1726 9.5045596427e-02 2.2184097974e-05
1727 9.4812860820e-02 2.9165098493e-05
1728 9.4527051904e-02 2.2410129270e-05
1729 9.4224601003e-02 3.0205852889e-05
1730 9.3979926615e-02 3.2390190621e-05
1731 9.3763124292e-02 4.4173580807e-05
1732 9.3542349680e-02 2.5065794578e-05
1733 9.3315552057e-02 2.4943238184e-05
1734 9.3124290959e-02 2.1365066270e-05
1735 9.2911859806e-02 1.8211270944e-05
1736 9.2721115358e-02 1.9701296482e-05
1737 9.2547499039e-02 2.0402202729e-05
1738 9.2355968344e-02 1.9285465586e-05
1739 9.2180695553e-02 2.0232729569e-05
1740 9.2015090241e-02 1.9529923984e-05
1741 9.1806734619e-02 1.9114657202e-05
1742 9.1575748952e-02 1.9879751048e-05
1743 9.1353473644e-02 2.2658844585e-05
1744 9.1115581617e-02 1.7001046052e-05
1745 9.0854548111e-02 1.6110968611e-05
1746 9.0610738525e-02 2.3185727428e-05
1747 9.0431130972e-02 4.1056260334e-05
1748 9.0271958720e-02 3.5475779417e-05
1749 9.0104100145e-02 2.3057846537e-05
1750 8.9918927135e-02 1.8693061453e-05
1751 8.9746120528e-02 1.9188279822e-05
1752 8.9578314112e-02 1.8142816715e-05
1753 8.9401433261e-02 1.7470203577e-05
1754 8.9235580702e-02 2.0356484884e-05
1755 8.9043539352e-02 1.9922134281e-05
1756 8.8863567838e-02 3.6008735353e-05
1757 8.8708510329e-02 2.8944211156e-05
1758 8.8530632898e-02 3.2144845913e-05
1759 8.8368109385e-02 1.8546051688e-05
1760 8.8137299299e-02 1.3692861557e-05
1761 8.7909775896e-02 1.6255967076e-05
1762 8.7705600708e-02 1.9193682403e-05
1763 8.7492058112e-02 1.8225389944e-05
1764 8.7273006386e-02 2.1489960210e-05
1765 8.7075109488e-02 2.0368967210e-05
1766 8.6872578015e-02 1.8854385759e-05
1767 8.6687445886e-02 2.4816954158e-05
1768 8.6513939082e-02 2.7105039307e-05
1769 8.6320979283e-02 3.6125226146e-05
1770 8.6180894367e-02 2.9309012136e-05
1771 8.5999798006e-02 1.6599263189e-05
1772 8.5845602617e-02 1.9925153476e-05
1773 8.5707890753e-02 1.3651316971e-05
1774 8.5535914286e-02 1.3545324271e-05
1775 8.5408950463e-02 1.9392601298e-05
1776 8.5276243205e-02 1.4701391634e-05
1777 8.5111789793e-02 1.2591412159e-05
1778 8.4935066742e-02 1.4375881790e-05
1779 8.4777645331e-02 1.6051873330e-05
1780 8.4593539585e-02 1.3176242457e-05
1781 8.4410173195e-02 1.6533499839e-05
1782 8.4241098411e-02 1.5135125041e-05
1783 8.4036300471e-02 1.4164279710e-05
1784 8.3819274354e-02 1.5110421124e-05
1785 8.3629109260e-02 3.1672850288e-05
1786 8.3502267852e-02 3.5240039733e-05
1787 8.3350852202e-02 2.4152206074e-05
1788 8.3196221937e-02 1.6326841423e-05
1789 8.3035916771e-02 1.5639973291e-05
1790 8.2896038459e-02 1.5342222926e-05
1791 8.2733685176e-02 1.3508950357e-05
1792 8.2589162810e-02 1.6219696279e-05
1793 8.2462597793e-02 1.4677050135e-05
1794 8.2332433853e-02 1.4546839479e-05
1795 8.2204454988e-02 1.4451137809e-05
1796 8.2079635619e-02 1.6841385959e-05
1797 8.1955301247e-02 1.5150020717e-05
1798 8.1835314537e-02 1.7952250227e-05
1799 8.1714084093e-02 1.3596263788e-05
1800 8.1574591997e-02 1.4798486839e-05
1801 8.1446693101e-02 2.1272715577e-05
1802 8.1339367901e-02 2.4571327721e-05
1803 8.1214150700e-02 2.5165009607e-05
1804 8.1117572455e-02 2.6189914326e-05
1805 8.1005583750e-02 1.2825117496e-05
1806 8.0888111198e-02 1.5833610545e-05
1807 8.0797506438e-02 1.4550929033e-05
1808 8.0677407174e-02 1.2620261757e-05
1809 8.0570206164e-02 1.6258115176e-05
1810 8.0478165002e-02 1.5510509285e-05
1811 8.0384153772e-02 1.4698367359e-05
1812 8.0296867095e-02 1.6700778444e-05
1813 8.0202302806e-02 1.2807338752e-05
1814 8.0095385075e-02 2.1594167645e-05
1815 8.0020116189e-02 3.3781957010e-05
1816 7.9927589927e-02 1.6207586240e-05
1817 7.9800828509e-02 1.0913405291e-05
1818 7.9679853353e-02 1.2576923970e-05
1819 7.9581725852e-02 1.3277469960e-05
1820 7.9482124974e-02 1.2774711521e-05
1821 7.9389228947e-02 1.4511181072e-05
1822 7.9309726076e-02 1.3935317890e-05
1823 7.9205809101e-02 1.0445656942e-05
1824 7.9099745032e-02 1.1118964210e-05
1825 7.8969084313e-02 1.4236717819e-05
1826 7.8848422984e-02 2.0824417764e-05
1827 7.8726177079e-02 1.5440209031e-05
1828 7.8553304018e-02 1.3302269116e-05
1829 7.8378166955e-02 1.6250052226e-05
1830 7.8212251556e-02 1.9779223042e-05
1831 7.8067585482e-02 3.6053587340e-05
1832 7.7929007828e-02 2.7703020368e-05
1833 7.7774793899e-02 2.7019437408e-05
1834 7.7636286462e-02 1.8491317369e-05
1835 7.7491719438e-02 1.9226321200e-05
1836 7.7355999782e-02 1.8337617358e-05
1837 7.7207105018e-02 1.6183008735e-05
1838 7.7045016998e-02 1.3815248868e-05
1839 7.6876323863e-02 1.9639514458e-05
1840 7.6739790954e-02 2.4287108286e-05
1841 7.6579198537e-02 2.7806279577e-05
1842 7.6451656969e-02 3.8771710677e-05
1843 7.6298636955e-02 2.4072985884e-05
1844 7.6136001613e-02 2.1563684447e-05
1845 7.5959592277e-02 2.1786007326e-05
1846 7.5791182886e-02 2.1453404248e-05
1847 7.5634955685e-02 1.4791778597e-05
1848 7.5467946750e-02 1.5536139969e-05
1849 7.5333731827e-02 1.8349005490e-05
1850 7.5191868899e-02 1.5163983316e-05
1851 7.5021202339e-02 1.5347244255e-05
1852 7.4876851570e-02 2.0978585577e-05
1853 7.4745229824e-02 1.5788698150e-05
1854 7.4597745860e-02 2.0508406110e-05
1855 7.4484693549e-02 1.6233047624e-05
1856 7.4311315328e-02 1.2920438983e-05
1857 7.4150455836e-02 2.1562100250e-05
1858 7.4022397241e-02 3.8243325236e-05
1859 7.3906118059e-02 2.7655977912e-05
1860 7.3758107819e-02 1.9873497531e-05
1861 7.3603041531e-02 2.1167159089e-05
1862 7.3448390669e-02 1.6317453050e-05
1863 7.3278757200e-02 1.8670710408e-05
1864 7.3141485889e-02 1.8044266282e-05
1865 7.2973582397e-02 1.5586174454e-05
1866 7.2828204232e-02 2.2044109965e-05
1867 7.2683564323e-02 1.6048492632e-05
1868 7.2551703633e-02 2.2617630106e-05
1869 7.2448027981e-02 2.4763893197e-05
1870 7.2343620722e-02 2.7820444440e-05
1871 7.2254224752e-02 2.1021653660e-05
1872 7.2155751981e-02 1.4642585088e-05
1873 7.2054849445e-02 1.2224336275e-05
1874 7.1960279405e-02 1.2135630935e-05
1875 7.1880619321e-02 1.1305632040e-05
1876 7.1811029277e-02 1.3086859651e-05
1877 7.1753634534e-02 1.2949391305e-05
1878 7.1693471704e-02 1.0893009556e-05
1879 7.1620356107e-02 1.0108687324e-05
1880 7.1546749106e-02 1.0756715515e-05
1881 7.1481290673e-02 1.2416603710e-05
1882 7.1411367346e-02 1.0154456013e-05
1883 7.1342548398e-02 1.2503771565e-05
1884 7.1282533806e-02 1.0306829947e-05
1885 7.1219021943e-02 1.3150883890e-05
1886 7.1160263086e-02 1.1078485456e-05
1887 7.1093168894e-02 1.1491904104e-05
1888 7.1035419639e-02 1.0849418653e-05
1889 7.0969449129e-02 1.0774223633e-05
1890 7.0907150937e-02 1.2025274787e-05
1891 7.0854340953e-02 1.1360935883e-05
1892 7.0788509814e-02 1.0309144189e-05
1893 7.0731867692e-02 1.3355554521e-05
1894 7.0682118285e-02 1.3048756527e-05
1895 7.0628049362e-02 2.0040796908e-05
1896 7.0577177095e-02 2.1979784203e-05
1897 7.0520696708e-02 2.2915028565e-05
1898 7.0466222069e-02 1.5065294500e-05
1899 7.0397654336e-02 1.3196085648e-05
1900 7.0336093318e-02 1.4342258109e-05
1901 7.0276247613e-02 2.3380530717e-05
1902 7.0226879109e-02 1.7122430924e-05
1903 7.0154181669e-02 1.0314416235e-05
1904 7.0087446008e-02 1.1238276093e-05
1905 7.0026497340e-02 1.3306445668e-05
1906 6.9972400624e-02 1.2081756982e-05
1907 6.9918086201e-02 1.1301772835e-05
1908 6.9862263703e-02 1.3688608857e-05
1909 6.9805660221e-02 1.2069736864e-05
1910 6.9748943692e-02 9.7967729345e-06
1911 6.9688774789e-02 9.4917986631e-06
1912 6.9631158794e-02 1.4062798162e-05
1913 6.9579844306e-02 1.5841189646e-05
1914 6.9523818771e-02 1.3480993106e-05
1915 6.9463796775e-02 9.3973031795e-06
1916 6.9401474573e-02 1.3171326936e-05
1917 6.9359149890e-02 2.1317172981e-05
1918 6.9309314781e-02 1.4275500878e-05
1919 6.9262419236e-02 1.6263159924e-05
1920 6.9220070294e-02 1.0238877163e-05
1921 6.9163688802e-02 8.6900537980e-06
1922 6.9099241617e-02 9.1054183988e-06
1923 6.9041424671e-02 1.0990977010e-05
1924 6.8990521356e-02 1.1683257950e-05
1925 6.8940646527e-02 9.9227364820e-06
1926 6.8895499946e-02 1.0529003815e-05
1927 6.8849812691e-02 1.3279026669e-05
1928 6.8814775868e-02 1.8533754995e-05
1929 6.8780658982e-02 1.6211630249e-05
1930 6.8749804342e-02 1.2567661116e-05
1931 6.8713564207e-02 8.4467552572e-06
1932 6.8680464258e-02 8.7014418776e-06
1933 6.8653671846e-02 8.7679192255e-06
1934 6.8626835933e-02 8.7583350617e-06
1935 6.8599145651e-02 7.1467775169e-06
1936 6.8568557325e-02 6.7292349357e-06
1937 6.8546262943e-02 9.1781033284e-06
1938 6.8526264274e-02 7.1445251895e-06
1939 6.8502663883e-02 6.8086786031e-06
1940 6.8477944003e-02 7.4198335379e-06
1941 6.8454332592e-02 7.4903313860e-06
1942 6.8429405856e-02 6.4768233977e-06
1943 6.8405197828e-02 7.4620692982e-06
1944 6.8378047177e-02 7.5603006481e-06
1945 6.8349676328e-02 7.9863872179e-06
1946 6.8320615309e-02 6.3858239368e-06
1947 6.8290142352e-02 7.2047984806e-06
1948 6.8262506441e-02 8.3917368796e-06
1949 6.8235995237e-02 1.4190048633e-05
1950 6.8215208732e-02 1.2684082561e-05
1951 6.8190596952e-02 1.0317902892e-05
1952 6.8167712040e-02 9.2804862513e-06
1953 6.8144218178e-02 9.6264114058e-06
1954 6.8119664914e-02 8.1921327127e-06
1955 6.8088013919e-02 8.9019137949e-06
1956 6.8062185643e-02 8.6527478170e-06
1957 6.8030495689e-02 8.5263128721e-06
1958 6.8003252344e-02 8.3077227577e-06
1959 6.7970986307e-02 6.9456088209e-06
1960 6.7940478338e-02 1.2011989318e-05
1961 6.7920307055e-02 1.7794494655e-05
1962 6.7894482028e-02 9.5398048618e-06
1963 6.7865909547e-02 9.1255963186e-06
1964 6.7837706372e-02 9.0167546611e-06
1965 6.7810099543e-02 8.3379312572e-06
1966 6.7786202301e-02 8.9545615145e-06
1967 6.7757087987e-02 7.3655878064e-06
1968 6.7726259140e-02 1.1327533176e-05
1969 6.7699319992e-02 1.0826066071e-05
1970 6.7672811199e-02 8.0290195827e-06
1971 6.7645237437e-02 6.6734187526e-06
1972 6.7619523808e-02 1.0743174533e-05
1973 6.7600721381e-02 1.3157250012e-05
1974 6.7579407725e-02 9.5242592643e-06
1975 6.7558513292e-02 8.2072537083e-06
1976 6.7539027585e-02 7.5650974073e-06
1977 6.7516829071e-02 6.2638929366e-06
1978 6.7491857191e-02 6.0726344174e-06
1979 6.7466391456e-02 5.3804046838e-06
1980 6.7442217662e-02 5.7148715766e-06
1981 6.7420428636e-02 5.9228351815e-06
1982 6.7401428978e-02 7.1731431634e-06
1983 6.7384169433e-02 7.9966671206e-06
1984 6.7369572132e-02 1.0030690597e-05
1985 6.7352933959e-02 7.5049919253e-06
1986 6.7336145241e-02 1.0895509583e-05
1987 6.7320719183e-02 8.3942133044e-06
1988 6.7302335161e-02 8.5060393802e-06
1989 6.7284056842e-02 8.4236230712e-06
1990 6.7264424803e-02 5.5889598211e-06
1991 6.7244356350e-02 7.0408257177e-06
1992 6.7228164848e-02 6.7488530186e-06
1993 6.7207278093e-02 5.7685089377e-06
1994 6.7186735640e-02 8.6600790357e-06
1995 6.7169731808e-02 6.9986808237e-06
1996 6.7150553471e-02 5.5642713930e-06
1997 6.7133824804e-02 4.8182060822e-06
1998 6.7117852194e-02 4.6063067481e-06
1999 6.7105683374e-02 4.9867724814e-06
