iter rel_error rel_residual
0 1.0558620726e+00 4.2074714271e-01
1 1.1535585388e+00 2.2254666825e-01
2 1.0012185941e+00 1.8640840863e-01
3 9.4498820394e-01 1.4906672266e-01
4 9.3978379284e-01 1.1213979330e-01
5 9.1027032877e-01 8.6923869476e-02
6 8.8306788857e-01 6.5315764440e-02
7 8.7055412720e-01 4.1523976054e-02
8 8.6018029902e-01 2.6962669678e-02
9 8.5349216332e-01 1.6642615454e-02
10 8.4717786479e-01 1.3216849995e-02
11 8.3864477343e-01 1.1587659512e-02
12 8.3060616152e-01 1.2200828262e-02
13 8.2125849752e-01 1.1413969658e-02
14 8.0686377035e-01 1.2125793334e-02
15 7.9456785914e-01 1.1736948424e-02
16 7.8390169392e-01 1.1097401259e-02
17 7.7269230430e-01 1.0298422981e-02
18 7.6552813052e-01 9.0138275032e-03
19 7.5974238569e-01 7.8733135381e-03
20 7.5259699609e-01 6.5183941210e-03
21 7.4689503730e-01 5.7746977638e-03
22 7.4188688639e-01 5.9216416964e-03
23 7.3626535743e-01 5.7543982637e-03
24 7.3099164393e-01 6.3076776504e-03
25 7.2646323274e-01 5.2549435673e-03
26 7.2146911346e-01 5.4793373446e-03
27 7.1657903203e-01 5.6473561000e-03
28 7.1232996076e-01 4.6172671954e-03
29 7.0836520267e-01 4.5621952915e-03
30 7.0513058584e-01 3.9879565976e-03
31 7.0268004761e-01 3.2181508913e-03
32 7.0048010425e-01 3.1309341513e-03
33 6.9860638608e-01 3.2098845110e-03
34 6.9688925032e-01 2.8818773498e-03
35 6.9510125978e-01 2.5586765278e-03
36 6.9333802625e-01 2.6417602392e-03
37 6.9175570143e-01 2.4332649617e-03
38 6.9022422925e-01 2.3651541938e-03
39 6.8897839358e-01 2.3520614125e-03
40 6.8791051820e-01 1.9943760409e-03
41 6.8698792570e-01 1.9142671802e-03
42 6.8616142313e-01 1.8642247381e-03
43 6.8529687200e-01 2.1263700863e-03
44 6.8434351659e-01 2.2184854735e-03
45 6.8334107964e-01 2.1518192750e-03
46 6.8241023148e-01 1.9836112887e-03
47 6.8159478287e-01 1.8071588039e-03
48 6.8092070262e-01 1.7407410084e-03
49 6.8041713385e-01 1.4333706661e-03
50 6.7992138143e-01 1.3545158364e-03
51 6.7943363551e-01 1.3443407844e-03
52 6.7892584264e-01 1.1575490138e-03
53 6.7832736560e-01 1.3459410752e-03
54 6.7767432560e-01 1.2462320524e-03
55 6.7705560295e-01 1.2237821670e-03
56 6.7646454538e-01 1.1029211085e-03
57 6.7591395252e-01 1.1396565335e-03
58 6.7542396173e-01 1.1253331157e-03
59 6.7492267239e-01 9.8939282326e-04
60 6.7435870203e-01 1.1157714979e-03
61 6.7365585942e-01 1.0922147536e-03
62 6.7289122294e-01 1.0078930194e-03
63 6.7211729769e-01 1.0732309323e-03
64 6.7139014638e-01 9.4998074170e-04
65 6.7076607267e-01 8.8110041464e-04
66 6.7020450804e-01 8.3532463741e-04
67 6.6970796458e-01 7.8984111519e-04
68 6.6923782964e-01 8.3993180963e-04
69 6.6870406240e-01 8.0959404782e-04
70 6.6814869196e-01 8.1771482192e-04
71 6.6757500159e-01 7.0203593576e-04
72 6.6696692493e-01 7.0270337594e-04
73 6.6641540865e-01 7.3203340774e-04
74 6.6586844627e-01 6.7673786359e-04
75 6.6539838585e-01 7.1297561078e-04
76 6.6496254922e-01 6.8842035989e-04
77 6.6451526855e-01 6.7986569248e-04
78 6.6405100406e-01 6.7753992383e-04
79 6.6357369590e-01 6.4225711953e-04
80 6.6312230784e-01 6.1078820226e-04
81 6.6270428451e-01 5.9798871969e-04
82 6.6229939762e-01 6.1017049846e-04
83 6.6193750689e-01 6.1841600439e-04
84 6.6161195420e-01 6.0253532599e-04
85 6.6130383648e-01 5.7809367970e-04
86 6.6099811859e-01 5.6284830535e-04
87 6.6066235193e-01 5.2598822007e-04
88 6.6032207400e-01 5.4022879362e-04
89 6.5996099732e-01 5.3383663134e-04
90 6.5960697110e-01 4.9349331136e-04
91 6.5926703962e-01 5.1613598343e-04
92 6.5894810649e-01 4.9136115719e-04
93 6.5864183122e-01 5.1302225730e-04
94 6.5831184820e-01 5.2601833619e-04
95 6.5794132504e-01 5.2151691585e-04
96 6.5755626760e-01 5.4294936232e-04
97 6.5713112815e-01 5.2738066925e-04
98 6.5671894226e-01 5.2487811795e-04
99 6.5631682066e-01 5.1734446179e-04
100 6.5590614284e-01 5.1554120407e-04
101 6.5549648490e-01 5.2005069288e-04
102 6.5507135450e-01 5.2268363473e-04
103 6.5464393560e-01 5.0109480296e-04
104 6.5422262904e-01 4.8040496502e-04
105 6.5377995788e-01 4.6056127447e-04
106 6.5333981809e-01 4.5788581599e-04
107 6.5289707045e-01 4.6787639705e-04
108 6.5241977994e-01 4.8587773762e-04
109 6.5192042875e-01 5.3354851490e-04
110 6.5142425311e-01 4.9318075294e-04
111 6.5089576013e-01 5.0152592063e-04
112 6.5034901344e-01 5.1902935273e-04
113 6.4977158321e-01 4.9941568106e-04
114 6.4920272725e-01 4.7916972882e-04
115 6.4859278642e-01 4.7686797180e-04
116 6.4801545291e-01 5.2341673175e-04
117 6.4740649664e-01 5.3638905521e-04
118 6.4682343605e-01 5.9548822483e-04
119 6.4623606199e-01 6.3492720225e-04
120 6.4563290165e-01 6.2342182263e-04
121 6.4504049997e-01 5.3434548082e-04
122 6.4443648616e-01 5.2184133303e-04
123 6.4380361194e-01 4.7873136226e-04
124 6.4316156376e-01 4.8762600290e-04
125 6.4254452115e-01 5.0486872899e-04
126 6.4194902945e-01 4.8325355985e-04
127 6.4137029474e-01 4.7236313105e-04
128 6.4077919106e-01 4.6707053630e-04
129 6.4017956289e-01 4.8811216184e-04
130 6.3950218077e-01 4.5766239533e-04
131 6.3883488645e-01 4.8839859604e-04
132 6.3816179574e-01 4.8625870090e-04
133 6.3749727130e-01 4.6881611022e-04
134 6.3684130102e-01 5.3081260185e-04
135 6.3618462723e-01 5.6278991013e-04
136 6.3554231216e-01 5.9348201611e-04
137 6.3490888194e-01 5.8282643245e-04
138 6.3424903363e-01 5.1749310247e-04
139 6.3355663530e-01 4.8285814856e-04
140 6.3282358834e-01 4.5054349263e-04
141 6.3210743552e-01 4.3899817035e-04
142 6.3138263118e-01 4.5034042182e-04
143 6.3065413209e-01 4.5377360142e-04
144 6.2994505544e-01 4.6608047278e-04
145 6.2923003427e-01 4.8532316575e-04
146 6.2849824171e-01 5.1058406985e-04
147 6.2774543497e-01 5.1038689472e-04
148 6.2699736497e-01 5.0337956588e-04
149 6.2627267770e-01 4.6277759208e-04
150 6.2560162941e-01 4.1798411583e-04
151 6.2492725506e-01 4.2090997098e-04
152 6.2427837650e-01 4.2031000991e-04
153 6.2361777270e-01 4.6245528645e-04
154 6.2299400178e-01 4.9241256130e-04
155 6.2233407270e-01 4.7460160844e-04
156 6.2161807074e-01 4.5485352965e-04
157 6.2083475317e-01 4.1460058148e-04
158 6.2007007801e-01 4.0910899279e-04
159 6.1928477393e-01 4.3326653318e-04
160 6.1853350543e-01 4.4988665326e-04
161 6.1779418004e-01 4.2541424612e-04
162 6.1709668245e-01 4.2678534121e-04
163 6.1638914286e-01 4.1760509197e-04
164 6.1572420924e-01 4.1525310908e-04
165 6.1503119326e-01 4.1517622277e-04
166 6.1433523323e-01 4.3351215295e-04
167 6.1364702119e-01 4.1430777829e-04
168 6.1296279696e-01 4.0497985538e-04
169 6.1224867564e-01 3.9919129540e-04
170 6.1156974524e-01 4.0062740921e-04
171 6.1090690939e-01 4.4996083103e-04
172 6.1023148855e-01 4.5813121042e-04
173 6.0955809835e-01 4.9940161257e-04
174 6.0890280412e-01 4.9100803881e-04
175 6.0822073367e-01 4.3800304899e-04
176 6.0757532521e-01 4.0054821357e-04
177 6.0694568448e-01 3.8644606134e-04
178 6.0633632693e-01 3.7678893652e-04
179 6.0570780816e-01 3.7904572061e-04
180 6.0507671224e-01 3.7506260406e-04
181 6.0446272129e-01 3.6864135201e-04
182 6.0386469196e-01 3.6214288753e-04
183 6.0328241848e-01 3.3926555865e-04
184 6.0274277334e-01 3.4263036105e-04
185 6.0222601990e-01 3.1696985993e-04
186 6.0177175894e-01 3.1216650797e-04
187 6.0129747300e-01 3.0679764176e-04
188 6.0079681763e-01 3.1829554745e-04
189 6.0030484546e-01 3.2124972684e-04
190 5.9977465072e-01 2.9876789813e-04
191 5.9925557190e-01 3.0461001789e-04
192 5.9875351123e-01 3.0006760068e-04
193 5.9824146522e-01 3.1208785080e-04
194 5.9773667837e-01 3.0958077933e-04
195 5.9723039135e-01 3.1296928629e-04
196 5.9670584032e-01 3.0961817967e-04
197 5.9619051787e-01 2.9317854677e-04
198 5.9570592337e-01 2.9749452574e-04
199 5.9525516445e-01 2.8582504025e-04
200 5.9482002712e-01 2.8470910962e-04
201 5.9439791840e-01 2.9571714583e-04
202 5.9397338318e-01 2.8431287084e-04
203 5.9353608292e-01 2.6669522800e-04
204 5.9309772912e-01 2.7524426744e-04
205 5.9265319721e-01 2.8403821912e-04
206 5.9219475440e-01 2.7501664091e-04
207 5.9174598861e-01 2.7971512182e-04
208 5.9130255299e-01 2.7684446884e-04
209 5.9086604030e-01 2.6939884001e-04
210 5.9042899473e-01 2.5834238100e-04
211 5.8997690906e-01 2.6123115680e-04
212 5.8952488465e-01 2.6687367460e-04
213 5.8904629832e-01 2.6047894289e-04
214 5.8855655369e-01 2.7839861149e-04
215 5.8805167096e-01 2.7511441219e-04
216 5.8759328580e-01 2.8085578674e-04
217 5.8710856263e-01 2.7883477919e-04
218 5.8663191726e-01 2.6670417921e-04
219 5.8613363180e-01 2.9220966654e-04
220 5.8561789786e-01 3.0116110051e-04
221 5.8511952899e-01 3.6568239243e-04
222 5.8464823081e-01 3.8729350064e-04
223 5.8417458903e-01 3.3953539815e-04
224 5.8370806829e-01 2.9039892030e-04
225 5.8324747684e-01 2.7508148040e-04
226 5.8275445156e-01 2.7493099524e-04
227 5.8225529957e-01 2.7131479320e-04
228 5.8175051254e-01 2.6216979788e-04
229 5.8122528545e-01 2.6601240331e-04
230 5.8073082182e-01 2.7345804276e-04
231 5.8024790180e-01 2.6536016783e-04
232 5.7982035781e-01 2.5473867553e-04
233 5.7941482812e-01 2.5331770194e-04
234 5.7901999292e-01 2.4393538340e-04
235 5.7859652436e-01 2.3686564388e-04
236 5.7816517986e-01 2.3971954342e-04
237 5.7774035665e-01 2.4606769194e-04
238 5.7729822555e-01 2.3662106796e-04
239 5.7686494790e-01 2.6906207706e-04
240 5.7644328767e-01 2.8880050113e-04
241 5.7601713623e-01 3.1476292330e-04
242 5.7560906000e-01 3.0807208964e-04
243 5.7519446187e-01 3.1161273472e-04
244 5.7478197789e-01 2.9095392999e-04
245 5.7435807090e-01 2.7329104214e-04
246 5.7393401251e-01 2.6978745132e-04
247 5.7353085674e-01 2.5799109234e-04
248 5.7315108024e-01 2.4714240588e-04
249 5.7279926659e-01 2.3215813259e-04
250 5.7243983473e-01 2.2511626588e-04
251 5.7209462882e-01 2.3305480398e-04
252 5.7174383276e-01 2.4119792830e-04
253 5.7138536441e-01 2.6389748150e-04
254 5.7104744996e-01 2.6084722025e-04
255 5.7070897614e-01 2.3322080259e-04
256 5.7035847066e-01 2.0028802043e-04
257 5.7001020931e-01 2.0584781608e-04
258 5.6968233724e-01 2.3942887463e-04
259 5.6937686082e-01 2.3553309915e-04
260 5.6904993369e-01 2.1809104336e-04
261 5.6872061595e-01 2.2054301715e-04
262 5.6837886111e-01 2.3343941097e-04
263 5.6804298965e-01 2.2869846436e-04
264 5.6772306521e-01 2.2323304082e-04
265 5.6738460243e-01 2.1870310993e-04
266 5.6705709412e-01 2.0136067371e-04
267 5.6672945012e-01 1.9002778122e-04
268 5.6639859771e-01 1.8937151061e-04
269 5.6607181487e-01 1.9147142048e-04
270 5.6576144995e-01 2.0115620756e-04
271 5.6545828174e-01 2.1756553280e-04
272 5.6515331511e-01 2.0592874619e-04
273 5.6484083971e-01 1.7840439883e-04
274 5.6451396712e-01 1.8240520161e-04
275 5.6418145311e-01 2.0873724287e-04
276 5.6386642588e-01 2.3906540195e-04
277 5.6354897796e-01 2.3284737473e-04
278 5.6320999236e-01 2.0605358237e-04
279 5.6286298123e-01 1.9588798397e-04
280 5.6250247309e-01 1.7802242511e-04
281 5.6214841691e-01 1.8089142915e-04
282 5.6181011421e-01 1.6743565153e-04
283 5.6146439416e-01 1.7436968635e-04
284 5.6111253501e-01 1.8572386475e-04
285 5.6075995297e-01 1.9115240674e-04
286 5.6040049454e-01 2.0007780709e-04
287 5.6003747046e-01 2.1644207620e-04
288 5.5968989083e-01 2.2051907619e-04
289 5.5933836565e-01 2.1614188653e-04
290 5.5900038551e-01 2.0186604887e-04
291 5.5865298397e-01 1.8376533719e-04
292 5.5830504717e-01 1.7531074837e-04
293 5.5794706981e-01 1.9446818883e-04
294 5.5757760157e-01 2.0142752872e-04
295 5.5719716079e-01 2.0691196146e-04
296 5.5682785599e-01 1.9264835355e-04
297 5.5645660309e-01 1.7494359858e-04
298 5.5608864350e-01 1.7539796937e-04
299 5.5573016007e-01 1.7576178480e-04
300 5.5537651248e-01 1.6785465417e-04
301 5.5502281250e-01 1.6282464244e-04
302 5.5469474048e-01 1.5879797555e-04
303 5.5437227324e-01 1.6168403317e-04
304 5.5406169961e-01 1.6316134752e-04
305 5.5375244947e-01 1.5874874528e-04
306 5.5342211038e-01 1.5903210739e-04
307 5.5309494327e-01 1.5949591881e-04
308 5.5275810309e-01 1.5789482730e-04
309 5.5242842068e-01 1.5062860490e-04
310 5.5210572754e-01 1.5172679619e-04
311 5.5178605586e-01 1.5348950310e-04
312 5.5147908474e-01 1.5435762140e-04
313 5.5117729621e-01 1.5298912440e-04
314 5.5089023487e-01 1.4829017585e-04
315 5.5060289891e-01 1.4299405659e-04
316 5.5031431907e-01 1.4027725078e-04
317 5.5001912552e-01 1.4585764873e-04
318 5.4972241243e-01 1.3702299384e-04
319 5.4943298919e-01 1.3704004590e-04
320 5.4916035552e-01 1.3965505334e-04
321 5.4888513487e-01 1.3694853284e-04
322 5.4859584380e-01 1.4878658679e-04
323 5.4829562213e-01 1.5505903373e-04
324 5.4797942696e-01 1.6956529935e-04
325 5.4765409034e-01 1.8878454896e-04
326 5.4734198105e-01 1.9921301256e-04
327 5.4703247277e-01 1.8018108219e-04
328 5.4670104737e-01 1.6423122095e-04
329 5.4638196415e-01 1.4991380358e-04
330 5.4605012418e-01 1.4513107598e-04
331 5.4571355605e-01 1.4980463424e-04
332 5.4536958815e-01 1.5565968818e-04
333 5.4500769705e-01 1.5761452212e-04
334 5.4462325682e-01 1.4906204137e-04
335 5.4425439039e-01 1.5534530291e-04
336 5.4389078934e-01 1.4996567980e-04
337 5.4352924331e-01 1.4937864774e-04
338 5.4316678889e-01 1.5562606098e-04
339 5.4280292059e-01 1.5402627971e-04
340 5.4243326942e-01 1.5447265254e-04
341 5.4206298045e-01 1.4996505754e-04
342 5.4167975510e-01 1.5579318283e-04
343 5.4127534873e-01 1.5824397962e-04
344 5.4083717292e-01 1.6232963347e-04
345 5.4040847872e-01 1.6085353918e-04
346 5.3998468008e-01 1.6537019606e-04
347 5.3955469447e-01 1.5817975350e-04
348 5.3914136874e-01 1.5700163231e-04
349 5.3873292667e-01 1.6096721457e-04
350 5.3833718691e-01 1.6975004464e-04
351 5.3794009648e-01 1.7826087841e-04
352 5.3753550507e-01 1.7738528108e-04
353 5.3712294855e-01 1.8342248614e-04
354 5.3670220358e-01 1.8287272769e-04
355 5.3627508493e-01 2.0023324951e-04
356 5.3584816468e-01 2.0135582300e-04
357 5.3542066452e-01 1.7890527522e-04
358 5.3496078521e-01 1.6615918460e-04
359 5.3450858436e-01 1.5807229448e-04
360 5.3404444894e-01 1.5250977980e-04
361 5.3354826180e-01 1.5367101788e-04
362 5.3306965022e-01 1.6719529241e-04
363 5.3259805235e-01 1.7407913797e-04
364 5.3211666190e-01 1.7477532447e-04
365 5.3162201864e-01 1.6075104849e-04
366 5.3113927636e-01 1.6502370706e-04
367 5.3062294285e-01 1.6683386853e-04
368 5.3008681367e-01 1.7458802491e-04
369 5.2955086105e-01 1.7656393468e-04
370 5.2900781993e-01 1.9017020288e-04
371 5.2849613534e-01 2.0161569293e-04
372 5.2799453992e-01 2.0568674309e-04
373 5.2746652409e-01 1.8505188985e-04
374 5.2690716069e-01 1.7475476112e-04
375 5.2631627076e-01 1.7153147189e-04
376 5.2571994210e-01 1.6653859220e-04
377 5.2510732377e-01 1.7924971722e-04
378 5.2448606361e-01 1.7337472999e-04
379 5.2383741203e-01 1.6525022887e-04
380 5.2318714461e-01 1.8270872310e-04
381 5.2255261004e-01 1.9469320645e-04
382 5.2194863760e-01 1.9972141585e-04
383 5.2135056209e-01 1.9637790218e-04
384 5.2074174993e-01 1.8119108003e-04
385 5.2013005955e-01 1.6745216024e-04
386 5.1952425062e-01 1.7614705698e-04
387 5.1891132461e-01 1.8821157715e-04
388 5.1826890395e-01 1.9994607839e-04
389 5.1758600499e-01 2.0082588598e-04
390 5.1691850695e-01 2.0959428874e-04
391 5.1622765043e-01 2.0852484603e-04
392 5.1553848534e-01 1.9575831545e-04
393 5.1481520133e-01 1.7529100814e-04
394 5.1411488492e-01 1.6955860919e-04
395 5.1342578411e-01 1.7447546571e-04
396 5.1274950270e-01 1.6834696108e-04
397 5.1204771454e-01 1.6730404520e-04
398 5.1137981937e-01 1.7100447215e-04
399 5.1073616070e-01 1.6861642027e-04
400 5.1009880646e-01 1.6745043303e-04
401 5.0946607634e-01 1.8144607068e-04
402 5.0884016805e-01 1.8307813706e-04
403 5.0824678842e-01 1.7159251182e-04
404 5.0764506182e-01 1.6340867988e-04
405 5.0706089578e-01 1.6853405591e-04
406 5.0646444683e-01 1.8037860044e-04
407 5.0587054726e-01 1.9436856668e-04
408 5.0527240031e-01 1.7662957915e-04
409 5.0465372283e-01 1.6876835932e-04
410 5.0404515992e-01 1.6796124847e-04
411 5.0343950303e-01 1.6572506846e-04
412 5.0283626987e-01 1.6645466400e-04
413 5.0223369893e-01 1.7105472040e-04
414 5.0165780009e-01 1.7176352411e-04
415 5.0109643592e-01 1.8040497778e-04
416 5.0055662769e-01 1.8712702183e-04
417 5.0002278090e-01 1.8199419172e-04
418 4.9951159292e-01 1.7652490900e-04
419 4.9899818509e-01 1.7180285579e-04
420 4.9848632540e-01 1.5758885880e-04
421 4.9796404023e-01 1.5815289890e-04
422 4.9744859919e-01 1.5598084192e-04
423 4.9692061300e-01 1.5245789860e-04
424 4.9638812083e-01 1.6230179419e-04
425 4.9589054188e-01 1.8944966531e-04
426 4.9543719435e-01 2.1324238642e-04
427 4.9501989636e-01 1.9449988655e-04
428 4.9458469667e-01 1.7108542974e-04
429 4.9414574457e-01 1.5197822699e-04
430 4.9371480323e-01 1.3713320262e-04
431 4.9327430806e-01 1.3878138464e-04
432 4.9286049855e-01 1.3049644473e-04
433 4.9247183698e-01 1.3099759481e-04
434 4.9208095488e-01 1.3329200922e-04
435 4.9169942179e-01 1.2573012284e-04
436 4.9133528947e-01 1.2322134207e-04
437 4.9097956512e-01 1.2415095949e-04
438 4.9062095758e-01 1.2479534218e-04
439 4.9026129964e-01 1.3021327088e-04
440 4.8991655625e-01 1.3976262812e-04
441 4.8958617411e-01 1.3209504815e-04
442 4.8926476113e-01 1.2494128992e-04
443 4.8894186984e-01 1.2433003200e-04
444 4.8862224826e-01 1.1909966094e-04
445 4.8832076464e-01 1.1445672323e-04
446 4.8802240195e-01 1.2069472264e-04
447 4.8774483341e-01 1.1699713751e-04
448 4.8745617860e-01 1.1503207470e-04
449 4.8715158709e-01 1.2171311128e-04
450 4.8684538746e-01 1.1369391125e-04
451 4.8655420556e-01 1.0793955259e-04
452 4.8626139536e-01 1.1433203375e-04
453 4.8597186343e-01 1.1262778282e-04
454 4.8567563430e-01 1.1902247850e-04
455 4.8538035514e-01 1.1353570339e-04
456 4.8507832483e-01 1.1939247667e-04
457 4.8477944542e-01 1.1652534630e-04
458 4.8447035291e-01 1.3016233019e-04
459 4.8416761076e-01 1.3912717237e-04
460 4.8387903754e-01 1.5552218686e-04
461 4.8361094814e-01 1.5467925116e-04
462 4.8333411782e-01 1.3075840826e-04
463 4.8306059536e-01 1.1720356724e-04
464 4.8279049603e-01 1.1184929107e-04
465 4.8252251218e-01 1.1246443103e-04
466 4.8225444721e-01 1.1913814785e-04
467 4.8197591697e-01 1.2598454052e-04
468 4.8169267695e-01 1.3575731233e-04
469 4.8141807733e-01 1.4302330515e-04
470 4.8115351462e-01 1.4240647594e-04
471 4.8088130170e-01 1.3054573921e-04
472 4.8061171666e-01 1.2190729394e-04
473 4.8033177297e-01 1.2151077683e-04
474 4.8005829514e-01 1.2271303972e-04
475 4.7979528356e-01 1.1732501120e-04
476 4.7954203440e-01 1.1270816644e-04
477 4.7928832352e-01 1.1627669507e-04
478 4.7904367681e-01 1.2473578167e-04
479 4.7880180550e-01 1.2523157042e-04
480 4.7855278991e-01 1.3187211935e-04
481 4.7830269155e-01 1.2269348032e-04
482 4.7806012339e-01 1.1898014060e-04
483 4.7780176700e-01 1.0720444986e-04
484 4.7754184618e-01 1.0408255202e-04
485 4.7727381397e-01 9.9042207898e-05
486 4.7701359904e-01 9.7703373476e-05
487 4.7676460713e-01 1.0630059819e-04
488 4.7651409954e-01 1.1568403333e-04
489 4.7626912735e-01 1.4280927199e-04
490 4.7603526265e-01 1.4725333449e-04
491 4.7579250524e-01 1.2639085983e-04
492 4.7554096713e-01 1.1268730646e-04
493 4.7528949362e-01 9.7602825919e-05
494 4.7504437946e-01 9.3578241051e-05
495 4.7481047918e-01 9.3317091813e-05
496 4.7459821134e-01 9.3922223874e-05
497 4.7439240576e-01 9.8256814366e-05
498 4.7418533832e-01 9.6141625696e-05
499 4.7396123226e-01 9.5982472444e-05
500 4.7373446755e-01 9.3938760686e-05
501 4.7349922759e-01 9.3093094228e-05
502 4.7325859792e-01 9.1787843137e-05
503 4.7302464454e-01 9.0149190816e-05
504 4.7280143091e-01 9.4869918324e-05
505 4.7257485382e-01 1.0105232940e-04
506 4.7235809241e-01 1.0950096022e-04
507 4.7214966000e-01 1.2271088538e-04
508 4.7193636909e-01 1.2024518124e-04
509 4.7172286616e-01 1.1738475480e-04
510 4.7151961947e-01 1.0525754747e-04
511 4.7131885462e-01 9.1238346261e-05
512 4.7112555725e-01 8.5230873705e-05
513 4.7093322932e-01 8.5044240149e-05
514 4.7075843103e-01 8.8914225892e-05
515 4.7056324742e-01 8.6967378576e-05
516 4.7036487262e-01 9.0334851696e-05
517 4.7016738658e-01 8.5063933380e-05
518 4.6996431028e-01 8.4836668375e-05
519 4.6975302011e-01 8.6422289712e-05
520 4.6953400314e-01 8.6500308625e-05
521 4.6931536559e-01 8.7449624728e-05
522 4.6911003775e-01 8.9444913319e-05
523 4.6889640534e-01 9.1730442893e-05
524 4.6868958948e-01 9.7924485098e-05
525 4.6849126784e-01 1.0688008579e-04
526 4.6829710097e-01 1.1561964649e-04
527 4.6810116746e-01 1.0818587086e-04
528 4.6790106200e-01 1.0322202006e-04
529 4.6769180702e-01 9.1009254095e-05
530 4.6748111442e-01 8.4214174743e-05
531 4.6726718146e-01 8.5894432266e-05
532 4.6705604538e-01 8.5685535517e-05
533 4.6685259858e-01 8.7797438303e-05
534 4.6664801641e-01 8.5215014149e-05
535 4.6644632077e-01 8.3575696113e-05
536 4.6623720409e-01 8.4086788921e-05
537 4.6601834330e-01 8.2711522324e-05
538 4.6580297345e-01 8.8465978115e-05
539 4.6558562454e-01 8.5589250314e-05
540 4.6537056870e-01 8.5951048460e-05
541 4.6516802262e-01 8.5033485064e-05
542 4.6497353397e-01 8.2978961513e-05
543 4.6477607475e-01 8.3855417167e-05
544 4.6456701786e-01 8.4428600037e-05
545 4.6435710108e-01 8.6118943513e-05
546 4.6413992451e-01 8.6967564031e-05
547 4.6391718255e-01 8.4981596641e-05
548 4.6369465244e-01 8.8881991237e-05
549 4.6347843980e-01 9.2750678524e-05
550 4.6325664372e-01 8.9222475860e-05
551 4.6303454801e-01 8.6652223610e-05
552 4.6281318142e-01 8.8052455827e-05
553 4.6259636607e-01 8.9714352370e-05
554 4.6238695992e-01 8.4607981086e-05
555 4.6218770255e-01 8.6084916305e-05
556 4.6198485356e-01 8.6654019122e-05
557 4.6177156269e-01 8.2922596785e-05
558 4.6155740822e-01 8.3338353679e-05
559 4.6134917311e-01 7.9372932035e-05
560 4.6113805830e-01 7.9838636343e-05
561 4.6092958352e-01 8.4279431557e-05
562 4.6071489266e-01 8.5174131967e-05
563 4.6050286878e-01 9.2392602812e-05
564 4.6029036208e-01 1.0346850106e-04
565 4.6008092087e-01 1.2512653217e-04
566 4.5987248493e-01 1.2270639618e-04
567 4.5965845074e-01 1.0604567220e-04
568 4.5943243668e-01 9.4258020518e-05
569 4.5920606984e-01 9.0144572309e-05
570 4.5898060231e-01 8.8788778222e-05
571 4.5874114450e-01 9.3384347239e-05
572 4.5851132933e-01 1.1285153115e-04
573 4.5829865048e-01 1.3103831490e-04
574 4.5808228372e-01 1.2138767788e-04
575 4.5786299523e-01 1.0471973451e-04
576 4.5762743298e-01 9.5502705712e-05
577 4.5738444435e-01 9.5709687819e-05
578 4.5715263526e-01 9.1742243418e-05
579 4.5691666942e-01 8.7388912959e-05
580 4.5669058327e-01 8.7922005145e-05
581 4.5647127755e-01 8.9577245149e-05
582 4.5626014033e-01 8.7317150739e-05
583 4.5603928872e-01 9.1453950461e-05
584 4.5581073416e-01 9.5282604530e-05
585 4.5558133610e-01 9.4715833879e-05
586 4.5534793472e-01 8.8851867148e-05
587 4.5510820442e-01 8.8396378044e-05
588 4.5486882683e-01 8.7982201727e-05
589 4.5463299718e-01 9.0346753262e-05
590 4.5439517771e-01 9.2757744710e-05
591 4.5414364383e-01 9.8592747714e-05
592 4.5389237338e-01 1.0396250089e-04
593 4.5363411144e-01 1.0450872356e-04
594 4.5338601301e-01 1.1451289663e-04
595 4.5313993251e-01 1.2243009305e-04
596 4.5289227518e-01 1.2592039951e-04
597 4.5265367393e-01 1.3039526901e-04
598 4.5240676257e-01 1.1507998848e-04
599 4.5215868881e-01 1.0735031492e-04
600 4.5189609018e-01 1.0081022286e-04
601 4.5164161960e-01 9.0420997863e-05
602 4.5138766025e-01 8.7381737687e-05
603 4.5114561163e-01 9.1824060416e-05
604 4.5091466974e-01 9.6526442197e-05
605 4.5069039273e-01 9.3197015121e-05
606 4.5047959221e-01 8.9881344297e-05
607 4.5026892667e-01 9.1752484699e-05
608 4.5005741128e-01 9.0061024583e-05
609 4.4984693732e-01 9.3667903360e-05
610 4.4964182389e-01 9.6742572706e-05
611 4.4943708307e-01 9.0360256194e-05
612 4.4924003063e-01 8.1644036158e-05
613 4.4904897960e-01 7.8504439390e-05
614 4.4886981480e-01 7.7398482075e-05
615 4.4869609247e-01 7.7543161489e-05
616 4.4852243665e-01 7.7025912794e-05
617 4.4835441735e-01 8.2356979282e-05
618 4.4818587728e-01 9.2931101240e-05
619 4.4802744752e-01 1.1479122090e-04
620 4.4788430622e-01 1.0550227711e-04
621 4.4772738545e-01 8.2429269653e-05
622 4.4757092439e-01 7.4373812308e-05
623 4.4742256818e-01 7.9570018287e-05
624 4.4727965056e-01 7.9900341535e-05
625 4.4714623857e-01 8.3804117692e-05
626 4.4702162598e-01 8.4431957762e-05
627 4.4689756432e-01 7.0855656619e-05
628 4.4677893532e-01 6.2779390732e-05
629 4.4666731240e-01 6.9607563445e-05
630 4.4655386778e-01 7.2609772030e-05
631 4.4643715603e-01 7.0310054833e-05
632 4.4632158600e-01 6.7305171833e-05
633 4.4620893705e-01 6.5919066803e-05
634 4.4609871561e-01 6.3142907851e-05
635 4.4598201192e-01 6.2239352504e-05
636 4.4585884334e-01 6.0628208494e-05
637 4.4574006760e-01 5.9268574877e-05
638 4.4563340321e-01 6.0890238781e-05
639 4.4553407671e-01 6.2772779856e-05
640 4.4543862009e-01 6.0978107444e-05
641 4.4534748516e-01 5.6685376360e-05
642 4.4525696641e-01 5.4713936972e-05
643 4.4516883427e-01 5.3596648294e-05
644 4.4507740189e-01 5.3323759594e-05
645 4.4498503104e-01 5.4043338687e-05
646 4.4489430891e-01 5.5449569003e-05
647 4.4480838601e-01 5.4296953359e-05
648 4.4472200844e-01 5.1938399052e-05
649 4.4463634641e-01 4.9468194663e-05
650 4.4455060329e-01 4.7869701029e-05
651 4.4446351494e-01 4.7569952693e-05
652 4.4437864126e-01 4.8158020109e-05
653 4.4429377491e-01 5.2128024309e-05
654 4.4421163834e-01 5.3525004656e-05
655 4.4413460798e-01 5.3415328853e-05
656 4.4406120994e-01 5.1440326196e-05
657 4.4398816432e-01 4.5447712257e-05
658 4.4391632681e-01 4.2625024304e-05
659 4.4384551032e-01 4.1749730214e-05
660 4.4377339462e-01 4.7444982089e-05
661 4.4370016046e-01 4.8965052649e-05
662 4.4362180267e-01 4.6835890745e-05
663 4.4353420787e-01 4.4654166853e-05
664 4.4344074950e-01 4.5779392722e-05
665 4.4334785715e-01 4.9045372118e-05
666 4.4325536727e-01 5.8768704831e-05
667 4.4316633364e-01 5.7211309812e-05
668 4.4307154673e-01 5.2707779205e-05
669 4.4297429905e-01 5.4004577679e-05
670 4.4287770673e-01 6.3344433201e-05
671 4.4278729069e-01 6.4869855694e-05
672 4.4269283781e-01 5.6435060647e-05
673 4.4259434933e-01 4.8011444338e-05
674 4.4249029478e-01 4.4882296753e-05
675 4.4238780042e-01 4.5696870643e-05
676 4.4228465867e-01 4.5987736159e-05
677 4.4217954706e-01 4.5214806575e-05
678 4.4207445637e-01 4.7277700480e-05
679 4.4196876864e-01 5.2503618454e-05
680 4.4186234266e-01 6.0748806299e-05
681 4.4175711889e-01 6.5813969066e-05
682 4.4164717814e-01 6.2125574937e-05
683 4.4153500143e-01 5.7220726878e-05
684 4.4142348217e-01 5.4804481484e-05
685 4.4131647932e-01 5.3928937066e-05
686 4.4120908472e-01 5.0725122026e-05
687 4.4109654716e-01 4.7131193351e-05
688 4.4098085325e-01 4.6003565473e-05
689 4.4086341707e-01 4.7366427409e-05
690 4.4074987262e-01 4.6827166394e-05
691 4.4064380683e-01 4.7042854779e-05
692 4.4053311615e-01 4.5168765516e-05
693 4.4041820484e-01 4.3238378549e-05
694 4.4029546963e-01 4.4778930666e-05
695 4.4017670178e-01 4.7026879234e-05
696 4.4006086263e-01 4.5541000523e-05
697 4.3994182191e-01 4.7661955102e-05
698 4.3982227769e-01 4.9274888738e-05
699 4.3969857138e-01 5.1674695634e-05
700 4.3957301232e-01 5.6677963223e-05
701 4.3945146715e-01 6.2897659227e-05
702 4.3933450040e-01 6.0392625347e-05
703 4.3921533794e-01 5.6055122064e-05
704 4.3909982388e-01 6.0192073627e-05
705 4.3898818776e-01 6.1361589741e-05
706 4.3887225952e-01 5.7884661021e-05
707 4.3875233565e-01 5.4545349940e-05
708 4.3863063511e-01 4.9851148456e-05
709 4.3851054434e-01 4.8698067940e-05
710 4.3839474715e-01 4.8052119059e-05
711 4.3827766297e-01 4.6662689370e-05
712 4.3815594707e-01 4.7456953878e-05
713 4.3803784221e-01 5.3926613557e-05
714 4.3792861643e-01 6.2215666694e-05
715 4.3782422904e-01 5.7936721722e-05
716 4.3771611590e-01 4.6567123102e-05
717 4.3760447003e-01 4.2720741166e-05
718 4.3748831953e-01 4.1298485783e-05
719 4.3737931677e-01 4.3685816487e-05
720 4.3727787534e-01 4.3923826831e-05
721 4.3718024167e-01 4.2906675364e-05
722 4.3707815771e-01 4.0735326100e-05
723 4.3697241276e-01 4.3558076257e-05
724 4.3686909132e-01 4.6222329528e-05
725 4.3676762669e-01 4.2639092128e-05
726 4.3666830795e-01 4.2203081545e-05
727 4.3657216907e-01 4.3360646456e-05
728 4.3648020302e-01 4.5019836789e-05
729 4.3639127899e-01 4.5417849255e-05
730 4.3630377730e-01 4.2303866388e-05
731 4.3621521156e-01 3.6581003061e-05
732 4.3613027430e-01 3.4731958982e-05
733 4.3604323453e-01 3.4160404369e-05
734 4.3595978982e-01 3.2145802730e-05
735 4.3587651079e-01 3.3127350567e-05
736 4.3579741669e-01 3.4773116277e-05
737 4.3571818633e-01 3.4033808745e-05
738 4.3564099187e-01 3.4849974307e-05
739 4.3556377562e-01 3.3083517795e-05
740 4.3548900016e-01 3.2417035033e-05
741 4.3541910904e-01 3.0521511563e-05
742 4.3534994140e-01 2.9905306655e-05
743 4.3528037337e-01 3.0346159378e-05
744 4.3520983908e-01 3.0325818414e-05
745 4.3513745852e-01 2.8985313163e-05
746 4.3506203441e-01 2.9608524412e-05
747 4.3498785714e-01 3.0331222960e-05
748 4.3491339398e-01 3.1513322675e-05
749 4.3484238987e-01 3.1460932892e-05
750 4.3477357458e-01 3.1105812066e-05
751 4.3470518506e-01 2.8420962338e-05
752 4.3463564801e-01 2.6531940675e-05
753 4.3456645752e-01 2.7154869259e-05
754 4.3450001405e-01 2.6192851892e-05
755 4.3443630922e-01 2.4456090204e-05
756 4.3437423577e-01 2.5372930383e-05
757 4.3431183268e-01 2.5371319526e-05
758 4.3424707084e-01 2.3890467676e-05
759 4.3418312138e-01 2.3679987433e-05
760 4.3412097385e-01 2.4684318015e-05
761 4.3405991835e-01 2.3259968806e-05
762 4.3399760282e-01 2.3595442460e-05
763 4.3393540954e-01 2.4353107103e-05
764 4.3387145671e-01 2.2444907499e-05
765 4.3381042830e-01 2.3026204136e-05
766 4.3374901678e-01 2.3462185399e-05
767 4.3368971638e-01 2.4087700573e-05
768 4.3363118731e-01 2.4743101229e-05
769 4.3357692088e-01 2.4647628972e-05
770 4.3352307799e-01 2.3399012525e-05
771 4.3346735885e-01 2.2486052426e-05
772 4.3340981466e-01 2.1581422828e-05
773 4.3335335099e-01 2.2073097886e-05
774 4.3329466536e-01 2.5421382774e-05
775 4.3324054455e-01 3.2197145500e-05
776 4.3318766002e-01 3.3461831617e-05
777 4.3313348636e-01 2.8781192052e-05
778 4.3307686698e-01 2.2575841568e-05
779 4.3301901052e-01 2.1327339535e-05
780 4.3296152123e-01 2.1318646319e-05
781 4.3290166934e-01 2.0295637199e-05
782 4.3284138331e-01 1.9988820662e-05
783 4.3278228740e-01 2.0575154716e-05
784 4.3272586098e-01 2.0217869067e-05
785 4.3266783872e-01 2.0183249502e-05
786 4.3260907083e-01 2.2781167564e-05
787 4.3254871284e-01 2.6227651406e-05
788 4.3249175074e-01 3.3336607786e-05
789 4.3243629057e-01 3.2847765259e-05
790 4.3237515533e-01 2.5031799553e-05
791 4.3231149559e-01 2.1659446492e-05
792 4.3224694370e-01 2.1776986379e-05
793 4.3218247403e-01 2.1561453015e-05
794 4.3211911415e-01 2.1704183632e-05
795 4.3205779353e-01 2.1795199016e-05
796 4.3199607255e-01 2.1585707754e-05
797 4.3193509590e-01 2.1677190855e-05
798 4.3187062091e-01 2.1841136088e-05
799 4.3179901766e-01 2.1729081230e-05
800 4.3172652873e-01 2.0909708973e-05
801 4.3165346420e-01 2.1139217213e-05
802 4.3157903339e-01 2.1022721835e-05
803 4.3150547620e-01 2.1217503322e-05
804 4.3143293732e-01 2.1846157898e-05
805 4.3135954038e-01 2.2057117096e-05
806 4.3128019763e-01 2.3577704997e-05
807 4.3120080380e-01 2.7382667342e-05
808 4.3112201261e-01 3.4102966338e-05
809 4.3104835205e-01 3.4287719172e-05
810 4.3096813217e-01 2.7796939723e-05
811 4.3088097384e-01 2.4133236277e-05
812 4.3079430272e-01 2.5461239905e-05
813 4.3070969139e-01 2.7852775300e-05
814 4.3062604989e-01 3.2753546173e-05
815 4.3054491375e-01 3.2683601330e-05
816 4.3045793263e-01 2.9290786688e-05
817 4.3036978003e-01 2.5377345362e-05
818 4.3028145605e-01 2.4191045540e-05
819 4.3019001512e-01 2.3528650222e-05
820 4.3009776827e-01 2.2250639177e-05
821 4.3000568931e-01 2.2439919220e-05
822 4.2991617319e-01 2.2421444831e-05
823 4.2982300306e-01 2.2247649008e-05
824 4.2972956029e-01 2.3089269472e-05
825 4.2962739387e-01 2.2906015985e-05
826 4.2952253326e-01 2.2519258783e-05
827 4.2941798211e-01 2.3826896717e-05
828 4.2931753339e-01 2.4177689946e-05
829 4.2922273031e-01 2.4131887105e-05
830 4.2912630952e-01 2.3569103811e-05
831 4.2903206989e-01 2.2902490641e-05
832 4.2893403712e-01 2.2548813935e-05
833 4.2882966485e-01 2.3070349951e-05
834 4.2872418196e-01 2.2851402469e-05
835 4.2861527875e-01 2.2343941105e-05
836 4.2850427304e-01 2.3386162266e-05
837 4.2839330889e-01 2.3308631222e-05
838 4.2828396083e-01 2.3355665310e-05
839 4.2817827115e-01 2.4286504017e-05
840 4.2807254762e-01 2.4189675995e-05
841 4.2796498246e-01 2.3666632855e-05
842 4.2785786546e-01 2.4132431847e-05
843 4.2774939481e-01 2.5532933617e-05
844 4.2764342149e-01 2.7696473361e-05
845 4.2753987973e-01 2.9911359095e-05
846 4.2744453854e-01 2.9487728702e-05
847 4.2734794845e-01 2.6292029590e-05
848 4.2725445992e-01 2.3748060327e-05
849 4.2716669304e-01 2.1850320158e-05
850 4.2707700846e-01 2.4735454590e-05
851 4.2698872239e-01 2.6579518564e-05
852 4.2690179649e-01 2.6733151177e-05
853 4.2681672399e-01 2.4370611278e-05
854 4.2673208268e-01 2.1770601537e-05
855 4.2665138960e-01 1.9684421403e-05
856 4.2657049990e-01 1.9044458211e-05
857 4.2648867396e-01 1.9483189347e-05
858 4.2640948841e-01 1.9756113388e-05
859 4.2632992414e-01 1.9737843793e-05
860 4.2624851052e-01 1.9460060325e-05
861 4.2617001977e-01 1.9811900704e-05
862 4.2609502277e-01 1.9412198883e-05
863 4.2602452316e-01 1.7945546022e-05
864 4.2595255151e-01 1.7557484638e-05
865 4.2588462264e-01 1.8232893860e-05
866 4.2581940335e-01 1.8959441815e-05
867 4.2575464900e-01 1.9301677858e-05
868 4.2568947164e-01 1.9781688709e-05
869 4.2562572242e-01 2.0355993573e-05
870 4.2556330344e-01 2.2475272117e-05
871 4.2550157799e-01 2.5093932450e-05
872 4.2544152443e-01 2.2806118035e-05
873 4.2537798138e-01 1.9810170390e-05
874 4.2531619865e-01 1.8155475868e-05
875 4.2525973504e-01 1.7765906113e-05
876 4.2520471703e-01 1.6665651305e-05
877 4.2514938550e-01 1.6939528357e-05
878 4.2509673538e-01 1.9225416624e-05
879 4.2504620848e-01 1.8500823104e-05
880 4.2499170803e-01 1.6898159585e-05
881 4.2493543150e-01 1.6067449742e-05
882 4.2487819837e-01 1.5104758500e-05
883 4.2482273326e-01 1.4994451553e-05
884 4.2477054785e-01 1.5393453000e-05
885 4.2471706579e-01 1.4631329465e-05
886 4.2466142513e-01 1.4415044498e-05
887 4.2460617193e-01 1.4872571931e-05
888 4.2455273050e-01 1.5005820347e-05
889 4.2449945890e-01 1.4858637732e-05
890 4.2444745177e-01 1.5554456821e-05
891 4.2439337320e-01 1.5853344616e-05
892 4.2434096513e-01 1.8098142122e-05
893 4.2429170859e-01 2.1991667396e-05
894 4.2424521407e-01 2.1969846646e-05
895 4.2419649577e-01 1.6822628150e-05
896 4.2414342602e-01 1.4704615429e-05
897 4.2408942279e-01 1.3854946257e-05
898 4.2403509692e-01 1.4459837352e-05
899 4.2398172922e-01 1.5250809570e-05
900 4.2392925089e-01 1.6948687546e-05
901 4.2388205458e-01 1.9449448446e-05
902 4.2383577983e-01 1.6618779120e-05
903 4.2378638134e-01 1.4024376929e-05
904 4.2373612879e-01 1.4122235204e-05
905 4.2368730096e-01 1.5112526003e-05
906 4.2363831260e-01 1.5976444329e-05
907 4.2358853639e-01 1.7085050157e-05
908 4.2353978073e-01 1.7883541165e-05
909 4.2348937530e-01 1.6864750147e-05
910 4.2343743374e-01 1.5804733457e-05
911 4.2338463316e-01 1.5471133385e-05
912 4.2333178613e-01 1.5169925916e-05
913 4.2327949585e-01 1.4631901823e-05
914 4.2322394697e-01 1.3332328164e-05
915 4.2316667380e-01 1.3203112465e-05
916 4.2310897635e-01 1.3275075671e-05
917 4.2305136520e-01 1.4672847875e-05
918 4.2299716395e-01 1.7342572407e-05
919 4.2294615532e-01 1.9527110284e-05
920 4.2289576694e-01 1.8794548810e-05
921 4.2284494162e-01 1.7168572315e-05
922 4.2279312285e-01 1.6778014692e-05
923 4.2274100741e-01 1.9079389122e-05
924 4.2268962468e-01 1.9672728940e-05
925 4.2263400654e-01 1.7264290245e-05
926 4.2257474079e-01 1.5283846324e-05
927 4.2251287875e-01 1.4025412144e-05
928 4.2245526846e-01 1.3217383083e-05
929 4.2240164299e-01 1.3084103332e-05
930 4.2234509029e-01 1.2700072190e-05
931 4.2229177526e-01 1.2628771762e-05
932 4.2223904921e-01 1.2804177220e-05
933 4.2218744920e-01 1.2543183330e-05
934 4.2213489277e-01 1.2453621135e-05
935 4.2208196056e-01 1.2690101900e-05
936 4.2202711887e-01 1.2456324801e-05
937 4.2197684402e-01 1.4054917477e-05
938 4.2193015995e-01 1.2457872824e-05
939 4.2187983063e-01 1.1629313771e-05
940 4.2182801550e-01 1.2717147108e-05
941 4.2177577792e-01 1.4952307675e-05
942 4.2172397022e-01 1.7197460165e-05
943 4.2167263706e-01 1.7776491855e-05
944 4.2161773519e-01 1.6273430891e-05
945 4.2156115856e-01 1.4769774557e-05
946 4.2150366950e-01 1.3699580847e-05
947 4.2144827291e-01 1.3109019473e-05
948 4.2139336059e-01 1.2270818964e-05
949 4.2133744415e-01 1.2362797042e-05
950 4.2128050996e-01 1.1654201968e-05
951 4.2122247391e-01 1.1354581524e-05
952 4.2116400647e-01 1.1566728993e-05
953 4.2110589063e-01 1.1959374599e-05
954 4.2104908052e-01 1.2814908922e-05
955 4.2099383086e-01 1.4408710119e-05
956 4.2093666610e-01 1.4517981475e-05
957 4.2087714014e-01 1.3274031624e-05
958 4.2081836473e-01 1.2659365410e-05
959 4.2076481846e-01 1.2885067937e-05
960 4.2070518598e-01 1.3411215411e-05
961 4.2064184433e-01 1.3511689255e-05
962 4.2057553209e-01 1.3386963805e-05
963 4.2050979968e-01 1.4016217292e-05
964 4.2044693297e-01 1.3738926198e-05
965 4.2038104279e-01 1.3863879396e-05
966 4.2031152585e-01 1.3285618123e-05
967 4.2024035397e-01 1.3663216871e-05
968 4.2016943174e-01 1.3890029801e-05
969 4.2009974880e-01 1.3936864517e-05
970 4.2003268407e-01 1.3527926975e-05
971 4.1996570525e-01 1.3800287155e-05
972 4.1989990697e-01 1.4098713462e-05
973 4.1983288662e-01 1.6408351405e-05
974 4.1976909610e-01 2.0244222682e-05
975 4.1970591262e-01 1.8706915054e-05
976 4.1963597096e-01 1.4891735136e-05
977 4.1956041335e-01 1.3949985813e-05
978 4.1948678665e-01 1.3319279360e-05
979 4.1941575427e-01 1.3019413891e-05
980 4.1934379467e-01 1.3151039162e-05
981 4.1926964315e-01 1.3661309355e-05
982 4.1920208910e-01 1.3910867965e-05
983 4.1912992298e-01 1.3319808446e-05
984 4.1905250310e-01 1.3148727972e-05
985 4.1897740078e-01 1.3875021975e-05
986 4.1890341723e-01 1.3176982216e-05
987 4.1882677140e-01 1.3113396771e-05
988 4.1874885505e-01 1.2847791932e-05
989 4.1866144274e-01 1.3355356612e-05
990 4.1857450689e-01 1.4780787233e-05
991 4.1848700453e-01 1.7465918313e-05
992 4.1839940150e-01 1.8605604435e-05
993 4.1831025320e-01 1.8971571550e-05
994 4.1822130935e-01 1.8632193643e-05
995 4.1813427639e-01 1.8410880065e-05
996 4.1804325423e-01 1.8817731863e-05
997 4.1795438547e-01 2.1871154257e-05
998 4.1786748635e-01 2.1017843286e-05
999 4.1777510375e-01 1.7840659718e-05
1000 4.1767800668e-01 1.5834595456e-05
1001 4.1758252082e-01 1.6704478443e-05
1002 4.1748684260e-01 1.7998118196e-05
1003 4.1739483622e-01 2.0058740640e-05
1004 4.1730115514e-01 2.1869974512e-05
1005 4.1720880740e-01 2.0522071457e-05
1006 4.1710811359e-01 1.6835754743e-05
1007 4.1700091405e-01 1.5679065790e-05
1008 4.1689103636e-01 1.5042468221e-05
1009 4.1677549539e-01 1.4298584318e-05
1010 4.1665960040e-01 1.4273034405e-05
1011 4.1654809110e-01 1.4934509546e-05
1012 4.1643855482e-01 1.5239032208e-05
1013 4.1633093848e-01 1.5644154107e-05
1014 4.1622438215e-01 1.5693091008e-05
1015 4.1610822580e-01 1.5974170645e-05
1016 4.1598821308e-01 1.6643381888e-05
1017 4.1586699990e-01 1.6907134236e-05
1018 4.1574400356e-01 1.6845899129e-05
1019 4.1561854413e-01 1.7026154027e-05
1020 4.1549311749e-01 1.6423611162e-05
1021 4.1536453788e-01 1.6843411028e-05
1022 4.1523348430e-01 1.6213984277e-05
1023 4.1509175293e-01 1.6142655743e-05
1024 4.1494537417e-01 1.6024874970e-05
1025 4.1479838585e-01 1.6848808802e-05
1026 4.1464936007e-01 1.7797438815e-05
1027 4.1449930417e-01 1.9417328513e-05
1028 4.1434964639e-01 2.2281382308e-05
1029 4.1420562155e-01 2.6265389328e-05
1030 4.1406112052e-01 2.5717779779e-05
1031 4.1391124691e-01 2.2472090328e-05
1032 4.1375757902e-01 1.9077801064e-05
1033 4.1359481574e-01 1.7783796538e-05
1034 4.1342629676e-01 1.8013105626e-05
1035 4.1326075644e-01 1.8574215760e-05
1036 4.1309134390e-01 1.9243740155e-05
1037 4.1292631373e-01 1.9950667178e-05
1038 4.1275856172e-01 2.0765132267e-05
1039 4.1258692757e-01 2.0273675935e-05
1040 4.1240587758e-01 2.0346476651e-05
1041 4.1222565387e-01 2.1099817178e-05
1042 4.1205555157e-01 2.1978450841e-05
1043 4.1189511499e-01 2.0014439773e-05
1044 4.1173466905e-01 1.8990402527e-05
1045 4.1156934060e-01 1.9970994482e-05
1046 4.1140459555e-01 2.1692813766e-05
1047 4.1123863714e-01 2.1402371336e-05
1048 4.1106544715e-01 2.0444602586e-05
1049 4.1088874295e-01 2.1295611324e-05
1050 4.1071679724e-01 2.2370070937e-05
1051 4.1054257575e-01 2.0790683853e-05
1052 4.1036223537e-01 1.9298008678e-05
1053 4.1017363244e-01 1.8734058470e-05
1054 4.0997976324e-01 1.9699877598e-05
1055 4.0979112890e-01 2.2002419794e-05
1056 4.0961417926e-01 2.3879138458e-05
1057 4.0943245787e-01 2.2857831247e-05
1058 4.0925080648e-01 2.2932931547e-05
1059 4.0907364454e-01 2.1529928084e-05
1060 4.0889291704e-01 1.9634255788e-05
1061 4.0871390215e-01 1.8667012387e-05
1062 4.0853003125e-01 1.9211820584e-05
1063 4.0833861018e-01 1.8801238815e-05
1064 4.0815063628e-01 1.8540172876e-05
1065 4.0796904448e-01 1.9215007329e-05
1066 4.0779524153e-01 1.8939166196e-05
1067 4.0763077081e-01 1.9138843234e-05
1068 4.0745811835e-01 1.9094070933e-05
1069 4.0727894605e-01 1.8671216387e-05
1070 4.0710154512e-01 1.8727851781e-05
1071 4.0692440832e-01 1.8400382396e-05
1072 4.0674262989e-01 1.8551192811e-05
1073 4.0656171633e-01 1.8245973141e-05
1074 4.0638154063e-01 1.8633874725e-05
1075 4.0619701484e-01 1.8544735205e-05
1076 4.0600703530e-01 1.8959152084e-05
1077 4.0581776738e-01 2.0144507694e-05
1078 4.0563647105e-01 2.6499290471e-05
1079 4.0547529490e-01 3.2004194948e-05
1080 4.0530975136e-01 2.6053643064e-05
1081 4.0512736719e-01 2.0946735555e-05
1082 4.0493767132e-01 1.9919755533e-05
1083 4.0474942488e-01 1.9147196082e-05
1084 4.0456655894e-01 1.8852712517e-05
1085 4.0439086940e-01 1.8745160615e-05
1086 4.0421849971e-01 1.9343522526e-05
1087 4.0405741383e-01 2.0133429920e-05
1088 4.0389314980e-01 1.9386549547e-05
1089 4.0371397534e-01 1.8468954464e-05
1090 4.0352064573e-01 1.9240078986e-05
1091 4.0332849311e-01 2.0078401131e-05
1092 4.0314606766e-01 2.3438708919e-05
1093 4.0297467090e-01 2.8747167931e-05
1094 4.0280673455e-01 2.8947032229e-05
1095 4.0263292155e-01 2.5483760986e-05
1096 4.0245073010e-01 2.0807685495e-05
1097 4.0226457148e-01 1.9645493095e-05
1098 4.0208376181e-01 1.8970622039e-05
1099 4.0189954282e-01 1.9693755928e-05
1100 4.0171292459e-01 2.1577626845e-05
1101 4.0152954027e-01 2.5197118709e-05
1102 4.0134884944e-01 2.9976528266e-05
1103 4.0117661259e-01 2.9523143874e-05
1104 4.0100210700e-01 2.4131873934e-05
1105 4.0081838416e-01 2.1290564157e-05
1106 4.0064162215e-01 1.9022910971e-05
1107 4.0046550390e-01 1.7962420259e-05
1108 4.0029372207e-01 1.7925928186e-05
1109 4.0012463756e-01 1.8011957606e-05
1110 3.9995397413e-01 1.7589527755e-05
1111 3.9978503376e-01 1.7749234937e-05
1112 3.9962242639e-01 1.7648516404e-05
1113 3.9946589135e-01 1.7741813415e-05
1114 3.9930524595e-01 1.7236353231e-05
1115 3.9914561068e-01 1.8135861842e-05
1116 3.9898974509e-01 1.8188051288e-05
1117 3.9883585064e-01 1.9109195834e-05
1118 3.9868916957e-01 2.0644395269e-05
1119 3.9854586044e-01 1.9728746240e-05
1120 3.9839987525e-01 1.7389046243e-05
1121 3.9825792658e-01 1.8163457320e-05
1122 3.9812798667e-01 1.9036959964e-05
1123 3.9799419625e-01 1.7495334488e-05
1124 3.9785648287e-01 1.6645752115e-05
1125 3.9772264881e-01 1.5753255513e-05
1126 3.9759241122e-01 1.7331567584e-05
1127 3.9746412561e-01 1.7838037219e-05
1128 3.9733586516e-01 1.7249601714e-05
1129 3.9720601801e-01 1.6017000578e-05
1130 3.9707981375e-01 1.5514738395e-05
1131 3.9695991971e-01 1.6786540155e-05
1132 3.9684229564e-01 1.7901390560e-05
1133 3.9672493282e-01 1.7981525506e-05
1134 3.9660541996e-01 1.7145705420e-05
1135 3.9649122899e-01 1.7136208845e-05
1136 3.9638004034e-01 1.7570087036e-05
1137 3.9627414166e-01 1.8949375859e-05
1138 3.9617305208e-01 2.1039334376e-05
1139 3.9608016738e-01 2.0372804715e-05
1140 3.9599070762e-01 1.7159548110e-05
1141 3.9589989638e-01 1.5299249525e-05
1142 3.9580729714e-01 1.4997765619e-05
1143 3.9571740534e-01 1.6124038028e-05
1144 3.9563143697e-01 1.8556098916e-05
1145 3.9554912887e-01 1.8923076827e-05
1146 3.9546605388e-01 1.6631452874e-05
1147 3.9538224301e-01 1.5007841942e-05
1148 3.9530087255e-01 1.4406106020e-05
1149 3.9522199443e-01 1.3281036562e-05
1150 3.9514385154e-01 1.2240589565e-05
1151 3.9506658192e-01 1.1996776804e-05
1152 3.9499342866e-01 1.1712947312e-05
1153 3.9491910304e-01 1.1358223008e-05
1154 3.9485174940e-01 1.2110549920e-05
1155 3.9479002461e-01 1.2722419407e-05
1156 3.9472602269e-01 1.2142664978e-05
1157 3.9465775772e-01 1.1237446362e-05
1158 3.9458765977e-01 1.1208110492e-05
1159 3.9452019212e-01 1.1218203703e-05
1160 3.9445555510e-01 1.0659336374e-05
1161 3.9439216836e-01 1.0683711099e-05
1162 3.9432975503e-01 1.0917244452e-05
1163 3.9426504821e-01 1.1108415849e-05
1164 3.9420258359e-01 1.1381776533e-05
1165 3.9414164417e-01 1.2670681727e-05
1166 3.9408348977e-01 1.3840229953e-05
1167 3.9402615742e-01 1.2700092180e-05
1168 3.9396674828e-01 1.1303810825e-05
1169 3.9390551484e-01 1.1100001963e-05
1170 3.9384682022e-01 1.1733466662e-05
1171 3.9378901014e-01 1.2760433433e-05
1172 3.9372943835e-01 1.4046670202e-05
1173 3.9367116799e-01 1.4955041702e-05
1174 3.9361527587e-01 1.3953148104e-05
1175 3.9355892951e-01 1.1092537239e-05
1176 3.9350148700e-01 1.0280367711e-05
1177 3.9344659402e-01 1.1911732505e-05
1178 3.9339592011e-01 1.4196773573e-05
1179 3.9334575969e-01 1.3495362660e-05
1180 3.9329111189e-01 1.2191741115e-05
1181 3.9323398797e-01 1.3091667921e-05
1182 3.9317638204e-01 1.4787214509e-05
1183 3.9312176964e-01 1.5458747731e-05
1184 3.9306524570e-01 1.2745682362e-05
1185 3.9300772274e-01 1.1223689979e-05
1186 3.9295024771e-01 1.1364133328e-05
1187 3.9289601738e-01 1.2947194508e-05
1188 3.9284462210e-01 1.5305823013e-05
1189 3.9279470839e-01 1.5757612930e-05
1190 3.9274199330e-01 1.3263657683e-05
1191 3.9268566206e-01 1.1154982257e-05
1192 3.9262850422e-01 1.0436673307e-05
1193 3.9257329774e-01 1.0205152820e-05
1194 3.9252037945e-01 1.0743553476e-05
1195 3.9246860989e-01 1.1511216276e-05
1196 3.9241859869e-01 1.0917038569e-05
1197 3.9236546006e-01 1.0204415565e-05
1198 3.9230995835e-01 9.7768167324e-06
1199 3.9225365596e-01 9.7192621544e-06
1200 3.9220103654e-01 1.0021346797e-05
1201 3.9214984539e-01 9.9497313059e-06
1202 3.9209768391e-01 1.0004479102e-05
1203 3.9204610205e-01 1.0394607546e-05
1204 3.9199739234e-01 1.1342569504e-05
1205 3.9194865466e-01 1.1909902569e-05
1206 3.9190034862e-01 1.2164659674e-05
1207 3.9185104918e-01 1.2778884703e-05
1208 3.9180221551e-01 1.2696691918e-05
1209 3.9175409739e-01 1.2328433108e-05
1210 3.9170626552e-01 1.0924481777e-05
1211 3.9165601945e-01 1.0217707051e-05
1212 3.9160824556e-01 9.8051268737e-06
1213 3.9156187685e-01 9.2547695404e-06
1214 3.9151433686e-01 9.2174142834e-06
1215 3.9146554220e-01 9.3851917456e-06
1216 3.9141428897e-01 9.1466727126e-06
1217 3.9136516746e-01 9.2725287253e-06
1218 3.9131713526e-01 9.2563081167e-06
1219 3.9126888860e-01 9.2204105070e-06
1220 3.9121821539e-01 9.4568597618e-06
1221 3.9116837101e-01 9.4144033373e-06
1222 3.9111756101e-01 9.2940459891e-06
1223 3.9106730777e-01 9.3511244736e-06
1224 3.9101811399e-01 9.4766572256e-06
1225 3.9097070194e-01 9.9911343181e-06
1226 3.9092278110e-01 9.2743919086e-06
1227 3.9087324356e-01 9.5656400096e-06
1228 3.9082382484e-01 9.7391886733e-06
1229 3.9077221149e-01 1.0318758049e-05
1230 3.9072039739e-01 1.0044319835e-05
1231 3.9066973191e-01 9.7644478667e-06
1232 3.9061932998e-01 9.9156491814e-06
1233 3.9057326005e-01 9.9587417244e-06
1234 3.9052737124e-01 9.8469707699e-06
1235 3.9047844563e-01 9.7342840573e-06
1236 3.9042590976e-01 1.0761199115e-05
1237 3.9037287603e-01 1.1877199748e-05
1238 3.9032052588e-01 1.3366836834e-05
1239 3.9026991128e-01 1.3502830584e-05
1240 3.9021627454e-01 1.2811255578e-05
1241 3.9016282720e-01 1.2558681382e-05
1242 3.9010877441e-01 1.3039314114e-05
1243 3.9005794941e-01 1.3488707122e-05
1244 3.9000865040e-01 1.4349071837e-05
1245 3.8996032057e-01 1.3737804128e-05
1246 3.8990782017e-01 1.2391106733e-05
1247 3.8985380833e-01 1.1773389348e-05
1248 3.8979918338e-01 1.2150464572e-05
1249 3.8974770114e-01 1.2697761906e-05
1250 3.8969515319e-01 1.3178645919e-05
1251 3.8964554847e-01 1.2427894573e-05
1252 3.8959449916e-01 1.0926355346e-05
1253 3.8954064610e-01 1.0259182319e-05
1254 3.8948789241e-01 1.0043720439e-05
1255 3.8943498260e-01 9.8611511954e-06
1256 3.8938238616e-01 1.0183820461e-05
1257 3.8933224542e-01 1.0274415863e-05
1258 3.8928360738e-01 1.0014756928e-05
1259 3.8923534917e-01 9.2701088606e-06
1260 3.8918663494e-01 8.8448388602e-06
1261 3.8914049424e-01 9.5048493077e-06
1262 3.8909757012e-01 9.8106297808e-06
1263 3.8905672203e-01 9.2064918824e-06
1264 3.8901352789e-01 9.7646094273e-06
1265 3.8896918810e-01 1.0503246890e-05
1266 3.8892488558e-01 1.0164855230e-05
1267 3.8887901134e-01 9.0245913614e-06
1268 3.8883464258e-01 9.3462301824e-06
1269 3.8879071365e-01 9.4455903151e-06
1270 3.8874819444e-01 9.2404597252e-06
1271 3.8870393295e-01 9.6593895060e-06
1272 3.8865917053e-01 1.1081739412e-05
1273 3.8861404793e-01 1.1429634879e-05
1274 3.8856921058e-01 1.2551937293e-05
1275 3.8852604488e-01 1.3405283756e-05
1276 3.8848672920e-01 1.2938632062e-05
1277 3.8844343156e-01 1.1121085421e-05
1278 3.8839885261e-01 1.0263621301e-05
1279 3.8835064688e-01 1.0698379705e-05
1280 3.8830385121e-01 1.1919957921e-05
1281 3.8825788939e-01 1.3114616002e-05
1282 3.8821129198e-01 1.1945694904e-05
1283 3.8816313690e-01 1.0685785907e-05
1284 3.8811595985e-01 9.4502964884e-06
1285 3.8807021891e-01 9.6309200243e-06
1286 3.8802743008e-01 1.0198150444e-05
1287 3.8798056487e-01 1.0359954256e-05
1288 3.8793322021e-01 1.0170128686e-05
1289 3.8788489398e-01 9.6202341643e-06
1290 3.8783586041e-01 9.8265558348e-06
1291 3.8778747993e-01 1.0860101041e-05
1292 3.8774203258e-01 1.3455568395e-05
1293 3.8769865896e-01 1.3794420094e-05
1294 3.8765444934e-01 1.2610609024e-05
1295 3.8760791607e-01 1.0392557115e-05
1296 3.8755835144e-01 9.2333131324e-06
1297 3.8750910620e-01 9.0174234122e-06
1298 3.8746004891e-01 9.1788989191e-06
1299 3.8741190277e-01 9.1189857382e-06
1300 3.8736382683e-01 8.9399604389e-06
1301 3.8731597783e-01 8.9240927865e-06
1302 3.8726619199e-01 9.0605454491e-06
1303 3.8721620564e-01 9.1630203219e-06
1304 3.8716617274e-01 9.1634561842e-06
1305 3.8711760568e-01 9.3310304288e-06
1306 3.8707213161e-01 9.6977529893e-06
1307 3.8702631889e-01 9.2553423029e-06
1308 3.8697667661e-01 9.1142009958e-06
1309 3.8692504425e-01 9.8350235838e-06
1310 3.8687170642e-01 1.0491480085e-05
1311 3.8682118378e-01 1.1951879226e-05
1312 3.8677009984e-01 1.2163225504e-05
1313 3.8671695866e-01 1.2616872132e-05
1314 3.8666665557e-01 1.3758521895e-05
1315 3.8661459426e-01 1.2820352576e-05
1316 3.8656009866e-01 1.1578662828e-05
1317 3.8650691335e-01 1.1444628828e-05
1318 3.8645362232e-01 1.0616016009e-05
1319 3.8639771127e-01 9.9978107575e-06
1320 3.8634299015e-01 9.2760570105e-06
1321 3.8628802542e-01 9.2439216288e-06
1322 3.8623314602e-01 9.6412324216e-06
1323 3.8617785226e-01 9.8578791188e-06
1324 3.8612236961e-01 1.0101120500e-05
1325 3.8606465172e-01 1.0183530520e-05
1326 3.8600579631e-01 9.6614164334e-06
1327 3.8594695818e-01 9.5296216138e-06
1328 3.8588415906e-01 9.8375193491e-06
1329 3.8582085660e-01 1.0117094552e-05
1330 3.8575882138e-01 1.0751830315e-05
1331 3.8569802162e-01 1.0230155129e-05
1332 3.8563571732e-01 1.0062788052e-05
1333 3.8557198830e-01 9.6826602720e-06
1334 3.8550927512e-01 1.0206049089e-05
1335 3.8544942254e-01 1.0403671336e-05
1336 3.8538634305e-01 9.9020132250e-06
1337 3.8532240335e-01 9.9790955396e-06
1338 3.8525805566e-01 1.0277405439e-05
1339 3.8519245057e-01 1.0675090064e-05
1340 3.8512371402e-01 1.0741904683e-05
1341 3.8505282005e-01 1.0844612634e-05
1342 3.8498250694e-01 1.0923374552e-05
1343 3.8491052005e-01 1.1303420098e-05
1344 3.8484302278e-01 1.2354609722e-05
1345 3.8478007754e-01 1.1684338766e-05
1346 3.8471399824e-01 1.0390563999e-05
1347 3.8464798425e-01 1.0341067920e-05
1348 3.8458409195e-01 1.0633113798e-05
1349 3.8451597297e-01 1.0524517363e-05
1350 3.8444427730e-01 1.1022523120e-05
1351 3.8437017221e-01 1.3437612024e-05
1352 3.8430155091e-01 1.7412766708e-05
1353 3.8423440304e-01 1.7709282949e-05
1354 3.8416343795e-01 1.5010093379e-05
1355 3.8409081378e-01 1.3728768894e-05
1356 3.8401611842e-01 1.3849072021e-05
1357 3.8394357795e-01 1.5065702202e-05
1358 3.8387245321e-01 1.5422243399e-05
1359 3.8380137531e-01 1.5446802225e-05
1360 3.8373007619e-01 1.5867617945e-05
1361 3.8366201888e-01 1.5960429838e-05
1362 3.8359261462e-01 1.3367774601e-05
1363 3.8352403357e-01 1.1321065723e-05
1364 3.8345686011e-01 1.0570671009e-05
1365 3.8339135209e-01 1.1424519172e-05
1366 3.8332902483e-01 1.2031098442e-05
1367 3.8326507395e-01 1.1450721914e-05
1368 3.8319903794e-01 1.2531339955e-05
1369 3.8313819902e-01 1.5946535334e-05
1370 3.8308160395e-01 1.6029278761e-05
1371 3.8302454769e-01 1.3182408572e-05
1372 3.8296432211e-01 1.1310938682e-05
1373 3.8290616494e-01 1.1859519381e-05
1374 3.8284826776e-01 1.1949129257e-05
1375 3.8279041791e-01 1.1746427619e-05
1376 3.8273428733e-01 1.1085523718e-05
1377 3.8267884235e-01 1.2073350076e-05
1378 3.8262598071e-01 1.2300071504e-05
1379 3.8257090030e-01 1.1051768229e-05
1380 3.8251199743e-01 1.0611430425e-05
1381 3.8245417406e-01 1.1002099787e-05
1382 3.8239764433e-01 1.2007341672e-05
1383 3.8234217437e-01 1.1467446259e-05
1384 3.8228777025e-01 1.1525219212e-05
1385 3.8223468606e-01 1.0696549366e-05
1386 3.8218297725e-01 1.0574301563e-05
1387 3.8213042380e-01 1.0800650789e-05
1388 3.8207841005e-01 1.0638488725e-05
1389 3.8202762906e-01 1.1191397670e-05
1390 3.8198043886e-01 1.0848127879e-05
1391 3.8192984661e-01 1.0452851132e-05
1392 3.8187832604e-01 1.0376195807e-05
1393 3.8182666776e-01 1.0258646033e-05
1394 3.8177714844e-01 1.1999695152e-05
1395 3.8173173061e-01 1.3376023858e-05
1396 3.8168742059e-01 1.2458335695e-05
1397 3.8164284441e-01 1.0810863866e-05
1398 3.8159733746e-01 1.0074060549e-05
1399 3.8155134588e-01 9.8034772675e-06
1400 3.8150471726e-01 9.4593479556e-06
1401 3.8145910083e-01 9.0991511420e-06
1402 3.8141469357e-01 8.5828991516e-06
1403 3.8137019108e-01 8.2322446151e-06
1404 3.8132494344e-01 8.5047994999e-06
1405 3.8128201978e-01 9.3011058418e-06
1406 3.8124117978e-01 1.0368478210e-05
1407 3.8120114334e-01 1.1823563469e-05
1408 3.8116302068e-01 1.2889516833e-05
1409 3.8112669505e-01 1.1492332416e-05
1410 3.8109039672e-01 9.6054176742e-06
1411 3.8105353549e-01 8.1187235595e-06
1412 3.8101596244e-01 7.8117686161e-06
1413 3.8097734893e-01 8.2616258602e-06
1414 3.8093952809e-01 8.6529482532e-06
1415 3.8090514275e-01 8.4411556976e-06
1416 3.8087154443e-01 8.4983740016e-06
1417 3.8083514523e-01 8.7232547768e-06
1418 3.8079784609e-01 9.1555097261e-06
1419 3.8075947396e-01 8.6475368119e-06
1420 3.8072083574e-01 8.0017785877e-06
1421 3.8068236613e-01 7.7722246258e-06
1422 3.8064675413e-01 8.0522723760e-06
1423 3.8060993336e-01 7.7511721991e-06
1424 3.8057385200e-01 7.5100878293e-06
1425 3.8053820794e-01 7.5599784073e-06
1426 3.8050399688e-01 7.8528169596e-06
1427 3.8046947723e-01 7.9485716065e-06
1428 3.8043519369e-01 8.0188575769e-06
1429 3.8040149074e-01 7.9530261848e-06
1430 3.8036732617e-01 7.6017621741e-06
1431 3.8033389080e-01 8.3204924491e-06
1432 3.8030231817e-01 9.6212740408e-06
1433 3.8026995627e-01 9.2373020171e-06
1434 3.8023682811e-01 8.4868708374e-06
1435 3.8020394730e-01 7.9863086504e-06
1436 3.8017098429e-01 7.9795687003e-06
1437 3.8013845680e-01 8.7130388887e-06
1438 3.8010753949e-01 9.6917351655e-06
1439 3.8007802617e-01 9.4479145184e-06
1440 3.8004802895e-01 8.5947193543e-06
1441 3.8001782230e-01 8.3584193500e-06
1442 3.7998814311e-01 8.6899693766e-06
1443 3.7995978579e-01 9.7048455520e-06
1444 3.7993268349e-01 9.4760415498e-06
1445 3.7990544781e-01 8.6706068894e-06
1446 3.7987890998e-01 8.2474015695e-06
1447 3.7985337006e-01 7.5541471629e-06
1448 3.7982894168e-01 7.0946464215e-06
1449 3.7980578315e-01 7.1854609659e-06
1450 3.7978212883e-01 7.4141975105e-06
1451 3.7975729620e-01 7.1432034752e-06
1452 3.7973254969e-01 7.7220777366e-06
1453 3.7970964111e-01 8.7408677446e-06
1454 3.7968641195e-01 9.1960308365e-06
1455 3.7966378499e-01 8.5805549231e-06
1456 3.7964097145e-01 8.1804365198e-06
1457 3.7961861308e-01 7.9826526752e-06
1458 3.7959671212e-01 8.5736520152e-06
1459 3.7957503339e-01 9.0134688233e-06
1460 3.7955346158e-01 8.4292298244e-06
1461 3.7953134376e-01 7.7726015704e-06
1462 3.7950860718e-01 7.2331231913e-06
1463 3.7948554128e-01 7.0599759185e-06
1464 3.7946314167e-01 7.3192991696e-06
1465 3.7944099879e-01 7.1457981024e-06
1466 3.7941844089e-01 7.2001177066e-06
1467 3.7939619886e-01 7.2579772214e-06
1468 3.7937413148e-01 7.7035764468e-06
1469 3.7935281989e-01 9.1951966755e-06
1470 3.7933290263e-01 9.2600573653e-06
1471 3.7931204639e-01 7.8001213798e-06
1472 3.7929065085e-01 7.1460709794e-06
1473 3.7926994174e-01 6.2265418538e-06
1474 3.7924907311e-01 5.7778132806e-06
1475 3.7922797863e-01 5.7087596418e-06
1476 3.7920713351e-01 6.0777679597e-06
1477 3.7918660929e-01 6.3197660968e-06
1478 3.7916649208e-01 6.1967538816e-06
1479 3.7914650506e-01 5.6253956911e-06
1480 3.7912645070e-01 5.9849640500e-06
1481 3.7910636277e-01 6.8852358946e-06
1482 3.7908658436e-01 6.6065752306e-06
1483 3.7906673738e-01 6.2298918787e-06
1484 3.7904712573e-01 6.3241778554e-06
1485 3.7902769303e-01 6.1835289361e-06
1486 3.7900783089e-01 5.7099278923e-06
1487 3.7898713317e-01 5.9144394062e-06
1488 3.7896656399e-01 6.6047462127e-06
1489 3.7894573391e-01 6.8764097262e-06
1490 3.7892559954e-01 7.1946237355e-06
1491 3.7890611252e-01 7.5014075693e-06
1492 3.7888728463e-01 8.8650419399e-06
1493 3.7886961195e-01 8.8752019356e-06
1494 3.7885064817e-01 7.6932667494e-06
1495 3.7883074142e-01 7.7072741093e-06
1496 3.7881117305e-01 8.2823186815e-06
1497 3.7879095962e-01 7.4308011369e-06
1498 3.7877051322e-01 6.5953575514e-06
1499 3.7875088932e-01 6.2132590297e-06
1500 3.7873354288e-01 6.3019015977e-06
1501 3.7871555459e-01 6.1223900958e-06
1502 3.7869556820e-01 5.9866262883e-06
1503 3.7867503567e-01 6.0094609519e-06
1504 3.7865379561e-01 6.3822994706e-06
1505 3.7863360395e-01 6.6436728544e-06
1506 3.7861262022e-01 6.7143230871e-06
1507 3.7859154522e-01 6.6933807406e-06
1508 3.7857111695e-01 6.9063197626e-06
1509 3.7855179391e-01 7.9442648250e-06
1510 3.7853312303e-01 8.4870305798e-06
1511 3.7851432850e-01 8.0023507229e-06
1512 3.7849498711e-01 7.3913986833e-06
1513 3.7847494152e-01 7.0352427543e-06
1514 3.7845582332e-01 7.2783500987e-06
1515 3.7843565027e-01 6.8414537202e-06
1516 3.7841527868e-01 5.9641860284e-06
1517 3.7839495046e-01 5.4285036281e-06
1518 3.7837579705e-01 5.2251613326e-06
1519 3.7835724953e-01 5.4861214883e-06
1520 3.7833892903e-01 5.5663183825e-06
1521 3.7832002521e-01 5.5877182977e-06
1522 3.7830048730e-01 5.6882063206e-06
1523 3.7828074183e-01 5.9609805686e-06
1524 3.7826083746e-01 6.0953516385e-06
1525 3.7824124996e-01 5.8750904932e-06
1526 3.7822236021e-01 5.8861941346e-06
1527 3.7820414018e-01 5.9711437192e-06
1528 3.7818545639e-01 5.7189931851e-06
1529 3.7816628725e-01 5.3545482855e-06
1530 3.7814624982e-01 5.4309696552e-06
1531 3.7812669888e-01 5.7690900805e-06
1532 3.7810776265e-01 6.1098950710e-06
1533 3.7808889223e-01 6.4212616305e-06
1534 3.7806974205e-01 6.3251411943e-06
1535 3.7805051514e-01 6.2442602581e-06
1536 3.7803148351e-01 6.6201670029e-06
1537 3.7801303451e-01 7.1560868933e-06
1538 3.7799524647e-01 6.5879342495e-06
1539 3.7797762178e-01 5.5780918413e-06
1540 3.7795961968e-01 5.1129903446e-06
1541 3.7794257111e-01 5.3625030657e-06
1542 3.7792515671e-01 5.7015463874e-06
1543 3.7790705300e-01 5.8889251212e-06
1544 3.7788880898e-01 6.5199760667e-06
1545 3.7787132467e-01 6.9022437297e-06
1546 3.7785327586e-01 6.2866948132e-06
1547 3.7783465116e-01 5.7037158522e-06
1548 3.7781577252e-01 5.3530960421e-06
1549 3.7779775743e-01 5.3270431540e-06
1550 3.7778045268e-01 5.2800405388e-06
1551 3.7776331667e-01 5.0383473027e-06
1552 3.7774588576e-01 5.1135230133e-06
1553 3.7772873765e-01 5.0742200539e-06
1554 3.7771173860e-01 5.1928200597e-06
1555 3.7769518953e-01 5.3722806231e-06
1556 3.7767987734e-01 5.4001206327e-06
1557 3.7766439432e-01 5.2256832010e-06
1558 3.7764781046e-01 5.3745400803e-06
1559 3.7763059551e-01 5.2491030020e-06
1560 3.7761230668e-01 5.3517129761e-06
1561 3.7759440011e-01 5.5504922409e-06
1562 3.7757598789e-01 5.5114177018e-06
1563 3.7755720731e-01 5.7769923372e-06
1564 3.7753859302e-01 6.2126971723e-06
1565 3.7752121027e-01 7.8530669545e-06
1566 3.7750549316e-01 8.5538458660e-06
1567 3.7748900324e-01 7.0161179281e-06
1568 3.7747106440e-01 6.0188895259e-06
1569 3.7745264578e-01 6.5598476370e-06
1570 3.7743511804e-01 7.0978220875e-06
1571 3.7741659132e-01 7.6988671623e-06
1572 3.7739833102e-01 8.3428912021e-06
1573 3.7737995656e-01 7.3605153342e-06
1574 3.7736025640e-01 6.6050253882e-06
1575 3.7734002570e-01 7.5586869265e-06
1576 3.7732007410e-01 8.9190215326e-06
1577 3.7730053392e-01 8.1319537942e-06
1578 3.7727935664e-01 6.5694836712e-06
1579 3.7725699633e-01 6.1608424933e-06
1580 3.7723501161e-01 6.2995711705e-06
1581 3.7721279843e-01 6.6418707369e-06
1582 3.7719005696e-01 6.2419455996e-06
1583 3.7716631191e-01 6.1976641621e-06
1584 3.7714223576e-01 6.5727482697e-06
1585 3.7711702761e-01 7.3562342956e-06
1586 3.7709249805e-01 7.1673338336e-06
1587 3.7706919385e-01 6.3322364355e-06
1588 3.7704568306e-01 6.4466156545e-06
1589 3.7702143710e-01 7.4075302984e-06
1590 3.7699707902e-01 7.1041013078e-06
1591 3.7697132692e-01 6.4250146471e-06
1592 3.7694533680e-01 7.1215542086e-06
1593 3.7691920613e-01 7.5724628297e-06
1594 3.7689234351e-01 7.4397529094e-06
1595 3.7686371476e-01 8.5995461357e-06
1596 3.7683793415e-01 1.1149435045e-05
1597 3.7681261054e-01 9.7267411308e-06
1598 3.7678435481e-01 7.6009129834e-06
1599 3.7675520705e-01 7.2171250741e-06
1600 3.7672642036e-01 7.1892920244e-06
1601 3.7669876744e-01 7.4304109654e-06
1602 3.7667008579e-01 8.0281499146e-06
1603 3.7664205947e-01 8.2589519197e-06
1604 3.7661339256e-01 7.6104612818e-06
1605 3.7658510322e-01 7.0582623475e-06
1606 3.7655955170e-01 6.1734021410e-06
1607 3.7653444724e-01 5.8043036999e-06
1608 3.7650739473e-01 6.4481457742e-06
1609 3.7648057096e-01 6.6821236202e-06
1610 3.7645442491e-01 6.6629537459e-06
1611 3.7642878314e-01 6.3638657333e-06
1612 3.7640295368e-01 6.4938742108e-06
1613 3.7637850926e-01 7.4178587369e-06
1614 3.7635482805e-01 8.3563821657e-06
1615 3.7633149270e-01 9.5340000455e-06
1616 3.7631043174e-01 8.8986794484e-06
1617 3.7628801438e-01 7.0650214990e-06
1618 3.7626406832e-01 6.4475450998e-06
1619 3.7624021159e-01 7.2180589517e-06
1620 3.7621717353e-01 7.5653019324e-06
1621 3.7619451446e-01 6.9251446475e-06
1622 3.7617214631e-01 6.0205252245e-06
1623 3.7615051569e-01 5.5973818580e-06
1624 3.7613088345e-01 5.7672969860e-06
1625 3.7611172703e-01 6.4463628451e-06
1626 3.7609237773e-01 6.0500136704e-06
1627 3.7607254044e-01 5.8799732353e-06
1628 3.7605367661e-01 5.4076746765e-06
1629 3.7603521140e-01 5.3265130551e-06
1630 3.7601703400e-01 5.4654442087e-06
1631 3.7599863418e-01 5.4418256627e-06
1632 3.7597949981e-01 5.1974628184e-06
1633 3.7595970900e-01 5.0283847382e-06
1634 3.7594039614e-01 5.0612828784e-06
1635 3.7592261919e-01 5.3243556457e-06
1636 3.7590591655e-01 5.3160330254e-06
1637 3.7589002855e-01 5.2968412081e-06
1638 3.7587358819e-01 5.2641320389e-06
1639 3.7585595923e-01 5.1374630793e-06
1640 3.7583858612e-01 5.1417998129e-06
1641 3.7582133727e-01 5.1563112263e-06
1642 3.7580472216e-01 5.3491700887e-06
1643 3.7578826540e-01 4.9120738490e-06
1644 3.7577176771e-01 5.2126295827e-06
1645 3.7575576588e-01 5.0655382787e-06
1646 3.7574037738e-01 4.9099443074e-06
1647 3.7572557763e-01 4.9118339133e-06
1648 3.7571116724e-01 4.8280149300e-06
1649 3.7569603162e-01 4.8433881652e-06
1650 3.7568116610e-01 4.9731988867e-06
1651 3.7566602581e-01 4.8342276982e-06
1652 3.7565084851e-01 4.8618608946e-06
1653 3.7563610240e-01 5.1501270031e-06
1654 3.7562212726e-01 6.0079932456e-06
1655 3.7560876323e-01 7.1735372211e-06
1656 3.7559624606e-01 6.8598505593e-06
1657 3.7558306622e-01 5.8376434783e-06
1658 3.7556994779e-01 6.2108532422e-06
1659 3.7555728264e-01 6.7760165688e-06
1660 3.7554477034e-01 6.4922740899e-06
1661 3.7553155134e-01 5.7183982631e-06
1662 3.7551852590e-01 5.0828138783e-06
1663 3.7550595290e-01 4.5645188564e-06
1664 3.7549389075e-01 4.3446248027e-06
1665 3.7548249304e-01 4.9383823474e-06
1666 3.7547143856e-01 5.2125776580e-06
1667 3.7545997537e-01 4.6646265430e-06
1668 3.7544766562e-01 4.4770613509e-06
1669 3.7543499398e-01 4.4892083733e-06
1670 3.7542299677e-01 4.5847247814e-06
1671 3.7541136452e-01 4.6802992521e-06
1672 3.7540028781e-01 4.1738763294e-06
1673 3.7538957080e-01 4.4921026928e-06
1674 3.7537940531e-01 4.9019931325e-06
1675 3.7536929791e-01 4.7385002379e-06
1676 3.7535891009e-01 4.5378385182e-06
1677 3.7534875436e-01 4.8876421602e-06
1678 3.7533865697e-01 5.3109757883e-06
1679 3.7532854671e-01 5.1001210504e-06
1680 3.7531823464e-01 4.6531425977e-06
1681 3.7530802447e-01 4.6881167626e-06
1682 3.7529843427e-01 4.6248344313e-06
1683 3.7528876620e-01 4.2558545467e-06
1684 3.7527883526e-01 3.9807883196e-06
1685 3.7526873358e-01 3.7181010786e-06
1686 3.7525898568e-01 3.7520836593e-06
1687 3.7524953696e-01 3.9656430041e-06
1688 3.7524055495e-01 4.1403583808e-06
1689 3.7523157399e-01 3.7421635491e-06
1690 3.7522269336e-01 3.6475040205e-06
1691 3.7521420167e-01 3.8972504132e-06
1692 3.7520568141e-01 3.7250766415e-06
1693 3.7519647694e-01 3.6230106692e-06
1694 3.7518694924e-01 3.5440897954e-06
1695 3.7517791664e-01 3.7073354271e-06
1696 3.7516922468e-01 3.6694091456e-06
1697 3.7516072956e-01 4.0902482615e-06
1698 3.7515256955e-01 4.8025065490e-06
1699 3.7514454224e-01 4.9729437962e-06
1700 3.7513609652e-01 4.6559537272e-06
1701 3.7512777921e-01 4.6449356288e-06
1702 3.7511968239e-01 4.6604033332e-06
1703 3.7511103719e-01 4.0445197880e-06
1704 3.7510189122e-01 3.6681008583e-06
1705 3.7509214103e-01 3.5559851412e-06
1706 3.7508225067e-01 3.4669461059e-06
1707 3.7507308033e-01 3.4802727760e-06
1708 3.7506405655e-01 3.5931139903e-06
1709 3.7505471368e-01 3.5774105502e-06
1710 3.7504549184e-01 3.7651383048e-06
1711 3.7503703818e-01 3.9104581682e-06
1712 3.7502821108e-01 3.5764508572e-06
1713 3.7501856715e-01 3.4247217922e-06
1714 3.7500887364e-01 3.8832380293e-06
1715 3.7499965273e-01 4.8575834860e-06
1716 3.7499091121e-01 5.3822476332e-06
1717 3.7498197254e-01 4.6973142510e-06
1718 3.7497261379e-01 4.2758221378e-06
1719 3.7496307429e-01 4.4859481687e-06
1720 3.7495376311e-01 4.4220439084e-06
1721 3.7494359412e-01 4.2121144955e-06
1722 3.7493313324e-01 4.1214666731e-06
1723 3.7492298760e-01 4.4606732874e-06
1724 3.7491331708e-01 4.5148371358e-06
1725 3.7490317666e-01 4.1934377577e-06
1726 3.7489223548e-01 4.0571774963e-06
1727 3.7488123465e-01 4.0066943308e-06
1728 3.7487023777e-01 4.1785379052e-06
1729 3.7485967529e-01 4.1884644995e-06
1730 3.7484870432e-01 3.8363997196e-06
1731 3.7483760172e-01 3.6406895227e-06
1732 3.7482670137e-01 3.4893201218e-06
1733 3.7481594042e-01 3.3735822632e-06
1734 3.7480505978e-01 3.2795951099e-06
1735 3.7479444479e-01 3.2707487578e-06
1736 3.7478365467e-01 3.3946429806e-06
1737 3.7477291472e-01 3.4670764582e-06
1738 3.7476147911e-01 3.5209845615e-06
1739 3.7474959274e-01 3.4286525638e-06
1740 3.7473745712e-01 3.3211504157e-06
1741 3.7472518959e-01 3.3083094409e-06
1742 3.7471276159e-01 3.2980743014e-06
1743 3.7470067284e-01 3.3887498902e-06
1744 3.7468886476e-01 3.3195898518e-06
1745 3.7467715115e-01 3.3285975586e-06
1746 3.7466531047e-01 3.3600419658e-06
1747 3.7465373854e-01 3.4291684957e-06
1748 3.7464233592e-01 3.4644755318e-06
1749 3.7463109811e-01 3.6198664151e-06
1750 3.7461973924e-01 3.5157592506e-06
1751 3.7460819213e-01 3.5605942882e-06
1752 3.7459646620e-01 3.4134415203e-06
1753 3.7458422006e-01 3.3993990928e-06
1754 3.7457159279e-01 3.3701922190e-06
1755 3.7455886339e-01 3.2721745663e-06
1756 3.7454623848e-01 3.2802144157e-06
1757 3.7453360285e-01 3.4601186468e-06
1758 3.7452045341e-01 3.7401907655e-06
1759 3.7450847931e-01 4.9720960674e-06
1760 3.7449726035e-01 6.0046514745e-06
1761 3.7448554708e-01 4.9189842650e-06
1762 3.7447256280e-01 4.0722779486e-06
1763 3.7445942357e-01 3.7727513602e-06
1764 3.7444620222e-01 3.4758147076e-06
1765 3.7443278001e-01 3.4175244826e-06
1766 3.7441951990e-01 3.4841604505e-06
1767 3.7440645019e-01 3.4853532741e-06
1768 3.7439250599e-01 3.3960719004e-06
1769 3.7437825127e-01 3.5056549484e-06
1770 3.7436455695e-01 3.6473397736e-06
1771 3.7435168757e-01 3.9267658973e-06
1772 3.7433927842e-01 3.8252888694e-06
1773 3.7432664521e-01 3.6205241110e-06
1774 3.7431381289e-01 3.6967923583e-06
1775 3.7430114402e-01 3.9364167158e-06
1776 3.7428763608e-01 3.9668955411e-06
1777 3.7427412505e-01 4.0053877906e-06
1778 3.7426045352e-01 4.2714222285e-06
1779 3.7424738728e-01 4.2619141013e-06
1780 3.7423395306e-01 4.1483728692e-06
1781 3.7422063990e-01 3.9576040918e-06
1782 3.7420728081e-01 3.9963535096e-06
1783 3.7419488323e-01 4.0386835445e-06
1784 3.7418206205e-01 3.7830061957e-06
1785 3.7416908261e-01 3.7663289370e-06
1786 3.7415603935e-01 4.3790769847e-06
1787 3.7414377467e-01 5.3407959654e-06
1788 3.7413130339e-01 5.0652211422e-06
1789 3.7411793551e-01 4.2557049986e-06
1790 3.7410402914e-01 3.6509735595e-06
1791 3.7409010893e-01 3.4874933891e-06
1792 3.7407645478e-01 3.5196441594e-06
1793 3.7406288255e-01 3.3788146099e-06
1794 3.7404929498e-01 3.4813926737e-06
1795 3.7403632036e-01 3.6100381478e-06
1796 3.7402376863e-01 3.4335598889e-06
1797 3.7401073718e-01 3.4859208772e-06
1798 3.7399728986e-01 3.6009046960e-06
1799 3.7398402527e-01 3.6604562469e-06
1800 3.7397073698e-01 3.6219483831e-06
1801 3.7395700600e-01 3.6264725515e-06
1802 3.7394369938e-01 3.8431908931e-06
1803 3.7392998994e-01 4.1787943238e-06
1804 3.7391620408e-01 4.9527550351e-06
1805 3.7390289365e-01 5.2931400108e-06
1806 3.7388966407e-01 4.5131991322e-06
1807 3.7387549901e-01 3.6378624925e-06
1808 3.7386083937e-01 3.2343229015e-06
1809 3.7384617129e-01 3.2239173744e-06
1810 3.7383171494e-01 3.1381354055e-06
1811 3.7381747909e-01 3.1251509227e-06
1812 3.7380372067e-01 3.3808341522e-06
1813 3.7379015989e-01 3.9306446979e-06
1814 3.7377678081e-01 4.6591741119e-06
1815 3.7376409085e-01 5.0581274439e-06
1816 3.7375093458e-01 4.2224795785e-06
1817 3.7373678325e-01 3.5362441437e-06
1818 3.7372314539e-01 3.5547190690e-06
1819 3.7370994772e-01 3.2707638282e-06
1820 3.7369650105e-01 3.3631774504e-06
1821 3.7368377393e-01 3.8067579557e-06
1822 3.7367188620e-01 3.6200615007e-06
1823 3.7365826559e-01 3.3139743943e-06
1824 3.7364375472e-01 3.4556194697e-06
1825 3.7362946231e-01 4.1828211378e-06
1826 3.7361594511e-01 4.7745622605e-06
1827 3.7360194941e-01 4.7034817766e-06
1828 3.7358751280e-01 4.1026812048e-06
1829 3.7357286324e-01 3.7341313390e-06
1830 3.7355861387e-01 3.3827069204e-06
1831 3.7354428349e-01 3.2093381004e-06
1832 3.7353053067e-01 3.1974052478e-06
1833 3.7351663209e-01 3.0895127891e-06
1834 3.7350211456e-01 3.0400746782e-06
1835 3.7348664149e-01 3.0462239410e-06
1836 3.7347126171e-01 3.0134402783e-06
1837 3.7345641983e-01 3.1704794092e-06
1838 3.7344223219e-01 3.2430379769e-06
1839 3.7342775429e-01 3.2504741625e-06
1840 3.7341298879e-01 3.4140052478e-06
1841 3.7339879435e-01 3.9664170297e-06
1842 3.7338501639e-01 4.4037768468e-06
1843 3.7337159826e-01 4.5206128841e-06
1844 3.7335808170e-01 3.9672584321e-06
1845 3.7334458717e-01 3.5331153403e-06
1846 3.7333075510e-01 3.3271645192e-06
1847 3.7331678906e-01 3.3480304588e-06
1848 3.7330231758e-01 3.6836491951e-06
1849 3.7328847810e-01 3.8877758017e-06
1850 3.7327469549e-01 3.7611220468e-06
1851 3.7326128544e-01 3.8688480933e-06
1852 3.7324801122e-01 4.0310206047e-06
1853 3.7323481797e-01 4.2871002100e-06
1854 3.7322156843e-01 4.7654330040e-06
1855 3.7320880343e-01 4.3866023864e-06
1856 3.7319559292e-01 3.5773202723e-06
1857 3.7318251327e-01 3.1616651624e-06
1858 3.7316934230e-01 3.1423503119e-06
1859 3.7315638630e-01 3.0377500146e-06
1860 3.7314307889e-01 3.0317767399e-06
1861 3.7312984403e-01 3.0764195579e-06
1862 3.7311657986e-01 2.9533818734e-06
1863 3.7310286402e-01 3.0036949510e-06
1864 3.7308981487e-01 3.2199021617e-06
1865 3.7307718341e-01 3.0633180658e-06
1866 3.7306341644e-01 3.0036168897e-06
1867 3.7304988893e-01 3.0647165932e-06
1868 3.7303705955e-01 3.0127485649e-06
1869 3.7302370055e-01 2.9097684363e-06
1870 3.7300974613e-01 2.7581743884e-06
1871 3.7299569470e-01 2.8095378633e-06
1872 3.7298203428e-01 3.0376291602e-06
1873 3.7296848395e-01 3.0700551481e-06
1874 3.7295467730e-01 3.1350562940e-06
1875 3.7294111804e-01 3.1577580715e-06
1876 3.7292676381e-01 3.1657088872e-06
1877 3.7291260983e-01 3.2239480497e-06
1878 3.7289906232e-01 3.1772807934e-06
1879 3.7288458530e-01 2.9511381494e-06
1880 3.7286979613e-01 2.9326979838e-06
1881 3.7285519361e-01 3.0036144716e-06
1882 3.7284155542e-01 3.1115523293e-06
1883 3.7282789358e-01 3.1129547464e-06
1884 3.7281410874e-01 3.1362147571e-06
1885 3.7280037350e-01 3.1269865997e-06
1886 3.7278612567e-01 3.0426824249e-06
1887 3.7277074204e-01 3.0268212061e-06
1888 3.7275573886e-01 2.9295760922e-06
1889 3.7274008308e-01 3.1479246060e-06
1890 3.7272534440e-01 3.3878874655e-06
1891 3.7271045043e-01 3.5965376147e-06
1892 3.7269491861e-01 4.0332767749e-06
1893 3.7267973067e-01 4.5529229097e-06
1894 3.7266482897e-01 4.5034969007e-06
1895 3.7264900445e-01 3.7850648172e-06
1896 3.7263238162e-01 3.2782346957e-06
1897 3.7261608320e-01 3.0929899499e-06
1898 3.7260052562e-01 3.0969486223e-06
1899 3.7258638607e-01 2.9786801805e-06
1900 3.7257129664e-01 2.9737693807e-06
1901 3.7255556442e-01 3.1966087816e-06
1902 3.7254004095e-01 3.2715612396e-06
1903 3.7252452926e-01 3.2392797168e-06
1904 3.7250836033e-01 3.0811015622e-06
1905 3.7249144014e-01 3.0846103797e-06
1906 3.7247533266e-01 3.1876046987e-06
1907 3.7245846109e-01 3.1579434061e-06
1908 3.7244121257e-01 3.3968539151e-06
1909 3.7242511735e-01 3.8376285385e-06
1910 3.7240939035e-01 4.3540866770e-06
1911 3.7239372903e-01 4.8848702152e-06
1912 3.7237837047e-01 4.3618343144e-06
1913 3.7236207653e-01 3.4654575875e-06
1914 3.7234480159e-01 3.0857879761e-06
1915 3.7232777316e-01 3.0441156839e-06
1916 3.7231168332e-01 3.1011824487e-06
1917 3.7229552066e-01 3.2456551159e-06
1918 3.7227895568e-01 3.3841974102e-06
1919 3.7226204665e-01 3.9199641335e-06
1920 3.7224558555e-01 4.8869558299e-06
1921 3.7223042216e-01 4.6674073172e-06
1922 3.7221427277e-01 3.7697583550e-06
1923 3.7219700407e-01 3.1222473688e-06
1924 3.7217930143e-01 3.0768812624e-06
1925 3.7216159125e-01 3.2220924970e-06
1926 3.7214472687e-01 3.3810055809e-06
1927 3.7212761628e-01 3.3049026690e-06
1928 3.7211049353e-01 3.2888499638e-06
1929 3.7209348022e-01 3.3667841378e-06
1930 3.7207447602e-01 3.2514411691e-06
1931 3.7205398857e-01 3.3949270808e-06
1932 3.7203455145e-01 3.6933124324e-06
1933 3.7201579059e-01 3.6639570322e-06
1934 3.7199671847e-01 3.4008110612e-06
1935 3.7197757800e-01 3.3267561422e-06
1936 3.7195777419e-01 3.1804271723e-06
1937 3.7193686683e-01 3.1907419760e-06
1938 3.7191671998e-01 3.2618445705e-06
1939 3.7189725067e-01 3.1444569751e-06
1940 3.7187773536e-01 3.1468334575e-06
1941 3.7185810576e-01 3.0817533833e-06
1942 3.7183859338e-01 3.0911697546e-06
1943 3.7181868768e-01 3.0348500523e-06
1944 3.7179872319e-01 3.0473275058e-06
1945 3.7177777760e-01 3.1568404613e-06
1946 3.7175787708e-01 3.0506734010e-06
1947 3.7173942758e-01 3.0609176072e-06
1948 3.7171998529e-01 3.0507087447e-06
1949 3.7169966193e-01 2.9626232224e-06
1950 3.7167963208e-01 3.0409865997e-06
1951 3.7166022473e-01 3.3126761289e-06
1952 3.7164036383e-01 3.5324711191e-06
1953 3.7162053987e-01 4.0796825735e-06
1954 3.7160173789e-01 4.4995951738e-06
1955 3.7158300786e-01 4.7249182212e-06
1956 3.7156392592e-01 4.4451990835e-06
1957 3.7154459721e-01 4.1398541880e-06
1958 3.7152394363e-01 3.8787879223e-06
1959 3.7150353816e-01 3.7837274148e-06
1960 3.7148301939e-01 3.6246190149e-06
1961 3.7146144629e-01 3.2402847876e-06
1962 3.7143910183e-01 3.1532418815e-06
1963 3.7141707958e-01 3.1657370085e-06
1964 3.7139494259e-01 3.1621325448e-06
1965 3.7137260481e-01 3.1499813588e-06
1966 3.7134906489e-01 3.1801833545e-06
1967 3.7132513207e-01 3.2096532789e-06
1968 3.7130075419e-01 3.3834274414e-06
1969 3.7127643429e-01 3.4503278472e-06
1970 3.7125319933e-01 3.5264936545e-06
1971 3.7123173264e-01 3.4448435564e-06
1972 3.7120922854e-01 3.4145876226e-06
1973 3.7118582486e-01 3.6701931618e-06
1974 3.7116344350e-01 3.9409108428e-06
1975 3.7114010396e-01 3.5599672721e-06
1976 3.7111532018e-01 3.4813231973e-06
1977 3.7109121751e-01 3.8641410024e-06
1978 3.7106712814e-01 3.6916012337e-06
1979 3.7104111941e-01 3.4629939732e-06
1980 3.7101500557e-01 3.3991789504e-06
1981 3.7098928485e-01 3.5531061393e-06
1982 3.7096433054e-01 4.1377288770e-06
1983 3.7094014383e-01 4.8645475823e-06
1984 3.7091697886e-01 4.8176703084e-06
1985 3.7089320107e-01 4.1912729663e-06
1986 3.7086950991e-01 3.8389826988e-06
1987 3.7084738554e-01 3.7368564621e-06
1988 3.7082487538e-01 3.8827732675e-06
1989 3.7080038130e-01 4.3371889374e-06
1990 3.7077686551e-01 4.7374030082e-06
1991 3.7075306548e-01 4.2177539582e-06
1992 3.7072864699e-01 3.7866926759e-06
1993 3.7070276344e-01 3.8798127638e-06
1994 3.7067720727e-01 4.2808179030e-06
1995 3.7065331361e-01 4.9033997967e-06
1996 3.7062959880e-01 5.1163441947e-06
1997 3.7060676162e-01 4.9813355271e-06
1998 3.7058375963e-01 4.5447858815e-06
1999 3.7056071520e-01 4.5311518963e-06
