iter rel_error rel_residual
0 9.3801608692e-01 3.9867179168e-01
1 9.2045422551e-01 2.1757950364e-01
2 9.0042235815e-01 1.1594037621e-01
3 8.8112726180e-01 6.6836117238e-02
4 8.5766703272e-01 5.5324442487e-02
5 8.3575510427e-01 5.1479279479e-02
6 8.1846271750e-01 4.8583375512e-02
7 8.0257638170e-01 3.5679993995e-02
8 7.9142225389e-01 2.8084319685e-02
9 7.8179797850e-01 2.3782012074e-02
10 7.7201506311e-01 2.1518251933e-02
11 7.6373021426e-01 1.5966895156e-02
12 7.5679528010e-01 1.4573492370e-02
13 7.4877902942e-01 1.4288119757e-02
14 7.3999231682e-01 1.1518866450e-02
15 7.3226326322e-01 1.5372523011e-02
16 7.2631953745e-01 1.6856631459e-02
17 7.2091461210e-01 1.2365464812e-02
18 7.1561089203e-01 8.8862912733e-03
19 7.1050767414e-01 7.6110515682e-03
20 7.0487962446e-01 7.0620910418e-03
21 6.9911697752e-01 7.8048462175e-03
22 6.9253113193e-01 8.0956275940e-03
23 6.8630344372e-01 8.0935161546e-03
24 6.8059783956e-01 8.5743264886e-03
25 6.7438917643e-01 8.7084372223e-03
26 6.6883902146e-01 1.0004132894e-02
27 6.6395749887e-01 1.2302631953e-02
28 6.5842681897e-01 1.1590320147e-02
29 6.5256822123e-01 9.5198487571e-03
30 6.4723398275e-01 7.5089397400e-03
31 6.4211726737e-01 6.6614448204e-03
32 6.3718941178e-01 6.1577318863e-03
33 6.3277050011e-01 5.6074169418e-03
34 6.2855736715e-01 5.2774279043e-03
35 6.2487194633e-01 4.3739062300e-03
36 6.2189535816e-01 4.2158398356e-03
37 6.1925052531e-01 4.3213248990e-03
38 6.1636456225e-01 3.7108835132e-03
39 6.1359722782e-01 3.8433592482e-03
40 6.1042993383e-01 3.5129003748e-03
41 6.0694691750e-01 3.6320634098e-03
42 6.0369982440e-01 3.8968765850e-03
43 6.0039789722e-01 3.2546231084e-03
44 5.9724888552e-01 3.1452986552e-03
45 5.9471250097e-01 3.2549858566e-03
46 5.9169137062e-01 2.9906905972e-03
47 5.8835273379e-01 2.9442403313e-03
48 5.8527593831e-01 3.0587943057e-03
49 5.8195580297e-01 3.0177158501e-03
50 5.7816421990e-01 2.7319928118e-03
51 5.7429465593e-01 2.9339544817e-03
52 5.7094783905e-01 2.9305623518e-03
53 5.6779385862e-01 2.8725007868e-03
54 5.6438616043e-01 2.6320870278e-03
55 5.6116207612e-01 2.9268258725e-03
56 5.5767605463e-01 2.8602343807e-03
57 5.5419468379e-01 3.0336105107e-03
58 5.5080861629e-01 3.3585754754e-03
59 5.4682467915e-01 3.0247065378e-03
60 5.4281911688e-01 2.8184152620e-03
61 5.3891285709e-01 2.9503068483e-03
62 5.3530359730e-01 3.1301812188e-03
63 5.3115961227e-01 3.1793687339e-03
64 5.2730497943e-01 3.0779191576e-03
65 5.2381834094e-01 2.9798551938e-03
66 5.2013057036e-01 3.1398752777e-03
67 5.1692961454e-01 3.6019427936e-03
68 5.1404326665e-01 3.1158594010e-03
69 5.1146119603e-01 2.8412284574e-03
70 5.0935873395e-01 3.4152511436e-03
71 5.0759480079e-01 3.8251308175e-03
72 5.0596758962e-01 3.6836420521e-03
73 5.0440469822e-01 2.8826038202e-03
74 5.0285122211e-01 2.4303965515e-03
75 5.0099191176e-01 1.9528877246e-03
76 4.9915411619e-01 1.7276696031e-03
77 4.9727753491e-01 1.7662698006e-03
78 4.9545468086e-01 2.3886161344e-03
79 4.9396593699e-01 3.2801117205e-03
80 4.9245235970e-01 2.7963011578e-03
81 4.9070908885e-01 2.1611255388e-03
82 4.8903826553e-01 1.7967853379e-03
83 4.8737435138e-01 1.8152011114e-03
84 4.8610653351e-01 2.3764887665e-03
85 4.8499877204e-01 2.1541106634e-03
86 4.8376360078e-01 1.5928219257e-03
87 4.8244346586e-01 1.2844789918e-03
88 4.8119965137e-01 1.3030848663e-03
89 4.7988311229e-01 1.3854505119e-03
90 4.7854753868e-01 1.1963339884e-03
91 4.7727327780e-01 1.2172039671e-03
92 4.7607188619e-01 1.2634126434e-03
93 4.7495048794e-01 1.3574879072e-03
94 4.7388216956e-01 1.6548459885e-03
95 4.7289689209e-01 2.2861198492e-03
96 4.7201927933e-01 1.8088772250e-03
97 4.7106097286e-01 1.1932534102e-03
98 4.7007357313e-01 1.1316048989e-03
99 4.6919381617e-01 1.0693642123e-03
100 4.6839810443e-01 9.8314192149e-04
101 4.6770419796e-01 8.0776493435e-04
102 4.6710623115e-01 8.6103816481e-04
103 4.6649030157e-01 9.7877795355e-04
104 4.6594654941e-01 9.2895783202e-04
105 4.6535153041e-01 8.0497888765e-04
106 4.6482510751e-01 8.7816984277e-04
107 4.6427389580e-01 7.9980280736e-04
108 4.6364483543e-01 8.3064354617e-04
109 4.6300380650e-01 7.2743239828e-04
110 4.6228030831e-01 7.3783920230e-04
111 4.6165933495e-01 6.9581167627e-04
112 4.6102796949e-01 6.6882034609e-04
113 4.6053606692e-01 6.6923943191e-04
114 4.6018796767e-01 6.1788043948e-04
115 4.5979408562e-01 5.6802765421e-04
116 4.5939705118e-01 4.4836441813e-04
117 4.5905216221e-01 4.8505447812e-04
118 4.5873604483e-01 4.7062612369e-04
119 4.5840911858e-01 4.1249684263e-04
120 4.5805524771e-01 4.5351288134e-04
121 4.5775580166e-01 5.0822216526e-04
122 4.5744548596e-01 4.3565745950e-04
123 4.5706581202e-01 4.6405197240e-04
124 4.5663695345e-01 4.4762182436e-04
125 4.5618255275e-01 4.7574010860e-04
126 4.5568339809e-01 4.1938765690e-04
127 4.5514914879e-01 4.4306120196e-04
128 4.5468676154e-01 5.0905174929e-04
129 4.5425660908e-01 4.4810843636e-04
130 4.5375536805e-01 4.1885472461e-04
131 4.5324659235e-01 4.7981894405e-04
132 4.5273869376e-01 6.0328400954e-04
133 4.5229215080e-01 8.8769871438e-04
134 4.5187001584e-01 6.4794688411e-04
135 4.5134816115e-01 4.3354706277e-04
136 4.5078257716e-01 3.9412299357e-04
137 4.5024570732e-01 4.1603612253e-04
138 4.4974133339e-01 5.3324628651e-04
139 4.4928708675e-01 7.0097769115e-04
140 4.4891114107e-01 6.8786275291e-04
141 4.4847936031e-01 4.8324812848e-04
142 4.4800192646e-01 3.8302813980e-04
143 4.4747724623e-01 3.4233956704e-04
144 4.4693649257e-01 3.8506361480e-04
145 4.4643538863e-01 5.5110504963e-04
146 4.4597926956e-01 7.2530649450e-04
147 4.4553195490e-01 5.7357854740e-04
148 4.4500433266e-01 3.6899204358e-04
149 4.4440660720e-01 3.4807587498e-04
150 4.4382824207e-01 3.1432526691e-04
151 4.4330929511e-01 3.1716970370e-04
152 4.4280558856e-01 3.1227226146e-04
153 4.4224699531e-01 3.0022932879e-04
154 4.4168188609e-01 3.2895877126e-04
155 4.4118351797e-01 3.0740024981e-04
156 4.4071332003e-01 2.5993701198e-04
157 4.4030058641e-01 2.8112249681e-04
158 4.3993038768e-01 2.9574567190e-04
159 4.3950842264e-01 3.6022086233e-04
160 4.3914842598e-01 5.1878701248e-04
161 4.3879043262e-01 3.4545628865e-04
162 4.3832677277e-01 2.6183524124e-04
163 4.3783171126e-01 2.5200971954e-04
164 4.3730760487e-01 2.5816140430e-04
165 4.3679161058e-01 2.5736369929e-04
166 4.3629177990e-01 2.4126605824e-04
167 4.3578284405e-01 2.6326763535e-04
168 4.3525694577e-01 2.5086992172e-04
169 4.3462362711e-01 2.4146606524e-04
170 4.3398971395e-01 3.1688860801e-04
171 4.3341607863e-01 3.1375445168e-04
172 4.3281766219e-01 2.4525754466e-04
173 4.3224548066e-01 2.3327622753e-04
174 4.3171451811e-01 2.2643194093e-04
175 4.3114078194e-01 2.3999495986e-04
176 4.3056541356e-01 2.8965519677e-04
177 4.2999856521e-01 3.0270843255e-04
178 4.2942620916e-01 2.7413443311e-04
179 4.2876511889e-01 2.1605810736e-04
180 4.2805216132e-01 2.1619831047e-04
181 4.2740258606e-01 2.2881398166e-04
182 4.2681777989e-01 2.2919525791e-04
183 4.2624641340e-01 2.2353638275e-04
184 4.2557994179e-01 2.0732899608e-04
185 4.2495420938e-01 2.5424123795e-04
186 4.2440976520e-01 2.7475359273e-04
187 4.2384602721e-01 2.4399488551e-04
188 4.2325894328e-01 2.8638033067e-04
189 4.2262148320e-01 2.7348335759e-04
190 4.2203488414e-01 4.4672739614e-04
191 4.2154801297e-01 2.9924585248e-04
192 4.2086935186e-01 2.2086155685e-04
193 4.2013642359e-01 2.1996638063e-04
194 4.1948548295e-01 2.5803883558e-04
195 4.1880281304e-01 2.6294977057e-04
196 4.1810443263e-01 2.7095747115e-04
197 4.1735283261e-01 2.7495191383e-04
198 4.1665283796e-01 3.2780901092e-04
199 4.1590705936e-01 3.1020811279e-04
200 4.1519712852e-01 3.4634651609e-04
201 4.1456535881e-01 3.3773195917e-04
202 4.1385556192e-01 2.9724142130e-04
203 4.1314651797e-01 2.3857984002e-04
204 4.1238575237e-01 2.3898162920e-04
205 4.1153948438e-01 2.2945353036e-04
206 4.1069590976e-01 2.5477380587e-04
207 4.0976881007e-01 2.4361744950e-04
208 4.0875133858e-01 2.8983298453e-04
209 4.0777400129e-01 3.4707181274e-04
210 4.0678962005e-01 3.9465701376e-04
211 4.0566311044e-01 4.3702437125e-04
212 4.0432799918e-01 4.8907931557e-04
213 4.0317808505e-01 6.1094639521e-04
214 4.0200159431e-01 4.0260914461e-04
215 4.0078668819e-01 3.7993204506e-04
216 3.9960587208e-01 3.1297137504e-04
217 3.9847795527e-01 3.0888791164e-04
218 3.9740831294e-01 2.8353338592e-04
219 3.9642986810e-01 3.1896641034e-04
220 3.9554652108e-01 3.5585390983e-04
221 3.9475622464e-01 3.3571014039e-04
222 3.9411254279e-01 3.7931265533e-04
223 3.9351647302e-01 3.0987477811e-04
224 3.9293746130e-01 2.8920022571e-04
225 3.9243344016e-01 4.9929126401e-04
226 3.9208627583e-01 6.0174817910e-04
227 3.9173574773e-01 3.3673954743e-04
228 3.9132134179e-01 2.7779648209e-04
229 3.9097343277e-01 3.1406455739e-04
230 3.9065514377e-01 2.6380239027e-04
231 3.9033941569e-01 2.3915108030e-04
232 3.9009055309e-01 2.3793262287e-04
233 3.8985779658e-01 2.5810392939e-04
234 3.8963759222e-01 2.6090605612e-04
235 3.8946354631e-01 2.7156362005e-04
236 3.8931427684e-01 2.5512222946e-04
237 3.8916106571e-01 2.3361784310e-04
238 3.8902373201e-01 2.1019429108e-04
239 3.8891595671e-01 2.1936219503e-04
240 3.8879835192e-01 2.4679861008e-04
241 3.8869437143e-01 2.8250367936e-04
242 3.8860633075e-01 2.3902962915e-04
243 3.8851241665e-01 2.2465776735e-04
244 3.8839282791e-01 2.3798233593e-04
245 3.8826581196e-01 2.6230870377e-04
246 3.8814874651e-01 3.5522431787e-04
247 3.8806091249e-01 5.8860922670e-04
248 3.8797986467e-01 3.7017568203e-04
249 3.8786864717e-01 2.8293860332e-04
250 3.8773462599e-01 2.9565663066e-04
251 3.8758103850e-01 2.6766286912e-04
252 3.8738584661e-01 2.7982295313e-04
253 3.8716682456e-01 3.8177703981e-04
254 3.8697775856e-01 5.2095979597e-04
255 3.8679816438e-01 4.9550042688e-04
256 3.8656986981e-01 3.3750699866e-04
257 3.8625001124e-01 3.2706655975e-04
258 3.8592240622e-01 4.2002343155e-04
259 3.8560791718e-01 3.2805185675e-04
260 3.8527834216e-01 3.4439167185e-04
261 3.8497437774e-01 3.9241462089e-04
262 3.8467507257e-01 3.7746909396e-04
263 3.8433229345e-01 3.0169556243e-04
264 3.8396497309e-01 4.2618698871e-04
265 3.8366350740e-01 5.3142043752e-04
266 3.8338238204e-01 4.5278453223e-04
267 3.8310063556e-01 3.5332497935e-04
268 3.8283327312e-01 2.9139276759e-04
269 3.8255206981e-01 2.8665924544e-04
270 3.8225797637e-01 2.8287359723e-04
271 3.8197103743e-01 2.7021461388e-04
272 3.8169680810e-01 2.6366609336e-04
273 3.8135572241e-01 2.2977179671e-04
274 3.8095496652e-01 2.2453897774e-04
275 3.8063864579e-01 3.4402927294e-04
276 3.8038636636e-01 2.8166721099e-04
277 3.8007610429e-01 2.4335076294e-04
278 3.7976977706e-01 3.3383860145e-04
279 3.7942158442e-01 2.5800756327e-04
280 3.7903400867e-01 2.3614844781e-04
281 3.7867482667e-01 2.6841686941e-04
282 3.7833074010e-01 2.8301352584e-04
283 3.7802396788e-01 3.3136907246e-04
284 3.7771465966e-01 3.7966273161e-04
285 3.7742876169e-01 3.5174659479e-04
286 3.7709379902e-01 2.4990893261e-04
287 3.7673011783e-01 2.0606776662e-04
288 3.7630526451e-01 1.6877288322e-04
289 3.7588594283e-01 2.1071699371e-04
290 3.7553605637e-01 1.9776280241e-04
291 3.7504889689e-01 1.7820943956e-04
292 3.7453635702e-01 1.8336162700e-04
293 3.7410548219e-01 1.7764365674e-04
294 3.7349516181e-01 1.6912650608e-04
295 3.7280831262e-01 1.6434452450e-04
296 3.7210939537e-01 1.6867633864e-04
297 3.7138258854e-01 1.7837559820e-04
298 3.7080637453e-01 2.0234212692e-04
299 3.7015606135e-01 1.6770925410e-04
300 3.6933755837e-01 1.6011557923e-04
301 3.6861624831e-01 2.2774108158e-04
302 3.6799502981e-01 1.7439927307e-04
303 3.6709351603e-01 1.4761713595e-04
304 3.6610092522e-01 1.5541625503e-04
305 3.6492477984e-01 1.5908966992e-04
306 3.6369141658e-01 2.0218735622e-04
307 3.6257718908e-01 2.3797091235e-04
308 3.6134305595e-01 2.0165063051e-04
309 3.5983570503e-01 2.5789176451e-04
310 3.5857067830e-01 4.8329658295e-04
311 3.5723634944e-01 3.3430391995e-04
312 3.5573264595e-01 3.7591440174e-04
313 3.5455114693e-01 2.8182517121e-04
314 3.5308134090e-01 2.4642650640e-04
315 3.5162439522e-01 2.7457650485e-04
316 3.5022450023e-01 2.4046417278e-04
317 3.4878536651e-01 3.4557591055e-04
318 3.4775015066e-01 5.3598090255e-04
319 3.4646228403e-01 2.3919752360e-04
320 3.4486772384e-01 1.9513506724e-04
321 3.4347581877e-01 2.3153836897e-04
322 3.4223671598e-01 2.1131921415e-04
323 3.4062844429e-01 1.8588277673e-04
324 3.3896508487e-01 1.7934785385e-04
325 3.3737217098e-01 1.8791105093e-04
326 3.3590722884e-01 1.9844264441e-04
327 3.3465312307e-01 2.5744821429e-04
328 3.3341153342e-01 3.2425252334e-04
329 3.3228746371e-01 4.2921706100e-04
330 3.3111453774e-01 2.6657176956e-04
331 3.2976368246e-01 2.1355378293e-04
332 3.2827366424e-01 1.8906898558e-04
333 3.2680524867e-01 2.1664539353e-04
334 3.2549686777e-01 2.1041807976e-04
335 3.2390904075e-01 1.6949386188e-04
336 3.2198683556e-01 2.0032662086e-04
337 3.2025878841e-01 3.3855450255e-04
338 3.1869840191e-01 2.8220948724e-04
339 3.1651596031e-01 1.9492314979e-04
340 3.1438829193e-01 3.5610538185e-04
341 3.1294385053e-01 5.1847280745e-04
342 3.1109752520e-01 2.6019190401e-04
343 3.0894240422e-01 2.2000919440e-04
344 3.0707099792e-01 2.5601128600e-04
345 3.0530110207e-01 2.1906235271e-04
346 3.0335731146e-01 1.9765675783e-04
347 3.0134882983e-01 1.9033056751e-04
348 2.9940093939e-01 2.2838360572e-04
349 2.9805125108e-01 2.3485920238e-04
350 2.9637935861e-01 1.9161613980e-04
351 2.9483542665e-01 2.0599851562e-04
352 2.9350137129e-01 1.9248729084e-04
353 2.9212017156e-01 1.6042465046e-04
354 2.9087267337e-01 1.5583669017e-04
355 2.9001282844e-01 1.9180805314e-04
356 2.8918457426e-01 1.5693036350e-04
357 2.8828069338e-01 1.6948290770e-04
358 2.8734663758e-01 1.6155140680e-04
359 2.8636547301e-01 1.4553645674e-04
360 2.8546197224e-01 1.3903980881e-04
361 2.8464519432e-01 1.5412277901e-04
362 2.8390207952e-01 1.5715995880e-04
363 2.8316642750e-01 1.5317729107e-04
364 2.8251894762e-01 1.5001648631e-04
365 2.8184008024e-01 1.3392452307e-04
366 2.8113681306e-01 1.7969011840e-04
367 2.8062470621e-01 2.6380625401e-04
368 2.8008597380e-01 2.1205650206e-04
369 2.7963466017e-01 1.8731998181e-04
370 2.7909499127e-01 1.1373153023e-04
371 2.7847438904e-01 9.8614453915e-05
372 2.7792734228e-01 1.2145029008e-04
373 2.7752681889e-01 1.6171538033e-04
374 2.7708813588e-01 2.2216842653e-04
375 2.7670505889e-01 1.8525882619e-04
376 2.7617027632e-01 1.2705209472e-04
377 2.7563886687e-01 1.2315194378e-04
378 2.7509200291e-01 1.0722131403e-04
379 2.7449531368e-01 1.1933328602e-04
380 2.7398062564e-01 1.2053075042e-04
381 2.7345551701e-01 1.3035546550e-04
382 2.7297497518e-01 1.2851205107e-04
383 2.7244422632e-01 1.1264884723e-04
384 2.7187429744e-01 1.2904558366e-04
385 2.7134485258e-01 1.3023494925e-04
386 2.7078720468e-01 1.0695776892e-04
387 2.7016645454e-01 1.2850234383e-04
388 2.6954847375e-01 1.3112316207e-04
389 2.6901542095e-01 1.8708201478e-04
390 2.6858563797e-01 2.8575186482e-04
391 2.6816425496e-01 2.1163307899e-04
392 2.6772209098e-01 1.5037468868e-04
393 2.6730804824e-01 1.2590716274e-04
394 2.6690511643e-01 1.0544904490e-04
395 2.6658028379e-01 1.0993913815e-04
396 2.6630162603e-01 9.7615407779e-05
397 2.6601451178e-01 1.0591310426e-04
398 2.6576464806e-01 1.1766264503e-04
399 2.6553777047e-01 1.0205460101e-04
400 2.6531646088e-01 8.4795978816e-05
401 2.6511685718e-01 1.0185150001e-04
402 2.6495100770e-01 9.6577554002e-05
403 2.6478460105e-01 9.1003405738e-05
404 2.6463369348e-01 1.5902618551e-04
405 2.6452597292e-01 1.5566407071e-04
406 2.6438683789e-01 1.1288199763e-04
407 2.6426998061e-01 1.1651341149e-04
408 2.6413602605e-01 7.4964856951e-05
409 2.6401241789e-01 8.3578557353e-05
410 2.6389261363e-01 7.6276438535e-05
411 2.6374267574e-01 7.0645254092e-05
412 2.6360927119e-01 7.7566031367e-05
413 2.6349062426e-01 7.3923971838e-05
414 2.6335003219e-01 6.1976215396e-05
415 2.6319878969e-01 6.1404480898e-05
416 2.6305731214e-01 7.5241477575e-05
417 2.6292931753e-01 7.2999463006e-05
418 2.6278963582e-01 6.1669906748e-05
419 2.6263970868e-01 6.3910170056e-05
420 2.6249974625e-01 7.7528813680e-05
421 2.6236365267e-01 6.2275005825e-05
422 2.6221403226e-01 5.5828039707e-05
423 2.6204889409e-01 8.9455876224e-05
424 2.6192225749e-01 1.4661971680e-04
425 2.6180041669e-01 1.0809443998e-04
426 2.6166068216e-01 9.2542602592e-05
427 2.6151495006e-01 6.6127521580e-05
428 2.6133657298e-01 6.2883357216e-05
429 2.6117077049e-01 8.0661741815e-05
430 2.6100661463e-01 6.7347313917e-05
431 2.6079638727e-01 8.1217680592e-05
432 2.6062382459e-01 1.1536146800e-04
433 2.6044320402e-01 1.0656458820e-04
434 2.6024082844e-01 1.1334794447e-04
435 2.6001255370e-01 1.1212041142e-04
436 2.5979044473e-01 1.4483330109e-04
437 2.5958385301e-01 1.0225880427e-04
438 2.5934532861e-01 1.0268995895e-04
439 2.5912596993e-01 9.9054826728e-05
440 2.5887387243e-01 8.7437932847e-05
441 2.5865667624e-01 9.2414796892e-05
442 2.5849687899e-01 8.5395464848e-05
443 2.5832240623e-01 7.0125593325e-05
444 2.5818317979e-01 8.9488432175e-05
445 2.5803214375e-01 7.1526342080e-05
446 2.5787869824e-01 7.6907701545e-05
447 2.5775403629e-01 7.4786811179e-05
448 2.5758420003e-01 7.0507508785e-05
449 2.5741085063e-01 1.0233572579e-04
450 2.5725014201e-01 7.7562282678e-05
451 2.5706801536e-01 9.7547518431e-05
452 2.5693916823e-01 1.5557880091e-04
453 2.5678839707e-01 8.3066091951e-05
454 2.5662695204e-01 9.6730281227e-05
455 2.5652467957e-01 9.5168944272e-05
456 2.5639323773e-01 7.6803225388e-05
457 2.5626768983e-01 9.3006931319e-05
458 2.5615681647e-01 8.1184360885e-05
459 2.5604414029e-01 7.1118341958e-05
460 2.5593732657e-01 6.7089810471e-05
461 2.5583230216e-01 5.5403947053e-05
462 2.5573158526e-01 5.4348868155e-05
463 2.5563517959e-01 6.3657965840e-05
464 2.5554762033e-01 6.6255786298e-05
465 2.5546554171e-01 5.9247181423e-05
466 2.5538682604e-01 6.5343871917e-05
467 2.5532098107e-01 6.3271721918e-05
468 2.5524897509e-01 6.5170765464e-05
469 2.5517788631e-01 7.2779395831e-05
470 2.5510381050e-01 9.6589041985e-05
471 2.5503782037e-01 1.1041444185e-04
472 2.5497373871e-01 1.0249707632e-04
473 2.5491980114e-01 9.0277543299e-05
474 2.5485432720e-01 5.5441865981e-05
475 2.5477659798e-01 4.6638028871e-05
476 2.5470618082e-01 5.4996793397e-05
477 2.5465262967e-01 6.0035441590e-05
478 2.5459619439e-01 4.9236508847e-05
479 2.5453690970e-01 4.6353910389e-05
480 2.5448814738e-01 5.5710410597e-05
481 2.5444552419e-01 4.9387037565e-05
482 2.5439365434e-01 4.3361385518e-05
483 2.5435878374e-01 5.6916746749e-05
484 2.5432996129e-01 5.4513365708e-05
485 2.5429690746e-01 7.7830562482e-05
486 2.5427209658e-01 9.6683481060e-05
487 2.5424306721e-01 6.1614353991e-05
488 2.5421094392e-01 6.1030551758e-05
489 2.5418404433e-01 4.9147269312e-05
490 2.5416265216e-01 4.1583802295e-05
491 2.5413925600e-01 4.3824529228e-05
492 2.5412143232e-01 6.0358758963e-05
493 2.5410840502e-01 8.3061303826e-05
494 2.5409744266e-01 8.8767693607e-05
495 2.5408468210e-01 5.3630416550e-05
496 2.5407484205e-01 4.9425684934e-05
497 2.5406617632e-01 4.4397462232e-05
498 2.5404819013e-01 4.2131638596e-05
499 2.5403261038e-01 5.1725707557e-05
500 2.5401865732e-01 5.2121881595e-05
501 2.5400428941e-01 4.3216191637e-05
502 2.5398444291e-01 3.9691160419e-05
503 2.5397283981e-01 3.7592322603e-05
504 2.5396420584e-01 4.5893739068e-05
505 2.5395491525e-01 4.4257999555e-05
506 2.5394368233e-01 7.0291019966e-05
507 2.5393901000e-01 9.9293325901e-05
508 2.5393609487e-01 6.2418458755e-05
509 2.5393631748e-01 4.3208612127e-05
510 2.5394088106e-01 4.5050214448e-05
511 2.5394622036e-01 5.1278218879e-05
512 2.5395151797e-01 4.4564927045e-05
513 2.5395784047e-01 4.7898444090e-05
514 2.5396560759e-01 4.4687228164e-05
515 2.5398032077e-01 4.3174567137e-05
516 2.5399590368e-01 4.1716290617e-05
517 2.5401555333e-01 4.0751630156e-05
518 2.5403648544e-01 4.5633864139e-05
519 2.5405437210e-01 4.5683938869e-05
520 2.5407710870e-01 3.6877870582e-05
521 2.5410447878e-01 4.1359032455e-05
522 2.5413013541e-01 4.3187731057e-05
523 2.5416476373e-01 3.5940369385e-05
524 2.5420000646e-01 4.0592168688e-05
525 2.5422875349e-01 4.4777188367e-05
526 2.5426047819e-01 3.8878137357e-05
527 2.5429165052e-01 4.3462017498e-05
528 2.5431758116e-01 4.4182894204e-05
529 2.5435227237e-01 4.2491654628e-05
530 2.5438774404e-01 5.3427592797e-05
531 2.5442469478e-01 9.1858046321e-05
532 2.5445436464e-01 6.3461638645e-05
533 2.5450329129e-01 4.1384073207e-05
534 2.5455761847e-01 4.8993003776e-05
535 2.5461193779e-01 4.7518424809e-05
536 2.5468726151e-01 4.0906119456e-05
537 2.5476938163e-01 5.0318080124e-05
538 2.5483925725e-01 4.9043559955e-05
539 2.5493918638e-01 4.3507541815e-05
540 2.5505263990e-01 5.5646193825e-05
541 2.5516450593e-01 6.1148595417e-05
542 2.5529003047e-01 5.1004698452e-05
543 2.5541377115e-01 4.9425458116e-05
544 2.5553833336e-01 5.4403161417e-05
545 2.5567129649e-01 5.9294768523e-05
546 2.5579569566e-01 6.7627858540e-05
547 2.5591610827e-01 6.9171220399e-05
548 2.5603892942e-01 6.3067120970e-05
549 2.5618295892e-01 6.6286889809e-05
550 2.5630711415e-01 8.5454427464e-05
551 2.5642863167e-01 6.2543390552e-05
552 2.5658291184e-01 4.4313683621e-05
553 2.5674280619e-01 4.7677325808e-05
554 2.5688157952e-01 4.5161681845e-05
555 2.5700666148e-01 4.2904031146e-05
556 2.5714809686e-01 4.5020959650e-05
557 2.5727694723e-01 4.6701556311e-05
558 2.5740319997e-01 5.6873244521e-05
559 2.5750546082e-01 8.7946132283e-05
560 2.5760144781e-01 5.5709307791e-05
561 2.5770670236e-01 4.6573905209e-05
562 2.5780932130e-01 4.1433591643e-05
563 2.5792130574e-01 3.7530257427e-05
564 2.5802476868e-01 4.3176326550e-05
565 2.5812721645e-01 3.7836431375e-05
566 2.5825510279e-01 3.8060644338e-05
567 2.5836258974e-01 4.4989068649e-05
568 2.5849050934e-01 3.8348762385e-05
569 2.5862817933e-01 3.8698988104e-05
570 2.5874627792e-01 5.6503802379e-05
571 2.5882570599e-01 7.6391982350e-05
572 2.5890907166e-01 6.0405121675e-05
573 2.5899579949e-01 4.7374357240e-05
574 2.5908275464e-01 3.9348822589e-05
575 2.5917373059e-01 3.5047427259e-05
576 2.5926847955e-01 3.0760366326e-05
577 2.5936554287e-01 2.9354283461e-05
578 2.5946624993e-01 3.1221118929e-05
579 2.5957027182e-01 3.5320521661e-05
580 2.5967188503e-01 3.5300524073e-05
581 2.5978087730e-01 3.3879390528e-05
582 2.5988897692e-01 4.2516676296e-05
583 2.5999353810e-01 4.4255081551e-05
584 2.6010013284e-01 4.2363645779e-05
585 2.6021252831e-01 3.8305485902e-05
586 2.6031017335e-01 4.4586412470e-05
587 2.6040659668e-01 4.3610164142e-05
588 2.6048377906e-01 4.5205454981e-05
589 2.6056808435e-01 3.9358936780e-05
590 2.6065289822e-01 6.3613446628e-05
591 2.6070983288e-01 7.1647008802e-05
592 2.6078357280e-01 4.2306761897e-05
593 2.6086334093e-01 3.3645430832e-05
594 2.6094640813e-01 3.1187021932e-05
595 2.6103245210e-01 4.0860636312e-05
596 2.6110595862e-01 4.8843099934e-05
597 2.6116975796e-01 3.7920858495e-05
598 2.6123594308e-01 4.9575757558e-05
599 2.6129742051e-01 4.4653887479e-05
600 2.6137268666e-01 3.3133655975e-05
601 2.6144665940e-01 4.7064549612e-05
602 2.6149912212e-01 6.3680317616e-05
603 2.6154766599e-01 3.8523800426e-05
604 2.6159437258e-01 6.1044463002e-05
605 2.6162723753e-01 5.8470143929e-05
606 2.6166865280e-01 5.1432720845e-05
607 2.6169619035e-01 5.7001380565e-05
608 2.6172451586e-01 4.0389553249e-05
609 2.6175065705e-01 5.5682367078e-05
610 2.6177137306e-01 3.9765398775e-05
611 2.6179415485e-01 3.9728093908e-05
612 2.6181158694e-01 4.6828626715e-05
613 2.6183275737e-01 2.8894828265e-05
614 2.6185032015e-01 2.9023904009e-05
615 2.6186715353e-01 4.0111338352e-05
616 2.6188300887e-01 5.0497232794e-05
617 2.6189656178e-01 6.5522233716e-05
618 2.6190603766e-01 4.6848420608e-05
619 2.6191305589e-01 3.4828610473e-05
620 2.6192073300e-01 3.4351094288e-05
621 2.6192468550e-01 2.7421024496e-05
622 2.6192478072e-01 3.4733629545e-05
623 2.6192354145e-01 4.2936277631e-05
624 2.6192192534e-01 3.4146996126e-05
625 2.6191691262e-01 3.8074385838e-05
626 2.6190971084e-01 4.2252194723e-05
627 2.6190175167e-01 4.4431980436e-05
628 2.6189553979e-01 6.6603532189e-05
629 2.6188869310e-01 6.2089826045e-05
630 2.6187889346e-01 6.3898547608e-05
631 2.6187256237e-01 5.2065993500e-05
632 2.6186957503e-01 4.7423424141e-05
633 2.6186881529e-01 4.7549696236e-05
634 2.6186677232e-01 4.8601632153e-05
635 2.6186332915e-01 4.1910210720e-05
636 2.6186221728e-01 3.7695272249e-05
637 2.6186476009e-01 4.1926564096e-05
638 2.6186894015e-01 4.6332488780e-05
639 2.6186980721e-01 4.9291344042e-05
640 2.6187114487e-01 6.3764391585e-05
641 2.6186811468e-01 5.8080747311e-05
642 2.6186034491e-01 4.9242142802e-05
643 2.6184586765e-01 4.7728716311e-05
644 2.6183049181e-01 4.2720620180e-05
645 2.6181566620e-01 4.2557817768e-05
646 2.6180044559e-01 4.4993328983e-05
647 2.6177908422e-01 4.4698500923e-05
648 2.6175179762e-01 4.5464202434e-05
649 2.6171979720e-01 4.2326013170e-05
650 2.6168325992e-01 4.9339232319e-05
651 2.6164757647e-01 6.1382216786e-05
652 2.6160921148e-01 7.3400652608e-05
653 2.6157669287e-01 1.3203162013e-04
654 2.6154595840e-01 7.0012195693e-05
655 2.6150147539e-01 5.3355658771e-05
656 2.6146607620e-01 6.0454302463e-05
657 2.6142263153e-01 5.0578071687e-05
658 2.6137462060e-01 4.8709451252e-05
659 2.6132323629e-01 4.6278504034e-05
660 2.6127136549e-01 5.2617558544e-05
661 2.6122888961e-01 5.2884816963e-05
662 2.6118072520e-01 5.5627516393e-05
663 2.6112595345e-01 9.1670863548e-05
664 2.6108324851e-01 1.1684441098e-04
665 2.6102519886e-01 5.8699809789e-05
666 2.6095040970e-01 5.7439593458e-05
667 2.6089300969e-01 6.2201780092e-05
668 2.6084202493e-01 6.0231195211e-05
669 2.6078255329e-01 5.2472976508e-05
670 2.6072234605e-01 6.2542195420e-05
671 2.6066696034e-01 5.3230375715e-05
672 2.6059690117e-01 5.2463427051e-05
673 2.6054556195e-01 5.4826670359e-05
674 2.6049853137e-01 4.8535345735e-05
675 2.6044408478e-01 5.0210963526e-05
676 2.6039675670e-01 6.3233686540e-05
677 2.6036050649e-01 6.9646985971e-05
678 2.6032139051e-01 5.8025195890e-05
679 2.6026964079e-01 6.0163124578e-05
680 2.6023007224e-01 1.0212664476e-04
681 2.6019871806e-01 1.0035498974e-04
682 2.6015450046e-01 7.3357392742e-05
683 2.6010709263e-01 7.8739678185e-05
684 2.6005992582e-01 6.1829098773e-05
685 2.6001232105e-01 6.4599236524e-05
686 2.5997192499e-01 5.8808697157e-05
687 2.5993324848e-01 5.8581652729e-05
688 2.5989846884e-01 6.0618030417e-05
689 2.5986187514e-01 6.8033630135e-05
690 2.5982561917e-01 1.0579918648e-04
691 2.5979647907e-01 1.0564551426e-04
692 2.5975662241e-01 6.5455266779e-05
693 2.5972139346e-01 6.0268521136e-05
694 2.5969194360e-01 5.3487185304e-05
695 2.5965979420e-01 5.9077034433e-05
696 2.5963349053e-01 5.9223961080e-05
697 2.5960569500e-01 4.6829779009e-05
698 2.5957400145e-01 4.6575856765e-05
699 2.5955482709e-01 5.5270754965e-05
700 2.5954131166e-01 4.7548158200e-05
701 2.5952613324e-01 4.5731526619e-05
702 2.5951776881e-01 5.7032165979e-05
703 2.5951592206e-01 5.6133033056e-05
704 2.5951374925e-01 4.5045225493e-05
705 2.5951971817e-01 4.9795196983e-05
706 2.5953468337e-01 5.1710272217e-05
707 2.5955791715e-01 6.3465335887e-05
708 2.5958408338e-01 5.2009652129e-05
709 2.5961787197e-01 5.0783056999e-05
710 2.5965605028e-01 6.0336663471e-05
711 2.5969913313e-01 5.1711185198e-05
712 2.5975973743e-01 4.7990425380e-05
713 2.5981447044e-01 6.5543307083e-05
714 2.5985422308e-01 6.8519450581e-05
715 2.5989608414e-01 6.4728570223e-05
716 2.5993112509e-01 7.8354390764e-05
717 2.5997120533e-01 6.5802994241e-05
718 2.6000128303e-01 9.5122720757e-05
719 2.6003188291e-01 5.7915492877e-05
720 2.6006970434e-01 4.8819056419e-05
721 2.6010162180e-01 5.7692307192e-05
722 2.6013394084e-01 5.0063694361e-05
723 2.6017046507e-01 4.7568151016e-05
724 2.6020521195e-01 6.7048310426e-05
725 2.6023680271e-01 1.0733985175e-04
726 2.6027095297e-01 6.9906124918e-05
727 2.6031231279e-01 5.8119030090e-05
728 2.6034733681e-01 4.4291665591e-05
729 2.6037781689e-01 4.1722725132e-05
730 2.6040912864e-01 4.1132257820e-05
731 2.6043703569e-01 4.3698169257e-05
732 2.6046688028e-01 4.2079391391e-05
733 2.6049286421e-01 4.8952571484e-05
734 2.6050695310e-01 5.8346632493e-05
735 2.6051564328e-01 4.1366223350e-05
736 2.6051442062e-01 3.6409465760e-05
737 2.6050935543e-01 4.0116030609e-05
738 2.6050111802e-01 5.7066657072e-05
739 2.6048914221e-01 6.5696988243e-05
740 2.6046967370e-01 7.1867051777e-05
741 2.6044566492e-01 7.9698678954e-05
742 2.6041836605e-01 5.2043661533e-05
743 2.6038570314e-01 4.5528485445e-05
744 2.6035411890e-01 4.8099954769e-05
745 2.6032261727e-01 4.3051097442e-05
746 2.6028585983e-01 4.3955210369e-05
747 2.6024819583e-01 4.9816564827e-05
748 2.6020787320e-01 4.8651348617e-05
749 2.6015973998e-01 4.4684011013e-05
750 2.6011736696e-01 6.3572216507e-05
751 2.6007396435e-01 4.9852535216e-05
752 2.6002079903e-01 6.0612230215e-05
753 2.5996948450e-01 8.7314497934e-05
754 2.5992729084e-01 7.7430513051e-05
755 2.5987118428e-01 5.0254507982e-05
756 2.5980787215e-01 4.1076562439e-05
757 2.5973398217e-01 3.7987456909e-05
758 2.5966217323e-01 4.4476593824e-05
759 2.5959700200e-01 4.2523579585e-05
760 2.5952372215e-01 5.0838620646e-05
761 2.5945144652e-01 4.5270006720e-05
762 2.5936271028e-01 4.2845254826e-05
763 2.5925547434e-01 4.1482957169e-05
764 2.5912892732e-01 4.4836158695e-05
765 2.5899174172e-01 5.8858176358e-05
766 2.5886755325e-01 5.0893242765e-05
767 2.5872887041e-01 5.1977360088e-05
768 2.5861191305e-01 5.4705618981e-05
769 2.5846808791e-01 4.9465630141e-05
770 2.5833456292e-01 5.7410872839e-05
771 2.5821596419e-01 5.2721529610e-05
772 2.5808357091e-01 4.7949635797e-05
773 2.5798473476e-01 5.6023401687e-05
774 2.5785610230e-01 4.0540780628e-05
775 2.5771636973e-01 4.2161509553e-05
776 2.5760994486e-01 4.7980796964e-05
777 2.5748570319e-01 3.9461167829e-05
778 2.5734004295e-01 4.0237242648e-05
779 2.5722341935e-01 5.4275084107e-05
780 2.5711979914e-01 5.6479762688e-05
781 2.5700630622e-01 7.3996219472e-05
782 2.5691065965e-01 8.3067828934e-05
783 2.5680407478e-01 5.5876573301e-05
784 2.5668989818e-01 4.8179573998e-05
785 2.5656670483e-01 4.0015888976e-05
786 2.5642951766e-01 4.6618831791e-05
787 2.5630536476e-01 9.3266142044e-05
788 2.5620715741e-01 6.3125119376e-05
789 2.5605922313e-01 3.4342671115e-05
790 2.5591321004e-01 3.1753849501e-05
791 2.5578849114e-01 3.6182321207e-05
792 2.5568586233e-01 3.2245966006e-05
793 2.5558736508e-01 3.2602372237e-05
794 2.5550835646e-01 3.5441981041e-05
795 2.5541886274e-01 2.6171713962e-05
796 2.5533245196e-01 2.6060942824e-05
797 2.5524762586e-01 2.9564149627e-05
798 2.5517154813e-01 4.7267018299e-05
799 2.5511443377e-01 4.4301711473e-05
800 2.5503588156e-01 3.4511275179e-05
801 2.5496308938e-01 5.0588061198e-05
802 2.5489926734e-01 4.3313530095e-05
803 2.5482225267e-01 4.0922173097e-05
804 2.5474521533e-01 3.7264459642e-05
805 2.5465404290e-01 3.1405746046e-05
806 2.5457196073e-01 3.3588089689e-05
807 2.5447864451e-01 2.9659549614e-05
808 2.5438038878e-01 2.6424612490e-05
809 2.5427121431e-01 2.7731228641e-05
810 2.5415141195e-01 4.3913302731e-05
811 2.5405033596e-01 5.5896116142e-05
812 2.5393833955e-01 3.3242026085e-05
813 2.5379549349e-01 2.5611516932e-05
814 2.5365790941e-01 3.8362354585e-05
815 2.5356897952e-01 7.1708524600e-05
816 2.5347318041e-01 5.0158370674e-05
817 2.5337509465e-01 4.9380238634e-05
818 2.5326355808e-01 3.6633584808e-05
819 2.5314184923e-01 3.7603972458e-05
820 2.5302674045e-01 4.1626357659e-05
821 2.5290485649e-01 3.4549321349e-05
822 2.5277048723e-01 3.1124076937e-05
823 2.5262035377e-01 2.6148231965e-05
824 2.5247534080e-01 2.7520538757e-05
825 2.5234871910e-01 3.3178610722e-05
826 2.5222076430e-01 2.9815603248e-05
827 2.5210765876e-01 3.4443691457e-05
828 2.5196957744e-01 2.7340176252e-05
829 2.5180094382e-01 2.9978713265e-05
830 2.5165544383e-01 3.3778037047e-05
831 2.5151638345e-01 2.6847997480e-05
832 2.5136428700e-01 2.8672640688e-05
833 2.5121923257e-01 2.9531653978e-05
834 2.5104873115e-01 3.2157630665e-05
835 2.5086033533e-01 3.7211439143e-05
836 2.5068198639e-01 5.8836349526e-05
837 2.5048620148e-01 5.2161473570e-05
838 2.5030239549e-01 6.9317040780e-05
839 2.5010721944e-01 4.5407142462e-05
840 2.4987893711e-01 5.1820758519e-05
841 2.4969650904e-01 5.2058152214e-05
842 2.4949482647e-01 4.0852349187e-05
843 2.4928929277e-01 4.1604335786e-05
844 2.4909061742e-01 4.7890406301e-05
845 2.4890103663e-01 5.6164130728e-05
846 2.4872748192e-01 7.2230568920e-05
847 2.4854433795e-01 4.7358061109e-05
848 2.4833940383e-01 3.0415675817e-05
849 2.4811010765e-01 2.7923300455e-05
850 2.4792318340e-01 2.6976394012e-05
851 2.4775628436e-01 2.6636716546e-05
852 2.4755262763e-01 2.8639001963e-05
853 2.4737030006e-01 3.0830109248e-05
854 2.4720650091e-01 3.2745148994e-05
855 2.4706239888e-01 3.3151265292e-05
856 2.4691153619e-01 2.8738963463e-05
857 2.4677344109e-01 3.6612223674e-05
858 2.4664251721e-01 2.7874453050e-05
859 2.4646600970e-01 2.5846271427e-05
860 2.4628526910e-01 2.8745068969e-05
861 2.4611011321e-01 2.9803284710e-05
862 2.4592341667e-01 3.3345555760e-05
863 2.4577525489e-01 5.5424928517e-05
864 2.4564260787e-01 5.3665792455e-05
865 2.4550738186e-01 5.9841397789e-05
866 2.4537663798e-01 3.9337132267e-05
867 2.4522581573e-01 2.9041915784e-05
868 2.4508419594e-01 2.5963083289e-05
869 2.4492962621e-01 2.3673950503e-05
870 2.4477969053e-01 2.1652076832e-05
871 2.4465453153e-01 2.2277071688e-05
872 2.4452223226e-01 2.3573018392e-05
873 2.4437714264e-01 2.8380696373e-05
874 2.4427576019e-01 5.5442854964e-05
875 2.4418088286e-01 4.7788486742e-05
876 2.4408947770e-01 5.4002059197e-05
877 2.4399642045e-01 3.0610511053e-05
878 2.4389465977e-01 2.6331319261e-05
879 2.4381312744e-01 2.9944889932e-05
880 2.4373297673e-01 2.8525047701e-05
881 2.4366089019e-01 2.9698565882e-05
882 2.4357800498e-01 2.3061235411e-05
883 2.4349301424e-01 2.7056413474e-05
884 2.4342824849e-01 2.7470218604e-05
885 2.4336131825e-01 2.5477709212e-05
886 2.4330067925e-01 2.6025166672e-05
887 2.4323322446e-01 2.7450658498e-05
888 2.4316384693e-01 3.1359631291e-05
889 2.4310763549e-01 3.2519533655e-05
890 2.4305208328e-01 2.3957971829e-05
891 2.4300286752e-01 2.8052649864e-05
892 2.4296888025e-01 3.0267294841e-05
893 2.4293247969e-01 2.1633572623e-05
894 2.4289718791e-01 3.1068248077e-05
895 2.4286877038e-01 3.9249722668e-05
896 2.4284109774e-01 3.7261157775e-05
897 2.4281585616e-01 4.3064425735e-05
898 2.4279244621e-01 2.7349604545e-05
899 2.4275982284e-01 1.9074796419e-05
900 2.4272488722e-01 2.0357803444e-05
901 2.4269474086e-01 3.0685066916e-05
902 2.4266806421e-01 2.7104884259e-05
903 2.4263808421e-01 2.8510002403e-05
904 2.4261654887e-01 5.1666361737e-05
905 2.4259552955e-01 2.6051184120e-05
906 2.4256688321e-01 2.0413366904e-05
907 2.4254033626e-01 2.0587043983e-05
908 2.4251486474e-01 2.1214641437e-05
909 2.4249484845e-01 2.2911409138e-05
910 2.4247129640e-01 1.9219090197e-05
911 2.4245101014e-01 2.4239568020e-05
912 2.4243096647e-01 1.8075458745e-05
913 2.4240696361e-01 2.0767843693e-05
914 2.4238832834e-01 2.3735949285e-05
915 2.4236633999e-01 1.8420517432e-05
916 2.4234428922e-01 2.0976264390e-05
917 2.4232729931e-01 2.1869290123e-05
918 2.4230745273e-01 1.9376260006e-05
919 2.4228713448e-01 2.3301517465e-05
920 2.4226730590e-01 2.1848746398e-05
921 2.4224916087e-01 2.3631586627e-05
922 2.4223334953e-01 2.1305280805e-05
923 2.4221696536e-01 2.3116633004e-05
924 2.4219998873e-01 2.2492144365e-05
925 2.4218065842e-01 2.3264073651e-05
926 2.4216426773e-01 4.1800857577e-05
927 2.4215146101e-01 3.3512025590e-05
928 2.4213601797e-01 2.8541887864e-05
929 2.4212014116e-01 2.3370955912e-05
930 2.4210209230e-01 2.1001556486e-05
931 2.4208248594e-01 2.1265688566e-05
932 2.4205836926e-01 2.1151714109e-05
933 2.4203266020e-01 2.0444852524e-05
934 2.4200543417e-01 1.7385766324e-05
935 2.4197514166e-01 1.6144839564e-05
936 2.4194389466e-01 2.5718332498e-05
937 2.4192042167e-01 2.5235708622e-05
938 2.4188864104e-01 2.3181196165e-05
939 2.4185873752e-01 3.3325127081e-05
940 2.4182217548e-01 3.1150915707e-05
941 2.4179172487e-01 3.6857283833e-05
942 2.4175075173e-01 1.7118120137e-05
943 2.4170451090e-01 1.4682147409e-05
944 2.4165445769e-01 1.6342415709e-05
945 2.4160564700e-01 1.9326838648e-05
946 2.4156395812e-01 1.8274164891e-05
947 2.4151547089e-01 1.7939957966e-05
948 2.4146747506e-01 1.8803143208e-05
949 2.4142332742e-01 1.7012598607e-05
950 2.4137866004e-01 1.6138474835e-05
951 2.4134382654e-01 1.7375579250e-05
952 2.4130508041e-01 1.7561357626e-05
953 2.4126555700e-01 2.6832417341e-05
954 2.4123882281e-01 4.0830901452e-05
955 2.4121195411e-01 2.8624932216e-05
956 2.4118430411e-01 1.9396247164e-05
957 2.4115524466e-01 1.4266219396e-05
958 2.4112754248e-01 1.3893780863e-05
959 2.4110321509e-01 1.4651264644e-05
960 2.4108294938e-01 1.7335732590e-05
961 2.4106829778e-01 1.9712440659e-05
962 2.4105534767e-01 1.6749420459e-05
963 2.4104390080e-01 1.8391745015e-05
964 2.4103357734e-01 1.8073147947e-05
965 2.4102564873e-01 3.1392904823e-05
966 2.4101930772e-01 3.3110162246e-05
967 2.4101078901e-01 2.1061651606e-05
968 2.4100082506e-01 1.6112822271e-05
969 2.4099193863e-01 1.4495547606e-05
970 2.4098443473e-01 1.4227198586e-05
971 2.4097629493e-01 1.2245686773e-05
972 2.4096683275e-01 1.3376088790e-05
973 2.4095957649e-01 1.6702833075e-05
974 2.4095385691e-01 1.4318683079e-05
975 2.4094607781e-01 1.3000284527e-05
976 2.4094070967e-01 1.4801470642e-05
977 2.4093746966e-01 1.9659478605e-05
978 2.4093710605e-01 2.0069663290e-05
979 2.4093586405e-01 1.6059680828e-05
980 2.4093596733e-01 1.6973977490e-05
981 2.4093661786e-01 3.0141181972e-05
982 2.4093771285e-01 2.7798395489e-05
983 2.4093923683e-01 2.9382490759e-05
984 2.4094069288e-01 1.5247483745e-05
985 2.4094424328e-01 1.7221733563e-05
986 2.4094797657e-01 2.1182945309e-05
987 2.4095045301e-01 1.6289022866e-05
988 2.4095259030e-01 1.8353511577e-05
989 2.4095422658e-01 1.6099485038e-05
990 2.4095536050e-01 1.8961171149e-05
991 2.4095782207e-01 1.6653561713e-05
992 2.4096026869e-01 1.4932623570e-05
993 2.4096129317e-01 1.7185789891e-05
994 2.4096157818e-01 1.8703404829e-05
995 2.4096255391e-01 2.7702767446e-05
996 2.4096320083e-01 2.4745340973e-05
997 2.4096232237e-01 2.0719913740e-05
998 2.4096222670e-01 1.4640937975e-05
999 2.4096310255e-01 1.2915711547e-05
1000 2.4096394785e-01 1.2831643904e-05
1001 2.4096481369e-01 1.2335005536e-05
1002 2.4096601682e-01 1.3785974192e-05
1003 2.4096773731e-01 1.1793932562e-05
1004 2.4097023155e-01 1.2613792808e-05
1005 2.4097133073e-01 1.5464501234e-05
1006 2.4097270586e-01 1.0538864869e-05
1007 2.4097626890e-01 1.5706608681e-05
1008 2.4097889450e-01 1.6124445967e-05
1009 2.4098135181e-01 1.2127778871e-05
1010 2.4098385418e-01 1.4002092233e-05
1011 2.4098524824e-01 2.2622873080e-05
1012 2.4098607847e-01 2.8678467325e-05
1013 2.4098695142e-01 2.2443265181e-05
1014 2.4098796142e-01 1.9218020072e-05
1015 2.4098768395e-01 1.4618025937e-05
1016 2.4098565944e-01 1.5649522170e-05
1017 2.4098276202e-01 1.6419814978e-05
1018 2.4097942204e-01 1.3226866113e-05
1019 2.4097571232e-01 1.4108956106e-05
1020 2.4097151372e-01 1.7478475073e-05
1021 2.4096656701e-01 1.2416796677e-05
1022 2.4095893800e-01 1.2478778959e-05
1023 2.4095306282e-01 1.6594150546e-05
1024 2.4094595585e-01 1.2013686511e-05
1025 2.4093339056e-01 1.2622265718e-05
1026 2.4092295163e-01 1.8452638211e-05
1027 2.4091373672e-01 2.2189551307e-05
1028 2.4090177192e-01 2.7198603848e-05
1029 2.4088902723e-01 1.7715133953e-05
1030 2.4086840265e-01 1.2213680191e-05
1031 2.4084678214e-01 2.1279154730e-05
1032 2.4082681597e-01 1.6963947941e-05
1033 2.4079641345e-01 1.3753645773e-05
1034 2.4076686345e-01 1.9692707541e-05
1035 2.4074164542e-01 1.7887257573e-05
1036 2.4070604859e-01 1.2826494955e-05
1037 2.4067334438e-01 1.6704672658e-05
1038 2.4063982488e-01 1.5017609114e-05
1039 2.4059998909e-01 1.6651481963e-05
1040 2.4055928768e-01 1.5285394315e-05
1041 2.4051127015e-01 1.5225801034e-05
1042 2.4046374048e-01 1.6458009695e-05
1043 2.4042051685e-01 1.7975260750e-05
1044 2.4037561029e-01 2.1061724845e-05
1045 2.4033385242e-01 1.9369842871e-05
1046 2.4027797015e-01 1.7462953203e-05
1047 2.4022105558e-01 2.7212615754e-05
1048 2.4017216862e-01 4.0807492388e-05
1049 2.4011475128e-01 2.1419396157e-05
1050 2.4003649187e-01 1.7075837776e-05
1051 2.3996704819e-01 2.0858612179e-05
1052 2.3990056703e-01 1.8994861014e-05
1053 2.3981140478e-01 1.8810178920e-05
1054 2.3971440026e-01 2.0989665984e-05
1055 2.3961425599e-01 2.3015125246e-05
1056 2.3950785995e-01 2.6452893147e-05
1057 2.3941498481e-01 3.5169601160e-05
1058 2.3932005762e-01 4.9140137174e-05
1059 2.3922918522e-01 3.7621719653e-05
1060 2.3911320037e-01 2.5054760069e-05
1061 2.3899655421e-01 2.7744915548e-05
1062 2.3886939058e-01 2.6120020589e-05
1063 2.3873267580e-01 2.2578127425e-05
1064 2.3858240440e-01 2.1385826677e-05
1065 2.3845009497e-01 2.4883440075e-05
1066 2.3832417125e-01 2.2082753562e-05
1067 2.3814922668e-01 2.4075674669e-05
1068 2.3800016613e-01 4.9524145758e-05
1069 2.3787467802e-01 5.2036339195e-05
1070 2.3773555262e-01 4.0688201359e-05
1071 2.3758683429e-01 2.4673196626e-05
1072 2.3743394808e-01 2.6723438410e-05
1073 2.3731198544e-01 2.5681474621e-05
1074 2.3713502602e-01 2.2904139215e-05
1075 2.3699969919e-01 3.1631230203e-05
1076 2.3686868453e-01 2.3832964251e-05
1077 2.3670375613e-01 2.7806331392e-05
1078 2.3656210031e-01 2.8680563043e-05
1079 2.3641011219e-01 2.2993221926e-05
1080 2.3625358620e-01 2.3802379443e-05
1081 2.3610060290e-01 2.4731958383e-05
1082 2.3595744643e-01 2.5666002134e-05
1083 2.3581211669e-01 3.1377440783e-05
1084 2.3569593134e-01 3.9137584636e-05
1085 2.3557822294e-01 4.8621119411e-05
1086 2.3548216218e-01 4.3035648590e-05
1087 2.3535406753e-01 2.5009325248e-05
1088 2.3523794375e-01 2.8065303729e-05
1089 2.3514840882e-01 2.6553869986e-05
1090 2.3503811039e-01 2.1894796391e-05
1091 2.3493261726e-01 2.4914939283e-05
1092 2.3483860920e-01 2.1372024344e-05
1093 2.3472462474e-01 2.2321198094e-05
1094 2.3462131298e-01 2.7328753022e-05
1095 2.3449778530e-01 2.0641672551e-05
1096 2.3436283014e-01 2.7022076851e-05
1097 2.3424909878e-01 3.0594860630e-05
1098 2.3411991737e-01 2.3670485718e-05
1099 2.3400560586e-01 3.1881202682e-05
1100 2.3389621378e-01 2.3952653324e-05
1101 2.3373681435e-01 2.1230252513e-05
1102 2.3357611584e-01 2.3568357883e-05
1103 2.3341871915e-01 2.8397807874e-05
1104 2.3328949540e-01 3.2562073866e-05
1105 2.3313963701e-01 4.2528835646e-05
1106 2.3300647373e-01 6.0898472278e-05
1107 2.3287787442e-01 3.4205353519e-05
1108 2.3272107039e-01 2.0976628053e-05
1109 2.3256138608e-01 2.1509816870e-05
1110 2.3241576610e-01 2.8629386155e-05
1111 2.3228512490e-01 2.9093069801e-05
1112 2.3214539216e-01 2.6018469865e-05
1113 2.3199918836e-01 2.5365082341e-05
1114 2.3184863117e-01 4.6105621642e-05
1115 2.3174300736e-01 6.0528740601e-05
1116 2.3159752498e-01 3.3188556555e-05
1117 2.3146767737e-01 2.8044872504e-05
1118 2.3133473233e-01 2.6552397556e-05
1119 2.3121632031e-01 2.4017199295e-05
1120 2.3108842625e-01 2.0192612158e-05
1121 2.3095173968e-01 2.1356524771e-05
1122 2.3083510812e-01 2.8049379697e-05
1123 2.3074969434e-01 2.6227518739e-05
1124 2.3064570822e-01 2.3880957822e-05
1125 2.3052964693e-01 2.2371742079e-05
1126 2.3040301625e-01 2.3905192927e-05
1127 2.3031142972e-01 3.2045542326e-05
1128 2.3022099751e-01 3.0475808230e-05
1129 2.3012438609e-01 4.1912864876e-05
1130 2.3004752543e-01 5.0883528427e-05
1131 2.2996177718e-01 2.6273812907e-05
1132 2.2986489348e-01 2.2580443136e-05
1133 2.2976651445e-01 2.3324351468e-05
1134 2.2969167864e-01 2.5800040506e-05
1135 2.2961329171e-01 2.0881904689e-05
1136 2.2953590235e-01 2.3855083268e-05
1137 2.2946193613e-01 2.1265828639e-05
1138 2.2938909430e-01 1.9334387183e-05
1139 2.2932274322e-01 1.7683440044e-05
1140 2.2925479335e-01 1.9098711434e-05
1141 2.2919507816e-01 2.4909272007e-05
1142 2.2913712637e-01 3.5349632840e-05
1143 2.2909061837e-01 4.1252034028e-05
1144 2.2903926259e-01 2.5482625878e-05
1145 2.2898396644e-01 2.3250657683e-05
1146 2.2893328795e-01 2.0709279143e-05
1147 2.2887827888e-01 1.7469233117e-05
1148 2.2883031768e-01 2.1342055000e-05
1149 2.2878520276e-01 1.9954217548e-05
1150 2.2873257564e-01 1.7939226085e-05
1151 2.2868525149e-01 2.2029009808e-05
1152 2.2863467070e-01 1.6018145814e-05
1153 2.2858212184e-01 1.7809458378e-05
1154 2.2853863638e-01 1.8387129345e-05
1155 2.2848748777e-01 1.5730332373e-05
1156 2.2843381390e-01 1.4664831232e-05
1157 2.2838703758e-01 2.2507982661e-05
1158 2.2834475780e-01 2.9323304353e-05
1159 2.2830373891e-01 2.5747472968e-05
1160 2.2826631385e-01 2.4631463626e-05
1161 2.2823211635e-01 4.7108875356e-05
1162 2.2820248833e-01 2.7904130214e-05
1163 2.2815992583e-01 1.8659169150e-05
1164 2.2813154927e-01 2.6287479357e-05
1165 2.2810712780e-01 1.5953471310e-05
1166 2.2808034433e-01 2.1269740680e-05
1167 2.2806187918e-01 2.1920476097e-05
1168 2.2804214682e-01 1.9067567064e-05
1169 2.2802705309e-01 2.1138430705e-05
1170 2.2801391595e-01 2.0589397501e-05
1171 2.2800082052e-01 1.8715658716e-05
1172 2.2798867328e-01 2.1031700022e-05
1173 2.2797674002e-01 1.8385656599e-05
1174 2.2796249889e-01 1.9356830219e-05
1175 2.2795031046e-01 3.0208284412e-05
1176 2.2793991711e-01 2.2349945456e-05
1177 2.2792994973e-01 3.7248641342e-05
1178 2.2792314537e-01 2.5767277113e-05
1179 2.2791272475e-01 1.6777956852e-05
1180 2.2790442670e-01 1.8200649794e-05
1181 2.2789642574e-01 1.7743860884e-05
1182 2.2788860956e-01 1.5734430097e-05
1183 2.2787975455e-01 1.3956683742e-05
1184 2.2787284070e-01 1.3556933616e-05
1185 2.2786524937e-01 1.3850892704e-05
1186 2.2785696494e-01 1.3875790015e-05
1187 2.2784817492e-01 1.4544662227e-05
1188 2.2783993382e-01 1.6104755642e-05
1189 2.2783061928e-01 1.4199771369e-05
1190 2.2782047293e-01 1.5356071027e-05
1191 2.2781016883e-01 3.2856248680e-05
1192 2.2780288779e-01 2.7474918932e-05
1193 2.2779119053e-01 1.4669546342e-05
1194 2.2778170877e-01 1.5919577365e-05
1195 2.2777285959e-01 1.1862159359e-05
1196 2.2776323788e-01 1.2357883139e-05
1197 2.2775673111e-01 1.4788641824e-05
1198 2.2774892423e-01 1.2595569486e-05
1199 2.2773917879e-01 1.2225197492e-05
1200 2.2773163138e-01 1.2864470239e-05
1201 2.2772476897e-01 1.2101775062e-05
1202 2.2771686730e-01 1.3326613149e-05
1203 2.2770953835e-01 1.3864272537e-05
1204 2.2770056138e-01 2.0323259828e-05
1205 2.2769287883e-01 2.8230223219e-05
1206 2.2768401763e-01 2.3146619555e-05
1207 2.2767501411e-01 1.5727088289e-05
1208 2.2766304473e-01 1.1612352214e-05
1209 2.2765050604e-01 1.1960566977e-05
1210 2.2763733575e-01 1.1608536239e-05
1211 2.2762331953e-01 1.3481867496e-05
1212 2.2760767725e-01 1.1387848548e-05
1213 2.2759104087e-01 1.3510574191e-05
1214 2.2757648830e-01 1.2353061232e-05
1215 2.2755855586e-01 1.2043708309e-05
1216 2.2753921823e-01 1.0814858951e-05
1217 2.2751943764e-01 1.1183159661e-05
1218 2.2749957547e-01 1.0935434813e-05
1219 2.2747311537e-01 1.1991451963e-05
1220 2.2744867631e-01 1.7824653882e-05
1221 2.2742529392e-01 2.4225114424e-05
1222 2.2740427315e-01 1.8898057207e-05
1223 2.2737377638e-01 1.3947937767e-05
1224 2.2734185220e-01 1.7797115099e-05
1225 2.2731153635e-01 1.3225001616e-05
1226 2.2727210467e-01 9.6943203856e-06
1227 2.2723518105e-01 8.8432938711e-06
1228 2.2719671930e-01 8.3272167439e-06
1229 2.2715370737e-01 1.0759185877e-05
1230 2.2712134370e-01 1.2332242638e-05
1231 2.2708340090e-01 9.5776230706e-06
1232 2.2703900828e-01 8.8292405307e-06
1233 2.2700049172e-01 1.0024352864e-05
1234 2.2696444586e-01 1.0134382529e-05
1235 2.2692461341e-01 1.5232059017e-05
1236 2.2689412935e-01 2.1505996656e-05
1237 2.2685982098e-01 1.2460581876e-05
1238 2.2681977196e-01 1.0350676060e-05
1239 2.2678392480e-01 9.2710992833e-06
1240 2.2674497848e-01 9.0152279779e-06
1241 2.2670030336e-01 8.7943591342e-06
1242 2.2664408955e-01 7.9703204123e-06
1243 2.2658987090e-01 9.1944348130e-06
1244 2.2654118130e-01 9.5572007527e-06
1245 2.2647493509e-01 8.2404220578e-06
1246 2.2640153839e-01 1.1899004485e-05
1247 2.2634916984e-01 1.3358996504e-05
1248 2.2627481040e-01 1.0522461586e-05
1249 2.2620290704e-01 1.5494293301e-05
1250 2.2615073502e-01 1.7047128225e-05
1251 2.2607741136e-01 1.3811323512e-05
1252 2.2601680087e-01 1.6878537943e-05
1253 2.2595308033e-01 1.1041253176e-05
1254 2.2587947458e-01 1.1071053692e-05
1255 2.2581080837e-01 9.3581577924e-06
1256 2.2573326612e-01 8.9492710587e-06
1257 2.2566069121e-01 9.6432753727e-06
1258 2.2559024223e-01 9.7742838577e-06
1259 2.2553145200e-01 1.1154925429e-05
1260 2.2546967943e-01 1.0464472637e-05
1261 2.2539948141e-01 9.0901788027e-06
1262 2.2532192469e-01 9.0095080254e-06
1263 2.2525758578e-01 9.7089590645e-06
1264 2.2518532398e-01 8.4307946079e-06
1265 2.2511183540e-01 1.9392451464e-05
1266 2.2507025724e-01 2.0175415719e-05
1267 2.2500359348e-01 9.2114627843e-06
1268 2.2493403779e-01 9.5135974352e-06
1269 2.2486996581e-01 9.6728746540e-06
1270 2.2480819268e-01 1.0705227519e-05
1271 2.2475129074e-01 8.4390821093e-06
1272 2.2468090549e-01 1.0469036192e-05
1273 2.2462297872e-01 1.2915964705e-05
1274 2.2456026368e-01 1.0779841080e-05
1275 2.2449650980e-01 1.1250425926e-05
1276 2.2444057460e-01 1.2592167090e-05
1277 2.2438344411e-01 1.3160821791e-05
1278 2.2433100215e-01 2.0081218349e-05
1279 2.2428623337e-01 1.6073556853e-05
1280 2.2422828849e-01 7.8968519946e-06
1281 2.2416366799e-01 8.1514508428e-06
1282 2.2411182192e-01 9.4812952241e-06
1283 2.2405213512e-01 7.9505479587e-06
1284 2.2399342203e-01 7.9347517392e-06
1285 2.2392960976e-01 8.5673509127e-06
1286 2.2387120482e-01 1.0340934778e-05
1287 2.2380500289e-01 8.1190120578e-06
1288 2.2373073387e-01 9.1130654204e-06
1289 2.2366703628e-01 1.2285135023e-05
1290 2.2359948566e-01 9.2880060375e-06
1291 2.2352720438e-01 1.0683046501e-05
1292 2.2344913043e-01 1.0355272936e-05
1293 2.2336778786e-01 1.4886030069e-05
1294 2.2328077893e-01 1.3424854561e-05
1295 2.2318289094e-01 2.5084309021e-05
1296 2.2310144088e-01 1.8027351653e-05
1297 2.2297800587e-01 1.5382205670e-05
1298 2.2286612779e-01 1.7802693933e-05
1299 2.2274433704e-01 1.6880816286e-05
1300 2.2261577510e-01 1.4305699666e-05
1301 2.2246375292e-01 1.4263715598e-05
1302 2.2232579614e-01 1.4329671358e-05
1303 2.2218400788e-01 1.1793554820e-05
1304 2.2205135383e-01 1.5634047206e-05
1305 2.2193345551e-01 1.2754302040e-05
1306 2.2178676421e-01 1.0749113584e-05
1307 2.2164959802e-01 1.6410918427e-05
1308 2.2153036371e-01 1.9804918075e-05
1309 2.2142673486e-01 2.6153247392e-05
1310 2.2132324322e-01 2.3659660299e-05
1311 2.2120705102e-01 1.7731711961e-05
1312 2.2106841305e-01 1.2111988168e-05
1313 2.2094080055e-01 1.5181363489e-05
1314 2.2082001439e-01 1.2627870552e-05
1315 2.2068308274e-01 1.5274528563e-05
1316 2.2057705449e-01 1.2974920414e-05
1317 2.2042669216e-01 1.1614870862e-05
1318 2.2030214012e-01 1.4689116494e-05
1319 2.2017743688e-01 1.1149640894e-05
1320 2.2005482088e-01 1.3083641472e-05
1321 2.1994027961e-01 1.3146260734e-05
1322 2.1981948583e-01 1.1776184619e-05
1323 2.1969997042e-01 1.2891894670e-05
1324 2.1958242733e-01 1.5304781496e-05
1325 2.1946901717e-01 2.0160045986e-05
1326 2.1936160073e-01 2.9296907445e-05
1327 2.1926411005e-01 2.2616936937e-05
1328 2.1913323996e-01 1.4315674560e-05
1329 2.1900653309e-01 1.2938946213e-05
1330 2.1887474995e-01 1.1687992722e-05
1331 2.1875023356e-01 1.5427041977e-05
1332 2.1864255513e-01 1.4088456788e-05
1333 2.1852808437e-01 1.4342773419e-05
1334 2.1841038267e-01 1.4767269488e-05
1335 2.1828475469e-01 1.2481842435e-05
1336 2.1816363198e-01 1.3223666356e-05
1337 2.1804075443e-01 1.5565380087e-05
1338 2.1792731768e-01 1.6231043432e-05
1339 2.1780400193e-01 2.1488815203e-05
1340 2.1771934996e-01 3.1530829642e-05
1341 2.1759861005e-01 1.1495675879e-05
1342 2.1746608652e-01 1.3908004829e-05
1343 2.1737281648e-01 1.5505266947e-05
1344 2.1728313117e-01 1.4261320654e-05
1345 2.1719122238e-01 1.1686741292e-05
1346 2.1708929791e-01 1.0861396060e-05
1347 2.1699412921e-01 1.2955091608e-05
1348 2.1690184151e-01 1.3407404104e-05
1349 2.1680943188e-01 1.3138233710e-05
1350 2.1671657156e-01 1.0488208379e-05
1351 2.1662026891e-01 9.8817673351e-06
1352 2.1653474069e-01 1.1927260425e-05
1353 2.1647462420e-01 1.4229166228e-05
1354 2.1640106930e-01 1.0819278730e-05
1355 2.1632799207e-01 1.6622676618e-05
1356 2.1625712435e-01 2.0111181888e-05
1357 2.1618425739e-01 2.4381360980e-05
1358 2.1610174504e-01 2.1014883013e-05
1359 2.1601544732e-01 2.0575125853e-05
1360 2.1591351677e-01 1.2038245312e-05
1361 2.1580531831e-01 1.4856929011e-05
1362 2.1569627006e-01 1.8273628187e-05
1363 2.1558871150e-01 1.9929884655e-05
1364 2.1546503749e-01 1.2933805219e-05
1365 2.1531314696e-01 1.2666984959e-05
1366 2.1517992836e-01 1.5781327408e-05
1367 2.1506446430e-01 1.6998123409e-05
1368 2.1495305586e-01 2.3794464675e-05
1369 2.1485543021e-01 2.8485312422e-05
1370 2.1475809612e-01 2.6321059700e-05
1371 2.1464335714e-01 1.7096760785e-05
1372 2.1453855545e-01 1.9262108332e-05
1373 2.1442869214e-01 1.4262927903e-05
1374 2.1430167819e-01 1.3444840335e-05
1375 2.1420001983e-01 1.5018129850e-05
1376 2.1408593255e-01 1.4179781952e-05
1377 2.1397840296e-01 1.3532295653e-05
1378 2.1386785453e-01 1.1897288052e-05
1379 2.1374882966e-01 1.0945053751e-05
1380 2.1363160338e-01 1.1991397844e-05
1381 2.1351661758e-01 1.3932494122e-05
1382 2.1340870970e-01 2.6595306040e-05
1383 2.1332926353e-01 2.8198285158e-05
1384 2.1323513120e-01 1.9642015271e-05
1385 2.1314286738e-01 1.9099689291e-05
1386 2.1306483041e-01 1.8207428194e-05
1387 2.1298706163e-01 1.7963805062e-05
1388 2.1291098494e-01 1.2985360607e-05
1389 2.1281719403e-01 1.1016198938e-05
1390 2.1272480629e-01 1.3791044138e-05
1391 2.1265109713e-01 1.3454682114e-05
1392 2.1255570781e-01 1.2676049967e-05
1393 2.1246021443e-01 1.4766991089e-05
1394 2.1237237556e-01 1.5718779772e-05
1395 2.1228902797e-01 1.6333996508e-05
1396 2.1219029951e-01 1.3195074253e-05
1397 2.1208147477e-01 1.7119650275e-05
1398 2.1198163042e-01 3.1656415333e-05
1399 2.1190485845e-01 2.7957508220e-05
1400 2.1179704279e-01 1.8452568988e-05
1401 2.1170079909e-01 2.3210150057e-05
1402 2.1160778254e-01 1.6922103511e-05
1403 2.1150272955e-01 1.1008035504e-05
1404 2.1140096869e-01 1.7247506941e-05
1405 2.1131050135e-01 1.7388867612e-05
1406 2.1119182134e-01 1.3721549030e-05
1407 2.1105637015e-01 1.9733575882e-05
1408 2.1095088613e-01 2.1784208552e-05
1409 2.1083154511e-01 1.4359539911e-05
1410 2.1072027131e-01 1.5945578129e-05
1411 2.1063861385e-01 1.5798386922e-05
1412 2.1053508247e-01 1.3563903586e-05
1413 2.1043426331e-01 1.0537059393e-05
1414 2.1032623938e-01 1.1161397883e-05
1415 2.1023493704e-01 1.4723019099e-05
1416 2.1015002538e-01 1.7282131723e-05
1417 2.1007104376e-01 1.9275314863e-05
1418 2.0998754265e-01 2.4742946179e-05
1419 2.0991641237e-01 2.4039314370e-05
1420 2.0983439977e-01 2.0708682590e-05
1421 2.0975310334e-01 1.2986320840e-05
1422 2.0964949944e-01 1.3349752294e-05
1423 2.0956657783e-01 1.8076850363e-05
1424 2.0948632089e-01 1.4700414506e-05
1425 2.0938957314e-01 1.4055089375e-05
1426 2.0928156880e-01 1.6962187429e-05
1427 2.0917463029e-01 1.8695293503e-05
1428 2.0907066470e-01 1.4753020414e-05
1429 2.0894930250e-01 1.2182310678e-05
1430 2.0886165796e-01 1.4893760913e-05
1431 2.0875125146e-01 1.1977187730e-05
1432 2.0863263530e-01 1.9324504651e-05
1433 2.0854574951e-01 2.4783850215e-05
1434 2.0844138231e-01 3.1849733930e-05
1435 2.0836023653e-01 2.3955096585e-05
1436 2.0824689028e-01 1.4559019918e-05
1437 2.0813104302e-01 1.6864749873e-05
1438 2.0800249746e-01 1.6093272685e-05
1439 2.0786544409e-01 2.4476140389e-05
1440 2.0774243829e-01 2.9560892689e-05
1441 2.0759680961e-01 2.1979861600e-05
1442 2.0742578505e-01 1.6759212719e-05
1443 2.0723080176e-01 1.4670896648e-05
1444 2.0702162653e-01 2.5066705738e-05
1445 2.0688519497e-01 4.5394933470e-05
1446 2.0670640367e-01 3.1000393554e-05
1447 2.0653634901e-01 2.9869855298e-05
1448 2.0632988992e-01 1.9974750320e-05
1449 2.0613243153e-01 2.0940737257e-05
1450 2.0592249917e-01 2.1384598553e-05
1451 2.0571997712e-01 2.3816550672e-05
1452 2.0551113161e-01 2.1382689917e-05
1453 2.0524674119e-01 2.6034720281e-05
1454 2.0506845148e-01 6.1490304881e-05
1455 2.0484083482e-01 2.3870726625e-05
1456 2.0455463541e-01 2.8660859624e-05
1457 2.0433115530e-01 2.4805534870e-05
1458 2.0401680330e-01 2.1983015927e-05
1459 2.0370918740e-01 2.9073666630e-05
1460 2.0341445346e-01 2.7467921231e-05
1461 2.0310565314e-01 2.2687519177e-05
1462 2.0278830512e-01 2.2548692338e-05
1463 2.0254779584e-01 2.9488507176e-05
1464 2.0227559718e-01 2.1816055748e-05
1465 2.0195446636e-01 2.2565733410e-05
1466 2.0168651742e-01 2.7907986389e-05
1467 2.0140826584e-01 2.1649367103e-05
1468 2.0108897984e-01 2.2061221192e-05
1469 2.0085490841e-01 2.5110294298e-05
1470 2.0055515103e-01 1.9332987465e-05
1471 2.0025982257e-01 2.3191486696e-05
1472 2.0001054903e-01 2.5026301460e-05
1473 1.9975003692e-01 2.8126398495e-05
1474 1.9948392350e-01 2.7203055437e-05
1475 1.9921840683e-01 3.1425254777e-05
1476 1.9891701092e-01 3.3135487344e-05
1477 1.9863287029e-01 6.1015073347e-05
1478 1.9836922586e-01 3.0334491700e-05
1479 1.9797967452e-01 2.6554920580e-05
1480 1.9770510929e-01 2.8393848601e-05
1481 1.9735926948e-01 2.2074005922e-05
1482 1.9700699011e-01 2.5970550772e-05
1483 1.9665169217e-01 2.3840497888e-05
1484 1.9626370767e-01 2.8733497555e-05
1485 1.9594990394e-01 2.9217075062e-05
1486 1.9556857950e-01 2.6723490675e-05
1487 1.9520334078e-01 2.7732076458e-05
1488 1.9476275516e-01 2.5016551081e-05
1489 1.9431130018e-01 2.8313522253e-05
1490 1.9394969080e-01 3.6546285458e-05
1491 1.9358077896e-01 3.0822812158e-05
1492 1.9318104707e-01 5.3618319352e-05
1493 1.9291577999e-01 4.9670651980e-05
1494 1.9250821746e-01 2.1174575982e-05
1495 1.9208250950e-01 2.3865965583e-05
1496 1.9172639923e-01 2.5982665234e-05
1497 1.9137648489e-01 2.6143555065e-05
1498 1.9102259828e-01 2.5641186311e-05
1499 1.9066616803e-01 2.9928618839e-05
1500 1.9032123197e-01 2.8577013680e-05
1501 1.8994043286e-01 2.9207160328e-05
1502 1.8956257037e-01 2.7862614110e-05
1503 1.8907213227e-01 2.8228130960e-05
1504 1.8865692142e-01 3.1944220490e-05
1505 1.8815008790e-01 2.7262504101e-05
1506 1.8769188134e-01 5.3964155972e-05
1507 1.8732071843e-01 5.7760523616e-05
1508 1.8691202927e-01 5.3204336490e-05
1509 1.8646192521e-01 2.8345743820e-05
1510 1.8598490605e-01 3.2031194254e-05
1511 1.8556761169e-01 2.9407486451e-05
1512 1.8507314301e-01 2.9383434140e-05
1513 1.8457951791e-01 3.6993202895e-05
1514 1.8403807566e-01 3.0603866326e-05
1515 1.8345723770e-01 2.7897272522e-05
1516 1.8291414872e-01 5.8900627249e-05
1517 1.8252324374e-01 5.3163309444e-05
1518 1.8198456376e-01 4.2211995306e-05
1519 1.8158586378e-01 4.2368013766e-05
1520 1.8109651306e-01 2.4895052825e-05
1521 1.8065038074e-01 3.1392801343e-05
1522 1.8025880010e-01 2.6007708690e-05
1523 1.7973383035e-01 2.2126081381e-05
1524 1.7914008788e-01 2.8809848927e-05
1525 1.7867974908e-01 4.4085956668e-05
1526 1.7815459229e-01 2.6875601958e-05
1527 1.7748168627e-01 2.5760519356e-05
1528 1.7692336471e-01 3.3758344789e-05
1529 1.7640387080e-01 3.0556977042e-05
1530 1.7582153564e-01 3.1105646901e-05
1531 1.7528440486e-01 3.2205901793e-05
1532 1.7469797716e-01 3.5007849436e-05
1533 1.7419824220e-01 3.6954080735e-05
1534 1.7372515610e-01 3.6571140108e-05
1535 1.7326182478e-01 5.1802722321e-05
1536 1.7280883003e-01 5.7699150727e-05
1537 1.7236825865e-01 4.7746560805e-05
1538 1.7190993000e-01 3.8559159450e-05
1539 1.7145832634e-01 3.6425470354e-05
1540 1.7090545573e-01 2.8392607883e-05
1541 1.7027851803e-01 2.8549971064e-05
1542 1.6970792077e-01 3.1609655934e-05
1543 1.6917349189e-01 3.2016099528e-05
1544 1.6857885972e-01 3.3449898976e-05
1545 1.6802758144e-01 3.7336821891e-05
1546 1.6741569799e-01 2.8306364499e-05
1547 1.6686253756e-01 4.1324286166e-05
1548 1.6632267820e-01 3.4293359061e-05
1549 1.6569896963e-01 6.4316576069e-05
1550 1.6527084489e-01 5.8580071754e-05
1551 1.6471418357e-01 4.1096020755e-05
1552 1.6419066064e-01 3.0510536100e-05
1553 1.6359759769e-01 2.6245367469e-05
1554 1.6302084574e-01 2.6740930410e-05
1555 1.6244429229e-01 2.5990429203e-05
1556 1.6180193651e-01 3.1291172906e-05
1557 1.6133258223e-01 3.7625541467e-05
1558 1.6086308613e-01 3.3939832539e-05
1559 1.6039890562e-01 3.3939763766e-05
1560 1.5982182959e-01 2.9910725723e-05
1561 1.5927411182e-01 3.6184709311e-05
1562 1.5877461715e-01 3.3736890028e-05
1563 1.5823210874e-01 5.1326711123e-05
1564 1.5783200540e-01 7.3430056191e-05
1565 1.5738590129e-01 4.5005076528e-05
1566 1.5688955034e-01 3.4614118907e-05
1567 1.5640448686e-01 3.5157725300e-05
1568 1.5596683134e-01 3.2380541505e-05
1569 1.5556006197e-01 3.7802510503e-05
1570 1.5514248570e-01 2.9578243139e-05
1571 1.5469143079e-01 4.0628886364e-05
1572 1.5430134548e-01 3.3422023673e-05
1573 1.5381559395e-01 2.6392689279e-05
1574 1.5339824560e-01 3.9826991910e-05
1575 1.5310413675e-01 3.8762548994e-05
1576 1.5273494076e-01 2.3342774586e-05
1577 1.5237833900e-01 3.1137342517e-05
1578 1.5210375540e-01 4.6636165980e-05
1579 1.5180891519e-01 3.2037706729e-05
1580 1.5143059312e-01 3.2095892885e-05
1581 1.5110041192e-01 5.2393110194e-05
1582 1.5079724912e-01 3.3154828283e-05
1583 1.5039566570e-01 3.2468426153e-05
1584 1.5003058223e-01 2.6942072135e-05
1585 1.4957957469e-01 2.2855063845e-05
1586 1.4916382100e-01 3.1526198464e-05
1587 1.4884886296e-01 4.0329268639e-05
1588 1.4852883708e-01 2.6451426688e-05
1589 1.4819158947e-01 2.7189335471e-05
1590 1.4789470776e-01 3.5696759853e-05
1591 1.4753693530e-01 2.6997258846e-05
1592 1.4713883139e-01 3.1278936414e-05
1593 1.4682925831e-01 3.3377522144e-05
1594 1.4645452560e-01 3.2548013610e-05
1595 1.4614006592e-01 3.3158231628e-05
1596 1.4578958381e-01 2.6395726134e-05
1597 1.4544784323e-01 5.2765051947e-05
1598 1.4522409754e-01 4.9667755076e-05
1599 1.4487309644e-01 3.1196898224e-05
1600 1.4455336342e-01 3.3263056529e-05
1601 1.4418253892e-01 2.6647544965e-05
1602 1.4376776850e-01 2.5727628075e-05
1603 1.4336155570e-01 3.6724314881e-05
1604 1.4301049219e-01 6.8606499564e-05
1605 1.4269800933e-01 4.0230617198e-05
1606 1.4231168736e-01 2.5160017319e-05
1607 1.4192074864e-01 2.2173149616e-05
1608 1.4153242934e-01 2.4290806825e-05
1609 1.4113259503e-01 2.6148347198e-05
1610 1.4082778779e-01 2.7633143772e-05
1611 1.4044394682e-01 2.1338876026e-05
1612 1.4006264577e-01 3.0541405337e-05
1613 1.3970025146e-01 2.7417367148e-05
1614 1.3926048083e-01 2.8008315383e-05
1615 1.3885997498e-01 3.0300458523e-05
1616 1.3841193584e-01 2.8993371560e-05
1617 1.3798938966e-01 2.9799441027e-05
1618 1.3756430376e-01 3.4837822660e-05
1619 1.3717927498e-01 3.2658746705e-05
1620 1.3669631071e-01 2.5631966419e-05
1621 1.3622378702e-01 3.3075107061e-05
1622 1.3581882034e-01 3.1284759440e-05
1623 1.3531360649e-01 3.8542952876e-05
1624 1.3484934501e-01 7.0578791878e-05
1625 1.3448062755e-01 6.1940709967e-05
1626 1.3400754088e-01 3.9735973432e-05
1627 1.3355797807e-01 3.5787652225e-05
1628 1.3305313143e-01 2.9747428176e-05
1629 1.3255788881e-01 2.8780130434e-05
1630 1.3214802499e-01 2.8676980849e-05
1631 1.3177319668e-01 3.0895386346e-05
1632 1.3145040276e-01 2.8124258102e-05
1633 1.3104401479e-01 3.4910614175e-05
1634 1.3067761184e-01 4.1656761274e-05
1635 1.3032584410e-01 5.8052263029e-05
1636 1.3002091379e-01 4.2288695660e-05
1637 1.2960926642e-01 3.8458386013e-05
1638 1.2929388540e-01 4.5944216175e-05
1639 1.2893095620e-01 3.7623926405e-05
1640 1.2857905105e-01 4.2133630389e-05
1641 1.2822594835e-01 2.9502784561e-05
1642 1.2780802311e-01 3.2600535219e-05
1643 1.2740008126e-01 2.7587079195e-05
1644 1.2693675785e-01 2.4633759711e-05
1645 1.2649268178e-01 2.8065160468e-05
1646 1.2615008905e-01 3.4268928229e-05
1647 1.2585136729e-01 2.6643394592e-05
1648 1.2552256091e-01 3.3537253663e-05
1649 1.2525034642e-01 2.9582631213e-05
1650 1.2495079437e-01 2.8009742929e-05
1651 1.2467937963e-01 2.9381164651e-05
1652 1.2440287878e-01 2.4793239459e-05
1653 1.2413206732e-01 2.6485804741e-05
1654 1.2388453526e-01 2.5586958072e-05
1655 1.2362864885e-01 2.1919866364e-05
1656 1.2337941093e-01 3.0143871639e-05
1657 1.2311996412e-01 2.7729728112e-05
1658 1.2284611367e-01 3.2379011882e-05
1659 1.2260577316e-01 5.8699524314e-05
1660 1.2240127504e-01 4.4678105623e-05
1661 1.2212045862e-01 2.6978487834e-05
1662 1.2185371374e-01 3.1349394357e-05
1663 1.2163245280e-01 2.5658591178e-05
1664 1.2134621927e-01 2.8560544233e-05
1665 1.2111202373e-01 3.8808874187e-05
1666 1.2089610104e-01 4.0862244445e-05
1667 1.2067714772e-01 3.7271072802e-05
1668 1.2045388532e-01 3.3915479772e-05
1669 1.2025120989e-01 3.2426167001e-05
1670 1.2004632248e-01 3.0862085687e-05
1671 1.1987659464e-01 2.7101106206e-05
1672 1.1967352562e-01 2.0716195980e-05
1673 1.1949402892e-01 2.2693056627e-05
1674 1.1930166613e-01 1.9003154300e-05
1675 1.1907407015e-01 1.8806175864e-05
1676 1.1885267693e-01 2.0255012897e-05
1677 1.1865810648e-01 2.1336995181e-05
1678 1.1843838193e-01 2.0687414931e-05
1679 1.1821435380e-01 2.3740628313e-05
1680 1.1801116761e-01 2.4237965750e-05
1681 1.1779322268e-01 2.1121203094e-05
1682 1.1755006646e-01 1.9186302438e-05
1683 1.1731959608e-01 2.5711383327e-05
1684 1.1711795025e-01 2.3227021984e-05
1685 1.1689000462e-01 1.9005172355e-05
1686 1.1664733800e-01 2.3562253119e-05
1687 1.1645382375e-01 3.4634819478e-05
1688 1.1626734289e-01 4.3082726025e-05
1689 1.1609421362e-01 4.3701669872e-05
1690 1.1590434718e-01 2.4714594624e-05
1691 1.1568396871e-01 2.4314757399e-05
1692 1.1548340283e-01 3.5758818364e-05
1693 1.1529457520e-01 5.1220327424e-05
1694 1.1511203031e-01 2.8618006762e-05
1695 1.1482836818e-01 2.2654487919e-05
1696 1.1463256285e-01 3.5504383779e-05
1697 1.1442864360e-01 2.0545644314e-05
1698 1.1418675077e-01 3.1609910292e-05
1699 1.1398752346e-01 3.3387652323e-05
1700 1.1374100705e-01 2.5331145881e-05
1701 1.1349516116e-01 2.5616002041e-05
1702 1.1326855854e-01 2.7397300516e-05
1703 1.1304524326e-01 2.7531660232e-05
1704 1.1282473145e-01 2.4510215724e-05
1705 1.1261988292e-01 1.9838087424e-05
1706 1.1242154664e-01 1.9325779159e-05
1707 1.1226001318e-01 2.1201493404e-05
1708 1.1206778296e-01 1.8290547454e-05
1709 1.1185050246e-01 1.9387984282e-05
1710 1.1163660906e-01 1.9627989008e-05
1711 1.1140531260e-01 2.1072110156e-05
1712 1.1121677737e-01 2.6274017938e-05
1713 1.1099896866e-01 1.9716155287e-05
1714 1.1073676400e-01 2.6360581096e-05
1715 1.1051963374e-01 3.1108055148e-05
1716 1.1028188136e-01 3.0541137543e-05
1717 1.1005986176e-01 3.7543799696e-05
1718 1.0986201254e-01 4.3826843203e-05
1719 1.0966722892e-01 4.0893994907e-05
1720 1.0945178664e-01 2.4651048851e-05
1721 1.0920624230e-01 2.2626141072e-05
1722 1.0899463298e-01 3.6223591799e-05
1723 1.0882371481e-01 4.0459269284e-05
1724 1.0862444171e-01 2.9896476516e-05
1725 1.0839855975e-01 2.2768387088e-05
1726 1.0817563531e-01 2.6545214307e-05
1727 1.0798626667e-01 2.3896253296e-05
1728 1.0774183224e-01 2.1370652622e-05
1729 1.0751925852e-01 2.1724695726e-05
1730 1.0729427496e-01 1.8458795297e-05
1731 1.0707603725e-01 2.1123283445e-05
1732 1.0684955907e-01 2.0469784620e-05
1733 1.0660037181e-01 1.5745702586e-05
1734 1.0632353565e-01 1.6468215727e-05
1735 1.0612557892e-01 2.0718980204e-05
1736 1.0591743738e-01 1.5920333097e-05
1737 1.0563299869e-01 1.5548325109e-05
1738 1.0536044227e-01 2.1185754831e-05
1739 1.0513816026e-01 2.2942545071e-05
1740 1.0488475426e-01 2.0645193693e-05
1741 1.0465381124e-01 2.0659362970e-05
1742 1.0443629045e-01 2.0775964691e-05
1743 1.0423062713e-01 3.0186067591e-05
1744 1.0407780917e-01 4.0311090213e-05
1745 1.0391764332e-01 2.8024821759e-05
1746 1.0373995814e-01 2.4483476351e-05
1747 1.0358996253e-01 2.6609062765e-05
1748 1.0344875535e-01 2.4921613975e-05
1749 1.0329561499e-01 2.2999092830e-05
1750 1.0315086085e-01 1.8936419572e-05
1751 1.0301577440e-01 1.7767352570e-05
1752 1.0287868199e-01 1.8355911631e-05
1753 1.0276111034e-01 1.8295403953e-05
1754 1.0262898214e-01 1.7734351245e-05
1755 1.0251811830e-01 2.6842803542e-05
1756 1.0241917748e-01 2.6200513979e-05
1757 1.0231973923e-01 3.0722010494e-05
1758 1.0223498457e-01 1.8063320922e-05
1759 1.0211446088e-01 1.2257976533e-05
1760 1.0201061335e-01 1.4770151771e-05
1761 1.0192265898e-01 1.3830748944e-05
1762 1.0181594295e-01 1.2214161905e-05
1763 1.0169919778e-01 1.1081217608e-05
1764 1.0161276846e-01 1.3461012731e-05
1765 1.0152319368e-01 1.0999420542e-05
1766 1.0140695331e-01 1.1154507313e-05
1767 1.0130300328e-01 1.3494930204e-05
1768 1.0121521359e-01 1.5473997468e-05
1769 1.0113829021e-01 1.2170332439e-05
1770 1.0105465148e-01 1.3746653590e-05
1771 1.0099185019e-01 1.3282461552e-05
1772 1.0091221917e-01 1.0011154550e-05
1773 1.0083413667e-01 1.3825970674e-05
1774 1.0075838576e-01 1.3456086105e-05
1775 1.0067549526e-01 1.3052285733e-05
1776 1.0059393479e-01 1.4496295128e-05
1777 1.0051648206e-01 1.7961313971e-05
1778 1.0042973361e-01 1.9712220762e-05
1779 1.0034786125e-01 2.9836358273e-05
1780 1.0026346983e-01 1.6341881266e-05
1781 1.0016123659e-01 1.6486070747e-05
1782 1.0006822455e-01 2.1957372224e-05
1783 9.9979701493e-02 2.2626277783e-05
1784 9.9895606534e-02 2.5892306083e-05
1785 9.9824930428e-02 2.3399019111e-05
1786 9.9736118466e-02 1.1571085484e-05
1787 9.9647686642e-02 1.1336129059e-05
1788 9.9572373003e-02 1.2892960838e-05
1789 9.9496596681e-02 1.2539749548e-05
1790 9.9428737504e-02 1.0000016960e-05
1791 9.9357194256e-02 1.1927215553e-05
1792 9.9299918621e-02 1.4914676848e-05
1793 9.9227876729e-02 9.5764004990e-06
1794 9.9157072823e-02 1.0923967107e-05
1795 9.9100723378e-02 1.3016527898e-05
1796 9.9040515127e-02 1.2546989801e-05
1797 9.8971481171e-02 1.0681700901e-05
1798 9.8895766021e-02 1.2091571415e-05
1799 9.8820633420e-02 1.2940967502e-05
1800 9.8746986648e-02 1.1736416634e-05
1801 9.8661764710e-02 1.0430936078e-05
1802 9.8582174254e-02 1.7157906681e-05
1803 9.8532551627e-02 2.2912327150e-05
1804 9.8465964859e-02 1.7724249771e-05
1805 9.8410427729e-02 1.9606278988e-05
1806 9.8340608581e-02 1.0650353907e-05
1807 9.8264525708e-02 1.3002824180e-05
1808 9.8210122935e-02 1.3988949092e-05
1809 9.8141549186e-02 1.1031041253e-05
1810 9.8069475928e-02 1.1492819605e-05
1811 9.7995011854e-02 1.3250822393e-05
1812 9.7920621409e-02 1.3161590059e-05
1813 9.7837213432e-02 1.1640063371e-05
1814 9.7738873087e-02 1.1863877892e-05
1815 9.7633857037e-02 1.9627369610e-05
1816 9.7545064803e-02 3.4594321661e-05
1817 9.7448537063e-02 2.1712978690e-05
1818 9.7338073780e-02 2.0477910586e-05
1819 9.7209720479e-02 1.4644856296e-05
1820 9.7056670344e-02 1.3293621780e-05
1821 9.6898409128e-02 1.3174698902e-05
1822 9.6725902848e-02 1.5734148219e-05
1823 9.6584380178e-02 1.7521088956e-05
1824 9.6417465283e-02 1.4486077968e-05
1825 9.6269132190e-02 1.6979020003e-05
1826 9.6110708933e-02 1.5873895381e-05
1827 9.5948894108e-02 1.5762500375e-05
1828 9.5767416996e-02 1.2440831881e-05
1829 9.5572330020e-02 1.6075043608e-05
1830 9.5406435423e-02 2.0755307196e-05
1831 9.5256990747e-02 2.6528130628e-05
1832 9.5108014687e-02 3.1496649944e-05
1833 9.4954951632e-02 2.3605490905e-05
1834 9.4779524918e-02 2.4307788681e-05
1835 9.4630799687e-02 2.7751072442e-05
1836 9.4489023315e-02 2.2825973467e-05
1837 9.4324399358e-02 1.6499188838e-05
1838 9.4153553979e-02 2.0453595283e-05
1839 9.3992788900e-02 2.0016211267e-05
1840 9.3824386588e-02 2.1884090895e-05
1841 9.3679908870e-02 3.9442881060e-05
1842 9.3570961968e-02 2.8412956231e-05
1843 9.3431190174e-02 1.6452458394e-05
1844 9.3315773287e-02 1.4252392658e-05
1845 9.3197311596e-02 1.5164713067e-05
1846 9.3103337591e-02 1.2767926785e-05
1847 9.2996344934e-02 1.3935173496e-05
1848 9.2896984409e-02 1.7841586854e-05
1849 9.2820880503e-02 1.4907432204e-05
1850 9.2718327656e-02 1.4093151171e-05
1851 9.2623634815e-02 2.0036315243e-05
1852 9.2551402677e-02 1.8932757080e-05
1853 9.2461663925e-02 1.2267745223e-05
1854 9.2370045949e-02 1.8009208377e-05
1855 9.2287221037e-02 1.5235095764e-05
1856 9.2182354432e-02 1.6191872592e-05
1857 9.2088352866e-02 2.0680728214e-05
1858 9.1980884926e-02 1.3914500765e-05
1859 9.1839709653e-02 1.5979829447e-05
1860 9.1717850143e-02 2.9700607281e-05
1861 9.1627881659e-02 3.2661538982e-05
1862 9.1509397135e-02 1.5812615925e-05
1863 9.1380393816e-02 1.6520737052e-05
1864 9.1282499458e-02 1.6196282545e-05
1865 9.1153469463e-02 1.0725695076e-05
1866 9.1025246707e-02 1.5527963116e-05
1867 9.0922810277e-02 1.6591333995e-05
1868 9.0809191922e-02 1.2268846075e-05
1869 9.0702309817e-02 1.5385519164e-05
1870 9.0603065478e-02 1.5130874654e-05
1871 9.0497189681e-02 1.4691018426e-05
1872 9.0401559633e-02 1.5611486829e-05
1873 9.0294688356e-02 1.2320758130e-05
1874 9.0190352926e-02 1.3963916175e-05
1875 9.0095431110e-02 1.2533696697e-05
1876 8.9999350892e-02 1.3680327786e-05
1877 8.9905288551e-02 1.3046356671e-05
1878 8.9813813295e-02 1.7925224714e-05
1879 8.9728416439e-02 2.2451154331e-05
1880 8.9652788360e-02 2.6728918041e-05
1881 8.9557650911e-02 1.3375257712e-05
1882 8.9436093982e-02 1.2723183888e-05
1883 8.9335553518e-02 1.3567134094e-05
1884 8.9209703324e-02 1.1909824855e-05
1885 8.9061689205e-02 1.3541624008e-05
1886 8.8920370680e-02 2.0183723392e-05
1887 8.8803156270e-02 1.5885862682e-05
1888 8.8658714091e-02 1.6239388781e-05
1889 8.8525723763e-02 2.5051900653e-05
1890 8.8386632015e-02 1.8120283371e-05
1891 8.8255809522e-02 1.5099121757e-05
1892 8.8125504088e-02 1.2951205014e-05
1893 8.7996375634e-02 1.9088336165e-05
1894 8.7915992032e-02 3.1273149414e-05
1895 8.7817633760e-02 1.8097572071e-05
1896 8.7715421450e-02 1.8784661990e-05
1897 8.7622336221e-02 1.4842615051e-05
1898 8.7514700218e-02 1.4559121943e-05
1899 8.7388658396e-02 1.1656430631e-05
1900 8.7233304582e-02 1.4390597902e-05
1901 8.7082600021e-02 2.0490958506e-05
1902 8.6943608412e-02 2.9616440040e-05
1903 8.6809168485e-02 3.4923422964e-05
1904 8.6671697048e-02 2.3670297797e-05
1905 8.6497035334e-02 1.4307960119e-05
1906 8.6329981170e-02 1.5621478352e-05
1907 8.6190641883e-02 1.5548286771e-05
1908 8.6023736211e-02 1.3175208226e-05
1909 8.5874481706e-02 1.5141449646e-05
1910 8.5734160040e-02 1.2484027893e-05
1911 8.5580083416e-02 1.2755908116e-05
1912 8.5438185145e-02 1.3939619313e-05
1913 8.5270218049e-02 1.3328592622e-05
1914 8.5121991008e-02 1.9625158374e-05
1915 8.5010101926e-02 2.0531025881e-05
1916 8.4879690548e-02 1.6311038565e-05
1917 8.4750879082e-02 2.0401569520e-05
1918 8.4655430411e-02 2.8604482639e-05
1919 8.4556218057e-02 1.7628569291e-05
1920 8.4442997477e-02 1.3504014804e-05
1921 8.4330282036e-02 1.2803973513e-05
1922 8.4217522712e-02 1.2065716007e-05
1923 8.4097348691e-02 1.2364274615e-05
1924 8.3995611100e-02 1.6434681222e-05
1925 8.3892479335e-02 1.2012384852e-05
1926 8.3780167197e-02 1.3772338899e-05
1927 8.3687395530e-02 1.3034534946e-05
1928 8.3586931227e-02 1.1346512951e-05
1929 8.3478373776e-02 1.0845000837e-05
1930 8.3375202544e-02 1.1997054118e-05
1931 8.3288629445e-02 1.0460531143e-05
1932 8.3196484621e-02 8.3410285010e-06
1933 8.3119556042e-02 9.7501585302e-06
1934 8.3062625974e-02 9.9401115164e-06
1935 8.3005822299e-02 9.4431486492e-06
1936 8.2956434055e-02 8.2689752230e-06
1937 8.2902257700e-02 7.5537814881e-06
1938 8.2850980388e-02 1.0344581397e-05
1939 8.2815560409e-02 1.4884328806e-05
1940 8.2776090670e-02 1.3177974340e-05
1941 8.2739368458e-02 1.6754400933e-05
1942 8.2705441811e-02 1.0621969544e-05
1943 8.2662838555e-02 8.7287861244e-06
1944 8.2621801021e-02 7.7949030089e-06
1945 8.2577946520e-02 7.5903636753e-06
1946 8.2539815168e-02 9.4088372488e-06
1947 8.2506852352e-02 8.6991998585e-06
1948 8.2473421841e-02 9.0367692243e-06
1949 8.2440278591e-02 9.6698561859e-06
1950 8.2403630319e-02 9.0283941403e-06
1951 8.2360448531e-02 8.1450230041e-06
1952 8.2320810015e-02 1.1761480883e-05
1953 8.2284579930e-02 1.3167462921e-05
1954 8.2246020035e-02 1.7575052321e-05
1955 8.2214816849e-02 1.3391499800e-05
1956 8.2176527967e-02 9.3518489835e-06
1957 8.2138082995e-02 8.4715477176e-06
1958 8.2104420033e-02 8.6736527669e-06
1959 8.2070217994e-02 7.8063315035e-06
1960 8.2039273565e-02 1.0896055045e-05
1961 8.2008390649e-02 1.3241205459e-05
1962 8.1979831885e-02 1.6039469935e-05
1963 8.1952358760e-02 1.0208327223e-05
1964 8.1916565371e-02 7.1629303135e-06
1965 8.1880341421e-02 8.2634940437e-06
1966 8.1846895770e-02 9.0930812654e-06
1967 8.1814597042e-02 8.4831534780e-06
1968 8.1781669721e-02 8.9753124471e-06
1969 8.1742684228e-02 8.2874026726e-06
1970 8.1706003740e-02 1.0005375726e-05
1971 8.1670316050e-02 8.1389737265e-06
1972 8.1626365252e-02 7.8285816072e-06
1973 8.1590582683e-02 1.2242782848e-05
1974 8.1558724526e-02 1.0355918017e-05
1975 8.1527779259e-02 8.3498384265e-06
1976 8.1498436071e-02 1.1133814135e-05
1977 8.1477023701e-02 1.5413749315e-05
1978 8.1452473600e-02 9.0659022152e-06
1979 8.1427887783e-02 7.8620681730e-06
1980 8.1401462552e-02 6.8224984120e-06
1981 8.1373801556e-02 7.4497397463e-06
1982 8.1348332822e-02 6.8420078175e-06
1983 8.1317321778e-02 6.5640188568e-06
1984 8.1283745830e-02 7.9330679168e-06
1985 8.1252447414e-02 1.0825301868e-05
1986 8.1220669748e-02 8.4408068943e-06
1987 8.1188352653e-02 5.5593250873e-06
1988 8.1154258152e-02 8.8739473382e-06
1989 8.1127006136e-02 8.0272066902e-06
1990 8.1088853632e-02 6.2210272450e-06
1991 8.1058240579e-02 8.7490197235e-06
1992 8.1030288582e-02 7.6122005116e-06
1993 8.0995900955e-02 8.2578539181e-06
1994 8.0961785296e-02 9.1660975470e-06
1995 8.0923598687e-02 7.5429511223e-06
1996 8.0879999518e-02 7.3933997462e-06
1997 8.0842693301e-02 9.0692893490e-06
1998 8.0806089345e-02 6.9264088833e-06
1999 8.0769585572e-02 9.0518916960e-06
