iter rel_error rel_residual
0 9.1242217272e-01 4.3444340628e-01
1 9.0749094633e-01 2.1868913666e-01
2 8.8569412591e-01 1.1540421733e-01
3 8.6887680974e-01 6.5224016943e-02
4 8.5603714868e-01 5.2824869740e-02
5 8.4046079323e-01 5.0388679791e-02
6 8.2337903855e-01 4.1800843270e-02
7 8.1004840558e-01 3.1558359959e-02
8 7.9942416863e-01 3.2220713111e-02
9 7.9176319001e-01 2.7199247521e-02
10 7.8339783255e-01 2.3485821250e-02
11 7.7489748206e-01 1.7868161818e-02
12 7.6694392299e-01 1.4471744639e-02
13 7.5965353261e-01 1.3704155770e-02
14 7.5159597592e-01 1.1326168119e-02
15 7.4310799708e-01 1.1167413172e-02
16 7.3449576300e-01 1.1519205835e-02
17 7.2720736949e-01 1.2923038362e-02
18 7.2146627681e-01 1.1154979630e-02
19 7.1640768365e-01 9.4448565843e-03
20 7.1108180901e-01 9.7132495519e-03
21 7.0515328008e-01 8.9044204049e-03
22 6.9834651822e-01 9.4837444591e-03
23 6.9025902631e-01 9.9597081976e-03
24 6.8244668306e-01 8.4526202777e-03
25 6.7515720473e-01 7.7459207440e-03
26 6.6859742355e-01 8.4132582625e-03
27 6.6256374453e-01 8.7125411270e-03
28 6.5689824741e-01 9.0411970157e-03
29 6.5148971293e-01 9.1559354281e-03
30 6.4707117381e-01 1.1197321217e-02
31 6.4340813632e-01 1.0846620626e-02
32 6.3931291248e-01 7.3822796134e-03
33 6.3553462745e-01 7.0215237610e-03
34 6.3224355208e-01 5.9846102129e-03
35 6.2905615818e-01 5.2063139486e-03
36 6.2581103362e-01 4.6375479539e-03
37 6.2258675734e-01 4.1071997543e-03
38 6.1961063315e-01 3.9262615942e-03
39 6.1664757685e-01 4.0366947195e-03
40 6.1352423468e-01 3.5428265643e-03
41 6.1016578770e-01 4.1264792486e-03
42 6.0645120389e-01 3.6327204050e-03
43 6.0281027505e-01 3.9502654045e-03
44 5.9955197295e-01 3.1742371733e-03
45 5.9621082152e-01 3.1221096698e-03
46 5.9268426124e-01 3.0014785775e-03
47 5.8909365863e-01 3.1216283301e-03
48 5.8599054773e-01 3.1692877207e-03
49 5.8285717549e-01 3.1553202197e-03
50 5.7925844341e-01 3.2805290320e-03
51 5.7535043967e-01 3.7958522659e-03
52 5.7135094878e-01 3.1096465659e-03
53 5.6743006471e-01 3.2078788895e-03
54 5.6405831309e-01 2.8361768749e-03
55 5.6066087160e-01 3.1237187457e-03
56 5.5685522366e-01 3.0254147356e-03
57 5.5319779553e-01 3.1815263858e-03
58 5.4958330490e-01 3.1649006482e-03
59 5.4541268600e-01 3.4155148603e-03
60 5.4151361081e-01 3.2480760604e-03
61 5.3766072046e-01 3.2716912060e-03
62 5.3393388914e-01 2.9286284451e-03
63 5.2950740526e-01 3.4714050734e-03
64 5.2510132974e-01 3.7121810670e-03
65 5.2088797304e-01 3.6820608576e-03
66 5.1613240474e-01 3.4097965570e-03
67 5.1174899118e-01 3.7520712239e-03
68 5.0773085329e-01 3.5840649150e-03
69 5.0431800092e-01 3.8176139104e-03
70 5.0168508212e-01 4.7468885942e-03
71 4.9916150093e-01 4.0288849210e-03
72 4.9670671056e-01 2.8289738239e-03
73 4.9432322049e-01 2.4530311754e-03
74 4.9199377184e-01 2.1367393248e-03
75 4.8976248064e-01 1.9382407524e-03
76 4.8772970712e-01 2.2722123869e-03
77 4.8601716558e-01 2.6973007942e-03
78 4.8443485406e-01 3.1090334619e-03
79 4.8278826734e-01 2.3993257943e-03
80 4.8115702148e-01 1.8648670551e-03
81 4.7936871566e-01 1.7045639973e-03
82 4.7774766467e-01 1.8211521493e-03
83 4.7622092594e-01 1.7847709117e-03
84 4.7481360380e-01 1.6167710284e-03
85 4.7361370549e-01 1.7747158014e-03
86 4.7263004349e-01 2.4042837506e-03
87 4.7190919894e-01 2.4114688071e-03
88 4.7130579634e-01 2.4663430164e-03
89 4.7072013124e-01 1.7969166209e-03
90 4.7014398171e-01 1.4693988974e-03
91 4.6965469102e-01 1.5284911432e-03
92 4.6917802876e-01 1.4334356652e-03
93 4.6872444315e-01 1.3750147808e-03
94 4.6831327510e-01 1.4177582761e-03
95 4.6793095176e-01 1.6503233490e-03
96 4.6755885339e-01 1.8553728325e-03
97 4.6717904718e-01 2.6731753781e-03
98 4.6681886195e-01 1.9445256021e-03
99 4.6633774191e-01 1.2886285247e-03
100 4.6577888745e-01 1.1221386314e-03
101 4.6516286792e-01 1.0311724161e-03
102 4.6453359707e-01 1.0081285705e-03
103 4.6382102729e-01 9.6473566620e-04
104 4.6316665974e-01 1.0416748265e-03
105 4.6250999791e-01 9.1155692655e-04
106 4.6170419037e-01 7.8592563854e-04
107 4.6080357893e-01 9.1982490054e-04
108 4.5996620132e-01 8.9262580701e-04
109 4.5901695994e-01 8.7130325493e-04
110 4.5803094703e-01 7.9284896932e-04
111 4.5713784962e-01 7.4961173304e-04
112 4.5630897702e-01 7.7754075358e-04
113 4.5560518380e-01 7.2993001569e-04
114 4.5493952313e-01 6.5150845808e-04
115 4.5428717505e-01 6.1000791718e-04
116 4.5367780051e-01 4.9333551564e-04
117 4.5313633133e-01 4.3962211203e-04
118 4.5267036576e-01 4.2103706832e-04
119 4.5220097190e-01 4.2812255917e-04
120 4.5173860063e-01 4.3479984993e-04
121 4.5130039504e-01 4.6167630307e-04
122 4.5089602518e-01 4.4188554140e-04
123 4.5042399763e-01 4.0498718038e-04
124 4.4984386182e-01 3.6735137804e-04
125 4.4926480745e-01 3.7696007885e-04
126 4.4860939302e-01 4.2582213666e-04
127 4.4786731170e-01 4.5637992151e-04
128 4.4716150905e-01 4.7435802817e-04
129 4.4648098574e-01 7.2565103288e-04
130 4.4584859813e-01 8.8218736966e-04
131 4.4522986533e-01 6.7008175454e-04
132 4.4441048396e-01 4.2644089806e-04
133 4.4360956773e-01 4.6072144003e-04
134 4.4295153692e-01 5.5388857028e-04
135 4.4236998003e-01 4.9219274825e-04
136 4.4167909056e-01 4.6366152611e-04
137 4.4100956810e-01 5.7514572069e-04
138 4.4045193482e-01 7.3121606854e-04
139 4.3991643480e-01 7.2511736072e-04
140 4.3935219596e-01 4.9210132537e-04
141 4.3871978379e-01 3.6891178695e-04
142 4.3806682379e-01 3.6440352490e-04
143 4.3740711538e-01 3.7208681520e-04
144 4.3678877541e-01 3.4795369746e-04
145 4.3620597881e-01 4.2214777584e-04
146 4.3568437044e-01 4.6315084592e-04
147 4.3517735578e-01 4.9770934023e-04
148 4.3469452699e-01 6.4027804278e-04
149 4.3428734582e-01 5.0163796869e-04
150 4.3376299678e-01 3.6168124799e-04
151 4.3325379037e-01 3.5774161905e-04
152 4.3271727699e-01 3.3933621012e-04
153 4.3211470082e-01 3.0821628034e-04
154 4.3155265134e-01 3.2219278244e-04
155 4.3107157402e-01 3.1961847023e-04
156 4.3062995442e-01 2.9122517687e-04
157 4.3018145353e-01 3.3120561036e-04
158 4.2975814799e-01 3.8423877046e-04
159 4.2940019464e-01 5.3310050265e-04
160 4.2904726806e-01 4.2118597932e-04
161 4.2861035798e-01 3.0981041513e-04
162 4.2811821350e-01 2.4960409364e-04
163 4.2759296235e-01 2.4460744729e-04
164 4.2702833585e-01 2.4791737463e-04
165 4.2652518221e-01 2.8504885056e-04
166 4.2601253542e-01 2.6150494024e-04
167 4.2543864366e-01 2.8368407506e-04
168 4.2487658553e-01 2.7502042802e-04
169 4.2424048472e-01 2.4774527352e-04
170 4.2353395445e-01 2.4816081772e-04
171 4.2282118231e-01 2.7805657452e-04
172 4.2214669928e-01 3.2201142611e-04
173 4.2152350358e-01 2.7796441564e-04
174 4.2090411808e-01 2.6477369160e-04
175 4.2035026245e-01 2.4620032267e-04
176 4.1987419704e-01 2.2933818464e-04
177 4.1932365685e-01 2.4009826372e-04
178 4.1876059133e-01 3.0151626949e-04
179 4.1823995908e-01 3.2311771164e-04
180 4.1771648872e-01 2.4811166486e-04
181 4.1723335328e-01 2.1898748319e-04
182 4.1677100718e-01 2.7064401512e-04
183 4.1628832645e-01 2.4900839991e-04
184 4.1572363545e-01 1.9266063924e-04
185 4.1521806365e-01 2.1350676620e-04
186 4.1477842397e-01 2.0710159798e-04
187 4.1422354305e-01 1.8760027846e-04
188 4.1366162438e-01 2.5030959942e-04
189 4.1312594422e-01 3.0179250961e-04
190 4.1261314532e-01 4.1581170511e-04
191 4.1212957389e-01 3.4370760433e-04
192 4.1149741579e-01 2.1817333119e-04
193 4.1073275167e-01 2.2375992659e-04
194 4.1009698955e-01 2.6180720275e-04
195 4.0939019907e-01 2.4787776181e-04
196 4.0859997041e-01 2.7872848386e-04
197 4.0790642878e-01 3.0955056083e-04
198 4.0718158266e-01 2.9572940778e-04
199 4.0637662463e-01 3.4249800560e-04
200 4.0559348870e-01 4.0750189841e-04
201 4.0493112465e-01 3.6255060288e-04
202 4.0411755880e-01 2.7006852622e-04
203 4.0326104973e-01 2.6901920544e-04
204 4.0239637496e-01 2.4493271753e-04
205 4.0147643502e-01 2.5744039507e-04
206 4.0058603699e-01 2.9849355944e-04
207 3.9964021475e-01 2.8305653115e-04
208 3.9859979394e-01 2.9280578281e-04
209 3.9756978772e-01 2.8220507543e-04
210 3.9642560811e-01 3.4247100670e-04
211 3.9523475910e-01 5.0337077115e-04
212 3.9410892627e-01 6.4283687985e-04
213 3.9298417623e-01 5.5906059381e-04
214 3.9172492371e-01 3.6774688829e-04
215 3.9042726605e-01 3.2294207205e-04
216 3.8937022804e-01 3.5757545286e-04
217 3.8833098504e-01 3.3081522006e-04
218 3.8733909629e-01 3.0545984398e-04
219 3.8646031208e-01 3.3730663795e-04
220 3.8580933024e-01 4.5242081494e-04
221 3.8530278253e-01 3.7634451130e-04
222 3.8488036344e-01 3.0377150215e-04
223 3.8457789959e-01 3.5126874743e-04
224 3.8436687768e-01 3.6668047184e-04
225 3.8419000092e-01 3.3430003043e-04
226 3.8405803381e-01 3.6742208320e-04
227 3.8397781430e-01 3.4961526848e-04
228 3.8395708930e-01 3.5477944254e-04
229 3.8396351176e-01 6.7761884344e-04
230 3.8399830545e-01 5.1180798177e-04
231 3.8410112188e-01 2.6493221452e-04
232 3.8426553658e-01 2.6165944606e-04
233 3.8444971063e-01 2.8315314987e-04
234 3.8463279332e-01 2.8564891607e-04
235 3.8480940600e-01 2.6899898853e-04
236 3.8502035709e-01 2.4656200712e-04
237 3.8518819487e-01 2.2913015033e-04
238 3.8530436499e-01 2.3473509198e-04
239 3.8541045918e-01 2.5122417747e-04
240 3.8547642913e-01 2.7566001935e-04
241 3.8549363143e-01 2.9445458415e-04
242 3.8551843040e-01 2.4867541803e-04
243 3.8556359098e-01 2.4814275359e-04
244 3.8555497489e-01 2.7075342861e-04
245 3.8550786706e-01 2.8113643950e-04
246 3.8545531222e-01 2.7732574814e-04
247 3.8541146977e-01 2.9412989610e-04
248 3.8535985082e-01 3.2784958784e-04
249 3.8528789274e-01 5.0242036639e-04
250 3.8523400812e-01 5.9927746929e-04
251 3.8515711317e-01 2.9226140119e-04
252 3.8501375569e-01 2.4740893686e-04
253 3.8484864126e-01 2.5358238395e-04
254 3.8470837170e-01 2.8529596813e-04
255 3.8459775206e-01 4.8829584656e-04
256 3.8452712386e-01 6.0001796964e-04
257 3.8444621383e-01 3.5987637910e-04
258 3.8437038504e-01 3.1764109300e-04
259 3.8431527049e-01 2.8632421736e-04
260 3.8425797276e-01 2.6778398112e-04
261 3.8419635347e-01 3.4415643139e-04
262 3.8415594187e-01 4.0940843394e-04
263 3.8414733174e-01 3.6055681998e-04
264 3.8415815525e-01 4.2885972520e-04
265 3.8417508906e-01 3.9664598170e-04
266 3.8417642978e-01 4.6097835834e-04
267 3.8415705387e-01 5.1135332118e-04
268 3.8412975924e-01 3.4154208473e-04
269 3.8408138238e-01 3.1082079661e-04
270 3.8400630518e-01 2.9688532599e-04
271 3.8391474842e-01 2.6689946820e-04
272 3.8382309834e-01 3.4137914794e-04
273 3.8369591910e-01 3.8356914316e-04
274 3.8351389365e-01 2.3871165347e-04
275 3.8333849817e-01 3.4690092153e-04
276 3.8312620774e-01 2.6223813508e-04
277 3.8284222233e-01 2.1954629278e-04
278 3.8254062858e-01 2.6020436548e-04
279 3.8224412569e-01 2.8738441465e-04
280 3.8190667290e-01 2.4634512342e-04
281 3.8154976264e-01 2.6413616360e-04
282 3.8114235987e-01 2.9763454249e-04
283 3.8066825107e-01 2.7728334722e-04
284 3.8021016006e-01 2.7694652700e-04
285 3.7975646690e-01 2.7080105291e-04
286 3.7925716092e-01 2.7190955840e-04
287 3.7867182596e-01 3.1647945933e-04
288 3.7813151049e-01 2.8935495188e-04
289 3.7749490922e-01 2.7714434731e-04
290 3.7684936906e-01 5.2476947791e-04
291 3.7629451209e-01 3.5592421919e-04
292 3.7549924023e-01 2.3880117908e-04
293 3.7474150619e-01 2.4405918879e-04
294 3.7405934049e-01 2.2711642109e-04
295 3.7320859317e-01 1.9241447556e-04
296 3.7226576890e-01 1.8558568951e-04
297 3.7127417192e-01 1.8682165297e-04
298 3.7030115558e-01 2.3926438088e-04
299 3.6957885044e-01 2.2831152955e-04
300 3.6872931437e-01 1.7710554089e-04
301 3.6789560896e-01 2.1813587644e-04
302 3.6717482952e-01 2.5367047010e-04
303 3.6642071253e-01 2.2335223448e-04
304 3.6552186203e-01 2.0425364689e-04
305 3.6464771876e-01 2.6925177121e-04
306 3.6388240247e-01 2.4807540555e-04
307 3.6285143520e-01 2.0752830697e-04
308 3.6169096221e-01 2.0077384671e-04
309 3.6047250058e-01 2.7615437995e-04
310 3.5949766549e-01 2.8076283021e-04
311 3.5836408922e-01 2.9472049683e-04
312 3.5728559853e-01 4.5196852474e-04
313 3.5632759014e-01 4.5833303146e-04
314 3.5546196834e-01 3.7635517055e-04
315 3.5448416232e-01 2.3409983379e-04
316 3.5338413089e-01 2.5556781268e-04
317 3.5243592930e-01 2.8026124798e-04
318 3.5135153062e-01 2.6141921822e-04
319 3.5012087431e-01 4.5020566259e-04
320 3.4925690901e-01 4.7067807561e-04
321 3.4792428786e-01 2.2382021258e-04
322 3.4642463705e-01 2.1156615517e-04
323 3.4525292585e-01 2.4766783635e-04
324 3.4398303309e-01 2.1093587910e-04
325 3.4255116938e-01 1.7863208687e-04
326 3.4118893271e-01 2.3148536477e-04
327 3.4011395591e-01 4.6943006707e-04
328 3.3926951917e-01 3.2233798927e-04
329 3.3800104127e-01 1.8165098400e-04
330 3.3662547387e-01 1.6501835667e-04
331 3.3529746629e-01 1.9102769066e-04
332 3.3387864304e-01 2.3488514427e-04
333 3.3242206257e-01 2.9821663318e-04
334 3.3100340238e-01 3.0326380142e-04
335 3.2942327479e-01 2.1057546628e-04
336 3.2741367618e-01 1.7189985142e-04
337 3.2527017321e-01 2.3263195410e-04
338 3.2349216609e-01 2.5933731826e-04
339 3.2109305609e-01 2.1221036819e-04
340 3.1847722111e-01 2.0870732547e-04
341 3.1608806394e-01 2.6233010653e-04
342 3.1410502025e-01 2.5191388722e-04
343 3.1171305837e-01 2.5369953049e-04
344 3.0969299659e-01 2.5253013997e-04
345 3.0728080011e-01 1.9717465420e-04
346 3.0474442848e-01 3.0090986587e-04
347 3.0298729577e-01 5.4431131416e-04
348 3.0139689074e-01 3.3865553323e-04
349 2.9948878985e-01 1.9152465829e-04
350 2.9760417746e-01 1.9640696768e-04
351 2.9608339542e-01 1.9778433065e-04
352 2.9473272720e-01 2.0167663991e-04
353 2.9350067268e-01 2.0942171387e-04
354 2.9227105872e-01 1.6160130908e-04
355 2.9092519670e-01 1.5993020672e-04
356 2.8970733178e-01 2.0399829242e-04
357 2.8856974683e-01 1.7965539202e-04
358 2.8742113782e-01 1.5788333079e-04
359 2.8631409805e-01 1.4661353223e-04
360 2.8533934337e-01 1.4549132913e-04
361 2.8432762832e-01 1.4451052024e-04
362 2.8333555337e-01 1.7000092661e-04
363 2.8244840788e-01 1.7068511074e-04
364 2.8149018598e-01 1.3634295420e-04
365 2.8042380601e-01 1.3322479728e-04
366 2.7951488955e-01 1.5451870377e-04
367 2.7873719796e-01 1.2751606332e-04
368 2.7783861020e-01 1.2491289672e-04
369 2.7717641279e-01 1.5922534646e-04
370 2.7649813253e-01 1.5114165840e-04
371 2.7584569388e-01 2.5983442920e-04
372 2.7539471022e-01 1.7558512618e-04
373 2.7474204952e-01 1.1053544854e-04
374 2.7406057177e-01 1.5791510827e-04
375 2.7356710108e-01 2.2776381573e-04
376 2.7298517308e-01 2.2077293352e-04
377 2.7249270997e-01 2.2501870438e-04
378 2.7193244411e-01 1.3097749903e-04
379 2.7131645231e-01 1.0629709170e-04
380 2.7069750315e-01 1.0204404781e-04
381 2.7004267333e-01 1.0359272273e-04
382 2.6932709972e-01 1.4662555026e-04
383 2.6869057478e-01 2.4232661699e-04
384 2.6813026450e-01 2.3434549584e-04
385 2.6753134562e-01 1.6481911931e-04
386 2.6694791498e-01 1.3167359806e-04
387 2.6639579158e-01 1.4013139334e-04
388 2.6594300263e-01 1.5450674664e-04
389 2.6547276361e-01 1.0226599779e-04
390 2.6499352786e-01 9.9584738057e-05
391 2.6453834460e-01 1.0678465843e-04
392 2.6411133926e-01 1.0418542331e-04
393 2.6370339633e-01 1.0642864966e-04
394 2.6332348363e-01 9.2669519863e-05
395 2.6296728702e-01 8.9230321153e-05
396 2.6265391989e-01 9.8377483814e-05
397 2.6238767926e-01 8.8930925535e-05
398 2.6209219370e-01 7.7091667311e-05
399 2.6184211518e-01 8.7726305435e-05
400 2.6164461704e-01 8.0270484331e-05
401 2.6141856971e-01 7.6977731963e-05
402 2.6122650373e-01 8.4448558429e-05
403 2.6104541263e-01 7.3535246252e-05
404 2.6085108946e-01 6.6287356123e-05
405 2.6068395673e-01 8.4196095913e-05
406 2.6053329920e-01 7.3825569276e-05
407 2.6036544657e-01 6.9831582927e-05
408 2.6022265430e-01 1.0979314618e-04
409 2.6010961254e-01 1.1637582971e-04
410 2.5997201209e-01 1.1016403263e-04
411 2.5985487923e-01 9.6206852671e-05
412 2.5972514166e-01 6.2165953364e-05
413 2.5959504321e-01 6.8822687006e-05
414 2.5946838873e-01 6.5802979659e-05
415 2.5932556876e-01 5.4619912394e-05
416 2.5918051389e-01 5.5441952649e-05
417 2.5904777330e-01 5.8927207267e-05
418 2.5891956675e-01 5.3101216117e-05
419 2.5875997975e-01 5.4481797428e-05
420 2.5861111562e-01 6.7466894301e-05
421 2.5846758050e-01 5.9027529379e-05
422 2.5830804862e-01 5.2220183024e-05
423 2.5815993556e-01 6.5932993609e-05
424 2.5805522056e-01 6.4766828716e-05
425 2.5790625496e-01 5.5685618968e-05
426 2.5775857037e-01 6.5108690134e-05
427 2.5762727917e-01 5.7188669372e-05
428 2.5747021183e-01 6.1560073743e-05
429 2.5733307288e-01 8.6880512215e-05
430 2.5720399637e-01 7.1100540987e-05
431 2.5706694045e-01 9.4189006408e-05
432 2.5695373250e-01 7.1978455884e-05
433 2.5680360644e-01 6.1094759908e-05
434 2.5666631598e-01 7.3428911466e-05
435 2.5652948787e-01 1.0223999973e-04
436 2.5641814011e-01 1.2616401735e-04
437 2.5627730018e-01 7.3353715690e-05
438 2.5614073033e-01 7.4659977193e-05
439 2.5601194674e-01 6.5405262564e-05
440 2.5588596112e-01 6.9170621556e-05
441 2.5577620814e-01 5.5803106876e-05
442 2.5564042899e-01 4.1759179909e-05
443 2.5552260005e-01 5.0306836293e-05
444 2.5544604815e-01 5.5169556068e-05
445 2.5534916416e-01 4.5492598658e-05
446 2.5525582699e-01 8.3245124747e-05
447 2.5519334124e-01 8.9241050906e-05
448 2.5511383745e-01 7.6641548713e-05
449 2.5504141332e-01 6.4395080510e-05
450 2.5494232945e-01 5.2872768111e-05
451 2.5484440690e-01 7.2302853371e-05
452 2.5476037093e-01 6.9682702685e-05
453 2.5466530512e-01 4.4437972353e-05
454 2.5456881841e-01 4.7318524540e-05
455 2.5449923272e-01 5.7265971392e-05
456 2.5441360458e-01 4.1985868875e-05
457 2.5432185319e-01 4.4224530758e-05
458 2.5423645285e-01 4.2750793274e-05
459 2.5415689325e-01 4.2986552824e-05
460 2.5408750378e-01 4.4276291097e-05
461 2.5402190569e-01 4.7029196797e-05
462 2.5395631196e-01 4.4141002552e-05
463 2.5388696162e-01 5.4209550214e-05
464 2.5382215831e-01 5.7569665060e-05
465 2.5375683466e-01 5.0915798032e-05
466 2.5368786143e-01 4.8606853554e-05
467 2.5362821051e-01 4.7772034311e-05
468 2.5357110611e-01 4.7240044031e-05
469 2.5351721570e-01 5.0454773152e-05
470 2.5346115485e-01 4.0202128025e-05
471 2.5340663566e-01 5.2691338181e-05
472 2.5336835755e-01 8.4364871354e-05
473 2.5332782483e-01 5.9193585752e-05
474 2.5328637984e-01 5.5684311358e-05
475 2.5323814993e-01 4.7276987356e-05
476 2.5319019571e-01 5.0872525109e-05
477 2.5314366570e-01 4.8073762310e-05
478 2.5309003424e-01 3.7475030486e-05
479 2.5303029637e-01 3.9790428570e-05
480 2.5297593997e-01 4.4856478894e-05
481 2.5292962911e-01 3.3681862040e-05
482 2.5288070008e-01 4.3395544082e-05
483 2.5283747688e-01 4.5458122271e-05
484 2.5278481782e-01 3.5552378304e-05
485 2.5273765871e-01 3.9696191622e-05
486 2.5269885633e-01 4.8756879335e-05
487 2.5266415390e-01 4.0320093010e-05
488 2.5262622424e-01 5.6465872618e-05
489 2.5260171663e-01 8.0764795159e-05
490 2.5257825394e-01 5.6229448550e-05
491 2.5255759896e-01 5.0953461471e-05
492 2.5254116535e-01 3.9663994150e-05
493 2.5252262788e-01 4.3349509536e-05
494 2.5250307877e-01 6.3622508484e-05
495 2.5248770280e-01 9.1111513073e-05
496 2.5247388612e-01 5.9514701888e-05
497 2.5245921872e-01 4.4827846025e-05
498 2.5244352646e-01 4.1912259530e-05
499 2.5243465326e-01 4.4048470309e-05
500 2.5242779391e-01 4.4508278672e-05
501 2.5241938080e-01 6.2210533217e-05
502 2.5241214883e-01 6.7407299289e-05
503 2.5240330497e-01 4.4838094509e-05
504 2.5239837478e-01 4.6633773628e-05
505 2.5239306872e-01 2.9454812438e-05
506 2.5239019153e-01 2.8199479758e-05
507 2.5238867290e-01 3.4623704403e-05
508 2.5238770057e-01 3.2143522354e-05
509 2.5238635530e-01 2.6864679672e-05
510 2.5238606222e-01 2.8474177550e-05
511 2.5238957622e-01 2.8857458441e-05
512 2.5239322987e-01 2.8123300958e-05
513 2.5239787883e-01 2.7794351853e-05
514 2.5240378404e-01 2.7504968454e-05
515 2.5241315265e-01 2.6967011903e-05
516 2.5241838110e-01 3.4782040198e-05
517 2.5242423896e-01 2.8037445603e-05
518 2.5243801169e-01 2.5593279860e-05
519 2.5244939748e-01 2.9254242087e-05
520 2.5246008422e-01 2.8619013776e-05
521 2.5247817864e-01 2.7601872434e-05
522 2.5250043674e-01 3.5032274868e-05
523 2.5252242440e-01 3.3856364532e-05
524 2.5255026972e-01 3.2167136414e-05
525 2.5257975954e-01 3.2982669981e-05
526 2.5261047307e-01 3.3059049364e-05
527 2.5264771967e-01 3.7330154491e-05
528 2.5268776930e-01 3.6053945051e-05
529 2.5273177837e-01 5.4583294575e-05
530 2.5276641572e-01 5.4544553890e-05
531 2.5282156490e-01 4.8599521464e-05
532 2.5288176392e-01 7.3451636732e-05
533 2.5294091969e-01 6.2411262548e-05
534 2.5302404395e-01 4.5961688476e-05
535 2.5311151449e-01 4.6916597350e-05
536 2.5319460146e-01 4.3951811181e-05
537 2.5327990246e-01 4.2116376474e-05
538 2.5338403789e-01 3.8620081222e-05
539 2.5348627326e-01 4.5711309567e-05
540 2.5358074955e-01 4.1377972383e-05
541 2.5371512767e-01 3.8201931593e-05
542 2.5386027119e-01 3.7169316439e-05
543 2.5401421103e-01 4.4960865185e-05
544 2.5416698803e-01 5.4878898934e-05
545 2.5431967857e-01 5.1536131136e-05
546 2.5448684120e-01 5.0556066010e-05
547 2.5464130136e-01 7.0082659739e-05
548 2.5476851647e-01 7.2410104315e-05
549 2.5492180773e-01 6.7244601496e-05
550 2.5506967931e-01 6.5113328210e-05
551 2.5520775708e-01 5.4211243380e-05
552 2.5534744486e-01 5.7721182675e-05
553 2.5548251578e-01 4.8441145439e-05
554 2.5560660132e-01 4.6350670589e-05
555 2.5571935162e-01 4.3972086443e-05
556 2.5584058911e-01 4.5359125812e-05
557 2.5595026070e-01 5.7426809785e-05
558 2.5606013614e-01 7.3398402837e-05
559 2.5614823350e-01 7.1410892331e-05
560 2.5626115964e-01 4.2263059210e-05
561 2.5638504618e-01 3.6006711411e-05
562 2.5649915856e-01 3.8148394476e-05
563 2.5660649316e-01 4.9822991226e-05
564 2.5670853181e-01 5.7260300104e-05
565 2.5682341250e-01 6.2493686923e-05
566 2.5693840375e-01 6.7909791139e-05
567 2.5704803566e-01 5.0821775352e-05
568 2.5719120920e-01 4.1324050519e-05
569 2.5733735459e-01 5.7551972724e-05
570 2.5746782632e-01 4.8417664649e-05
571 2.5760102352e-01 3.4056782246e-05
572 2.5770918143e-01 4.2381611851e-05
573 2.5779671492e-01 4.4116406638e-05
574 2.5790723815e-01 3.3155587507e-05
575 2.5801285901e-01 3.2208837501e-05
576 2.5810055603e-01 3.2035591461e-05
577 2.5818175368e-01 3.4821772305e-05
578 2.5825092170e-01 3.9894006485e-05
579 2.5832570078e-01 3.1248994607e-05
580 2.5841357987e-01 3.1481823306e-05
581 2.5850188530e-01 3.4730633024e-05
582 2.5859159309e-01 3.7049508622e-05
583 2.5868787338e-01 3.5841401071e-05
584 2.5879180695e-01 3.6084997574e-05
585 2.5889435861e-01 4.3706915160e-05
586 2.5898022558e-01 5.0154599997e-05
587 2.5906039574e-01 4.2590656374e-05
588 2.5915456448e-01 4.1155525410e-05
589 2.5923622948e-01 7.6929824342e-05
590 2.5929801812e-01 6.9686068885e-05
591 2.5938216933e-01 4.7656276997e-05
592 2.5944455565e-01 4.9149939603e-05
593 2.5951651550e-01 3.3789596423e-05
594 2.5960339147e-01 3.6189648558e-05
595 2.5968909194e-01 3.8423832399e-05
596 2.5976656960e-01 4.1643187845e-05
597 2.5984004557e-01 4.7577524912e-05
598 2.5990191011e-01 4.1946321377e-05
599 2.5998228175e-01 4.0615737786e-05
600 2.6006154547e-01 6.1916521636e-05
601 2.6012945615e-01 6.8043250061e-05
602 2.6021724792e-01 4.1124219295e-05
603 2.6031491425e-01 3.7755251651e-05
604 2.6040362863e-01 5.5432044664e-05
605 2.6047573953e-01 6.7688823947e-05
606 2.6053924347e-01 8.4571210259e-05
607 2.6059721236e-01 6.4607590430e-05
608 2.6066905490e-01 4.5189069773e-05
609 2.6073886466e-01 5.3883118593e-05
610 2.6079374962e-01 4.4031486552e-05
611 2.6084481644e-01 4.8066513182e-05
612 2.6089034225e-01 3.8846965169e-05
613 2.6094646045e-01 2.9396882903e-05
614 2.6099418984e-01 5.0554856194e-05
615 2.6102506763e-01 7.3572934696e-05
616 2.6105498229e-01 5.1139576574e-05
617 2.6108155811e-01 4.8974469077e-05
618 2.6110953802e-01 2.8115318932e-05
619 2.6113720935e-01 2.6745662227e-05
620 2.6115649952e-01 3.3366662128e-05
621 2.6117366090e-01 3.0554039896e-05
622 2.6119003728e-01 4.4049044160e-05
623 2.6119886752e-01 6.6755678244e-05
624 2.6120763025e-01 4.1852673572e-05
625 2.6121343152e-01 3.5330159233e-05
626 2.6121734342e-01 3.0470276168e-05
627 2.6122024447e-01 2.7765741422e-05
628 2.6122393663e-01 3.5075848820e-05
629 2.6122515318e-01 3.6007435137e-05
630 2.6122638982e-01 4.4146336745e-05
631 2.6122755215e-01 2.9772748991e-05
632 2.6123020258e-01 3.5704867911e-05
633 2.6123394372e-01 3.9598386728e-05
634 2.6123993185e-01 3.0280553382e-05
635 2.6124545745e-01 3.4549793459e-05
636 2.6125104855e-01 3.3788123108e-05
637 2.6125959186e-01 3.4765290162e-05
638 2.6126767926e-01 3.3341111128e-05
639 2.6127260829e-01 3.2817430534e-05
640 2.6127662160e-01 2.9072813016e-05
641 2.6127948360e-01 2.8548827596e-05
642 2.6128131138e-01 3.0674154728e-05
643 2.6128038059e-01 2.8257144978e-05
644 2.6127549611e-01 2.8197052730e-05
645 2.6126705207e-01 3.4945431196e-05
646 2.6125389228e-01 3.0761977583e-05
647 2.6123507448e-01 3.4494953362e-05
648 2.6121571745e-01 3.9916197743e-05
649 2.6119745314e-01 4.6675616069e-05
650 2.6117449619e-01 5.7204527621e-05
651 2.6114993131e-01 7.2185316521e-05
652 2.6112319827e-01 6.1464433729e-05
653 2.6109825206e-01 4.2626132111e-05
654 2.6107265044e-01 3.9663270543e-05
655 2.6104010683e-01 4.5497217985e-05
656 2.6100741375e-01 4.3334079852e-05
657 2.6096650240e-01 3.5751087322e-05
658 2.6091381209e-01 3.2679758534e-05
659 2.6086534384e-01 4.2443027719e-05
660 2.6081361777e-01 3.8285520315e-05
661 2.6074686212e-01 3.6482357543e-05
662 2.6068505083e-01 4.0170862751e-05
663 2.6061960609e-01 4.4364384487e-05
664 2.6054629698e-01 4.7992181581e-05
665 2.6047641832e-01 6.5396564283e-05
666 2.6041456872e-01 6.8208814046e-05
667 2.6033932214e-01 4.2101244498e-05
668 2.6026313103e-01 5.0401061750e-05
669 2.6020487619e-01 5.3480717073e-05
670 2.6012090035e-01 3.4954759066e-05
671 2.6003131263e-01 4.1063588772e-05
672 2.5996559438e-01 4.0853170879e-05
673 2.5986892210e-01 3.2678076251e-05
674 2.5975833641e-01 4.2613588925e-05
675 2.5966808269e-01 9.0249004367e-05
676 2.5960570401e-01 7.8854198605e-05
677 2.5952785659e-01 5.5536063355e-05
678 2.5945846969e-01 5.1824248209e-05
679 2.5939068708e-01 4.1167573300e-05
680 2.5932834622e-01 4.7967872507e-05
681 2.5926621766e-01 4.8175886506e-05
682 2.5920701483e-01 5.5697639805e-05
683 2.5915403725e-01 5.8260026820e-05
684 2.5910617088e-01 6.1135907531e-05
685 2.5905733961e-01 5.1532696926e-05
686 2.5900767872e-01 5.3319834283e-05
687 2.5896003704e-01 4.9814727460e-05
688 2.5891372251e-01 4.4455997467e-05
689 2.5886093487e-01 3.8644433316e-05
690 2.5880675122e-01 4.3485926579e-05
691 2.5875463563e-01 3.9772543745e-05
692 2.5869235117e-01 3.3128772073e-05
693 2.5863179374e-01 3.6683825338e-05
694 2.5857690529e-01 4.4373255034e-05
695 2.5851816491e-01 3.9002456544e-05
696 2.5845978421e-01 3.3783046427e-05
697 2.5840535671e-01 4.1094699533e-05
698 2.5836251156e-01 4.0764046418e-05
699 2.5830101574e-01 3.3054600038e-05
700 2.5822816466e-01 3.4683834342e-05
701 2.5816445683e-01 3.8213837069e-05
702 2.5810550108e-01 3.6835372863e-05
703 2.5804364344e-01 3.7188418212e-05
704 2.5798499983e-01 3.3465122830e-05
705 2.5792674670e-01 3.0240424135e-05
706 2.5787761545e-01 3.4729869848e-05
707 2.5782319153e-01 2.8275924793e-05
708 2.5776418544e-01 3.5980028689e-05
709 2.5771401491e-01 3.8752397362e-05
710 2.5766127729e-01 3.4059222034e-05
711 2.5760992620e-01 3.5439807502e-05
712 2.5756401645e-01 6.4228325789e-05
713 2.5752732159e-01 7.9416034113e-05
714 2.5748945819e-01 4.4915454720e-05
715 2.5744283764e-01 3.7442450424e-05
716 2.5739858628e-01 3.6050532029e-05
717 2.5735476801e-01 2.9725226880e-05
718 2.5730972838e-01 3.0118521749e-05
719 2.5727049673e-01 3.9768846272e-05
720 2.5723942810e-01 3.7590096851e-05
721 2.5720211602e-01 3.3394911507e-05
722 2.5716325921e-01 4.5486320607e-05
723 2.5712910945e-01 3.8782338158e-05
724 2.5709015192e-01 3.3164007438e-05
725 2.5705178153e-01 3.9683009249e-05
726 2.5701716893e-01 4.0260599069e-05
727 2.5697407850e-01 3.6950033773e-05
728 2.5693513191e-01 7.3560832107e-05
729 2.5690419157e-01 7.1103251978e-05
730 2.5686140342e-01 4.5313838221e-05
731 2.5682071005e-01 4.9286458814e-05
732 2.5677715675e-01 3.9669748450e-05
733 2.5672346371e-01 3.6501483397e-05
734 2.5666647248e-01 4.4287309542e-05
735 2.5661163066e-01 5.2494283046e-05
736 2.5655580983e-01 8.2114010686e-05
737 2.5650730542e-01 7.2075201057e-05
738 2.5644796081e-01 4.8373899853e-05
739 2.5638099169e-01 4.0361610685e-05
740 2.5630806544e-01 5.0074620378e-05
741 2.5624430477e-01 8.8578781730e-05
742 2.5618679958e-01 7.4358482713e-05
743 2.5610247151e-01 4.5741002434e-05
744 2.5600533159e-01 4.1665267241e-05
745 2.5590711739e-01 4.7819639271e-05
746 2.5580112433e-01 4.3207536967e-05
747 2.5568694686e-01 5.1486293076e-05
748 2.5557589459e-01 4.6384468382e-05
749 2.5546536666e-01 5.2100676246e-05
750 2.5536437609e-01 5.0939063790e-05
751 2.5524170519e-01 4.7987031573e-05
752 2.5511749121e-01 4.8095438385e-05
753 2.5500232699e-01 4.5633193917e-05
754 2.5489549890e-01 4.1477850248e-05
755 2.5479002191e-01 4.6575156396e-05
756 2.5468586649e-01 4.7450798423e-05
757 2.5457300410e-01 4.4295527257e-05
758 2.5445770780e-01 4.2273882322e-05
759 2.5436867737e-01 4.9997402451e-05
760 2.5427541812e-01 4.1889944608e-05
761 2.5416434683e-01 4.6214979311e-05
762 2.5408257828e-01 4.7083423951e-05
763 2.5398437789e-01 4.4886687008e-05
764 2.5389038131e-01 5.0767847972e-05
765 2.5379311996e-01 3.9369657435e-05
766 2.5369164022e-01 4.4588724095e-05
767 2.5361088254e-01 4.5201440941e-05
768 2.5351866776e-01 3.7527628045e-05
769 2.5342523075e-01 4.1333663999e-05
770 2.5335633560e-01 4.9299798139e-05
771 2.5328809224e-01 3.9884200784e-05
772 2.5322030020e-01 5.6656087617e-05
773 2.5315739241e-01 4.6839157151e-05
774 2.5308266066e-01 5.6541176274e-05
775 2.5302526424e-01 5.6133278886e-05
776 2.5295482981e-01 6.5210446573e-05
777 2.5290497002e-01 6.2273177846e-05
778 2.5283829094e-01 3.8940635929e-05
779 2.5276642288e-01 3.5911487573e-05
780 2.5269898089e-01 3.7903408669e-05
781 2.5262903439e-01 3.1285451312e-05
782 2.5254381782e-01 2.7592875747e-05
783 2.5244455116e-01 2.5742892447e-05
784 2.5234217943e-01 2.8203958003e-05
785 2.5224393307e-01 3.0441624311e-05
786 2.5214286793e-01 4.0184126836e-05
787 2.5204964311e-01 5.0960657648e-05
788 2.5196187264e-01 6.4792628659e-05
789 2.5186918129e-01 6.2476601672e-05
790 2.5176251123e-01 4.3022950234e-05
791 2.5165671013e-01 4.3229166588e-05
792 2.5156047646e-01 3.7228450994e-05
793 2.5144162258e-01 2.9757125153e-05
794 2.5132303240e-01 3.0558244574e-05
795 2.5122894488e-01 4.6033970678e-05
796 2.5115366291e-01 4.0256406609e-05
797 2.5107023968e-01 5.7894233113e-05
798 2.5101356359e-01 4.9376557895e-05
799 2.5093190565e-01 2.7195141952e-05
800 2.5085832735e-01 3.1525432036e-05
801 2.5080199911e-01 2.9898013375e-05
802 2.5073768589e-01 4.0096038231e-05
803 2.5067770150e-01 4.9466751663e-05
804 2.5061799706e-01 4.8425787105e-05
805 2.5055417700e-01 3.2946614252e-05
806 2.5048109241e-01 2.7153238321e-05
807 2.5040683997e-01 2.8197431819e-05
808 2.5033543259e-01 2.5409528300e-05
809 2.5026351563e-01 2.6522768517e-05
810 2.5018886181e-01 2.9316194106e-05
811 2.5010600372e-01 2.6912993208e-05
812 2.5001858436e-01 2.5237104830e-05
813 2.4993152925e-01 2.7399724190e-05
814 2.4983972406e-01 2.2267769918e-05
815 2.4973624178e-01 2.1728338935e-05
816 2.4963446503e-01 2.1636039546e-05
817 2.4955721557e-01 2.3269659368e-05
818 2.4948454532e-01 2.1259946719e-05
819 2.4938574082e-01 2.2859943509e-05
820 2.4929892858e-01 2.9083671433e-05
821 2.4920931328e-01 3.0764228636e-05
822 2.4910923535e-01 2.5843248078e-05
823 2.4900291023e-01 2.3942621902e-05
824 2.4888805318e-01 2.2480534186e-05
825 2.4876654550e-01 3.3975410938e-05
826 2.4866955700e-01 3.9238932889e-05
827 2.4856675583e-01 2.5522229838e-05
828 2.4845914091e-01 4.1751950969e-05
829 2.4834812350e-01 3.2820388369e-05
830 2.4822162286e-01 2.5963929982e-05
831 2.4809529318e-01 2.4507355539e-05
832 2.4797241854e-01 2.2033779620e-05
833 2.4785475882e-01 2.5784153192e-05
834 2.4773632571e-01 3.8868772009e-05
835 2.4763096275e-01 4.5915954685e-05
836 2.4750806806e-01 4.2621667130e-05
837 2.4738112998e-01 4.4688135672e-05
838 2.4725605612e-01 3.5072840072e-05
839 2.4713856300e-01 3.6360086370e-05
840 2.4702455742e-01 2.8739335818e-05
841 2.4691243071e-01 2.6743813188e-05
842 2.4678580499e-01 2.2169784176e-05
843 2.4664601082e-01 2.1175466644e-05
844 2.4650787303e-01 3.1675790948e-05
845 2.4640804536e-01 6.4252398338e-05
846 2.4631154547e-01 3.6856382778e-05
847 2.4620134639e-01 3.1742338812e-05
848 2.4609937010e-01 3.1682956799e-05
849 2.4599441034e-01 3.2303721877e-05
850 2.4589285205e-01 2.4093125915e-05
851 2.4577988082e-01 2.1165769568e-05
852 2.4567189001e-01 2.5557986841e-05
853 2.4559964605e-01 4.0943736061e-05
854 2.4552487703e-01 2.5604264643e-05
855 2.4543917061e-01 2.6098455593e-05
856 2.4536394412e-01 3.5254908104e-05
857 2.4530038099e-01 3.0478628947e-05
858 2.4521925987e-01 1.7354096004e-05
859 2.4512218460e-01 1.8076905408e-05
860 2.4503038937e-01 2.5573417095e-05
861 2.4495877868e-01 3.5000562067e-05
862 2.4488170218e-01 3.8699494807e-05
863 2.4481097054e-01 3.4781530821e-05
864 2.4471845120e-01 2.3209629891e-05
865 2.4462721538e-01 2.0246863832e-05
866 2.4453696257e-01 2.0910742927e-05
867 2.4443763612e-01 2.0348071563e-05
868 2.4433157538e-01 2.3711730625e-05
869 2.4423390530e-01 3.0830810045e-05
870 2.4413624282e-01 2.2309693282e-05
871 2.4401720650e-01 1.8433486376e-05
872 2.4389262892e-01 2.0549072183e-05
873 2.4379284582e-01 2.4344735033e-05
874 2.4369871222e-01 2.2231815144e-05
875 2.4360071573e-01 2.2421974835e-05
876 2.4351044626e-01 2.1329270910e-05
877 2.4341205801e-01 2.2279705266e-05
878 2.4332737064e-01 2.5262292226e-05
879 2.4323812262e-01 2.0202449868e-05
880 2.4314347574e-01 2.1361057803e-05
881 2.4306297161e-01 2.3047712874e-05
882 2.4298088477e-01 2.3760527705e-05
883 2.4290358046e-01 2.9935455536e-05
884 2.4284529540e-01 2.4069421490e-05
885 2.4278243630e-01 2.3373882063e-05
886 2.4273236721e-01 2.8894647844e-05
887 2.4266703028e-01 2.1279100624e-05
888 2.4260179639e-01 1.7137245312e-05
889 2.4254929174e-01 1.8825699534e-05
890 2.4249781233e-01 1.7988699892e-05
891 2.4245289101e-01 1.8528810693e-05
892 2.4240339882e-01 1.6190615268e-05
893 2.4234990269e-01 1.6481280591e-05
894 2.4230734191e-01 1.9368059153e-05
895 2.4226485935e-01 1.6768909327e-05
896 2.4222331442e-01 2.2851736961e-05
897 2.4218821214e-01 3.2016883404e-05
898 2.4215642156e-01 2.0833667774e-05
899 2.4211554332e-01 1.4921668796e-05
900 2.4207429196e-01 2.4861423191e-05
901 2.4204446769e-01 4.1839643980e-05
902 2.4200947760e-01 2.3523906539e-05
903 2.4197248307e-01 2.2217785894e-05
904 2.4194010989e-01 1.7253649150e-05
905 2.4190016683e-01 1.6819189799e-05
906 2.4186316027e-01 1.7115638606e-05
907 2.4182252002e-01 1.7354725018e-05
908 2.4178598295e-01 1.7788527794e-05
909 2.4174279360e-01 1.7707226488e-05
910 2.4170586810e-01 1.8408296296e-05
911 2.4166245643e-01 1.5408645970e-05
912 2.4161367536e-01 1.8320928867e-05
913 2.4157425372e-01 2.3039302897e-05
914 2.4152463893e-01 2.9906636948e-05
915 2.4148560074e-01 3.9511965884e-05
916 2.4143292143e-01 1.8667431020e-05
917 2.4137657837e-01 1.8784343238e-05
918 2.4133422881e-01 1.8011764848e-05
919 2.4128201234e-01 1.4162085557e-05
920 2.4123041358e-01 1.6825650008e-05
921 2.4118673879e-01 1.9895116380e-05
922 2.4114506014e-01 1.7375254870e-05
923 2.4109826461e-01 2.0179072385e-05
924 2.4105528354e-01 2.7080941240e-05
925 2.4101307874e-01 2.7956477974e-05
926 2.4096515433e-01 2.9342895428e-05
927 2.4092075106e-01 3.0400385715e-05
928 2.4087267512e-01 1.8700759011e-05
929 2.4081792660e-01 2.2407072046e-05
930 2.4076681768e-01 2.4013303418e-05
931 2.4070965390e-01 1.5879422902e-05
932 2.4065054814e-01 1.8308535483e-05
933 2.4060254344e-01 2.1532158408e-05
934 2.4054261765e-01 1.7033162909e-05
935 2.4047950575e-01 1.9015116790e-05
936 2.4041794424e-01 2.4112270904e-05
937 2.4035085442e-01 2.1258101596e-05
938 2.4028056305e-01 1.8982762480e-05
939 2.4020590651e-01 1.8653050104e-05
940 2.4012883199e-01 2.4513925631e-05
941 2.4006730557e-01 2.3819543979e-05
942 2.4000052657e-01 2.4527515297e-05
943 2.3993939590e-01 2.3163977925e-05
944 2.3986829537e-01 1.8630137225e-05
945 2.3979903057e-01 1.9199673531e-05
946 2.3972651193e-01 1.8258596450e-05
947 2.3964633862e-01 1.7094836342e-05
948 2.3954934553e-01 1.6419551791e-05
949 2.3946181067e-01 2.1294424335e-05
950 2.3939011811e-01 2.1283086994e-05
951 2.3930107771e-01 1.7907436482e-05
952 2.3921825505e-01 1.9206780389e-05
953 2.3914278161e-01 1.8752248736e-05
954 2.3906726885e-01 1.9998100685e-05
955 2.3899899130e-01 3.6453882203e-05
956 2.3894734810e-01 4.3277623002e-05
957 2.3889127461e-01 2.7558750003e-05
958 2.3882876037e-01 1.8328229194e-05
959 2.3877767591e-01 1.8678587058e-05
960 2.3872352383e-01 1.6543754953e-05
961 2.3866210552e-01 2.4575025194e-05
962 2.3861643793e-01 4.7618331823e-05
963 2.3857151916e-01 3.0892218285e-05
964 2.3852000139e-01 2.1438661804e-05
965 2.3845812729e-01 1.6672009288e-05
966 2.3839153448e-01 1.8891720364e-05
967 2.3833252060e-01 3.2878460295e-05
968 2.3829232620e-01 3.7883923794e-05
969 2.3824625051e-01 2.5342575303e-05
970 2.3820022629e-01 2.3910488753e-05
971 2.3815891210e-01 3.0653822098e-05
972 2.3812790047e-01 2.1615967247e-05
973 2.3808929843e-01 1.5290117156e-05
974 2.3805891994e-01 1.9053962082e-05
975 2.3803124745e-01 1.5223852950e-05
976 2.3799863064e-01 1.4790738251e-05
977 2.3797428676e-01 1.4309470572e-05
978 2.3794192144e-01 1.5455181489e-05
979 2.3790560711e-01 2.4153556586e-05
980 2.3788115199e-01 3.2384269251e-05
981 2.3785822958e-01 3.5861189408e-05
982 2.3783992613e-01 3.3866539320e-05
983 2.3781696780e-01 1.7295826551e-05
984 2.3779563203e-01 2.0571228762e-05
985 2.3778058066e-01 2.0460835733e-05
986 2.3776189382e-01 1.7629773213e-05
987 2.3774743707e-01 2.0705446410e-05
988 2.3773161776e-01 1.8243841843e-05
989 2.3771515097e-01 1.9277383895e-05
990 2.3769834179e-01 1.7410532218e-05
991 2.3768249975e-01 1.9737747384e-05
992 2.3766826274e-01 1.9813326029e-05
993 2.3765243408e-01 2.0675345637e-05
994 2.3763896096e-01 2.3919306533e-05
995 2.3762450669e-01 1.6457870328e-05
996 2.3760855825e-01 2.0048926475e-05
997 2.3759554170e-01 1.6907785197e-05
998 2.3758114011e-01 2.0102309680e-05
999 2.3756744831e-01 1.6087008656e-05
1000 2.3755227355e-01 1.4699459131e-05
1001 2.3754079578e-01 1.6670748839e-05
1002 2.3752534177e-01 1.2382921729e-05
1003 2.3750908255e-01 1.3439064938e-05
1004 2.3749507693e-01 1.8986188682e-05
1005 2.3748302150e-01 1.7542865324e-05
1006 2.3746636970e-01 1.3560330167e-05
1007 2.3744915409e-01 1.6566160333e-05
1008 2.3743593527e-01 1.7517473349e-05
1009 2.3742253499e-01 1.3557494019e-05
1010 2.3740931146e-01 1.7615572246e-05
1011 2.3739506609e-01 2.0403402462e-05
1012 2.3737909435e-01 1.9476946853e-05
1013 2.3736291038e-01 2.1090576591e-05
1014 2.3734800932e-01 3.9110464744e-05
1015 2.3733407286e-01 2.8277530745e-05
1016 2.3731475418e-01 1.8007959492e-05
1017 2.3729522580e-01 2.1237922453e-05
1018 2.3727700741e-01 2.0412717944e-05
1019 2.3725776060e-01 1.8120045875e-05
1020 2.3723860278e-01 2.3117539529e-05
1021 2.3722004349e-01 1.6556103248e-05
1022 2.3719866027e-01 1.3665816340e-05
1023 2.3717725376e-01 1.7242911076e-05
1024 2.3715999259e-01 1.5863349609e-05
1025 2.3713624979e-01 1.7307681732e-05
1026 2.3711798015e-01 2.7898556820e-05
1027 2.3709881738e-01 2.6270456449e-05
1028 2.3708055276e-01 2.8780445748e-05
1029 2.3705552411e-01 1.5663027268e-05
1030 2.3702464992e-01 1.8472058735e-05
1031 2.3699846603e-01 3.3893385139e-05
1032 2.3696870886e-01 2.7814998872e-05
1033 2.3693483577e-01 2.8340974076e-05
1034 2.3690206377e-01 2.0462246924e-05
1035 2.3686103859e-01 1.8796249284e-05
1036 2.3681613140e-01 1.9731062444e-05
1037 2.3676101356e-01 1.7485629349e-05
1038 2.3670504719e-01 1.8158658718e-05
1039 2.3664621094e-01 1.9055666374e-05
1040 2.3658930931e-01 1.9447021934e-05
1041 2.3652687192e-01 1.8683710387e-05
1042 2.3645640420e-01 2.5089875251e-05
1043 2.3639447225e-01 3.1946739189e-05
1044 2.3633755882e-01 4.5127046310e-05
1045 2.3628112101e-01 2.4840742400e-05
1046 2.3620504317e-01 1.9026585177e-05
1047 2.3612289499e-01 2.3385396286e-05
1048 2.3605470427e-01 2.2790335865e-05
1049 2.3597335966e-01 2.1213784572e-05
1050 2.3589244192e-01 2.6751698085e-05
1051 2.3579685827e-01 2.4461545484e-05
1052 2.3567978939e-01 2.2362406706e-05
1053 2.3554999764e-01 2.4648461846e-05
1054 2.3542058363e-01 2.8334071852e-05
1055 2.3528510521e-01 2.6429472213e-05
1056 2.3515927343e-01 2.7725262633e-05
1057 2.3501971524e-01 2.7672453994e-05
1058 2.3489887326e-01 3.1032779007e-05
1059 2.3475023568e-01 2.5316169630e-05
1060 2.3458028914e-01 2.8586882998e-05
1061 2.3442344140e-01 3.2826112950e-05
1062 2.3426500366e-01 3.0630533522e-05
1063 2.3410137705e-01 3.5363927316e-05
1064 2.3394739353e-01 3.5396667581e-05
1065 2.3378508083e-01 3.1737147334e-05
1066 2.3361546147e-01 3.2801519728e-05
1067 2.3347553268e-01 3.2126635211e-05
1068 2.3331688594e-01 3.2953057247e-05
1069 2.3314511584e-01 3.4958428657e-05
1070 2.3292991322e-01 2.7076637711e-05
1071 2.3268477778e-01 2.7196769839e-05
1072 2.3244729838e-01 4.3057901588e-05
1073 2.3226386466e-01 5.5337982071e-05
1074 2.3205722073e-01 5.9061520432e-05
1075 2.3190189699e-01 5.7336968956e-05
1076 2.3169228640e-01 3.0350556465e-05
1077 2.3148434947e-01 4.1603244645e-05
1078 2.3131675760e-01 3.4344121745e-05
1079 2.3112174673e-01 3.5917940520e-05
1080 2.3096839042e-01 3.6648373586e-05
1081 2.3076109618e-01 2.4538899571e-05
1082 2.3053359230e-01 2.6017388653e-05
1083 2.3036004725e-01 3.1181905999e-05
1084 2.3018361549e-01 2.8159568014e-05
1085 2.2999405771e-01 3.4308269942e-05
1086 2.2985169653e-01 6.8076698633e-05
1087 2.2973323323e-01 5.2761912637e-05
1088 2.2959547446e-01 2.8824014763e-05
1089 2.2944604832e-01 2.7006895303e-05
1090 2.2930807301e-01 3.4134321558e-05
1091 2.2920483423e-01 5.1302742626e-05
1092 2.2910193637e-01 4.2270307965e-05
1093 2.2899089551e-01 4.2326364342e-05
1094 2.2888638587e-01 2.5474669859e-05
1095 2.2876304143e-01 2.5905497927e-05
1096 2.2865824534e-01 2.6387286177e-05
1097 2.2855336908e-01 2.5791362913e-05
1098 2.2843038143e-01 2.7473569970e-05
1099 2.2830308803e-01 2.5322390933e-05
1100 2.2817918791e-01 2.5244400864e-05
1101 2.2804936070e-01 2.5093640137e-05
1102 2.2793714781e-01 3.2000525184e-05
1103 2.2783425647e-01 2.4919751610e-05
1104 2.2772645051e-01 3.3198300996e-05
1105 2.2762832506e-01 2.7602217738e-05
1106 2.2751846727e-01 3.0941884893e-05
1107 2.2741781481e-01 4.1416402571e-05
1108 2.2733350571e-01 5.2455695430e-05
1109 2.2724971465e-01 3.7653570708e-05
1110 2.2716218405e-01 2.8463855509e-05
1111 2.2706132536e-01 2.0102479723e-05
1112 2.2694656614e-01 1.8347367657e-05
1113 2.2683368401e-01 2.1284687553e-05
1114 2.2673238741e-01 2.5194473722e-05
1115 2.2663035506e-01 2.7119018029e-05
1116 2.2653015463e-01 2.8685692242e-05
1117 2.2642801941e-01 2.5583211858e-05
1118 2.2631315838e-01 3.1462920356e-05
1119 2.2621211602e-01 2.9079893528e-05
1120 2.2609218916e-01 2.3163646077e-05
1121 2.2597278121e-01 2.2766344068e-05
1122 2.2586403839e-01 2.3544604941e-05
1123 2.2575392345e-01 2.6458294850e-05
1124 2.2565621568e-01 2.5661071406e-05
1125 2.2555770392e-01 2.5576723373e-05
1126 2.2544333052e-01 3.0933497732e-05
1127 2.2532195880e-01 2.9914256204e-05
1128 2.2518813039e-01 3.8627414738e-05
1129 2.2509590040e-01 6.1063789092e-05
1130 2.2499903562e-01 3.8184068120e-05
1131 2.2489846443e-01 3.3349921196e-05
1132 2.2481004123e-01 2.8136965744e-05
1133 2.2473203015e-01 2.4741633150e-05
1134 2.2463774992e-01 2.3825623394e-05
1135 2.2457084045e-01 2.9738394783e-05
1136 2.2450786867e-01 2.0970367948e-05
1137 2.2443746118e-01 2.5246969582e-05
1138 2.2438254073e-01 2.5173626879e-05
1139 2.2432721198e-01 2.2724226946e-05
1140 2.2427610489e-01 2.7817286666e-05
1141 2.2423624622e-01 3.3743972376e-05
1142 2.2419253792e-01 2.9216463796e-05
1143 2.2414927023e-01 3.2734259924e-05
1144 2.2411304501e-01 2.9032058411e-05
1145 2.2407032431e-01 3.0793661734e-05
1146 2.2403788663e-01 2.8625733025e-05
1147 2.2399710193e-01 1.9837769600e-05
1148 2.2395937970e-01 1.9153636922e-05
1149 2.2392481448e-01 1.7034253565e-05
1150 2.2389092441e-01 2.1891652507e-05
1151 2.2386534261e-01 2.9223837666e-05
1152 2.2383933436e-01 2.7250988330e-05
1153 2.2381254432e-01 3.3079706377e-05
1154 2.2379115355e-01 2.6862842896e-05
1155 2.2376378635e-01 1.7829480996e-05
1156 2.2373856966e-01 1.9404835474e-05
1157 2.2371415840e-01 1.5871837619e-05
1158 2.2368805971e-01 1.7469437967e-05
1159 2.2367013045e-01 1.9997572356e-05
1160 2.2364934797e-01 1.5096242134e-05
1161 2.2362735244e-01 1.5672884314e-05
1162 2.2360329058e-01 1.7258117275e-05
1163 2.2358345285e-01 2.4496154153e-05
1164 2.2356521697e-01 2.3365236782e-05
1165 2.2354785948e-01 1.9612529677e-05
1166 2.2353107579e-01 1.6218483033e-05
1167 2.2351585954e-01 2.1213809273e-05
1168 2.2350252016e-01 1.8402891007e-05
1169 2.2348811616e-01 1.7342539900e-05
1170 2.2347514819e-01 2.9006363905e-05
1171 2.2346330336e-01 3.3310383778e-05
1172 2.2345451459e-01 3.4141646416e-05
1173 2.2344788383e-01 2.3658876920e-05
1174 2.2344104786e-01 1.6638040829e-05
1175 2.2343330312e-01 1.3566720443e-05
1176 2.2342817994e-01 1.6263132659e-05
1177 2.2342276045e-01 2.3823906701e-05
1178 2.2341642378e-01 2.0688123876e-05
1179 2.2341315716e-01 1.7745780992e-05
1180 2.2340721688e-01 1.2906781240e-05
1181 2.2340188818e-01 1.3683159343e-05
1182 2.2339690391e-01 1.8934732933e-05
1183 2.2339109297e-01 1.4161185177e-05
1184 2.2338520023e-01 1.7982198242e-05
1185 2.2338083096e-01 1.5719109826e-05
1186 2.2337569563e-01 1.5454606116e-05
1187 2.2337240599e-01 1.6068152294e-05
1188 2.2336870679e-01 1.4583606239e-05
1189 2.2336308207e-01 1.3835191995e-05
1190 2.2335706424e-01 1.6203953399e-05
1191 2.2335422765e-01 3.2072335782e-05
1192 2.2335242384e-01 3.0284973754e-05
1193 2.2334944485e-01 1.7666083505e-05
1194 2.2334497622e-01 1.6026324397e-05
1195 2.2334082983e-01 1.4093868795e-05
1196 2.2333795170e-01 1.5503013453e-05
1197 2.2333524839e-01 1.5227787760e-05
1198 2.2333186039e-01 1.8919838777e-05
1199 2.2332790535e-01 3.0657035852e-05
1200 2.2332385344e-01 2.8822194957e-05
1201 2.2331778051e-01 1.9981444448e-05
1202 2.2331245614e-01 2.0554973557e-05
1203 2.2330853743e-01 1.2779204590e-05
1204 2.2330502253e-01 1.5036262362e-05
1205 2.2330052847e-01 1.5268231930e-05
1206 2.2329232890e-01 1.5586487807e-05
1207 2.2328411656e-01 1.5582272633e-05
1208 2.2327593981e-01 1.5366654701e-05
1209 2.2326731007e-01 2.7924759399e-05
1210 2.2326008673e-01 3.5064189590e-05
1211 2.2324902386e-01 1.8157786893e-05
1212 2.2323553992e-01 1.7641830256e-05
1213 2.2322095594e-01 1.5035129437e-05
1214 2.2320193995e-01 1.5106102486e-05
1215 2.2318629874e-01 1.4831650057e-05
1216 2.2316407430e-01 1.3675859047e-05
1217 2.2314615183e-01 1.5153032861e-05
1218 2.2312207186e-01 1.0735634159e-05
1219 2.2309232796e-01 1.0736223370e-05
1220 2.2306758107e-01 1.3328754220e-05
1221 2.2304423163e-01 1.2389909045e-05
1222 2.2301722634e-01 1.2832339402e-05
1223 2.2298802545e-01 1.1478134612e-05
1224 2.2295641977e-01 1.2275645295e-05
1225 2.2292427829e-01 1.0902654145e-05
1226 2.2288946761e-01 1.1174780158e-05
1227 2.2285018575e-01 1.0971107359e-05
1228 2.2280725068e-01 1.3594073202e-05
1229 2.2276526324e-01 1.3109996494e-05
1230 2.2271398685e-01 2.3280460972e-05
1231 2.2268086342e-01 2.4353876800e-05
1232 2.2262552316e-01 1.2271106683e-05
1233 2.2257399457e-01 1.5239638399e-05
1234 2.2253228285e-01 1.2067600565e-05
1235 2.2247497012e-01 1.1286052391e-05
1236 2.2242842607e-01 1.4122640544e-05
1237 2.2238435674e-01 1.1196611299e-05
1238 2.2232875509e-01 1.1043046807e-05
1239 2.2227798125e-01 1.2565719222e-05
1240 2.2223049813e-01 1.0652358372e-05
1241 2.2217376604e-01 1.0230977488e-05
1242 2.2211699606e-01 1.2010643729e-05
1243 2.2206061034e-01 1.1744385960e-05
1244 2.2200406944e-01 1.5199158641e-05
1245 2.2195488955e-01 1.5655458544e-05
1246 2.2189366322e-01 1.1563584418e-05
1247 2.2182800979e-01 1.1185522284e-05
1248 2.2177540714e-01 1.3251116449e-05
1249 2.2171427865e-01 1.2776991697e-05
1250 2.2164187566e-01 1.5123587758e-05
1251 2.2157681231e-01 2.4013553221e-05
1252 2.2151504639e-01 2.3835031661e-05
1253 2.2144038503e-01 1.7642707776e-05
1254 2.2136192684e-01 1.4584728496e-05
1255 2.2127853632e-01 1.2335545648e-05
1256 2.2118697161e-01 1.3562477374e-05
1257 2.2111321811e-01 1.3589180495e-05
1258 2.2102795060e-01 1.5081838964e-05
1259 2.2094013359e-01 2.0240792783e-05
1260 2.2087165617e-01 2.8914979170e-05
1261 2.2079814300e-01 1.6501181412e-05
1262 2.2071823388e-01 1.3095904024e-05
1263 2.2063019879e-01 1.1004358674e-05
1264 2.2054309504e-01 1.2732150536e-05
1265 2.2046893786e-01 1.3537070733e-05
1266 2.2038485920e-01 9.8480796140e-06
1267 2.2030779666e-01 1.3647046340e-05
1268 2.2024468096e-01 1.2037465686e-05
1269 2.2015967012e-01 1.6194660381e-05
1270 2.2008903518e-01 2.1504113355e-05
1271 2.2001133766e-01 2.1865946256e-05
1272 2.1993351037e-01 1.8231103465e-05
1273 2.1985137625e-01 1.4507259333e-05
1274 2.1976180442e-01 1.3224900119e-05
1275 2.1968612409e-01 1.5848940447e-05
1276 2.1958795685e-01 1.1915661269e-05
1277 2.1948139256e-01 1.6499355351e-05
1278 2.1938961069e-01 1.2604941759e-05
1279 2.1927029789e-01 1.0186855364e-05
1280 2.1916122224e-01 1.0216442328e-05
1281 2.1905527508e-01 9.8854025331e-06
1282 2.1893904532e-01 9.8865672362e-06
1283 2.1883579056e-01 1.2058525218e-05
1284 2.1874520384e-01 1.0966314578e-05
1285 2.1863351230e-01 1.2575698894e-05
1286 2.1853246288e-01 1.3153794687e-05
1287 2.1843001599e-01 1.3757005035e-05
1288 2.1833742628e-01 1.2964902140e-05
1289 2.1823294725e-01 1.6166923312e-05
1290 2.1814400775e-01 2.7129786843e-05
1291 2.1806282638e-01 2.2397061035e-05
1292 2.1796051446e-01 1.4717568132e-05
1293 2.1785034809e-01 1.7017800101e-05
1294 2.1776346919e-01 1.5816720417e-05
1295 2.1764433667e-01 1.4262567753e-05
1296 2.1753460502e-01 1.7867985219e-05
1297 2.1740218389e-01 1.1662957168e-05
1298 2.1725379532e-01 1.2990891836e-05
1299 2.1711924765e-01 1.7344105955e-05
1300 2.1698559034e-01 2.0306057696e-05
1301 2.1687521985e-01 1.9176622279e-05
1302 2.1675105224e-01 1.3628237073e-05
1303 2.1665094688e-01 2.1331097689e-05
1304 2.1653310922e-01 1.2706170214e-05
1305 2.1639172110e-01 1.1155350560e-05
1306 2.1626634669e-01 1.5793922174e-05
1307 2.1615722719e-01 1.4922525430e-05
1308 2.1602733637e-01 1.5746989714e-05
1309 2.1591400273e-01 2.2029022399e-05
1310 2.1580230307e-01 2.7649425824e-05
1311 2.1569992353e-01 2.6890295033e-05
1312 2.1557645243e-01 1.6802875363e-05
1313 2.1543403204e-01 1.3385665071e-05
1314 2.1529039758e-01 1.3790282989e-05
1315 2.1517326488e-01 1.2804775206e-05
1316 2.1502418049e-01 1.4953156684e-05
1317 2.1489394874e-01 1.7001909721e-05
1318 2.1476494965e-01 1.4272682831e-05
1319 2.1465500967e-01 1.7125921493e-05
1320 2.1453729970e-01 1.2933941609e-05
1321 2.1440553392e-01 1.4405270672e-05
1322 2.1429440945e-01 1.7983038157e-05
1323 2.1418766336e-01 3.1446093807e-05
1324 2.1410518941e-01 2.4489085417e-05
1325 2.1398113040e-01 1.3583887063e-05
1326 2.1385979049e-01 1.4842748451e-05
1327 2.1374147811e-01 1.6401288892e-05
1328 2.1362855094e-01 1.6441759414e-05
1329 2.1351697458e-01 1.5136336988e-05
1330 2.1340443885e-01 2.3254942413e-05
1331 2.1332788250e-01 3.3799309402e-05
1332 2.1322755682e-01 1.5914876644e-05
1333 2.1311925420e-01 1.4684292135e-05
1334 2.1300159644e-01 1.3670767516e-05
1335 2.1289046766e-01 1.5875947262e-05
1336 2.1278338435e-01 1.2868907939e-05
1337 2.1266123749e-01 1.3857850743e-05
1338 2.1255160579e-01 1.6208075114e-05
1339 2.1241559168e-01 1.4597587533e-05
1340 2.1227975913e-01 1.5993250828e-05
1341 2.1212449827e-01 1.3046314928e-05
1342 2.1196621742e-01 1.7781092442e-05
1343 2.1182980598e-01 1.6089085836e-05
1344 2.1167568733e-01 1.3786187076e-05
1345 2.1154267112e-01 1.5794096263e-05
1346 2.1142513032e-01 1.6030204429e-05
1347 2.1130954233e-01 1.8229550959e-05
1348 2.1117851282e-01 2.0739512017e-05
1349 2.1108006059e-01 2.7631474114e-05
1350 2.1097133366e-01 2.1448716469e-05
1351 2.1087358244e-01 2.4037532057e-05
1352 2.1077419330e-01 1.7519876622e-05
1353 2.1068047256e-01 1.8806613706e-05
1354 2.1058651407e-01 1.6462835847e-05
1355 2.1049367125e-01 1.5828389601e-05
1356 2.1038785332e-01 1.5251482193e-05
1357 2.1028318499e-01 1.7573385326e-05
1358 2.1016559247e-01 1.3668333302e-05
1359 2.1001920898e-01 1.0998143397e-05
1360 2.0985714413e-01 1.5031445537e-05
1361 2.0973093469e-01 2.2195566995e-05
1362 2.0960751226e-01 1.6453357849e-05
1363 2.0947116167e-01 1.7324944826e-05
1364 2.0933367002e-01 2.6335988199e-05
1365 2.0919810470e-01 3.0646475131e-05
1366 2.0905773009e-01 3.3399874407e-05
1367 2.0893157154e-01 2.6588286694e-05
1368 2.0878148435e-01 2.0823382769e-05
1369 2.0864834803e-01 2.2674426738e-05
1370 2.0851880021e-01 1.7701996953e-05
1371 2.0840062104e-01 2.2784242880e-05
1372 2.0827059717e-01 1.6749462771e-05
1373 2.0811594109e-01 1.7802855095e-05
1374 2.0797102122e-01 1.8118186185e-05
1375 2.0780767100e-01 1.4085667738e-05
1376 2.0766944280e-01 1.7374911766e-05
1377 2.0752779303e-01 1.5467489250e-05
1378 2.0736281107e-01 1.4132461809e-05
1379 2.0718302387e-01 1.3179989097e-05
1380 2.0700218879e-01 2.5748412226e-05
1381 2.0688303414e-01 3.7438756589e-05
1382 2.0671454943e-01 1.9829845605e-05
1383 2.0655374728e-01 2.2554307061e-05
1384 2.0642335559e-01 1.8114468980e-05
1385 2.0627032973e-01 1.7591953543e-05
1386 2.0613890243e-01 1.8330389440e-05
1387 2.0600773186e-01 1.5611407371e-05
1388 2.0585911098e-01 1.2144704686e-05
1389 2.0572420385e-01 1.3715985355e-05
1390 2.0559166165e-01 1.8973371124e-05
1391 2.0546859716e-01 2.2238735816e-05
1392 2.0532711625e-01 2.6545166911e-05
1393 2.0520340289e-01 3.2372416787e-05
1394 2.0506344840e-01 2.1222944799e-05
1395 2.0489835435e-01 1.6233464710e-05
1396 2.0473173202e-01 1.6444389111e-05
1397 2.0458813336e-01 1.6847228037e-05
1398 2.0444675491e-01 1.4249423989e-05
1399 2.0429038751e-01 1.2636009317e-05
1400 2.0415396612e-01 1.6103660884e-05
1401 2.0403940547e-01 1.7598488097e-05
1402 2.0392839538e-01 1.5184754486e-05
1403 2.0381792938e-01 1.7339385629e-05
1404 2.0369214850e-01 1.3338058647e-05
1405 2.0355163803e-01 1.2033125170e-05
1406 2.0341499241e-01 1.2433635522e-05
1407 2.0327770788e-01 1.3907703502e-05
1408 2.0312591023e-01 1.5468934648e-05
1409 2.0298575034e-01 1.6080061371e-05
1410 2.0285393935e-01 1.6621736561e-05
1411 2.0274177826e-01 2.2639236301e-05
1412 2.0263983271e-01 2.1838890691e-05
1413 2.0254234389e-01 2.8445578659e-05
1414 2.0246158375e-01 2.1712651961e-05
1415 2.0237144426e-01 1.4922018654e-05
1416 2.0228214062e-01 1.3227652791e-05
1417 2.0218823635e-01 1.2988085129e-05
1418 2.0211209557e-01 1.1981808079e-05
1419 2.0203205671e-01 1.1272031939e-05
1420 2.0195423056e-01 1.1532406186e-05
1421 2.0187990965e-01 1.1990934542e-05
1422 2.0180195808e-01 1.3425893883e-05
1423 2.0173214384e-01 1.8325164117e-05
1424 2.0166016096e-01 2.0090313590e-05
1425 2.0158999143e-01 2.5918764758e-05
1426 2.0151919472e-01 1.7016893857e-05
1427 2.0143932876e-01 1.4513805397e-05
1428 2.0135762801e-01 1.7594734363e-05
1429 2.0127848720e-01 1.3196878376e-05
1430 2.0117991057e-01 1.1972594224e-05
1431 2.0108381927e-01 1.7012182140e-05
1432 2.0099397187e-01 1.7986641374e-05
1433 2.0088891924e-01 1.6627311904e-05
1434 2.0078430057e-01 1.3162563878e-05
1435 2.0066299611e-01 1.5490456397e-05
1436 2.0058039583e-01 1.7620335367e-05
1437 2.0046281420e-01 1.2126328836e-05
1438 2.0032419606e-01 2.0993055170e-05
1439 2.0021821341e-01 2.3157754576e-05
1440 2.0006705664e-01 1.4282336976e-05
1441 1.9989608073e-01 2.7999653716e-05
1442 1.9979231390e-01 4.2695629875e-05
1443 1.9964390867e-01 2.1340040121e-05
1444 1.9947660662e-01 1.7918290418e-05
1445 1.9931693332e-01 2.3324712557e-05
1446 1.9918839158e-01 2.2151054495e-05
1447 1.9901131076e-01 2.1593533106e-05
1448 1.9885842667e-01 2.8719580939e-05
1449 1.9868539419e-01 3.0637301119e-05
1450 1.9854586275e-01 3.9040708332e-05
1451 1.9840366191e-01 3.1169890987e-05
1452 1.9825212842e-01 2.2633656510e-05
1453 1.9807566838e-01 1.9461179420e-05
1454 1.9790445584e-01 1.8413970745e-05
1455 1.9773010972e-01 1.6385850950e-05
1456 1.9755318457e-01 2.1618936162e-05
1457 1.9739340737e-01 2.3168553108e-05
1458 1.9719274747e-01 1.8471772488e-05
1459 1.9697415659e-01 2.9142436083e-05
1460 1.9677662537e-01 2.4040278595e-05
1461 1.9652822862e-01 2.0151109461e-05
1462 1.9634967039e-01 2.8521769577e-05
1463 1.9612269750e-01 1.7207307841e-05
1464 1.9587379282e-01 2.4365803816e-05
1465 1.9568158402e-01 2.1899660883e-05
1466 1.9542450392e-01 1.6922074094e-05
1467 1.9518571832e-01 2.3498042256e-05
1468 1.9501279249e-01 2.1193218006e-05
1469 1.9477552904e-01 2.0198301123e-05
1470 1.9453485017e-01 3.0265781886e-05
1471 1.9435805833e-01 5.7867508130e-05
1472 1.9417926121e-01 2.6532430282e-05
1473 1.9394803643e-01 2.9017700514e-05
1474 1.9377472062e-01 3.4733130872e-05
1475 1.9354990059e-01 2.0562345880e-05
1476 1.9335674379e-01 2.1535922378e-05
1477 1.9318208037e-01 2.4844172579e-05
1478 1.9300010687e-01 2.0258291756e-05
1479 1.9279157493e-01 1.7835811009e-05
1480 1.9261962667e-01 2.0708771392e-05
1481 1.9240114558e-01 1.7616477734e-05
1482 1.9217522766e-01 3.1195428502e-05
1483 1.9198190178e-01 3.1112485272e-05
1484 1.9175312416e-01 4.6886277971e-05
1485 1.9157893916e-01 3.7335250861e-05
1486 1.9128030679e-01 2.0709847895e-05
1487 1.9099101374e-01 2.3017875853e-05
1488 1.9069129982e-01 2.1132154920e-05
1489 1.9035709073e-01 2.4315470010e-05
1490 1.9007049794e-01 2.9282679730e-05
1491 1.8981226516e-01 2.1521228089e-05
1492 1.8956116507e-01 2.2581194939e-05
1493 1.8934598570e-01 2.5720441603e-05
1494 1.8911275508e-01 2.0351214538e-05
1495 1.8887585249e-01 2.0213232329e-05
1496 1.8866368247e-01 2.6111253046e-05
1497 1.8842415947e-01 1.7434167576e-05
1498 1.8811450822e-01 1.7884921692e-05
1499 1.8779987442e-01 2.9502265535e-05
1500 1.8752617912e-01 3.9631944928e-05
1501 1.8719581678e-01 5.0112218986e-05
1502 1.8691190617e-01 5.2819219822e-05
1503 1.8656665146e-01 3.3679866597e-05
1504 1.8618441436e-01 3.3448714608e-05
1505 1.8583938864e-01 3.1559549633e-05
1506 1.8543167004e-01 3.0605896657e-05
1507 1.8503828965e-01 4.0091012248e-05
1508 1.8465372847e-01 5.3884937229e-05
1509 1.8429360027e-01 6.0065514753e-05
1510 1.8390699666e-01 4.6583891963e-05
1511 1.8346719345e-01 3.7060446264e-05
1512 1.8306920535e-01 3.4414578618e-05
1513 1.8258189240e-01 2.5769021180e-05
1514 1.8209078924e-01 2.6100518932e-05
1515 1.8165257953e-01 2.5423275337e-05
1516 1.8114495984e-01 2.4872489619e-05
1517 1.8065584501e-01 3.0033018520e-05
1518 1.8032393041e-01 3.4116148911e-05
1519 1.7992189270e-01 3.0077476941e-05
1520 1.7951996619e-01 2.4688622405e-05
1521 1.7907970846e-01 2.2953077564e-05
1522 1.7875428036e-01 3.0971077816e-05
1523 1.7841407987e-01 2.2213681751e-05
1524 1.7804919872e-01 3.0960254602e-05
1525 1.7778598409e-01 2.7150975454e-05
1526 1.7740992533e-01 2.4616515887e-05
1527 1.7705305923e-01 2.9926890660e-05
1528 1.7665408742e-01 2.9891510992e-05
1529 1.7622746197e-01 3.7998415700e-05
1530 1.7584061706e-01 6.2097486530e-05
1531 1.7548527347e-01 4.8805258154e-05
1532 1.7504766009e-01 3.7248609573e-05
1533 1.7471093624e-01 3.2713031299e-05
1534 1.7424516539e-01 2.2691083230e-05
1535 1.7372349452e-01 3.1122434976e-05
1536 1.7320913210e-01 4.6530868406e-05
1537 1.7276079271e-01 4.4760544033e-05
1538 1.7221406831e-01 3.1683455042e-05
1539 1.7174293340e-01 5.0718405975e-05
1540 1.7133984859e-01 4.9742576702e-05
1541 1.7079857226e-01 6.0851884598e-05
1542 1.7040357005e-01 5.6075542756e-05
1543 1.6979373963e-01 3.2683062793e-05
1544 1.6923101233e-01 4.9613151809e-05
1545 1.6866429748e-01 3.1563558430e-05
1546 1.6799304284e-01 3.6077819368e-05
1547 1.6747930528e-01 3.7016043755e-05
1548 1.6695205016e-01 3.7756865105e-05
1549 1.6643410634e-01 3.5140357667e-05
1550 1.6579381553e-01 2.8475125600e-05
1551 1.6519981366e-01 2.9699881026e-05
1552 1.6463659368e-01 3.2434036431e-05
1553 1.6408404473e-01 3.1687771645e-05
1554 1.6345285577e-01 2.7809812411e-05
1555 1.6292668063e-01 4.0094018163e-05
1556 1.6251477774e-01 3.1967801874e-05
1557 1.6198003320e-01 3.1463105650e-05
1558 1.6151658279e-01 3.4285758650e-05
1559 1.6096443312e-01 2.6652096879e-05
1560 1.6045770363e-01 3.5959629237e-05
1561 1.6005567018e-01 3.1488862643e-05
1562 1.5957141887e-01 3.5375321472e-05
1563 1.5920789059e-01 5.6233879298e-05
1564 1.5881803460e-01 6.0788790768e-05
1565 1.5847280097e-01 4.8495333822e-05
1566 1.5800039462e-01 2.6253221894e-05
1567 1.5750196850e-01 3.8211848374e-05
1568 1.5708776686e-01 4.7833974566e-05
1569 1.5667580992e-01 6.8214149727e-05
1570 1.5631196629e-01 5.5525768398e-05
1571 1.5581845394e-01 3.3162929276e-05
1572 1.5532923968e-01 2.8323818222e-05
1573 1.5488154467e-01 3.2398672942e-05
1574 1.5452269541e-01 3.1858184965e-05
1575 1.5413528373e-01 2.6083187330e-05
1576 1.5379262805e-01 3.3009228063e-05
1577 1.5348227524e-01 2.8326250863e-05
1578 1.5314545794e-01 2.9572808463e-05
1579 1.5283822094e-01 2.8745731439e-05
1580 1.5249769949e-01 3.1999645433e-05
1581 1.5223221856e-01 3.1283163000e-05
1582 1.5187571881e-01 2.2801882582e-05
1583 1.5154195698e-01 4.2228331337e-05
1584 1.5123580927e-01 3.4752119588e-05
1585 1.5086462850e-01 4.9205593353e-05
1586 1.5062815177e-01 5.5436132654e-05
1587 1.5032685194e-01 3.6379353826e-05
1588 1.5001368544e-01 2.5288157405e-05
1589 1.4968000117e-01 2.5960696222e-05
1590 1.4940573395e-01 2.4667235043e-05
1591 1.4906220788e-01 2.5498701940e-05
1592 1.4877107679e-01 3.1374594010e-05
1593 1.4841914228e-01 2.7389315732e-05
1594 1.4807324951e-01 5.0687844162e-05
1595 1.4782154412e-01 5.2503205136e-05
1596 1.4750087951e-01 3.0951027354e-05
1597 1.4715015939e-01 2.7328678249e-05
1598 1.4689840931e-01 3.7048324885e-05
1599 1.4661824653e-01 2.3387223389e-05
1600 1.4629460376e-01 2.3078524747e-05
1601 1.4590148863e-01 2.1104359001e-05
1602 1.4547565139e-01 2.2463616304e-05
1603 1.4512231283e-01 3.2755476535e-05
1604 1.4478752142e-01 2.6583369237e-05
1605 1.4439935158e-01 3.4180895463e-05
1606 1.4408112431e-01 2.8544728265e-05
1607 1.4366293487e-01 3.0184157512e-05
1608 1.4332960882e-01 3.1122782615e-05
1609 1.4294292346e-01 2.8126974224e-05
1610 1.4257015042e-01 3.0096016317e-05
1611 1.4221182958e-01 2.8396453150e-05
1612 1.4184757202e-01 3.0519707128e-05
1613 1.4154235691e-01 2.7707573370e-05
1614 1.4122798210e-01 2.3263907437e-05
1615 1.4091377844e-01 2.4433249953e-05
1616 1.4064509775e-01 3.0507193253e-05
1617 1.4038688550e-01 2.9237906656e-05
1618 1.4012878704e-01 4.3968925404e-05
1619 1.3989164604e-01 4.0224863980e-05
1620 1.3962628662e-01 5.5926310553e-05
1621 1.3940775861e-01 4.0260704073e-05
1622 1.3912640702e-01 3.1133278527e-05
1623 1.3884202327e-01 2.9079818454e-05
1624 1.3855002044e-01 2.7873575547e-05
1625 1.3827496152e-01 2.9518596345e-05
1626 1.3803226281e-01 3.8033536896e-05
1627 1.3780813670e-01 3.1087829462e-05
1628 1.3751796678e-01 3.9079746651e-05
1629 1.3727483607e-01 5.6677201808e-05
1630 1.3702363800e-01 5.0094850067e-05
1631 1.3679490189e-01 5.2705217418e-05
1632 1.3653866018e-01 3.0507152384e-05
1633 1.3624824437e-01 2.4248372472e-05
1634 1.3598236391e-01 2.6608764980e-05
1635 1.3576608743e-01 3.0067786340e-05
1636 1.3554501326e-01 2.7026066172e-05
1637 1.3534765984e-01 3.1163374633e-05
1638 1.3510762637e-01 2.3194987832e-05
1639 1.3488653371e-01 2.7661178219e-05
1640 1.3465201130e-01 2.4228726503e-05
1641 1.3440960668e-01 2.5844723301e-05
1642 1.3416676997e-01 2.2598217742e-05
1643 1.3388303225e-01 2.0142684183e-05
1644 1.3363618246e-01 2.3111615548e-05
1645 1.3341680570e-01 2.0684720823e-05
1646 1.3319258130e-01 2.0497670452e-05
1647 1.3296364095e-01 2.2830907736e-05
1648 1.3274220890e-01 2.2049388715e-05
1649 1.3251831930e-01 2.4137834843e-05
1650 1.3229583514e-01 3.2961236335e-05
1651 1.3213222873e-01 5.4599275154e-05
1652 1.3196401260e-01 4.2093177549e-05
1653 1.3178898207e-01 3.0135852488e-05
1654 1.3159175672e-01 3.2349261793e-05
1655 1.3142798607e-01 3.8310332529e-05
1656 1.3126200575e-01 4.4192858794e-05
1657 1.3112568908e-01 4.0791591055e-05
1658 1.3096123167e-01 2.4923120181e-05
1659 1.3081046863e-01 2.6679009113e-05
1660 1.3065811600e-01 2.1377123233e-05
1661 1.3047556214e-01 2.6106799538e-05
1662 1.3030094917e-01 2.6448665730e-05
1663 1.3010664799e-01 2.3263164597e-05
1664 1.2991593438e-01 2.7199952071e-05
1665 1.2974522049e-01 2.3723903420e-05
1666 1.2955153073e-01 2.3414149062e-05
1667 1.2937762247e-01 2.6224870182e-05
1668 1.2920011947e-01 2.3586218359e-05
1669 1.2902489387e-01 2.6713513178e-05
1670 1.2885681683e-01 2.7863903344e-05
1671 1.2868895753e-01 2.0585680330e-05
1672 1.2852682661e-01 1.9881348256e-05
1673 1.2838547506e-01 2.1119519899e-05
1674 1.2826962324e-01 2.2107073776e-05
1675 1.2815682473e-01 2.1437450852e-05
1676 1.2803996912e-01 1.8216492622e-05
1677 1.2792195076e-01 2.0700586570e-05
1678 1.2780737487e-01 2.3181453480e-05
1679 1.2768103165e-01 2.8710051436e-05
1680 1.2756751886e-01 4.0073946214e-05
1681 1.2746667728e-01 3.0513285392e-05
1682 1.2733488387e-01 1.6688370071e-05
1683 1.2717090845e-01 1.4877479616e-05
1684 1.2701440380e-01 1.7510105452e-05
1685 1.2686611977e-01 1.8569095215e-05
1686 1.2672079504e-01 2.9716233761e-05
1687 1.2660514200e-01 2.8540026511e-05
1688 1.2644658418e-01 2.5407979164e-05
1689 1.2628325962e-01 3.4015271910e-05
1690 1.2614541919e-01 3.8155674629e-05
1691 1.2596587204e-01 2.3102729467e-05
1692 1.2576268339e-01 2.0561350733e-05
1693 1.2554052969e-01 1.8639603722e-05
1694 1.2532022071e-01 2.4749593117e-05
1695 1.2511438663e-01 2.2259109974e-05
1696 1.2485142325e-01 1.7962916883e-05
1697 1.2459871466e-01 2.7183801285e-05
1698 1.2439854879e-01 3.0687542880e-05
1699 1.2415574657e-01 2.3626583366e-05
1700 1.2392143859e-01 2.1433129471e-05
1701 1.2368385439e-01 2.3183403726e-05
1702 1.2343707954e-01 3.2348118680e-05
1703 1.2318342199e-01 2.5613062721e-05
1704 1.2288462620e-01 2.9812347467e-05
1705 1.2261584168e-01 3.0741254909e-05
1706 1.2226845176e-01 2.8039524676e-05
1707 1.2192049432e-01 4.2698859632e-05
1708 1.2161313978e-01 5.3153078048e-05
1709 1.2128391482e-01 4.6060822278e-05
1710 1.2092500135e-01 3.0855765871e-05
1711 1.2048438487e-01 2.3828270790e-05
1712 1.2007915917e-01 3.1809538571e-05
1713 1.1975466627e-01 2.4165046290e-05
1714 1.1936305556e-01 3.1397116009e-05
1715 1.1907621073e-01 3.8313136436e-05
1716 1.1874615055e-01 4.6198603491e-05
1717 1.1848305530e-01 4.3470253132e-05
1718 1.1808580612e-01 3.0705593707e-05
1719 1.1776325411e-01 4.5823767372e-05
1720 1.1741229318e-01 2.8516973534e-05
1721 1.1699675328e-01 2.9896329405e-05
1722 1.1654577434e-01 2.4298434057e-05
1723 1.1606373944e-01 2.3824835824e-05
1724 1.1563857389e-01 2.9397557161e-05
1725 1.1522056151e-01 3.2024766212e-05
1726 1.1479625420e-01 2.7530050551e-05
1727 1.1430388318e-01 2.9853919985e-05
1728 1.1386243683e-01 3.2929634741e-05
1729 1.1332613247e-01 2.9789241631e-05
1730 1.1284446670e-01 3.2692797309e-05
1731 1.1230922823e-01 2.9975054036e-05
1732 1.1186712580e-01 3.4795554529e-05
1733 1.1141718029e-01 2.4444746053e-05
1734 1.1096611854e-01 2.2864448386e-05
1735 1.1054800992e-01 3.2966413222e-05
1736 1.1021514531e-01 5.4846897642e-05
1737 1.0991531883e-01 4.3372550963e-05
1738 1.0960082589e-01 4.9778381608e-05
1739 1.0928958445e-01 2.6260090282e-05
1740 1.0891009743e-01 3.1321169701e-05
1741 1.0861738178e-01 2.7848582346e-05
1742 1.0816196220e-01 2.3734942083e-05
1743 1.0769713092e-01 2.8069979563e-05
1744 1.0725061485e-01 2.5539498639e-05
1745 1.0676620599e-01 2.9215298389e-05
1746 1.0623766864e-01 3.9122448853e-05
1747 1.0578662785e-01 5.0522915465e-05
1748 1.0534335011e-01 6.7469948111e-05
1749 1.0495244965e-01 4.4571319326e-05
1750 1.0447718697e-01 3.2848972126e-05
1751 1.0408579887e-01 3.9091183578e-05
1752 1.0375917085e-01 3.0527764979e-05
1753 1.0333318724e-01 3.2548803125e-05
1754 1.0297516742e-01 3.3292667547e-05
1755 1.0257408533e-01 2.9731042036e-05
1756 1.0226538146e-01 3.3997817152e-05
1757 1.0190337508e-01 2.0682233354e-05
1758 1.0152630200e-01 4.0760445175e-05
1759 1.0124839044e-01 3.7128489886e-05
1760 1.0086735230e-01 2.2622527584e-05
1761 1.0048211248e-01 2.6508783604e-05
1762 1.0014869691e-01 4.1399137290e-05
1763 9.9882371158e-02 5.2641635111e-05
1764 9.9624780146e-02 4.2368498341e-05
1765 9.9349534972e-02 3.2923070204e-05
1766 9.9047723304e-02 2.5690989275e-05
1767 9.8743280505e-02 2.5990294219e-05
1768 9.8460762410e-02 2.8406905070e-05
1769 9.8186362829e-02 2.6208517175e-05
1770 9.7876900265e-02 2.7995036008e-05
1771 9.7614518900e-02 2.7254109377e-05
1772 9.7277036383e-02 1.9911743068e-05
1773 9.6978655604e-02 2.5168547198e-05
1774 9.6745331925e-02 2.3649175364e-05
1775 9.6460558996e-02 2.4358626076e-05
1776 9.6212680673e-02 3.7463144840e-05
1777 9.5975626428e-02 4.1821857378e-05
1778 9.5749654941e-02 4.3652088942e-05
1779 9.5507877668e-02 2.8485591475e-05
1780 9.5197302580e-02 2.0604353074e-05
1781 9.4843616387e-02 2.1171178692e-05
1782 9.4524017164e-02 2.4353572094e-05
1783 9.4207369498e-02 2.5571433961e-05
1784 9.3880976228e-02 2.4026224264e-05
1785 9.3453319440e-02 1.9354108727e-05
1786 9.3032468251e-02 2.7281351793e-05
1787 9.2756275981e-02 3.0656913408e-05
1788 9.2350514209e-02 2.2468681564e-05
1789 9.1947595774e-02 2.4569681581e-05
1790 9.1520693544e-02 2.7176918314e-05
1791 9.1159696438e-02 3.2690719848e-05
1792 9.0807234900e-02 2.6937502804e-05
1793 9.0513647814e-02 3.2836132928e-05
1794 9.0190492930e-02 2.3588620001e-05
1795 8.9847110862e-02 2.6736254081e-05
1796 8.9555386095e-02 3.8119924059e-05
1797 8.9316370133e-02 5.3990557252e-05
1798 8.9084315043e-02 3.3422234465e-05
1799 8.8814082262e-02 2.8323907583e-05
1800 8.8570364989e-02 2.3612071997e-05
1801 8.8308349020e-02 1.9949902821e-05
1802 8.8071329503e-02 2.1346306696e-05
1803 8.7859159502e-02 2.3124477599e-05
1804 8.7620411813e-02 1.9075301743e-05
1805 8.7360880864e-02 1.9180396090e-05
1806 8.7101731745e-02 2.2920517199e-05
1807 8.6849617264e-02 2.5954128372e-05
1808 8.6610924193e-02 2.3365971614e-05
1809 8.6345339428e-02 2.1047281460e-05
1810 8.6094791663e-02 2.7263974939e-05
1811 8.5890580337e-02 3.8854322449e-05
1812 8.5688185022e-02 4.8103542831e-05
1813 8.5511529260e-02 4.3348493264e-05
1814 8.5296208622e-02 2.3624009518e-05
1815 8.5075316214e-02 1.7989609592e-05
1816 8.4840818273e-02 1.9467778545e-05
1817 8.4629166621e-02 2.8614011798e-05
1818 8.4451571957e-02 2.5531012935e-05
1819 8.4255000654e-02 3.6666559995e-05
1820 8.4102591999e-02 4.4305850739e-05
1821 8.3935634495e-02 2.7709699018e-05
1822 8.3761200241e-02 3.0070907293e-05
1823 8.3589680584e-02 2.1434528313e-05
1824 8.3370755102e-02 1.8539442261e-05
1825 8.3186238058e-02 2.9437229386e-05
1826 8.2991279601e-02 1.9895140035e-05
1827 8.2767494306e-02 2.1228683500e-05
1828 8.2609253084e-02 2.7187981428e-05
1829 8.2420552920e-02 1.8895460696e-05
1830 8.2206163690e-02 1.7543945909e-05
1831 8.1990106629e-02 1.6516597162e-05
1832 8.1816613081e-02 2.5791842465e-05
1833 8.1687040051e-02 2.0252344839e-05
1834 8.1509176155e-02 2.8646031492e-05
1835 8.1399614228e-02 4.7700879788e-05
1836 8.1280492301e-02 2.3269514076e-05
1837 8.1165718466e-02 2.5512415332e-05
1838 8.1055767708e-02 2.2995932269e-05
1839 8.0948009119e-02 2.3462237850e-05
1840 8.0845531902e-02 1.7577408423e-05
1841 8.0737038092e-02 1.6691719656e-05
1842 8.0640435201e-02 1.7816499779e-05
1843 8.0559293380e-02 1.4587798685e-05
1844 8.0477058885e-02 1.4523584067e-05
1845 8.0414064489e-02 1.6498264755e-05
1846 8.0341629785e-02 1.2491795684e-05
1847 8.0265324255e-02 1.5661517662e-05
1848 8.0208843458e-02 1.6875508614e-05
1849 8.0145925442e-02 1.6138735711e-05
1850 8.0081344517e-02 1.4960897923e-05
1851 8.0009939836e-02 1.5212334913e-05
1852 7.9949208716e-02 2.8093741261e-05
1853 7.9900340842e-02 2.8606537128e-05
1854 7.9846347103e-02 1.7714097536e-05
1855 7.9785544596e-02 1.2088881772e-05
1856 7.9733920295e-02 1.3320703269e-05
1857 7.9684209949e-02 1.1198434476e-05
1858 7.9632473131e-02 1.1928045879e-05
1859 7.9589516920e-02 1.2933413672e-05
1860 7.9544527284e-02 1.1323465306e-05
1861 7.9492037438e-02 9.5777112375e-06
1862 7.9441750854e-02 1.2041176877e-05
1863 7.9399788079e-02 1.2777355917e-05
1864 7.9355306797e-02 1.1625459768e-05
1865 7.9319046063e-02 1.1368013224e-05
1866 7.9271293437e-02 1.0405675422e-05
1867 7.9228002688e-02 1.3292664700e-05
1868 7.9184978382e-02 1.1117058462e-05
1869 7.9137679757e-02 1.2487633897e-05
1870 7.9097427892e-02 1.2612324752e-05
1871 7.9059207199e-02 1.1913696489e-05
1872 7.9019545495e-02 1.2976425058e-05
1873 7.8985242180e-02 1.5200427022e-05
1874 7.8938508389e-02 1.1737587611e-05
1875 7.8892413022e-02 2.5057872290e-05
1876 7.8857864765e-02 1.7985706155e-05
1877 7.8811157836e-02 1.3283596456e-05
1878 7.8773666249e-02 1.2171771058e-05
1879 7.8735848386e-02 1.0570256023e-05
1880 7.8694739479e-02 1.4203112004e-05
1881 7.8666114103e-02 1.7512600470e-05
1882 7.8634325371e-02 1.1283149164e-05
1883 7.8599300840e-02 1.1135748586e-05
1884 7.8565083398e-02 1.1976358611e-05
1885 7.8532079943e-02 9.6567695666e-06
1886 7.8498843586e-02 9.1330036972e-06
1887 7.8467742550e-02 1.2721018435e-05
1888 7.8440394013e-02 1.0498399175e-05
1889 7.8404068783e-02 7.8217762682e-06
1890 7.8370841985e-02 1.1377845777e-05
1891 7.8346612988e-02 8.5701509725e-06
1892 7.8314069064e-02 9.4476949278e-06
1893 7.8284718986e-02 1.3647320256e-05
1894 7.8253764344e-02 1.1945072363e-05
1895 7.8218459001e-02 1.2760764274e-05
1896 7.8185977908e-02 2.6977102195e-05
1897 7.8155262927e-02 1.4730421199e-05
1898 7.8113024124e-02 1.1065780336e-05
1899 7.8074375912e-02 1.0626982426e-05
1900 7.8032747586e-02 8.9716556998e-06
1901 7.7992789488e-02 1.0649186340e-05
1902 7.7959950316e-02 1.1044522573e-05
1903 7.7923450038e-02 1.0903706180e-05
1904 7.7892634950e-02 1.1773568637e-05
1905 7.7856680969e-02 1.0711788690e-05
1906 7.7822749409e-02 1.0992067111e-05
1907 7.7791352507e-02 1.0463670508e-05
1908 7.7757746402e-02 9.1546117261e-06
1909 7.7723872631e-02 9.1229333145e-06
1910 7.7693990490e-02 2.1337930450e-05
1911 7.7673638781e-02 1.8570528503e-05
1912 7.7642528973e-02 1.0490654037e-05
1913 7.7610856857e-02 1.0198443304e-05
1914 7.7582026731e-02 9.9281229957e-06
1915 7.7550335952e-02 8.9260425078e-06
1916 7.7515936167e-02 9.8462817087e-06
1917 7.7483880140e-02 9.8649645135e-06
1918 7.7452957437e-02 9.9073383978e-06
1919 7.7420003274e-02 1.0388131642e-05
1920 7.7385498163e-02 9.0262848224e-06
1921 7.7349400982e-02 9.0071553614e-06
1922 7.7316828793e-02 1.0957840352e-05
1923 7.7290290114e-02 1.0747164297e-05
1924 7.7262161893e-02 1.0803995333e-05
1925 7.7239793978e-02 1.2636205337e-05
1926 7.7214877860e-02 8.8763997091e-06
1927 7.7188133469e-02 1.1571778207e-05
1928 7.7170903907e-02 1.6314752221e-05
1929 7.7149671756e-02 1.2166465154e-05
1930 7.7131849372e-02 1.0597529965e-05
1931 7.7110533740e-02 7.8089434890e-06
1932 7.7093049364e-02 9.0145592902e-06
1933 7.7071320324e-02 6.8952617101e-06
1934 7.7046490735e-02 7.9124802960e-06
1935 7.7025580097e-02 9.1439584015e-06
1936 7.7001984069e-02 1.0308622857e-05
1937 7.6980023020e-02 1.6324110256e-05
1938 7.6963631923e-02 1.3610183807e-05
1939 7.6943007515e-02 7.4787457641e-06
1940 7.6925396089e-02 8.5361929720e-06
1941 7.6907297973e-02 6.8868627632e-06
1942 7.6891503662e-02 7.9438513860e-06
1943 7.6878215743e-02 7.0318422608e-06
1944 7.6860567933e-02 7.0874988132e-06
1945 7.6843579960e-02 6.5458156887e-06
1946 7.6826835106e-02 6.2748114740e-06
1947 7.6811780429e-02 6.3486590275e-06
1948 7.6795938458e-02 6.6859042357e-06
1949 7.6780471896e-02 6.5875462469e-06
1950 7.6762168946e-02 7.4719171485e-06
1951 7.6745771958e-02 7.6464956629e-06
1952 7.6725509698e-02 8.1764745497e-06
1953 7.6709450702e-02 8.0354777610e-06
1954 7.6684715413e-02 7.1859697259e-06
1955 7.6666178743e-02 1.0565507104e-05
1956 7.6645388351e-02 8.5795762050e-06
1957 7.6622366192e-02 1.4993206490e-05
1958 7.6606786399e-02 1.5503538517e-05
1959 7.6587492329e-02 7.0094156594e-06
1960 7.6565559463e-02 5.7279170654e-06
1961 7.6543662451e-02 6.8273538661e-06
1962 7.6524174934e-02 7.5988457865e-06
1963 7.6507703991e-02 7.5901411413e-06
1964 7.6488674437e-02 7.0040377984e-06
1965 7.6468199993e-02 8.5949522322e-06
1966 7.6447142257e-02 6.9085348392e-06
1967 7.6422462239e-02 7.4041758239e-06
1968 7.6399726589e-02 1.4893090945e-05
1969 7.6382419663e-02 1.4897287429e-05
1970 7.6361014124e-02 7.7607832141e-06
1971 7.6336359187e-02 7.1296892489e-06
1972 7.6313280141e-02 8.1582921585e-06
1973 7.6287115556e-02 7.8449141598e-06
1974 7.6260285200e-02 7.5221132661e-06
1975 7.6231779847e-02 7.4480031614e-06
1976 7.6202360514e-02 7.9509577570e-06
1977 7.6172156786e-02 7.8602386719e-06
1978 7.6137074157e-02 8.6325880026e-06
1979 7.6110365546e-02 9.8336710832e-06
1980 7.6078222014e-02 7.5973515915e-06
1981 7.6044801288e-02 8.5878090843e-06
1982 7.6013590979e-02 8.4446094537e-06
1983 7.5982663524e-02 8.9469215493e-06
1984 7.5947319149e-02 7.5881556125e-06
1985 7.5905548777e-02 1.0300452209e-05
1986 7.5870234442e-02 2.1481614825e-05
1987 7.5837720017e-02 1.4181194789e-05
1988 7.5797254833e-02 1.2011538555e-05
1989 7.5758167600e-02 1.0366607980e-05
1990 7.5714930727e-02 8.7870683852e-06
1991 7.5671802837e-02 9.3252634486e-06
1992 7.5627908844e-02 8.4225431000e-06
1993 7.5579641112e-02 9.0496593942e-06
1994 7.5531488600e-02 1.0048649269e-05
1995 7.5471675710e-02 1.0354468106e-05
1996 7.5408832335e-02 1.2734187938e-05
1997 7.5349376289e-02 2.0861594490e-05
1998 7.5291608515e-02 2.5985353595e-05
1999 7.5239356086e-02 2.4097314298e-05
