iter rel_error rel_residual
0 9.3726988071e-01 4.7874197619e-01
1 9.1995939053e-01 2.5837362100e-01
2 8.9981526005e-01 1.5648095725e-01
3 8.8240244963e-01 7.4040188888e-02
4 8.6333441959e-01 5.6155378776e-02
5 8.4254952732e-01 4.7413411772e-02
6 8.2624878711e-01 3.8662809152e-02
7 8.1388595429e-01 3.2205517834e-02
8 8.0345750194e-01 2.6639196520e-02
9 7.9334224749e-01 2.4886352301e-02
10 7.8343795380e-01 2.4568754083e-02
11 7.7290433622e-01 1.9917916746e-02
12 7.6413854118e-01 2.2500797295e-02
13 7.5593998613e-01 2.7194998089e-02
14 7.4778745078e-01 1.7021284888e-02
15 7.3925591025e-01 1.4197276282e-02
16 7.3170597952e-01 1.2948234957e-02
17 7.2469720848e-01 9.8164969732e-03
18 7.1903290118e-01 1.0090866959e-02
19 7.1412860996e-01 9.2235882050e-03
20 7.0852103279e-01 9.0395114722e-03
21 7.0224703815e-01 1.1973281673e-02
22 6.9559922527e-01 1.4457108719e-02
23 6.8922935137e-01 1.5795851881e-02
24 6.8300952905e-01 1.4179297261e-02
25 6.7697013751e-01 1.1223980025e-02
26 6.7071460513e-01 9.9945927222e-03
27 6.6558097520e-01 1.0339597049e-02
28 6.5999476929e-01 1.1864727074e-02
29 6.5512850059e-01 1.3142727613e-02
30 6.5093333516e-01 1.0067776162e-02
31 6.4632391024e-01 8.2226980260e-03
32 6.4123915759e-01 6.7111045396e-03
33 6.3620497551e-01 7.5398550868e-03
34 6.3229767449e-01 6.6718755196e-03
35 6.2809887790e-01 5.0896816488e-03
36 6.2471801850e-01 5.6812755998e-03
37 6.2123592180e-01 4.5100247328e-03
38 6.1742120980e-01 4.7517421649e-03
39 6.1387047210e-01 4.5102210017e-03
40 6.1020677967e-01 4.4855117890e-03
41 6.0671561711e-01 4.6609324738e-03
42 6.0318179785e-01 3.9869249408e-03
43 6.0000566154e-01 3.9850231413e-03
44 5.9714110610e-01 3.8016236544e-03
45 5.9442359991e-01 3.5887717048e-03
46 5.9183003850e-01 3.5480381575e-03
47 5.8929560149e-01 3.2157394670e-03
48 5.8693320209e-01 3.4845565818e-03
49 5.8450406358e-01 3.4861466944e-03
50 5.8145887273e-01 3.4719159062e-03
51 5.7837662216e-01 3.5799628310e-03
52 5.7520242580e-01 3.3163471780e-03
53 5.7208193069e-01 3.5311667059e-03
54 5.6903029801e-01 3.1873454947e-03
55 5.6591573206e-01 3.3885051581e-03
56 5.6274923907e-01 3.6255551349e-03
57 5.5965618689e-01 3.9856174015e-03
58 5.5636470153e-01 3.7471030451e-03
59 5.5275779424e-01 3.6849834070e-03
60 5.4938585960e-01 3.7243976818e-03
61 5.4624395090e-01 3.6561431663e-03
62 5.4302797349e-01 3.6920236741e-03
63 5.3930249084e-01 3.6653595046e-03
64 5.3542061962e-01 3.7990126543e-03
65 5.3148713867e-01 3.9244486768e-03
66 5.2712230786e-01 3.8066915206e-03
67 5.2356667204e-01 4.7444943147e-03
68 5.2019442328e-01 4.1989461496e-03
69 5.1702885452e-01 3.3160703729e-03
70 5.1443678996e-01 3.3672016532e-03
71 5.1232433923e-01 3.5699329064e-03
72 5.1039128228e-01 3.4719599195e-03
73 5.0859988219e-01 4.1533264333e-03
74 5.0681425005e-01 3.7890612997e-03
75 5.0489875322e-01 2.4824007046e-03
76 5.0282938461e-01 2.2354420831e-03
77 5.0078829926e-01 1.9665264191e-03
78 4.9862882540e-01 1.9504656954e-03
79 4.9662950246e-01 2.2817729626e-03
80 4.9470918839e-01 2.5957899454e-03
81 4.9284631692e-01 3.3489086789e-03
82 4.9121974754e-01 3.2128571023e-03
83 4.8945326872e-01 2.0067735956e-03
84 4.8781708664e-01 1.6949499240e-03
85 4.8624009227e-01 1.6575926626e-03
86 4.8479932246e-01 1.6616670218e-03
87 4.8356624679e-01 1.8346246506e-03
88 4.8247681097e-01 2.1135362164e-03
89 4.8163132090e-01 3.0034457007e-03
90 4.8072347437e-01 1.7944859997e-03
91 4.7969399695e-01 1.5063917681e-03
92 4.7871647427e-01 1.8060071257e-03
93 4.7778353355e-01 2.9094261048e-03
94 4.7707061609e-01 3.1511921222e-03
95 4.7620194201e-01 2.0073145611e-03
96 4.7529975507e-01 1.5254051102e-03
97 4.7447726284e-01 1.4465209324e-03
98 4.7366642525e-01 1.4282000140e-03
99 4.7291038569e-01 1.4724451306e-03
100 4.7226074761e-01 1.2733684563e-03
101 4.7162595516e-01 1.0543757720e-03
102 4.7101196766e-01 1.0244255617e-03
103 4.7035582777e-01 1.0624819833e-03
104 4.6972300094e-01 1.0347210629e-03
105 4.6910330122e-01 1.0232334515e-03
106 4.6843956841e-01 1.0245315363e-03
107 4.6771865566e-01 9.7156793103e-04
108 4.6692722561e-01 9.0381599749e-04
109 4.6599466573e-01 9.7324766807e-04
110 4.6510758903e-01 9.6761011855e-04
111 4.6430554838e-01 9.4458889394e-04
112 4.6356796024e-01 9.1119752859e-04
113 4.6295786640e-01 8.9066231476e-04
114 4.6243710952e-01 7.3148147095e-04
115 4.6189139691e-01 7.1130825594e-04
116 4.6140510780e-01 6.4875878812e-04
117 4.6100222758e-01 5.3795939236e-04
118 4.6061935965e-01 5.1012292437e-04
119 4.6022906834e-01 5.1064625966e-04
120 4.5982857433e-01 5.4616800198e-04
121 4.5947204626e-01 5.4772546918e-04
122 4.5910714142e-01 5.1784649321e-04
123 4.5864349214e-01 4.6939743541e-04
124 4.5815497041e-01 4.8378741376e-04
125 4.5763190410e-01 4.7558191668e-04
126 4.5703259604e-01 4.5688031753e-04
127 4.5636274195e-01 5.4811896800e-04
128 4.5576171130e-01 5.8159395977e-04
129 4.5516434164e-01 5.6013429774e-04
130 4.5463068314e-01 5.8433154449e-04
131 4.5406913218e-01 5.2637535295e-04
132 4.5341078334e-01 5.0324928965e-04
133 4.5270339893e-01 4.4226529301e-04
134 4.5203315926e-01 5.6023156993e-04
135 4.5138864894e-01 1.0272066313e-03
136 4.5087565566e-01 1.1153466241e-03
137 4.5028022277e-01 6.3403671825e-04
138 4.4964569245e-01 4.8634619977e-04
139 4.4905939564e-01 5.3275785132e-04
140 4.4851897639e-01 7.5914736326e-04
141 4.4805568284e-01 7.8732828166e-04
142 4.4755155944e-01 4.6958991155e-04
143 4.4696304813e-01 4.0304747986e-04
144 4.4639851401e-01 3.9857238612e-04
145 4.4577524861e-01 4.0026086245e-04
146 4.4516329745e-01 4.6534961553e-04
147 4.4465682914e-01 5.7176701993e-04
148 4.4419813822e-01 6.1068815238e-04
149 4.4375569422e-01 6.0112366019e-04
150 4.4329337754e-01 4.9013970311e-04
151 4.4282914398e-01 4.1224514185e-04
152 4.4233651328e-01 3.3920173005e-04
153 4.4176775519e-01 3.2059436262e-04
154 4.4125799098e-01 3.9672972171e-04
155 4.4085412351e-01 5.5040566469e-04
156 4.4050919245e-01 5.7064908545e-04
157 4.4016074950e-01 4.4231667453e-04
158 4.3981767587e-01 3.6474431329e-04
159 4.3947392677e-01 3.1731467351e-04
160 4.3909260601e-01 2.8990996795e-04
161 4.3868575473e-01 2.8550852403e-04
162 4.3822110285e-01 3.0948909005e-04
163 4.3768714862e-01 3.0125148441e-04
164 4.3711255075e-01 3.5554512225e-04
165 4.3653955822e-01 3.8559221106e-04
166 4.3601490636e-01 3.4927691179e-04
167 4.3544246649e-01 3.1252211141e-04
168 4.3493575833e-01 3.5745792763e-04
169 4.3441691352e-01 3.4715428540e-04
170 4.3382618189e-01 3.2760664124e-04
171 4.3325662038e-01 3.9890022851e-04
172 4.3273141077e-01 3.6619339830e-04
173 4.3220563365e-01 2.7956312648e-04
174 4.3168777178e-01 2.6548920205e-04
175 4.3125215175e-01 2.4515806141e-04
176 4.3079551065e-01 2.5578643657e-04
177 4.3024806493e-01 2.7325173729e-04
178 4.2966620107e-01 3.0455873243e-04
179 4.2901587967e-01 2.6530773892e-04
180 4.2838884479e-01 2.6151982648e-04
181 4.2779567963e-01 2.5342738405e-04
182 4.2728203055e-01 2.7428984780e-04
183 4.2674639102e-01 2.3517405484e-04
184 4.2609812463e-01 2.2022915715e-04
185 4.2555281773e-01 2.5862834960e-04
186 4.2504738660e-01 2.2573614500e-04
187 4.2444203463e-01 2.1170108554e-04
188 4.2382799701e-01 2.5234651300e-04
189 4.2321630660e-01 2.4262577023e-04
190 4.2256089908e-01 2.3615429527e-04
191 4.2194869647e-01 2.6079553176e-04
192 4.2139228257e-01 2.7820436732e-04
193 4.2063863923e-01 2.6068425211e-04
194 4.1982071751e-01 3.1715497356e-04
195 4.1904898545e-01 3.9664820218e-04
196 4.1835570372e-01 5.9096334849e-04
197 4.1767272931e-01 4.1834507868e-04
198 4.1686897119e-01 3.5002203571e-04
199 4.1605424266e-01 3.1774927407e-04
200 4.1514403830e-01 3.3764057999e-04
201 4.1437032404e-01 4.2586940181e-04
202 4.1353098905e-01 4.4278172425e-04
203 4.1266467768e-01 3.4807853114e-04
204 4.1181328823e-01 2.8513138851e-04
205 4.1093104548e-01 3.1224058303e-04
206 4.0996498146e-01 3.1225774271e-04
207 4.0892565613e-01 3.1441838341e-04
208 4.0776165900e-01 3.5033639505e-04
209 4.0654409771e-01 4.1998307600e-04
210 4.0549351754e-01 4.9615946302e-04
211 4.0439007707e-01 4.5265007329e-04
212 4.0304429926e-01 4.7784280883e-04
213 4.0181054497e-01 6.7661359819e-04
214 4.0064543455e-01 5.5067248715e-04
215 3.9940115030e-01 4.4388721988e-04
216 3.9814054855e-01 3.9657959880e-04
217 3.9676822675e-01 3.6461186771e-04
218 3.9542986980e-01 3.5750678598e-04
219 3.9415297825e-01 5.0277783673e-04
220 3.9332107864e-01 8.3926185199e-04
221 3.9249825679e-01 5.2821809966e-04
222 3.9173455932e-01 5.6492123095e-04
223 3.9115082059e-01 5.6532335960e-04
224 3.9064162939e-01 4.6016760469e-04
225 3.9017638570e-01 5.2427950823e-04
226 3.8975913586e-01 3.8134302687e-04
227 3.8943258671e-01 3.2963619290e-04
228 3.8917548825e-01 4.0298808027e-04
229 3.8897874008e-01 3.8321065013e-04
230 3.8881417143e-01 3.1769002406e-04
231 3.8868245169e-01 2.7615517248e-04
232 3.8862195646e-01 2.9983913952e-04
233 3.8860623418e-01 3.0858394610e-04
234 3.8864357259e-01 3.4709441413e-04
235 3.8869498805e-01 3.3242565118e-04
236 3.8875479547e-01 2.8969812693e-04
237 3.8880079845e-01 2.7856861537e-04
238 3.8885116148e-01 2.8259011108e-04
239 3.8888953601e-01 2.8413473241e-04
240 3.8892449763e-01 2.7134269260e-04
241 3.8892229599e-01 3.1738214211e-04
242 3.8891326767e-01 3.4677230366e-04
243 3.8890543414e-01 2.8159026639e-04
244 3.8886798030e-01 2.6645119477e-04
245 3.8877735779e-01 2.7414571492e-04
246 3.8865754461e-01 3.0854433659e-04
247 3.8855398265e-01 3.5487231019e-04
248 3.8847429442e-01 3.7731791406e-04
249 3.8840012785e-01 3.4466671818e-04
250 3.8830314595e-01 3.6436827981e-04
251 3.8819061240e-01 5.9046783358e-04
252 3.8807225744e-01 6.4680259807e-04
253 3.8793440830e-01 4.5903610793e-04
254 3.8777458678e-01 3.6176937445e-04
255 3.8760032091e-01 4.5129548112e-04
256 3.8740120451e-01 4.1075648042e-04
257 3.8716220231e-01 4.4606627551e-04
258 3.8688164701e-01 4.8412731532e-04
259 3.8655879386e-01 5.3830316741e-04
260 3.8625280490e-01 5.1167610367e-04
261 3.8591445219e-01 5.1505919175e-04
262 3.8553115788e-01 4.2387927298e-04
263 3.8503820646e-01 3.9145544589e-04
264 3.8455222939e-01 4.4259174503e-04
265 3.8406721424e-01 4.5876873503e-04
266 3.8365621735e-01 6.6980896583e-04
267 3.8335425056e-01 6.3919321373e-04
268 3.8301125343e-01 4.0613329781e-04
269 3.8268311929e-01 4.4349617501e-04
270 3.8236051825e-01 3.2344988262e-04
271 3.8198388019e-01 3.4083731821e-04
272 3.8167825789e-01 4.4319922917e-04
273 3.8140714779e-01 3.9121888773e-04
274 3.8112653200e-01 3.7923215762e-04
275 3.8089454555e-01 3.6364749803e-04
276 3.8065715727e-01 3.1033036848e-04
277 3.8040551525e-01 3.9212467764e-04
278 3.8018603170e-01 5.9259728099e-04
279 3.7994039537e-01 4.3047782864e-04
280 3.7971038677e-01 4.1092653618e-04
281 3.7949338068e-01 3.2431541769e-04
282 3.7925456733e-01 3.1985821276e-04
283 3.7898937990e-01 3.1915536152e-04
284 3.7870119640e-01 2.5848231237e-04
285 3.7840087057e-01 2.9064327957e-04
286 3.7805960768e-01 2.8280697193e-04
287 3.7763088338e-01 2.1398603177e-04
288 3.7712029163e-01 1.9679309314e-04
289 3.7660549677e-01 2.3606227973e-04
290 3.7616896480e-01 2.6641275467e-04
291 3.7562412255e-01 2.0835971925e-04
292 3.7498591299e-01 2.0430786797e-04
293 3.7430780207e-01 2.3231446290e-04
294 3.7371706120e-01 2.5151345795e-04
295 3.7301321344e-01 2.1280465845e-04
296 3.7216436835e-01 2.4018250247e-04
297 3.7143036974e-01 2.9929678428e-04
298 3.7065337798e-01 2.3114508024e-04
299 3.6974435782e-01 1.8959177090e-04
300 3.6881342839e-01 2.3222901966e-04
301 3.6813753557e-01 2.5308797128e-04
302 3.6725603215e-01 1.9833497214e-04
303 3.6630380227e-01 2.1926811932e-04
304 3.6547393759e-01 2.1513039770e-04
305 3.6439010286e-01 1.9009685340e-04
306 3.6312729394e-01 1.9101113864e-04
307 3.6172631917e-01 1.9171914070e-04
308 3.6025167984e-01 2.1290858819e-04
309 3.5866705344e-01 2.4094509838e-04
310 3.5711029230e-01 2.8449106150e-04
311 3.5587341695e-01 2.7291730640e-04
312 3.5457869054e-01 2.6613043875e-04
313 3.5336409300e-01 2.9157720224e-04
314 3.5204655959e-01 2.3868934312e-04
315 3.5060276361e-01 2.5840684542e-04
316 3.4926300143e-01 5.2948103031e-04
317 3.4826240414e-01 4.8839942951e-04
318 3.4680508314e-01 3.2425301439e-04
319 3.4549487063e-01 3.2145392980e-04
320 3.4413806546e-01 2.8049556111e-04
321 3.4263230188e-01 3.4668250822e-04
322 3.4125699425e-01 4.3005741171e-04
323 3.3969333804e-01 3.5802128656e-04
324 3.3816095519e-01 3.4370603775e-04
325 3.3661044877e-01 2.4487677320e-04
326 3.3487707412e-01 1.9552732554e-04
327 3.3320580571e-01 2.5599527762e-04
328 3.3189466734e-01 4.8356484115e-04
329 3.3083876338e-01 3.7048101215e-04
330 3.2927342562e-01 2.5393555987e-04
331 3.2755009657e-01 2.6051308012e-04
332 3.2582030494e-01 3.4451689545e-04
333 3.2423100820e-01 3.6222363819e-04
334 3.2241173151e-01 2.4371969666e-04
335 3.2014739423e-01 2.0023877204e-04
336 3.1766199095e-01 2.1677863888e-04
337 3.1569692274e-01 2.8847956139e-04
338 3.1372172130e-01 2.3244438525e-04
339 3.1160623619e-01 2.9275016510e-04
340 3.0985382793e-01 2.7247140867e-04
341 3.0751267093e-01 2.6329402423e-04
342 3.0531155112e-01 5.5003395391e-04
343 3.0360240665e-01 4.4064546977e-04
344 3.0123414293e-01 3.0538590243e-04
345 2.9933703877e-01 2.6338830214e-04
346 2.9712509510e-01 2.0676560490e-04
347 2.9476955365e-01 1.9464990293e-04
348 2.9251738320e-01 2.0123170789e-04
349 2.9046857885e-01 1.9978502596e-04
350 2.8851713801e-01 2.0241019530e-04
351 2.8694032534e-01 2.2163977647e-04
352 2.8549516870e-01 2.0010057603e-04
353 2.8400025024e-01 1.7175272624e-04
354 2.8260957318e-01 1.7612132008e-04
355 2.8146498633e-01 2.1249884928e-04
356 2.8042181834e-01 1.8241316172e-04
357 2.7941168944e-01 2.1155221107e-04
358 2.7848984021e-01 1.8366664868e-04
359 2.7737714015e-01 1.6835668479e-04
360 2.7646205890e-01 1.8107799333e-04
361 2.7549053690e-01 1.3940940543e-04
362 2.7447208276e-01 1.4674078957e-04
363 2.7355511413e-01 1.6366298726e-04
364 2.7280080452e-01 1.8169348093e-04
365 2.7207845003e-01 1.6281277585e-04
366 2.7135628460e-01 1.5008814044e-04
367 2.7064874666e-01 1.4208649501e-04
368 2.7000276161e-01 1.2685397821e-04
369 2.6933443609e-01 1.1274282347e-04
370 2.6870318950e-01 1.0835805077e-04
371 2.6817752882e-01 1.0819120538e-04
372 2.6768993401e-01 1.3943788651e-04
373 2.6724527389e-01 2.3581576542e-04
374 2.6686111203e-01 2.0373978872e-04
375 2.6632767650e-01 1.6376231188e-04
376 2.6588294567e-01 2.1631672130e-04
377 2.6550060268e-01 1.5960163295e-04
378 2.6507770968e-01 1.5556166756e-04
379 2.6466424972e-01 1.4729179059e-04
380 2.6421486611e-01 2.0999370916e-04
381 2.6384582249e-01 2.3699091718e-04
382 2.6342071892e-01 1.5063870416e-04
383 2.6296140418e-01 1.3482897807e-04
384 2.6251674330e-01 1.1784883707e-04
385 2.6204202924e-01 1.2002240390e-04
386 2.6152797764e-01 1.2897735822e-04
387 2.6098239308e-01 1.4944787995e-04
388 2.6048680331e-01 2.0105306675e-04
389 2.5999354227e-01 2.6173677164e-04
390 2.5956497395e-01 2.5228906166e-04
391 2.5907948038e-01 1.4456767158e-04
392 2.5858981222e-01 1.4298857655e-04
393 2.5818407361e-01 1.3852870196e-04
394 2.5775003960e-01 1.0791135908e-04
395 2.5737403757e-01 1.0940327318e-04
396 2.5709532857e-01 1.2072150992e-04
397 2.5684979289e-01 9.5776692840e-05
398 2.5662741711e-01 9.7963758633e-05
399 2.5644637243e-01 1.0078791841e-04
400 2.5627235445e-01 8.7364742932e-05
401 2.5611791872e-01 8.8926790653e-05
402 2.5600073617e-01 1.1586010354e-04
403 2.5589395924e-01 1.3025663677e-04
404 2.5578233878e-01 1.6518827308e-04
405 2.5568307810e-01 1.1036641109e-04
406 2.5554969351e-01 7.7770266937e-05
407 2.5543616674e-01 8.3489364524e-05
408 2.5533771605e-01 6.6646468174e-05
409 2.5523483992e-01 6.4242694677e-05
410 2.5514656110e-01 7.5684816909e-05
411 2.5506134058e-01 6.6604476770e-05
412 2.5495169293e-01 5.7264649432e-05
413 2.5484840075e-01 6.1925883842e-05
414 2.5476802132e-01 7.9245667784e-05
415 2.5467650099e-01 6.2564240676e-05
416 2.5457827535e-01 6.3145496266e-05
417 2.5448376022e-01 6.5003381131e-05
418 2.5438851388e-01 5.7553057819e-05
419 2.5429050940e-01 6.5651683778e-05
420 2.5419601362e-01 5.6415712306e-05
421 2.5409301658e-01 5.4860728791e-05
422 2.5399391760e-01 5.7231762731e-05
423 2.5391586587e-01 6.7946234873e-05
424 2.5382229870e-01 5.6177165035e-05
425 2.5371830426e-01 5.8361602889e-05
426 2.5362029861e-01 6.2793224381e-05
427 2.5352140414e-01 5.9394478012e-05
428 2.5342847362e-01 7.2666542079e-05
429 2.5333866269e-01 7.4150484010e-05
430 2.5324890212e-01 5.5168701972e-05
431 2.5315935570e-01 6.5000076316e-05
432 2.5306857853e-01 6.7456148871e-05
433 2.5295465863e-01 7.1056733819e-05
434 2.5284959987e-01 8.6484207048e-05
435 2.5274510597e-01 7.3706027504e-05
436 2.5263879043e-01 1.2639322985e-04
437 2.5256218213e-01 1.1322455945e-04
438 2.5245312552e-01 6.0610071335e-05
439 2.5233900939e-01 6.3162402530e-05
440 2.5225680920e-01 9.0510158628e-05
441 2.5216169458e-01 8.4732708488e-05
442 2.5208849741e-01 1.1127071580e-04
443 2.5200873235e-01 6.7411470946e-05
444 2.5193962189e-01 7.7017297711e-05
445 2.5186355221e-01 5.1827255188e-05
446 2.5178341998e-01 5.1975227984e-05
447 2.5172271972e-01 6.6681595007e-05
448 2.5166235544e-01 5.1581832396e-05
449 2.5158398289e-01 7.0718782455e-05
450 2.5151867141e-01 7.5526681572e-05
451 2.5144620575e-01 5.9716162409e-05
452 2.5136911569e-01 9.0593269638e-05
453 2.5131304568e-01 1.0775529078e-04
454 2.5124204278e-01 6.8296763181e-05
455 2.5116806161e-01 6.4906503507e-05
456 2.5109110883e-01 5.8589379825e-05
457 2.5103195635e-01 6.5043877532e-05
458 2.5096902121e-01 5.2215184970e-05
459 2.5089373049e-01 5.8042895408e-05
460 2.5082773756e-01 6.1254237083e-05
461 2.5075559672e-01 4.5729703086e-05
462 2.5067227701e-01 4.8113816696e-05
463 2.5059829582e-01 6.4081176688e-05
464 2.5053577729e-01 7.2345698121e-05
465 2.5047079874e-01 5.9113750157e-05
466 2.5040825740e-01 6.1883888069e-05
467 2.5035253394e-01 5.3450020155e-05
468 2.5030220506e-01 5.3983782798e-05
469 2.5025563686e-01 5.4598527467e-05
470 2.5019757655e-01 5.7317662667e-05
471 2.5014559452e-01 5.6929609748e-05
472 2.5009727091e-01 8.0977286035e-05
473 2.5006087769e-01 9.8921145911e-05
474 2.5001735704e-01 5.1578743473e-05
475 2.4995655563e-01 4.0740697587e-05
476 2.4990284322e-01 4.1352698790e-05
477 2.4985364723e-01 5.5430819670e-05
478 2.4981332291e-01 5.4860749749e-05
479 2.4976917343e-01 4.2410129714e-05
480 2.4972069474e-01 4.3887427897e-05
481 2.4968055464e-01 5.2516015036e-05
482 2.4964531346e-01 4.5554418004e-05
483 2.4960770261e-01 4.0219731819e-05
484 2.4957604479e-01 4.6611929982e-05
485 2.4954900971e-01 4.3091438212e-05
486 2.4951634271e-01 4.0125437670e-05
487 2.4949283368e-01 4.9481728152e-05
488 2.4946628068e-01 4.5551277611e-05
489 2.4943728785e-01 5.1123450491e-05
490 2.4941493962e-01 4.4739206877e-05
491 2.4939372884e-01 4.6900619608e-05
492 2.4937446172e-01 4.6135766287e-05
493 2.4934993043e-01 4.0663281622e-05
494 2.4933158002e-01 5.0661132523e-05
495 2.4931609319e-01 5.6344045179e-05
496 2.4929772755e-01 8.6086277928e-05
497 2.4928338424e-01 8.5238880938e-05
498 2.4926534956e-01 4.6893009895e-05
499 2.4924976012e-01 5.0717285535e-05
500 2.4923815574e-01 5.2889262996e-05
501 2.4922533736e-01 5.8564184614e-05
502 2.4921388020e-01 9.2325063766e-05
503 2.4920278448e-01 7.2360635384e-05
504 2.4919636753e-01 5.8209387320e-05
505 2.4919175071e-01 4.7955064029e-05
506 2.4918938544e-01 3.6360966063e-05
507 2.4918812489e-01 3.5169446276e-05
508 2.4918851042e-01 6.0160140542e-05
509 2.4919069173e-01 8.4254978872e-05
510 2.4919570630e-01 6.6777823676e-05
511 2.4920416752e-01 5.1017811530e-05
512 2.4921331696e-01 3.5299180108e-05
513 2.4922570537e-01 3.3533442265e-05
514 2.4923914226e-01 3.5333771340e-05
515 2.4925045654e-01 3.3602363541e-05
516 2.4926700257e-01 3.7214216646e-05
517 2.4928676050e-01 3.4333552509e-05
518 2.4931482466e-01 3.2893644568e-05
519 2.4933948880e-01 4.1512468415e-05
520 2.4936163025e-01 3.8907810417e-05
521 2.4939395105e-01 3.4859120506e-05
522 2.4942983728e-01 4.1472948315e-05
523 2.4946161394e-01 4.4686447533e-05
524 2.4950603613e-01 3.9130167939e-05
525 2.4955777615e-01 4.1922512290e-05
526 2.4959872118e-01 5.1780676923e-05
527 2.4963814858e-01 4.5411509061e-05
528 2.4968804140e-01 4.3099122969e-05
529 2.4974171441e-01 6.0818631078e-05
530 2.4978620401e-01 1.0741925823e-04
531 2.4984069747e-01 6.3663196940e-05
532 2.4991634109e-01 4.4701325176e-05
533 2.4998819555e-01 4.6979428236e-05
534 2.5005114777e-01 5.3843691130e-05
535 2.5012123613e-01 4.9914530467e-05
536 2.5022529866e-01 4.4152843961e-05
537 2.5034102933e-01 5.2272728556e-05
538 2.5044022450e-01 5.3838517008e-05
539 2.5057635841e-01 4.5595860266e-05
540 2.5074080906e-01 5.4549069257e-05
541 2.5089418088e-01 7.0706298983e-05
542 2.5105067018e-01 6.3482749405e-05
543 2.5122758198e-01 5.3847407827e-05
544 2.5141646354e-01 5.6605730084e-05
545 2.5160604454e-01 6.4232771023e-05
546 2.5177703432e-01 6.3076564109e-05
547 2.5195575624e-01 6.0820999686e-05
548 2.5215005765e-01 5.8375619999e-05
549 2.5234472433e-01 5.5399292066e-05
550 2.5252737427e-01 5.7172994706e-05
551 2.5271364428e-01 5.4347200438e-05
552 2.5291113251e-01 5.5861311641e-05
553 2.5310656167e-01 5.9732036763e-05
554 2.5328549735e-01 5.4059114835e-05
555 2.5348357102e-01 6.7703751454e-05
556 2.5364003384e-01 9.1803287603e-05
557 2.5381017800e-01 9.0281978097e-05
558 2.5396018758e-01 6.8925427880e-05
559 2.5413407592e-01 4.8422353618e-05
560 2.5431693220e-01 4.5915560708e-05
561 2.5446751039e-01 4.6528904758e-05
562 2.5461146391e-01 4.7031096670e-05
563 2.5475303782e-01 4.7942601884e-05
564 2.5490621138e-01 5.2514295111e-05
565 2.5505073912e-01 8.6367945726e-05
566 2.5517669326e-01 7.6373884593e-05
567 2.5531112549e-01 7.2578207302e-05
568 2.5543797084e-01 5.0037015050e-05
569 2.5559017595e-01 3.6594481096e-05
570 2.5573153433e-01 4.9458848745e-05
571 2.5584166337e-01 4.8273632890e-05
572 2.5596899762e-01 4.0770572194e-05
573 2.5607267025e-01 5.2697288158e-05
574 2.5617555471e-01 4.2603558386e-05
575 2.5631300965e-01 4.1199410331e-05
576 2.5643451705e-01 6.5933212383e-05
577 2.5653311244e-01 9.5303590991e-05
578 2.5663444879e-01 5.4548908936e-05
579 2.5677102597e-01 3.9066979549e-05
580 2.5690184621e-01 4.4261172453e-05
581 2.5701160724e-01 4.7036564536e-05
582 2.5713941453e-01 3.7191605952e-05
583 2.5728707543e-01 3.5028225226e-05
584 2.5743352695e-01 3.8879419884e-05
585 2.5756787405e-01 3.9357207672e-05
586 2.5770788395e-01 3.8943307618e-05
587 2.5784010914e-01 3.9092288821e-05
588 2.5795853030e-01 4.7313135490e-05
589 2.5807322058e-01 5.8333951135e-05
590 2.5818289227e-01 1.0129016047e-04
591 2.5827183057e-01 7.3563249195e-05
592 2.5839114626e-01 6.8542702560e-05
593 2.5849750164e-01 7.0863413804e-05
594 2.5861862635e-01 4.8021490292e-05
595 2.5876383496e-01 4.2675035822e-05
596 2.5890233006e-01 4.3072768501e-05
597 2.5903510276e-01 3.8767963671e-05
598 2.5917173910e-01 4.2125265511e-05
599 2.5930847323e-01 5.1334817089e-05
600 2.5941450676e-01 6.2087392881e-05
601 2.5952092636e-01 4.1954669766e-05
602 2.5961767698e-01 5.8014026282e-05
603 2.5971651770e-01 4.0801371197e-05
604 2.5983633591e-01 4.8161559970e-05
605 2.5993448995e-01 6.4787419966e-05
606 2.6003044999e-01 4.2844011221e-05
607 2.6013956836e-01 3.8302593798e-05
608 2.6022119467e-01 4.7667250431e-05
609 2.6031312832e-01 4.3934098549e-05
610 2.6039450351e-01 5.0906021584e-05
611 2.6046249970e-01 4.3188609393e-05
612 2.6053323684e-01 5.2500969356e-05
613 2.6059488416e-01 4.7496608109e-05
614 2.6065588109e-01 6.5698112887e-05
615 2.6070097054e-01 6.1529773256e-05
616 2.6075864491e-01 3.6585519792e-05
617 2.6080515838e-01 4.1016698185e-05
618 2.6084484709e-01 3.5514693116e-05
619 2.6088609245e-01 2.8602564116e-05
620 2.6092491946e-01 3.0494175795e-05
621 2.6095771509e-01 3.9394838271e-05
622 2.6098743620e-01 3.6376795977e-05
623 2.6101499839e-01 6.1182053625e-05
624 2.6104078482e-01 5.9074711644e-05
625 2.6106960942e-01 4.1391790665e-05
626 2.6109834098e-01 3.5201484858e-05
627 2.6112917311e-01 3.0914244166e-05
628 2.6116023111e-01 3.2637882337e-05
629 2.6118524575e-01 3.4952480327e-05
630 2.6121127551e-01 3.2747309664e-05
631 2.6123571911e-01 3.0373428280e-05
632 2.6126100554e-01 2.8529828105e-05
633 2.6128236709e-01 4.2958222958e-05
634 2.6129993201e-01 6.0303647821e-05
635 2.6131630324e-01 4.8597749842e-05
636 2.6133212499e-01 4.9393699133e-05
637 2.6134532914e-01 4.0477620591e-05
638 2.6135759545e-01 3.1992689670e-05
639 2.6136477268e-01 3.8988833712e-05
640 2.6137000693e-01 4.7951952130e-05
641 2.6137180615e-01 4.2137734631e-05
642 2.6137175717e-01 3.8484790528e-05
643 2.6136936164e-01 3.6309002825e-05
644 2.6136385986e-01 4.5455648437e-05
645 2.6135803788e-01 4.3583163678e-05
646 2.6134976308e-01 4.1080630364e-05
647 2.6134118856e-01 4.2235431834e-05
648 2.6132725088e-01 4.2259103844e-05
649 2.6131120330e-01 4.9670149280e-05
650 2.6129313721e-01 3.9009090733e-05
651 2.6127146856e-01 3.7134091653e-05
652 2.6124592449e-01 3.6692060279e-05
653 2.6122217416e-01 3.7856661939e-05
654 2.6119822446e-01 3.9269081859e-05
655 2.6117031558e-01 5.7779439405e-05
656 2.6114671009e-01 9.2328148477e-05
657 2.6111764311e-01 4.7225730948e-05
658 2.6107295586e-01 3.7734831202e-05
659 2.6103459028e-01 4.3601556449e-05
660 2.6099590988e-01 3.7092105005e-05
661 2.6094618924e-01 3.6766196704e-05
662 2.6089998709e-01 4.1232729740e-05
663 2.6084669214e-01 3.7465241822e-05
664 2.6078891774e-01 3.3656363217e-05
665 2.6073066102e-01 3.5255869564e-05
666 2.6066667527e-01 4.2004475333e-05
667 2.6059981206e-01 3.7709055407e-05
668 2.6052541863e-01 3.5025477451e-05
669 2.6044021332e-01 3.4642227392e-05
670 2.6035509429e-01 4.6473784365e-05
671 2.6028976101e-01 6.4129065407e-05
672 2.6020875178e-01 6.2368890303e-05
673 2.6013757958e-01 8.6985957595e-05
674 2.6006405208e-01 6.0291871300e-05
675 2.5997981347e-01 5.8841362404e-05
676 2.5990033461e-01 4.5952307006e-05
677 2.5980435397e-01 4.1252035780e-05
678 2.5971033924e-01 4.8093467645e-05
679 2.5961903915e-01 4.3056085229e-05
680 2.5953554749e-01 4.1393920564e-05
681 2.5945080213e-01 4.3898924510e-05
682 2.5935646533e-01 4.9640387993e-05
683 2.5927334122e-01 5.3014422535e-05
684 2.5920619449e-01 6.8364624985e-05
685 2.5913504629e-01 7.2625361057e-05
686 2.5906211196e-01 8.0853949501e-05
687 2.5899276743e-01 5.6196496249e-05
688 2.5891180872e-01 4.4825984974e-05
689 2.5883035060e-01 5.0932704754e-05
690 2.5876030977e-01 4.9200384939e-05
691 2.5868740072e-01 5.0333944184e-05
692 2.5860958428e-01 4.8473952625e-05
693 2.5852968605e-01 4.1198367430e-05
694 2.5845743259e-01 5.1795469911e-05
695 2.5838394755e-01 6.5900632322e-05
696 2.5832693675e-01 9.2699520429e-05
697 2.5826520952e-01 5.1715790434e-05
698 2.5818542823e-01 3.6954805535e-05
699 2.5811737226e-01 4.8351053393e-05
700 2.5805558354e-01 4.4868283252e-05
701 2.5799111182e-01 4.7926364609e-05
702 2.5792466422e-01 4.5018619379e-05
703 2.5784409498e-01 3.9913239171e-05
704 2.5777219987e-01 4.4212904436e-05
705 2.5770020948e-01 5.3509094310e-05
706 2.5763877398e-01 7.6174759241e-05
707 2.5757751498e-01 4.6342791773e-05
708 2.5750485053e-01 3.6362712699e-05
709 2.5743022078e-01 3.3525196844e-05
710 2.5736638945e-01 4.2190036316e-05
711 2.5731148826e-01 4.3889343979e-05
712 2.5725715241e-01 4.4327410264e-05
713 2.5720979153e-01 4.5494633039e-05
714 2.5715477526e-01 4.2913856956e-05
715 2.5709225177e-01 4.5207085937e-05
716 2.5703415312e-01 6.9859939725e-05
717 2.5698834127e-01 7.4493719547e-05
718 2.5693592317e-01 6.8681639715e-05
719 2.5688185109e-01 4.6820071243e-05
720 2.5681481364e-01 3.2942059758e-05
721 2.5674150811e-01 3.2917145948e-05
722 2.5665841669e-01 3.6987992774e-05
723 2.5658459944e-01 4.9202065186e-05
724 2.5652191633e-01 4.2999720854e-05
725 2.5645260966e-01 4.5575362970e-05
726 2.5639757497e-01 5.0251386912e-05
727 2.5633145823e-01 4.0461877352e-05
728 2.5625492124e-01 4.2850199612e-05
729 2.5619048358e-01 4.5936540336e-05
730 2.5611528890e-01 4.3718449968e-05
731 2.5603118325e-01 4.9977822535e-05
732 2.5595178498e-01 4.9173940321e-05
733 2.5586302928e-01 4.7083493042e-05
734 2.5578164132e-01 4.9018787770e-05
735 2.5569525690e-01 4.9493639117e-05
736 2.5561186736e-01 5.0325569061e-05
737 2.5552276544e-01 6.4682898900e-05
738 2.5543989809e-01 1.1029831227e-04
739 2.5535173650e-01 6.8519914616e-05
740 2.5524224870e-01 5.3407333965e-05
741 2.5512081165e-01 4.4046642637e-05
742 2.5496678952e-01 4.8924723188e-05
743 2.5482764660e-01 6.0366574753e-05
744 2.5468309902e-01 4.9300377602e-05
745 2.5450737719e-01 5.2865382083e-05
746 2.5435030084e-01 8.6482846514e-05
747 2.5420913814e-01 1.1129689782e-04
748 2.5407538873e-01 1.0495404838e-04
749 2.5392061211e-01 5.7492979150e-05
750 2.5374409375e-01 5.3433984331e-05
751 2.5356054679e-01 5.3491171455e-05
752 2.5338061416e-01 7.3603432947e-05
753 2.5324262691e-01 1.0537436135e-04
754 2.5309007509e-01 7.8812606035e-05
755 2.5291924282e-01 7.0763721270e-05
756 2.5276098884e-01 6.0845271604e-05
757 2.5257362980e-01 5.1685459914e-05
758 2.5236730849e-01 5.7451057784e-05
759 2.5216229016e-01 6.2961979033e-05
760 2.5193243297e-01 5.3624200346e-05
761 2.5169839443e-01 5.4995206285e-05
762 2.5149822414e-01 5.9524350490e-05
763 2.5124678365e-01 5.1866951365e-05
764 2.5096779976e-01 5.6751954723e-05
765 2.5073656981e-01 6.2990025403e-05
766 2.5047092955e-01 5.4735445067e-05
767 2.5016454396e-01 5.8387114066e-05
768 2.4993308380e-01 7.9520090419e-05
769 2.4968304918e-01 5.8618542145e-05
770 2.4940665699e-01 6.3595274403e-05
771 2.4914101755e-01 6.5701544687e-05
772 2.4881310288e-01 5.5189517145e-05
773 2.4846670657e-01 5.7382719064e-05
774 2.4817058449e-01 9.1646666886e-05
775 2.4798077518e-01 1.1397727338e-04
776 2.4773835680e-01 7.9733207365e-05
777 2.4750769559e-01 8.6822342651e-05
778 2.4732313612e-01 8.7891883866e-05
779 2.4712501667e-01 5.8761113271e-05
780 2.4693142816e-01 6.2670627925e-05
781 2.4677740049e-01 5.3066937248e-05
782 2.4658351429e-01 5.1722787115e-05
783 2.4642303526e-01 6.5480000069e-05
784 2.4627620012e-01 4.3886861655e-05
785 2.4612777195e-01 4.7399207453e-05
786 2.4601681119e-01 5.1100684471e-05
787 2.4587924535e-01 3.9831980318e-05
788 2.4574481789e-01 4.5342726067e-05
789 2.4561663728e-01 4.7180731107e-05
790 2.4547391582e-01 4.6235082639e-05
791 2.4533435677e-01 5.8368473645e-05
792 2.4522408719e-01 8.2950235303e-05
793 2.4512221731e-01 7.8927960566e-05
794 2.4502575008e-01 6.6881406529e-05
795 2.4492974783e-01 5.7287637819e-05
796 2.4484039661e-01 4.2829707211e-05
797 2.4474394153e-01 4.9441898804e-05
798 2.4465987771e-01 5.7375236999e-05
799 2.4456787211e-01 3.8974115109e-05
800 2.4446780755e-01 4.2024787397e-05
801 2.4439600207e-01 4.4647761834e-05
802 2.4432178754e-01 3.8893253570e-05
803 2.4424707452e-01 4.6883801312e-05
804 2.4416547576e-01 3.5833160311e-05
805 2.4406483345e-01 2.8942286550e-05
806 2.4397447787e-01 3.6580067930e-05
807 2.4390886463e-01 3.8693262896e-05
808 2.4382518251e-01 3.5757037703e-05
809 2.4375505778e-01 5.2754190974e-05
810 2.4369472765e-01 4.9874971676e-05
811 2.4362356271e-01 4.8324134733e-05
812 2.4355762789e-01 6.4219206601e-05
813 2.4350521556e-01 4.9076191315e-05
814 2.4344386753e-01 4.1229689469e-05
815 2.4339582116e-01 3.3995963443e-05
816 2.4334244364e-01 2.8867319566e-05
817 2.4329194418e-01 4.6638615849e-05
818 2.4325487364e-01 4.1444423042e-05
819 2.4320455589e-01 3.3472622710e-05
820 2.4316425611e-01 3.3180402194e-05
821 2.4311218467e-01 2.2127265354e-05
822 2.4305308982e-01 2.4483367012e-05
823 2.4300275252e-01 3.1684978884e-05
824 2.4295619804e-01 2.9313493387e-05
825 2.4290350692e-01 2.2184639142e-05
826 2.4284973019e-01 2.0856737544e-05
827 2.4279839205e-01 2.3182012136e-05
828 2.4274641673e-01 2.5483614332e-05
829 2.4269916478e-01 3.7730775624e-05
830 2.4265492937e-01 3.2038257057e-05
831 2.4260562206e-01 3.4218791399e-05
832 2.4255674406e-01 2.7646961732e-05
833 2.4250431779e-01 2.2287856960e-05
834 2.4245083168e-01 3.2904670010e-05
835 2.4240235058e-01 3.9130756900e-05
836 2.4234975040e-01 5.8176557084e-05
837 2.4230102263e-01 4.3695129773e-05
838 2.4223432886e-01 2.6445846901e-05
839 2.4216715861e-01 2.2858849924e-05
840 2.4211236650e-01 2.2077967484e-05
841 2.4205616066e-01 2.1866108789e-05
842 2.4200061280e-01 2.2364779063e-05
843 2.4194012796e-01 2.1053974150e-05
844 2.4187331525e-01 2.4487770318e-05
845 2.4181296125e-01 2.9762546525e-05
846 2.4175486283e-01 2.6736588623e-05
847 2.4168339406e-01 2.6871181377e-05
848 2.4160155372e-01 2.6150413479e-05
849 2.4151440138e-01 3.1307361985e-05
850 2.4144575939e-01 6.4780791653e-05
851 2.4138795093e-01 4.0999461194e-05
852 2.4130997766e-01 2.6313742201e-05
853 2.4124470789e-01 2.7313699337e-05
854 2.4118776119e-01 2.3690007669e-05
855 2.4112201857e-01 1.8806735493e-05
856 2.4105995114e-01 1.9506050853e-05
857 2.4101757979e-01 2.6221378078e-05
858 2.4097249015e-01 1.9949146227e-05
859 2.4091757671e-01 1.5842269095e-05
860 2.4086705750e-01 1.8204836922e-05
861 2.4082015236e-01 2.0405264535e-05
862 2.4077535744e-01 1.6624650247e-05
863 2.4071835934e-01 1.7363879341e-05
864 2.4065843880e-01 2.1431716895e-05
865 2.4060751073e-01 2.4144332794e-05
866 2.4054529528e-01 2.5137741315e-05
867 2.4049456736e-01 4.4880536537e-05
868 2.4044667050e-01 4.2279111732e-05
869 2.4039789521e-01 2.3599780022e-05
870 2.4033828244e-01 1.6399562021e-05
871 2.4027971328e-01 1.6887615390e-05
872 2.4023112556e-01 1.9438120381e-05
873 2.4018838557e-01 2.6532157876e-05
874 2.4015524780e-01 3.1248187150e-05
875 2.4011856232e-01 3.6741268508e-05
876 2.4008950703e-01 3.3669985896e-05
877 2.4005549817e-01 2.1945395775e-05
878 2.4002895240e-01 2.3865780912e-05
879 2.4000298921e-01 1.8588010393e-05
880 2.3997238015e-01 1.9239888287e-05
881 2.3994385981e-01 2.7622906843e-05
882 2.3992214945e-01 2.1061426461e-05
883 2.3989793420e-01 1.9636143721e-05
884 2.3988197288e-01 2.5133316784e-05
885 2.3986437189e-01 1.8986397108e-05
886 2.3984459160e-01 2.1577205814e-05
887 2.3982587333e-01 2.2042956948e-05
888 2.3980698920e-01 2.7708028206e-05
889 2.3979105435e-01 2.4527976740e-05
890 2.3977366502e-01 1.8332621071e-05
891 2.3975614264e-01 2.2759833906e-05
892 2.3974417100e-01 2.3389919240e-05
893 2.3972975908e-01 2.0466901622e-05
894 2.3971837535e-01 2.2546835556e-05
895 2.3970737342e-01 1.6963706881e-05
896 2.3969436899e-01 1.7565871031e-05
897 2.3968546074e-01 2.2412952869e-05
898 2.3967817118e-01 2.0044335913e-05
899 2.3967008593e-01 3.6604657672e-05
900 2.3966313819e-01 2.9083113933e-05
901 2.3965323907e-01 2.3070115718e-05
902 2.3964639082e-01 2.0717444359e-05
903 2.3963943126e-01 1.7638002238e-05
904 2.3963196733e-01 1.5880008986e-05
905 2.3962419250e-01 1.5659909681e-05
906 2.3961724462e-01 1.8441467907e-05
907 2.3961017912e-01 2.0358979228e-05
908 2.3960311650e-01 2.0405453335e-05
909 2.3959647668e-01 3.2222658414e-05
910 2.3959104871e-01 3.9695103165e-05
911 2.3958403269e-01 2.4147831650e-05
912 2.3957475453e-01 1.7465698045e-05
913 2.3956507873e-01 1.6796355627e-05
914 2.3955813535e-01 2.3068916991e-05
915 2.3955133262e-01 1.9648376919e-05
916 2.3954127775e-01 1.9097547943e-05
917 2.3953284397e-01 2.2085383129e-05
918 2.3952359106e-01 1.7987311089e-05
919 2.3951374294e-01 1.9424740236e-05
920 2.3950421001e-01 1.9622039765e-05
921 2.3949396822e-01 1.8205374195e-05
922 2.3948614520e-01 2.2362916147e-05
923 2.3948005489e-01 2.0365063333e-05
924 2.3947294444e-01 2.8999505334e-05
925 2.3946685980e-01 2.9062687016e-05
926 2.3946017525e-01 3.0218795975e-05
927 2.3945593781e-01 2.9840396100e-05
928 2.3945055257e-01 1.9434486978e-05
929 2.3944400548e-01 2.4629108560e-05
930 2.3943850178e-01 2.1654533884e-05
931 2.3943056943e-01 2.3138833710e-05
932 2.3942392603e-01 2.3727337550e-05
933 2.3941710310e-01 1.7719243070e-05
934 2.3940876541e-01 2.0670565745e-05
935 2.3939978160e-01 2.0744675233e-05
936 2.3938813868e-01 1.8226255019e-05
937 2.3937536950e-01 2.3603876325e-05
938 2.3936285022e-01 4.4962322732e-05
939 2.3935149754e-01 3.3737338551e-05
940 2.3933344303e-01 1.8130314995e-05
941 2.3931269590e-01 1.7596074265e-05
942 2.3929443071e-01 2.3666462648e-05
943 2.3927721817e-01 1.9858143614e-05
944 2.3925232059e-01 1.9756925052e-05
945 2.3922696487e-01 1.9305783543e-05
946 2.3920112221e-01 1.8185176627e-05
947 2.3917942809e-01 1.9760016924e-05
948 2.3915801492e-01 1.7925578884e-05
949 2.3913368256e-01 1.7876084077e-05
950 2.3910693914e-01 1.9864546921e-05
951 2.3908257099e-01 2.1832331174e-05
952 2.3905818024e-01 1.8999121216e-05
953 2.3903051219e-01 1.9795180700e-05
954 2.3900439626e-01 2.0212423108e-05
955 2.3897899853e-01 2.0787545234e-05
956 2.3895440193e-01 2.1331022699e-05
957 2.3893189062e-01 2.8901965829e-05
958 2.3891250784e-01 3.5735233912e-05
959 2.3889306719e-01 3.6769585982e-05
960 2.3887632165e-01 3.0449703037e-05
961 2.3885687122e-01 1.9519532082e-05
962 2.3883892258e-01 2.0361748061e-05
963 2.3882274773e-01 1.9084444410e-05
964 2.3880277907e-01 2.1051287056e-05
965 2.3878156148e-01 3.3943594003e-05
966 2.3876773299e-01 5.5941005017e-05
967 2.3875462108e-01 3.1618454957e-05
968 2.3874029606e-01 3.2710302090e-05
969 2.3872477618e-01 3.1512703912e-05
970 2.3870915417e-01 3.3226126065e-05
971 2.3869662985e-01 2.5763191249e-05
972 2.3868381027e-01 2.1943252351e-05
973 2.3867017105e-01 2.7976115731e-05
974 2.3865868584e-01 2.4502826138e-05
975 2.3864623258e-01 2.6285750861e-05
976 2.3863695953e-01 2.5809177031e-05
977 2.3863044080e-01 2.0879243365e-05
978 2.3862693164e-01 2.2664366048e-05
979 2.3862327470e-01 2.7232129813e-05
980 2.3862097603e-01 2.3046175994e-05
981 2.3862206235e-01 2.7623617587e-05
982 2.3862494748e-01 2.5921891175e-05
983 2.3863045882e-01 2.3636787496e-05
984 2.3863581296e-01 3.7989518467e-05
985 2.3864031194e-01 3.5378695421e-05
986 2.3865034376e-01 2.9000396606e-05
987 2.3865941193e-01 4.5454340320e-05
988 2.3866908518e-01 4.9810527674e-05
989 2.3868018072e-01 4.6041829456e-05
990 2.3869532409e-01 2.5254065649e-05
991 2.3871111700e-01 2.6142968667e-05
992 2.3872322988e-01 2.3149835439e-05
993 2.3873678115e-01 2.2011763553e-05
994 2.3875073250e-01 2.4361443705e-05
995 2.3876392613e-01 2.4572302522e-05
996 2.3877674249e-01 2.6569424912e-05
997 2.3878578068e-01 4.4640329527e-05
998 2.3879508530e-01 3.3869551783e-05
999 2.3880331461e-01 3.3764255457e-05
1000 2.3881057729e-01 2.5460894059e-05
1001 2.3881997910e-01 1.8087514132e-05
1002 2.3882997887e-01 1.9878631803e-05
1003 2.3883880679e-01 2.0212318927e-05
1004 2.3884932034e-01 1.5784857563e-05
1005 2.3886137165e-01 1.5424829501e-05
1006 2.3887287863e-01 1.6976619290e-05
1007 2.3888195383e-01 2.3922161760e-05
1008 2.3889091435e-01 1.7961665704e-05
1009 2.3890139667e-01 1.4027107786e-05
1010 2.3891086719e-01 1.6717068314e-05
1011 2.3892007399e-01 2.0623405724e-05
1012 2.3892815649e-01 2.1431145737e-05
1013 2.3893787174e-01 1.8140630473e-05
1014 2.3894744132e-01 2.3352427285e-05
1015 2.3895664484e-01 2.3771881751e-05
1016 2.3896906031e-01 2.1318851164e-05
1017 2.3898045258e-01 3.0500143794e-05
1018 2.3898778914e-01 2.8141594585e-05
1019 2.3899748803e-01 2.7444007167e-05
1020 2.3900677945e-01 3.9747223081e-05
1021 2.3901361385e-01 2.6867200861e-05
1022 2.3901594440e-01 4.7332883836e-05
1023 2.3901655903e-01 2.9097438068e-05
1024 2.3901773000e-01 2.1072041317e-05
1025 2.3901653866e-01 2.6179333997e-05
1026 2.3901117430e-01 2.3531500176e-05
1027 2.3900034445e-01 3.8404562076e-05
1028 2.3899223688e-01 3.7709392912e-05
1029 2.3897994382e-01 2.4275457488e-05
1030 2.3896547396e-01 2.4754731448e-05
1031 2.3894462065e-01 1.9242313195e-05
1032 2.3891920357e-01 2.2591426404e-05
1033 2.3889487251e-01 1.8643597775e-05
1034 2.3886343403e-01 1.8087319770e-05
1035 2.3883798188e-01 2.0410646399e-05
1036 2.3881270263e-01 1.7193291314e-05
1037 2.3878496066e-01 1.9884233640e-05
1038 2.3875540674e-01 2.0768636907e-05
1039 2.3871925164e-01 1.7296175647e-05
1040 2.3867995012e-01 1.3746003077e-05
1041 2.3863664659e-01 1.5906622449e-05
1042 2.3859336812e-01 2.1003788953e-05
1043 2.3855310005e-01 3.8444513940e-05
1044 2.3851335526e-01 3.8217582990e-05
1045 2.3846807479e-01 3.7089657666e-05
1046 2.3841956370e-01 2.5265848781e-05
1047 2.3836208535e-01 2.2137228685e-05
1048 2.3830312278e-01 2.3166553016e-05
1049 2.3823580049e-01 2.3323564373e-05
1050 2.3817483670e-01 2.5291352920e-05
1051 2.3810900073e-01 2.1122411314e-05
1052 2.3804128760e-01 2.6475496641e-05
1053 2.3797001401e-01 2.5732387498e-05
1054 2.3788833876e-01 2.4651717455e-05
1055 2.3781265971e-01 2.9249385327e-05
1056 2.3773181165e-01 2.5233385817e-05
1057 2.3764443880e-01 2.5616326858e-05
1058 2.3755345746e-01 2.8310662988e-05
1059 2.3746058684e-01 2.6688015652e-05
1060 2.3735366533e-01 3.9323287017e-05
1061 2.3726731250e-01 5.4187846334e-05
1062 2.3717433504e-01 4.4895488500e-05
1063 2.3707996671e-01 2.8503955352e-05
1064 2.3696094868e-01 2.7114094024e-05
1065 2.3686292613e-01 3.2456778305e-05
1066 2.3675568588e-01 2.2964083017e-05
1067 2.3665373296e-01 3.3235487776e-05
1068 2.3656579887e-01 2.3337656538e-05
1069 2.3643633018e-01 2.8540732045e-05
1070 2.3633749203e-01 3.5057442500e-05
1071 2.3621668277e-01 2.3703213388e-05
1072 2.3607288954e-01 2.8018972119e-05
1073 2.3595500364e-01 3.7929976797e-05
1074 2.3582869144e-01 2.5346717730e-05
1075 2.3568515286e-01 2.0336369305e-05
1076 2.3557260821e-01 2.2990596422e-05
1077 2.3546998523e-01 2.2020318719e-05
1078 2.3533797273e-01 2.1890816861e-05
1079 2.3522171009e-01 2.6984763228e-05
1080 2.3512510875e-01 3.1456474034e-05
1081 2.3502565712e-01 3.9115835308e-05
1082 2.3493853314e-01 4.1236222281e-05
1083 2.3484562427e-01 3.4190090678e-05
1084 2.3475109174e-01 2.8731128417e-05
1085 2.3464849218e-01 3.0466316786e-05
1086 2.3456398512e-01 4.2055698785e-05
1087 2.3448690195e-01 5.1498992617e-05
1088 2.3441629877e-01 3.9510492497e-05
1089 2.3432920315e-01 2.2714656851e-05
1090 2.3423888604e-01 2.0295918581e-05
1091 2.3414229992e-01 2.4170000353e-05
1092 2.3406720564e-01 2.6816020109e-05
1093 2.3396848404e-01 2.4133430074e-05
1094 2.3386451633e-01 2.9564406573e-05
1095 2.3376052118e-01 2.0304455306e-05
1096 2.3365633352e-01 2.5793619498e-05
1097 2.3354976525e-01 2.3473621551e-05
1098 2.3340083461e-01 2.0491969313e-05
1099 2.3324147876e-01 2.2950780024e-05
1100 2.3309665763e-01 3.1334679127e-05
1101 2.3296811090e-01 3.4093214978e-05
1102 2.3283268011e-01 3.0976006280e-05
1103 2.3271175961e-01 4.1552325039e-05
1104 2.3258385174e-01 3.2191509833e-05
1105 2.3242244736e-01 3.8465887186e-05
1106 2.3230643966e-01 5.3413821482e-05
1107 2.3218781556e-01 3.2333876944e-05
1108 2.3205063036e-01 2.9638822510e-05
1109 2.3193937140e-01 2.6779017648e-05
1110 2.3180412442e-01 2.1052460370e-05
1111 2.3166008623e-01 1.9747366838e-05
1112 2.3152521465e-01 1.9787913796e-05
1113 2.3139807525e-01 1.8501775299e-05
1114 2.3127019245e-01 2.0989578410e-05
1115 2.3114998585e-01 2.1597812997e-05
1116 2.3101633791e-01 2.0605003346e-05
1117 2.3089004526e-01 2.2377538477e-05
1118 2.3078164879e-01 2.2013785327e-05
1119 2.3067796798e-01 3.4683419930e-05
1120 2.3058668691e-01 3.0615449688e-05
1121 2.3048522925e-01 4.5543783465e-05
1122 2.3039766275e-01 3.6067699534e-05
1123 2.3029490725e-01 2.5750293714e-05
1124 2.3018798237e-01 1.7975140285e-05
1125 2.3006182970e-01 1.7278613017e-05
1126 2.2992748119e-01 1.9408767369e-05
1127 2.2980958258e-01 2.2901672076e-05
1128 2.2971304656e-01 2.4219881530e-05
1129 2.2960771224e-01 2.2142962491e-05
1130 2.2948403387e-01 2.1986214069e-05
1131 2.2936105423e-01 2.9860985600e-05
1132 2.2927554259e-01 2.6840626636e-05
1133 2.2915735835e-01 2.6163923303e-05
1134 2.2903958368e-01 3.8626651276e-05
1135 2.2894148407e-01 3.8397155742e-05
1136 2.2883317677e-01 3.1193208133e-05
1137 2.2873040918e-01 3.1317284790e-05
1138 2.2864389530e-01 4.2304816341e-05
1139 2.2857241472e-01 4.0172215046e-05
1140 2.2848487855e-01 2.8878519070e-05
1141 2.2838614368e-01 2.8978100774e-05
1142 2.2829866367e-01 4.7576323386e-05
1143 2.2822526973e-01 4.9855699117e-05
1144 2.2814135196e-01 3.3113943349e-05
1145 2.2805433217e-01 3.4375113817e-05
1146 2.2797896161e-01 3.0626495921e-05
1147 2.2790399535e-01 2.7833543286e-05
1148 2.2783085375e-01 2.8102436122e-05
1149 2.2775151421e-01 2.8578846291e-05
1150 2.2766918977e-01 2.7013881680e-05
1151 2.2759025042e-01 2.5106712358e-05
1152 2.2750566813e-01 2.1744657893e-05
1153 2.2744010202e-01 2.1603137701e-05
1154 2.2736581895e-01 2.1746545148e-05
1155 2.2729680076e-01 2.4711094643e-05
1156 2.2721385915e-01 1.8762152174e-05
1157 2.2712881583e-01 2.1230838739e-05
1158 2.2705740346e-01 2.4360318537e-05
1159 2.2698753528e-01 2.4719794884e-05
1160 2.2692664196e-01 4.8225949620e-05
1161 2.2687946205e-01 3.7159672913e-05
1162 2.2682033351e-01 2.0775895510e-05
1163 2.2676006802e-01 1.9625410668e-05
1164 2.2670737954e-01 2.4561026172e-05
1165 2.2665926814e-01 1.8374857773e-05
1166 2.2660407655e-01 1.7646098391e-05
1167 2.2656823243e-01 2.5246227467e-05
1168 2.2653064827e-01 1.7598706489e-05
1169 2.2648436772e-01 1.8598911032e-05
1170 2.2643576207e-01 2.4190795952e-05
1171 2.2638744307e-01 2.4612538073e-05
1172 2.2634231058e-01 2.0420036828e-05
1173 2.2629476855e-01 2.1603870371e-05
1174 2.2625397651e-01 2.2070494207e-05
1175 2.2621064069e-01 1.7894831186e-05
1176 2.2616534071e-01 2.0428181862e-05
1177 2.2612574573e-01 2.1920548613e-05
1178 2.2607984760e-01 1.9073290602e-05
1179 2.2602815864e-01 2.1053769589e-05
1180 2.2598333063e-01 3.2971530691e-05
1181 2.2595334958e-01 3.2144592010e-05
1182 2.2590893347e-01 2.5128786314e-05
1183 2.2587432403e-01 3.9037890695e-05
1184 2.2584392776e-01 2.7300519961e-05
1185 2.2580832487e-01 1.8412633403e-05
1186 2.2577434923e-01 1.6344629746e-05
1187 2.2574640632e-01 1.6322570249e-05
1188 2.2571865688e-01 1.6038978052e-05
1189 2.2568245646e-01 1.7284909683e-05
1190 2.2564749877e-01 1.9002975982e-05
1191 2.2561195507e-01 1.9984462954e-05
1192 2.2557557956e-01 2.0973121494e-05
1193 2.2554058651e-01 1.9376202544e-05
1194 2.2549913373e-01 1.8099740780e-05
1195 2.2546833457e-01 2.2908538015e-05
1196 2.2544152782e-01 2.4798373338e-05
1197 2.2541088204e-01 3.6194329163e-05
1198 2.2538474871e-01 3.4773864486e-05
1199 2.2535299906e-01 2.1274911923e-05
1200 2.2532529185e-01 2.2046357949e-05
1201 2.2529902927e-01 1.7433785535e-05
1202 2.2526622311e-01 2.0466227006e-05
1203 2.2523773730e-01 3.6676207115e-05
1204 2.2521592967e-01 4.1746078753e-05
1205 2.2518861355e-01 2.7875108873e-05
1206 2.2515994533e-01 2.1825666597e-05
1207 2.2513114239e-01 1.8012997048e-05
1208 2.2510248060e-01 1.7589307469e-05
1209 2.2507758682e-01 1.7221187636e-05
1210 2.2504869396e-01 1.6129704199e-05
1211 2.2502158299e-01 1.8606442524e-05
1212 2.2499396740e-01 1.5930665163e-05
1213 2.2496743119e-01 2.0375828297e-05
1214 2.2493827425e-01 1.5535419710e-05
1215 2.2490257268e-01 1.5979243962e-05
1216 2.2487111422e-01 1.5594519834e-05
1217 2.2483070672e-01 1.6927536237e-05
1218 2.2479362239e-01 2.8817615166e-05
1219 2.2475346605e-01 2.5999834029e-05
1220 2.2471499033e-01 3.2174245201e-05
1221 2.2467185953e-01 1.7707513447e-05
1222 2.2461527068e-01 1.4281944650e-05
1223 2.2455450712e-01 1.7632984223e-05
1224 2.2449590744e-01 2.2958392631e-05
1225 2.2444018057e-01 1.6122778674e-05
1226 2.2437003708e-01 1.5466654708e-05
1227 2.2431383755e-01 1.9125681283e-05
1228 2.2425840473e-01 1.4290757524e-05
1229 2.2421117670e-01 1.8445968916e-05
1230 2.2414861854e-01 1.1986636269e-05
1231 2.2407721615e-01 1.1633243886e-05
1232 2.2401626000e-01 1.3787912171e-05
1233 2.2395764736e-01 1.2346859643e-05
1234 2.2388715018e-01 1.1844052437e-05
1235 2.2381374335e-01 1.1406562049e-05
1236 2.2373943814e-01 1.3213842521e-05
1237 2.2367939242e-01 1.4915761197e-05
1238 2.2361330659e-01 1.2403322336e-05
1239 2.2354914292e-01 1.4377701342e-05
1240 2.2347981246e-01 1.2707416915e-05
1241 2.2341119264e-01 1.6628169558e-05
1242 2.2334279757e-01 2.1276202715e-05
1243 2.2328225149e-01 2.9942622663e-05
1244 2.2321518686e-01 1.7256801384e-05
1245 2.2313230885e-01 1.6702267750e-05
1246 2.2306115809e-01 1.7701568532e-05
1247 2.2298049374e-01 1.3691897574e-05
1248 2.2291008744e-01 1.6952159641e-05
1249 2.2283618633e-01 1.4468348979e-05
1250 2.2274967396e-01 1.2700966925e-05
1251 2.2266262820e-01 1.3185181607e-05
1252 2.2259065718e-01 1.4744345125e-05
1253 2.2250928771e-01 1.2959859231e-05
1254 2.2240866122e-01 1.5281575585e-05
1255 2.2231730562e-01 1.9108203941e-05
1256 2.2222689779e-01 2.1987647783e-05
1257 2.2215118430e-01 2.8806564270e-05
1258 2.2208008835e-01 2.2294331016e-05
1259 2.2199383517e-01 1.2762129992e-05
1260 2.2191303363e-01 1.5508412005e-05
1261 2.2183516971e-01 1.2606350350e-05
1262 2.2173650919e-01 1.2233000029e-05
1263 2.2163404217e-01 2.1982612549e-05
1264 2.2156295016e-01 3.0813272865e-05
1265 2.2147092226e-01 2.2592468296e-05
1266 2.2139626805e-01 1.8284851960e-05
1267 2.2129142107e-01 1.2420859114e-05
1268 2.2119020788e-01 1.6412110277e-05
1269 2.2111576664e-01 1.4979907631e-05
1270 2.2102405282e-01 1.5336108972e-05
1271 2.2092853928e-01 1.6519366898e-05
1272 2.2081931476e-01 1.6325719383e-05
1273 2.2071991462e-01 1.8793201351e-05
1274 2.2061338218e-01 1.6288050127e-05
1275 2.2049149019e-01 1.6658093459e-05
1276 2.2038593365e-01 2.4207312942e-05
1277 2.2028278185e-01 2.1583654667e-05
1278 2.2017891695e-01 3.0975046352e-05
1279 2.2008545230e-01 1.9909048045e-05
1280 2.1997110687e-01 1.9664075808e-05
1281 2.1988709453e-01 1.7181178489e-05
1282 2.1977811717e-01 1.2086368624e-05
1283 2.1967068131e-01 1.1109802734e-05
1284 2.1955698978e-01 9.9484344995e-06
1285 2.1943926884e-01 1.0752416396e-05
1286 2.1932815349e-01 1.2496560819e-05
1287 2.1921101223e-01 1.3385094854e-05
1288 2.1910548621e-01 1.3532019246e-05
1289 2.1897976040e-01 1.4511999534e-05
1290 2.1887896114e-01 1.7950453616e-05
1291 2.1875313084e-01 1.1914129387e-05
1292 2.1860737405e-01 1.4172521011e-05
1293 2.1847860310e-01 1.3869972901e-05
1294 2.1832456845e-01 1.1159484721e-05
1295 2.1816232463e-01 1.4266295872e-05
1296 2.1802628109e-01 1.3768454568e-05
1297 2.1788850839e-01 1.5595876067e-05
1298 2.1776628989e-01 1.3653211261e-05
1299 2.1759631264e-01 1.4510516105e-05
1300 2.1743988417e-01 2.1582388520e-05
1301 2.1731171828e-01 2.8046239271e-05
1302 2.1718885679e-01 3.4256783953e-05
1303 2.1705966084e-01 2.6621684923e-05
1304 2.1692138161e-01 1.8926061286e-05
1305 2.1678538789e-01 1.9000001034e-05
1306 2.1666228924e-01 1.9006784098e-05
1307 2.1650404681e-01 1.4916633690e-05
1308 2.1637882704e-01 2.0885068058e-05
1309 2.1625109301e-01 1.3454273290e-05
1310 2.1608895524e-01 1.4903758939e-05
1311 2.1596097504e-01 1.8510965905e-05
1312 2.1583839091e-01 1.6805751445e-05
1313 2.1570721974e-01 2.2989607702e-05
1314 2.1560886229e-01 3.6398391233e-05
1315 2.1550464906e-01 2.3691367435e-05
1316 2.1539205151e-01 1.9599892360e-05
1317 2.1527902552e-01 1.4561967307e-05
1318 2.1517533319e-01 1.4677761761e-05
1319 2.1506286477e-01 1.5325392695e-05
1320 2.1494452315e-01 1.3655889782e-05
1321 2.1481555439e-01 1.4454775473e-05
1322 2.1471103590e-01 2.2873937853e-05
1323 2.1461160300e-01 3.0716235943e-05
1324 2.1452868027e-01 3.0957002752e-05
1325 2.1442817310e-01 1.7593886575e-05
1326 2.1430803272e-01 1.7043568118e-05
1327 2.1419840013e-01 1.9205273538e-05
1328 2.1409532085e-01 1.8244820700e-05
1329 2.1398177408e-01 1.8032206527e-05
1330 2.1385498770e-01 2.1180721856e-05
1331 2.1373769886e-01 2.1683236924e-05
1332 2.1359561580e-01 2.0847256357e-05
1333 2.1347600103e-01 3.5715188407e-05
1334 2.1337637907e-01 3.0324456228e-05
1335 2.1327404882e-01 3.1789498571e-05
1336 2.1316877767e-01 1.8072235532e-05
1337 2.1304197328e-01 1.6489893964e-05
1338 2.1293609489e-01 1.7626374900e-05
1339 2.1282728120e-01 1.5720938086e-05
1340 2.1271381851e-01 1.7501776231e-05
1341 2.1260826143e-01 1.6505517765e-05
1342 2.1248298116e-01 1.8412916571e-05
1343 2.1237160903e-01 1.9563582792e-05
1344 2.1224589026e-01 1.4152139732e-05
1345 2.1213117524e-01 1.6234413402e-05
1346 2.1204081152e-01 1.5233232001e-05
1347 2.1195716558e-01 1.7767849361e-05
1348 2.1187833891e-01 1.4176571358e-05
1349 2.1178427230e-01 1.4183660793e-05
1350 2.1170784481e-01 1.4737881047e-05
1351 2.1163283370e-01 1.3173684258e-05
1352 2.1155816067e-01 1.3457334822e-05
1353 2.1147217948e-01 1.4117467404e-05
1354 2.1140185734e-01 1.5817736796e-05
1355 2.1132032588e-01 1.2747600483e-05
1356 2.1124196982e-01 1.6094938202e-05
1357 2.1116062990e-01 1.3918323517e-05
1358 2.1105905886e-01 1.5392340510e-05
1359 2.1096070044e-01 1.6194032285e-05
1360 2.1085357700e-01 1.5514221463e-05
1361 2.1075566412e-01 2.7662562542e-05
1362 2.1068644765e-01 2.9083276520e-05
1363 2.1059514922e-01 2.1481392920e-05
1364 2.1050599510e-01 2.3168561422e-05
1365 2.1041672010e-01 1.8356744909e-05
1366 2.1032339190e-01 1.9353526099e-05
1367 2.1023155763e-01 1.7621955696e-05
1368 2.1013231257e-01 1.7273022588e-05
1369 2.1002225073e-01 1.7691112989e-05
1370 2.0990243399e-01 1.9638550171e-05
1371 2.0978687290e-01 2.0299578470e-05
1372 2.0964118860e-01 2.4524126695e-05
1373 2.0950335412e-01 3.7606294471e-05
1374 2.0936820586e-01 3.8948197688e-05
1375 2.0923439587e-01 3.3042337651e-05
1376 2.0908351756e-01 2.0722328630e-05
1377 2.0892376495e-01 1.7481623048e-05
1378 2.0879620959e-01 1.9492537635e-05
1379 2.0867452020e-01 1.8074626455e-05
1380 2.0854524990e-01 1.6762118478e-05
1381 2.0840868402e-01 1.5366521976e-05
1382 2.0827262108e-01 1.4791169007e-05
1383 2.0812291228e-01 2.3702325213e-05
1384 2.0800213665e-01 4.8995575745e-05
1385 2.0788942001e-01 2.7347855386e-05
1386 2.0774747515e-01 1.7100040530e-05
1387 2.0761256596e-01 1.7232801697e-05
1388 2.0747485828e-01 2.0969360588e-05
1389 2.0737315537e-01 3.2866694751e-05
1390 2.0726875129e-01 2.4444262421e-05
1391 2.0714688662e-01 2.8858547745e-05
1392 2.0703854895e-01 2.5160356214e-05
1393 2.0691043517e-01 2.3246732557e-05
1394 2.0678987290e-01 2.2711010437e-05
1395 2.0667220671e-01 1.9229838197e-05
1396 2.0656483287e-01 2.0809118048e-05
1397 2.0645752123e-01 1.6891252898e-05
1398 2.0633150578e-01 1.3929376229e-05
1399 2.0618447698e-01 1.2426702978e-05
1400 2.0604675618e-01 1.3554351648e-05
1401 2.0593248789e-01 1.6138720754e-05
1402 2.0582491941e-01 1.9423033263e-05
1403 2.0573133840e-01 1.5738989116e-05
1404 2.0560836067e-01 1.2891259996e-05
1405 2.0550161752e-01 1.8582406559e-05
1406 2.0541038416e-01 1.7315361405e-05
1407 2.0530546627e-01 1.3757880364e-05
1408 2.0519611907e-01 1.4974570568e-05
1409 2.0509860305e-01 1.7336055826e-05
1410 2.0500212877e-01 1.3404902927e-05
1411 2.0488643022e-01 1.4045290160e-05
1412 2.0477531603e-01 1.6357531179e-05
1413 2.0467265680e-01 1.8043392631e-05
1414 2.0457931497e-01 1.6808659623e-05
1415 2.0448317136e-01 1.1966558037e-05
1416 2.0439654972e-01 1.3788301105e-05
1417 2.0432631022e-01 1.3671828685e-05
1418 2.0423663622e-01 1.1387599326e-05
1419 2.0414764397e-01 1.4632754484e-05
1420 2.0406982221e-01 2.0613230094e-05
1421 2.0399015915e-01 2.9976977862e-05
1422 2.0392520883e-01 2.7732995011e-05
1423 2.0384490811e-01 2.2678898273e-05
1424 2.0376249353e-01 1.9409148124e-05
1425 2.0366855998e-01 1.7373584704e-05
1426 2.0358885457e-01 1.5489060314e-05
1427 2.0349620497e-01 2.1294896250e-05
1428 2.0342139529e-01 2.6224180773e-05
1429 2.0333024010e-01 2.7049113141e-05
1430 2.0325180478e-01 3.1944013545e-05
1431 2.0315806239e-01 1.8244564342e-05
1432 2.0305937002e-01 1.4147525508e-05
1433 2.0295253821e-01 1.3809983102e-05
1434 2.0286116604e-01 2.0025332663e-05
1435 2.0277026079e-01 1.3838652240e-05
1436 2.0265371083e-01 1.8337976104e-05
1437 2.0256848440e-01 1.7194190162e-05
1438 2.0245739612e-01 1.4569755141e-05
1439 2.0234465824e-01 2.3080967783e-05
1440 2.0223447772e-01 1.7555728383e-05
1441 2.0210095810e-01 2.2569106395e-05
1442 2.0199011940e-01 2.5649734710e-05
1443 2.0185564718e-01 2.1626293550e-05
1444 2.0174125245e-01 3.8375628067e-05
1445 2.0164334731e-01 2.8169154694e-05
1446 2.0152674447e-01 2.7234529798e-05
1447 2.0142758999e-01 2.2517832977e-05
1448 2.0131369382e-01 2.4886813227e-05
1449 2.0121491697e-01 2.6368501453e-05
1450 2.0109420527e-01 1.9769751881e-05
1451 2.0096155621e-01 3.0331471641e-05
1452 2.0087328090e-01 3.8323274923e-05
1453 2.0073829951e-01 1.8505786351e-05
1454 2.0059289570e-01 2.7976390182e-05
1455 2.0046430252e-01 2.4006869929e-05
1456 2.0027826489e-01 1.6505427313e-05
1457 2.0006716183e-01 1.8564053930e-05
1458 1.9985451653e-01 2.1276253563e-05
1459 1.9961376134e-01 2.3059309082e-05
1460 1.9937841340e-01 3.0593028899e-05
1461 1.9917000224e-01 2.6101674836e-05
1462 1.9889711070e-01 1.7648303941e-05
1463 1.9861968577e-01 2.1874430512e-05
1464 1.9839875204e-01 3.3372070794e-05
1465 1.9818982346e-01 2.4607618156e-05
1466 1.9794034768e-01 2.1725560743e-05
1467 1.9772730588e-01 2.9593445369e-05
1468 1.9752240175e-01 2.4161512595e-05
1469 1.9724934865e-01 2.2228233530e-05
1470 1.9699091741e-01 3.0505346656e-05
1471 1.9675186436e-01 2.2744354544e-05
1472 1.9640564530e-01 1.9201838392e-05
1473 1.9606229927e-01 2.4133584430e-05
1474 1.9578121769e-01 2.8107331267e-05
1475 1.9547873104e-01 2.4456704622e-05
1476 1.9521178577e-01 2.9237440291e-05
1477 1.9495405794e-01 2.7754086170e-05
1478 1.9471928917e-01 3.7292847004e-05
1479 1.9448422435e-01 3.1545842837e-05
1480 1.9420614304e-01 3.6044370972e-05
1481 1.9397521950e-01 4.8588577163e-05
1482 1.9376390925e-01 3.7540318263e-05
1483 1.9351795513e-01 3.2161755473e-05
1484 1.9331307855e-01 3.0639236900e-05
1485 1.9305397597e-01 2.7356328444e-05
1486 1.9281349966e-01 4.5784594635e-05
1487 1.9260943974e-01 4.2906232765e-05
1488 1.9235914820e-01 3.7315306715e-05
1489 1.9214441179e-01 3.3515907211e-05
1490 1.9190068201e-01 2.3936811730e-05
1491 1.9164376106e-01 2.2339288852e-05
1492 1.9140569526e-01 2.4936354371e-05
1493 1.9120032639e-01 2.3888006569e-05
1494 1.9094343348e-01 1.8566458958e-05
1495 1.9066525514e-01 2.2816882423e-05
1496 1.9042405917e-01 3.3933763702e-05
1497 1.9018274853e-01 2.8852389189e-05
1498 1.8991863935e-01 3.6042072476e-05
1499 1.8970510997e-01 4.6124921330e-05
1500 1.8945423323e-01 5.4613597655e-05
1501 1.8923592710e-01 4.0357552550e-05
1502 1.8895429150e-01 2.9900586569e-05
1503 1.8866159747e-01 3.6470158593e-05
1504 1.8837357639e-01 3.3394842513e-05
1505 1.8808507954e-01 3.9941160679e-05
1506 1.8782511124e-01 5.0803643589e-05
1507 1.8753802972e-01 5.5262265900e-05
1508 1.8725280497e-01 4.9318959102e-05
1509 1.8690161951e-01 3.4048702167e-05
1510 1.8651949525e-01 4.1825362319e-05
1511 1.8613772230e-01 4.0297145031e-05
1512 1.8570428762e-01 4.1942034717e-05
1513 1.8531050368e-01 4.5198875575e-05
1514 1.8486983963e-01 2.8320505774e-05
1515 1.8438270561e-01 3.0187539612e-05
1516 1.8404781883e-01 4.2948045219e-05
1517 1.8367350810e-01 3.1145131193e-05
1518 1.8333977758e-01 4.3233936486e-05
1519 1.8295395235e-01 2.7750726002e-05
1520 1.8250504630e-01 2.8130435478e-05
1521 1.8216975794e-01 3.6944449959e-05
1522 1.8185450488e-01 3.1460628916e-05
1523 1.8152160392e-01 3.2211098846e-05
1524 1.8122421258e-01 3.5901455464e-05
1525 1.8091361631e-01 2.8952396410e-05
1526 1.8054484751e-01 2.9871022476e-05
1527 1.8022508097e-01 3.3853639677e-05
1528 1.7985730226e-01 2.8436943938e-05
1529 1.7948299994e-01 2.8246781886e-05
1530 1.7909872325e-01 3.1601632379e-05
1531 1.7878666947e-01 3.9833031878e-05
1532 1.7847147762e-01 2.5456166213e-05
1533 1.7806668970e-01 3.2429678044e-05
1534 1.7775749466e-01 4.7534855240e-05
1535 1.7738361745e-01 2.9627741467e-05
1536 1.7698779394e-01 3.0786057076e-05
1537 1.7666866329e-01 3.3504977955e-05
1538 1.7634967405e-01 4.6121311705e-05
1539 1.7610420010e-01 6.6687138741e-05
1540 1.7581080635e-01 4.3974162956e-05
1541 1.7549221549e-01 3.5720694650e-05
1542 1.7514040700e-01 3.0048030779e-05
1543 1.7476696726e-01 3.8720055949e-05
1544 1.7443083892e-01 4.4091236088e-05
1545 1.7411030196e-01 5.8915767756e-05
1546 1.7379283197e-01 5.6672864202e-05
1547 1.7349263319e-01 4.2000169051e-05
1548 1.7312845662e-01 2.7972896835e-05
1549 1.7277122305e-01 4.0178237514e-05
1550 1.7239895499e-01 2.9870141344e-05
1551 1.7193062072e-01 3.2140575934e-05
1552 1.7152649554e-01 3.8362630935e-05
1553 1.7112059059e-01 3.3159094593e-05
1554 1.7073047809e-01 3.1449884777e-05
1555 1.7041283985e-01 3.5713733994e-05
1556 1.7003832844e-01 2.9706794685e-05
1557 1.6962458125e-01 4.3753713111e-05
1558 1.6934788853e-01 4.2800544175e-05
1559 1.6889968662e-01 3.3687977014e-05
1560 1.6846195168e-01 6.7901958827e-05
1561 1.6815531680e-01 5.5733111618e-05
1562 1.6770193797e-01 3.8128531007e-05
1563 1.6729388204e-01 3.1363041529e-05
1564 1.6680456402e-01 2.7099952580e-05
1565 1.6639938321e-01 3.5941351987e-05
1566 1.6599433839e-01 2.6740040231e-05
1567 1.6558916932e-01 3.3833112903e-05
1568 1.6523067814e-01 3.1677100727e-05
1569 1.6486033807e-01 3.6269889314e-05
1570 1.6450899359e-01 3.2070357176e-05
1571 1.6408719721e-01 3.1815975233e-05
1572 1.6372538192e-01 4.2485082372e-05
1573 1.6343088769e-01 6.2314799929e-05
1574 1.6315313495e-01 5.4466437587e-05
1575 1.6287895570e-01 3.3007377735e-05
1576 1.6255035499e-01 2.2677130338e-05
1577 1.6221427895e-01 2.3328482041e-05
1578 1.6195885005e-01 2.7684908726e-05
1579 1.6167224115e-01 2.0453253426e-05
1580 1.6136270248e-01 2.0386740485e-05
1581 1.6108419722e-01 2.0642113681e-05
1582 1.6079967704e-01 2.1013547748e-05
1583 1.6049286241e-01 2.2359156610e-05
1584 1.6022296139e-01 2.9333195602e-05
1585 1.5998033347e-01 2.5474653913e-05
1586 1.5972104703e-01 2.1789652687e-05
1587 1.5951876900e-01 2.7646806067e-05
1588 1.5932434540e-01 2.2897508001e-05
1589 1.5909203003e-01 2.0076604665e-05
1590 1.5887722061e-01 2.7914040303e-05
1591 1.5871947293e-01 2.5528731840e-05
1592 1.5848721667e-01 2.1449268209e-05
1593 1.5828126579e-01 2.6186133768e-05
1594 1.5808491361e-01 4.0768110838e-05
1595 1.5791238618e-01 5.0515503401e-05
1596 1.5772937563e-01 4.0191654129e-05
1597 1.5753514952e-01 2.8942200330e-05
1598 1.5731796909e-01 2.9096500568e-05
1599 1.5710271022e-01 2.8352392943e-05
1600 1.5685910726e-01 2.6149806710e-05
1601 1.5658738415e-01 3.8092409729e-05
1602 1.5638511770e-01 3.7160299018e-05
1603 1.5611248265e-01 4.5999444060e-05
1604 1.5591327118e-01 4.5084075430e-05
1605 1.5564586478e-01 4.0104122171e-05
1606 1.5545220261e-01 4.9775328367e-05
1607 1.5522402235e-01 3.2814722417e-05
1608 1.5500035406e-01 2.8820823201e-05
1609 1.5479762391e-01 2.8382123276e-05
1610 1.5459960456e-01 2.6926688330e-05
1611 1.5438716181e-01 2.4971223188e-05
1612 1.5416236492e-01 2.3530656773e-05
1613 1.5392063225e-01 2.1370566663e-05
1614 1.5366683740e-01 3.1558985042e-05
1615 1.5344816251e-01 5.7589020134e-05
1616 1.5327501952e-01 5.5587891782e-05
1617 1.5305413071e-01 3.1318769318e-05
1618 1.5280317887e-01 3.0577110494e-05
1619 1.5257449212e-01 3.7448817187e-05
1620 1.5233771774e-01 3.6715081198e-05
1621 1.5210845483e-01 3.0799833038e-05
1622 1.5184438575e-01 2.7966608283e-05
1623 1.5161788122e-01 3.2756017096e-05
1624 1.5138389784e-01 3.0369889396e-05
1625 1.5115270521e-01 3.2318075830e-05
1626 1.5090508806e-01 3.4159216661e-05
1627 1.5064674650e-01 3.5261691119e-05
1628 1.5039037023e-01 4.7750713537e-05
1629 1.5020007106e-01 7.6962761237e-05
1630 1.4999981025e-01 3.4377338794e-05
1631 1.4974690942e-01 2.5284237148e-05
1632 1.4951224296e-01 2.8259828416e-05
1633 1.4930411760e-01 3.2354213231e-05
1634 1.4912170732e-01 2.9430437029e-05
1635 1.4891197588e-01 3.0799824105e-05
1636 1.4872239967e-01 3.0067081830e-05
1637 1.4850617552e-01 2.9637943455e-05
1638 1.4828980798e-01 2.8532230588e-05
1639 1.4805319897e-01 2.5622900541e-05
1640 1.4781157887e-01 3.2523648187e-05
1641 1.4761265129e-01 2.9798400060e-05
1642 1.4738836618e-01 2.6848483538e-05
1643 1.4719579777e-01 3.3834288478e-05
1644 1.4699054169e-01 3.1896657883e-05
1645 1.4680246971e-01 2.7930088726e-05
1646 1.4661985873e-01 3.2388004244e-05
1647 1.4642669567e-01 2.3937631346e-05
1648 1.4619269719e-01 2.1497483221e-05
1649 1.4597326652e-01 2.8684653341e-05
1650 1.4579996200e-01 3.5893007205e-05
1651 1.4563067999e-01 5.7325575643e-05
1652 1.4550298568e-01 4.8574009329e-05
1653 1.4533451867e-01 2.6388451290e-05
1654 1.4518248907e-01 2.5936995192e-05
1655 1.4503711175e-01 2.1401442126e-05
1656 1.4488570405e-01 2.2489408621e-05
1657 1.4472619730e-01 2.1914058885e-05
1658 1.4454634078e-01 2.5142001884e-05
1659 1.4436342112e-01 2.5198498696e-05
1660 1.4418144267e-01 2.8318608552e-05
1661 1.4398413583e-01 3.4978256353e-05
1662 1.4381114018e-01 4.6901532665e-05
1663 1.4363271529e-01 5.3050223531e-05
1664 1.4347641654e-01 3.4968657438e-05
1665 1.4324312965e-01 2.2851828602e-05
1666 1.4301725610e-01 3.0532980647e-05
1667 1.4282610548e-01 2.4803301942e-05
1668 1.4263095349e-01 2.6389731806e-05
1669 1.4243049008e-01 2.8245313635e-05
1670 1.4223150792e-01 2.6383208241e-05
1671 1.4203367288e-01 2.7452574472e-05
1672 1.4187141014e-01 2.7119880634e-05
1673 1.4166523719e-01 2.3476686896e-05
1674 1.4143276825e-01 2.3493593896e-05
1675 1.4121125823e-01 3.4951301778e-05
1676 1.4103559264e-01 5.0677510507e-05
1677 1.4087138597e-01 4.7200647960e-05
1678 1.4069903745e-01 3.8576316040e-05
1679 1.4050536525e-01 3.4037670574e-05
1680 1.4032057890e-01 2.7936398384e-05
1681 1.4012269246e-01 2.1256537422e-05
1682 1.3991994603e-01 2.6685222589e-05
1683 1.3974315108e-01 3.0298759933e-05
1684 1.3952421887e-01 2.6989046387e-05
1685 1.3930467118e-01 2.5762931844e-05
1686 1.3910113555e-01 2.7512980763e-05
1687 1.3891023706e-01 2.7937120016e-05
1688 1.3872534236e-01 2.6094410979e-05
1689 1.3853414874e-01 2.7443321325e-05
1690 1.3833384300e-01 2.2350620453e-05
1691 1.3810928456e-01 2.7361081580e-05
1692 1.3792545995e-01 6.4462185969e-05
1693 1.3777095993e-01 3.3006278860e-05
1694 1.3752931781e-01 2.1656852430e-05
1695 1.3732246148e-01 3.7878330691e-05
1696 1.3714575224e-01 3.2074648518e-05
1697 1.3692622565e-01 3.0369806357e-05
1698 1.3672218127e-01 2.8863987566e-05
1699 1.3647378228e-01 2.1629624906e-05
1700 1.3622157782e-01 2.6283446573e-05
1701 1.3601576704e-01 2.6082525024e-05
1702 1.3575442635e-01 2.3190644376e-05
1703 1.3548083372e-01 3.2104266780e-05
1704 1.3519895059e-01 3.2437574878e-05
1705 1.3489727398e-01 4.7441950198e-05
1706 1.3462705929e-01 5.2885131098e-05
1707 1.3432235033e-01 4.2306427776e-05
1708 1.3399126528e-01 3.9700359653e-05
1709 1.3365553770e-01 2.8565669947e-05
1710 1.3326486210e-01 3.4660775203e-05
1711 1.3288657243e-01 3.0348103922e-05
1712 1.3243268866e-01 2.5472240963e-05
1713 1.3201172734e-01 3.7312929657e-05
1714 1.3164882076e-01 3.0972789957e-05
1715 1.3123050386e-01 3.7416149597e-05
1716 1.3084806051e-01 3.3209087201e-05
1717 1.3029917981e-01 2.8605691377e-05
1718 1.2973201783e-01 3.7136371234e-05
1719 1.2921081692e-01 3.9079834076e-05
1720 1.2865132445e-01 3.3092549532e-05
1721 1.2801630954e-01 5.6254442497e-05
1722 1.2756015364e-01 8.6099127765e-05
1723 1.2698347258e-01 5.2907974686e-05
1724 1.2633281445e-01 3.8428694336e-05
1725 1.2563221812e-01 4.2990711770e-05
1726 1.2501434073e-01 4.3743922444e-05
1727 1.2424314539e-01 4.2847650388e-05
1728 1.2351332153e-01 4.2818098419e-05
1729 1.2275536776e-01 3.7232259581e-05
1730 1.2207022700e-01 4.0394908813e-05
1731 1.2145775506e-01 3.5560421109e-05
1732 1.2077244492e-01 3.3649470265e-05
1733 1.2015389587e-01 3.5939764543e-05
1734 1.1959680559e-01 3.4318302567e-05
1735 1.1900071792e-01 5.6480316920e-05
1736 1.1860654508e-01 8.4740875566e-05
1737 1.1810054269e-01 3.8361427017e-05
1738 1.1756366574e-01 3.9000775224e-05
1739 1.1706080413e-01 3.0857942283e-05
1740 1.1645658559e-01 3.3386563671e-05
1741 1.1588460521e-01 4.3075412201e-05
1742 1.1537167119e-01 3.4822244258e-05
1743 1.1484043007e-01 3.3107067884e-05
1744 1.1441160102e-01 3.9418274117e-05
1745 1.1389361672e-01 3.0149567523e-05
1746 1.1331610344e-01 3.6599367297e-05
1747 1.1293037386e-01 3.8374332328e-05
1748 1.1239764265e-01 2.9882566294e-05
1749 1.1187447903e-01 4.7699563811e-05
1750 1.1145038004e-01 4.4664449787e-05
1751 1.1092464140e-01 4.6538781438e-05
1752 1.1052639898e-01 9.3871710325e-05
1753 1.1007108514e-01 3.8229777497e-05
1754 1.0951691552e-01 3.3284462511e-05
1755 1.0903377513e-01 3.1107005871e-05
1756 1.0853402192e-01 3.0498116525e-05
1757 1.0806820962e-01 3.1039052707e-05
1758 1.0750145173e-01 3.1230605120e-05
1759 1.0692459294e-01 3.8839266842e-05
1760 1.0641759692e-01 3.9140001223e-05
1761 1.0583613555e-01 3.2980731149e-05
1762 1.0521218151e-01 4.2460453561e-05
1763 1.0473384968e-01 8.6323770707e-05
1764 1.0429975841e-01 5.7228589019e-05
1765 1.0377780330e-01 4.2194850224e-05
1766 1.0321647442e-01 3.1876333060e-05
1767 1.0275679507e-01 3.5190770686e-05
1768 1.0224121953e-01 2.8892514674e-05
1769 1.0171444580e-01 3.3336605893e-05
1770 1.0131477488e-01 3.7326542422e-05
1771 1.0089724049e-01 3.4655602289e-05
1772 1.0048691657e-01 3.0485169846e-05
1773 1.0009357067e-01 3.1398543573e-05
1774 9.9700102589e-02 2.5005129657e-05
1775 9.9279032708e-02 2.3604239424e-05
1776 9.8887302281e-02 2.9228411899e-05
1777 9.8562445455e-02 3.0689956510e-05
1778 9.8240012795e-02 3.0761340078e-05
1779 9.7899594420e-02 3.0308119010e-05
1780 9.7573605111e-02 6.4487036431e-05
1781 9.7374389566e-02 5.0859716446e-05
1782 9.7077535072e-02 2.9000918305e-05
1783 9.6801340776e-02 4.0466144209e-05
1784 9.6573542478e-02 3.2376968124e-05
1785 9.6311144903e-02 2.3386705046e-05
1786 9.6065816177e-02 3.6719370834e-05
1787 9.5863958553e-02 3.3269071776e-05
1788 9.5593180264e-02 2.4761872124e-05
1789 9.5380431809e-02 6.2216470234e-05
1790 9.5218195467e-02 3.9901395296e-05
1791 9.4998636563e-02 3.2651835469e-05
1792 9.4804516795e-02 2.8118063727e-05
1793 9.4548154011e-02 2.0593513062e-05
1794 9.4286395733e-02 1.9694538521e-05
1795 9.4074612978e-02 2.7200032120e-05
1796 9.3884257201e-02 2.9821152173e-05
1797 9.3666302075e-02 2.2950358226e-05
1798 9.3436178981e-02 3.0820381484e-05
1799 9.3218895682e-02 3.6615927869e-05
1800 9.3024534998e-02 3.0620702292e-05
1801 9.2815376078e-02 2.4896514108e-05
1802 9.2639337913e-02 3.0583899133e-05
1803 9.2477484154e-02 2.5431961477e-05
1804 9.2317669288e-02 2.9725877648e-05
1805 9.2143788565e-02 3.0253306113e-05
1806 9.1935636102e-02 2.6390690427e-05
1807 9.1710361782e-02 2.0030744864e-05
1808 9.1453426658e-02 2.7119020552e-05
1809 9.1253672290e-02 3.7429442128e-05
1810 9.1050305517e-02 2.3326892621e-05
1811 9.0832963134e-02 2.5810331657e-05
1812 9.0640159807e-02 3.2530675806e-05
1813 9.0473432562e-02 3.3061090088e-05
1814 9.0286024950e-02 4.1079919899e-05
1815 9.0130777288e-02 6.3872916652e-05
1816 8.9966813226e-02 3.4941270547e-05
1817 8.9759100446e-02 2.5529868562e-05
1818 8.9578788585e-02 3.0679052301e-05
1819 8.9377733605e-02 2.7427625587e-05
1820 8.9222095600e-02 3.6381619981e-05
1821 8.9058073563e-02 3.2284182824e-05
1822 8.8894339208e-02 3.3774508779e-05
1823 8.8693719680e-02 4.1961140424e-05
1824 8.8547928261e-02 5.9144000406e-05
1825 8.8351091454e-02 3.1901483234e-05
1826 8.8172657574e-02 3.9755787972e-05
1827 8.7988353588e-02 2.4078084749e-05
1828 8.7766201568e-02 2.6066079275e-05
1829 8.7587679763e-02 3.2410090303e-05
1830 8.7412828552e-02 2.5085522471e-05
1831 8.7266538322e-02 2.3624565418e-05
1832 8.7124153635e-02 2.7955350508e-05
1833 8.6999231037e-02 2.3759118913e-05
1834 8.6859002174e-02 2.0883757103e-05
1835 8.6728150875e-02 2.3668519965e-05
1836 8.6618406806e-02 2.1826262623e-05
1837 8.6508434378e-02 2.2406623146e-05
1838 8.6421504881e-02 2.3104182826e-05
1839 8.6326553872e-02 2.1474515432e-05
1840 8.6236402552e-02 3.2940900610e-05
1841 8.6166348760e-02 3.3585516332e-05
1842 8.6088157906e-02 2.9037994573e-05
1843 8.6011747351e-02 2.5644242157e-05
1844 8.5938222075e-02 2.3690994044e-05
1845 8.5859969121e-02 2.1472949180e-05
1846 8.5784059262e-02 3.2546510526e-05
1847 8.5734933868e-02 4.7604278254e-05
1848 8.5678088119e-02 2.4283746994e-05
1849 8.5617392851e-02 2.0164951265e-05
1850 8.5562294065e-02 1.6746214781e-05
1851 8.5507682894e-02 1.7480588428e-05
1852 8.5458539852e-02 1.7911740943e-05
1853 8.5413981149e-02 1.8930327007e-05
1854 8.5361817476e-02 1.4852585868e-05
1855 8.5299430146e-02 1.2894958767e-05
1856 8.5240489693e-02 1.5583316708e-05
1857 8.5191802188e-02 1.7959834964e-05
1858 8.5143200563e-02 1.5226622465e-05
1859 8.5098317506e-02 1.3690645262e-05
1860 8.5057921323e-02 1.5669008793e-05
1861 8.5013080369e-02 1.3579025927e-05
1862 8.4962535094e-02 1.1621217471e-05
1863 8.4922836084e-02 1.2189358710e-05
1864 8.4880406677e-02 1.0837623454e-05
1865 8.4841897014e-02 1.2174832036e-05
1866 8.4805697762e-02 9.6622796789e-06
1867 8.4762271322e-02 1.0612043510e-05
1868 8.4727357833e-02 1.0294783943e-05
1869 8.4699313275e-02 1.0153941194e-05
1870 8.4664249795e-02 7.7246728405e-06
1871 8.4626444675e-02 1.0932810202e-05
1872 8.4602196235e-02 1.4650985842e-05
1873 8.4575904973e-02 8.8484388334e-06
1874 8.4549883374e-02 1.6754426767e-05
1875 8.4525689752e-02 1.1506211872e-05
1876 8.4493959914e-02 9.0637007296e-06
1877 8.4469053147e-02 1.8063570348e-05
1878 8.4448476841e-02 1.1868762437e-05
1879 8.4421146310e-02 1.0079718440e-05
1880 8.4400684609e-02 1.0314578249e-05
1881 8.4376314056e-02 1.0080753051e-05
1882 8.4355032905e-02 1.6654853958e-05
1883 8.4335228153e-02 1.4135174033e-05
1884 8.4313771610e-02 1.4925753373e-05
1885 8.4290778888e-02 1.0966732891e-05
1886 8.4266661250e-02 1.2025153767e-05
1887 8.4246510195e-02 1.0715185435e-05
1888 8.4223832860e-02 1.0250573597e-05
1889 8.4199808276e-02 8.7574795159e-06
1890 8.4169269197e-02 8.9319613283e-06
1891 8.4140544012e-02 9.8669448836e-06
1892 8.4111691997e-02 1.0115626042e-05
1893 8.4082015172e-02 8.9744004927e-06
1894 8.4049842280e-02 9.0036963867e-06
1895 8.4020776078e-02 1.0866452905e-05
1896 8.3987200029e-02 9.4936591463e-06
1897 8.3949287148e-02 9.6666580386e-06
1898 8.3913503558e-02 1.5043462463e-05
1899 8.3881729759e-02 2.2783338071e-05
1900 8.3848453344e-02 1.4418498443e-05
1901 8.3803124906e-02 1.1092430427e-05
1902 8.3759416102e-02 1.4596077055e-05
1903 8.3717033343e-02 1.1874151238e-05
1904 8.3672841333e-02 1.4270420820e-05
1905 8.3627842150e-02 1.2240548187e-05
1906 8.3577245300e-02 1.0648942643e-05
1907 8.3528183543e-02 1.0143478931e-05
1908 8.3486844126e-02 1.0648857046e-05
1909 8.3451325155e-02 1.0813737751e-05
1910 8.3418845355e-02 1.3739380143e-05
1911 8.3386910477e-02 1.3328362947e-05
1912 8.3357135338e-02 1.8982748964e-05
1913 8.3331461606e-02 1.1287631883e-05
1914 8.3295073308e-02 8.5216875602e-06
1915 8.3263912555e-02 8.0015096099e-06
1916 8.3232820611e-02 7.1023109586e-06
1917 8.3198471423e-02 6.2452211181e-06
1918 8.3165185138e-02 5.8730112605e-06
1919 8.3133896106e-02 6.6522833057e-06
1920 8.3101296125e-02 7.0939038404e-06
1921 8.3067306168e-02 6.2383902176e-06
1922 8.3036647472e-02 6.8673902968e-06
1923 8.3007443847e-02 7.4727760752e-06
1924 8.2974644892e-02 7.8576331062e-06
1925 8.2949575255e-02 9.4162827821e-06
1926 8.2920424287e-02 8.4519343250e-06
1927 8.2890687229e-02 7.4038314748e-06
1928 8.2857300527e-02 7.1682539907e-06
1929 8.2824450094e-02 8.6619058577e-06
1930 8.2793456813e-02 7.8716751284e-06
1931 8.2754366356e-02 7.5494857140e-06
1932 8.2719781392e-02 1.3642652031e-05
1933 8.2694842367e-02 1.8777706120e-05
1934 8.2668057394e-02 9.6687285967e-06
1935 8.2636834475e-02 7.4349002569e-06
1936 8.2610755818e-02 7.6074747016e-06
1937 8.2584261378e-02 6.8291829456e-06
1938 8.2560181739e-02 1.3705529576e-05
1939 8.2542217901e-02 1.3139017406e-05
1940 8.2520862530e-02 1.1089893862e-05
1941 8.2498696326e-02 8.9598450118e-06
1942 8.2476649609e-02 7.3409556374e-06
1943 8.2454178358e-02 7.9748998954e-06
1944 8.2430266581e-02 7.9029450087e-06
1945 8.2401069579e-02 7.5363020813e-06
1946 8.2374192023e-02 1.0539661390e-05
1947 8.2347993432e-02 8.3734712347e-06
1948 8.2322009890e-02 8.9377902121e-06
1949 8.2298638605e-02 9.5965931229e-06
1950 8.2273384142e-02 8.5803683562e-06
1951 8.2242822342e-02 1.1650112518e-05
1952 8.2222111300e-02 1.6044094720e-05
1953 8.2194580004e-02 9.7574424078e-06
1954 8.2169063216e-02 1.2801488917e-05
1955 8.2143429147e-02 7.4189335036e-06
1956 8.2114194177e-02 7.8931158707e-06
1957 8.2092360408e-02 9.6414009681e-06
1958 8.2067942476e-02 6.8318038940e-06
1959 8.2040779184e-02 8.2688890091e-06
1960 8.2021255155e-02 8.1881659961e-06
1961 8.1997067808e-02 8.0304798121e-06
1962 8.1973875985e-02 8.4656809359e-06
1963 8.1949763622e-02 7.3284230978e-06
1964 8.1928875541e-02 8.3453664713e-06
1965 8.1908475080e-02 7.1178111528e-06
1966 8.1887311599e-02 5.9256805596e-06
1967 8.1869191491e-02 6.0959465722e-06
1968 8.1854143198e-02 5.7841729246e-06
1969 8.1838056893e-02 6.1034285934e-06
1970 8.1822076927e-02 7.0853431895e-06
1971 8.1804872821e-02 7.9745273712e-06
1972 8.1788952026e-02 1.3382647980e-05
1973 8.1774940296e-02 1.4201176018e-05
1974 8.1758164646e-02 9.2748397573e-06
1975 8.1740391170e-02 8.2493639633e-06
1976 8.1722042641e-02 6.9617914822e-06
1977 8.1701376517e-02 9.1692690557e-06
1978 8.1686437773e-02 7.5039674682e-06
1979 8.1667080619e-02 8.4316593000e-06
1980 8.1650670772e-02 1.0978910681e-05
1981 8.1631057189e-02 7.1295448368e-06
1982 8.1610385614e-02 7.5668323693e-06
1983 8.1591401810e-02 8.9274072993e-06
1984 8.1570194380e-02 8.7756087299e-06
1985 8.1542278178e-02 7.7335163298e-06
1986 8.1512499560e-02 1.0284576692e-05
1987 8.1482336387e-02 8.5730158660e-06
1988 8.1447892782e-02 8.6786953424e-06
1989 8.1414475487e-02 9.1714927943e-06
1990 8.1382907170e-02 1.0032458534e-05
1991 8.1346133502e-02 7.8009905305e-06
1992 8.1304269195e-02 1.0035507959e-05
1993 8.1268873592e-02 1.1410134702e-05
1994 8.1223084680e-02 1.0739009381e-05
1995 8.1174267156e-02 1.8161797054e-05
1996 8.1133766195e-02 2.2846761277e-05
1997 8.1088018647e-02 1.8648234520e-05
1998 8.1041390954e-02 1.4268922614e-05
1999 8.0987008891e-02 1.2199305308e-05
