iter rel_error rel_residual
0 1.0573372507e+00 4.1156641536e-01
1 1.1523941006e+00 2.2041314169e-01
2 9.9882881670e-01 1.7442708975e-01
3 9.4754775681e-01 1.5348181334e-01
4 9.3870479484e-01 1.1522119348e-01
5 9.1005819013e-01 8.6690418122e-02
6 8.8540977540e-01 6.5544195546e-02
7 8.7279468836e-01 4.2970559276e-02
8 8.6201247029e-01 2.6563896360e-02
9 8.5559163320e-01 1.7517157505e-02
10 8.4910035374e-01 1.4839693782e-02
11 8.4076192977e-01 1.1473370742e-02
12 8.3294946994e-01 1.1923332641e-02
13 8.2348660809e-01 1.0802009265e-02
14 8.0903863132e-01 1.1736729077e-02
15 7.9685171692e-01 1.1375419829e-02
16 7.8610309610e-01 1.1010534059e-02
17 7.7462286133e-01 1.0253722604e-02
18 7.6729320898e-01 8.6639195081e-03
19 7.6142861030e-01 7.6916332134e-03
20 7.5408826405e-01 6.4853402535e-03
21 7.4841004880e-01 5.7866828061e-03
22 7.4326019818e-01 6.1757254695e-03
23 7.3754123636e-01 6.1312253792e-03
24 7.3217766658e-01 6.4189491013e-03
25 7.2738857845e-01 5.1989281470e-03
26 7.2215372466e-01 5.3025914663e-03
27 7.1717074304e-01 5.5988496393e-03
28 7.1288537621e-01 4.6196914712e-03
29 7.0887678621e-01 4.7615235191e-03
30 7.0576071810e-01 4.2859816003e-03
31 7.0333459361e-01 3.5801080469e-03
32 7.0102250103e-01 3.2153599473e-03
33 6.9914784349e-01 3.1877136607e-03
34 6.9740362320e-01 2.9664986390e-03
35 6.9552881221e-01 2.6274993289e-03
36 6.9375340364e-01 2.8361177816e-03
37 6.9217217921e-01 2.7963153669e-03
38 6.9058336940e-01 2.5190206085e-03
39 6.8933023012e-01 2.3410373454e-03
40 6.8820408109e-01 1.9938738278e-03
41 6.8722233875e-01 1.7663746372e-03
42 6.8636514800e-01 1.8237248611e-03
43 6.8551341102e-01 1.8961982218e-03
44 6.8455235779e-01 1.8893672508e-03
45 6.8354108596e-01 1.8266654322e-03
46 6.8259830743e-01 1.8390436672e-03
47 6.8177344020e-01 1.7893233758e-03
48 6.8110626908e-01 1.6452376228e-03
49 6.8060966247e-01 1.4441938123e-03
50 6.8011949767e-01 1.3759972392e-03
51 6.7963660395e-01 1.3366125745e-03
52 6.7913342787e-01 1.1430927111e-03
53 6.7852663561e-01 1.2559581212e-03
54 6.7791116080e-01 1.1182338301e-03
55 6.7731953929e-01 1.1793261539e-03
56 6.7674214673e-01 1.0244863958e-03
57 6.7619937862e-01 1.0305916399e-03
58 6.7571290004e-01 1.0603893630e-03
59 6.7521641224e-01 9.2211267776e-04
60 6.7465875699e-01 1.0364976226e-03
61 6.7396781057e-01 1.0414890113e-03
62 6.7320393494e-01 1.0236257433e-03
63 6.7241127026e-01 1.1321551486e-03
64 6.7164809695e-01 1.0302469950e-03
65 6.7098084349e-01 9.4409069702e-04
66 6.7037417128e-01 8.8929148322e-04
67 6.6986227543e-01 7.6580570084e-04
68 6.6939713104e-01 8.0244153423e-04
69 6.6888334284e-01 7.6778187208e-04
70 6.6834951822e-01 7.7663174346e-04
71 6.6779864956e-01 7.2838148488e-04
72 6.6720146041e-01 7.6357108337e-04
73 6.6664481570e-01 8.0077970956e-04
74 6.6609440194e-01 7.9891666289e-04
75 6.6560099812e-01 8.1587385398e-04
76 6.6515267724e-01 7.7146168000e-04
77 6.6469708508e-01 7.6518008992e-04
78 6.6421354221e-01 7.3186171488e-04
79 6.6370015892e-01 6.9304083508e-04
80 6.6323104185e-01 6.6779571987e-04
81 6.6279353067e-01 6.6426649154e-04
82 6.6237478378e-01 6.4382149040e-04
83 6.6200739808e-01 6.5939635974e-04
84 6.6166813084e-01 6.6452441626e-04
85 6.6135211699e-01 5.8532365115e-04
86 6.6103972698e-01 5.8181870858e-04
87 6.6070322330e-01 5.4088470216e-04
88 6.6035396833e-01 5.3318661345e-04
89 6.5998980357e-01 5.3866171894e-04
90 6.5963188051e-01 4.8305755741e-04
91 6.5929621857e-01 5.0964911419e-04
92 6.5897990645e-01 5.0302804033e-04
93 6.5867625065e-01 5.4173031271e-04
94 6.5834519732e-01 5.3962770069e-04
95 6.5797621874e-01 5.5944666955e-04
96 6.5758946387e-01 5.7434929925e-04
97 6.5715660027e-01 5.2768348043e-04
98 6.5674376976e-01 5.4784622758e-04
99 6.5633528023e-01 5.3439958037e-04
100 6.5592907493e-01 5.3718968919e-04
101 6.5553018936e-01 5.4201669575e-04
102 6.5511586419e-01 5.3015891045e-04
103 6.5469806379e-01 5.1153883501e-04
104 6.5428323075e-01 4.8984812016e-04
105 6.5384401131e-01 4.5731970909e-04
106 6.5340118114e-01 4.2965662086e-04
107 6.5296190835e-01 4.6343683387e-04
108 6.5249460801e-01 4.6508064488e-04
109 6.5200598623e-01 5.0266500064e-04
110 6.5150894423e-01 4.8112654462e-04
111 6.5097918999e-01 4.8631668349e-04
112 6.5042539882e-01 5.1319371100e-04
113 6.4985301061e-01 5.1488736601e-04
114 6.4930633766e-01 5.4245333357e-04
115 6.4872341892e-01 6.1510919404e-04
116 6.4816839683e-01 6.3998702057e-04
117 6.4758453049e-01 5.9586833628e-04
118 6.4700377710e-01 5.5119934486e-04
119 6.4638223180e-01 5.2390065499e-04
120 6.4575587712e-01 5.3892069088e-04
121 6.4512258751e-01 4.9036046126e-04
122 6.4448290559e-01 4.8968596550e-04
123 6.4384036725e-01 4.6991862384e-04
124 6.4318241085e-01 4.8370534273e-04
125 6.4256054990e-01 5.2556234733e-04
126 6.4196365249e-01 5.4416706992e-04
127 6.4136880897e-01 6.2314880021e-04
128 6.4074359945e-01 5.8702474235e-04
129 6.4011597468e-01 5.6843058952e-04
130 6.3941790997e-01 5.0600766612e-04
131 6.3871114767e-01 5.1275645412e-04
132 6.3800679423e-01 4.9004487040e-04
133 6.3731254084e-01 4.5669657505e-04
134 6.3665250746e-01 4.7766759743e-04
135 6.3601378089e-01 4.6999888480e-04
136 6.3541317002e-01 4.5515378348e-04
137 6.3479139094e-01 4.6186383114e-04
138 6.3411552720e-01 4.4653591851e-04
139 6.3338431289e-01 4.2893227595e-04
140 6.3260088945e-01 4.3992192329e-04
141 6.3183825275e-01 4.2925820012e-04
142 6.3107685430e-01 4.5066697329e-04
143 6.3031554697e-01 4.3197051827e-04
144 6.2957976592e-01 4.1837251806e-04
145 6.2885098820e-01 4.4581056413e-04
146 6.2810138916e-01 4.3679790356e-04
147 6.2734874416e-01 4.4468251692e-04
148 6.2657323986e-01 4.5097065549e-04
149 6.2579887065e-01 4.5360851427e-04
150 6.2506460903e-01 4.5126825748e-04
151 6.2437237106e-01 4.2420362862e-04
152 6.2371000851e-01 4.1523885114e-04
153 6.2301433053e-01 4.0703103931e-04
154 6.2231570571e-01 4.2377635693e-04
155 6.2161265340e-01 4.4167589257e-04
156 6.2088273815e-01 5.1974354356e-04
157 6.2013564353e-01 5.2384460489e-04
158 6.1942126724e-01 5.1605075372e-04
159 6.1868129364e-01 4.9088527638e-04
160 6.1795924351e-01 4.7215543309e-04
161 6.1725439408e-01 4.1995343828e-04
162 6.1656139275e-01 4.1552904885e-04
163 6.1583940872e-01 4.1438029767e-04
164 6.1517140610e-01 4.2691480929e-04
165 6.1446281534e-01 4.0020599098e-04
166 6.1373218247e-01 4.0746964854e-04
167 6.1305140952e-01 4.0601972177e-04
168 6.1240575464e-01 4.1942486687e-04
169 6.1176234047e-01 4.0561782549e-04
170 6.1112149692e-01 4.0441511998e-04
171 6.1046556666e-01 4.1455179771e-04
172 6.0980779353e-01 4.4807384078e-04
173 6.0915396054e-01 4.9109466697e-04
174 6.0854340401e-01 4.9667607064e-04
175 6.0789953821e-01 4.3588018073e-04
176 6.0729069083e-01 3.9752224513e-04
177 6.0667953454e-01 3.8149624720e-04
178 6.0607318179e-01 3.5226180911e-04
179 6.0544726308e-01 3.6819438953e-04
180 6.0483058858e-01 3.6760205176e-04
181 6.0422747703e-01 3.5881371510e-04
182 6.0365002320e-01 3.6286737568e-04
183 6.0307793208e-01 3.2278639208e-04
184 6.0253765547e-01 3.3580407877e-04
185 6.0200131316e-01 3.1382266055e-04
186 6.0150953527e-01 3.1672351666e-04
187 6.0105462104e-01 3.1094511414e-04
188 6.0060283000e-01 2.9859831791e-04
189 6.0014728056e-01 3.0875147920e-04
190 5.9964845451e-01 2.9849651254e-04
191 5.9914895623e-01 3.0622714901e-04
192 5.9867734345e-01 2.9631470135e-04
193 5.9819345211e-01 3.0553296315e-04
194 5.9771172017e-01 3.0045877837e-04
195 5.9722689361e-01 3.0866489796e-04
196 5.9672669172e-01 3.1239079812e-04
197 5.9622434466e-01 3.0865630301e-04
198 5.9575568610e-01 3.0684815077e-04
199 5.9530422494e-01 2.7836342526e-04
200 5.9487436139e-01 2.7660561138e-04
201 5.9446815380e-01 2.8680895997e-04
202 5.9405487794e-01 2.7655406419e-04
203 5.9362809642e-01 2.7258385986e-04
204 5.9319480390e-01 2.8247138442e-04
205 5.9275023013e-01 2.7928910627e-04
206 5.9228454460e-01 2.8392267887e-04
207 5.9183179178e-01 2.8505690625e-04
208 5.9138730890e-01 2.7927539501e-04
209 5.9096821699e-01 2.6540129029e-04
210 5.9055802678e-01 2.7601984326e-04
211 5.9013529754e-01 2.8606144678e-04
212 5.8970061028e-01 2.8166858121e-04
213 5.8922799642e-01 2.8694375147e-04
214 5.8873201418e-01 3.0128643090e-04
215 5.8822097254e-01 2.9281801674e-04
216 5.8776146312e-01 3.0367851002e-04
217 5.8729094211e-01 3.3465347522e-04
218 5.8685393258e-01 3.6720712920e-04
219 5.8642219420e-01 3.8725475956e-04
220 5.8596621465e-01 3.3481351984e-04
221 5.8549257685e-01 2.8516219062e-04
222 5.8500324257e-01 2.7166296118e-04
223 5.8450690088e-01 2.8017993956e-04
224 5.8402829874e-01 2.6903266698e-04
225 5.8355062025e-01 2.8594312024e-04
226 5.8305514446e-01 2.9969625345e-04
227 5.8256439214e-01 3.2463993073e-04
228 5.8209200524e-01 3.6304166539e-04
229 5.8164094562e-01 3.9429261132e-04
230 5.8118111005e-01 3.2486218323e-04
231 5.8070742107e-01 2.8367796554e-04
232 5.8024879930e-01 2.7419840447e-04
233 5.7978555060e-01 2.5235394764e-04
234 5.7936419916e-01 2.6381878099e-04
235 5.7894031686e-01 2.5853513535e-04
236 5.7851805207e-01 2.4034417010e-04
237 5.7809990813e-01 2.4445826796e-04
238 5.7767139515e-01 2.3872940373e-04
239 5.7725332755e-01 2.5125854296e-04
240 5.7684746835e-01 2.4729725078e-04
241 5.7643881015e-01 2.5195919625e-04
242 5.7601630154e-01 2.5169861735e-04
243 5.7559432586e-01 2.7469697404e-04
244 5.7516839159e-01 2.5705305795e-04
245 5.7472544829e-01 2.4950699215e-04
246 5.7429806987e-01 2.5626178414e-04
247 5.7389461320e-01 2.5468450367e-04
248 5.7351131119e-01 2.4370855687e-04
249 5.7316582592e-01 2.4691187106e-04
250 5.7281050370e-01 2.3595297073e-04
251 5.7246613318e-01 2.3589268062e-04
252 5.7210643102e-01 2.3439367209e-04
253 5.7173530040e-01 2.5372847320e-04
254 5.7137677733e-01 2.8184495676e-04
255 5.7103157537e-01 2.8902835135e-04
256 5.7067852759e-01 2.4233091802e-04
257 5.7032904400e-01 2.1650363159e-04
258 5.6998100409e-01 2.1728932101e-04
259 5.6965359669e-01 2.1560645941e-04
260 5.6933153618e-01 2.2508960568e-04
261 5.6901637668e-01 2.1498174406e-04
262 5.6868101329e-01 2.1524716348e-04
263 5.6835286428e-01 2.2194532859e-04
264 5.6803362046e-01 2.2655158073e-04
265 5.6770601575e-01 2.2645744942e-04
266 5.6738885014e-01 2.1467499022e-04
267 5.6706626202e-01 2.0243781938e-04
268 5.6673946935e-01 1.9363508540e-04
269 5.6641088892e-01 1.9429720431e-04
270 5.6609144090e-01 1.8000915170e-04
271 5.6575864435e-01 1.8381635853e-04
272 5.6543033240e-01 1.9516040618e-04
273 5.6510343512e-01 1.9373616777e-04
274 5.6476833987e-01 2.0821576225e-04
275 5.6444535997e-01 2.3430693809e-04
276 5.6413357879e-01 2.4541659762e-04
277 5.6380925422e-01 2.3131287375e-04
278 5.6347112527e-01 1.9541032095e-04
279 5.6311258852e-01 1.9163000039e-04
280 5.6279497602e-01 1.9380094528e-04
281 5.6247553578e-01 1.9474273137e-04
282 5.6216501554e-01 1.8465779193e-04
283 5.6184998101e-01 1.8271820120e-04
284 5.6151279117e-01 1.7921189334e-04
285 5.6117291720e-01 1.8122428952e-04
286 5.6081544449e-01 1.8182200904e-04
287 5.6044278824e-01 1.8686444523e-04
288 5.6008932409e-01 1.8072617226e-04
289 5.5973785197e-01 1.7809032584e-04
290 5.5939675198e-01 1.8000068337e-04
291 5.5903968414e-01 1.7121301290e-04
292 5.5867029733e-01 1.7884165663e-04
293 5.5828551693e-01 1.7603811373e-04
294 5.5791040518e-01 1.7761962392e-04
295 5.5753151882e-01 1.9036948352e-04
296 5.5716350762e-01 1.9579315200e-04
297 5.5679540536e-01 2.0591491636e-04
298 5.5643550212e-01 2.0437230391e-04
299 5.5609452278e-01 1.8043151447e-04
300 5.5576264592e-01 1.6790990037e-04
301 5.5541653525e-01 1.6281241108e-04
302 5.5509352455e-01 1.8287158340e-04
303 5.5477264129e-01 2.0018835495e-04
304 5.5446608918e-01 1.9462307333e-04
305 5.5416193564e-01 1.8892153757e-04
306 5.5383940854e-01 1.8327413988e-04
307 5.5352320450e-01 1.8082043326e-04
308 5.5319115120e-01 1.6524271070e-04
309 5.5285642643e-01 1.6113219897e-04
310 5.5252268969e-01 1.5781784852e-04
311 5.5219605493e-01 1.5565148957e-04
312 5.5188975603e-01 1.5480430178e-04
313 5.5159168939e-01 1.5069716556e-04
314 5.5130966091e-01 1.4782663980e-04
315 5.5102752139e-01 1.3999616599e-04
316 5.5075059994e-01 1.4622302400e-04
317 5.5046948676e-01 1.3710040529e-04
318 5.5017885859e-01 1.3413508242e-04
319 5.4988735571e-01 1.3972930522e-04
320 5.4960344325e-01 1.3851553706e-04
321 5.4930699539e-01 1.4919200320e-04
322 5.4899806954e-01 1.5805879319e-04
323 5.4867862932e-01 1.5915449130e-04
324 5.4834203400e-01 1.6234311529e-04
325 5.4799640018e-01 1.7533243577e-04
326 5.4765827182e-01 1.9927168205e-04
327 5.4734308062e-01 2.0732874252e-04
328 5.4701199574e-01 1.8361009745e-04
329 5.4668401184e-01 1.6140446972e-04
330 5.4634143540e-01 1.5923911799e-04
331 5.4599084446e-01 1.6103144277e-04
332 5.4562871633e-01 1.5938683131e-04
333 5.4524708615e-01 1.6659672555e-04
334 5.4485770599e-01 1.6490044050e-04
335 5.4448867363e-01 1.9371495593e-04
336 5.4411765440e-01 2.0606654914e-04
337 5.4376415266e-01 1.9970551133e-04
338 5.4339272612e-01 1.7601433048e-04
339 5.4300842469e-01 1.7235548756e-04
340 5.4261120261e-01 1.7171725886e-04
341 5.4221502969e-01 1.7473999870e-04
342 5.4179455164e-01 1.8472712682e-04
343 5.4135002834e-01 1.8164929240e-04
344 5.4089617898e-01 1.7584464414e-04
345 5.4045929601e-01 1.7102553736e-04
346 5.4003907127e-01 1.7191020334e-04
347 5.3960897195e-01 1.6168309289e-04
348 5.3918508042e-01 1.6166141130e-04
349 5.3876907549e-01 1.6232944932e-04
350 5.3835234703e-01 1.5583942943e-04
351 5.3794114520e-01 1.6700437806e-04
352 5.3753051209e-01 1.6010847931e-04
353 5.3712048228e-01 1.5033405358e-04
354 5.3672029302e-01 1.4831036681e-04
355 5.3631999266e-01 1.5209772722e-04
356 5.3590620106e-01 1.5718100576e-04
357 5.3548016042e-01 1.5599102961e-04
358 5.3501915520e-01 1.5772331764e-04
359 5.3455336269e-01 1.5776511535e-04
360 5.3407511712e-01 1.5413935165e-04
361 5.3356044669e-01 1.5056327523e-04
362 5.3306854362e-01 1.6502947971e-04
363 5.3258762061e-01 1.7205959820e-04
364 5.3211196363e-01 1.8072698920e-04
365 5.3162731909e-01 1.7756394075e-04
366 5.3115228502e-01 1.9233280114e-04
367 5.3064931224e-01 1.8998146137e-04
368 5.3014347483e-01 1.9064190974e-04
369 5.2964199665e-01 1.7087533879e-04
370 5.2910386232e-01 1.5915919454e-04
371 5.2856484683e-01 1.5415863480e-04
372 5.2802045945e-01 1.6183241080e-04
373 5.2749736476e-01 1.5867025886e-04
374 5.2699612530e-01 1.5759111760e-04
375 5.2646754488e-01 1.6140568912e-04
376 5.2590646165e-01 1.6324455129e-04
377 5.2532047574e-01 1.7660938623e-04
378 5.2472126023e-01 1.7678709830e-04
379 5.2409064141e-01 1.7802283461e-04
380 5.2345793689e-01 1.9326133551e-04
381 5.2281462298e-01 1.7842254223e-04
382 5.2217738260e-01 1.7602352905e-04
383 5.2153902145e-01 1.6914024612e-04
384 5.2090935573e-01 1.6968934463e-04
385 5.2027188515e-01 1.6989850407e-04
386 5.1961348005e-01 1.7483707148e-04
387 5.1893083495e-01 1.8100118206e-04
388 5.1823177327e-01 2.0236320332e-04
389 5.1755145708e-01 2.1443341495e-04
390 5.1686833823e-01 2.1434504225e-04
391 5.1619933142e-01 1.9791421646e-04
392 5.1553878666e-01 1.8835937214e-04
393 5.1486946917e-01 1.8220832024e-04
394 5.1422256985e-01 1.8066252576e-04
395 5.1356779294e-01 1.8789896474e-04
396 5.1291631115e-01 2.0466089820e-04
397 5.1226405961e-01 2.1207826683e-04
398 5.1161974252e-01 2.0112631150e-04
399 5.1096155920e-01 1.9186519971e-04
400 5.1030690184e-01 1.8012088864e-04
401 5.0965449957e-01 1.8188496644e-04
402 5.0898762853e-01 1.7149680200e-04
403 5.0832405269e-01 1.7224494219e-04
404 5.0764849710e-01 1.6696800789e-04
405 5.0697606711e-01 1.6015854998e-04
406 5.0630883147e-01 1.5723438659e-04
407 5.0561697770e-01 1.5936423808e-04
408 5.0498325680e-01 1.6019398514e-04
409 5.0436267399e-01 1.6096254490e-04
410 5.0375130946e-01 1.6479691992e-04
411 5.0314759751e-01 1.7209944076e-04
412 5.0255795398e-01 1.8158972230e-04
413 5.0199688552e-01 1.7143586540e-04
414 5.0145306795e-01 1.5523984525e-04
415 5.0090670565e-01 1.6720577103e-04
416 5.0037392056e-01 1.6454104419e-04
417 4.9983818220e-01 1.6422101873e-04
418 4.9932000795e-01 1.5667627013e-04
419 4.9880869302e-01 1.4778466989e-04
420 4.9830863680e-01 1.4448046654e-04
421 4.9779665892e-01 1.4875759344e-04
422 4.9728439962e-01 1.5005937422e-04
423 4.9676240821e-01 1.4417837921e-04
424 4.9622765068e-01 1.4926458838e-04
425 4.9570389328e-01 1.5028641033e-04
426 4.9519608916e-01 1.4764665411e-04
427 4.9471961561e-01 1.5297603484e-04
428 4.9426001394e-01 1.5491610358e-04
429 4.9382745462e-01 1.6233415243e-04
430 4.9340664391e-01 1.6400849214e-04
431 4.9299725508e-01 1.7004469056e-04
432 4.9260820695e-01 1.7470701114e-04
433 4.9224732784e-01 1.7995018315e-04
434 4.9188620128e-01 1.6236158194e-04
435 4.9153602620e-01 1.4672996480e-04
436 4.9118091469e-01 1.4055815809e-04
437 4.9080762291e-01 1.2848018176e-04
438 4.9042006328e-01 1.2582963683e-04
439 4.9004773668e-01 1.2671648555e-04
440 4.8969136570e-01 1.3092671773e-04
441 4.8934686529e-01 1.3930011416e-04
442 4.8901666773e-01 1.5969110744e-04
443 4.8870836349e-01 1.8499354347e-04
444 4.8840316279e-01 1.5293221589e-04
445 4.8809483620e-01 1.2906135391e-04
446 4.8777049510e-01 1.2494805812e-04
447 4.8744413784e-01 1.2112032280e-04
448 4.8712238537e-01 1.1867628668e-04
449 4.8679645091e-01 1.2237871800e-04
450 4.8647330305e-01 1.1843981354e-04
451 4.8616417229e-01 1.1481777440e-04
452 4.8585104934e-01 1.1435041159e-04
453 4.8554064780e-01 1.2255036730e-04
454 4.8521906985e-01 1.3696970926e-04
455 4.8490592524e-01 1.2938981898e-04
456 4.8458571964e-01 1.2947857492e-04
457 4.8428338796e-01 1.2493180770e-04
458 4.8397954332e-01 1.1615323952e-04
459 4.8367395371e-01 1.1030165471e-04
460 4.8337622800e-01 1.1382513425e-04
461 4.8309692524e-01 1.1944482533e-04
462 4.8283800513e-01 1.1721327403e-04
463 4.8257843009e-01 1.1560495881e-04
464 4.8230383214e-01 1.1236124235e-04
465 4.8202341212e-01 1.1702241301e-04
466 4.8173813942e-01 1.3373552181e-04
467 4.8144763889e-01 1.4088481159e-04
468 4.8115733598e-01 1.3854927094e-04
469 4.8087556779e-01 1.3617556237e-04
470 4.8059227456e-01 1.3092687054e-04
471 4.8031510967e-01 1.3707077219e-04
472 4.8005357597e-01 1.4337516774e-04
473 4.7978813263e-01 1.4707619304e-04
474 4.7952123268e-01 1.3495867138e-04
475 4.7925068860e-01 1.2329313395e-04
476 4.7898466303e-01 1.1625832423e-04
477 4.7871995957e-01 1.0800923103e-04
478 4.7845837703e-01 1.0572533013e-04
479 4.7820740945e-01 1.0479072181e-04
480 4.7795408116e-01 1.0851925209e-04
481 4.7771111974e-01 1.0167293485e-04
482 4.7747730909e-01 1.0575223864e-04
483 4.7725026998e-01 1.0354864186e-04
484 4.7700752718e-01 9.9216317873e-05
485 4.7675257096e-01 1.0575461306e-04
486 4.7650205740e-01 1.0079234760e-04
487 4.7625215174e-01 9.9641508207e-05
488 4.7599783969e-01 9.8100737782e-05
489 4.7573792443e-01 1.0371586623e-04
490 4.7547897359e-01 1.0502527609e-04
491 4.7522270464e-01 1.0461598424e-04
492 4.7496996520e-01 1.0199531790e-04
493 4.7472372867e-01 1.0200112847e-04
494 4.7448601364e-01 1.1049259951e-04
495 4.7425441284e-01 1.2354994808e-04
496 4.7404400460e-01 1.3800754280e-04
497 4.7383779423e-01 1.2611203327e-04
498 4.7362759653e-01 1.1179794553e-04
499 4.7341455995e-01 9.8441321510e-05
500 4.7320048786e-01 9.5610100546e-05
501 4.7297848960e-01 9.8486121107e-05
502 4.7276593975e-01 9.9277393136e-05
503 4.7256427298e-01 9.5457463744e-05
504 4.7235965582e-01 9.4965514383e-05
505 4.7214205072e-01 9.6718414553e-05
506 4.7192534521e-01 9.6677013000e-05
507 4.7170971848e-01 9.4732035425e-05
508 4.7149583763e-01 8.7580698733e-05
509 4.7128688324e-01 9.0378338390e-05
510 4.7109088634e-01 8.6371129803e-05
511 4.7089836416e-01 8.2575523824e-05
512 4.7071014506e-01 8.6310281074e-05
513 4.7051234382e-01 8.4356227021e-05
514 4.7031941777e-01 8.7966882041e-05
515 4.7012514878e-01 8.7105622715e-05
516 4.6993509693e-01 8.5141917105e-05
517 4.6973868211e-01 8.9069855180e-05
518 4.6953711207e-01 8.9520517013e-05
519 4.6933493090e-01 8.9451310936e-05
520 4.6913744837e-01 8.3051497723e-05
521 4.6893340929e-01 8.5033804047e-05
522 4.6872622337e-01 8.9694831057e-05
523 4.6851481948e-01 8.7140077027e-05
524 4.6830801429e-01 9.0000791783e-05
525 4.6810854950e-01 9.1456170106e-05
526 4.6791187626e-01 9.8301684476e-05
527 4.6773079908e-01 9.4385971679e-05
528 4.6755120041e-01 8.7475759235e-05
529 4.6736493043e-01 8.8006854935e-05
530 4.6717434451e-01 9.7266079793e-05
531 4.6698405523e-01 1.0232139020e-04
532 4.6678638464e-01 1.0888289852e-04
533 4.6659025231e-01 1.1268578230e-04
534 4.6639337459e-01 1.0722867649e-04
535 4.6619313699e-01 1.0662520010e-04
536 4.6599514828e-01 1.1361981933e-04
537 4.6579430860e-01 1.1706963410e-04
538 4.6560245580e-01 1.2678935699e-04
539 4.6540963867e-01 1.1082888756e-04
540 4.6521128591e-01 9.8521804902e-05
541 4.6501593580e-01 9.8998581941e-05
542 4.6482550930e-01 9.8671366691e-05
543 4.6463729076e-01 9.6726069114e-05
544 4.6443979909e-01 9.7809198015e-05
545 4.6423523383e-01 9.8758489156e-05
546 4.6402460097e-01 9.9549597001e-05
547 4.6380600600e-01 1.0375995962e-04
548 4.6359596618e-01 1.2029781808e-04
549 4.6339461749e-01 1.2595671165e-04
550 4.6318987431e-01 1.1339679697e-04
551 4.6298152707e-01 9.9186750702e-05
552 4.6277590058e-01 9.4281553203e-05
553 4.6256082461e-01 8.9375612562e-05
554 4.6233983486e-01 8.7578429878e-05
555 4.6211826796e-01 9.2893274314e-05
556 4.6190092485e-01 9.4510872302e-05
557 4.6168561900e-01 8.2738277810e-05
558 4.6147471764e-01 8.3958529296e-05
559 4.6127713391e-01 8.4913155832e-05
560 4.6107237764e-01 8.3009912323e-05
561 4.6086144923e-01 8.5550079348e-05
562 4.6064289516e-01 8.7955855370e-05
563 4.6042293051e-01 8.9559882530e-05
564 4.6020080255e-01 8.4409897311e-05
565 4.5997454789e-01 8.6184972413e-05
566 4.5975034816e-01 8.7898856499e-05
567 4.5952734195e-01 8.7459533930e-05
568 4.5930713827e-01 8.8146093244e-05
569 4.5909296095e-01 9.2376166325e-05
570 4.5888806629e-01 8.8790684903e-05
571 4.5866362947e-01 8.6088460823e-05
572 4.5842506551e-01 9.0429931997e-05
573 4.5819552490e-01 1.0292896941e-04
574 4.5796295287e-01 1.1177973495e-04
575 4.5774059411e-01 1.3180850292e-04
576 4.5752795804e-01 1.2627807729e-04
577 4.5730039091e-01 1.0571749616e-04
578 4.5706689209e-01 9.1391239782e-05
579 4.5683547266e-01 8.9242088998e-05
580 4.5661089493e-01 9.0555422476e-05
581 4.5638075969e-01 8.7794365129e-05
582 4.5615072416e-01 8.6815820899e-05
583 4.5591613856e-01 9.1186087332e-05
584 4.5567062783e-01 8.8548307941e-05
585 4.5542690151e-01 8.6734069609e-05
586 4.5518639577e-01 8.8045087108e-05
587 4.5495125474e-01 8.6656228798e-05
588 4.5472666971e-01 8.8956036892e-05
589 4.5450673499e-01 9.7571050805e-05
590 4.5426809699e-01 1.0095073570e-04
591 4.5401024453e-01 1.0326534004e-04
592 4.5375318724e-01 1.0354646590e-04
593 4.5348670029e-01 1.0079387010e-04
594 4.5322650205e-01 1.0624869815e-04
595 4.5297621624e-01 1.0842305279e-04
596 4.5272428237e-01 1.0045585818e-04
597 4.5247053658e-01 9.7647558087e-05
598 4.5221343067e-01 9.2912591743e-05
599 4.5196454838e-01 9.5166737504e-05
600 4.5171671384e-01 9.5876617806e-05
601 4.5148149702e-01 1.0009530278e-04
602 4.5124389612e-01 9.9544044977e-05
603 4.5101301125e-01 9.8337929508e-05
604 4.5077706598e-01 9.6834246020e-05
605 4.5054252936e-01 9.7080837726e-05
606 4.5031644764e-01 9.8396113341e-05
607 4.5009732335e-01 1.0080845377e-04
608 4.4989696737e-01 1.0853075351e-04
609 4.4970963992e-01 9.7855965468e-05
610 4.4951907183e-01 8.2698826937e-05
611 4.4933004261e-01 8.0511602412e-05
612 4.4915282535e-01 9.4241475458e-05
613 4.4897961608e-01 1.0311505225e-04
614 4.4881163289e-01 1.0049484847e-04
615 4.4864405853e-01 9.2821050905e-05
616 4.4847070950e-01 7.9503189610e-05
617 4.4829893874e-01 7.7533152039e-05
618 4.4812862395e-01 8.0874455963e-05
619 4.4796032306e-01 8.6398089384e-05
620 4.4780290185e-01 9.4040946233e-05
621 4.4765057075e-01 9.9290911311e-05
622 4.4750837077e-01 9.5807556631e-05
623 4.4736578127e-01 8.3552557557e-05
624 4.4722615404e-01 7.2987952397e-05
625 4.4708421149e-01 6.7512903875e-05
626 4.4694645968e-01 6.5971626756e-05
627 4.4681388828e-01 6.6504566838e-05
628 4.4668638112e-01 6.4027838461e-05
629 4.4655625936e-01 6.2815640845e-05
630 4.4642867512e-01 6.0352599534e-05
631 4.4630282725e-01 6.2966630567e-05
632 4.4618040132e-01 7.0171040318e-05
633 4.4606395626e-01 8.0244196450e-05
634 4.4595233444e-01 9.0369353162e-05
635 4.4584301423e-01 8.5504829854e-05
636 4.4572423893e-01 7.4695965926e-05
637 4.4560992846e-01 7.0606920200e-05
638 4.4549894519e-01 6.4028762527e-05
639 4.4539414131e-01 6.3234938871e-05
640 4.4529249116e-01 6.2296711902e-05
641 4.4519648254e-01 5.6465449627e-05
642 4.4510352997e-01 5.1467395873e-05
643 4.4501607890e-01 5.3734385517e-05
644 4.4492912471e-01 5.3666797046e-05
645 4.4483657513e-01 5.3605937545e-05
646 4.4474371806e-01 5.2180265654e-05
647 4.4465553984e-01 5.2502800305e-05
648 4.4456822779e-01 5.3413627218e-05
649 4.4448106613e-01 5.5469161820e-05
650 4.4439409706e-01 5.6224438734e-05
651 4.4430710775e-01 5.7137844596e-05
652 4.4422100920e-01 5.6281574775e-05
653 4.4413205550e-01 5.9103908804e-05
654 4.4404535713e-01 5.9605700700e-05
655 4.4396152343e-01 5.8965368800e-05
656 4.4387899268e-01 5.8980336547e-05
657 4.4379951805e-01 6.2697894435e-05
658 4.4372287488e-01 6.2285453184e-05
659 4.4364546576e-01 5.8000525389e-05
660 4.4356713919e-01 6.2391172787e-05
661 4.4348868029e-01 6.5283266512e-05
662 4.4340929371e-01 6.1138433349e-05
663 4.4332481980e-01 5.4701016095e-05
664 4.4323408111e-01 5.0407756796e-05
665 4.4314090090e-01 5.3487958873e-05
666 4.4304647976e-01 5.9310349058e-05
667 4.4295459078e-01 5.9865855756e-05
668 4.4286099994e-01 5.1918661929e-05
669 4.4276507863e-01 4.8884491723e-05
670 4.4266955462e-01 4.5914364188e-05
671 4.4257456620e-01 4.7303499223e-05
672 4.4247922356e-01 5.0784920997e-05
673 4.4238633366e-01 5.5992177482e-05
674 4.4229101501e-01 5.4314002842e-05
675 4.4219263498e-01 5.0704082888e-05
676 4.4209112335e-01 4.8081144392e-05
677 4.4199207594e-01 4.9486638286e-05
678 4.4189896373e-01 4.9789211740e-05
679 4.4180284764e-01 4.8837042142e-05
680 4.4170262492e-01 4.8354061336e-05
681 4.4159974241e-01 4.8757073258e-05
682 4.4149266114e-01 5.2772333200e-05
683 4.4138932825e-01 6.1426243352e-05
684 4.4128672695e-01 6.3280072749e-05
685 4.4118636550e-01 6.3270143756e-05
686 4.4108647970e-01 5.6397439078e-05
687 4.4097832307e-01 4.9712072754e-05
688 4.4086592657e-01 4.8210293510e-05
689 4.4075538399e-01 5.0003302501e-05
690 4.4064446345e-01 5.0163809488e-05
691 4.4053687818e-01 5.2735648108e-05
692 4.4042901469e-01 5.1215575076e-05
693 4.4031846835e-01 4.6349562334e-05
694 4.4019959167e-01 4.4764130437e-05
695 4.4008588440e-01 4.6712517401e-05
696 4.3998428509e-01 4.6329899427e-05
697 4.3988553106e-01 4.7388122344e-05
698 4.3977440762e-01 4.5092118330e-05
699 4.3965762155e-01 4.6911622139e-05
700 4.3954293011e-01 4.5014938627e-05
701 4.3942706604e-01 4.5406419339e-05
702 4.3931099207e-01 4.4848285869e-05
703 4.3919433910e-01 4.3764179262e-05
704 4.3907940169e-01 4.2896681175e-05
705 4.3896618462e-01 4.3529828419e-05
706 4.3885406158e-01 4.3779518288e-05
707 4.3873941999e-01 4.3703884664e-05
708 4.3862109542e-01 4.1729359662e-05
709 4.3850317432e-01 4.2683923142e-05
710 4.3838467834e-01 4.3050770894e-05
711 4.3826666002e-01 4.2313615537e-05
712 4.3814697002e-01 4.0909510781e-05
713 4.3803404623e-01 4.3369270855e-05
714 4.3792021496e-01 4.3815210657e-05
715 4.3781035148e-01 4.5486028571e-05
716 4.3770501799e-01 4.7182468486e-05
717 4.3759915460e-01 4.8963073381e-05
718 4.3749810534e-01 4.4854009592e-05
719 4.3739744527e-01 4.2361396039e-05
720 4.3730132137e-01 4.0898745011e-05
721 4.3720303970e-01 4.1226381424e-05
722 4.3710461627e-01 4.5276427979e-05
723 4.3700598451e-01 4.7623851302e-05
724 4.3690754612e-01 4.8746228827e-05
725 4.3681089472e-01 4.7331202686e-05
726 4.3672048032e-01 4.5271071261e-05
727 4.3663126726e-01 4.1961392381e-05
728 4.3654170911e-01 3.8028560997e-05
729 4.3645350985e-01 3.6463376890e-05
730 4.3636464941e-01 3.5680616728e-05
731 4.3627726434e-01 3.4228026973e-05
732 4.3619660179e-01 3.5072096630e-05
733 4.3611367907e-01 3.4628707871e-05
734 4.3603143091e-01 3.2212429621e-05
735 4.3594754412e-01 3.1328460163e-05
736 4.3586466907e-01 3.3032470756e-05
737 4.3578558082e-01 3.1955714693e-05
738 4.3570893612e-01 2.9529329622e-05
739 4.3563450159e-01 3.0626020780e-05
740 4.3555984772e-01 3.0597567553e-05
741 4.3548332256e-01 2.9373505486e-05
742 4.3540820650e-01 2.9120092728e-05
743 4.3533751352e-01 2.9535156845e-05
744 4.3527003191e-01 2.9404294244e-05
745 4.3520184068e-01 3.0643288343e-05
746 4.3513217762e-01 3.1414893475e-05
747 4.3506295556e-01 3.5975253748e-05
748 4.3499165364e-01 4.0532169919e-05
749 4.3492507267e-01 4.2323655641e-05
750 4.3485827878e-01 3.5669272908e-05
751 4.3478610250e-01 3.0794821317e-05
752 4.3471699610e-01 2.8199311812e-05
753 4.3465204891e-01 2.7204908038e-05
754 4.3458877302e-01 2.6738821862e-05
755 4.3452522684e-01 2.4140788709e-05
756 4.3446630729e-01 2.6408471384e-05
757 4.3441077196e-01 2.7149762313e-05
758 4.3435123453e-01 2.6108513108e-05
759 4.3428875967e-01 2.6359749554e-05
760 4.3422506168e-01 2.7624935895e-05
761 4.3415957859e-01 2.8782437500e-05
762 4.3409643875e-01 2.9753057499e-05
763 4.3403560166e-01 3.1453262109e-05
764 4.3397263167e-01 3.0349977161e-05
765 4.3391093012e-01 3.2193980100e-05
766 4.3385080363e-01 3.4716537873e-05
767 4.3379483459e-01 3.3468267775e-05
768 4.3373761560e-01 3.2393881291e-05
769 4.3368165028e-01 3.1844571626e-05
770 4.3362365127e-01 3.1932481908e-05
771 4.3356650454e-01 3.1848980914e-05
772 4.3350908200e-01 2.9251348610e-05
773 4.3345243855e-01 2.5786843222e-05
774 4.3339189636e-01 2.2917688147e-05
775 4.3333219485e-01 2.2380088456e-05
776 4.3327276723e-01 2.1327513417e-05
777 4.3321458441e-01 2.1719050989e-05
778 4.3315864828e-01 2.1543883977e-05
779 4.3310297497e-01 2.0843561797e-05
780 4.3304796876e-01 2.0971314009e-05
781 4.3299174653e-01 2.1963029194e-05
782 4.3293599392e-01 2.2593463142e-05
783 4.3288205820e-01 2.5106448082e-05
784 4.3283115065e-01 2.4754184176e-05
785 4.3277582691e-01 2.0944137717e-05
786 4.3271763921e-01 2.2297623770e-05
787 4.3265920498e-01 2.5590051372e-05
788 4.3260329253e-01 3.1609438532e-05
789 4.3254885394e-01 3.1434066596e-05
790 4.3248736094e-01 2.4510907507e-05
791 4.3242303584e-01 2.2052241508e-05
792 4.3235962160e-01 2.2309442302e-05
793 4.3229595306e-01 2.2244013976e-05
794 4.3223135277e-01 2.1474536267e-05
795 4.3216719072e-01 2.1689865693e-05
796 4.3210191928e-01 2.1814862552e-05
797 4.3203600504e-01 2.1823724490e-05
798 4.3196882283e-01 2.2125759872e-05
799 4.3189864298e-01 2.1281692317e-05
800 4.3182977492e-01 2.1312575189e-05
801 4.3176587250e-01 2.2301027686e-05
802 4.3170082351e-01 2.2068762638e-05
803 4.3163207838e-01 2.2622519637e-05
804 4.3156030629e-01 2.2571233748e-05
805 4.3148554187e-01 2.2429950408e-05
806 4.3140577719e-01 2.2373910446e-05
807 4.3132469496e-01 2.1421521680e-05
808 4.3124270679e-01 2.1292664483e-05
809 4.3116376333e-01 2.1564781198e-05
810 4.3108501757e-01 2.1791462862e-05
811 4.3100264709e-01 2.1188495109e-05
812 4.3091983732e-01 2.1689011330e-05
813 4.3083865725e-01 2.1621416020e-05
814 4.3075500422e-01 2.1071566902e-05
815 4.3067002205e-01 2.1450585516e-05
816 4.3058692151e-01 2.0779001183e-05
817 4.3050335288e-01 2.1590602839e-05
818 4.3041306203e-01 2.1848357445e-05
819 4.3032088475e-01 2.2193866191e-05
820 4.3022679201e-01 2.3228569534e-05
821 4.3013317488e-01 2.2141264616e-05
822 4.3003781070e-01 2.3332343698e-05
823 4.2993906341e-01 2.2572355308e-05
824 4.2983896894e-01 2.3084313175e-05
825 4.2973692574e-01 2.3572044070e-05
826 4.2963269348e-01 2.4208197177e-05
827 4.2952617336e-01 2.7137638890e-05
828 4.2943271241e-01 2.9971147866e-05
829 4.2933474003e-01 2.5571092184e-05
830 4.2922888604e-01 2.4910101800e-05
831 4.2912358406e-01 2.7920016863e-05
832 4.2902088397e-01 3.3888933641e-05
833 4.2892128210e-01 3.4450307246e-05
834 4.2881847592e-01 3.1439169178e-05
835 4.2871126240e-01 2.6801274301e-05
836 4.2860517461e-01 2.5712735242e-05
837 4.2849937463e-01 2.4399080803e-05
838 4.2839079135e-01 2.3278805291e-05
839 4.2827907292e-01 2.3261101026e-05
840 4.2816843168e-01 2.3601482999e-05
841 4.2805952137e-01 2.3762210899e-05
842 4.2794830489e-01 2.3775021341e-05
843 4.2783818911e-01 2.5607821110e-05
844 4.2773002329e-01 2.8222106909e-05
845 4.2762523998e-01 2.9443602725e-05
846 4.2752602749e-01 3.2148640859e-05
847 4.2743209503e-01 3.3076996759e-05
848 4.2733712049e-01 3.0486100226e-05
849 4.2723916587e-01 2.8706432730e-05
850 4.2714190536e-01 2.7611143579e-05
851 4.2704869277e-01 2.8899065490e-05
852 4.2695737007e-01 2.6960228231e-05
853 4.2686593659e-01 2.5000245219e-05
854 4.2678074350e-01 2.3097911859e-05
855 4.2669612500e-01 2.1678240662e-05
856 4.2661216211e-01 2.1947768035e-05
857 4.2652907841e-01 2.3260045975e-05
858 4.2644609242e-01 2.5261883905e-05
859 4.2636664646e-01 2.6174318626e-05
860 4.2628718983e-01 2.4256387290e-05
861 4.2620392611e-01 2.1057263076e-05
862 4.2612064928e-01 2.0883735994e-05
863 4.2604775030e-01 2.2096944582e-05
864 4.2597952470e-01 2.1656260939e-05
865 4.2591127861e-01 1.9757727783e-05
866 4.2584100761e-01 1.9259028641e-05
867 4.2577160686e-01 1.9220800452e-05
868 4.2570153817e-01 2.1173350368e-05
869 4.2563416865e-01 2.3104895059e-05
870 4.2556902591e-01 2.4765672618e-05
871 4.2550421209e-01 2.4839852401e-05
872 4.2543755647e-01 2.1606039121e-05
873 4.2536788434e-01 1.9811652076e-05
874 4.2530053733e-01 1.9303433631e-05
875 4.2523882412e-01 1.8828572828e-05
876 4.2517928994e-01 1.7747196066e-05
877 4.2511663788e-01 1.7050936798e-05
878 4.2505193939e-01 1.6998547094e-05
879 4.2498644562e-01 1.6674352286e-05
880 4.2492075152e-01 1.6582585525e-05
881 4.2485739446e-01 1.6894045851e-05
882 4.2479655410e-01 1.7827693029e-05
883 4.2473852854e-01 1.7645980261e-05
884 4.2467828889e-01 1.7807105379e-05
885 4.2461771859e-01 1.8064690751e-05
886 4.2456032657e-01 1.8882908771e-05
887 4.2450368371e-01 1.7600538323e-05
888 4.2444942397e-01 1.6949628214e-05
889 4.2439558280e-01 1.6182895060e-05
890 4.2434521400e-01 1.6680950484e-05
891 4.2429369524e-01 1.6052678424e-05
892 4.2424063442e-01 1.5678138059e-05
893 4.2418764844e-01 1.6342376624e-05
894 4.2413488824e-01 1.9526017982e-05
895 4.2408655822e-01 2.3393049329e-05
896 4.2403718385e-01 2.0980857960e-05
897 4.2398467285e-01 1.7554918225e-05
898 4.2393069024e-01 1.6873283597e-05
899 4.2387634814e-01 1.7258752606e-05
900 4.2382203038e-01 1.8263569465e-05
901 4.2377236009e-01 1.8089705705e-05
902 4.2372209724e-01 1.5706557631e-05
903 4.2367134532e-01 1.3830199048e-05
904 4.2361942037e-01 1.3803032131e-05
905 4.2356710705e-01 1.3999137082e-05
906 4.2351776565e-01 1.3618232529e-05
907 4.2347265495e-01 1.4870420267e-05
908 4.2342442031e-01 1.4661539424e-05
909 4.2337272622e-01 1.3594430465e-05
910 4.2332108212e-01 1.3334207085e-05
911 4.2327113255e-01 1.3519529230e-05
912 4.2322048183e-01 1.2747094377e-05
913 4.2316800339e-01 1.3109286897e-05
914 4.2311512971e-01 1.3358027723e-05
915 4.2306338044e-01 1.3238146557e-05
916 4.2301363300e-01 1.3260716979e-05
917 4.2296490423e-01 1.3614012384e-05
918 4.2291759412e-01 1.4109178782e-05
919 4.2287115787e-01 1.4112483795e-05
920 4.2282425068e-01 1.2904067694e-05
921 4.2277586168e-01 1.2931768789e-05
922 4.2272807572e-01 1.2686107169e-05
923 4.2268084380e-01 1.2454794772e-05
924 4.2263297240e-01 1.2384264134e-05
925 4.2258252782e-01 1.3419156988e-05
926 4.2253038581e-01 1.2950077787e-05
927 4.2248155642e-01 1.2681241089e-05
928 4.2243416415e-01 1.2276640961e-05
929 4.2238635514e-01 1.2217448310e-05
930 4.2233706669e-01 1.1908223692e-05
931 4.2228814311e-01 1.2372246560e-05
932 4.2223758602e-01 1.2522233256e-05
933 4.2218911556e-01 1.3423052517e-05
934 4.2214365905e-01 1.4883280902e-05
935 4.2209848342e-01 1.5405415113e-05
936 4.2205486237e-01 1.4690612328e-05
937 4.2201110704e-01 1.2607869834e-05
938 4.2196784282e-01 1.3042574178e-05
939 4.2192618504e-01 1.3621769657e-05
940 4.2188073456e-01 1.4217122252e-05
941 4.2183354697e-01 1.4397528036e-05
942 4.2178561263e-01 1.4715525795e-05
943 4.2173756095e-01 1.5504210243e-05
944 4.2168979707e-01 1.6094052398e-05
945 4.2164121569e-01 1.6914452565e-05
946 4.2159413167e-01 1.6934797526e-05
947 4.2154661514e-01 1.4970815186e-05
948 4.2149538127e-01 1.2933983989e-05
949 4.2144368510e-01 1.2746379888e-05
950 4.2139198927e-01 1.4622416601e-05
951 4.2134190112e-01 1.8495860284e-05
952 4.2129519931e-01 1.8270481724e-05
953 4.2124440935e-01 1.5174170319e-05
954 4.2119148922e-01 1.4329536178e-05
955 4.2114033418e-01 1.4903183367e-05
956 4.2108757348e-01 1.4774535653e-05
957 4.2103096613e-01 1.4089665857e-05
958 4.2096984608e-01 1.3598031088e-05
959 4.2091016901e-01 1.3667886443e-05
960 4.2084959840e-01 1.3572330927e-05
961 4.2078794564e-01 1.3777579541e-05
962 4.2072478959e-01 1.3829615625e-05
963 4.2065973124e-01 1.2753104613e-05
964 4.2059591676e-01 1.3724753371e-05
965 4.2053259533e-01 1.4391451441e-05
966 4.2046926322e-01 1.5555839047e-05
967 4.2040544234e-01 1.7157587687e-05
968 4.2033740369e-01 1.7433646630e-05
969 4.2026819361e-01 1.8075113852e-05
970 4.2020239528e-01 1.7611890950e-05
971 4.2013597117e-01 1.5244985090e-05
972 4.2007043443e-01 1.3783127796e-05
973 4.2000297224e-01 1.3491432277e-05
974 4.1993433773e-01 1.4584710201e-05
975 4.1986598848e-01 1.4910448498e-05
976 4.1979298685e-01 1.4554492468e-05
977 4.1971461989e-01 1.4238924548e-05
978 4.1963897083e-01 1.4098445810e-05
979 4.1956962401e-01 1.4248651616e-05
980 4.1949625262e-01 1.4442943056e-05
981 4.1941479337e-01 1.4153981799e-05
982 4.1933565283e-01 1.3894038054e-05
983 4.1925351158e-01 1.4262682200e-05
984 4.1917257326e-01 1.4249464782e-05
985 4.1909193732e-01 1.4467327210e-05
986 4.1901224426e-01 1.5761316776e-05
987 4.1892908800e-01 1.7276360646e-05
988 4.1884306145e-01 1.8933878443e-05
989 4.1875344076e-01 2.0472328711e-05
990 4.1866224281e-01 2.0656174332e-05
991 4.1856733249e-01 1.8147093038e-05
992 4.1847176871e-01 1.5900645255e-05
993 4.1837410225e-01 1.5122618818e-05
994 4.1827575837e-01 1.5797769686e-05
995 4.1817791395e-01 1.5745412494e-05
996 4.1809153269e-01 1.6417387872e-05
997 4.1799667894e-01 1.4970213241e-05
998 4.1789378952e-01 1.4744976205e-05
999 4.1779078424e-01 1.5159819383e-05
1000 4.1769094541e-01 1.6613075686e-05
1001 4.1758950887e-01 1.9142349790e-05
1002 4.1748754900e-01 2.1382352286e-05
1003 4.1739223040e-01 2.3024730958e-05
1004 4.1729268196e-01 2.0119307256e-05
1005 4.1718809462e-01 1.6959308238e-05
1006 4.1707313264e-01 1.6458351047e-05
1007 4.1695196209e-01 1.6124927103e-05
1008 4.1682744350e-01 1.6084734297e-05
1009 4.1670331908e-01 1.5567204513e-05
1010 4.1658348054e-01 1.7235426915e-05
1011 4.1646935719e-01 1.8006208404e-05
1012 4.1635536294e-01 1.7269921718e-05
1013 4.1623824873e-01 1.6692165449e-05
1014 4.1611470875e-01 1.7578091406e-05
1015 4.1599446889e-01 1.7374140760e-05
1016 4.1586653510e-01 1.8129788012e-05
1017 4.1573388010e-01 1.7919358127e-05
1018 4.1559894206e-01 1.7340684138e-05
1019 4.1546656230e-01 1.7391671309e-05
1020 4.1532857526e-01 1.8199217754e-05
1021 4.1518542500e-01 1.7389998169e-05
1022 4.1503505329e-01 1.7237051297e-05
1023 4.1488592079e-01 1.7286337299e-05
1024 4.1473556772e-01 1.7480200396e-05
1025 4.1458705926e-01 1.6776219384e-05
1026 4.1444293028e-01 1.7199511145e-05
1027 4.1429245082e-01 1.7188633464e-05
1028 4.1414071813e-01 1.7174598937e-05
1029 4.1398458143e-01 1.7233769721e-05
1030 4.1383109002e-01 1.7700650137e-05
1031 4.1366965121e-01 1.7705452251e-05
1032 4.1350353510e-01 1.8417849674e-05
1033 4.1333786994e-01 1.9339462253e-05
1034 4.1316871530e-01 1.9017193626e-05
1035 4.1299813611e-01 2.0008581525e-05
1036 4.1282929332e-01 1.9554327918e-05
1037 4.1266273038e-01 1.9595007427e-05
1038 4.1248611842e-01 2.0212228482e-05
1039 4.1230769547e-01 2.0670394970e-05
1040 4.1213023526e-01 2.1788647175e-05
1041 4.1195594509e-01 2.5057053192e-05
1042 4.1179023243e-01 2.6748585111e-05
1043 4.1162938822e-01 2.6824836175e-05
1044 4.1146603304e-01 2.8165422211e-05
1045 4.1130621533e-01 2.6279900620e-05
1046 4.1114177299e-01 2.3789457873e-05
1047 4.1097310368e-01 2.1846968754e-05
1048 4.1080286857e-01 2.0706115844e-05
1049 4.1063210541e-01 2.1717334425e-05
1050 4.1047629204e-01 2.3848336958e-05
1051 4.1031917561e-01 2.1573895528e-05
1052 4.1015461007e-01 2.1470709061e-05
1053 4.0999238081e-01 2.5802245202e-05
1054 4.0982829225e-01 2.7330570949e-05
1055 4.0965928729e-01 2.6728986233e-05
1056 4.0949154886e-01 2.3888624273e-05
1057 4.0931823173e-01 2.0913115021e-05
1058 4.0914457256e-01 2.2100707192e-05
1059 4.0898081910e-01 2.4296534092e-05
1060 4.0881898297e-01 2.6904208184e-05
1061 4.0865950541e-01 2.6660937151e-05
1062 4.0850178929e-01 2.5349224735e-05
1063 4.0833697641e-01 2.2408369513e-05
1064 4.0817116950e-01 2.0135071709e-05
1065 4.0800107492e-01 1.9133493713e-05
1066 4.0782550514e-01 1.8899427701e-05
1067 4.0765117359e-01 1.9566274017e-05
1068 4.0748221142e-01 2.2341939784e-05
1069 4.0732039705e-01 2.5594388206e-05
1070 4.0715478885e-01 2.6355124055e-05
1071 4.0698562980e-01 2.4630199184e-05
1072 4.0681701538e-01 2.3506959929e-05
1073 4.0664445657e-01 2.1849734326e-05
1074 4.0647118231e-01 2.0667629868e-05
1075 4.0630000983e-01 2.0092594213e-05
1076 4.0613181194e-01 1.9277523172e-05
1077 4.0595524950e-01 1.8393169716e-05
1078 4.0577179129e-01 1.8363158085e-05
1079 4.0559197055e-01 1.8742288957e-05
1080 4.0540781038e-01 1.8594598734e-05
1081 4.0522692986e-01 1.9006787434e-05
1082 4.0504691928e-01 1.8974033779e-05
1083 4.0486435078e-01 1.9329034560e-05
1084 4.0467643442e-01 1.9188008744e-05
1085 4.0448890196e-01 1.8277836463e-05
1086 4.0430464139e-01 1.9133965013e-05
1087 4.0413395955e-01 1.9975723414e-05
1088 4.0396869468e-01 2.0647644372e-05
1089 4.0379220351e-01 1.9247543194e-05
1090 4.0359840853e-01 1.9444809257e-05
1091 4.0340631032e-01 1.9666387706e-05
1092 4.0321380049e-01 1.9393602240e-05
1093 4.0302488019e-01 1.9734297036e-05
1094 4.0283868767e-01 2.0504914796e-05
1095 4.0264972806e-01 2.0795559348e-05
1096 4.0245962497e-01 2.1311048910e-05
1097 4.0227551435e-01 2.2400996236e-05
1098 4.0209193779e-01 2.3188905953e-05
1099 4.0191348022e-01 2.2887052413e-05
1100 4.0172739358e-01 2.3276872300e-05
1101 4.0155127618e-01 2.5531753596e-05
1102 4.0138378805e-01 2.3691440853e-05
1103 4.0120964050e-01 2.0303969302e-05
1104 4.0102798595e-01 2.0410619505e-05
1105 4.0085562116e-01 2.3933836071e-05
1106 4.0069251609e-01 2.6303225540e-05
1107 4.0052544637e-01 2.4409826210e-05
1108 4.0035850251e-01 2.1586934006e-05
1109 4.0018876052e-01 1.9192477838e-05
1110 4.0001768999e-01 1.8397166604e-05
1111 3.9984673312e-01 1.8262348992e-05
1112 3.9967869604e-01 1.7087353259e-05
1113 3.9951934056e-01 1.6988296764e-05
1114 3.9936405861e-01 1.8151245288e-05
1115 3.9921286954e-01 1.9074447300e-05
1116 3.9907268631e-01 1.8663022747e-05
1117 3.9893125297e-01 1.8862091684e-05
1118 3.9879516596e-01 1.8097349879e-05
1119 3.9866408419e-01 1.8132704354e-05
1120 3.9852600846e-01 1.7448862613e-05
1121 3.9838301342e-01 1.6695631580e-05
1122 3.9824222458e-01 1.6011408241e-05
1123 3.9810809838e-01 1.6236558186e-05
1124 3.9798224290e-01 1.6730831070e-05
1125 3.9785874823e-01 1.6315078744e-05
1126 3.9773324748e-01 1.6083012277e-05
1127 3.9760348031e-01 1.5497366520e-05
1128 3.9748073256e-01 1.5395562307e-05
1129 3.9736289065e-01 1.5682096118e-05
1130 3.9724568360e-01 1.5380470130e-05
1131 3.9712808673e-01 1.5962308831e-05
1132 3.9701377950e-01 1.6061112268e-05
1133 3.9690458326e-01 1.6744239717e-05
1134 3.9679856544e-01 1.6909026003e-05
1135 3.9669487354e-01 1.6718475177e-05
1136 3.9659117803e-01 1.5530170457e-05
1137 3.9648978674e-01 1.5448053130e-05
1138 3.9639063218e-01 1.5869307456e-05
1139 3.9629996071e-01 1.6141024456e-05
1140 3.9621505943e-01 1.6859088312e-05
1141 3.9612938119e-01 1.6469826287e-05
1142 3.9604568145e-01 1.6379707527e-05
1143 3.9596752670e-01 1.7593339981e-05
1144 3.9589138736e-01 1.7556077222e-05
1145 3.9581747798e-01 1.7468440410e-05
1146 3.9574507448e-01 1.8335157331e-05
1147 3.9567637102e-01 1.8699651969e-05
1148 3.9560737088e-01 1.5741690099e-05
1149 3.9553585111e-01 1.3741824442e-05
1150 3.9546757357e-01 1.2684245127e-05
1151 3.9540048433e-01 1.1829746565e-05
1152 3.9533355279e-01 1.1775100394e-05
1153 3.9526843694e-01 1.1272209124e-05
1154 3.9520585957e-01 1.1339330139e-05
1155 3.9514287164e-01 1.1007971109e-05
1156 3.9507935630e-01 1.0732055992e-05
1157 3.9501591747e-01 1.1241085333e-05
1158 3.9495315303e-01 1.1178904329e-05
1159 3.9489391287e-01 1.2006078400e-05
1160 3.9484294449e-01 1.2017101662e-05
1161 3.9478998848e-01 1.0965098694e-05
1162 3.9473435526e-01 1.0668047245e-05
1163 3.9468004117e-01 1.1266350714e-05
1164 3.9462816659e-01 1.2675313769e-05
1165 3.9457666441e-01 1.3605192104e-05
1166 3.9452388142e-01 1.4580857776e-05
1167 3.9447231214e-01 1.4834673976e-05
1168 3.9442200145e-01 1.4286814628e-05
1169 3.9436876686e-01 1.2000118970e-05
1170 3.9431347398e-01 1.1837733278e-05
1171 3.9426067059e-01 1.2998309162e-05
1172 3.9420873889e-01 1.2817713660e-05
1173 3.9415421326e-01 1.2673113017e-05
1174 3.9409981316e-01 1.4139438101e-05
1175 3.9404959002e-01 1.5354967422e-05
1176 3.9399970003e-01 1.3592609640e-05
1177 3.9394817893e-01 1.1926665413e-05
1178 3.9389617347e-01 1.1179947562e-05
1179 3.9384438345e-01 1.0748415784e-05
1180 3.9379401613e-01 1.0515926418e-05
1181 3.9374252660e-01 1.0261548594e-05
1182 3.9369039181e-01 9.9313109078e-06
1183 3.9363549747e-01 1.0181792667e-05
1184 3.9358288975e-01 9.9856869342e-06
1185 3.9353314272e-01 9.8808474225e-06
1186 3.9348271655e-01 1.0234658484e-05
1187 3.9342941095e-01 1.0160577259e-05
1188 3.9337584466e-01 1.0229561007e-05
1189 3.9332091372e-01 1.0057363578e-05
1190 3.9326638126e-01 1.0313307836e-05
1191 3.9321169269e-01 1.0627432406e-05
1192 3.9315964807e-01 1.0735496208e-05
1193 3.9311283289e-01 1.0713604927e-05
1194 3.9306604490e-01 1.0044396807e-05
1195 3.9301659521e-01 9.8469865686e-06
1196 3.9296366625e-01 1.0391156078e-05
1197 3.9290719917e-01 1.0745215643e-05
1198 3.9284982313e-01 1.2121881759e-05
1199 3.9279527021e-01 1.3467311049e-05
1200 3.9274167562e-01 1.4572640469e-05
1201 3.9268850495e-01 1.4390899121e-05
1202 3.9263524964e-01 1.3906946740e-05
1203 3.9258423462e-01 1.2987279477e-05
1204 3.9253287200e-01 1.1861363195e-05
1205 3.9248077141e-01 1.0397518730e-05
1206 3.9242905262e-01 9.7969080125e-06
1207 3.9237703458e-01 1.0004608807e-05
1208 3.9232412343e-01 1.0720876652e-05
1209 3.9227532422e-01 1.0925417798e-05
1210 3.9222969466e-01 1.1255749645e-05
1211 3.9218174925e-01 1.0508526546e-05
1212 3.9213219280e-01 1.0451093908e-05
1213 3.9208351224e-01 1.1546257423e-05
1214 3.9203559653e-01 1.2516655209e-05
1215 3.9198517501e-01 1.3007980803e-05
1216 3.9193647942e-01 1.3782059402e-05
1217 3.9188866924e-01 1.3610264503e-05
1218 3.9184087036e-01 1.3821454201e-05
1219 3.9179207794e-01 1.3016911078e-05
1220 3.9174143999e-01 1.1723039362e-05
1221 3.9168959616e-01 1.0520257470e-05
1222 3.9163818867e-01 1.0316524115e-05
1223 3.9158846849e-01 1.0529464192e-05
1224 3.9153882613e-01 1.0365708446e-05
1225 3.9148838863e-01 1.0076897348e-05
1226 3.9143938656e-01 9.5766269351e-06
1227 3.9139036773e-01 1.0122668869e-05
1228 3.9134337775e-01 1.0800817863e-05
1229 3.9129619047e-01 1.1231298726e-05
1230 3.9124696680e-01 1.0163141433e-05
1231 3.9119369549e-01 1.0009151656e-05
1232 3.9113733540e-01 1.0909421112e-05
1233 3.9108254515e-01 1.1696062652e-05
1234 3.9102978904e-01 1.2770137642e-05
1235 3.9097698297e-01 1.3155955994e-05
1236 3.9092362949e-01 1.2211038114e-05
1237 3.9086768160e-01 1.1900711043e-05
1238 3.9081190211e-01 1.1088056063e-05
1239 3.9075735846e-01 1.1161455087e-05
1240 3.9070304947e-01 1.0213194780e-05
1241 3.9064778611e-01 9.7492252021e-06
1242 3.9059162395e-01 1.0075575096e-05
1243 3.9054005924e-01 1.0563273899e-05
1244 3.9048802976e-01 1.0231496088e-05
1245 3.9043508009e-01 1.0710119133e-05
1246 3.9038055495e-01 1.1573126394e-05
1247 3.9032543321e-01 1.2706068354e-05
1248 3.9027145456e-01 1.4331053230e-05
1249 3.9022121619e-01 1.5159686557e-05
1250 3.9017127996e-01 1.3783177255e-05
1251 3.9012198042e-01 1.1801594855e-05
1252 3.9007177156e-01 1.0664915636e-05
1253 3.9002063379e-01 9.6568024863e-06
1254 3.8996977827e-01 9.8889503044e-06
1255 3.8991882689e-01 1.0438212170e-05
1256 3.8986822093e-01 1.0644765412e-05
1257 3.8981873603e-01 1.0779993415e-05
1258 3.8977102546e-01 1.1172370396e-05
1259 3.8972516509e-01 1.1738543761e-05
1260 3.8967908804e-01 1.1436366544e-05
1261 3.8963303445e-01 1.1496028831e-05
1262 3.8958614482e-01 1.1892675433e-05
1263 3.8954140677e-01 1.1301492536e-05
1264 3.8949637592e-01 1.0390882441e-05
1265 3.8944971799e-01 1.0587442571e-05
1266 3.8940486902e-01 1.1114648087e-05
1267 3.8936234021e-01 1.0744155669e-05
1268 3.8931921549e-01 1.1772747751e-05
1269 3.8927693548e-01 1.3398706724e-05
1270 3.8923633777e-01 1.2952765513e-05
1271 3.8919472232e-01 1.1364687781e-05
1272 3.8915054143e-01 1.0496886483e-05
1273 3.8910576335e-01 1.0416538673e-05
1274 3.8906040878e-01 1.0347519388e-05
1275 3.8901540309e-01 9.5692441811e-06
1276 3.8897355087e-01 9.1308265683e-06
1277 3.8893194073e-01 1.0126300525e-05
1278 3.8889036323e-01 9.7652064168e-06
1279 3.8884776982e-01 9.3193698093e-06
1280 3.8880599781e-01 1.0137361524e-05
1281 3.8876182325e-01 1.0289162388e-05
1282 3.8871691381e-01 9.1906410967e-06
1283 3.8867003861e-01 9.3075719923e-06
1284 3.8862264754e-01 9.6873185868e-06
1285 3.8857485739e-01 1.0267805098e-05
1286 3.8852814909e-01 1.0337209771e-05
1287 3.8847952660e-01 9.9292638038e-06
1288 3.8842898112e-01 9.9760999773e-06
1289 3.8837753046e-01 1.0228777418e-05
1290 3.8832963784e-01 1.1663581635e-05
1291 3.8828345151e-01 1.2666695959e-05
1292 3.8823715411e-01 1.2818966432e-05
1293 3.8819295391e-01 1.2660546307e-05
1294 3.8814711472e-01 1.2129101301e-05
1295 3.8810173224e-01 1.1442007286e-05
1296 3.8805307752e-01 1.0028332335e-05
1297 3.8800298784e-01 1.0190667221e-05
1298 3.8795299218e-01 1.0310373155e-05
1299 3.8790164711e-01 1.0009708346e-05
1300 3.8785041758e-01 1.0119677977e-05
1301 3.8779921979e-01 9.9124821741e-06
1302 3.8774828104e-01 9.2484689346e-06
1303 3.8769982492e-01 9.7308557213e-06
1304 3.8765429392e-01 9.7056387208e-06
1305 3.8760753628e-01 9.5904453819e-06
1306 3.8755874339e-01 1.0164343694e-05
1307 3.8751050044e-01 1.0534753389e-05
1308 3.8746041895e-01 1.0261409302e-05
1309 3.8741072106e-01 1.0383942666e-05
1310 3.8735784939e-01 1.0338290326e-05
1311 3.8730208279e-01 1.0222498276e-05
1312 3.8724409397e-01 1.0805617235e-05
1313 3.8718975651e-01 1.1523245831e-05
1314 3.8713327401e-01 1.1003929120e-05
1315 3.8707506202e-01 1.0260987398e-05
1316 3.8701583430e-01 9.5996768034e-06
1317 3.8695902052e-01 9.7004574930e-06
1318 3.8690304277e-01 1.0364050561e-05
1319 3.8684827824e-01 1.0613458017e-05
1320 3.8679315981e-01 9.9644095933e-06
1321 3.8673988717e-01 1.0504901412e-05
1322 3.8669076186e-01 1.0547986345e-05
1323 3.8663597164e-01 1.0534936812e-05
1324 3.8657843500e-01 1.0599792005e-05
1325 3.8651930203e-01 1.0508034880e-05
1326 3.8645830856e-01 1.1211231011e-05
1327 3.8639986342e-01 1.2421510259e-05
1328 3.8633714707e-01 1.2511798172e-05
1329 3.8627170405e-01 1.2313965530e-05
1330 3.8620754445e-01 1.2947837561e-05
1331 3.8614613231e-01 1.4332399290e-05
1332 3.8608735257e-01 1.4637953867e-05
1333 3.8602801841e-01 1.2885276725e-05
1334 3.8596237118e-01 1.1584128444e-05
1335 3.8589381389e-01 1.1549071551e-05
1336 3.8582656598e-01 1.1677097860e-05
1337 3.8576051328e-01 1.1527311191e-05
1338 3.8569657175e-01 1.1196341532e-05
1339 3.8563633742e-01 1.1857634682e-05
1340 3.8557227936e-01 1.1329175701e-05
1341 3.8550146227e-01 1.0756871776e-05
1342 3.8543254510e-01 1.0775323447e-05
1343 3.8536124243e-01 1.1118408872e-05
1344 3.8528874832e-01 1.1689276630e-05
1345 3.8521609959e-01 1.2444748149e-05
1346 3.8514821825e-01 1.2361698181e-05
1347 3.8507846417e-01 1.1389617137e-05
1348 3.8500911094e-01 1.1017957595e-05
1349 3.8494127807e-01 1.2735706302e-05
1350 3.8487664032e-01 1.5056731945e-05
1351 3.8481167671e-01 1.5924381366e-05
1352 3.8474709432e-01 1.6129062545e-05
1353 3.8468150215e-01 1.4444084279e-05
1354 3.8461216895e-01 1.2683351712e-05
1355 3.8454154084e-01 1.1997830461e-05
1356 3.8447085507e-01 1.1550613328e-05
1357 3.8440078167e-01 1.2434759249e-05
1358 3.8433136861e-01 1.3486710761e-05
1359 3.8426239327e-01 1.3340686001e-05
1360 3.8419056088e-01 1.1673713090e-05
1361 3.8411691080e-01 1.0859847959e-05
1362 3.8404784622e-01 1.1294987063e-05
1363 3.8398419952e-01 1.1675420213e-05
1364 3.8392323874e-01 1.1252964647e-05
1365 3.8385713355e-01 1.0774209071e-05
1366 3.8379055940e-01 1.1866731955e-05
1367 3.8372805372e-01 1.4013394463e-05
1368 3.8366630010e-01 1.4100092097e-05
1369 3.8360534558e-01 1.3738876973e-05
1370 3.8354944160e-01 1.3808803221e-05
1371 3.8349480248e-01 1.5430515903e-05
1372 3.8344235262e-01 1.5602022012e-05
1373 3.8338911066e-01 1.2831768847e-05
1374 3.8333230957e-01 1.1123425675e-05
1375 3.8327328777e-01 1.1249391440e-05
1376 3.8321461817e-01 1.1755405275e-05
1377 3.8315736669e-01 1.1845563468e-05
1378 3.8310110131e-01 1.1377718658e-05
1379 3.8304314487e-01 9.9060385748e-06
1380 3.8298675600e-01 1.0453629780e-05
1381 3.8293283498e-01 1.0850851554e-05
1382 3.8288209000e-01 1.0822879721e-05
1383 3.8283425320e-01 9.8474769377e-06
1384 3.8278517012e-01 1.0333685069e-05
1385 3.8273679265e-01 1.1228321823e-05
1386 3.8268612347e-01 1.0607675479e-05
1387 3.8263332365e-01 1.0317217110e-05
1388 3.8258015458e-01 1.0648118521e-05
1389 3.8252727823e-01 1.0464760079e-05
1390 3.8247610102e-01 1.0888197022e-05
1391 3.8242801237e-01 1.0919518674e-05
1392 3.8237761709e-01 1.0837356671e-05
1393 3.8232823679e-01 1.1446964022e-05
1394 3.8228160752e-01 1.1961443459e-05
1395 3.8223638862e-01 1.2099682036e-05
1396 3.8219362012e-01 1.2945100649e-05
1397 3.8215086636e-01 1.2369955797e-05
1398 3.8210632648e-01 1.1020756970e-05
1399 3.8206025925e-01 1.0011501464e-05
1400 3.8201554168e-01 1.0154457622e-05
1401 3.8197182194e-01 1.1362589068e-05
1402 3.8192841147e-01 1.1998607048e-05
1403 3.8188519395e-01 1.1955991871e-05
1404 3.8184206919e-01 1.1204905393e-05
1405 3.8179988176e-01 1.0451243263e-05
1406 3.8175856241e-01 1.0255993869e-05
1407 3.8171740724e-01 9.5206545837e-06
1408 3.8167673953e-01 8.5866701620e-06
1409 3.8163869208e-01 8.0155702405e-06
1410 3.8160459754e-01 8.0209830101e-06
1411 3.8157290417e-01 8.8438766470e-06
1412 3.8153730732e-01 8.6149676008e-06
1413 3.8149961751e-01 8.4438807486e-06
1414 3.8146231577e-01 8.2633686958e-06
1415 3.8142386998e-01 8.2774652183e-06
1416 3.8138447446e-01 8.8731238632e-06
1417 3.8134617991e-01 9.3060072177e-06
1418 3.8130743350e-01 9.0367540017e-06
1419 3.8126716682e-01 8.5608106725e-06
1420 3.8122670778e-01 8.8240836005e-06
1421 3.8118916346e-01 9.5627359747e-06
1422 3.8115182993e-01 9.5651470039e-06
1423 3.8111596298e-01 8.7619849755e-06
1424 3.8108082564e-01 8.3354343396e-06
1425 3.8104681806e-01 8.5351819370e-06
1426 3.8101426405e-01 8.5890413205e-06
1427 3.8098189198e-01 8.2358918988e-06
1428 3.8094826873e-01 8.0208562821e-06
1429 3.8091389404e-01 8.2991068854e-06
1430 3.8087941064e-01 8.8068233731e-06
1431 3.8084503819e-01 9.5261243424e-06
1432 3.8081125432e-01 9.9476147454e-06
1433 3.8077776393e-01 1.1007142254e-05
1434 3.8074550101e-01 1.1720364241e-05
1435 3.8071341603e-01 1.0834348413e-05
1436 3.8068223464e-01 9.7573525648e-06
1437 3.8065183339e-01 8.9545792782e-06
1438 3.8062125839e-01 8.4248550002e-06
1439 3.8059024249e-01 8.9891719672e-06
1440 3.8055979953e-01 1.0380003172e-05
1441 3.8053065134e-01 1.0547896846e-05
1442 3.8050108496e-01 9.5545332600e-06
1443 3.8047257959e-01 8.4638934604e-06
1444 3.8044527592e-01 7.4470692562e-06
1445 3.8041788101e-01 7.5018739942e-06
1446 3.8039296996e-01 8.4289657939e-06
1447 3.8036692067e-01 7.5031505137e-06
1448 3.8033910666e-01 6.8730930286e-06
1449 3.8031148050e-01 7.0246692693e-06
1450 3.8028408983e-01 8.6008495761e-06
1451 3.8025923813e-01 1.0459394055e-05
1452 3.8023539051e-01 9.8131180588e-06
1453 3.8021115799e-01 8.4813342689e-06
1454 3.8018600486e-01 8.8101118521e-06
1455 3.8016250323e-01 1.0124068698e-05
1456 3.8013924440e-01 9.4679180128e-06
1457 3.8011548074e-01 8.1846513604e-06
1458 3.8009100497e-01 7.2276721861e-06
1459 3.8006660041e-01 6.6057871245e-06
1460 3.8004197686e-01 6.4417309516e-06
1461 3.8001753550e-01 6.2427839575e-06
1462 3.7999337527e-01 6.1895674323e-06
1463 3.7996973408e-01 6.4190689581e-06
1464 3.7994654340e-01 6.5258938116e-06
1465 3.7992358347e-01 6.3804360599e-06
1466 3.7989975882e-01 6.2447013358e-06
1467 3.7987628851e-01 6.4973102847e-06
1468 3.7985303239e-01 6.3462407823e-06
1469 3.7982953690e-01 6.2526729085e-06
1470 3.7980656673e-01 6.2063466273e-06
1471 3.7978386143e-01 6.2647381519e-06
1472 3.7976218576e-01 6.5572377350e-06
1473 3.7974108653e-01 6.6319836952e-06
1474 3.7971939516e-01 7.7198079004e-06
1475 3.7969847323e-01 9.1336801288e-06
1476 3.7967797522e-01 8.4778924174e-06
1477 3.7965665646e-01 7.4935488095e-06
1478 3.7963555108e-01 6.9196749000e-06
1479 3.7961380648e-01 6.4855584196e-06
1480 3.7959229070e-01 6.5190543195e-06
1481 3.7957078314e-01 6.2761490926e-06
1482 3.7954991013e-01 5.9365324440e-06
1483 3.7952852005e-01 5.6899742595e-06
1484 3.7950725608e-01 5.9446492284e-06
1485 3.7948578697e-01 6.3318663716e-06
1486 3.7946478076e-01 6.7633562518e-06
1487 3.7944382532e-01 6.6637317963e-06
1488 3.7942219792e-01 6.3730215312e-06
1489 3.7940125256e-01 6.2783066946e-06
1490 3.7938051047e-01 6.2358899134e-06
1491 3.7936110427e-01 6.2363924967e-06
1492 3.7934106628e-01 6.0270913143e-06
1493 3.7932013241e-01 5.8206765942e-06
1494 3.7929859877e-01 6.0810368206e-06
1495 3.7927877195e-01 6.3016960443e-06
1496 3.7925950240e-01 6.2742816667e-06
1497 3.7923897339e-01 6.3702209509e-06
1498 3.7921699025e-01 6.5747623059e-06
1499 3.7919529135e-01 6.8211118944e-06
1500 3.7917397706e-01 6.4162644384e-06
1501 3.7915202683e-01 6.1756205228e-06
1502 3.7913046146e-01 6.1719064229e-06
1503 3.7910924582e-01 6.8718488500e-06
1504 3.7908945303e-01 8.4225565484e-06
1505 3.7907022437e-01 9.2999234233e-06
1506 3.7904963778e-01 8.1073491673e-06
1507 3.7902875237e-01 7.3119090458e-06
1508 3.7900789274e-01 7.4918012263e-06
1509 3.7898772016e-01 7.7230026597e-06
1510 3.7896792272e-01 6.7529380385e-06
1511 3.7894702374e-01 6.1715812899e-06
1512 3.7892539977e-01 6.3184477605e-06
1513 3.7890396979e-01 6.3716081077e-06
1514 3.7888163033e-01 6.3504273358e-06
1515 3.7885969284e-01 6.0044448424e-06
1516 3.7883821085e-01 5.7043888858e-06
1517 3.7881863612e-01 5.8728001289e-06
1518 3.7880056648e-01 6.1236704107e-06
1519 3.7878180357e-01 5.7470107182e-06
1520 3.7876163195e-01 5.8776953895e-06
1521 3.7874086739e-01 6.2801429541e-06
1522 3.7871935545e-01 6.0091456908e-06
1523 3.7869738106e-01 5.7815206434e-06
1524 3.7867624156e-01 5.6685003742e-06
1525 3.7865625266e-01 5.4356818546e-06
1526 3.7863645365e-01 5.6484338497e-06
1527 3.7861568367e-01 5.5200910592e-06
1528 3.7859463542e-01 5.5589108725e-06
1529 3.7857321180e-01 5.7772577383e-06
1530 3.7855231594e-01 6.2674901928e-06
1531 3.7853206298e-01 6.6746090274e-06
1532 3.7851217950e-01 6.9168406532e-06
1533 3.7849255483e-01 7.1033868908e-06
1534 3.7847386297e-01 6.5329245515e-06
1535 3.7845563741e-01 5.8064241889e-06
1536 3.7843818254e-01 6.0483796960e-06
1537 3.7842003011e-01 6.6137898230e-06
1538 3.7840141007e-01 7.0939566512e-06
1539 3.7838257392e-01 7.3190067060e-06
1540 3.7836411143e-01 6.9176524265e-06
1541 3.7834531711e-01 6.1629693760e-06
1542 3.7832561677e-01 5.8251981602e-06
1543 3.7830562151e-01 6.2493173352e-06
1544 3.7828609652e-01 6.8966353839e-06
1545 3.7826756590e-01 7.3070161336e-06
1546 3.7824960686e-01 7.4881070526e-06
1547 3.7823188919e-01 8.8787050578e-06
1548 3.7821540399e-01 7.7350156032e-06
1549 3.7819739845e-01 5.8693842779e-06
1550 3.7817892845e-01 5.4087845328e-06
1551 3.7816144754e-01 6.0311158087e-06
1552 3.7814410953e-01 6.9970656884e-06
1553 3.7812676300e-01 7.4683398447e-06
1554 3.7810992604e-01 7.3644013717e-06
1555 3.7809307874e-01 6.5668320700e-06
1556 3.7807628640e-01 5.9689115578e-06
1557 3.7805901946e-01 5.5044908665e-06
1558 3.7804156820e-01 5.8214758671e-06
1559 3.7802466196e-01 6.6136082124e-06
1560 3.7800704546e-01 6.4540699790e-06
1561 3.7798890533e-01 6.3150191734e-06
1562 3.7797062773e-01 6.5516126961e-06
1563 3.7795262624e-01 6.3796699053e-06
1564 3.7793449725e-01 5.3095348790e-06
1565 3.7791611707e-01 4.8492275691e-06
1566 3.7789782434e-01 5.1020937929e-06
1567 3.7788003624e-01 5.6989441020e-06
1568 3.7786268122e-01 5.7385385773e-06
1569 3.7784372242e-01 5.3665658998e-06
1570 3.7782467453e-01 5.2531188267e-06
1571 3.7780619599e-01 5.1649198326e-06
1572 3.7778759968e-01 4.9677905863e-06
1573 3.7776839615e-01 5.0981304446e-06
1574 3.7774933164e-01 5.3942473407e-06
1575 3.7772965225e-01 5.8364989757e-06
1576 3.7770964464e-01 6.2658617889e-06
1577 3.7768967175e-01 7.5121560458e-06
1578 3.7767073203e-01 8.4799456831e-06
1579 3.7765106433e-01 7.8879855593e-06
1580 3.7763109336e-01 6.9831000767e-06
1581 3.7761023433e-01 6.0313286973e-06
1582 3.7758918634e-01 5.7094895970e-06
1583 3.7756671416e-01 5.8770697483e-06
1584 3.7754353263e-01 5.8508716099e-06
1585 3.7751973229e-01 5.8620415127e-06
1586 3.7749605018e-01 5.7467042135e-06
1587 3.7747115480e-01 5.5572043172e-06
1588 3.7744585115e-01 5.5750524718e-06
1589 3.7742129380e-01 5.9688510028e-06
1590 3.7739762455e-01 5.9842959601e-06
1591 3.7737325530e-01 5.9056927217e-06
1592 3.7734762854e-01 5.8797361128e-06
1593 3.7732272940e-01 6.5749277616e-06
1594 3.7729798499e-01 6.8050269815e-06
1595 3.7727416587e-01 6.6691257467e-06
1596 3.7724884508e-01 6.2257804923e-06
1597 3.7722257354e-01 5.9008257562e-06
1598 3.7719625438e-01 6.0121911847e-06
1599 3.7716977027e-01 6.1338366586e-06
1600 3.7714468214e-01 6.5598266972e-06
1601 3.7712058162e-01 6.4515553721e-06
1602 3.7709600697e-01 6.3124906797e-06
1603 3.7707011562e-01 6.0129370929e-06
1604 3.7704374267e-01 5.9052592445e-06
1605 3.7701754722e-01 6.0964358377e-06
1606 3.7699319729e-01 6.1551656835e-06
1607 3.7696805858e-01 6.1348003357e-06
1608 3.7694278390e-01 6.1646288533e-06
1609 3.7691732253e-01 6.7113629363e-06
1610 3.7689347542e-01 8.1438640502e-06
1611 3.7687119032e-01 8.4639679479e-06
1612 3.7684848980e-01 7.8736185976e-06
1613 3.7682676702e-01 7.5314784565e-06
1614 3.7680457521e-01 6.9397174592e-06
1615 3.7678253431e-01 6.5014290125e-06
1616 3.7676045615e-01 6.2808036843e-06
1617 3.7673806589e-01 5.7462437285e-06
1618 3.7671522308e-01 5.7200264309e-06
1619 3.7669188920e-01 5.8354851563e-06
1620 3.7666879117e-01 5.9113376149e-06
1621 3.7664668031e-01 5.8719385890e-06
1622 3.7662566488e-01 5.7078714254e-06
1623 3.7660657055e-01 5.3956149812e-06
1624 3.7658732748e-01 5.7266878733e-06
1625 3.7656936815e-01 5.7847632817e-06
1626 3.7655110602e-01 5.2698515106e-06
1627 3.7653243568e-01 5.2104289794e-06
1628 3.7651344983e-01 5.8378187103e-06
1629 3.7649482140e-01 6.4468579008e-06
1630 3.7647560102e-01 6.6362203758e-06
1631 3.7645605924e-01 6.8242310047e-06
1632 3.7643634314e-01 7.5556143530e-06
1633 3.7641745894e-01 8.4227784514e-06
1634 3.7639932997e-01 7.9116007010e-06
1635 3.7638025406e-01 6.4535480181e-06
1636 3.7636101300e-01 5.8548326774e-06
1637 3.7634173102e-01 5.6563101792e-06
1638 3.7632330953e-01 5.7697166723e-06
1639 3.7630537518e-01 5.7143681176e-06
1640 3.7628744339e-01 5.4601303003e-06
1641 3.7626980186e-01 5.6039590580e-06
1642 3.7625291814e-01 5.9968914581e-06
1643 3.7623740517e-01 5.9107501030e-06
1644 3.7622040764e-01 5.2389187080e-06
1645 3.7620263566e-01 5.5627194468e-06
1646 3.7618578333e-01 6.5386680426e-06
1647 3.7617005027e-01 6.9510504739e-06
1648 3.7615417963e-01 7.2191737077e-06
1649 3.7613854121e-01 7.1359032871e-06
1650 3.7612284139e-01 6.7830128705e-06
1651 3.7610690670e-01 6.3382597599e-06
1652 3.7609130220e-01 6.2605127541e-06
1653 3.7607566210e-01 6.2960831612e-06
1654 3.7606023562e-01 6.4522742535e-06
1655 3.7604531369e-01 6.5625514300e-06
1656 3.7603138911e-01 6.6961683977e-06
1657 3.7601735266e-01 6.4605761136e-06
1658 3.7600346806e-01 6.6478826658e-06
1659 3.7598953390e-01 6.4314747634e-06
1660 3.7597582911e-01 6.1199999800e-06
1661 3.7596217782e-01 5.6950993295e-06
1662 3.7594833868e-01 5.3473090495e-06
1663 3.7593459204e-01 4.9432829678e-06
1664 3.7592098871e-01 4.9572284646e-06
1665 3.7590832769e-01 5.4275955434e-06
1666 3.7589556267e-01 5.3101207948e-06
1667 3.7588252065e-01 4.9634242316e-06
1668 3.7587055174e-01 4.7759105370e-06
1669 3.7585824557e-01 4.8246775936e-06
1670 3.7584591860e-01 5.0277752705e-06
1671 3.7583425834e-01 5.3099570254e-06
1672 3.7582276419e-01 4.9610857956e-06
1673 3.7581109257e-01 4.8684107436e-06
1674 3.7579962251e-01 4.8941628462e-06
1675 3.7578843498e-01 4.9880697349e-06
1676 3.7577713208e-01 5.2423973491e-06
1677 3.7576612900e-01 5.9423320736e-06
1678 3.7575528577e-01 6.1306221344e-06
1679 3.7574464447e-01 5.2521331454e-06
1680 3.7573350297e-01 4.4905425940e-06
1681 3.7572253249e-01 4.3016236780e-06
1682 3.7571187045e-01 4.9612277650e-06
1683 3.7570159501e-01 6.2952524853e-06
1684 3.7569240402e-01 6.3468275724e-06
1685 3.7568266418e-01 4.6453307555e-06
1686 3.7567245134e-01 4.1273302813e-06
1687 3.7566234897e-01 4.1187153311e-06
1688 3.7565246244e-01 4.2266042092e-06
1689 3.7564267286e-01 4.0025750273e-06
1690 3.7563266823e-01 3.7842975899e-06
1691 3.7562284269e-01 3.7732476928e-06
1692 3.7561349540e-01 4.1348246076e-06
1693 3.7560420239e-01 4.1876471129e-06
1694 3.7559488055e-01 3.6690263256e-06
1695 3.7558506793e-01 3.3610839303e-06
1696 3.7557590209e-01 3.4068181723e-06
1697 3.7556728568e-01 3.5612678617e-06
1698 3.7555855711e-01 3.6588743661e-06
1699 3.7554918481e-01 3.5625283557e-06
1700 3.7553958267e-01 3.6930961675e-06
1701 3.7553012255e-01 3.9485556580e-06
1702 3.7552059305e-01 4.0039832437e-06
1703 3.7551131874e-01 3.9274478522e-06
1704 3.7550143000e-01 3.6535807729e-06
1705 3.7549139900e-01 3.7696779577e-06
1706 3.7548148165e-01 3.9952461022e-06
1707 3.7547168556e-01 3.9946348346e-06
1708 3.7546168557e-01 3.8387590650e-06
1709 3.7545181597e-01 3.8862916730e-06
1710 3.7544182025e-01 4.0699179381e-06
1711 3.7543164913e-01 3.9663836675e-06
1712 3.7542131695e-01 3.7350090103e-06
1713 3.7541113682e-01 3.5616398542e-06
1714 3.7540180544e-01 3.7932511978e-06
1715 3.7539291960e-01 3.7351552031e-06
1716 3.7538270608e-01 3.4897913110e-06
1717 3.7537248198e-01 3.4445985734e-06
1718 3.7536205036e-01 3.7066359355e-06
1719 3.7535204757e-01 4.4527433784e-06
1720 3.7534220704e-01 4.8260953774e-06
1721 3.7533173187e-01 4.7358221541e-06
1722 3.7532113885e-01 4.8513509284e-06
1723 3.7531130465e-01 4.4970130302e-06
1724 3.7530071370e-01 3.8044565803e-06
1725 3.7528897180e-01 3.5382828695e-06
1726 3.7527710061e-01 3.4162482297e-06
1727 3.7526550058e-01 3.5374590762e-06
1728 3.7525446645e-01 3.4812835088e-06
1729 3.7524331928e-01 3.3640966567e-06
1730 3.7523175525e-01 3.3838168019e-06
1731 3.7521998059e-01 3.4370844257e-06
1732 3.7520859920e-01 3.3348110346e-06
1733 3.7519708630e-01 3.3579778678e-06
1734 3.7518535843e-01 3.4662037504e-06
1735 3.7517401453e-01 3.5948865351e-06
1736 3.7516342183e-01 3.7791674769e-06
1737 3.7515222907e-01 3.6937541966e-06
1738 3.7513965325e-01 3.5297698250e-06
1739 3.7512701459e-01 3.5919122570e-06
1740 3.7511445862e-01 3.5180575906e-06
1741 3.7510219770e-01 3.5438637171e-06
1742 3.7508939074e-01 3.4465486687e-06
1743 3.7507623018e-01 3.5055542602e-06
1744 3.7506365969e-01 3.6452521145e-06
1745 3.7505127473e-01 3.6851392762e-06
1746 3.7503886174e-01 3.4819269141e-06
1747 3.7502627525e-01 3.4246213745e-06
1748 3.7501364011e-01 3.4442652563e-06
1749 3.7500091131e-01 3.8220112700e-06
1750 3.7498861572e-01 4.4249198422e-06
1751 3.7497666553e-01 5.0231809446e-06
1752 3.7496474488e-01 4.9638582247e-06
1753 3.7495253967e-01 4.3611175833e-06
1754 3.7494018751e-01 3.8335918416e-06
1755 3.7492789956e-01 3.5119043438e-06
1756 3.7491504921e-01 3.7568992251e-06
1757 3.7490306913e-01 4.6121936179e-06
1758 3.7489189627e-01 4.4541071544e-06
1759 3.7487989428e-01 3.6823113822e-06
1760 3.7486676354e-01 3.4407065617e-06
1761 3.7485369386e-01 3.6186882358e-06
1762 3.7484043233e-01 4.2509709694e-06
1763 3.7482718569e-01 5.4337992614e-06
1764 3.7481487580e-01 6.0359084611e-06
1765 3.7480215378e-01 4.8439373035e-06
1766 3.7478798244e-01 3.8721630378e-06
1767 3.7477315920e-01 3.7079775780e-06
1768 3.7475868126e-01 3.8794280118e-06
1769 3.7474448928e-01 4.0483905913e-06
1770 3.7473097991e-01 3.9875618664e-06
1771 3.7471713815e-01 3.6533274411e-06
1772 3.7470278837e-01 3.6053095785e-06
1773 3.7468877550e-01 3.5763925494e-06
1774 3.7467487196e-01 3.7255785771e-06
1775 3.7466148891e-01 3.9762049290e-06
1776 3.7464884873e-01 3.6754846356e-06
1777 3.7463568466e-01 3.3494994285e-06
1778 3.7462168844e-01 3.3762105272e-06
1779 3.7460758580e-01 3.5343910641e-06
1780 3.7459389332e-01 3.7212493123e-06
1781 3.7458054151e-01 3.8083956178e-06
1782 3.7456671562e-01 3.7635563921e-06
1783 3.7455262444e-01 4.4056301761e-06
1784 3.7453962653e-01 5.6883397353e-06
1785 3.7452736601e-01 5.5022506537e-06
1786 3.7451390513e-01 4.2251487886e-06
1787 3.7449994234e-01 3.8573138553e-06
1788 3.7448597842e-01 3.7521950298e-06
1789 3.7447210418e-01 3.7601282790e-06
1790 3.7445811537e-01 3.6230357600e-06
1791 3.7444359514e-01 3.3859270822e-06
1792 3.7442841312e-01 3.2578888468e-06
1793 3.7441317362e-01 3.2932851294e-06
1794 3.7439838667e-01 3.2942934054e-06
1795 3.7438448102e-01 3.2407990515e-06
1796 3.7437049175e-01 3.3077644793e-06
1797 3.7435596485e-01 3.3657999584e-06
1798 3.7434141868e-01 3.3447457042e-06
1799 3.7432723156e-01 3.3858456409e-06
1800 3.7431317690e-01 3.3456518420e-06
1801 3.7429855662e-01 3.2737951484e-06
1802 3.7428359310e-01 3.2821755962e-06
1803 3.7426870525e-01 3.2956621207e-06
1804 3.7425365927e-01 3.3437174895e-06
1805 3.7423865594e-01 3.4263665189e-06
1806 3.7422393497e-01 3.6072833209e-06
1807 3.7420989246e-01 3.5876246264e-06
1808 3.7419558802e-01 3.4061662084e-06
1809 3.7418139946e-01 3.4549575558e-06
1810 3.7416791072e-01 3.2830539511e-06
1811 3.7415374354e-01 3.1681491950e-06
1812 3.7413972807e-01 3.2146715412e-06
1813 3.7412651337e-01 3.4778039710e-06
1814 3.7411297295e-01 3.4285699875e-06
1815 3.7409838780e-01 3.5936730095e-06
1816 3.7408454957e-01 3.9311484765e-06
1817 3.7407114587e-01 3.9965939080e-06
1818 3.7405707434e-01 3.7546303774e-06
1819 3.7404319223e-01 3.9490948242e-06
1820 3.7403005236e-01 4.4561050462e-06
1821 3.7401752327e-01 4.3981152222e-06
1822 3.7400433438e-01 3.6244118295e-06
1823 3.7399103958e-01 3.1860071178e-06
1824 3.7397744175e-01 3.6480378984e-06
1825 3.7396450444e-01 4.2704875190e-06
1826 3.7395156429e-01 4.1350992041e-06
1827 3.7393783083e-01 3.5904500095e-06
1828 3.7392364103e-01 3.3878835686e-06
1829 3.7390988598e-01 3.3961751927e-06
1830 3.7389610072e-01 3.6076654674e-06
1831 3.7388231998e-01 3.8296891452e-06
1832 3.7386846933e-01 4.3420285266e-06
1833 3.7385536944e-01 4.4576326891e-06
1834 3.7384150937e-01 3.9167342304e-06
1835 3.7382733331e-01 3.7588955010e-06
1836 3.7381332881e-01 3.7034384150e-06
1837 3.7379930491e-01 3.4839135055e-06
1838 3.7378525395e-01 3.5050795756e-06
1839 3.7377150683e-01 3.6670546311e-06
1840 3.7375925084e-01 3.5073226125e-06
1841 3.7374646624e-01 3.1279793319e-06
1842 3.7373303410e-01 3.5977792328e-06
1843 3.7371954062e-01 4.3272713460e-06
1844 3.7370654824e-01 4.9995740819e-06
1845 3.7369392529e-01 4.3844680167e-06
1846 3.7368009420e-01 3.4749077402e-06
1847 3.7366574892e-01 3.3575485758e-06
1848 3.7365141313e-01 3.2237406262e-06
1849 3.7363722382e-01 3.2725823290e-06
1850 3.7362303157e-01 3.1676670177e-06
1851 3.7360855291e-01 3.1668235365e-06
1852 3.7359426233e-01 3.4440156076e-06
1853 3.7358042456e-01 4.0355492272e-06
1854 3.7356661235e-01 4.1949450706e-06
1855 3.7355257285e-01 4.2479165637e-06
1856 3.7353888690e-01 4.2026852821e-06
1857 3.7352575441e-01 4.1959319092e-06
1858 3.7351264967e-01 3.7220914146e-06
1859 3.7349925406e-01 3.5409195656e-06
1860 3.7348619042e-01 3.5129378089e-06
1861 3.7347304007e-01 3.4503370353e-06
1862 3.7345951251e-01 3.6118295736e-06
1863 3.7344504582e-01 3.8119774950e-06
1864 3.7343018088e-01 4.5084830579e-06
1865 3.7341670718e-01 4.8143995679e-06
1866 3.7340267904e-01 3.8222781442e-06
1867 3.7338786998e-01 3.3067349090e-06
1868 3.7337336055e-01 3.3614472623e-06
1869 3.7335990381e-01 3.4685137591e-06
1870 3.7334644845e-01 3.1119589213e-06
1871 3.7333229924e-01 3.1404267341e-06
1872 3.7331898629e-01 3.4733533904e-06
1873 3.7330649984e-01 3.4758219769e-06
1874 3.7329277179e-01 3.2749748786e-06
1875 3.7327864846e-01 3.2909146357e-06
1876 3.7326396954e-01 3.4290568060e-06
1877 3.7324942485e-01 3.4557751053e-06
1878 3.7323466997e-01 3.3185987626e-06
1879 3.7321912834e-01 3.3407764730e-06
1880 3.7320343487e-01 3.3118981666e-06
1881 3.7318770205e-01 3.2859626532e-06
1882 3.7317271085e-01 3.3576946465e-06
1883 3.7315836062e-01 3.2320013249e-06
1884 3.7314447568e-01 3.4413466800e-06
1885 3.7313141058e-01 3.5028174278e-06
1886 3.7311765126e-01 3.1372098674e-06
1887 3.7310215487e-01 3.1616009105e-06
1888 3.7308691217e-01 3.7361437749e-06
1889 3.7307227825e-01 4.7650611698e-06
1890 3.7305792794e-01 4.9019459794e-06
1891 3.7304313798e-01 4.3724230535e-06
1892 3.7302779388e-01 4.1501169121e-06
1893 3.7301281849e-01 4.6597373960e-06
1894 3.7299758134e-01 4.5818551177e-06
1895 3.7298154339e-01 4.4112262380e-06
1896 3.7296545038e-01 4.3128371849e-06
1897 3.7294985506e-01 4.0554897128e-06
1898 3.7293362629e-01 3.5921788131e-06
1899 3.7291716505e-01 3.4085455789e-06
1900 3.7290070568e-01 3.4014939214e-06
1901 3.7288436383e-01 3.2532974664e-06
1902 3.7286773867e-01 3.1792281198e-06
1903 3.7285101251e-01 3.0697631035e-06
1904 3.7283437052e-01 3.0542391690e-06
1905 3.7281795048e-01 2.9526322982e-06
1906 3.7280172392e-01 3.0074863560e-06
1907 3.7278513788e-01 3.0240818764e-06
1908 3.7276883556e-01 2.9909930384e-06
1909 3.7275236582e-01 2.9262581036e-06
1910 3.7273540233e-01 3.0741948562e-06
1911 3.7271866695e-01 3.3125042133e-06
1912 3.7270227688e-01 3.4585061825e-06
1913 3.7268656684e-01 3.4322640919e-06
1914 3.7267047787e-01 3.0679008581e-06
1915 3.7265368830e-01 2.9566091828e-06
1916 3.7263782315e-01 3.1268288449e-06
1917 3.7262262619e-01 3.0902340542e-06
1918 3.7260703725e-01 2.9396520417e-06
1919 3.7259125342e-01 2.8884844963e-06
1920 3.7257575576e-01 3.0743871796e-06
1921 3.7256020126e-01 3.2769918935e-06
1922 3.7254457103e-01 3.2638760553e-06
1923 3.7252772010e-01 3.2653704655e-06
1924 3.7251046046e-01 3.2883832553e-06
1925 3.7249326778e-01 3.5317567383e-06
1926 3.7247656807e-01 4.0524169572e-06
1927 3.7246065023e-01 4.1829649121e-06
1928 3.7244348469e-01 3.8798929828e-06
1929 3.7242623932e-01 4.3533694519e-06
1930 3.7241000872e-01 4.3498206056e-06
1931 3.7239294707e-01 4.0292195130e-06
1932 3.7237588397e-01 3.8317372070e-06
1933 3.7235981561e-01 3.4907137656e-06
1934 3.7234333490e-01 3.1397095122e-06
1935 3.7232675858e-01 3.3361967718e-06
1936 3.7231055509e-01 3.8247882088e-06
1937 3.7229371785e-01 3.7146042865e-06
1938 3.7227625638e-01 3.4047301142e-06
1939 3.7225881077e-01 3.2608485083e-06
1940 3.7224163172e-01 3.2557256290e-06
1941 3.7222475464e-01 3.2872387968e-06
1942 3.7220754807e-01 3.2573488870e-06
1943 3.7219035560e-01 3.1254200094e-06
1944 3.7217194171e-01 3.1908638236e-06
1945 3.7215416460e-01 3.4340806370e-06
1946 3.7213694175e-01 3.6798034885e-06
1947 3.7211941056e-01 3.5932570968e-06
1948 3.7210233871e-01 3.3009088877e-06
1949 3.7208594430e-01 3.0480743698e-06
1950 3.7206981219e-01 3.3231176741e-06
1951 3.7205362083e-01 3.5349022009e-06
1952 3.7203646202e-01 3.1850327806e-06
1953 3.7201744874e-01 3.0034616489e-06
1954 3.7199792394e-01 2.9359663788e-06
1955 3.7197807247e-01 2.9084663670e-06
1956 3.7195911578e-01 2.9654261279e-06
1957 3.7194026804e-01 3.0842850872e-06
1958 3.7192162209e-01 3.3449061797e-06
1959 3.7190246201e-01 3.8575637285e-06
1960 3.7188345799e-01 4.8521076407e-06
1961 3.7186514138e-01 5.1696704946e-06
1962 3.7184696044e-01 4.2035336052e-06
1963 3.7182693763e-01 3.3496476212e-06
1964 3.7180529246e-01 3.1889183037e-06
1965 3.7178389578e-01 3.3486872294e-06
1966 3.7176260708e-01 4.4204151086e-06
1967 3.7174360233e-01 5.4370720308e-06
1968 3.7172367358e-01 4.7236568286e-06
1969 3.7170228448e-01 4.0286556010e-06
1970 3.7168084374e-01 3.5063653115e-06
1971 3.7165811535e-01 3.3493616458e-06
1972 3.7163520780e-01 3.4835873381e-06
1973 3.7161204759e-01 3.4352624112e-06
1974 3.7158824624e-01 3.6667465882e-06
1975 3.7156451014e-01 3.7111625021e-06
1976 3.7154046909e-01 3.8355367666e-06
1977 3.7151668531e-01 3.6105660833e-06
1978 3.7149307078e-01 3.3772809335e-06
1979 3.7147021329e-01 3.6015251926e-06
1980 3.7144878047e-01 3.6232305264e-06
1981 3.7142566804e-01 3.4839229240e-06
1982 3.7140094458e-01 3.4388936953e-06
1983 3.7137511750e-01 3.3874067923e-06
1984 3.7135112174e-01 3.7506628320e-06
1985 3.7132760669e-01 4.0006071175e-06
1986 3.7130355510e-01 4.8854331928e-06
1987 3.7128066664e-01 5.6712359512e-06
1988 3.7125786002e-01 4.9805298079e-06
1989 3.7123308764e-01 3.7212842282e-06
1990 3.7120650545e-01 3.4670484885e-06
1991 3.7117935079e-01 3.2731520965e-06
1992 3.7115256599e-01 3.3622359931e-06
1993 3.7112642363e-01 3.5776544592e-06
1994 3.7110235676e-01 3.5987240168e-06
1995 3.7107821782e-01 3.6048678311e-06
1996 3.7105399493e-01 3.4152375108e-06
1997 3.7102957803e-01 3.3185699364e-06
1998 3.7100484935e-01 3.3134105675e-06
1999 3.7097925039e-01 3.1783393698e-06
