iter rel_error rel_residual
0 9.4086292224e-01 4.1710625361e-01
1 9.1603989561e-01 2.2546234134e-01
2 8.9091985245e-01 1.5573706599e-01
3 8.7552873189e-01 8.0700679441e-02
4 8.5440870571e-01 6.0877485953e-02
5 8.3116180788e-01 5.2494380684e-02
6 8.1227706408e-01 4.4245010159e-02
7 7.9573999940e-01 3.7179611183e-02
8 7.8224365093e-01 3.1193187586e-02
9 7.7380397043e-01 3.0671538488e-02
10 7.6540503951e-01 2.8893479281e-02
11 7.5790680541e-01 2.3549512375e-02
12 7.5162461086e-01 1.7362402926e-02
13 7.4414496383e-01 1.6323170773e-02
14 7.3585015115e-01 1.2085256125e-02
15 7.2825415875e-01 1.3384919875e-02
16 7.2132106334e-01 1.4034331161e-02
17 7.1531076493e-01 1.3231132701e-02
18 7.0964322710e-01 1.2743288762e-02
19 7.0444539809e-01 1.0689010368e-02
20 6.9904802566e-01 1.1683803169e-02
21 6.9352611862e-01 1.2489805256e-02
22 6.8696641451e-01 1.1335004929e-02
23 6.7923402600e-01 1.0669656862e-02
24 6.7233863762e-01 9.5153896864e-03
25 6.6653204822e-01 1.0218198029e-02
26 6.6149392268e-01 1.0492527945e-02
27 6.5684658461e-01 1.1743784387e-02
28 6.5240738758e-01 1.5140737210e-02
29 6.4824083886e-01 1.3364132089e-02
30 6.4432633336e-01 9.7525906497e-03
31 6.4010106010e-01 8.4205077574e-03
32 6.3604405048e-01 6.9850446852e-03
33 6.3266063969e-01 6.4313242688e-03
34 6.2964732298e-01 6.0293453366e-03
35 6.2659978829e-01 5.5314371397e-03
36 6.2344356297e-01 5.6154691504e-03
37 6.2009174481e-01 4.2945749440e-03
38 6.1656203140e-01 4.8662206998e-03
39 6.1311594980e-01 4.6821710868e-03
40 6.0940506103e-01 4.4354227665e-03
41 6.0559264227e-01 4.8674774233e-03
42 6.0171968962e-01 4.4369377288e-03
43 5.9827268638e-01 4.1411114127e-03
44 5.9516258615e-01 4.0762714395e-03
45 5.9224860114e-01 3.7666236858e-03
46 5.8914518027e-01 3.8066864778e-03
47 5.8574642175e-01 3.4189157526e-03
48 5.8262770030e-01 3.6779469500e-03
49 5.7974049522e-01 3.5620079003e-03
50 5.7662729441e-01 3.3518142231e-03
51 5.7327051283e-01 3.5266688639e-03
52 5.7010479503e-01 3.0758502998e-03
53 5.6673666038e-01 3.4729844102e-03
54 5.6310746881e-01 3.2228360477e-03
55 5.5963193341e-01 3.3386928623e-03
56 5.5579567491e-01 3.6126948303e-03
57 5.5213064377e-01 3.9904955569e-03
58 5.4853713245e-01 3.8855700426e-03
59 5.4463444921e-01 3.9820642405e-03
60 5.4073471966e-01 3.3754421277e-03
61 5.3683070591e-01 3.7439524357e-03
62 5.3268606127e-01 4.0674534987e-03
63 5.2804887718e-01 3.9459613686e-03
64 5.2394639715e-01 4.0836566572e-03
65 5.2000074478e-01 3.8510101015e-03
66 5.1602114427e-01 3.8860998538e-03
67 5.1250862657e-01 4.2371983490e-03
68 5.0921089327e-01 3.8699343693e-03
69 5.0635593729e-01 3.2223319676e-03
70 5.0383611317e-01 3.2176034996e-03
71 5.0149790805e-01 2.9047133780e-03
72 4.9940508930e-01 3.2715177006e-03
73 4.9742161456e-01 3.0019635134e-03
74 4.9561807262e-01 3.7060482037e-03
75 4.9386070527e-01 3.5196607987e-03
76 4.9209214409e-01 2.7356136218e-03
77 4.9021728928e-01 2.1096010082e-03
78 4.8821271267e-01 2.2007915015e-03
79 4.8626083156e-01 2.7346934510e-03
80 4.8463101838e-01 3.5894852526e-03
81 4.8296575210e-01 2.9574924955e-03
82 4.8135444007e-01 2.5176218549e-03
83 4.7980014929e-01 1.9258637254e-03
84 4.7847513057e-01 1.8912671267e-03
85 4.7730702870e-01 1.6922347537e-03
86 4.7641430411e-01 2.0791554454e-03
87 4.7562512625e-01 2.9970972774e-03
88 4.7499129206e-01 2.9828544487e-03
89 4.7439451610e-01 1.7335592789e-03
90 4.7375708899e-01 1.5761329012e-03
91 4.7314889490e-01 1.6396249237e-03
92 4.7259560206e-01 1.5205197363e-03
93 4.7201979487e-01 1.7840864419e-03
94 4.7146162738e-01 2.2145793264e-03
95 4.7093512130e-01 2.5730131506e-03
96 4.7037678719e-01 2.0101900302e-03
97 4.6975997480e-01 1.5060796203e-03
98 4.6905109624e-01 1.3335577331e-03
99 4.6839780428e-01 1.3507651574e-03
100 4.6777679465e-01 1.2928976311e-03
101 4.6707638717e-01 1.1189353006e-03
102 4.6639174848e-01 1.1516851564e-03
103 4.6577940016e-01 1.1979805101e-03
104 4.6521892014e-01 1.1748257983e-03
105 4.6473492657e-01 1.0799021871e-03
106 4.6424944434e-01 1.0933516598e-03
107 4.6365348200e-01 9.5934837232e-04
108 4.6301888164e-01 9.2276144093e-04
109 4.6230600329e-01 1.0893605403e-03
110 4.6160490466e-01 1.1632222575e-03
111 4.6099263699e-01 9.5619463366e-04
112 4.6040152989e-01 8.5386453263e-04
113 4.5990182305e-01 9.0406159656e-04
114 4.5942610621e-01 7.8971311319e-04
115 4.5896507063e-01 6.9496282714e-04
116 4.5852449622e-01 6.9686488059e-04
117 4.5812838199e-01 5.4881502698e-04
118 4.5777187714e-01 5.5742245685e-04
119 4.5747087798e-01 5.7144139649e-04
120 4.5716743855e-01 5.3478782944e-04
121 4.5678191966e-01 4.7138218358e-04
122 4.5636622671e-01 5.1702418551e-04
123 4.5595343209e-01 5.2287849755e-04
124 4.5544250314e-01 4.5671072298e-04
125 4.5492281256e-01 4.7891798438e-04
126 4.5431085954e-01 4.8419712674e-04
127 4.5366070265e-01 5.5333647188e-04
128 4.5313273339e-01 5.7674036415e-04
129 4.5259904940e-01 5.5035190253e-04
130 4.5200193734e-01 5.3496095571e-04
131 4.5143911388e-01 5.0283520706e-04
132 4.5081363965e-01 4.7514731093e-04
133 4.5016312699e-01 4.5728015554e-04
134 4.4949950982e-01 4.8755389013e-04
135 4.4884258976e-01 6.7142996040e-04
136 4.4824493209e-01 9.4995395431e-04
137 4.4771870351e-01 8.6099969611e-04
138 4.4717303962e-01 5.6065752961e-04
139 4.4660375146e-01 4.6754479196e-04
140 4.4602175620e-01 6.0619770355e-04
141 4.4557183314e-01 8.8129573303e-04
142 4.4513001061e-01 4.9670195406e-04
143 4.4453046815e-01 4.0758607857e-04
144 4.4390282079e-01 3.9599120164e-04
145 4.4328055374e-01 4.5122907805e-04
146 4.4270548697e-01 6.0963320958e-04
147 4.4220265532e-01 7.7381952579e-04
148 4.4172950480e-01 5.6111733373e-04
149 4.4119239097e-01 5.0880580659e-04
150 4.4065061207e-01 3.8700393798e-04
151 4.4012018966e-01 3.9398907335e-04
152 4.3959296021e-01 4.0460862180e-04
153 4.3902779650e-01 3.0967049791e-04
154 4.3844343642e-01 3.5425635599e-04
155 4.3791983696e-01 3.9347878199e-04
156 4.3749723360e-01 4.0043963590e-04
157 4.3710494641e-01 5.5707272828e-04
158 4.3676093900e-01 4.7357093026e-04
159 4.3638858018e-01 3.6976611992e-04
160 4.3600824732e-01 3.2396785579e-04
161 4.3554368060e-01 2.9063894513e-04
162 4.3502151140e-01 2.7617001369e-04
163 4.3446355415e-01 2.7384289841e-04
164 4.3387892253e-01 2.9974039991e-04
165 4.3331385516e-01 2.9377281048e-04
166 4.3275361603e-01 2.8958546950e-04
167 4.3209928235e-01 3.1133837821e-04
168 4.3148204369e-01 3.0392994598e-04
169 4.3084601287e-01 2.8726990108e-04
170 4.3010989984e-01 2.8613621259e-04
171 4.2937001457e-01 3.4495807689e-04
172 4.2870417796e-01 3.8330052088e-04
173 4.2809018270e-01 3.0887823021e-04
174 4.2748879651e-01 2.4779885554e-04
175 4.2694597901e-01 2.9228992959e-04
176 4.2641388015e-01 2.7763798167e-04
177 4.2584273341e-01 3.0951175482e-04
178 4.2528015987e-01 3.3482108865e-04
179 4.2472360454e-01 2.8906400751e-04
180 4.2410637724e-01 2.4486691434e-04
181 4.2350609737e-01 2.5791967660e-04
182 4.2297337341e-01 2.6538866200e-04
183 4.2243018700e-01 2.5088545374e-04
184 4.2182246616e-01 2.2957155590e-04
185 4.2131551717e-01 2.5204310554e-04
186 4.2079242041e-01 2.1753972760e-04
187 4.2016469195e-01 2.0019057604e-04
188 4.1958954507e-01 2.3099535992e-04
189 4.1904208405e-01 2.3350240835e-04
190 4.1847595607e-01 2.0571880365e-04
191 4.1787090691e-01 2.2557796072e-04
192 4.1737254538e-01 2.6311915840e-04
193 4.1681589903e-01 2.2225200839e-04
194 4.1617931173e-01 2.6129019943e-04
195 4.1558342965e-01 2.5616275492e-04
196 4.1500486723e-01 3.1328680976e-04
197 4.1440160402e-01 3.0512894878e-04
198 4.1379706817e-01 3.9098536942e-04
199 4.1324196332e-01 3.8884672260e-04
200 4.1261235066e-01 2.9933984948e-04
201 4.1192523819e-01 2.6176889707e-04
202 4.1116004705e-01 2.5217944754e-04
203 4.1028638421e-01 2.5623035547e-04
204 4.0944165575e-01 3.4091211117e-04
205 4.0869157289e-01 4.5743456188e-04
206 4.0783610697e-01 4.5416811464e-04
207 4.0683023211e-01 3.5955917597e-04
208 4.0575887410e-01 4.2565950214e-04
209 4.0465768196e-01 4.1415536523e-04
210 4.0349024721e-01 4.3165673939e-04
211 4.0223937678e-01 4.4061035155e-04
212 4.0081418754e-01 5.3004684014e-04
213 3.9943595455e-01 7.1902354528e-04
214 3.9811870494e-01 5.9421711984e-04
215 3.9666213425e-01 4.9485385838e-04
216 3.9517100078e-01 4.3964234154e-04
217 3.9365774394e-01 3.6136032068e-04
218 3.9230903953e-01 3.4725306311e-04
219 3.9117241274e-01 3.9325795991e-04
220 3.9041398579e-01 4.6754831467e-04
221 3.8960793750e-01 3.8075398752e-04
222 3.8884700452e-01 4.1195163338e-04
223 3.8826483719e-01 4.1357997580e-04
224 3.8772985840e-01 3.5918326350e-04
225 3.8726950792e-01 5.3475395625e-04
226 3.8693341531e-01 6.5977587350e-04
227 3.8666104371e-01 5.3494006282e-04
228 3.8637874708e-01 4.2980648063e-04
229 3.8610974147e-01 3.6061994675e-04
230 3.8585830775e-01 3.0958173607e-04
231 3.8563560339e-01 3.1248408352e-04
232 3.8547740685e-01 3.3666821744e-04
233 3.8541094140e-01 3.7243999068e-04
234 3.8541019629e-01 3.4869168457e-04
235 3.8544107846e-01 3.1617117085e-04
236 3.8547309881e-01 2.9813906542e-04
237 3.8550430203e-01 2.9995548378e-04
238 3.8554140502e-01 3.0288300400e-04
239 3.8556623689e-01 3.1314764601e-04
240 3.8560826697e-01 3.3290273911e-04
241 3.8563355494e-01 3.5712928071e-04
242 3.8564265522e-01 2.8531729760e-04
243 3.8563976413e-01 2.8414888804e-04
244 3.8561063099e-01 3.0982336111e-04
245 3.8554742507e-01 3.1829072197e-04
246 3.8545148397e-01 3.0331599610e-04
247 3.8533112614e-01 2.8337084877e-04
248 3.8523580763e-01 2.9278198277e-04
249 3.8513271838e-01 2.9559868578e-04
250 3.8498906083e-01 2.8709066370e-04
251 3.8483446130e-01 3.5545824265e-04
252 3.8469738210e-01 6.3615057627e-04
253 3.8458629490e-01 6.4336851759e-04
254 3.8446352734e-01 3.7732325070e-04
255 3.8434834943e-01 3.2043711030e-04
256 3.8423855678e-01 3.7792107028e-04
257 3.8414120563e-01 4.3110999621e-04
258 3.8403665132e-01 3.9019647432e-04
259 3.8390801086e-01 4.4245879075e-04
260 3.8375340011e-01 4.5461552700e-04
261 3.8359223765e-01 4.7857524821e-04
262 3.8346419720e-01 5.6498300485e-04
263 3.8334511716e-01 5.1898345717e-04
264 3.8318977789e-01 4.5765276879e-04
265 3.8303820694e-01 4.0544680025e-04
266 3.8288069393e-01 3.6147252059e-04
267 3.8272336882e-01 3.8478551058e-04
268 3.8258089426e-01 4.8002676429e-04
269 3.8244021390e-01 5.6925551542e-04
270 3.8230749917e-01 5.5640735177e-04
271 3.8217381260e-01 4.4045661829e-04
272 3.8205428273e-01 3.7823910002e-04
273 3.8193703783e-01 3.1054240504e-04
274 3.8182771302e-01 3.2429331857e-04
275 3.8174132459e-01 4.4909414885e-04
276 3.8163805616e-01 3.3848453754e-04
277 3.8151131864e-01 3.0724235475e-04
278 3.8139333816e-01 3.4471406322e-04
279 3.8125147359e-01 3.1621904442e-04
280 3.8113829828e-01 3.6703033605e-04
281 3.8099811643e-01 3.2336610310e-04
282 3.8079599728e-01 3.0343882845e-04
283 3.8058193621e-01 4.1847157292e-04
284 3.8032328317e-01 4.2939440152e-04
285 3.8005659332e-01 4.3827892346e-04
286 3.7981245662e-01 3.2160357868e-04
287 3.7952718940e-01 2.3896469261e-04
288 3.7915510134e-01 2.2187262988e-04
289 3.7877530084e-01 2.7045346235e-04
290 3.7838694590e-01 2.4555093844e-04
291 3.7780366653e-01 2.1180172574e-04
292 3.7722122171e-01 2.3962717738e-04
293 3.7669107278e-01 2.2838760355e-04
294 3.7609659969e-01 2.2382444369e-04
295 3.7537536771e-01 2.2374235173e-04
296 3.7460385726e-01 2.6265628051e-04
297 3.7390865650e-01 3.6638714698e-04
298 3.7321698659e-01 2.6998235786e-04
299 3.7240334857e-01 2.3924691057e-04
300 3.7176790489e-01 3.1316608361e-04
301 3.7103690926e-01 2.2199650664e-04
302 3.7016678868e-01 2.3182726064e-04
303 3.6947828347e-01 2.6340424884e-04
304 3.6856993985e-01 2.1268717656e-04
305 3.6749794232e-01 1.9570878111e-04
306 3.6626080774e-01 1.8576052004e-04
307 3.6495594068e-01 2.1131483584e-04
308 3.6348374089e-01 2.1512879472e-04
309 3.6204650522e-01 2.5430300786e-04
310 3.6101353282e-01 2.8558534538e-04
311 3.5964872787e-01 2.1609407055e-04
312 3.5809901883e-01 2.4232128785e-04
313 3.5666661575e-01 3.2278189853e-04
314 3.5536547364e-01 4.2102218982e-04
315 3.5411127219e-01 5.2856314042e-04
316 3.5296065283e-01 4.8841393477e-04
317 3.5173898179e-01 3.2397716754e-04
318 3.5038842966e-01 2.8103765404e-04
319 3.4908868270e-01 2.6905199640e-04
320 3.4782185689e-01 2.4211804484e-04
321 3.4667230953e-01 2.4272475836e-04
322 3.4557589959e-01 2.7392116372e-04
323 3.4425914946e-01 2.3920174808e-04
324 3.4299085515e-01 4.6178580542e-04
325 3.4215623596e-01 3.8896497697e-04
326 3.4101595028e-01 2.0268046061e-04
327 3.3968671061e-01 1.5558202615e-04
328 3.3828752038e-01 1.6284910777e-04
329 3.3683354281e-01 2.3535927319e-04
330 3.3564349039e-01 4.1935568871e-04
331 3.3463037995e-01 3.9432777702e-04
332 3.3332297666e-01 3.0818626912e-04
333 3.3190873260e-01 3.0736824185e-04
334 3.3046862054e-01 3.1326489126e-04
335 3.2891855305e-01 2.5228792053e-04
336 3.2694400432e-01 1.9360559348e-04
337 3.2456484469e-01 2.0485975676e-04
338 3.2225430533e-01 2.3617119565e-04
339 3.2027484530e-01 2.5789477736e-04
340 3.1807902056e-01 2.5428860568e-04
341 3.1597172126e-01 4.5442454472e-04
342 3.1439320891e-01 4.0158888728e-04
343 3.1221036505e-01 3.3849856914e-04
344 3.1040589854e-01 3.1936203147e-04
345 3.0845173901e-01 2.4403484924e-04
346 3.0661798186e-01 2.8260513336e-04
347 3.0511983539e-01 2.2512098120e-04
348 3.0321402864e-01 1.8409914669e-04
349 3.0133943380e-01 2.0247469978e-04
350 2.9953186236e-01 2.0965584023e-04
351 2.9793007348e-01 2.0980140408e-04
352 2.9635683892e-01 1.8825834322e-04
353 2.9481547452e-01 1.7161302018e-04
354 2.9347426056e-01 2.0397428087e-04
355 2.9236642535e-01 2.0673850902e-04
356 2.9114017657e-01 2.0405027625e-04
357 2.8989398406e-01 1.8276778909e-04
358 2.8850929119e-01 1.7226323702e-04
359 2.8724586785e-01 1.7631573684e-04
360 2.8616996544e-01 1.8357017631e-04
361 2.8504071263e-01 1.5849224406e-04
362 2.8398986274e-01 1.7992935081e-04
363 2.8309699569e-01 1.8596613045e-04
364 2.8212966007e-01 1.4465485833e-04
365 2.8100796991e-01 1.3325834111e-04
366 2.7998498276e-01 1.3604760292e-04
367 2.7914977762e-01 1.3532583211e-04
368 2.7830635965e-01 1.2634754500e-04
369 2.7754446277e-01 1.3619315232e-04
370 2.7695519172e-01 2.2856244978e-04
371 2.7639974902e-01 2.3444521058e-04
372 2.7590440753e-01 1.8160366226e-04
373 2.7533952506e-01 1.1677342441e-04
374 2.7477810022e-01 1.3541378667e-04
375 2.7422605742e-01 1.1740157400e-04
376 2.7355262186e-01 1.2566333255e-04
377 2.7301396696e-01 1.5390689065e-04
378 2.7240576025e-01 1.2211026597e-04
379 2.7167446428e-01 1.1235750571e-04
380 2.7100861951e-01 1.3089499391e-04
381 2.7034476268e-01 1.1131594215e-04
382 2.6963434191e-01 1.2122327282e-04
383 2.6904328878e-01 1.5444475814e-04
384 2.6838180709e-01 1.6997391766e-04
385 2.6775037886e-01 2.6360897416e-04
386 2.6728640430e-01 2.4285513498e-04
387 2.6665671275e-01 1.2847044093e-04
388 2.6600496371e-01 1.2004191880e-04
389 2.6543465617e-01 1.2567843451e-04
390 2.6496862217e-01 1.2077245438e-04
391 2.6449618455e-01 1.2190503448e-04
392 2.6405661691e-01 1.4307602852e-04
393 2.6368904870e-01 1.8153599953e-04
394 2.6336728675e-01 2.3287156485e-04
395 2.6308302564e-01 1.6823240259e-04
396 2.6278337461e-01 1.1295614732e-04
397 2.6251329765e-01 9.5280914321e-05
398 2.6227312986e-01 8.8489971314e-05
399 2.6206897404e-01 8.7203780402e-05
400 2.6185103820e-01 7.9959231876e-05
401 2.6164058198e-01 9.5007183010e-05
402 2.6147375898e-01 9.8030763239e-05
403 2.6129366482e-01 7.3037309571e-05
404 2.6110877267e-01 8.4851520624e-05
405 2.6096738902e-01 9.4290325917e-05
406 2.6081527621e-01 9.3335072249e-05
407 2.6065857762e-01 1.5475039552e-04
408 2.6053316475e-01 1.3045458682e-04
409 2.6036995369e-01 7.3863866007e-05
410 2.6020138234e-01 8.2107072646e-05
411 2.6003505894e-01 8.0405631998e-05
412 2.5984550275e-01 7.1115808978e-05
413 2.5965871047e-01 8.3426607022e-05
414 2.5949239693e-01 8.4620536704e-05
415 2.5930123935e-01 7.4129829222e-05
416 2.5911378628e-01 8.4251946327e-05
417 2.5894197162e-01 7.6719189317e-05
418 2.5873557406e-01 6.7713681407e-05
419 2.5851594391e-01 7.2173361559e-05
420 2.5833008569e-01 7.8989383823e-05
421 2.5813895965e-01 6.8998498169e-05
422 2.5791472157e-01 6.3040474024e-05
423 2.5770900492e-01 8.2932402304e-05
424 2.5753263649e-01 8.0276626196e-05
425 2.5738594816e-01 7.9633097049e-05
426 2.5723933932e-01 7.3387246441e-05
427 2.5706898224e-01 6.4355225899e-05
428 2.5689345001e-01 7.6495102383e-05
429 2.5673635650e-01 8.8389771222e-05
430 2.5658551436e-01 1.4340570999e-04
431 2.5647030937e-01 1.1000227403e-04
432 2.5628839988e-01 6.5223410568e-05
433 2.5610398221e-01 7.4041208580e-05
434 2.5595932530e-01 7.1325345086e-05
435 2.5576826550e-01 5.8125314538e-05
436 2.5558875303e-01 7.9569592054e-05
437 2.5543536141e-01 7.4556562535e-05
438 2.5525952478e-01 6.1393794222e-05
439 2.5508157988e-01 7.6294194216e-05
440 2.5497197848e-01 8.4755549551e-05
441 2.5486355316e-01 5.7456298277e-05
442 2.5476540627e-01 8.9697444882e-05
443 2.5468593496e-01 6.4763453990e-05
444 2.5458069319e-01 6.0035675809e-05
445 2.5450217503e-01 1.1289892728e-04
446 2.5443516754e-01 6.7796042463e-05
447 2.5435377250e-01 7.1063879904e-05
448 2.5428795904e-01 6.7765013766e-05
449 2.5420006278e-01 5.0411451619e-05
450 2.5411821610e-01 6.3538698128e-05
451 2.5404420961e-01 5.8079907352e-05
452 2.5396442054e-01 5.5618541939e-05
453 2.5390242662e-01 6.3338047025e-05
454 2.5382703201e-01 4.5359907710e-05
455 2.5375036647e-01 5.0825634002e-05
456 2.5368223675e-01 6.4167535782e-05
457 2.5362401623e-01 8.1067129518e-05
458 2.5356713150e-01 9.8335960761e-05
459 2.5351579679e-01 8.3276862026e-05
460 2.5345738285e-01 6.3971659689e-05
461 2.5339913676e-01 5.7515549888e-05
462 2.5333965203e-01 4.8689932309e-05
463 2.5328220180e-01 5.2293405054e-05
464 2.5322837589e-01 5.4602301527e-05
465 2.5316865286e-01 5.0378052352e-05
466 2.5310863582e-01 5.6364548069e-05
467 2.5306430290e-01 5.8454527081e-05
468 2.5301714252e-01 5.5191972938e-05
469 2.5297068425e-01 6.2425936596e-05
470 2.5292415295e-01 6.8693667501e-05
471 2.5288474347e-01 8.8620352296e-05
472 2.5285302005e-01 8.5243957345e-05
473 2.5281815972e-01 7.8985664346e-05
474 2.5278032095e-01 4.9676551301e-05
475 2.5273823025e-01 4.1348541581e-05
476 2.5269160208e-01 4.9432237164e-05
477 2.5265428073e-01 5.4199237228e-05
478 2.5261332545e-01 4.6520718590e-05
479 2.5257044393e-01 4.6600436447e-05
480 2.5252935495e-01 5.6075980817e-05
481 2.5249748739e-01 5.6612253149e-05
482 2.5245908369e-01 5.0210361787e-05
483 2.5242755544e-01 5.7821330300e-05
484 2.5240128039e-01 5.2125943605e-05
485 2.5237522556e-01 4.3601037720e-05
486 2.5235080890e-01 6.5952209158e-05
487 2.5233569893e-01 1.0594000597e-04
488 2.5232101814e-01 6.3359235882e-05
489 2.5230386706e-01 4.7278667980e-05
490 2.5228981554e-01 4.3477366451e-05
491 2.5227758635e-01 3.9203531121e-05
492 2.5226614903e-01 4.2511355851e-05
493 2.5225462605e-01 3.9726064823e-05
494 2.5224497376e-01 4.0307682521e-05
495 2.5223685218e-01 4.4308521755e-05
496 2.5222403764e-01 3.5994010030e-05
497 2.5220707068e-01 3.6765442962e-05
498 2.5219803087e-01 3.5061214243e-05
499 2.5218742899e-01 3.3177237644e-05
500 2.5217620249e-01 3.9498737814e-05
501 2.5216756973e-01 5.0827522469e-05
502 2.5215906142e-01 4.1536392949e-05
503 2.5215094566e-01 5.3313577345e-05
504 2.5214312729e-01 5.0251188563e-05
505 2.5213536706e-01 6.9455862953e-05
506 2.5213290237e-01 6.4189761659e-05
507 2.5213256646e-01 3.6239347295e-05
508 2.5213546691e-01 3.6179481666e-05
509 2.5214227089e-01 4.3148644626e-05
510 2.5214994429e-01 3.3442915105e-05
511 2.5215818082e-01 3.4734934312e-05
512 2.5216689448e-01 3.8325497540e-05
513 2.5217954431e-01 3.3982522808e-05
514 2.5219618481e-01 4.2634629309e-05
515 2.5220968666e-01 6.2385177861e-05
516 2.5222054911e-01 7.8014427964e-05
517 2.5223323094e-01 4.2957228088e-05
518 2.5225191436e-01 3.1336765425e-05
519 2.5226907775e-01 3.5163712730e-05
520 2.5228177910e-01 3.6594593996e-05
521 2.5229896564e-01 3.2590660705e-05
522 2.5232239483e-01 3.5396809452e-05
523 2.5234426521e-01 4.4094432473e-05
524 2.5236580218e-01 3.7428408530e-05
525 2.5238874722e-01 3.9244341737e-05
526 2.5240742258e-01 4.1701579960e-05
527 2.5243018698e-01 3.6121066817e-05
528 2.5245821426e-01 3.8017732610e-05
529 2.5249285634e-01 5.4986351988e-05
530 2.5252126381e-01 8.6186504926e-05
531 2.5256102400e-01 5.5321322552e-05
532 2.5260826465e-01 5.3022327947e-05
533 2.5265211965e-01 4.9763946214e-05
534 2.5271152775e-01 4.6426778525e-05
535 2.5278250737e-01 4.6992338668e-05
536 2.5284871500e-01 5.2103782637e-05
537 2.5291551926e-01 5.0158916169e-05
538 2.5300698092e-01 4.4494251118e-05
539 2.5312561295e-01 4.5019447609e-05
540 2.5324349338e-01 5.7304292290e-05
541 2.5335083482e-01 5.6532676246e-05
542 2.5347442729e-01 4.9659926771e-05
543 2.5361707157e-01 5.8299849631e-05
544 2.5375570273e-01 6.8283211428e-05
545 2.5390562427e-01 6.7776557753e-05
546 2.5405111665e-01 1.1346584068e-04
547 2.5418178526e-01 8.4455658230e-05
548 2.5433205958e-01 6.4692137497e-05
549 2.5449459082e-01 5.4444990416e-05
550 2.5465018252e-01 6.9191095481e-05
551 2.5480190960e-01 5.5343180627e-05
552 2.5498643596e-01 5.2474878557e-05
553 2.5515279693e-01 5.8154804270e-05
554 2.5531212746e-01 4.5107673584e-05
555 2.5547253606e-01 5.1441023941e-05
556 2.5561842871e-01 5.4616576805e-05
557 2.5578123096e-01 4.5035791254e-05
558 2.5593572519e-01 5.0490033435e-05
559 2.5609066121e-01 4.8295686344e-05
560 2.5625633679e-01 4.7848085477e-05
561 2.5641269076e-01 4.5998094849e-05
562 2.5656982875e-01 4.6650645094e-05
563 2.5671997264e-01 4.2416327422e-05
564 2.5686294743e-01 4.6684931102e-05
565 2.5699637388e-01 6.5159821170e-05
566 2.5712239506e-01 8.2196558213e-05
567 2.5724799139e-01 8.4086982192e-05
568 2.5738710906e-01 5.9472303867e-05
569 2.5754437600e-01 4.8553713847e-05
570 2.5769731295e-01 4.1540783272e-05
571 2.5782799874e-01 4.5523545638e-05
572 2.5795484564e-01 4.2056304481e-05
573 2.5809525763e-01 3.7462379001e-05
574 2.5823603742e-01 3.6738367093e-05
575 2.5838032586e-01 3.7112593929e-05
576 2.5849879785e-01 4.5740638989e-05
577 2.5859977728e-01 4.5401517072e-05
578 2.5872109750e-01 5.4935063135e-05
579 2.5882571707e-01 1.0275823987e-04
580 2.5892565465e-01 6.5796545140e-05
581 2.5904635102e-01 4.3553481304e-05
582 2.5917960969e-01 3.7860290618e-05
583 2.5932412275e-01 3.6791758844e-05
584 2.5947305651e-01 4.5276663441e-05
585 2.5958060866e-01 5.5845503285e-05
586 2.5971388679e-01 4.1117102914e-05
587 2.5984589739e-01 3.8924008032e-05
588 2.5995520181e-01 3.8220128992e-05
589 2.6007087782e-01 3.8951131863e-05
590 2.6017497309e-01 8.0981084670e-05
591 2.6024502131e-01 8.9810404036e-05
592 2.6033942985e-01 4.6865633332e-05
593 2.6043789910e-01 3.9278551900e-05
594 2.6053669651e-01 3.7095700747e-05
595 2.6064489793e-01 4.0374866583e-05
596 2.6075915475e-01 6.2699792987e-05
597 2.6085055456e-01 7.7756686866e-05
598 2.6094871200e-01 5.3217398139e-05
599 2.6104343500e-01 8.8940202627e-05
600 2.6110198145e-01 7.6312721993e-05
601 2.6119288734e-01 4.0608659444e-05
602 2.6127944295e-01 5.6283154760e-05
603 2.6134804651e-01 5.3950667519e-05
604 2.6142817710e-01 4.4396015455e-05
605 2.6149066221e-01 5.5576291769e-05
606 2.6157025638e-01 3.6869280810e-05
607 2.6165045056e-01 3.8726900865e-05
608 2.6171125977e-01 5.0092872215e-05
609 2.6177034714e-01 3.8161511265e-05
610 2.6182621934e-01 4.2253892774e-05
611 2.6187295495e-01 4.1205282585e-05
612 2.6192298973e-01 4.4805426283e-05
613 2.6195993389e-01 4.0441339004e-05
614 2.6199782808e-01 3.6865859005e-05
615 2.6202823958e-01 4.5569795688e-05
616 2.6205677956e-01 4.1837312500e-05
617 2.6208435190e-01 3.9542284051e-05
618 2.6210810660e-01 4.5575224278e-05
619 2.6212812410e-01 4.3008896049e-05
620 2.6214581559e-01 3.9425250205e-05
621 2.6215896117e-01 4.5360978853e-05
622 2.6216928511e-01 6.2360158412e-05
623 2.6217805912e-01 5.7060945988e-05
624 2.6218907319e-01 5.5992990870e-05
625 2.6219655786e-01 4.0287655773e-05
626 2.6220255161e-01 3.8526117516e-05
627 2.6220588043e-01 4.0974766495e-05
628 2.6221175741e-01 3.3215631596e-05
629 2.6221978560e-01 4.1735415453e-05
630 2.6222631301e-01 3.3043623017e-05
631 2.6223248888e-01 3.3629447168e-05
632 2.6224075610e-01 5.0669734851e-05
633 2.6224509370e-01 4.5201805710e-05
634 2.6224745360e-01 3.5707299507e-05
635 2.6225208695e-01 3.6751376423e-05
636 2.6225888769e-01 3.3023674745e-05
637 2.6226589963e-01 3.5972386685e-05
638 2.6227011454e-01 4.2723272047e-05
639 2.6227201566e-01 4.6122247135e-05
640 2.6227167033e-01 6.0415210090e-05
641 2.6226887432e-01 6.3935628714e-05
642 2.6226603125e-01 4.6207122364e-05
643 2.6226285918e-01 3.2342563316e-05
644 2.6226217289e-01 3.6411065533e-05
645 2.6226081710e-01 3.5528611861e-05
646 2.6225382099e-01 3.2752736106e-05
647 2.6224559662e-01 3.5531938301e-05
648 2.6223447408e-01 3.6824913000e-05
649 2.6222415548e-01 3.6281127642e-05
650 2.6221778943e-01 3.6436577700e-05
651 2.6221113102e-01 3.7613396724e-05
652 2.6219894520e-01 3.9610090037e-05
653 2.6218499101e-01 5.4704556324e-05
654 2.6217281397e-01 8.1464737072e-05
655 2.6216055238e-01 6.5445000710e-05
656 2.6213957368e-01 3.7651690063e-05
657 2.6211282617e-01 3.2771702624e-05
658 2.6208814532e-01 3.6045381243e-05
659 2.6206000862e-01 6.6649720060e-05
660 2.6202924081e-01 7.3197639086e-05
661 2.6199884514e-01 8.1957766268e-05
662 2.6196408476e-01 6.4671355802e-05
663 2.6192361540e-01 4.8098291848e-05
664 2.6187524374e-01 3.7327317829e-05
665 2.6182161113e-01 4.2289416665e-05
666 2.6177817527e-01 5.3091479489e-05
667 2.6173039630e-01 4.3702699933e-05
668 2.6167710541e-01 5.5600102395e-05
669 2.6162623471e-01 4.6455565103e-05
670 2.6156347558e-01 3.9858778325e-05
671 2.6149428066e-01 4.9912145633e-05
672 2.6144177745e-01 4.6975286217e-05
673 2.6136985271e-01 4.2228346153e-05
674 2.6129055290e-01 4.3223211560e-05
675 2.6120752761e-01 5.5542935126e-05
676 2.6113633514e-01 5.6804391378e-05
677 2.6105852865e-01 5.1478350415e-05
678 2.6098384720e-01 5.6742190053e-05
679 2.6090681867e-01 5.2563005207e-05
680 2.6082875917e-01 5.0211280676e-05
681 2.6075560063e-01 5.4172393757e-05
682 2.6069218185e-01 9.4332616643e-05
683 2.6063385546e-01 8.8164470744e-05
684 2.6058025619e-01 6.3295885940e-05
685 2.6052050349e-01 4.5863956984e-05
686 2.6045826729e-01 4.4664262197e-05
687 2.6040356445e-01 4.7313454787e-05
688 2.6035622295e-01 4.7390921810e-05
689 2.6029917633e-01 4.2965673245e-05
690 2.6024480668e-01 5.0066412582e-05
691 2.6019112466e-01 4.9089769399e-05
692 2.6013375648e-01 4.5562017062e-05
693 2.6007368637e-01 4.0076424347e-05
694 2.6001522259e-01 4.3494120014e-05
695 2.5995536194e-01 3.9597733583e-05
696 2.5989588309e-01 4.3317525982e-05
697 2.5984393202e-01 4.7228861911e-05
698 2.5978443530e-01 4.5531311193e-05
699 2.5972496152e-01 5.5147539880e-05
700 2.5967442995e-01 5.4028844544e-05
701 2.5961446551e-01 5.5573268541e-05
702 2.5955245837e-01 9.5386334499e-05
703 2.5949918519e-01 9.0833751423e-05
704 2.5943132985e-01 4.6931782666e-05
705 2.5935446056e-01 3.7302971150e-05
706 2.5929189547e-01 5.0998930533e-05
707 2.5923417136e-01 4.9047114754e-05
708 2.5916651273e-01 4.3417154428e-05
709 2.5910526749e-01 4.2650505972e-05
710 2.5903989701e-01 4.5404930623e-05
711 2.5896969214e-01 4.7209053489e-05
712 2.5891548103e-01 5.0967488814e-05
713 2.5885681919e-01 5.0786319299e-05
714 2.5878758769e-01 3.9994277651e-05
715 2.5870817362e-01 5.7157246573e-05
716 2.5865208881e-01 1.1610491858e-04
717 2.5859455190e-01 6.1805917503e-05
718 2.5852023645e-01 5.5853606646e-05
719 2.5845836449e-01 5.6638928219e-05
720 2.5839594943e-01 7.1172267598e-05
721 2.5834564123e-01 9.6500191135e-05
722 2.5829550712e-01 6.5840633139e-05
723 2.5823408535e-01 4.8803186924e-05
724 2.5817254132e-01 5.8483452469e-05
725 2.5810743442e-01 5.7034701162e-05
726 2.5804274415e-01 5.2868613923e-05
727 2.5797675127e-01 5.6999089192e-05
728 2.5791731373e-01 5.5324088549e-05
729 2.5785449514e-01 5.0717380556e-05
730 2.5778908477e-01 5.7427341763e-05
731 2.5772037840e-01 5.3857779441e-05
732 2.5763878038e-01 4.3603932387e-05
733 2.5754575283e-01 4.3381482189e-05
734 2.5746841862e-01 5.0626556661e-05
735 2.5739163430e-01 4.0080785031e-05
736 2.5730424843e-01 3.7119217645e-05
737 2.5724427082e-01 3.9797138829e-05
738 2.5717314151e-01 3.7912525559e-05
739 2.5708828153e-01 4.3768194724e-05
740 2.5701787773e-01 6.6681600833e-05
741 2.5695667418e-01 7.1224314931e-05
742 2.5689053684e-01 7.5789930954e-05
743 2.5682182199e-01 6.2270438417e-05
744 2.5674848452e-01 6.5316287524e-05
745 2.5668227718e-01 7.5158293854e-05
746 2.5660606327e-01 5.6222358299e-05
747 2.5650989956e-01 5.5733998538e-05
748 2.5641090614e-01 5.8187775403e-05
749 2.5630947758e-01 5.5176175823e-05
750 2.5619195217e-01 5.2419847490e-05
751 2.5607408080e-01 5.0993681502e-05
752 2.5597989143e-01 4.9767763179e-05
753 2.5588268653e-01 4.6995946424e-05
754 2.5577214822e-01 5.5884052203e-05
755 2.5565724756e-01 5.0703961253e-05
756 2.5552197004e-01 4.9284433969e-05
757 2.5541226271e-01 5.4539072746e-05
758 2.5529244822e-01 5.7421775337e-05
759 2.5516487636e-01 7.5049443723e-05
760 2.5504052139e-01 9.8857479329e-05
761 2.5493334883e-01 1.2476629973e-04
762 2.5481609113e-01 5.8336825440e-05
763 2.5466522634e-01 4.8695481172e-05
764 2.5452147298e-01 5.9121485929e-05
765 2.5441014398e-01 5.5701895696e-05
766 2.5427734418e-01 5.3834733491e-05
767 2.5417553098e-01 6.1978586778e-05
768 2.5404772954e-01 4.7506627226e-05
769 2.5392006685e-01 6.2995879182e-05
770 2.5382414249e-01 5.2011942987e-05
771 2.5368841650e-01 4.8108333331e-05
772 2.5357711001e-01 6.3508910535e-05
773 2.5344362856e-01 5.4498238554e-05
774 2.5332584268e-01 1.1327589257e-04
775 2.5323944084e-01 8.8285272346e-05
776 2.5311992444e-01 4.5388528277e-05
777 2.5299549267e-01 4.6066007762e-05
778 2.5287811788e-01 7.7176109123e-05
779 2.5279863581e-01 9.8135807594e-05
780 2.5271368672e-01 6.8830532374e-05
781 2.5263209876e-01 5.3408411817e-05
782 2.5255198400e-01 3.9112696061e-05
783 2.5248145541e-01 4.2023790613e-05
784 2.5242374924e-01 4.4281764993e-05
785 2.5235534686e-01 2.9940630412e-05
786 2.5228223104e-01 2.8200370491e-05
787 2.5220780711e-01 3.5671078807e-05
788 2.5215136718e-01 3.5679489197e-05
789 2.5209031566e-01 2.9039166535e-05
790 2.5201721719e-01 3.3977619141e-05
791 2.5194594668e-01 3.7506491332e-05
792 2.5187801463e-01 3.3049973433e-05
793 2.5180328032e-01 3.0031281909e-05
794 2.5172792452e-01 4.0366912582e-05
795 2.5165928301e-01 3.5235838188e-05
796 2.5158511595e-01 3.3722313195e-05
797 2.5152012678e-01 4.0953511184e-05
798 2.5144969678e-01 3.0934264691e-05
799 2.5136109860e-01 3.0418817428e-05
800 2.5127122797e-01 3.0722445337e-05
801 2.5119417541e-01 3.2295311272e-05
802 2.5110794890e-01 3.5803410708e-05
803 2.5101738601e-01 4.8088614834e-05
804 2.5093388359e-01 5.8389567507e-05
805 2.5085029700e-01 6.8109976408e-05
806 2.5076513505e-01 4.8231490263e-05
807 2.5065761923e-01 3.1308424739e-05
808 2.5055396148e-01 3.5916849090e-05
809 2.5045955046e-01 3.4453780254e-05
810 2.5034891880e-01 2.8492074375e-05
811 2.5022654372e-01 3.0893809360e-05
812 2.5011342761e-01 4.9392196864e-05
813 2.5002584372e-01 4.8591933915e-05
814 2.4992389699e-01 2.8857970563e-05
815 2.4982118512e-01 2.4134076073e-05
816 2.4972174434e-01 2.6378396895e-05
817 2.4963910992e-01 3.9259108064e-05
818 2.4956636487e-01 3.5062264246e-05
819 2.4948078721e-01 2.7747583977e-05
820 2.4939476639e-01 4.4614929620e-05
821 2.4933081949e-01 5.7707525091e-05
822 2.4924726191e-01 3.4618366708e-05
823 2.4916467476e-01 3.8390279035e-05
824 2.4909133256e-01 3.2018434824e-05
825 2.4901500459e-01 3.3668424201e-05
826 2.4893653979e-01 3.1854054993e-05
827 2.4885055846e-01 2.6168854699e-05
828 2.4876808214e-01 3.4164443746e-05
829 2.4868440288e-01 3.0799858858e-05
830 2.4859028976e-01 3.3476703156e-05
831 2.4850257184e-01 5.0765644825e-05
832 2.4843035434e-01 6.3586247114e-05
833 2.4834913234e-01 3.3904405734e-05
834 2.4824688595e-01 2.7895263170e-05
835 2.4814706840e-01 2.8849209819e-05
836 2.4804063329e-01 2.9639464220e-05
837 2.4793170240e-01 4.2870938976e-05
838 2.4783530561e-01 5.8667100568e-05
839 2.4774124885e-01 6.7577940886e-05
840 2.4764207890e-01 3.7724150201e-05
841 2.4750802486e-01 2.8886447545e-05
842 2.4739735816e-01 4.1899226826e-05
843 2.4730632006e-01 3.3243282901e-05
844 2.4720611969e-01 2.6603554900e-05
845 2.4711391765e-01 2.8108913900e-05
846 2.4703399838e-01 3.0942694159e-05
847 2.4695147700e-01 3.0388212337e-05
848 2.4687007308e-01 3.0902837036e-05
849 2.4677816493e-01 2.9968272603e-05
850 2.4668806767e-01 3.3076893761e-05
851 2.4658946675e-01 2.7107403144e-05
852 2.4648521679e-01 2.3915807657e-05
853 2.4638977800e-01 2.6183354928e-05
854 2.4629594550e-01 2.7199101108e-05
855 2.4621372533e-01 2.3919841897e-05
856 2.4611300763e-01 2.1691220814e-05
857 2.4601618767e-01 2.2104197291e-05
858 2.4593547075e-01 2.9774783189e-05
859 2.4587362762e-01 3.1775487975e-05
860 2.4579920988e-01 2.5287984694e-05
861 2.4571190554e-01 2.4280044426e-05
862 2.4561432561e-01 2.5993386541e-05
863 2.4552946557e-01 3.6242479697e-05
864 2.4543587208e-01 3.4706812049e-05
865 2.4532806819e-01 5.6732020972e-05
866 2.4524935797e-01 6.3846877196e-05
867 2.4514414270e-01 3.4222440922e-05
868 2.4504004246e-01 3.1922336780e-05
869 2.4494300813e-01 3.1059874272e-05
870 2.4484526702e-01 2.7248497650e-05
871 2.4473615233e-01 2.3443751504e-05
872 2.4461554017e-01 2.2376953678e-05
873 2.4450655545e-01 3.0531293535e-05
874 2.4443607103e-01 2.9065191994e-05
875 2.4433623856e-01 2.4161316889e-05
876 2.4424273195e-01 3.0757565868e-05
877 2.4417454814e-01 2.8831478662e-05
878 2.4408478751e-01 2.5950040029e-05
879 2.4400165938e-01 2.4132469340e-05
880 2.4392034205e-01 2.2683657896e-05
881 2.4384014410e-01 2.7945822790e-05
882 2.4377766103e-01 4.0929584652e-05
883 2.4371619245e-01 4.5245946454e-05
884 2.4366466599e-01 5.0160534498e-05
885 2.4360429753e-01 3.1975251577e-05
886 2.4354583802e-01 3.0092755898e-05
887 2.4349098939e-01 2.4104911101e-05
888 2.4342058342e-01 2.7557218331e-05
889 2.4335891971e-01 3.6637994720e-05
890 2.4329639498e-01 4.3119373219e-05
891 2.4324898164e-01 5.1540786331e-05
892 2.4319805283e-01 3.2163187304e-05
893 2.4314782224e-01 3.4503722836e-05
894 2.4310961056e-01 2.5685208672e-05
895 2.4306524445e-01 2.0214393598e-05
896 2.4302375417e-01 1.9734210509e-05
897 2.4298489195e-01 2.2063420096e-05
898 2.4295053373e-01 2.1822160851e-05
899 2.4291700692e-01 2.4303353557e-05
900 2.4288160389e-01 3.4612455168e-05
901 2.4285226859e-01 4.6846319041e-05
902 2.4282084720e-01 2.9804425012e-05
903 2.4278314701e-01 2.4026041722e-05
904 2.4275256621e-01 2.0937241039e-05
905 2.4271617273e-01 2.0801880687e-05
906 2.4268490460e-01 2.5292481027e-05
907 2.4264728826e-01 1.9626995789e-05
908 2.4260595833e-01 2.3970661793e-05
909 2.4257333650e-01 2.2336587556e-05
910 2.4252935110e-01 2.0247666801e-05
911 2.4249217285e-01 2.3750701006e-05
912 2.4244748169e-01 2.2422601889e-05
913 2.4240461663e-01 2.3375449373e-05
914 2.4235836915e-01 1.8735614597e-05
915 2.4231011965e-01 2.2961077654e-05
916 2.4226850778e-01 2.9762984128e-05
917 2.4223094985e-01 2.5609106553e-05
918 2.4218677343e-01 1.7545927628e-05
919 2.4214344957e-01 1.7112897717e-05
920 2.4211105248e-01 2.1625465194e-05
921 2.4208170657e-01 1.7267515706e-05
922 2.4205125259e-01 1.7616732190e-05
923 2.4202070652e-01 2.3984614699e-05
924 2.4199234604e-01 3.0313077893e-05
925 2.4196933040e-01 4.1359925330e-05
926 2.4194501732e-01 2.6081779558e-05
927 2.4191876797e-01 2.5646028287e-05
928 2.4189442313e-01 2.5035968125e-05
929 2.4187015468e-01 2.6505798260e-05
930 2.4184481097e-01 2.3163697472e-05
931 2.4181324570e-01 1.7258801126e-05
932 2.4177843486e-01 1.8172978562e-05
933 2.4175135629e-01 2.0376084660e-05
934 2.4172798278e-01 1.8016717562e-05
935 2.4170062519e-01 1.6226711179e-05
936 2.4167046619e-01 1.5696863362e-05
937 2.4164197857e-01 1.6997760728e-05
938 2.4161481578e-01 1.9776388439e-05
939 2.4159184297e-01 2.1230814689e-05
940 2.4156853730e-01 2.1483287508e-05
941 2.4154727783e-01 1.9307825081e-05
942 2.4152453922e-01 1.8646008271e-05
943 2.4150018806e-01 2.3250362555e-05
944 2.4148001014e-01 3.7464209182e-05
945 2.4146362375e-01 2.7283699557e-05
946 2.4144345985e-01 1.7863087402e-05
947 2.4141661320e-01 2.4157729368e-05
948 2.4139328488e-01 5.8822328724e-05
949 2.4137448483e-01 3.7828694651e-05
950 2.4134827465e-01 2.1430728136e-05
951 2.4132130453e-01 1.9225922533e-05
952 2.4129222315e-01 2.1009966463e-05
953 2.4126564296e-01 2.1047136478e-05
954 2.4123824040e-01 1.8081971780e-05
955 2.4120932187e-01 2.0633764910e-05
956 2.4118509023e-01 2.0228541610e-05
957 2.4116001604e-01 2.0042785917e-05
958 2.4113830629e-01 2.1440134859e-05
959 2.4111519137e-01 2.1661158535e-05
960 2.4109504479e-01 2.8859157945e-05
961 2.4107668667e-01 2.7977970317e-05
962 2.4105668227e-01 2.8289694969e-05
963 2.4103802274e-01 3.1207807508e-05
964 2.4102207664e-01 3.9799224675e-05
965 2.4100584315e-01 2.7061277291e-05
966 2.4098473513e-01 2.1786173667e-05
967 2.4096435491e-01 2.2891778255e-05
968 2.4094447005e-01 2.1831504944e-05
969 2.4092460446e-01 2.2603263197e-05
970 2.4090820980e-01 2.4907941419e-05
971 2.4089467045e-01 2.1389597037e-05
972 2.4088304267e-01 1.5567232777e-05
973 2.4087101709e-01 1.8208494386e-05
974 2.4086166682e-01 2.3947048564e-05
975 2.4085171317e-01 1.7296227053e-05
976 2.4084076734e-01 1.4875595027e-05
977 2.4083129902e-01 2.1105306958e-05
978 2.4082519378e-01 1.8760201476e-05
979 2.4081820553e-01 1.4361063803e-05
980 2.4081321773e-01 2.0864020096e-05
981 2.4080895392e-01 1.7157125752e-05
982 2.4080300356e-01 1.9855249749e-05
983 2.4079855308e-01 2.0880850861e-05
984 2.4079201949e-01 1.4740039605e-05
985 2.4078661045e-01 2.1420315833e-05
986 2.4078385967e-01 1.9728676784e-05
987 2.4078100808e-01 2.4201121558e-05
988 2.4077795710e-01 2.4140288121e-05
989 2.4077316192e-01 3.3598344571e-05
990 2.4076889187e-01 2.6524615217e-05
991 2.4076507415e-01 2.2567553242e-05
992 2.4076133462e-01 1.9466296568e-05
993 2.4075617977e-01 1.7590132579e-05
994 2.4075286241e-01 2.0340022257e-05
995 2.4074742616e-01 1.4349271329e-05
996 2.4073781264e-01 1.6191068149e-05
997 2.4073021244e-01 1.7968688298e-05
998 2.4072334475e-01 1.3338430163e-05
999 2.4071471076e-01 1.5386861488e-05
1000 2.4070709111e-01 1.6129005995e-05
1001 2.4069744796e-01 1.4723775377e-05
1002 2.4069015407e-01 2.8934304828e-05
1003 2.4068146954e-01 2.1334832351e-05
1004 2.4067012596e-01 2.4657457424e-05
1005 2.4065915876e-01 1.7290731076e-05
1006 2.4064582442e-01 1.4285243886e-05
1007 2.4063251878e-01 1.4445405056e-05
1008 2.4061921683e-01 1.9668869542e-05
1009 2.4060738775e-01 2.2958790413e-05
1010 2.4059363049e-01 2.0989005926e-05
1011 2.4057787961e-01 1.9854220116e-05
1012 2.4055763650e-01 2.0296920890e-05
1013 2.4053871832e-01 2.1310108481e-05
1014 2.4051591595e-01 1.3872116408e-05
1015 2.4049205130e-01 1.4545952729e-05
1016 2.4046767060e-01 1.6257687195e-05
1017 2.4044489102e-01 1.9323794953e-05
1018 2.4042061110e-01 1.5366611150e-05
1019 2.4039172134e-01 1.8815956765e-05
1020 2.4036840963e-01 1.8373851165e-05
1021 2.4034510882e-01 1.4818991436e-05
1022 2.4032283182e-01 1.6805546403e-05
1023 2.4030319913e-01 2.2175540123e-05
1024 2.4028607115e-01 2.8183577526e-05
1025 2.4027075306e-01 2.3874828655e-05
1026 2.4025348667e-01 1.6073583399e-05
1027 2.4023793825e-01 1.9970074234e-05
1028 2.4022333512e-01 1.3934709282e-05
1029 2.4020586560e-01 1.7788890007e-05
1030 2.4019080313e-01 1.4207086935e-05
1031 2.4016607711e-01 1.1978519425e-05
1032 2.4013896551e-01 1.7076736583e-05
1033 2.4011721872e-01 1.6254652520e-05
1034 2.4008870926e-01 1.4867061711e-05
1035 2.4005903847e-01 1.9453719458e-05
1036 2.4002810269e-01 1.7349436015e-05
1037 2.3998553227e-01 1.4323315971e-05
1038 2.3993716600e-01 1.6268868320e-05
1039 2.3989880275e-01 2.2522360812e-05
1040 2.3985805295e-01 1.5510865111e-05
1041 2.3980771318e-01 1.4373408141e-05
1042 2.3976623027e-01 1.9563134640e-05
1043 2.3971977534e-01 1.5740700147e-05
1044 2.3966407732e-01 1.7384363826e-05
1045 2.3961391190e-01 2.3732851439e-05
1046 2.3956195393e-01 1.9382938812e-05
1047 2.3950715160e-01 2.2403042963e-05
1048 2.3944955642e-01 2.3671332382e-05
1049 2.3938068785e-01 2.0087027394e-05
1050 2.3930302574e-01 2.9474858934e-05
1051 2.3923479143e-01 3.6881214944e-05
1052 2.3916204917e-01 4.3326489900e-05
1053 2.3908818725e-01 4.3447132538e-05
1054 2.3899460581e-01 2.8295130635e-05
1055 2.3888735292e-01 2.3735428856e-05
1056 2.3876510099e-01 2.2356028077e-05
1057 2.3864253361e-01 2.3533460345e-05
1058 2.3852218459e-01 2.4675324825e-05
1059 2.3839596514e-01 2.8405028975e-05
1060 2.3826880701e-01 2.4058037029e-05
1061 2.3812901851e-01 2.4296801835e-05
1062 2.3799613819e-01 3.8562964837e-05
1063 2.3789660303e-01 5.1192818860e-05
1064 2.3777027151e-01 3.5231534216e-05
1065 2.3763217198e-01 3.2982783801e-05
1066 2.3749971895e-01 2.8773313362e-05
1067 2.3734921892e-01 3.6637892041e-05
1068 2.3722362107e-01 2.7447974743e-05
1069 2.3703315963e-01 3.1029422391e-05
1070 2.3687906678e-01 5.9534045902e-05
1071 2.3675101816e-01 6.1926917390e-05
1072 2.3661405016e-01 4.6533736583e-05
1073 2.3645441786e-01 2.7088116350e-05
1074 2.3627031087e-01 2.6339087037e-05
1075 2.3612156937e-01 3.4272777619e-05
1076 2.3597106387e-01 2.4720349385e-05
1077 2.3581807177e-01 2.5070051523e-05
1078 2.3568841913e-01 2.6488571462e-05
1079 2.3553057608e-01 2.5561809224e-05
1080 2.3537916938e-01 2.7952717873e-05
1081 2.3522795853e-01 2.6496902230e-05
1082 2.3507047115e-01 2.7665274486e-05
1083 2.3493371635e-01 4.2534310005e-05
1084 2.3480210286e-01 4.7522583818e-05
1085 2.3466853489e-01 5.8015769432e-05
1086 2.3455078439e-01 3.2930626972e-05
1087 2.3439087689e-01 2.5093074336e-05
1088 2.3425520324e-01 3.2171010608e-05
1089 2.3413010791e-01 2.9543135144e-05
1090 2.3397791983e-01 2.8109358201e-05
1091 2.3383632997e-01 2.9076509768e-05
1092 2.3370100743e-01 2.5215817970e-05
1093 2.3354130561e-01 2.5412843716e-05
1094 2.3339831094e-01 3.1997475062e-05
1095 2.3326621609e-01 2.5512412604e-05
1096 2.3311673626e-01 2.5920363470e-05
1097 2.3297649647e-01 3.3413169779e-05
1098 2.3283787478e-01 3.0746301601e-05
1099 2.3270000063e-01 2.6157292572e-05
1100 2.3254860139e-01 2.2104069016e-05
1101 2.3238225251e-01 2.2239894237e-05
1102 2.3223068953e-01 2.8862215721e-05
1103 2.3210603940e-01 3.2841800910e-05
1104 2.3199250917e-01 2.9725146876e-05
1105 2.3188181422e-01 3.1167399129e-05
1106 2.3177388744e-01 2.9693761673e-05
1107 2.3167636195e-01 2.3192480808e-05
1108 2.3158838364e-01 2.8562188371e-05
1109 2.3150066032e-01 2.4957805030e-05
1110 2.3139577254e-01 2.7318841421e-05
1111 2.3130007094e-01 3.8195592660e-05
1112 2.3122431970e-01 5.5493768835e-05
1113 2.3114956208e-01 4.2140983513e-05
1114 2.3105412365e-01 2.7906309668e-05
1115 2.3093831732e-01 2.1687090493e-05
1116 2.3081214698e-01 2.0582493527e-05
1117 2.3069952075e-01 2.2201936827e-05
1118 2.3059581406e-01 2.6771364076e-05
1119 2.3051235946e-01 2.3640685780e-05
1120 2.3041275582e-01 1.9277974943e-05
1121 2.3032028478e-01 2.8678901219e-05
1122 2.3024816689e-01 5.9115324063e-05
1123 2.3019120819e-01 3.9394552576e-05
1124 2.3010687467e-01 2.0582657363e-05
1125 2.3001288284e-01 2.0020981455e-05
1126 2.2993544737e-01 2.9751533929e-05
1127 2.2987938608e-01 2.5303899041e-05
1128 2.2979914061e-01 2.5480732759e-05
1129 2.2972873291e-01 3.0511751593e-05
1130 2.2965448458e-01 3.0182390400e-05
1131 2.2958750505e-01 4.1054504184e-05
1132 2.2951954711e-01 5.0698964318e-05
1133 2.2945498303e-01 4.7539747079e-05
1134 2.2937554946e-01 2.7218393564e-05
1135 2.2928833645e-01 2.5880311322e-05
1136 2.2920960770e-01 2.7123925417e-05
1137 2.2913637430e-01 3.3050101541e-05
1138 2.2906940597e-01 3.8276656409e-05
1139 2.2900811150e-01 3.1348698375e-05
1140 2.2894905328e-01 2.8472316829e-05
1141 2.2889678836e-01 3.2599716593e-05
1142 2.2884061038e-01 3.1286851915e-05
1143 2.2878231772e-01 2.5355159586e-05
1144 2.2872824594e-01 3.2002162862e-05
1145 2.2868264091e-01 3.2198972174e-05
1146 2.2863451244e-01 4.2257291582e-05
1147 2.2860019997e-01 4.5538194279e-05
1148 2.2855890418e-01 3.3661261130e-05
1149 2.2852347150e-01 2.9317033497e-05
1150 2.2848452278e-01 2.1979975738e-05
1151 2.2844413034e-01 2.6561436014e-05
1152 2.2841158836e-01 3.0102362485e-05
1153 2.2837890340e-01 2.8422368181e-05
1154 2.2834734158e-01 2.6246867022e-05
1155 2.2831544383e-01 2.5204240590e-05
1156 2.2828081003e-01 2.5260254636e-05
1157 2.2825201908e-01 3.2167069344e-05
1158 2.2822597815e-01 2.5438447122e-05
1159 2.2820014958e-01 2.1249368556e-05
1160 2.2818096541e-01 3.0256447709e-05
1161 2.2816606175e-01 2.6226244328e-05
1162 2.2815130724e-01 2.2330704141e-05
1163 2.2813723889e-01 2.2037909000e-05
1164 2.2812828936e-01 2.4798213239e-05
1165 2.2812086134e-01 2.1058446083e-05
1166 2.2811507052e-01 2.5125460184e-05
1167 2.2810990035e-01 1.7946795773e-05
1168 2.2810491991e-01 1.7164840221e-05
1169 2.2810066764e-01 2.7745666232e-05
1170 2.2809423110e-01 4.2121038652e-05
1171 2.2808720786e-01 3.0651862312e-05
1172 2.2808010511e-01 2.3711979341e-05
1173 2.2807283565e-01 1.6874357586e-05
1174 2.2806420721e-01 1.4089274002e-05
1175 2.2805553152e-01 1.3573979512e-05
1176 2.2804334505e-01 1.5188457877e-05
1177 2.2803273407e-01 1.6733249565e-05
1178 2.2802209602e-01 1.9810368497e-05
1179 2.2800971695e-01 2.2130993308e-05
1180 2.2799804527e-01 3.8623519929e-05
1181 2.2798824841e-01 2.7445609210e-05
1182 2.2797436347e-01 2.2054187627e-05
1183 2.2796272277e-01 1.7768278502e-05
1184 2.2795031513e-01 1.3714057583e-05
1185 2.2793748502e-01 1.5160684210e-05
1186 2.2792487801e-01 1.5616553493e-05
1187 2.2791130491e-01 1.5012432627e-05
1188 2.2789523405e-01 1.5720852004e-05
1189 2.2787948027e-01 1.9142427477e-05
1190 2.2786477030e-01 1.6292346841e-05
1191 2.2784393698e-01 1.7893675111e-05
1192 2.2782290838e-01 2.0651861855e-05
1193 2.2780068667e-01 2.4832913493e-05
1194 2.2777861263e-01 3.3238050947e-05
1195 2.2775874115e-01 3.1735613529e-05
1196 2.2773542342e-01 2.0059377647e-05
1197 2.2771004524e-01 1.6875014900e-05
1198 2.2768516156e-01 1.8440673794e-05
1199 2.2766146984e-01 1.8397446368e-05
1200 2.2763887206e-01 1.6346980164e-05
1201 2.2761485546e-01 1.3439139391e-05
1202 2.2759512782e-01 1.6122413061e-05
1203 2.2757544041e-01 1.4647644085e-05
1204 2.2754716408e-01 1.4052432597e-05
1205 2.2751878114e-01 1.4682036884e-05
1206 2.2749086501e-01 2.4606334500e-05
1207 2.2747070229e-01 3.0276671471e-05
1208 2.2744715950e-01 2.4257310763e-05
1209 2.2742006254e-01 2.2353466732e-05
1210 2.2739382431e-01 2.2477963830e-05
1211 2.2736746620e-01 1.9587817224e-05
1212 2.2733342924e-01 1.7124116094e-05
1213 2.2729947674e-01 2.4115599173e-05
1214 2.2726360787e-01 1.7021725036e-05
1215 2.2721582410e-01 1.4745604960e-05
1216 2.2717374918e-01 1.6408758474e-05
1217 2.2712670125e-01 1.2385348474e-05
1218 2.2707852695e-01 1.6290925947e-05
1219 2.2703982855e-01 1.6789083070e-05
1220 2.2699056164e-01 1.3711960407e-05
1221 2.2694170659e-01 1.4203526433e-05
1222 2.2689793591e-01 1.4984683880e-05
1223 2.2685902093e-01 1.1747956708e-05
1224 2.2682162754e-01 1.4284653427e-05
1225 2.2678743803e-01 1.1313794228e-05
1226 2.2674491570e-01 1.1888493879e-05
1227 2.2670873094e-01 1.4724046020e-05
1228 2.2666892859e-01 1.1044194800e-05
1229 2.2662697413e-01 2.3931209562e-05
1230 2.2660205402e-01 2.0421826645e-05
1231 2.2656155887e-01 1.1166984359e-05
1232 2.2652692159e-01 1.2496976627e-05
1233 2.2649192413e-01 9.2221659719e-06
1234 2.2644720724e-01 9.2725377942e-06
1235 2.2640633482e-01 1.0649120135e-05
1236 2.2636549326e-01 1.0160876517e-05
1237 2.2631259484e-01 1.0239153452e-05
1238 2.2625798321e-01 1.2445594916e-05
1239 2.2621380669e-01 1.5005850652e-05
1240 2.2614796521e-01 1.8200499103e-05
1241 2.2610003193e-01 2.4736271591e-05
1242 2.2603388246e-01 1.4034178380e-05
1243 2.2596590813e-01 1.2658054531e-05
1244 2.2589019577e-01 1.1050093338e-05
1245 2.2582513405e-01 1.4960375825e-05
1246 2.2575397755e-01 1.1343385762e-05
1247 2.2566901221e-01 1.2954581005e-05
1248 2.2559011708e-01 1.1342728986e-05
1249 2.2548393433e-01 1.0025904591e-05
1250 2.2536983154e-01 1.0696153903e-05
1251 2.2525554382e-01 1.3038215811e-05
1252 2.2515261225e-01 1.6342929084e-05
1253 2.2504802538e-01 1.6394370467e-05
1254 2.2493054995e-01 2.8899917239e-05
1255 2.2484378964e-01 2.7414470077e-05
1256 2.2472353513e-01 1.3168873635e-05
1257 2.2458632011e-01 1.2542676590e-05
1258 2.2445480235e-01 1.3083683532e-05
1259 2.2432805106e-01 1.5903822476e-05
1260 2.2421856731e-01 1.4501355973e-05
1261 2.2409196723e-01 1.2078626523e-05
1262 2.2396978892e-01 1.6563115006e-05
1263 2.2385767474e-01 1.2950813209e-05
1264 2.2370470293e-01 1.4721241100e-05
1265 2.2357401924e-01 1.9806059375e-05
1266 2.2345181499e-01 1.6208786501e-05
1267 2.2331374647e-01 1.8401666104e-05
1268 2.2319587072e-01 2.9133298630e-05
1269 2.2308791679e-01 2.4758140763e-05
1270 2.2296203618e-01 2.4122545712e-05
1271 2.2285013844e-01 1.9417617241e-05
1272 2.2272504383e-01 1.7353145911e-05
1273 2.2263049392e-01 1.7993917603e-05
1274 2.2250514515e-01 1.5429702750e-05
1275 2.2238903989e-01 1.4817620520e-05
1276 2.2226477675e-01 1.2608010418e-05
1277 2.2215477960e-01 1.3325144060e-05
1278 2.2204904905e-01 1.1885732010e-05
1279 2.2194994936e-01 1.2610091954e-05
1280 2.2185478429e-01 1.2694822236e-05
1281 2.2176009077e-01 1.2663192103e-05
1282 2.2163731567e-01 1.0483413237e-05
1283 2.2150317231e-01 9.5310335387e-06
1284 2.2138604739e-01 1.1069657614e-05
1285 2.2126357328e-01 1.1696031288e-05
1286 2.2113264266e-01 1.5228960488e-05
1287 2.2102567198e-01 1.5010285042e-05
1288 2.2088886594e-01 1.8133880649e-05
1289 2.2077686194e-01 1.5618379442e-05
1290 2.2063026227e-01 1.8870141734e-05
1291 2.2052002397e-01 2.5836453394e-05
1292 2.2039262504e-01 2.2120277453e-05
1293 2.2028504429e-01 2.0759432848e-05
1294 2.2012952543e-01 1.3471308319e-05
1295 2.1997273656e-01 1.6105302906e-05
1296 2.1980877916e-01 1.5182325144e-05
1297 2.1965129831e-01 2.2973539510e-05
1298 2.1951164131e-01 1.8425361053e-05
1299 2.1933812955e-01 2.0488301447e-05
1300 2.1916948530e-01 2.4524432368e-05
1301 2.1901148452e-01 2.9725601590e-05
1302 2.1884445150e-01 2.3511513313e-05
1303 2.1868123749e-01 1.9868900622e-05
1304 2.1850991585e-01 1.3860655745e-05
1305 2.1835191664e-01 1.4576382891e-05
1306 2.1819951742e-01 1.3408338448e-05
1307 2.1802547039e-01 1.4510728535e-05
1308 2.1786621073e-01 1.3278780406e-05
1309 2.1769502018e-01 1.2158414052e-05
1310 2.1753691260e-01 1.5980133697e-05
1311 2.1739949453e-01 1.6478814879e-05
1312 2.1726135655e-01 1.3619334152e-05
1313 2.1714006864e-01 1.5715683542e-05
1314 2.1700262500e-01 1.8584678005e-05
1315 2.1686976702e-01 3.1766571334e-05
1316 2.1675233166e-01 3.1451201006e-05
1317 2.1663335384e-01 2.3871196803e-05
1318 2.1650012856e-01 1.6834206700e-05
1319 2.1635325046e-01 1.4746438709e-05
1320 2.1623065274e-01 1.8268577039e-05
1321 2.1611458942e-01 1.5495978382e-05
1322 2.1599108179e-01 1.5599954871e-05
1323 2.1587643600e-01 1.9286166951e-05
1324 2.1577705973e-01 1.5921829381e-05
1325 2.1565278032e-01 1.9408558510e-05
1326 2.1553821552e-01 2.1282430143e-05
1327 2.1539695862e-01 1.5097936028e-05
1328 2.1523237554e-01 1.3430745963e-05
1329 2.1508749308e-01 1.6163420059e-05
1330 2.1494246989e-01 1.6351195757e-05
1331 2.1478941951e-01 2.7732544978e-05
1332 2.1468324326e-01 4.0266961532e-05
1333 2.1455588368e-01 2.4472468174e-05
1334 2.1442156091e-01 1.8984442557e-05
1335 2.1428239270e-01 1.6579850194e-05
1336 2.1416541597e-01 1.8226196853e-05
1337 2.1404107305e-01 1.4297035353e-05
1338 2.1392710421e-01 1.6485838791e-05
1339 2.1381984584e-01 1.5271537058e-05
1340 2.1368831251e-01 1.7028169320e-05
1341 2.1357896549e-01 1.7237209324e-05
1342 2.1345257473e-01 1.5540646477e-05
1343 2.1333563613e-01 1.6222091784e-05
1344 2.1322340033e-01 1.5432684691e-05
1345 2.1311727586e-01 1.5025965413e-05
1346 2.1300399848e-01 1.6114170068e-05
1347 2.1290055278e-01 2.9152942508e-05
1348 2.1281842171e-01 2.6744540007e-05
1349 2.1273076667e-01 3.0872420601e-05
1350 2.1265001786e-01 1.7740597698e-05
1351 2.1255130493e-01 1.4625096938e-05
1352 2.1247013655e-01 1.9546826520e-05
1353 2.1238894247e-01 1.2766734462e-05
1354 2.1229912077e-01 1.6691081820e-05
1355 2.1222593124e-01 1.6241193965e-05
1356 2.1213393252e-01 1.3935573002e-05
1357 2.1205197315e-01 1.5976867636e-05
1358 2.1197104790e-01 1.6810752387e-05
1359 2.1187277298e-01 1.3543269442e-05
1360 2.1176240538e-01 1.7702820265e-05
1361 2.1166872110e-01 3.5844786135e-05
1362 2.1158920648e-01 2.8971892679e-05
1363 2.1149184035e-01 2.0125546739e-05
1364 2.1138054136e-01 1.6829173594e-05
1365 2.1125603730e-01 1.7630617798e-05
1366 2.1113947772e-01 1.8072796552e-05
1367 2.1100642431e-01 1.4508741888e-05
1368 2.1088932178e-01 1.7784565692e-05
1369 2.1078467820e-01 2.1223236194e-05
1370 2.1066976506e-01 1.7834099878e-05
1371 2.1051888870e-01 1.7457528722e-05
1372 2.1036848643e-01 2.6582029814e-05
1373 2.1024491175e-01 2.4187682591e-05
1374 2.1008668703e-01 2.0197696142e-05
1375 2.0993947451e-01 3.5514590186e-05
1376 2.0983377994e-01 3.6771663014e-05
1377 2.0969828157e-01 2.2079630303e-05
1378 2.0955572112e-01 2.2903189978e-05
1379 2.0944656861e-01 2.7854790899e-05
1380 2.0930804926e-01 1.7087920221e-05
1381 2.0915345951e-01 1.5423331470e-05
1382 2.0899616540e-01 1.6530158588e-05
1383 2.0886816261e-01 2.0485192499e-05
1384 2.0873039975e-01 1.5979859174e-05
1385 2.0856041779e-01 1.6551161982e-05
1386 2.0842647843e-01 2.0520887902e-05
1387 2.0827045861e-01 1.6277488209e-05
1388 2.0811619073e-01 1.7482318836e-05
1389 2.0794869970e-01 1.6676485681e-05
1390 2.0775264279e-01 2.1143691294e-05
1391 2.0758193815e-01 2.7753820988e-05
1392 2.0741476656e-01 4.2427977485e-05
1393 2.0728232692e-01 4.4013395167e-05
1394 2.0709635718e-01 2.5743507048e-05
1395 2.0692630571e-01 2.7461702145e-05
1396 2.0674786301e-01 2.1827634013e-05
1397 2.0657253478e-01 2.4532883138e-05
1398 2.0641566657e-01 2.1302323590e-05
1399 2.0625886970e-01 1.9192753785e-05
1400 2.0612824485e-01 2.2107598740e-05
1401 2.0598927298e-01 1.7720465296e-05
1402 2.0584385957e-01 1.5857065411e-05
1403 2.0570665848e-01 1.7305556723e-05
1404 2.0559671913e-01 1.8122407243e-05
1405 2.0546209843e-01 1.3787526858e-05
1406 2.0530945341e-01 1.5790762769e-05
1407 2.0517630373e-01 2.5405186822e-05
1408 2.0506597021e-01 2.4885321916e-05
1409 2.0496111552e-01 3.3925202444e-05
1410 2.0488612938e-01 2.9447515728e-05
1411 2.0478984078e-01 1.5186980303e-05
1412 2.0468203836e-01 1.3106658734e-05
1413 2.0459907835e-01 1.3620632197e-05
1414 2.0449623864e-01 1.2782370538e-05
1415 2.0438781428e-01 1.2449051713e-05
1416 2.0427504487e-01 1.4517118609e-05
1417 2.0418052438e-01 1.6869172996e-05
1418 2.0408946891e-01 1.3167786989e-05
1419 2.0398867911e-01 1.2523686232e-05
1420 2.0389235233e-01 1.2562576601e-05
1421 2.0380001593e-01 1.7171868828e-05
1422 2.0371738583e-01 2.1581345180e-05
1423 2.0363580873e-01 2.7239762383e-05
1424 2.0355755587e-01 2.6364594074e-05
1425 2.0346485103e-01 1.6609800900e-05
1426 2.0337633180e-01 1.6062982063e-05
1427 2.0328011390e-01 1.4317866552e-05
1428 2.0317243133e-01 1.5137131343e-05
1429 2.0305694527e-01 1.4473780450e-05
1430 2.0293271522e-01 1.5169692389e-05
1431 2.0281115146e-01 1.3690353012e-05
1432 2.0266870234e-01 1.5418200834e-05
1433 2.0253107384e-01 2.8076388954e-05
1434 2.0242410176e-01 2.9569575720e-05
1435 2.0230248702e-01 3.6264261003e-05
1436 2.0219444466e-01 2.5334093753e-05
1437 2.0203282401e-01 2.2259476059e-05
1438 2.0190271105e-01 2.5018332561e-05
1439 2.0174331653e-01 2.0821804907e-05
1440 2.0159597178e-01 2.8194316373e-05
1441 2.0139558129e-01 1.8877670069e-05
1442 2.0114684430e-01 1.8787022000e-05
1443 2.0092488636e-01 2.1414632291e-05
1444 2.0069129621e-01 2.1500396776e-05
1445 2.0041521423e-01 2.2984428595e-05
1446 2.0013927774e-01 2.8370869228e-05
1447 1.9987841947e-01 2.4184592276e-05
1448 1.9956693504e-01 2.9078794904e-05
1449 1.9928874924e-01 2.5378942740e-05
1450 1.9893310283e-01 2.0899292559e-05
1451 1.9859557366e-01 3.2642871893e-05
1452 1.9832415907e-01 4.3110543446e-05
1453 1.9809226960e-01 5.5094567226e-05
1454 1.9783104896e-01 3.2541727533e-05
1455 1.9751104565e-01 2.6936460237e-05
1456 1.9719793460e-01 2.5861791059e-05
1457 1.9687308921e-01 2.6677118811e-05
1458 1.9657974519e-01 2.7038129711e-05
1459 1.9619112637e-01 2.7157747481e-05
1460 1.9582223059e-01 3.4782764504e-05
1461 1.9548735937e-01 2.8107878015e-05
1462 1.9514186424e-01 3.7150876811e-05
1463 1.9479399802e-01 2.6338759168e-05
1464 1.9433722126e-01 2.4727046563e-05
1465 1.9394177877e-01 3.7591295329e-05
1466 1.9358213383e-01 2.9303319591e-05
1467 1.9314225074e-01 3.3696353751e-05
1468 1.9277926582e-01 6.9189637959e-05
1469 1.9246722338e-01 5.3061943204e-05
1470 1.9198042983e-01 2.5554102974e-05
1471 1.9147254267e-01 3.1509169914e-05
1472 1.9112053148e-01 3.1936154063e-05
1473 1.9060843912e-01 2.4127700291e-05
1474 1.9015034793e-01 4.2744547153e-05
1475 1.8977266429e-01 2.9511197968e-05
1476 1.8924583592e-01 2.3035787508e-05
1477 1.8887217131e-01 3.7706093919e-05
1478 1.8852526983e-01 2.7339932976e-05
1479 1.8812922708e-01 3.0021234624e-05
1480 1.8774828297e-01 3.1917894276e-05
1481 1.8735582583e-01 2.8960321100e-05
1482 1.8692363665e-01 2.4676173397e-05
1483 1.8645633430e-01 2.7080219628e-05
1484 1.8599515802e-01 3.6629062090e-05
1485 1.8559745770e-01 7.1555180487e-05
1486 1.8526155757e-01 5.9441000606e-05
1487 1.8480790470e-01 3.2628630229e-05
1488 1.8427598369e-01 2.9797645888e-05
1489 1.8377785857e-01 3.9632188475e-05
1490 1.8333014968e-01 3.4853431352e-05
1491 1.8287572851e-01 2.7922919106e-05
1492 1.8240757905e-01 2.4200185022e-05
1493 1.8194855715e-01 2.8387373706e-05
1494 1.8157514575e-01 4.3528263098e-05
1495 1.8118899250e-01 4.9463504222e-05
1496 1.8087118596e-01 7.0645149749e-05
1497 1.8053100696e-01 3.4595936541e-05
1498 1.8013385751e-01 3.3985640089e-05
1499 1.7979477750e-01 3.2847222408e-05
1500 1.7939642072e-01 2.7070904109e-05
1501 1.7899293966e-01 2.9447862316e-05
1502 1.7865240111e-01 3.1137975225e-05
1503 1.7830351445e-01 3.0423412647e-05
1504 1.7790813826e-01 2.8668672742e-05
1505 1.7749783781e-01 2.9006281496e-05
1506 1.7707332628e-01 3.2852923930e-05
1507 1.7667879107e-01 6.6534002758e-05
1508 1.7635884074e-01 6.0065703298e-05
1509 1.7596600619e-01 6.9796611383e-05
1510 1.7559267779e-01 4.7324088298e-05
1511 1.7511486137e-01 3.8622482088e-05
1512 1.7470558659e-01 4.1007950931e-05
1513 1.7428265139e-01 2.6568353395e-05
1514 1.7391946518e-01 3.8409804164e-05
1515 1.7356764687e-01 2.9015843534e-05
1516 1.7316689020e-01 2.8076949785e-05
1517 1.7289497175e-01 3.4958441665e-05
1518 1.7257756590e-01 2.7088874572e-05
1519 1.7222346095e-01 2.7952229337e-05
1520 1.7190956895e-01 3.2121165537e-05
1521 1.7160813016e-01 2.6753835712e-05
1522 1.7126376883e-01 3.2748215227e-05
1523 1.7099341703e-01 3.5897302663e-05
1524 1.7062057040e-01 4.0591820340e-05
1525 1.7034544004e-01 5.8731884988e-05
1526 1.6999532118e-01 3.9149644049e-05
1527 1.6962584304e-01 4.1086091135e-05
1528 1.6925923327e-01 5.0438302685e-05
1529 1.6891583329e-01 3.7681478435e-05
1530 1.6843667737e-01 3.7520223073e-05
1531 1.6802985835e-01 4.5755004466e-05
1532 1.6756059426e-01 2.9374695570e-05
1533 1.6702098312e-01 3.4525972297e-05
1534 1.6660445571e-01 4.1884755210e-05
1535 1.6612280484e-01 4.2675127714e-05
1536 1.6566511995e-01 5.0161753735e-05
1537 1.6518477345e-01 3.6468379049e-05
1538 1.6466503377e-01 3.7138008635e-05
1539 1.6421588199e-01 3.9018411492e-05
1540 1.6371560335e-01 3.7957705586e-05
1541 1.6321154336e-01 5.6062081477e-05
1542 1.6276649127e-01 6.4440292976e-05
1543 1.6229365809e-01 7.1628105550e-05
1544 1.6188179755e-01 6.4145056233e-05
1545 1.6133920119e-01 3.1197338736e-05
1546 1.6073447420e-01 3.2208938352e-05
1547 1.6030924628e-01 4.6463836790e-05
1548 1.5989051705e-01 3.5915912737e-05
1549 1.5938928559e-01 3.4056890501e-05
1550 1.5881452207e-01 3.2754806069e-05
1551 1.5825439987e-01 3.7174347991e-05
1552 1.5780217359e-01 4.1459761400e-05
1553 1.5727027129e-01 3.0755840915e-05
1554 1.5675834415e-01 3.7505800756e-05
1555 1.5632503215e-01 4.0186527023e-05
1556 1.5592224411e-01 4.5285667470e-05
1557 1.5549437490e-01 3.3793333355e-05
1558 1.5496329553e-01 5.1976416514e-05
1559 1.5456517382e-01 7.9674838502e-05
1560 1.5411005405e-01 6.9655762137e-05
1561 1.5369656001e-01 6.2526865887e-05
1562 1.5316057612e-01 4.9555795199e-05
1563 1.5262084196e-01 4.5328817602e-05
1564 1.5198398936e-01 4.0490656245e-05
1565 1.5136105609e-01 4.7217759943e-05
1566 1.5073348228e-01 3.9179146937e-05
1567 1.5000313890e-01 3.9369702441e-05
1568 1.4936049356e-01 5.4932642439e-05
1569 1.4875032545e-01 5.0543014499e-05
1570 1.4816754942e-01 7.5579643694e-05
1571 1.4758615885e-01 7.4114831192e-05
1572 1.4703637576e-01 8.1399854776e-05
1573 1.4652927914e-01 5.4055345127e-05
1574 1.4595631946e-01 4.0107576252e-05
1575 1.4534149583e-01 4.2059091635e-05
1576 1.4484235000e-01 4.6469882279e-05
1577 1.4427010774e-01 3.4020092064e-05
1578 1.4367369166e-01 3.8503457146e-05
1579 1.4316813506e-01 4.1588845758e-05
1580 1.4258085085e-01 3.6435367135e-05
1581 1.4198906374e-01 6.1593822264e-05
1582 1.4152841451e-01 8.3613997936e-05
1583 1.4106977485e-01 7.2377431518e-05
1584 1.4057223108e-01 4.4437981244e-05
1585 1.4006321307e-01 3.8580354344e-05
1586 1.3957214379e-01 3.0292837358e-05
1587 1.3907672236e-01 3.2682605762e-05
1588 1.3875094652e-01 3.8265073527e-05
1589 1.3839163034e-01 2.6769441601e-05
1590 1.3805053299e-01 3.5920957609e-05
1591 1.3776695460e-01 2.9384364664e-05
1592 1.3739366676e-01 3.4440021706e-05
1593 1.3710127625e-01 3.7336602010e-05
1594 1.3677239719e-01 3.2885410111e-05
1595 1.3644994633e-01 3.5681899648e-05
1596 1.3612953112e-01 3.7198811020e-05
1597 1.3580269169e-01 3.6678667464e-05
1598 1.3544330157e-01 3.8344627703e-05
1599 1.3507563146e-01 5.5953331028e-05
1600 1.3477681377e-01 7.2151356230e-05
1601 1.3445303770e-01 4.7553016700e-05
1602 1.3414370100e-01 4.6098355864e-05
1603 1.3381374681e-01 3.6339485764e-05
1604 1.3344214459e-01 3.0172679903e-05
1605 1.3307395810e-01 2.8768808292e-05
1606 1.3267315758e-01 3.1092672329e-05
1607 1.3235200925e-01 4.1275194409e-05
1608 1.3203463004e-01 3.1655240397e-05
1609 1.3169896349e-01 3.6825284237e-05
1610 1.3137273813e-01 2.6006297846e-05
1611 1.3101743938e-01 2.6465602033e-05
1612 1.3067858911e-01 2.6342121560e-05
1613 1.3033684166e-01 2.6262044562e-05
1614 1.3002697433e-01 2.5791603246e-05
1615 1.2977472583e-01 5.6584101594e-05
1616 1.2959698105e-01 5.7488279791e-05
1617 1.2940275331e-01 4.1836696618e-05
1618 1.2918113612e-01 3.2370671957e-05
1619 1.2895126540e-01 2.9430653907e-05
1620 1.2871729591e-01 3.0329875345e-05
1621 1.2852660774e-01 2.9768098373e-05
1622 1.2831579399e-01 3.2511875028e-05
1623 1.2810343741e-01 2.7023723506e-05
1624 1.2787549832e-01 2.8782363626e-05
1625 1.2769683604e-01 2.7469432479e-05
1626 1.2745533546e-01 2.1661285739e-05
1627 1.2722209269e-01 2.7625509834e-05
1628 1.2702876903e-01 2.4521822094e-05
1629 1.2678715524e-01 2.3124766089e-05
1630 1.2657341948e-01 3.1907685824e-05
1631 1.2639311358e-01 3.1661825419e-05
1632 1.2617849791e-01 3.6422929676e-05
1633 1.2600146452e-01 4.2027469026e-05
1634 1.2580859777e-01 3.9665185104e-05
1635 1.2561120332e-01 3.6290494139e-05
1636 1.2541500701e-01 3.3357576101e-05
1637 1.2522026917e-01 2.6122874182e-05
1638 1.2500313511e-01 2.0601210569e-05
1639 1.2472314424e-01 2.1968961757e-05
1640 1.2448160422e-01 3.1169731263e-05
1641 1.2425812734e-01 2.7324955420e-05
1642 1.2396927176e-01 2.3665160790e-05
1643 1.2369403850e-01 2.6052173246e-05
1644 1.2343986973e-01 3.5040912459e-05
1645 1.2324668088e-01 4.1903466218e-05
1646 1.2300758636e-01 3.8781323427e-05
1647 1.2281014414e-01 5.7397716756e-05
1648 1.2260728687e-01 2.7917863439e-05
1649 1.2235781802e-01 2.7786430420e-05
1650 1.2215827755e-01 2.7476990801e-05
1651 1.2191217474e-01 2.1614649205e-05
1652 1.2168006987e-01 2.3756902265e-05
1653 1.2149711776e-01 2.2041689735e-05
1654 1.2128755955e-01 2.2355699324e-05
1655 1.2107987626e-01 2.4448377740e-05
1656 1.2086190605e-01 2.9620236259e-05
1657 1.2067191665e-01 5.4206568693e-05
1658 1.2050470890e-01 3.9267780121e-05
1659 1.2028509641e-01 3.7855061842e-05
1660 1.2009823775e-01 2.7994676106e-05
1661 1.1985181376e-01 2.2808734713e-05
1662 1.1960091115e-01 2.3384510464e-05
1663 1.1934743296e-01 2.4337734097e-05
1664 1.1906234720e-01 2.6075254053e-05
1665 1.1877177176e-01 2.9372412214e-05
1666 1.1847585519e-01 2.9043122866e-05
1667 1.1817380368e-01 2.6145574337e-05
1668 1.1789679549e-01 2.9738309073e-05
1669 1.1766388097e-01 2.5597168785e-05
1670 1.1739895739e-01 3.0298007323e-05
1671 1.1718683963e-01 2.6996112796e-05
1672 1.1692175209e-01 2.6231804834e-05
1673 1.1669930544e-01 2.6572950941e-05
1674 1.1643423821e-01 2.4380381469e-05
1675 1.1618168209e-01 3.0747616047e-05
1676 1.1596297653e-01 3.8504346982e-05
1677 1.1573703745e-01 5.2764308331e-05
1678 1.1554172493e-01 4.6607831674e-05
1679 1.1527403415e-01 2.8664391961e-05
1680 1.1500903648e-01 2.9284166364e-05
1681 1.1474597136e-01 2.7909527291e-05
1682 1.1445023400e-01 2.7165375141e-05
1683 1.1419654730e-01 3.0231457664e-05
1684 1.1392350602e-01 2.3512235874e-05
1685 1.1363939496e-01 3.6230057034e-05
1686 1.1336578519e-01 2.9926402488e-05
1687 1.1307035614e-01 2.7264242198e-05
1688 1.1284477601e-01 2.9680149933e-05
1689 1.1262465354e-01 2.7813828788e-05
1690 1.1236912336e-01 2.7047050517e-05
1691 1.1206968811e-01 3.2046229714e-05
1692 1.1183725736e-01 4.6418992487e-05
1693 1.1162917118e-01 4.7093930810e-05
1694 1.1145022718e-01 4.4874356605e-05
1695 1.1125181821e-01 3.5518893939e-05
1696 1.1103794969e-01 2.2888931908e-05
1697 1.1080276165e-01 2.4093471141e-05
1698 1.1061101881e-01 2.7977479646e-05
1699 1.1041923243e-01 2.3817830117e-05
1700 1.1023106636e-01 2.5687941649e-05
1701 1.1007116859e-01 2.4748864888e-05
1702 1.0991716532e-01 2.5453661070e-05
1703 1.0975521638e-01 2.2357704473e-05
1704 1.0956687382e-01 2.9064540340e-05
1705 1.0939783600e-01 3.7805762416e-05
1706 1.0922317806e-01 3.1034014654e-05
1707 1.0905202140e-01 4.7162919174e-05
1708 1.0890785784e-01 3.5586573045e-05
1709 1.0869687241e-01 2.0813185136e-05
1710 1.0845585718e-01 2.1867094627e-05
1711 1.0826716632e-01 2.5323349912e-05
1712 1.0803483626e-01 2.0906703283e-05
1713 1.0780771841e-01 2.6830396103e-05
1714 1.0760144755e-01 3.0984031945e-05
1715 1.0740321282e-01 3.2165947868e-05
1716 1.0717803979e-01 2.9855686714e-05
1717 1.0694490431e-01 4.1668919214e-05
1718 1.0673831234e-01 3.6307961888e-05
1719 1.0650309964e-01 3.3495566231e-05
1720 1.0626001421e-01 2.2243399899e-05
1721 1.0594620239e-01 2.1014778817e-05
1722 1.0566920302e-01 2.2530877467e-05
1723 1.0539683810e-01 2.1399317552e-05
1724 1.0511267270e-01 2.3797305106e-05
1725 1.0481201618e-01 2.3850747602e-05
1726 1.0450461965e-01 2.6790289063e-05
1727 1.0414711183e-01 2.4327047283e-05
1728 1.0372771288e-01 2.9292832066e-05
1729 1.0333002666e-01 2.9699137098e-05
1730 1.0284871060e-01 2.7747852339e-05
1731 1.0241583406e-01 3.2238563521e-05
1732 1.0197875894e-01 2.4949207426e-05
1733 1.0152237255e-01 2.4309255661e-05
1734 1.0114157068e-01 4.0416665527e-05
1735 1.0084213402e-01 5.0976129414e-05
1736 1.0048157593e-01 4.5184888995e-05
1737 1.0019777069e-01 4.7644373625e-05
1738 9.9845950022e-02 2.4731668104e-05
1739 9.9466670281e-02 3.6144342906e-05
1740 9.9161988346e-02 3.3199064659e-05
1741 9.8763023495e-02 2.5407351889e-05
1742 9.8381401219e-02 3.0500042534e-05
1743 9.8043548487e-02 3.0599996970e-05
1744 9.7663903006e-02 2.5819950854e-05
1745 9.7264271393e-02 3.0722756252e-05
1746 9.6968042256e-02 3.4376454070e-05
1747 9.6613411719e-02 2.6301267931e-05
1748 9.6324028053e-02 3.1574379643e-05
1749 9.6025837893e-02 2.8483000220e-05
1750 9.5768597161e-02 2.9401378615e-05
1751 9.5474751081e-02 2.4726820421e-05
1752 9.5195813265e-02 4.2050337574e-05
1753 9.4999499519e-02 4.2044032711e-05
1754 9.4763148604e-02 5.2420460228e-05
1755 9.4595522832e-02 3.7198337550e-05
1756 9.4339902006e-02 2.1740697189e-05
1757 9.4095963430e-02 2.7987529549e-05
1758 9.3898962639e-02 2.9429415032e-05
1759 9.3662854381e-02 2.0689163102e-05
1760 9.3432832684e-02 2.4316318672e-05
1761 9.3241574469e-02 2.4421302751e-05
1762 9.2990528177e-02 2.3664925574e-05
1763 9.2769694302e-02 4.5980313998e-05
1764 9.2603459744e-02 4.8680937979e-05
1765 9.2402208230e-02 3.1477903108e-05
1766 9.2167714421e-02 2.5021953401e-05
1767 9.1925292051e-02 2.2410514499e-05
1768 9.1740431043e-02 2.5391909650e-05
1769 9.1504118969e-02 2.3033479352e-05
1770 9.1265738616e-02 3.0217575246e-05
1771 9.1053785429e-02 5.3802887586e-05
1772 9.0876239758e-02 3.7645337372e-05
1773 9.0629668656e-02 3.3131446953e-05
1774 9.0434964711e-02 3.8626374699e-05
1775 9.0210658614e-02 2.5989125888e-05
1776 9.0005393892e-02 3.5356341757e-05
1777 8.9801066564e-02 2.6283151284e-05
1778 8.9562703695e-02 2.4669928230e-05
1779 8.9305999251e-02 2.1109551252e-05
1780 8.9036788052e-02 2.3898420621e-05
1781 8.8822823092e-02 2.4800520648e-05
1782 8.8592367266e-02 2.2096739713e-05
1783 8.8347288149e-02 2.2153078949e-05
1784 8.8107705727e-02 2.2352235626e-05
1785 8.7882599819e-02 2.8086855857e-05
1786 8.7710513954e-02 2.5833203663e-05
1787 8.7498055914e-02 2.3516788807e-05
1788 8.7293841124e-02 2.1730311539e-05
1789 8.7096343235e-02 2.4626336931e-05
1790 8.6916666941e-02 1.9205331230e-05
1791 8.6709496409e-02 2.1824023755e-05
1792 8.6576759373e-02 2.6697618319e-05
1793 8.6405683772e-02 2.0615954727e-05
1794 8.6218448424e-02 2.8234669594e-05
1795 8.6050432226e-02 2.4680415077e-05
1796 8.5850689261e-02 2.7076849357e-05
1797 8.5669018823e-02 3.8307548596e-05
1798 8.5516355315e-02 5.0586653860e-05
1799 8.5366885334e-02 3.6549101164e-05
1800 8.5204192677e-02 2.8508569966e-05
1801 8.5026822542e-02 2.3052778131e-05
1802 8.4878005967e-02 2.1813778077e-05
1803 8.4734301770e-02 2.2515153284e-05
1804 8.4612562389e-02 2.1504367648e-05
1805 8.4455487929e-02 1.6267937826e-05
1806 8.4301347410e-02 1.6964304942e-05
1807 8.4157702324e-02 1.6132731918e-05
1808 8.3986877421e-02 1.7159641624e-05
1809 8.3835831313e-02 2.6935997723e-05
1810 8.3699324099e-02 2.8168170082e-05
1811 8.3539592514e-02 3.7730331469e-05
1812 8.3402722960e-02 5.4571967128e-05
1813 8.3246246339e-02 2.7994859316e-05
1814 8.3042303217e-02 2.9142933689e-05
1815 8.2874749019e-02 3.4230855760e-05
1816 8.2688934689e-02 2.3234490077e-05
1817 8.2500517469e-02 1.8138085266e-05
1818 8.2343540847e-02 2.5663722482e-05
1819 8.2192768371e-02 3.5994070040e-05
1820 8.2074935448e-02 4.1297282305e-05
1821 8.1943335971e-02 3.3956676969e-05
1822 8.1837238865e-02 2.9444202233e-05
1823 8.1697071267e-02 1.6216683873e-05
1824 8.1551644499e-02 2.4562675094e-05
1825 8.1440625566e-02 2.7661343190e-05
1826 8.1301002160e-02 2.4736943718e-05
1827 8.1193681992e-02 3.1107615980e-05
1828 8.1073056950e-02 2.5131235118e-05
1829 8.0950787009e-02 3.2470491844e-05
1830 8.0852055304e-02 3.7775769665e-05
1831 8.0739742714e-02 2.4265486507e-05
1832 8.0623031921e-02 2.7758482671e-05
1833 8.0512454817e-02 2.0769206274e-05
1834 8.0388631351e-02 1.8264238406e-05
1835 8.0259751167e-02 2.6221199276e-05
1836 8.0140690073e-02 2.9584632102e-05
1837 8.0018894686e-02 1.9767999041e-05
1838 7.9880174825e-02 1.5925914925e-05
1839 7.9743261080e-02 1.5358434063e-05
1840 7.9613430418e-02 1.6052229576e-05
1841 7.9492539398e-02 1.8387910217e-05
1842 7.9394078810e-02 2.4395615959e-05
1843 7.9304761494e-02 1.5097419040e-05
1844 7.9210077188e-02 1.4615920108e-05
1845 7.9137532046e-02 1.7215332676e-05
1846 7.9055847015e-02 1.3933265618e-05
1847 7.8976768296e-02 1.8006519744e-05
1848 7.8911245501e-02 1.7864402509e-05
1849 7.8838546681e-02 1.5776532995e-05
1850 7.8771188318e-02 1.7191420326e-05
1851 7.8697645834e-02 1.3780982235e-05
1852 7.8615403699e-02 1.6267912881e-05
1853 7.8544868078e-02 2.2381145986e-05
1854 7.8473909374e-02 3.3893941635e-05
1855 7.8418533936e-02 3.0729354460e-05
1856 7.8344054701e-02 1.6053298561e-05
1857 7.8258195992e-02 1.4299536327e-05
1858 7.8170966142e-02 1.3934229627e-05
1859 7.8085544931e-02 1.5946635037e-05
1860 7.8006261184e-02 1.4583457112e-05
1861 7.7925665342e-02 1.6200631066e-05
1862 7.7859859678e-02 1.5531678669e-05
1863 7.7780747419e-02 1.4126553237e-05
1864 7.7714953973e-02 1.6430314720e-05
1865 7.7650732504e-02 1.3240516190e-05
1866 7.7577385411e-02 1.3749287506e-05
1867 7.7504374545e-02 1.3757983088e-05
1868 7.7440284211e-02 1.6240744219e-05
1869 7.7386235093e-02 1.4092230827e-05
1870 7.7333833441e-02 1.8074729399e-05
1871 7.7283805751e-02 1.7254460001e-05
1872 7.7231323152e-02 2.3316406221e-05
1873 7.7186839557e-02 1.9867402308e-05
1874 7.7130501971e-02 1.7727864332e-05
1875 7.7084892009e-02 1.7432589928e-05
1876 7.7040966364e-02 1.3197491220e-05
1877 7.6995619253e-02 1.3026843254e-05
1878 7.6947773544e-02 1.1407944634e-05
1879 7.6894593890e-02 1.4521940709e-05
1880 7.6852373187e-02 2.3907338598e-05
1881 7.6810258260e-02 1.7942699643e-05
1882 7.6770362692e-02 2.7627981727e-05
1883 7.6729546719e-02 1.3987072283e-05
1884 7.6677290217e-02 1.0694858523e-05
1885 7.6635605309e-02 1.3138225049e-05
1886 7.6590430771e-02 1.2244162600e-05
1887 7.6539739862e-02 1.1363667930e-05
1888 7.6486348427e-02 1.7617831700e-05
1889 7.6437226134e-02 2.6785344739e-05
1890 7.6389912118e-02 2.2767335157e-05
1891 7.6330979582e-02 1.0602615166e-05
1892 7.6263934051e-02 1.2705790951e-05
1893 7.6214490399e-02 1.3689307732e-05
1894 7.6149260738e-02 1.0515277786e-05
1895 7.6085267824e-02 1.0829639006e-05
1896 7.6019145570e-02 9.6427388232e-06
1897 7.5950549868e-02 1.1634832931e-05
1898 7.5892123536e-02 1.2714559515e-05
1899 7.5834846430e-02 1.1285400728e-05
1900 7.5772101939e-02 1.0771523838e-05
1901 7.5705517779e-02 1.1038188940e-05
1902 7.5631866860e-02 1.2726525671e-05
1903 7.5567873530e-02 1.4000721315e-05
1904 7.5503592262e-02 1.3397252698e-05
1905 7.5444088831e-02 1.3907424179e-05
1906 7.5383580844e-02 1.4212426785e-05
1907 7.5311082184e-02 1.1294964325e-05
1908 7.5232393366e-02 1.3357297651e-05
1909 7.5159616323e-02 1.4438919940e-05
1910 7.5090682047e-02 1.3448526214e-05
1911 7.5020296181e-02 1.2453982306e-05
1912 7.4955262818e-02 1.2387131544e-05
1913 7.4899405083e-02 1.5559898044e-05
1914 7.4841963650e-02 1.3254198616e-05
1915 7.4783207401e-02 2.4934617763e-05
1916 7.4741815857e-02 2.4601733582e-05
1917 7.4685871339e-02 1.2699103282e-05
1918 7.4629931986e-02 1.2000943899e-05
1919 7.4582095853e-02 1.3402732650e-05
1920 7.4529109753e-02 1.1331372241e-05
1921 7.4473803801e-02 1.2743598903e-05
1922 7.4428095222e-02 1.4968112198e-05
1923 7.4376945455e-02 1.4665535384e-05
1924 7.4328027816e-02 1.2339980179e-05
1925 7.4278885190e-02 9.7738390423e-06
1926 7.4237082169e-02 1.2387907987e-05
1927 7.4204519768e-02 1.1034557033e-05
1928 7.4163261751e-02 1.1243647855e-05
1929 7.4123359809e-02 1.3111974385e-05
1930 7.4082683548e-02 1.5545321729e-05
1931 7.4046528137e-02 2.4254684545e-05
1932 7.4017098299e-02 1.7440940021e-05
1933 7.3977741802e-02 8.6927680436e-06
1934 7.3937423655e-02 1.0939453574e-05
1935 7.3906290113e-02 1.4448960529e-05
1936 7.3873500064e-02 1.8669850309e-05
1937 7.3848562709e-02 1.6473782467e-05
1938 7.3817821559e-02 8.4487253054e-06
1939 7.3788446020e-02 9.2054756077e-06
1940 7.3763928537e-02 9.6254756412e-06
1941 7.3741111842e-02 8.6325145547e-06
1942 7.3718718679e-02 1.1531244155e-05
1943 7.3702317343e-02 1.3538912190e-05
1944 7.3682870803e-02 1.1560664964e-05
1945 7.3667542357e-02 1.0209130982e-05
1946 7.3648006489e-02 7.3261809403e-06
1947 7.3632957742e-02 9.7392318128e-06
1948 7.3617210113e-02 7.1721475397e-06
1949 7.3601570123e-02 7.2156188715e-06
1950 7.3585163366e-02 6.7205478194e-06
1951 7.3572507353e-02 7.3998301988e-06
1952 7.3557036874e-02 6.3046131788e-06
1953 7.3540811963e-02 7.8331605219e-06
1954 7.3522346119e-02 7.6432860900e-06
1955 7.3502845440e-02 1.0149766975e-05
1956 7.3486981734e-02 8.3939468605e-06
1957 7.3469631808e-02 7.2850931374e-06
1958 7.3455456996e-02 7.8466844153e-06
1959 7.3441112356e-02 7.9916219391e-06
1960 7.3425639607e-02 7.4840276750e-06
1961 7.3408572056e-02 6.0769689624e-06
1962 7.3392083033e-02 6.1514627716e-06
1963 7.3375590280e-02 6.5769654925e-06
1964 7.3355304361e-02 6.4036724218e-06
1965 7.3332951241e-02 6.0271630859e-06
1966 7.3312093789e-02 7.6084826449e-06
1967 7.3291198291e-02 6.9840741051e-06
1968 7.3268784197e-02 7.1084003166e-06
1969 7.3247379507e-02 7.7407874108e-06
1970 7.3227163991e-02 6.7434273701e-06
1971 7.3204920385e-02 6.2481630724e-06
1972 7.3181530600e-02 6.2922862476e-06
1973 7.3162227858e-02 8.2449697544e-06
1974 7.3145090527e-02 9.5137778608e-06
1975 7.3128100999e-02 1.5487583136e-05
1976 7.3112729897e-02 1.2951307263e-05
1977 7.3094947435e-02 8.9877564403e-06
1978 7.3076020622e-02 7.7859269663e-06
1979 7.3059796455e-02 7.7199221887e-06
1980 7.3039358509e-02 6.2147643064e-06
1981 7.3018788900e-02 6.9215474779e-06
1982 7.3002254549e-02 7.3806647176e-06
1983 7.2983008780e-02 7.2349846140e-06
1984 7.2962085852e-02 8.0277487931e-06
1985 7.2945346767e-02 7.6393123222e-06
1986 7.2920799056e-02 7.1731508303e-06
1987 7.2898241892e-02 9.7693615342e-06
1988 7.2875809797e-02 7.7829413831e-06
1989 7.2847101494e-02 7.3618453044e-06
1990 7.2820813870e-02 1.1948390434e-05
1991 7.2802875450e-02 1.9514152160e-05
1992 7.2782657600e-02 1.3903573428e-05
1993 7.2760607077e-02 1.2681063046e-05
1994 7.2741207333e-02 1.1189936543e-05
1995 7.2719367238e-02 8.7851659404e-06
1996 7.2697919358e-02 1.2555282056e-05
1997 7.2682303084e-02 1.4942135429e-05
1998 7.2665713514e-02 1.0347404588e-05
1999 7.2650520289e-02 9.9970155300e-06
