iter rel_error rel_residual
0 9.2273557490e-01 3.9748465706e-01
1 9.1232884922e-01 1.9891105449e-01
2 8.8698797770e-01 1.1195001572e-01
3 8.6508626471e-01 6.7545788923e-02
4 8.4586342510e-01 5.4123175283e-02
5 8.2696681893e-01 4.6352308740e-02
6 8.1105736424e-01 3.8223343490e-02
7 8.0099675074e-01 2.9484959007e-02
8 7.8954982126e-01 2.7024971195e-02
9 7.7898006557e-01 2.3133863036e-02
10 7.7006571822e-01 2.2860718709e-02
11 7.6123945406e-01 1.5499510576e-02
12 7.5305118524e-01 1.2319042006e-02
13 7.4527458528e-01 1.3329461496e-02
14 7.3602691501e-01 9.0652054345e-03
15 7.2776913051e-01 1.0328134356e-02
16 7.2051133264e-01 9.0879955029e-03
17 7.1407112086e-01 8.6626399394e-03
18 7.0895756652e-01 8.0416860422e-03
19 7.0354588105e-01 6.8132306363e-03
20 6.9854614782e-01 7.0667618499e-03
21 6.9248205278e-01 8.2116843804e-03
22 6.8551857407e-01 1.0595340815e-02
23 6.7857598530e-01 1.1329376721e-02
24 6.7207581683e-01 9.1561497679e-03
25 6.6538647260e-01 8.9039285918e-03
26 6.5976393635e-01 7.5543477927e-03
27 6.5428165455e-01 7.9440457664e-03
28 6.4954119976e-01 1.1461222432e-02
29 6.4501311186e-01 1.0806406799e-02
30 6.4130793211e-01 7.5388736094e-03
31 6.3782754273e-01 6.7773442613e-03
32 6.3425624584e-01 5.3448953052e-03
33 6.3137468769e-01 5.0323488861e-03
34 6.2815320750e-01 4.4432409319e-03
35 6.2506032153e-01 4.3411744542e-03
36 6.2201075090e-01 3.8472866733e-03
37 6.1894754195e-01 3.3448069591e-03
38 6.1622129229e-01 3.2943252230e-03
39 6.1272700949e-01 3.5378995781e-03
40 6.0923226873e-01 3.5245817893e-03
41 6.0564735001e-01 3.5535237894e-03
42 6.0179817449e-01 3.2291701657e-03
43 5.9825364979e-01 3.1941146795e-03
44 5.9541562208e-01 2.8101586844e-03
45 5.9294587924e-01 2.8756152702e-03
46 5.9038390421e-01 2.7761372088e-03
47 5.8766451852e-01 2.3043518947e-03
48 5.8511645330e-01 2.4762772132e-03
49 5.8244199784e-01 2.6385291933e-03
50 5.7965527550e-01 2.6648250190e-03
51 5.7679573311e-01 2.6599353168e-03
52 5.7371196141e-01 2.3463593296e-03
53 5.7118915203e-01 2.6865847465e-03
54 5.6866332186e-01 2.5644875476e-03
55 5.6594242420e-01 2.6361020255e-03
56 5.6339000748e-01 2.7079474596e-03
57 5.6094927868e-01 2.7076195258e-03
58 5.5841210299e-01 2.8974236898e-03
59 5.5546451916e-01 2.7135555518e-03
60 5.5261034254e-01 2.8001596726e-03
61 5.4971226168e-01 2.6581669806e-03
62 5.4665948704e-01 2.9140098180e-03
63 5.4336156250e-01 3.4129938789e-03
64 5.3970729321e-01 3.1174066698e-03
65 5.3608991900e-01 2.7082620116e-03
66 5.3246194935e-01 2.7601972073e-03
67 5.2934831156e-01 3.0754013180e-03
68 5.2641211041e-01 2.4617422310e-03
69 5.2349321171e-01 2.5056098091e-03
70 5.2124491134e-01 2.3390173226e-03
71 5.1901925323e-01 1.9392303938e-03
72 5.1687687662e-01 2.0998728880e-03
73 5.1499489370e-01 1.9877806369e-03
74 5.1307457045e-01 1.9019305652e-03
75 5.1113500932e-01 2.4622346523e-03
76 5.0953642757e-01 3.1135787686e-03
77 5.0787869004e-01 2.0636822443e-03
78 5.0586136582e-01 1.7992226237e-03
79 5.0401905584e-01 1.7709259337e-03
80 5.0214873132e-01 2.2577102584e-03
81 5.0045300657e-01 2.5045392333e-03
82 4.9865818883e-01 1.7266847674e-03
83 4.9672397648e-01 1.4410839047e-03
84 4.9499473269e-01 1.3792063513e-03
85 4.9341644278e-01 1.2445358003e-03
86 4.9200075088e-01 1.1891080226e-03
87 4.9060367636e-01 1.3375668310e-03
88 4.8930629938e-01 1.5837096722e-03
89 4.8825718034e-01 2.1904615236e-03
90 4.8710071318e-01 1.7623250438e-03
91 4.8592960055e-01 1.4045104414e-03
92 4.8475259686e-01 1.2458649373e-03
93 4.8356081340e-01 1.2718252997e-03
94 4.8248404510e-01 1.2585070262e-03
95 4.8146200154e-01 1.5951200282e-03
96 4.8058076300e-01 2.1869982991e-03
97 4.7981119618e-01 1.6963513771e-03
98 4.7898147249e-01 1.0455162772e-03
99 4.7811157848e-01 9.3172176464e-04
100 4.7736008605e-01 7.7250972087e-04
101 4.7664883309e-01 7.0219640140e-04
102 4.7603845473e-01 7.3508453431e-04
103 4.7536757042e-01 7.3490253292e-04
104 4.7469859775e-01 7.1214435808e-04
105 4.7411233991e-01 7.7302116072e-04
106 4.7357237119e-01 7.1115854706e-04
107 4.7291413995e-01 6.5545088932e-04
108 4.7227634897e-01 6.5974477286e-04
109 4.7161227026e-01 6.9102895520e-04
110 4.7092909715e-01 6.5243995122e-04
111 4.7030365357e-01 5.7378040897e-04
112 4.6962098356e-01 5.7810468868e-04
113 4.6905295650e-01 6.3754020062e-04
114 4.6852876630e-01 4.9332847478e-04
115 4.6798078699e-01 5.0285150742e-04
116 4.6744722467e-01 4.8111776583e-04
117 4.6695487907e-01 4.3248646301e-04
118 4.6651906104e-01 3.9843186809e-04
119 4.6607920861e-01 3.9625160037e-04
120 4.6567659327e-01 4.2299510154e-04
121 4.6523739267e-01 3.9496428440e-04
122 4.6467689008e-01 3.7273946617e-04
123 4.6413443513e-01 3.6252234202e-04
124 4.6351200984e-01 3.7512507305e-04
125 4.6287035019e-01 3.7733308274e-04
126 4.6223160998e-01 3.6869126491e-04
127 4.6153938580e-01 4.0573548788e-04
128 4.6090267160e-01 4.4652245884e-04
129 4.6033483536e-01 4.0552921435e-04
130 4.5970879063e-01 4.2216287757e-04
131 4.5909072492e-01 3.9973274833e-04
132 4.5837295799e-01 3.7348545124e-04
133 4.5756274963e-01 3.8240333039e-04
134 4.5686072677e-01 3.7344050082e-04
135 4.5621172945e-01 5.1281385131e-04
136 4.5565554538e-01 6.6393338999e-04
137 4.5514031785e-01 6.1404428848e-04
138 4.5454775420e-01 3.8194111405e-04
139 4.5397970335e-01 3.0310476781e-04
140 4.5338359595e-01 3.3231403041e-04
141 4.5283553730e-01 5.8996405958e-04
142 4.5241100617e-01 5.2287777697e-04
143 4.5188976503e-01 3.5841075410e-04
144 4.5129019526e-01 3.0194322844e-04
145 4.5067466010e-01 2.9772114965e-04
146 4.5010122172e-01 3.1651657078e-04
147 4.4953860091e-01 3.7224298380e-04
148 4.4900298075e-01 4.9205571935e-04
149 4.4851995419e-01 4.4832778767e-04
150 4.4796767013e-01 4.1713027726e-04
151 4.4750982543e-01 2.9524034529e-04
152 4.4696196792e-01 2.4812313812e-04
153 4.4638018051e-01 2.4512189374e-04
154 4.4583252279e-01 2.7487844690e-04
155 4.4531842869e-01 2.5205341681e-04
156 4.4483312921e-01 2.9715988603e-04
157 4.4444125867e-01 4.0928293717e-04
158 4.4400701149e-01 3.4113446619e-04
159 4.4356897640e-01 3.4134344506e-04
160 4.4313821521e-01 2.7165643521e-04
161 4.4260252488e-01 2.1075336878e-04
162 4.4197184672e-01 2.2996647081e-04
163 4.4132848384e-01 2.3494150841e-04
164 4.4070197909e-01 2.3553449979e-04
165 4.4009355836e-01 2.0783023969e-04
166 4.3949095333e-01 2.2382475394e-04
167 4.3883289076e-01 2.5614522146e-04
168 4.3819171629e-01 2.4125198495e-04
169 4.3748289880e-01 2.2630390460e-04
170 4.3673316135e-01 2.5047106431e-04
171 4.3607225857e-01 2.9082722424e-04
172 4.3540194428e-01 2.1989604559e-04
173 4.3472183648e-01 2.3264628501e-04
174 4.3412357903e-01 2.4877231009e-04
175 4.3349534388e-01 2.2507929083e-04
176 4.3288796954e-01 2.3285005680e-04
177 4.3231776620e-01 2.8203679963e-04
178 4.3179574567e-01 2.3952506850e-04
179 4.3122102723e-01 1.8579914459e-04
180 4.3060192790e-01 1.8735898196e-04
181 4.3001236639e-01 1.9724931602e-04
182 4.2951240076e-01 1.9310408101e-04
183 4.2902823736e-01 1.9628264077e-04
184 4.2851023797e-01 1.9515734248e-04
185 4.2792369288e-01 1.7913657703e-04
186 4.2738988588e-01 1.8934893297e-04
187 4.2688077224e-01 1.6859338729e-04
188 4.2635866326e-01 1.8118898195e-04
189 4.2581039536e-01 1.7091545329e-04
190 4.2517483415e-01 1.6488769690e-04
191 4.2454382126e-01 1.5940416201e-04
192 4.2392293215e-01 1.8900389643e-04
193 4.2325063047e-01 2.3014711037e-04
194 4.2259738361e-01 2.8433726009e-04
195 4.2184780375e-01 2.2649851784e-04
196 4.2100116079e-01 2.8227377143e-04
197 4.2019892214e-01 3.2046403171e-04
198 4.1938836265e-01 2.7207858770e-04
199 4.1846801310e-01 2.2924742693e-04
200 4.1741460600e-01 1.9717296330e-04
201 4.1656569113e-01 2.1790865298e-04
202 4.1571190776e-01 2.0314936570e-04
203 4.1467195468e-01 2.2445046469e-04
204 4.1378922491e-01 3.5146838083e-04
205 4.1297526113e-01 3.4317073137e-04
206 4.1196098059e-01 2.9076556611e-04
207 4.1094478138e-01 2.6160794218e-04
208 4.0983725285e-01 2.3861130300e-04
209 4.0864189846e-01 2.6701214574e-04
210 4.0742061874e-01 2.6603389590e-04
211 4.0597274269e-01 2.7435497585e-04
212 4.0422975275e-01 3.2529838104e-04
213 4.0228242855e-01 3.4148113050e-04
214 4.0030149011e-01 4.2592096439e-04
215 3.9878821255e-01 7.0781007657e-04
216 3.9735034196e-01 3.9644479348e-04
217 3.9561530381e-01 3.0458446876e-04
218 3.9395204785e-01 2.8796285786e-04
219 3.9247410440e-01 3.2615051567e-04
220 3.9133020304e-01 3.4516960782e-04
221 3.9021408303e-01 3.9528406112e-04
222 3.8939790172e-01 5.2661253419e-04
223 3.8862612491e-01 4.4140220731e-04
224 3.8791695235e-01 3.8973766328e-04
225 3.8730761227e-01 3.9236038471e-04
226 3.8672455902e-01 3.3830215759e-04
227 3.8629093033e-01 3.0897927571e-04
228 3.8591803580e-01 2.8186462658e-04
229 3.8563440332e-01 2.3555913112e-04
230 3.8542269618e-01 2.2678315012e-04
231 3.8525871459e-01 2.3074505462e-04
232 3.8515059786e-01 2.4422042453e-04
233 3.8509898353e-01 2.7025582894e-04
234 3.8507941543e-01 2.5447682985e-04
235 3.8506980926e-01 2.1082772147e-04
236 3.8502735699e-01 2.0937994210e-04
237 3.8498302302e-01 2.0852705640e-04
238 3.8493446794e-01 2.2190054522e-04
239 3.8487957183e-01 2.2831770237e-04
240 3.8481333274e-01 2.1318460185e-04
241 3.8473293228e-01 2.5413672366e-04
242 3.8464583123e-01 2.2387283969e-04
243 3.8453907601e-01 2.1330054525e-04
244 3.8440205956e-01 2.1516994765e-04
245 3.8422418825e-01 2.0851149391e-04
246 3.8403452291e-01 2.2879973370e-04
247 3.8385071709e-01 2.4919714043e-04
248 3.8363648970e-01 2.1773990041e-04
249 3.8336250260e-01 1.9668370527e-04
250 3.8302198564e-01 2.1044978933e-04
251 3.8264282608e-01 2.8171632726e-04
252 3.8232080996e-01 5.3768258718e-04
253 3.8204146700e-01 3.8124780855e-04
254 3.8164114697e-01 2.9811128574e-04
255 3.8120184417e-01 3.2356989938e-04
256 3.8073734106e-01 3.1838338694e-04
257 3.8021513704e-01 2.7066512392e-04
258 3.7965434059e-01 2.7846582449e-04
259 3.7914136442e-01 3.3268482113e-04
260 3.7867617965e-01 3.7111343226e-04
261 3.7820797459e-01 4.0719138064e-04
262 3.7771647500e-01 3.9066260969e-04
263 3.7721825286e-01 2.9986084635e-04
264 3.7669969742e-01 3.7307125888e-04
265 3.7616177273e-01 2.8171581444e-04
266 3.7550456032e-01 2.3975925737e-04
267 3.7499544824e-01 2.8703850635e-04
268 3.7444165020e-01 2.3517299477e-04
269 3.7380084490e-01 2.9989207119e-04
270 3.7329052416e-01 4.7251770237e-04
271 3.7281347188e-01 3.8251021884e-04
272 3.7225905791e-01 2.9413552036e-04
273 3.7161950432e-01 2.3376502079e-04
274 3.7095449434e-01 2.4792537966e-04
275 3.7039479496e-01 3.0180414167e-04
276 3.6980858689e-01 2.2702664373e-04
277 3.6915783201e-01 2.3961903846e-04
278 3.6862560632e-01 3.1789423074e-04
279 3.6806622368e-01 2.9705350301e-04
280 3.6754838813e-01 3.8375486451e-04
281 3.6709355983e-01 3.1986414350e-04
282 3.6665230302e-01 2.7050251651e-04
283 3.6623050285e-01 2.5674705046e-04
284 3.6585929285e-01 1.9945121040e-04
285 3.6546432268e-01 2.0313688059e-04
286 3.6508043170e-01 1.7830054319e-04
287 3.6465647790e-01 1.4534388852e-04
288 3.6418293339e-01 1.3967255981e-04
289 3.6374351141e-01 1.4770837034e-04
290 3.6321190557e-01 1.4589596591e-04
291 3.6253020507e-01 1.3857790476e-04
292 3.6186569228e-01 1.7689621237e-04
293 3.6127532939e-01 1.7949693703e-04
294 3.6049275780e-01 1.4491288444e-04
295 3.5948044731e-01 1.5500787066e-04
296 3.5845578486e-01 1.8560359776e-04
297 3.5757573575e-01 2.2939879348e-04
298 3.5663115744e-01 1.5569020548e-04
299 3.5556606607e-01 1.9319099853e-04
300 3.5460262047e-01 2.5488955570e-04
301 3.5361692633e-01 1.8496497371e-04
302 3.5249827053e-01 1.4721584610e-04
303 3.5134212401e-01 1.5538313797e-04
304 3.5038808400e-01 2.1090700996e-04
305 3.4945182771e-01 1.7001155769e-04
306 3.4821929389e-01 1.4477832677e-04
307 3.4690011671e-01 1.5111854536e-04
308 3.4529992573e-01 1.7048325359e-04
309 3.4362222917e-01 2.0626148398e-04
310 3.4218378219e-01 2.5614459363e-04
311 3.4079006014e-01 1.9338579008e-04
312 3.3927656080e-01 2.0669900151e-04
313 3.3804564294e-01 2.2346656424e-04
314 3.3659450521e-01 1.7060848573e-04
315 3.3511713981e-01 1.9132280185e-04
316 3.3378921090e-01 2.1742150708e-04
317 3.3248789900e-01 2.5576073251e-04
318 3.3136900600e-01 3.8632197597e-04
319 3.3028115837e-01 2.5387101934e-04
320 3.2891165259e-01 1.8934014852e-04
321 3.2772404696e-01 2.0496578887e-04
322 3.2650746889e-01 1.6049502082e-04
323 3.2499538310e-01 1.5207836639e-04
324 3.2342978195e-01 1.5565258409e-04
325 3.2209424466e-01 3.4936160132e-04
326 3.2123339185e-01 2.8361184658e-04
327 3.2000017852e-01 1.5205228749e-04
328 3.1869983507e-01 1.3699159737e-04
329 3.1746298986e-01 1.5572946629e-04
330 3.1624149988e-01 2.0685863885e-04
331 3.1510360299e-01 3.0169706513e-04
332 3.1408451233e-01 2.6034341784e-04
333 3.1292679083e-01 2.6643800249e-04
334 3.1179685243e-01 2.3451416549e-04
335 3.1032231089e-01 1.4198188846e-04
336 3.0859868887e-01 1.3213686574e-04
337 3.0685721728e-01 1.7756094718e-04
338 3.0539825045e-01 2.1149780083e-04
339 3.0358432060e-01 2.7953955013e-04
340 3.0202636170e-01 3.9540467748e-04
341 3.0023384973e-01 2.1302658132e-04
342 2.9795943512e-01 1.7085459671e-04
343 2.9590880542e-01 1.7895523004e-04
344 2.9410952753e-01 1.6409504326e-04
345 2.9215062970e-01 1.4554518560e-04
346 2.9032796042e-01 1.5873650604e-04
347 2.8893259977e-01 2.0247568143e-04
348 2.8750031160e-01 1.5687383204e-04
349 2.8574111148e-01 1.4501693924e-04
350 2.8386519795e-01 1.4634728409e-04
351 2.8230998367e-01 1.6123786055e-04
352 2.8086670880e-01 1.5485334043e-04
353 2.7932493696e-01 1.3389915816e-04
354 2.7795192139e-01 1.5325932232e-04
355 2.7686587121e-01 1.5383181164e-04
356 2.7578586554e-01 1.4475537805e-04
357 2.7486540627e-01 1.6247196225e-04
358 2.7378557571e-01 1.3332937862e-04
359 2.7267160256e-01 1.2881127532e-04
360 2.7168646989e-01 1.5155178220e-04
361 2.7061402482e-01 1.2938460007e-04
362 2.6961569450e-01 1.1258034587e-04
363 2.6867656473e-01 1.0226467923e-04
364 2.6783894675e-01 1.2365553205e-04
365 2.6728357572e-01 1.3563296124e-04
366 2.6671565120e-01 1.0407681974e-04
367 2.6614682979e-01 1.1022311375e-04
368 2.6567788389e-01 1.0081207970e-04
369 2.6514068597e-01 9.1152622503e-05
370 2.6470782904e-01 1.0120142256e-04
371 2.6430552827e-01 8.7908184505e-05
372 2.6384062473e-01 8.2722617805e-05
373 2.6344490552e-01 9.0127699805e-05
374 2.6301373952e-01 1.0134818338e-04
375 2.6255073879e-01 1.2839066914e-04
376 2.6214985033e-01 1.6753281806e-04
377 2.6175886107e-01 1.8742309570e-04
378 2.6141374884e-01 1.2634688127e-04
379 2.6098241644e-01 9.1557091278e-05
380 2.6056386642e-01 9.7724177109e-05
381 2.6021273270e-01 1.1707145634e-04
382 2.5985233555e-01 9.7606514058e-05
383 2.5947774941e-01 1.0183484954e-04
384 2.5906578892e-01 8.4155152014e-05
385 2.5865903771e-01 8.5355625972e-05
386 2.5830152742e-01 1.3814160214e-04
387 2.5802282255e-01 1.9316734465e-04
388 2.5770566461e-01 1.5928082140e-04
389 2.5739840308e-01 1.1798485603e-04
390 2.5708338559e-01 8.2238502689e-05
391 2.5680559558e-01 9.0914326766e-05
392 2.5655499786e-01 8.1666534290e-05
393 2.5625474051e-01 7.4153888114e-05
394 2.5597767522e-01 9.6096430348e-05
395 2.5578110209e-01 1.4099899616e-04
396 2.5558165951e-01 1.4864611513e-04
397 2.5542914939e-01 1.4273009630e-04
398 2.5526338244e-01 7.9089935516e-05
399 2.5508581899e-01 7.3442800149e-05
400 2.5494619924e-01 7.8316592436e-05
401 2.5480171886e-01 6.4828693039e-05
402 2.5465594377e-01 7.9767996614e-05
403 2.5454685568e-01 1.3606789524e-04
404 2.5444739621e-01 1.0864346820e-04
405 2.5433606324e-01 8.9731348702e-05
406 2.5422405648e-01 7.3262577457e-05
407 2.5410263524e-01 6.9601235654e-05
408 2.5397998403e-01 6.4396733577e-05
409 2.5386368035e-01 6.7454694991e-05
410 2.5374772355e-01 6.4139797324e-05
411 2.5361824943e-01 5.9887846303e-05
412 2.5350566223e-01 6.3976361805e-05
413 2.5340218010e-01 6.1517967912e-05
414 2.5327422107e-01 5.3075813265e-05
415 2.5315050035e-01 5.3569218253e-05
416 2.5302688772e-01 6.5372157871e-05
417 2.5292070361e-01 6.2309139233e-05
418 2.5280292346e-01 5.5258422709e-05
419 2.5269146845e-01 6.4224172031e-05
420 2.5258123826e-01 5.9730692294e-05
421 2.5243171950e-01 4.9959150685e-05
422 2.5228811415e-01 4.9985099337e-05
423 2.5214241985e-01 6.2156674680e-05
424 2.5199694825e-01 6.2388767539e-05
425 2.5185825030e-01 6.4295913747e-05
426 2.5173033984e-01 6.3433511603e-05
427 2.5159644572e-01 5.5791822975e-05
428 2.5143112719e-01 5.5457638129e-05
429 2.5127593753e-01 6.7567010772e-05
430 2.5114447819e-01 5.9702458628e-05
431 2.5096913285e-01 6.0679979176e-05
432 2.5079966258e-01 7.1388658999e-05
433 2.5060257531e-01 8.0339947899e-05
434 2.5039490889e-01 1.0297008995e-04
435 2.5019849910e-01 8.3406752791e-05
436 2.4999267833e-01 1.0820640189e-04
437 2.4985595550e-01 1.3258218312e-04
438 2.4967703342e-01 6.3182344328e-05
439 2.4949698436e-01 7.1503031889e-05
440 2.4935370237e-01 6.5880334641e-05
441 2.4921084481e-01 5.5243541806e-05
442 2.4908967365e-01 6.5222060693e-05
443 2.4895812715e-01 4.8536144740e-05
444 2.4880138289e-01 6.2577638180e-05
445 2.4868222377e-01 8.4184477294e-05
446 2.4854890964e-01 5.3413340579e-05
447 2.4840019416e-01 5.2537974297e-05
448 2.4828998287e-01 7.9902477568e-05
449 2.4815771126e-01 7.0558275998e-05
450 2.4804325877e-01 1.0568812038e-04
451 2.4793875333e-01 6.7959677483e-05
452 2.4780652789e-01 5.8970020098e-05
453 2.4768035306e-01 5.6169572227e-05
454 2.4754717681e-01 4.9377062062e-05
455 2.4743766437e-01 5.8844027533e-05
456 2.4734463947e-01 7.3154646822e-05
457 2.4726165614e-01 1.0044814262e-04
458 2.4718320633e-01 6.2759294705e-05
459 2.4708034606e-01 4.3987038722e-05
460 2.4697676082e-01 4.4804749807e-05
461 2.4689178773e-01 5.2217192369e-05
462 2.4682084653e-01 4.7817795971e-05
463 2.4674241164e-01 5.4498493522e-05
464 2.4666448965e-01 4.6695451355e-05
465 2.4657041165e-01 4.6420508248e-05
466 2.4648032647e-01 8.1326548070e-05
467 2.4641079495e-01 9.2211749772e-05
468 2.4632700107e-01 6.3057057333e-05
469 2.4623706748e-01 4.9725321567e-05
470 2.4613885504e-01 5.1084790519e-05
471 2.4604519588e-01 4.6311669529e-05
472 2.4593740732e-01 4.0521723540e-05
473 2.4582184663e-01 4.1264938058e-05
474 2.4571365459e-01 5.4055107730e-05
475 2.4561040313e-01 4.9380233828e-05
476 2.4551065957e-01 5.5554705744e-05
477 2.4539466777e-01 4.1308424119e-05
478 2.4526872175e-01 4.1015436965e-05
479 2.4515178588e-01 5.0109456933e-05
480 2.4505389432e-01 5.2692578943e-05
481 2.4495680617e-01 4.2698091147e-05
482 2.4484101735e-01 3.7822025123e-05
483 2.4474665713e-01 4.9144629171e-05
484 2.4466962832e-01 6.5411368277e-05
485 2.4459752201e-01 4.5985256224e-05
486 2.4450802949e-01 3.9883825363e-05
487 2.4442493646e-01 4.8804060637e-05
488 2.4434656116e-01 4.4972654874e-05
489 2.4427176388e-01 4.6513181278e-05
490 2.4420562844e-01 4.6190805773e-05
491 2.4413684589e-01 4.3001537105e-05
492 2.4407141893e-01 4.7916712039e-05
493 2.4401182449e-01 5.3655473829e-05
494 2.4394786773e-01 7.4279377706e-05
495 2.4389936660e-01 7.8730616040e-05
496 2.4384145748e-01 5.7908289286e-05
497 2.4379126723e-01 5.4285384654e-05
498 2.4373439448e-01 3.6402715489e-05
499 2.4367409454e-01 4.2104450122e-05
500 2.4362736118e-01 4.8968203481e-05
501 2.4357309209e-01 3.5707994852e-05
502 2.4351586161e-01 3.8409804525e-05
503 2.4347621644e-01 4.2487345851e-05
504 2.4342792071e-01 3.5123471202e-05
505 2.4338877487e-01 3.9812391536e-05
506 2.4335950835e-01 3.4326773219e-05
507 2.4332219362e-01 3.4125996784e-05
508 2.4329602964e-01 4.5626778772e-05
509 2.4327168404e-01 4.1355481347e-05
510 2.4324925517e-01 7.4043974977e-05
511 2.4323667790e-01 6.0491604821e-05
512 2.4322055943e-01 2.9203089442e-05
513 2.4320243356e-01 2.7966502626e-05
514 2.4319183973e-01 3.1705488636e-05
515 2.4318206430e-01 5.1257807740e-05
516 2.4317605331e-01 6.9640878332e-05
517 2.4317217121e-01 4.2178414088e-05
518 2.4317158598e-01 2.8415566989e-05
519 2.4317157080e-01 2.7866199287e-05
520 2.4317593732e-01 3.8426677751e-05
521 2.4318252288e-01 2.9344207771e-05
522 2.4319070496e-01 3.1485643841e-05
523 2.4320012389e-01 3.8585669955e-05
524 2.4321272761e-01 3.3559117620e-05
525 2.4323245341e-01 4.4444772733e-05
526 2.4325187826e-01 6.5762432227e-05
527 2.4327671191e-01 6.5477465618e-05
528 2.4330696565e-01 5.6064405236e-05
529 2.4334169728e-01 4.5812680299e-05
530 2.4337848023e-01 3.7338767962e-05
531 2.4342685863e-01 3.5440460243e-05
532 2.4349003352e-01 4.0827281143e-05
533 2.4356553468e-01 4.5590928625e-05
534 2.4364579246e-01 4.2698839657e-05
535 2.4374193976e-01 4.4350600613e-05
536 2.4384090721e-01 4.6219044536e-05
537 2.4396355589e-01 4.0436805023e-05
538 2.4408724668e-01 5.0896036054e-05
539 2.4421022944e-01 4.3781875040e-05
540 2.4436807376e-01 4.1972259125e-05
541 2.4451701354e-01 4.8283188625e-05
542 2.4466679773e-01 4.4454594609e-05
543 2.4484799603e-01 4.1597072364e-05
544 2.4501531304e-01 4.7125062964e-05
545 2.4517316189e-01 4.7810631633e-05
546 2.4534748321e-01 4.2959100338e-05
547 2.4555848407e-01 3.4502111752e-05
548 2.4576655162e-01 3.6566523231e-05
549 2.4596164478e-01 4.5716380561e-05
550 2.4613140555e-01 3.9046436043e-05
551 2.4630320918e-01 3.8631513017e-05
552 2.4648416999e-01 4.4860790518e-05
553 2.4665503758e-01 4.9065388836e-05
554 2.4681242006e-01 6.1129064234e-05
555 2.4694472256e-01 7.0992320180e-05
556 2.4707431751e-01 4.3233879584e-05
557 2.4723592862e-01 3.2814052931e-05
558 2.4739189644e-01 3.1494505044e-05
559 2.4752229509e-01 3.7189087468e-05
560 2.4763042868e-01 2.9461344816e-05
561 2.4774391022e-01 3.5454778792e-05
562 2.4785238254e-01 3.2259490670e-05
563 2.4798438221e-01 2.8669623513e-05
564 2.4810296202e-01 3.5238336199e-05
565 2.4823223262e-01 3.2088637861e-05
566 2.4837548876e-01 2.8980071233e-05
567 2.4850613650e-01 3.0664529503e-05
568 2.4863628171e-01 3.1993365023e-05
569 2.4877109826e-01 3.0463367181e-05
570 2.4890586665e-01 2.7085103938e-05
571 2.4903435169e-01 2.8964916630e-05
572 2.4914261416e-01 3.8133999316e-05
573 2.4924990898e-01 4.3523073011e-05
574 2.4935210869e-01 6.5339973370e-05
575 2.4944300553e-01 3.8211472203e-05
576 2.4955725073e-01 2.4854145942e-05
577 2.4967262954e-01 2.4479936818e-05
578 2.4978381628e-01 5.0404745834e-05
579 2.4986447439e-01 5.8222066297e-05
580 2.4998085075e-01 2.7848478349e-05
581 2.5011245080e-01 2.3335785044e-05
582 2.5023306603e-01 2.1697250491e-05
583 2.5035010829e-01 2.6002576406e-05
584 2.5044805328e-01 3.3683389045e-05
585 2.5053441266e-01 2.5453385159e-05
586 2.5064379186e-01 2.3971106724e-05
587 2.5076045581e-01 3.2232107341e-05
588 2.5085196029e-01 5.7359422292e-05
589 2.5092818255e-01 5.2019246346e-05
590 2.5101083400e-01 3.6602171657e-05
591 2.5110632392e-01 2.7728042536e-05
592 2.5120978950e-01 3.4254743882e-05
593 2.5129789546e-01 4.6138771967e-05
594 2.5138937353e-01 3.5732810234e-05
595 2.5149658950e-01 3.0263669596e-05
596 2.5158727323e-01 2.9460001376e-05
597 2.5167905412e-01 2.5018741123e-05
598 2.5176487391e-01 2.7131046949e-05
599 2.5183763566e-01 2.7629502740e-05
600 2.5192073460e-01 2.7092941971e-05
601 2.5200817164e-01 3.4060780637e-05
602 2.5208247508e-01 2.6972613235e-05
603 2.5217100375e-01 3.3236373833e-05
604 2.5225158316e-01 3.4899836125e-05
605 2.5234843458e-01 3.0993151093e-05
606 2.5243496702e-01 4.0221684959e-05
607 2.5250924616e-01 3.4642045323e-05
608 2.5259053248e-01 3.1846195138e-05
609 2.5265874914e-01 3.7477608205e-05
610 2.5271261720e-01 2.5362467907e-05
611 2.5276854533e-01 2.2363594472e-05
612 2.5280537485e-01 2.9374137758e-05
613 2.5284054773e-01 1.9848814414e-05
614 2.5287017852e-01 1.7955510510e-05
615 2.5289998277e-01 2.3994911962e-05
616 2.5292118584e-01 5.3058134645e-05
617 2.5293873359e-01 3.1483761882e-05
618 2.5295835842e-01 1.8038706841e-05
619 2.5297413970e-01 1.9924224524e-05
620 2.5298681283e-01 1.9254469216e-05
621 2.5299753084e-01 1.8180587061e-05
622 2.5300621375e-01 2.0714627681e-05
623 2.5301365994e-01 2.2273469313e-05
624 2.5301991637e-01 1.8335146698e-05
625 2.5302569486e-01 1.9922785198e-05
626 2.5303131413e-01 2.2268589708e-05
627 2.5303451137e-01 2.0021007999e-05
628 2.5303692166e-01 2.0389053104e-05
629 2.5303888577e-01 2.5781303145e-05
630 2.5304143982e-01 2.5723635699e-05
631 2.5304422562e-01 5.2377531286e-05
632 2.5304549647e-01 4.5172954359e-05
633 2.5304963840e-01 2.4518299425e-05
634 2.5305354849e-01 2.1831177277e-05
635 2.5305594793e-01 3.0291652602e-05
636 2.5305604655e-01 3.7999993870e-05
637 2.5305632870e-01 3.6656552152e-05
638 2.5305637310e-01 2.6479968175e-05
639 2.5305402855e-01 2.0679821863e-05
640 2.5304961328e-01 2.1154207105e-05
641 2.5304486663e-01 2.2811835247e-05
642 2.5303904227e-01 2.2951820061e-05
643 2.5303263415e-01 2.5220959640e-05
644 2.5302384508e-01 2.4869969558e-05
645 2.5301385261e-01 2.6524097862e-05
646 2.5300184921e-01 2.5870296555e-05
647 2.5298738778e-01 2.7785876053e-05
648 2.5297520209e-01 2.6144700477e-05
649 2.5296215162e-01 2.5986932459e-05
650 2.5294534666e-01 5.0292786267e-05
651 2.5293310428e-01 7.1285053092e-05
652 2.5291838018e-01 3.3340055347e-05
653 2.5289984865e-01 3.0030863119e-05
654 2.5288084204e-01 2.9139729758e-05
655 2.5286089756e-01 2.9809735267e-05
656 2.5284304229e-01 3.3942302886e-05
657 2.5282071255e-01 2.7741611471e-05
658 2.5279310945e-01 3.3774140856e-05
659 2.5276808531e-01 4.2025879220e-05
660 2.5273997116e-01 3.2101760381e-05
661 2.5271353618e-01 3.9018753173e-05
662 2.5268293250e-01 3.2100078435e-05
663 2.5264902976e-01 3.7651223460e-05
664 2.5261968254e-01 5.2690999350e-05
665 2.5258599116e-01 3.8325704526e-05
666 2.5254344955e-01 3.1282477553e-05
667 2.5250202919e-01 3.3038252728e-05
668 2.5246627208e-01 3.2501364628e-05
669 2.5243331574e-01 3.3734481783e-05
670 2.5239411647e-01 3.4218535447e-05
671 2.5235668836e-01 3.5053365999e-05
672 2.5231894567e-01 2.9513940398e-05
673 2.5228475419e-01 3.5338835749e-05
674 2.5225705624e-01 3.8951520955e-05
675 2.5222642423e-01 3.3955747002e-05
676 2.5220329295e-01 5.3680467994e-05
677 2.5218290000e-01 5.4398025185e-05
678 2.5216518015e-01 6.0526701303e-05
679 2.5214350783e-01 3.5311161206e-05
680 2.5211573276e-01 3.2971091070e-05
681 2.5209224567e-01 3.2975828199e-05
682 2.5207270622e-01 3.9842106485e-05
683 2.5205264606e-01 3.2880637710e-05
684 2.5203240243e-01 3.4774500857e-05
685 2.5200952125e-01 3.5592236066e-05
686 2.5198471515e-01 3.3014086667e-05
687 2.5196075729e-01 3.2817476803e-05
688 2.5193816114e-01 3.7264931528e-05
689 2.5192013798e-01 3.3521419053e-05
690 2.5190243034e-01 3.1261043949e-05
691 2.5188699573e-01 3.3847958734e-05
692 2.5187225027e-01 3.6994630331e-05
693 2.5185550317e-01 4.1642662433e-05
694 2.5183395561e-01 4.8250352111e-05
695 2.5181694435e-01 6.4875778342e-05
696 2.5180237054e-01 4.3443317547e-05
697 2.5178948732e-01 4.2021833755e-05
698 2.5177467414e-01 5.6394159014e-05
699 2.5175613104e-01 7.6391204936e-05
700 2.5173904396e-01 8.8550606629e-05
701 2.5171677380e-01 3.6587047124e-05
702 2.5168664531e-01 3.1877328551e-05
703 2.5166799776e-01 3.2386136901e-05
704 2.5164842702e-01 3.4616570096e-05
705 2.5162665377e-01 3.2018560338e-05
706 2.5160085047e-01 2.7291493032e-05
707 2.5156703182e-01 3.3782674407e-05
708 2.5153994574e-01 4.0427288302e-05
709 2.5151534135e-01 3.5077836046e-05
710 2.5149170206e-01 3.9745045553e-05
711 2.5147280653e-01 3.9929401863e-05
712 2.5145779398e-01 5.6831326488e-05
713 2.5144382879e-01 6.7829570767e-05
714 2.5142862477e-01 4.2029829494e-05
715 2.5141495536e-01 3.2536712872e-05
716 2.5140080588e-01 3.9015756413e-05
717 2.5138873186e-01 2.3536653687e-05
718 2.5137709911e-01 3.4330900855e-05
719 2.5136281718e-01 5.0976856876e-05
720 2.5134904628e-01 3.3907033897e-05
721 2.5133076208e-01 2.5464665991e-05
722 2.5130676473e-01 2.7598783406e-05
723 2.5128596091e-01 3.3140503215e-05
724 2.5126694946e-01 3.1585531083e-05
725 2.5124492681e-01 2.8054140746e-05
726 2.5122548147e-01 3.2637778699e-05
727 2.5120807698e-01 3.0545109089e-05
728 2.5118618441e-01 3.5646439022e-05
729 2.5115956069e-01 3.5947989696e-05
730 2.5113304803e-01 3.5231222193e-05
731 2.5110588709e-01 3.2827473570e-05
732 2.5107713009e-01 3.4795737348e-05
733 2.5105025362e-01 3.7965025290e-05
734 2.5101883197e-01 3.3365714016e-05
735 2.5097821466e-01 3.4875380542e-05
736 2.5093577228e-01 4.8560461788e-05
737 2.5090026803e-01 6.2116052859e-05
738 2.5085724898e-01 5.0786071186e-05
739 2.5081561094e-01 5.4751719413e-05
740 2.5077326781e-01 5.3232434984e-05
741 2.5073510986e-01 5.9596557215e-05
742 2.5068476248e-01 4.4799344158e-05
743 2.5062958467e-01 4.6701623322e-05
744 2.5057272696e-01 4.0280123174e-05
745 2.5050946408e-01 4.2514548174e-05
746 2.5044947300e-01 4.3494022108e-05
747 2.5038311431e-01 4.3213773462e-05
748 2.5031702781e-01 4.0546651264e-05
749 2.5024573142e-01 3.6931153542e-05
750 2.5017476401e-01 4.7130205076e-05
751 2.5010642610e-01 4.2982083485e-05
752 2.5001891248e-01 3.4923213029e-05
753 2.4992919764e-01 3.6210474463e-05
754 2.4983719578e-01 6.5757998306e-05
755 2.4977097279e-01 1.0667166779e-04
756 2.4968601438e-01 5.3913833963e-05
757 2.4959259329e-01 4.7409352092e-05
758 2.4951163115e-01 5.6859740996e-05
759 2.4943532545e-01 5.3668826367e-05
760 2.4935660717e-01 6.4577507707e-05
761 2.4927363162e-01 4.7037393505e-05
762 2.4917275731e-01 5.1427343909e-05
763 2.4910054422e-01 5.3807227052e-05
764 2.4899614118e-01 3.7690476337e-05
765 2.4889680179e-01 5.1836620211e-05
766 2.4879517317e-01 3.8966894992e-05
767 2.4867620861e-01 3.3537392808e-05
768 2.4857548169e-01 4.2263432848e-05
769 2.4848800459e-01 3.5674662528e-05
770 2.4838036455e-01 3.8898894172e-05
771 2.4828060388e-01 3.9251500023e-05
772 2.4816997202e-01 3.5401245407e-05
773 2.4806189360e-01 5.6683529651e-05
774 2.4799331059e-01 7.7596200145e-05
775 2.4791791736e-01 5.9193800425e-05
776 2.4784322184e-01 3.7459944644e-05
777 2.4775977100e-01 3.0939475697e-05
778 2.4768948813e-01 3.0713375119e-05
779 2.4762518012e-01 3.1997299949e-05
780 2.4755533426e-01 2.8629444417e-05
781 2.4747539747e-01 2.6240730553e-05
782 2.4739099245e-01 2.2973530671e-05
783 2.4732070416e-01 3.0657463067e-05
784 2.4725771158e-01 2.7791904247e-05
785 2.4718344367e-01 2.4622851216e-05
786 2.4711344211e-01 2.6923721801e-05
787 2.4704000333e-01 2.7326944730e-05
788 2.4697369824e-01 2.9524255134e-05
789 2.4689798857e-01 2.8763583241e-05
790 2.4683215534e-01 3.1845415845e-05
791 2.4675858294e-01 2.4836461191e-05
792 2.4666784234e-01 2.6301134610e-05
793 2.4658923565e-01 3.0263440459e-05
794 2.4650968655e-01 3.4259750015e-05
795 2.4644516558e-01 3.9409134972e-05
796 2.4636897778e-01 4.2312606814e-05
797 2.4629371665e-01 4.5228044058e-05
798 2.4622053845e-01 3.0311169196e-05
799 2.4612366494e-01 2.8800083227e-05
800 2.4604105691e-01 3.1479215896e-05
801 2.4594460961e-01 2.6541337951e-05
802 2.4583800099e-01 3.2774283893e-05
803 2.4574826443e-01 3.6889469553e-05
804 2.4564558795e-01 2.5492423846e-05
805 2.4552755833e-01 2.2070657085e-05
806 2.4541929339e-01 3.0254865026e-05
807 2.4530929474e-01 2.5105087414e-05
808 2.4517856550e-01 2.2850719289e-05
809 2.4503768392e-01 2.7525069714e-05
810 2.4493772934e-01 3.2964779175e-05
811 2.4480269036e-01 2.0954153968e-05
812 2.4465147673e-01 2.1447914742e-05
813 2.4450829598e-01 2.6792623001e-05
814 2.4438440678e-01 5.4022614290e-05
815 2.4430163950e-01 5.5499593490e-05
816 2.4418713777e-01 2.9039544770e-05
817 2.4408014507e-01 3.2009468819e-05
818 2.4397455138e-01 3.0290433157e-05
819 2.4387794290e-01 3.7055459313e-05
820 2.4378253480e-01 3.6573051378e-05
821 2.4367523676e-01 3.1337329538e-05
822 2.4355875050e-01 3.9574223861e-05
823 2.4346898173e-01 3.4505135621e-05
824 2.4334345576e-01 2.5083852084e-05
825 2.4323145566e-01 3.1008151619e-05
826 2.4312420963e-01 2.1623149848e-05
827 2.4298584403e-01 2.5404043088e-05
828 2.4287050238e-01 2.8116624127e-05
829 2.4274074404e-01 2.0951872741e-05
830 2.4260756572e-01 2.3597792804e-05
831 2.4248550603e-01 2.3439059840e-05
832 2.4233452686e-01 2.3140359764e-05
833 2.4220330929e-01 2.9667454643e-05
834 2.4206872083e-01 2.8964351191e-05
835 2.4193481542e-01 5.6296166291e-05
836 2.4183097995e-01 5.0705828279e-05
837 2.4167165269e-01 4.0139930987e-05
838 2.4153293310e-01 4.5009599244e-05
839 2.4137120169e-01 2.7233525753e-05
840 2.4118783120e-01 2.3358786354e-05
841 2.4103562084e-01 2.6928414798e-05
842 2.4086623141e-01 2.6671380811e-05
843 2.4069594794e-01 2.8640017395e-05
844 2.4052591988e-01 2.6937959133e-05
845 2.4034161939e-01 2.6783531947e-05
846 2.4019123842e-01 3.2296651466e-05
847 2.4004617097e-01 2.7600161921e-05
848 2.3987289124e-01 2.3971039355e-05
849 2.3969883694e-01 2.2677300354e-05
850 2.3952453057e-01 2.1554983091e-05
851 2.3938076177e-01 2.7120367624e-05
852 2.3926091345e-01 2.7147533787e-05
853 2.3913414129e-01 3.0207141506e-05
854 2.3901476735e-01 4.0138450808e-05
855 2.3891174700e-01 5.8321244913e-05
856 2.3880545388e-01 2.8719538815e-05
857 2.3865927971e-01 1.9841235058e-05
858 2.3851451212e-01 2.5994990571e-05
859 2.3840729490e-01 3.0387759173e-05
860 2.3828092955e-01 2.1901391276e-05
861 2.3814473905e-01 1.8036924231e-05
862 2.3800983361e-01 1.7728315007e-05
863 2.3786043678e-01 1.7535298777e-05
864 2.3770189605e-01 1.9123924622e-05
865 2.3753468813e-01 2.2246660710e-05
866 2.3740128869e-01 2.9253134541e-05
867 2.3728661350e-01 2.5747653935e-05
868 2.3715644577e-01 2.6945194736e-05
869 2.3705260296e-01 3.3155362918e-05
870 2.3694097751e-01 2.3390097654e-05
871 2.3680881842e-01 3.4940058409e-05
872 2.3671010211e-01 5.2624671347e-05
873 2.3660830803e-01 3.6655816771e-05
874 2.3650579100e-01 2.9546509659e-05
875 2.3639743875e-01 2.1940039661e-05
876 2.3627208392e-01 2.5478515122e-05
877 2.3616733755e-01 4.3622729070e-05
878 2.3609082762e-01 4.1198182825e-05
879 2.3600773818e-01 4.5853619589e-05
880 2.3593435454e-01 3.5031312768e-05
881 2.3583833459e-01 2.1817381696e-05
882 2.3574956036e-01 2.1299024565e-05
883 2.3567442559e-01 2.5858120432e-05
884 2.3559748939e-01 2.1451425350e-05
885 2.3550760604e-01 2.1844026076e-05
886 2.3543017260e-01 2.5618621736e-05
887 2.3534655511e-01 2.1315225727e-05
888 2.3525735902e-01 2.1152017904e-05
889 2.3517617725e-01 2.0022309063e-05
890 2.3509414609e-01 1.8983756212e-05
891 2.3502025771e-01 2.0865316851e-05
892 2.3495792844e-01 2.3418963412e-05
893 2.3490432991e-01 3.9694600450e-05
894 2.3486605801e-01 3.5104617206e-05
895 2.3481896394e-01 1.8510415869e-05
896 2.3477738948e-01 2.0806998361e-05
897 2.3473945330e-01 1.5157864702e-05
898 2.3469809865e-01 1.4227484323e-05
899 2.3466003115e-01 1.3984315167e-05
900 2.3461552564e-01 1.3937648698e-05
901 2.3457370994e-01 1.7064700101e-05
902 2.3453966054e-01 1.5695127218e-05
903 2.3450151654e-01 1.6954205797e-05
904 2.3447257587e-01 1.6136475858e-05
905 2.3443212177e-01 1.2450233940e-05
906 2.3439017937e-01 1.4995601711e-05
907 2.3435584819e-01 1.5330919089e-05
908 2.3431071730e-01 1.2322533631e-05
909 2.3425760694e-01 1.2233434179e-05
910 2.3421070055e-01 1.9328968544e-05
911 2.3417697272e-01 1.9617606642e-05
912 2.3413025911e-01 2.2954767335e-05
913 2.3409485306e-01 3.0198996327e-05
914 2.3405567458e-01 2.1192120117e-05
915 2.3401069243e-01 1.8244604741e-05
916 2.3396596602e-01 1.5668270162e-05
917 2.3391731924e-01 1.6576134184e-05
918 2.3387573621e-01 1.5722282154e-05
919 2.3382985929e-01 1.3725889384e-05
920 2.3379137127e-01 1.5946146176e-05
921 2.3375772835e-01 1.4058720783e-05
922 2.3371699837e-01 1.4407247053e-05
923 2.3368359747e-01 1.6752195399e-05
924 2.3364863362e-01 1.2909342364e-05
925 2.3360733435e-01 1.7397457593e-05
926 2.3357081807e-01 1.6952378911e-05
927 2.3353376233e-01 1.4255583576e-05
928 2.3349493121e-01 1.2385865655e-05
929 2.3345613091e-01 1.4418848268e-05
930 2.3342123443e-01 1.4363490118e-05
931 2.3338115290e-01 1.2708348923e-05
932 2.3333933046e-01 1.5235208258e-05
933 2.3330518520e-01 2.3316075316e-05
934 2.3327632541e-01 2.5111104929e-05
935 2.3324649213e-01 2.2580744083e-05
936 2.3321553929e-01 1.7220505166e-05
937 2.3318245543e-01 1.4283154486e-05
938 2.3314836066e-01 1.2209527926e-05
939 2.3311144929e-01 1.6196444512e-05
940 2.3307652233e-01 1.6220767197e-05
941 2.3303320615e-01 2.5128203968e-05
942 2.3299973222e-01 3.2235514645e-05
943 2.3295083765e-01 1.4060143527e-05
944 2.3289847444e-01 1.5062235609e-05
945 2.3284981263e-01 1.4825568408e-05
946 2.3280057732e-01 1.3777459758e-05
947 2.3274941501e-01 1.4589205736e-05
948 2.3269856753e-01 1.3868443057e-05
949 2.3264514960e-01 1.4042860373e-05
950 2.3259866583e-01 1.3747033919e-05
951 2.3255463124e-01 1.3944997921e-05
952 2.3251079631e-01 1.8866538538e-05
953 2.3247238948e-01 2.9499382385e-05
954 2.3244210143e-01 2.7334888266e-05
955 2.3240673150e-01 1.7126782940e-05
956 2.3236968733e-01 1.3047736015e-05
957 2.3233712588e-01 1.4127961322e-05
958 2.3231100640e-01 1.4950217391e-05
959 2.3228349103e-01 1.3459572991e-05
960 2.3225947696e-01 1.4153371799e-05
961 2.3223474874e-01 1.1558527042e-05
962 2.3221008347e-01 1.1675700098e-05
963 2.3218996212e-01 1.1569646791e-05
964 2.3217147737e-01 1.2174886852e-05
965 2.3215661869e-01 1.3281864716e-05
966 2.3213978329e-01 1.1147824023e-05
967 2.3212229659e-01 1.2213061479e-05
968 2.3210656949e-01 1.2970564653e-05
969 2.3209020245e-01 1.4618649778e-05
970 2.3207351439e-01 2.0004517729e-05
971 2.3205944959e-01 1.9798482946e-05
972 2.3204294157e-01 2.3912255753e-05
973 2.3203039125e-01 2.5227372527e-05
974 2.3201360403e-01 1.3689847117e-05
975 2.3199715710e-01 1.3883547025e-05
976 2.3197990880e-01 1.2769384337e-05
977 2.3196229663e-01 1.4765015084e-05
978 2.3194675853e-01 1.3409711449e-05
979 2.3192837749e-01 1.2223303083e-05
980 2.3191022446e-01 1.4748709113e-05
981 2.3189664723e-01 1.3849165433e-05
982 2.3188140719e-01 1.2028684581e-05
983 2.3186949358e-01 1.7850053008e-05
984 2.3185983727e-01 1.1640535108e-05
985 2.3185048314e-01 1.5104371332e-05
986 2.3184258395e-01 1.5309577004e-05
987 2.3183091029e-01 1.2776861299e-05
988 2.3182068241e-01 1.2608699708e-05
989 2.3181107596e-01 1.1821073950e-05
990 2.3180131609e-01 1.2025744158e-05
991 2.3179123416e-01 1.2502180814e-05
992 2.3178150021e-01 2.0789465898e-05
993 2.3177486079e-01 2.4605855285e-05
994 2.3176570432e-01 1.4002226074e-05
995 2.3175476332e-01 1.0848784279e-05
996 2.3174313387e-01 1.0486329137e-05
997 2.3173344900e-01 1.2357414957e-05
998 2.3172446953e-01 1.1662052833e-05
999 2.3171520813e-01 1.1631858751e-05
1000 2.3170645656e-01 1.0990119818e-05
1001 2.3169642862e-01 1.2423347940e-05
1002 2.3168745353e-01 2.3520210344e-05
1003 2.3167992634e-01 1.6803600198e-05
1004 2.3166932431e-01 1.1056646113e-05
1005 2.3165957014e-01 1.3333830069e-05
1006 2.3164836105e-01 9.8769286250e-06
1007 2.3163392712e-01 9.6272809431e-06
1008 2.3162169072e-01 1.1662663369e-05
1009 2.3161208107e-01 1.2334072909e-05
1010 2.3159912651e-01 1.0183302264e-05
1011 2.3158079980e-01 1.0543960361e-05
1012 2.3156102574e-01 1.3709520164e-05
1013 2.3154717754e-01 2.9774592192e-05
1014 2.3153344728e-01 2.6806585462e-05
1015 2.3151797942e-01 2.2083835719e-05
1016 2.3149791167e-01 1.5996500805e-05
1017 2.3147824134e-01 1.4400171056e-05
1018 2.3145929911e-01 1.3150466957e-05
1019 2.3143673946e-01 1.5518928901e-05
1020 2.3141486115e-01 1.3010117050e-05
1021 2.3138540731e-01 1.4217986740e-05
1022 2.3136022936e-01 2.1467006966e-05
1023 2.3133611365e-01 1.4522087945e-05
1024 2.3130490565e-01 1.1564066907e-05
1025 2.3127693691e-01 1.7355325596e-05
1026 2.3125316306e-01 1.6274045354e-05
1027 2.3122353838e-01 1.6733680419e-05
1028 2.3119349465e-01 2.4425334604e-05
1029 2.3116632065e-01 2.5338765493e-05
1030 2.3113506108e-01 2.5397427633e-05
1031 2.3109997017e-01 1.8831430229e-05
1032 2.3105486379e-01 1.7160489668e-05
1033 2.3101925840e-01 1.8682701637e-05
1034 2.3097615238e-01 1.6123378374e-05
1035 2.3093755929e-01 1.8367535613e-05
1036 2.3088996158e-01 1.2745240521e-05
1037 2.3084338099e-01 1.5705186379e-05
1038 2.3080535170e-01 1.4204240578e-05
1039 2.3075228631e-01 1.2548568518e-05
1040 2.3070732146e-01 1.8203646014e-05
1041 2.3066423407e-01 1.3175677410e-05
1042 2.3061528901e-01 1.1917017234e-05
1043 2.3057252653e-01 1.2533688855e-05
1044 2.3053070317e-01 1.1928855163e-05
1045 2.3048446474e-01 1.4177104893e-05
1046 2.3042538602e-01 1.3918999210e-05
1047 2.3036640600e-01 1.8711628488e-05
1048 2.3031205738e-01 1.6690151817e-05
1049 2.3024508927e-01 1.7800640583e-05
1050 2.3017452576e-01 1.8052892765e-05
1051 2.3009735403e-01 1.9704835674e-05
1052 2.3001552776e-01 1.7315645730e-05
1053 2.2992906550e-01 2.1284330671e-05
1054 2.2984010496e-01 2.3681550348e-05
1055 2.2971949805e-01 2.8345178429e-05
1056 2.2961440422e-01 4.9489513162e-05
1057 2.2950603320e-01 2.9662029893e-05
1058 2.2936842401e-01 2.1049232017e-05
1059 2.2922652872e-01 2.3479199661e-05
1060 2.2908991500e-01 2.4948823571e-05
1061 2.2895027634e-01 2.2957324916e-05
1062 2.2880906624e-01 3.3145205515e-05
1063 2.2869502707e-01 4.5597697901e-05
1064 2.2858043682e-01 3.6940602063e-05
1065 2.2846015993e-01 2.8193948200e-05
1066 2.2832170987e-01 2.0563946729e-05
1067 2.2817484438e-01 2.1337227831e-05
1068 2.2804879457e-01 1.9632406388e-05
1069 2.2790522794e-01 1.9348647445e-05
1070 2.2778170849e-01 2.1953843169e-05
1071 2.2761256801e-01 1.8144532931e-05
1072 2.2743031267e-01 2.5845085802e-05
1073 2.2730236216e-01 2.5618604260e-05
1074 2.2708868782e-01 1.8855168737e-05
1075 2.2686446135e-01 2.5207043489e-05
1076 2.2670598768e-01 4.1923310729e-05
1077 2.2653269202e-01 4.4959910164e-05
1078 2.2639719442e-01 4.7234549564e-05
1079 2.2621879500e-01 2.1138894578e-05
1080 2.2603716640e-01 2.3267435107e-05
1081 2.2588831434e-01 2.6179763108e-05
1082 2.2573740508e-01 2.0828809967e-05
1083 2.2558606358e-01 2.5705204842e-05
1084 2.2545633892e-01 2.2882285518e-05
1085 2.2531084495e-01 2.1726888585e-05
1086 2.2517278534e-01 2.2225224710e-05
1087 2.2501332112e-01 2.0180299517e-05
1088 2.2487079768e-01 2.1935509167e-05
1089 2.2472872232e-01 1.8588103698e-05
1090 2.2458616653e-01 2.0145610604e-05
1091 2.2445592135e-01 2.5495838977e-05
1092 2.2433268690e-01 3.7777458644e-05
1093 2.2422495798e-01 4.3879456772e-05
1094 2.2410776823e-01 3.3937371197e-05
1095 2.2399183560e-01 2.7014411135e-05
1096 2.2386102217e-01 2.0865477196e-05
1097 2.2372928723e-01 2.1489363071e-05
1098 2.2358511280e-01 2.1657311623e-05
1099 2.2344216913e-01 2.6938076897e-05
1100 2.2330710621e-01 2.3483238349e-05
1101 2.2314173358e-01 1.8609266650e-05
1102 2.2298797241e-01 2.1082142665e-05
1103 2.2284021900e-01 2.0035911215e-05
1104 2.2268390759e-01 2.0570396296e-05
1105 2.2255350247e-01 2.6970612082e-05
1106 2.2245125360e-01 2.2285195604e-05
1107 2.2234594486e-01 2.6352243945e-05
1108 2.2224738868e-01 2.3254895170e-05
1109 2.2211542616e-01 1.7844941142e-05
1110 2.2198923148e-01 2.0067430954e-05
1111 2.2187661037e-01 4.2053331712e-05
1112 2.2179301527e-01 4.7422805650e-05
1113 2.2168045803e-01 2.3225471473e-05
1114 2.2154834321e-01 1.8264917944e-05
1115 2.2140724715e-01 1.7561013605e-05
1116 2.2126211509e-01 2.1029079265e-05
1117 2.2114544180e-01 2.9822364968e-05
1118 2.2104984001e-01 2.7339832969e-05
1119 2.2094162479e-01 3.7953148153e-05
1120 2.2085690349e-01 4.2572165868e-05
1121 2.2076337779e-01 2.9272029191e-05
1122 2.2065678691e-01 2.4531259552e-05
1123 2.2055145558e-01 2.0162629007e-05
1124 2.2043964330e-01 1.9578766375e-05
1125 2.2034028937e-01 2.3256885495e-05
1126 2.2023018435e-01 1.9725977844e-05
1127 2.2011551508e-01 2.3516124548e-05
1128 2.2002679263e-01 2.5382601800e-05
1129 2.1991613043e-01 1.9170536261e-05
1130 2.1978434230e-01 1.9802301287e-05
1131 2.1966145129e-01 2.3695115535e-05
1132 2.1956553499e-01 2.7486681260e-05
1133 2.1946274949e-01 2.9543320013e-05
1134 2.1937369639e-01 4.0649381905e-05
1135 2.1928260850e-01 3.5523358258e-05
1136 2.1920643272e-01 3.6720341990e-05
1137 2.1912880361e-01 2.1188999988e-05
1138 2.1903992533e-01 2.4775826196e-05
1139 2.1897597749e-01 3.3017425741e-05
1140 2.1890908148e-01 1.8777172831e-05
1141 2.1883637480e-01 1.4755102926e-05
1142 2.1877961917e-01 1.6634106835e-05
1143 2.1872838582e-01 1.5415489215e-05
1144 2.1867347145e-01 1.7376648843e-05
1145 2.1862660878e-01 2.2446235028e-05
1146 2.1858367473e-01 2.2511506701e-05
1147 2.1854038381e-01 2.5958252422e-05
1148 2.1849938514e-01 2.1980911454e-05
1149 2.1845290426e-01 1.9844453387e-05
1150 2.1841645487e-01 2.5424553001e-05
1151 2.1838381967e-01 1.7315324197e-05
1152 2.1834437689e-01 1.6209929319e-05
1153 2.1830798356e-01 1.5446515884e-05
1154 2.1827036884e-01 1.8904041649e-05
1155 2.1823631418e-01 1.8346296755e-05
1156 2.1819669978e-01 1.4178138362e-05
1157 2.1816063217e-01 1.8335135735e-05
1158 2.1812526743e-01 1.5722456813e-05
1159 2.1808603751e-01 1.4964142674e-05
1160 2.1805577214e-01 1.6030146284e-05
1161 2.1802453079e-01 1.3379620097e-05
1162 2.1799529475e-01 1.3629192858e-05
1163 2.1796980929e-01 1.4188512184e-05
1164 2.1794624791e-01 1.3461227636e-05
1165 2.1792412724e-01 1.1630769711e-05
1166 2.1790276759e-01 1.3069895139e-05
1167 2.1788319953e-01 1.3425224692e-05
1168 2.1786719572e-01 1.8166854436e-05
1169 2.1785511388e-01 1.5330741940e-05
1170 2.1783989955e-01 1.0671574816e-05
1171 2.1782703501e-01 1.6138390842e-05
1172 2.1781558359e-01 1.3785394632e-05
1173 2.1780232209e-01 1.4732463394e-05
1174 2.1779398115e-01 2.6294587614e-05
1175 2.1778684711e-01 2.3745642920e-05
1176 2.1777899196e-01 1.8845081890e-05
1177 2.1777024684e-01 1.3604746987e-05
1178 2.1776021789e-01 1.0462251267e-05
1179 2.1774903633e-01 9.4257311544e-06
1180 2.1774057866e-01 1.1516842698e-05
1181 2.1773206705e-01 1.0747171315e-05
1182 2.1772207360e-01 1.1833313741e-05
1183 2.1771385268e-01 1.9354377481e-05
1184 2.1770742170e-01 2.2828607926e-05
1185 2.1769997409e-01 1.8298087393e-05
1186 2.1769313528e-01 1.3599248060e-05
1187 2.1768345517e-01 1.0014646642e-05
1188 2.1767380384e-01 1.2209175087e-05
1189 2.1766523924e-01 1.1073345300e-05
1190 2.1765662146e-01 1.1205836161e-05
1191 2.1764600196e-01 1.1345092991e-05
1192 2.1763594846e-01 1.1980216551e-05
1193 2.1762355039e-01 1.0625927595e-05
1194 2.1760756314e-01 9.4427998723e-06
1195 2.1759113023e-01 9.7601991142e-06
1196 2.1757530374e-01 1.0098406342e-05
1197 2.1755999874e-01 1.2661074464e-05
1198 2.1754347436e-01 1.9578492337e-05
1199 2.1753167857e-01 2.2849443835e-05
1200 2.1751670652e-01 1.2377516270e-05
1201 2.1750131779e-01 1.0117450730e-05
1202 2.1748503989e-01 8.2188438078e-06
1203 2.1746766873e-01 8.8901488778e-06
1204 2.1745253703e-01 1.1499728661e-05
1205 2.1743895289e-01 1.2627555713e-05
1206 2.1742338091e-01 2.4572944566e-05
1207 2.1740965989e-01 1.6679769578e-05
1208 2.1739010962e-01 1.4578433479e-05
1209 2.1737269492e-01 1.6675317576e-05
1210 2.1734996485e-01 1.4124451753e-05
1211 2.1732767795e-01 1.1747699160e-05
1212 2.1730236563e-01 1.0636738508e-05
1213 2.1727802056e-01 1.1683253585e-05
1214 2.1725369628e-01 1.1983310637e-05
1215 2.1722870983e-01 1.1244512361e-05
1216 2.1719852945e-01 8.9712742147e-06
1217 2.1716952724e-01 1.0271762411e-05
1218 2.1714263278e-01 1.0558726189e-05
1219 2.1710888203e-01 1.0338845500e-05
1220 2.1707735353e-01 1.0403312339e-05
1221 2.1704597509e-01 1.0042256539e-05
1222 2.1701250311e-01 9.0549031100e-06
1223 2.1698422559e-01 1.0846800996e-05
1224 2.1695667225e-01 9.2879140126e-06
1225 2.1692777864e-01 9.2486501536e-06
1226 2.1690626071e-01 1.0217494441e-05
1227 2.1687901055e-01 7.5565770468e-06
1228 2.1684828518e-01 7.0673305853e-06
1229 2.1681356490e-01 8.0112755862e-06
1230 2.1678496289e-01 1.1229725080e-05
1231 2.1675405777e-01 9.9732738560e-06
1232 2.1672346071e-01 1.3562215790e-05
1233 2.1669149910e-01 8.3553142992e-06
1234 2.1665131722e-01 1.5414776873e-05
1235 2.1662397483e-01 1.6059757558e-05
1236 2.1658006785e-01 8.0486457252e-06
1237 2.1653734393e-01 9.3311537374e-06
1238 2.1649382229e-01 8.7938414248e-06
1239 2.1644904051e-01 9.2608371106e-06
1240 2.1639544242e-01 8.2490881824e-06
1241 2.1634623543e-01 8.8414236420e-06
1242 2.1629840787e-01 9.6209409662e-06
1243 2.1624807574e-01 9.2012650178e-06
1244 2.1618606483e-01 1.1495864282e-05
1245 2.1613011636e-01 2.3535578597e-05
1246 2.1608116467e-01 1.3228395868e-05
1247 2.1600034068e-01 6.9387190961e-06
1248 2.1592650387e-01 9.4986107922e-06
1249 2.1586878704e-01 1.0776419783e-05
1250 2.1580363082e-01 8.7949096932e-06
1251 2.1573180960e-01 7.8166805842e-06
1252 2.1565924576e-01 8.9777513228e-06
1253 2.1559299326e-01 9.1422221487e-06
1254 2.1550244477e-01 8.6958506001e-06
1255 2.1539852478e-01 9.6775772278e-06
1256 2.1530325730e-01 1.7843437240e-05
1257 2.1522567631e-01 2.2163503159e-05
1258 2.1513374965e-01 1.7827125936e-05
1259 2.1504585511e-01 1.2395567425e-05
1260 2.1493787566e-01 1.0423588658e-05
1261 2.1484886853e-01 1.2045789188e-05
1262 2.1475987560e-01 1.0482208050e-05
1263 2.1465810655e-01 1.5345437786e-05
1264 2.1457491869e-01 2.0707755246e-05
1265 2.1449039101e-01 1.4648396963e-05
1266 2.1439476585e-01 1.5957986903e-05
1267 2.1430886400e-01 1.5541007929e-05
1268 2.1421930015e-01 1.3250072398e-05
1269 2.1413729124e-01 1.3473475597e-05
1270 2.1404536040e-01 1.3186402998e-05
1271 2.1395412930e-01 1.2087437457e-05
1272 2.1385871435e-01 9.1419214671e-06
1273 2.1375629207e-01 9.1016319516e-06
1274 2.1366761072e-01 1.0176443637e-05
1275 2.1357997832e-01 9.0457963994e-06
1276 2.1347909762e-01 7.9444660838e-06
1277 2.1339298634e-01 9.5679715232e-06
1278 2.1331426242e-01 8.4771927404e-06
1279 2.1323739121e-01 8.1720877538e-06
1280 2.1316403388e-01 9.1089247199e-06
1281 2.1307890254e-01 9.7252928120e-06
1282 2.1300168096e-01 9.4451551001e-06
1283 2.1290810876e-01 7.3674278860e-06
1284 2.1282372524e-01 9.7263378449e-06
1285 2.1274768962e-01 8.6864035868e-06
1286 2.1264532207e-01 8.2911901558e-06
1287 2.1254104970e-01 8.8266605575e-06
1288 2.1245335263e-01 1.0084481159e-05
1289 2.1237086601e-01 8.0116724665e-06
1290 2.1226513248e-01 8.0649716954e-06
1291 2.1217204553e-01 1.8702520653e-05
1292 2.1211079318e-01 1.4640352297e-05
1293 2.1199679749e-01 1.2622701014e-05
1294 2.1190131882e-01 1.6447092037e-05
1295 2.1181099088e-01 1.5389874641e-05
1296 2.1170012583e-01 1.0991669934e-05
1297 2.1158090049e-01 1.2733314432e-05
1298 2.1148496888e-01 1.1105045854e-05
1299 2.1134951628e-01 1.0127591822e-05
1300 2.1122611391e-01 1.3034366598e-05
1301 2.1110118575e-01 1.2309920951e-05
1302 2.1096214309e-01 1.0626900338e-05
1303 2.1081808222e-01 1.1015419669e-05
1304 2.1067486178e-01 1.3062300899e-05
1305 2.1056269865e-01 1.3646530415e-05
1306 2.1043102365e-01 1.4254283308e-05
1307 2.1031436352e-01 1.4086790278e-05
1308 2.1016092784e-01 1.6386112030e-05
1309 2.1004510850e-01 2.8066566120e-05
1310 2.0992840591e-01 1.7399134192e-05
1311 2.0980033243e-01 1.4669926512e-05
1312 2.0966245639e-01 1.0818912059e-05
1313 2.0951185640e-01 1.1676877808e-05
1314 2.0940470738e-01 1.3445003814e-05
1315 2.0929285547e-01 1.2124081690e-05
1316 2.0919396581e-01 1.2161179807e-05
1317 2.0907742976e-01 1.0649771832e-05
1318 2.0897571336e-01 1.1711442488e-05
1319 2.0887628836e-01 1.2252176007e-05
1320 2.0877831674e-01 1.3280341551e-05
1321 2.0867734665e-01 2.4109574103e-05
1322 2.0859979133e-01 2.0064779210e-05
1323 2.0848159084e-01 1.3198949236e-05
1324 2.0836856672e-01 1.2507135822e-05
1325 2.0824895639e-01 1.0734018573e-05
1326 2.0811759824e-01 1.0395667636e-05
1327 2.0799983068e-01 1.3742864247e-05
1328 2.0790565155e-01 2.2646377611e-05
1329 2.0783221890e-01 2.1613750860e-05
1330 2.0774122166e-01 1.1750344328e-05
1331 2.0763799490e-01 1.1181419845e-05
1332 2.0755358434e-01 1.0874124565e-05
1333 2.0746290952e-01 1.0304530988e-05
1334 2.0738670091e-01 1.0365157597e-05
1335 2.0729962842e-01 9.6464149772e-06
1336 2.0721424134e-01 1.0604780547e-05
1337 2.0713860654e-01 1.0056458965e-05
1338 2.0705313008e-01 9.6712800812e-06
1339 2.0698294734e-01 1.2397707168e-05
1340 2.0691768754e-01 1.0197610319e-05
1341 2.0684411858e-01 1.1317334219e-05
1342 2.0676061744e-01 1.2757438772e-05
1343 2.0668292433e-01 1.4429928571e-05
1344 2.0660622819e-01 1.0517105860e-05
1345 2.0652371760e-01 9.8063034473e-06
1346 2.0645325207e-01 1.1216852859e-05
1347 2.0638361155e-01 1.1062580617e-05
1348 2.0631885765e-01 9.7032688217e-06
1349 2.0624809765e-01 8.1967071083e-06
1350 2.0618305374e-01 1.0340137377e-05
1351 2.0612843292e-01 1.0236119673e-05
1352 2.0606724517e-01 1.4176768921e-05
1353 2.0602008781e-01 1.5368217189e-05
1354 2.0596763389e-01 1.6364859440e-05
1355 2.0591418739e-01 1.2070047488e-05
1356 2.0585317216e-01 1.1002806556e-05
1357 2.0579474612e-01 9.4111808162e-06
1358 2.0572713808e-01 9.8128601436e-06
1359 2.0566068730e-01 1.1130701633e-05
1360 2.0558343487e-01 9.3330157634e-06
1361 2.0550270191e-01 8.9437236004e-06
1362 2.0542248924e-01 8.6423508937e-06
1363 2.0534641892e-01 1.0030230007e-05
1364 2.0527705481e-01 9.0039695278e-06
1365 2.0519056525e-01 1.1530587221e-05
1366 2.0510872551e-01 1.6099149330e-05
1367 2.0502675868e-01 2.3731394935e-05
1368 2.0495324592e-01 2.0923674426e-05
1369 2.0486194301e-01 1.4623159893e-05
1370 2.0476008497e-01 1.0902186916e-05
1371 2.0463809700e-01 9.8830086367e-06
1372 2.0452694945e-01 1.7375022774e-05
1373 2.0444261052e-01 1.5196561741e-05
1374 2.0432115211e-01 1.4207913614e-05
1375 2.0420562984e-01 1.9729373869e-05
1376 2.0410110611e-01 2.2252666540e-05
1377 2.0399531462e-01 1.7240260451e-05
1378 2.0387262904e-01 1.5262102560e-05
1379 2.0376025498e-01 1.2072262034e-05
1380 2.0364733882e-01 1.1129668705e-05
1381 2.0355091370e-01 1.2756000505e-05
1382 2.0344490800e-01 1.0239032307e-05
1383 2.0333026008e-01 1.1020792993e-05
1384 2.0322858360e-01 1.1175236869e-05
1385 2.0313663207e-01 1.3252974727e-05
1386 2.0305523581e-01 1.1545330778e-05
1387 2.0294517485e-01 1.1121954156e-05
1388 2.0284375360e-01 1.8546855998e-05
1389 2.0276016542e-01 2.0536215903e-05
1390 2.0267309608e-01 2.2090643230e-05
1391 2.0259413463e-01 1.9571468378e-05
1392 2.0248924938e-01 1.2430865711e-05
1393 2.0238873911e-01 1.4214320568e-05
1394 2.0229825318e-01 1.0081875232e-05
1395 2.0220011110e-01 1.0297438101e-05
1396 2.0212560051e-01 1.1378365727e-05
1397 2.0203725331e-01 1.0363512080e-05
1398 2.0197351944e-01 1.2858188204e-05
1399 2.0190184231e-01 9.4342943558e-06
1400 2.0183456964e-01 1.3304303276e-05
1401 2.0176364013e-01 1.0020776096e-05
1402 2.0168275324e-01 9.1449642686e-06
1403 2.0161062869e-01 9.0735841832e-06
1404 2.0153321296e-01 1.0507188948e-05
1405 2.0145833325e-01 9.3648733104e-06
1406 2.0138266260e-01 8.9736918407e-06
1407 2.0131355006e-01 1.0855338419e-05
1408 2.0124784667e-01 8.7279773676e-06
1409 2.0116810010e-01 8.3947127013e-06
1410 2.0109621750e-01 9.9477208803e-06
1411 2.0102576253e-01 1.1265490980e-05
1412 2.0095742849e-01 9.0266673508e-06
1413 2.0088411233e-01 8.2889900731e-06
1414 2.0080120108e-01 1.0816079643e-05
1415 2.0072926286e-01 1.1597418935e-05
1416 2.0065719805e-01 1.0594430727e-05
1417 2.0059262948e-01 1.2922375307e-05
1418 2.0052901012e-01 1.2245452638e-05
1419 2.0046655480e-01 1.3873364481e-05
1420 2.0041161744e-01 1.6902883442e-05
1421 2.0035735983e-01 1.2517174990e-05
1422 2.0028702005e-01 1.4013110366e-05
1423 2.0023543030e-01 1.5823134929e-05
1424 2.0016195912e-01 9.3577444973e-06
1425 2.0007211161e-01 9.1726633309e-06
1426 1.9998614650e-01 9.6106565373e-06
1427 1.9989026039e-01 1.1722675492e-05
1428 1.9979909475e-01 1.6877311939e-05
1429 1.9970518499e-01 2.0583144527e-05
1430 1.9961113337e-01 2.2284871412e-05
1431 1.9952340161e-01 3.0322515527e-05
1432 1.9944349855e-01 2.2090087605e-05
1433 1.9933135457e-01 1.3346143314e-05
1434 1.9921835152e-01 1.3124074662e-05
1435 1.9911723569e-01 2.1826287877e-05
1436 1.9904040808e-01 2.3121885039e-05
1437 1.9894785437e-01 1.2914899604e-05
1438 1.9884353892e-01 1.3666009529e-05
1439 1.9875618070e-01 1.3856361079e-05
1440 1.9862384555e-01 1.0716232205e-05
1441 1.9847428830e-01 1.2024707005e-05
1442 1.9834384114e-01 1.3389223181e-05
1443 1.9819216580e-01 1.4037087738e-05
1444 1.9803315370e-01 1.4642668588e-05
1445 1.9786859213e-01 1.3779522747e-05
1446 1.9770554299e-01 1.4188664717e-05
1447 1.9752952874e-01 1.6915144271e-05
1448 1.9736317687e-01 3.8758559612e-05
1449 1.9724497804e-01 2.5430413729e-05
1450 1.9705938955e-01 1.6187060790e-05
1451 1.9690850450e-01 2.0035395992e-05
1452 1.9674426946e-01 1.5753867917e-05
1453 1.9656831893e-01 1.6073668717e-05
1454 1.9641036196e-01 1.8896074816e-05
1455 1.9626182616e-01 1.6748160251e-05
1456 1.9606458724e-01 1.3500260014e-05
1457 1.9583489931e-01 1.7382421958e-05
1458 1.9565415358e-01 2.1096961104e-05
1459 1.9541543210e-01 1.4367119840e-05
1460 1.9519167971e-01 1.9893607903e-05
1461 1.9502125932e-01 1.8586824301e-05
1462 1.9480156288e-01 1.5895157222e-05
1463 1.9459003267e-01 1.9069702053e-05
1464 1.9439330125e-01 1.6839216047e-05
1465 1.9414939594e-01 1.3792043089e-05
1466 1.9389138098e-01 1.4319010575e-05
1467 1.9365860835e-01 1.8684383012e-05
1468 1.9347662064e-01 1.6116177888e-05
1469 1.9321702932e-01 1.2933453310e-05
1470 1.9299602100e-01 2.0696479460e-05
1471 1.9280681125e-01 1.4489179253e-05
1472 1.9255485629e-01 1.5664048587e-05
1473 1.9237477207e-01 2.1174079784e-05
1474 1.9216998868e-01 1.7607533813e-05
1475 1.9195808411e-01 1.7532343122e-05
1476 1.9172074782e-01 1.9677053192e-05
1477 1.9152950695e-01 2.0110935618e-05
1478 1.9134009002e-01 2.0874226186e-05
1479 1.9117615198e-01 3.2636204315e-05
1480 1.9100093725e-01 2.3851686353e-05
1481 1.9083780536e-01 3.1640830378e-05
1482 1.9064849247e-01 1.5453265437e-05
1483 1.9039729068e-01 1.5131545330e-05
1484 1.9014552234e-01 1.8554905368e-05
1485 1.8988970625e-01 2.0069270049e-05
1486 1.8961351120e-01 2.9249125001e-05
1487 1.8935101348e-01 4.1997181349e-05
1488 1.8907479741e-01 4.0292380141e-05
1489 1.8879327320e-01 2.8783738594e-05
1490 1.8847803529e-01 2.0416802344e-05
1491 1.8819014023e-01 1.9486868022e-05
1492 1.8793790339e-01 2.7352808866e-05
1493 1.8766194253e-01 2.7373542059e-05
1494 1.8738792178e-01 5.0405017448e-05
1495 1.8711306202e-01 2.2109357977e-05
1496 1.8669944957e-01 2.1373114709e-05
1497 1.8639307263e-01 2.8077411081e-05
1498 1.8605549970e-01 2.0812071696e-05
1499 1.8567317737e-01 2.6180145407e-05
1500 1.8529810443e-01 2.4005192832e-05
1501 1.8487475612e-01 2.2688979377e-05
1502 1.8442235228e-01 2.6614900358e-05
1503 1.8394570063e-01 2.4468142978e-05
1504 1.8337358799e-01 2.4982521131e-05
1505 1.8281616212e-01 3.0906402825e-05
1506 1.8226069353e-01 2.6458082793e-05
1507 1.8163556477e-01 2.9316353850e-05
1508 1.8104202220e-01 3.0207441627e-05
1509 1.8018404198e-01 2.8932522810e-05
1510 1.7942974440e-01 4.2380042783e-05
1511 1.7876898008e-01 4.6569283400e-05
1512 1.7805574905e-01 6.5498755047e-05
1513 1.7739652881e-01 5.9553938584e-05
1514 1.7659312184e-01 4.2965354552e-05
1515 1.7579765741e-01 3.4475722216e-05
1516 1.7499608872e-01 3.1021113535e-05
1517 1.7426216192e-01 3.1756094598e-05
1518 1.7356974322e-01 2.8406985280e-05
1519 1.7281314438e-01 2.3307646557e-05
1520 1.7204477165e-01 2.5638497502e-05
1521 1.7141529617e-01 3.7720103251e-05
1522 1.7088161968e-01 3.0256775371e-05
1523 1.7025766562e-01 2.6259873398e-05
1524 1.6975589520e-01 3.4780867905e-05
1525 1.6912690489e-01 2.4314506464e-05
1526 1.6830753052e-01 2.6247976207e-05
1527 1.6759344356e-01 4.2376344753e-05
1528 1.6687907469e-01 5.2193989564e-05
1529 1.6624926852e-01 4.1399302167e-05
1530 1.6551040465e-01 2.3338718903e-05
1531 1.6481841356e-01 3.6594289847e-05
1532 1.6437043476e-01 3.0493628054e-05
1533 1.6364220805e-01 2.4727312177e-05
1534 1.6301743741e-01 4.4224173502e-05
1535 1.6247757834e-01 3.2153225998e-05
1536 1.6183162635e-01 3.9793693547e-05
1537 1.6123481500e-01 5.1366807436e-05
1538 1.6060848907e-01 6.2795205101e-05
1539 1.6003881902e-01 4.7202975726e-05
1540 1.5932245678e-01 5.5882243742e-05
1541 1.5862962080e-01 4.6474579574e-05
1542 1.5779012847e-01 3.7960393760e-05
1543 1.5702820320e-01 4.4618275768e-05
1544 1.5631012109e-01 4.1494405954e-05
1545 1.5530684085e-01 3.1712354495e-05
1546 1.5411488702e-01 3.5567682262e-05
1547 1.5321164518e-01 7.2527864082e-05
1548 1.5235970766e-01 6.8413488066e-05
1549 1.5152124981e-01 4.9744829833e-05
1550 1.5047153477e-01 2.8911773025e-05
1551 1.4923756716e-01 3.2003238064e-05
1552 1.4825132798e-01 5.6726859611e-05
1553 1.4734772721e-01 7.3917424726e-05
1554 1.4658545785e-01 6.8896681572e-05
1555 1.4560135992e-01 3.9190393316e-05
1556 1.4470545846e-01 2.8204051712e-05
1557 1.4371164321e-01 2.6663795839e-05
1558 1.4281658654e-01 3.8494784937e-05
1559 1.4215571865e-01 3.4790350639e-05
1560 1.4126419550e-01 3.3818416177e-05
1561 1.4038723406e-01 3.4751805637e-05
1562 1.3947646054e-01 3.1836401656e-05
1563 1.3862726396e-01 3.1829833104e-05
1564 1.3774904623e-01 3.5089285749e-05
1565 1.3690126978e-01 3.4507026926e-05
1566 1.3605356277e-01 2.8364033280e-05
1567 1.3526853655e-01 3.1877769038e-05
1568 1.3446655893e-01 3.2645301372e-05
1569 1.3366517902e-01 5.0097585125e-05
1570 1.3303577933e-01 6.9658388992e-05
1571 1.3246828688e-01 5.6575042214e-05
1572 1.3176019242e-01 2.5548916909e-05
1573 1.3097699115e-01 2.5637913477e-05
1574 1.3054715189e-01 3.7721485321e-05
1575 1.3002785112e-01 1.8708150476e-05
1576 1.2948100045e-01 2.3959698395e-05
1577 1.2910394751e-01 3.5160940804e-05
1578 1.2871704557e-01 2.2979954902e-05
1579 1.2827432154e-01 2.4587143660e-05
1580 1.2787093779e-01 2.7956468830e-05
1581 1.2741935731e-01 2.9000664921e-05
1582 1.2701227930e-01 3.2004765224e-05
1583 1.2656568260e-01 2.4820851993e-05
1584 1.2616060230e-01 2.6582619318e-05
1585 1.2573731237e-01 2.7694902339e-05
1586 1.2533307442e-01 3.2740784026e-05
1587 1.2496851516e-01 3.2155050805e-05
1588 1.2460900213e-01 2.7064383841e-05
1589 1.2423647617e-01 2.1209151888e-05
1590 1.2390893478e-01 2.3567194742e-05
1591 1.2360935420e-01 2.4192130550e-05
1592 1.2327664126e-01 2.3356672166e-05
1593 1.2292872284e-01 3.5233669715e-05
1594 1.2265184200e-01 5.5268800625e-05
1595 1.2234834508e-01 2.9467389662e-05
1596 1.2200298049e-01 2.9221672358e-05
1597 1.2171545340e-01 2.3676494092e-05
1598 1.2133406530e-01 1.9179462879e-05
1599 1.2095694754e-01 2.5073956478e-05
1600 1.2058887572e-01 5.5497789264e-05
1601 1.2029875825e-01 4.6388374833e-05
1602 1.1982233880e-01 2.3675311040e-05
1603 1.1927382805e-01 2.4589504443e-05
1604 1.1879786675e-01 3.1717549268e-05
1605 1.1836000511e-01 2.5159906368e-05
1606 1.1792691028e-01 2.5015504733e-05
1607 1.1753510795e-01 3.0021330879e-05
1608 1.1712111015e-01 3.2239648020e-05
1609 1.1673993515e-01 4.5701952405e-05
1610 1.1641236770e-01 4.4499846783e-05
1611 1.1606990768e-01 3.8516490055e-05
1612 1.1572473939e-01 2.6206404278e-05
1613 1.1536794563e-01 3.1848295569e-05
1614 1.1511699230e-01 2.5413599643e-05
1615 1.1473807738e-01 2.0366422082e-05
1616 1.1439940858e-01 2.6539545314e-05
1617 1.1408838324e-01 2.2530318153e-05
1618 1.1373100738e-01 2.2986264995e-05
1619 1.1341694165e-01 2.7799707980e-05
1620 1.1310457226e-01 2.5258807595e-05
1621 1.1277653456e-01 2.4230102727e-05
1622 1.1248553860e-01 2.6746669915e-05
1623 1.1219433983e-01 2.3299717745e-05
1624 1.1188532417e-01 2.3340551662e-05
1625 1.1161624485e-01 2.3453241307e-05
1626 1.1134429418e-01 2.1458882060e-05
1627 1.1109656960e-01 2.1236813761e-05
1628 1.1083347349e-01 2.1819415459e-05
1629 1.1059076537e-01 2.0457508296e-05
1630 1.1036241341e-01 2.4678345551e-05
1631 1.1015616620e-01 2.9748618664e-05
1632 1.0996853554e-01 4.5004164390e-05
1633 1.0980978209e-01 3.1952127371e-05
1634 1.0960003419e-01 2.0792383986e-05
1635 1.0941704079e-01 2.2739671303e-05
1636 1.0921475551e-01 1.7313215638e-05
1637 1.0897691064e-01 2.1145814820e-05
1638 1.0880510739e-01 2.1817044317e-05
1639 1.0858114595e-01 2.1277753999e-05
1640 1.0837863306e-01 2.3536521705e-05
1641 1.0814674179e-01 1.7921378658e-05
1642 1.0794125676e-01 2.3618108175e-05
1643 1.0773871210e-01 1.6723192655e-05
1644 1.0750336771e-01 1.7964353007e-05
1645 1.0729887035e-01 2.0557655215e-05
1646 1.0710966314e-01 1.7364196721e-05
1647 1.0691358077e-01 1.4879698424e-05
1648 1.0674431934e-01 1.8155970247e-05
1649 1.0657611165e-01 1.7671285882e-05
1650 1.0641462170e-01 1.4835747170e-05
1651 1.0625187753e-01 2.4387253145e-05
1652 1.0613170511e-01 2.3585578242e-05
1653 1.0596380037e-01 2.2104178759e-05
1654 1.0582917850e-01 2.6865044471e-05
1655 1.0566949140e-01 2.6192515774e-05
1656 1.0555072274e-01 2.7473818311e-05
1657 1.0541077881e-01 1.7942492078e-05
1658 1.0527734623e-01 1.7860003601e-05
1659 1.0512844463e-01 1.3498614207e-05
1660 1.0499061544e-01 1.9110033544e-05
1661 1.0487108332e-01 1.8025992503e-05
1662 1.0472382074e-01 2.0359617248e-05
1663 1.0460696675e-01 3.7351408844e-05
1664 1.0449876977e-01 1.9807209683e-05
1665 1.0436551669e-01 1.5070946787e-05
1666 1.0425372150e-01 1.5649991399e-05
1667 1.0412385431e-01 1.1620384162e-05
1668 1.0397935715e-01 1.1433928539e-05
1669 1.0385930535e-01 1.4381845854e-05
1670 1.0376118555e-01 1.2896265498e-05
1671 1.0365048239e-01 1.1302035893e-05
1672 1.0355608587e-01 1.3329775610e-05
1673 1.0346852937e-01 2.5708863018e-05
1674 1.0340737731e-01 2.1040192847e-05
1675 1.0330990089e-01 1.0811863450e-05
1676 1.0322285381e-01 1.2961555505e-05
1677 1.0313368010e-01 9.8591735009e-06
1678 1.0302737320e-01 1.0372931908e-05
1679 1.0292424611e-01 1.0486917027e-05
1680 1.0281842824e-01 8.2997542649e-06
1681 1.0271232925e-01 9.1644664089e-06
1682 1.0261352307e-01 8.7192933133e-06
1683 1.0249993096e-01 9.6914098650e-06
1684 1.0239109463e-01 1.4065447178e-05
1685 1.0230168868e-01 1.6495297491e-05
1686 1.0222250297e-01 1.2430691928e-05
1687 1.0213879587e-01 1.4655398955e-05
1688 1.0205960503e-01 1.7757411620e-05
1689 1.0198136868e-01 1.3719810470e-05
1690 1.0189471020e-01 1.4256483815e-05
1691 1.0181576726e-01 2.4775948804e-05
1692 1.0175174113e-01 1.8856137976e-05
1693 1.0166366362e-01 1.2116725356e-05
1694 1.0157834899e-01 1.1016950471e-05
1695 1.0148997399e-01 9.8351942123e-06
1696 1.0140220038e-01 1.0634546135e-05
1697 1.0128832976e-01 9.3300644720e-06
1698 1.0117792264e-01 1.1127604604e-05
1699 1.0109127020e-01 1.1568017563e-05
1700 1.0100277233e-01 1.2170545117e-05
1701 1.0091581249e-01 9.7891817317e-06
1702 1.0079852433e-01 1.1395107094e-05
1703 1.0067828150e-01 1.7513529123e-05
1704 1.0056290049e-01 1.5849387986e-05
1705 1.0040997672e-01 1.3040205963e-05
1706 1.0028047360e-01 1.6617736561e-05
1707 1.0016247914e-01 2.0021327808e-05
1708 1.0003898090e-01 1.9476312523e-05
1709 9.9917659765e-02 1.9883404490e-05
1710 9.9802647646e-02 1.5545152793e-05
1711 9.9677432212e-02 1.3156028907e-05
1712 9.9553441929e-02 1.0805657166e-05
1713 9.9442282326e-02 1.2591604373e-05
1714 9.9345979005e-02 1.2107447752e-05
1715 9.9243283535e-02 1.9732842998e-05
1716 9.9168739243e-02 1.6841539508e-05
1717 9.9052148455e-02 1.0662451958e-05
1718 9.8939113019e-02 1.5646097447e-05
1719 9.8852804261e-02 1.4428107239e-05
1720 9.8725626002e-02 1.0956728739e-05
1721 9.8588502385e-02 1.3325110931e-05
1722 9.8455817675e-02 1.0655546633e-05
1723 9.8305427525e-02 9.4511982704e-06
1724 9.8177065086e-02 1.1884046387e-05
1725 9.8058593947e-02 8.7384345344e-06
1726 9.7902713075e-02 1.0429633624e-05
1727 9.7780580458e-02 1.4034532067e-05
1728 9.7640305927e-02 1.1381643062e-05
1729 9.7515132638e-02 1.3630740497e-05
1730 9.7398486539e-02 1.2569747729e-05
1731 9.7286153631e-02 1.7985530653e-05
1732 9.7188662335e-02 1.4664585665e-05
1733 9.7084566792e-02 1.7499264773e-05
1734 9.6994182123e-02 1.8182235785e-05
1735 9.6903879917e-02 1.8106793352e-05
1736 9.6817508743e-02 1.3405685896e-05
1737 9.6714826908e-02 1.0185079139e-05
1738 9.6600594753e-02 9.2881459032e-06
1739 9.6483987350e-02 1.0542467280e-05
1740 9.6368520128e-02 1.0363552959e-05
1741 9.6235903572e-02 9.4654447302e-06
1742 9.6119414547e-02 1.2270588835e-05
1743 9.6001565061e-02 1.0019893778e-05
1744 9.5845517624e-02 1.0662531395e-05
1745 9.5719470903e-02 1.2584244772e-05
1746 9.5585977527e-02 1.0828771693e-05
1747 9.5441775226e-02 1.1435940369e-05
1748 9.5302469137e-02 1.1410092962e-05
1749 9.5160714353e-02 1.0983638209e-05
1750 9.5033751800e-02 1.2089051233e-05
1751 9.4914367742e-02 1.3782990076e-05
1752 9.4802712788e-02 1.8547640466e-05
1753 9.4709505675e-02 1.8109908543e-05
1754 9.4602029023e-02 1.7081152398e-05
1755 9.4513554372e-02 1.3424865458e-05
1756 9.4409755277e-02 9.8431396742e-06
1757 9.4315605003e-02 1.0025218564e-05
1758 9.4220976209e-02 8.3452008028e-06
1759 9.4130998843e-02 9.9747092591e-06
1760 9.4059863340e-02 1.0240415387e-05
1761 9.3972259805e-02 8.3160114001e-06
1762 9.3891373737e-02 1.1272312686e-05
1763 9.3825078522e-02 1.6678073957e-05
1764 9.3756907653e-02 1.4509673486e-05
1765 9.3693087790e-02 1.2831732913e-05
1766 9.3630058131e-02 8.7069862441e-06
1767 9.3563465781e-02 7.3247901922e-06
1768 9.3504553378e-02 9.0006830560e-06
1769 9.3453406898e-02 8.4646864974e-06
1770 9.3405216282e-02 8.4745871396e-06
1771 9.3355129582e-02 8.2409477082e-06
1772 9.3306915426e-02 9.4998270057e-06
1773 9.3262800954e-02 1.2120518179e-05
1774 9.3222828753e-02 1.4963180161e-05
1775 9.3182258646e-02 8.0945245424e-06
1776 9.3128066749e-02 6.2928045105e-06
1777 9.3077978346e-02 8.1701149850e-06
1778 9.3038287156e-02 7.6637150892e-06
1779 9.2987586712e-02 6.6803773362e-06
1780 9.2931253501e-02 1.0310563856e-05
1781 9.2883104476e-02 9.9963363147e-06
1782 9.2809555344e-02 7.0307940354e-06
1783 9.2731448184e-02 1.1488240276e-05
1784 9.2675954930e-02 1.0731438966e-05
1785 9.2606769139e-02 8.5850205608e-06
1786 9.2546121720e-02 1.2401214276e-05
1787 9.2478880367e-02 1.0147280495e-05
1788 9.2398574458e-02 6.5551999503e-06
1789 9.2313163558e-02 6.7791138172e-06
1790 9.2231964215e-02 1.0353432847e-05
1791 9.2164427586e-02 1.9295185327e-05
1792 9.2102925439e-02 1.2747490090e-05
1793 9.2025585677e-02 1.1248562490e-05
1794 9.1959783163e-02 9.1051391562e-06
1795 9.1874815953e-02 7.3371443877e-06
1796 9.1793464070e-02 7.6759917755e-06
1797 9.1709975508e-02 8.4163336469e-06
1798 9.1648936867e-02 1.0052246186e-05
1799 9.1575121140e-02 7.1189610369e-06
1800 9.1486532249e-02 8.1172275297e-06
1801 9.1411301589e-02 1.2278846288e-05
1802 9.1350748539e-02 1.0444126073e-05
1803 9.1285877907e-02 9.8292593637e-06
1804 9.1232669987e-02 1.0096701183e-05
1805 9.1180724512e-02 9.7031163306e-06
1806 9.1127131151e-02 7.4577975445e-06
1807 9.1078033429e-02 8.9477321600e-06
1808 9.1029037748e-02 9.4207396421e-06
1809 9.0975926042e-02 7.3884658837e-06
1810 9.0913348928e-02 7.8880430412e-06
1811 9.0861078132e-02 8.6943137235e-06
1812 9.0800863668e-02 8.0281591683e-06
1813 9.0730374162e-02 1.0447069580e-05
1814 9.0675730562e-02 1.6469517395e-05
1815 9.0625004768e-02 1.7081948737e-05
1816 9.0577700163e-02 1.3878504093e-05
1817 9.0521638168e-02 9.3547085686e-06
1818 9.0460052176e-02 7.9678352891e-06
1819 9.0394956829e-02 7.8930516659e-06
1820 9.0332051749e-02 1.0777151609e-05
1821 9.0273762123e-02 1.2678426407e-05
1822 9.0212836948e-02 1.8759816612e-05
1823 9.0159240637e-02 1.7868218560e-05
1824 9.0090807191e-02 1.1830384145e-05
1825 9.0003747428e-02 1.0234220864e-05
1826 8.9928204317e-02 1.2140489443e-05
1827 8.9826703651e-02 8.4701771433e-06
1828 8.9718140845e-02 1.2053486173e-05
1829 8.9644598766e-02 1.4496104787e-05
1830 8.9552796220e-02 1.5305868168e-05
1831 8.9477929863e-02 1.8293343590e-05
1832 8.9400991235e-02 1.5177607648e-05
1833 8.9327051330e-02 9.5575347281e-06
1834 8.9231573864e-02 8.2044974024e-06
1835 8.9147248306e-02 1.0058087427e-05
1836 8.9082728168e-02 8.4903272944e-06
1837 8.9009362999e-02 8.3798003692e-06
1838 8.8947990197e-02 8.9221710782e-06
1839 8.8882552823e-02 6.8177826015e-06
1840 8.8824290991e-02 8.4810695152e-06
1841 8.8764509025e-02 8.2303335348e-06
1842 8.8695749402e-02 7.2580274415e-06
1843 8.8627561677e-02 8.7714647558e-06
1844 8.8568363175e-02 9.0943094100e-06
1845 8.8503300342e-02 7.9999740589e-06
1846 8.8439438288e-02 8.1868920612e-06
1847 8.8392058014e-02 9.6991271872e-06
1848 8.8336269887e-02 7.7584645920e-06
1849 8.8279349736e-02 9.1482937539e-06
1850 8.8230668481e-02 8.3165975915e-06
1851 8.8173955032e-02 1.2331936685e-05
1852 8.8134311919e-02 1.8812883317e-05
1853 8.8082256206e-02 8.2854957964e-06
1854 8.8006147447e-02 6.3347011349e-06
1855 8.7934819030e-02 7.7483159536e-06
1856 8.7863030583e-02 6.6086982917e-06
1857 8.7784517426e-02 7.9552557428e-06
1858 8.7735506795e-02 8.1403535983e-06
1859 8.7667231107e-02 7.0449154175e-06
1860 8.7603150030e-02 9.8623572780e-06
1861 8.7544536217e-02 9.0445410764e-06
1862 8.7481584696e-02 9.6028918512e-06
1863 8.7427423780e-02 9.7025099523e-06
1864 8.7362083932e-02 7.4623536286e-06
1865 8.7283245572e-02 6.3938554902e-06
1866 8.7202011833e-02 6.2113322436e-06
1867 8.7136631459e-02 8.3023655651e-06
1868 8.7083795301e-02 8.1769943774e-06
1869 8.7026345733e-02 8.2128133803e-06
1870 8.6978902250e-02 1.0350855703e-05
1871 8.6919652702e-02 1.1955374905e-05
1872 8.6865305394e-02 1.4685177541e-05
1873 8.6803751901e-02 1.1109153035e-05
1874 8.6730898012e-02 1.0724433893e-05
1875 8.6661950804e-02 1.1851717179e-05
1876 8.6599763190e-02 1.1496843345e-05
1877 8.6527900756e-02 1.1618754269e-05
1878 8.6441446110e-02 1.3352542812e-05
1879 8.6366797313e-02 1.8305293863e-05
1880 8.6285963510e-02 1.4107564708e-05
1881 8.6193554299e-02 1.4463280643e-05
1882 8.6096151703e-02 1.0713743309e-05
1883 8.5977808490e-02 9.5447926680e-06
1884 8.5857883802e-02 1.2110147249e-05
1885 8.5741587958e-02 1.4498746136e-05
1886 8.5623401734e-02 1.6651760719e-05
1887 8.5516129497e-02 2.3126719511e-05
1888 8.5411701133e-02 1.3951048649e-05
1889 8.5274955988e-02 1.2883172230e-05
1890 8.5157992812e-02 1.4551845814e-05
1891 8.5041249569e-02 1.1331082090e-05
1892 8.4924311584e-02 1.3290160473e-05
1893 8.4808137447e-02 1.3472452303e-05
1894 8.4669520202e-02 1.0152784932e-05
1895 8.4508555808e-02 1.0973139139e-05
1896 8.4359713927e-02 1.3776425538e-05
1897 8.4188146055e-02 1.2069756465e-05
1898 8.3984440014e-02 1.5395478053e-05
1899 8.3778657153e-02 1.4803126958e-05
1900 8.3546592024e-02 1.3882097657e-05
1901 8.3318441266e-02 1.5373256951e-05
1902 8.3069504608e-02 1.6321685170e-05
1903 8.2815238120e-02 1.4996056246e-05
1904 8.2539068878e-02 1.3652019140e-05
1905 8.2270013348e-02 1.6125019931e-05
1906 8.2010178014e-02 1.6694095325e-05
1907 8.1744113854e-02 1.5151510878e-05
1908 8.1483070915e-02 1.2733299506e-05
1909 8.1214817628e-02 1.5805294618e-05
1910 8.0999009388e-02 2.4563355392e-05
1911 8.0800258253e-02 3.2909705938e-05
1912 8.0623070643e-02 2.3330823211e-05
1913 8.0389731669e-02 1.3960323430e-05
1914 8.0155076587e-02 1.1955609033e-05
1915 7.9945261895e-02 1.0113931745e-05
1916 7.9778209488e-02 1.1368030073e-05
1917 7.9589996454e-02 1.0171912426e-05
1918 7.9406268292e-02 1.1874199214e-05
1919 7.9219099793e-02 1.2252646593e-05
1920 7.9042491727e-02 1.4753462595e-05
1921 7.8866572009e-02 1.2520660464e-05
1922 7.8666546773e-02 1.2976254012e-05
1923 7.8492416874e-02 1.6190167483e-05
1924 7.8316081837e-02 1.4854676717e-05
1925 7.8095595721e-02 1.0812662366e-05
1926 7.7859974472e-02 1.1700051940e-05
1927 7.7651187302e-02 1.2389370239e-05
1928 7.7441420105e-02 1.5365423171e-05
1929 7.7252221268e-02 2.9105950660e-05
1930 7.7099073251e-02 2.8892956132e-05
1931 7.6920933244e-02 1.5354433247e-05
1932 7.6752573055e-02 1.3195376108e-05
1933 7.6603780758e-02 1.1738773301e-05
1934 7.6442592433e-02 1.1491405921e-05
1935 7.6300505606e-02 2.2948093890e-05
1936 7.6182202503e-02 2.3328328673e-05
1937 7.6056920810e-02 1.8039524007e-05
1938 7.5907825338e-02 1.0572791325e-05
1939 7.5759384656e-02 1.5107987966e-05
1940 7.5653262130e-02 1.4632648660e-05
1941 7.5509339266e-02 1.8313961612e-05
1942 7.5397588859e-02 2.5355659525e-05
1943 7.5277309915e-02 1.8714718419e-05
1944 7.5142816243e-02 1.7000632822e-05
1945 7.5010954024e-02 1.3363011952e-05
1946 7.4867625232e-02 1.0440941432e-05
1947 7.4761277498e-02 1.4487895589e-05
1948 7.4645396145e-02 9.7941374859e-06
1949 7.4509210258e-02 1.1695609296e-05
1950 7.4399356022e-02 1.1421249302e-05
1951 7.4275491006e-02 9.8950925066e-06
1952 7.4144412124e-02 1.1259616590e-05
1953 7.4032419999e-02 1.2324388805e-05
1954 7.3904760948e-02 1.1150068529e-05
1955 7.3754054760e-02 1.4239773246e-05
1956 7.3602204398e-02 1.4181352826e-05
1957 7.3424178852e-02 1.1249120815e-05
1958 7.3251290838e-02 1.3915863961e-05
1959 7.3131559009e-02 1.4846499662e-05
1960 7.2984239316e-02 1.2883806347e-05
1961 7.2845301934e-02 1.6727467273e-05
1962 7.2688481137e-02 1.4092576459e-05
1963 7.2528690923e-02 1.6680850939e-05
1964 7.2381720252e-02 1.8122056770e-05
1965 7.2246946654e-02 1.5977780078e-05
1966 7.2120335388e-02 1.1883715747e-05
1967 7.1991522253e-02 1.1521332004e-05
1968 7.1899285967e-02 1.2737996195e-05
1969 7.1794240754e-02 1.0749594399e-05
1970 7.1675864203e-02 1.0172045608e-05
1971 7.1562215309e-02 1.1896020945e-05
1972 7.1467436829e-02 2.0639335454e-05
1973 7.1391792237e-02 2.0123069988e-05
1974 7.1299990946e-02 1.2137231093e-05
1975 7.1207374135e-02 1.1471464844e-05
1976 7.1123327199e-02 1.0144417000e-05
1977 7.1026378234e-02 9.9319669727e-06
1978 7.0947115124e-02 1.0006744269e-05
1979 7.0847141247e-02 8.9253857097e-06
1980 7.0741376252e-02 1.3401068587e-05
1981 7.0655247331e-02 1.6392465761e-05
1982 7.0559440536e-02 1.0894493725e-05
1983 7.0434850856e-02 8.7178472903e-06
1984 7.0297194699e-02 9.6971800487e-06
1985 7.0187842520e-02 1.4461178069e-05
1986 7.0063420318e-02 1.2830788758e-05
1987 6.9938279379e-02 2.4847223857e-05
1988 6.9838120437e-02 2.0874487500e-05
1989 6.9713652175e-02 1.3637473233e-05
1990 6.9594065211e-02 1.2807986885e-05
1991 6.9491957736e-02 9.8720037224e-06
1992 6.9368101933e-02 8.4263795116e-06
1993 6.9239176339e-02 1.1505558415e-05
1994 6.9135779909e-02 1.7219954508e-05
1995 6.9022780729e-02 2.1384914538e-05
1996 6.8930428533e-02 2.0585693109e-05
1997 6.8809261353e-02 1.2176338888e-05
1998 6.8681235296e-02 1.2313208065e-05
1999 6.8560431153e-02 1.3205805856e-05
