iter rel_error rel_residual
0 3.0329730036e+00 7.5873887278e-02
1 3.1223616444e+00 3.4584154592e-02
2 2.5216678791e+00 3.6579205465e-02
3 2.1980427017e+00 1.3411144092e-02
4 2.1090699778e+00 1.6249421655e-02
5 1.8730788631e+00 1.3223225727e-02
6 1.8160269389e+00 6.7436949604e-03
7 1.6736216573e+00 4.2586582356e-03
8 1.6183267492e+00 8.1418473990e-03
9 1.5248825073e+00 6.1017858562e-03
10 1.5139768085e+00 2.8820386712e-03
11 1.4535279245e+00 3.9977570579e-03
12 1.4195091091e+00 3.9893096217e-03
13 1.3828584095e+00 2.5022352507e-03
14 1.3586889667e+00 3.0465505033e-03
15 1.3386870798e+00 3.0249971149e-03
16 1.3019502998e+00 1.8575674616e-03
17 1.2809177167e+00 2.3378854827e-03
18 1.2625020673e+00 2.5665339831e-03
19 1.2293329771e+00 1.5859648478e-03
20 1.2158270324e+00 2.0278428507e-03
21 1.1933817098e+00 2.2276839276e-03
22 1.1728535843e+00 1.2054720345e-03
23 1.1642492104e+00 1.6715953726e-03
24 1.1456688337e+00 1.9794744730e-03
25 1.1287283081e+00 1.0727338445e-03
26 1.1235580741e+00 1.3108763062e-03
27 1.1114323565e+00 1.5687816158e-03
28 1.1032902800e+00 8.1325327367e-04
29 1.0978785882e+00 1.0266284267e-03
30 1.0888734262e+00 1.2033227151e-03
31 1.0832977455e+00 6.6005484248e-04
32 1.0794471201e+00 8.1714158464e-04
33 1.0731365876e+00 1.0262190501e-03
34 1.0684016529e+00 5.8966678942e-04
35 1.0638042371e+00 7.1430256988e-04
36 1.0579219575e+00 9.2199220133e-04
37 1.0531204413e+00 5.6493871815e-04
38 1.0482150930e+00 6.7065255652e-04
39 1.0423597676e+00 8.0239430525e-04
40 1.0379225880e+00 5.0104676011e-04
41 1.0321200346e+00 6.5389995395e-04
42 1.0261619144e+00 8.9211597470e-04
43 1.0204473063e+00 5.2313031097e-04
44 1.0145146726e+00 6.3864421819e-04
45 1.0094048974e+00 8.3835738943e-04
46 1.0051522843e+00 4.4486000249e-04
47 9.9958810348e-01 5.6057725656e-04
48 9.9622554118e-01 6.7961228726e-04
49 9.9282757218e-01 4.2132419657e-04
50 9.8933329608e-01 5.0905547219e-04
51 9.8642715844e-01 5.9971134783e-04
52 9.8355534672e-01 3.7466833558e-04
53 9.8043873086e-01 4.4714074266e-04
54 9.7766837413e-01 5.5421967183e-04
55 9.7492796453e-01 3.3854103348e-04
56 9.7192474400e-01 4.2829595237e-04
57 9.6916747531e-01 5.2080072342e-04
58 9.6674358601e-01 3.1256503962e-04
59 9.6395681387e-01 3.7565844683e-04
60 9.6174256719e-01 4.5545861129e-04
61 9.5960499416e-01 2.8275438767e-04
62 9.5693339182e-01 3.4743973560e-04
63 9.5469180148e-01 4.4336821154e-04
64 9.5211302673e-01 2.8707946528e-04
65 9.4948636875e-01 3.2933785670e-04
66 9.4776019226e-01 3.5058475344e-04
67 9.4572744325e-01 2.5466359277e-04
68 9.4331367312e-01 2.9170653175e-04
69 9.4125589537e-01 3.8929735515e-04
70 9.3856068184e-01 2.8398372923e-04
71 9.3566419672e-01 3.1294015937e-04
72 9.3297238339e-01 4.1963593981e-04
73 9.2997890658e-01 2.7236674150e-04
74 9.2685248065e-01 3.3292161519e-04
75 9.2432933663e-01 3.7813559376e-04
76 9.2191402513e-01 2.4957668363e-04
77 9.1912559041e-01 3.1678497247e-04
78 9.1677506159e-01 3.6195563996e-04
79 9.1444696931e-01 2.3790683897e-04
80 9.1251200810e-01 2.7449998985e-04
81 9.1093968332e-01 2.7987537303e-04
82 9.0944294944e-01 1.8709701098e-04
83 9.0787032318e-01 2.3237148473e-04
84 9.0636202647e-01 2.8651138028e-04
85 9.0437025567e-01 2.0160739555e-04
86 9.0241346243e-01 2.3295319831e-04
87 9.0062806557e-01 2.7314898067e-04
88 8.9885202670e-01 1.8120492895e-04
89 8.9694562927e-01 2.2844624824e-04
90 8.9525366360e-01 2.5138868933e-04
91 8.9323256996e-01 1.8939543446e-04
92 8.9116330997e-01 2.1546909778e-04
93 8.8935771293e-01 2.7384632350e-04
94 8.8717208674e-01 1.9002585493e-04
95 8.8526329746e-01 2.1554871249e-04
96 8.8334032241e-01 2.5690881454e-04
97 8.8096027367e-01 1.9149899172e-04
98 8.7883399726e-01 2.0905383354e-04
99 8.7702515169e-01 2.5262968702e-04
100 8.7516398613e-01 1.7851030202e-04
101 8.7323441610e-01 2.0072044791e-04
102 8.7146704730e-01 2.3704295497e-04
103 8.6951881838e-01 1.7544313918e-04
104 8.6780700221e-01 2.0442036340e-04
105 8.6567072683e-01 2.5189257650e-04
106 8.6352683030e-01 1.7490218661e-04
107 8.6121493855e-01 2.2253465072e-04
108 8.5909940472e-01 2.5208447939e-04
109 8.5663915773e-01 1.8556323905e-04
110 8.5472321045e-01 2.1091605928e-04
111 8.5277718350e-01 2.4992033725e-04
112 8.5074249515e-01 1.6792991853e-04
113 8.4871659490e-01 2.0063095045e-04
114 8.4707729127e-01 2.0586987854e-04
115 8.4538350585e-01 1.5052883901e-04
116 8.4421234387e-01 1.7233817166e-04
117 8.4283772265e-01 1.9837750489e-04
118 8.4133325999e-01 1.4240808840e-04
119 8.3989616412e-01 1.7256942866e-04
120 8.3836705489e-01 1.8157572921e-04
121 8.3690867547e-01 1.3988653205e-04
122 8.3594070483e-01 1.3417875432e-04
123 8.3479295888e-01 1.6857064330e-04
124 8.3355857206e-01 1.2018707115e-04
125 8.3219234685e-01 1.4066455156e-04
126 8.3081379940e-01 1.6885651795e-04
127 8.2924372546e-01 1.3471924423e-04
128 8.2767877269e-01 1.4311002454e-04
129 8.2620324544e-01 1.7627475442e-04
130 8.2463043252e-01 1.3183920359e-04
131 8.2310107795e-01 1.4729090121e-04
132 8.2126315697e-01 1.8110491027e-04
133 8.1924718636e-01 1.4514873842e-04
134 8.1759808378e-01 1.4629606771e-04
135 8.1586553977e-01 1.8203589529e-04
136 8.1403741250e-01 1.4159335038e-04
137 8.1196425594e-01 1.6329986168e-04
138 8.0947475040e-01 2.1594861054e-04
139 8.0706201500e-01 1.4976877363e-04
140 8.0504065698e-01 1.6012089638e-04
141 8.0308444121e-01 2.0139775773e-04
142 8.0113664848e-01 1.4002254411e-04
143 7.9927903629e-01 1.5623662539e-04
144 7.9753817848e-01 1.7144280640e-04
145 7.9615806841e-01 1.2061605081e-04
146 7.9495535182e-01 1.3410257168e-04
147 7.9367358076e-01 1.4896098474e-04
148 7.9254374067e-01 1.1022118005e-04
149 7.9141077015e-01 1.2196567260e-04
150 7.9035310145e-01 1.2931608563e-04
151 7.8940453566e-01 1.0035605435e-04
152 7.8837942032e-01 1.1915380979e-04
153 7.8728444420e-01 1.3537750912e-04
154 7.8609592782e-01 1.0678471222e-04
155 7.8489239162e-01 1.1869952075e-04
156 7.8371892244e-01 1.3213751822e-04
157 7.8256635244e-01 1.0166120198e-04
158 7.8134202072e-01 1.1775405739e-04
159 7.8015258263e-01 1.3349308503e-04
160 7.7891701747e-01 9.9685408851e-05
161 7.7776989987e-01 1.1312868056e-04
162 7.7668451637e-01 1.1681644671e-04
163 7.7567255854e-01 9.5319607790e-05
164 7.7478995554e-01 9.5529973611e-05
165 7.7385684623e-01 1.0767775990e-04
166 7.7296379969e-01 8.4043916076e-05
167 7.7207719397e-01 9.1596725244e-05
168 7.7113329380e-01 1.1233446189e-04
169 7.7017379405e-01 7.9933276214e-05
170 7.6910734286e-01 9.7421277732e-05
171 7.6798063361e-01 1.1247928548e-04
172 7.6683835611e-01 8.8501066538e-05
173 7.6570335571e-01 9.3826387478e-05
174 7.6465035058e-01 1.0626651433e-04
175 7.6352387530e-01 8.4646980691e-05
176 7.6234389503e-01 1.0334393563e-04
177 7.6094623031e-01 1.1063378131e-04
178 7.5972066560e-01 9.0070729797e-05
179 7.5843834395e-01 9.8250127745e-05
180 7.5720810678e-01 1.1184229482e-04
181 7.5587221492e-01 9.3100295909e-05
182 7.5443594573e-01 1.0358293902e-04
183 7.5301797520e-01 1.0650412224e-04
184 7.5173935340e-01 9.0269364552e-05
185 7.5064198342e-01 8.5584916803e-05
186 7.4952736697e-01 1.0725872511e-04
187 7.4836127553e-01 8.7564674033e-05
188 7.4697501064e-01 9.4696140858e-05
189 7.4567085537e-01 1.1775280707e-04
190 7.4417054659e-01 8.3724789143e-05
191 7.4282469071e-01 1.0078602496e-04
192 7.4156146899e-01 9.8983064194e-05
193 7.4032767777e-01 8.5019377329e-05
194 7.3920936228e-01 8.9336386248e-05
195 7.3795894786e-01 1.0361632733e-04
196 7.3676462601e-01 8.1669237035e-05
197 7.3561695208e-01 8.4761844090e-05
198 7.3446635494e-01 1.0277325134e-04
199 7.3305721105e-01 8.7114153306e-05
200 7.3168417054e-01 9.7897531578e-05
201 7.3019106176e-01 1.0406369696e-04
202 7.2895783937e-01 7.9404486351e-05
203 7.2774971236e-01 9.1037808252e-05
204 7.2668395406e-01 8.9434676564e-05
205 7.2572657542e-01 7.2298710855e-05
206 7.2479112920e-01 7.4999233606e-05
207 7.2384256006e-01 7.8880818513e-05
208 7.2311140660e-01 6.6620079944e-05
209 7.2235700220e-01 6.5697336261e-05
210 7.2167774680e-01 7.6724949608e-05
211 7.2096337513e-01 6.1330367743e-05
212 7.2003172558e-01 7.3725329921e-05
213 7.1914936778e-01 7.8731017285e-05
214 7.1817442600e-01 6.7921060518e-05
215 7.1729713566e-01 7.2744320265e-05
216 7.1640194322e-01 7.8575752917e-05
217 7.1549095803e-01 7.0971595258e-05
218 7.1442293918e-01 7.1468466715e-05
219 7.1348743604e-01 8.3163733416e-05
220 7.1236721194e-01 7.2004592184e-05
221 7.1117748293e-01 8.4005452989e-05
222 7.0988822038e-01 8.8990722553e-05
223 7.0871930916e-01 7.6373206430e-05
224 7.0750333200e-01 8.9599956551e-05
225 7.0609559635e-01 9.4084434876e-05
226 7.0461017704e-01 7.9979715793e-05
227 7.0332222424e-01 9.0829745843e-05
228 7.0207550163e-01 8.9541176370e-05
229 7.0078770449e-01 8.3241246852e-05
230 6.9950983516e-01 8.4485100799e-05
231 6.9842235093e-01 8.4823808486e-05
232 6.9753573572e-01 6.6220529536e-05
233 6.9664055819e-01 7.0903682202e-05
234 6.9595227680e-01 6.9923285534e-05
235 6.9526935143e-01 5.9451415549e-05
236 6.9458435973e-01 6.3317630913e-05
237 6.9380581477e-01 7.2164494666e-05
238 6.9314388719e-01 5.6449343559e-05
239 6.9244913964e-01 6.4809537839e-05
240 6.9179971738e-01 6.2333928624e-05
241 6.9118224594e-01 5.4989884807e-05
242 6.9056460601e-01 6.1817109437e-05
243 6.8991713767e-01 6.4022206349e-05
244 6.8926047853e-01 5.7334019703e-05
245 6.8865228480e-01 5.9726726555e-05
246 6.8803033111e-01 6.4932405239e-05
247 6.8734268252e-01 5.8394419743e-05
248 6.8662767345e-01 6.0333281279e-05
249 6.8592248582e-01 6.7050264669e-05
250 6.8523507682e-01 5.4746024119e-05
251 6.8450766400e-01 6.5650494827e-05
252 6.8379248430e-01 6.4736269449e-05
253 6.8302842831e-01 5.8247292401e-05
254 6.8237359403e-01 6.3208867912e-05
255 6.8166366058e-01 6.7388198016e-05
256 6.8101071076e-01 5.7552892497e-05
257 6.8028735753e-01 5.9551800770e-05
258 6.7967995610e-01 6.3522048884e-05
259 6.7911350391e-01 5.1352913368e-05
260 6.7849466445e-01 5.5093981823e-05
261 6.7792732079e-01 6.5700319700e-05
262 6.7729629249e-01 5.1396782561e-05
263 6.7668719844e-01 5.8247535178e-05
264 6.7608496582e-01 6.0562567981e-05
265 6.7553350517e-01 5.4054079339e-05
266 6.7495588802e-01 5.5899465905e-05
267 6.7439390544e-01 6.1720109412e-05
268 6.7379370350e-01 4.8010000480e-05
269 6.7326404985e-01 5.9152024187e-05
270 6.7263056496e-01 5.9219926393e-05
271 6.7206176099e-01 5.1444683074e-05
272 6.7143053945e-01 5.8715980685e-05
273 6.7082007277e-01 5.9542159453e-05
274 6.7030736825e-01 4.9655322472e-05
275 6.6977375178e-01 5.2123704310e-05
276 6.6936835125e-01 4.9928844181e-05
277 6.6896753048e-01 4.1400448078e-05
278 6.6856147283e-01 4.4217853060e-05
279 6.6820426096e-01 4.5550198058e-05
280 6.6785983951e-01 4.5266510662e-05
281 6.6737207871e-01 4.7223261764e-05
282 6.6697140735e-01 4.9458164903e-05
283 6.6653011125e-01 3.9903731059e-05
284 6.6617571548e-01 4.5987776379e-05
285 6.6579626459e-01 4.5053293202e-05
286 6.6541194029e-01 4.5578767591e-05
287 6.6502598145e-01 4.2655219258e-05
288 6.6456267801e-01 5.2816403366e-05
289 6.6412679930e-01 4.1076703712e-05
290 6.6370427155e-01 4.6767748315e-05
291 6.6329933253e-01 4.6681100812e-05
292 6.6287917403e-01 4.0317222246e-05
293 6.6249909396e-01 4.4158317754e-05
294 6.6209835345e-01 4.5006230896e-05
295 6.6170665583e-01 3.8767544525e-05
296 6.6134216225e-01 4.4639906151e-05
297 6.6099716779e-01 4.2503926767e-05
298 6.6065404771e-01 3.5836563663e-05
299 6.6025979607e-01 4.7797230244e-05
300 6.5982308625e-01 4.1783777655e-05
301 6.5941764350e-01 4.3194869240e-05
302 6.5901662857e-01 3.9776438888e-05
303 6.5864260178e-01 4.6151371749e-05
304 6.5828762465e-01 4.2791240200e-05
305 6.5776654074e-01 4.5930694223e-05
306 6.5728516041e-01 5.1307923923e-05
307 6.5675800801e-01 4.4378345448e-05
308 6.5632401160e-01 4.6725310371e-05
309 6.5591972144e-01 4.2198571958e-05
310 6.5553151635e-01 4.4629427431e-05
311 6.5511002404e-01 4.1794497159e-05
312 6.5460594944e-01 5.8201941870e-05
313 6.5414616483e-01 4.1721691441e-05
314 6.5360007239e-01 5.1674576992e-05
315 6.5315719511e-01 4.9924768966e-05
316 6.5267163201e-01 4.6942825253e-05
317 6.5219935690e-01 4.8530585052e-05
318 6.5179268545e-01 4.6981803758e-05
319 6.5134339612e-01 4.2581633050e-05
320 6.5098083037e-01 4.4164418500e-05
321 6.5069795198e-01 4.3553717063e-05
322 6.5025241703e-01 4.3010957974e-05
323 6.4999375207e-01 4.2630014204e-05
324 6.4949275507e-01 4.5796133787e-05
325 6.4921815663e-01 3.9198310297e-05
326 6.4890351868e-01 4.4252902973e-05
327 6.4846555472e-01 4.1273165638e-05
328 6.4824454003e-01 4.3546424083e-05
329 6.4778080843e-01 3.7583912841e-05
330 6.4753422918e-01 4.8343882430e-05
331 6.4713071479e-01 3.4639266198e-05
332 6.4695612774e-01 4.2108672810e-05
333 6.4663293477e-01 3.3244714662e-05
334 6.4637456027e-01 4.9328446304e-05
335 6.4600100114e-01 3.1980019733e-05
336 6.4572200099e-01 5.6191493846e-05
337 6.4528378116e-01 3.6691702744e-05
338 6.4503578116e-01 4.8511917632e-05
339 6.4460082827e-01 3.6292110493e-05
340 6.4438729338e-01 4.1793550960e-05
341 6.4400713164e-01 3.3826434242e-05
342 6.4384090986e-01 4.1387828886e-05
343 6.4338370009e-01 4.0638024832e-05
344 6.4320729262e-01 3.8183065770e-05
345 6.4272468993e-01 4.0753598050e-05
346 6.4252948541e-01 4.4351541520e-05
347 6.4197456028e-01 4.1882051694e-05
348 6.4179779492e-01 4.1305960288e-05
349 6.4127440685e-01 4.6049175312e-05
350 6.4109223959e-01 3.6311924542e-05
351 6.4062033080e-01 3.9276717401e-05
352 6.4048457127e-01 4.0809172695e-05
353 6.4001372959e-01 4.2018353319e-05
354 6.3982659864e-01 4.0589679144e-05
355 6.3931513298e-01 4.4989878661e-05
356 6.3914079474e-01 4.4888111008e-05
357 6.3852108860e-01 4.6219109116e-05
358 6.3831244956e-01 4.1608308964e-05
359 6.3787920781e-01 4.0936663194e-05
360 6.3778097709e-01 3.2523115404e-05
361 6.3746309469e-01 3.4425060297e-05
362 6.3731963605e-01 4.0223499509e-05
363 6.3686653265e-01 4.2281300805e-05
364 6.3671095652e-01 4.2720633066e-05
365 6.3622299389e-01 4.2037375085e-05
366 6.3606607921e-01 4.3240425697e-05
367 6.3559222489e-01 4.0460208679e-05
368 6.3543884145e-01 4.5190576833e-05
369 6.3496996039e-01 4.2141148989e-05
370 6.3479276218e-01 4.1195307118e-05
371 6.3444416774e-01 4.0552155462e-05
372 6.3430769132e-01 4.0410957130e-05
373 6.3408221400e-01 4.9275688864e-05
374 6.3374462187e-01 4.4534608096e-05
375 6.3356630694e-01 4.9387095253e-05
376 6.3307457189e-01 4.4804288731e-05
377 6.3290136050e-01 4.5821361180e-05
378 6.3251927486e-01 4.2834128775e-05
379 6.3239862897e-01 4.1293719572e-05
380 6.3202706785e-01 3.9519657424e-05
381 6.3191431297e-01 4.4002498338e-05
382 6.3158462904e-01 4.2221081035e-05
383 6.3144456568e-01 4.6409847525e-05
384 6.3103341841e-01 4.8630127289e-05
385 6.3089949587e-01 4.9747994596e-05
386 6.3053222378e-01 4.3806411816e-05
387 6.3042787876e-01 4.5230468915e-05
388 6.3015864357e-01 4.2503673242e-05
389 6.3009166135e-01 3.8680496172e-05
390 6.2989259397e-01 3.6387928056e-05
391 6.2979134765e-01 4.1482082334e-05
392 6.2965593250e-01 3.4881721729e-05
393 6.2954153631e-01 3.6185646164e-05
394 6.2945011978e-01 3.8219558980e-05
395 6.2927939569e-01 3.9062009344e-05
396 6.2921379175e-01 3.8818038241e-05
397 6.2906280939e-01 4.0226531714e-05
398 6.2893581884e-01 3.9988526796e-05
399 6.2886659127e-01 3.7767974111e-05
400 6.2873034157e-01 3.5846476731e-05
401 6.2865944243e-01 3.7673272831e-05
402 6.2856383250e-01 3.1136891361e-05
403 6.2848969052e-01 3.9362575463e-05
404 6.2840613151e-01 3.4339172110e-05
405 6.2827848994e-01 3.6128647814e-05
406 6.2822218942e-01 4.0113073704e-05
407 6.2811287333e-01 3.7607445695e-05
408 6.2800228231e-01 3.6713138533e-05
409 6.2795088476e-01 3.9853936739e-05
410 6.2784477295e-01 3.7273038914e-05
411 6.2777188780e-01 3.3706042094e-05
412 6.2771344901e-01 3.4971264428e-05
413 6.2762706026e-01 3.5661914118e-05
414 6.2757357846e-01 3.1085915748e-05
415 6.2750949206e-01 3.1430458879e-05
416 6.2745490702e-01 3.0693809267e-05
417 6.2741698083e-01 2.7057869352e-05
418 6.2736783275e-01 2.8293255238e-05
419 6.2732296032e-01 2.9373255496e-05
420 6.2726261507e-01 2.9207962548e-05
421 6.2718404378e-01 2.9523793414e-05
422 6.2714067042e-01 3.0402724589e-05
423 6.2708617680e-01 2.3965413128e-05
424 6.2703684203e-01 2.5875760490e-05
425 6.2699722959e-01 2.6680067775e-05
426 6.2692618881e-01 2.5773573455e-05
427 6.2687118996e-01 2.8262661486e-05
428 6.2681403034e-01 3.0791504006e-05
429 6.2671418949e-01 2.8002675951e-05
430 6.2663440928e-01 3.3958339269e-05
431 6.2654258535e-01 3.3744566665e-05
432 6.2640897687e-01 3.4232996311e-05
433 6.2633238470e-01 3.5226959067e-05
434 6.2622237580e-01 3.2428439510e-05
435 6.2612441668e-01 3.2759836783e-05
436 6.2604986256e-01 3.2897056621e-05
437 6.2593896761e-01 3.6183302749e-05
438 6.2584817329e-01 3.1952669993e-05
439 6.2576074926e-01 3.5754465875e-05
440 6.2562278037e-01 3.7827020083e-05
441 6.2553165319e-01 3.7101342218e-05
442 6.2540569158e-01 3.5922372032e-05
443 6.2530141253e-01 4.2388471136e-05
444 6.2520441710e-01 3.2169747258e-05
445 6.2508583244e-01 3.6554451110e-05
446 6.2500747207e-01 3.8769549513e-05
447 6.2492635543e-01 3.1912641689e-05
448 6.2480660907e-01 3.7967177614e-05
449 6.2474028528e-01 3.6102261703e-05
450 6.2465013752e-01 3.2595196415e-05
451 6.2456017140e-01 3.3292039373e-05
452 6.2449749761e-01 3.4180356218e-05
453 6.2440394074e-01 3.6201227391e-05
454 6.2429369853e-01 3.7204063873e-05
455 6.2422310046e-01 3.4318750587e-05
456 6.2413601929e-01 3.2876930117e-05
457 6.2408013737e-01 2.7792946242e-05
458 6.2401848089e-01 3.1385883995e-05
459 6.2394237595e-01 3.0278661108e-05
460 6.2388159709e-01 2.8410535679e-05
461 6.2379809198e-01 3.2394430002e-05
462 6.2371955014e-01 2.8896274694e-05
463 6.2365448631e-01 2.6616537525e-05
464 6.2356337202e-01 3.0893437013e-05
465 6.2350193372e-01 2.7639779265e-05
466 6.2343083814e-01 2.6171968523e-05
467 6.2335467190e-01 2.8273798424e-05
468 6.2329238178e-01 2.6098400255e-05
469 6.2321575076e-01 2.4801307889e-05
470 6.2312837609e-01 2.8650568378e-05
471 6.2307375056e-01 2.3656771625e-05
472 6.2298853874e-01 2.4054759291e-05
473 6.2291210772e-01 2.8046396961e-05
474 6.2283358995e-01 2.4455898976e-05
475 6.2274485357e-01 2.5216611539e-05
476 6.2264458485e-01 2.8430718037e-05
477 6.2255612026e-01 2.5286505401e-05
478 6.2243203992e-01 2.6710483723e-05
479 6.2232954073e-01 3.0457839519e-05
480 6.2222614957e-01 2.6625622981e-05
481 6.2208922587e-01 2.7626512461e-05
482 6.2198171153e-01 2.9140360820e-05
483 6.2188341166e-01 2.4530559241e-05
484 6.2176838403e-01 2.6975214158e-05
485 6.2167699265e-01 2.8142612913e-05
486 6.2153302455e-01 2.9521049933e-05
487 6.2136729714e-01 2.9092134287e-05
488 6.2125118636e-01 2.8771439425e-05
489 6.2109708646e-01 2.8913928740e-05
490 6.2096200538e-01 2.6435562266e-05
491 6.2083925871e-01 2.9873872019e-05
492 6.2068480349e-01 2.9124541830e-05
493 6.2055489691e-01 2.6327335370e-05
494 6.2043117622e-01 2.8156570281e-05
495 6.2026701273e-01 2.8304246361e-05
496 6.2013588340e-01 2.8085745136e-05
497 6.1998113882e-01 2.9643292960e-05
498 6.1980924427e-01 2.9826642678e-05
499 6.1968683026e-01 2.6161477220e-05
500 6.1952327818e-01 3.1584401882e-05
501 6.1936268263e-01 2.8686895191e-05
502 6.1922906453e-01 2.5936813339e-05
503 6.1907188015e-01 2.7695889352e-05
504 6.1895102015e-01 2.3654233583e-05
505 6.1884401881e-01 2.1986241720e-05
506 6.1872358427e-01 2.4250615322e-05
507 6.1863167733e-01 2.3863567171e-05
508 6.1851408712e-01 2.4280753530e-05
509 6.1836156256e-01 2.6480187171e-05
510 6.1821709016e-01 2.6597315608e-05
511 6.1805772610e-01 2.5299462664e-05
512 6.1787699544e-01 2.5706709987e-05
513 6.1775797688e-01 2.5083544676e-05
514 6.1764214879e-01 2.1904851720e-05
515 6.1751538140e-01 2.4413783500e-05
516 6.1741175877e-01 2.1443478486e-05
517 6.1728160693e-01 2.3064137178e-05
518 6.1713120893e-01 2.4596725697e-05
519 6.1700731490e-01 2.6406623991e-05
520 6.1681432014e-01 2.5093758444e-05
521 6.1663374415e-01 2.8841254760e-05
522 6.1645452040e-01 2.5057369435e-05
523 6.1624006325e-01 2.4061433246e-05
524 6.1608795885e-01 2.6686290831e-05
525 6.1594360322e-01 2.4247911187e-05
526 6.1577979714e-01 2.3460050441e-05
527 6.1565493645e-01 2.3959360831e-05
528 6.1550999147e-01 2.2590334950e-05
529 6.1532513020e-01 2.6411586476e-05
530 6.1512891600e-01 2.5805759243e-05
531 6.1494718444e-01 2.4825722338e-05
532 6.1479412156e-01 2.0912936284e-05
533 6.1467493811e-01 2.3642361501e-05
534 6.1452015332e-01 2.2567862004e-05
535 6.1435821643e-01 2.1757541123e-05
536 6.1424004173e-01 2.2687339585e-05
537 6.1409219159e-01 2.2387132719e-05
538 6.1394081528e-01 2.2363900253e-05
539 6.1380263303e-01 2.3445000991e-05
540 6.1361795310e-01 2.4682436804e-05
541 6.1344961503e-01 2.3029227640e-05
542 6.1329340452e-01 2.2111724016e-05
543 6.1311943390e-01 2.1966306968e-05
544 6.1297696646e-01 2.1908463596e-05
545 6.1283026442e-01 2.2630834868e-05
546 6.1267820819e-01 2.0521596786e-05
547 6.1254499300e-01 2.0283871361e-05
548 6.1241357532e-01 2.1391826979e-05
549 6.1221756317e-01 2.2630393990e-05
550 6.1205587476e-01 2.5970970203e-05
551 6.1185913219e-01 2.4566427930e-05
552 6.1166484939e-01 2.3978460153e-05
553 6.1151847067e-01 2.1224238145e-05
554 6.1134750219e-01 2.2159488577e-05
555 6.1117621992e-01 2.1300127961e-05
556 6.1104474802e-01 2.1643613546e-05
557 6.1089069564e-01 2.0453951474e-05
558 6.1077285480e-01 1.9948306549e-05
559 6.1066350803e-01 1.8233273179e-05
560 6.1050556768e-01 1.8082473489e-05
561 6.1038042874e-01 2.0919358275e-05
562 6.1023631206e-01 2.0088017360e-05
563 6.1005830326e-01 2.1614874634e-05
564 6.0991837331e-01 1.9474668430e-05
565 6.0980473725e-01 1.5615858470e-05
566 6.0969599907e-01 1.6333611855e-05
567 6.0958846746e-01 1.9263512445e-05
568 6.0944587218e-01 1.8975199266e-05
569 6.0925763341e-01 2.3868867448e-05
570 6.0908328112e-01 2.1248992035e-05
571 6.0889430225e-01 1.9611350166e-05
572 6.0874882335e-01 1.7827995755e-05
573 6.0862372892e-01 1.8953542312e-05
574 6.0848060756e-01 1.9742406911e-05
575 6.0830142889e-01 2.1256994182e-05
576 6.0812766202e-01 2.2526452787e-05
577 6.0794201890e-01 1.9829430433e-05
578 6.0774845910e-01 2.1052901519e-05
579 6.0759002559e-01 2.0502193897e-05
580 6.0737484930e-01 2.3755515991e-05
581 6.0710814921e-01 2.7512515468e-05
582 6.0679472104e-01 2.5673131419e-05
583 6.0649182268e-01 2.5780583827e-05
584 6.0625046140e-01 2.4626609893e-05
585 6.0602682089e-01 2.5288261014e-05
586 6.0570663138e-01 2.8559980410e-05
587 6.0546393376e-01 2.5961073108e-05
588 6.0521978153e-01 2.6276153391e-05
589 6.0495671555e-01 2.4010401196e-05
590 6.0468668638e-01 2.5958488996e-05
591 6.0444692385e-01 2.4686462790e-05
592 6.0420619180e-01 2.4153611413e-05
593 6.0405115360e-01 1.9802412309e-05
594 6.0388683340e-01 2.1964667631e-05
595 6.0370189576e-01 2.2000578239e-05
596 6.0352343931e-01 2.3743219274e-05
597 6.0328425785e-01 2.4548330108e-05
598 6.0308516839e-01 2.2330129692e-05
599 6.0294638321e-01 1.9431952564e-05
600 6.0276918391e-01 2.1976385570e-05
601 6.0262490608e-01 1.8301119168e-05
602 6.0251111346e-01 1.8648822730e-05
603 6.0238327342e-01 1.7568894990e-05
604 6.0227833458e-01 1.7234540412e-05
605 6.0216792222e-01 1.8667915639e-05
606 6.0204781827e-01 1.6309614219e-05
607 6.0195235735e-01 1.7337545120e-05
608 6.0185316773e-01 1.5592878550e-05
609 6.0174585040e-01 1.5115057760e-05
610 6.0166834997e-01 1.5405007169e-05
611 6.0158907477e-01 1.3670864670e-05
612 6.0149739046e-01 1.5332468249e-05
613 6.0141487243e-01 1.5367508226e-05
614 6.0130569722e-01 1.3733462723e-05
615 6.0121964658e-01 1.6082306663e-05
616 6.0113682947e-01 1.6744027924e-05
617 6.0098833040e-01 1.8502881826e-05
618 6.0083309144e-01 1.9028112582e-05
619 6.0069851513e-01 1.7694987873e-05
620 6.0054579574e-01 1.7746437079e-05
621 6.0040258621e-01 2.0389860768e-05
622 6.0022452782e-01 2.3664376919e-05
623 5.9995403752e-01 2.2122494608e-05
624 5.9975907728e-01 2.3192404771e-05
625 5.9961041735e-01 2.0336089461e-05
626 5.9943194474e-01 2.3526852862e-05
627 5.9922824598e-01 2.5227503562e-05
628 5.9894864819e-01 1.8787188558e-05
629 5.9879401815e-01 1.5355657032e-05
630 5.9871028928e-01 1.5944145485e-05
631 5.9862967015e-01 2.1242050105e-05
632 5.9849128302e-01 2.1753697570e-05
633 5.9830858459e-01 2.3580565370e-05
634 5.9803562888e-01 1.8047598699e-05
635 5.9786649695e-01 1.3292641359e-05
636 5.9778187840e-01 1.3630742684e-05
637 5.9773761477e-01 1.4705549470e-05
638 5.9767705179e-01 1.6263665826e-05
639 5.9756073877e-01 1.9504170520e-05
640 5.9738256844e-01 1.5889663580e-05
641 5.9723777725e-01 1.1941991220e-05
642 5.9718778840e-01 1.2147561426e-05
643 5.9714046836e-01 1.4492559147e-05
644 5.9706579378e-01 1.6954058645e-05
645 5.9690082816e-01 1.9293064247e-05
646 5.9669228094e-01 1.3740974476e-05
647 5.9653722514e-01 1.1879536649e-05
648 5.9645604637e-01 1.1129251193e-05
649 5.9638988234e-01 1.2526191084e-05
650 5.9631043523e-01 1.2990791495e-05
651 5.9625421280e-01 1.3397754254e-05
652 5.9619911222e-01 1.3511813118e-05
653 5.9610152044e-01 1.4957427475e-05
654 5.9590888891e-01 1.6768207372e-05
655 5.9568264634e-01 1.3084914640e-05
656 5.9552241646e-01 1.2230032968e-05
657 5.9546224019e-01 1.3444983699e-05
658 5.9534378894e-01 1.6256037688e-05
659 5.9522849571e-01 1.7539797883e-05
660 5.9515047509e-01 1.4325139836e-05
661 5.9506392931e-01 1.3933383512e-05
662 5.9494506679e-01 1.6734366937e-05
663 5.9476676665e-01 1.4858589240e-05
664 5.9458894279e-01 1.1610017386e-05
665 5.9451553254e-01 1.2730489915e-05
666 5.9444406201e-01 1.3945613728e-05
667 5.9437371689e-01 1.4807467198e-05
668 5.9430348304e-01 1.3947129005e-05
669 5.9425612839e-01 1.0402196279e-05
670 5.9419684804e-01 1.0452356009e-05
671 5.9412676099e-01 1.1147015958e-05
672 5.9401639626e-01 1.0367748569e-05
673 5.9393188357e-01 1.0299166328e-05
674 5.9387419203e-01 1.0014790069e-05
675 5.9382826251e-01 1.1025614422e-05
676 5.9376446051e-01 1.4187141844e-05
677 5.9371181423e-01 1.1607053541e-05
678 5.9363633707e-01 1.2657291898e-05
679 5.9355079713e-01 1.3387701138e-05
680 5.9344259231e-01 1.1508166136e-05
681 5.9331396399e-01 1.0200870070e-05
682 5.9320191719e-01 9.5885852774e-06
683 5.9311306694e-01 1.0943260150e-05
684 5.9299534957e-01 1.1052223588e-05
685 5.9293291118e-01 1.2464091842e-05
686 5.9284737159e-01 1.3684413043e-05
687 5.9277365075e-01 1.8572284529e-05
688 5.9264461206e-01 1.6013221428e-05
689 5.9256303431e-01 1.7040414489e-05
690 5.9237797894e-01 1.4100514054e-05
691 5.9221984461e-01 1.6514342600e-05
692 5.9196077433e-01 1.1212081216e-05
693 5.9186642328e-01 1.1570429181e-05
694 5.9176538329e-01 1.1334523782e-05
695 5.9171240984e-01 1.2783686991e-05
696 5.9164327253e-01 1.1333817547e-05
697 5.9160674370e-01 1.4944562861e-05
698 5.9151300129e-01 1.7013667264e-05
699 5.9146664237e-01 1.7887178327e-05
700 5.9134431023e-01 1.2016511887e-05
701 5.9123871823e-01 1.7133098797e-05
702 5.9104580802e-01 9.9004403147e-06
703 5.9097656628e-01 1.0679004954e-05
704 5.9089190655e-01 8.5100392919e-06
705 5.9083500177e-01 1.1822034696e-05
706 5.9077678773e-01 8.7461842586e-06
707 5.9075365946e-01 1.1414375329e-05
708 5.9071728705e-01 1.0730737857e-05
709 5.9069958291e-01 1.3565345297e-05
710 5.9066000627e-01 8.8396475509e-06
711 5.9060500380e-01 1.3687545911e-05
712 5.9048009848e-01 9.5722240868e-06
713 5.9038294298e-01 1.1375476880e-05
714 5.9024947670e-01 9.5033334473e-06
715 5.9017860213e-01 1.2711642818e-05
716 5.9009092068e-01 9.8410499982e-06
717 5.9005368747e-01 1.2811769882e-05
718 5.8999570389e-01 1.1606188772e-05
719 5.8996559097e-01 1.5155968831e-05
720 5.8991305715e-01 9.6578326341e-06
721 5.8986679298e-01 1.4457924451e-05
722 5.8980588177e-01 8.2305330038e-06
723 5.8974551192e-01 1.1715138423e-05
724 5.8964523368e-01 8.2727888319e-06
725 5.8955723332e-01 1.1145677922e-05
726 5.8946442351e-01 8.4326422104e-06
727 5.8941178478e-01 1.1001989206e-05
728 5.8932911296e-01 9.5194805084e-06
729 5.8929774385e-01 1.3005802927e-05
730 5.8927185873e-01 1.0507369489e-05
731 5.8926084363e-01 1.1938073878e-05
732 5.8923296813e-01 1.5698679099e-05
733 5.8920392336e-01 1.1738179478e-05
734 5.8916504441e-01 1.5718324126e-05
735 5.8911674697e-01 9.2325902017e-06
736 5.8906167374e-01 1.1797377394e-05
737 5.8894002813e-01 7.7905628499e-06
738 5.8888945921e-01 9.1310926122e-06
739 5.8879761150e-01 8.3852298853e-06
740 5.8875610111e-01 9.2632958686e-06
741 5.8869507885e-01 8.6209405212e-06
742 5.8867764190e-01 9.7521003284e-06
743 5.8864680904e-01 8.8376728950e-06
744 5.8864329597e-01 9.7588756056e-06
745 5.8863179095e-01 8.5154453518e-06
746 5.8861256432e-01 1.1096161726e-05
747 5.8855905324e-01 8.1349791805e-06
748 5.8852836523e-01 9.7080690900e-06
749 5.8839813926e-01 8.9372989895e-06
750 5.8834904754e-01 9.7464767963e-06
751 5.8824820501e-01 8.0300904630e-06
752 5.8817842902e-01 1.3082211572e-05
753 5.8807354442e-01 8.7454193416e-06
754 5.8804354231e-01 9.6179167002e-06
755 5.8798821173e-01 7.9167361771e-06
756 5.8796714507e-01 1.0856818919e-05
757 5.8794140280e-01 8.0872946888e-06
758 5.8792620616e-01 8.3766719112e-06
759 5.8791569337e-01 9.5343301566e-06
760 5.8791023363e-01 7.1550489090e-06
761 5.8787042255e-01 9.9409531282e-06
762 5.8781693200e-01 7.7230334859e-06
763 5.8777371600e-01 8.3316125720e-06
764 5.8764673197e-01 8.0261353849e-06
765 5.8756264592e-01 9.7103565960e-06
766 5.8746820905e-01 9.9934377151e-06
767 5.8732218987e-01 1.0024152825e-05
768 5.8725038857e-01 1.1580947902e-05
769 5.8715867953e-01 8.1313947251e-06
770 5.8712881687e-01 7.7919436303e-06
771 5.8708682330e-01 7.6571534433e-06
772 5.8706483234e-01 6.5398392554e-06
773 5.8704790975e-01 6.8177932948e-06
774 5.8702795487e-01 6.4446975258e-06
775 5.8702366096e-01 6.7314786672e-06
776 5.8700488306e-01 6.0954963977e-06
777 5.8698555294e-01 7.3734335301e-06
778 5.8697256769e-01 8.9354733219e-06
779 5.8692858398e-01 7.5433746360e-06
780 5.8688151978e-01 8.6539383432e-06
781 5.8680339736e-01 9.8502415874e-06
782 5.8669527422e-01 8.2933175175e-06
783 5.8663664436e-01 7.4233544593e-06
784 5.8652653860e-01 7.4328863208e-06
785 5.8645498078e-01 6.6818884096e-06
786 5.8640164184e-01 5.7917311573e-06
787 5.8635317489e-01 5.2985245054e-06
788 5.8633944752e-01 4.9681040225e-06
789 5.8631592959e-01 4.6178433240e-06
790 5.8629859766e-01 4.9082180846e-06
791 5.8627898859e-01 5.0490333336e-06
792 5.8624264658e-01 4.5496875801e-06
793 5.8621727035e-01 5.9246785092e-06
794 5.8620383183e-01 5.1887675833e-06
795 5.8620816506e-01 5.0513382480e-06
796 5.8619423252e-01 6.5362993227e-06
797 5.8613699716e-01 8.8370320522e-06
798 5.8608337393e-01 9.9539831860e-06
799 5.8598963475e-01 1.2758120728e-05
800 5.8584810638e-01 1.1537568147e-05
801 5.8571332209e-01 1.1475008731e-05
802 5.8558628599e-01 8.1154748038e-06
803 5.8549533601e-01 6.5277258214e-06
804 5.8542733029e-01 5.8801331545e-06
805 5.8529316371e-01 4.9208713162e-06
806 5.8521755362e-01 5.0269906670e-06
807 5.8512340839e-01 4.7960560320e-06
808 5.8499839976e-01 4.7279330987e-06
809 5.8492849918e-01 4.8530618788e-06
810 5.8487122292e-01 4.6686690998e-06
811 5.8482837883e-01 4.8409094674e-06
812 5.8478431108e-01 5.2464354204e-06
813 5.8472823647e-01 5.2419669496e-06
814 5.8469206370e-01 5.5887866917e-06
815 5.8463171408e-01 7.4137895415e-06
816 5.8459862704e-01 7.6747065409e-06
817 5.8457604470e-01 7.5852891399e-06
818 5.8459026772e-01 7.4832339257e-06
819 5.8462036985e-01 6.9427175911e-06
820 5.8463347353e-01 6.9169825493e-06
821 5.8465768758e-01 7.0545824366e-06
822 5.8467435397e-01 5.8427298209e-06
823 5.8466982405e-01 5.6539125738e-06
824 5.8464864613e-01 5.9997531904e-06
825 5.8459927990e-01 5.5705562903e-06
826 5.8450044993e-01 5.1846343172e-06
827 5.8436926477e-01 6.5927099321e-06
828 5.8417307657e-01 6.2733620251e-06
829 5.8386888896e-01 5.5300869673e-06
830 5.8369647301e-01 6.9751488254e-06
831 5.8340067177e-01 7.1907537875e-06
832 5.8319080238e-01 6.6213548531e-06
833 5.8304815217e-01 8.2314697132e-06
834 5.8284363848e-01 7.7332805127e-06
835 5.8266198483e-01 8.1290879028e-06
836 5.8252241633e-01 7.7880342648e-06
837 5.8239606847e-01 7.4857287067e-06
838 5.8233529429e-01 7.8916520910e-06
839 5.8227149509e-01 6.7865562197e-06
840 5.8222346776e-01 6.6704367532e-06
841 5.8219848375e-01 6.3068043578e-06
842 5.8216443877e-01 5.7502479188e-06
843 5.8214196175e-01 5.9572805281e-06
844 5.8210020974e-01 5.7147662422e-06
845 5.8203582799e-01 5.5985236270e-06
846 5.8197684971e-01 6.2190789661e-06
847 5.8186994161e-01 6.0710677276e-06
848 5.8174344856e-01 6.5459625756e-06
849 5.8166503662e-01 6.7627887425e-06
850 5.8152087654e-01 6.9833166430e-06
851 5.8140989314e-01 6.6390353404e-06
852 5.8127098615e-01 7.1603255346e-06
853 5.8107676512e-01 6.8961055939e-06
854 5.8091194994e-01 8.2910612670e-06
855 5.8074944663e-01 7.0307202220e-06
856 5.8058025668e-01 7.6469991362e-06
857 5.8044321950e-01 8.1103339604e-06
858 5.8025597742e-01 8.3789811588e-06
859 5.8012736631e-01 6.8141728141e-06
860 5.8004018353e-01 6.2880809406e-06
861 5.7994442950e-01 5.5911680326e-06
862 5.7990016395e-01 5.3665177274e-06
863 5.7986313298e-01 4.8664322051e-06
864 5.7981055048e-01 5.3205126107e-06
865 5.7978661460e-01 4.9542046744e-06
866 5.7975121754e-01 5.0393522410e-06
867 5.7972124667e-01 5.7519165715e-06
868 5.7970319381e-01 5.1191883074e-06
869 5.7968032005e-01 4.9571857214e-06
870 5.7966072471e-01 5.4664999419e-06
871 5.7960188897e-01 5.1320712092e-06
872 5.7948012954e-01 5.8736424170e-06
873 5.7937062844e-01 7.7888836265e-06
874 5.7924302018e-01 6.3552560343e-06
875 5.7912307235e-01 6.0006955244e-06
876 5.7896172873e-01 9.4239390963e-06
877 5.7873870608e-01 7.7047236063e-06
878 5.7859490015e-01 6.7687719196e-06
879 5.7850224754e-01 6.1767190685e-06
880 5.7839854116e-01 5.2472011234e-06
881 5.7830260924e-01 5.0836714234e-06
882 5.7822680008e-01 5.1411351204e-06
883 5.7813099582e-01 4.6593309913e-06
884 5.7803327546e-01 4.6854394438e-06
885 5.7793984858e-01 4.4457349175e-06
886 5.7786703873e-01 3.7316677816e-06
887 5.7783300533e-01 3.7516498884e-06
888 5.7780979511e-01 3.6389976308e-06
889 5.7779565312e-01 3.4622482951e-06
890 5.7778602153e-01 3.5606836865e-06
891 5.7778008403e-01 3.2679417281e-06
892 5.7777199934e-01 3.4458364876e-06
893 5.7775629642e-01 3.9547740296e-06
894 5.7772720460e-01 4.0154456568e-06
895 5.7770311618e-01 4.7015724087e-06
896 5.7766990557e-01 5.4353124611e-06
897 5.7763646385e-01 5.3878111749e-06
898 5.7760575852e-01 6.0437937529e-06
899 5.7754950633e-01 6.1331951158e-06
900 5.7747225180e-01 7.1083999906e-06
901 5.7740623785e-01 7.3657077639e-06
902 5.7734146060e-01 6.4453741080e-06
903 5.7724352497e-01 5.0816259805e-06
904 5.7711406111e-01 6.1510826534e-06
905 5.7692599477e-01 6.0241707432e-06
906 5.7672438495e-01 6.1864381898e-06
907 5.7661143889e-01 5.0346571734e-06
908 5.7654448022e-01 4.8588518407e-06
909 5.7649606782e-01 5.0315407418e-06
910 5.7642182178e-01 5.2130619889e-06
911 5.7635422418e-01 4.5931704899e-06
912 5.7631830413e-01 4.6967757758e-06
913 5.7624916301e-01 4.8561642174e-06
914 5.7616121118e-01 5.1044032802e-06
915 5.7610248479e-01 5.6113608034e-06
916 5.7611736900e-01 5.1043826628e-06
917 5.7616854762e-01 4.5302284344e-06
918 5.7618652044e-01 4.6027374455e-06
919 5.7618291771e-01 5.1626113467e-06
920 5.7615995407e-01 5.1414583145e-06
921 5.7609336589e-01 5.6040900153e-06
922 5.7586028407e-01 7.6399812416e-06
923 5.7546534270e-01 1.1254179324e-05
924 5.7524022466e-01 1.1642424149e-05
925 5.7516431409e-01 1.0722990133e-05
926 5.7511406672e-01 7.6180774913e-06
927 5.7502885734e-01 7.2386031746e-06
928 5.7486294463e-01 7.9759827642e-06
929 5.7477840322e-01 6.8556937605e-06
930 5.7471548017e-01 6.7749164598e-06
931 5.7466272637e-01 6.3866783047e-06
932 5.7457536654e-01 5.7760454138e-06
933 5.7438176878e-01 6.3226581304e-06
934 5.7430480465e-01 5.4699979154e-06
935 5.7429305616e-01 5.2076859698e-06
936 5.7427061102e-01 5.2943845861e-06
937 5.7422868039e-01 5.1951072066e-06
938 5.7415013411e-01 4.9580550991e-06
939 5.7403273064e-01 5.5916666008e-06
940 5.7402332763e-01 4.5155427700e-06
941 5.7401755337e-01 4.3691262795e-06
942 5.7396946518e-01 5.3074447455e-06
943 5.7387563556e-01 6.5391370490e-06
944 5.7374655774e-01 7.5143172521e-06
945 5.7359940923e-01 6.9137767020e-06
946 5.7358196006e-01 5.0502821006e-06
947 5.7358241437e-01 5.2818800144e-06
948 5.7357625175e-01 5.2012567472e-06
949 5.7355589251e-01 5.5064857285e-06
950 5.7350425367e-01 6.0078829572e-06
951 5.7340014829e-01 5.7089311861e-06
952 5.7326237733e-01 6.3708372456e-06
953 5.7317936388e-01 6.5012520525e-06
954 5.7316081988e-01 6.6037093798e-06
955 5.7314159599e-01 6.3733685074e-06
956 5.7309859142e-01 4.8166320714e-06
957 5.7301958710e-01 4.3621872643e-06
958 5.7294222994e-01 4.5634661621e-06
959 5.7293205345e-01 4.1947414028e-06
960 5.7293968140e-01 4.4034592249e-06
961 5.7293295697e-01 4.8803735122e-06
962 5.7291385608e-01 4.8443957623e-06
963 5.7287062843e-01 4.8863900981e-06
964 5.7285171450e-01 4.2608853901e-06
965 5.7289543874e-01 3.7000845525e-06
966 5.7290922372e-01 3.7905823839e-06
967 5.7289259281e-01 4.7602423958e-06
968 5.7283915220e-01 7.0261466803e-06
969 5.7276339942e-01 6.1139968968e-06
970 5.7271308411e-01 4.5927866400e-06
971 5.7270641052e-01 3.1961505460e-06
972 5.7269281014e-01 3.4384140659e-06
973 5.7266478492e-01 4.5994112175e-06
974 5.7256527413e-01 9.5278321835e-06
975 5.7242453379e-01 9.7180837583e-06
976 5.7235668109e-01 4.8779440325e-06
977 5.7235660151e-01 3.5421770301e-06
978 5.7235227011e-01 3.4736896552e-06
979 5.7232475196e-01 4.2698516373e-06
980 5.7226903477e-01 5.4914937706e-06
981 5.7232089392e-01 4.7694061615e-06
982 5.7255073934e-01 3.3618353136e-06
983 5.7264916196e-01 3.0718047861e-06
984 5.7266146147e-01 3.1530627328e-06
985 5.7261036958e-01 7.1083564158e-06
986 5.7242767272e-01 1.3768434800e-05
987 5.7229266857e-01 5.3847839617e-06
988 5.7230505364e-01 3.6188481539e-06
989 5.7230749404e-01 2.8002366286e-06
990 5.7228874806e-01 2.9869426116e-06
991 5.7223072617e-01 5.6250968238e-06
992 5.7204857311e-01 9.2978781879e-06
993 5.7169566703e-01 5.7313075156e-06
994 5.7164056968e-01 2.8785187638e-06
995 5.7164070661e-01 2.2157675393e-06
996 5.7163628450e-01 2.2955557833e-06
997 5.7162209280e-01 3.4205757004e-06
998 5.7156600664e-01 4.9455118081e-06
999 5.7155214672e-01 2.6151279198e-06
1000 5.7160341071e-01 2.3654011347e-06
1001 5.7162388343e-01 2.3720943280e-06
1002 5.7162380168e-01 2.5590151866e-06
1003 5.7160501424e-01 3.7239695483e-06
1004 5.7152993687e-01 6.1497650697e-06
1005 5.7131365719e-01 5.1631806451e-06
1006 5.7150537137e-01 4.0976643042e-06
1007 5.7158044618e-01 3.8566580794e-06
1008 5.7158397613e-01 3.7371899819e-06
1009 5.7157270659e-01 3.0103407004e-06
1010 5.7151253613e-01 4.6859953085e-06
1011 5.7122083924e-01 7.3751896206e-06
1012 5.7078807032e-01 1.2717929549e-05
1013 5.7056523324e-01 9.9782949420e-06
1014 5.7047210174e-01 8.4520445849e-06
1015 5.7053054610e-01 5.4151765337e-06
1016 5.7064894877e-01 5.6292953358e-06
1017 5.7070284498e-01 3.8871415066e-06
1018 5.7071365453e-01 3.0034283621e-06
1019 5.7071110861e-01 3.1093395478e-06
1020 5.7068428416e-01 4.6378104092e-06
1021 5.7064263486e-01 6.5942190383e-06
1022 5.7059533246e-01 7.1386414153e-06
1023 5.7037925178e-01 1.1044843138e-05
1024 5.7038996168e-01 1.6654753041e-05
1025 5.7065433424e-01 1.1170687883e-05
1026 5.7077286983e-01 7.0072186019e-06
1027 5.7082809540e-01 5.1535711705e-06
1028 5.7083121994e-01 5.8953483801e-06
1029 5.7078366755e-01 7.4695295173e-06
1030 5.7070220706e-01 6.9343511901e-06
1031 5.7037852882e-01 1.2075089076e-05
1032 5.6975138967e-01 1.6121331006e-05
1033 5.6949875195e-01 1.6566069663e-05
1034 5.6929616288e-01 1.2377240399e-05
1035 5.6920957321e-01 1.0869209510e-05
1036 5.6924019280e-01 7.9525943369e-06
1037 5.6924647231e-01 8.1144869505e-06
1038 5.6923744422e-01 5.0447392660e-06
1039 5.6916402555e-01 6.1195284452e-06
1040 5.6911129818e-01 6.5463526264e-06
1041 5.6896885347e-01 8.2816293357e-06
1042 5.6876189151e-01 8.5440169280e-06
1043 5.6813127802e-01 1.7356136374e-05
1044 5.6798309923e-01 1.5312636942e-05
1045 5.6795334121e-01 1.5134828162e-05
1046 5.6810720616e-01 8.7343345398e-06
1047 5.6832361696e-01 1.2895155958e-05
1048 5.6838544776e-01 6.4745001334e-06
1049 5.6838374352e-01 6.1390123068e-06
1050 5.6834498344e-01 5.3191850243e-06
1051 5.6818680381e-01 8.6350939075e-06
1052 5.6806684974e-01 7.4457716111e-06
1053 5.6757121763e-01 1.2362146554e-05
1054 5.6718299413e-01 1.0774958567e-05
1055 5.6703679795e-01 1.3144969751e-05
1056 5.6698167120e-01 9.0877998773e-06
1057 5.6697695423e-01 1.1226934569e-05
1058 5.6699048047e-01 5.3950823132e-06
1059 5.6698090651e-01 5.4733641546e-06
1060 5.6696325583e-01 4.0079758832e-06
1061 5.6688734827e-01 6.3430902162e-06
1062 5.6684947943e-01 5.4521232534e-06
1063 5.6648350229e-01 1.2088078517e-05
1064 5.6629103552e-01 1.1555419311e-05
1065 5.6595191344e-01 1.1898253129e-05
1066 5.6570523891e-01 1.4570462546e-05
1067 5.6563985826e-01 1.7648607436e-05
1068 5.6587660579e-01 1.4906134418e-05
1069 5.6653218443e-01 1.0860114098e-05
1070 5.6679842388e-01 6.9932949700e-06
1071 5.6695698116e-01 7.0247644670e-06
1072 5.6700706326e-01 4.5008773348e-06
1073 5.6701774956e-01 5.1845298529e-06
1074 5.6698859885e-01 4.6247317097e-06
1075 5.6694864238e-01 6.5237912908e-06
1076 5.6664359094e-01 6.1493018195e-06
1077 5.6630099158e-01 9.5330431401e-06
1078 5.6561040056e-01 1.2087853759e-05
1079 5.6531643186e-01 1.2258952638e-05
1080 5.6467733773e-01 1.1549341298e-05
1081 5.6457487139e-01 9.0940533159e-06
1082 5.6450676931e-01 8.3724817439e-06
1083 5.6448638402e-01 5.5514123172e-06
1084 5.6445936508e-01 6.2134224653e-06
1085 5.6445248280e-01 3.5870210725e-06
1086 5.6441513495e-01 3.8111060184e-06
1087 5.6440099803e-01 3.1082373023e-06
1088 5.6435721623e-01 4.1720598662e-06
1089 5.6431490220e-01 3.8601915014e-06
1090 5.6420936157e-01 5.7071452962e-06
1091 5.6417234179e-01 6.1872208304e-06
1092 5.6407578424e-01 6.6467447460e-06
1093 5.6406002881e-01 6.6930200845e-06
1094 5.6408187396e-01 7.0678042932e-06
1095 5.6411730909e-01 5.3980608185e-06
1096 5.6425030918e-01 6.0053892838e-06
1097 5.6428369850e-01 3.8250963405e-06
1098 5.6433039724e-01 3.1292217464e-06
1099 5.6433809565e-01 3.4990798453e-06
1100 5.6434232190e-01 3.5274235232e-06
1101 5.6433733169e-01 3.8637803726e-06
1102 5.6429339061e-01 5.7056935699e-06
1103 5.6424173618e-01 6.3727326557e-06
1104 5.6419109349e-01 6.4806624570e-06
1105 5.6397092925e-01 9.1126616289e-06
1106 5.6383402808e-01 1.0664729430e-05
1107 5.6361739809e-01 9.5828336257e-06
1108 5.6350045325e-01 8.9116034479e-06
1109 5.6336825001e-01 7.8860103936e-06
1110 5.6334001042e-01 6.2214663208e-06
1111 5.6332237571e-01 4.5379592323e-06
1112 5.6330168196e-01 4.8938168258e-06
1113 5.6329843555e-01 3.0073153419e-06
1114 5.6329150204e-01 2.7143271531e-06
1115 5.6328607175e-01 2.7028328385e-06
1116 5.6328278299e-01 2.3029727645e-06
1117 5.6327831544e-01 2.0654525894e-06
1118 5.6327238093e-01 2.6454856419e-06
1119 5.6325986684e-01 3.0414132982e-06
1120 5.6325128224e-01 3.4411282676e-06
1121 5.6322472226e-01 4.5653915471e-06
1122 5.6316333701e-01 7.5577543381e-06
1123 5.6312717160e-01 7.8925590156e-06
1124 5.6298782445e-01 1.2363225628e-05
1125 5.6293628633e-01 1.3992587753e-05
1126 5.6297265203e-01 1.2803412384e-05
1127 5.6314379279e-01 1.3940663084e-05
1128 5.6345709552e-01 1.3214617453e-05
1129 5.6381941805e-01 1.1940137742e-05
1130 5.6401561229e-01 8.6718495409e-06
1131 5.6420421529e-01 8.1893082411e-06
1132 5.6434614546e-01 6.9740507257e-06
1133 5.6439099848e-01 4.7333130445e-06
1134 5.6439631201e-01 4.4361848467e-06
1135 5.6438430564e-01 3.8825146983e-06
1136 5.6434743074e-01 3.6551644204e-06
1137 5.6425207506e-01 3.9002184507e-06
1138 5.6414001833e-01 4.4801078184e-06
1139 5.6392789617e-01 4.7898976092e-06
1140 5.6375830966e-01 5.2931335736e-06
1141 5.6345367512e-01 5.8423385125e-06
1142 5.6287395655e-01 9.2144666121e-06
1143 5.6255173979e-01 7.9206794940e-06
1144 5.6205869015e-01 8.6519889522e-06
1145 5.6183997959e-01 1.0074711324e-05
1146 5.6177684743e-01 7.9428213776e-06
1147 5.6180609887e-01 7.3806658336e-06
1148 5.6189286750e-01 7.2744766180e-06
1149 5.6195243675e-01 5.0038632622e-06
1150 5.6202667317e-01 5.0868005226e-06
1151 5.6206099543e-01 5.1443256968e-06
1152 5.6208874936e-01 3.8015587401e-06
1153 5.6209694572e-01 4.0172688317e-06
1154 5.6209326691e-01 4.6222721184e-06
1155 5.6206722264e-01 5.8001733912e-06
1156 5.6203530499e-01 5.7238506957e-06
1157 5.6197966657e-01 7.1503623967e-06
1158 5.6192127599e-01 1.1274002056e-05
1159 5.6193824004e-01 1.0204461239e-05
1160 5.6215694172e-01 1.1532989385e-05
1161 5.6260648529e-01 1.4098411050e-05
1162 5.6312602305e-01 1.1275063097e-05
1163 5.6401602187e-01 1.1282844900e-05
1164 5.6483162449e-01 1.1233831599e-05
1165 5.6540251749e-01 7.3452335571e-06
1166 5.6586581782e-01 7.1117534380e-06
1167 5.6614247485e-01 6.9083196987e-06
1168 5.6644825282e-01 6.7787912645e-06
1169 5.6659782288e-01 6.3054712120e-06
1170 5.6672490654e-01 6.4401127219e-06
1171 5.6678974544e-01 5.9639308874e-06
1172 5.6676650042e-01 7.1907278987e-06
1173 5.6663009193e-01 7.0055023843e-06
1174 5.6640392001e-01 8.8042529578e-06
1175 5.6612041238e-01 9.9168244676e-06
1176 5.6537918970e-01 9.8332918368e-06
1177 5.6456748227e-01 1.2454307938e-05
1178 5.6361110044e-01 1.4814624329e-05
1179 5.6259376324e-01 1.4468122567e-05
1180 5.6155101662e-01 1.5984367495e-05
1181 5.6034555417e-01 1.7549332263e-05
1182 5.5976341471e-01 1.4542104024e-05
1183 5.5930725385e-01 1.4664102008e-05
1184 5.5909765130e-01 1.1473351316e-05
1185 5.5906000059e-01 9.6689234524e-06
1186 5.5903123898e-01 7.4281887799e-06
1187 5.5901999545e-01 7.1508425822e-06
1188 5.5901767347e-01 5.1796987952e-06
1189 5.5900979573e-01 3.9117047460e-06
1190 5.5900092396e-01 3.7679865443e-06
1191 5.5899160284e-01 3.5214004652e-06
1192 5.5897421585e-01 3.1293106377e-06
1193 5.5895764443e-01 3.5040024347e-06
1194 5.5892776275e-01 3.5852190211e-06
1195 5.5889895914e-01 3.5760753526e-06
1196 5.5886313351e-01 3.8989997276e-06
1197 5.5879105856e-01 4.9242268491e-06
1198 5.5873417701e-01 6.1033412542e-06
1199 5.5865537324e-01 6.6763790359e-06
1200 5.5853264908e-01 7.6655199914e-06
1201 5.5850322572e-01 8.8061544535e-06
1202 5.5850595982e-01 8.2339423990e-06
1203 5.5865228271e-01 1.0146354882e-05
1204 5.5882719343e-01 9.4216373292e-06
1205 5.5915150238e-01 8.2662391802e-06
1206 5.5963260370e-01 9.5296033785e-06
1207 5.5986200227e-01 6.6082124917e-06
1208 5.6015691765e-01 6.4497058945e-06
1209 5.6042091822e-01 6.3748792105e-06
1210 5.6057986128e-01 5.9533196852e-06
1211 5.6077406172e-01 5.2885340647e-06
1212 5.6091735986e-01 5.1383896487e-06
1213 5.6097990351e-01 4.2139801797e-06
1214 5.6100362099e-01 4.1776693221e-06
1215 5.6099572418e-01 4.0848782717e-06
1216 5.6091676909e-01 5.4340469890e-06
1217 5.6082145272e-01 5.8303873609e-06
1218 5.6064428743e-01 5.6051025499e-06
1219 5.6037784152e-01 6.9173799242e-06
1220 5.6012547360e-01 8.2232379722e-06
1221 5.5968200527e-01 8.5532638080e-06
1222 5.5910728625e-01 9.1099751539e-06
1223 5.5876649522e-01 1.0425000842e-05
1224 5.5830445577e-01 8.8489911126e-06
1225 5.5791308203e-01 9.2065742034e-06
1226 5.5772101053e-01 8.3882734804e-06
1227 5.5759379220e-01 6.8390766552e-06
1228 5.5751486694e-01 6.2533741941e-06
1229 5.5745910438e-01 5.8282315421e-06
1230 5.5743457530e-01 5.0287429675e-06
1231 5.5742208543e-01 4.1759762147e-06
1232 5.5741155523e-01 3.8441408088e-06
1233 5.5740906219e-01 3.4591475622e-06
1234 5.5740660711e-01 2.7052205837e-06
1235 5.5740176728e-01 3.2968644232e-06
1236 5.5740099809e-01 2.5664849722e-06
1237 5.5739967240e-01 2.1109152304e-06
1238 5.5739540647e-01 2.1729957520e-06
1239 5.5739460212e-01 1.8186388354e-06
1240 5.5739197907e-01 2.0288238592e-06
1241 5.5738514804e-01 2.1712334255e-06
1242 5.5738130987e-01 2.3237090401e-06
1243 5.5737414676e-01 2.8706769416e-06
1244 5.5735800300e-01 2.9972516899e-06
1245 5.5734425028e-01 3.3758949002e-06
1246 5.5732443076e-01 4.2357839377e-06
1247 5.5729687455e-01 4.1847109000e-06
1248 5.5725807364e-01 5.4456720967e-06
1249 5.5720549060e-01 6.8526659352e-06
1250 5.5714511031e-01 6.2888176763e-06
1251 5.5705062226e-01 8.3366772493e-06
1252 5.5697085987e-01 9.3356993249e-06
1253 5.5689286773e-01 8.5993756386e-06
1254 5.5678413493e-01 1.0030200653e-05
1255 5.5671036334e-01 1.0429761346e-05
1256 5.5665643630e-01 9.3360233847e-06
1257 5.5659762938e-01 1.0604724574e-05
1258 5.5657489213e-01 9.3098206894e-06
1259 5.5656344340e-01 7.0614636210e-06
1260 5.5655263984e-01 6.9570723860e-06
1261 5.5655391936e-01 6.2545905242e-06
1262 5.5654983177e-01 4.4475136589e-06
1263 5.5654085022e-01 3.8625110025e-06
1264 5.5654084177e-01 2.8747740416e-06
1265 5.5653577072e-01 2.3342945725e-06
1266 5.5652436288e-01 2.4110181942e-06
1267 5.5651860769e-01 2.0343640987e-06
1268 5.5651002933e-01 1.8331928539e-06
1269 5.5649414096e-01 1.7560212475e-06
1270 5.5648493080e-01 1.7511429715e-06
1271 5.5646837995e-01 1.8579584280e-06
1272 5.5643992821e-01 2.0757104845e-06
1273 5.5641173344e-01 1.8764216818e-06
1274 5.5637398436e-01 2.4311582675e-06
1275 5.5632753733e-01 2.5152417634e-06
1276 5.5627956256e-01 2.5910490802e-06
1277 5.5619125442e-01 3.2755423373e-06
1278 5.5612072985e-01 3.5020239209e-06
1279 5.5599522455e-01 4.5779590709e-06
1280 5.5582294326e-01 6.1026776574e-06
1281 5.5566782389e-01 6.6619936364e-06
1282 5.5561755632e-01 8.2498173927e-06
1283 5.5582363055e-01 8.9384142195e-06
1284 5.5617761197e-01 8.0539683081e-06
1285 5.5700758271e-01 8.5936638472e-06
1286 5.5816898029e-01 9.3598732226e-06
1287 5.5916616706e-01 7.3588651728e-06
1288 5.6053098629e-01 7.1663346816e-06
1289 5.6144590426e-01 5.9471515285e-06
1290 5.6185763643e-01 4.5642713382e-06
1291 5.6239930518e-01 4.5291424994e-06
1292 5.6265222993e-01 3.1174442118e-06
1293 5.6279712091e-01 2.9835515441e-06
1294 5.6295055969e-01 3.4349729990e-06
1295 5.6303818148e-01 2.9719109598e-06
1296 5.6308917581e-01 3.1961683206e-06
1297 5.6309793642e-01 3.3515095467e-06
1298 5.6306689006e-01 4.3957269463e-06
1299 5.6297079064e-01 5.1060348326e-06
1300 5.6279323168e-01 5.7778704339e-06
1301 5.6254698143e-01 6.0478108575e-06
1302 5.6223789052e-01 7.1552957373e-06
1303 5.6183962177e-01 7.2364375203e-06
1304 5.6135526944e-01 7.3008222890e-06
1305 5.6062893161e-01 1.0981169889e-05
1306 5.5989043603e-01 9.9788563769e-06
1307 5.5858739900e-01 1.1586643968e-05
1308 5.5711945541e-01 1.5031175225e-05
1309 5.5604389708e-01 1.3437652874e-05
1310 5.5485558591e-01 1.3182908818e-05
1311 5.5393831529e-01 1.4582540874e-05
1312 5.5345988063e-01 1.0989519110e-05
1313 5.5309859771e-01 1.0397863126e-05
1314 5.5280869107e-01 1.0936911809e-05
1315 5.5269758790e-01 8.3271125012e-06
1316 5.5262697034e-01 7.8133489203e-06
1317 5.5258578384e-01 8.6219345125e-06
1318 5.5257525553e-01 6.9366641904e-06
1319 5.5258006850e-01 6.2851527141e-06
1320 5.5259908987e-01 5.1761119071e-06
1321 5.5260823065e-01 4.3979659927e-06
1322 5.5262134897e-01 3.8988072237e-06
1323 5.5263361199e-01 3.7208480987e-06
1324 5.5263931634e-01 3.1723775136e-06
1325 5.5264394843e-01 2.8073561381e-06
1326 5.5265086319e-01 2.9301926324e-06
1327 5.5265299638e-01 2.8468480654e-06
1328 5.5265439972e-01 2.4795208763e-06
1329 5.5265766297e-01 2.8551255422e-06
1330 5.5265673836e-01 3.0835094736e-06
1331 5.5265471746e-01 2.9316560863e-06
1332 5.5265527775e-01 3.0050188354e-06
1333 5.5265075247e-01 3.0841858950e-06
1334 5.5264620783e-01 3.1258801833e-06
1335 5.5264231671e-01 3.3728209899e-06
1336 5.5263120669e-01 3.8228242261e-06
1337 5.5262138504e-01 3.8849681849e-06
1338 5.5261075247e-01 4.7112118872e-06
1339 5.5258493162e-01 5.4658180737e-06
1340 5.5255788257e-01 6.6924070109e-06
1341 5.5251847248e-01 8.1359436271e-06
1342 5.5243392805e-01 8.7063156626e-06
1343 5.5238599841e-01 9.9467069094e-06
1344 5.5232451358e-01 1.0249356108e-05
1345 5.5225237739e-01 1.2063113649e-05
1346 5.5218310353e-01 1.3708868346e-05
1347 5.5213218481e-01 1.4455691887e-05
1348 5.5210775638e-01 1.6926763096e-05
1349 5.5214212581e-01 1.6814881380e-05
1350 5.5224855062e-01 1.5454183331e-05
1351 5.5240344250e-01 1.6125286425e-05
1352 5.5256801353e-01 1.4639098629e-05
1353 5.5272204345e-01 1.1499943415e-05
1354 5.5283797513e-01 1.1548164866e-05
1355 5.5297947870e-01 1.1478966852e-05
1356 5.5308637859e-01 8.6306403312e-06
1357 5.5317524553e-01 9.1064263261e-06
1358 5.5323400200e-01 7.3539979495e-06
1359 5.5327135254e-01 6.5894848546e-06
1360 5.5330706055e-01 7.0621628300e-06
1361 5.5332329493e-01 5.2164299571e-06
1362 5.5332793062e-01 4.5900264340e-06
1363 5.5332291675e-01 4.4260244534e-06
1364 5.5330717329e-01 4.6229380144e-06
1365 5.5329225938e-01 3.1940387391e-06
1366 5.5326580490e-01 3.9797418267e-06
1367 5.5323972962e-01 2.7181235689e-06
1368 5.5321264245e-01 2.5597294432e-06
1369 5.5318047784e-01 2.5722191226e-06
1370 5.5313286692e-01 2.5670288133e-06
1371 5.5310124060e-01 2.2960469946e-06
1372 5.5303541874e-01 3.1172956236e-06
1373 5.5297008530e-01 2.6297955988e-06
1374 5.5288718739e-01 2.9847929924e-06
1375 5.5277997243e-01 3.6330951220e-06
1376 5.5262532686e-01 3.9117999130e-06
1377 5.5249945856e-01 3.8574721076e-06
1378 5.5233043340e-01 4.9995252197e-06
1379 5.5217155721e-01 4.4214661645e-06
1380 5.5207570840e-01 5.1800401597e-06
1381 5.5196209489e-01 4.5362746306e-06
1382 5.5192406466e-01 5.3973999154e-06
1383 5.5192087136e-01 4.5813872470e-06
1384 5.5198861559e-01 5.9216412089e-06
1385 5.5208541925e-01 4.3352419237e-06
1386 5.5221889100e-01 5.6448367167e-06
1387 5.5242882216e-01 4.1668698607e-06
1388 5.5260779879e-01 5.7300247172e-06
1389 5.5282181030e-01 3.7234938666e-06
1390 5.5304808131e-01 5.5054534885e-06
1391 5.5325310508e-01 3.5120252372e-06
1392 5.5345743653e-01 3.8922207991e-06
1393 5.5357076971e-01 3.2736207718e-06
1394 5.5369472212e-01 3.9472157432e-06
1395 5.5380350077e-01 2.9404159333e-06
1396 5.5392994467e-01 5.3039969917e-06
1397 5.5401731851e-01 2.9430071760e-06
1398 5.5407837137e-01 4.3300349091e-06
1399 5.5412018262e-01 3.7420759684e-06
1400 5.5416313767e-01 4.0911407281e-06
1401 5.5416995847e-01 4.4889187343e-06
1402 5.5415878231e-01 4.5600669502e-06
1403 5.5414222611e-01 4.4960608287e-06
1404 5.5402943398e-01 7.4876209806e-06
1405 5.5392684403e-01 6.0165387230e-06
1406 5.5365557748e-01 1.0502304611e-05
1407 5.5342630408e-01 6.7942480661e-06
1408 5.5314943315e-01 1.0157279746e-05
1409 5.5290847814e-01 8.3906974869e-06
1410 5.5249187028e-01 1.2069644771e-05
1411 5.5221333659e-01 1.0355914954e-05
1412 5.5156439371e-01 1.4597655560e-05
1413 5.5126259244e-01 1.1747086512e-05
1414 5.5090174524e-01 1.5397331808e-05
1415 5.5072744279e-01 9.6762063845e-06
1416 5.5068604825e-01 1.3237983119e-05
1417 5.5065530986e-01 9.0643984764e-06
1418 5.5066601888e-01 1.2679499438e-05
1419 5.5075576172e-01 9.7978786305e-06
1420 5.5081591051e-01 8.1942008901e-06
1421 5.5086454619e-01 7.9385700777e-06
1422 5.5090921166e-01 5.1586011116e-06
1423 5.5093351007e-01 6.0629635806e-06
1424 5.5095994576e-01 4.1466672447e-06
1425 5.5096793834e-01 4.2776380377e-06
1426 5.5097634637e-01 4.2107396578e-06
1427 5.5097361140e-01 4.9005829933e-06
1428 5.5096607590e-01 3.2499638435e-06
1429 5.5095941829e-01 4.4983460742e-06
1430 5.5094273792e-01 2.4294180062e-06
1431 5.5091601640e-01 3.6954757610e-06
1432 5.5089921796e-01 1.9939375937e-06
1433 5.5087649236e-01 3.0564959809e-06
1434 5.5084401435e-01 1.9566900138e-06
1435 5.5080138188e-01 2.8828467856e-06
1436 5.5075859896e-01 1.8075602284e-06
1437 5.5070507220e-01 2.3533067070e-06
1438 5.5066847322e-01 1.6169607954e-06
1439 5.5060590184e-01 2.3021317794e-06
1440 5.5056986044e-01 1.6413372046e-06
1441 5.5049879735e-01 2.2397090616e-06
1442 5.5043096261e-01 1.6459354524e-06
1443 5.5034268205e-01 2.7881539896e-06
1444 5.5020975264e-01 2.0558271757e-06
1445 5.5007782300e-01 3.6061723539e-06
1446 5.4988397430e-01 2.3409350904e-06
1447 5.4964566716e-01 4.2616905086e-06
1448 5.4942019708e-01 2.8340631349e-06
1449 5.4900337557e-01 4.4909426205e-06
1450 5.4876981321e-01 4.0118961965e-06
1451 5.4822649572e-01 5.3442151479e-06
1452 5.4785851792e-01 5.0519924850e-06
1453 5.4743842776e-01 4.9863766393e-06
1454 5.4701341476e-01 6.1910540167e-06
1455 5.4679091937e-01 5.8746902452e-06
1456 5.4668607144e-01 6.9012780305e-06
1457 5.4676342860e-01 5.6054652347e-06
1458 5.4719973999e-01 7.4962571286e-06
1459 5.4760616958e-01 5.2081311799e-06
1460 5.4819234156e-01 5.9950508278e-06
1461 5.4885986465e-01 5.6412733068e-06
1462 5.4945047942e-01 4.7674891428e-06
1463 5.5025482697e-01 5.3718160379e-06
1464 5.5069778506e-01 4.0321867635e-06
1465 5.5131660454e-01 5.3659911220e-06
1466 5.5189379510e-01 3.8992885044e-06
1467 5.5237222020e-01 3.9266204166e-06
1468 5.5280621763e-01 3.2554254791e-06
1469 5.5312859002e-01 2.9789290422e-06
1470 5.5341896432e-01 2.9834706819e-06
1471 5.5356273831e-01 2.5493079725e-06
1472 5.5380195324e-01 2.4438034160e-06
1473 5.5389117671e-01 2.3317021438e-06
1474 5.5398444090e-01 2.0305422525e-06
1475 5.5411444150e-01 2.8575306056e-06
1476 5.5416576565e-01 2.0870445006e-06
1477 5.5424633355e-01 2.3666388504e-06
1478 5.5426905591e-01 1.9060484682e-06
1479 5.5427817408e-01 1.6754686902e-06
1480 5.5426916375e-01 1.9533857235e-06
1481 5.5424461971e-01 1.8272649622e-06
1482 5.5419259089e-01 1.8849201325e-06
1483 5.5413190978e-01 2.1504709970e-06
1484 5.5402776749e-01 2.2474942048e-06
1485 5.5389493210e-01 2.4404767601e-06
1486 5.5372747187e-01 2.5215509760e-06
1487 5.5357082873e-01 2.1866556411e-06
1488 5.5346556320e-01 2.3458130431e-06
1489 5.5319363424e-01 2.7535928111e-06
1490 5.5296424670e-01 2.5454272068e-06
1491 5.5267423711e-01 3.2205245117e-06
1492 5.5214242938e-01 3.8962402603e-06
1493 5.5177137696e-01 3.9041860292e-06
1494 5.5111794405e-01 4.3653121463e-06
1495 5.5035230558e-01 5.0716959865e-06
1496 5.4985462917e-01 4.3274271122e-06
1497 5.4903598429e-01 5.5360030596e-06
1498 5.4862031985e-01 4.7699065394e-06
1499 5.4784929377e-01 5.0952652598e-06
1500 5.4735845810e-01 4.9064025303e-06
1501 5.4704039249e-01 4.6593086420e-06
1502 5.4672693197e-01 4.3405091612e-06
1503 5.4642024439e-01 6.0385136785e-06
1504 5.4619303250e-01 4.8536315697e-06
1505 5.4610164633e-01 3.8232312752e-06
1506 5.4607783749e-01 3.7356330715e-06
1507 5.4606742178e-01 3.0514586925e-06
1508 5.4606658180e-01 3.2798542276e-06
1509 5.4607409360e-01 2.6867436344e-06
1510 5.4608478591e-01 2.2046764609e-06
1511 5.4609047742e-01 2.2476819161e-06
1512 5.4609426809e-01 1.8679122010e-06
1513 5.4609414992e-01 1.9083222405e-06
1514 5.4609065884e-01 1.7058738493e-06
1515 5.4608213442e-01 1.5704972207e-06
1516 5.4607482631e-01 1.3809881483e-06
1517 5.4605712406e-01 1.4472316485e-06
1518 5.4604312781e-01 1.4706117659e-06
1519 5.4601782374e-01 1.4953363756e-06
1520 5.4598520684e-01 1.6723930980e-06
1521 5.4596023055e-01 1.4345861750e-06
1522 5.4592334585e-01 1.4331956652e-06
1523 5.4588233892e-01 1.7571826869e-06
1524 5.4583576747e-01 1.8325756033e-06
1525 5.4576547294e-01 1.6494114399e-06
1526 5.4572182101e-01 1.6660700243e-06
1527 5.4565179240e-01 1.7355497935e-06
1528 5.4557952075e-01 1.7937401183e-06
1529 5.4551809467e-01 2.1007452714e-06
1530 5.4538861521e-01 2.7841720196e-06
1531 5.4527706117e-01 2.7078074846e-06
1532 5.4517001772e-01 2.6999117493e-06
1533 5.4502026174e-01 2.7240425940e-06
1534 5.4492716046e-01 3.0393667685e-06
1535 5.4483021111e-01 3.5070014789e-06
1536 5.4475102110e-01 3.7407063712e-06
1537 5.4473136022e-01 3.3335166289e-06
1538 5.4476713433e-01 3.2494289677e-06
1539 5.4481589656e-01 3.0739424149e-06
1540 5.4488042668e-01 3.2557364215e-06
1541 5.4501778508e-01 3.3738179672e-06
1542 5.4516669947e-01 3.3301081271e-06
1543 5.4536125134e-01 3.1175542802e-06
1544 5.4554839620e-01 2.8876350324e-06
1545 5.4577700744e-01 3.1192595367e-06
1546 5.4603025397e-01 3.2062149533e-06
1547 5.4626043366e-01 3.1427412942e-06
1548 5.4655440373e-01 3.1284857560e-06
1549 5.4683046178e-01 2.9343355156e-06
1550 5.4712813134e-01 3.4584400422e-06
1551 5.4759734206e-01 2.7844116772e-06
1552 5.4786337361e-01 2.8831824685e-06
1553 5.4814393042e-01 2.1678540082e-06
1554 5.4836027575e-01 2.2278068147e-06
1555 5.4846963910e-01 2.2412726256e-06
1556 5.4867490676e-01 2.1232974735e-06
1557 5.4882129248e-01 1.8706619500e-06
1558 5.4892344918e-01 2.0433585667e-06
1559 5.4909696773e-01 2.0737628973e-06
1560 5.4915850779e-01 1.8708898228e-06
1561 5.4923891759e-01 1.7049784828e-06
1562 5.4933736717e-01 1.9045345907e-06
1563 5.4939444709e-01 2.0392096294e-06
1564 5.4945804602e-01 1.8921706839e-06
1565 5.4950543276e-01 2.4326337764e-06
1566 5.4954616193e-01 2.4728923948e-06
1567 5.4963514622e-01 2.6813067012e-06
1568 5.4969397834e-01 3.1251212185e-06
1569 5.4971732109e-01 2.3797985230e-06
1570 5.4972833662e-01 2.3717314477e-06
1571 5.4972566878e-01 2.6108759049e-06
1572 5.4969627253e-01 3.0915636710e-06
1573 5.4953700194e-01 7.0272024067e-06
1574 5.4942356256e-01 6.5608216456e-06
1575 5.4926289465e-01 5.5845105558e-06
1576 5.4911187968e-01 6.7826152839e-06
1577 5.4897211384e-01 5.9803349757e-06
1578 5.4846694231e-01 9.8622244533e-06
1579 5.4794277804e-01 1.1474093701e-05
1580 5.4749174461e-01 1.2902354895e-05
1581 5.4700992008e-01 1.1187729824e-05
1582 5.4679395690e-01 1.0320367087e-05
1583 5.4650879015e-01 1.0260571964e-05
1584 5.4625148395e-01 1.1383178364e-05
1585 5.4611939712e-01 1.1719264573e-05
1586 5.4609428447e-01 1.2484636729e-05
1587 5.4631046367e-01 1.8947120908e-05
1588 5.4670194394e-01 1.3339800907e-05
1589 5.4720088374e-01 9.1013951051e-06
1590 5.4753478655e-01 8.2496843633e-06
1591 5.4789013206e-01 7.7230720918e-06
1592 5.4825082552e-01 7.6466627005e-06
1593 5.4862012439e-01 8.8486721429e-06
1594 5.4896937104e-01 6.4943937166e-06
1595 5.4917333849e-01 6.0648832717e-06
1596 5.4938026416e-01 5.1834285159e-06
1597 5.4954782131e-01 4.5605347920e-06
1598 5.4964548851e-01 4.3863921103e-06
1599 5.4982352753e-01 3.6314265074e-06
1600 5.4996279229e-01 4.1803827364e-06
1601 5.5007422363e-01 4.2651527293e-06
1602 5.5015929741e-01 2.6811056060e-06
1603 5.5020396161e-01 3.0998193895e-06
1604 5.5025429864e-01 2.4679526362e-06
1605 5.5029279499e-01 2.0528172399e-06
1606 5.5031121692e-01 2.0852183449e-06
1607 5.5033548334e-01 1.9506514618e-06
1608 5.5036448343e-01 2.1228199852e-06
1609 5.5037801293e-01 1.9424259488e-06
1610 5.5038611406e-01 1.4863790010e-06
1611 5.5038942778e-01 1.4434643317e-06
1612 5.5039017778e-01 1.6209113003e-06
1613 5.5038852444e-01 1.4485797998e-06
1614 5.5038558151e-01 1.3225792686e-06
1615 5.5038241734e-01 1.2404702903e-06
1616 5.5037412369e-01 1.4230378619e-06
1617 5.5036464800e-01 1.4196134265e-06
1618 5.5035277804e-01 1.4449715644e-06
1619 5.5034003300e-01 1.2522032229e-06
1620 5.5032764862e-01 1.3684968603e-06
1621 5.5029612929e-01 1.4507078359e-06
1622 5.5025494632e-01 1.3976512835e-06
1623 5.5022604067e-01 1.5160819345e-06
1624 5.5017448478e-01 1.9425976133e-06
1625 5.5009846402e-01 2.2296374449e-06
1626 5.5001825498e-01 2.3292082709e-06
1627 5.4994135000e-01 2.5082741704e-06
1628 5.4986821978e-01 2.2649592522e-06
1629 5.4979884410e-01 2.4645075439e-06
1630 5.4962791490e-01 3.0124413698e-06
1631 5.4942118632e-01 2.9187530824e-06
1632 5.4920487868e-01 3.3397617290e-06
1633 5.4890822487e-01 4.3399774725e-06
1634 5.4859751836e-01 4.4462091776e-06
1635 5.4809156828e-01 5.7333728084e-06
1636 5.4764626623e-01 4.9235449603e-06
1637 5.4728388409e-01 4.1867710867e-06
1638 5.4697094366e-01 4.7496659476e-06
1639 5.4657513415e-01 5.1715142982e-06
1640 5.4620401997e-01 5.0007981661e-06
1641 5.4556458327e-01 6.4132851430e-06
1642 5.4473239788e-01 7.4617343605e-06
1643 5.4368445483e-01 8.5457912500e-06
1644 5.4202587561e-01 9.5951437375e-06
1645 5.4083636466e-01 7.8789392929e-06
1646 5.3972843513e-01 8.4663183170e-06
1647 5.3889644383e-01 8.6393348858e-06
1648 5.3822360033e-01 9.1749483561e-06
1649 5.3712834400e-01 1.0083061667e-05
1650 5.3620273718e-01 1.1782077341e-05
1651 5.3523473780e-01 1.0958792754e-05
1652 5.3463623130e-01 8.2805632419e-06
1653 5.3442707819e-01 6.9173342208e-06
1654 5.3428106232e-01 6.4832498283e-06
1655 5.3415956748e-01 6.5525605509e-06
1656 5.3410191112e-01 6.5069470530e-06
1657 5.3407159501e-01 6.1648488017e-06
1658 5.3406533354e-01 7.2084890419e-06
1659 5.3408975701e-01 7.9671774857e-06
1660 5.3421204406e-01 8.7839382496e-06
1661 5.3440330214e-01 7.8173450823e-06
1662 5.3457431358e-01 5.9696289428e-06
1663 5.3481784289e-01 5.7380298761e-06
1664 5.3499165261e-01 5.2432783665e-06
1665 5.3513628932e-01 4.4760106609e-06
1666 5.3529266885e-01 4.7108183058e-06
1667 5.3541058088e-01 4.4722910303e-06
1668 5.3551986815e-01 4.4911633837e-06
1669 5.3564825635e-01 4.3756968577e-06
1670 5.3573839770e-01 4.8317530374e-06
1671 5.3589265844e-01 4.0930003259e-06
1672 5.3603583579e-01 3.1801433349e-06
1673 5.3613566557e-01 3.3007525206e-06
1674 5.3623075910e-01 2.5115993769e-06
1675 5.3630754156e-01 2.9208408004e-06
1676 5.3636302277e-01 2.3738938784e-06
1677 5.3639979283e-01 2.4043547541e-06
1678 5.3643045267e-01 2.2735336756e-06
1679 5.3646734884e-01 2.3604715421e-06
1680 5.3649655292e-01 2.0857404411e-06
1681 5.3652751817e-01 1.8857322187e-06
1682 5.3655901103e-01 2.0548791498e-06
1683 5.3659278663e-01 1.7360147622e-06
1684 5.3661758367e-01 1.5321423720e-06
1685 5.3663473580e-01 1.5999471846e-06
1686 5.3664571193e-01 1.5600960071e-06
1687 5.3666323575e-01 1.6329150225e-06
1688 5.3667539872e-01 1.8328178586e-06
1689 5.3668696346e-01 1.5150399650e-06
1690 5.3669786850e-01 1.4108469496e-06
1691 5.3670872077e-01 1.5803034135e-06
1692 5.3671765631e-01 1.3117042601e-06
1693 5.3672985018e-01 1.5287272083e-06
1694 5.3673644999e-01 1.1662772514e-06
1695 5.3673902875e-01 1.0853325358e-06
1696 5.3674171773e-01 1.2154615590e-06
1697 5.3674321547e-01 1.3945541635e-06
1698 5.3674505445e-01 1.4247102406e-06
1699 5.3674612997e-01 1.6901962888e-06
1700 5.3674619371e-01 1.5066973102e-06
1701 5.3674482571e-01 1.6066959263e-06
1702 5.3674199414e-01 1.6959416142e-06
1703 5.3673835035e-01 1.6958637794e-06
1704 5.3673216232e-01 1.7184194741e-06
1705 5.3672408819e-01 1.8858288505e-06
1706 5.3671710759e-01 2.3321104319e-06
1707 5.3670428649e-01 2.2605831076e-06
1708 5.3669247602e-01 2.7485340140e-06
1709 5.3667821974e-01 2.7884694764e-06
1710 5.3665527115e-01 3.0537082733e-06
1711 5.3662929822e-01 3.0522550076e-06
1712 5.3659560907e-01 3.2438937795e-06
1713 5.3655141242e-01 3.3882092557e-06
1714 5.3652491612e-01 3.1401978425e-06
1715 5.3649608869e-01 3.0302515181e-06
1716 5.3646538652e-01 3.2025727647e-06
1717 5.3643829923e-01 4.0430027535e-06
1718 5.3635882322e-01 4.3102573095e-06
1719 5.3627976246e-01 5.4033779044e-06
1720 5.3621097898e-01 5.6124814440e-06
1721 5.3602178800e-01 9.0968939243e-06
1722 5.3590180134e-01 5.0805921205e-06
1723 5.3578216634e-01 5.1730539137e-06
1724 5.3570878093e-01 4.2523083002e-06
1725 5.3563498829e-01 5.0800765461e-06
1726 5.3554411065e-01 4.2694379004e-06
1727 5.3547241453e-01 4.7258013901e-06
1728 5.3541538911e-01 4.8898505631e-06
1729 5.3528687273e-01 5.9543094075e-06
1730 5.3520204217e-01 6.1501657691e-06
1731 5.3509973993e-01 5.9086025801e-06
1732 5.3499939146e-01 4.7485835156e-06
1733 5.3491372179e-01 5.3156367875e-06
1734 5.3482287008e-01 3.7997728027e-06
1735 5.3475062164e-01 3.5653866855e-06
1736 5.3470447365e-01 2.9431817489e-06
1737 5.3465446368e-01 2.5812924099e-06
1738 5.3462928887e-01 2.1346563501e-06
1739 5.3461157644e-01 2.6329311807e-06
1740 5.3458972369e-01 2.0969193171e-06
1741 5.3456890584e-01 2.6290828349e-06
1742 5.3455466652e-01 2.1915180149e-06
1743 5.3452911512e-01 2.4767928937e-06
1744 5.3451068552e-01 1.8274042000e-06
1745 5.3448852253e-01 2.1459579195e-06
1746 5.3446804443e-01 1.3119635080e-06
1747 5.3445107336e-01 1.9186736059e-06
1748 5.3443812841e-01 9.5060452213e-07
1749 5.3442957707e-01 1.0948912012e-06
1750 5.3442030178e-01 9.0930248519e-07
1751 5.3440615597e-01 1.1605907344e-06
1752 5.3439655165e-01 8.1899883805e-07
1753 5.3438935454e-01 1.1043554555e-06
1754 5.3438021028e-01 8.3309851719e-07
1755 5.3437547951e-01 1.1757119337e-06
1756 5.3436667239e-01 7.9088272074e-07
1757 5.3435671295e-01 1.2167653811e-06
1758 5.3432993931e-01 7.8177156795e-07
1759 5.3430856808e-01 1.0476681377e-06
1760 5.3428200705e-01 8.1446458940e-07
1761 5.3425671545e-01 1.0193201050e-06
1762 5.3423652996e-01 7.9301413196e-07
1763 5.3422224054e-01 9.6635621305e-07
1764 5.3420439925e-01 8.3841692196e-07
1765 5.3419041019e-01 1.3514117080e-06
1766 5.3416913593e-01 1.0307653701e-06
1767 5.3414288099e-01 1.5363841358e-06
1768 5.3411207261e-01 1.2624812342e-06
1769 5.3404265204e-01 1.6482379306e-06
1770 5.3398181502e-01 1.5962436059e-06
1771 5.3387614578e-01 2.5069734887e-06
1772 5.3370258079e-01 2.0942111223e-06
1773 5.3357858492e-01 2.7612213314e-06
1774 5.3331855730e-01 2.5813699030e-06
1775 5.3320758332e-01 2.1672813714e-06
1776 5.3303067552e-01 2.8375119458e-06
1777 5.3290024266e-01 2.3470677030e-06
1778 5.3267984414e-01 3.8207899651e-06
1779 5.3250544577e-01 2.6652970205e-06
1780 5.3228741908e-01 4.4110121379e-06
1781 5.3204017736e-01 2.8894099012e-06
1782 5.3169568422e-01 4.2566286629e-06
1783 5.3135307797e-01 3.1079501499e-06
1784 5.3112382495e-01 3.6345879951e-06
1785 5.3072576658e-01 2.9332039211e-06
1786 5.3051524823e-01 4.0676558803e-06
1787 5.3015781760e-01 3.3705814402e-06
1788 5.2994283407e-01 4.4239727474e-06
1789 5.2967628471e-01 3.1116017982e-06
1790 5.2948419819e-01 7.2238427919e-06
1791 5.2937148761e-01 4.3083762378e-06
1792 5.2931420868e-01 7.7901674749e-06
1793 5.2933069244e-01 3.1666309512e-06
1794 5.2936259671e-01 3.9574351981e-06
1795 5.2939643634e-01 2.7513393038e-06
1796 5.2943634556e-01 2.9670672802e-06
1797 5.2948499540e-01 2.4672851010e-06
1798 5.2954330433e-01 2.9659643956e-06
1799 5.2961179821e-01 2.2604290801e-06
1800 5.2967215148e-01 3.6491065277e-06
1801 5.2979778352e-01 2.7633298015e-06
1802 5.2990884653e-01 4.2060926382e-06
1803 5.3000466995e-01 2.1476486071e-06
1804 5.3009508778e-01 3.7068763935e-06
1805 5.3015840090e-01 2.3320109932e-06
1806 5.3025275838e-01 2.4351484532e-06
1807 5.3030126845e-01 1.7913017302e-06
1808 5.3036172130e-01 1.7831765866e-06
1809 5.3042845408e-01 1.5691766750e-06
1810 5.3046467689e-01 1.3508246449e-06
1811 5.3051388545e-01 1.7820753391e-06
1812 5.3055175734e-01 1.2888290775e-06
1813 5.3057978239e-01 1.5558894445e-06
1814 5.3061350631e-01 1.4257067992e-06
1815 5.3063223435e-01 1.0665349601e-06
1816 5.3064738590e-01 1.1629149831e-06
1817 5.3065502237e-01 7.7582449206e-07
1818 5.3066237404e-01 9.2611065591e-07
1819 5.3066904879e-01 5.9385569737e-07
1820 5.3067248182e-01 6.0891483663e-07
1821 5.3067544095e-01 6.0208213454e-07
1822 5.3067783376e-01 5.6297376740e-07
1823 5.3067981887e-01 6.2945852372e-07
1824 5.3068080208e-01 5.3654822662e-07
1825 5.3068158897e-01 8.9882868529e-07
1826 5.3068204360e-01 5.3633445322e-07
1827 5.3068153510e-01 8.0066737363e-07
1828 5.3068063782e-01 5.3914847153e-07
1829 5.3067897669e-01 6.0269026154e-07
1830 5.3067700295e-01 6.3849811204e-07
1831 5.3067477535e-01 4.3561670655e-07
1832 5.3067072842e-01 6.2900997409e-07
1833 5.3066602970e-01 3.7703861710e-07
1834 5.3066274549e-01 4.0553202177e-07
1835 5.3065765967e-01 3.6417903587e-07
1836 5.3065255890e-01 3.9239320775e-07
1837 5.3064786871e-01 3.8143111567e-07
1838 5.3064408332e-01 3.4060958000e-07
1839 5.3063893313e-01 4.3893110876e-07
1840 5.3063359028e-01 4.0966459962e-07
1841 5.3062458868e-01 4.4634997777e-07
1842 5.3061484755e-01 5.2083798590e-07
1843 5.3060748998e-01 4.4197053300e-07
1844 5.3059557499e-01 5.9581893112e-07
1845 5.3058165504e-01 5.7573780762e-07
1846 5.3056806852e-01 4.7242837754e-07
1847 5.3054473345e-01 5.8213113659e-07
1848 5.3052435413e-01 5.3736988481e-07
1849 5.3048697175e-01 5.9537982681e-07
1850 5.3046412241e-01 4.7414310710e-07
1851 5.3044649348e-01 5.4127074317e-07
1852 5.3041037297e-01 7.4643746789e-07
1853 5.3037242825e-01 6.1020832031e-07
1854 5.3035312208e-01 6.3482024877e-07
1855 5.3033434514e-01 6.2218060116e-07
1856 5.3031395710e-01 7.7287466649e-07
1857 5.3027310701e-01 9.7881387966e-07
1858 5.3022334010e-01 7.6764711356e-07
1859 5.3018874201e-01 8.1646117222e-07
1860 5.3012724940e-01 1.1968894826e-06
1861 5.3003270753e-01 1.3504661267e-06
1862 5.2990309053e-01 1.8243625365e-06
1863 5.2976356385e-01 1.0606461894e-06
1864 5.2964338504e-01 1.0674835306e-06
1865 5.2958680020e-01 1.0851354976e-06
1866 5.2952408923e-01 1.1530343963e-06
1867 5.2943103649e-01 1.4401806544e-06
1868 5.2934894414e-01 1.3908189316e-06
1869 5.2928268264e-01 1.6357238025e-06
1870 5.2926713083e-01 1.7274496321e-06
1871 5.2926937997e-01 1.8784272764e-06
1872 5.2928817821e-01 2.4268345761e-06
1873 5.2931744959e-01 2.1102414754e-06
1874 5.2940802027e-01 2.0875978067e-06
1875 5.2960705856e-01 2.4220625707e-06
1876 5.2981493236e-01 2.1088577937e-06
1877 5.3028629464e-01 2.2348346631e-06
1878 5.3088371902e-01 2.2065272857e-06
1879 5.3170595716e-01 1.8906106981e-06
1880 5.3445646826e-01 2.6835299138e-06
1881 5.3625329665e-01 2.2787843064e-06
1882 5.3758463911e-01 1.6066526074e-06
1883 5.3801943839e-01 1.6635202473e-06
1884 5.3870387212e-01 2.0742799018e-06
1885 5.4060663659e-01 2.9334974249e-06
1886 5.4218516024e-01 2.4788683391e-06
1887 5.4316739750e-01 1.6921744385e-06
1888 5.4340202728e-01 1.3540529747e-06
1889 5.4355615517e-01 1.1111622949e-06
1890 5.4392575091e-01 9.9435850614e-07
1891 5.4439674567e-01 1.2038290148e-06
1892 5.4482404847e-01 1.0886881964e-06
1893 5.4511562782e-01 9.8904912074e-07
1894 5.4522768432e-01 8.9324205876e-07
1895 5.4538348359e-01 7.8834466072e-07
1896 5.4581247572e-01 1.0711432577e-06
1897 5.4626758334e-01 1.2453295242e-06
1898 5.4685921752e-01 1.2688999494e-06
1899 5.4701359687e-01 9.6507314482e-07
1900 5.4705645339e-01 8.7539833911e-07
1901 5.4707536040e-01 7.3955475907e-07
1902 5.4707760425e-01 7.2113194645e-07
1903 5.4704937444e-01 9.0698798944e-07
1904 5.4691744998e-01 9.2616700079e-07
1905 5.4682277834e-01 6.8995265827e-07
1906 5.4676298420e-01 7.4477403271e-07
1907 5.4672083985e-01 7.1785636776e-07
1908 5.4667216022e-01 5.8280565039e-07
1909 5.4655149659e-01 7.7875956775e-07
1910 5.4637553707e-01 8.2779381035e-07
1911 5.4614380987e-01 1.0619407574e-06
1912 5.4591637380e-01 1.3241448011e-06
1913 5.4581949846e-01 8.9498868032e-07
1914 5.4570088286e-01 7.0183932946e-07
1915 5.4559132203e-01 7.0851090093e-07
1916 5.4540079968e-01 7.4701858045e-07
1917 5.4485226427e-01 1.5093943636e-06
1918 5.4453071268e-01 1.3375671685e-06
1919 5.4429122175e-01 7.8361047270e-07
1920 5.4417130606e-01 6.1070611800e-07
1921 5.4397655029e-01 7.0556035691e-07
1922 5.4340223456e-01 8.2794741761e-07
1923 5.4266760674e-01 1.3602201307e-06
1924 5.4207456653e-01 1.4476425989e-06
1925 5.4180172045e-01 1.1166518106e-06
1926 5.4162846770e-01 9.5453990042e-07
1927 5.4123538613e-01 1.1057529738e-06
1928 5.4012509916e-01 1.6738719343e-06
1929 5.3878653148e-01 2.3595483178e-06
1930 5.3806756468e-01 1.7185899350e-06
1931 5.3775896618e-01 1.3939843789e-06
1932 5.3734741517e-01 1.2291528692e-06
1933 5.3613947623e-01 1.4581645426e-06
1934 5.3445319760e-01 1.5439366885e-06
1935 5.3303358250e-01 2.1806413533e-06
1936 5.3252229544e-01 1.7743814970e-06
1937 5.3221718764e-01 1.4011702038e-06
1938 5.3146933781e-01 1.6248599787e-06
1939 5.3053028161e-01 3.0160117111e-06
1940 5.3024781161e-01 4.4074013414e-06
1941 5.3033311387e-01 1.9467342646e-06
1942 5.3036689075e-01 1.1097765020e-06
1943 5.3038735633e-01 1.0255282192e-06
1944 5.3041929946e-01 9.7018710914e-07
1945 5.3051364059e-01 1.3088704762e-06
1946 5.3084314366e-01 1.8559113687e-06
1947 5.3117385619e-01 1.5310714833e-06
1948 5.3126780173e-01 8.0401001168e-07
1949 5.3131734167e-01 6.0543221896e-07
1950 5.3134037377e-01 5.8996943616e-07
1951 5.3140339222e-01 7.9973644722e-07
1952 5.3159098751e-01 1.3055914639e-06
1953 5.3176777485e-01 2.1155672001e-06
1954 5.3190027336e-01 1.0188670438e-06
1955 5.3194296790e-01 4.4738983681e-07
1956 5.3195487283e-01 3.8285719036e-07
1957 5.3196754737e-01 3.8060602216e-07
1958 5.3199546969e-01 6.8161995326e-07
1959 5.3204281744e-01 9.4174898868e-07
1960 5.3208050058e-01 4.5694373300e-07
1961 5.3208967034e-01 3.9546176732e-07
1962 5.3209322804e-01 3.7238539351e-07
1963 5.3209517450e-01 5.4829356467e-07
1964 5.3209573479e-01 9.8672930023e-07
1965 5.3209505484e-01 9.9400912453e-07
1966 5.3209367457e-01 8.7468168363e-07
1967 5.3209116026e-01 1.0605183862e-06
1968 5.3208649924e-01 8.8518683716e-07
1969 5.3208008824e-01 6.6715551194e-07
1970 5.3206929493e-01 5.9502266979e-07
1971 5.3206035064e-01 8.6475833174e-07
1972 5.3204310367e-01 1.0269386681e-06
1973 5.3199766757e-01 1.5896315456e-06
1974 5.3193484387e-01 1.0843291881e-06
1975 5.3190741016e-01 9.0505714894e-07
1976 5.3188465812e-01 1.0218708668e-06
1977 5.3186609124e-01 8.7722433326e-07
1978 5.3183552190e-01 7.3406983533e-07
1979 5.3180327240e-01 1.0689675264e-06
1980 5.3177354243e-01 1.3315112578e-06
1981 5.3168879563e-01 1.7709502760e-06
1982 5.3151712441e-01 1.5256794828e-06
1983 5.3144366367e-01 1.0220189517e-06
1984 5.3138777205e-01 1.2967688299e-06
1985 5.3131216354e-01 1.5294209086e-06
1986 5.3115238513e-01 1.9153955350e-06
1987 5.3081000631e-01 2.5332614489e-06
1988 5.3043724824e-01 3.6953787247e-06
1989 5.3011392888e-01 3.7171952470e-06
1990 5.2959828927e-01 3.1043660189e-06
1991 5.2935283209e-01 2.1798536423e-06
1992 5.2924918586e-01 1.8316067164e-06
1993 5.2916986839e-01 2.1594346073e-06
1994 5.2908803228e-01 1.9265840576e-06
1995 5.2892563894e-01 2.2078322471e-06
1996 5.2868043159e-01 2.9584951256e-06
1997 5.2842011228e-01 4.3161524763e-06
1998 5.2769287160e-01 5.5327282995e-06
1999 5.2672241883e-01 5.4080797166e-06
