iter rel_error rel_residual
0 2.8887728327e+00 8.4635721776e-02
1 2.9522811318e+00 3.4201842455e-02
2 2.3592202025e+00 3.7474163408e-02
3 2.0085004103e+00 1.4132783536e-02
4 1.9358364904e+00 1.5254190868e-02
5 1.7242851756e+00 1.2016429100e-02
6 1.6695092424e+00 6.4706151620e-03
7 1.5506162379e+00 4.0887807652e-03
8 1.4984780187e+00 7.6984956438e-03
9 1.4016522987e+00 5.9273632602e-03
10 1.3885830872e+00 2.8817633127e-03
11 1.3197069504e+00 3.9545734622e-03
12 1.2869939219e+00 3.7465677249e-03
13 1.2558069605e+00 2.2372682849e-03
14 1.2353646547e+00 2.8600980757e-03
15 1.2221304249e+00 2.7341414806e-03
16 1.1915013550e+00 1.6565735136e-03
17 1.1791123769e+00 2.1377010205e-03
18 1.1642594717e+00 2.2027883597e-03
19 1.1393595376e+00 1.3755951826e-03
20 1.1321846481e+00 1.6686642466e-03
21 1.1185206993e+00 1.8007782733e-03
22 1.1047798661e+00 1.0910298094e-03
23 1.0985161979e+00 1.2896825812e-03
24 1.0851365485e+00 1.6130808784e-03
25 1.0735698916e+00 9.3916207169e-04
26 1.0679885377e+00 1.2569227819e-03
27 1.0549866404e+00 1.3909544882e-03
28 1.0470013537e+00 7.7911637171e-04
29 1.0420941164e+00 9.6051851232e-04
30 1.0342761273e+00 1.1347581859e-03
31 1.0276576862e+00 7.1870408004e-04
32 1.0238856980e+00 7.7764705486e-04
33 1.0171775071e+00 1.0190626182e-03
34 1.0126523382e+00 5.7186811139e-04
35 1.0072430506e+00 7.2097460690e-04
36 1.0006584004e+00 9.0796414264e-04
37 9.9581594543e-01 5.6659458016e-04
38 9.9175114511e-01 6.3554198238e-04
39 9.8666104550e-01 7.8694484931e-04
40 9.8303438572e-01 4.8449196159e-04
41 9.7862475643e-01 6.1269321041e-04
42 9.7389774863e-01 8.1095259317e-04
43 9.6926527078e-01 5.2040328569e-04
44 9.6527474009e-01 5.1062457907e-04
45 9.6178889549e-01 6.6291989109e-04
46 9.5916435323e-01 3.7179604211e-04
47 9.5627035693e-01 4.5821137506e-04
48 9.5364494960e-01 5.6957459144e-04
49 9.5135390002e-01 3.4543492671e-04
50 9.4846286986e-01 4.3379965223e-04
51 9.4625870460e-01 5.0430189869e-04
52 9.4411003716e-01 3.3061551398e-04
53 9.4182695609e-01 3.7703604211e-04
54 9.4006851143e-01 4.7849654395e-04
55 9.3809075093e-01 3.0657077109e-04
56 9.3604345673e-01 3.4258726667e-04
57 9.3455929167e-01 4.1868483187e-04
58 9.3290015127e-01 2.5500246435e-04
59 9.3070994059e-01 3.2991802498e-04
60 9.2922628509e-01 3.7215874016e-04
61 9.2735866477e-01 2.5905536470e-04
62 9.2591445146e-01 2.7041550855e-04
63 9.2469325211e-01 3.3791755491e-04
64 9.2334212912e-01 2.1204623348e-04
65 9.2177271299e-01 2.3805276601e-04
66 9.2086071845e-01 2.7241151999e-04
67 9.1934558437e-01 2.1368946356e-04
68 9.1765906067e-01 2.3696325078e-04
69 9.1633929625e-01 3.1158087315e-04
70 9.1440759946e-01 2.0749639889e-04
71 9.1225431978e-01 2.3883391622e-04
72 9.1084953865e-01 2.9640990854e-04
73 9.0899851194e-01 2.1063233957e-04
74 9.0720892689e-01 2.3430360438e-04
75 9.0575083522e-01 2.8982112869e-04
76 9.0401888419e-01 2.0267487721e-04
77 9.0226472466e-01 2.1659661565e-04
78 9.0094660956e-01 2.5803041727e-04
79 8.9923381437e-01 1.9282152648e-04
80 8.9778572258e-01 1.9829739169e-04
81 8.9654445146e-01 2.4811984002e-04
82 8.9469730383e-01 1.9281807438e-04
83 8.9310002098e-01 1.9765113532e-04
84 8.9164307155e-01 2.6267619697e-04
85 8.8964336564e-01 1.9470116157e-04
86 8.8746816067e-01 2.1707870425e-04
87 8.8532033865e-01 2.6838818957e-04
88 8.8295437297e-01 2.2027214364e-04
89 8.8038004993e-01 2.3281091763e-04
90 8.7805700499e-01 2.6987005066e-04
91 8.7576668164e-01 2.1340829017e-04
92 8.7364357763e-01 2.0177461036e-04
93 8.7181838532e-01 2.8317873215e-04
94 8.6934232578e-01 2.0635479658e-04
95 8.6724895810e-01 2.1212646255e-04
96 8.6540268291e-01 2.5613361974e-04
97 8.6349604960e-01 1.9111297232e-04
98 8.6151352225e-01 2.1402718484e-04
99 8.5942200721e-01 2.6828998238e-04
100 8.5740470852e-01 1.8578493946e-04
101 8.5580362440e-01 1.8962170689e-04
102 8.5440160831e-01 2.2316212011e-04
103 8.5284443877e-01 1.7162072169e-04
104 8.5147585212e-01 1.8128340570e-04
105 8.5013641166e-01 2.0968070240e-04
106 8.4884302970e-01 1.5559434805e-04
107 8.4764363037e-01 1.6123143780e-04
108 8.4635083593e-01 2.0031195654e-04
109 8.4512211745e-01 1.4761114438e-04
110 8.4397652646e-01 1.5644205517e-04
111 8.4264582976e-01 1.9651812624e-04
112 8.4151387652e-01 1.4342396781e-04
113 8.4032271138e-01 1.4024376761e-04
114 8.3911218441e-01 1.8883305502e-04
115 8.3776269128e-01 1.4377942179e-04
116 8.3649518460e-01 1.4300724800e-04
117 8.3509805311e-01 1.7819184758e-04
118 8.3399379847e-01 1.3070513981e-04
119 8.3281858519e-01 1.4105245601e-04
120 8.3161184470e-01 1.6531175882e-04
121 8.3042117995e-01 1.3056708452e-04
122 8.2906924594e-01 1.3972034925e-04
123 8.2788731627e-01 1.7143268099e-04
124 8.2672474868e-01 1.2369781076e-04
125 8.2551129670e-01 1.2184251397e-04
126 8.2442593858e-01 1.4805792010e-04
127 8.2340070467e-01 1.1122349126e-04
128 8.2252957987e-01 1.1963167294e-04
129 8.2151721400e-01 1.2897922186e-04
130 8.2069671757e-01 1.0916916163e-04
131 8.1981982520e-01 9.9099326903e-05
132 8.1891989311e-01 1.3288574762e-04
133 8.1806143190e-01 9.9780536796e-05
134 8.1703771590e-01 1.0625997330e-04
135 8.1605783212e-01 1.2367888436e-04
136 8.1516907256e-01 9.6230516763e-05
137 8.1409316934e-01 9.9027041616e-05
138 8.1310868808e-01 1.2789334177e-04
139 8.1203786726e-01 9.9598273971e-05
140 8.1099856603e-01 1.0021868121e-04
141 8.0993494156e-01 1.2500791019e-04
142 8.0891775799e-01 1.0174098107e-04
143 8.0763868035e-01 1.0194799915e-04
144 8.0635453416e-01 1.3197600567e-04
145 8.0495035555e-01 1.0391896845e-04
146 8.0367625026e-01 1.0500867405e-04
147 8.0236911547e-01 1.3124618993e-04
148 8.0108223922e-01 1.0192624893e-04
149 7.9983121997e-01 9.9647966226e-05
150 7.9848432642e-01 1.2981382304e-04
151 7.9734029088e-01 9.6030583334e-05
152 7.9604917430e-01 1.0283791620e-04
153 7.9459569395e-01 1.1949758464e-04
154 7.9330220836e-01 1.0275446439e-04
155 7.9193618689e-01 1.0336115045e-04
156 7.9056070695e-01 1.2200954483e-04
157 7.8931728082e-01 9.7640772749e-05
158 7.8814907363e-01 9.1027386179e-05
159 7.8702188506e-01 1.1054021028e-04
160 7.8598375076e-01 8.3469206989e-05
161 7.8498972186e-01 8.2458110345e-05
162 7.8403790481e-01 9.9358013265e-05
163 7.8294034516e-01 8.5476732039e-05
164 7.8182287095e-01 8.2981006586e-05
165 7.8073399698e-01 1.0135769577e-04
166 7.7964357911e-01 8.6383068870e-05
167 7.7840638552e-01 9.1913421404e-05
168 7.7694251243e-01 1.0908469164e-04
169 7.7555233821e-01 9.3991172224e-05
170 7.7412489389e-01 8.9651821457e-05
171 7.7264029180e-01 1.1511729856e-04
172 7.7118293857e-01 8.8850387414e-05
173 7.6982292848e-01 9.0341516394e-05
174 7.6840747256e-01 1.1013390057e-04
175 7.6709929322e-01 8.4247123177e-05
176 7.6584599702e-01 9.1203979112e-05
177 7.6437469602e-01 1.0866501559e-04
178 7.6310309500e-01 8.6929891735e-05
179 7.6156208676e-01 8.7241355028e-05
180 7.6003239375e-01 1.0997973234e-04
181 7.5861263689e-01 9.1607342743e-05
182 7.5707124618e-01 9.1274977323e-05
183 7.5564419022e-01 1.0096903651e-04
184 7.5440903247e-01 8.6448144742e-05
185 7.5316447570e-01 8.2941453651e-05
186 7.5181707012e-01 1.0582551966e-04
187 7.5050682574e-01 8.5147802650e-05
188 7.4896000133e-01 9.3940039078e-05
189 7.4763332343e-01 1.0189062127e-04
190 7.4626914677e-01 8.7472871497e-05
191 7.4488776675e-01 7.7144326484e-05
192 7.4388969996e-01 9.4603394492e-05
193 7.4286766005e-01 7.0574436009e-05
194 7.4181999942e-01 7.2876011957e-05
195 7.4092774105e-01 9.2168701454e-05
196 7.3987989028e-01 7.8064100009e-05
197 7.3860404753e-01 7.9332343228e-05
198 7.3743562643e-01 9.8389078381e-05
199 7.3605241380e-01 8.0077464384e-05
200 7.3492719421e-01 7.7897954065e-05
201 7.3379726662e-01 8.7341253832e-05
202 7.3275701815e-01 7.2767322965e-05
203 7.3180860472e-01 7.1541041346e-05
204 7.3087114819e-01 8.1190504128e-05
205 7.2998520899e-01 7.1732083976e-05
206 7.2895721708e-01 7.5064307945e-05
207 7.2794971088e-01 7.7863314066e-05
208 7.2702628024e-01 6.9044086579e-05
209 7.2615938133e-01 6.8084621499e-05
210 7.2520644675e-01 7.6472642458e-05
211 7.2439259256e-01 6.7885095778e-05
212 7.2348321191e-01 6.6143835168e-05
213 7.2268322055e-01 7.4679731889e-05
214 7.2178175751e-01 6.5570548170e-05
215 7.2091457334e-01 6.2104650368e-05
216 7.2015134909e-01 7.5911381588e-05
217 7.1926883616e-01 6.5951377629e-05
218 7.1833331596e-01 6.7276300996e-05
219 7.1743385980e-01 7.1694965748e-05
220 7.1641223470e-01 6.9012336987e-05
221 7.1540356102e-01 7.1993745949e-05
222 7.1437122563e-01 8.0968194479e-05
223 7.1340005455e-01 6.5730759309e-05
224 7.1249109577e-01 6.5781633213e-05
225 7.1154519888e-01 7.9869684225e-05
226 7.1055112085e-01 6.5609108358e-05
227 7.0956423660e-01 6.9268407408e-05
228 7.0861934343e-01 7.1242858185e-05
229 7.0784984339e-01 6.2951771296e-05
230 7.0697161196e-01 6.6394625756e-05
231 7.0603967902e-01 7.5046495811e-05
232 7.0513635565e-01 6.6384217190e-05
233 7.0420924297e-01 6.6015659046e-05
234 7.0332025757e-01 7.2064167245e-05
235 7.0248752530e-01 6.1965380632e-05
236 7.0150441235e-01 7.1010577493e-05
237 7.0047293618e-01 7.3042184457e-05
238 6.9951868911e-01 6.7640868107e-05
239 6.9862440743e-01 5.9611316466e-05
240 6.9791983762e-01 6.7752888447e-05
241 6.9721613796e-01 5.8802817487e-05
242 6.9637457753e-01 6.4888963387e-05
243 6.9558920779e-01 6.4216458934e-05
244 6.9470480624e-01 6.6686132667e-05
245 6.9365469041e-01 6.3734429113e-05
246 6.9283203538e-01 7.6873611378e-05
247 6.9173940407e-01 6.6698190127e-05
248 6.9084080292e-01 6.8777872684e-05
249 6.8995614625e-01 7.0821935143e-05
250 6.8916869603e-01 6.4812553384e-05
251 6.8831206293e-01 6.4113331495e-05
252 6.8757841246e-01 6.4896502001e-05
253 6.8669608870e-01 6.5872202624e-05
254 6.8597925120e-01 6.2538997163e-05
255 6.8511763133e-01 7.1650353718e-05
256 6.8437411908e-01 5.8733930579e-05
257 6.8362416987e-01 5.9285681459e-05
258 6.8307744868e-01 6.1425031521e-05
259 6.8234747895e-01 6.0062007577e-05
260 6.8175883543e-01 5.7347196122e-05
261 6.8102415792e-01 6.4536117511e-05
262 6.8046758951e-01 5.8956851395e-05
263 6.7974725835e-01 5.7446788168e-05
264 6.7899196098e-01 6.6696177681e-05
265 6.7831393134e-01 5.4959738854e-05
266 6.7777510495e-01 5.6104736099e-05
267 6.7723241179e-01 6.4835387495e-05
268 6.7656814808e-01 5.6266226461e-05
269 6.7587463747e-01 5.6548849808e-05
270 6.7536801071e-01 5.9373803076e-05
271 6.7489018136e-01 5.1802442069e-05
272 6.7438219309e-01 5.7021573754e-05
273 6.7385118517e-01 5.5850910996e-05
274 6.7333509936e-01 4.9004982914e-05
275 6.7287016325e-01 5.3800911096e-05
276 6.7245088843e-01 4.9272727207e-05
277 6.7206275846e-01 4.8528284623e-05
278 6.7165152193e-01 4.6170934557e-05
279 6.7123943121e-01 4.9714455129e-05
280 6.7080645741e-01 5.0386919960e-05
281 6.7037636678e-01 4.8604049344e-05
282 6.6997586089e-01 5.2538588549e-05
283 6.6955389743e-01 4.7752930591e-05
284 6.6913558250e-01 5.2910392493e-05
285 6.6863024827e-01 5.3168300821e-05
286 6.6810254209e-01 5.8396563266e-05
287 6.6759037124e-01 4.8638092208e-05
288 6.6718073512e-01 5.3532900028e-05
289 6.6676690399e-01 5.0648192761e-05
290 6.6629933404e-01 4.8404365208e-05
291 6.6591183082e-01 5.2015095819e-05
292 6.6553843612e-01 4.4698123074e-05
293 6.6516964656e-01 4.6614302391e-05
294 6.6485771840e-01 4.4464517930e-05
295 6.6450073280e-01 4.9140222864e-05
296 6.6417250705e-01 4.4464080440e-05
297 6.6379051029e-01 5.0818907539e-05
298 6.6337593986e-01 4.6420392359e-05
299 6.6296291120e-01 4.7336535280e-05
300 6.6257304049e-01 5.4274823197e-05
301 6.6215867242e-01 4.5575912944e-05
302 6.6171564721e-01 4.9073021056e-05
303 6.6138318180e-01 4.4449342382e-05
304 6.6107941431e-01 4.3065457787e-05
305 6.6084766239e-01 4.0286451594e-05
306 6.6052003024e-01 4.5807462837e-05
307 6.6019080059e-01 4.2710294750e-05
308 6.5978914341e-01 4.9177461897e-05
309 6.5939838885e-01 4.8195847595e-05
310 6.5904843057e-01 4.5024556293e-05
311 6.5871164187e-01 4.5151916633e-05
312 6.5839163042e-01 4.1533454288e-05
313 6.5811250142e-01 4.8368243516e-05
314 6.5767609356e-01 4.7726100499e-05
315 6.5719621039e-01 5.5898150853e-05
316 6.5678786844e-01 4.8486744725e-05
317 6.5627792949e-01 5.3942548327e-05
318 6.5584975077e-01 6.2668498585e-05
319 6.5518359813e-01 5.8842002397e-05
320 6.5468848641e-01 5.7177529674e-05
321 6.5429904601e-01 5.1051251144e-05
322 6.5395949462e-01 4.9595473566e-05
323 6.5364587743e-01 4.8159905965e-05
324 6.5333848718e-01 4.8694147162e-05
325 6.5305073523e-01 4.5164207305e-05
326 6.5277170756e-01 4.9469801860e-05
327 6.5247312147e-01 4.4993207534e-05
328 6.5229093058e-01 4.3289487790e-05
329 6.5200355601e-01 4.2275725549e-05
330 6.5188484468e-01 3.8174610491e-05
331 6.5162756353e-01 4.0818707002e-05
332 6.5151622946e-01 3.8252194045e-05
333 6.5126329493e-01 3.7952656370e-05
334 6.5117663647e-01 3.7546366058e-05
335 6.5090457246e-01 3.9661678845e-05
336 6.5077146844e-01 4.2053195611e-05
337 6.5046152946e-01 4.1536632509e-05
338 6.5035339189e-01 3.9713052302e-05
339 6.5002904712e-01 4.4293419891e-05
340 6.4989220330e-01 4.3030400349e-05
341 6.4951842722e-01 4.2714082777e-05
342 6.4935982974e-01 4.9699372517e-05
343 6.4899747577e-01 4.3962211319e-05
344 6.4889081593e-01 4.3421881389e-05
345 6.4853913906e-01 4.2319035848e-05
346 6.4839464164e-01 4.9338623990e-05
347 6.4803163468e-01 4.3271002988e-05
348 6.4793519467e-01 4.4471615161e-05
349 6.4762466731e-01 4.2137881554e-05
350 6.4752235078e-01 3.7404353532e-05
351 6.4730627331e-01 3.6007326493e-05
352 6.4723942774e-01 4.2093944790e-05
353 6.4697303362e-01 3.9686155377e-05
354 6.4686626145e-01 4.0715543620e-05
355 6.4661926222e-01 4.0654252341e-05
356 6.4654403012e-01 4.0967237286e-05
357 6.4624382902e-01 4.2376773698e-05
358 6.4613141466e-01 4.4946163039e-05
359 6.4584003750e-01 4.5047629764e-05
360 6.4574204789e-01 4.3518358987e-05
361 6.4540450273e-01 4.5294018943e-05
362 6.4530042206e-01 4.9837407627e-05
363 6.4501453949e-01 4.5143385395e-05
364 6.4491455894e-01 4.9398607827e-05
365 6.4458584001e-01 4.9559451385e-05
366 6.4448539906e-01 5.1523301476e-05
367 6.4421829863e-01 4.7940232261e-05
368 6.4412344563e-01 4.8321332542e-05
369 6.4389500778e-01 4.7422086975e-05
370 6.4384290364e-01 3.9821523189e-05
371 6.4369544549e-01 3.8364062462e-05
372 6.4364393120e-01 3.9040887259e-05
373 6.4351920226e-01 3.6431834324e-05
374 6.4348222941e-01 3.5747928510e-05
375 6.4339327527e-01 4.2481312318e-05
376 6.4330028659e-01 3.5412085165e-05
377 6.4323316586e-01 4.1903458994e-05
378 6.4311261571e-01 3.7144379445e-05
379 6.4305587644e-01 3.8306104704e-05
380 6.4291403092e-01 3.5672294891e-05
381 6.4287652474e-01 3.5256742442e-05
382 6.4274339734e-01 3.6946878633e-05
383 6.4268526685e-01 3.6144781618e-05
384 6.4253706670e-01 3.5556278816e-05
385 6.4249424191e-01 3.8563598276e-05
386 6.4233460176e-01 3.7089371875e-05
387 6.4226844606e-01 4.3696350243e-05
388 6.4208867898e-01 4.0489181875e-05
389 6.4202434888e-01 4.5924535839e-05
390 6.4185792211e-01 3.8201374388e-05
391 6.4178788075e-01 4.2377530892e-05
392 6.4170735452e-01 3.7309237888e-05
393 6.4159561322e-01 4.0122462370e-05
394 6.4154246173e-01 4.0719127547e-05
395 6.4144710138e-01 3.7154079700e-05
396 6.4139141979e-01 3.7143669864e-05
397 6.4132706886e-01 3.5892384296e-05
398 6.4124495636e-01 3.9558022613e-05
399 6.4119344424e-01 3.7827945875e-05
400 6.4109919173e-01 3.9298412046e-05
401 6.4105562754e-01 3.8022512525e-05
402 6.4099692964e-01 3.6196116982e-05
403 6.4092029183e-01 3.6847089026e-05
404 6.4089169515e-01 3.3717740335e-05
405 6.4083769279e-01 3.1718404112e-05
406 6.4079240001e-01 3.4342770157e-05
407 6.4076305828e-01 3.2024269223e-05
408 6.4070808497e-01 3.1213063860e-05
409 6.4067331717e-01 3.0884455167e-05
410 6.4062794949e-01 3.0102173695e-05
411 6.4058882784e-01 2.9594220249e-05
412 6.4054683050e-01 3.1505923978e-05
413 6.4048939275e-01 2.8727289779e-05
414 6.4046101583e-01 2.7571209529e-05
415 6.4042037066e-01 2.6621804552e-05
416 6.4036848455e-01 3.0129889460e-05
417 6.4034145827e-01 2.5643509609e-05
418 6.4028702202e-01 2.7711803145e-05
419 6.4023898651e-01 2.9728335935e-05
420 6.4019901236e-01 2.6066788178e-05
421 6.4012507115e-01 2.9873502966e-05
422 6.4006863812e-01 2.7769049392e-05
423 6.4001891945e-01 2.7762504505e-05
424 6.3994484472e-01 3.0294505883e-05
425 6.3990126840e-01 2.5594590637e-05
426 6.3982712130e-01 2.6503002098e-05
427 6.3977815161e-01 2.7279118712e-05
428 6.3971788553e-01 2.8238279433e-05
429 6.3962080766e-01 2.8885302909e-05
430 6.3954040506e-01 3.2714853413e-05
431 6.3944106394e-01 3.0234160831e-05
432 6.3935022482e-01 2.9179260958e-05
433 6.3929744634e-01 2.7230665886e-05
434 6.3920418930e-01 3.0548977959e-05
435 6.3912360752e-01 2.8806957887e-05
436 6.3904353006e-01 3.0892187083e-05
437 6.3892241975e-01 3.0517531371e-05
438 6.3885307003e-01 2.8304355574e-05
439 6.3875141918e-01 3.1186534906e-05
440 6.3863331187e-01 3.1682829728e-05
441 6.3854057121e-01 3.3248415144e-05
442 6.3840346355e-01 3.0029960233e-05
443 6.3829707319e-01 3.0169490438e-05
444 6.3823103526e-01 2.8140903187e-05
445 6.3810869255e-01 2.7637849295e-05
446 6.3802940061e-01 2.8407094117e-05
447 6.3793697568e-01 2.6003202348e-05
448 6.3782653304e-01 2.8786596045e-05
449 6.3772814604e-01 3.2521768439e-05
450 6.3758785591e-01 3.1477539292e-05
451 6.3746512546e-01 2.9457031483e-05
452 6.3734523871e-01 3.3458682123e-05
453 6.3718503398e-01 2.8086242692e-05
454 6.3707477686e-01 3.1495481067e-05
455 6.3696394318e-01 2.7957284740e-05
456 6.3684797334e-01 2.6704507678e-05
457 6.3674653470e-01 2.8993781143e-05
458 6.3663873510e-01 2.8723693680e-05
459 6.3647857696e-01 2.8840227646e-05
460 6.3636142200e-01 3.3661959530e-05
461 6.3618527405e-01 3.2514700291e-05
462 6.3599225580e-01 3.1247109239e-05
463 6.3588249334e-01 3.1456765523e-05
464 6.3570827968e-01 2.7765948643e-05
465 6.3558954247e-01 2.6115797229e-05
466 6.3549128610e-01 2.5221244079e-05
467 6.3537840617e-01 2.4904946233e-05
468 6.3529645932e-01 2.3643005353e-05
469 6.3519765944e-01 2.5858024872e-05
470 6.3506316811e-01 2.5683015560e-05
471 6.3495650626e-01 2.5511978477e-05
472 6.3483139981e-01 2.4986281429e-05
473 6.3471956839e-01 2.4327995910e-05
474 6.3458959064e-01 2.9186598638e-05
475 6.3443673018e-01 2.6354138628e-05
476 6.3427445626e-01 2.9978078729e-05
477 6.3411599949e-01 3.2779554695e-05
478 6.3392506775e-01 2.8794578112e-05
479 6.3375943687e-01 3.1003962810e-05
480 6.3358468411e-01 2.9209865270e-05
481 6.3339447008e-01 2.8347865064e-05
482 6.3326009456e-01 3.0483450897e-05
483 6.3308914529e-01 2.9673030434e-05
484 6.3290246537e-01 2.4892559684e-05
485 6.3280592949e-01 2.9287753613e-05
486 6.3264870887e-01 2.5034335869e-05
487 6.3251979746e-01 2.4930013986e-05
488 6.3240303439e-01 2.7608637109e-05
489 6.3228324805e-01 2.0470547058e-05
490 6.3219870065e-01 2.1875579956e-05
491 6.3211351194e-01 2.2197938371e-05
492 6.3199915450e-01 2.1741354812e-05
493 6.3189114498e-01 2.3582949923e-05
494 6.3177183089e-01 2.4613989978e-05
495 6.3161421099e-01 2.5129943225e-05
496 6.3149137916e-01 2.5668467893e-05
497 6.3135497238e-01 2.6780928627e-05
498 6.3119232755e-01 2.3700177516e-05
499 6.3107910403e-01 2.2442203026e-05
500 6.3096038793e-01 2.1398909033e-05
501 6.3086630336e-01 2.0836351894e-05
502 6.3077079627e-01 2.0665944987e-05
503 6.3062919772e-01 2.3653881856e-05
504 6.3047599766e-01 2.5400349499e-05
505 6.3034484647e-01 2.3506417002e-05
506 6.3020084923e-01 2.1318075737e-05
507 6.3009510940e-01 2.2435438094e-05
508 6.2998650861e-01 1.9478411441e-05
509 6.2985378905e-01 2.3925851511e-05
510 6.2974041636e-01 2.1096643110e-05
511 6.2961188328e-01 2.1207704448e-05
512 6.2947819190e-01 2.0238549292e-05
513 6.2937773827e-01 2.1482688686e-05
514 6.2923565959e-01 2.4531160707e-05
515 6.2905796561e-01 2.4127065794e-05
516 6.2890427570e-01 2.5460521986e-05
517 6.2875018539e-01 2.0836844495e-05
518 6.2862705809e-01 1.9684976466e-05
519 6.2854621057e-01 1.9348662542e-05
520 6.2842717529e-01 1.9033488614e-05
521 6.2831877159e-01 1.9123097959e-05
522 6.2820310959e-01 1.9894476167e-05
523 6.2805996405e-01 1.8306807695e-05
524 6.2794813195e-01 1.9890927280e-05
525 6.2785877341e-01 1.8562644455e-05
526 6.2774803023e-01 1.7045503887e-05
527 6.2766804111e-01 1.6729236674e-05
528 6.2756354383e-01 1.7795672050e-05
529 6.2742723655e-01 1.9210160997e-05
530 6.2729990788e-01 2.2245699885e-05
531 6.2715586053e-01 2.0092724040e-05
532 6.2700919576e-01 1.8548732462e-05
533 6.2688835226e-01 2.1931445767e-05
534 6.2668089901e-01 2.2971246955e-05
535 6.2648274332e-01 2.1466317200e-05
536 6.2630864320e-01 2.3751070275e-05
537 6.2613319574e-01 2.1602809266e-05
538 6.2594789147e-01 2.2461354287e-05
539 6.2578610343e-01 2.2965131217e-05
540 6.2561063151e-01 2.0367352464e-05
541 6.2547578756e-01 2.0358798415e-05
542 6.2531494712e-01 2.1542123166e-05
543 6.2511616584e-01 2.3359395613e-05
544 6.2495994624e-01 2.1872835767e-05
545 6.2478747116e-01 2.2314179873e-05
546 6.2459013547e-01 2.1625826805e-05
547 6.2443389678e-01 2.1766439500e-05
548 6.2424660905e-01 2.0853204118e-05
549 6.2409433603e-01 2.1042891012e-05
550 6.2396813804e-01 1.8833793642e-05
551 6.2383985773e-01 1.9132880853e-05
552 6.2372057940e-01 1.8761333644e-05
553 6.2360250019e-01 1.8262911236e-05
554 6.2343496172e-01 1.9251794979e-05
555 6.2329335782e-01 2.2116280663e-05
556 6.2310933455e-01 2.2770406608e-05
557 6.2291305282e-01 2.2841160539e-05
558 6.2276268762e-01 2.2918432135e-05
559 6.2258575336e-01 2.0650790818e-05
560 6.2234738876e-01 2.2312183672e-05
561 6.2212660506e-01 2.5115477090e-05
562 6.2189810530e-01 2.4384672747e-05
563 6.2167472615e-01 2.3156156380e-05
564 6.2149907838e-01 2.3428380949e-05
565 6.2133164493e-01 2.0393563605e-05
566 6.2119000493e-01 1.8167356659e-05
567 6.2110197690e-01 1.7860561278e-05
568 6.2100161839e-01 1.7543131002e-05
569 6.2085300929e-01 2.0008112483e-05
570 6.2071289167e-01 2.0927341660e-05
571 6.2053675017e-01 1.9137120404e-05
572 6.2038718896e-01 1.8884524909e-05
573 6.2027694950e-01 2.0183832126e-05
574 6.2014460912e-01 1.8031298978e-05
575 6.2001265379e-01 1.9515722409e-05
576 6.1991101589e-01 1.7716840514e-05
577 6.1977179512e-01 1.7079163752e-05
578 6.1965393749e-01 1.6090607392e-05
579 6.1957556160e-01 1.4897463160e-05
580 6.1949332479e-01 1.4484366953e-05
581 6.1941842351e-01 1.5483210413e-05
582 6.1933239079e-01 1.7534312005e-05
583 6.1919114192e-01 1.6199064860e-05
584 6.1905539941e-01 1.9676216661e-05
585 6.1892442560e-01 1.9007978180e-05
586 6.1878912279e-01 1.7968929622e-05
587 6.1865781605e-01 1.9352822885e-05
588 6.1853043639e-01 1.9208411924e-05
589 6.1840011171e-01 1.7955786805e-05
590 6.1826059214e-01 2.0056267761e-05
591 6.1808114286e-01 1.8954237245e-05
592 6.1789909366e-01 2.2266112697e-05
593 6.1775662610e-01 2.0926937979e-05
594 6.1760328736e-01 2.1227837307e-05
595 6.1743236735e-01 2.0019363512e-05
596 6.1725538803e-01 2.2925583658e-05
597 6.1703817031e-01 2.0700559702e-05
598 6.1686945696e-01 2.1614334184e-05
599 6.1671415143e-01 2.2821807566e-05
600 6.1650688076e-01 2.3553641263e-05
601 6.1631536028e-01 2.4672650796e-05
602 6.1610299903e-01 2.1407909574e-05
603 6.1595484245e-01 2.0235119373e-05
604 6.1583255019e-01 2.1157688153e-05
605 6.1570057501e-01 2.3099967601e-05
606 6.1547240689e-01 2.4948294202e-05
607 6.1525347519e-01 2.4931694462e-05
608 6.1496536262e-01 2.5449697080e-05
609 6.1472855297e-01 2.4453395028e-05
610 6.1457091030e-01 2.2990926351e-05
611 6.1446219852e-01 2.3826835002e-05
612 6.1431270813e-01 1.9994406516e-05
613 6.1419998594e-01 1.9002717496e-05
614 6.1407634884e-01 1.6818699577e-05
615 6.1399615581e-01 1.5740664936e-05
616 6.1394272934e-01 1.6260436332e-05
617 6.1386213994e-01 1.7440376401e-05
618 6.1377223218e-01 1.5865610640e-05
619 6.1371281399e-01 1.6919952001e-05
620 6.1362546588e-01 1.7400339291e-05
621 6.1351475975e-01 1.8463837953e-05
622 6.1342766159e-01 1.7108135441e-05
623 6.1332420983e-01 1.4838277912e-05
624 6.1325615472e-01 1.2742333492e-05
625 6.1322607198e-01 1.3443246333e-05
626 6.1317431517e-01 1.5471406370e-05
627 6.1309872566e-01 1.6863179853e-05
628 6.1298570485e-01 1.7014728679e-05
629 6.1285350140e-01 1.6213729329e-05
630 6.1278152648e-01 1.5296672690e-05
631 6.1273227063e-01 1.7276609592e-05
632 6.1261954418e-01 2.2853035595e-05
633 6.1242895710e-01 2.4143200995e-05
634 6.1227960203e-01 1.7736253563e-05
635 6.1215445872e-01 1.3355421177e-05
636 6.1210568446e-01 1.3785577105e-05
637 6.1205411708e-01 1.6945250267e-05
638 6.1196729346e-01 2.4922771738e-05
639 6.1178711225e-01 2.3946232372e-05
640 6.1154578475e-01 1.9930658604e-05
641 6.1136506619e-01 1.7326358206e-05
642 6.1128305302e-01 1.4666959039e-05
643 6.1123761636e-01 1.7526198049e-05
644 6.1117337018e-01 1.9464889613e-05
645 6.1105801165e-01 2.2873005682e-05
646 6.1086423821e-01 1.7939702232e-05
647 6.1074256644e-01 1.4436852902e-05
648 6.1067119842e-01 1.2981162988e-05
649 6.1062696792e-01 1.2897666882e-05
650 6.1057327182e-01 1.4661273611e-05
651 6.1052065599e-01 1.4421279952e-05
652 6.1047153378e-01 1.4133696195e-05
653 6.1042194472e-01 1.4429478385e-05
654 6.1032727519e-01 1.3929575536e-05
655 6.1021262196e-01 1.4368055647e-05
656 6.1012142709e-01 1.4983273223e-05
657 6.1006849727e-01 1.4568639428e-05
658 6.1002519775e-01 1.5887489535e-05
659 6.0995725069e-01 1.6991058995e-05
660 6.0987828449e-01 1.4394896185e-05
661 6.0980475347e-01 1.4047897475e-05
662 6.0970507394e-01 1.4182730925e-05
663 6.0958570041e-01 1.4775706147e-05
664 6.0945804704e-01 1.5157907065e-05
665 6.0938202690e-01 1.3930009699e-05
666 6.0934511057e-01 1.2852980810e-05
667 6.0930558798e-01 1.3419510637e-05
668 6.0925971166e-01 1.3307096467e-05
669 6.0921013599e-01 1.2798196017e-05
670 6.0916098785e-01 1.2429919399e-05
671 6.0911014846e-01 1.1891110784e-05
672 6.0899782816e-01 1.4056545087e-05
673 6.0888540790e-01 1.5612983225e-05
674 6.0881103801e-01 1.6246448723e-05
675 6.0876411903e-01 1.5070518977e-05
676 6.0869032597e-01 1.6324251835e-05
677 6.0862524914e-01 1.7036803132e-05
678 6.0858460420e-01 1.3038679690e-05
679 6.0854050313e-01 1.3024863466e-05
680 6.0847395056e-01 1.3472872814e-05
681 6.0838838936e-01 1.4197994162e-05
682 6.0828874166e-01 1.4076774398e-05
683 6.0824401419e-01 1.4343890145e-05
684 6.0815903303e-01 1.5774339148e-05
685 6.0811130448e-01 1.4912771391e-05
686 6.0806157168e-01 1.6347076863e-05
687 6.0803125407e-01 1.6360493778e-05
688 6.0797970234e-01 1.6885389959e-05
689 6.0796094003e-01 1.4141605250e-05
690 6.0790135063e-01 1.2303335660e-05
691 6.0784115543e-01 1.1428300486e-05
692 6.0770205717e-01 1.5348111268e-05
693 6.0763591498e-01 1.2917169678e-05
694 6.0757238508e-01 1.3082696810e-05
695 6.0754584481e-01 1.4843515375e-05
696 6.0750227380e-01 1.3325138984e-05
697 6.0748907426e-01 1.3275374862e-05
698 6.0747409896e-01 1.1577829043e-05
699 6.0746134181e-01 1.3966399530e-05
700 6.0741000671e-01 9.9986109301e-06
701 6.0737695643e-01 1.0949352889e-05
702 6.0730988631e-01 9.6305416148e-06
703 6.0725783739e-01 1.1792723118e-05
704 6.0720223711e-01 9.4457965538e-06
705 6.0719023737e-01 1.0751571635e-05
706 6.0716508298e-01 9.9338761851e-06
707 6.0715120589e-01 1.0806466808e-05
708 6.0713482787e-01 9.8528375177e-06
709 6.0712948681e-01 9.4247030217e-06
710 6.0709139421e-01 8.3107792160e-06
711 6.0706813464e-01 8.4291736294e-06
712 6.0701062636e-01 6.7773670327e-06
713 6.0696350183e-01 8.7940881597e-06
714 6.0688457275e-01 7.8413390596e-06
715 6.0686757558e-01 8.2445697542e-06
716 6.0683559702e-01 8.4104590481e-06
717 6.0681883895e-01 9.8531462522e-06
718 6.0679259206e-01 9.0796352735e-06
719 6.0678439835e-01 9.9959028657e-06
720 6.0674537432e-01 8.3052105442e-06
721 6.0672522375e-01 8.7032001426e-06
722 6.0665480709e-01 8.2512665485e-06
723 6.0661376191e-01 8.0433054128e-06
724 6.0651938464e-01 7.2101682219e-06
725 6.0648917450e-01 7.7456811502e-06
726 6.0641685462e-01 8.4513473007e-06
727 6.0638246027e-01 9.8466938017e-06
728 6.0633346363e-01 9.1809142008e-06
729 6.0631444064e-01 9.4366490709e-06
730 6.0626327406e-01 9.3776202915e-06
731 6.0624325294e-01 1.3107551300e-05
732 6.0618702196e-01 1.0363043770e-05
733 6.0614152286e-01 1.2138021824e-05
734 6.0603396285e-01 8.3929737138e-06
735 6.0597868050e-01 9.4502543678e-06
736 6.0570109733e-01 1.0841192637e-05
737 6.0561864468e-01 9.6183145834e-06
738 6.0545918010e-01 1.4063209391e-05
739 6.0538391597e-01 1.0638419162e-05
740 6.0531231619e-01 1.5327832505e-05
741 6.0526522906e-01 1.2184337419e-05
742 6.0523727119e-01 1.2522693243e-05
743 6.0516410882e-01 1.3513300958e-05
744 6.0513356295e-01 1.1015983023e-05
745 6.0502588394e-01 1.4667679619e-05
746 6.0497208957e-01 9.4358521430e-06
747 6.0482385206e-01 1.0337693446e-05
748 6.0475691466e-01 8.0655331953e-06
749 6.0458859526e-01 8.8395756943e-06
750 6.0453246054e-01 7.9590021676e-06
751 6.0440201676e-01 9.4697850215e-06
752 6.0436724627e-01 9.0623580598e-06
753 6.0429213874e-01 8.9541317967e-06
754 6.0426274960e-01 9.3550907798e-06
755 6.0420163146e-01 9.4410829736e-06
756 6.0419259526e-01 9.7050556659e-06
757 6.0416099610e-01 8.7738387787e-06
758 6.0410729935e-01 9.4717480576e-06
759 6.0408276739e-01 8.3885713369e-06
760 6.0399761037e-01 7.7690499537e-06
761 6.0392607921e-01 8.0686770468e-06
762 6.0379743215e-01 6.2330267104e-06
763 6.0372824154e-01 6.1877995712e-06
764 6.0365485417e-01 6.3087661099e-06
765 6.0353760623e-01 6.7355831398e-06
766 6.0350033030e-01 6.8112855573e-06
767 6.0344890537e-01 6.6265583305e-06
768 6.0339995335e-01 7.7145740254e-06
769 6.0337360917e-01 6.8721939746e-06
770 6.0333930612e-01 8.1368887998e-06
771 6.0331718104e-01 7.0517436109e-06
772 6.0327895952e-01 7.8477298144e-06
773 6.0325059147e-01 7.0531079307e-06
774 6.0319687224e-01 7.6410709537e-06
775 6.0311465952e-01 7.1850856958e-06
776 6.0306036012e-01 6.2624263523e-06
777 6.0293168669e-01 6.3439589858e-06
778 6.0285795856e-01 6.6293783801e-06
779 6.0272481117e-01 6.9060211936e-06
780 6.0261598665e-01 7.7546662616e-06
781 6.0253533433e-01 7.8020859477e-06
782 6.0244227400e-01 6.6834856893e-06
783 6.0239989325e-01 6.4043068215e-06
784 6.0235030916e-01 7.1888809796e-06
785 6.0227376875e-01 7.4963707997e-06
786 6.0223899079e-01 6.5232554413e-06
787 6.0218718778e-01 6.8233409028e-06
788 6.0215855707e-01 6.6865391263e-06
789 6.0210915019e-01 6.1102513789e-06
790 6.0205137077e-01 6.3087343931e-06
791 6.0201637461e-01 5.7253573746e-06
792 6.0193739033e-01 4.8790415028e-06
793 6.0184623870e-01 5.2885510472e-06
794 6.0176572678e-01 5.1534364880e-06
795 6.0159548213e-01 5.6217040743e-06
796 6.0151897356e-01 5.3691706286e-06
797 6.0144450823e-01 5.7745647089e-06
798 6.0135664580e-01 6.6941406594e-06
799 6.0128270795e-01 6.1936925781e-06
800 6.0118843705e-01 6.8954205465e-06
801 6.0113206459e-01 6.6800341867e-06
802 6.0108361886e-01 5.7791208252e-06
803 6.0103744358e-01 6.9760695780e-06
804 6.0100657012e-01 6.4182477552e-06
805 6.0095255610e-01 6.4229118251e-06
806 6.0089823717e-01 6.6320239741e-06
807 6.0085757869e-01 5.9273142749e-06
808 6.0074422298e-01 6.4606472482e-06
809 6.0065943974e-01 6.2815425992e-06
810 6.0052969597e-01 6.0239691254e-06
811 6.0034769803e-01 5.8274628280e-06
812 6.0022019839e-01 5.7849795029e-06
813 6.0005387743e-01 5.7830209134e-06
814 5.9988990468e-01 6.4633824114e-06
815 5.9970615710e-01 6.8895440435e-06
816 5.9947955657e-01 7.6190962726e-06
817 5.9932590962e-01 7.3487766073e-06
818 5.9918688420e-01 7.3229472860e-06
819 5.9910486450e-01 7.6746840926e-06
820 5.9904738972e-01 7.6982081870e-06
821 5.9895488311e-01 8.7430808664e-06
822 5.9888685314e-01 8.3251617513e-06
823 5.9882659618e-01 7.8840805578e-06
824 5.9872148250e-01 9.3682911258e-06
825 5.9865288626e-01 8.3287651794e-06
826 5.9850975001e-01 9.2827321629e-06
827 5.9838062625e-01 7.8237591304e-06
828 5.9826496310e-01 7.0938725358e-06
829 5.9804573712e-01 6.5561212879e-06
830 5.9789312493e-01 7.1729565033e-06
831 5.9750057043e-01 7.3013444953e-06
832 5.9719876327e-01 6.7363255842e-06
833 5.9703205885e-01 6.4249884669e-06
834 5.9677839950e-01 6.7547940525e-06
835 5.9660202535e-01 7.3251112276e-06
836 5.9639680793e-01 8.6802656451e-06
837 5.9609809665e-01 8.5552386633e-06
838 5.9596882161e-01 8.2953532509e-06
839 5.9583339992e-01 8.0276952971e-06
840 5.9576141403e-01 7.2053599156e-06
841 5.9570970289e-01 7.0055873417e-06
842 5.9565625279e-01 6.6134020683e-06
843 5.9562096163e-01 6.8688995037e-06
844 5.9557253688e-01 7.3877748209e-06
845 5.9549322826e-01 6.7057452233e-06
846 5.9543029939e-01 7.8387014170e-06
847 5.9533481302e-01 6.6620722071e-06
848 5.9528612680e-01 5.7753965243e-06
849 5.9523722059e-01 6.1867274664e-06
850 5.9516372570e-01 5.3343632066e-06
851 5.9510238568e-01 4.5529682132e-06
852 5.9501828771e-01 5.1080099086e-06
853 5.9486019984e-01 5.8772406216e-06
854 5.9470568216e-01 6.0004527344e-06
855 5.9459644801e-01 6.1414209058e-06
856 5.9446071796e-01 6.3890371581e-06
857 5.9435117699e-01 6.5347085338e-06
858 5.9426178965e-01 6.7229202691e-06
859 5.9417336813e-01 7.1703640173e-06
860 5.9410576093e-01 7.0313735708e-06
861 5.9403082349e-01 6.7507840859e-06
862 5.9400273523e-01 6.5432343713e-06
863 5.9397318580e-01 6.5729920481e-06
864 5.9392539212e-01 6.9817088347e-06
865 5.9389708977e-01 6.9569499955e-06
866 5.9384718304e-01 7.2115456920e-06
867 5.9374343599e-01 7.9054425327e-06
868 5.9365495672e-01 7.8668211257e-06
869 5.9352951467e-01 6.5250491457e-06
870 5.9342679809e-01 6.0592579567e-06
871 5.9335343301e-01 5.8082400748e-06
872 5.9326986593e-01 4.5697606429e-06
873 5.9318494441e-01 4.8316433381e-06
874 5.9310225234e-01 4.9987496254e-06
875 5.9296745733e-01 5.1460473864e-06
876 5.9284001695e-01 5.5432541380e-06
877 5.9270840344e-01 6.7016924975e-06
878 5.9258114753e-01 6.0436737112e-06
879 5.9248026485e-01 6.7185397089e-06
880 5.9236141246e-01 7.9762403705e-06
881 5.9228064147e-01 6.8695882354e-06
882 5.9222845074e-01 6.5501601701e-06
883 5.9216528425e-01 7.5945091127e-06
884 5.9212296921e-01 7.2231662135e-06
885 5.9210090991e-01 6.0157138767e-06
886 5.9208141311e-01 5.6371164048e-06
887 5.9207804661e-01 4.9150290080e-06
888 5.9207428475e-01 5.1753183084e-06
889 5.9207059761e-01 4.6061897676e-06
890 5.9204799850e-01 4.7560210086e-06
891 5.9198748567e-01 4.7704275937e-06
892 5.9192809203e-01 4.5175273251e-06
893 5.9183115712e-01 5.3403570522e-06
894 5.9171560660e-01 4.1990213961e-06
895 5.9157261518e-01 5.0770305404e-06
896 5.9139640243e-01 5.1903241940e-06
897 5.9125452940e-01 4.9235982197e-06
898 5.9119013570e-01 5.0128920383e-06
899 5.9113167672e-01 5.1208907247e-06
900 5.9108631162e-01 4.8633137012e-06
901 5.9105412738e-01 5.0270882984e-06
902 5.9101638232e-01 5.1160662106e-06
903 5.9096312179e-01 5.7175363849e-06
904 5.9090969689e-01 6.8303984232e-06
905 5.9085366657e-01 6.1113848632e-06
906 5.9081251747e-01 6.8797433642e-06
907 5.9080556513e-01 7.4512195197e-06
908 5.9081501339e-01 6.4151489813e-06
909 5.9081650613e-01 8.2791934115e-06
910 5.9084724903e-01 8.1423629800e-06
911 5.9090864631e-01 5.9624747638e-06
912 5.9091252248e-01 5.7755033968e-06
913 5.9086728161e-01 5.9748342810e-06
914 5.9076061035e-01 6.0666070836e-06
915 5.9059729470e-01 7.3458066387e-06
916 5.9048596363e-01 6.3788738093e-06
917 5.9042772660e-01 4.9245301879e-06
918 5.9034575497e-01 5.0042013018e-06
919 5.9020628672e-01 4.7523884985e-06
920 5.9004838942e-01 5.0008189696e-06
921 5.8984349207e-01 5.0514501140e-06
922 5.8956303507e-01 5.5578679991e-06
923 5.8934933825e-01 6.4138900956e-06
924 5.8920993199e-01 5.8055190067e-06
925 5.8914275605e-01 6.0942437284e-06
926 5.8912436596e-01 5.5780909593e-06
927 5.8910294928e-01 5.6005603995e-06
928 5.8907320117e-01 5.7874260288e-06
929 5.8904424610e-01 6.9221961017e-06
930 5.8903669962e-01 7.2054738356e-06
931 5.8905263765e-01 6.8180584336e-06
932 5.8905913841e-01 6.4113919222e-06
933 5.8903872727e-01 6.4151412923e-06
934 5.8897172461e-01 8.1239278151e-06
935 5.8897299420e-01 1.3182038216e-05
936 5.8924223894e-01 1.3356876508e-05
937 5.8941866801e-01 9.2522338564e-06
938 5.8950801538e-01 6.2241064592e-06
939 5.8952124623e-01 4.7240562987e-06
940 5.8945107726e-01 4.9841757122e-06
941 5.8933309945e-01 4.9387595385e-06
942 5.8914550940e-01 5.3693049356e-06
943 5.8895936564e-01 5.8217228534e-06
944 5.8879366536e-01 5.5338360502e-06
945 5.8858451360e-01 5.2125794084e-06
946 5.8835584072e-01 5.5046397344e-06
947 5.8810142038e-01 5.7138926067e-06
948 5.8800882547e-01 5.1764461501e-06
949 5.8797831121e-01 5.4382044104e-06
950 5.8795307072e-01 4.8591982679e-06
951 5.8789577701e-01 4.9511859533e-06
952 5.8776729387e-01 5.9042802556e-06
953 5.8768937946e-01 6.4791214474e-06
954 5.8776021842e-01 6.8097340016e-06
955 5.8778541893e-01 7.3675039975e-06
956 5.8780161216e-01 6.0447168536e-06
957 5.8780956574e-01 5.5860116938e-06
958 5.8783135820e-01 6.6883222246e-06
959 5.8809323886e-01 4.7094334108e-06
960 5.8819065285e-01 4.3509863093e-06
961 5.8820061853e-01 5.9389170885e-06
962 5.8817365812e-01 5.7229055030e-06
963 5.8807085497e-01 5.3891147392e-06
964 5.8793691335e-01 5.8435608694e-06
965 5.8792638152e-01 3.7988280206e-06
966 5.8792161583e-01 4.2015988692e-06
967 5.8787808556e-01 4.8688037434e-06
968 5.8777415369e-01 4.4679008659e-06
969 5.8752713493e-01 4.6396858605e-06
970 5.8729697368e-01 3.9351457186e-06
971 5.8721541663e-01 3.7035362038e-06
972 5.8719440826e-01 4.0330823064e-06
973 5.8716153878e-01 4.6123813005e-06
974 5.8711006704e-01 5.3018994671e-06
975 5.8698927132e-01 5.1550159650e-06
976 5.8691337408e-01 4.6342135684e-06
977 5.8696257844e-01 3.8298225147e-06
978 5.8696977582e-01 4.5887441660e-06
979 5.8696326017e-01 5.5710829480e-06
980 5.8693646936e-01 4.5662905575e-06
981 5.8690192719e-01 4.6733185347e-06
982 5.8701977919e-01 3.6107264553e-06
983 5.8719807831e-01 2.8565021511e-06
984 5.8721565082e-01 3.1225928975e-06
985 5.8718678800e-01 4.4787373314e-06
986 5.8699972089e-01 4.4864948376e-06
987 5.8681184984e-01 3.5486930180e-06
988 5.8679956788e-01 3.6488551937e-06
989 5.8680409249e-01 3.0903339723e-06
990 5.8678171791e-01 3.5835350788e-06
991 5.8672286707e-01 5.4209893843e-06
992 5.8647499679e-01 5.3973229392e-06
993 5.8605354373e-01 4.1569807341e-06
994 5.8597492235e-01 3.9728262062e-06
995 5.8597651892e-01 3.5869612836e-06
996 5.8596953728e-01 3.5979504058e-06
997 5.8594312408e-01 6.4085095654e-06
998 5.8584414091e-01 5.0072010109e-06
999 5.8594063857e-01 3.3077686574e-06
1000 5.8608005184e-01 2.8241915223e-06
1001 5.8611439889e-01 2.8724187421e-06
1002 5.8611222697e-01 3.2302229014e-06
1003 5.8607400017e-01 3.9854754032e-06
1004 5.8578132165e-01 5.3443553905e-06
1005 5.8480307343e-01 4.2610070061e-06
1006 5.8460975019e-01 4.1819950980e-06
1007 5.8459387025e-01 3.5249771421e-06
1008 5.8457725519e-01 3.7652535097e-06
1009 5.8456153602e-01 3.7775312785e-06
1010 5.8451144281e-01 4.4854670300e-06
1011 5.8432587268e-01 6.4956207562e-06
1012 5.8405528830e-01 1.0840569491e-05
1013 5.8386152281e-01 1.0977021973e-05
1014 5.8374308408e-01 1.0276387627e-05
1015 5.8386698054e-01 6.4878644974e-06
1016 5.8401896780e-01 5.4885841414e-06
1017 5.8407584813e-01 4.7571044403e-06
1018 5.8408741015e-01 3.2499335844e-06
1019 5.8406860669e-01 3.9799552601e-06
1020 5.8398887433e-01 7.5786086327e-06
1021 5.8383922851e-01 1.1800046267e-05
1022 5.8373227584e-01 1.0390686413e-05
1023 5.8353896932e-01 1.1507749116e-05
1024 5.8355385524e-01 1.0179164373e-05
1025 5.8360062247e-01 9.0768177783e-06
1026 5.8360521257e-01 5.9186641300e-06
1027 5.8356381578e-01 3.7632304231e-06
1028 5.8350402846e-01 4.7306902329e-06
1029 5.8339147609e-01 5.7052855099e-06
1030 5.8327766257e-01 5.7923148079e-06
1031 5.8265412259e-01 9.0948738864e-06
1032 5.8191927139e-01 1.2595098259e-05
1033 5.8162842035e-01 1.3004650316e-05
1034 5.8154202669e-01 8.5149148090e-06
1035 5.8148923515e-01 7.4018195489e-06
1036 5.8148297467e-01 5.7005527047e-06
1037 5.8147206636e-01 6.4616934205e-06
1038 5.8145819817e-01 5.0705399331e-06
1039 5.8140826501e-01 6.2796191695e-06
1040 5.8135133422e-01 6.9173164133e-06
1041 5.8127285266e-01 1.1618827261e-05
1042 5.8118341852e-01 9.0609733886e-06
1043 5.8097900468e-01 1.9788549513e-05
1044 5.8111546020e-01 1.2515580856e-05
1045 5.8127302503e-01 1.4375145291e-05
1046 5.8147875975e-01 7.7156042273e-06
1047 5.8165415754e-01 1.2387596296e-05
1048 5.8175100954e-01 6.6948774165e-06
1049 5.8173972896e-01 7.1006120031e-06
1050 5.8166344600e-01 6.3017924873e-06
1051 5.8121777165e-01 1.5741278560e-05
1052 5.8093115226e-01 1.3606418708e-05
1053 5.7993224916e-01 1.7177688385e-05
1054 5.7899671683e-01 1.8111866926e-05
1055 5.7866952796e-01 1.9747143473e-05
1056 5.7855090386e-01 1.1968623677e-05
1057 5.7847525757e-01 1.1974397743e-05
1058 5.7846260311e-01 5.9304187322e-06
1059 5.7843685436e-01 6.4296845254e-06
1060 5.7841012537e-01 4.4305086206e-06
1061 5.7831572625e-01 7.5757071493e-06
1062 5.7827645716e-01 5.2774691844e-06
1063 5.7807257465e-01 7.9058748616e-06
1064 5.7787951512e-01 1.1087845609e-05
1065 5.7751151758e-01 1.4684574380e-05
1066 5.7726392422e-01 1.3942261379e-05
1067 5.7737180465e-01 2.4213063457e-05
1068 5.7783728988e-01 1.2416768352e-05
1069 5.7842602619e-01 1.0442717273e-05
1070 5.7869079102e-01 7.3985138845e-06
1071 5.7907137849e-01 8.2215179148e-06
1072 5.7913192187e-01 5.5232566932e-06
1073 5.7915806009e-01 6.1947160577e-06
1074 5.7913747820e-01 6.2893511246e-06
1075 5.7900597844e-01 7.7529654975e-06
1076 5.7885868944e-01 7.9335880236e-06
1077 5.7821008206e-01 1.5082207984e-05
1078 5.7793544368e-01 1.2051181513e-05
1079 5.7744098682e-01 1.4355718937e-05
1080 5.7714980016e-01 1.2064385528e-05
1081 5.7695898774e-01 1.3197458976e-05
1082 5.7690980869e-01 9.7240664710e-06
1083 5.7685774600e-01 9.3866279494e-06
1084 5.7680110642e-01 7.0583661200e-06
1085 5.7677951565e-01 4.8138352092e-06
1086 5.7669619261e-01 4.1101722010e-06
1087 5.7666108874e-01 3.7983924449e-06
1088 5.7654439560e-01 4.0088709993e-06
1089 5.7644930341e-01 5.2742352496e-06
1090 5.7609184159e-01 7.5338377566e-06
1091 5.7599679610e-01 6.5194359347e-06
1092 5.7566672213e-01 7.7653820133e-06
1093 5.7556986399e-01 7.9553332226e-06
1094 5.7553047555e-01 6.2197749788e-06
1095 5.7553996692e-01 5.0749549069e-06
1096 5.7557499576e-01 4.5457451391e-06
1097 5.7558901476e-01 3.0551669656e-06
1098 5.7559831922e-01 2.3710010246e-06
1099 5.7560227200e-01 2.7212608135e-06
1100 5.7560446540e-01 2.5964355281e-06
1101 5.7560318325e-01 3.0040710949e-06
1102 5.7559824647e-01 3.1191861863e-06
1103 5.7555921124e-01 6.8905752732e-06
1104 5.7554223365e-01 5.7254054374e-06
1105 5.7546663620e-01 8.4068373830e-06
1106 5.7541411307e-01 1.0922664696e-05
1107 5.7540360710e-01 1.0067026107e-05
1108 5.7547067744e-01 1.1896551863e-05
1109 5.7565154950e-01 1.2261715277e-05
1110 5.7594751828e-01 1.1650465661e-05
1111 5.7617635410e-01 8.7838747659e-06
1112 5.7636308104e-01 7.8593997984e-06
1113 5.7650252370e-01 8.9630729157e-06
1114 5.7655519990e-01 5.0884336081e-06
1115 5.7655642806e-01 6.0830295399e-06
1116 5.7654129687e-01 3.9759799913e-06
1117 5.7647375102e-01 5.6727798970e-06
1118 5.7637055986e-01 4.3356422623e-06
1119 5.7615511129e-01 7.1727563447e-06
1120 5.7587091220e-01 8.1870109203e-06
1121 5.7558273869e-01 8.1723485055e-06
1122 5.7486341034e-01 1.3518446143e-05
1123 5.7464167171e-01 1.0012710974e-05
1124 5.7442287864e-01 9.0710975692e-06
1125 5.7432696722e-01 1.1103201367e-05
1126 5.7433335839e-01 6.2103122698e-06
1127 5.7435849191e-01 5.9741423060e-06
1128 5.7438524075e-01 4.9074681696e-06
1129 5.7439939362e-01 3.7232033547e-06
1130 5.7440897203e-01 3.4805781230e-06
1131 5.7441324803e-01 3.1614884284e-06
1132 5.7441495932e-01 3.5777595341e-06
1133 5.7441279723e-01 3.3132463631e-06
1134 5.7440054385e-01 4.1035255191e-06
1135 5.7437108715e-01 5.9190926536e-06
1136 5.7434481380e-01 6.1054442546e-06
1137 5.7426823300e-01 7.9073566366e-06
1138 5.7415884223e-01 1.0444013638e-05
1139 5.7407251749e-01 1.1932300885e-05
1140 5.7399800163e-01 1.4094652246e-05
1141 5.7405494473e-01 1.3958843774e-05
1142 5.7446357891e-01 2.2587203145e-05
1143 5.7505545639e-01 1.4942911062e-05
1144 5.7557706433e-01 1.4195308558e-05
1145 5.7646395277e-01 1.7160894810e-05
1146 5.7681151576e-01 9.7223148340e-06
1147 5.7711745175e-01 1.0668689280e-05
1148 5.7728491833e-01 7.6820236521e-06
1149 5.7735064603e-01 5.1938065970e-06
1150 5.7734936251e-01 5.3004562682e-06
1151 5.7731461653e-01 4.5859227809e-06
1152 5.7723607233e-01 4.6237452129e-06
1153 5.7710172051e-01 4.9923425757e-06
1154 5.7690384921e-01 5.1731665726e-06
1155 5.7655293199e-01 7.9731122676e-06
1156 5.7612128749e-01 7.8061122514e-06
1157 5.7552677156e-01 8.6187053189e-06
1158 5.7434856759e-01 1.6461179233e-05
1159 5.7355118575e-01 1.1355812465e-05
1160 5.7282517851e-01 1.3313075219e-05
1161 5.7202863637e-01 1.7739929168e-05
1162 5.7186583115e-01 1.0992471288e-05
1163 5.7199091840e-01 1.4002134237e-05
1164 5.7227281234e-01 9.4690963421e-06
1165 5.7244169098e-01 8.0756857172e-06
1166 5.7271353552e-01 8.1742020622e-06
1167 5.7290178098e-01 5.8769661419e-06
1168 5.7305833502e-01 6.0580002593e-06
1169 5.7315804036e-01 4.7144100682e-06
1170 5.7323143645e-01 4.8458712156e-06
1171 5.7329631010e-01 4.7560880956e-06
1172 5.7332448067e-01 4.1187938348e-06
1173 5.7333949495e-01 4.5340700204e-06
1174 5.7333880966e-01 6.2342826353e-06
1175 5.7332631750e-01 5.0003624402e-06
1176 5.7326787885e-01 5.4768590549e-06
1177 5.7316893400e-01 7.4450427272e-06
1178 5.7305962276e-01 7.5748222562e-06
1179 5.7286608604e-01 9.7586006621e-06
1180 5.7243282174e-01 1.2090925001e-05
1181 5.7194995241e-01 1.6324141355e-05
1182 5.7131025528e-01 1.5727875821e-05
1183 5.7075796660e-01 1.5744935818e-05
1184 5.7047265750e-01 1.6218484584e-05
1185 5.7033014593e-01 1.2100043034e-05
1186 5.7027847363e-01 9.0763884861e-06
1187 5.7025236093e-01 1.0322651042e-05
1188 5.7024253882e-01 6.4016090011e-06
1189 5.7023754392e-01 5.6193410700e-06
1190 5.7023386740e-01 5.2994526540e-06
1191 5.7023126140e-01 4.1831261263e-06
1192 5.7022825605e-01 4.2207907879e-06
1193 5.7022470208e-01 3.5614689367e-06
1194 5.7022109535e-01 3.6022921441e-06
1195 5.7021692978e-01 3.5563584528e-06
1196 5.7021244491e-01 3.0349805290e-06
1197 5.7020455949e-01 3.7841276283e-06
1198 5.7019736961e-01 3.9448674344e-06
1199 5.7018744141e-01 3.8469640391e-06
1200 5.7016287549e-01 6.6057950792e-06
1201 5.7014015145e-01 5.9468074238e-06
1202 5.7010010595e-01 7.0659982433e-06
1203 5.7001166365e-01 1.1132250836e-05
1204 5.6994476172e-01 1.0446115335e-05
1205 5.6983055016e-01 1.2247326914e-05
1206 5.6964331436e-01 1.8797630360e-05
1207 5.6953105113e-01 1.3865636015e-05
1208 5.6939207274e-01 1.5460523101e-05
1209 5.6930964301e-01 1.3925319784e-05
1210 5.6926567456e-01 1.1593037329e-05
1211 5.6923276329e-01 9.6102668502e-06
1212 5.6922153636e-01 9.7680386318e-06
1213 5.6920236771e-01 7.9587672402e-06
1214 5.6918498750e-01 7.7042119567e-06
1215 5.6918091909e-01 5.2482881575e-06
1216 5.6916912623e-01 5.4558811061e-06
1217 5.6915711522e-01 4.9485365170e-06
1218 5.6915077109e-01 3.6493409505e-06
1219 5.6913663230e-01 4.0985276834e-06
1220 5.6912461936e-01 2.8222806240e-06
1221 5.6911904790e-01 2.3421929409e-06
1222 5.6910365461e-01 2.5366882998e-06
1223 5.6909323354e-01 2.2486984955e-06
1224 5.6907937619e-01 1.9691761760e-06
1225 5.6905780339e-01 2.3396035141e-06
1226 5.6904413181e-01 1.9926827380e-06
1227 5.6902325474e-01 2.0232211082e-06
1228 5.6898730428e-01 2.7769300251e-06
1229 5.6895366237e-01 2.8670949680e-06
1230 5.6889123187e-01 3.0844840028e-06
1231 5.6882940233e-01 4.4432762909e-06
1232 5.6872455300e-01 4.6574748008e-06
1233 5.6861092453e-01 5.3352426058e-06
1234 5.6852294925e-01 6.9186841080e-06
1235 5.6846258000e-01 7.5214818858e-06
1236 5.6849505240e-01 7.2569948083e-06
1237 5.6863347139e-01 7.9591517090e-06
1238 5.6892935463e-01 7.1544545399e-06
1239 5.6916578896e-01 6.4913080176e-06
1240 5.6944614878e-01 6.7195156173e-06
1241 5.6987525803e-01 5.9954002575e-06
1242 5.7018609945e-01 4.9074040501e-06
1243 5.7034913503e-01 3.6699408996e-06
1244 5.7045496358e-01 3.3529685624e-06
1245 5.7053582557e-01 3.6246801252e-06
1246 5.7059829437e-01 3.0256393269e-06
1247 5.7063256788e-01 2.6237631785e-06
1248 5.7064375533e-01 2.9078689320e-06
1249 5.7063906514e-01 2.7159670191e-06
1250 5.7061527227e-01 2.6218531330e-06
1251 5.7055207075e-01 3.8364012757e-06
1252 5.7043292346e-01 3.7995008044e-06
1253 5.7031739297e-01 4.5081403262e-06
1254 5.7009883644e-01 5.4436072211e-06
1255 5.6986121744e-01 5.2472424344e-06
1256 5.6964511289e-01 5.5221737536e-06
1257 5.6932467144e-01 6.7818711707e-06
1258 5.6890536226e-01 7.6416383755e-06
1259 5.6865876115e-01 6.2772964938e-06
1260 5.6845148403e-01 6.6950312030e-06
1261 5.6826668929e-01 6.8449562887e-06
1262 5.6817717871e-01 5.3384642974e-06
1263 5.6807721933e-01 6.0048422181e-06
1264 5.6804285816e-01 4.9607850655e-06
1265 5.6801530911e-01 4.5370494185e-06
1266 5.6799085022e-01 3.9733333323e-06
1267 5.6798432281e-01 3.8064008637e-06
1268 5.6797481445e-01 2.8522958439e-06
1269 5.6795977051e-01 2.6450300174e-06
1270 5.6794602469e-01 2.9737808132e-06
1271 5.6792643919e-01 2.5633115181e-06
1272 5.6790191117e-01 2.3042326569e-06
1273 5.6788428165e-01 2.5389660147e-06
1274 5.6785007277e-01 2.3520183736e-06
1275 5.6782184170e-01 2.3021117191e-06
1276 5.6779009886e-01 2.6106644367e-06
1277 5.6773319045e-01 2.9096968124e-06
1278 5.6767792150e-01 3.1509557250e-06
1279 5.6761142406e-01 3.2898579481e-06
1280 5.6750527821e-01 4.5545475676e-06
1281 5.6743433762e-01 4.2136199063e-06
1282 5.6735109873e-01 5.1141685750e-06
1283 5.6731620179e-01 5.0871062546e-06
1284 5.6731050452e-01 4.1708929774e-06
1285 5.6733796467e-01 4.9357634364e-06
1286 5.6739704174e-01 4.6974005308e-06
1287 5.6744019185e-01 3.5856452545e-06
1288 5.6750885354e-01 3.5210657261e-06
1289 5.6757225268e-01 4.0083235064e-06
1290 5.6762422267e-01 3.1052071409e-06
1291 5.6768021729e-01 3.0688740276e-06
1292 5.6772798060e-01 3.2707058171e-06
1293 5.6775526877e-01 2.5524978604e-06
1294 5.6778461631e-01 2.7801469698e-06
1295 5.6780664316e-01 3.0480436331e-06
1296 5.6781546905e-01 2.4703919392e-06
1297 5.6781494039e-01 3.2934118910e-06
1298 5.6780976308e-01 3.6035595042e-06
1299 5.6779382144e-01 3.5113324882e-06
1300 5.6775826747e-01 4.2861996666e-06
1301 5.6772972983e-01 5.0018263898e-06
1302 5.6768167692e-01 4.5354948040e-06
1303 5.6762132617e-01 5.0705866440e-06
1304 5.6757334257e-01 5.7696021763e-06
1305 5.6750579279e-01 5.6925150706e-06
1306 5.6742877929e-01 6.5110205111e-06
1307 5.6738226769e-01 8.2219948211e-06
1308 5.6735320203e-01 7.4963068939e-06
1309 5.6738225210e-01 8.0723130302e-06
1310 5.6750404342e-01 8.4534020808e-06
1311 5.6777218844e-01 8.4587806076e-06
1312 5.6799659978e-01 6.8263931293e-06
1313 5.6822146257e-01 6.9318128463e-06
1314 5.6844672310e-01 6.1302797519e-06
1315 5.6860150337e-01 5.4873692981e-06
1316 5.6876421082e-01 5.1382296481e-06
1317 5.6889368986e-01 4.7286389150e-06
1318 5.6896624044e-01 3.9994337438e-06
1319 5.6901115005e-01 3.7326183740e-06
1320 5.6903942209e-01 3.3921848155e-06
1321 5.6904313597e-01 4.2010411296e-06
1322 5.6904145054e-01 2.8676701346e-06
1323 5.6901906205e-01 3.3031949899e-06
1324 5.6898398318e-01 2.5127993017e-06
1325 5.6893409460e-01 2.5451819011e-06
1326 5.6886447346e-01 2.9080960817e-06
1327 5.6871715368e-01 4.0604042738e-06
1328 5.6854508419e-01 3.2559961419e-06
1329 5.6834581667e-01 5.2357678806e-06
1330 5.6797921691e-01 5.5789483334e-06
1331 5.6756043980e-01 5.2960983699e-06
1332 5.6698797352e-01 7.7962529654e-06
1333 5.6628398123e-01 8.5815554708e-06
1334 5.6586437981e-01 7.0555893104e-06
1335 5.6551105459e-01 8.5641869700e-06
1336 5.6520202702e-01 8.3007810377e-06
1337 5.6502926215e-01 8.1156789072e-06
1338 5.6503148888e-01 9.5040307643e-06
1339 5.6530293438e-01 8.9197176433e-06
1340 5.6568419324e-01 8.3252130867e-06
1341 5.6612522197e-01 6.8154438444e-06
1342 5.6646649363e-01 5.8597861151e-06
1343 5.6673229689e-01 5.6215855316e-06
1344 5.6699758062e-01 4.6792127220e-06
1345 5.6724893153e-01 5.3878247487e-06
1346 5.6747180298e-01 4.8837335314e-06
1347 5.6769056567e-01 4.3551934140e-06
1348 5.6791323327e-01 4.4693870262e-06
1349 5.6810128733e-01 5.1444453195e-06
1350 5.6829525299e-01 3.6129568999e-06
1351 5.6841378289e-01 4.4961823937e-06
1352 5.6852850176e-01 4.0259121695e-06
1353 5.6862833403e-01 3.2275225026e-06
1354 5.6868368272e-01 4.1377782638e-06
1355 5.6873740581e-01 4.9259274686e-06
1356 5.6878255499e-01 4.2619848854e-06
1357 5.6880404179e-01 5.1824046957e-06
1358 5.6881288044e-01 6.0826829215e-06
1359 5.6880080079e-01 6.0301206919e-06
1360 5.6875456750e-01 8.2725063088e-06
1361 5.6865583013e-01 9.3029440546e-06
1362 5.6853896246e-01 8.7417344845e-06
1363 5.6839236182e-01 1.1562444827e-05
1364 5.6807246926e-01 1.5105486679e-05
1365 5.6771425789e-01 1.4716534499e-05
1366 5.6733360090e-01 1.6543050016e-05
1367 5.6679868199e-01 1.9080586575e-05
1368 5.6637984035e-01 1.8575410807e-05
1369 5.6606381206e-01 1.7691196602e-05
1370 5.6558734578e-01 2.4318360999e-05
1371 5.6537362891e-01 1.9205612813e-05
1372 5.6525060309e-01 2.2253415218e-05
1373 5.6529868758e-01 2.0784085019e-05
1374 5.6543423587e-01 2.1463441978e-05
1375 5.6586262684e-01 1.8826651561e-05
1376 5.6642839312e-01 2.5207554020e-05
1377 5.6700720475e-01 1.5672706528e-05
1378 5.6769894665e-01 1.9445150298e-05
1379 5.6837767407e-01 1.3943550863e-05
1380 5.6872893439e-01 1.0468022292e-05
1381 5.6902264175e-01 9.0425460922e-06
1382 5.6916996764e-01 8.2679569593e-06
1383 5.6929539161e-01 5.8372629018e-06
1384 5.6941209109e-01 8.6269214052e-06
1385 5.6951387707e-01 5.3556582234e-06
1386 5.6957629344e-01 5.6195936525e-06
1387 5.6964565510e-01 4.6300051141e-06
1388 5.6967546518e-01 4.1104889078e-06
1389 5.6970266806e-01 2.9340998119e-06
1390 5.6971458746e-01 3.4995074620e-06
1391 5.6972126601e-01 2.2169709609e-06
1392 5.6972031666e-01 2.5071065397e-06
1393 5.6971846382e-01 1.8423106748e-06
1394 5.6971318605e-01 2.2386825126e-06
1395 5.6970027781e-01 1.7046201241e-06
1396 5.6968913040e-01 2.2349472850e-06
1397 5.6966752107e-01 1.8715388648e-06
1398 5.6965119243e-01 2.1417110805e-06
1399 5.6961610461e-01 1.8001407649e-06
1400 5.6959005436e-01 2.2781182546e-06
1401 5.6955412505e-01 1.6804007092e-06
1402 5.6951714798e-01 2.7252751428e-06
1403 5.6946679381e-01 2.0579711940e-06
1404 5.6939604018e-01 2.9579798846e-06
1405 5.6928943278e-01 2.7721935631e-06
1406 5.6919893114e-01 3.4124586521e-06
1407 5.6909350973e-01 3.0171969252e-06
1408 5.6887085533e-01 5.2030289841e-06
1409 5.6865318604e-01 3.9466581491e-06
1410 5.6825214685e-01 8.2322051541e-06
1411 5.6792958699e-01 4.8294988206e-06
1412 5.6743552008e-01 9.3239104392e-06
1413 5.6700883999e-01 6.0709461090e-06
1414 5.6652127279e-01 8.7989575917e-06
1415 5.6611273312e-01 7.6730521694e-06
1416 5.6558932297e-01 9.6561745941e-06
1417 5.6530857280e-01 7.4597000484e-06
1418 5.6508864846e-01 8.9610056001e-06
1419 5.6502536053e-01 5.1592487850e-06
1420 5.6499032602e-01 7.5999376912e-06
1421 5.6497956007e-01 4.0569331313e-06
1422 5.6497142154e-01 5.5820916308e-06
1423 5.6496956276e-01 3.7736897179e-06
1424 5.6496317905e-01 3.8505235437e-06
1425 5.6495781575e-01 3.0681744187e-06
1426 5.6494226303e-01 3.5392068030e-06
1427 5.6492986139e-01 2.7113765252e-06
1428 5.6490397075e-01 3.0587797953e-06
1429 5.6488526848e-01 2.5309897731e-06
1430 5.6485445138e-01 2.8727568914e-06
1431 5.6482070857e-01 2.4815249016e-06
1432 5.6479316905e-01 2.2324861380e-06
1433 5.6475067003e-01 1.9072723841e-06
1434 5.6472738051e-01 1.4238268992e-06
1435 5.6467437392e-01 2.2991428601e-06
1436 5.6463531332e-01 1.4036934521e-06
1437 5.6456036380e-01 2.3346994614e-06
1438 5.6450968303e-01 1.2424425585e-06
1439 5.6444553158e-01 1.7283228104e-06
1440 5.6438969321e-01 1.2813838425e-06
1441 5.6429540193e-01 1.9386244030e-06
1442 5.6420745094e-01 1.4346840548e-06
1443 5.6405645683e-01 2.2665614010e-06
1444 5.6394014477e-01 1.6109188500e-06
1445 5.6375777881e-01 2.5635713447e-06
1446 5.6358808735e-01 2.0281579812e-06
1447 5.6329674638e-01 2.9316171299e-06
1448 5.6294998846e-01 2.7383536773e-06
1449 5.6256764937e-01 3.1362207411e-06
1450 5.6217799521e-01 3.5184110923e-06
1451 5.6181431616e-01 3.0460472298e-06
1452 5.6135991346e-01 4.9329406098e-06
1453 5.6087825473e-01 3.3030559839e-06
1454 5.6035638761e-01 5.3576447279e-06
1455 5.6011350186e-01 3.1619296743e-06
1456 5.5989367996e-01 4.7916610665e-06
1457 5.5970173598e-01 4.0514810450e-06
1458 5.5955721301e-01 4.3057662254e-06
1459 5.5948382631e-01 5.1307645580e-06
1460 5.5953092619e-01 3.3804467872e-06
1461 5.5958214406e-01 3.4456942093e-06
1462 5.5968396857e-01 3.8301510806e-06
1463 5.5980504069e-01 2.9768847197e-06
1464 5.5989147029e-01 3.3508506199e-06
1465 5.6004869077e-01 2.8419439830e-06
1466 5.6011913636e-01 3.1060179141e-06
1467 5.6029424551e-01 2.3580231594e-06
1468 5.6034800182e-01 2.3330647882e-06
1469 5.6041768931e-01 1.7431456936e-06
1470 5.6044669290e-01 2.4955399675e-06
1471 5.6048829155e-01 1.6235213582e-06
1472 5.6050311491e-01 2.3779774028e-06
1473 5.6051727295e-01 1.6506372945e-06
1474 5.6051800994e-01 1.9089038447e-06
1475 5.6050419795e-01 3.2128907977e-06
1476 5.6048202204e-01 2.0645417530e-06
1477 5.6045455962e-01 2.7297572801e-06
1478 5.6041100986e-01 2.6672615881e-06
1479 5.6036587551e-01 2.3080078297e-06
1480 5.6029101362e-01 3.6922746519e-06
1481 5.6019074845e-01 2.9805734414e-06
1482 5.6010388901e-01 3.3403818183e-06
1483 5.5996326051e-01 4.6385655607e-06
1484 5.5980935399e-01 3.4881080632e-06
1485 5.5966284137e-01 4.6887618450e-06
1486 5.5950507946e-01 4.3048604156e-06
1487 5.5938311706e-01 3.9036161589e-06
1488 5.5920652165e-01 6.0233645395e-06
1489 5.5904227611e-01 5.3933478056e-06
1490 5.5890922731e-01 6.6610776768e-06
1491 5.5884841811e-01 7.8160478981e-06
1492 5.5900183531e-01 7.2399338261e-06
1493 5.5945237029e-01 9.6965677778e-06
1494 5.6073063791e-01 8.2192471841e-06
1495 5.6229830372e-01 1.0461922448e-05
1496 5.6434592263e-01 7.7884806980e-06
1497 5.6591465703e-01 9.0373889338e-06
1498 5.6824100893e-01 7.7460511406e-06
1499 5.7002988417e-01 6.4227498474e-06
1500 5.7203145095e-01 8.7894937539e-06
1501 5.7413270001e-01 5.1764314575e-06
1502 5.7571268958e-01 7.0035003026e-06
1503 5.7699873117e-01 5.0002801133e-06
1504 5.7788118984e-01 3.5452468254e-06
1505 5.7862197246e-01 4.5189098589e-06
1506 5.7912676038e-01 3.0903828218e-06
1507 5.7960852132e-01 4.1125542235e-06
1508 5.8001652736e-01 2.8122881679e-06
1509 5.8030128755e-01 2.5200226909e-06
1510 5.8054452727e-01 3.1577820213e-06
1511 5.8072407786e-01 2.5107060472e-06
1512 5.8094543990e-01 3.6172621936e-06
1513 5.8110227232e-01 2.6127385043e-06
1514 5.8116221207e-01 2.9189466866e-06
1515 5.8120332821e-01 2.6779766223e-06
1516 5.8120949628e-01 2.6120358624e-06
1517 5.8117073412e-01 2.9540024974e-06
1518 5.8109635057e-01 3.2653598445e-06
1519 5.8100192894e-01 3.1872816183e-06
1520 5.8083043465e-01 4.4182420710e-06
1521 5.8060799220e-01 4.0420369182e-06
1522 5.8031548125e-01 4.3255249592e-06
1523 5.8002663397e-01 4.4444683733e-06
1524 5.7972162475e-01 4.3069789696e-06
1525 5.7932593425e-01 5.0041684716e-06
1526 5.7896764514e-01 4.8731621090e-06
1527 5.7857560574e-01 5.0642208629e-06
1528 5.7808241190e-01 5.5806162279e-06
1529 5.7770261899e-01 6.0928285411e-06
1530 5.7698031043e-01 9.6409183232e-06
1531 5.7649220600e-01 7.3256773630e-06
1532 5.7637643084e-01 7.0139436664e-06
1533 5.7647822469e-01 8.3992995924e-06
1534 5.7670217420e-01 6.3265009380e-06
1535 5.7729177619e-01 1.0011605544e-05
1536 5.7821647006e-01 7.4092766125e-06
1537 5.7906382128e-01 6.7199192880e-06
1538 5.8047558402e-01 8.0670569858e-06
1539 5.8157778515e-01 5.9539410494e-06
1540 5.8284092504e-01 6.8601695197e-06
1541 5.8400452587e-01 5.7111149387e-06
1542 5.8482383360e-01 4.6190416586e-06
1543 5.8572588948e-01 5.4090332011e-06
1544 5.8643333616e-01 4.1409694502e-06
1545 5.8710335351e-01 4.4039018662e-06
1546 5.8778946326e-01 3.8425450193e-06
1547 5.8821868087e-01 2.9085564453e-06
1548 5.8858938003e-01 2.9178200286e-06
1549 5.8888301929e-01 3.4151762357e-06
1550 5.8922543228e-01 2.9555002446e-06
1551 5.8961473797e-01 2.8784848646e-06
1552 5.8983612935e-01 2.7003372832e-06
1553 5.9011934073e-01 2.2600050220e-06
1554 5.9028511999e-01 2.4952876376e-06
1555 5.9043996002e-01 2.2692198402e-06
1556 5.9066157221e-01 2.0918430530e-06
1557 5.9076523565e-01 2.2662243053e-06
1558 5.9088666992e-01 2.3144924251e-06
1559 5.9099866031e-01 1.9113486488e-06
1560 5.9109080630e-01 2.0659266439e-06
1561 5.9123798926e-01 2.0327432574e-06
1562 5.9131715760e-01 1.7117519107e-06
1563 5.9136282720e-01 1.9882218105e-06
1564 5.9141883273e-01 2.3703509944e-06
1565 5.9146034587e-01 1.9522923824e-06
1566 5.9150522325e-01 1.8644056294e-06
1567 5.9154312479e-01 1.9466211867e-06
1568 5.9156060857e-01 1.5985467677e-06
1569 5.9156485730e-01 2.2565127587e-06
1570 5.9156025518e-01 2.6571013588e-06
1571 5.9154408872e-01 2.4879303416e-06
1572 5.9143884237e-01 3.8505282235e-06
1573 5.9133230696e-01 3.8341110733e-06
1574 5.9125614392e-01 3.5327454298e-06
1575 5.9118021816e-01 4.1024067147e-06
1576 5.9109968332e-01 3.9684709487e-06
1577 5.9091382629e-01 4.9112918007e-06
1578 5.9028245453e-01 8.7471847669e-06
1579 5.8956964696e-01 7.9783036335e-06
1580 5.8884009532e-01 9.1854576025e-06
1581 5.8809931234e-01 9.0582319163e-06
1582 5.8756569374e-01 8.4025773964e-06
1583 5.8680632606e-01 9.7433834709e-06
1584 5.8558652476e-01 1.1840465250e-05
1585 5.8415775572e-01 1.1257194273e-05
1586 5.8165758147e-01 1.6575007807e-05
1587 5.7979369643e-01 1.2954326252e-05
1588 5.7883335062e-01 1.1213492253e-05
1589 5.7758526321e-01 1.1683916797e-05
1590 5.7622899403e-01 1.2335780149e-05
1591 5.7435321380e-01 1.5664262333e-05
1592 5.7138367300e-01 1.7443124617e-05
1593 5.6901027639e-01 1.4187869392e-05
1594 5.6625095754e-01 1.6819272889e-05
1595 5.6390579606e-01 1.1378770726e-05
1596 5.6294688557e-01 9.9446673089e-06
1597 5.6229892467e-01 1.0729274143e-05
1598 5.6128517660e-01 1.0597789825e-05
1599 5.6025110628e-01 1.2890700723e-05
1600 5.5876451080e-01 1.5319808735e-05
1601 5.5755229091e-01 8.7815123531e-06
1602 5.5696701373e-01 7.9442380897e-06
1603 5.5650709958e-01 6.4248377630e-06
1604 5.5619569663e-01 5.5304522691e-06
1605 5.5594150599e-01 6.0809023758e-06
1606 5.5570854921e-01 6.5843531647e-06
1607 5.5550232191e-01 5.4254983724e-06
1608 5.5522738628e-01 7.0856639676e-06
1609 5.5493629062e-01 4.9982041051e-06
1610 5.5471292704e-01 3.8733698154e-06
1611 5.5458777825e-01 3.5145911886e-06
1612 5.5450649273e-01 2.6799854477e-06
1613 5.5442614044e-01 2.7394645614e-06
1614 5.5435844253e-01 2.5894506599e-06
1615 5.5431862413e-01 2.1994205028e-06
1616 5.5427340089e-01 2.2569269876e-06
1617 5.5423283166e-01 2.2299753544e-06
1618 5.5419700404e-01 2.0108744083e-06
1619 5.5416383144e-01 1.6882365466e-06
1620 5.5413861112e-01 1.6961931663e-06
1621 5.5410298526e-01 1.6040588609e-06
1622 5.5403153341e-01 1.9522706569e-06
1623 5.5397702757e-01 1.7301428769e-06
1624 5.5393996903e-01 1.5398604516e-06
1625 5.5390287562e-01 1.5696735819e-06
1626 5.5387013082e-01 1.7163968513e-06
1627 5.5382829871e-01 1.7373663589e-06
1628 5.5378697345e-01 1.6924022354e-06
1629 5.5374668792e-01 1.5398897364e-06
1630 5.5367317993e-01 1.9200624331e-06
1631 5.5354024141e-01 2.2045409947e-06
1632 5.5336214426e-01 2.8192328250e-06
1633 5.5315765418e-01 2.9616174952e-06
1634 5.5292309674e-01 3.2398590279e-06
1635 5.5264865465e-01 3.7719427960e-06
1636 5.5239695942e-01 3.8456523718e-06
1637 5.5215905369e-01 3.7844860543e-06
1638 5.5184369503e-01 4.4343314900e-06
1639 5.5152451599e-01 4.1586896577e-06
1640 5.5105489255e-01 4.4349760509e-06
1641 5.5056229132e-01 4.6945252865e-06
1642 5.5000760074e-01 4.8821129900e-06
1643 5.4921959007e-01 5.3463897617e-06
1644 5.4847361538e-01 7.5851162801e-06
1645 5.4779363139e-01 7.6051683311e-06
1646 5.4682651010e-01 7.8821805424e-06
1647 5.4605511277e-01 8.2260682367e-06
1648 5.4553695350e-01 6.8286880466e-06
1649 5.4492676528e-01 6.4279374691e-06
1650 5.4445022861e-01 8.6877105202e-06
1651 5.4388135777e-01 7.1804203636e-06
1652 5.4323810287e-01 7.0826577500e-06
1653 5.4296992806e-01 6.0453765791e-06
1654 5.4270442702e-01 5.9606617231e-06
1655 5.4246677449e-01 6.8941584183e-06
1656 5.4230383450e-01 6.3542157902e-06
1657 5.4217732067e-01 6.3765560753e-06
1658 5.4208800088e-01 7.3257650138e-06
1659 5.4204277454e-01 6.7246341555e-06
1660 5.4202018907e-01 8.3544463232e-06
1661 5.4206807086e-01 6.1165018253e-06
1662 5.4213672803e-01 5.5608662495e-06
1663 5.4227695546e-01 4.9117934333e-06
1664 5.4236771432e-01 4.8209110149e-06
1665 5.4244584974e-01 3.9313569580e-06
1666 5.4252703644e-01 4.1028660159e-06
1667 5.4259685155e-01 4.1202082767e-06
1668 5.4268265231e-01 4.2794707371e-06
1669 5.4279475084e-01 4.6217525517e-06
1670 5.4287407208e-01 3.5106789238e-06
1671 5.4295973286e-01 3.2643246750e-06
1672 5.4304749097e-01 2.8319588601e-06
1673 5.4309848813e-01 2.1455119965e-06
1674 5.4313773148e-01 2.0572643660e-06
1675 5.4316724873e-01 1.9132041185e-06
1676 5.4318613331e-01 1.7544731488e-06
1677 5.4320855047e-01 1.6691043031e-06
1678 5.4323271143e-01 1.5878932945e-06
1679 5.4325111828e-01 1.6534247092e-06
1680 5.4328509070e-01 1.6266164878e-06
1681 5.4330270748e-01 1.5369726067e-06
1682 5.4331393484e-01 1.3652259639e-06
1683 5.4332301674e-01 1.2915951552e-06
1684 5.4333035439e-01 1.1688921965e-06
1685 5.4333486918e-01 1.0067793298e-06
1686 5.4333987884e-01 9.5574428844e-07
1687 5.4334265831e-01 8.5186638040e-07
1688 5.4334701573e-01 1.0266386187e-06
1689 5.4335117166e-01 9.6905536070e-07
1690 5.4335343954e-01 8.5083573833e-07
1691 5.4335510920e-01 9.4196902630e-07
1692 5.4335649639e-01 1.1078925419e-06
1693 5.4335700780e-01 9.2934955164e-07
1694 5.4335695495e-01 8.4031690295e-07
1695 5.4335624713e-01 8.4967498040e-07
1696 5.4335490273e-01 8.8007113978e-07
1697 5.4335300473e-01 7.2091019235e-07
1698 5.4335105794e-01 7.2180031720e-07
1699 5.4334924518e-01 7.2767998128e-07
1700 5.4334502494e-01 9.2617267757e-07
1701 5.4334055899e-01 9.9512133949e-07
1702 5.4333681043e-01 1.0045579971e-06
1703 5.4333129281e-01 9.9210051206e-07
1704 5.4332533733e-01 1.1382241145e-06
1705 5.4331660936e-01 1.1534080618e-06
1706 5.4330487187e-01 1.1285297148e-06
1707 5.4329223636e-01 1.1276037237e-06
1708 5.4327304414e-01 1.3280440507e-06
1709 5.4325259845e-01 1.2118825719e-06
1710 5.4323632157e-01 1.2600592216e-06
1711 5.4321695034e-01 1.6045563356e-06
1712 5.4318788511e-01 1.5727889309e-06
1713 5.4316788375e-01 1.4893115254e-06
1714 5.4315085303e-01 1.6527111092e-06
1715 5.4312913202e-01 1.9229463263e-06
1716 5.4309674393e-01 2.0772667437e-06
1717 5.4306074514e-01 2.3516215299e-06
1718 5.4301669409e-01 2.0070190384e-06
1719 5.4296931081e-01 2.3420060448e-06
1720 5.4291505725e-01 2.9251807475e-06
1721 5.4286076324e-01 2.5283637830e-06
1722 5.4281585833e-01 2.6293751184e-06
1723 5.4277241620e-01 2.8275982281e-06
1724 5.4274419851e-01 2.7026004317e-06
1725 5.4269495036e-01 3.5034165323e-06
1726 5.4265409041e-01 3.9882426785e-06
1727 5.4259132328e-01 3.9271436552e-06
1728 5.4256974543e-01 3.7224717903e-06
1729 5.4257231929e-01 3.8085477088e-06
1730 5.4258753041e-01 3.0121729299e-06
1731 5.4262978077e-01 3.9846654187e-06
1732 5.4266391460e-01 2.7556766507e-06
1733 5.4271193109e-01 2.4117465360e-06
1734 5.4273714158e-01 2.9081618992e-06
1735 5.4277820809e-01 2.7755630722e-06
1736 5.4281082549e-01 2.4957808724e-06
1737 5.4284960266e-01 2.9403155775e-06
1738 5.4288869938e-01 2.2475084372e-06
1739 5.4295212576e-01 2.5873015160e-06
1740 5.4298406780e-01 2.0943040319e-06
1741 5.4304266154e-01 2.0536015164e-06
1742 5.4307160574e-01 1.5941984312e-06
1743 5.4309470722e-01 1.6389794211e-06
1744 5.4311481555e-01 1.2190981506e-06
1745 5.4312679273e-01 1.6837299666e-06
1746 5.4313456680e-01 1.0795474468e-06
1747 5.4314029446e-01 1.3183562111e-06
1748 5.4314429127e-01 1.0102585741e-06
1749 5.4315003364e-01 1.1323195924e-06
1750 5.4315164327e-01 7.9332980072e-07
1751 5.4315131659e-01 1.0254478487e-06
1752 5.4315006687e-01 9.1774841335e-07
1753 5.4314720497e-01 1.0822524103e-06
1754 5.4314347027e-01 6.6256861342e-07
1755 5.4313863411e-01 8.4742446304e-07
1756 5.4313549036e-01 5.0581556749e-07
1757 5.4312914549e-01 6.7167513140e-07
1758 5.4312458102e-01 4.7046854576e-07
1759 5.4311685836e-01 5.0727704347e-07
1760 5.4311052007e-01 4.3291311639e-07
1761 5.4309425344e-01 5.1552997867e-07
1762 5.4307189339e-01 4.8986527347e-07
1763 5.4305471496e-01 6.0543319857e-07
1764 5.4303337321e-01 5.0048775797e-07
1765 5.4299675191e-01 1.0228176012e-06
1766 5.4297158344e-01 6.7390915688e-07
1767 5.4292275605e-01 8.3691991734e-07
1768 5.4289909461e-01 8.4181175625e-07
1769 5.4283999408e-01 8.2785254094e-07
1770 5.4281828147e-01 6.4055901722e-07
1771 5.4278044693e-01 7.4818545147e-07
1772 5.4274280809e-01 7.2048190432e-07
1773 5.4265901493e-01 9.0796866048e-07
1774 5.4260912316e-01 7.7113149534e-07
1775 5.4247864594e-01 1.1601601252e-06
1776 5.4240948740e-01 9.4674517897e-07
1777 5.4228501815e-01 1.3652087624e-06
1778 5.4221983569e-01 1.1402913029e-06
1779 5.4207246779e-01 1.7709376590e-06
1780 5.4197982535e-01 1.2779612878e-06
1781 5.4189580289e-01 1.6334393609e-06
1782 5.4174865879e-01 1.5560274903e-06
1783 5.4166678649e-01 1.5289253695e-06
1784 5.4153525365e-01 1.3154764570e-06
1785 5.4145578397e-01 1.4827370056e-06
1786 5.4131028884e-01 1.4137184762e-06
1787 5.4122624321e-01 1.4584168442e-06
1788 5.4102063592e-01 2.1056752318e-06
1789 5.4088465551e-01 2.1791049568e-06
1790 5.4065093673e-01 2.6442668496e-06
1791 5.4062837836e-01 3.5289281551e-06
1792 5.4089573212e-01 3.2192101367e-06
1793 5.4108099624e-01 2.8339701467e-06
1794 5.4158060969e-01 2.6489601777e-06
1795 5.4183772164e-01 2.5394202855e-06
1796 5.4264537224e-01 2.8743179345e-06
1797 5.4307877234e-01 2.4267486607e-06
1798 5.4423161845e-01 2.4177925700e-06
1799 5.4493213370e-01 2.4588079424e-06
1800 5.4580311122e-01 2.2128906597e-06
1801 5.4659947404e-01 2.4086898202e-06
1802 5.4780687707e-01 2.5300853625e-06
1803 5.4882502034e-01 2.2814285446e-06
1804 5.4948655702e-01 2.0731085616e-06
1805 5.5048114111e-01 2.6270447295e-06
1806 5.5098042780e-01 1.6101192388e-06
1807 5.5190446193e-01 1.9318343748e-06
1808 5.5231150474e-01 1.4866207690e-06
1809 5.5309457366e-01 1.6649079380e-06
1810 5.5338252201e-01 1.3102496270e-06
1811 5.5368446070e-01 1.2485369638e-06
1812 5.5411810038e-01 1.8126927797e-06
1813 5.5455097121e-01 1.1352253070e-06
1814 5.5493958907e-01 1.7168325102e-06
1815 5.5520160664e-01 1.0935947067e-06
1816 5.5555038841e-01 1.7754865126e-06
1817 5.5593048846e-01 1.2495588331e-06
1818 5.5628474711e-01 1.7874174913e-06
1819 5.5678929734e-01 1.9327429667e-06
1820 5.5708772505e-01 1.1754920069e-06
1821 5.5741950719e-01 1.7864564542e-06
1822 5.5764122138e-01 9.3475601246e-07
1823 5.5779572657e-01 1.1738387862e-06
1824 5.5793518146e-01 9.2370694974e-07
1825 5.5805383163e-01 1.0284768420e-06
1826 5.5824278368e-01 8.5826799930e-07
1827 5.5834881060e-01 9.9870043845e-07
1828 5.5847138108e-01 7.4508414904e-07
1829 5.5852630434e-01 8.2351274086e-07
1830 5.5856334815e-01 9.3007019547e-07
1831 5.5860568514e-01 8.0271364116e-07
1832 5.5862038843e-01 9.8689664180e-07
1833 5.5862496160e-01 7.9751688337e-07
1834 5.5861525764e-01 8.5948270754e-07
1835 5.5859129961e-01 1.1160909526e-06
1836 5.5855478436e-01 9.3223670227e-07
1837 5.5848027383e-01 1.2329753486e-06
1838 5.5841491854e-01 7.7539561062e-07
1839 5.5834149412e-01 7.6504543511e-07
1840 5.5819071941e-01 1.0412718769e-06
1841 5.5801655975e-01 8.8539323913e-07
1842 5.5749525171e-01 1.4446505473e-06
1843 5.5708010537e-01 1.1903915496e-06
1844 5.5659233419e-01 1.2412616785e-06
1845 5.5612428268e-01 1.3851074476e-06
1846 5.5593805792e-01 1.0745965600e-06
1847 5.5569002396e-01 1.5169303007e-06
1848 5.5547113660e-01 1.5295850923e-06
1849 5.5515375232e-01 1.3992505041e-06
1850 5.5479175184e-01 1.4480640260e-06
1851 5.5457462497e-01 1.1610030225e-06
1852 5.5421992678e-01 1.2842419296e-06
1853 5.5387810490e-01 1.3503108299e-06
1854 5.5349951825e-01 1.3341330923e-06
1855 5.5228524758e-01 2.1111290063e-06
1856 5.5092557833e-01 1.6861723232e-06
1857 5.4948456460e-01 1.9238861886e-06
1858 5.4844858480e-01 1.7906285684e-06
1859 5.4784279583e-01 1.7047948056e-06
1860 5.4723459910e-01 1.8248929487e-06
1861 5.4661800553e-01 1.9117969703e-06
1862 5.4569380364e-01 2.8004373178e-06
1863 5.4467180886e-01 2.2802554536e-06
1864 5.4399595583e-01 2.1230455463e-06
1865 5.4366591118e-01 2.0378382294e-06
1866 5.4343789485e-01 1.8424759855e-06
1867 5.4308656539e-01 2.7817187555e-06
1868 5.4273421487e-01 1.9286279342e-06
1869 5.4244470285e-01 2.2019578141e-06
1870 5.4229432193e-01 1.6702007689e-06
1871 5.4220835360e-01 1.4759403480e-06
1872 5.4203691855e-01 2.2051858600e-06
1873 5.4193052083e-01 1.6225204042e-06
1874 5.4195831448e-01 1.3301776364e-06
1875 5.4199245096e-01 1.2409396904e-06
1876 5.4203339607e-01 1.1903611744e-06
1877 5.4208953419e-01 1.7116932490e-06
1878 5.4216990636e-01 1.1940599799e-06
1879 5.4221916903e-01 1.2366832696e-06
1880 5.4227282426e-01 1.2884278608e-06
1881 5.4235710303e-01 1.2194150214e-06
1882 5.4242042881e-01 1.5506765488e-06
1883 5.4249753265e-01 1.0314021920e-06
1884 5.4253794414e-01 8.4274837479e-07
1885 5.4256553939e-01 8.3655650027e-07
1886 5.4261040387e-01 8.5611221099e-07
1887 5.4267354759e-01 1.0930525078e-06
1888 5.4278180180e-01 9.8960722163e-07
1889 5.4285150516e-01 5.8911540297e-07
1890 5.4288962684e-01 5.4130040429e-07
1891 5.4291728830e-01 6.1037775167e-07
1892 5.4295293589e-01 1.1599464673e-06
1893 5.4299524464e-01 1.0132333580e-06
1894 5.4301937448e-01 5.4306696825e-07
1895 5.4303147915e-01 4.8069123666e-07
1896 5.4304035030e-01 4.4082886295e-07
1897 5.4305063492e-01 5.7941726572e-07
1898 5.4306144052e-01 5.9904825251e-07
1899 5.4306785127e-01 4.2737228786e-07
1900 5.4307028338e-01 3.9937648967e-07
1901 5.4307149263e-01 3.7094308657e-07
1902 5.4307090628e-01 4.0339070358e-07
1903 5.4306707379e-01 6.4196982213e-07
1904 5.4306135696e-01 5.9363451680e-07
1905 5.4305344562e-01 8.2800023167e-07
1906 5.4304748772e-01 5.4329314242e-07
1907 5.4304321192e-01 4.4058633514e-07
1908 5.4303740920e-01 4.9008604921e-07
1909 5.4302878619e-01 5.7281839847e-07
1910 5.4300933402e-01 8.1238909793e-07
1911 5.4297277625e-01 1.1671714612e-06
1912 5.4294172244e-01 6.6736536317e-07
1913 5.4291992834e-01 6.4962167573e-07
1914 5.4289782694e-01 5.8353787540e-07
1915 5.4286623310e-01 6.1753327782e-07
1916 5.4273002124e-01 1.3166960150e-06
1917 5.4257616526e-01 1.7202681302e-06
1918 5.4245963153e-01 1.6281629706e-06
1919 5.4239023896e-01 1.1090192700e-06
1920 5.4234900318e-01 8.8479412497e-07
1921 5.4216830660e-01 1.4799988339e-06
1922 5.4168219133e-01 2.2813156767e-06
1923 5.4135995914e-01 2.2238013682e-06
1924 5.4123378172e-01 1.9012496384e-06
1925 5.4112569414e-01 1.5994048421e-06
1926 5.4097382739e-01 1.6627524846e-06
1927 5.4050575109e-01 3.0612523646e-06
1928 5.3994143676e-01 2.8720933770e-06
1929 5.3965782756e-01 2.6605588142e-06
1930 5.3945540973e-01 2.1622957150e-06
1931 5.3923752324e-01 2.0168385593e-06
1932 5.3859940792e-01 3.3379158354e-06
1933 5.3749501402e-01 7.0611849568e-06
1934 5.3715110626e-01 4.0399106176e-06
1935 5.3712308151e-01 3.0642797775e-06
1936 5.3711581434e-01 2.5081247440e-06
1937 5.3713944643e-01 2.9763706374e-06
1938 5.3740063822e-01 4.7993152228e-06
1939 5.3853945710e-01 6.1260820532e-06
1940 5.3942692333e-01 4.9060449863e-06
1941 5.3984461410e-01 3.9426747163e-06
1942 5.4013459779e-01 3.1694550555e-06
1943 5.4061069924e-01 3.4724135623e-06
1944 5.4305072231e-01 5.8073281155e-06
1945 5.5282289569e-01 1.2633273512e-05
1946 5.6872647547e-01 1.5632073054e-05
1947 5.7808143450e-01 6.6042428367e-06
1948 5.8173190268e-01 3.5515477236e-06
1949 5.8274267834e-01 3.3442932659e-06
1950 5.8387118112e-01 3.2338819786e-06
1951 5.8592348099e-01 3.8970959705e-06
1952 5.9469380011e-01 7.9957236829e-06
1953 6.0600670441e-01 5.9895377047e-06
1954 6.1387472569e-01 2.8624555412e-06
1955 6.1677763812e-01 1.6575523288e-06
1956 6.1742608154e-01 1.3488694532e-06
1957 6.1794417856e-01 2.2375024117e-06
1958 6.1916538128e-01 4.7274973507e-06
1959 6.2130539020e-01 3.1139059576e-06
1960 6.2306897456e-01 2.2609984117e-06
1961 6.2392777740e-01 1.3405043927e-06
1962 6.2411852626e-01 1.1216656806e-06
1963 6.2427423232e-01 1.6978299088e-06
1964 6.2455608259e-01 1.8912817129e-06
1965 6.2497493220e-01 1.7502049033e-06
1966 6.2545182755e-01 2.1081455507e-06
1967 6.2582733859e-01 2.4519771123e-06
1968 6.2620949475e-01 2.1610505086e-06
1969 6.2656521644e-01 1.6470077712e-06
1970 6.2673729695e-01 9.8157283729e-07
1971 6.2683028186e-01 1.1594719867e-06
1972 6.2699666497e-01 2.8963481804e-06
1973 6.2724944809e-01 2.7670653065e-06
1974 6.2757706614e-01 2.2217149871e-06
1975 6.2769677193e-01 1.8103895372e-06
1976 6.2774184108e-01 1.4058803460e-06
1977 6.2776490144e-01 1.2938459125e-06
1978 6.2777585162e-01 8.9520555133e-07
1979 6.2776152439e-01 1.1454594808e-06
1980 6.2772655173e-01 1.4778649491e-06
1981 6.2765366983e-01 1.5378955727e-06
1982 6.2752566637e-01 1.1891971288e-06
1983 6.2744818999e-01 9.8194398836e-07
1984 6.2737541910e-01 1.0794472165e-06
1985 6.2727835451e-01 1.1204391619e-06
1986 6.2712938706e-01 9.3286936432e-07
1987 6.2693141225e-01 1.3157592604e-06
1988 6.2668537436e-01 1.8941719490e-06
1989 6.2622356836e-01 2.3332656582e-06
1990 6.2535025762e-01 1.8020282492e-06
1991 6.2479936453e-01 1.2408533087e-06
1992 6.2464358546e-01 1.1248300253e-06
1993 6.2437331528e-01 1.3661675418e-06
1994 6.2402444506e-01 1.5478889302e-06
1995 6.2345207245e-01 1.5715655100e-06
1996 6.2285865092e-01 2.4196556390e-06
1997 6.2188481326e-01 3.2893377944e-06
1998 6.2057019252e-01 2.8324289861e-06
1999 6.1928367345e-01 2.1529351269e-06
