iter rel_error rel_residual
0 2.9201990837e+00 6.8907109125e-02
1 2.9759591324e+00 3.2544093320e-02
2 2.3766770214e+00 3.8409905666e-02
3 2.0037234083e+00 1.3607710771e-02
4 1.9110177984e+00 1.4973640345e-02
5 1.7131838004e+00 1.2259312900e-02
6 1.6707257678e+00 5.6633244339e-03
7 1.5638880663e+00 3.8766031576e-03
8 1.5125363196e+00 7.5627056272e-03
9 1.4322500322e+00 5.4738314779e-03
10 1.4275307456e+00 2.6436972601e-03
11 1.3703710372e+00 3.8489836985e-03
12 1.3421967312e+00 3.6823487545e-03
13 1.3166481707e+00 2.2379367669e-03
14 1.2937221020e+00 2.9472996555e-03
15 1.2806427408e+00 2.7909049911e-03
16 1.2530798197e+00 1.5925274742e-03
17 1.2412792409e+00 2.2912954694e-03
18 1.2275954284e+00 2.3206757601e-03
19 1.2025969382e+00 1.3375174737e-03
20 1.1958313268e+00 1.8871538336e-03
21 1.1803274392e+00 1.9438966969e-03
22 1.1648142222e+00 1.1860063844e-03
23 1.1587014759e+00 1.4355732586e-03
24 1.1412215958e+00 1.8009396622e-03
25 1.1280893376e+00 9.7242420791e-04
26 1.1225494365e+00 1.2511937328e-03
27 1.1099337086e+00 1.4708523097e-03
28 1.1011297463e+00 8.2405862541e-04
29 1.0937765040e+00 1.0412976039e-03
30 1.0800162268e+00 1.4425213036e-03
31 1.0722447416e+00 7.6091296275e-04
32 1.0649333295e+00 9.3480375313e-04
33 1.0544170963e+00 1.2165691947e-03
34 1.0484917516e+00 6.8617056841e-04
35 1.0416226463e+00 7.7345272308e-04
36 1.0336964754e+00 1.0504477837e-03
37 1.0290082909e+00 5.8359516357e-04
38 1.0220523216e+00 7.3117099752e-04
39 1.0149189691e+00 9.0896822878e-04
40 1.0105527974e+00 5.5884442478e-04
41 1.0040271492e+00 6.5761112647e-04
42 9.9813945981e-01 8.3675735566e-04
43 9.9378991676e-01 4.9857870778e-04
44 9.8788648583e-01 6.5374326614e-04
45 9.8085890157e-01 8.4560400247e-04
46 9.7657161273e-01 5.0976500389e-04
47 9.7002740383e-01 6.2082923381e-04
48 9.6532552011e-01 7.4592242284e-04
49 9.6124121548e-01 4.7238885109e-04
50 9.5716368972e-01 5.1049194629e-04
51 9.5368171208e-01 6.3471103651e-04
52 9.5076082492e-01 4.0586371355e-04
53 9.4738852084e-01 4.4650590376e-04
54 9.4456008167e-01 5.7548527821e-04
55 9.4116277031e-01 4.0641823798e-04
56 9.3779128243e-01 4.2761253867e-04
57 9.3444473585e-01 5.8224674097e-04
58 9.3112130731e-01 3.6710372202e-04
59 9.2817979591e-01 3.9748552001e-04
60 9.2535243864e-01 5.3552303762e-04
61 9.2235292767e-01 3.2263981143e-04
62 9.1968048331e-01 3.6488509064e-04
63 9.1690787418e-01 4.8059668873e-04
64 9.1443972505e-01 3.1017797605e-04
65 9.1206437018e-01 3.5020807473e-04
66 9.0985249357e-01 4.4368441904e-04
67 9.0732990266e-01 2.8866330813e-04
68 9.0514852336e-01 3.1927324630e-04
69 9.0317917435e-01 3.9193856164e-04
70 9.0081060639e-01 2.6871996347e-04
71 8.9893491160e-01 2.9372793712e-04
72 8.9692545335e-01 4.0332337929e-04
73 8.9428752299e-01 2.7781361059e-04
74 8.9197184132e-01 3.1662433276e-04
75 8.8918772106e-01 4.1703303586e-04
76 8.8652605234e-01 2.6463314776e-04
77 8.8410883119e-01 3.3311751358e-04
78 8.8165150662e-01 3.5926584728e-04
79 8.7981501124e-01 2.3665086255e-04
80 8.7815756272e-01 2.6774750510e-04
81 8.7642197867e-01 2.9152556772e-04
82 8.7502332869e-01 2.1033061935e-04
83 8.7372063284e-01 2.2508405263e-04
84 8.7232332670e-01 2.7555675200e-04
85 8.7077860560e-01 1.9944380463e-04
86 8.6935421575e-01 2.0120476588e-04
87 8.6793397489e-01 2.5309208591e-04
88 8.6657737061e-01 1.8435518176e-04
89 8.6513339513e-01 1.9992965910e-04
90 8.6354997567e-01 2.6060716209e-04
91 8.6191204717e-01 1.7212586840e-04
92 8.6069258502e-01 2.0101808563e-04
93 8.5913421642e-01 2.3858406842e-04
94 8.5788700426e-01 1.6509270532e-04
95 8.5670347285e-01 1.7604452194e-04
96 8.5536141666e-01 2.1458979646e-04
97 8.5417357477e-01 1.5375290562e-04
98 8.5293226456e-01 1.7047031300e-04
99 8.5148568415e-01 2.1967438204e-04
100 8.4991992521e-01 1.7226696401e-04
101 8.4824622530e-01 1.7902724132e-04
102 8.4640706468e-01 2.3506027780e-04
103 8.4476073915e-01 1.5783355899e-04
104 8.4321964885e-01 1.7690587233e-04
105 8.4138480395e-01 2.2506589839e-04
106 8.3962285637e-01 1.7648985092e-04
107 8.3820419623e-01 1.6870882411e-04
108 8.3641488464e-01 2.2231008679e-04
109 8.3480289671e-01 1.5985891040e-04
110 8.3296446373e-01 1.7730603674e-04
111 8.3105110582e-01 2.2576589688e-04
112 8.2937392102e-01 1.6092428028e-04
113 8.2751972247e-01 1.6199026642e-04
114 8.2593189776e-01 1.9909411308e-04
115 8.2471417433e-01 1.4233586676e-04
116 8.2331356112e-01 1.5844376157e-04
117 8.2168354829e-01 2.1965680985e-04
118 8.2010688571e-01 1.5369598902e-04
119 8.1845769333e-01 1.6636450092e-04
120 8.1698171693e-01 1.9433205542e-04
121 8.1564001019e-01 1.4285986238e-04
122 8.1446160423e-01 1.4175959575e-04
123 8.1315524088e-01 1.7908758486e-04
124 8.1211395940e-01 1.2104389409e-04
125 8.1104871514e-01 1.2640413968e-04
126 8.0999540697e-01 1.5752097879e-04
127 8.0901005526e-01 1.1534691904e-04
128 8.0803626449e-01 1.2290985149e-04
129 8.0685249072e-01 1.6262239886e-04
130 8.0569265540e-01 1.2156860567e-04
131 8.0447710502e-01 1.3608574873e-04
132 8.0311478584e-01 1.6772671855e-04
133 8.0197738219e-01 1.1954802044e-04
134 8.0072245861e-01 1.3362361359e-04
135 7.9918915260e-01 1.5304338259e-04
136 7.9820395746e-01 1.1695772796e-04
137 7.9715138127e-01 1.1821189510e-04
138 7.9598362256e-01 1.4561223043e-04
139 7.9498691141e-01 1.0937692122e-04
140 7.9384957088e-01 1.2389013221e-04
141 7.9251898881e-01 1.4424990117e-04
142 7.9147035331e-01 1.1551191293e-04
143 7.9021443287e-01 1.1482020948e-04
144 7.8904632798e-01 1.4530598105e-04
145 7.8804703284e-01 1.0618336527e-04
146 7.8689754487e-01 1.1465930857e-04
147 7.8574545172e-01 1.2855939122e-04
148 7.8485900294e-01 9.8240134678e-05
149 7.8394645569e-01 9.9830672744e-05
150 7.8313682349e-01 1.1982326646e-04
151 7.8221880528e-01 8.9655972546e-05
152 7.8132593792e-01 9.9777136215e-05
153 7.8026573506e-01 1.2665701637e-04
154 7.7933287549e-01 9.9032853343e-05
155 7.7820795795e-01 1.0045372171e-04
156 7.7721332270e-01 1.1537639399e-04
157 7.7633858550e-01 9.1386347703e-05
158 7.7543053602e-01 8.7669213349e-05
159 7.7455921840e-01 1.0713628665e-04
160 7.7387334588e-01 7.9201029255e-05
161 7.7304283734e-01 8.7473453178e-05
162 7.7210547522e-01 1.0498320447e-04
163 7.7121338163e-01 8.8563107628e-05
164 7.7015422719e-01 9.7697507300e-05
165 7.6912971015e-01 1.0944386315e-04
166 7.6808395324e-01 8.7252505633e-05
167 7.6716600805e-01 8.4694298000e-05
168 7.6626483785e-01 9.9460669713e-05
169 7.6538183746e-01 7.9228433925e-05
170 7.6455366061e-01 8.4789481256e-05
171 7.6371782596e-01 9.2246121579e-05
172 7.6286982569e-01 7.9159342974e-05
173 7.6189380347e-01 8.7346140343e-05
174 7.6077354705e-01 1.0196718071e-04
175 7.5966373029e-01 8.4678984062e-05
176 7.5867218914e-01 7.9483499732e-05
177 7.5763977197e-01 1.0064391324e-04
178 7.5674359711e-01 7.4279985792e-05
179 7.5581919995e-01 8.1838468924e-05
180 7.5487598349e-01 8.7381090040e-05
181 7.5409029212e-01 6.7106333091e-05
182 7.5341044782e-01 6.9540106171e-05
183 7.5256619598e-01 7.8935923945e-05
184 7.5189424876e-01 6.9804803298e-05
185 7.5108083367e-01 6.9228961395e-05
186 7.5015081578e-01 8.1966104064e-05
187 7.4933942851e-01 7.2096136429e-05
188 7.4834561975e-01 7.8256159501e-05
189 7.4721774761e-01 9.1224043716e-05
190 7.4623046657e-01 7.4804306494e-05
191 7.4501657061e-01 7.1924526121e-05
192 7.4399241295e-01 9.6444085034e-05
193 7.4289602252e-01 6.9221934445e-05
194 7.4179684731e-01 7.3238117625e-05
195 7.4078949999e-01 8.1514052053e-05
196 7.3999629351e-01 6.2011013893e-05
197 7.3913166959e-01 6.6358218424e-05
198 7.3828828093e-01 8.0702699401e-05
199 7.3746475882e-01 5.9051805710e-05
200 7.3665130098e-01 6.5789779152e-05
201 7.3581813116e-01 7.2582878236e-05
202 7.3494971998e-01 6.4589958583e-05
203 7.3395689752e-01 7.0737148114e-05
204 7.3293056607e-01 7.5387003330e-05
205 7.3200890759e-01 6.6868850376e-05
206 7.3111084498e-01 6.5819736449e-05
207 7.3019051296e-01 7.9775743320e-05
208 7.2907960325e-01 6.8882792641e-05
209 7.2805224751e-01 7.2077101452e-05
210 7.2678512007e-01 8.3528024024e-05
211 7.2575916587e-01 6.2349692443e-05
212 7.2481031036e-01 6.5217040493e-05
213 7.2395765112e-01 7.4859116967e-05
214 7.2310453090e-01 5.7578646642e-05
215 7.2219322692e-01 6.2142964539e-05
216 7.2145425834e-01 6.5622963839e-05
217 7.2070881936e-01 5.3948446942e-05
218 7.1993322110e-01 6.0195326365e-05
219 7.1904667648e-01 7.1579894064e-05
220 7.1818151720e-01 5.8239286991e-05
221 7.1728498010e-01 6.1347160176e-05
222 7.1641118473e-01 7.1522210625e-05
223 7.1554544864e-01 5.7865357042e-05
224 7.1463175778e-01 6.2356350312e-05
225 7.1365672434e-01 7.1937961892e-05
226 7.1277082391e-01 5.9408010163e-05
227 7.1170302616e-01 6.4488960004e-05
228 7.1065805850e-01 7.7931000254e-05
229 7.0946751621e-01 6.1683486333e-05
230 7.0842676382e-01 6.8269405780e-05
231 7.0730695815e-01 7.6988070420e-05
232 7.0630581625e-01 6.2035996046e-05
233 7.0532331421e-01 6.4056961870e-05
234 7.0428423020e-01 7.0859011046e-05
235 7.0341281424e-01 5.5417588908e-05
236 7.0257296987e-01 6.3926926570e-05
237 7.0170418383e-01 6.7279582432e-05
238 7.0087834225e-01 6.2057013662e-05
239 6.9983481859e-01 6.7835352330e-05
240 6.9869288503e-01 7.8124165839e-05
241 6.9736319962e-01 6.8306282294e-05
242 6.9628109512e-01 7.0560157861e-05
243 6.9519744016e-01 7.3650278013e-05
244 6.9422406178e-01 6.1934746648e-05
245 6.9327413464e-01 6.9381279318e-05
246 6.9219248944e-01 7.3895324791e-05
247 6.9138702949e-01 5.8971625370e-05
248 6.9050829498e-01 6.2641911800e-05
249 6.8974270814e-01 6.8040423720e-05
250 6.8901157595e-01 5.2766538832e-05
251 6.8834713979e-01 5.8967560821e-05
252 6.8759540078e-01 6.1206987895e-05
253 6.8694109313e-01 5.2929053557e-05
254 6.8629370511e-01 5.5444313238e-05
255 6.8571737398e-01 5.9725510176e-05
256 6.8508230871e-01 4.8444846657e-05
257 6.8453846284e-01 5.1888628790e-05
258 6.8392821595e-01 6.0640647583e-05
259 6.8338822540e-01 4.5610812728e-05
260 6.8279310672e-01 5.2137266133e-05
261 6.8229118806e-01 5.4300513693e-05
262 6.8180313412e-01 4.8041618348e-05
263 6.8127304101e-01 5.1699206218e-05
264 6.8059544796e-01 5.4402325159e-05
265 6.8015580986e-01 4.7752929644e-05
266 6.7969793517e-01 4.6048086006e-05
267 6.7916093173e-01 5.4772728968e-05
268 6.7866113908e-01 4.5414536926e-05
269 6.7813804819e-01 4.8178279902e-05
270 6.7771552788e-01 4.9812545341e-05
271 6.7727324292e-01 4.3668000630e-05
272 6.7681255686e-01 4.4275621441e-05
273 6.7626896400e-01 5.6055764356e-05
274 6.7578744722e-01 4.1798544125e-05
275 6.7528842027e-01 4.8247870994e-05
276 6.7483463118e-01 5.1916515965e-05
277 6.7436056350e-01 4.3955547604e-05
278 6.7388560539e-01 4.3929522708e-05
279 6.7341916439e-01 5.0276283317e-05
280 6.7294467240e-01 4.2685650904e-05
281 6.7246889432e-01 4.8824164794e-05
282 6.7193201167e-01 5.0528395631e-05
283 6.7141006717e-01 4.6080519908e-05
284 6.7095313380e-01 4.7340736020e-05
285 6.7050299197e-01 4.6223536500e-05
286 6.7008673820e-01 4.4616770527e-05
287 6.6964080446e-01 4.2870470888e-05
288 6.6923771651e-01 4.7635082181e-05
289 6.6877482990e-01 4.6489639005e-05
290 6.6838677938e-01 4.1606553758e-05
291 6.6792213783e-01 4.8289858558e-05
292 6.6752099254e-01 4.1563983315e-05
293 6.6707216846e-01 4.3994741886e-05
294 6.6670188987e-01 4.5683986700e-05
295 6.6630018269e-01 4.1197398791e-05
296 6.6590781579e-01 4.4198877671e-05
297 6.6538961038e-01 5.4899042444e-05
298 6.6490952258e-01 4.4179811093e-05
299 6.6439860193e-01 4.8212751987e-05
300 6.6389683764e-01 5.1257798957e-05
301 6.6344921712e-01 4.5289711401e-05
302 6.6299723334e-01 4.6591609219e-05
303 6.6255037534e-01 5.0197551068e-05
304 6.6214421809e-01 4.0502243161e-05
305 6.6178663572e-01 4.5999401923e-05
306 6.6141594105e-01 4.5059478760e-05
307 6.6105492471e-01 3.9374520445e-05
308 6.6072805120e-01 4.0274834687e-05
309 6.6043079519e-01 4.2096783272e-05
310 6.6011381314e-01 3.9902247440e-05
311 6.5979769598e-01 3.9380181926e-05
312 6.5951288342e-01 4.1262260849e-05
313 6.5919629305e-01 3.5718033382e-05
314 6.5899148410e-01 3.5575202227e-05
315 6.5871766858e-01 3.6375550150e-05
316 6.5852899727e-01 3.7621507436e-05
317 6.5824844394e-01 3.4008668756e-05
318 6.5795348783e-01 4.5360602955e-05
319 6.5760527749e-01 3.7012555272e-05
320 6.5723507600e-01 4.9475669747e-05
321 6.5681064948e-01 5.1022042981e-05
322 6.5635973468e-01 4.0981834268e-05
323 6.5606137226e-01 4.7788325491e-05
324 6.5568096577e-01 4.2004546782e-05
325 6.5535195169e-01 4.1366563861e-05
326 6.5508478804e-01 4.3158534956e-05
327 6.5479298623e-01 3.7330458921e-05
328 6.5459984292e-01 4.2127591377e-05
329 6.5431656427e-01 3.0884321520e-05
330 6.5411519891e-01 4.6809789496e-05
331 6.5387875388e-01 2.9028728748e-05
332 6.5368866729e-01 4.6763827316e-05
333 6.5342094315e-01 3.2537116922e-05
334 6.5312708410e-01 5.5344554801e-05
335 6.5284637250e-01 3.1816582660e-05
336 6.5257907486e-01 5.2025919570e-05
337 6.5230659692e-01 3.3652264362e-05
338 6.5201844142e-01 5.0515445939e-05
339 6.5175423100e-01 3.1725443972e-05
340 6.5156024846e-01 4.5763134480e-05
341 6.5132534551e-01 3.0616846382e-05
342 6.5115692059e-01 4.3373450794e-05
343 6.5087418040e-01 3.3448038920e-05
344 6.5072378369e-01 4.1533160778e-05
345 6.5041177845e-01 3.3749526062e-05
346 6.5025503260e-01 5.0925983114e-05
347 6.4986781175e-01 3.4949277796e-05
348 6.4971586323e-01 4.4077103500e-05
349 6.4942369747e-01 3.3546765259e-05
350 6.4930745719e-01 4.2062069812e-05
351 6.4898927609e-01 3.3822134481e-05
352 6.4887513583e-01 4.0419388602e-05
353 6.4858382618e-01 3.5268215608e-05
354 6.4848106355e-01 3.6137904558e-05
355 6.4817457770e-01 3.8591776557e-05
356 6.4805799031e-01 4.1914582540e-05
357 6.4770019933e-01 3.9133583566e-05
358 6.4758405743e-01 3.9449513345e-05
359 6.4729479902e-01 3.8083358301e-05
360 6.4721137419e-01 3.4547409716e-05
361 6.4699449794e-01 3.0037470408e-05
362 6.4691940732e-01 3.5324117258e-05
363 6.4672482892e-01 3.0203137047e-05
364 6.4667009650e-01 3.1259671091e-05
365 6.4646777001e-01 3.1359434527e-05
366 6.4637984297e-01 3.4312348929e-05
367 6.4614540849e-01 3.2087799622e-05
368 6.4606766354e-01 3.9459809009e-05
369 6.4576895237e-01 3.9843554936e-05
370 6.4563287663e-01 4.2006738967e-05
371 6.4531852034e-01 3.9408212253e-05
372 6.4522146223e-01 4.0968460228e-05
373 6.4505577142e-01 4.2648847482e-05
374 6.4488385880e-01 3.3461356227e-05
375 6.4480406648e-01 3.9051256094e-05
376 6.4461793488e-01 3.1925711110e-05
377 6.4454434294e-01 3.3791053349e-05
378 6.4434997389e-01 3.2829809676e-05
379 6.4428539434e-01 3.8554579661e-05
380 6.4407006090e-01 3.4756034510e-05
381 6.4398452183e-01 3.6629772005e-05
382 6.4374797335e-01 3.8531660278e-05
383 6.4366847469e-01 3.9063996784e-05
384 6.4343453204e-01 3.5492150998e-05
385 6.4336329126e-01 3.9267706216e-05
386 6.4317641185e-01 3.3312694311e-05
387 6.4311417381e-01 3.4616300701e-05
388 6.4292748037e-01 3.3748366002e-05
389 6.4287384868e-01 3.7239221752e-05
390 6.4270824081e-01 3.3491160809e-05
391 6.4260358928e-01 4.1565914129e-05
392 6.4246152447e-01 3.8404111374e-05
393 6.4229057714e-01 4.1112106320e-05
394 6.4218942046e-01 3.9575097851e-05
395 6.4201157567e-01 4.2645303996e-05
396 6.4194087847e-01 3.7432399109e-05
397 6.4181408190e-01 3.9760483644e-05
398 6.4169890413e-01 3.7321497548e-05
399 6.4163462135e-01 3.6431001508e-05
400 6.4151670839e-01 3.3308113069e-05
401 6.4146184279e-01 3.4411686906e-05
402 6.4139632777e-01 3.3148795324e-05
403 6.4131850817e-01 3.5221843802e-05
404 6.4125879939e-01 3.8356318383e-05
405 6.4115507310e-01 3.6057048831e-05
406 6.4110428487e-01 3.6662656263e-05
407 6.4104661985e-01 3.8134399418e-05
408 6.4096146365e-01 3.7331141555e-05
409 6.4092558287e-01 3.9304878577e-05
410 6.4084702008e-01 3.5813799146e-05
411 6.4080431639e-01 3.5103817646e-05
412 6.4077290177e-01 3.3521649387e-05
413 6.4073164643e-01 3.2129365990e-05
414 6.4070591143e-01 3.0466332519e-05
415 6.4068218091e-01 2.5586570223e-05
416 6.4066188044e-01 2.4771545868e-05
417 6.4064311645e-01 2.4566510046e-05
418 6.4060955135e-01 2.6014507593e-05
419 6.4058642902e-01 2.5759703214e-05
420 6.4055493055e-01 2.4415357965e-05
421 6.4051640645e-01 2.4542327500e-05
422 6.4049740365e-01 2.4353664262e-05
423 6.4045584729e-01 2.3344055542e-05
424 6.4041662055e-01 2.4582547977e-05
425 6.4038975346e-01 2.4569851089e-05
426 6.4033450442e-01 2.3338262011e-05
427 6.4029310000e-01 2.7046436611e-05
428 6.4024334373e-01 2.6839642734e-05
429 6.4016999230e-01 2.7331286124e-05
430 6.4011813359e-01 2.8409854264e-05
431 6.4004448499e-01 2.8533137552e-05
432 6.3998236446e-01 2.6101414459e-05
433 6.3991896233e-01 3.2174920803e-05
434 6.3983266845e-01 2.7250676565e-05
435 6.3977692413e-01 2.9031684825e-05
436 6.3971207610e-01 2.8375230082e-05
437 6.3964030135e-01 2.5964103005e-05
438 6.3959187809e-01 2.6963925687e-05
439 6.3950893120e-01 2.8647113420e-05
440 6.3943177933e-01 2.5151597088e-05
441 6.3938477298e-01 2.6581031180e-05
442 6.3932450190e-01 2.1654296342e-05
443 6.3927204801e-01 2.4479197863e-05
444 6.3921343728e-01 2.5370950923e-05
445 6.3912595372e-01 2.4237252884e-05
446 6.3906432716e-01 2.8908936061e-05
447 6.3898573236e-01 2.5001640218e-05
448 6.3888257436e-01 2.7775723629e-05
449 6.3881450037e-01 2.7914997792e-05
450 6.3871448551e-01 2.5527015268e-05
451 6.3863449117e-01 2.7607668871e-05
452 6.3855623545e-01 2.5435131086e-05
453 6.3846565985e-01 2.6245410575e-05
454 6.3838439192e-01 2.7702026112e-05
455 6.3829836407e-01 2.7713812027e-05
456 6.3817402172e-01 2.8031718798e-05
457 6.3808683064e-01 2.8908863172e-05
458 6.3798405054e-01 2.7846277159e-05
459 6.3786688431e-01 2.8191693622e-05
460 6.3778347353e-01 2.9001262742e-05
461 6.3766036622e-01 2.8901935606e-05
462 6.3757802547e-01 2.3153124102e-05
463 6.3750652197e-01 2.7454717779e-05
464 6.3740776366e-01 2.3749844657e-05
465 6.3733562190e-01 2.5286150895e-05
466 6.3725800180e-01 2.2844532935e-05
467 6.3715728418e-01 2.4764434303e-05
468 6.3707743248e-01 2.4807890966e-05
469 6.3696689048e-01 2.7237170061e-05
470 6.3684074524e-01 2.6525612129e-05
471 6.3673992510e-01 3.2993108897e-05
472 6.3657406606e-01 2.8037325020e-05
473 6.3642505632e-01 3.1292289104e-05
474 6.3629139495e-01 3.2281304520e-05
475 6.3611436029e-01 2.7656449865e-05
476 6.3600438146e-01 3.0781094590e-05
477 6.3587624702e-01 2.6483632377e-05
478 6.3575025241e-01 2.4618613706e-05
479 6.3567063215e-01 2.4954334439e-05
480 6.3559358735e-01 1.9986744315e-05
481 6.3551682542e-01 2.1270927242e-05
482 6.3544830267e-01 2.4014361933e-05
483 6.3535318509e-01 2.2040547835e-05
484 6.3525021129e-01 2.4020114958e-05
485 6.3514205466e-01 2.6715370695e-05
486 6.3501305930e-01 2.4836279172e-05
487 6.3490297211e-01 2.7750284673e-05
488 6.3475126147e-01 2.8490343459e-05
489 6.3459536696e-01 2.5659796842e-05
490 6.3446254611e-01 2.5895110381e-05
491 6.3434665597e-01 2.7186727413e-05
492 6.3421981167e-01 2.1294884968e-05
493 6.3413629512e-01 2.3814979010e-05
494 6.3403474011e-01 2.1552561879e-05
495 6.3394206319e-01 1.9573294313e-05
496 6.3387474675e-01 2.0665257748e-05
497 6.3377859793e-01 2.1253874767e-05
498 6.3364871096e-01 2.4120959058e-05
499 6.3353152662e-01 2.7470881846e-05
500 6.3333458943e-01 2.7715297135e-05
501 6.3316930715e-01 2.4761568229e-05
502 6.3301872775e-01 2.7465922736e-05
503 6.3286011567e-01 2.4075365212e-05
504 6.3272145373e-01 2.3542870499e-05
505 6.3260599614e-01 2.5654207358e-05
506 6.3244879880e-01 2.4413651441e-05
507 6.3233006046e-01 2.2693573049e-05
508 6.3221488244e-01 2.2133712982e-05
509 6.3206713065e-01 2.5705558713e-05
510 6.3192318067e-01 2.4115906109e-05
511 6.3178935605e-01 2.3229346507e-05
512 6.3164037951e-01 2.1831290202e-05
513 6.3153142770e-01 2.2286836779e-05
514 6.3141097839e-01 2.1345894860e-05
515 6.3128107009e-01 2.3329462702e-05
516 6.3117315229e-01 1.9096966097e-05
517 6.3104664976e-01 2.0373132854e-05
518 6.3094302993e-01 2.2594728029e-05
519 6.3082876070e-01 2.0092666945e-05
520 6.3067289340e-01 2.2058023656e-05
521 6.3054025540e-01 2.2439660660e-05
522 6.3040451140e-01 2.2378920523e-05
523 6.3025134503e-01 2.1352080758e-05
524 6.3013642202e-01 2.2350918330e-05
525 6.3001932381e-01 1.7674911207e-05
526 6.2990383962e-01 1.9940022618e-05
527 6.2980142626e-01 1.9358094280e-05
528 6.2969511093e-01 1.6077567381e-05
529 6.2958505072e-01 1.8956816237e-05
530 6.2949251686e-01 1.9789145757e-05
531 6.2931300936e-01 2.1558464218e-05
532 6.2914036201e-01 2.1694264652e-05
533 6.2901838817e-01 1.8924042366e-05
534 6.2890032560e-01 1.8526521526e-05
535 6.2878835698e-01 1.8461087859e-05
536 6.2868371554e-01 1.7335165675e-05
537 6.2853533744e-01 1.8386509931e-05
538 6.2841069448e-01 1.7600812273e-05
539 6.2831518166e-01 1.7804804044e-05
540 6.2817430223e-01 1.8301381170e-05
541 6.2805910288e-01 1.9235044507e-05
542 6.2790089224e-01 1.9798951317e-05
543 6.2776994578e-01 1.7775690819e-05
544 6.2763303346e-01 2.0889648523e-05
545 6.2745691729e-01 2.1558161841e-05
546 6.2720897189e-01 2.5092935112e-05
547 6.2702822132e-01 2.0864868686e-05
548 6.2682238333e-01 2.2179546291e-05
549 6.2662417104e-01 2.1124235731e-05
550 6.2646727180e-01 1.9532804483e-05
551 6.2627350683e-01 2.2918696551e-05
552 6.2609176280e-01 2.1321506214e-05
553 6.2592355647e-01 1.8764856867e-05
554 6.2577268303e-01 2.1229515261e-05
555 6.2563129179e-01 1.6858369923e-05
556 6.2550848304e-01 1.7952753065e-05
557 6.2535467014e-01 2.3389904075e-05
558 6.2519141866e-01 1.8801462614e-05
559 6.2502075452e-01 1.9076445292e-05
560 6.2482356434e-01 2.3029568480e-05
561 6.2464524685e-01 1.9885892807e-05
562 6.2442541274e-01 2.3019851851e-05
563 6.2420744710e-01 2.0769881421e-05
564 6.2403835795e-01 1.9664859554e-05
565 6.2387482971e-01 1.9595773331e-05
566 6.2372788087e-01 2.1486180822e-05
567 6.2355042466e-01 2.0104645382e-05
568 6.2324623638e-01 2.7243894985e-05
569 6.2294928381e-01 2.3945013279e-05
570 6.2276473469e-01 2.2400890637e-05
571 6.2256073805e-01 2.0134590709e-05
572 6.2238761198e-01 2.1624615063e-05
573 6.2218576510e-01 1.9326614057e-05
574 6.2197495250e-01 2.1066274918e-05
575 6.2181237282e-01 2.3392513466e-05
576 6.2159640127e-01 2.4341349705e-05
577 6.2133729590e-01 2.4424280600e-05
578 6.2107590304e-01 2.5929027993e-05
579 6.2078854695e-01 2.3200307050e-05
580 6.2053174959e-01 2.2988492055e-05
581 6.2039244951e-01 2.0598764194e-05
582 6.2021191493e-01 1.9634160075e-05
583 6.2004707345e-01 2.1063588814e-05
584 6.1991477900e-01 2.1241148198e-05
585 6.1974035130e-01 2.0583739563e-05
586 6.1954276398e-01 1.9824702980e-05
587 6.1940355019e-01 2.1649849689e-05
588 6.1921333140e-01 2.1534584096e-05
589 6.1902256542e-01 2.0794877695e-05
590 6.1884268391e-01 2.2157202179e-05
591 6.1864438432e-01 2.0035483594e-05
592 6.1848120524e-01 2.3432795498e-05
593 6.1829612803e-01 2.6341132251e-05
594 6.1801702090e-01 2.7230269036e-05
595 6.1771222303e-01 2.7281047275e-05
596 6.1742227390e-01 2.4623972719e-05
597 6.1714359563e-01 2.3789313555e-05
598 6.1698693172e-01 2.4086782357e-05
599 6.1681662234e-01 2.1371664636e-05
600 6.1669030843e-01 2.0017096964e-05
601 6.1653587987e-01 2.0720056435e-05
602 6.1639293670e-01 2.0259473829e-05
603 6.1624466061e-01 1.9988055952e-05
604 6.1614188740e-01 1.5720402896e-05
605 6.1607136170e-01 1.4620240664e-05
606 6.1600847509e-01 1.2694085514e-05
607 6.1595167762e-01 1.4486903369e-05
608 6.1586639015e-01 1.5572786996e-05
609 6.1574569628e-01 1.8114556318e-05
610 6.1563677889e-01 1.7331827988e-05
611 6.1553342957e-01 1.7733404296e-05
612 6.1543189022e-01 1.8014939921e-05
613 6.1529827875e-01 2.0596685726e-05
614 6.1510113201e-01 2.0353441493e-05
615 6.1495196004e-01 1.8350485098e-05
616 6.1484385525e-01 1.5533259072e-05
617 6.1476524474e-01 1.5342704945e-05
618 6.1469381623e-01 1.6140851404e-05
619 6.1459727699e-01 1.9563170063e-05
620 6.1439981502e-01 2.4086195108e-05
621 6.1419049409e-01 2.0546591207e-05
622 6.1399896424e-01 1.7600952084e-05
623 6.1387166819e-01 1.5977985847e-05
624 6.1378159300e-01 1.6459464245e-05
625 6.1371254863e-01 1.7415047456e-05
626 6.1362295002e-01 1.8735837041e-05
627 6.1350120215e-01 2.0032765553e-05
628 6.1330852059e-01 2.1457369398e-05
629 6.1304282582e-01 2.0185237835e-05
630 6.1286707209e-01 1.9833560325e-05
631 6.1276462623e-01 1.8139023347e-05
632 6.1267385099e-01 2.1612436141e-05
633 6.1256767250e-01 1.9655120907e-05
634 6.1234387812e-01 1.9673610319e-05
635 6.1212539390e-01 1.8405188003e-05
636 6.1202525069e-01 1.7325521592e-05
637 6.1195730135e-01 1.7729809474e-05
638 6.1189175781e-01 1.9624186726e-05
639 6.1175418787e-01 1.7893850227e-05
640 6.1151598773e-01 2.1211857249e-05
641 6.1125721388e-01 2.0265548485e-05
642 6.1116928752e-01 1.9256341770e-05
643 6.1111764887e-01 1.6290556902e-05
644 6.1103845453e-01 1.5161328515e-05
645 6.1091933393e-01 1.5983567006e-05
646 6.1077594933e-01 1.6377600838e-05
647 6.1067019268e-01 1.5949039992e-05
648 6.1056397581e-01 1.5154498696e-05
649 6.1044419209e-01 1.8785466235e-05
650 6.1032616878e-01 1.8537420462e-05
651 6.1026415297e-01 1.6996143638e-05
652 6.1020509441e-01 1.5217239695e-05
653 6.1013182307e-01 1.4329064168e-05
654 6.0998379698e-01 1.9169087697e-05
655 6.0982313693e-01 1.6900271782e-05
656 6.0969918066e-01 1.6126837518e-05
657 6.0963036214e-01 1.4549512052e-05
658 6.0953887813e-01 1.7545034697e-05
659 6.0946818427e-01 1.5351756891e-05
660 6.0942342184e-01 1.5981489656e-05
661 6.0938663738e-01 1.3057721889e-05
662 6.0932606395e-01 1.3811221739e-05
663 6.0924652770e-01 1.2457355211e-05
664 6.0915062301e-01 1.1688914503e-05
665 6.0911029881e-01 9.8449312113e-06
666 6.0906695845e-01 1.2003292292e-05
667 6.0901176000e-01 1.2064348881e-05
668 6.0898712905e-01 1.1102479236e-05
669 6.0896599285e-01 1.0513383876e-05
670 6.0893606706e-01 1.2079251772e-05
671 6.0888453162e-01 1.1967770925e-05
672 6.0880570793e-01 1.1801378616e-05
673 6.0873298256e-01 1.0144323123e-05
674 6.0866038595e-01 1.2051981190e-05
675 6.0856791538e-01 1.2824492234e-05
676 6.0849004041e-01 1.3169369159e-05
677 6.0845145902e-01 1.1306831297e-05
678 6.0842953582e-01 1.1019266868e-05
679 6.0839231885e-01 1.1067432379e-05
680 6.0836023645e-01 1.3085784566e-05
681 6.0830155723e-01 9.3917216380e-06
682 6.0824762114e-01 1.2805175572e-05
683 6.0815392990e-01 1.0930116274e-05
684 6.0804414961e-01 1.5861825150e-05
685 6.0795482606e-01 1.1741275516e-05
686 6.0789985348e-01 1.4416382351e-05
687 6.0782809638e-01 1.3462858575e-05
688 6.0778139833e-01 1.6101663171e-05
689 6.0772251783e-01 1.2954835878e-05
690 6.0767525475e-01 1.7536719673e-05
691 6.0756507138e-01 1.4196153808e-05
692 6.0745980164e-01 1.7171760340e-05
693 6.0735203110e-01 1.2866041284e-05
694 6.0725528178e-01 1.4799204033e-05
695 6.0715115575e-01 1.4318572905e-05
696 6.0708430249e-01 1.3616293190e-05
697 6.0704917803e-01 1.3225234237e-05
698 6.0698849994e-01 1.5197333435e-05
699 6.0695883265e-01 1.4622253376e-05
700 6.0690909081e-01 1.2498499610e-05
701 6.0687330196e-01 1.4622846190e-05
702 6.0678458702e-01 1.2268422919e-05
703 6.0670519590e-01 1.5914676861e-05
704 6.0660541011e-01 1.2878900716e-05
705 6.0652524761e-01 1.9123572359e-05
706 6.0639988321e-01 1.3528252563e-05
707 6.0636068496e-01 1.5286103822e-05
708 6.0629522558e-01 1.2618495659e-05
709 6.0627348540e-01 1.3111330093e-05
710 6.0624036033e-01 1.0455010129e-05
711 6.0621690183e-01 1.2093654108e-05
712 6.0618560547e-01 1.0044877392e-05
713 6.0615410022e-01 1.5218880699e-05
714 6.0608816979e-01 1.0150284380e-05
715 6.0602146321e-01 1.7863644940e-05
716 6.0594364658e-01 1.0695295428e-05
717 6.0591012951e-01 1.2897440389e-05
718 6.0585837511e-01 1.0205318649e-05
719 6.0583657482e-01 1.0716464129e-05
720 6.0580646105e-01 8.1262128847e-06
721 6.0579428020e-01 9.0045309052e-06
722 6.0577169149e-01 8.3164248478e-06
723 6.0576391782e-01 8.3768301196e-06
724 6.0572507633e-01 7.8932686265e-06
725 6.0568905744e-01 1.0066490597e-05
726 6.0562099143e-01 8.3955926631e-06
727 6.0559166610e-01 1.0852524342e-05
728 6.0553348760e-01 9.0999454019e-06
729 6.0551247295e-01 9.8890722950e-06
730 6.0547806292e-01 8.6379169007e-06
731 6.0546056340e-01 9.9938599693e-06
732 6.0542456362e-01 1.0021348676e-05
733 6.0542128989e-01 8.4911457525e-06
734 6.0539208407e-01 1.3200283944e-05
735 6.0536572993e-01 9.3898628643e-06
736 6.0532767162e-01 1.3743120880e-05
737 6.0524445120e-01 9.0088279216e-06
738 6.0518571683e-01 1.1653241045e-05
739 6.0503709739e-01 9.5853208686e-06
740 6.0499379654e-01 1.2656898576e-05
741 6.0492325573e-01 1.0149293080e-05
742 6.0489272753e-01 1.1076289251e-05
743 6.0484869497e-01 8.8040451085e-06
744 6.0482975523e-01 1.0592373274e-05
745 6.0478806494e-01 8.4225954173e-06
746 6.0477135631e-01 8.9963617256e-06
747 6.0469460028e-01 9.3910736746e-06
748 6.0464547806e-01 9.1374110225e-06
749 6.0452284293e-01 7.9201903431e-06
750 6.0446467631e-01 1.0206738948e-05
751 6.0428329766e-01 9.8713507366e-06
752 6.0423458555e-01 1.0129234646e-05
753 6.0413350834e-01 1.0583915287e-05
754 6.0411307171e-01 9.5235943358e-06
755 6.0404881144e-01 1.0329049155e-05
756 6.0401823294e-01 1.1529694007e-05
757 6.0397102622e-01 9.9345513047e-06
758 6.0395832876e-01 9.8318378299e-06
759 6.0393065092e-01 9.0046883196e-06
760 6.0386316671e-01 1.0321452636e-05
761 6.0383829516e-01 7.1359638790e-06
762 6.0374173105e-01 8.0588592627e-06
763 6.0366666692e-01 7.2754839700e-06
764 6.0358164023e-01 7.0303473206e-06
765 6.0350002075e-01 7.4420902493e-06
766 6.0344582364e-01 6.8711766436e-06
767 6.0336619515e-01 8.8410348069e-06
768 6.0332382643e-01 8.0734107854e-06
769 6.0329582673e-01 8.0143480320e-06
770 6.0326650535e-01 9.5863712133e-06
771 6.0324504059e-01 7.5805894255e-06
772 6.0320002011e-01 1.2034854637e-05
773 6.0317134654e-01 8.7323330832e-06
774 6.0312954470e-01 9.0353211819e-06
775 6.0307947067e-01 8.1643898179e-06
776 6.0304806559e-01 6.1913226889e-06
777 6.0298340168e-01 6.6300366330e-06
778 6.0293942706e-01 5.1147236105e-06
779 6.0285786655e-01 5.6820309046e-06
780 6.0278790940e-01 5.9850997909e-06
781 6.0272323444e-01 5.1600704271e-06
782 6.0266623583e-01 6.3817418705e-06
783 6.0263833694e-01 5.7057016641e-06
784 6.0260442011e-01 5.8017572169e-06
785 6.0258205867e-01 6.1671197052e-06
786 6.0256620345e-01 6.3393166618e-06
787 6.0253140947e-01 7.8313117115e-06
788 6.0251217154e-01 6.8155021428e-06
789 6.0249052885e-01 5.8637261177e-06
790 6.0246114831e-01 6.3415257994e-06
791 6.0243129177e-01 5.4570188041e-06
792 6.0237087924e-01 5.0744836823e-06
793 6.0232636470e-01 4.8984640046e-06
794 6.0224861938e-01 5.0997059987e-06
795 6.0215009560e-01 4.9913363654e-06
796 6.0209128673e-01 5.0108214684e-06
797 6.0199726712e-01 5.4656534942e-06
798 6.0192517053e-01 6.1220142525e-06
799 6.0188703845e-01 5.3634440283e-06
800 6.0182847114e-01 6.0928339708e-06
801 6.0178899880e-01 6.9012072929e-06
802 6.0175069197e-01 5.8546065884e-06
803 6.0171575141e-01 6.9054850432e-06
804 6.0168738983e-01 7.0272730847e-06
805 6.0163401916e-01 6.3505088773e-06
806 6.0158351847e-01 6.5074659114e-06
807 6.0154075126e-01 6.9902562039e-06
808 6.0142171609e-01 7.3416630280e-06
809 6.0135631539e-01 5.9315437195e-06
810 6.0125100258e-01 5.8661678625e-06
811 6.0112751724e-01 5.1980463620e-06
812 6.0105205002e-01 5.4047544339e-06
813 6.0093696375e-01 5.6403723508e-06
814 6.0087323235e-01 5.0976331222e-06
815 6.0079439960e-01 5.6952137561e-06
816 6.0071630879e-01 5.7029424517e-06
817 6.0065617017e-01 6.0290954833e-06
818 6.0056167537e-01 6.7729929396e-06
819 6.0050536233e-01 6.9914950654e-06
820 6.0046679063e-01 7.6197194020e-06
821 6.0043133144e-01 6.0714063691e-06
822 6.0039610338e-01 6.1635218763e-06
823 6.0034835993e-01 7.4334232173e-06
824 6.0025312022e-01 6.9931111790e-06
825 6.0016533399e-01 6.8214490716e-06
826 6.0001908984e-01 7.1962006517e-06
827 5.9985464804e-01 6.6360448724e-06
828 5.9967509188e-01 6.6402699624e-06
829 5.9953067482e-01 4.9090726593e-06
830 5.9942822349e-01 5.6682379080e-06
831 5.9930100145e-01 5.0512772242e-06
832 5.9920966687e-01 4.9480801013e-06
833 5.9914291233e-01 5.7512524036e-06
834 5.9907486133e-01 5.0300440413e-06
835 5.9903522935e-01 5.2911121923e-06
836 5.9898632229e-01 5.9794718187e-06
837 5.9890900294e-01 5.9544355928e-06
838 5.9883223649e-01 7.5598715795e-06
839 5.9877520137e-01 8.0249379440e-06
840 5.9872455678e-01 7.2152220137e-06
841 5.9867083405e-01 9.4042048356e-06
842 5.9857183752e-01 1.0496236145e-05
843 5.9845245614e-01 9.1338008111e-06
844 5.9830879610e-01 8.0847315665e-06
845 5.9810309286e-01 7.0370379254e-06
846 5.9789569984e-01 7.7435628445e-06
847 5.9765284075e-01 5.9808932515e-06
848 5.9742829160e-01 5.4474688220e-06
849 5.9730364569e-01 5.3201457203e-06
850 5.9709306784e-01 5.4232968146e-06
851 5.9693622065e-01 5.9337280084e-06
852 5.9682048791e-01 5.9502952682e-06
853 5.9670083868e-01 6.0274856941e-06
854 5.9660207201e-01 6.8316829096e-06
855 5.9651151725e-01 6.4871710854e-06
856 5.9640046006e-01 6.6646274432e-06
857 5.9633276167e-01 6.8453312201e-06
858 5.9624537639e-01 6.6490772245e-06
859 5.9618131500e-01 7.1719980614e-06
860 5.9615519654e-01 7.3700572646e-06
861 5.9612366849e-01 6.8630129313e-06
862 5.9609968307e-01 6.8247850577e-06
863 5.9606918985e-01 7.2910453443e-06
864 5.9602017973e-01 6.7881367366e-06
865 5.9596957478e-01 5.9165507692e-06
866 5.9588723934e-01 6.4420032759e-06
867 5.9575524833e-01 5.4059536673e-06
868 5.9564200459e-01 5.7880831490e-06
869 5.9545528178e-01 5.8395904297e-06
870 5.9528486237e-01 4.8892233385e-06
871 5.9518509636e-01 4.5046695070e-06
872 5.9500441930e-01 5.3380008175e-06
873 5.9481205389e-01 5.5971134908e-06
874 5.9465803193e-01 5.5740780445e-06
875 5.9450813121e-01 6.0634442201e-06
876 5.9444403972e-01 5.7037373893e-06
877 5.9438363315e-01 5.3877041624e-06
878 5.9433905113e-01 5.0981907303e-06
879 5.9431060484e-01 5.9490872986e-06
880 5.9427694352e-01 4.9475359555e-06
881 5.9424800059e-01 4.8492193629e-06
882 5.9421969563e-01 5.5349382891e-06
883 5.9416729025e-01 5.0513774820e-06
884 5.9413480795e-01 5.1648310732e-06
885 5.9410927961e-01 5.2322971919e-06
886 5.9406209885e-01 4.7222072141e-06
887 5.9402794046e-01 5.5551753632e-06
888 5.9399687938e-01 6.9528818577e-06
889 5.9396777896e-01 5.0445658323e-06
890 5.9393251758e-01 4.3226133455e-06
891 5.9389298462e-01 3.4752706306e-06
892 5.9381911962e-01 3.8848390286e-06
893 5.9367295393e-01 4.7720067621e-06
894 5.9349770361e-01 4.1670064147e-06
895 5.9333797972e-01 4.2117139344e-06
896 5.9323534818e-01 4.7265152986e-06
897 5.9315763216e-01 4.2553826464e-06
898 5.9311754519e-01 4.4849854135e-06
899 5.9304889108e-01 4.6290260929e-06
900 5.9299267199e-01 4.3346967054e-06
901 5.9295591861e-01 5.2120165181e-06
902 5.9291467895e-01 5.6886376412e-06
903 5.9288582899e-01 4.6669276174e-06
904 5.9286468586e-01 5.3048754893e-06
905 5.9282945780e-01 5.3490064715e-06
906 5.9281110533e-01 5.1997408725e-06
907 5.9280735013e-01 5.4129038100e-06
908 5.9279985703e-01 5.4154314910e-06
909 5.9280019652e-01 3.9808972633e-06
910 5.9278767393e-01 4.1665137637e-06
911 5.9273745104e-01 5.0565292468e-06
912 5.9266200402e-01 5.8158572346e-06
913 5.9256831473e-01 4.7876558025e-06
914 5.9249778653e-01 4.0155079265e-06
915 5.9243891031e-01 3.5052708008e-06
916 5.9235978922e-01 3.6326754934e-06
917 5.9225726994e-01 4.2733318625e-06
918 5.9212450235e-01 4.3755274260e-06
919 5.9201859704e-01 4.3157197539e-06
920 5.9196045549e-01 4.5241716943e-06
921 5.9191134059e-01 4.3725469311e-06
922 5.9185775696e-01 4.3131706567e-06
923 5.9177404409e-01 5.7757628351e-06
924 5.9164786119e-01 8.3459184180e-06
925 5.9158419526e-01 7.6363597516e-06
926 5.9157940923e-01 5.1329811978e-06
927 5.9158196721e-01 4.5664054000e-06
928 5.9157331532e-01 5.6389507914e-06
929 5.9154359964e-01 7.8212328846e-06
930 5.9153776342e-01 8.1379182462e-06
931 5.9156055142e-01 5.7140127489e-06
932 5.9155469526e-01 5.1593721022e-06
933 5.9152941442e-01 4.7379935993e-06
934 5.9149609621e-01 5.5124438922e-06
935 5.9145598519e-01 5.5813142282e-06
936 5.9140822698e-01 5.7890824874e-06
937 5.9134188642e-01 7.2948486976e-06
938 5.9122947465e-01 5.9992153662e-06
939 5.9103879597e-01 5.1232512203e-06
940 5.9101391207e-01 4.8646676066e-06
941 5.9095573193e-01 4.6450255858e-06
942 5.9088973659e-01 4.8725651932e-06
943 5.9077649504e-01 6.7946587410e-06
944 5.9048460018e-01 7.2325746787e-06
945 5.9017138469e-01 6.8607340229e-06
946 5.9005367281e-01 6.1974541502e-06
947 5.8997472821e-01 6.7294985090e-06
948 5.8993790286e-01 6.0844501939e-06
949 5.8992591536e-01 6.0672579987e-06
950 5.8988561308e-01 6.7599111330e-06
951 5.8981347787e-01 6.4515613199e-06
952 5.8981333352e-01 5.6181546577e-06
953 5.8987260370e-01 5.8172394848e-06
954 5.8989921921e-01 6.0567608565e-06
955 5.8991288809e-01 6.9703196026e-06
956 5.8991707640e-01 6.4072841448e-06
957 5.8993323678e-01 5.9795312388e-06
958 5.9018903952e-01 4.5714713518e-06
959 5.9040863272e-01 3.6346360224e-06
960 5.9043397522e-01 3.7823636645e-06
961 5.9039729342e-01 4.5537375622e-06
962 5.9014720394e-01 5.1614432492e-06
963 5.8964107378e-01 5.6161850370e-06
964 5.8948554192e-01 4.5893929588e-06
965 5.8943557398e-01 4.0673833440e-06
966 5.8940182833e-01 4.1477116886e-06
967 5.8935537853e-01 4.5865849629e-06
968 5.8917584039e-01 5.3177415516e-06
969 5.8893833401e-01 4.7910850887e-06
970 5.8885986689e-01 4.1769818456e-06
971 5.8886882601e-01 3.9805085942e-06
972 5.8885978866e-01 4.3449826293e-06
973 5.8884978239e-01 5.9890009715e-06
974 5.8882225825e-01 8.0812672161e-06
975 5.8881328066e-01 6.2529054107e-06
976 5.8893387261e-01 4.1507856285e-06
977 5.8898779309e-01 3.8585846014e-06
978 5.8897917510e-01 5.5876796215e-06
979 5.8895054315e-01 9.8131123427e-06
980 5.8897998486e-01 8.3101486341e-06
981 5.8923558816e-01 3.5016275284e-06
982 5.8937374181e-01 2.4251721784e-06
983 5.8936372184e-01 2.6148925810e-06
984 5.8926455640e-01 4.2042021354e-06
985 5.8903962955e-01 7.1234517688e-06
986 5.8855126562e-01 5.9519406972e-06
987 5.8836941595e-01 3.2907221855e-06
988 5.8835962150e-01 2.5657921289e-06
989 5.8833907638e-01 2.8440710653e-06
990 5.8829186823e-01 4.6822090662e-06
991 5.8819359730e-01 8.7411510010e-06
992 5.8795168401e-01 5.4295831904e-06
993 5.8793780348e-01 3.2655078926e-06
994 5.8797346721e-01 2.5618396388e-06
995 5.8797510478e-01 2.5928623707e-06
996 5.8796552592e-01 3.7512347728e-06
997 5.8794303306e-01 7.2114804240e-06
998 5.8792897702e-01 6.4526465401e-06
999 5.8818930610e-01 2.8629881879e-06
1000 5.8831635303e-01 2.1644555536e-06
1001 5.8831965097e-01 2.2047102362e-06
1002 5.8828518450e-01 2.7316224156e-06
1003 5.8808985164e-01 8.1185202609e-06
1004 5.8759772197e-01 9.8046453105e-06
1005 5.8704913321e-01 4.7800597986e-06
1006 5.8702249467e-01 2.6852326982e-06
1007 5.8700694124e-01 2.6307731993e-06
1008 5.8699316992e-01 3.7220080868e-06
1009 5.8691833251e-01 5.3042223031e-06
1010 5.8674117757e-01 7.1033927136e-06
1011 5.8656049060e-01 1.0632210321e-05
1012 5.8656594588e-01 7.7737895803e-06
1013 5.8661078442e-01 7.3764233421e-06
1014 5.8668758574e-01 3.0934267840e-06
1015 5.8674702019e-01 3.1739111831e-06
1016 5.8675101857e-01 4.0246615985e-06
1017 5.8673973458e-01 3.6763116651e-06
1018 5.8667103614e-01 5.1998667677e-06
1019 5.8645730853e-01 1.1354614348e-05
1020 5.8628623666e-01 1.2031108915e-05
1021 5.8614806852e-01 1.4578216940e-05
1022 5.8605634527e-01 1.1051690119e-05
1023 5.8606935830e-01 8.8210330132e-06
1024 5.8610807433e-01 7.0696582585e-06
1025 5.8609324474e-01 5.0682889725e-06
1026 5.8603583066e-01 3.2036810581e-06
1027 5.8594143919e-01 4.6901980791e-06
1028 5.8581637416e-01 5.6827183844e-06
1029 5.8561090413e-01 8.3116770997e-06
1030 5.8525035934e-01 8.7787051718e-06
1031 5.8472059219e-01 1.0696313935e-05
1032 5.8454329608e-01 9.0789170658e-06
1033 5.8448059367e-01 7.3125455455e-06
1034 5.8444174229e-01 5.2338512844e-06
1035 5.8440459197e-01 4.8627536834e-06
1036 5.8439092489e-01 4.8374148278e-06
1037 5.8435979439e-01 3.9692727319e-06
1038 5.8429051722e-01 4.9844437966e-06
1039 5.8411453817e-01 1.0454338599e-05
1040 5.8401118739e-01 9.7643101537e-06
1041 5.8392608368e-01 1.0517455100e-05
1042 5.8397447543e-01 1.0887644064e-05
1043 5.8435499055e-01 1.5320376056e-05
1044 5.8461548641e-01 6.6794834167e-06
1045 5.8477059631e-01 6.5524362468e-06
1046 5.8486802405e-01 4.4638266020e-06
1047 5.8489415305e-01 7.4816283345e-06
1048 5.8488234342e-01 5.4148940834e-06
1049 5.8466112551e-01 9.7519765082e-06
1050 5.8428812077e-01 1.0011940719e-05
1051 5.8337436888e-01 2.2014951153e-05
1052 5.8266942783e-01 1.6460939130e-05
1053 5.8144026261e-01 2.6406855250e-05
1054 5.8100354167e-01 1.2864432875e-05
1055 5.8092048307e-01 1.1675442938e-05
1056 5.8084161852e-01 6.5238825593e-06
1057 5.8078642293e-01 1.0129497783e-05
1058 5.8075218654e-01 4.1523775713e-06
1059 5.8071161452e-01 4.4521878025e-06
1060 5.8066521494e-01 4.1402673149e-06
1061 5.8053406901e-01 7.8137476612e-06
1062 5.8043623604e-01 6.0928047454e-06
1063 5.8009498471e-01 1.1943270677e-05
1064 5.7978250662e-01 1.1763647070e-05
1065 5.7954812996e-01 1.2672961574e-05
1066 5.7951410372e-01 1.1712946863e-05
1067 5.7989047765e-01 1.9504564389e-05
1068 5.8024657730e-01 8.5680599586e-06
1069 5.8055230090e-01 7.6810416912e-06
1070 5.8071190630e-01 6.1053520196e-06
1071 5.8086654245e-01 7.7417773123e-06
1072 5.8089171280e-01 4.5050297102e-06
1073 5.8082470401e-01 7.8326563944e-06
1074 5.8074781299e-01 7.9085460477e-06
1075 5.8054879681e-01 1.0835814024e-05
1076 5.8030521154e-01 1.1109533284e-05
1077 5.7974488624e-01 2.0986021870e-05
1078 5.7937108613e-01 1.6616732965e-05
1079 5.7927412481e-01 1.2394703434e-05
1080 5.7923661789e-01 1.3958227059e-05
1081 5.7923868674e-01 8.1345000209e-06
1082 5.7923001422e-01 7.1201308764e-06
1083 5.7922188279e-01 3.8769793408e-06
1084 5.7913015296e-01 5.9347858529e-06
1085 5.7908743967e-01 3.5609672949e-06
1086 5.7893509044e-01 4.3242052611e-06
1087 5.7876687813e-01 5.3741820482e-06
1088 5.7838954186e-01 8.8158178257e-06
1089 5.7814392810e-01 6.9331997317e-06
1090 5.7754558423e-01 1.3031243092e-05
1091 5.7739993466e-01 7.8401042069e-06
1092 5.7729530667e-01 8.9638030513e-06
1093 5.7732308119e-01 5.8637076289e-06
1094 5.7738915862e-01 7.0818266548e-06
1095 5.7741606025e-01 3.2666432126e-06
1096 5.7744360750e-01 4.9222394843e-06
1097 5.7745418076e-01 2.6769066472e-06
1098 5.7745720536e-01 3.1366683136e-06
1099 5.7745498624e-01 3.1888902388e-06
1100 5.7743885972e-01 4.6009279302e-06
1101 5.7742337621e-01 4.4077033954e-06
1102 5.7734603327e-01 8.0676270683e-06
1103 5.7728658036e-01 7.4379133547e-06
1104 5.7719800843e-01 8.7582246449e-06
1105 5.7710900205e-01 1.0093864517e-05
1106 5.7701621521e-01 1.1095324082e-05
1107 5.7697082686e-01 1.0677259625e-05
1108 5.7697020020e-01 7.9518009962e-06
1109 5.7698104780e-01 9.8198515621e-06
1110 5.7699105070e-01 5.4462290958e-06
1111 5.7699063659e-01 4.3081350838e-06
1112 5.7697833105e-01 5.1876632407e-06
1113 5.7697024513e-01 2.6588389631e-06
1114 5.7695147287e-01 2.6192937377e-06
1115 5.7691879143e-01 3.0002494405e-06
1116 5.7688596594e-01 2.9068176711e-06
1117 5.7684221889e-01 3.9107168192e-06
1118 5.7675046077e-01 3.7994027538e-06
1119 5.7659976725e-01 7.7918854375e-06
1120 5.7646817011e-01 7.1301334505e-06
1121 5.7639411935e-01 6.0321851396e-06
1122 5.7638793010e-01 9.2226772129e-06
1123 5.7642450345e-01 5.2969589544e-06
1124 5.7649208901e-01 5.7025576317e-06
1125 5.7658220292e-01 6.8674585492e-06
1126 5.7664929777e-01 3.3839036896e-06
1127 5.7669523016e-01 3.9315277172e-06
1128 5.7672264743e-01 3.1393488840e-06
1129 5.7673836504e-01 2.7810813451e-06
1130 5.7674416380e-01 3.5003852881e-06
1131 5.7673964734e-01 4.6100089395e-06
1132 5.7671313276e-01 6.2110149426e-06
1133 5.7668728959e-01 5.7469178062e-06
1134 5.7659696406e-01 9.4774267822e-06
1135 5.7642491502e-01 1.2055627709e-05
1136 5.7627579439e-01 1.2210054789e-05
1137 5.7600372712e-01 1.5709676753e-05
1138 5.7583215083e-01 1.5058633065e-05
1139 5.7571074044e-01 1.4621771478e-05
1140 5.7564896888e-01 1.2966980678e-05
1141 5.7564874009e-01 1.2803869107e-05
1142 5.7567748322e-01 9.0174310158e-06
1143 5.7569217199e-01 8.2631821614e-06
1144 5.7569833164e-01 7.7510018133e-06
1145 5.7569915970e-01 5.4539571961e-06
1146 5.7569373900e-01 4.7630764916e-06
1147 5.7567274083e-01 4.9697376566e-06
1148 5.7564911028e-01 4.2084834972e-06
1149 5.7562816789e-01 3.3762526173e-06
1150 5.7559151858e-01 3.5551325697e-06
1151 5.7554049908e-01 4.3818047943e-06
1152 5.7548083436e-01 3.8741895639e-06
1153 5.7537689584e-01 5.4171972499e-06
1154 5.7525927861e-01 4.9676420619e-06
1155 5.7508406043e-01 7.3007446782e-06
1156 5.7489756323e-01 6.9346794621e-06
1157 5.7471528531e-01 8.3525902326e-06
1158 5.7437596139e-01 1.4539828297e-05
1159 5.7428564600e-01 1.0487875280e-05
1160 5.7443824575e-01 1.4358379349e-05
1161 5.7510679052e-01 1.5453380456e-05
1162 5.7576019947e-01 1.0914836295e-05
1163 5.7688044809e-01 1.4098785345e-05
1164 5.7801506744e-01 1.0020021151e-05
1165 5.7850851130e-01 7.0240635971e-06
1166 5.7908480064e-01 7.5355987123e-06
1167 5.7947956414e-01 6.0611115396e-06
1168 5.7966709101e-01 4.9712910637e-06
1169 5.7981045818e-01 5.0494603687e-06
1170 5.7988689592e-01 5.2824671468e-06
1171 5.7990338329e-01 6.1113725230e-06
1172 5.7985862904e-01 6.0868733958e-06
1173 5.7972332367e-01 7.3076879702e-06
1174 5.7932500278e-01 1.1922729064e-05
1175 5.7890560813e-01 1.1717926705e-05
1176 5.7802561271e-01 1.4141097477e-05
1177 5.7655661492e-01 1.9574130884e-05
1178 5.7559476035e-01 1.8326748098e-05
1179 5.7460685806e-01 1.8041259917e-05
1180 5.7371032809e-01 1.7756239191e-05
1181 5.7339920893e-01 1.4258656888e-05
1182 5.7319159088e-01 1.3116318273e-05
1183 5.7309759695e-01 1.0129587754e-05
1184 5.7304024257e-01 1.0953560283e-05
1185 5.7300208453e-01 8.1895906006e-06
1186 5.7296892922e-01 7.0512237807e-06
1187 5.7292163543e-01 7.3048175691e-06
1188 5.7289037356e-01 5.3336863534e-06
1189 5.7285134929e-01 4.2350373193e-06
1190 5.7279969328e-01 5.0081113821e-06
1191 5.7275264879e-01 3.9204587807e-06
1192 5.7269412814e-01 3.3238158560e-06
1193 5.7260897184e-01 4.3911793614e-06
1194 5.7251625822e-01 3.7595647165e-06
1195 5.7239840881e-01 4.6761024785e-06
1196 5.7222806688e-01 5.0591665121e-06
1197 5.7200760655e-01 6.1214303475e-06
1198 5.7178637238e-01 6.8881429071e-06
1199 5.7159418332e-01 6.2575933053e-06
1200 5.7135406599e-01 8.6531260040e-06
1201 5.7122344533e-01 9.0712078857e-06
1202 5.7119347980e-01 7.5718347555e-06
1203 5.7132096989e-01 8.8861857400e-06
1204 5.7151946090e-01 8.1194777129e-06
1205 5.7168725705e-01 5.8626198664e-06
1206 5.7195161954e-01 7.8050471608e-06
1207 5.7214606689e-01 4.8300449583e-06
1208 5.7225402984e-01 3.8397390689e-06
1209 5.7236009281e-01 4.8907357241e-06
1210 5.7241913642e-01 3.0164651043e-06
1211 5.7245003993e-01 3.1384978721e-06
1212 5.7247387036e-01 4.7725169558e-06
1213 5.7248778461e-01 4.1248483994e-06
1214 5.7247923700e-01 4.7404370318e-06
1215 5.7243632308e-01 6.0243264055e-06
1216 5.7237508104e-01 7.2471455556e-06
1217 5.7227841885e-01 7.3656906769e-06
1218 5.7209708858e-01 9.1354926599e-06
1219 5.7187020153e-01 1.0658580019e-05
1220 5.7154859070e-01 1.3405791662e-05
1221 5.7119418814e-01 1.2704666392e-05
1222 5.7064684157e-01 1.6310260415e-05
1223 5.7020465719e-01 1.5853598501e-05
1224 5.6993083919e-01 1.3612594242e-05
1225 5.6961551866e-01 1.6195528498e-05
1226 5.6947358384e-01 9.8165499054e-06
1227 5.6939240917e-01 9.1163256133e-06
1228 5.6931958657e-01 9.5914993099e-06
1229 5.6928607361e-01 6.1495032573e-06
1230 5.6926312974e-01 5.9718075352e-06
1231 5.6923818602e-01 5.9661319780e-06
1232 5.6922374262e-01 4.2226870184e-06
1233 5.6921426941e-01 3.7962630367e-06
1234 5.6920391854e-01 3.6012806021e-06
1235 5.6919808480e-01 2.7584406095e-06
1236 5.6919053330e-01 3.0312557057e-06
1237 5.6918303998e-01 2.6943569352e-06
1238 5.6917474823e-01 2.9965827122e-06
1239 5.6916509889e-01 2.9077523836e-06
1240 5.6915440862e-01 2.9414249355e-06
1241 5.6913848328e-01 3.9058566355e-06
1242 5.6911758701e-01 4.0540701653e-06
1243 5.6909521881e-01 4.2575562584e-06
1244 5.6904672790e-01 6.0553414927e-06
1245 5.6899174372e-01 6.7384043798e-06
1246 5.6891760503e-01 7.6016210620e-06
1247 5.6878839889e-01 1.0300110075e-05
1248 5.6864464409e-01 1.0342298989e-05
1249 5.6851858933e-01 1.1646141839e-05
1250 5.6835627027e-01 1.0811120226e-05
1251 5.6825007933e-01 1.2868667464e-05
1252 5.6816648201e-01 1.2583517278e-05
1253 5.6810423018e-01 1.1741427236e-05
1254 5.6808211032e-01 1.0544244181e-05
1255 5.6808713150e-01 1.0888209672e-05
1256 5.6809770216e-01 7.3942739871e-06
1257 5.6811226876e-01 8.7090388291e-06
1258 5.6812212644e-01 6.9960138285e-06
1259 5.6812861462e-01 5.6993405884e-06
1260 5.6813084658e-01 6.0609866650e-06
1261 5.6813042768e-01 4.8172370391e-06
1262 5.6812654090e-01 3.4212631952e-06
1263 5.6811740478e-01 3.7935549305e-06
1264 5.6810996288e-01 2.6403162411e-06
1265 5.6810016991e-01 2.2359302771e-06
1266 5.6808070480e-01 2.4318992273e-06
1267 5.6806152404e-01 2.4328108132e-06
1268 5.6804249345e-01 2.0521806334e-06
1269 5.6801075364e-01 2.3753390551e-06
1270 5.6798762445e-01 2.0185930606e-06
1271 5.6796002134e-01 1.8970842856e-06
1272 5.6792501012e-01 2.1092917669e-06
1273 5.6788244826e-01 2.3838893811e-06
1274 5.6782074765e-01 2.8036448735e-06
1275 5.6773675667e-01 3.0610090350e-06
1276 5.6761249503e-01 3.3623482603e-06
1277 5.6748418912e-01 4.1362667832e-06
1278 5.6737384747e-01 4.1408767500e-06
1279 5.6720108224e-01 4.9202391095e-06
1280 5.6694210062e-01 7.5282264369e-06
1281 5.6683860430e-01 6.8777113877e-06
1282 5.6692553117e-01 8.9217110181e-06
1283 5.6730721849e-01 8.0181096587e-06
1284 5.6771962855e-01 6.6136096564e-06
1285 5.6846981133e-01 7.4934932448e-06
1286 5.6923894013e-01 6.1589807813e-06
1287 5.6967345693e-01 5.2162771367e-06
1288 5.7025550985e-01 5.4282057397e-06
1289 5.7064555405e-01 4.4671236959e-06
1290 5.7093943308e-01 3.6610825089e-06
1291 5.7126048067e-01 4.3527591781e-06
1292 5.7149451905e-01 3.4903033557e-06
1293 5.7164978489e-01 2.8223369353e-06
1294 5.7179862757e-01 3.1037873551e-06
1295 5.7190307736e-01 3.0810516645e-06
1296 5.7196604198e-01 2.8571415691e-06
1297 5.7201334619e-01 3.8843588442e-06
1298 5.7204177382e-01 3.7462111244e-06
1299 5.7204349619e-01 3.7060582615e-06
1300 5.7201286519e-01 4.2606991757e-06
1301 5.7195600033e-01 4.8882568673e-06
1302 5.7182770651e-01 5.1313433940e-06
1303 5.7162247914e-01 6.6616340709e-06
1304 5.7136559290e-01 6.7957504178e-06
1305 5.7093164817e-01 7.9687340790e-06
1306 5.7052697456e-01 9.0390678642e-06
1307 5.6990470381e-01 9.8414414539e-06
1308 5.6901249130e-01 1.1927304885e-05
1309 5.6807538964e-01 1.3757349136e-05
1310 5.6694802428e-01 1.3401511456e-05
1311 5.6591021693e-01 1.6432453281e-05
1312 5.6526716641e-01 1.2992245625e-05
1313 5.6482470773e-01 1.4293707692e-05
1314 5.6444038393e-01 1.2463048242e-05
1315 5.6434924267e-01 1.0317645849e-05
1316 5.6431889441e-01 8.5712122230e-06
1317 5.6431552287e-01 8.5640330412e-06
1318 5.6432536818e-01 7.2161308274e-06
1319 5.6434221317e-01 6.0365686342e-06
1320 5.6435846133e-01 5.7047985713e-06
1321 5.6436806170e-01 4.1824798936e-06
1322 5.6437143592e-01 3.7754104909e-06
1323 5.6437165355e-01 3.9454398348e-06
1324 5.6436897490e-01 2.9598921998e-06
1325 5.6436251518e-01 3.1818397381e-06
1326 5.6435156251e-01 3.0104646638e-06
1327 5.6433609876e-01 3.1796572016e-06
1328 5.6431418758e-01 3.1237103047e-06
1329 5.6428707103e-01 4.1153535681e-06
1330 5.6425464174e-01 4.0458992156e-06
1331 5.6420590733e-01 4.4162341402e-06
1332 5.6416097519e-01 4.4331932904e-06
1333 5.6410406287e-01 5.2646860903e-06
1334 5.6404947459e-01 5.0372215440e-06
1335 5.6398763746e-01 6.1444554737e-06
1336 5.6390892445e-01 7.2743648318e-06
1337 5.6382957076e-01 7.0357015136e-06
1338 5.6378901483e-01 8.1432297773e-06
1339 5.6379761929e-01 1.3474035024e-05
1340 5.6395709779e-01 1.0309968781e-05
1341 5.6432796455e-01 1.2659521467e-05
1342 5.6504024043e-01 1.3331307619e-05
1343 5.6601650457e-01 1.2032306728e-05
1344 5.6677193156e-01 1.2035977232e-05
1345 5.6827117897e-01 1.4918088900e-05
1346 5.6957043275e-01 1.0658249429e-05
1347 5.7087706960e-01 1.1669662420e-05
1348 5.7215114631e-01 1.2241044687e-05
1349 5.7347205713e-01 9.4530216478e-06
1350 5.7466734528e-01 9.8359567556e-06
1351 5.7572619750e-01 1.0976288353e-05
1352 5.7681516354e-01 8.4788295066e-06
1353 5.7739825338e-01 7.2382684579e-06
1354 5.7789686572e-01 7.0305899610e-06
1355 5.7817450700e-01 6.2776566300e-06
1356 5.7840359431e-01 6.8032780468e-06
1357 5.7852071398e-01 7.1088376742e-06
1358 5.7854687760e-01 6.9177936385e-06
1359 5.7847102844e-01 7.7731001503e-06
1360 5.7825556052e-01 8.1702714765e-06
1361 5.7793569908e-01 8.1025175542e-06
1362 5.7747866821e-01 8.8220331291e-06
1363 5.7691613799e-01 9.3480229137e-06
1364 5.7598385768e-01 1.2183050970e-05
1365 5.7500905055e-01 1.0170126639e-05
1366 5.7413696697e-01 1.1514619745e-05
1367 5.7268997470e-01 1.2483002357e-05
1368 5.7161165921e-01 1.2291153341e-05
1369 5.7006914481e-01 1.3225492357e-05
1370 5.6877305705e-01 1.5528570766e-05
1371 5.6777089661e-01 1.1464294635e-05
1372 5.6685520028e-01 1.6177881718e-05
1373 5.6596403649e-01 1.0948685546e-05
1374 5.6552097333e-01 1.1379778674e-05
1375 5.6515878171e-01 1.1029376826e-05
1376 5.6487991287e-01 1.0334314583e-05
1377 5.6475176037e-01 9.1977782782e-06
1378 5.6464272280e-01 9.0427976065e-06
1379 5.6460418372e-01 7.9660423304e-06
1380 5.6459816769e-01 5.7417486616e-06
1381 5.6460629076e-01 6.7202521571e-06
1382 5.6461989848e-01 5.0001311228e-06
1383 5.6462938899e-01 4.2554910985e-06
1384 5.6465060151e-01 5.1043658422e-06
1385 5.6466032838e-01 2.9625834288e-06
1386 5.6466441121e-01 3.6369948599e-06
1387 5.6467075283e-01 2.5307204022e-06
1388 5.6467310355e-01 2.6932783027e-06
1389 5.6467216311e-01 1.9815853301e-06
1390 5.6467064302e-01 2.4210042785e-06
1391 5.6466769671e-01 1.7013658796e-06
1392 5.6466163463e-01 1.7959299382e-06
1393 5.6465718305e-01 1.5030213456e-06
1394 5.6464758953e-01 2.1687909441e-06
1395 5.6463643156e-01 1.4752226231e-06
1396 5.6461600619e-01 2.4244934746e-06
1397 5.6460104887e-01 1.7082638607e-06
1398 5.6457598558e-01 1.7882955019e-06
1399 5.6455663992e-01 2.4547456656e-06
1400 5.6450663176e-01 2.6709560626e-06
1401 5.6447550890e-01 2.2388122880e-06
1402 5.6438294232e-01 3.6379000780e-06
1403 5.6432890510e-01 3.1206747340e-06
1404 5.6412514097e-01 6.3697456534e-06
1405 5.6396076678e-01 4.6600642084e-06
1406 5.6370237365e-01 6.6697355670e-06
1407 5.6348807573e-01 5.7881036171e-06
1408 5.6329695994e-01 6.8942485749e-06
1409 5.6308340638e-01 6.2569051871e-06
1410 5.6283878250e-01 8.8584607567e-06
1411 5.6269272517e-01 6.4394417206e-06
1412 5.6252698222e-01 1.1183668876e-05
1413 5.6244985019e-01 8.0002033232e-06
1414 5.6248457008e-01 9.9595566184e-06
1415 5.6277959848e-01 8.7665959609e-06
1416 5.6305573691e-01 1.1356451203e-05
1417 5.6348479079e-01 7.3772687680e-06
1418 5.6406445245e-01 1.2405534300e-05
1419 5.6469460735e-01 7.5171486191e-06
1420 5.6541317311e-01 9.5217629439e-06
1421 5.6585764916e-01 5.4155335867e-06
1422 5.6622220021e-01 7.3075329469e-06
1423 5.6654788504e-01 5.3453326979e-06
1424 5.6674678631e-01 4.5136916235e-06
1425 5.6691486839e-01 5.0391068385e-06
1426 5.6702242156e-01 3.2024347724e-06
1427 5.6712871815e-01 4.4026251234e-06
1428 5.6718523923e-01 2.7377048436e-06
1429 5.6721810682e-01 3.3385478850e-06
1430 5.6723023790e-01 2.4643040509e-06
1431 5.6722005280e-01 3.4557616340e-06
1432 5.6720286235e-01 2.2670711831e-06
1433 5.6715678308e-01 2.6067001688e-06
1434 5.6712129194e-01 1.9383236397e-06
1435 5.6703255496e-01 2.8189644058e-06
1436 5.6698732359e-01 1.5823347624e-06
1437 5.6683817685e-01 2.8767799856e-06
1438 5.6674567937e-01 1.7988559263e-06
1439 5.6656727096e-01 2.7658288721e-06
1440 5.6638238253e-01 2.0852129205e-06
1441 5.6615310180e-01 3.2882694361e-06
1442 5.6575270592e-01 2.5654893091e-06
1443 5.6537587206e-01 4.8524036650e-06
1444 5.6468928845e-01 3.2282716384e-06
1445 5.6383644103e-01 5.9271715423e-06
1446 5.6320563845e-01 3.8780034729e-06
1447 5.6209188551e-01 7.1210578324e-06
1448 5.6134905315e-01 4.9887919362e-06
1449 5.6009001254e-01 7.4679951308e-06
1450 5.5911390743e-01 5.7348952415e-06
1451 5.5859706931e-01 8.3488547997e-06
1452 5.5823283223e-01 4.7764450467e-06
1453 5.5818475985e-01 6.3428619195e-06
1454 5.5825430970e-01 4.4987004190e-06
1455 5.5838984650e-01 4.9059489138e-06
1456 5.5851302635e-01 4.2351448453e-06
1457 5.5870473428e-01 3.9087493581e-06
1458 5.5891791975e-01 5.5524434612e-06
1459 5.5925079939e-01 3.4226143366e-06
1460 5.5950214678e-01 4.5651954019e-06
1461 5.5974419265e-01 3.2777114693e-06
1462 5.5988153223e-01 2.6412926072e-06
1463 5.6000795858e-01 2.5247486596e-06
1464 5.6013102401e-01 2.3454283920e-06
1465 5.6019238677e-01 2.3098746227e-06
1466 5.6025732694e-01 1.9595166759e-06
1467 5.6029464107e-01 2.1160561480e-06
1468 5.6033609914e-01 2.0418453638e-06
1469 5.6037119162e-01 2.4218772112e-06
1470 5.6039731465e-01 3.0725765396e-06
1471 5.6042835391e-01 2.0048226952e-06
1472 5.6043540165e-01 3.1503053202e-06
1473 5.6043858747e-01 2.2302990589e-06
1474 5.6042966573e-01 2.8027673368e-06
1475 5.6040840476e-01 3.1024390287e-06
1476 5.6038603596e-01 2.3380230593e-06
1477 5.6035427042e-01 2.6867736944e-06
1478 5.6031219354e-01 2.5585726378e-06
1479 5.6026559572e-01 2.6314803178e-06
1480 5.6018843283e-01 3.6277281772e-06
1481 5.6005933014e-01 3.2443447679e-06
1482 5.5993725084e-01 5.1858061087e-06
1483 5.5978944790e-01 4.3597342374e-06
1484 5.5959850092e-01 7.1166640494e-06
1485 5.5945776063e-01 5.4883266320e-06
1486 5.5943978399e-01 6.5008966667e-06
1487 5.5955137454e-01 6.9598914544e-06
1488 5.5971867796e-01 5.3666278945e-06
1489 5.5998744256e-01 6.3213931214e-06
1490 5.6029091039e-01 5.9843113592e-06
1491 5.6056402392e-01 4.8911688649e-06
1492 5.6094956518e-01 6.2260652234e-06
1493 5.6139769426e-01 4.4496983606e-06
1494 5.6177462771e-01 6.1104351198e-06
1495 5.6230806998e-01 4.8664962848e-06
1496 5.6272004949e-01 4.0444811490e-06
1497 5.6313244174e-01 5.2247712096e-06
1498 5.6347841741e-01 3.6491656302e-06
1499 5.6382778135e-01 4.0059599908e-06
1500 5.6411483674e-01 4.1185387114e-06
1501 5.6434711470e-01 2.9985847741e-06
1502 5.6463717672e-01 2.8918688424e-06
1503 5.6474995923e-01 2.7976576469e-06
1504 5.6487485827e-01 2.2295371080e-06
1505 5.6492630798e-01 2.0992509190e-06
1506 5.6495490179e-01 1.9902526148e-06
1507 5.6497760882e-01 2.1352991455e-06
1508 5.6498083776e-01 2.5785204946e-06
1509 5.6496343478e-01 2.6896404641e-06
1510 5.6493297723e-01 2.3719840757e-06
1511 5.6489607475e-01 1.9274992481e-06
1512 5.6480918416e-01 2.4846882192e-06
1513 5.6473189763e-01 2.2364442762e-06
1514 5.6465239233e-01 2.5958375920e-06
1515 5.6445789875e-01 2.9890650614e-06
1516 5.6431381114e-01 2.4318855093e-06
1517 5.6416533783e-01 2.4964810642e-06
1518 5.6391132703e-01 3.4334688963e-06
1519 5.6368317433e-01 2.9951654790e-06
1520 5.6325997158e-01 4.0648810960e-06
1521 5.6277919270e-01 3.5088018104e-06
1522 5.6246359049e-01 3.1454009745e-06
1523 5.6200732263e-01 3.9898637345e-06
1524 5.6163288010e-01 3.9406519187e-06
1525 5.6112902922e-01 5.0528277899e-06
1526 5.6034051720e-01 5.1094736207e-06
1527 5.5968966714e-01 5.4566034399e-06
1528 5.5891721928e-01 5.7252690810e-06
1529 5.5818303290e-01 4.7471496418e-06
1530 5.5757757130e-01 6.7071979806e-06
1531 5.5708901481e-01 6.5217034265e-06
1532 5.5675611180e-01 5.9864524929e-06
1533 5.5635968349e-01 7.2450596873e-06
1534 5.5626084659e-01 5.3580251418e-06
1535 5.5631754119e-01 5.2709015977e-06
1536 5.5647922240e-01 5.9246752239e-06
1537 5.5666949898e-01 5.7228731425e-06
1538 5.5699038151e-01 5.0003197621e-06
1539 5.5736652911e-01 4.8790788473e-06
1540 5.5756066059e-01 3.5540994958e-06
1541 5.5778272218e-01 3.2200476597e-06
1542 5.5793595592e-01 3.2321486315e-06
1543 5.5805797469e-01 2.8247482057e-06
1544 5.5827776138e-01 2.8002606254e-06
1545 5.5843066303e-01 3.4850413086e-06
1546 5.5861175940e-01 2.7290435964e-06
1547 5.5872906894e-01 2.4492166995e-06
1548 5.5882319787e-01 2.4202764523e-06
1549 5.5892898111e-01 1.9669825442e-06
1550 5.5898386007e-01 2.3005983560e-06
1551 5.5904167916e-01 1.8453178047e-06
1552 5.5909982851e-01 1.6957535015e-06
1553 5.5915486082e-01 2.0963176950e-06
1554 5.5920166190e-01 1.7782696151e-06
1555 5.5922929712e-01 1.9449141819e-06
1556 5.5926117281e-01 2.2467882771e-06
1557 5.5929302165e-01 1.7444241317e-06
1558 5.5931556733e-01 2.0375738736e-06
1559 5.5933389853e-01 1.9918086073e-06
1560 5.5934537393e-01 1.9063194988e-06
1561 5.5935202054e-01 2.8031833244e-06
1562 5.5935643577e-01 2.6467745421e-06
1563 5.5935552118e-01 2.4595351983e-06
1564 5.5934791025e-01 3.2129829791e-06
1565 5.5933307103e-01 3.0172556048e-06
1566 5.5931109968e-01 4.1467730783e-06
1567 5.5926530198e-01 5.4205779123e-06
1568 5.5916290341e-01 5.2307133833e-06
1569 5.5909878145e-01 4.0360545338e-06
1570 5.5904784067e-01 4.0800590261e-06
1571 5.5899092215e-01 4.4234005079e-06
1572 5.5891316522e-01 5.0960555503e-06
1573 5.5860311446e-01 9.0873497887e-06
1574 5.5839670632e-01 7.6964613762e-06
1575 5.5824927090e-01 7.3558875228e-06
1576 5.5804238432e-01 7.7619688182e-06
1577 5.5789102632e-01 7.4355075280e-06
1578 5.5747312653e-01 1.1163183689e-05
1579 5.5707011033e-01 1.1836662039e-05
1580 5.5682195932e-01 9.0008131435e-06
1581 5.5662896666e-01 8.6909950896e-06
1582 5.5651997397e-01 7.6891961792e-06
1583 5.5645611005e-01 6.6584746888e-06
1584 5.5636676785e-01 8.0098030349e-06
1585 5.5630274713e-01 7.7306833806e-06
1586 5.5623231723e-01 8.4168420506e-06
1587 5.5619327155e-01 6.7257144887e-06
1588 5.5618009038e-01 4.8197870185e-06
1589 5.5616511663e-01 4.4059256352e-06
1590 5.5615604441e-01 5.1189418716e-06
1591 5.5615423731e-01 4.1905580310e-06
1592 5.5615131100e-01 5.1850370097e-06
1593 5.5615089030e-01 5.7986687765e-06
1594 5.5615462122e-01 4.6673103613e-06
1595 5.5616043877e-01 3.9002093574e-06
1596 5.5616237934e-01 2.4359669126e-06
1597 5.5616247537e-01 2.1286839409e-06
1598 5.5616159335e-01 2.7183689638e-06
1599 5.5616082366e-01 2.1552191693e-06
1600 5.5615925539e-01 2.3376525257e-06
1601 5.5615688023e-01 1.9952664246e-06
1602 5.5615425760e-01 1.6566143054e-06
1603 5.5614993823e-01 2.0594601686e-06
1604 5.5614523673e-01 1.6040555957e-06
1605 5.5614099740e-01 1.4937359762e-06
1606 5.5613485048e-01 1.5034061264e-06
1607 5.5612806253e-01 1.5398164857e-06
1608 5.5611977096e-01 1.8100345201e-06
1609 5.5611031457e-01 1.6783150043e-06
1610 5.5610230389e-01 1.5527403461e-06
1611 5.5609392549e-01 1.5512698691e-06
1612 5.5608316558e-01 1.4607291023e-06
1613 5.5607080482e-01 1.4781137110e-06
1614 5.5605734324e-01 1.4691036304e-06
1615 5.5604582048e-01 1.3805879717e-06
1616 5.5602347199e-01 1.9218027493e-06
1617 5.5598442847e-01 2.1087891358e-06
1618 5.5595838182e-01 1.8662016092e-06
1619 5.5593866809e-01 1.8353515086e-06
1620 5.5591970787e-01 1.8132985575e-06
1621 5.5589966484e-01 1.8293194172e-06
1622 5.5584211747e-01 2.4064388527e-06
1623 5.5579009301e-01 2.1463885315e-06
1624 5.5571412447e-01 2.9987886324e-06
1625 5.5558410492e-01 3.7968271975e-06
1626 5.5544990445e-01 3.3848098977e-06
1627 5.5530840289e-01 3.8207022050e-06
1628 5.5520778337e-01 3.5721139361e-06
1629 5.5511201040e-01 3.6779222616e-06
1630 5.5494559661e-01 4.8625207472e-06
1631 5.5468687136e-01 4.1158629822e-06
1632 5.5442953486e-01 5.2491863273e-06
1633 5.5397891336e-01 7.7106754826e-06
1634 5.5334455815e-01 7.7258546890e-06
1635 5.5287882694e-01 8.9560437625e-06
1636 5.5246189527e-01 8.1777497660e-06
1637 5.5207243955e-01 7.7791997741e-06
1638 5.5166654677e-01 8.9672785268e-06
1639 5.5095495635e-01 9.1182127893e-06
1640 5.5023938011e-01 8.6599634394e-06
1641 5.4968700391e-01 1.2284361132e-05
1642 5.4902779284e-01 8.8259764035e-06
1643 5.4870530505e-01 8.6229753990e-06
1644 5.4846333499e-01 8.3121503663e-06
1645 5.4825734175e-01 6.8427369032e-06
1646 5.4816189590e-01 6.4496954506e-06
1647 5.4806405720e-01 7.1062243396e-06
1648 5.4797268102e-01 6.7786202625e-06
1649 5.4787378761e-01 7.8861800046e-06
1650 5.4777230361e-01 7.4542793345e-06
1651 5.4769583605e-01 6.3315484085e-06
1652 5.4766318372e-01 6.4389968594e-06
1653 5.4764053353e-01 5.2098731666e-06
1654 5.4763530404e-01 4.9190913376e-06
1655 5.4763666307e-01 4.6126753683e-06
1656 5.4763929789e-01 3.6204923726e-06
1657 5.4764207044e-01 3.7664140070e-06
1658 5.4764735752e-01 3.6478389028e-06
1659 5.4765365145e-01 2.9874770605e-06
1660 5.4766056362e-01 2.8839356508e-06
1661 5.4766492682e-01 2.8934333814e-06
1662 5.4766956584e-01 2.6894496712e-06
1663 5.4767512510e-01 2.6611644931e-06
1664 5.4767862081e-01 2.5251852642e-06
1665 5.4768205653e-01 2.1460765873e-06
1666 5.4768486975e-01 2.4037704429e-06
1667 5.4768775463e-01 1.8063594461e-06
1668 5.4769027234e-01 2.1213487982e-06
1669 5.4769311128e-01 2.2038701070e-06
1670 5.4769485926e-01 1.5616093499e-06
1671 5.4769649279e-01 1.9061767083e-06
1672 5.4769742600e-01 1.5558538363e-06
1673 5.4769790148e-01 1.3811078045e-06
1674 5.4769832570e-01 1.3929841810e-06
1675 5.4769855999e-01 1.3340282493e-06
1676 5.4769867508e-01 1.2944535334e-06
1677 5.4769865576e-01 1.4287651650e-06
1678 5.4769835355e-01 1.6043342706e-06
1679 5.4769744383e-01 1.6101090726e-06
1680 5.4769557642e-01 2.1773229157e-06
1681 5.4769474978e-01 1.6541336055e-06
1682 5.4769369102e-01 1.6047000548e-06
1683 5.4769231991e-01 1.8787429006e-06
1684 5.4769064289e-01 1.7874465807e-06
1685 5.4768830500e-01 1.6793817116e-06
1686 5.4768543849e-01 2.1147906921e-06
1687 5.4768234109e-01 2.0966516465e-06
1688 5.4767679028e-01 2.9593925697e-06
1689 5.4766923255e-01 3.7801649838e-06
1690 5.4766182533e-01 3.1760633247e-06
1691 5.4765163889e-01 3.2139411145e-06
1692 5.4764357697e-01 3.4751575187e-06
1693 5.4763363786e-01 3.3497864246e-06
1694 5.4762248479e-01 3.5525388422e-06
1695 5.4761013990e-01 4.1460532073e-06
1696 5.4759888016e-01 3.9759282711e-06
1697 5.4758318934e-01 4.9328599842e-06
1698 5.4757396099e-01 5.6034748983e-06
1699 5.4756051464e-01 6.2870952068e-06
1700 5.4755186254e-01 6.9970600063e-06
1701 5.4754415086e-01 7.3803596400e-06
1702 5.4754100735e-01 6.1875988281e-06
1703 5.4754001023e-01 7.5451978028e-06
1704 5.4754970329e-01 6.6595189822e-06
1705 5.4757106272e-01 6.6965868395e-06
1706 5.4759777671e-01 6.4170183342e-06
1707 5.4762970645e-01 7.2197017651e-06
1708 5.4768586426e-01 8.5218573520e-06
1709 5.4779668673e-01 9.9220845473e-06
1710 5.4796051315e-01 9.3248749709e-06
1711 5.4810948855e-01 9.5185082289e-06
1712 5.4824103512e-01 7.5996751181e-06
1713 5.4839610919e-01 9.4150325229e-06
1714 5.4857212998e-01 7.4344221426e-06
1715 5.4878120951e-01 7.7448724384e-06
1716 5.4901497552e-01 6.1628531672e-06
1717 5.4916130640e-01 6.8904148388e-06
1718 5.4934290601e-01 6.5900974126e-06
1719 5.4947280462e-01 6.0254980743e-06
1720 5.4955378958e-01 5.7223233321e-06
1721 5.4963868136e-01 7.1816635628e-06
1722 5.4979158598e-01 5.9894016866e-06
1723 5.4988543167e-01 6.2791582322e-06
1724 5.5000557423e-01 3.7611235759e-06
1725 5.5008017851e-01 4.0305096553e-06
1726 5.5014130710e-01 3.3209702483e-06
1727 5.5019807009e-01 2.9833981272e-06
1728 5.5023170747e-01 2.9420793304e-06
1729 5.5026554355e-01 3.4428673099e-06
1730 5.5028938870e-01 2.5784056673e-06
1731 5.5030133845e-01 2.4589078644e-06
1732 5.5030946163e-01 2.2202839820e-06
1733 5.5031959777e-01 1.8690380213e-06
1734 5.5032469661e-01 1.7471461491e-06
1735 5.5032995773e-01 1.7416726968e-06
1736 5.5033340135e-01 1.3630896321e-06
1737 5.5033544050e-01 1.5551734778e-06
1738 5.5033553832e-01 1.2746603704e-06
1739 5.5033385026e-01 1.4553683082e-06
1740 5.5033185320e-01 1.2835809957e-06
1741 5.5032559872e-01 1.6183222737e-06
1742 5.5032210953e-01 1.1803382532e-06
1743 5.5031307497e-01 1.5440367972e-06
1744 5.5030536143e-01 9.5942823975e-07
1745 5.5029398549e-01 1.0775249090e-06
1746 5.5028208201e-01 8.2577041538e-07
1747 5.5026937927e-01 1.0802781685e-06
1748 5.5025130498e-01 7.8247140464e-07
1749 5.5024026059e-01 9.3490962846e-07
1750 5.5022481929e-01 7.8897455259e-07
1751 5.5020931045e-01 1.1236427782e-06
1752 5.5019885131e-01 8.5957922404e-07
1753 5.5017620165e-01 1.3664816279e-06
1754 5.5015582230e-01 8.5794707808e-07
1755 5.5013480062e-01 1.0924141261e-06
1756 5.5010815602e-01 8.3216106874e-07
1757 5.5007918026e-01 1.0096194402e-06
1758 5.5003855756e-01 7.1462218368e-07
1759 5.5000922760e-01 9.9913518291e-07
1760 5.4997559139e-01 7.3248339341e-07
1761 5.4994140167e-01 8.6318359835e-07
1762 5.4992112301e-01 8.2995475097e-07
1763 5.4988108844e-01 1.0800085421e-06
1764 5.4981628573e-01 1.0373545973e-06
1765 5.4976485264e-01 1.5049704177e-06
1766 5.4967613860e-01 1.3594905802e-06
1767 5.4957397819e-01 1.9296159928e-06
1768 5.4946893950e-01 1.4040635399e-06
1769 5.4931247611e-01 2.2587206712e-06
1770 5.4916514853e-01 1.7760378564e-06
1771 5.4894633160e-01 2.5942367721e-06
1772 5.4871204619e-01 2.2682037732e-06
1773 5.4859144997e-01 1.7048672019e-06
1774 5.4841331621e-01 2.1913803556e-06
1775 5.4828777449e-01 1.9834324131e-06
1776 5.4798227237e-01 2.8523969894e-06
1777 5.4777408986e-01 2.2838916037e-06
1778 5.4744751755e-01 2.8453135869e-06
1779 5.4722065517e-01 2.6083903435e-06
1780 5.4686253921e-01 2.8466274934e-06
1781 5.4660299077e-01 2.8200547702e-06
1782 5.4567836144e-01 3.7575866858e-06
1783 5.4520869133e-01 2.8004326739e-06
1784 5.4433989475e-01 3.7598851505e-06
1785 5.4403756597e-01 2.7733403314e-06
1786 5.4368814607e-01 3.0583108022e-06
1787 5.4352691001e-01 2.8910644014e-06
1788 5.4321476492e-01 3.3024475031e-06
1789 5.4301907060e-01 3.0561524979e-06
1790 5.4271075874e-01 3.2302921436e-06
1791 5.4257810878e-01 3.3668765068e-06
1792 5.4233889502e-01 4.1687561291e-06
1793 5.4224535463e-01 3.2284312484e-06
1794 5.4209899649e-01 4.3404638538e-06
1795 5.4208237805e-01 3.6317386332e-06
1796 5.4213250863e-01 3.5793192300e-06
1797 5.4217009671e-01 3.1219794662e-06
1798 5.4227604263e-01 2.7260904572e-06
1799 5.4232577099e-01 2.2657399185e-06
1800 5.4244534725e-01 2.4257542060e-06
1801 5.4250047147e-01 2.1043176210e-06
1802 5.4266196748e-01 2.3327076075e-06
1803 5.4272406249e-01 2.1040681552e-06
1804 5.4283174497e-01 2.4373803547e-06
1805 5.4289406692e-01 1.9741766803e-06
1806 5.4297584580e-01 2.3505322461e-06
1807 5.4308242829e-01 2.4230708001e-06
1808 5.4315921653e-01 1.6935478102e-06
1809 5.4323080961e-01 2.2646321973e-06
1810 5.4331178419e-01 1.3634258337e-06
1811 5.4339245129e-01 2.0140801377e-06
1812 5.4346787103e-01 1.0057273756e-06
1813 5.4351323129e-01 1.1273166308e-06
1814 5.4354605847e-01 9.4896630150e-07
1815 5.4357623288e-01 9.4263869760e-07
1816 5.4359392961e-01 7.9204856074e-07
1817 5.4361277019e-01 8.5844812140e-07
1818 5.4362688932e-01 8.2215748248e-07
1819 5.4363643803e-01 7.0290412924e-07
1820 5.4364336511e-01 1.0640478492e-06
1821 5.4365711783e-01 7.5574594571e-07
1822 5.4366355424e-01 9.7187906269e-07
1823 5.4367198698e-01 8.8171071786e-07
1824 5.4367705279e-01 5.9706093633e-07
1825 5.4368006227e-01 6.2603377914e-07
1826 5.4368299618e-01 5.1580301303e-07
1827 5.4368409305e-01 5.8432727171e-07
1828 5.4368506837e-01 4.8035652712e-07
1829 5.4368493929e-01 4.3392951756e-07
1830 5.4368416652e-01 3.9584229834e-07
1831 5.4368124884e-01 4.1212756820e-07
1832 5.4367867395e-01 4.5899278189e-07
1833 5.4367089784e-01 5.0635795474e-07
1834 5.4366082825e-01 5.8273967282e-07
1835 5.4365335957e-01 5.2957410545e-07
1836 5.4364661736e-01 4.0182471125e-07
1837 5.4364255454e-01 4.4952207299e-07
1838 5.4363163342e-01 4.8420375253e-07
1839 5.4361910655e-01 6.7259443655e-07
1840 5.4360293399e-01 4.9875142151e-07
1841 5.4359226115e-01 4.2078188171e-07
1842 5.4358135736e-01 4.4770011246e-07
1843 5.4356163311e-01 4.1452990041e-07
1844 5.4354296758e-01 4.5289251649e-07
1845 5.4351564404e-01 4.7673026167e-07
1846 5.4349365754e-01 4.3227432122e-07
1847 5.4348300947e-01 4.3722336935e-07
1848 5.4346759512e-01 5.2667036831e-07
1849 5.4345236657e-01 5.3405474393e-07
1850 5.4341027769e-01 7.4672618397e-07
1851 5.4335234967e-01 7.1189467576e-07
1852 5.4331954585e-01 6.6073925914e-07
1853 5.4326227258e-01 9.2603248398e-07
1854 5.4321946766e-01 1.0135524705e-06
1855 5.4314512190e-01 1.0466389944e-06
1856 5.4304717522e-01 1.0530178071e-06
1857 5.4297498914e-01 9.3378772583e-07
1858 5.4289297015e-01 8.5554724850e-07
1859 5.4282747994e-01 1.1242833219e-06
1860 5.4274009124e-01 1.0347841492e-06
1861 5.4259115437e-01 1.2603911115e-06
1862 5.4247567344e-01 1.4874049473e-06
1863 5.4241505845e-01 1.2822210706e-06
1864 5.4240097945e-01 1.4124130950e-06
1865 5.4239616287e-01 1.4251626184e-06
1866 5.4240356479e-01 1.6116341015e-06
1867 5.4242716946e-01 1.8656677242e-06
1868 5.4248503494e-01 1.4676976808e-06
1869 5.4255127467e-01 1.6483110754e-06
1870 5.4273387812e-01 2.1237821152e-06
1871 5.4341724142e-01 1.9725468519e-06
1872 5.4378631047e-01 1.7771793530e-06
1873 5.4425559246e-01 1.5886799266e-06
1874 5.4479555776e-01 1.6576074846e-06
1875 5.4528218919e-01 1.7421302373e-06
1876 5.4629845073e-01 1.8228453981e-06
1877 5.4724347735e-01 1.9218091583e-06
1878 5.4861904545e-01 1.8862655517e-06
1879 5.4990370339e-01 1.6124770425e-06
1880 5.5064998487e-01 1.6562380560e-06
1881 5.5139194327e-01 1.7381075503e-06
1882 5.5185353502e-01 1.5506246246e-06
1883 5.5243668288e-01 1.7804467570e-06
1884 5.5338155513e-01 1.7707508486e-06
1885 5.5439229607e-01 1.5490957792e-06
1886 5.5536028079e-01 1.5528341968e-06
1887 5.5588470717e-01 1.9565865129e-06
1888 5.5665798850e-01 1.6036221358e-06
1889 5.5744770790e-01 1.3683034838e-06
1890 5.5830331473e-01 1.2035841872e-06
1891 5.5918546663e-01 8.2017846647e-07
1892 5.5971514112e-01 9.4980625574e-07
1893 5.6034826325e-01 1.3062006020e-06
1894 5.6101766862e-01 8.4755506839e-07
1895 5.6132273748e-01 8.0184153313e-07
1896 5.6151563324e-01 6.9247075194e-07
1897 5.6172123963e-01 7.1433467491e-07
1898 5.6211051612e-01 1.4803257651e-06
1899 5.6249406799e-01 1.2132392895e-06
1900 5.6262956384e-01 8.0593528211e-07
1901 5.6270256682e-01 8.4990103965e-07
1902 5.6278357442e-01 6.9872215714e-07
1903 5.6290331047e-01 8.5589065442e-07
1904 5.6333386674e-01 1.7907021270e-06
1905 5.6370782413e-01 1.3580105933e-06
1906 5.6382417728e-01 1.2533438430e-06
1907 5.6390472269e-01 1.0988500633e-06
1908 5.6399089374e-01 7.6074964111e-07
1909 5.6415227619e-01 1.1602490808e-06
1910 5.6426920870e-01 9.3929390795e-07
1911 5.6431910051e-01 8.3314373286e-07
1912 5.6433612844e-01 8.9002787495e-07
1913 5.6433465885e-01 7.0362947551e-07
1914 5.6431008417e-01 6.9925792558e-07
1915 5.6425724038e-01 8.0280308169e-07
1916 5.6412903501e-01 8.0132746240e-07
1917 5.6383989174e-01 1.1711248312e-06
1918 5.6366873738e-01 1.2389848887e-06
1919 5.6356157071e-01 1.0969615861e-06
1920 5.6343435990e-01 1.1593350746e-06
1921 5.6319798392e-01 1.3005857730e-06
1922 5.6187699579e-01 1.9985296699e-06
1923 5.6054340347e-01 2.8072015400e-06
1924 5.5989960783e-01 2.2983442925e-06
1925 5.5955024965e-01 1.7654332296e-06
1926 5.5933229726e-01 1.7151196069e-06
1927 5.5882732566e-01 1.7671901913e-06
1928 5.5701469654e-01 2.6420020946e-06
1929 5.5509529846e-01 2.7965280290e-06
1930 5.5402147831e-01 1.8643066019e-06
1931 5.5312482701e-01 1.8962753571e-06
1932 5.5242930944e-01 1.6283677880e-06
1933 5.5025478197e-01 2.5205706738e-06
1934 5.4820215674e-01 3.9168757817e-06
1935 5.4756007424e-01 2.8124937203e-06
1936 5.4726711091e-01 2.8150284220e-06
1937 5.4704081449e-01 2.2161467535e-06
1938 5.4666010204e-01 2.2496379856e-06
1939 5.4440988494e-01 3.9915949584e-06
1940 5.4302957790e-01 4.2005034983e-06
1941 5.4242218112e-01 3.9982491352e-06
1942 5.4221932584e-01 1.8662620941e-06
1943 5.4215872530e-01 1.4876405694e-06
1944 5.4204068722e-01 1.9046031349e-06
1945 5.4194477678e-01 2.3091063509e-06
1946 5.4215868459e-01 2.5671607738e-06
1947 5.4247806429e-01 2.5840603348e-06
1948 5.4256257951e-01 1.4941269678e-06
1949 5.4259037665e-01 1.0695125511e-06
1950 5.4260785287e-01 1.0306009429e-06
1951 5.4262742272e-01 1.0246700782e-06
1952 5.4273395883e-01 1.9474074586e-06
1953 5.4292665009e-01 2.7274539319e-06
1954 5.4303000596e-01 9.1060210490e-07
1955 5.4305888654e-01 5.6766931666e-07
1956 5.4306927296e-01 4.0881909232e-07
1957 5.4307733100e-01 4.6310600188e-07
1958 5.4310115479e-01 1.0236528022e-06
1959 5.4313073519e-01 8.6259521810e-07
1960 5.4314847486e-01 5.5285161571e-07
1961 5.4315571540e-01 4.4331710894e-07
1962 5.4315810435e-01 4.3663799208e-07
1963 5.4315906329e-01 6.7377562655e-07
1964 5.4315948347e-01 1.0504655589e-06
1965 5.4315933030e-01 6.8876007728e-07
1966 5.4315785765e-01 7.8066119696e-07
1967 5.4315532703e-01 8.2267379843e-07
1968 5.4315182660e-01 6.3560799291e-07
1969 5.4314640834e-01 5.7662893414e-07
1970 5.4314207388e-01 5.8453312064e-07
1971 5.4312325947e-01 8.9580293437e-07
1972 5.4306195907e-01 1.9781755382e-06
1973 5.4300232338e-01 1.4409242851e-06
1974 5.4295999451e-01 1.1991409751e-06
1975 5.4293317174e-01 1.0401413254e-06
1976 5.4291168983e-01 9.7647025661e-07
1977 5.4289305846e-01 8.1152157726e-07
1978 5.4287689281e-01 6.5255300689e-07
1979 5.4286657423e-01 6.7485458078e-07
1980 5.4283507663e-01 1.3208677787e-06
1981 5.4276442513e-01 1.8295228479e-06
1982 5.4266499845e-01 1.5951174280e-06
1983 5.4256501605e-01 1.6106990026e-06
1984 5.4250207614e-01 1.5843332450e-06
1985 5.4243357222e-01 1.5668209113e-06
1986 5.4237198313e-01 9.9324949019e-07
1987 5.4233890014e-01 9.3998027697e-07
1988 5.4228593311e-01 1.1003070270e-06
1989 5.4215134874e-01 2.3386596769e-06
1990 5.4193821311e-01 2.4414788128e-06
1991 5.4171761265e-01 2.6063271929e-06
1992 5.4149986785e-01 2.1711720491e-06
1993 5.4124473410e-01 2.4999943295e-06
1994 5.4107471549e-01 1.7253449019e-06
1995 5.4100216013e-01 1.3239814099e-06
1996 5.4090680816e-01 1.5075421214e-06
1997 5.4076081360e-01 2.1856754798e-06
1998 5.4043007760e-01 3.7634195546e-06
1999 5.4006331236e-01 3.9152821558e-06
