iter rel_error rel_residual
0 3.0999294975e+00 7.4939494003e-02
1 3.1110451266e+00 3.8251189095e-02
2 2.4366742837e+00 3.9380862048e-02
3 2.0655224430e+00 1.5248724922e-02
4 1.9508838464e+00 1.7215005926e-02
5 1.6837409197e+00 1.4466139566e-02
6 1.6224707124e+00 6.6184753061e-03
7 1.5014098806e+00 4.1012168366e-03
8 1.4525084146e+00 7.6335878275e-03
9 1.3626030130e+00 5.9653227744e-03
10 1.3518092663e+00 2.6860534407e-03
11 1.2963401689e+00 3.7554410675e-03
12 1.2718738294e+00 3.3856877258e-03
13 1.2503790910e+00 2.0248477151e-03
14 1.2303897893e+00 2.7759659406e-03
15 1.2197013386e+00 2.7268698887e-03
16 1.1947323683e+00 1.4929209595e-03
17 1.1838568191e+00 2.0394999488e-03
18 1.1771231061e+00 2.0588135495e-03
19 1.1565377971e+00 1.3357614253e-03
20 1.1526969640e+00 1.5487655787e-03
21 1.1428513073e+00 1.8068456393e-03
22 1.1313837505e+00 9.3053762549e-04
23 1.1277522206e+00 1.2141565651e-03
24 1.1193576697e+00 1.4026311651e-03
25 1.1107671121e+00 8.1172341754e-04
26 1.1081783616e+00 9.9223047145e-04
27 1.0999767708e+00 1.2519821945e-03
28 1.0929873530e+00 7.3518779320e-04
29 1.0872023557e+00 9.3650124204e-04
30 1.0789900879e+00 1.1947974047e-03
31 1.0719796660e+00 6.5011747193e-04
32 1.0666437247e+00 9.1543487090e-04
33 1.0584247763e+00 1.0225294075e-03
34 1.0535719445e+00 5.9351803326e-04
35 1.0484564987e+00 7.4563746538e-04
36 1.0435365593e+00 8.9164083433e-04
37 1.0393758218e+00 5.4934326442e-04
38 1.0353088185e+00 6.3165656468e-04
39 1.0305297758e+00 8.2728949534e-04
40 1.0271059211e+00 4.8591029259e-04
41 1.0226822639e+00 5.7141309166e-04
42 1.0190357304e+00 7.0501769287e-04
43 1.0157412875e+00 4.5245258697e-04
44 1.0116692727e+00 5.1132518508e-04
45 1.0081789276e+00 7.3154719541e-04
46 1.0041345595e+00 4.5163379001e-04
47 9.9906012598e-01 5.5165210847e-04
48 9.9495682013e-01 7.4493172143e-04
49 9.9077922707e-01 4.6137800827e-04
50 9.8636233233e-01 5.4005786500e-04
51 9.8286311412e-01 6.6716570974e-04
52 9.7967270540e-01 3.7957127925e-04
53 9.7648293343e-01 4.6231290640e-04
54 9.7433069700e-01 5.3312332422e-04
55 9.7190727165e-01 3.3541698626e-04
56 9.6920497802e-01 3.8979185628e-04
57 9.6703110462e-01 4.7992345919e-04
58 9.6473883901e-01 3.1736271153e-04
59 9.6205360518e-01 3.9214863511e-04
60 9.5988934071e-01 4.6079153748e-04
61 9.5732447353e-01 3.0197813351e-04
62 9.5438302415e-01 3.6548851123e-04
63 9.5220013517e-01 4.3753466243e-04
64 9.4972169757e-01 2.9145332098e-04
65 9.4704924630e-01 3.2799107292e-04
66 9.4527969156e-01 3.9968661142e-04
67 9.4287882469e-01 2.6271906407e-04
68 9.4044506629e-01 3.1795207384e-04
69 9.3842040725e-01 4.0032856638e-04
70 9.3593764472e-01 2.7927592318e-04
71 9.3365082728e-01 2.9664397960e-04
72 9.3196610462e-01 3.3466010967e-04
73 9.3004596604e-01 2.3542094553e-04
74 9.2807253763e-01 2.7202770892e-04
75 9.2637666089e-01 3.2851576362e-04
76 9.2428205035e-01 2.4417857006e-04
77 9.2202456680e-01 2.7158106877e-04
78 9.2020762125e-01 3.3030652826e-04
79 9.1827311706e-01 2.2982768670e-04
80 9.1614247359e-01 2.4734614698e-04
81 9.1443565426e-01 3.0635150287e-04
82 9.1258929485e-01 2.1736182643e-04
83 9.1079184850e-01 2.4141491318e-04
84 9.0904837579e-01 2.9563598476e-04
85 9.0709010095e-01 2.2124029869e-04
86 9.0510014233e-01 2.4384032543e-04
87 9.0322946900e-01 3.1183365348e-04
88 9.0117099457e-01 2.0809847499e-04
89 8.9897486864e-01 2.3685142478e-04
90 8.9706084013e-01 2.9584836815e-04
91 8.9521728391e-01 1.8660629154e-04
92 8.9339236187e-01 2.2373686716e-04
93 8.9165733444e-01 2.6007458537e-04
94 8.8977781540e-01 1.9583571316e-04
95 8.8802800097e-01 2.1081796152e-04
96 8.8648733744e-01 2.4809537506e-04
97 8.8492749695e-01 1.7179039127e-04
98 8.8342654035e-01 2.0187705283e-04
99 8.8178765634e-01 2.5519479417e-04
100 8.7989737676e-01 1.8107612733e-04
101 8.7817638977e-01 2.0444708939e-04
102 8.7650380762e-01 2.5259519353e-04
103 8.7486855221e-01 1.8113583917e-04
104 8.7292162149e-01 2.1033837615e-04
105 8.7110987922e-01 2.4517992002e-04
106 8.6945752698e-01 1.7494250534e-04
107 8.6799471780e-01 1.8482731681e-04
108 8.6658552771e-01 2.2655655239e-04
109 8.6513059807e-01 1.5595277180e-04
110 8.6382772572e-01 1.7793255352e-04
111 8.6254210658e-01 1.9944426685e-04
112 8.6138783301e-01 1.3439863643e-04
113 8.6017826498e-01 1.5760199941e-04
114 8.5899464247e-01 1.9632967179e-04
115 8.5791081734e-01 1.3647445183e-04
116 8.5665495052e-01 1.5990325106e-04
117 8.5523676064e-01 1.8093288719e-04
118 8.5411309939e-01 1.3265308406e-04
119 8.5308184331e-01 1.4129139324e-04
120 8.5192812021e-01 1.8912745483e-04
121 8.5063990785e-01 1.3302380054e-04
122 8.4931104131e-01 1.4890761182e-04
123 8.4804836179e-01 1.7328550277e-04
124 8.4675814840e-01 1.2442013971e-04
125 8.4531870016e-01 1.5511853006e-04
126 8.4383934474e-01 1.7507421324e-04
127 8.4247619943e-01 1.2839423752e-04
128 8.4124844133e-01 1.4229453698e-04
129 8.4014420274e-01 1.5111785376e-04
130 8.3909838760e-01 1.2177365980e-04
131 8.3795803598e-01 1.3170691020e-04
132 8.3673747723e-01 1.6732597569e-04
133 8.3540571420e-01 1.1565730512e-04
134 8.3410442032e-01 1.4038858082e-04
135 8.3288577803e-01 1.4901852042e-04
136 8.3186068760e-01 1.1023394468e-04
137 8.3083981901e-01 1.2064607610e-04
138 8.2984521963e-01 1.3271612443e-04
139 8.2898898262e-01 1.0504345078e-04
140 8.2798028422e-01 1.1467014937e-04
141 8.2678357958e-01 1.3591335387e-04
142 8.2577730412e-01 1.0341163356e-04
143 8.2469042938e-01 1.1671202453e-04
144 8.2365454838e-01 1.3450580729e-04
145 8.2255638664e-01 1.0893867089e-04
146 8.2103933214e-01 1.2612385283e-04
147 8.1964901126e-01 1.3952879764e-04
148 8.1842089010e-01 1.1102233151e-04
149 8.1715695224e-01 1.1409133464e-04
150 8.1614555068e-01 1.2714968305e-04
151 8.1503145676e-01 1.0458110220e-04
152 8.1362075637e-01 1.1481683434e-04
153 8.1220286708e-01 1.3545534809e-04
154 8.1101366514e-01 1.0571297024e-04
155 8.0967961352e-01 1.1103727053e-04
156 8.0844567839e-01 1.2813797160e-04
157 8.0741775259e-01 9.6674944243e-05
158 8.0645090776e-01 9.6184510253e-05
159 8.0555285745e-01 1.0829375985e-04
160 8.0459706247e-01 9.6754265538e-05
161 8.0338731747e-01 1.0403802081e-04
162 8.0197874460e-01 1.2715517863e-04
163 8.0069340529e-01 1.0283366036e-04
164 7.9954280598e-01 1.0197295827e-04
165 7.9831167888e-01 1.2590853031e-04
166 7.9722385966e-01 9.2336070877e-05
167 7.9583780183e-01 1.0625081007e-04
168 7.9470100498e-01 1.1193529488e-04
169 7.9366792401e-01 9.6325611046e-05
170 7.9255248034e-01 8.7338967688e-05
171 7.9156416077e-01 1.0598250757e-04
172 7.9065162719e-01 8.2411598179e-05
173 7.8969953903e-01 8.7505441227e-05
174 7.8876225374e-01 1.0605628797e-04
175 7.8780244748e-01 8.0644880614e-05
176 7.8666142035e-01 9.1068645755e-05
177 7.8543798115e-01 1.0834524432e-04
178 7.8430133283e-01 8.5174515910e-05
179 7.8334586369e-01 8.3219518007e-05
180 7.8244118367e-01 9.5484986693e-05
181 7.8166864917e-01 7.0553276469e-05
182 7.8068318663e-01 8.9094700479e-05
183 7.7953221719e-01 9.9151459214e-05
184 7.7858684213e-01 7.8871553703e-05
185 7.7754824324e-01 8.5426925049e-05
186 7.7654446476e-01 1.0023191085e-04
187 7.7544929914e-01 7.7527293807e-05
188 7.7417243565e-01 9.1270453652e-05
189 7.7308214487e-01 9.8832846221e-05
190 7.7204002693e-01 8.0930211153e-05
191 7.7107628857e-01 7.9211610272e-05
192 7.7017771292e-01 8.0188593842e-05
193 7.6942229383e-01 6.5331098584e-05
194 7.6870112604e-01 7.2031135563e-05
195 7.6792856402e-01 8.1000517556e-05
196 7.6711671795e-01 6.6414247690e-05
197 7.6628665631e-01 7.4810669493e-05
198 7.6534459505e-01 8.2184950174e-05
199 7.6448492829e-01 7.0393160454e-05
200 7.6342592301e-01 7.9511258564e-05
201 7.6227707687e-01 8.5776647336e-05
202 7.6122356654e-01 7.6673837093e-05
203 7.6008867592e-01 7.6808586318e-05
204 7.5909652112e-01 8.9730574679e-05
205 7.5796246648e-01 7.7724473005e-05
206 7.5669516258e-01 8.3786406401e-05
207 7.5529365750e-01 9.5874004720e-05
208 7.5415306963e-01 7.7370180134e-05
209 7.5288012037e-01 8.4183282310e-05
210 7.5171354095e-01 8.7371882584e-05
211 7.5058638115e-01 7.8419354274e-05
212 7.4952951224e-01 7.4602090546e-05
213 7.4844759630e-01 9.1727308039e-05
214 7.4744367196e-01 7.1806384610e-05
215 7.4637160047e-01 7.6603680847e-05
216 7.4540257733e-01 7.8405758993e-05
217 7.4459021474e-01 6.3918988107e-05
218 7.4372329785e-01 6.7631675335e-05
219 7.4297741993e-01 6.8706232963e-05
220 7.4234942465e-01 6.0168337493e-05
221 7.4161119722e-01 6.0096108080e-05
222 7.4091935162e-01 6.9579281149e-05
223 7.4015614899e-01 5.8679121352e-05
224 7.3945142753e-01 6.0768335222e-05
225 7.3863737632e-01 7.4628165516e-05
226 7.3789049822e-01 6.3915737483e-05
227 7.3686425870e-01 6.6428335938e-05
228 7.3592027401e-01 7.4171414564e-05
229 7.3501142765e-01 7.2213500321e-05
230 7.3389908946e-01 7.2824986572e-05
231 7.3276283126e-01 8.1762553189e-05
232 7.3170299054e-01 6.6806914987e-05
233 7.3050083010e-01 7.2179046013e-05
234 7.2958447189e-01 7.6563766762e-05
235 7.2861990428e-01 6.5400841762e-05
236 7.2772029690e-01 6.8660451068e-05
237 7.2656136369e-01 8.9207286080e-05
238 7.2540044210e-01 7.0281582581e-05
239 7.2418138262e-01 7.4365176429e-05
240 7.2327238961e-01 7.3421530240e-05
241 7.2243626522e-01 6.0891742435e-05
242 7.2157995631e-01 6.7399602336e-05
243 7.2072606398e-01 7.2035538481e-05
244 7.1986916485e-01 6.2112011036e-05
245 7.1908667719e-01 6.6068139765e-05
246 7.1821902701e-01 7.8006759122e-05
247 7.1728468412e-01 6.1860083881e-05
248 7.1627874206e-01 7.1920577611e-05
249 7.1525374950e-01 8.2121895970e-05
250 7.1410642052e-01 7.0655048756e-05
251 7.1296302994e-01 8.1571608558e-05
252 7.1178665583e-01 7.9391573006e-05
253 7.1071770942e-01 6.9438806061e-05
254 7.0983559646e-01 7.4785308040e-05
255 7.0873873013e-01 7.9626647663e-05
256 7.0782029637e-01 6.9652067294e-05
257 7.0664274937e-01 8.1447540841e-05
258 7.0560818459e-01 7.9184628490e-05
259 7.0459327601e-01 7.3809162537e-05
260 7.0363988563e-01 7.4837719642e-05
261 7.0276938562e-01 7.5187020436e-05
262 7.0196768126e-01 6.8497879411e-05
263 7.0117759444e-01 6.8151857616e-05
264 7.0036992090e-01 7.3632070658e-05
265 6.9956895079e-01 6.6816569927e-05
266 6.9887734942e-01 6.7434147006e-05
267 6.9816555928e-01 7.5798325785e-05
268 6.9747444398e-01 5.5884775693e-05
269 6.9688646434e-01 6.4766524608e-05
270 6.9621427733e-01 6.6232534880e-05
271 6.9566129233e-01 6.0131953715e-05
272 6.9501175953e-01 6.4865750407e-05
273 6.9446636599e-01 6.3178818745e-05
274 6.9392367373e-01 5.9601202270e-05
275 6.9340180524e-01 5.6741052818e-05
276 6.9293393939e-01 5.4676324442e-05
277 6.9255917455e-01 4.9819004150e-05
278 6.9214876588e-01 5.6949837804e-05
279 6.9162021823e-01 6.2158007817e-05
280 6.9115601720e-01 5.5842866977e-05
281 6.9056017195e-01 5.6926927058e-05
282 6.9015496213e-01 5.6814565497e-05
283 6.8968623962e-01 5.4275564126e-05
284 6.8929687425e-01 5.0330622168e-05
285 6.8891403568e-01 5.5363675023e-05
286 6.8850022727e-01 4.9853881437e-05
287 6.8816562742e-01 4.6233772510e-05
288 6.8780862078e-01 5.3759923762e-05
289 6.8749403532e-01 4.3742276634e-05
290 6.8717199179e-01 4.5465414371e-05
291 6.8686476014e-01 4.5566527910e-05
292 6.8654146367e-01 4.4461888546e-05
293 6.8623099234e-01 4.7351475061e-05
294 6.8585405360e-01 5.1187829848e-05
295 6.8547647266e-01 5.0546143393e-05
296 6.8505964777e-01 4.8146468295e-05
297 6.8469702729e-01 5.2560272006e-05
298 6.8431570469e-01 5.0131929330e-05
299 6.8397302429e-01 4.7306951959e-05
300 6.8356916778e-01 5.2567487016e-05
301 6.8326516637e-01 4.8103301375e-05
302 6.8287943020e-01 4.5971297643e-05
303 6.8252558474e-01 5.1269066567e-05
304 6.8218185432e-01 4.3900643778e-05
305 6.8191386470e-01 4.3548679462e-05
306 6.8163178526e-01 4.6681393863e-05
307 6.8138888872e-01 4.1046492743e-05
308 6.8107988801e-01 4.8333179011e-05
309 6.8071846604e-01 4.8629247277e-05
310 6.8038968868e-01 4.6313632329e-05
311 6.8010539696e-01 4.2788611214e-05
312 6.7977936475e-01 5.0404195830e-05
313 6.7952384696e-01 3.8579718836e-05
314 6.7925774309e-01 4.4972175788e-05
315 6.7897247857e-01 4.0989746178e-05
316 6.7874579936e-01 4.3872488544e-05
317 6.7845446946e-01 3.9366922364e-05
318 6.7822838971e-01 4.2101326898e-05
319 6.7801359821e-01 3.8838550916e-05
320 6.7771729209e-01 4.0773172785e-05
321 6.7750170421e-01 4.3142606177e-05
322 6.7719301067e-01 4.1617564258e-05
323 6.7697326804e-01 3.8161128592e-05
324 6.7669321750e-01 4.0773011555e-05
325 6.7647547721e-01 4.4457618199e-05
326 6.7622955186e-01 3.5421575809e-05
327 6.7594055707e-01 4.4153003395e-05
328 6.7577309064e-01 3.7364889150e-05
329 6.7549055914e-01 3.8200273184e-05
330 6.7528812761e-01 4.3195798714e-05
331 6.7482294172e-01 4.5572468700e-05
332 6.7464283563e-01 4.7171267651e-05
333 6.7411183495e-01 4.6674968223e-05
334 6.7387866222e-01 5.1181876585e-05
335 6.7326329349e-01 4.5663366280e-05
336 6.7305078549e-01 5.1158293536e-05
337 6.7243893008e-01 5.4401145068e-05
338 6.7222013048e-01 4.9201352302e-05
339 6.7162984748e-01 5.3929202948e-05
340 6.7137113143e-01 5.2419327867e-05
341 6.7080302478e-01 4.9480220051e-05
342 6.7062094830e-01 5.1477085649e-05
343 6.7012971256e-01 4.9607816777e-05
344 6.6993570220e-01 4.8798344066e-05
345 6.6950392566e-01 4.3162039701e-05
346 6.6937040973e-01 4.6208309292e-05
347 6.6901300597e-01 4.3480174081e-05
348 6.6888108473e-01 4.4908142863e-05
349 6.6844538363e-01 4.8675073113e-05
350 6.6826392479e-01 5.3153092399e-05
351 6.6777893092e-01 4.8422297334e-05
352 6.6765459132e-01 4.9710752009e-05
353 6.6726380409e-01 4.9393803562e-05
354 6.6709186951e-01 5.2569159485e-05
355 6.6669344144e-01 4.4709341811e-05
356 6.6662170992e-01 4.6234304310e-05
357 6.6633948961e-01 4.4435558023e-05
358 6.6620868763e-01 3.9654556195e-05
359 6.6594515838e-01 3.9417478610e-05
360 6.6588992704e-01 4.2541023645e-05
361 6.6563765601e-01 3.8995562879e-05
362 6.6552479715e-01 4.0120588756e-05
363 6.6527026635e-01 4.0744835351e-05
364 6.6522048155e-01 3.6097776084e-05
365 6.6499233537e-01 3.5888825886e-05
366 6.6488868250e-01 3.8583182676e-05
367 6.6465474627e-01 3.7715022800e-05
368 6.6459599129e-01 3.6700644784e-05
369 6.6432255111e-01 4.0287300997e-05
370 6.6420720661e-01 4.1102051626e-05
371 6.6394272267e-01 3.9007824664e-05
372 6.6385818066e-01 3.8310068560e-05
373 6.6363563478e-01 4.4360657305e-05
374 6.6351530250e-01 3.6122359902e-05
375 6.6338643048e-01 4.9015070922e-05
376 6.6313583591e-01 4.2491113129e-05
377 6.6300148483e-01 4.2957794233e-05
378 6.6263057138e-01 4.2168327448e-05
379 6.6251980078e-01 4.3688511107e-05
380 6.6220527384e-01 4.6105425970e-05
381 6.6209101251e-01 4.0452323897e-05
382 6.6176110010e-01 4.6891465500e-05
383 6.6164945976e-01 4.1821785815e-05
384 6.6129858020e-01 4.1028715760e-05
385 6.6120014636e-01 4.2421933161e-05
386 6.6091999758e-01 4.3706474576e-05
387 6.6082066382e-01 3.7472195834e-05
388 6.6058986343e-01 3.4590132891e-05
389 6.6052360708e-01 3.7339324399e-05
390 6.6034170096e-01 3.5306350163e-05
391 6.6024243254e-01 3.3437446485e-05
392 6.6013114510e-01 3.4666597702e-05
393 6.5995275037e-01 3.9296374072e-05
394 6.5983102474e-01 3.2533595011e-05
395 6.5964478298e-01 3.9387255883e-05
396 6.5954222473e-01 3.4679025958e-05
397 6.5941897044e-01 3.4215902647e-05
398 6.5923361849e-01 3.4800683152e-05
399 6.5916786903e-01 3.4927354133e-05
400 6.5893376163e-01 3.3509147762e-05
401 6.5883369246e-01 3.3029163516e-05
402 6.5870455287e-01 3.1523553392e-05
403 6.5860135008e-01 2.8733328175e-05
404 6.5849201757e-01 3.2739911359e-05
405 6.5833324428e-01 3.2219958043e-05
406 6.5824240056e-01 3.2667069201e-05
407 6.5805966887e-01 3.2709277836e-05
408 6.5787538580e-01 3.6810891673e-05
409 6.5777053286e-01 3.4595986142e-05
410 6.5752712653e-01 3.5706717343e-05
411 6.5731700046e-01 4.1019831230e-05
412 6.5715845860e-01 3.4350819646e-05
413 6.5690470002e-01 3.7222799556e-05
414 6.5674685106e-01 3.9757153263e-05
415 6.5655340065e-01 3.2965636592e-05
416 6.5633266243e-01 3.8590331241e-05
417 6.5614751848e-01 3.9967486759e-05
418 6.5588196800e-01 3.8608853044e-05
419 6.5570732079e-01 3.7797019035e-05
420 6.5548887959e-01 4.2633715797e-05
421 6.5515303511e-01 4.1032336231e-05
422 6.5494874262e-01 4.4301511953e-05
423 6.5467563107e-01 4.4093844056e-05
424 6.5438082329e-01 4.3375582268e-05
425 6.5417589586e-01 4.7283677503e-05
426 6.5377293341e-01 5.1023420076e-05
427 6.5344857614e-01 5.0353782359e-05
428 6.5320657564e-01 4.7355580019e-05
429 6.5286784419e-01 5.4493300995e-05
430 6.5263050334e-01 4.4423821155e-05
431 6.5240213393e-01 4.0537523409e-05
432 6.5219531843e-01 4.6264060931e-05
433 6.5205004556e-01 3.8147326531e-05
434 6.5183461990e-01 3.8641830055e-05
435 6.5167483802e-01 4.3190611632e-05
436 6.5153575551e-01 3.6736287030e-05
437 6.5136531601e-01 3.3699510943e-05
438 6.5124052857e-01 4.2045180238e-05
439 6.5109590253e-01 3.4584539296e-05
440 6.5090676047e-01 3.5367548708e-05
441 6.5081138436e-01 3.4979827278e-05
442 6.5068755999e-01 3.2422343582e-05
443 6.5055934165e-01 3.3485666808e-05
444 6.5046299755e-01 3.5248666960e-05
445 6.5030801285e-01 3.1159559275e-05
446 6.5019865746e-01 3.0495306429e-05
447 6.5010279120e-01 3.1606233232e-05
448 6.4997049980e-01 3.1967237349e-05
449 6.4985203940e-01 3.1044600412e-05
450 6.4972037682e-01 3.3905162679e-05
451 6.4955415995e-01 3.5236385568e-05
452 6.4943459123e-01 3.2263739650e-05
453 6.4923637049e-01 3.6460115809e-05
454 6.4905656047e-01 3.7634248699e-05
455 6.4890295437e-01 3.1383016576e-05
456 6.4869145986e-01 3.6427854683e-05
457 6.4856261067e-01 3.3140419578e-05
458 6.4840075254e-01 3.1517134518e-05
459 6.4819798251e-01 3.8910914625e-05
460 6.4806433703e-01 3.4241660976e-05
461 6.4786244330e-01 3.1014338677e-05
462 6.4766879564e-01 3.7521810702e-05
463 6.4751421997e-01 3.2465846338e-05
464 6.4730837384e-01 3.1163425673e-05
465 6.4715465275e-01 3.6918845846e-05
466 6.4699201965e-01 3.3174987569e-05
467 6.4678809959e-01 3.2685281556e-05
468 6.4664305716e-01 3.6330856416e-05
469 6.4647031839e-01 3.0887813766e-05
470 6.4626316745e-01 3.3081529779e-05
471 6.4609679096e-01 3.4957400384e-05
472 6.4591230220e-01 3.4268236618e-05
473 6.4570394420e-01 3.5252944849e-05
474 6.4553489346e-01 3.5471329623e-05
475 6.4532535324e-01 3.5141912199e-05
476 6.4511157487e-01 3.5491220856e-05
477 6.4493140149e-01 3.8011937612e-05
478 6.4465346664e-01 4.0776138739e-05
479 6.4441542762e-01 3.3922324534e-05
480 6.4423412117e-01 3.5113214981e-05
481 6.4401452728e-01 3.3281293991e-05
482 6.4386314745e-01 3.0292949885e-05
483 6.4369496719e-01 3.4324503220e-05
484 6.4351045706e-01 3.7366496241e-05
485 6.4332051030e-01 3.2181371553e-05
486 6.4311318697e-01 3.4354972433e-05
487 6.4290136115e-01 3.4236107775e-05
488 6.4272870614e-01 3.1169918694e-05
489 6.4252301377e-01 3.4290007917e-05
490 6.4234225155e-01 3.3752611537e-05
491 6.4219309319e-01 3.0128571754e-05
492 6.4196588281e-01 3.3602512278e-05
493 6.4179290070e-01 3.2901665817e-05
494 6.4163263683e-01 2.7247104471e-05
495 6.4144366701e-01 2.9097451649e-05
496 6.4131817893e-01 2.9117871448e-05
497 6.4115748666e-01 2.7729341545e-05
498 6.4097717039e-01 2.9953298544e-05
499 6.4085196764e-01 3.1112850440e-05
500 6.4065437774e-01 3.0017185784e-05
501 6.4042666483e-01 3.1369411885e-05
502 6.4025237093e-01 3.3289450413e-05
503 6.4002632106e-01 2.8018114750e-05
504 6.3985385476e-01 2.9776483959e-05
505 6.3971801900e-01 2.9965703162e-05
506 6.3949747490e-01 2.7615048938e-05
507 6.3931098997e-01 3.2215455615e-05
508 6.3911885985e-01 3.0123082517e-05
509 6.3892831280e-01 2.7697831603e-05
510 6.3874972403e-01 3.3184307760e-05
511 6.3853309926e-01 3.3231013991e-05
512 6.3824878716e-01 3.0528791337e-05
513 6.3804788349e-01 3.2909955379e-05
514 6.3784508930e-01 3.0960504941e-05
515 6.3766272596e-01 2.8919558145e-05
516 6.3748711328e-01 3.1908022394e-05
517 6.3727202154e-01 2.7743789725e-05
518 6.3711371047e-01 2.6325817958e-05
519 6.3696114789e-01 2.8576173252e-05
520 6.3679779537e-01 2.9663875453e-05
521 6.3663487570e-01 2.7009641220e-05
522 6.3642101971e-01 3.1164777327e-05
523 6.3615514006e-01 2.7737308053e-05
524 6.3604095659e-01 2.6024551613e-05
525 6.3587820193e-01 2.6999154731e-05
526 6.3571110149e-01 2.5483044654e-05
527 6.3559149604e-01 2.6722890047e-05
528 6.3539206347e-01 2.9072631189e-05
529 6.3521893077e-01 2.7590281551e-05
530 6.3506804921e-01 2.6197193692e-05
531 6.3490410487e-01 2.2637990207e-05
532 6.3477734826e-01 2.4841802811e-05
533 6.3463518351e-01 2.6434098586e-05
534 6.3445632328e-01 2.5478523539e-05
535 6.3430641435e-01 2.7212132519e-05
536 6.3418121486e-01 2.2834464486e-05
537 6.3403809713e-01 2.1790000345e-05
538 6.3391731914e-01 2.0783427271e-05
539 6.3381548604e-01 1.9927627830e-05
540 6.3371497958e-01 1.9451090332e-05
541 6.3362366619e-01 2.0175637623e-05
542 6.3352903793e-01 2.0466104682e-05
543 6.3335707381e-01 2.2263782538e-05
544 6.3318330558e-01 2.6101365976e-05
545 6.3300067593e-01 2.4165360829e-05
546 6.3283741862e-01 2.2899154436e-05
547 6.3269101465e-01 2.3313902780e-05
548 6.3254639872e-01 2.1886881009e-05
549 6.3239606490e-01 2.1785880707e-05
550 6.3225530803e-01 2.2428491213e-05
551 6.3208452770e-01 2.2612340179e-05
552 6.3193203994e-01 2.1552374453e-05
553 6.3177051941e-01 2.3757278195e-05
554 6.3160125178e-01 2.1918631544e-05
555 6.3146171471e-01 2.2604808127e-05
556 6.3128230258e-01 2.5515131562e-05
557 6.3109557693e-01 2.1801451596e-05
558 6.3092758834e-01 2.2929595595e-05
559 6.3072776214e-01 2.2058856271e-05
560 6.3052360023e-01 2.4903406073e-05
561 6.3031249487e-01 2.8228273304e-05
562 6.3005329332e-01 2.9126780956e-05
563 6.2980514717e-01 2.5555268903e-05
564 6.2960230201e-01 2.2886134720e-05
565 6.2942078035e-01 2.1568667650e-05
566 6.2925994548e-01 2.0338032191e-05
567 6.2912741197e-01 2.0433708663e-05
568 6.2896552471e-01 2.2121289932e-05
569 6.2881334235e-01 2.2133603222e-05
570 6.2862145735e-01 2.7996561594e-05
571 6.2830664435e-01 2.4182393754e-05
572 6.2806812718e-01 2.6689783036e-05
573 6.2784132020e-01 2.5925348343e-05
574 6.2761564410e-01 2.3837768141e-05
575 6.2738305504e-01 2.4732782492e-05
576 6.2717331486e-01 2.5906525639e-05
577 6.2690200966e-01 2.6978045062e-05
578 6.2664242440e-01 2.8463357258e-05
579 6.2635661966e-01 3.0241793456e-05
580 6.2602806838e-01 2.6305564712e-05
581 6.2578848387e-01 2.9092831871e-05
582 6.2551024662e-01 3.0270496283e-05
583 6.2520984662e-01 2.6417739683e-05
584 6.2493493036e-01 2.8691711525e-05
585 6.2465580745e-01 2.7058767549e-05
586 6.2437571263e-01 2.4284259381e-05
587 6.2416712107e-01 2.8683180986e-05
588 6.2389644088e-01 2.7984244499e-05
589 6.2360752834e-01 2.9418838923e-05
590 6.2332184256e-01 3.0766519813e-05
591 6.2305127986e-01 2.4808766760e-05
592 6.2283268512e-01 2.5668627095e-05
593 6.2259331356e-01 2.7683081184e-05
594 6.2237184453e-01 2.4946340629e-05
595 6.2216456368e-01 2.5936136576e-05
596 6.2193565223e-01 2.5971502429e-05
597 6.2175851651e-01 2.2520590805e-05
598 6.2159450121e-01 2.5632676526e-05
599 6.2143334194e-01 2.1192997445e-05
600 6.2128603831e-01 2.0298353293e-05
601 6.2114266129e-01 2.4059363342e-05
602 6.2096343141e-01 2.5135575184e-05
603 6.2071824771e-01 2.5580104773e-05
604 6.2051415223e-01 2.4442134303e-05
605 6.2034861662e-01 2.1009746101e-05
606 6.2022332490e-01 1.8618752284e-05
607 6.2011637114e-01 2.2126063514e-05
608 6.1996384952e-01 2.1856190688e-05
609 6.1984156947e-01 2.0914538207e-05
610 6.1973323652e-01 2.1026984843e-05
611 6.1959323824e-01 1.6250889143e-05
612 6.1947557462e-01 1.9321427895e-05
613 6.1934923575e-01 2.0242797605e-05
614 6.1923378947e-01 1.9797649524e-05
615 6.1911879552e-01 1.8888355468e-05
616 6.1899674757e-01 1.9970856790e-05
617 6.1890235042e-01 1.4420338045e-05
618 6.1884165719e-01 1.3598853562e-05
619 6.1879423160e-01 1.2952894885e-05
620 6.1871183368e-01 1.5314659332e-05
621 6.1859611212e-01 1.9093109382e-05
622 6.1846705223e-01 2.2943758323e-05
623 6.1832881404e-01 1.8296025827e-05
624 6.1821266409e-01 1.8472029963e-05
625 6.1804369981e-01 1.9385346413e-05
626 6.1779772584e-01 2.5600743771e-05
627 6.1757518390e-01 2.6376011673e-05
628 6.1738481287e-01 2.5788257224e-05
629 6.1722368493e-01 1.5979988523e-05
630 6.1715476272e-01 1.3431314893e-05
631 6.1708147877e-01 1.5386797598e-05
632 6.1697730704e-01 1.8504141607e-05
633 6.1678851625e-01 2.6106367296e-05
634 6.1652666983e-01 2.2784576072e-05
635 6.1635202177e-01 1.7237570135e-05
636 6.1627158986e-01 1.5708249050e-05
637 6.1619270042e-01 1.7801497592e-05
638 6.1606181904e-01 2.3167204090e-05
639 6.1579930995e-01 2.5650561749e-05
640 6.1540665552e-01 2.6488309911e-05
641 6.1512580380e-01 1.7908295618e-05
642 6.1503127606e-01 1.9320312175e-05
643 6.1496476914e-01 1.7624448883e-05
644 6.1487539314e-01 1.7366085350e-05
645 6.1469415780e-01 2.1110828335e-05
646 6.1444692709e-01 1.9917823031e-05
647 6.1418303712e-01 2.0878691567e-05
648 6.1406710793e-01 2.0444188379e-05
649 6.1390604673e-01 2.2225112991e-05
650 6.1374931006e-01 2.1242564665e-05
651 6.1362669035e-01 1.7442664893e-05
652 6.1352038352e-01 1.6818314161e-05
653 6.1339268364e-01 1.5682075358e-05
654 6.1319219369e-01 1.9289384556e-05
655 6.1299396313e-01 1.5753015184e-05
656 6.1290575783e-01 1.4118043295e-05
657 6.1284984352e-01 1.6694612419e-05
658 6.1278313573e-01 1.6232242298e-05
659 6.1267918685e-01 1.7761315970e-05
660 6.1261289854e-01 1.3958277996e-05
661 6.1250926843e-01 1.2139905532e-05
662 6.1240369944e-01 1.5863748498e-05
663 6.1223324151e-01 1.8976736619e-05
664 6.1208424354e-01 1.6676704423e-05
665 6.1198898406e-01 1.5036603941e-05
666 6.1194041002e-01 1.3599590686e-05
667 6.1186495944e-01 1.4305606616e-05
668 6.1180391518e-01 1.2841428735e-05
669 6.1173699191e-01 1.2302085160e-05
670 6.1165970155e-01 1.1733848883e-05
671 6.1150021514e-01 1.7969987010e-05
672 6.1126421963e-01 1.5573669936e-05
673 6.1108929561e-01 1.5899523117e-05
674 6.1098068528e-01 1.4686710503e-05
675 6.1089562798e-01 1.7657453086e-05
676 6.1081138084e-01 1.2848305630e-05
677 6.1075746410e-01 1.4004845851e-05
678 6.1071309054e-01 1.1437296004e-05
679 6.1065926011e-01 1.2080467965e-05
680 6.1056235216e-01 1.4824037096e-05
681 6.1044137385e-01 1.1699713177e-05
682 6.1033572130e-01 1.2591040110e-05
683 6.1015734959e-01 1.5812281283e-05
684 6.0996185555e-01 2.3111064055e-05
685 6.0975394507e-01 1.3849974817e-05
686 6.0966769736e-01 1.7749471584e-05
687 6.0959558082e-01 1.4860026300e-05
688 6.0951619428e-01 1.5486722212e-05
689 6.0946271665e-01 1.4405328681e-05
690 6.0939310398e-01 1.2952085550e-05
691 6.0933872758e-01 1.1244862831e-05
692 6.0918097319e-01 1.4982455855e-05
693 6.0909371619e-01 1.0999543103e-05
694 6.0892562625e-01 1.5988392531e-05
695 6.0882724868e-01 1.4648337669e-05
696 6.0869855673e-01 1.7880418387e-05
697 6.0865600241e-01 1.4053248193e-05
698 6.0854884286e-01 1.9711883197e-05
699 6.0848847494e-01 1.7880355792e-05
700 6.0838489258e-01 1.5372133388e-05
701 6.0832953999e-01 1.3871039098e-05
702 6.0815455692e-01 1.9005722990e-05
703 6.0805154920e-01 1.2266085556e-05
704 6.0788220854e-01 1.4480512048e-05
705 6.0779376731e-01 1.5581949550e-05
706 6.0763593817e-01 1.6017777909e-05
707 6.0759437016e-01 1.5099412287e-05
708 6.0752142063e-01 1.4275702868e-05
709 6.0748893265e-01 1.5188175117e-05
710 6.0742140656e-01 1.2176024890e-05
711 6.0738317851e-01 1.3686818646e-05
712 6.0728414162e-01 1.1738124141e-05
713 6.0723738134e-01 1.0875763718e-05
714 6.0714570363e-01 1.0183917009e-05
715 6.0710039468e-01 1.0674163688e-05
716 6.0698783717e-01 1.1516493825e-05
717 6.0695666047e-01 1.1908735885e-05
718 6.0689224612e-01 1.2615504393e-05
719 6.0687050965e-01 1.3242805872e-05
720 6.0682168469e-01 1.1334304535e-05
721 6.0680568844e-01 1.0614408613e-05
722 6.0674633778e-01 9.8486490621e-06
723 6.0671726234e-01 9.0961723443e-06
724 6.0661801266e-01 9.4316435968e-06
725 6.0656122070e-01 9.1199992407e-06
726 6.0645041284e-01 9.8344038362e-06
727 6.0641832388e-01 8.9879502120e-06
728 6.0635434877e-01 1.0679776705e-05
729 6.0632786710e-01 1.1390058295e-05
730 6.0627658605e-01 1.0406474224e-05
731 6.0625554195e-01 1.2053230850e-05
732 6.0618904787e-01 1.3308737711e-05
733 6.0616249644e-01 1.2127212917e-05
734 6.0607044684e-01 1.0882864395e-05
735 6.0600085934e-01 1.3659749619e-05
736 6.0583969754e-01 1.4584315982e-05
737 6.0575751787e-01 9.3690738212e-06
738 6.0568121346e-01 1.2110975062e-05
739 6.0559500923e-01 8.9765681800e-06
740 6.0553559461e-01 1.1917322723e-05
741 6.0548053385e-01 7.9431711837e-06
742 6.0545221862e-01 1.1524073658e-05
743 6.0541016013e-01 7.8276615116e-06
744 6.0538688128e-01 1.2724566570e-05
745 6.0534860989e-01 8.5034059206e-06
746 6.0529342603e-01 1.3096840336e-05
747 6.0518603142e-01 8.3553517814e-06
748 6.0508804667e-01 1.2779123845e-05
749 6.0487787330e-01 8.5847935812e-06
750 6.0477135731e-01 1.2677399930e-05
751 6.0455648350e-01 1.1428441189e-05
752 6.0448798051e-01 1.1791562376e-05
753 6.0433896086e-01 1.0633831388e-05
754 6.0428216763e-01 1.4272644503e-05
755 6.0416645829e-01 1.1572043104e-05
756 6.0412978982e-01 1.3137474745e-05
757 6.0402552941e-01 1.2396491871e-05
758 6.0398385564e-01 1.2019306802e-05
759 6.0390688167e-01 1.0892045280e-05
760 6.0379955968e-01 1.0732156648e-05
761 6.0370364347e-01 1.0695041700e-05
762 6.0349921221e-01 7.3855791314e-06
763 6.0335597632e-01 8.8994538158e-06
764 6.0317590212e-01 9.0609606740e-06
765 6.0298595421e-01 8.0512612055e-06
766 6.0290747329e-01 9.5678551179e-06
767 6.0277214171e-01 9.8079463643e-06
768 6.0271879328e-01 9.8295964619e-06
769 6.0265111638e-01 1.0195907852e-05
770 6.0260348284e-01 1.0758258610e-05
771 6.0256186667e-01 1.1550309442e-05
772 6.0249798883e-01 1.0970488759e-05
773 6.0245713308e-01 1.4984917318e-05
774 6.0236938185e-01 1.1570997266e-05
775 6.0229129537e-01 1.0385346575e-05
776 6.0218291886e-01 1.1207578208e-05
777 6.0200469261e-01 9.7543365932e-06
778 6.0188555172e-01 8.3603137473e-06
779 6.0171518842e-01 8.3686224062e-06
780 6.0160401998e-01 7.6397945664e-06
781 6.0150034844e-01 7.3339132135e-06
782 6.0140075104e-01 7.4778647221e-06
783 6.0131631105e-01 8.0558670573e-06
784 6.0120538345e-01 7.8501041093e-06
785 6.0114652799e-01 9.3336049500e-06
786 6.0110544062e-01 9.5108861330e-06
787 6.0103255854e-01 1.1068375599e-05
788 6.0099578685e-01 1.3615818051e-05
789 6.0095535965e-01 1.1818941215e-05
790 6.0091656026e-01 1.1725182775e-05
791 6.0084024347e-01 1.4900226923e-05
792 6.0067726133e-01 1.0581587273e-05
793 6.0051103353e-01 1.2838074596e-05
794 6.0026889410e-01 1.0311837652e-05
795 6.0007737185e-01 7.7204338018e-06
796 5.9991259630e-01 8.4718483300e-06
797 5.9963773099e-01 8.1091854485e-06
798 5.9949468444e-01 7.6281159140e-06
799 5.9940026143e-01 8.1053379633e-06
800 5.9927956852e-01 8.5324758136e-06
801 5.9919146766e-01 9.4190467913e-06
802 5.9910757478e-01 8.4669301056e-06
803 5.9904744851e-01 8.2878765199e-06
804 5.9900811772e-01 9.2868053656e-06
805 5.9897188665e-01 6.7917440927e-06
806 5.9894997807e-01 7.3124115313e-06
807 5.9892204913e-01 7.4027860511e-06
808 5.9887596337e-01 6.0142172883e-06
809 5.9882658033e-01 7.6992041244e-06
810 5.9873402949e-01 6.8874667111e-06
811 5.9865626503e-01 7.2528194186e-06
812 5.9856258191e-01 7.6896131132e-06
813 5.9839484565e-01 7.8812680762e-06
814 5.9821732608e-01 9.0411936333e-06
815 5.9801658706e-01 8.2995252390e-06
816 5.9785746456e-01 9.2336950172e-06
817 5.9770413696e-01 1.0878834901e-05
818 5.9753369669e-01 8.9184556967e-06
819 5.9741858277e-01 9.1237934484e-06
820 5.9731354227e-01 1.0689510452e-05
821 5.9721807613e-01 8.9024187827e-06
822 5.9717104188e-01 8.9259808011e-06
823 5.9712224695e-01 8.4792441400e-06
824 5.9705938208e-01 9.1597767622e-06
825 5.9699598384e-01 1.0138456082e-05
826 5.9690518545e-01 8.3195461794e-06
827 5.9681352816e-01 9.9255961571e-06
828 5.9665563943e-01 9.3710358101e-06
829 5.9641434976e-01 8.0363298726e-06
830 5.9619339267e-01 8.9807099998e-06
831 5.9586187111e-01 8.9855576322e-06
832 5.9567854295e-01 8.0272891574e-06
833 5.9557819969e-01 7.8771069935e-06
834 5.9542045417e-01 8.3393263788e-06
835 5.9529999268e-01 8.3566384377e-06
836 5.9518062853e-01 8.6232051776e-06
837 5.9507248658e-01 9.8277582257e-06
838 5.9500085536e-01 1.0464237809e-05
839 5.9489826116e-01 1.0759435718e-05
840 5.9477376222e-01 1.1520777693e-05
841 5.9470072996e-01 1.2695748804e-05
842 5.9463875361e-01 1.0031279391e-05
843 5.9458132488e-01 1.1273357360e-05
844 5.9448857866e-01 1.2973751583e-05
845 5.9436314355e-01 1.0145277807e-05
846 5.9428351803e-01 1.0100248523e-05
847 5.9418029996e-01 7.9852982102e-06
848 5.9396324910e-01 7.5194130619e-06
849 5.9380370207e-01 7.6906734321e-06
850 5.9359769009e-01 6.9676597986e-06
851 5.9337881623e-01 6.6975152571e-06
852 5.9323677851e-01 6.7959223131e-06
853 5.9301517534e-01 6.6429631044e-06
854 5.9288113854e-01 6.5040899074e-06
855 5.9280260873e-01 6.3625504708e-06
856 5.9269169946e-01 6.5883569375e-06
857 5.9260189004e-01 7.4743286699e-06
858 5.9250242579e-01 7.1510279762e-06
859 5.9246075097e-01 6.7764621598e-06
860 5.9243853267e-01 8.3210557469e-06
861 5.9240661347e-01 8.8145991379e-06
862 5.9240317724e-01 8.6450950159e-06
863 5.9238938031e-01 9.5634929520e-06
864 5.9235353253e-01 1.0382364526e-05
865 5.9232204050e-01 1.0089586763e-05
866 5.9226195068e-01 1.0446020959e-05
867 5.9220138202e-01 8.7792404509e-06
868 5.9215550610e-01 7.4460714978e-06
869 5.9205128761e-01 6.2438777648e-06
870 5.9189996216e-01 7.0139253035e-06
871 5.9169275038e-01 6.5060140207e-06
872 5.9139530390e-01 6.4827118602e-06
873 5.9118648835e-01 7.3138105755e-06
874 5.9103050342e-01 5.8553116244e-06
875 5.9089831592e-01 5.6312650501e-06
876 5.9083007790e-01 5.0091275404e-06
877 5.9078358781e-01 4.7675023334e-06
878 5.9074444594e-01 4.7069116550e-06
879 5.9071352500e-01 4.7904439692e-06
880 5.9065820528e-01 5.0948550774e-06
881 5.9059793455e-01 5.3129183338e-06
882 5.9055523600e-01 5.7748857017e-06
883 5.9049220934e-01 9.3540130580e-06
884 5.9047511499e-01 8.5777062887e-06
885 5.9048913566e-01 5.3506349213e-06
886 5.9050015604e-01 5.5265613346e-06
887 5.9050934031e-01 5.2734790302e-06
888 5.9051129257e-01 4.5445626777e-06
889 5.9049747277e-01 5.0282549984e-06
890 5.9047044253e-01 4.1669552029e-06
891 5.9040543929e-01 4.9481099534e-06
892 5.9025153738e-01 6.6176681232e-06
893 5.9009434642e-01 5.7409956391e-06
894 5.8998335286e-01 4.3361722223e-06
895 5.8992692827e-01 4.0620304257e-06
896 5.8986944187e-01 4.0217863346e-06
897 5.8979454696e-01 4.9441356727e-06
898 5.8974421695e-01 4.3600270125e-06
899 5.8972038819e-01 4.2700811684e-06
900 5.8968653658e-01 4.4751097469e-06
901 5.8964455624e-01 4.4595024686e-06
902 5.8959044156e-01 4.9938034903e-06
903 5.8952679859e-01 6.3495733484e-06
904 5.8949216690e-01 5.6551734045e-06
905 5.8947579785e-01 6.2162252542e-06
906 5.8945469196e-01 7.0843294910e-06
907 5.8944595114e-01 6.8590925892e-06
908 5.8948105928e-01 9.3820967298e-06
909 5.8952882521e-01 5.7333697173e-06
910 5.8954485300e-01 4.4197873978e-06
911 5.8952530949e-01 5.0529125946e-06
912 5.8946991903e-01 6.1516463505e-06
913 5.8939602567e-01 6.1896667037e-06
914 5.8930817241e-01 6.0533505290e-06
915 5.8921018997e-01 4.5335321082e-06
916 5.8907984510e-01 4.5431265603e-06
917 5.8892596950e-01 5.1270416593e-06
918 5.8880947997e-01 4.4113577309e-06
919 5.8867986533e-01 4.7227050732e-06
920 5.8851687341e-01 6.6087877993e-06
921 5.8842763346e-01 4.7417524855e-06
922 5.8838294377e-01 4.3684874717e-06
923 5.8833555006e-01 3.7621898493e-06
924 5.8828017053e-01 3.6926557886e-06
925 5.8819134739e-01 5.7701913347e-06
926 5.8813904732e-01 5.4263755453e-06
927 5.8809749726e-01 4.6434056794e-06
928 5.8808939277e-01 3.7810670800e-06
929 5.8809153765e-01 3.6231613900e-06
930 5.8808589350e-01 3.9612259221e-06
931 5.8807036699e-01 4.4034755211e-06
932 5.8804133796e-01 5.1860531529e-06
933 5.8800051237e-01 5.5718315431e-06
934 5.8814600578e-01 4.8969049493e-06
935 5.8831331868e-01 5.2423072027e-06
936 5.8844525677e-01 4.9351820867e-06
937 5.8850246494e-01 3.4943440408e-06
938 5.8849885667e-01 3.4815170717e-06
939 5.8837693204e-01 4.7458643499e-06
940 5.8812005366e-01 6.8915652365e-06
941 5.8793143864e-01 8.1934183614e-06
942 5.8781120902e-01 5.8313805233e-06
943 5.8774173049e-01 4.4531088132e-06
944 5.8759724050e-01 4.6702403671e-06
945 5.8732283980e-01 5.9026181404e-06
946 5.8697932886e-01 7.6534681695e-06
947 5.8672034224e-01 7.7756464402e-06
948 5.8664606382e-01 5.7611328051e-06
949 5.8661654576e-01 4.4244576706e-06
950 5.8658087245e-01 4.1063313225e-06
951 5.8649759371e-01 4.7205571153e-06
952 5.8638964858e-01 5.5922815340e-06
953 5.8633933937e-01 6.5686699604e-06
954 5.8634538225e-01 5.2953684355e-06
955 5.8634152334e-01 4.5822871849e-06
956 5.8632513632e-01 4.7171942768e-06
957 5.8633762137e-01 4.2808937732e-06
958 5.8636701650e-01 4.0550441982e-06
959 5.8640565709e-01 4.0182822287e-06
960 5.8641920544e-01 4.7846774976e-06
961 5.8640410557e-01 4.7418596107e-06
962 5.8633668131e-01 4.5600315118e-06
963 5.8622868559e-01 4.4606576964e-06
964 5.8606635453e-01 4.1837066300e-06
965 5.8602624427e-01 3.9846732781e-06
966 5.8602693600e-01 4.4454483030e-06
967 5.8599615849e-01 4.3455048521e-06
968 5.8595265398e-01 3.9389661971e-06
969 5.8587744224e-01 4.2960726194e-06
970 5.8568366449e-01 3.8259863116e-06
971 5.8556664243e-01 4.3202613191e-06
972 5.8554411588e-01 4.3696695186e-06
973 5.8552422315e-01 4.1079418866e-06
974 5.8549602425e-01 3.8278248989e-06
975 5.8544603789e-01 3.9257394037e-06
976 5.8528761102e-01 3.9603205173e-06
977 5.8528535777e-01 3.8359704705e-06
978 5.8529982736e-01 3.7096515842e-06
979 5.8529564206e-01 3.7564826174e-06
980 5.8526022605e-01 3.5150098733e-06
981 5.8524649138e-01 3.4715972967e-06
982 5.8540728053e-01 3.0743457579e-06
983 5.8570134330e-01 2.7915074414e-06
984 5.8574864568e-01 2.9338100555e-06
985 5.8574149521e-01 3.2683080523e-06
986 5.8567232893e-01 3.7939365740e-06
987 5.8541894545e-01 4.6432238381e-06
988 5.8489498073e-01 4.9715571962e-06
989 5.8480332166e-01 4.0491668596e-06
990 5.8477110387e-01 4.7506287142e-06
991 5.8472126819e-01 5.5971507308e-06
992 5.8457070090e-01 3.8211809851e-06
993 5.8430550293e-01 4.4567531785e-06
994 5.8421276060e-01 4.0545697130e-06
995 5.8421805674e-01 4.1423917650e-06
996 5.8421385219e-01 3.5857436439e-06
997 5.8420292034e-01 3.7170552980e-06
998 5.8414787328e-01 3.7954716945e-06
999 5.8402954804e-01 3.9090060574e-06
1000 5.8434535421e-01 3.1098079576e-06
1001 5.8445968235e-01 3.1876092998e-06
1002 5.8447685412e-01 3.0836921385e-06
1003 5.8445755872e-01 3.5196705705e-06
1004 5.8433798579e-01 4.0384118896e-06
1005 5.8392708429e-01 5.9798726281e-06
1006 5.8384269754e-01 6.6961783047e-06
1007 5.8386548003e-01 6.8666104760e-06
1008 5.8385762167e-01 3.7316191391e-06
1009 5.8383880197e-01 3.4892414318e-06
1010 5.8369968308e-01 7.0741347642e-06
1011 5.8332849668e-01 1.2401349918e-05
1012 5.8316572938e-01 1.0258786189e-05
1013 5.8310082659e-01 9.9568697551e-06
1014 5.8308471540e-01 4.7856109655e-06
1015 5.8313659535e-01 4.2960073076e-06
1016 5.8315072404e-01 4.8525089203e-06
1017 5.8314384949e-01 4.1509079631e-06
1018 5.8310682790e-01 4.8210502084e-06
1019 5.8301695166e-01 9.7898010518e-06
1020 5.8292714184e-01 1.0051509135e-05
1021 5.8287160196e-01 1.2900074954e-05
1022 5.8299118500e-01 8.8934399022e-06
1023 5.8322860013e-01 6.5896325546e-06
1024 5.8337751128e-01 8.0730532076e-06
1025 5.8341007600e-01 4.5267249054e-06
1026 5.8339605451e-01 3.8949316797e-06
1027 5.8333909889e-01 5.0590013197e-06
1028 5.8323784122e-01 6.0967520196e-06
1029 5.8312019170e-01 8.6937024031e-06
1030 5.8269249235e-01 8.6282503059e-06
1031 5.8227607051e-01 1.1372385250e-05
1032 5.8213002335e-01 9.4931785025e-06
1033 5.8208474987e-01 1.0644018968e-05
1034 5.8204748332e-01 4.6808953532e-06
1035 5.8202393216e-01 6.4498478196e-06
1036 5.8200353200e-01 5.3177406457e-06
1037 5.8194339426e-01 5.9745896538e-06
1038 5.8186670602e-01 5.3375579987e-06
1039 5.8173445377e-01 1.1051115887e-05
1040 5.8161204910e-01 9.3625284520e-06
1041 5.8136835934e-01 1.6440668266e-05
1042 5.8138376183e-01 1.2827500687e-05
1043 5.8152485410e-01 1.3363174370e-05
1044 5.8174207357e-01 8.6507238989e-06
1045 5.8200623459e-01 7.7734987998e-06
1046 5.8207698783e-01 5.6948976112e-06
1047 5.8210607947e-01 7.3374521071e-06
1048 5.8210781353e-01 5.6370377836e-06
1049 5.8201978324e-01 8.5547880472e-06
1050 5.8192591772e-01 1.0230181099e-05
1051 5.8148481988e-01 2.1407353465e-05
1052 5.8056150907e-01 1.6053832664e-05
1053 5.7988325520e-01 2.5522835146e-05
1054 5.7974728432e-01 2.1134863082e-05
1055 5.7968368432e-01 1.4865424568e-05
1056 5.7971729093e-01 8.3001444380e-06
1057 5.7971635001e-01 9.0571315680e-06
1058 5.7969575341e-01 5.4100615183e-06
1059 5.7965252178e-01 6.0453052793e-06
1060 5.7958700211e-01 5.1236642881e-06
1061 5.7952155121e-01 8.2598884348e-06
1062 5.7939917531e-01 6.0073056293e-06
1063 5.7893044354e-01 1.3789643794e-05
1064 5.7858971374e-01 1.3220745271e-05
1065 5.7810566046e-01 1.8779999805e-05
1066 5.7791812268e-01 1.5121520377e-05
1067 5.7813344755e-01 2.5134000814e-05
1068 5.7877380935e-01 1.3312096261e-05
1069 5.7989196077e-01 1.8373086718e-05
1070 5.8042609589e-01 7.6572884902e-06
1071 5.8055613939e-01 7.7722855711e-06
1072 5.8065562030e-01 4.3659220923e-06
1073 5.8065924517e-01 7.3802669159e-06
1074 5.8062795202e-01 5.0360886098e-06
1075 5.8030434917e-01 1.0595685529e-05
1076 5.7999515110e-01 9.9620257876e-06
1077 5.7957931931e-01 1.3373941452e-05
1078 5.7877112887e-01 1.5020517422e-05
1079 5.7782864744e-01 1.5555476010e-05
1080 5.7698378742e-01 1.7263713010e-05
1081 5.7672290450e-01 1.2133066624e-05
1082 5.7650085963e-01 1.2031095623e-05
1083 5.7645073162e-01 7.0741866915e-06
1084 5.7642802766e-01 7.3019761010e-06
1085 5.7642039539e-01 3.8479014468e-06
1086 5.7641197705e-01 4.5450096458e-06
1087 5.7640783957e-01 2.4317277156e-06
1088 5.7639602726e-01 2.8324395524e-06
1089 5.7638909044e-01 2.3072972810e-06
1090 5.7637199696e-01 3.9734842966e-06
1091 5.7635137557e-01 3.1050896933e-06
1092 5.7627294623e-01 7.5281598921e-06
1093 5.7622971387e-01 6.3533098222e-06
1094 5.7619918846e-01 8.2805111454e-06
1095 5.7625514694e-01 6.1548123517e-06
1096 5.7638173604e-01 1.1463534826e-05
1097 5.7651589224e-01 5.7185580932e-06
1098 5.7676365507e-01 8.2275170055e-06
1099 5.7683981433e-01 4.1291220122e-06
1100 5.7689439706e-01 4.8528129741e-06
1101 5.7692987286e-01 3.5928691322e-06
1102 5.7693160014e-01 6.7344978136e-06
1103 5.7691239139e-01 5.5918842270e-06
1104 5.7686297699e-01 5.4039223295e-06
1105 5.7671688077e-01 9.7688755692e-06
1106 5.7660362640e-01 8.5702305232e-06
1107 5.7627969364e-01 1.1127104004e-05
1108 5.7589959084e-01 1.3081211244e-05
1109 5.7568787318e-01 1.2387006516e-05
1110 5.7556449698e-01 1.1212001399e-05
1111 5.7549889691e-01 7.8595170759e-06
1112 5.7545635048e-01 8.4629842227e-06
1113 5.7543341096e-01 4.7925017426e-06
1114 5.7541151439e-01 4.0746244502e-06
1115 5.7537432282e-01 5.2245310675e-06
1116 5.7534243619e-01 3.0772333129e-06
1117 5.7528924905e-01 3.7388708939e-06
1118 5.7524610074e-01 3.8740981582e-06
1119 5.7513594829e-01 4.9264814882e-06
1120 5.7506570992e-01 4.6450539741e-06
1121 5.7492074101e-01 6.1325991138e-06
1122 5.7474117690e-01 7.5613484034e-06
1123 5.7465517725e-01 7.1791365316e-06
1124 5.7458883580e-01 7.2816255521e-06
1125 5.7462556890e-01 7.1420383028e-06
1126 5.7465984269e-01 5.2177718495e-06
1127 5.7472805993e-01 5.4112859412e-06
1128 5.7477751386e-01 4.1821679988e-06
1129 5.7480522548e-01 3.6952931391e-06
1130 5.7482695266e-01 3.5018993794e-06
1131 5.7484491092e-01 3.4039387403e-06
1132 5.7485189958e-01 5.0987786868e-06
1133 5.7485018049e-01 3.8669218790e-06
1134 5.7482391518e-01 5.2317766594e-06
1135 5.7477828694e-01 7.6026043554e-06
1136 5.7472063238e-01 7.1380213513e-06
1137 5.7456294194e-01 1.1080300993e-05
1138 5.7436180287e-01 1.1280536467e-05
1139 5.7417172945e-01 1.6031077294e-05
1140 5.7404698053e-01 1.2379932957e-05
1141 5.7396007077e-01 1.2711091748e-05
1142 5.7395094911e-01 1.6410864726e-05
1143 5.7398408732e-01 1.0914769369e-05
1144 5.7404425668e-01 1.1156363334e-05
1145 5.7411993404e-01 1.1811281623e-05
1146 5.7416548767e-01 6.5928299653e-06
1147 5.7418847491e-01 6.1690775916e-06
1148 5.7418954022e-01 5.1248014038e-06
1149 5.7417979499e-01 4.1559258164e-06
1150 5.7414935506e-01 4.0191338572e-06
1151 5.7411124400e-01 3.9134452119e-06
1152 5.7406006528e-01 3.7177888352e-06
1153 5.7399846684e-01 4.1234361574e-06
1154 5.7392600899e-01 3.8501681552e-06
1155 5.7372459193e-01 6.4067049083e-06
1156 5.7356141048e-01 6.4683402121e-06
1157 5.7326761176e-01 7.2566982558e-06
1158 5.7265333275e-01 1.2621340170e-05
1159 5.7239157694e-01 9.6214078477e-06
1160 5.7203768764e-01 1.3437055376e-05
1161 5.7205964310e-01 1.4690633208e-05
1162 5.7240451758e-01 1.2403065474e-05
1163 5.7322849401e-01 1.3027563808e-05
1164 5.7404604750e-01 1.0354849243e-05
1165 5.7447470259e-01 7.9119695562e-06
1166 5.7503730091e-01 7.9869837004e-06
1167 5.7546951300e-01 6.6326229465e-06
1168 5.7572979646e-01 5.6974778671e-06
1169 5.7596868139e-01 5.7310764138e-06
1170 5.7610636481e-01 4.6871109189e-06
1171 5.7622406085e-01 6.2486201069e-06
1172 5.7627275300e-01 5.4530949823e-06
1173 5.7627409833e-01 5.7192372245e-06
1174 5.7620635800e-01 9.1550500900e-06
1175 5.7611073568e-01 8.3139928914e-06
1176 5.7573016260e-01 1.1711171858e-05
1177 5.7519886542e-01 1.4871528842e-05
1178 5.7472887414e-01 1.4452276009e-05
1179 5.7376474736e-01 1.9026036734e-05
1180 5.7268007133e-01 1.9942625260e-05
1181 5.7179717656e-01 1.9270660065e-05
1182 5.7084907039e-01 2.1548857042e-05
1183 5.7010912047e-01 1.8839444071e-05
1184 5.6962991409e-01 2.1870872607e-05
1185 5.6934085319e-01 1.8353867853e-05
1186 5.6917851187e-01 1.2469809435e-05
1187 5.6911816078e-01 1.6054385563e-05
1188 5.6910638116e-01 9.5192642397e-06
1189 5.6910532794e-01 7.5115358898e-06
1190 5.6910839946e-01 8.5727057067e-06
1191 5.6911080164e-01 6.3588541714e-06
1192 5.6911246887e-01 5.0819546188e-06
1193 5.6911362243e-01 5.3602986970e-06
1194 5.6911273861e-01 3.4111030614e-06
1195 5.6910983316e-01 3.2444340080e-06
1196 5.6910601357e-01 3.4090775877e-06
1197 5.6910164597e-01 3.1553280075e-06
1198 5.6909391442e-01 3.1108476268e-06
1199 5.6908406901e-01 3.7118697100e-06
1200 5.6906651669e-01 4.5068185662e-06
1201 5.6904660417e-01 4.5284078836e-06
1202 5.6901718376e-01 6.1896800062e-06
1203 5.6894936706e-01 8.9431913154e-06
1204 5.6890190380e-01 8.4387520626e-06
1205 5.6884035938e-01 9.0614391544e-06
1206 5.6877651645e-01 1.2661265665e-05
1207 5.6875889122e-01 1.2032698638e-05
1208 5.6880977351e-01 1.4734224698e-05
1209 5.6904829261e-01 1.7195811212e-05
1210 5.6934222343e-01 1.2508659408e-05
1211 5.6970246470e-01 1.3001856390e-05
1212 5.7006335315e-01 1.1251101035e-05
1213 5.7029408108e-01 9.5967520279e-06
1214 5.7049185492e-01 9.5519411434e-06
1215 5.7064794218e-01 7.2798086037e-06
1216 5.7074758815e-01 6.1306972244e-06
1217 5.7078619607e-01 5.4540098354e-06
1218 5.7078288787e-01 3.7352370087e-06
1219 5.7073604493e-01 4.6124537596e-06
1220 5.7067564711e-01 4.0203749139e-06
1221 5.7059794414e-01 3.4566186803e-06
1222 5.7038618280e-01 5.2370005723e-06
1223 5.7021955380e-01 4.9112573552e-06
1224 5.6996626558e-01 4.5546371536e-06
1225 5.6955523420e-01 6.8749583420e-06
1226 5.6930598590e-01 5.6788555335e-06
1227 5.6893221439e-01 6.5275567270e-06
1228 5.6848624786e-01 6.8275832483e-06
1229 5.6821873078e-01 6.3190697883e-06
1230 5.6803423378e-01 5.8155733157e-06
1231 5.6790882001e-01 5.6203528280e-06
1232 5.6784319619e-01 4.9953451317e-06
1233 5.6779945636e-01 4.7633020454e-06
1234 5.6778135009e-01 3.7307894817e-06
1235 5.6777330386e-01 3.6053032830e-06
1236 5.6777242707e-01 3.0915968366e-06
1237 5.6777194773e-01 2.3572569942e-06
1238 5.6777184461e-01 2.6292019469e-06
1239 5.6777133617e-01 1.7665316512e-06
1240 5.6776950309e-01 1.6368026552e-06
1241 5.6776619212e-01 1.9192018213e-06
1242 5.6776103457e-01 1.7258947706e-06
1243 5.6775604717e-01 1.6276260459e-06
1244 5.6774523331e-01 2.1694351527e-06
1245 5.6773262016e-01 2.0453383922e-06
1246 5.6771524799e-01 2.4814703359e-06
1247 5.6768370901e-01 3.0780183406e-06
1248 5.6763846422e-01 4.0237482871e-06
1249 5.6759327298e-01 4.4085760397e-06
1250 5.6753115753e-01 4.9760625241e-06
1251 5.6744777390e-01 6.5613737783e-06
1252 5.6739621591e-01 6.7806092979e-06
1253 5.6737908276e-01 6.9014869353e-06
1254 5.6743276124e-01 9.0833243451e-06
1255 5.6755142227e-01 7.5359517168e-06
1256 5.6775423451e-01 7.5624440133e-06
1257 5.6814357833e-01 9.8468991178e-06
1258 5.6855295669e-01 7.4724199141e-06
1259 5.6891268223e-01 6.4212823154e-06
1260 5.6934780401e-01 8.4445023163e-06
1261 5.6972969099e-01 5.7989810764e-06
1262 5.7000700326e-01 4.9162947365e-06
1263 5.7027676912e-01 5.7130883376e-06
1264 5.7045099177e-01 3.8060515519e-06
1265 5.7056906027e-01 3.6147484097e-06
1266 5.7065383549e-01 3.9557077287e-06
1267 5.7070325580e-01 3.3400025559e-06
1268 5.7071489105e-01 3.4118167030e-06
1269 5.7069854676e-01 3.7492638712e-06
1270 5.7064993076e-01 3.1580700766e-06
1271 5.7058109619e-01 4.0995328496e-06
1272 5.7045276947e-01 3.8810989247e-06
1273 5.7031739409e-01 4.3090118450e-06
1274 5.7008930635e-01 5.3649735269e-06
1275 5.6980090278e-01 5.7339994579e-06
1276 5.6928867226e-01 6.7358154085e-06
1277 5.6875544247e-01 8.3996836876e-06
1278 5.6820906100e-01 7.5903430857e-06
1279 5.6754782357e-01 8.3123232301e-06
1280 5.6686261009e-01 1.0354876774e-05
1281 5.6634736681e-01 9.2466658466e-06
1282 5.6587161278e-01 9.6938775225e-06
1283 5.6548261897e-01 1.0422654099e-05
1284 5.6536529389e-01 7.3151466002e-06
1285 5.6531801789e-01 8.6177851912e-06
1286 5.6533273746e-01 7.8326504410e-06
1287 5.6537116737e-01 6.3416645629e-06
1288 5.6544687506e-01 8.1355804758e-06
1289 5.6554557727e-01 6.0643348650e-06
1290 5.6563472552e-01 5.0814502634e-06
1291 5.6570539728e-01 5.3986185718e-06
1292 5.6575197114e-01 4.3235383928e-06
1293 5.6577518529e-01 3.5857966625e-06
1294 5.6579268006e-01 3.7809579172e-06
1295 5.6579722334e-01 3.5234479767e-06
1296 5.6578993021e-01 3.5111172857e-06
1297 5.6576755916e-01 3.6670726186e-06
1298 5.6573499714e-01 3.8969025429e-06
1299 5.6567154469e-01 5.0350810505e-06
1300 5.6557720701e-01 5.2353239823e-06
1301 5.6545540453e-01 5.9746178116e-06
1302 5.6530134592e-01 6.6757188344e-06
1303 5.6511325493e-01 6.8878954568e-06
1304 5.6490220240e-01 8.5983850385e-06
1305 5.6464278092e-01 1.0503105319e-05
1306 5.6446337245e-01 9.3607061928e-06
1307 5.6430947603e-01 1.2255581866e-05
1308 5.6431693898e-01 1.2564525740e-05
1309 5.6448486096e-01 1.1414103701e-05
1310 5.6505713112e-01 1.3529662799e-05
1311 5.6589198470e-01 1.3654941199e-05
1312 5.6660272589e-01 1.1414317262e-05
1313 5.6782868617e-01 1.2854798701e-05
1314 5.6910802968e-01 1.1187243491e-05
1315 5.6986813474e-01 8.9778706527e-06
1316 5.7065639132e-01 8.6185070214e-06
1317 5.7122749120e-01 7.4727824214e-06
1318 5.7159877418e-01 6.3418446850e-06
1319 5.7202830967e-01 6.4103003622e-06
1320 5.7226236304e-01 6.6311535262e-06
1321 5.7243496252e-01 4.9647211958e-06
1322 5.7255594777e-01 5.1914477468e-06
1323 5.7261943056e-01 5.4085074371e-06
1324 5.7262552658e-01 4.1540772764e-06
1325 5.7257236825e-01 4.5157161516e-06
1326 5.7245166032e-01 4.9260520178e-06
1327 5.7224784046e-01 5.1961166592e-06
1328 5.7195818481e-01 5.9443637071e-06
1329 5.7152306332e-01 7.6068859840e-06
1330 5.7089270139e-01 7.2492780278e-06
1331 5.7033660790e-01 7.6900940628e-06
1332 5.6953849791e-01 8.5154807474e-06
1333 5.6835560243e-01 9.6194725661e-06
1334 5.6745438729e-01 1.1303290094e-05
1335 5.6579656983e-01 1.3519902455e-05
1336 5.6442856224e-01 1.4448572698e-05
1337 5.6345972898e-01 1.5267088129e-05
1338 5.6251254362e-01 1.4074589618e-05
1339 5.6220066674e-01 1.5172217770e-05
1340 5.6230837927e-01 1.2749049412e-05
1341 5.6271415189e-01 1.1747550218e-05
1342 5.6310811236e-01 1.0001126556e-05
1343 5.6341856289e-01 9.5111055617e-06
1344 5.6379749697e-01 7.6155893601e-06
1345 5.6410653536e-01 7.4723357681e-06
1346 5.6434620372e-01 6.8706860082e-06
1347 5.6464845300e-01 6.4693104899e-06
1348 5.6486393997e-01 6.4357528515e-06
1349 5.6504572162e-01 5.6039186747e-06
1350 5.6523677772e-01 5.7570607534e-06
1351 5.6542106765e-01 5.1129078500e-06
1352 5.6552592365e-01 4.7232078346e-06
1353 5.6562343656e-01 4.8709046522e-06
1354 5.6569159118e-01 3.9766098468e-06
1355 5.6574440415e-01 4.9342065011e-06
1356 5.6578376457e-01 4.1295627328e-06
1357 5.6580961111e-01 4.7236522077e-06
1358 5.6582781524e-01 6.3764866930e-06
1359 5.6583345413e-01 6.9778577976e-06
1360 5.6582586407e-01 6.9058444300e-06
1361 5.6579628074e-01 8.7154655846e-06
1362 5.6575883506e-01 8.4481639964e-06
1363 5.6567636803e-01 9.9244193997e-06
1364 5.6556034224e-01 1.2240200468e-05
1365 5.6545294807e-01 1.4004686350e-05
1366 5.6521981650e-01 1.4501463252e-05
1367 5.6505750735e-01 1.6909931389e-05
1368 5.6499563891e-01 1.4672449556e-05
1369 5.6491466044e-01 1.5445499715e-05
1370 5.6489946480e-01 1.5258322539e-05
1371 5.6491099930e-01 1.3852501385e-05
1372 5.6498026586e-01 1.7056893653e-05
1373 5.6509311907e-01 1.4266472793e-05
1374 5.6521541511e-01 1.5152767556e-05
1375 5.6545940206e-01 1.1586299151e-05
1376 5.6555846411e-01 1.3392654294e-05
1377 5.6570367555e-01 9.6570622954e-06
1378 5.6585137822e-01 9.3432286537e-06
1379 5.6593308559e-01 8.3245519839e-06
1380 5.6600716156e-01 7.0582823588e-06
1381 5.6606208409e-01 4.6265652478e-06
1382 5.6608221016e-01 5.3562864699e-06
1383 5.6610303824e-01 3.2826798684e-06
1384 5.6611659301e-01 4.1484490299e-06
1385 5.6612139449e-01 2.8120671483e-06
1386 5.6612259174e-01 3.3773682872e-06
1387 5.6612716557e-01 2.1481140265e-06
1388 5.6612551358e-01 2.8208958023e-06
1389 5.6612068423e-01 1.8957737178e-06
1390 5.6611683048e-01 2.1812662095e-06
1391 5.6610921172e-01 1.6478957834e-06
1392 5.6609884321e-01 2.2722428477e-06
1393 5.6608804619e-01 1.4205404416e-06
1394 5.6607752763e-01 2.0080193118e-06
1395 5.6606385133e-01 1.2682343433e-06
1396 5.6604656793e-01 1.9643442133e-06
1397 5.6603238905e-01 1.2764416366e-06
1398 5.6600352241e-01 2.1156608567e-06
1399 5.6598375604e-01 1.3221694827e-06
1400 5.6595603879e-01 1.7756248205e-06
1401 5.6591664499e-01 1.5988089535e-06
1402 5.6587367023e-01 2.4063051673e-06
1403 5.6582952456e-01 1.7984864255e-06
1404 5.6573627766e-01 3.1839622169e-06
1405 5.6565569286e-01 2.8282815304e-06
1406 5.6538147209e-01 5.1630932676e-06
1407 5.6515141579e-01 4.0641627205e-06
1408 5.6480275348e-01 5.7940512660e-06
1409 5.6441348894e-01 4.9922247103e-06
1410 5.6405791924e-01 7.3075315233e-06
1411 5.6365721480e-01 5.4294112574e-06
1412 5.6307497444e-01 1.0105841833e-05
1413 5.6273173531e-01 6.7327822731e-06
1414 5.6228758729e-01 9.5082168827e-06
1415 5.6209454163e-01 6.9564320716e-06
1416 5.6201770166e-01 9.6710043100e-06
1417 5.6208565043e-01 7.1891659992e-06
1418 5.6224248584e-01 9.1515177459e-06
1419 5.6263808961e-01 6.8626073721e-06
1420 5.6308160421e-01 1.0143012420e-05
1421 5.6362603407e-01 6.4117296976e-06
1422 5.6429746741e-01 8.6931864027e-06
1423 5.6490318262e-01 6.1612140633e-06
1424 5.6540220933e-01 7.3059244231e-06
1425 5.6582300869e-01 4.6403662519e-06
1426 5.6604588007e-01 4.0246436641e-06
1427 5.6618466813e-01 4.1805742526e-06
1428 5.6627577545e-01 2.6093271166e-06
1429 5.6634173280e-01 3.6467813243e-06
1430 5.6637572907e-01 2.5955395694e-06
1431 5.6637081380e-01 3.1852980908e-06
1432 5.6634777891e-01 2.0637563857e-06
1433 5.6630770619e-01 2.7874730078e-06
1434 5.6623855227e-01 1.8411592587e-06
1435 5.6612149967e-01 3.3088163305e-06
1436 5.6600132634e-01 1.9579389987e-06
1437 5.6578350699e-01 3.4826050783e-06
1438 5.6563278647e-01 2.2098561138e-06
1439 5.6522175426e-01 4.1132224438e-06
1440 5.6486874252e-01 3.0304661851e-06
1441 5.6402962243e-01 6.2390153161e-06
1442 5.6322786481e-01 3.8877839612e-06
1443 5.6244283081e-01 5.6212714882e-06
1444 5.6180454552e-01 4.1026800662e-06
1445 5.6080199011e-01 6.1360930419e-06
1446 5.6033632226e-01 4.4081376056e-06
1447 5.5939074452e-01 5.1282102754e-06
1448 5.5904014304e-01 4.6038277525e-06
1449 5.5813446634e-01 5.9779028983e-06
1450 5.5768616803e-01 4.5228106554e-06
1451 5.5716687563e-01 6.1006826507e-06
1452 5.5686056533e-01 4.4355456079e-06
1453 5.5653071334e-01 5.6879394117e-06
1454 5.5633785663e-01 4.7466954311e-06
1455 5.5622566884e-01 4.5750008531e-06
1456 5.5616080761e-01 4.9614870727e-06
1457 5.5615915767e-01 3.8101069791e-06
1458 5.5621255725e-01 5.0272464513e-06
1459 5.5625094378e-01 2.9359280642e-06
1460 5.5631554020e-01 3.2495991804e-06
1461 5.5635496114e-01 2.4850766446e-06
1462 5.5638288129e-01 2.2634110768e-06
1463 5.5641385385e-01 2.4949012159e-06
1464 5.5643854935e-01 2.1617375310e-06
1465 5.5645377226e-01 2.2265909635e-06
1466 5.5647202378e-01 1.8245123218e-06
1467 5.5648111054e-01 2.4889937125e-06
1468 5.5648699113e-01 1.6178682613e-06
1469 5.5648660800e-01 1.6463667920e-06
1470 5.5648140260e-01 2.1103755613e-06
1471 5.5647464309e-01 1.4596958053e-06
1472 5.5645401785e-01 1.7935904763e-06
1473 5.5643828185e-01 1.6950438998e-06
1474 5.5640583481e-01 2.0710244445e-06
1475 5.5635571094e-01 2.6751270874e-06
1476 5.5631094217e-01 2.2419556876e-06
1477 5.5622244304e-01 2.5418618920e-06
1478 5.5615613974e-01 2.7704440345e-06
1479 5.5610114629e-01 2.9362740776e-06
1480 5.5598969312e-01 3.6135634795e-06
1481 5.5588857537e-01 3.1827146819e-06
1482 5.5575107088e-01 5.1425584535e-06
1483 5.5556194293e-01 5.0183405513e-06
1484 5.5547535735e-01 5.2463063178e-06
1485 5.5545190993e-01 7.2418467498e-06
1486 5.5558849832e-01 5.6400810978e-06
1487 5.5588712155e-01 7.3744134846e-06
1488 5.5649674792e-01 7.2932182540e-06
1489 5.5766976026e-01 7.4302003683e-06
1490 5.5897457077e-01 8.8472948253e-06
1491 5.6058294298e-01 5.9898861927e-06
1492 5.6249863797e-01 7.6371732222e-06
1493 5.6360726891e-01 5.4268405718e-06
1494 5.6497443273e-01 6.1440305945e-06
1495 5.6655885904e-01 5.9110687014e-06
1496 5.6758024430e-01 4.1248214635e-06
1497 5.6881116806e-01 5.4151258098e-06
1498 5.6964525151e-01 4.4278528746e-06
1499 5.7047945016e-01 4.3587612092e-06
1500 5.7176063309e-01 4.5271089371e-06
1501 5.7237743263e-01 3.4502126674e-06
1502 5.7301088240e-01 3.1966253347e-06
1503 5.7350967991e-01 3.2126296249e-06
1504 5.7377510863e-01 2.7285028618e-06
1505 5.7411592355e-01 2.6995708096e-06
1506 5.7430104931e-01 2.5110869921e-06
1507 5.7444154208e-01 2.1523079159e-06
1508 5.7462687281e-01 2.8385462909e-06
1509 5.7473994368e-01 2.3089564172e-06
1510 5.7483691247e-01 2.5188756547e-06
1511 5.7489215460e-01 2.7825052316e-06
1512 5.7491262291e-01 2.9620793427e-06
1513 5.7490366030e-01 3.9374110155e-06
1514 5.7486809236e-01 2.6693990518e-06
1515 5.7479860222e-01 3.3011672996e-06
1516 5.7472007605e-01 2.8087440499e-06
1517 5.7455431116e-01 3.6399787559e-06
1518 5.7428521479e-01 4.7231945357e-06
1519 5.7396264744e-01 4.6741335636e-06
1520 5.7343193602e-01 5.2720692905e-06
1521 5.7313826950e-01 5.1826103147e-06
1522 5.7265694632e-01 5.7749658428e-06
1523 5.7153749229e-01 6.7489268084e-06
1524 5.7060912604e-01 7.8877365971e-06
1525 5.6927720413e-01 7.4320205303e-06
1526 5.6839596691e-01 7.8236068630e-06
1527 5.6782844362e-01 8.3068526842e-06
1528 5.6659815405e-01 9.3507086772e-06
1529 5.6568149757e-01 8.9929326401e-06
1530 5.6509600583e-01 7.5101251476e-06
1531 5.6457991440e-01 7.8801216863e-06
1532 5.6435177692e-01 7.6782450476e-06
1533 5.6405981256e-01 7.1108635512e-06
1534 5.6383439184e-01 9.8409842480e-06
1535 5.6376836534e-01 7.7854578474e-06
1536 5.6381853808e-01 7.8981146650e-06
1537 5.6394569470e-01 8.4724273547e-06
1538 5.6418049995e-01 7.7203139888e-06
1539 5.6467361197e-01 7.7625735149e-06
1540 5.6508226159e-01 7.3001383527e-06
1541 5.6542394697e-01 5.2422615465e-06
1542 5.6564863838e-01 5.3059481851e-06
1543 5.6588693248e-01 4.9525613667e-06
1544 5.6619840211e-01 5.0909697229e-06
1545 5.6639933747e-01 3.9169835819e-06
1546 5.6661074666e-01 4.5440934285e-06
1547 5.6681361509e-01 3.6956473069e-06
1548 5.6694021574e-01 3.1480267829e-06
1549 5.6705964140e-01 3.1889850594e-06
1550 5.6713510362e-01 2.2988427485e-06
1551 5.6721220117e-01 2.1665253697e-06
1552 5.6726324042e-01 2.2110885509e-06
1553 5.6728682298e-01 2.0367696037e-06
1554 5.6733493982e-01 2.2270005605e-06
1555 5.6736028617e-01 1.9980000194e-06
1556 5.6738674237e-01 1.5624860833e-06
1557 5.6740063240e-01 1.6182047570e-06
1558 5.6740749483e-01 2.0890609578e-06
1559 5.6741517974e-01 2.1950996411e-06
1560 5.6741785112e-01 2.4208353673e-06
1561 5.6741711298e-01 2.0589983783e-06
1562 5.6741250898e-01 1.6621450376e-06
1563 5.6740595244e-01 1.9141399849e-06
1564 5.6739048312e-01 2.3270083625e-06
1565 5.6735412963e-01 2.5684141972e-06
1566 5.6731271709e-01 3.0412184169e-06
1567 5.6724665230e-01 2.5639729878e-06
1568 5.6720089620e-01 2.9237415211e-06
1569 5.6713550420e-01 4.1422024052e-06
1570 5.6696870658e-01 4.0187794414e-06
1571 5.6683908012e-01 3.2941626459e-06
1572 5.6671611458e-01 3.5558051210e-06
1573 5.6655591517e-01 3.8451027394e-06
1574 5.6644633994e-01 4.6995864988e-06
1575 5.6627883030e-01 4.5741833081e-06
1576 5.6608550137e-01 4.4715573982e-06
1577 5.6573425495e-01 7.0563267018e-06
1578 5.6481352096e-01 8.0971306626e-06
1579 5.6398224630e-01 8.7062140117e-06
1580 5.6356408790e-01 8.1581939696e-06
1581 5.6302692158e-01 8.1315763896e-06
1582 5.6228910386e-01 7.4275084200e-06
1583 5.6141335693e-01 9.8407241060e-06
1584 5.5985580599e-01 9.7248011430e-06
1585 5.5889335743e-01 1.0879390873e-05
1586 5.5769328670e-01 1.1964486739e-05
1587 5.5630158097e-01 9.5049388557e-06
1588 5.5569927100e-01 1.0161859575e-05
1589 5.5492311756e-01 9.1750000777e-06
1590 5.5425657985e-01 9.9911449010e-06
1591 5.5317024198e-01 1.1831619977e-05
1592 5.5118534802e-01 1.3044601807e-05
1593 5.5024957770e-01 1.2054254137e-05
1594 5.4952075582e-01 8.5745799578e-06
1595 5.4888715448e-01 8.6712645706e-06
1596 5.4853984394e-01 8.3041005751e-06
1597 5.4796930271e-01 8.5842876910e-06
1598 5.4746364072e-01 9.2007415400e-06
1599 5.4703258942e-01 8.8263128951e-06
1600 5.4649938419e-01 8.5057092371e-06
1601 5.4624647082e-01 6.5507465643e-06
1602 5.4606157398e-01 4.7625103131e-06
1603 5.4594653158e-01 4.3777439304e-06
1604 5.4586231053e-01 4.7807178100e-06
1605 5.4573539179e-01 4.5582659048e-06
1606 5.4564211374e-01 4.3971486107e-06
1607 5.4557518449e-01 4.3579785497e-06
1608 5.4550937819e-01 2.9397819578e-06
1609 5.4546278707e-01 2.9549707448e-06
1610 5.4542654524e-01 2.8242925612e-06
1611 5.4539604451e-01 2.3731410818e-06
1612 5.4536708796e-01 2.9480663856e-06
1613 5.4532441462e-01 2.4331973860e-06
1614 5.4528679901e-01 2.5167894321e-06
1615 5.4526242212e-01 2.5112665756e-06
1616 5.4523240506e-01 2.3721426562e-06
1617 5.4520537050e-01 2.4062375494e-06
1618 5.4518655798e-01 2.3283684257e-06
1619 5.4516198880e-01 2.2576028493e-06
1620 5.4513717046e-01 2.4514599341e-06
1621 5.4507701466e-01 3.0552976993e-06
1622 5.4498593905e-01 3.2132264496e-06
1623 5.4491919129e-01 3.2137985351e-06
1624 5.4485054033e-01 4.0062797296e-06
1625 5.4475718330e-01 3.7419949568e-06
1626 5.4470543294e-01 3.6639665210e-06
1627 5.4465008341e-01 3.2805644470e-06
1628 5.4459602172e-01 3.4748145148e-06
1629 5.4451779902e-01 4.2473264330e-06
1630 5.4436735674e-01 5.8352423977e-06
1631 5.4423609215e-01 5.5686963546e-06
1632 5.4406634963e-01 6.2567689249e-06
1633 5.4378913884e-01 7.3640283427e-06
1634 5.4355226713e-01 6.4866477658e-06
1635 5.4334701135e-01 6.1714849466e-06
1636 5.4317894849e-01 6.7061860312e-06
1637 5.4301544031e-01 6.6830054553e-06
1638 5.4282606721e-01 8.5410991896e-06
1639 5.4261254207e-01 1.0139253322e-05
1640 5.4238213105e-01 9.1444757305e-06
1641 5.4213993806e-01 1.2877815039e-05
1642 5.4205277772e-01 1.0433855711e-05
1643 5.4206659417e-01 9.1996249933e-06
1644 5.4212770859e-01 8.8774301649e-06
1645 5.4223947155e-01 9.7532090366e-06
1646 5.4249730331e-01 1.0943787918e-05
1647 5.4281854925e-01 1.1103868900e-05
1648 5.4328479175e-01 1.1667748965e-05
1649 5.4396234892e-01 1.1022868081e-05
1650 5.4486210233e-01 1.2049311628e-05
1651 5.4576651612e-01 9.9562944521e-06
1652 5.4678825163e-01 8.4022438040e-06
1653 5.4738467992e-01 8.4499384977e-06
1654 5.4813646908e-01 7.8378934418e-06
1655 5.4869014400e-01 7.4210248847e-06
1656 5.4908441231e-01 7.5184394185e-06
1657 5.4958734862e-01 7.8374385971e-06
1658 5.5023673708e-01 9.4683739722e-06
1659 5.5104110876e-01 9.0995097081e-06
1660 5.5220043800e-01 9.9571323105e-06
1661 5.5311855483e-01 6.2694655791e-06
1662 5.5399779505e-01 5.8169473608e-06
1663 5.5502589579e-01 5.7478732471e-06
1664 5.5547515452e-01 4.1308216336e-06
1665 5.5571433933e-01 3.7617143005e-06
1666 5.5588235315e-01 3.5517269477e-06
1667 5.5596429628e-01 3.0394173595e-06
1668 5.5607796563e-01 3.5830667760e-06
1669 5.5618221758e-01 3.1416251224e-06
1670 5.5624916443e-01 2.2597156819e-06
1671 5.5633166123e-01 2.4087107755e-06
1672 5.5643395558e-01 2.5609378046e-06
1673 5.5651623413e-01 1.9763380273e-06
1674 5.5658894568e-01 2.3758939000e-06
1675 5.5663037978e-01 1.9172338550e-06
1676 5.5665553323e-01 1.6503893379e-06
1677 5.5667168323e-01 1.7212148231e-06
1678 5.5668178244e-01 1.4920441219e-06
1679 5.5668653732e-01 1.4325550980e-06
1680 5.5668911752e-01 1.5260822542e-06
1681 5.5668827366e-01 1.2577414257e-06
1682 5.5668172575e-01 1.3997731286e-06
1683 5.5666912574e-01 1.4412194130e-06
1684 5.5665647437e-01 1.4184330433e-06
1685 5.5664121142e-01 1.3421321836e-06
1686 5.5662319340e-01 1.5184598733e-06
1687 5.5661007180e-01 1.4073522030e-06
1688 5.5658768658e-01 1.5085757159e-06
1689 5.5655996759e-01 1.5078253134e-06
1690 5.5652873356e-01 1.3821428296e-06
1691 5.5646894770e-01 1.2736790928e-06
1692 5.5640201419e-01 1.5958992167e-06
1693 5.5632229438e-01 1.7445714264e-06
1694 5.5620906399e-01 1.8253820947e-06
1695 5.5611342405e-01 1.9872757861e-06
1696 5.5600711164e-01 2.2445872935e-06
1697 5.5591417581e-01 2.1147185553e-06
1698 5.5580901454e-01 2.2994108131e-06
1699 5.5568287007e-01 2.4555416652e-06
1700 5.5550176165e-01 2.4896073932e-06
1701 5.5533573900e-01 2.5074301169e-06
1702 5.5504727372e-01 2.5683989946e-06
1703 5.5471072883e-01 2.6950881572e-06
1704 5.5437766311e-01 3.5841160163e-06
1705 5.5383085697e-01 4.5955184808e-06
1706 5.5320536472e-01 4.7066247150e-06
1707 5.5252139639e-01 5.8287179875e-06
1708 5.5178232459e-01 6.7538960044e-06
1709 5.5107717595e-01 4.7668154302e-06
1710 5.5018916078e-01 5.7382968002e-06
1711 5.4953775447e-01 5.0229462011e-06
1712 5.4825739575e-01 5.2260173265e-06
1713 5.4710758295e-01 6.1449597493e-06
1714 5.4567586389e-01 6.1507319898e-06
1715 5.4439134836e-01 6.7519062672e-06
1716 5.4290160131e-01 7.6464642986e-06
1717 5.4213363895e-01 7.4751905342e-06
1718 5.4111945167e-01 8.4361681202e-06
1719 5.4035479871e-01 9.3845051050e-06
1720 5.3919847560e-01 8.0969992085e-06
1721 5.3824807802e-01 7.9516253526e-06
1722 5.3772889331e-01 6.0048800701e-06
1723 5.3723483110e-01 5.0647174936e-06
1724 5.3700720854e-01 4.7989486643e-06
1725 5.3674127618e-01 5.3174753646e-06
1726 5.3656128236e-01 4.7390632369e-06
1727 5.3640489357e-01 5.1261291993e-06
1728 5.3630619765e-01 5.4687943774e-06
1729 5.3606526947e-01 6.4619131824e-06
1730 5.3593505706e-01 6.2615487746e-06
1731 5.3583999723e-01 4.5017405955e-06
1732 5.3577328101e-01 3.6738235838e-06
1733 5.3571205056e-01 3.7772377240e-06
1734 5.3567938890e-01 2.9825007098e-06
1735 5.3564616425e-01 2.8412257598e-06
1736 5.3563561182e-01 2.3997465089e-06
1737 5.3561498866e-01 2.7888212586e-06
1738 5.3560645604e-01 2.4488162373e-06
1739 5.3559875755e-01 2.5744827626e-06
1740 5.3559360599e-01 2.2412102083e-06
1741 5.3558937471e-01 2.4517445393e-06
1742 5.3558676479e-01 1.7856642105e-06
1743 5.3558305083e-01 1.8672620809e-06
1744 5.3558088047e-01 1.8133412189e-06
1745 5.3557387383e-01 1.5358364710e-06
1746 5.3557195882e-01 1.1668665948e-06
1747 5.3556705945e-01 1.2105645436e-06
1748 5.3556400077e-01 9.3544566150e-07
1749 5.3556197299e-01 1.0794586260e-06
1750 5.3556002999e-01 8.4077116848e-07
1751 5.3555782701e-01 1.1795985359e-06
1752 5.3555648808e-01 8.5606843464e-07
1753 5.3555405621e-01 1.0175276335e-06
1754 5.3555241239e-01 9.7405931618e-07
1755 5.3554838224e-01 1.0076924236e-06
1756 5.3554643931e-01 7.5152217021e-07
1757 5.3554262755e-01 9.8986034312e-07
1758 5.3553824201e-01 6.4362962945e-07
1759 5.3553363801e-01 8.5249088261e-07
1760 5.3552984222e-01 6.1152546293e-07
1761 5.3552524994e-01 7.6864656810e-07
1762 5.3552285420e-01 6.4704479774e-07
1763 5.3551767003e-01 7.7079501600e-07
1764 5.3551504341e-01 8.0264172334e-07
1765 5.3550552900e-01 1.0024962772e-06
1766 5.3550118855e-01 8.9853516927e-07
1767 5.3549246210e-01 8.5826026771e-07
1768 5.3548587207e-01 9.3034051539e-07
1769 5.3547166047e-01 9.6310467188e-07
1770 5.3546088704e-01 9.4756625046e-07
1771 5.3544100233e-01 1.0112217514e-06
1772 5.3543568437e-01 8.1511696456e-07
1773 5.3542633557e-01 1.0469474651e-06
1774 5.3541893749e-01 1.0127013500e-06
1775 5.3540126049e-01 1.7447464110e-06
1776 5.3538202356e-01 1.2338529408e-06
1777 5.3537161344e-01 1.4072753410e-06
1778 5.3533713105e-01 1.9301284708e-06
1779 5.3531655223e-01 1.7117094008e-06
1780 5.3527311796e-01 2.1735396931e-06
1781 5.3524474889e-01 2.0786637866e-06
1782 5.3519531327e-01 1.6489775456e-06
1783 5.3517390405e-01 1.7917058653e-06
1784 5.3513725395e-01 1.9307284182e-06
1785 5.3511946803e-01 1.8657091372e-06
1786 5.3508659186e-01 2.1630401752e-06
1787 5.3507834973e-01 2.1504589409e-06
1788 5.3507707916e-01 2.3968724001e-06
1789 5.3508391065e-01 2.2770671880e-06
1790 5.3511345310e-01 2.7076980839e-06
1791 5.3513726206e-01 2.7299857313e-06
1792 5.3520644767e-01 3.7187136401e-06
1793 5.3525830967e-01 2.8081646262e-06
1794 5.3541868954e-01 4.5027033176e-06
1795 5.3559003723e-01 2.6235683053e-06
1796 5.3579411968e-01 3.2093288047e-06
1797 5.3596832385e-01 2.3392907704e-06
1798 5.3628880250e-01 3.3142892565e-06
1799 5.3653285202e-01 2.4700142922e-06
1800 5.3689128636e-01 3.5214112152e-06
1801 5.3704820951e-01 2.3241424684e-06
1802 5.3730063497e-01 2.7708454151e-06
1803 5.3741866017e-01 2.4914210482e-06
1804 5.3762956152e-01 2.5433724473e-06
1805 5.3778888404e-01 2.1231231468e-06
1806 5.3788545927e-01 1.8256704226e-06
1807 5.3809686091e-01 2.0846531037e-06
1808 5.3821033064e-01 1.8519101927e-06
1809 5.3839674861e-01 1.7328743337e-06
1810 5.3846731739e-01 1.7763623667e-06
1811 5.3862420489e-01 1.6281047412e-06
1812 5.3871520984e-01 2.3349790583e-06
1813 5.3886010736e-01 1.6713191765e-06
1814 5.3893673097e-01 1.9258316961e-06
1815 5.3906637117e-01 1.5972579690e-06
1816 5.3913999386e-01 1.5985938606e-06
1817 5.3923895220e-01 1.4177490224e-06
1818 5.3932334965e-01 1.2766936503e-06
1819 5.3936107748e-01 1.1412910572e-06
1820 5.3944349186e-01 1.2440325851e-06
1821 5.3947954544e-01 9.8854455697e-07
1822 5.3949975200e-01 8.0496956935e-07
1823 5.3951269176e-01 9.1199944326e-07
1824 5.3951898555e-01 7.8661441386e-07
1825 5.3952261040e-01 8.1748815270e-07
1826 5.3952217029e-01 7.1316996025e-07
1827 5.3951674447e-01 8.2944255189e-07
1828 5.3950249632e-01 9.9191825290e-07
1829 5.3947895955e-01 8.7538129788e-07
1830 5.3945082177e-01 7.0196043763e-07
1831 5.3943094387e-01 6.4858628927e-07
1832 5.3941095302e-01 5.4218418055e-07
1833 5.3939318988e-01 5.4690128240e-07
1834 5.3937779661e-01 5.2008514778e-07
1835 5.3934979838e-01 5.5102202080e-07
1836 5.3933009468e-01 5.4509114882e-07
1837 5.3929294019e-01 5.8840680821e-07
1838 5.3926296099e-01 5.6964733808e-07
1839 5.3922530385e-01 6.3819168816e-07
1840 5.3916291179e-01 6.8381291707e-07
1841 5.3911126957e-01 6.6543357771e-07
1842 5.3900932188e-01 9.1392212643e-07
1843 5.3895121838e-01 7.1639355633e-07
1844 5.3891599352e-01 6.9467018477e-07
1845 5.3883493107e-01 9.6674756053e-07
1846 5.3873762903e-01 6.9567682065e-07
1847 5.3858772637e-01 8.6820864536e-07
1848 5.3847182266e-01 7.5746586729e-07
1849 5.3840063882e-01 6.8437338618e-07
1850 5.3830448156e-01 7.6764183521e-07
1851 5.3820445261e-01 7.3914439419e-07
1852 5.3801804813e-01 9.3484098582e-07
1853 5.3778290396e-01 8.9880302240e-07
1854 5.3761225064e-01 9.9654149114e-07
1855 5.3735444199e-01 1.2195235085e-06
1856 5.3717812775e-01 1.0505635588e-06
1857 5.3705792397e-01 1.2098947240e-06
1858 5.3689636123e-01 1.5386535073e-06
1859 5.3666294777e-01 1.6886413503e-06
1860 5.3627692672e-01 2.0527664940e-06
1861 5.3594283348e-01 1.4247110835e-06
1862 5.3569151397e-01 1.3478959212e-06
1863 5.3547782656e-01 1.3063432651e-06
1864 5.3528692778e-01 1.2545804186e-06
1865 5.3505665719e-01 1.5254291277e-06
1866 5.3490182450e-01 1.4899068260e-06
1867 5.3479080562e-01 1.5512690796e-06
1868 5.3472654841e-01 1.5337521035e-06
1869 5.3467927499e-01 1.5606077833e-06
1870 5.3465575741e-01 2.2474934001e-06
1871 5.3475972467e-01 2.0318891896e-06
1872 5.3506502436e-01 2.9668279523e-06
1873 5.3549889918e-01 2.5864878775e-06
1874 5.3593436753e-01 2.2269369936e-06
1875 5.3720588876e-01 2.9033398510e-06
1876 5.3867179452e-01 1.8263332642e-06
1877 5.3996733731e-01 1.5071251969e-06
1878 5.4087704926e-01 1.3189841078e-06
1879 5.4169363878e-01 1.5071878203e-06
1880 5.4448788476e-01 1.3520040239e-06
1881 5.4578399642e-01 9.9955219516e-07
1882 5.4611102337e-01 8.7688229666e-07
1883 5.4626333943e-01 8.7643589686e-07
1884 5.4636188637e-01 9.0280759501e-07
1885 5.4659261109e-01 1.0884619333e-06
1886 5.4707399337e-01 9.0943287045e-07
1887 5.4740296859e-01 9.5821798179e-07
1888 5.4755072461e-01 8.6943511156e-07
1889 5.4765837680e-01 6.0697440748e-07
1890 5.4778958285e-01 6.3876238090e-07
1891 5.4799489523e-01 6.2904410807e-07
1892 5.4835671857e-01 7.4637670179e-07
1893 5.4863236316e-01 8.8992769584e-07
1894 5.4876449233e-01 6.3355016125e-07
1895 5.4883019500e-01 5.8910053153e-07
1896 5.4887699666e-01 6.3610207108e-07
1897 5.4892302993e-01 6.6891062670e-07
1898 5.4900726006e-01 1.3014550451e-06
1899 5.4907027015e-01 1.2937316304e-06
1900 5.4909742461e-01 7.9161047515e-07
1901 5.4911303067e-01 8.7402641020e-07
1902 5.4911991033e-01 9.7756792756e-07
1903 5.4911258966e-01 1.3332006072e-06
1904 5.4908078261e-01 2.9316600837e-06
1905 5.4904892573e-01 1.7471913627e-06
1906 5.4900453853e-01 1.2538948699e-06
1907 5.4898133214e-01 1.1730898553e-06
1908 5.4896472914e-01 1.1982772517e-06
1909 5.4886841822e-01 1.4636264422e-06
1910 5.4867518216e-01 1.9613002918e-06
1911 5.4844179806e-01 2.2495832127e-06
1912 5.4819300289e-01 2.2980519586e-06
1913 5.4802372250e-01 1.6517897589e-06
1914 5.4770180836e-01 1.8860625945e-06
1915 5.4705875552e-01 2.4059235464e-06
1916 5.4644281344e-01 2.6070860560e-06
1917 5.4559670264e-01 3.6351447401e-06
1918 5.4512596385e-01 3.3410817912e-06
1919 5.4479904032e-01 2.8992433562e-06
1920 5.4446628891e-01 2.6617993811e-06
1921 5.4415685802e-01 2.5484328415e-06
1922 5.4306951639e-01 3.9989701149e-06
1923 5.4096426443e-01 5.2507336613e-06
1924 5.4018435617e-01 3.4069972168e-06
1925 5.3992922429e-01 3.0731034893e-06
1926 5.3959791128e-01 3.0173656018e-06
1927 5.3894727386e-01 3.6828956136e-06
1928 5.3788918322e-01 5.7368235133e-06
1929 5.3733157246e-01 5.5907714358e-06
1930 5.3719678423e-01 4.4933061946e-06
1931 5.3709986618e-01 3.8757057762e-06
1932 5.3692552238e-01 3.0336826849e-06
1933 5.3657864417e-01 3.8518680064e-06
1934 5.3663957365e-01 3.4560127959e-06
1935 5.3682638306e-01 2.8052527189e-06
1936 5.3688249229e-01 2.9219480150e-06
1937 5.3691443963e-01 2.6081457338e-06
1938 5.3699549055e-01 2.7303068020e-06
1939 5.3723960334e-01 3.2536770938e-06
1940 5.3770804212e-01 2.5347338750e-06
1941 5.3791115069e-01 2.7862613421e-06
1942 5.3799141940e-01 2.7726721770e-06
1943 5.3806005179e-01 1.8776329128e-06
1944 5.3814181780e-01 2.1053554021e-06
1945 5.3840347770e-01 2.3794560083e-06
1946 5.3880785697e-01 2.7016456135e-06
1947 5.3901557801e-01 2.6337026422e-06
1948 5.3908907149e-01 1.7291846799e-06
1949 5.3911460455e-01 1.4973402688e-06
1950 5.3915814623e-01 1.6197301093e-06
1951 5.3928814945e-01 1.5045661291e-06
1952 5.3957457153e-01 2.2700412629e-06
1953 5.3985625788e-01 2.9994257790e-06
1954 5.3995978408e-01 1.5108397326e-06
1955 5.3998549840e-01 1.1083151247e-06
1956 5.4000055655e-01 8.2076592737e-07
1957 5.4001863569e-01 1.0986550381e-06
1958 5.4005711278e-01 2.6671774636e-06
1959 5.4010460816e-01 1.4087235515e-06
1960 5.4012311443e-01 1.1381543402e-06
1961 5.4013153659e-01 9.1333385083e-07
1962 5.4013683283e-01 7.7164436349e-07
1963 5.4013798717e-01 8.8340640223e-07
1964 5.4013721302e-01 7.0248939372e-07
1965 5.4013404681e-01 7.4759157121e-07
1966 5.4012442882e-01 9.1069240922e-07
1967 5.4010434953e-01 1.1141515339e-06
1968 5.4008336773e-01 1.1492632001e-06
1969 5.4006871975e-01 9.1544828327e-07
1970 5.4005992662e-01 5.6257459536e-07
1971 5.4004425528e-01 1.0071146804e-06
1972 5.4000577326e-01 1.4945917711e-06
1973 5.3996626385e-01 9.8692382641e-07
1974 5.3993128776e-01 9.8377737928e-07
1975 5.3990370507e-01 9.3726946000e-07
1976 5.3987446916e-01 7.0701357402e-07
1977 5.3985846593e-01 6.5764048989e-07
1978 5.3984603139e-01 5.4762995798e-07
1979 5.3982227958e-01 6.7757086309e-07
1980 5.3976912531e-01 1.1823206162e-06
1981 5.3966900984e-01 1.4970940520e-06
1982 5.3954105838e-01 1.5475666647e-06
1983 5.3939295128e-01 1.4705752411e-06
1984 5.3916124661e-01 2.0293867310e-06
1985 5.3894927980e-01 1.4377564546e-06
1986 5.3886932332e-01 1.1015345550e-06
1987 5.3879134816e-01 1.0375368641e-06
1988 5.3866248093e-01 2.0817766446e-06
1989 5.3834398166e-01 2.5026426324e-06
1990 5.3782760968e-01 2.5946463999e-06
1991 5.3735922691e-01 2.1312788763e-06
1992 5.3710978657e-01 2.5467926038e-06
1993 5.3673523932e-01 2.3247114350e-06
1994 5.3653169212e-01 1.6137534982e-06
1995 5.3635235928e-01 1.6912211979e-06
1996 5.3610521174e-01 2.2517198006e-06
1997 5.3570058958e-01 2.8760404062e-06
1998 5.3511383502e-01 3.2948152733e-06
1999 5.3430764793e-01 4.2427368200e-06
