iter rel_error rel_residual
0 3.0106842057e+00 7.7910117199e-02
1 3.1204048218e+00 3.3429931845e-02
2 2.5409426427e+00 3.6175408077e-02
3 2.1941110658e+00 1.5008895487e-02
4 2.0953415085e+00 1.6016212907e-02
5 1.8152631551e+00 1.3448342812e-02
6 1.7475667521e+00 7.3307200545e-03
7 1.5604668347e+00 4.8839697918e-03
8 1.4941939695e+00 8.5236973107e-03
9 1.3869500870e+00 6.3458866241e-03
10 1.3713213766e+00 3.1125196521e-03
11 1.3079844848e+00 4.0363525559e-03
12 1.2814203130e+00 3.6678480664e-03
13 1.2507945039e+00 2.2342494071e-03
14 1.2324488226e+00 2.6030967012e-03
15 1.2193561650e+00 2.6908653100e-03
16 1.1889077750e+00 1.6115727412e-03
17 1.1771430266e+00 1.9662793013e-03
18 1.1622084022e+00 2.1089488266e-03
19 1.1422791923e+00 1.1775162650e-03
20 1.1363409497e+00 1.6809371026e-03
21 1.1195516290e+00 1.7352547615e-03
22 1.1066567542e+00 1.0192577161e-03
23 1.1019923311e+00 1.2323694592e-03
24 1.0917558355e+00 1.5581618123e-03
25 1.0812125027e+00 9.4701474287e-04
26 1.0761475250e+00 1.1084365393e-03
27 1.0645706955e+00 1.4017783318e-03
28 1.0575278033e+00 7.6123994537e-04
29 1.0527120452e+00 9.1240255909e-04
30 1.0466675344e+00 1.0448012967e-03
31 1.0420655929e+00 6.0943277559e-04
32 1.0390999692e+00 7.1552135013e-04
33 1.0350945750e+00 8.2769555574e-04
34 1.0317917019e+00 5.0763662011e-04
35 1.0283872022e+00 6.1848599076e-04
36 1.0242735550e+00 8.5201599069e-04
37 1.0196835093e+00 5.4494982608e-04
38 1.0154148907e+00 6.1334303599e-04
39 1.0114218605e+00 7.3285177936e-04
40 1.0077148232e+00 4.6436011190e-04
41 1.0021082470e+00 6.1562629483e-04
42 9.9757839340e-01 7.5877620166e-04
43 9.9343727857e-01 4.8753695148e-04
44 9.8912649094e-01 5.4237637530e-04
45 9.8596750303e-01 6.2235592728e-04
46 9.8312975527e-01 4.0038889909e-04
47 9.7978536358e-01 4.5506189818e-04
48 9.7721807051e-01 5.6303327488e-04
49 9.7417627988e-01 3.9954311492e-04
50 9.7094488254e-01 4.3694137923e-04
51 9.6840069898e-01 5.4164556125e-04
52 9.6541242945e-01 3.6507177847e-04
53 9.6217017938e-01 4.1598689318e-04
54 9.5933648459e-01 5.0209422326e-04
55 9.5641860338e-01 3.5448696366e-04
56 9.5319347455e-01 3.9362036237e-04
57 9.5076505794e-01 4.3972089534e-04
58 9.4871977318e-01 2.8926898731e-04
59 9.4615361413e-01 3.5811657244e-04
60 9.4403625796e-01 4.1352179771e-04
61 9.4137801267e-01 3.2450114813e-04
62 9.3917662717e-01 3.2351903029e-04
63 9.3714508234e-01 4.0672041962e-04
64 9.3486622898e-01 2.6835761613e-04
65 9.3221155239e-01 3.1920474141e-04
66 9.3041878794e-01 3.5452774229e-04
67 9.2828760798e-01 2.7075704176e-04
68 9.2589105944e-01 2.8414452055e-04
69 9.2416640497e-01 3.5390228164e-04
70 9.2210746281e-01 2.5344808565e-04
71 9.1976939497e-01 2.8235458496e-04
72 9.1802109999e-01 3.2158188243e-04
73 9.1595385151e-01 2.6024530373e-04
74 9.1402768504e-01 2.4862944283e-04
75 9.1229876038e-01 3.1683905786e-04
76 9.1019174725e-01 2.4996336439e-04
77 9.0824003786e-01 2.4348459997e-04
78 9.0642764934e-01 3.1314844401e-04
79 9.0419259034e-01 2.3928608574e-04
80 9.0221393445e-01 2.5594882534e-04
81 9.0014741287e-01 3.2934130529e-04
82 8.9804924164e-01 2.2920956981e-04
83 8.9593773441e-01 2.4340771358e-04
84 8.9419530534e-01 2.7371596667e-04
85 8.9246004746e-01 2.0556751222e-04
86 8.9079909613e-01 2.2210060407e-04
87 8.8933816638e-01 2.7758693650e-04
88 8.8718262357e-01 2.1920362150e-04
89 8.8516218531e-01 2.2916136195e-04
90 8.8326161032e-01 2.8154080897e-04
91 8.8103723340e-01 2.1260312022e-04
92 8.7937797909e-01 2.1605162757e-04
93 8.7766702655e-01 2.4370789766e-04
94 8.7613553770e-01 1.9233973598e-04
95 8.7447213220e-01 2.1038808769e-04
96 8.7272533628e-01 2.5476517166e-04
97 8.7067277559e-01 2.1030001690e-04
98 8.6888685689e-01 1.9849238993e-04
99 8.6727916603e-01 2.3640040224e-04
100 8.6565237020e-01 1.8595547552e-04
101 8.6408841496e-01 1.8991433799e-04
102 8.6234943134e-01 2.3423382747e-04
103 8.6071629262e-01 1.8047753236e-04
104 8.5914021371e-01 1.8109028537e-04
105 8.5754132546e-01 2.4039996761e-04
106 8.5570064254e-01 1.7772816689e-04
107 8.5406886188e-01 1.9252680213e-04
108 8.5245058883e-01 2.2698484045e-04
109 8.5064930822e-01 1.8408243290e-04
110 8.4923687779e-01 1.8638103451e-04
111 8.4763314734e-01 2.2326226570e-04
112 8.4608198555e-01 1.6007199154e-04
113 8.4477272909e-01 1.6529860461e-04
114 8.4352136189e-01 1.9029429398e-04
115 8.4241255528e-01 1.4146770015e-04
116 8.4137056848e-01 1.5084981648e-04
117 8.4014955031e-01 1.8067026417e-04
118 8.3915470089e-01 1.3257218129e-04
119 8.3817421738e-01 1.3673399036e-04
120 8.3719963254e-01 1.5538794952e-04
121 8.3624897241e-01 1.2415932834e-04
122 8.3533177867e-01 1.2476179944e-04
123 8.3448276979e-01 1.4061378306e-04
124 8.3368215990e-01 1.1210562460e-04
125 8.3265181347e-01 1.1964497558e-04
126 8.3138843049e-01 1.4127926157e-04
127 8.3044332354e-01 1.2389738455e-04
128 8.2947600183e-01 1.2365020012e-04
129 8.2832915284e-01 1.4360984680e-04
130 8.2732982796e-01 1.1741030331e-04
131 8.2604661258e-01 1.2223186490e-04
132 8.2482509771e-01 1.4577309186e-04
133 8.2363615868e-01 1.2395660420e-04
134 8.2240780518e-01 1.2412873345e-04
135 8.2097961433e-01 1.4185673232e-04
136 8.1986498850e-01 1.1108878809e-04
137 8.1882406003e-01 1.1140389148e-04
138 8.1772380225e-01 1.3667327286e-04
139 8.1666727927e-01 1.0897343864e-04
140 8.1538823178e-01 1.1218455971e-04
141 8.1418625624e-01 1.2926095948e-04
142 8.1320843131e-01 1.0562674764e-04
143 8.1206809556e-01 1.0584006530e-04
144 8.1105425909e-01 1.2183407801e-04
145 8.1006356660e-01 9.9741947884e-05
146 8.0901267382e-01 1.0128383213e-04
147 8.0789464196e-01 1.2126141022e-04
148 8.0700555409e-01 9.6238651373e-05
149 8.0600897989e-01 9.4126899645e-05
150 8.0489865263e-01 1.1231871169e-04
151 8.0399190191e-01 9.4298417226e-05
152 8.0312785712e-01 9.2247696145e-05
153 8.0206849435e-01 1.1583026202e-04
154 8.0109410389e-01 8.9072320199e-05
155 8.0000127625e-01 9.4868661635e-05
156 7.9888595087e-01 1.1162248951e-04
157 7.9767071329e-01 9.8288930798e-05
158 7.9634595770e-01 9.8589772292e-05
159 7.9516494122e-01 1.1625573254e-04
160 7.9407345085e-01 8.9649198613e-05
161 7.9293416701e-01 8.8029563092e-05
162 7.9186785610e-01 1.0425641866e-04
163 7.9098917398e-01 8.0837237670e-05
164 7.8966963433e-01 9.4425508994e-05
165 7.8841987665e-01 1.0466170852e-04
166 7.8733950449e-01 8.7253241901e-05
167 7.8629546311e-01 8.9012022394e-05
168 7.8517377881e-01 9.7632516121e-05
169 7.8416517226e-01 8.4843232533e-05
170 7.8316952327e-01 8.2975032146e-05
171 7.8213478052e-01 9.4155480353e-05
172 7.8119247201e-01 7.5610246204e-05
173 7.8019963004e-01 8.7991552733e-05
174 7.7906025584e-01 9.2212761153e-05
175 7.7802470339e-01 8.0484268782e-05
176 7.7696950870e-01 7.9841032918e-05
177 7.7607403431e-01 8.4928431096e-05
178 7.7525798867e-01 7.4102789559e-05
179 7.7418065185e-01 7.7755033291e-05
180 7.7319919158e-01 8.5498716789e-05
181 7.7212749474e-01 7.9903464317e-05
182 7.7108583841e-01 7.6610307330e-05
183 7.7001893246e-01 8.9494065296e-05
184 7.6882509515e-01 8.1125745536e-05
185 7.6757373035e-01 8.4302512651e-05
186 7.6628420614e-01 9.6925610677e-05
187 7.6497974048e-01 8.3919271938e-05
188 7.6371527367e-01 8.4569568173e-05
189 7.6197301667e-01 1.0961231625e-04
190 7.6038934788e-01 8.6013683829e-05
191 7.5866833272e-01 9.5093752315e-05
192 7.5722661717e-01 9.9073732534e-05
193 7.5584051632e-01 8.6347566755e-05
194 7.5429807554e-01 8.6198206524e-05
195 7.5260138131e-01 1.1034235856e-04
196 7.5104376442e-01 9.0144459657e-05
197 7.4944853121e-01 9.0530528069e-05
198 7.4796283227e-01 9.6102024004e-05
199 7.4661504372e-01 8.6541239166e-05
200 7.4507672291e-01 8.4872057462e-05
201 7.4384130876e-01 8.9266535545e-05
202 7.4259702315e-01 8.5783572251e-05
203 7.4112139741e-01 8.5742718265e-05
204 7.3943572439e-01 1.0706278677e-04
205 7.3794683578e-01 8.4774505078e-05
206 7.3647007865e-01 9.4565216634e-05
207 7.3503466535e-01 9.3698257140e-05
208 7.3386361412e-01 8.0308946357e-05
209 7.3256679574e-01 8.0636159092e-05
210 7.3151242377e-01 8.1763262183e-05
211 7.3058456087e-01 7.0239472010e-05
212 7.2961303878e-01 7.0836355777e-05
213 7.2876556556e-01 8.1903899390e-05
214 7.2779147709e-01 7.1369509258e-05
215 7.2680689384e-01 7.1438666027e-05
216 7.2587538758e-01 8.0133135238e-05
217 7.2488944137e-01 7.6586865079e-05
218 7.2376214660e-01 7.3037460147e-05
219 7.2275712296e-01 9.2104813108e-05
220 7.2151589500e-01 7.3558378142e-05
221 7.2027869712e-01 8.2989118535e-05
222 7.1915229023e-01 8.6695527823e-05
223 7.1798167365e-01 7.7646313581e-05
224 7.1703070869e-01 7.7895816587e-05
225 7.1593186630e-01 8.2784919081e-05
226 7.1487793645e-01 7.1614965946e-05
227 7.1399657184e-01 6.9468463958e-05
228 7.1319676984e-01 6.9281144685e-05
229 7.1253573699e-01 6.2777496476e-05
230 7.1181040058e-01 6.6087772012e-05
231 7.1096470520e-01 7.2138394456e-05
232 7.1023085515e-01 6.2558398015e-05
233 7.0945872737e-01 6.6695265576e-05
234 7.0862259729e-01 7.3010675666e-05
235 7.0777402161e-01 6.4877879295e-05
236 7.0687524125e-01 6.6906966523e-05
237 7.0619556820e-01 6.3361900849e-05
238 7.0555413344e-01 6.0074695515e-05
239 7.0495094237e-01 5.3813224232e-05
240 7.0438400760e-01 5.9697196670e-05
241 7.0377211769e-01 5.1043569250e-05
242 7.0325176514e-01 5.3693816886e-05
243 7.0265610686e-01 5.8909272149e-05
244 7.0205934852e-01 5.4293396098e-05
245 7.0142950526e-01 5.8586280246e-05
246 7.0074057240e-01 6.0204931247e-05
247 7.0009851111e-01 5.3743118231e-05
248 6.9952433803e-01 5.6727338143e-05
249 6.9880997292e-01 5.9637461677e-05
250 6.9816827361e-01 5.7465453977e-05
251 6.9746154219e-01 5.8747936703e-05
252 6.9674457947e-01 6.0980857502e-05
253 6.9599216993e-01 5.8188226577e-05
254 6.9537767997e-01 5.3705616383e-05
255 6.9474126128e-01 6.2637314086e-05
256 6.9413176212e-01 5.6367647257e-05
257 6.9330707372e-01 6.2284490839e-05
258 6.9243835543e-01 6.8721124390e-05
259 6.9165811044e-01 5.9849955387e-05
260 6.9078257299e-01 6.3342584656e-05
261 6.8996036181e-01 6.8373786496e-05
262 6.8909614313e-01 6.1779540606e-05
263 6.8825482160e-01 6.0790440592e-05
264 6.8757934001e-01 6.1859376056e-05
265 6.8689726971e-01 5.7896368562e-05
266 6.8626673967e-01 5.9846525657e-05
267 6.8555968574e-01 6.0922979907e-05
268 6.8493224701e-01 5.9300648574e-05
269 6.8418332295e-01 6.2849924346e-05
270 6.8351178366e-01 6.0112173084e-05
271 6.8272044090e-01 6.3631220734e-05
272 6.8213304700e-01 5.6397910074e-05
273 6.8149887526e-01 6.0596094587e-05
274 6.8095109560e-01 5.4414286386e-05
275 6.8035806048e-01 5.7916739163e-05
276 6.7973612952e-01 5.6104707860e-05
277 6.7923674789e-01 5.5341083950e-05
278 6.7863796604e-01 4.8956758797e-05
279 6.7822321790e-01 5.4291116602e-05
280 6.7767814020e-01 5.3238803745e-05
281 6.7722887166e-01 4.9750374245e-05
282 6.7671820740e-01 5.6351175667e-05
283 6.7622380763e-01 5.0869195807e-05
284 6.7565074350e-01 5.7583664943e-05
285 6.7509803908e-01 5.4558948133e-05
286 6.7454968456e-01 5.9944839166e-05
287 6.7399242330e-01 4.6118104554e-05
288 6.7357634594e-01 5.9201625214e-05
289 6.7302408171e-01 5.1719365042e-05
290 6.7258052588e-01 5.3880614007e-05
291 6.7204512437e-01 5.8104053996e-05
292 6.7154651651e-01 5.0012379748e-05
293 6.7104331951e-01 6.1156897411e-05
294 6.7045727106e-01 5.6101676579e-05
295 6.6993945975e-01 5.6146895013e-05
296 6.6945480435e-01 5.5584874692e-05
297 6.6896149247e-01 6.0898975123e-05
298 6.6848999822e-01 5.6200745577e-05
299 6.6791959573e-01 5.5607845157e-05
300 6.6741894537e-01 5.6669531774e-05
301 6.6694502486e-01 5.1911167420e-05
302 6.6651532393e-01 5.0535050188e-05
303 6.6615461811e-01 5.2783422385e-05
304 6.6575334460e-01 4.7791987229e-05
305 6.6542062058e-01 4.9716219531e-05
306 6.6509298627e-01 4.8366724908e-05
307 6.6472873410e-01 4.9572046385e-05
308 6.6442869721e-01 4.7018971946e-05
309 6.6409566684e-01 4.3034045817e-05
310 6.6385398915e-01 4.1321151160e-05
311 6.6366083212e-01 4.0514244636e-05
312 6.6343121988e-01 3.9157772129e-05
313 6.6316396469e-01 4.4152173796e-05
314 6.6289701796e-01 4.1027502287e-05
315 6.6260415421e-01 4.1339633492e-05
316 6.6235037071e-01 4.3164725259e-05
317 6.6207385340e-01 4.3205551667e-05
318 6.6177817157e-01 4.2753718411e-05
319 6.6147778966e-01 5.0904685526e-05
320 6.6114815611e-01 3.9265381781e-05
321 6.6088880790e-01 5.3354966281e-05
322 6.6060181174e-01 4.0341457799e-05
323 6.6028878914e-01 5.1883508326e-05
324 6.6002174304e-01 4.4688215455e-05
325 6.5961714169e-01 5.0808295860e-05
326 6.5933452718e-01 4.7435340677e-05
327 6.5891939582e-01 5.1689905440e-05
328 6.5861052344e-01 5.5766722491e-05
329 6.5821597045e-01 4.6473692962e-05
330 6.5794933387e-01 5.4882384918e-05
331 6.5759250583e-01 4.1887355150e-05
332 6.5744071658e-01 5.1445447419e-05
333 6.5712082239e-01 4.0636355939e-05
334 6.5691872455e-01 5.6680325212e-05
335 6.5656881585e-01 4.1125286405e-05
336 6.5642578394e-01 5.9070211131e-05
337 6.5606682727e-01 4.3884008573e-05
338 6.5588045747e-01 5.5975968958e-05
339 6.5557241441e-01 3.8664385906e-05
340 6.5544461464e-01 5.6117109686e-05
341 6.5520049231e-01 3.5510666627e-05
342 6.5507531736e-01 5.0925297859e-05
343 6.5485957800e-01 3.4642818977e-05
344 6.5475833179e-01 4.7503827321e-05
345 6.5454279068e-01 3.2451923339e-05
346 6.5445339132e-01 4.5372918175e-05
347 6.5425037581e-01 3.3286656706e-05
348 6.5416201948e-01 3.8062795834e-05
349 6.5395718168e-01 3.5540085222e-05
350 6.5388168225e-01 4.0353553300e-05
351 6.5364463575e-01 3.5699857976e-05
352 6.5356673204e-01 3.9212070773e-05
353 6.5334214070e-01 3.6158171570e-05
354 6.5324659495e-01 4.2055212385e-05
355 6.5293659959e-01 4.1934501274e-05
356 6.5283522258e-01 4.3482817848e-05
357 6.5256958313e-01 3.9298526605e-05
358 6.5248366079e-01 3.9764245383e-05
359 6.5224573068e-01 4.1062149074e-05
360 6.5217491129e-01 3.9776548472e-05
361 6.5190364503e-01 4.2377535663e-05
362 6.5180430340e-01 3.9608220569e-05
363 6.5156225181e-01 4.1183038950e-05
364 6.5149316564e-01 3.8951508494e-05
365 6.5121930453e-01 4.0450156963e-05
366 6.5111246190e-01 4.2228922944e-05
367 6.5086236592e-01 3.9486696120e-05
368 6.5080667606e-01 4.2210110779e-05
369 6.5057575962e-01 3.8859478047e-05
370 6.5047814296e-01 3.7167109593e-05
371 6.5029688694e-01 3.5801165350e-05
372 6.5026252682e-01 3.4556665400e-05
373 6.5009490880e-01 3.3993862502e-05
374 6.5001985649e-01 3.1283629348e-05
375 6.4993637442e-01 3.7714114679e-05
376 6.4983396315e-01 3.1437053210e-05
377 6.4973352812e-01 3.6353994769e-05
378 6.4955651423e-01 3.5631976858e-05
379 6.4951158306e-01 3.6264451957e-05
380 6.4929370211e-01 3.3022557575e-05
381 6.4918417101e-01 3.8474637284e-05
382 6.4895686754e-01 3.7161103050e-05
383 6.4891672672e-01 3.3106815094e-05
384 6.4873468359e-01 3.4194400066e-05
385 6.4864968290e-01 3.1455539993e-05
386 6.4847438939e-01 3.3563588013e-05
387 6.4843055066e-01 3.4565787053e-05
388 6.4822552931e-01 3.5085349027e-05
389 6.4813500595e-01 3.4515264831e-05
390 6.4796762092e-01 3.0487828233e-05
391 6.4790048075e-01 3.5614414216e-05
392 6.4776174519e-01 3.0713034753e-05
393 6.4760872568e-01 3.2169693612e-05
394 6.4753051782e-01 3.6918537030e-05
395 6.4733673337e-01 3.5615415328e-05
396 6.4721688682e-01 3.4330936307e-05
397 6.4709176615e-01 3.3254928063e-05
398 6.4694224019e-01 3.3386178765e-05
399 6.4685157360e-01 3.3010018425e-05
400 6.4667544150e-01 3.4661362958e-05
401 6.4659219994e-01 2.9480757930e-05
402 6.4651591012e-01 2.5548779012e-05
403 6.4642578779e-01 2.8021655222e-05
404 6.4636680818e-01 2.7796584459e-05
405 6.4623606464e-01 2.8967669351e-05
406 6.4615023802e-01 3.0941148225e-05
407 6.4606866114e-01 2.8212774673e-05
408 6.4593190072e-01 2.9489006004e-05
409 6.4585493237e-01 3.1514138265e-05
410 6.4570044503e-01 3.2525676689e-05
411 6.4558470806e-01 2.9701591230e-05
412 6.4550117086e-01 3.1400387449e-05
413 6.4535297252e-01 3.1457330758e-05
414 6.4525614757e-01 3.0867046468e-05
415 6.4514373799e-01 3.2760568946e-05
416 6.4502017111e-01 3.1705143442e-05
417 6.4492226312e-01 3.1320601163e-05
418 6.4474555059e-01 2.9959371510e-05
419 6.4465698253e-01 3.3336705530e-05
420 6.4454795661e-01 2.9489931887e-05
421 6.4441267826e-01 2.8299724143e-05
422 6.4433817930e-01 3.0177643121e-05
423 6.4423138308e-01 2.5565800776e-05
424 6.4411217808e-01 2.9198393866e-05
425 6.4404448153e-01 2.8357633138e-05
426 6.4393083761e-01 2.5809037992e-05
427 6.4382346037e-01 2.7743506324e-05
428 6.4373009380e-01 3.1151193221e-05
429 6.4357620428e-01 2.8993891548e-05
430 6.4343864749e-01 3.1977136088e-05
431 6.4329901798e-01 3.2289925531e-05
432 6.4311871666e-01 3.0849199792e-05
433 6.4299141443e-01 3.3875813896e-05
434 6.4280029717e-01 3.2119087508e-05
435 6.4262788442e-01 3.4609112861e-05
436 6.4247704747e-01 3.2262464007e-05
437 6.4230173612e-01 3.6441804887e-05
438 6.4216871676e-01 3.0339211843e-05
439 6.4199942214e-01 3.2250881888e-05
440 6.4181275171e-01 2.9460617763e-05
441 6.4173308307e-01 3.0553235287e-05
442 6.4156886421e-01 3.0756711941e-05
443 6.4138722583e-01 3.3734068703e-05
444 6.4127820772e-01 3.1814857498e-05
445 6.4107486280e-01 2.9762993188e-05
446 6.4094618067e-01 3.1235231452e-05
447 6.4081588699e-01 3.0853171063e-05
448 6.4063049448e-01 2.8696310094e-05
449 6.4049463099e-01 3.1075214678e-05
450 6.4035730891e-01 2.7798483749e-05
451 6.4023088297e-01 2.8256450692e-05
452 6.4008732307e-01 3.1148994821e-05
453 6.3991747385e-01 2.7056302964e-05
454 6.3980127388e-01 2.7883111626e-05
455 6.3968149130e-01 2.7497372808e-05
456 6.3951874251e-01 2.8121305526e-05
457 6.3939468357e-01 2.9307110957e-05
458 6.3922483994e-01 3.0901475364e-05
459 6.3904823623e-01 2.8801488220e-05
460 6.3893238382e-01 2.8055117113e-05
461 6.3877232743e-01 2.6042512370e-05
462 6.3863653856e-01 2.6227820198e-05
463 6.3854632662e-01 2.4659889560e-05
464 6.3840544170e-01 2.3357861730e-05
465 6.3827598363e-01 2.6650457707e-05
466 6.3816502405e-01 2.4295573289e-05
467 6.3798604848e-01 2.7811904169e-05
468 6.3784689545e-01 2.7330459927e-05
469 6.3771264339e-01 2.6296963477e-05
470 6.3752920524e-01 2.5362527061e-05
471 6.3741251200e-01 2.5105430216e-05
472 6.3726191764e-01 2.3048248251e-05
473 6.3714701542e-01 2.3349931608e-05
474 6.3703208057e-01 2.4497392439e-05
475 6.3687499395e-01 2.2777015125e-05
476 6.3673668003e-01 2.5552743192e-05
477 6.3660422534e-01 2.4163994807e-05
478 6.3643241921e-01 2.4405717661e-05
479 6.3626423506e-01 2.7538922340e-05
480 6.3610474217e-01 2.5753512861e-05
481 6.3589306910e-01 2.6711381875e-05
482 6.3572360940e-01 2.9801326318e-05
483 6.3548288530e-01 2.9302308416e-05
484 6.3522763524e-01 2.7857598155e-05
485 6.3504301048e-01 3.1677515250e-05
486 6.3479128714e-01 3.0357926010e-05
487 6.3452026932e-01 3.3157938575e-05
488 6.3426495316e-01 3.0896826787e-05
489 6.3396798809e-01 3.1712379741e-05
490 6.3372891426e-01 2.8931348427e-05
491 6.3346465879e-01 3.4842847916e-05
492 6.3312913687e-01 3.5296931719e-05
493 6.3290444641e-01 3.1311464942e-05
494 6.3266000620e-01 2.8947331222e-05
495 6.3243907178e-01 3.0014079726e-05
496 6.3226282912e-01 2.9072980416e-05
497 6.3204975524e-01 2.8985255091e-05
498 6.3177193974e-01 3.1513084908e-05
499 6.3159753726e-01 2.8223051644e-05
500 6.3136441758e-01 2.8899735368e-05
501 6.3112963885e-01 3.0530773847e-05
502 6.3098617124e-01 2.6246238181e-05
503 6.3079193096e-01 2.7236097518e-05
504 6.3056543630e-01 2.8244217580e-05
505 6.3040711184e-01 2.4990379257e-05
506 6.3023507619e-01 2.5550235334e-05
507 6.3012302159e-01 2.1933280290e-05
508 6.3002967855e-01 1.9952373030e-05
509 6.2990183130e-01 2.1320212010e-05
510 6.2978908030e-01 2.2822820903e-05
511 6.2964303623e-01 2.1096602245e-05
512 6.2949827896e-01 2.4513564875e-05
513 6.2937434559e-01 2.2163085968e-05
514 6.2922285918e-01 2.3071979871e-05
515 6.2905089005e-01 2.4764648420e-05
516 6.2889645082e-01 2.6658979711e-05
517 6.2868032419e-01 2.4150913316e-05
518 6.2851969708e-01 2.7346732119e-05
519 6.2833440555e-01 2.6579010198e-05
520 6.2806158236e-01 2.5911593515e-05
521 6.2788401611e-01 2.7905926064e-05
522 6.2766611372e-01 2.8141620484e-05
523 6.2745256767e-01 2.6522205766e-05
524 6.2729508982e-01 2.3122233202e-05
525 6.2713157021e-01 2.3316797078e-05
526 6.2696783139e-01 2.1772522100e-05
527 6.2683106758e-01 2.3658469637e-05
528 6.2663750711e-01 2.5322388307e-05
529 6.2645886761e-01 2.4631716598e-05
530 6.2632532485e-01 2.4362208125e-05
531 6.2617968040e-01 2.1559716238e-05
532 6.2604395045e-01 1.9857693806e-05
533 6.2592842469e-01 2.2429112713e-05
534 6.2573444256e-01 2.5282204781e-05
535 6.2554994835e-01 2.3498231137e-05
536 6.2537382342e-01 2.5136092416e-05
537 6.2518551966e-01 2.4884574304e-05
538 6.2501754464e-01 2.3090528449e-05
539 6.2484848605e-01 2.5732955146e-05
540 6.2464325371e-01 2.5204724772e-05
541 6.2446513668e-01 2.2970136595e-05
542 6.2428342134e-01 2.2521007828e-05
543 6.2411233944e-01 2.1720258260e-05
544 6.2397460263e-01 2.3188419016e-05
545 6.2383938500e-01 2.2152416341e-05
546 6.2370923198e-01 1.9807015111e-05
547 6.2358870374e-01 1.8636661644e-05
548 6.2344922599e-01 2.0492963943e-05
549 6.2328908599e-01 2.1856767386e-05
550 6.2312832406e-01 2.4709369716e-05
551 6.2291626958e-01 2.1880468218e-05
552 6.2272759066e-01 2.5569887940e-05
553 6.2254866137e-01 2.3551571199e-05
554 6.2234080503e-01 2.4455582143e-05
555 6.2206168272e-01 3.0731719729e-05
556 6.2177637034e-01 3.0257159424e-05
557 6.2140688441e-01 2.7595738052e-05
558 6.2116303928e-01 2.8166862403e-05
559 6.2095907749e-01 2.5802504683e-05
560 6.2071161280e-01 2.4572339096e-05
561 6.2053609985e-01 2.8409682327e-05
562 6.2029979920e-01 2.4765268196e-05
563 6.2009962893e-01 2.3318437477e-05
564 6.1992613928e-01 2.1732329675e-05
565 6.1977890810e-01 2.2952768821e-05
566 6.1959919490e-01 2.3943795721e-05
567 6.1944742611e-01 2.4383369652e-05
568 6.1924030889e-01 2.2604173544e-05
569 6.1903417570e-01 2.3619395726e-05
570 6.1888337000e-01 2.3906293305e-05
571 6.1869401195e-01 2.3773325983e-05
572 6.1849347216e-01 2.2996550553e-05
573 6.1833460864e-01 2.3246288978e-05
574 6.1815182136e-01 2.0735418379e-05
575 6.1801066852e-01 2.0804993553e-05
576 6.1790228633e-01 1.9413618403e-05
577 6.1776185955e-01 2.0235043050e-05
578 6.1762987630e-01 2.0231255382e-05
579 6.1747340245e-01 2.5430223740e-05
580 6.1724457167e-01 2.2897683530e-05
581 6.1709412865e-01 2.2256953339e-05
582 6.1692851194e-01 2.2575333889e-05
583 6.1672124747e-01 2.7795339634e-05
584 6.1646237753e-01 2.7654378650e-05
585 6.1616175599e-01 2.9928993098e-05
586 6.1592650746e-01 2.3709309191e-05
587 6.1575777339e-01 2.3014211136e-05
588 6.1559903640e-01 2.3215091051e-05
589 6.1541159416e-01 2.2664494621e-05
590 6.1529589918e-01 2.2489557993e-05
591 6.1515975639e-01 2.1125266072e-05
592 6.1502537769e-01 2.2329662197e-05
593 6.1484627009e-01 2.6322386305e-05
594 6.1464044449e-01 2.5935618168e-05
595 6.1437889441e-01 2.9054536262e-05
596 6.1416766833e-01 2.4282968780e-05
597 6.1400725456e-01 2.2065844086e-05
598 6.1391633351e-01 1.7120889227e-05
599 6.1383112116e-01 1.9339239670e-05
600 6.1371462579e-01 1.8752185477e-05
601 6.1359427510e-01 2.0044373101e-05
602 6.1348786319e-01 1.7855283817e-05
603 6.1338652466e-01 1.7626773487e-05
604 6.1332413429e-01 1.5301877053e-05
605 6.1325214371e-01 1.6634190493e-05
606 6.1314567431e-01 2.0838595197e-05
607 6.1301961939e-01 2.2529237325e-05
608 6.1281851938e-01 2.2620509544e-05
609 6.1262478484e-01 1.8939716232e-05
610 6.1254222187e-01 1.4928003783e-05
611 6.1247821300e-01 1.5516651570e-05
612 6.1241475398e-01 1.8369555644e-05
613 6.1229400006e-01 2.1097322242e-05
614 6.1206327071e-01 2.0211785998e-05
615 6.1193639886e-01 1.6553762884e-05
616 6.1187939976e-01 1.4363082553e-05
617 6.1181726864e-01 1.5419051900e-05
618 6.1172822548e-01 1.8904914556e-05
619 6.1159616841e-01 2.2725187327e-05
620 6.1139697729e-01 2.5274146957e-05
621 6.1121551330e-01 2.1675163170e-05
622 6.1109021335e-01 1.6579565640e-05
623 6.1099218533e-01 1.7294399630e-05
624 6.1090105287e-01 1.8222206597e-05
625 6.1077939720e-01 2.5651358931e-05
626 6.1056264770e-01 2.6716579571e-05
627 6.1037138617e-01 2.4341063658e-05
628 6.1018702995e-01 2.0107480350e-05
629 6.1001028842e-01 2.0877925842e-05
630 6.0989812363e-01 2.3262722142e-05
631 6.0978340710e-01 1.9065411188e-05
632 6.0969558123e-01 2.0141545025e-05
633 6.0957681778e-01 2.1034523718e-05
634 6.0939524970e-01 2.4255706210e-05
635 6.0905269606e-01 2.8136809919e-05
636 6.0885995924e-01 2.6707540471e-05
637 6.0873487676e-01 2.0862664608e-05
638 6.0863289336e-01 1.9490238302e-05
639 6.0848786599e-01 2.3649898180e-05
640 6.0829986811e-01 2.0496178952e-05
641 6.0805720019e-01 2.5750655854e-05
642 6.0793481305e-01 2.3654100138e-05
643 6.0778046994e-01 2.9489650437e-05
644 6.0756183619e-01 2.5406457158e-05
645 6.0736332078e-01 2.0517813813e-05
646 6.0720976623e-01 1.4862432917e-05
647 6.0713534225e-01 1.4928240716e-05
648 6.0707172499e-01 2.0734521912e-05
649 6.0693759020e-01 2.2413560882e-05
650 6.0682297380e-01 2.4481783154e-05
651 6.0670134461e-01 2.2043197072e-05
652 6.0654262805e-01 1.9875249533e-05
653 6.0631687092e-01 2.2320634499e-05
654 6.0603793351e-01 1.9935809972e-05
655 6.0585179325e-01 1.8928042497e-05
656 6.0574869231e-01 1.6962755497e-05
657 6.0568634587e-01 1.9548902617e-05
658 6.0562267988e-01 2.1397491714e-05
659 6.0552700638e-01 2.3370711333e-05
660 6.0545275341e-01 2.0910814921e-05
661 6.0533254955e-01 1.8905800308e-05
662 6.0522956305e-01 1.6452488053e-05
663 6.0505014476e-01 1.4733943621e-05
664 6.0492765850e-01 1.1788705345e-05
665 6.0488208069e-01 1.1046545342e-05
666 6.0484955370e-01 1.2529552335e-05
667 6.0480742367e-01 1.4328783039e-05
668 6.0477838911e-01 1.3407859866e-05
669 6.0475818596e-01 1.5073613712e-05
670 6.0472534044e-01 1.3173115597e-05
671 6.0464833385e-01 1.5773246953e-05
672 6.0453477497e-01 1.2847383981e-05
673 6.0447840788e-01 9.6259874728e-06
674 6.0442376843e-01 1.2251570626e-05
675 6.0437844341e-01 1.3226157725e-05
676 6.0433399456e-01 1.2393696561e-05
677 6.0430644357e-01 1.2294594113e-05
678 6.0427236371e-01 1.3381392867e-05
679 6.0422723530e-01 1.3633428220e-05
680 6.0416105168e-01 1.5040986494e-05
681 6.0410881257e-01 9.7268135815e-06
682 6.0404048867e-01 1.0210857095e-05
683 6.0398624111e-01 1.0767027345e-05
684 6.0392251822e-01 1.0498473679e-05
685 6.0389216210e-01 9.7725836988e-06
686 6.0385997140e-01 1.3198937780e-05
687 6.0382995218e-01 1.2846485817e-05
688 6.0377456859e-01 1.6316894511e-05
689 6.0373291612e-01 1.1927652732e-05
690 6.0362296118e-01 1.6811997351e-05
691 6.0355429245e-01 1.1360366277e-05
692 6.0343984705e-01 1.2996068534e-05
693 6.0336790970e-01 1.1555790298e-05
694 6.0325706827e-01 1.6625115419e-05
695 6.0319611699e-01 1.2320587570e-05
696 6.0314015721e-01 1.5490849081e-05
697 6.0311220541e-01 1.4610771108e-05
698 6.0301598879e-01 1.7413309768e-05
699 6.0295056754e-01 1.4234435267e-05
700 6.0279326002e-01 1.3348434331e-05
701 6.0272181748e-01 1.2361076267e-05
702 6.0254063651e-01 1.1391407328e-05
703 6.0248240691e-01 1.1345542491e-05
704 6.0241956764e-01 1.1956750769e-05
705 6.0239262860e-01 1.0590664862e-05
706 6.0232014080e-01 1.3413692159e-05
707 6.0229641181e-01 1.2526721279e-05
708 6.0221783838e-01 1.3336916241e-05
709 6.0217106469e-01 1.3091403993e-05
710 6.0202830410e-01 1.3836220378e-05
711 6.0196080173e-01 1.0340213835e-05
712 6.0176337041e-01 1.3056217355e-05
713 6.0168364954e-01 8.7597086887e-06
714 6.0155862387e-01 1.2751105724e-05
715 6.0148976654e-01 9.3163897116e-06
716 6.0137837526e-01 1.2576247658e-05
717 6.0135074072e-01 9.9001209994e-06
718 6.0131353428e-01 1.0211394401e-05
719 6.0129392323e-01 9.5096791452e-06
720 6.0125546546e-01 9.5053554675e-06
721 6.0124230694e-01 9.4039883662e-06
722 6.0118096477e-01 9.3659786730e-06
723 6.0113037503e-01 1.1578130364e-05
724 6.0096254020e-01 1.1204830814e-05
725 6.0083005820e-01 1.5524189953e-05
726 6.0053172848e-01 1.4182687940e-05
727 6.0044555756e-01 1.4585046358e-05
728 6.0031480949e-01 1.1437370593e-05
729 6.0027456580e-01 1.3815102768e-05
730 6.0020281288e-01 1.1247673284e-05
731 6.0017514462e-01 1.1652093742e-05
732 6.0004977525e-01 1.2254364014e-05
733 5.9999697828e-01 1.1919321835e-05
734 5.9985550251e-01 1.0347062750e-05
735 5.9977742802e-01 1.1284354400e-05
736 5.9960828840e-01 1.3298187719e-05
737 5.9955074326e-01 9.3369218694e-06
738 5.9948756285e-01 1.3334401811e-05
739 5.9940041151e-01 1.1376623639e-05
740 5.9935533078e-01 1.2623989603e-05
741 5.9928776596e-01 9.6275585899e-06
742 5.9925002184e-01 1.3825512043e-05
743 5.9919668962e-01 9.3209679936e-06
744 5.9916828375e-01 1.1188636021e-05
745 5.9909916916e-01 8.5510019500e-06
746 5.9900820180e-01 1.2327032195e-05
747 5.9887037539e-01 8.0536584992e-06
748 5.9877504825e-01 1.1998934703e-05
749 5.9856643054e-01 1.0077016447e-05
750 5.9847636339e-01 1.2883357574e-05
751 5.9833324118e-01 9.4079408652e-06
752 5.9828687737e-01 1.1355935393e-05
753 5.9819048889e-01 8.9590275603e-06
754 5.9816078692e-01 9.6862249561e-06
755 5.9808896801e-01 8.2762370136e-06
756 5.9806271607e-01 9.0620849606e-06
757 5.9801587308e-01 8.0103677561e-06
758 5.9799144974e-01 7.8744393148e-06
759 5.9796984819e-01 8.3889564794e-06
760 5.9789965216e-01 8.6496052050e-06
761 5.9781577098e-01 9.5457169231e-06
762 5.9760634432e-01 1.0941387056e-05
763 5.9745033027e-01 1.0380333422e-05
764 5.9734010615e-01 1.0213918028e-05
765 5.9717819288e-01 1.1842256207e-05
766 5.9710340695e-01 1.1082339369e-05
767 5.9696004597e-01 1.0208353957e-05
768 5.9685448406e-01 1.1992626978e-05
769 5.9675086360e-01 9.6309502119e-06
770 5.9668945214e-01 8.2091107362e-06
771 5.9665526885e-01 8.4211308887e-06
772 5.9659248274e-01 7.2423851925e-06
773 5.9656026479e-01 6.7759628381e-06
774 5.9650313289e-01 7.0791063133e-06
775 5.9642340970e-01 7.0605175174e-06
776 5.9637749815e-01 6.6514953776e-06
777 5.9626412920e-01 8.2834616527e-06
778 5.9619022855e-01 8.7939401165e-06
779 5.9608358869e-01 8.6835800726e-06
780 5.9601157431e-01 8.7801850519e-06
781 5.9596057599e-01 7.8130940818e-06
782 5.9587664066e-01 7.7218868118e-06
783 5.9583921052e-01 6.2257328538e-06
784 5.9579263142e-01 5.9575749999e-06
785 5.9572366498e-01 6.3078389065e-06
786 5.9569761601e-01 5.6632960638e-06
787 5.9565311667e-01 5.6569989945e-06
788 5.9562719748e-01 5.9133995530e-06
789 5.9559970395e-01 5.5844002928e-06
790 5.9556886465e-01 5.7308633696e-06
791 5.9554209866e-01 5.7842912028e-06
792 5.9547453193e-01 6.7710555830e-06
793 5.9541395383e-01 6.6174247972e-06
794 5.9534144511e-01 7.9633800720e-06
795 5.9520083214e-01 7.9671626587e-06
796 5.9513039906e-01 8.2478211376e-06
797 5.9500820105e-01 8.5570008737e-06
798 5.9487212798e-01 8.7652136266e-06
799 5.9479264611e-01 8.4024690660e-06
800 5.9470597119e-01 7.8340440909e-06
801 5.9465000107e-01 7.8409691609e-06
802 5.9456292011e-01 8.3488096919e-06
803 5.9448321186e-01 7.6125895420e-06
804 5.9443470062e-01 7.6411154683e-06
805 5.9434800757e-01 7.8444462416e-06
806 5.9428121687e-01 7.0884466346e-06
807 5.9421497617e-01 7.1592046657e-06
808 5.9406963082e-01 7.5286455852e-06
809 5.9394470688e-01 7.0074422753e-06
810 5.9380201177e-01 7.0878297659e-06
811 5.9354766648e-01 8.5261574531e-06
812 5.9334023717e-01 8.1495390341e-06
813 5.9308204743e-01 8.5899255284e-06
814 5.9288827816e-01 9.5924590286e-06
815 5.9277082243e-01 9.3666633576e-06
816 5.9265055292e-01 9.3541007692e-06
817 5.9259469244e-01 8.5289238578e-06
818 5.9251961428e-01 8.1878260825e-06
819 5.9247219928e-01 7.4703586234e-06
820 5.9243888031e-01 7.1110695193e-06
821 5.9237713501e-01 7.4211538834e-06
822 5.9231977047e-01 7.2081116909e-06
823 5.9227519383e-01 6.3147983910e-06
824 5.9221700478e-01 6.9127082014e-06
825 5.9215205741e-01 6.2124525289e-06
826 5.9206129739e-01 5.8580500242e-06
827 5.9186822621e-01 8.2767296811e-06
828 5.9169621829e-01 7.0394630544e-06
829 5.9144037078e-01 6.9867358788e-06
830 5.9132539635e-01 7.4819392331e-06
831 5.9117598907e-01 7.2116955616e-06
832 5.9100716591e-01 8.2680369527e-06
833 5.9093327792e-01 7.7778101446e-06
834 5.9085399988e-01 7.4594298135e-06
835 5.9078059535e-01 8.0527611706e-06
836 5.9072470244e-01 7.9174330578e-06
837 5.9064321146e-01 8.8041207776e-06
838 5.9058329667e-01 9.1914070731e-06
839 5.9054196105e-01 8.4227152560e-06
840 5.9048890796e-01 7.7506158965e-06
841 5.9046046826e-01 6.9034313317e-06
842 5.9037925282e-01 6.6057490452e-06
843 5.9030031736e-01 6.8667663589e-06
844 5.9019687894e-01 7.1803241403e-06
845 5.9004747307e-01 6.7141807947e-06
846 5.8993951099e-01 6.8294390263e-06
847 5.8978502051e-01 7.0620847484e-06
848 5.8963311234e-01 6.6044505069e-06
849 5.8952412617e-01 7.1768828074e-06
850 5.8932277661e-01 7.9138571725e-06
851 5.8904652479e-01 7.9487625046e-06
852 5.8891070634e-01 8.2592933681e-06
853 5.8875832166e-01 6.9743503122e-06
854 5.8865357822e-01 6.7993926976e-06
855 5.8858975564e-01 6.5234916364e-06
856 5.8852756285e-01 6.0022873280e-06
857 5.8848274164e-01 6.3709100182e-06
858 5.8842823358e-01 6.5944156984e-06
859 5.8836582148e-01 6.9567102833e-06
860 5.8832452193e-01 7.0225871455e-06
861 5.8829881256e-01 7.1354548161e-06
862 5.8832011347e-01 5.9543021951e-06
863 5.8833310014e-01 5.2461435988e-06
864 5.8833692480e-01 5.1018691154e-06
865 5.8833231228e-01 5.0613967169e-06
866 5.8830146050e-01 4.9035839770e-06
867 5.8820493161e-01 5.4121898618e-06
868 5.8810880655e-01 5.6533856214e-06
869 5.8795789698e-01 5.1896156044e-06
870 5.8774650460e-01 6.1411686321e-06
871 5.8760097151e-01 6.0182831504e-06
872 5.8747051370e-01 4.9553701654e-06
873 5.8736913297e-01 5.2723719276e-06
874 5.8727270081e-01 5.7460892484e-06
875 5.8714882424e-01 6.1009512323e-06
876 5.8707386605e-01 4.7397099961e-06
877 5.8701820132e-01 5.0087345059e-06
878 5.8694457629e-01 5.2610008136e-06
879 5.8688309441e-01 5.2127674793e-06
880 5.8681195326e-01 5.5485999386e-06
881 5.8674249389e-01 4.7178227659e-06
882 5.8671978268e-01 4.1404039023e-06
883 5.8669037246e-01 4.0629179171e-06
884 5.8667024874e-01 4.1311859075e-06
885 5.8666513429e-01 4.1191918491e-06
886 5.8666967583e-01 3.5421033734e-06
887 5.8667613765e-01 3.5450535291e-06
888 5.8667700797e-01 3.3804935581e-06
889 5.8666528034e-01 3.5707191110e-06
890 5.8664316554e-01 3.9967157868e-06
891 5.8660206936e-01 4.2678154249e-06
892 5.8655768301e-01 3.8506124942e-06
893 5.8650882498e-01 4.4848204679e-06
894 5.8643835146e-01 4.8301010975e-06
895 5.8636244728e-01 4.9303680777e-06
896 5.8630664172e-01 4.8933475640e-06
897 5.8621669971e-01 5.1142706457e-06
898 5.8613802298e-01 5.8080319299e-06
899 5.8605430502e-01 5.7305117518e-06
900 5.8594328306e-01 6.1929295565e-06
901 5.8585780028e-01 5.6266302867e-06
902 5.8574235474e-01 6.5481222203e-06
903 5.8563762910e-01 5.6012793067e-06
904 5.8560415182e-01 5.3341234929e-06
905 5.8558993334e-01 4.2902747389e-06
906 5.8556965894e-01 4.3380991125e-06
907 5.8554049568e-01 4.7062899012e-06
908 5.8549309050e-01 4.2354344696e-06
909 5.8545726483e-01 4.1216646780e-06
910 5.8542867831e-01 4.3200305204e-06
911 5.8541755123e-01 4.5279676759e-06
912 5.8543095805e-01 4.4473666366e-06
913 5.8543926363e-01 4.2481775337e-06
914 5.8543425421e-01 4.4248309304e-06
915 5.8542325961e-01 4.6277152560e-06
916 5.8540388193e-01 5.3052459526e-06
917 5.8538618744e-01 4.5839230507e-06
918 5.8534080909e-01 4.3708347706e-06
919 5.8525021729e-01 5.0077985617e-06
920 5.8509072384e-01 7.0334289351e-06
921 5.8496214213e-01 6.2533625910e-06
922 5.8476778070e-01 6.4404380978e-06
923 5.8451221663e-01 7.0953229347e-06
924 5.8434331245e-01 6.1941676852e-06
925 5.8423683344e-01 5.5699115739e-06
926 5.8417818230e-01 6.4536390114e-06
927 5.8410229122e-01 6.1757942335e-06
928 5.8397536840e-01 6.7408260491e-06
929 5.8388429700e-01 6.3649734303e-06
930 5.8382350823e-01 6.8064517785e-06
931 5.8380210502e-01 6.0776383591e-06
932 5.8378763192e-01 5.2693208288e-06
933 5.8375238807e-01 4.9877926097e-06
934 5.8368789643e-01 5.8309352240e-06
935 5.8369789363e-01 5.1897157029e-06
936 5.8373903427e-01 5.1521369066e-06
937 5.8375453349e-01 5.3277861235e-06
938 5.8373938715e-01 4.8681613977e-06
939 5.8366711896e-01 5.3125016029e-06
940 5.8367302931e-01 5.5081012574e-06
941 5.8372206470e-01 4.3910740097e-06
942 5.8372558161e-01 4.3910753417e-06
943 5.8367190859e-01 5.9012012607e-06
944 5.8351859098e-01 8.1116983891e-06
945 5.8325897281e-01 8.5294769328e-06
946 5.8310177360e-01 5.8416461052e-06
947 5.8300750500e-01 4.5284590224e-06
948 5.8284906301e-01 5.4589663222e-06
949 5.8269823982e-01 7.7881220774e-06
950 5.8240294267e-01 1.2807178329e-05
951 5.8221317459e-01 9.1707703938e-06
952 5.8214405045e-01 5.7079340302e-06
953 5.8209637903e-01 4.7866676932e-06
954 5.8206074585e-01 4.9784341501e-06
955 5.8203202403e-01 5.4186608919e-06
956 5.8194434342e-01 7.5281698132e-06
957 5.8186629354e-01 6.3252464482e-06
958 5.8191609594e-01 5.1869059709e-06
959 5.8201272049e-01 4.3523866647e-06
960 5.8204626397e-01 4.2971710620e-06
961 5.8203938933e-01 4.6911668821e-06
962 5.8195866643e-01 6.1057988214e-06
963 5.8184875871e-01 5.3858506623e-06
964 5.8185202818e-01 4.1171712608e-06
965 5.8189310784e-01 3.5956996095e-06
966 5.8186620175e-01 4.4696528835e-06
967 5.8175272703e-01 7.9631009864e-06
968 5.8150477259e-01 6.8403198164e-06
969 5.8122548701e-01 6.0273889038e-06
970 5.8105579225e-01 3.9830031894e-06
971 5.8101270034e-01 3.7527972581e-06
972 5.8097611046e-01 5.1581902056e-06
973 5.8092293197e-01 7.0773844895e-06
974 5.8078687419e-01 5.9340094894e-06
975 5.8062230297e-01 5.1581473584e-06
976 5.8056630687e-01 3.2104560767e-06
977 5.8056694936e-01 3.0008234330e-06
978 5.8055930069e-01 3.2110802286e-06
979 5.8053533359e-01 4.2707974957e-06
980 5.8045253583e-01 5.1971611520e-06
981 5.8041770773e-01 3.9471558732e-06
982 5.8054025926e-01 2.7836987805e-06
983 5.8059723174e-01 2.5067431518e-06
984 5.8059775044e-01 2.8943228271e-06
985 5.8056633166e-01 4.2968725673e-06
986 5.8041576375e-01 3.7538586945e-06
987 5.8028536102e-01 3.4280618937e-06
988 5.8028529123e-01 2.8699545972e-06
989 5.8028110704e-01 3.0197421618e-06
990 5.8026607139e-01 3.6970138064e-06
991 5.8022290154e-01 5.9794742587e-06
992 5.8005132154e-01 6.0353429055e-06
993 5.7970502701e-01 4.2750008192e-06
994 5.7966422692e-01 3.2141442445e-06
995 5.7969013513e-01 2.9820417035e-06
996 5.7969249986e-01 3.0506686830e-06
997 5.7967978822e-01 4.4026693396e-06
998 5.7961174391e-01 5.4676371442e-06
999 5.7967665395e-01 3.0648408001e-06
1000 5.7982079954e-01 2.5474256409e-06
1001 5.7983543930e-01 2.5884723037e-06
1002 5.7980537756e-01 3.3198894978e-06
1003 5.7968163785e-01 6.0435988156e-06
1004 5.7923962835e-01 9.4479664373e-06
1005 5.7856981572e-01 4.2179479143e-06
1006 5.7845372319e-01 4.0583411019e-06
1007 5.7844144962e-01 3.3689095616e-06
1008 5.7843622863e-01 3.4331885750e-06
1009 5.7842138348e-01 4.2188896505e-06
1010 5.7837573281e-01 5.2329924590e-06
1011 5.7820534703e-01 9.3166480326e-06
1012 5.7799465804e-01 1.8077878966e-05
1013 5.7794859846e-01 1.4254882435e-05
1014 5.7819350766e-01 1.3246969269e-05
1015 5.7915435599e-01 7.1305298681e-06
1016 5.7955677857e-01 7.1259499763e-06
1017 5.7966320786e-01 4.8682711667e-06
1018 5.7968450681e-01 4.2105703008e-06
1019 5.7964907669e-01 3.5491224626e-06
1020 5.7948081769e-01 8.1092396359e-06
1021 5.7924453734e-01 9.4305619152e-06
1022 5.7883546243e-01 1.0842666225e-05
1023 5.7761093147e-01 1.1122288638e-05
1024 5.7639566277e-01 1.7632635316e-05
1025 5.7610980475e-01 1.2282380192e-05
1026 5.7606450886e-01 8.3572180224e-06
1027 5.7602237653e-01 6.3721008516e-06
1028 5.7599620351e-01 4.3542410803e-06
1029 5.7598117956e-01 4.5659441952e-06
1030 5.7596628157e-01 3.7570016610e-06
1031 5.7592144378e-01 4.0604296246e-06
1032 5.7582187748e-01 6.5357257998e-06
1033 5.7564076295e-01 1.2058233036e-05
1034 5.7558475715e-01 8.7129570530e-06
1035 5.7561714317e-01 1.1739853694e-05
1036 5.7579604543e-01 8.3772806034e-06
1037 5.7594298471e-01 6.9551570135e-06
1038 5.7601352528e-01 4.4000767766e-06
1039 5.7605977014e-01 6.0843109928e-06
1040 5.7607388990e-01 5.7413334804e-06
1041 5.7604751126e-01 7.5383095137e-06
1042 5.7598590026e-01 7.5750520046e-06
1043 5.7564362618e-01 2.3568178251e-05
1044 5.7555332999e-01 1.5244248555e-05
1045 5.7553648267e-01 1.4539326479e-05
1046 5.7562187377e-01 1.3679283887e-05
1047 5.7584782675e-01 1.2956949699e-05
1048 5.7589587758e-01 9.7960068243e-06
1049 5.7587554505e-01 5.4734975625e-06
1050 5.7582415217e-01 5.8801893969e-06
1051 5.7565994014e-01 6.2628783456e-06
1052 5.7556280103e-01 6.0802957514e-06
1053 5.7497970512e-01 8.2283143794e-06
1054 5.7451324189e-01 1.2309329586e-05
1055 5.7383696252e-01 1.2386208609e-05
1056 5.7353622493e-01 1.1252814027e-05
1057 5.7311778226e-01 1.0178112917e-05
1058 5.7305671951e-01 9.4461077162e-06
1059 5.7301581357e-01 5.4773023490e-06
1060 5.7300260891e-01 5.0216907314e-06
1061 5.7293848887e-01 5.6934338952e-06
1062 5.7291706865e-01 4.6662866797e-06
1063 5.7279423011e-01 7.2600804474e-06
1064 5.7268814080e-01 7.8171798260e-06
1065 5.7249237629e-01 1.1271780194e-05
1066 5.7238921173e-01 8.7833513771e-06
1067 5.7239390542e-01 1.7400053594e-05
1068 5.7256527653e-01 8.8577847994e-06
1069 5.7276763795e-01 6.8659591623e-06
1070 5.7290141944e-01 5.1603792335e-06
1071 5.7300982791e-01 6.2283659388e-06
1072 5.7302966369e-01 4.0941775993e-06
1073 5.7300401642e-01 6.0224873572e-06
1074 5.7296867621e-01 5.9403791081e-06
1075 5.7285060420e-01 8.4134508844e-06
1076 5.7272951440e-01 7.3008735572e-06
1077 5.7248114231e-01 1.4429280827e-05
1078 5.7238198958e-01 9.5429093171e-06
1079 5.7231751283e-01 1.1165582814e-05
1080 5.7232633350e-01 8.6989930705e-06
1081 5.7235480063e-01 7.7312243044e-06
1082 5.7236369360e-01 5.4707384303e-06
1083 5.7234639974e-01 5.1733907587e-06
1084 5.7231208029e-01 4.0488472801e-06
1085 5.7229098133e-01 3.6941849239e-06
1086 5.7214901044e-01 4.2720458885e-06
1087 5.7203989653e-01 5.2836629481e-06
1088 5.7179430629e-01 6.4702214502e-06
1089 5.7164777445e-01 6.3733201601e-06
1090 5.7110564186e-01 1.2235361571e-05
1091 5.7098906752e-01 7.4185260165e-06
1092 5.7089892325e-01 8.0070031865e-06
1093 5.7089913942e-01 5.0097748467e-06
1094 5.7093575354e-01 5.6998480713e-06
1095 5.7095469303e-01 3.4071428343e-06
1096 5.7098224001e-01 3.4937017817e-06
1097 5.7098519325e-01 2.7018107318e-06
1098 5.7098651642e-01 2.9655766470e-06
1099 5.7098782109e-01 2.6841703551e-06
1100 5.7097644425e-01 3.8741908569e-06
1101 5.7096251290e-01 3.9302845952e-06
1102 5.7092410556e-01 4.8739321574e-06
1103 5.7086144743e-01 7.0748003703e-06
1104 5.7081104063e-01 6.9332132346e-06
1105 5.7071550163e-01 9.9237449772e-06
1106 5.7060351086e-01 9.3525723547e-06
1107 5.7059163622e-01 1.0911006510e-05
1108 5.7061253211e-01 8.6051456561e-06
1109 5.7066691715e-01 9.1601389112e-06
1110 5.7070221018e-01 9.3407281462e-06
1111 5.7073907662e-01 4.8086364493e-06
1112 5.7074710749e-01 5.7281784644e-06
1113 5.7073644966e-01 3.3551427806e-06
1114 5.7071819866e-01 2.6445317417e-06
1115 5.7067320453e-01 4.1726239623e-06
1116 5.7059421131e-01 3.6365243997e-06
1117 5.7050474473e-01 4.4474840004e-06
1118 5.7039324161e-01 4.6809700542e-06
1119 5.7019651710e-01 6.6165399471e-06
1120 5.6999475409e-01 7.8256187079e-06
1121 5.6986763753e-01 5.9129938296e-06
1122 5.6965782589e-01 1.2788745677e-05
1123 5.6961558593e-01 6.3087929687e-06
1124 5.6963486589e-01 6.3817141266e-06
1125 5.6970235915e-01 7.4272415374e-06
1126 5.6975006745e-01 3.7831078152e-06
1127 5.6977432334e-01 3.7472811491e-06
1128 5.6979962906e-01 3.6928736791e-06
1129 5.6981178073e-01 3.0485556292e-06
1130 5.6981428609e-01 3.8107330517e-06
1131 5.6982370056e-01 4.0296979213e-06
1132 5.6981805151e-01 4.5648508857e-06
1133 5.6979361927e-01 4.9825433517e-06
1134 5.6977012226e-01 5.7412085117e-06
1135 5.6967368510e-01 1.0802916262e-05
1136 5.6953163418e-01 1.0322360627e-05
1137 5.6938772950e-01 1.1807988090e-05
1138 5.6918542843e-01 1.8606573839e-05
1139 5.6901666761e-01 1.5569212791e-05
1140 5.6907467599e-01 1.9676789604e-05
1141 5.6936229544e-01 2.2157756315e-05
1142 5.6994760289e-01 1.4350997115e-05
1143 5.7049281378e-01 1.4441579886e-05
1144 5.7075560229e-01 1.5538672103e-05
1145 5.7110176436e-01 9.0488598868e-06
1146 5.7119602253e-01 7.3547513044e-06
1147 5.7124164457e-01 7.6340452787e-06
1148 5.7123788251e-01 6.1746014927e-06
1149 5.7119241300e-01 5.9200817322e-06
1150 5.7111726861e-01 5.3839508645e-06
1151 5.7099741379e-01 6.0893114039e-06
1152 5.7084469793e-01 5.4628919981e-06
1153 5.7055118631e-01 6.1000896305e-06
1154 5.7025844076e-01 8.1162873206e-06
1155 5.6970204201e-01 9.6310703420e-06
1156 5.6918810744e-01 8.3417282952e-06
1157 5.6862092235e-01 1.3307451295e-05
1158 5.6723694418e-01 1.5724642647e-05
1159 5.6643562865e-01 1.6053989985e-05
1160 5.6600575825e-01 1.5863580849e-05
1161 5.6597773017e-01 1.7074432856e-05
1162 5.6632483308e-01 1.3958394258e-05
1163 5.6706371592e-01 1.3001671161e-05
1164 5.6783227890e-01 1.3433429993e-05
1165 5.6857316330e-01 8.3197862667e-06
1166 5.6904458376e-01 6.4725790069e-06
1167 5.6923749900e-01 7.5927834923e-06
1168 5.6945188427e-01 5.4566392631e-06
1169 5.6957647333e-01 5.3223636572e-06
1170 5.6963201069e-01 6.3705694789e-06
1171 5.6969389608e-01 6.0404887076e-06
1172 5.6969673453e-01 6.1568786246e-06
1173 5.6962028784e-01 7.0366209633e-06
1174 5.6944569354e-01 9.4113313855e-06
1175 5.6920821724e-01 9.8899818868e-06
1176 5.6876498108e-01 1.2145748592e-05
1177 5.6806096885e-01 1.4985369228e-05
1178 5.6749315815e-01 1.5873489857e-05
1179 5.6668461644e-01 1.5473414903e-05
1180 5.6602326664e-01 1.8715749977e-05
1181 5.6553827782e-01 1.9544775589e-05
1182 5.6517236628e-01 1.5361000226e-05
1183 5.6509770940e-01 1.5608383753e-05
1184 5.6509349245e-01 1.2629142038e-05
1185 5.6511745693e-01 9.3294227718e-06
1186 5.6511996398e-01 8.3295954706e-06
1187 5.6510699591e-01 7.4200042391e-06
1188 5.6508061164e-01 5.2329657279e-06
1189 5.6505100345e-01 4.3616698921e-06
1190 5.6497408447e-01 4.9938911448e-06
1191 5.6491342341e-01 4.0216472553e-06
1192 5.6481610387e-01 4.0348155314e-06
1193 5.6470926023e-01 4.3748185444e-06
1194 5.6458530708e-01 4.4159713666e-06
1195 5.6438873297e-01 4.8203156035e-06
1196 5.6420749291e-01 5.2882494208e-06
1197 5.6396019065e-01 6.5655734770e-06
1198 5.6360691674e-01 6.7394741985e-06
1199 5.6338121644e-01 7.0728856702e-06
1200 5.6304200353e-01 9.2430627712e-06
1201 5.6277882223e-01 7.9325704731e-06
1202 5.6272870196e-01 7.7149673389e-06
1203 5.6276864147e-01 9.5764495084e-06
1204 5.6294153304e-01 6.8164983582e-06
1205 5.6306088339e-01 5.6778616020e-06
1206 5.6324282055e-01 5.8087006621e-06
1207 5.6332933189e-01 4.0736902961e-06
1208 5.6341219455e-01 3.9399878609e-06
1209 5.6347712826e-01 3.9670449630e-06
1210 5.6352136996e-01 3.5075048429e-06
1211 5.6356724746e-01 3.5374593206e-06
1212 5.6359916712e-01 4.1163920056e-06
1213 5.6362258816e-01 4.4914886515e-06
1214 5.6364063029e-01 4.3328308975e-06
1215 5.6364496948e-01 4.6508347486e-06
1216 5.6362838129e-01 5.4615243753e-06
1217 5.6359260402e-01 6.0354113755e-06
1218 5.6355196583e-01 6.1661535622e-06
1219 5.6345179405e-01 7.9952598876e-06
1220 5.6330314644e-01 9.6664237832e-06
1221 5.6316776348e-01 8.7606167003e-06
1222 5.6281691938e-01 1.4777919464e-05
1223 5.6250047954e-01 1.2430534626e-05
1224 5.6226148115e-01 1.2743272940e-05
1225 5.6190214978e-01 1.4952662453e-05
1226 5.6174094970e-01 1.2363269479e-05
1227 5.6161555047e-01 1.1076390081e-05
1228 5.6152648588e-01 1.1002146798e-05
1229 5.6146716147e-01 8.9512571000e-06
1230 5.6144323205e-01 8.7543646341e-06
1231 5.6141843512e-01 6.1704092060e-06
1232 5.6140458619e-01 6.4179098590e-06
1233 5.6139694221e-01 4.7562340536e-06
1234 5.6138724761e-01 3.9871237827e-06
1235 5.6137884966e-01 4.0860144926e-06
1236 5.6137065155e-01 2.8513091513e-06
1237 5.6136339518e-01 2.6983782822e-06
1238 5.6135405548e-01 2.7989230470e-06
1239 5.6134590834e-01 2.2533839874e-06
1240 5.6133658114e-01 2.2235797799e-06
1241 5.6132229815e-01 2.5606173070e-06
1242 5.6130367429e-01 2.4938626724e-06
1243 5.6128955251e-01 2.5839688783e-06
1244 5.6126404410e-01 2.8321878455e-06
1245 5.6122665452e-01 3.1732392968e-06
1246 5.6118654894e-01 4.0679387197e-06
1247 5.6112578940e-01 4.3778349392e-06
1248 5.6103766813e-01 5.1281352045e-06
1249 5.6096041865e-01 6.3792133966e-06
1250 5.6085523778e-01 6.6411408716e-06
1251 5.6075781904e-01 7.6460553136e-06
1252 5.6069613761e-01 1.0057703708e-05
1253 5.6072710007e-01 8.1935737874e-06
1254 5.6095797994e-01 1.0017144951e-05
1255 5.6125524448e-01 1.0742295386e-05
1256 5.6166457155e-01 7.7750789070e-06
1257 5.6224531079e-01 9.7359170322e-06
1258 5.6274721057e-01 7.7761451269e-06
1259 5.6302313113e-01 5.5888827874e-06
1260 5.6331443931e-01 5.7083670780e-06
1261 5.6349516198e-01 4.8233554240e-06
1262 5.6359408288e-01 3.6367234635e-06
1263 5.6365458188e-01 3.5179313981e-06
1264 5.6368511894e-01 3.2925740884e-06
1265 5.6368319149e-01 2.7174370474e-06
1266 5.6364041798e-01 3.3797491131e-06
1267 5.6356690128e-01 3.3196945178e-06
1268 5.6348024444e-01 3.3677233596e-06
1269 5.6332219986e-01 4.1395660331e-06
1270 5.6312251787e-01 4.1348785132e-06
1271 5.6287984944e-01 4.5399030131e-06
1272 5.6254331632e-01 5.2680389289e-06
1273 5.6213306431e-01 5.4599071228e-06
1274 5.6161829051e-01 7.3567774763e-06
1275 5.6109873437e-01 5.7747500095e-06
1276 5.6063385160e-01 6.3007318256e-06
1277 5.6024322152e-01 7.0485295411e-06
1278 5.5996383080e-01 6.1468493838e-06
1279 5.5964809339e-01 6.9893263693e-06
1280 5.5938346478e-01 7.1665657070e-06
1281 5.5926086323e-01 6.1072081943e-06
1282 5.5918668588e-01 6.6905821110e-06
1283 5.5918138097e-01 6.2712571902e-06
1284 5.5920570821e-01 4.6852651985e-06
1285 5.5924844698e-01 5.2658933608e-06
1286 5.5930835258e-01 4.2007972141e-06
1287 5.5933896674e-01 3.3783697548e-06
1288 5.5937133058e-01 3.1749381875e-06
1289 5.5939415614e-01 3.1655702056e-06
1290 5.5940838437e-01 2.4203960337e-06
1291 5.5941940408e-01 2.6297500631e-06
1292 5.5942667326e-01 2.5447158878e-06
1293 5.5942919700e-01 2.2161444090e-06
1294 5.5942695048e-01 2.5145334239e-06
1295 5.5941952747e-01 3.1275799497e-06
1296 5.5940853286e-01 2.8032969624e-06
1297 5.5938767504e-01 3.6530284032e-06
1298 5.5935472601e-01 3.6932335519e-06
1299 5.5931909860e-01 4.1368670258e-06
1300 5.5926319786e-01 5.0698163915e-06
1301 5.5918962084e-01 5.7910758159e-06
1302 5.5903131225e-01 9.0825509922e-06
1303 5.5888517710e-01 7.9859715425e-06
1304 5.5875109836e-01 9.4461852918e-06
1305 5.5863163237e-01 1.0985115861e-05
1306 5.5858823854e-01 1.0555538256e-05
1307 5.5861648320e-01 1.2144068220e-05
1308 5.5881296135e-01 1.3666121134e-05
1309 5.5909215735e-01 1.1381689177e-05
1310 5.5949626963e-01 1.1903516628e-05
1311 5.6009921488e-01 1.2723951986e-05
1312 5.6073375435e-01 1.1123015222e-05
1313 5.6132451017e-01 1.0633487087e-05
1314 5.6222104907e-01 1.3554503699e-05
1315 5.6292656061e-01 9.5483484897e-06
1316 5.6341052853e-01 8.0382071159e-06
1317 5.6391588998e-01 6.9906961000e-06
1318 5.6416007168e-01 5.7456891946e-06
1319 5.6428980117e-01 5.1341946598e-06
1320 5.6437952820e-01 4.8114948939e-06
1321 5.6443262161e-01 4.4909884131e-06
1322 5.6443023482e-01 4.3240218279e-06
1323 5.6438454277e-01 3.6307434150e-06
1324 5.6432002763e-01 3.7427966064e-06
1325 5.6421259030e-01 3.6630496648e-06
1326 5.6404980328e-01 3.7744504012e-06
1327 5.6384647373e-01 4.8366084429e-06
1328 5.6359047707e-01 3.9125898483e-06
1329 5.6314740180e-01 5.5439102503e-06
1330 5.6260940624e-01 5.9972678854e-06
1331 5.6194550319e-01 6.2266843256e-06
1332 5.6125431269e-01 6.9493262601e-06
1333 5.6038120141e-01 9.1589953545e-06
1334 5.5937959295e-01 8.3058816154e-06
1335 5.5842443572e-01 8.9466359210e-06
1336 5.5729105366e-01 1.0551151939e-05
1337 5.5657522373e-01 9.5329491437e-06
1338 5.5608312443e-01 9.7848729164e-06
1339 5.5588785387e-01 9.6049263040e-06
1340 5.5589550855e-01 8.5192011065e-06
1341 5.5600613305e-01 8.2113339010e-06
1342 5.5630075738e-01 8.1232292548e-06
1343 5.5656062285e-01 7.0747934594e-06
1344 5.5688656606e-01 7.2622605238e-06
1345 5.5730240229e-01 5.9069062794e-06
1346 5.5759438881e-01 6.9160991020e-06
1347 5.5788744626e-01 5.1647823000e-06
1348 5.5814498653e-01 4.7763592314e-06
1349 5.5837500874e-01 4.7973617967e-06
1350 5.5854236137e-01 4.6068126432e-06
1351 5.5872508530e-01 4.0775641050e-06
1352 5.5885412426e-01 4.6899415434e-06
1353 5.5898214213e-01 3.5716811683e-06
1354 5.5907532072e-01 3.3456953876e-06
1355 5.5916815805e-01 4.6830072658e-06
1356 5.5921599425e-01 3.6416221273e-06
1357 5.5926929665e-01 4.3423170777e-06
1358 5.5931272108e-01 4.9495553141e-06
1359 5.5934282410e-01 4.7267407234e-06
1360 5.5934819675e-01 4.5573138745e-06
1361 5.5933110432e-01 6.3151956224e-06
1362 5.5929860455e-01 5.9852046736e-06
1363 5.5920020676e-01 7.2088992970e-06
1364 5.5906103968e-01 9.8467510216e-06
1365 5.5887660260e-01 9.5479844914e-06
1366 5.5859938564e-01 1.1784770607e-05
1367 5.5808705363e-01 1.3949734567e-05
1368 5.5776495979e-01 1.4403777451e-05
1369 5.5727553836e-01 1.4844654882e-05
1370 5.5675511360e-01 2.0821999771e-05
1371 5.5624666949e-01 1.7960648828e-05
1372 5.5576828387e-01 1.8743905437e-05
1373 5.5544425582e-01 1.8484653807e-05
1374 5.5537522158e-01 1.5968737126e-05
1375 5.5536727473e-01 1.5358053656e-05
1376 5.5545152389e-01 1.5416550114e-05
1377 5.5553767649e-01 1.2161696556e-05
1378 5.5564012474e-01 1.0336440638e-05
1379 5.5571431171e-01 7.9491624233e-06
1380 5.5575175040e-01 7.7332755765e-06
1381 5.5580210248e-01 5.9778594917e-06
1382 5.5583281118e-01 5.4620497744e-06
1383 5.5585218903e-01 4.7570305005e-06
1384 5.5586725128e-01 4.4630508270e-06
1385 5.5587936652e-01 3.5044079431e-06
1386 5.5588752438e-01 4.7265001698e-06
1387 5.5589269809e-01 2.8144354123e-06
1388 5.5589566387e-01 3.4754788218e-06
1389 5.5589597460e-01 2.5822830866e-06
1390 5.5589310688e-01 2.8267252271e-06
1391 5.5589081490e-01 1.9887180016e-06
1392 5.5588546388e-01 3.0008136862e-06
1393 5.5587853957e-01 1.7801530111e-06
1394 5.5586948124e-01 2.3581176640e-06
1395 5.5586201983e-01 1.9851041720e-06
1396 5.5584519355e-01 2.2848318453e-06
1397 5.5583372459e-01 2.1230972851e-06
1398 5.5580947059e-01 2.7147437243e-06
1399 5.5578778343e-01 2.3226189562e-06
1400 5.5574473103e-01 3.6948276767e-06
1401 5.5571222526e-01 2.6458814334e-06
1402 5.5563849136e-01 4.9274988090e-06
1403 5.5558847348e-01 3.5452898882e-06
1404 5.5545839613e-01 5.2752082175e-06
1405 5.5539285148e-01 4.8353238969e-06
1406 5.5524165990e-01 5.9550425389e-06
1407 5.5511512137e-01 6.1525978520e-06
1408 5.5490476290e-01 7.9593419632e-06
1409 5.5476523284e-01 6.3885474776e-06
1410 5.5451264092e-01 9.3319455955e-06
1411 5.5441672071e-01 7.2770008096e-06
1412 5.5420162591e-01 1.1394060787e-05
1413 5.5412628946e-01 9.2497088350e-06
1414 5.5407953183e-01 1.1613678499e-05
1415 5.5412185176e-01 9.9055781831e-06
1416 5.5428626159e-01 9.8516631925e-06
1417 5.5440872618e-01 9.4709935270e-06
1418 5.5478802577e-01 9.1670566035e-06
1419 5.5496435155e-01 8.2662471312e-06
1420 5.5537683829e-01 1.0388221340e-05
1421 5.5558833669e-01 6.5539821055e-06
1422 5.5590474812e-01 8.6797075569e-06
1423 5.5610069263e-01 5.5195530372e-06
1424 5.5627551598e-01 7.3755306899e-06
1425 5.5641462174e-01 4.2447422412e-06
1426 5.5652058784e-01 4.9620681627e-06
1427 5.5656376683e-01 3.5900590186e-06
1428 5.5661044427e-01 3.8593283483e-06
1429 5.5662783579e-01 3.1227744928e-06
1430 5.5663509506e-01 4.1686534556e-06
1431 5.5663313110e-01 2.2238617418e-06
1432 5.5661203174e-01 3.4811334099e-06
1433 5.5658309386e-01 1.9564644885e-06
1434 5.5653598364e-01 2.7745767471e-06
1435 5.5649709594e-01 1.8321919654e-06
1436 5.5644349484e-01 2.2806330945e-06
1437 5.5638684103e-01 2.1927436976e-06
1438 5.5633115997e-01 1.8842886368e-06
1439 5.5616460682e-01 3.0659947964e-06
1440 5.5605775238e-01 2.0207789900e-06
1441 5.5581880559e-01 2.9274870058e-06
1442 5.5568298556e-01 2.2936600273e-06
1443 5.5539528677e-01 3.8622158746e-06
1444 5.5503579870e-01 3.0650201107e-06
1445 5.5468073274e-01 4.4751957041e-06
1446 5.5427165206e-01 2.9693107074e-06
1447 5.5385017316e-01 4.5592698678e-06
1448 5.5353174064e-01 4.0690830332e-06
1449 5.5256005388e-01 6.5055130549e-06
1450 5.5211850988e-01 4.8464683203e-06
1451 5.5171804118e-01 4.6430209582e-06
1452 5.5137730850e-01 6.1660150655e-06
1453 5.5119897692e-01 4.6680609012e-06
1454 5.5100879597e-01 6.7863592554e-06
1455 5.5100630329e-01 4.8427276990e-06
1456 5.5112358568e-01 5.4231091359e-06
1457 5.5133752937e-01 5.3283010800e-06
1458 5.5158890926e-01 5.1913459120e-06
1459 5.5191624160e-01 5.2262309483e-06
1460 5.5227893937e-01 4.0681145656e-06
1461 5.5270495205e-01 4.7239916679e-06
1462 5.5294856093e-01 3.2890885589e-06
1463 5.5332875367e-01 4.5735660801e-06
1464 5.5351071223e-01 2.6880618430e-06
1465 5.5366743545e-01 2.4597948485e-06
1466 5.5380225935e-01 2.6960934787e-06
1467 5.5388097850e-01 2.1629446185e-06
1468 5.5399410191e-01 2.8526160127e-06
1469 5.5405870886e-01 2.1891721394e-06
1470 5.5412308370e-01 2.4654465779e-06
1471 5.5418833934e-01 2.3485336022e-06
1472 5.5421212485e-01 1.9954672589e-06
1473 5.5422577611e-01 2.8373413461e-06
1474 5.5423112945e-01 2.4444970172e-06
1475 5.5422117959e-01 2.6898375910e-06
1476 5.5419475678e-01 2.6281769255e-06
1477 5.5415430097e-01 2.5021445586e-06
1478 5.5408822947e-01 4.0243216776e-06
1479 5.5396702370e-01 3.3822966419e-06
1480 5.5388445676e-01 4.1349101777e-06
1481 5.5374061687e-01 4.1121440088e-06
1482 5.5359077320e-01 4.5535301553e-06
1483 5.5336073577e-01 5.3871675783e-06
1484 5.5312967806e-01 5.0198512041e-06
1485 5.5297554248e-01 5.6935639273e-06
1486 5.5274807198e-01 5.5874940299e-06
1487 5.5256945235e-01 6.1377341366e-06
1488 5.5239860276e-01 7.1590440079e-06
1489 5.5231497390e-01 6.5084849179e-06
1490 5.5231392299e-01 7.6868332421e-06
1491 5.5238392796e-01 6.5013460848e-06
1492 5.5254529505e-01 6.5608740412e-06
1493 5.5282723556e-01 7.7597725825e-06
1494 5.5322995992e-01 6.5649854765e-06
1495 5.5380031001e-01 8.8849996779e-06
1496 5.5446043640e-01 6.0347780337e-06
1497 5.5479022581e-01 5.1668129810e-06
1498 5.5521006499e-01 5.1798344071e-06
1499 5.5555121597e-01 4.2175253404e-06
1500 5.5592045907e-01 4.9492022558e-06
1501 5.5621888285e-01 3.3594988140e-06
1502 5.5635837603e-01 3.6517709343e-06
1503 5.5649941240e-01 3.2175093935e-06
1504 5.5662475842e-01 2.9147086931e-06
1505 5.5668800300e-01 3.1538732817e-06
1506 5.5677443909e-01 2.8513314946e-06
1507 5.5684191653e-01 2.7468067832e-06
1508 5.5686778642e-01 2.7951676428e-06
1509 5.5689048765e-01 2.2763833245e-06
1510 5.5688995324e-01 2.1362157889e-06
1511 5.5687236748e-01 2.2594729399e-06
1512 5.5683728866e-01 1.9875435014e-06
1513 5.5680173642e-01 2.4565049326e-06
1514 5.5670448278e-01 2.3293123738e-06
1515 5.5658513224e-01 2.0070049757e-06
1516 5.5649521705e-01 2.7734709490e-06
1517 5.5634116518e-01 2.0263498937e-06
1518 5.5620999082e-01 2.6150382095e-06
1519 5.5604086106e-01 2.3312200596e-06
1520 5.5582872034e-01 2.0198408157e-06
1521 5.5566755384e-01 3.0191607538e-06
1522 5.5538797480e-01 2.6199979093e-06
1523 5.5500158944e-01 3.1854062312e-06
1524 5.5466143035e-01 3.2342296184e-06
1525 5.5428645958e-01 2.7789402230e-06
1526 5.5394686091e-01 3.7356431091e-06
1527 5.5353149106e-01 3.1304115648e-06
1528 5.5302934612e-01 3.6438314075e-06
1529 5.5243165706e-01 5.0866504511e-06
1530 5.5178150701e-01 4.2763373637e-06
1531 5.5095612877e-01 4.6394746344e-06
1532 5.5015835549e-01 5.9813224430e-06
1533 5.4950139613e-01 4.4199864394e-06
1534 5.4902290061e-01 6.0784561190e-06
1535 5.4857490871e-01 6.0698653144e-06
1536 5.4811884041e-01 5.3220692797e-06
1537 5.4787093955e-01 5.3587611773e-06
1538 5.4784226042e-01 5.2525339192e-06
1539 5.4789073730e-01 4.5830821017e-06
1540 5.4800139576e-01 6.2029823928e-06
1541 5.4821830557e-01 4.0561966286e-06
1542 5.4854866845e-01 4.5034848600e-06
1543 5.4877189281e-01 4.1294284699e-06
1544 5.4901351440e-01 4.3510426878e-06
1545 5.4956101600e-01 4.8432630039e-06
1546 5.4986762504e-01 3.6725042276e-06
1547 5.5031025331e-01 3.8588042789e-06
1548 5.5056423404e-01 2.9398678368e-06
1549 5.5075108765e-01 3.0213652238e-06
1550 5.5097658352e-01 2.7495114358e-06
1551 5.5110468578e-01 2.2654240426e-06
1552 5.5131690373e-01 2.3322475247e-06
1553 5.5144034300e-01 1.8956608492e-06
1554 5.5151048453e-01 1.6121734922e-06
1555 5.5156887440e-01 1.7634053929e-06
1556 5.5160832321e-01 1.4359919431e-06
1557 5.5163459089e-01 1.1873659566e-06
1558 5.5166367457e-01 1.3385218062e-06
1559 5.5168193618e-01 1.8022522144e-06
1560 5.5171341414e-01 2.1537828202e-06
1561 5.5175073919e-01 2.5798388217e-06
1562 5.5177132434e-01 1.8590788316e-06
1563 5.5178236484e-01 1.8352683703e-06
1564 5.5178221308e-01 2.0355358106e-06
1565 5.5176848022e-01 2.4430852195e-06
1566 5.5173933500e-01 3.4503390268e-06
1567 5.5168546294e-01 4.3158377935e-06
1568 5.5162591692e-01 2.9656277895e-06
1569 5.5159500722e-01 3.4568120674e-06
1570 5.5152061737e-01 3.2760963645e-06
1571 5.5141826513e-01 4.1618423327e-06
1572 5.5126305292e-01 5.3461659356e-06
1573 5.5106418481e-01 5.2949786544e-06
1574 5.5091636943e-01 5.1748262387e-06
1575 5.5074935770e-01 6.8003427203e-06
1576 5.5044274953e-01 5.7990507369e-06
1577 5.5017598656e-01 6.1424769306e-06
1578 5.4987915852e-01 7.2681940740e-06
1579 5.4959429252e-01 6.3268902488e-06
1580 5.4937718131e-01 8.1279060616e-06
1581 5.4897381062e-01 1.0111603754e-05
1582 5.4856261480e-01 7.6753011226e-06
1583 5.4826449122e-01 9.0526419189e-06
1584 5.4793327831e-01 7.5944312164e-06
1585 5.4774241396e-01 7.7337803333e-06
1586 5.4752091961e-01 9.4926070072e-06
1587 5.4741356864e-01 7.5561864440e-06
1588 5.4737714535e-01 7.1299678193e-06
1589 5.4734056983e-01 5.8049682037e-06
1590 5.4732711926e-01 4.9776481795e-06
1591 5.4732098972e-01 5.0510888551e-06
1592 5.4732222982e-01 4.8067236671e-06
1593 5.4732700992e-01 4.3343636178e-06
1594 5.4733187424e-01 3.4838650971e-06
1595 5.4733549902e-01 3.3531430088e-06
1596 5.4733782699e-01 3.1641110063e-06
1597 5.4734391100e-01 2.9399373725e-06
1598 5.4735166919e-01 3.3360033012e-06
1599 5.4735703547e-01 2.3844103862e-06
1600 5.4736046760e-01 2.3336093135e-06
1601 5.4736163964e-01 2.0988626103e-06
1602 5.4736194806e-01 1.6696447028e-06
1603 5.4736156133e-01 1.7784609617e-06
1604 5.4736079685e-01 1.6314181974e-06
1605 5.4735866635e-01 1.6598855371e-06
1606 5.4735564780e-01 1.9614064462e-06
1607 5.4735094852e-01 1.9822725398e-06
1608 5.4734551928e-01 1.8417390527e-06
1609 5.4734118323e-01 1.6631340189e-06
1610 5.4733791134e-01 1.5146728836e-06
1611 5.4733383175e-01 1.3137867320e-06
1612 5.4733017684e-01 1.3023260466e-06
1613 5.4732264929e-01 1.5617867394e-06
1614 5.4731511551e-01 1.5037055919e-06
1615 5.4730514414e-01 1.5174553516e-06
1616 5.4728767173e-01 2.0087699733e-06
1617 5.4726569848e-01 2.3269318911e-06
1618 5.4724983875e-01 1.9328835063e-06
1619 5.4723341243e-01 1.9958930988e-06
1620 5.4721586469e-01 2.1033921354e-06
1621 5.4718773527e-01 2.4215616176e-06
1622 5.4711862378e-01 3.7890905314e-06
1623 5.4706084838e-01 3.8833886945e-06
1624 5.4698525188e-01 3.6184988381e-06
1625 5.4689776865e-01 4.4071486258e-06
1626 5.4679718585e-01 3.6175171331e-06
1627 5.4668554758e-01 3.9963954621e-06
1628 5.4656007368e-01 4.6256171215e-06
1629 5.4639696277e-01 4.9454651240e-06
1630 5.4616677490e-01 6.2732355375e-06
1631 5.4593442024e-01 6.8387049832e-06
1632 5.4567837943e-01 8.0414325147e-06
1633 5.4532804685e-01 9.2285619112e-06
1634 5.4474723984e-01 9.0933866205e-06
1635 5.4412713044e-01 8.9482257448e-06
1636 5.4368499648e-01 8.7704576395e-06
1637 5.4328676307e-01 8.8924989564e-06
1638 5.4279484474e-01 1.0630235781e-05
1639 5.4235154356e-01 1.1098503738e-05
1640 5.4177334689e-01 1.2833497444e-05
1641 5.4115415475e-01 1.3671028236e-05
1642 5.4071390759e-01 1.1643835165e-05
1643 5.4011974173e-01 1.2629739695e-05
1644 5.3958240197e-01 1.1996808667e-05
1645 5.3921548928e-01 1.1497908418e-05
1646 5.3881545087e-01 1.2882174728e-05
1647 5.3855368240e-01 1.3113420454e-05
1648 5.3834338893e-01 1.2361582629e-05
1649 5.3820843127e-01 1.4199108796e-05
1650 5.3818320890e-01 1.2697028451e-05
1651 5.3821077343e-01 1.0641643932e-05
1652 5.3826345324e-01 9.2541989668e-06
1653 5.3830553176e-01 8.1744925323e-06
1654 5.3838410716e-01 8.0439239080e-06
1655 5.3848622798e-01 8.2494100776e-06
1656 5.3855589045e-01 6.3962880116e-06
1657 5.3862846170e-01 6.9397696667e-06
1658 5.3870082110e-01 6.6105873287e-06
1659 5.3875238560e-01 5.1592685121e-06
1660 5.3880563292e-01 4.3613403717e-06
1661 5.3882712733e-01 3.5326209502e-06
1662 5.3884526189e-01 2.9316585489e-06
1663 5.3886464819e-01 3.0271320523e-06
1664 5.3887732663e-01 2.5230950868e-06
1665 5.3888524782e-01 2.2700715291e-06
1666 5.3889637066e-01 2.4535400378e-06
1667 5.3890562416e-01 2.6503359401e-06
1668 5.3891784552e-01 2.5412355705e-06
1669 5.3892560679e-01 2.5506061202e-06
1670 5.3892885668e-01 1.7448835922e-06
1671 5.3893113378e-01 1.9537293658e-06
1672 5.3893325582e-01 1.5792383234e-06
1673 5.3893398326e-01 1.3101592721e-06
1674 5.3893419847e-01 1.3624445101e-06
1675 5.3893384951e-01 1.4411786255e-06
1676 5.3893281425e-01 1.6160217318e-06
1677 5.3893083032e-01 1.7042653683e-06
1678 5.3892853493e-01 1.5450321234e-06
1679 5.3892530914e-01 1.4484224164e-06
1680 5.3892116338e-01 1.2900528457e-06
1681 5.3891858084e-01 1.0171732846e-06
1682 5.3891542720e-01 9.8811737979e-07
1683 5.3891151770e-01 9.9089776225e-07
1684 5.3890864888e-01 9.4159204300e-07
1685 5.3890420302e-01 1.0137404959e-06
1686 5.3889709027e-01 1.1282611270e-06
1687 5.3888382932e-01 1.4030475973e-06
1688 5.3886730097e-01 1.9514785588e-06
1689 5.3884579839e-01 1.8315566667e-06
1690 5.3882827865e-01 1.6664420321e-06
1691 5.3880883627e-01 1.6986938165e-06
1692 5.3879527506e-01 1.3943704968e-06
1693 5.3878475910e-01 1.4351855663e-06
1694 5.3877255763e-01 1.4853782469e-06
1695 5.3874833043e-01 1.5976631838e-06
1696 5.3869382748e-01 2.0765070752e-06
1697 5.3864630644e-01 2.4169589489e-06
1698 5.3858167125e-01 2.1467360012e-06
1699 5.3850320435e-01 2.9346414785e-06
1700 5.3843861684e-01 3.0272764126e-06
1701 5.3837171065e-01 2.9290828823e-06
1702 5.3831033266e-01 2.9251479298e-06
1703 5.3825885856e-01 2.9022212924e-06
1704 5.3817180374e-01 3.0247480580e-06
1705 5.3811044272e-01 3.4606773429e-06
1706 5.3800908204e-01 3.1333025274e-06
1707 5.3781075848e-01 4.5135172591e-06
1708 5.3759035448e-01 4.7401355112e-06
1709 5.3738683582e-01 4.8467477378e-06
1710 5.3718264549e-01 4.7012085718e-06
1711 5.3706807280e-01 4.7148538298e-06
1712 5.3692310636e-01 4.5001495680e-06
1713 5.3669772709e-01 5.4495277569e-06
1714 5.3650922016e-01 4.7185486878e-06
1715 5.3623302994e-01 5.5475684254e-06
1716 5.3598465485e-01 5.2125297819e-06
1717 5.3579783810e-01 5.4571755546e-06
1718 5.3559769907e-01 5.9699402767e-06
1719 5.3534325651e-01 7.2823794116e-06
1720 5.3511765848e-01 6.7163031948e-06
1721 5.3480630935e-01 7.9049821665e-06
1722 5.3462218692e-01 6.5555925980e-06
1723 5.3441834531e-01 5.7527975168e-06
1724 5.3430497575e-01 5.9358260460e-06
1725 5.3421531020e-01 5.0503937959e-06
1726 5.3414904932e-01 4.8139303566e-06
1727 5.3405141043e-01 5.2888619353e-06
1728 5.3400895543e-01 4.6024033056e-06
1729 5.3395588582e-01 4.6383058014e-06
1730 5.3392628219e-01 4.4433191154e-06
1731 5.3390105073e-01 3.8416421655e-06
1732 5.3388004597e-01 4.1205301424e-06
1733 5.3385813933e-01 4.2984102087e-06
1734 5.3384657894e-01 3.0964533305e-06
1735 5.3383215564e-01 3.1275978792e-06
1736 5.3382697450e-01 2.1835789991e-06
1737 5.3382008752e-01 2.2187438676e-06
1738 5.3381690696e-01 1.8105372966e-06
1739 5.3381486524e-01 1.6992363688e-06
1740 5.3381339357e-01 1.4879313893e-06
1741 5.3381120517e-01 1.6384245885e-06
1742 5.3381017517e-01 1.3862339278e-06
1743 5.3380733397e-01 1.4203227734e-06
1744 5.3380556973e-01 1.8105979222e-06
1745 5.3380162917e-01 1.7087200971e-06
1746 5.3380013675e-01 1.3640025642e-06
1747 5.3379834603e-01 1.3608419421e-06
1748 5.3379731552e-01 1.1709901210e-06
1749 5.3379584152e-01 1.1050607782e-06
1750 5.3379490579e-01 1.1015903307e-06
1751 5.3379065411e-01 1.3376100917e-06
1752 5.3378892336e-01 9.7943280666e-07
1753 5.3378502574e-01 1.1415535445e-06
1754 5.3378337377e-01 1.0383827954e-06
1755 5.3378071708e-01 1.2127847588e-06
1756 5.3377935966e-01 6.5805033370e-07
1757 5.3377841920e-01 6.8263369643e-07
1758 5.3377765711e-01 5.9413817135e-07
1759 5.3377588910e-01 6.5283535344e-07
1760 5.3377460574e-01 6.1626867752e-07
1761 5.3377087647e-01 7.2574226444e-07
1762 5.3376846472e-01 7.0058572490e-07
1763 5.3376223607e-01 8.3832860248e-07
1764 5.3375831137e-01 6.8380911607e-07
1765 5.3375123227e-01 1.2748809176e-06
1766 5.3374026777e-01 9.8460109686e-07
1767 5.3372894204e-01 1.9070662438e-06
1768 5.3371496499e-01 1.4106081237e-06
1769 5.3370493530e-01 1.7870950482e-06
1770 5.3369582147e-01 1.2648844425e-06
1771 5.3368393082e-01 1.9640731438e-06
1772 5.3367096186e-01 1.5075128236e-06
1773 5.3364727392e-01 2.1051950988e-06
1774 5.3362752557e-01 1.5976962039e-06
1775 5.3359311020e-01 2.2931801450e-06
1776 5.3356294494e-01 1.6983942488e-06
1777 5.3352179111e-01 2.4272873000e-06
1778 5.3347227011e-01 2.3643545743e-06
1779 5.3342623910e-01 3.4756479254e-06
1780 5.3340501705e-01 2.3220431332e-06
1781 5.3338654017e-01 4.5147200972e-06
1782 5.3337911441e-01 2.8215523781e-06
1783 5.3337305429e-01 3.9554990775e-06
1784 5.3337234723e-01 2.6602021703e-06
1785 5.3337658800e-01 4.1560984271e-06
1786 5.3338579428e-01 2.7484841056e-06
1787 5.3342064989e-01 3.2284793548e-06
1788 5.3344563437e-01 2.4757375890e-06
1789 5.3351957774e-01 3.0716542799e-06
1790 5.3356373137e-01 3.1448169357e-06
1791 5.3364959474e-01 4.0447620673e-06
1792 5.3368823803e-01 3.1516479438e-06
1793 5.3373922759e-01 3.7624983830e-06
1794 5.3378258219e-01 3.0597469873e-06
1795 5.3385193189e-01 3.9739833172e-06
1796 5.3390858769e-01 2.9692100411e-06
1797 5.3394812046e-01 2.7329455330e-06
1798 5.3400804760e-01 2.5439843757e-06
1799 5.3404494318e-01 2.3377297661e-06
1800 5.3411343692e-01 2.2953909415e-06
1801 5.3415172915e-01 2.2828801015e-06
1802 5.3424332926e-01 2.5453840789e-06
1803 5.3429447126e-01 1.9610252787e-06
1804 5.3432553581e-01 1.6694457063e-06
1805 5.3436268121e-01 2.3697505312e-06
1806 5.3438215853e-01 1.5057205045e-06
1807 5.3439993058e-01 2.0039231049e-06
1808 5.3441826691e-01 1.4489515748e-06
1809 5.3443134026e-01 1.7671604226e-06
1810 5.3444019984e-01 1.1207310564e-06
1811 5.3444537340e-01 1.2028329489e-06
1812 5.3444927964e-01 1.1877828132e-06
1813 5.3445364974e-01 1.0489008352e-06
1814 5.3445830441e-01 1.1904894444e-06
1815 5.3445990326e-01 8.6084444992e-07
1816 5.3445942968e-01 1.2258102406e-06
1817 5.3445838713e-01 9.2121554241e-07
1818 5.3445532054e-01 1.0499304602e-06
1819 5.3445154359e-01 9.5150848743e-07
1820 5.3444797040e-01 6.8149277479e-07
1821 5.3444195200e-01 9.0386735603e-07
1822 5.3443842365e-01 5.6884361758e-07
1823 5.3443088969e-01 6.0399356358e-07
1824 5.3442433241e-01 5.2305564653e-07
1825 5.3441450150e-01 5.4560207498e-07
1826 5.3440078551e-01 6.1571281827e-07
1827 5.3438544861e-01 4.8569726260e-07
1828 5.3436969503e-01 5.4608712467e-07
1829 5.3435644766e-01 4.7202791589e-07
1830 5.3434252948e-01 4.7189571289e-07
1831 5.3433064458e-01 5.7060682457e-07
1832 5.3431289050e-01 5.8882857706e-07
1833 5.3428842435e-01 5.5233832084e-07
1834 5.3427232818e-01 4.1625220812e-07
1835 5.3425612682e-01 5.2037062767e-07
1836 5.3424385405e-01 4.7226334676e-07
1837 5.3423232806e-01 4.7933291073e-07
1838 5.3420998751e-01 5.2347763051e-07
1839 5.3419052800e-01 4.6408768342e-07
1840 5.3414702038e-01 4.6763640332e-07
1841 5.3411388491e-01 4.1862770098e-07
1842 5.3409081435e-01 4.0433548230e-07
1843 5.3405009640e-01 4.5864705116e-07
1844 5.3402444537e-01 4.4929586614e-07
1845 5.3396780006e-01 6.1019752525e-07
1846 5.3386027064e-01 1.0509724747e-06
1847 5.3380191016e-01 7.2378795807e-07
1848 5.3375250923e-01 8.2675736292e-07
1849 5.3372391598e-01 7.0831235773e-07
1850 5.3363627409e-01 1.0567189736e-06
1851 5.3348937839e-01 1.0865469773e-06
1852 5.3341376543e-01 8.2246115318e-07
1853 5.3331500872e-01 9.2373025276e-07
1854 5.3322662610e-01 9.2386238483e-07
1855 5.3304017235e-01 1.1681628171e-06
1856 5.3273265465e-01 1.5508910462e-06
1857 5.3250231372e-01 1.6310598749e-06
1858 5.3236898414e-01 1.5690403339e-06
1859 5.3236840102e-01 1.8830545405e-06
1860 5.3249672012e-01 1.6413291788e-06
1861 5.3270117490e-01 1.8009681778e-06
1862 5.3288504187e-01 2.0490904189e-06
1863 5.3320524900e-01 1.7128895378e-06
1864 5.3348479013e-01 1.7001178626e-06
1865 5.3374759541e-01 1.6025633503e-06
1866 5.3418249287e-01 1.6433839207e-06
1867 5.3483321162e-01 2.0130485282e-06
1868 5.3626975295e-01 1.7301835833e-06
1869 5.3701552671e-01 1.3950306008e-06
1870 5.3750337499e-01 1.4133343246e-06
1871 5.3838249979e-01 1.8825123498e-06
1872 5.3912913133e-01 1.6973828569e-06
1873 5.4034363920e-01 2.1559410305e-06
1874 5.4145045833e-01 1.2916926910e-06
1875 5.4215556276e-01 1.0968550474e-06
1876 5.4311244656e-01 1.7104651617e-06
1877 5.4418455170e-01 1.4548435529e-06
1878 5.4542810228e-01 1.5204925649e-06
1879 5.4648619984e-01 9.7275397838e-07
1880 5.4689935773e-01 7.5972481338e-07
1881 5.4703149063e-01 8.2385401700e-07
1882 5.4722602192e-01 8.6589712137e-07
1883 5.4748740401e-01 1.2432743280e-06
1884 5.4825480188e-01 9.6059210769e-07
1885 5.4869418820e-01 8.0260114670e-07
1886 5.4881569906e-01 7.6770412517e-07
1887 5.4897653620e-01 9.6278584145e-07
1888 5.4915403385e-01 1.1237002862e-06
1889 5.4951640774e-01 9.1844231406e-07
1890 5.5000046720e-01 6.8283146601e-07
1891 5.5014415026e-01 6.6784596745e-07
1892 5.5023447956e-01 6.4463503477e-07
1893 5.5029295975e-01 8.3587514206e-07
1894 5.5040242481e-01 8.8811986850e-07
1895 5.5054731352e-01 7.4825484046e-07
1896 5.5065561363e-01 7.0322632444e-07
1897 5.5070235050e-01 6.9821323985e-07
1898 5.5073869901e-01 1.1074928029e-06
1899 5.5076208420e-01 1.5438461258e-06
1900 5.5079549499e-01 1.9498293615e-06
1901 5.5082432339e-01 1.1441325758e-06
1902 5.5083991723e-01 1.0990498417e-06
1903 5.5084197504e-01 8.3184912967e-07
1904 5.5082224423e-01 1.2234947373e-06
1905 5.5079123564e-01 1.1496518279e-06
1906 5.5077450690e-01 1.0471583312e-06
1907 5.5073868201e-01 1.0420917225e-06
1908 5.5068734408e-01 1.0890566866e-06
1909 5.5054012762e-01 1.3796385582e-06
1910 5.5012947321e-01 1.3607999329e-06
1911 5.4988223304e-01 1.7885598296e-06
1912 5.4963521376e-01 1.6236531964e-06
1913 5.4943705932e-01 1.5682333306e-06
1914 5.4912915847e-01 2.1981160533e-06
1915 5.4740139815e-01 2.6876345140e-06
1916 5.4579778487e-01 3.4913236348e-06
1917 5.4507698737e-01 3.0893128647e-06
1918 5.4471619072e-01 2.4440436628e-06
1919 5.4448638345e-01 2.1561086084e-06
1920 5.4400724820e-01 2.0977490306e-06
1921 5.4325649578e-01 1.9968896178e-06
1922 5.4246990301e-01 2.5200348493e-06
1923 5.4131460418e-01 3.0543418557e-06
1924 5.4078111736e-01 3.1707666090e-06
1925 5.4034999746e-01 3.5094418305e-06
1926 5.3979968625e-01 2.8546189922e-06
1927 5.3842059406e-01 3.6633776334e-06
1928 5.3685821611e-01 4.2757603191e-06
1929 5.3641911260e-01 2.8190600498e-06
1930 5.3616002819e-01 2.9459838973e-06
1931 5.3585114681e-01 2.6298519920e-06
1932 5.3535706324e-01 2.3476054524e-06
1933 5.3426052014e-01 3.6269603078e-06
1934 5.3413219313e-01 3.4626259178e-06
1935 5.3413938023e-01 2.6035645808e-06
1936 5.3414829334e-01 2.1050106688e-06
1937 5.3415495386e-01 1.9266562013e-06
1938 5.3417372780e-01 2.1244413721e-06
1939 5.3433897619e-01 4.4644752221e-06
1940 5.3449465357e-01 2.6483664741e-06
1941 5.3455954297e-01 2.1232405007e-06
1942 5.3460336622e-01 1.3788825118e-06
1943 5.3463730409e-01 1.1704372145e-06
1944 5.3476532631e-01 1.6258862289e-06
1945 5.3496627078e-01 2.1073660228e-06
1946 5.3507708395e-01 1.5478042596e-06
1947 5.3512720528e-01 1.0952589273e-06
1948 5.3514426358e-01 8.5648261035e-07
1949 5.3516031282e-01 9.0493994872e-07
1950 5.3522434204e-01 1.4017498220e-06
1951 5.3527202370e-01 1.5138427869e-06
1952 5.3531031439e-01 1.4663467870e-06
1953 5.3532754932e-01 1.0631153246e-06
1954 5.3533603844e-01 7.1050113132e-07
1955 5.3534854334e-01 7.1911876679e-07
1956 5.3537472259e-01 9.7622797375e-07
1957 5.3541845481e-01 1.0324867306e-06
1958 5.3544840766e-01 8.5401182305e-07
1959 5.3545330180e-01 5.1242471406e-07
1960 5.3545410253e-01 4.3699880821e-07
1961 5.3545251511e-01 4.5746270190e-07
1962 5.3544646936e-01 5.9245908074e-07
1963 5.3542119844e-01 1.0340135791e-06
1964 5.3539621811e-01 1.5268541238e-06
1965 5.3537819401e-01 1.0712795866e-06
1966 5.3536409123e-01 7.4509105100e-07
1967 5.3535144029e-01 9.5085486692e-07
1968 5.3534001646e-01 6.7109899575e-07
1969 5.3532779105e-01 6.3070627775e-07
1970 5.3531121569e-01 7.4795582597e-07
1971 5.3522673597e-01 1.2855124374e-06
1972 5.3512184839e-01 1.4624690570e-06
1973 5.3508222781e-01 1.0490230881e-06
1974 5.3505175466e-01 7.6947630013e-07
1975 5.3502561598e-01 8.1174964033e-07
1976 5.3500419347e-01 8.9091519837e-07
1977 5.3497315383e-01 8.1755456776e-07
1978 5.3494249085e-01 8.7757635825e-07
1979 5.3487714251e-01 1.2971018431e-06
1980 5.3473171518e-01 1.3338000747e-06
1981 5.3462044053e-01 1.7542978642e-06
1982 5.3453116586e-01 1.2179687212e-06
1983 5.3445415409e-01 1.0885616974e-06
1984 5.3436414321e-01 1.6387722015e-06
1985 5.3422665492e-01 1.6440815509e-06
1986 5.3410645356e-01 1.4831619283e-06
1987 5.3393814098e-01 2.3161372404e-06
1988 5.3329994146e-01 3.8268857034e-06
1989 5.3219332463e-01 5.3522096747e-06
1990 5.3166717146e-01 2.6869647397e-06
1991 5.3135694998e-01 2.5478726524e-06
1992 5.3116125033e-01 2.6675523137e-06
1993 5.3080355035e-01 2.7791945764e-06
1994 5.3023574127e-01 3.7503197379e-06
1995 5.2979330862e-01 3.7650784630e-06
1996 5.2929163660e-01 5.0759920682e-06
1997 5.2824128107e-01 6.7344533731e-06
1998 5.2747414146e-01 4.3590095771e-06
1999 5.2715428415e-01 3.5572086948e-06
