iter rel_error rel_residual
0 3.0040257320e+00 6.5665915923e-02
1 3.0258708588e+00 3.4481035852e-02
2 2.3792537481e+00 3.4934344275e-02
3 2.0888858749e+00 1.3265348644e-02
4 2.0060237465e+00 1.4930868109e-02
5 1.7708149948e+00 1.2664742160e-02
6 1.7110903152e+00 5.9174294689e-03
7 1.5831286055e+00 3.8696651343e-03
8 1.5258443614e+00 7.6583851460e-03
9 1.4218197287e+00 5.9315719230e-03
10 1.4146388113e+00 2.5466275522e-03
11 1.3520421526e+00 3.9489190898e-03
12 1.3189003797e+00 3.7478734624e-03
13 1.2843383322e+00 2.2247050315e-03
14 1.2654540860e+00 2.8644917181e-03
15 1.2500938150e+00 2.9584337872e-03
16 1.2187430280e+00 1.5492835387e-03
17 1.2077467791e+00 2.0395342670e-03
18 1.1955853035e+00 2.2398725988e-03
19 1.1742297397e+00 1.2716948145e-03
20 1.1692496518e+00 1.5848650199e-03
21 1.1569170159e+00 1.9101732303e-03
22 1.1451881551e+00 9.3012520293e-04
23 1.1403770248e+00 1.2709562898e-03
24 1.1289629967e+00 1.8030913558e-03
25 1.1189234354e+00 8.4674520704e-04
26 1.1140474724e+00 1.1629883824e-03
27 1.1057371576e+00 1.3145748652e-03
28 1.0991956308e+00 6.8646687174e-04
29 1.0958678394e+00 8.9615632426e-04
30 1.0892594497e+00 1.1682229962e-03
31 1.0836793445e+00 5.9316224067e-04
32 1.0788765840e+00 8.5110327568e-04
33 1.0714118195e+00 1.0491289448e-03
34 1.0662342248e+00 5.5880658620e-04
35 1.0613405723e+00 7.2973338656e-04
36 1.0558861785e+00 8.8152388139e-04
37 1.0508319805e+00 5.1287537401e-04
38 1.0455167911e+00 6.7236704766e-04
39 1.0394951925e+00 9.2311653614e-04
40 1.0340797150e+00 5.3084083953e-04
41 1.0278548196e+00 6.6031405643e-04
42 1.0216166526e+00 9.4878960371e-04
43 1.0166212645e+00 4.8000725599e-04
44 1.0120067372e+00 6.0069960204e-04
45 1.0079093391e+00 7.1130646159e-04
46 1.0043994350e+00 4.1199021302e-04
47 1.0006558371e+00 5.0462119481e-04
48 9.9752682481e-01 6.4967357645e-04
49 9.9396260047e-01 4.0902658483e-04
50 9.8930273048e-01 5.2624159953e-04
51 9.8505676681e-01 6.5275508743e-04
52 9.8082651144e-01 3.9992455977e-04
53 9.7610814244e-01 5.0183927462e-04
54 9.7254145691e-01 6.8497387933e-04
55 9.6790337465e-01 4.0299073895e-04
56 9.6282599238e-01 4.8296421990e-04
57 9.5918465101e-01 6.1699409025e-04
58 9.5561672164e-01 3.4335647297e-04
59 9.5146975305e-01 4.6601844881e-04
60 9.4859527881e-01 5.5435088305e-04
61 9.4554950502e-01 3.3439961450e-04
62 9.4249543641e-01 4.0450108883e-04
63 9.4035932925e-01 4.2329008194e-04
64 9.3800686857e-01 2.9836078207e-04
65 9.3599071398e-01 3.2040815750e-04
66 9.3430322020e-01 3.7959927131e-04
67 9.3183626967e-01 2.7513793195e-04
68 9.2931043071e-01 3.1636563358e-04
69 9.2676623748e-01 4.3383125216e-04
70 9.2414278547e-01 2.6076506564e-04
71 9.2121108471e-01 3.2591376081e-04
72 9.1876231274e-01 4.0678669639e-04
73 9.1616485939e-01 2.6610107881e-04
74 9.1370717711e-01 3.1622164116e-04
75 9.1146451414e-01 3.6123554896e-04
76 9.0938052561e-01 2.4453289751e-04
77 9.0753459581e-01 2.6307200448e-04
78 9.0592462173e-01 3.2214522937e-04
79 9.0378042378e-01 2.2835389940e-04
80 9.0166434149e-01 2.5424704833e-04
81 8.9966949809e-01 3.3094543863e-04
82 8.9733206115e-01 2.2988545316e-04
83 8.9541755960e-01 2.4685541375e-04
84 8.9342673900e-01 3.2152220635e-04
85 8.9105750088e-01 2.1603792037e-04
86 8.8899618977e-01 2.4926332436e-04
87 8.8696893909e-01 2.9437143089e-04
88 8.8468844707e-01 1.9625613034e-04
89 8.8238303889e-01 2.5236417863e-04
90 8.8020812449e-01 2.9114027765e-04
91 8.7799727230e-01 2.0547148514e-04
92 8.7610335346e-01 2.2767138652e-04
93 8.7413586203e-01 2.7548011108e-04
94 8.7204879615e-01 1.9416043321e-04
95 8.7013769292e-01 2.1323146673e-04
96 8.6829753137e-01 2.7031062895e-04
97 8.6633195992e-01 1.7573038223e-04
98 8.6466581526e-01 2.0568317298e-04
99 8.6316441213e-01 2.3162395291e-04
100 8.6159620934e-01 1.5653503702e-04
101 8.6006411006e-01 1.8464657232e-04
102 8.5871437952e-01 2.1982861583e-04
103 8.5705901368e-01 1.6763061994e-04
104 8.5554640072e-01 1.8728774884e-04
105 8.5393287228e-01 2.2326362044e-04
106 8.5228410925e-01 1.6492333570e-04
107 8.5057432050e-01 1.7889449419e-04
108 8.4898668858e-01 2.0991513050e-04
109 8.4725311955e-01 1.6964212034e-04
110 8.4567658994e-01 1.8271600345e-04
111 8.4387666639e-01 2.3449595364e-04
112 8.4183882077e-01 1.6291753816e-04
113 8.3986383160e-01 1.8546007388e-04
114 8.3793922443e-01 2.3978517257e-04
115 8.3555830835e-01 1.8086864471e-04
116 8.3362269032e-01 1.9135842015e-04
117 8.3117277358e-01 2.4798808838e-04
118 8.2910139026e-01 1.5928917551e-04
119 8.2735661691e-01 1.8242317515e-04
120 8.2555950244e-01 2.1489149439e-04
121 8.2386694769e-01 1.4700294667e-04
122 8.2237134843e-01 1.6469879843e-04
123 8.2079254752e-01 2.1050133413e-04
124 8.1907466903e-01 1.4139988290e-04
125 8.1753375900e-01 1.6488129812e-04
126 8.1618242530e-01 1.7343210646e-04
127 8.1491876395e-01 1.2556391188e-04
128 8.1384182527e-01 1.3396496452e-04
129 8.1280584175e-01 1.5752870100e-04
130 8.1169816882e-01 1.1444049394e-04
131 8.1039566152e-01 1.4068073275e-04
132 8.0890482584e-01 1.7781380869e-04
133 8.0728601353e-01 1.3068916265e-04
134 8.0575591423e-01 1.5349872147e-04
135 8.0415319664e-01 1.7380770968e-04
136 8.0257503943e-01 1.1905261398e-04
137 8.0120898806e-01 1.3423246826e-04
138 7.9990622781e-01 1.6533824830e-04
139 7.9855739001e-01 1.1439177673e-04
140 7.9703808057e-01 1.3090160192e-04
141 7.9562191068e-01 1.6423136483e-04
142 7.9419961460e-01 1.1251253757e-04
143 7.9290151131e-01 1.2401145271e-04
144 7.9181859153e-01 1.4675816649e-04
145 7.9040160713e-01 1.0567842543e-04
146 7.8913891482e-01 1.2171280067e-04
147 7.8781216751e-01 1.4924227109e-04
148 7.8639305618e-01 1.1988613322e-04
149 7.8472696020e-01 1.2624666879e-04
150 7.8331543491e-01 1.5064644236e-04
151 7.8169698190e-01 1.1033239180e-04
152 7.8020691550e-01 1.2849802640e-04
153 7.7854658748e-01 1.5503858216e-04
154 7.7677784973e-01 1.1233316162e-04
155 7.7518746965e-01 1.2555384048e-04
156 7.7378856980e-01 1.4284301385e-04
157 7.7219825716e-01 1.1134418070e-04
158 7.7067456201e-01 1.1707746875e-04
159 7.6926701313e-01 1.4967847365e-04
160 7.6766744152e-01 9.8597849590e-05
161 7.6593969569e-01 1.2235375028e-04
162 7.6446015611e-01 1.4385244641e-04
163 7.6271081705e-01 1.0853687372e-04
164 7.6104681781e-01 1.2132490300e-04
165 7.5944011534e-01 1.4533425310e-04
166 7.5777875408e-01 1.0443494140e-04
167 7.5611454053e-01 1.2667340405e-04
168 7.5437644017e-01 1.4170418473e-04
169 7.5263925569e-01 1.0847708090e-04
170 7.5107186593e-01 1.2212559310e-04
171 7.4954018161e-01 1.3442362584e-04
172 7.4816890916e-01 9.3844492845e-05
173 7.4680338157e-01 1.1190416383e-04
174 7.4532149175e-01 1.3678772949e-04
175 7.4370099493e-01 1.1365805223e-04
176 7.4199626363e-01 1.1751446869e-04
177 7.4053007105e-01 1.3123598119e-04
178 7.3905974546e-01 1.0276587662e-04
179 7.3777130328e-01 1.0473703295e-04
180 7.3634998405e-01 1.3001914705e-04
181 7.3485840944e-01 1.0058844850e-04
182 7.3337260104e-01 1.1295637833e-04
183 7.3185570378e-01 1.2496837697e-04
184 7.3045304159e-01 9.7216219392e-05
185 7.2908805703e-01 1.0788994820e-04
186 7.2784493465e-01 1.1979421395e-04
187 7.2667671651e-01 9.2452256807e-05
188 7.2541544093e-01 1.0495623590e-04
189 7.2415317139e-01 1.1795326210e-04
190 7.2283989617e-01 9.3197831294e-05
191 7.2158629140e-01 9.8546978326e-05
192 7.2052616254e-01 1.1537132780e-04
193 7.1939726744e-01 8.6635095321e-05
194 7.1819808702e-01 9.2642787712e-05
195 7.1731613433e-01 9.5670083927e-05
196 7.1631286726e-01 8.0033298152e-05
197 7.1543935774e-01 8.4161948572e-05
198 7.1459643163e-01 9.0668368966e-05
199 7.1383884996e-01 7.5360258356e-05
200 7.1304493327e-01 7.8270576832e-05
201 7.1224526889e-01 8.4164560284e-05
202 7.1141727669e-01 7.2886290564e-05
203 7.1058735674e-01 8.1246870652e-05
204 7.0979924907e-01 8.4430108454e-05
205 7.0890474015e-01 7.0438674052e-05
206 7.0812047168e-01 6.8324607221e-05
207 7.0743289525e-01 8.4020000788e-05
208 7.0659899871e-01 7.4029900314e-05
209 7.0586266605e-01 6.9935262091e-05
210 7.0499666089e-01 9.3703684435e-05
211 7.0399054504e-01 7.1949283261e-05
212 7.0303974611e-01 7.6333384416e-05
213 7.0218716100e-01 7.7666640852e-05
214 7.0141880200e-01 6.8138024343e-05
215 7.0081295457e-01 6.2008080618e-05
216 7.0017015063e-01 7.7319950661e-05
217 6.9934453342e-01 6.6745402372e-05
218 6.9845826289e-01 7.1040361121e-05
219 6.9761385262e-01 8.4835147459e-05
220 6.9673711070e-01 6.6831693358e-05
221 6.9586319360e-01 7.1858492414e-05
222 6.9510602735e-01 7.7019325010e-05
223 6.9427338185e-01 6.4005693545e-05
224 6.9348999950e-01 6.7991457616e-05
225 6.9286589067e-01 7.2805212010e-05
226 6.9207276201e-01 6.2333718196e-05
227 6.9136412583e-01 6.1392955169e-05
228 6.9062302278e-01 7.2561794127e-05
229 6.8987471520e-01 6.2815274051e-05
230 6.8919483194e-01 5.9851843680e-05
231 6.8864350236e-01 6.5767945475e-05
232 6.8799667323e-01 5.5698850820e-05
233 6.8745971286e-01 5.8947330733e-05
234 6.8682730755e-01 6.7381070821e-05
235 6.8604767065e-01 5.8880466270e-05
236 6.8535947808e-01 6.4170467028e-05
237 6.8456458260e-01 7.3478584645e-05
238 6.8372251016e-01 6.2885100534e-05
239 6.8298718631e-01 5.7801367684e-05
240 6.8227837048e-01 6.9191112345e-05
241 6.8158129958e-01 5.3641938391e-05
242 6.8092145807e-01 6.0409088737e-05
243 6.8016703829e-01 6.6862503569e-05
244 6.7936595715e-01 6.2104862943e-05
245 6.7864494873e-01 6.0849871718e-05
246 6.7790823973e-01 6.9284833390e-05
247 6.7715517734e-01 5.5343725805e-05
248 6.7651751894e-01 6.1397002626e-05
249 6.7570783901e-01 7.1588695700e-05
250 6.7498465030e-01 6.0032744184e-05
251 6.7414981372e-01 6.2024174315e-05
252 6.7338106836e-01 6.7050297377e-05
253 6.7271669927e-01 5.5911605546e-05
254 6.7203164658e-01 5.6464538915e-05
255 6.7148093051e-01 5.9204062952e-05
256 6.7092454658e-01 5.1220046830e-05
257 6.7029265168e-01 5.2652017792e-05
258 6.6979865028e-01 5.7196901762e-05
259 6.6922358846e-01 4.6926546737e-05
260 6.6879374122e-01 5.0850298813e-05
261 6.6826968167e-01 5.4211638269e-05
262 6.6776824393e-01 4.6095861277e-05
263 6.6729080109e-01 5.3415138179e-05
264 6.6663974913e-01 5.4979126972e-05
265 6.6608589605e-01 5.2036890643e-05
266 6.6547908882e-01 5.0123927591e-05
267 6.6493771944e-01 5.8778570012e-05
268 6.6428041630e-01 5.1614846537e-05
269 6.6364284985e-01 5.4209629224e-05
270 6.6304007924e-01 5.8051209369e-05
271 6.6233196465e-01 5.4356671805e-05
272 6.6156440773e-01 5.5619961614e-05
273 6.6092724315e-01 5.8508764380e-05
274 6.6030079084e-01 5.3932342742e-05
275 6.5955836777e-01 5.5522756768e-05
276 6.5887657484e-01 6.3011619922e-05
277 6.5810837629e-01 5.9106772498e-05
278 6.5742615316e-01 5.2016951535e-05
279 6.5679634265e-01 7.0359253649e-05
280 6.5603305760e-01 5.1660468310e-05
281 6.5541032870e-01 5.8331317872e-05
282 6.5468155605e-01 6.4803379765e-05
283 6.5398839122e-01 4.9796039538e-05
284 6.5329408691e-01 6.0723742424e-05
285 6.5269059259e-01 5.7127540300e-05
286 6.5213185550e-01 4.8967035717e-05
287 6.5167669374e-01 4.9972565676e-05
288 6.5118917501e-01 5.0285025695e-05
289 6.5070032878e-01 4.9532352745e-05
290 6.5026321700e-01 4.4734207007e-05
291 6.4994076723e-01 4.4959822356e-05
292 6.4952998825e-01 4.2758181160e-05
293 6.4918670136e-01 4.3102884163e-05
294 6.4878451004e-01 5.2763442000e-05
295 6.4827593851e-01 4.7595696820e-05
296 6.4776539907e-01 4.9158027940e-05
297 6.4728238734e-01 5.3240692019e-05
298 6.4679527259e-01 4.6025558404e-05
299 6.4641857840e-01 4.5388660899e-05
300 6.4594533965e-01 5.0795881597e-05
301 6.4553489220e-01 4.4653874330e-05
302 6.4514122253e-01 4.6325920701e-05
303 6.4473690003e-01 4.8243361195e-05
304 6.4424865955e-01 4.5555162754e-05
305 6.4388836502e-01 4.5257486173e-05
306 6.4352771050e-01 4.4124099969e-05
307 6.4319070255e-01 4.1161381347e-05
308 6.4285733639e-01 3.9244072854e-05
309 6.4254106853e-01 4.2670419799e-05
310 6.4219696554e-01 3.9811585231e-05
311 6.4195082091e-01 4.0267028937e-05
312 6.4153743201e-01 5.1028113383e-05
313 6.4115462034e-01 4.2999994403e-05
314 6.4073830100e-01 4.4742331008e-05
315 6.4035952396e-01 5.0472677358e-05
316 6.3995837064e-01 3.8934166340e-05
317 6.3969531065e-01 4.3729635349e-05
318 6.3932353032e-01 4.2426891749e-05
319 6.3905512483e-01 4.1390577240e-05
320 6.3872191897e-01 4.0768956079e-05
321 6.3838623441e-01 4.5706850435e-05
322 6.3810399575e-01 4.0381312755e-05
323 6.3770088175e-01 4.5366689683e-05
324 6.3743090144e-01 4.6182928445e-05
325 6.3697668328e-01 4.4389621284e-05
326 6.3669663016e-01 4.2770130379e-05
327 6.3635015663e-01 4.8660755707e-05
328 6.3613024459e-01 3.5185245834e-05
329 6.3583281363e-01 3.8340423962e-05
330 6.3568107580e-01 3.6434583397e-05
331 6.3540304379e-01 3.1378897922e-05
332 6.3528959601e-01 3.3845499399e-05
333 6.3502541321e-01 3.4243377414e-05
334 6.3491140910e-01 3.3480508363e-05
335 6.3461181618e-01 3.0631424451e-05
336 6.3450159565e-01 3.6858715717e-05
337 6.3421003219e-01 3.3306059980e-05
338 6.3409289716e-01 3.2401615425e-05
339 6.3373983602e-01 3.6745054650e-05
340 6.3360999339e-01 3.7777203640e-05
341 6.3323095047e-01 3.2203871008e-05
342 6.3309642808e-01 3.8924922425e-05
343 6.3276670788e-01 3.7009859799e-05
344 6.3263300375e-01 3.8772262262e-05
345 6.3221760759e-01 3.6197811066e-05
346 6.3204866570e-01 4.5017084740e-05
347 6.3159011860e-01 4.0462622968e-05
348 6.3141709090e-01 4.3270652713e-05
349 6.3096161267e-01 4.3447415412e-05
350 6.3079246776e-01 4.2666361779e-05
351 6.3039108870e-01 3.6264880881e-05
352 6.3027234647e-01 4.0164666824e-05
353 6.2998365410e-01 3.6369351153e-05
354 6.2988846580e-01 3.7664720499e-05
355 6.2957693021e-01 3.7824939692e-05
356 6.2944936383e-01 3.9506937077e-05
357 6.2913214449e-01 3.4733153898e-05
358 6.2905739689e-01 3.7884322060e-05
359 6.2879410202e-01 3.6095622356e-05
360 6.2868175159e-01 3.7363764176e-05
361 6.2841017790e-01 3.6825810156e-05
362 6.2834047232e-01 3.8901019638e-05
363 6.2808141231e-01 3.5442537876e-05
364 6.2798186540e-01 3.5088620854e-05
365 6.2774320067e-01 3.6910155487e-05
366 6.2767630913e-01 3.8434808030e-05
367 6.2740810572e-01 3.4668265219e-05
368 6.2730562584e-01 3.8817923289e-05
369 6.2706648478e-01 3.7818635025e-05
370 6.2699956056e-01 3.4846153001e-05
371 6.2676704743e-01 3.9707520355e-05
372 6.2666358322e-01 3.9711873764e-05
373 6.2648123142e-01 4.2518070762e-05
374 6.2633621466e-01 3.7005879794e-05
375 6.2621655288e-01 4.6299454909e-05
376 6.2601501806e-01 3.7690853196e-05
377 6.2595486084e-01 3.8045151266e-05
378 6.2575999170e-01 3.7934206259e-05
379 6.2569417773e-01 3.3570147423e-05
380 6.2553079055e-01 3.3600030437e-05
381 6.2548440059e-01 3.3559788451e-05
382 6.2533915966e-01 3.4096595043e-05
383 6.2529215529e-01 2.8796580969e-05
384 6.2515234765e-01 3.1866603783e-05
385 6.2510366993e-01 2.9457570940e-05
386 6.2498672418e-01 2.9371373922e-05
387 6.2495196114e-01 3.0256741959e-05
388 6.2482896107e-01 3.2315652945e-05
389 6.2477733344e-01 2.8209604331e-05
390 6.2465753201e-01 2.8428780549e-05
391 6.2461827933e-01 3.0977143861e-05
392 6.2452510173e-01 2.8138507576e-05
393 6.2441888378e-01 3.0895134233e-05
394 6.2437065701e-01 3.2473990199e-05
395 6.2425767677e-01 3.2500961145e-05
396 6.2416368144e-01 3.3395339607e-05
397 6.2406934033e-01 3.6391471256e-05
398 6.2393867527e-01 3.5478190178e-05
399 6.2385489793e-01 3.3316414823e-05
400 6.2372635999e-01 3.6718517058e-05
401 6.2366210238e-01 3.7464087819e-05
402 6.2355711576e-01 3.2798161314e-05
403 6.2344443531e-01 3.6698291235e-05
404 6.2340539699e-01 3.5015843086e-05
405 6.2330665805e-01 3.1346040339e-05
406 6.2322131615e-01 3.4931982971e-05
407 6.2318035553e-01 3.4269209065e-05
408 6.2307059811e-01 3.5280330485e-05
409 6.2299945974e-01 3.5205824393e-05
410 6.2294200628e-01 3.3170781591e-05
411 6.2287800879e-01 3.0412936762e-05
412 6.2281366047e-01 3.5318764117e-05
413 6.2274552814e-01 3.2954978787e-05
414 6.2270387819e-01 3.3379862220e-05
415 6.2264707918e-01 3.2555224470e-05
416 6.2257007333e-01 3.6026286611e-05
417 6.2254490826e-01 2.8433125163e-05
418 6.2249090552e-01 3.1155682561e-05
419 6.2244929391e-01 3.1289325171e-05
420 6.2242521005e-01 2.6198229731e-05
421 6.2237049707e-01 3.0652164956e-05
422 6.2234030793e-01 2.8977688622e-05
423 6.2230405609e-01 2.7618844514e-05
424 6.2226103137e-01 3.1199042462e-05
425 6.2223259223e-01 2.8260813406e-05
426 6.2218766200e-01 2.8198312327e-05
427 6.2215387793e-01 2.8415706086e-05
428 6.2212371923e-01 2.8145779524e-05
429 6.2208749472e-01 2.7956120656e-05
430 6.2205360872e-01 2.9119365879e-05
431 6.2201397608e-01 2.9588500895e-05
432 6.2198107540e-01 2.7657393139e-05
433 6.2195016207e-01 2.7163551018e-05
434 6.2189974342e-01 2.8671388238e-05
435 6.2187674855e-01 2.4606533479e-05
436 6.2184190398e-01 2.5260903195e-05
437 6.2178905021e-01 3.0390716647e-05
438 6.2176228942e-01 2.5911047980e-05
439 6.2170842528e-01 2.8196594633e-05
440 6.2165541469e-01 2.9889312594e-05
441 6.2162868088e-01 2.2723298472e-05
442 6.2158235840e-01 2.9181711156e-05
443 6.2153064748e-01 2.9501764848e-05
444 6.2149682930e-01 2.5800452855e-05
445 6.2145110125e-01 2.4008032076e-05
446 6.2141413822e-01 2.5515841156e-05
447 6.2138312344e-01 2.1288683682e-05
448 6.2134431653e-01 2.3919807767e-05
449 6.2130450103e-01 2.3898162927e-05
450 6.2125944460e-01 2.4442574006e-05
451 6.2121960011e-01 2.4477991835e-05
452 6.2116914172e-01 2.6181398468e-05
453 6.2110996513e-01 2.3636871775e-05
454 6.2107199251e-01 2.6381184419e-05
455 6.2102237382e-01 2.5988982110e-05
456 6.2095612253e-01 2.3637173551e-05
457 6.2091886322e-01 2.4294479519e-05
458 6.2086570760e-01 2.4537688062e-05
459 6.2080424744e-01 2.4383348476e-05
460 6.2077292193e-01 2.0723782881e-05
461 6.2072524882e-01 2.3395214250e-05
462 6.2066457787e-01 2.1315877218e-05
463 6.2062729464e-01 2.3582883941e-05
464 6.2054957323e-01 2.7462191108e-05
465 6.2046463486e-01 2.7604066792e-05
466 6.2040286497e-01 2.6625340491e-05
467 6.2031686977e-01 2.7973518129e-05
468 6.2023972164e-01 2.6353493655e-05
469 6.2017929370e-01 2.5392869415e-05
470 6.2009386494e-01 3.1098224961e-05
471 6.2002246459e-01 2.5727203132e-05
472 6.1995040972e-01 2.4186378721e-05
473 6.1987957845e-01 2.3891546447e-05
474 6.1982556942e-01 2.3490542516e-05
475 6.1977937730e-01 2.0556676747e-05
476 6.1972779074e-01 2.6134481388e-05
477 6.1966858217e-01 2.1008069983e-05
478 6.1959789759e-01 2.4926472326e-05
479 6.1954768145e-01 2.3282041666e-05
480 6.1948068243e-01 2.3222935045e-05
481 6.1941139259e-01 2.3046835555e-05
482 6.1936611062e-01 2.3781580115e-05
483 6.1931036108e-01 2.1299978485e-05
484 6.1922819346e-01 2.4555670625e-05
485 6.1916702219e-01 2.3940501029e-05
486 6.1909214816e-01 2.3566745040e-05
487 6.1901950037e-01 2.1137495961e-05
488 6.1897151946e-01 2.1891789499e-05
489 6.1890049757e-01 2.1578146154e-05
490 6.1883764468e-01 2.0823459574e-05
491 6.1879489709e-01 2.0072394406e-05
492 6.1872752896e-01 2.1285007353e-05
493 6.1866514088e-01 2.1060832538e-05
494 6.1860219694e-01 2.2997535640e-05
495 6.1850477109e-01 2.3340027276e-05
496 6.1842432741e-01 2.2720399936e-05
497 6.1833603672e-01 2.3443874373e-05
498 6.1824114425e-01 2.3855432122e-05
499 6.1816676975e-01 2.1881879703e-05
500 6.1808524817e-01 2.2345674500e-05
501 6.1798721933e-01 2.4181090339e-05
502 6.1790191053e-01 2.3185814486e-05
503 6.1779552329e-01 2.5279885779e-05
504 6.1769383723e-01 2.4457493482e-05
505 6.1760791868e-01 2.4489490023e-05
506 6.1746212766e-01 2.8476782412e-05
507 6.1732129249e-01 3.0570472375e-05
508 6.1718284994e-01 2.6221113921e-05
509 6.1703288944e-01 2.9614003923e-05
510 6.1691010651e-01 2.8950948819e-05
511 6.1680561617e-01 2.3443123320e-05
512 6.1669404348e-01 2.4579533457e-05
513 6.1660370682e-01 2.3334889245e-05
514 6.1651087669e-01 2.3711165955e-05
515 6.1640847369e-01 2.6439287328e-05
516 6.1631340338e-01 2.4508550237e-05
517 6.1619031575e-01 2.3182483800e-05
518 6.1609483451e-01 2.5200702491e-05
519 6.1601112192e-01 2.2247127459e-05
520 6.1592984832e-01 2.0466425071e-05
521 6.1585423910e-01 2.2604793655e-05
522 6.1576698076e-01 2.3981091828e-05
523 6.1566400827e-01 2.1402683014e-05
524 6.1557504112e-01 2.2589483900e-05
525 6.1550138334e-01 1.9011448319e-05
526 6.1543486295e-01 1.6925345887e-05
527 6.1538925015e-01 1.6559158281e-05
528 6.1534241179e-01 1.6269815782e-05
529 6.1528581936e-01 1.5751704105e-05
530 6.1523517669e-01 1.5893720512e-05
531 6.1518742556e-01 1.5122477553e-05
532 6.1511470616e-01 1.7228849362e-05
533 6.1505568634e-01 1.8130609312e-05
534 6.1497884760e-01 1.6658307413e-05
535 6.1489549364e-01 1.7181127015e-05
536 6.1483919946e-01 1.7778722107e-05
537 6.1476340022e-01 1.7459876901e-05
538 6.1467727992e-01 1.6485639413e-05
539 6.1460557371e-01 1.9099134934e-05
540 6.1451360870e-01 1.9834232927e-05
541 6.1441050196e-01 1.7768842025e-05
542 6.1433560693e-01 1.9661467890e-05
543 6.1421768187e-01 1.9156920764e-05
544 6.1409892274e-01 1.9955209414e-05
545 6.1400933045e-01 1.9298321875e-05
546 6.1390901546e-01 1.9942578358e-05
547 6.1381330660e-01 1.8341696433e-05
548 6.1373039061e-01 1.8400328375e-05
549 6.1361234071e-01 1.8878729837e-05
550 6.1351058588e-01 1.9794605710e-05
551 6.1340289927e-01 2.0892637154e-05
552 6.1329360195e-01 1.9789988490e-05
553 6.1319210234e-01 1.8707499969e-05
554 6.1308559565e-01 1.9454590032e-05
555 6.1295817746e-01 1.9974323929e-05
556 6.1285562564e-01 1.7991403009e-05
557 6.1275746573e-01 2.0854762740e-05
558 6.1265632097e-01 1.9534400356e-05
559 6.1254552873e-01 1.9554707939e-05
560 6.1241656988e-01 1.9989487176e-05
561 6.1226988039e-01 2.4849343758e-05
562 6.1212093107e-01 2.0049728182e-05
563 6.1193194885e-01 2.2095503126e-05
564 6.1182997118e-01 1.8201421101e-05
565 6.1174331247e-01 1.8218425569e-05
566 6.1162693893e-01 1.8585544211e-05
567 6.1154932640e-01 1.8475689236e-05
568 6.1145166752e-01 1.8147150261e-05
569 6.1134734173e-01 1.9101775355e-05
570 6.1127181862e-01 1.6703311060e-05
571 6.1117919976e-01 1.4897049102e-05
572 6.1109158805e-01 1.6382241145e-05
573 6.1102598575e-01 1.6873178055e-05
574 6.1092778157e-01 1.5338242198e-05
575 6.1083545378e-01 1.8479638358e-05
576 6.1075324525e-01 1.7249108379e-05
577 6.1064810483e-01 1.6467627647e-05
578 6.1054757041e-01 1.9429156051e-05
579 6.1044904595e-01 1.8216103540e-05
580 6.1033438056e-01 1.8285360432e-05
581 6.1021008611e-01 2.0909772388e-05
582 6.1008689442e-01 1.9895475890e-05
583 6.0992564830e-01 1.7542196933e-05
584 6.0982129765e-01 1.8601515036e-05
585 6.0971875041e-01 2.0442169650e-05
586 6.0958644683e-01 2.1806696170e-05
587 6.0941344301e-01 2.2057065544e-05
588 6.0927634346e-01 1.7153931201e-05
589 6.0916724520e-01 1.5566175073e-05
590 6.0909859626e-01 1.5749066959e-05
591 6.0902859762e-01 1.6738873739e-05
592 6.0892889586e-01 1.5831145649e-05
593 6.0884201211e-01 1.8734346002e-05
594 6.0872242565e-01 1.9646344071e-05
595 6.0859603091e-01 1.7917941552e-05
596 6.0848077326e-01 1.9294659707e-05
597 6.0836093927e-01 1.6497974544e-05
598 6.0826715010e-01 1.8682754234e-05
599 6.0815100546e-01 2.1705349488e-05
600 6.0797579598e-01 2.0622954102e-05
601 6.0784019936e-01 2.0104278099e-05
602 6.0772378450e-01 1.8397724308e-05
603 6.0761460060e-01 1.9326296410e-05
604 6.0749036467e-01 1.8302742559e-05
605 6.0736019698e-01 2.0325090125e-05
606 6.0722978407e-01 2.0368762777e-05
607 6.0712530126e-01 1.8685881350e-05
608 6.0702332709e-01 1.5223508221e-05
609 6.0694901530e-01 1.2685111209e-05
610 6.0689980698e-01 1.3724272278e-05
611 6.0683707534e-01 1.5005243780e-05
612 6.0674126911e-01 1.8601472477e-05
613 6.0664556892e-01 1.3717634907e-05
614 6.0658582097e-01 1.3547822811e-05
615 6.0652953746e-01 1.3147892600e-05
616 6.0646943208e-01 1.6288025762e-05
617 6.0637767642e-01 1.6227033253e-05
618 6.0622866130e-01 1.9666333558e-05
619 6.0612936310e-01 1.6715111301e-05
620 6.0602512823e-01 1.7778375538e-05
621 6.0591847732e-01 2.0424707632e-05
622 6.0579495947e-01 1.6172809081e-05
623 6.0565946055e-01 1.7254109377e-05
624 6.0557836100e-01 1.6853144810e-05
625 6.0550756971e-01 1.6809806190e-05
626 6.0541554164e-01 1.9288728200e-05
627 6.0524359990e-01 1.9628711672e-05
628 6.0510334583e-01 1.6612665965e-05
629 6.0495287838e-01 1.9342755359e-05
630 6.0488764032e-01 1.5838996186e-05
631 6.0482828063e-01 1.7532749866e-05
632 6.0470339148e-01 1.9126890899e-05
633 6.0454000174e-01 1.7814051521e-05
634 6.0439825640e-01 1.3589083974e-05
635 6.0431438934e-01 1.4999285323e-05
636 6.0427470966e-01 1.4756877781e-05
637 6.0421424817e-01 1.7196719063e-05
638 6.0410541434e-01 1.7842705279e-05
639 6.0394662681e-01 1.5727019124e-05
640 6.0382234288e-01 1.3704753360e-05
641 6.0375222178e-01 1.2807934366e-05
642 6.0371417861e-01 1.7135799434e-05
643 6.0364549962e-01 1.5820431952e-05
644 6.0350405873e-01 2.0633785942e-05
645 6.0332866636e-01 1.5702976600e-05
646 6.0318798477e-01 1.3114668218e-05
647 6.0310492613e-01 1.4418204538e-05
648 6.0304257795e-01 1.4163860813e-05
649 6.0297575799e-01 1.5939813786e-05
650 6.0290603405e-01 1.4886220799e-05
651 6.0284898202e-01 1.2073262248e-05
652 6.0277950159e-01 1.1244329601e-05
653 6.0268411466e-01 1.2781229848e-05
654 6.0255712317e-01 1.3796528395e-05
655 6.0243602792e-01 1.2128836279e-05
656 6.0238409590e-01 1.2333519104e-05
657 6.0234984396e-01 1.2756434685e-05
658 6.0229457332e-01 1.5233760690e-05
659 6.0221258705e-01 1.4711642707e-05
660 6.0212150773e-01 1.1817368124e-05
661 6.0203827755e-01 1.0867275907e-05
662 6.0191133361e-01 1.2156925385e-05
663 6.0177432696e-01 1.1832728524e-05
664 6.0166184079e-01 1.0990268418e-05
665 6.0161756688e-01 1.0671546166e-05
666 6.0158264420e-01 1.0895579641e-05
667 6.0154814670e-01 1.1639567839e-05
668 6.0150298719e-01 1.1055448905e-05
669 6.0147446381e-01 9.0985549065e-06
670 6.0141082522e-01 1.1412880374e-05
671 6.0130294372e-01 1.2576579873e-05
672 6.0116714336e-01 1.2393420975e-05
673 6.0104287804e-01 1.3904832243e-05
674 6.0093790926e-01 1.5196645478e-05
675 6.0084434516e-01 1.6401145683e-05
676 6.0075236564e-01 1.3679559028e-05
677 6.0069348982e-01 1.1939140427e-05
678 6.0063342757e-01 1.2916383636e-05
679 6.0057313202e-01 1.2636527684e-05
680 6.0049812779e-01 1.2352535848e-05
681 6.0040452900e-01 1.1194620051e-05
682 6.0028155459e-01 1.2616268074e-05
683 6.0014965406e-01 1.6927858153e-05
684 6.0001884388e-01 1.2675333794e-05
685 5.9994726538e-01 1.7010731185e-05
686 5.9987522047e-01 1.4113933417e-05
687 5.9982528497e-01 1.4603048313e-05
688 5.9976883229e-01 1.2477609407e-05
689 5.9973747162e-01 1.1289343826e-05
690 5.9964992102e-01 1.2394504216e-05
691 5.9958271165e-01 1.2780971207e-05
692 5.9943101613e-01 1.2452839164e-05
693 5.9937132608e-01 1.2451325361e-05
694 5.9929491040e-01 1.2309958290e-05
695 5.9924900549e-01 1.2246294293e-05
696 5.9919848863e-01 1.1243564867e-05
697 5.9918646099e-01 1.0995458805e-05
698 5.9914634883e-01 1.2316193897e-05
699 5.9911943244e-01 1.0662623619e-05
700 5.9908339443e-01 9.4001336396e-06
701 5.9904245115e-01 1.1136602864e-05
702 5.9889282419e-01 1.3737976350e-05
703 5.9883451690e-01 1.2725302805e-05
704 5.9875461004e-01 1.2755635971e-05
705 5.9871613376e-01 1.3025123286e-05
706 5.9863326664e-01 1.3033426233e-05
707 5.9861914102e-01 1.2514230443e-05
708 5.9858959086e-01 1.0765438070e-05
709 5.9857071371e-01 1.1927909883e-05
710 5.9856110767e-01 8.0881670123e-06
711 5.9854663108e-01 9.4925743722e-06
712 5.9848214996e-01 8.8157419112e-06
713 5.9843643291e-01 1.1998476586e-05
714 5.9838652015e-01 8.3303379190e-06
715 5.9836729465e-01 9.6290986288e-06
716 5.9832765455e-01 8.3021639296e-06
717 5.9832195055e-01 8.2682864007e-06
718 5.9830739621e-01 7.2126644592e-06
719 5.9829493592e-01 8.1209566601e-06
720 5.9829091527e-01 6.7703292735e-06
721 5.9828505061e-01 9.4280641774e-06
722 5.9825516923e-01 7.5623895549e-06
723 5.9822273362e-01 1.1211752123e-05
724 5.9818056921e-01 7.1188912183e-06
725 5.9813906859e-01 1.1114890696e-05
726 5.9807214846e-01 7.4792640990e-06
727 5.9804561054e-01 9.3484731566e-06
728 5.9798869898e-01 8.6550608534e-06
729 5.9796679781e-01 9.1018693099e-06
730 5.9794471506e-01 7.6839993011e-06
731 5.9794232266e-01 8.0706599785e-06
732 5.9793336568e-01 9.1441443722e-06
733 5.9792266169e-01 7.2962781220e-06
734 5.9791125408e-01 1.0970129247e-05
735 5.9789024743e-01 7.6453111799e-06
736 5.9785511839e-01 1.0776024095e-05
737 5.9779827950e-01 7.5602140009e-06
738 5.9774597209e-01 1.2761330256e-05
739 5.9765752966e-01 8.5998941885e-06
740 5.9761950812e-01 1.1876389224e-05
741 5.9755686641e-01 9.4235571031e-06
742 5.9753878822e-01 1.0449755073e-05
743 5.9750868441e-01 8.3062752595e-06
744 5.9749884252e-01 9.2099803182e-06
745 5.9746297219e-01 8.5560612151e-06
746 5.9743909834e-01 8.5012449753e-06
747 5.9735672024e-01 7.4881380389e-06
748 5.9733050772e-01 7.4352291485e-06
749 5.9722513585e-01 8.1885243740e-06
750 5.9718473040e-01 8.6462070358e-06
751 5.9712281840e-01 7.9366393938e-06
752 5.9711023824e-01 8.0760272519e-06
753 5.9706114627e-01 8.0359113120e-06
754 5.9704186428e-01 8.0974893948e-06
755 5.9700148080e-01 7.7148193705e-06
756 5.9699748691e-01 7.5421019287e-06
757 5.9698880362e-01 6.8098425413e-06
758 5.9698802875e-01 7.4561027437e-06
759 5.9698887621e-01 7.4928113914e-06
760 5.9697962699e-01 8.1991365388e-06
761 5.9695441038e-01 8.0721016630e-06
762 5.9685375432e-01 8.4213239110e-06
763 5.9674825103e-01 1.1164716939e-05
764 5.9663436106e-01 1.1374660655e-05
765 5.9645826290e-01 1.0884399143e-05
766 5.9638612039e-01 1.0718797830e-05
767 5.9621963262e-01 1.1704559187e-05
768 5.9613016198e-01 1.0486040936e-05
769 5.9607377233e-01 8.9479880781e-06
770 5.9601724938e-01 7.5635913910e-06
771 5.9599117453e-01 7.6774603087e-06
772 5.9596443319e-01 6.4672849701e-06
773 5.9594688696e-01 6.3914756420e-06
774 5.9593124180e-01 6.8069432915e-06
775 5.9591571875e-01 6.2525578961e-06
776 5.9590332737e-01 6.9593311360e-06
777 5.9587623739e-01 7.3406499990e-06
778 5.9584525830e-01 7.0396040121e-06
779 5.9578842941e-01 1.0343969434e-05
780 5.9571088066e-01 7.5326737043e-06
781 5.9565389296e-01 1.0425992632e-05
782 5.9558470722e-01 7.2356021991e-06
783 5.9552540129e-01 7.9503575169e-06
784 5.9544894982e-01 1.0582646597e-05
785 5.9537330496e-01 6.6161192766e-06
786 5.9532980046e-01 8.0998416070e-06
787 5.9528597519e-01 7.4365367339e-06
788 5.9524897077e-01 5.8157511683e-06
789 5.9522964873e-01 6.2976599252e-06
790 5.9520560114e-01 5.6558833965e-06
791 5.9518912860e-01 5.6101477528e-06
792 5.9516861062e-01 5.3636918548e-06
793 5.9515277032e-01 4.7241408540e-06
794 5.9511834935e-01 6.5481291010e-06
795 5.9507195620e-01 5.2286777891e-06
796 5.9504111695e-01 5.6292243051e-06
797 5.9500107702e-01 6.7038057231e-06
798 5.9493634949e-01 5.3157081331e-06
799 5.9489551350e-01 6.9745203869e-06
800 5.9483942932e-01 6.4981523804e-06
801 5.9479619339e-01 6.2388579266e-06
802 5.9475709476e-01 7.1691766238e-06
803 5.9472013860e-01 6.0793918492e-06
804 5.9469778361e-01 5.2968733076e-06
805 5.9467768775e-01 5.3238685778e-06
806 5.9466456808e-01 4.7912913592e-06
807 5.9464733303e-01 5.4881633681e-06
808 5.9461306746e-01 5.4092196116e-06
809 5.9459174838e-01 5.2583337536e-06
810 5.9456678094e-01 5.3578021006e-06
811 5.9452769739e-01 5.5369033113e-06
812 5.9448691338e-01 5.8860920299e-06
813 5.9440237999e-01 6.6902209222e-06
814 5.9430709829e-01 7.3813849940e-06
815 5.9424272457e-01 6.7572826674e-06
816 5.9413777334e-01 6.1767621851e-06
817 5.9407872034e-01 7.5393299237e-06
818 5.9400559157e-01 6.1442049656e-06
819 5.9395104780e-01 5.5693133563e-06
820 5.9391654991e-01 5.6250118972e-06
821 5.9387976510e-01 4.4899950705e-06
822 5.9385518284e-01 4.3694833341e-06
823 5.9383202406e-01 4.7876283284e-06
824 5.9380767239e-01 4.5769289474e-06
825 5.9379118445e-01 4.6951125753e-06
826 5.9376171525e-01 5.4747433244e-06
827 5.9372543006e-01 6.1139530190e-06
828 5.9369716983e-01 6.2150769173e-06
829 5.9365859019e-01 6.1115385716e-06
830 5.9360770927e-01 7.7182700799e-06
831 5.9352701042e-01 8.9071801103e-06
832 5.9344271993e-01 7.9377262353e-06
833 5.9337178087e-01 9.1820954749e-06
834 5.9327160277e-01 7.8129074523e-06
835 5.9315728656e-01 7.0050932335e-06
836 5.9301277224e-01 9.5683369218e-06
837 5.9280008979e-01 8.0511915470e-06
838 5.9265389729e-01 6.8547702407e-06
839 5.9252031061e-01 6.1666743944e-06
840 5.9238748664e-01 5.2710998892e-06
841 5.9229626117e-01 5.4931423306e-06
842 5.9221098195e-01 4.8823047099e-06
843 5.9215978778e-01 4.8287892437e-06
844 5.9211621574e-01 4.9191862082e-06
845 5.9206609620e-01 4.7613554391e-06
846 5.9203720221e-01 4.7887274872e-06
847 5.9199889242e-01 4.9535443737e-06
848 5.9197568441e-01 4.7053457619e-06
849 5.9196455466e-01 4.8351510420e-06
850 5.9194720458e-01 4.7142648993e-06
851 5.9193259083e-01 5.0529886837e-06
852 5.9191633257e-01 6.0040561439e-06
853 5.9187735706e-01 5.7643716520e-06
854 5.9183439284e-01 5.7222944936e-06
855 5.9176394041e-01 8.0088131589e-06
856 5.9163270408e-01 8.2934283851e-06
857 5.9153213580e-01 9.2158676922e-06
858 5.9142154780e-01 8.8123236398e-06
859 5.9130955024e-01 7.5903221916e-06
860 5.9116719631e-01 9.2821975252e-06
861 5.9100999557e-01 5.1530550298e-06
862 5.9092114939e-01 5.1679471154e-06
863 5.9084472023e-01 4.9371830495e-06
864 5.9076174488e-01 4.5043188125e-06
865 5.9071696633e-01 4.2181224782e-06
866 5.9067585336e-01 4.1834718903e-06
867 5.9062467610e-01 3.8240515474e-06
868 5.9059520096e-01 3.8097706889e-06
869 5.9055230081e-01 3.7616695988e-06
870 5.9049390566e-01 3.8012341412e-06
871 5.9045712584e-01 4.1492484088e-06
872 5.9043140292e-01 3.5400048754e-06
873 5.9041952632e-01 3.7929299477e-06
874 5.9041681425e-01 3.7208444516e-06
875 5.9040793532e-01 3.6925326866e-06
876 5.9039795226e-01 3.7739515866e-06
877 5.9038422954e-01 3.8953063492e-06
878 5.9035462488e-01 4.0577610812e-06
879 5.9031743354e-01 5.3410937012e-06
880 5.9027238076e-01 5.8619473357e-06
881 5.9021184047e-01 4.9155834263e-06
882 5.9015676331e-01 6.0685450610e-06
883 5.9007910160e-01 6.4418073532e-06
884 5.9001139598e-01 4.7552091734e-06
885 5.8995914927e-01 5.5277482103e-06
886 5.8988607943e-01 5.7369849497e-06
887 5.8980929913e-01 5.7252708109e-06
888 5.8977001006e-01 5.4017990916e-06
889 5.8972968545e-01 5.1260493803e-06
890 5.8969017066e-01 4.8892042469e-06
891 5.8965283683e-01 4.6293211528e-06
892 5.8961171296e-01 4.5012769283e-06
893 5.8957215954e-01 4.6084482940e-06
894 5.8950906435e-01 4.4753133505e-06
895 5.8942213392e-01 4.4411134173e-06
896 5.8937093892e-01 5.4721531529e-06
897 5.8932921984e-01 5.5810028576e-06
898 5.8928863644e-01 4.7758114950e-06
899 5.8924911119e-01 5.7975943640e-06
900 5.8917323365e-01 5.2380136994e-06
901 5.8908249544e-01 5.5959898621e-06
902 5.8898447527e-01 7.5140067613e-06
903 5.8886460533e-01 6.6405390699e-06
904 5.8879744007e-01 6.3409817636e-06
905 5.8871258119e-01 7.6162313811e-06
906 5.8863395067e-01 5.4684155480e-06
907 5.8859679951e-01 5.1999404078e-06
908 5.8856294316e-01 5.2314059242e-06
909 5.8850029849e-01 5.0754285292e-06
910 5.8843827346e-01 5.0462552827e-06
911 5.8838981912e-01 5.0499817155e-06
912 5.8833937073e-01 4.8378366241e-06
913 5.8828264431e-01 5.4351997478e-06
914 5.8820747911e-01 5.2799591735e-06
915 5.8816728759e-01 4.5290701299e-06
916 5.8815968258e-01 4.7042235285e-06
917 5.8816124276e-01 3.9976643716e-06
918 5.8814536392e-01 4.1029780587e-06
919 5.8811357744e-01 4.2378465175e-06
920 5.8806026801e-01 4.0411991430e-06
921 5.8798957584e-01 4.4347872244e-06
922 5.8783202111e-01 6.2929807888e-06
923 5.8767786254e-01 5.0397300059e-06
924 5.8761751690e-01 4.6961593017e-06
925 5.8754357166e-01 4.9975574171e-06
926 5.8746394733e-01 6.7463154215e-06
927 5.8739105861e-01 7.2533168327e-06
928 5.8734373728e-01 5.2322587049e-06
929 5.8732476527e-01 4.0469167856e-06
930 5.8731015448e-01 3.9452817260e-06
931 5.8728420150e-01 4.8291522790e-06
932 5.8723207438e-01 7.6157587804e-06
933 5.8713783427e-01 8.0493357480e-06
934 5.8713004945e-01 4.6741697011e-06
935 5.8715216819e-01 4.1143180818e-06
936 5.8715532046e-01 4.0099202211e-06
937 5.8713574267e-01 4.5729272254e-06
938 5.8711587723e-01 5.5412967065e-06
939 5.8719437779e-01 5.8070380436e-06
940 5.8732826712e-01 4.7904814571e-06
941 5.8735933400e-01 4.1153653500e-06
942 5.8732728530e-01 4.8153962135e-06
943 5.8720031182e-01 8.7652097348e-06
944 5.8692230758e-01 1.4045489105e-05
945 5.8660269297e-01 1.1759471123e-05
946 5.8646491520e-01 6.9911827262e-06
947 5.8640055705e-01 4.9859827238e-06
948 5.8630442225e-01 5.5874564724e-06
949 5.8618460475e-01 9.3880969971e-06
950 5.8602398522e-01 1.2723605340e-05
951 5.8590200214e-01 7.6303646928e-06
952 5.8586433823e-01 5.0427672635e-06
953 5.8584323473e-01 4.8489461021e-06
954 5.8580567599e-01 4.7191185019e-06
955 5.8574003817e-01 5.2769302584e-06
956 5.8565313080e-01 7.2293521078e-06
957 5.8564542697e-01 5.0010899368e-06
958 5.8570818100e-01 4.6296891297e-06
959 5.8578003578e-01 4.2583237902e-06
960 5.8581733430e-01 3.9865767715e-06
961 5.8580728068e-01 4.5943043919e-06
962 5.8575589389e-01 5.5053756806e-06
963 5.8562950439e-01 5.0090311601e-06
964 5.8558645162e-01 3.8701034795e-06
965 5.8559739709e-01 3.2478858861e-06
966 5.8558002462e-01 3.2636416691e-06
967 5.8552424983e-01 6.3148552250e-06
968 5.8539129575e-01 9.2503945156e-06
969 5.8518193623e-01 6.3960398084e-06
970 5.8509155610e-01 4.6604147089e-06
971 5.8507338656e-01 2.9326418908e-06
972 5.8506468907e-01 2.9389194161e-06
973 5.8504991733e-01 4.0630318125e-06
974 5.8502310759e-01 4.3144807418e-06
975 5.8498683312e-01 3.9902632846e-06
976 5.8499356782e-01 2.9910863916e-06
977 5.8500919479e-01 2.7042870938e-06
978 5.8501201587e-01 2.7083078134e-06
979 5.8500319200e-01 3.7093746766e-06
980 5.8496256117e-01 4.6792734458e-06
981 5.8495466077e-01 3.6624785295e-06
982 5.8518751910e-01 3.0091911370e-06
983 5.8532653582e-01 2.4178575302e-06
984 5.8535476042e-01 2.2520439910e-06
985 5.8534047726e-01 2.5758339924e-06
986 5.8525485953e-01 3.2909583089e-06
987 5.8486431848e-01 3.3625429986e-06
988 5.8470594474e-01 2.5178410765e-06
989 5.8468883095e-01 2.7197956409e-06
990 5.8467808877e-01 2.4167303264e-06
991 5.8466481549e-01 3.1875519925e-06
992 5.8463024266e-01 3.4138020931e-06
993 5.8443480305e-01 3.5410461421e-06
994 5.8438161154e-01 3.3569041142e-06
995 5.8444652603e-01 3.6151179600e-06
996 5.8446287820e-01 3.1535974210e-06
997 5.8446539000e-01 3.1200448871e-06
998 5.8445954871e-01 3.6731672045e-06
999 5.8446141636e-01 2.8196563331e-06
1000 5.8461689907e-01 2.3007641082e-06
1001 5.8467384389e-01 2.1870026452e-06
1002 5.8467978202e-01 2.5104606403e-06
1003 5.8465936746e-01 3.4744930209e-06
1004 5.8457158498e-01 4.0153704185e-06
1005 5.8411648619e-01 4.6074140935e-06
1006 5.8404674598e-01 3.7735981279e-06
1007 5.8405412146e-01 3.6937191360e-06
1008 5.8404780451e-01 2.9568605398e-06
1009 5.8402744034e-01 3.0160112358e-06
1010 5.8396360425e-01 4.0156109648e-06
1011 5.8375619204e-01 7.1993021509e-06
1012 5.8355410040e-01 9.4489668128e-06
1013 5.8343811039e-01 7.8828015218e-06
1014 5.8338204726e-01 6.8151593907e-06
1015 5.8342788173e-01 4.0604909590e-06
1016 5.8347673126e-01 4.2113814622e-06
1017 5.8348847979e-01 3.1946533100e-06
1018 5.8348863664e-01 3.0913444934e-06
1019 5.8347336168e-01 3.6368107599e-06
1020 5.8343972247e-01 7.2949257124e-06
1021 5.8340526411e-01 1.0623683060e-05
1022 5.8342938779e-01 8.8844578000e-06
1023 5.8362158279e-01 1.0507895080e-05
1024 5.8403046138e-01 9.3979415297e-06
1025 5.8421307035e-01 6.5890744398e-06
1026 5.8427185139e-01 4.8017703703e-06
1027 5.8430148525e-01 4.3045743524e-06
1028 5.8427995726e-01 6.0038588741e-06
1029 5.8420916515e-01 8.8222531119e-06
1030 5.8407032945e-01 8.1135724175e-06
1031 5.8361581483e-01 1.1427334728e-05
1032 5.8310837846e-01 1.6981104749e-05
1033 5.8262535086e-01 1.6768616787e-05
1034 5.8244219648e-01 1.2339476921e-05
1035 5.8218627611e-01 9.2073535488e-06
1036 5.8215062987e-01 6.7795300969e-06
1037 5.8211748725e-01 5.4527559459e-06
1038 5.8208862232e-01 3.7848256524e-06
1039 5.8198333571e-01 5.4671989979e-06
1040 5.8190976571e-01 6.9874742534e-06
1041 5.8170081790e-01 7.1576994152e-06
1042 5.8152570734e-01 8.3076311556e-06
1043 5.8119813461e-01 1.2424035719e-05
1044 5.8119307213e-01 8.3736300331e-06
1045 5.8123259041e-01 5.9951318441e-06
1046 5.8126990111e-01 4.7156218505e-06
1047 5.8130248341e-01 5.2891119564e-06
1048 5.8130752332e-01 3.6232831443e-06
1049 5.8128493019e-01 4.5275500705e-06
1050 5.8124937374e-01 6.4507438807e-06
1051 5.8115004859e-01 7.5255825411e-06
1052 5.8107073196e-01 8.8714237672e-06
1053 5.8076851508e-01 1.5102205888e-05
1054 5.8071770016e-01 1.3362531745e-05
1055 5.8083393905e-01 9.5850879131e-06
1056 5.8087389744e-01 8.9105330307e-06
1057 5.8097227795e-01 9.6388741161e-06
1058 5.8099775569e-01 5.0247666382e-06
1059 5.8099439674e-01 3.8487017270e-06
1060 5.8097255751e-01 5.0509647221e-06
1061 5.8089371300e-01 5.4860456625e-06
1062 5.8084660649e-01 5.0462226858e-06
1063 5.8058691962e-01 1.0354218179e-05
1064 5.8033963691e-01 9.8031150376e-06
1065 5.7998426989e-01 1.2685810384e-05
1066 5.7977344093e-01 1.1445088813e-05
1067 5.7955786404e-01 1.8352280254e-05
1068 5.7962839630e-01 9.8602836244e-06
1069 5.7983122556e-01 9.9531200202e-06
1070 5.7994712813e-01 8.2547144910e-06
1071 5.8004364421e-01 6.8741079279e-06
1072 5.8009131100e-01 5.2652565204e-06
1073 5.8010159215e-01 6.1530946603e-06
1074 5.8010401739e-01 6.0924242798e-06
1075 5.8009202393e-01 5.5344777173e-06
1076 5.7996909035e-01 7.2623735395e-06
1077 5.7985686058e-01 9.2746898902e-06
1078 5.7966593676e-01 1.0539675768e-05
1079 5.7954910542e-01 1.0389065274e-05
1080 5.7943418342e-01 1.5063281326e-05
1081 5.7949753939e-01 8.7121565551e-06
1082 5.7956846956e-01 7.1504693165e-06
1083 5.7957925656e-01 5.8977262298e-06
1084 5.7957907237e-01 6.5444400766e-06
1085 5.7957049966e-01 4.1025073185e-06
1086 5.7947033845e-01 4.7869087738e-06
1087 5.7943806052e-01 4.6935479999e-06
1088 5.7924735284e-01 4.9503192696e-06
1089 5.7908447519e-01 7.3092354382e-06
1090 5.7874134852e-01 8.3097620414e-06
1091 5.7856537154e-01 8.9243938089e-06
1092 5.7805823870e-01 1.2211988313e-05
1093 5.7798789464e-01 8.2816567453e-06
1094 5.7798712307e-01 6.4155068076e-06
1095 5.7800135792e-01 4.6363694731e-06
1096 5.7802827448e-01 4.2302069941e-06
1097 5.7803679664e-01 3.1310979362e-06
1098 5.7804568932e-01 3.3919213344e-06
1099 5.7804257763e-01 2.7961256346e-06
1100 5.7803872808e-01 2.8660822032e-06
1101 5.7803012768e-01 3.6270538054e-06
1102 5.7800446922e-01 4.2711975720e-06
1103 5.7796306938e-01 5.9968617206e-06
1104 5.7793034841e-01 6.7978842989e-06
1105 5.7780799417e-01 9.5397385619e-06
1106 5.7778208932e-01 1.1834147287e-05
1107 5.7784702004e-01 9.0798910605e-06
1108 5.7802327756e-01 8.9192049755e-06
1109 5.7808499272e-01 7.2149387958e-06
1110 5.7815607678e-01 4.1800602821e-06
1111 5.7817107842e-01 3.9712674958e-06
1112 5.7816350495e-01 3.9191494087e-06
1113 5.7814905651e-01 3.1278041629e-06
1114 5.7812241399e-01 2.8988454061e-06
1115 5.7801147564e-01 4.0469503703e-06
1116 5.7794966629e-01 4.6662690484e-06
1117 5.7782576923e-01 4.0308277908e-06
1118 5.7770780256e-01 4.8439903696e-06
1119 5.7753260709e-01 5.8724038919e-06
1120 5.7737898999e-01 6.0783664347e-06
1121 5.7725809744e-01 6.1614370094e-06
1122 5.7707406878e-01 7.5127123882e-06
1123 5.7702001741e-01 6.5070525374e-06
1124 5.7700164581e-01 4.8493964449e-06
1125 5.7700960830e-01 5.2806032565e-06
1126 5.7702147584e-01 3.2601277940e-06
1127 5.7703058046e-01 2.3137569653e-06
1128 5.7703204206e-01 2.6424976200e-06
1129 5.7703540009e-01 2.3733450074e-06
1130 5.7703632766e-01 1.9400834186e-06
1131 5.7703083705e-01 3.4201233286e-06
1132 5.7702346894e-01 3.0247816921e-06
1133 5.7701703537e-01 3.4799862629e-06
1134 5.7699225743e-01 4.3066315529e-06
1135 5.7695281525e-01 6.2187219206e-06
1136 5.7692620226e-01 5.9043342217e-06
1137 5.7683552000e-01 8.0779140998e-06
1138 5.7674241615e-01 9.8431661240e-06
1139 5.7665270411e-01 1.1453816016e-05
1140 5.7659597405e-01 1.0178719625e-05
1141 5.7658526771e-01 1.2551778204e-05
1142 5.7663108810e-01 8.6841047787e-06
1143 5.7666817716e-01 7.2654689901e-06
1144 5.7668315139e-01 7.4098758597e-06
1145 5.7671167455e-01 5.5729486450e-06
1146 5.7671909241e-01 4.0761094897e-06
1147 5.7671505470e-01 3.8528622655e-06
1148 5.7670846309e-01 3.4210924616e-06
1149 5.7669836515e-01 3.1388273102e-06
1150 5.7667174183e-01 2.9634521607e-06
1151 5.7664844621e-01 3.4952248039e-06
1152 5.7660642235e-01 3.4641920804e-06
1153 5.7655483349e-01 3.6951259728e-06
1154 5.7650339732e-01 4.6474866949e-06
1155 5.7635692444e-01 6.0555167444e-06
1156 5.7623118737e-01 5.8569449877e-06
1157 5.7607316525e-01 7.4135344389e-06
1158 5.7581630310e-01 1.0180631788e-05
1159 5.7569226397e-01 1.0365446469e-05
1160 5.7564241583e-01 9.5354044282e-06
1161 5.7586179991e-01 1.5325512425e-05
1162 5.7627456406e-01 1.1713663106e-05
1163 5.7693505712e-01 9.6391517668e-06
1164 5.7751335896e-01 1.1407490113e-05
1165 5.7827429350e-01 8.6950220187e-06
1166 5.7872252815e-01 6.4311341488e-06
1167 5.7901897637e-01 8.0069560344e-06
1168 5.7947359757e-01 5.9556181694e-06
1169 5.7963311643e-01 4.0557312643e-06
1170 5.7969783982e-01 3.9832778839e-06
1171 5.7973497117e-01 5.7244113245e-06
1172 5.7972811075e-01 4.5679210795e-06
1173 5.7964420008e-01 5.8792924868e-06
1174 5.7943119976e-01 7.5387148266e-06
1175 5.7922038172e-01 7.6058070288e-06
1176 5.7883095810e-01 9.7998744780e-06
1177 5.7816168846e-01 1.1772488863e-05
1178 5.7718407273e-01 1.4207892741e-05
1179 5.7597156806e-01 1.5888385023e-05
1180 5.7521475138e-01 1.3719507097e-05
1181 5.7446790707e-01 1.7222269718e-05
1182 5.7405851535e-01 1.3990465214e-05
1183 5.7387625122e-01 1.0710351709e-05
1184 5.7378013915e-01 1.1768207453e-05
1185 5.7376772715e-01 7.3051658643e-06
1186 5.7376460645e-01 5.9036458229e-06
1187 5.7375948295e-01 6.7574804559e-06
1188 5.7376011999e-01 4.5297730987e-06
1189 5.7375745479e-01 3.5569843968e-06
1190 5.7374718175e-01 4.0934774364e-06
1191 5.7374163682e-01 3.3605293010e-06
1192 5.7373170632e-01 3.2134514275e-06
1193 5.7371398946e-01 3.5393055958e-06
1194 5.7369547660e-01 3.8378734409e-06
1195 5.7365614987e-01 4.9415359654e-06
1196 5.7360676009e-01 4.8977475877e-06
1197 5.7354468750e-01 7.5845810817e-06
1198 5.7347870915e-01 6.6448986552e-06
1199 5.7342315933e-01 7.1142705295e-06
1200 5.7335290189e-01 1.1444276957e-05
1201 5.7336083985e-01 1.1906908261e-05
1202 5.7344068049e-01 1.0185624598e-05
1203 5.7374698571e-01 1.6875088996e-05
1204 5.7423552279e-01 1.2767450851e-05
1205 5.7470357723e-01 1.0210184898e-05
1206 5.7539543007e-01 1.5944194591e-05
1207 5.7600003302e-01 8.8210175352e-06
1208 5.7634995932e-01 7.5759303956e-06
1209 5.7667378104e-01 8.0984469441e-06
1210 5.7682327449e-01 5.6750246987e-06
1211 5.7694054266e-01 4.9118164910e-06
1212 5.7698019965e-01 6.5743931997e-06
1213 5.7697297742e-01 5.2709969025e-06
1214 5.7690261121e-01 5.6693096381e-06
1215 5.7678820049e-01 6.7336991442e-06
1216 5.7660219912e-01 6.5443783508e-06
1217 5.7627450356e-01 6.6818900857e-06
1218 5.7600430347e-01 8.0455002849e-06
1219 5.7553552549e-01 8.5175223682e-06
1220 5.7489903474e-01 9.4334833030e-06
1221 5.7449934158e-01 9.4497001459e-06
1222 5.7382632727e-01 1.0830790538e-05
1223 5.7326958258e-01 1.0999112443e-05
1224 5.7283760489e-01 9.8409516130e-06
1225 5.7243822554e-01 1.0976231226e-05
1226 5.7224338436e-01 8.8973979728e-06
1227 5.7213967016e-01 7.1416218522e-06
1228 5.7206478489e-01 7.2186336558e-06
1229 5.7204491493e-01 5.0802994262e-06
1230 5.7203500743e-01 4.3104727979e-06
1231 5.7203034493e-01 4.2691599852e-06
1232 5.7202819839e-01 3.2153058861e-06
1233 5.7202665501e-01 2.7206754484e-06
1234 5.7202579489e-01 2.4109177953e-06
1235 5.7202443414e-01 2.1202292200e-06
1236 5.7202165858e-01 2.3811269688e-06
1237 5.7201886498e-01 1.9804403620e-06
1238 5.7201553322e-01 1.9660575488e-06
1239 5.7201076180e-01 2.0344094288e-06
1240 5.7200640589e-01 1.9463686489e-06
1241 5.7199939489e-01 2.3020253363e-06
1242 5.7198512937e-01 3.0646572698e-06
1243 5.7197082497e-01 3.0504378088e-06
1244 5.7194532538e-01 3.8528315540e-06
1245 5.7190512036e-01 5.6618516346e-06
1246 5.7186089005e-01 5.0451360089e-06
1247 5.7181161254e-01 6.5221962850e-06
1248 5.7174493137e-01 8.9689557186e-06
1249 5.7170291109e-01 7.4234923149e-06
1250 5.7169036620e-01 9.0373972596e-06
1251 5.7173029181e-01 1.1050036548e-05
1252 5.7181644016e-01 7.9562840300e-06
1253 5.7193143382e-01 1.0123921696e-05
1254 5.7214547897e-01 9.7325106484e-06
1255 5.7234530231e-01 7.3483185649e-06
1256 5.7256486441e-01 8.5087754433e-06
1257 5.7272611456e-01 6.7831642092e-06
1258 5.7282542420e-01 4.5653802757e-06
1259 5.7288458449e-01 5.2049475195e-06
1260 5.7294011169e-01 3.8610384392e-06
1261 5.7295917113e-01 3.6707562557e-06
1262 5.7296692892e-01 2.8679275647e-06
1263 5.7295891393e-01 2.7676539410e-06
1264 5.7293608393e-01 2.5678670148e-06
1265 5.7290251113e-01 2.1853978300e-06
1266 5.7285376709e-01 2.4058665422e-06
1267 5.7279429760e-01 2.5411507510e-06
1268 5.7273340230e-01 2.4973163551e-06
1269 5.7264654827e-01 2.7304703706e-06
1270 5.7250551551e-01 3.2119831831e-06
1271 5.7237468425e-01 2.8956793221e-06
1272 5.7220359815e-01 4.0087394420e-06
1273 5.7189207854e-01 5.3723432577e-06
1274 5.7158552981e-01 4.6055663437e-06
1275 5.7123562691e-01 6.3090681160e-06
1276 5.7087218087e-01 7.2798126718e-06
1277 5.7068229712e-01 5.3535881277e-06
1278 5.7060026672e-01 5.3648383509e-06
1279 5.7059410453e-01 4.8328855543e-06
1280 5.7061864891e-01 3.5266660717e-06
1281 5.7065207052e-01 3.4432525223e-06
1282 5.7069103757e-01 3.3830895330e-06
1283 5.7072421560e-01 2.6116765949e-06
1284 5.7075995563e-01 2.6249991263e-06
1285 5.7078704957e-01 2.3992501068e-06
1286 5.7080473185e-01 1.6116508540e-06
1287 5.7081674486e-01 1.8344881070e-06
1288 5.7082190244e-01 1.7272121405e-06
1289 5.7082708097e-01 1.6490101359e-06
1290 5.7083094023e-01 1.9919825826e-06
1291 5.7082882289e-01 2.2882463184e-06
1292 5.7082430517e-01 2.2594495370e-06
1293 5.7081883306e-01 2.2954212706e-06
1294 5.7080494316e-01 2.8390693444e-06
1295 5.7078624812e-01 2.7122504824e-06
1296 5.7076786273e-01 3.6663857022e-06
1297 5.7072798551e-01 3.7762081887e-06
1298 5.7066612099e-01 4.8378343683e-06
1299 5.7061978798e-01 4.9014124012e-06
1300 5.7053024926e-01 5.9841583086e-06
1301 5.7040278930e-01 8.1389032007e-06
1302 5.7032324861e-01 6.8614501007e-06
1303 5.7024850967e-01 7.9384218502e-06
1304 5.7019882653e-01 8.0934694184e-06
1305 5.7019675857e-01 8.3514667365e-06
1306 5.7023109638e-01 8.3312654933e-06
1307 5.7029718354e-01 7.6258151063e-06
1308 5.7036502538e-01 6.7131068493e-06
1309 5.7044170489e-01 6.4694429541e-06
1310 5.7052419861e-01 6.1393662534e-06
1311 5.7059470701e-01 4.9521122562e-06
1312 5.7064983953e-01 5.0563088758e-06
1313 5.7068591685e-01 4.8673383491e-06
1314 5.7072315924e-01 4.5745558117e-06
1315 5.7075330760e-01 3.9118144988e-06
1316 5.7076530819e-01 3.4641771814e-06
1317 5.7077144265e-01 3.0511640776e-06
1318 5.7076841624e-01 2.6357661189e-06
1319 5.7075831176e-01 2.5256068644e-06
1320 5.7074014468e-01 2.2274754767e-06
1321 5.7071111753e-01 1.9556064292e-06
1322 5.7068226268e-01 2.3063922668e-06
1323 5.7063821287e-01 2.4449806001e-06
1324 5.7058287742e-01 2.2644453566e-06
1325 5.7053095947e-01 2.1062545105e-06
1326 5.7044126850e-01 2.9926388058e-06
1327 5.7033823315e-01 2.8473346958e-06
1328 5.7020943819e-01 3.1958070312e-06
1329 5.7001858312e-01 3.9700297960e-06
1330 5.6979546815e-01 4.4575532326e-06
1331 5.6954273153e-01 4.2866161080e-06
1332 5.6930884890e-01 5.4688255929e-06
1333 5.6908129636e-01 5.0383056506e-06
1334 5.6886960877e-01 5.7859216753e-06
1335 5.6870679441e-01 6.6469763731e-06
1336 5.6861488044e-01 6.4160278906e-06
1337 5.6865913882e-01 5.6985291960e-06
1338 5.6875767698e-01 5.9054393610e-06
1339 5.6890801742e-01 5.4501490160e-06
1340 5.6918624359e-01 4.8273206103e-06
1341 5.6941172152e-01 5.0417958935e-06
1342 5.6973564480e-01 4.9187547375e-06
1343 5.6998583370e-01 5.0274200816e-06
1344 5.7019996414e-01 4.0676136431e-06
1345 5.7043485920e-01 3.8483528945e-06
1346 5.7060635400e-01 3.7326597487e-06
1347 5.7075970648e-01 3.2459041489e-06
1348 5.7092900658e-01 3.7690742444e-06
1349 5.7105000041e-01 3.0758599800e-06
1350 5.7116046988e-01 3.2386357175e-06
1351 5.7127127328e-01 3.0757362820e-06
1352 5.7133944990e-01 3.2094013495e-06
1353 5.7139224740e-01 2.6949903809e-06
1354 5.7143267796e-01 3.3533383261e-06
1355 5.7146281437e-01 3.6391234368e-06
1356 5.7150157838e-01 3.9351082685e-06
1357 5.7151218911e-01 4.8498954633e-06
1358 5.7150683508e-01 4.7089906072e-06
1359 5.7148396908e-01 5.2929216181e-06
1360 5.7144003229e-01 6.6624152431e-06
1361 5.7135012120e-01 6.8048516567e-06
1362 5.7119752088e-01 8.1035282454e-06
1363 5.7106611956e-01 8.5872099879e-06
1364 5.7089670056e-01 8.6727319767e-06
1365 5.7065904711e-01 9.8432617475e-06
1366 5.7045781728e-01 1.0014778437e-05
1367 5.7015553855e-01 1.1853246369e-05
1368 5.6968195210e-01 1.2623664934e-05
1369 5.6931419296e-01 1.3250948146e-05
1370 5.6886886446e-01 1.6115089120e-05
1371 5.6832430932e-01 1.6155672387e-05
1372 5.6798731353e-01 1.6345185262e-05
1373 5.6762143080e-01 1.8720521251e-05
1374 5.6744613013e-01 1.5621004660e-05
1375 5.6743151503e-01 1.4785913767e-05
1376 5.6748555330e-01 1.3159868156e-05
1377 5.6759535026e-01 1.4655540140e-05
1378 5.6775313509e-01 1.0217425453e-05
1379 5.6788613630e-01 1.0812079461e-05
1380 5.6804497428e-01 8.5645850162e-06
1381 5.6810557483e-01 6.5428725755e-06
1382 5.6821838276e-01 6.8167716206e-06
1383 5.6824991285e-01 4.4195862581e-06
1384 5.6828399046e-01 4.7160840242e-06
1385 5.6830124021e-01 3.0609004626e-06
1386 5.6831171501e-01 3.0803434463e-06
1387 5.6832166421e-01 2.6990724615e-06
1388 5.6832856178e-01 3.2308589959e-06
1389 5.6833122774e-01 2.2747816156e-06
1390 5.6833243056e-01 2.8089526420e-06
1391 5.6833206331e-01 2.2515045411e-06
1392 5.6832861761e-01 2.6979774932e-06
1393 5.6832558150e-01 2.2969699845e-06
1394 5.6831717063e-01 3.3066629648e-06
1395 5.6830658618e-01 2.7154693535e-06
1396 5.6828429212e-01 4.2543124656e-06
1397 5.6826868589e-01 2.9853331826e-06
1398 5.6823236493e-01 4.5703051264e-06
1399 5.6820859724e-01 4.4849638846e-06
1400 5.6813896473e-01 6.0641872095e-06
1401 5.6810007353e-01 5.6659018005e-06
1402 5.6798874061e-01 9.1315765208e-06
1403 5.6791422212e-01 6.6374913102e-06
1404 5.6778043124e-01 1.1714799870e-05
1405 5.6768145796e-01 9.1044752900e-06
1406 5.6757976071e-01 1.1368557976e-05
1407 5.6750368242e-01 1.0251721917e-05
1408 5.6746826384e-01 1.4045171062e-05
1409 5.6749395546e-01 1.0783422269e-05
1410 5.6765002309e-01 1.7794877150e-05
1411 5.6780032066e-01 1.1668983309e-05
1412 5.6812778663e-01 1.5250751720e-05
1413 5.6839091560e-01 1.0591210483e-05
1414 5.6864645175e-01 1.2022809928e-05
1415 5.6891580347e-01 1.0882701532e-05
1416 5.6919867662e-01 1.0722349206e-05
1417 5.6945964366e-01 8.7762015324e-06
1418 5.6961764992e-01 7.4107587587e-06
1419 5.6979485250e-01 7.9428626783e-06
1420 5.6987478875e-01 5.1244397942e-06
1421 5.6996986387e-01 6.6951542051e-06
1422 5.7000619423e-01 3.6764012117e-06
1423 5.7003730977e-01 4.7286600705e-06
1424 5.7004405270e-01 3.3721157121e-06
1425 5.7003599002e-01 3.2919372230e-06
1426 5.7002517144e-01 2.5679577628e-06
1427 5.6999586760e-01 3.3763435774e-06
1428 5.6996722331e-01 2.0081627998e-06
1429 5.6992780896e-01 3.1108520458e-06
1430 5.6987138131e-01 1.9065566162e-06
1431 5.6981865925e-01 2.4197401401e-06
1432 5.6975474476e-01 1.7514897234e-06
1433 5.6967700264e-01 2.3747079515e-06
1434 5.6961299252e-01 1.6411427895e-06
1435 5.6951390860e-01 2.2355442022e-06
1436 5.6944109461e-01 1.6692620863e-06
1437 5.6931713013e-01 2.6159988159e-06
1438 5.6922015508e-01 1.7150719138e-06
1439 5.6906193275e-01 2.4032144436e-06
1440 5.6886890267e-01 2.0520449004e-06
1441 5.6863404506e-01 3.1026908636e-06
1442 5.6842006723e-01 2.6245585439e-06
1443 5.6787730162e-01 4.8803239540e-06
1444 5.6757439096e-01 2.8761453006e-06
1445 5.6705051584e-01 4.7686410439e-06
1446 5.6677784714e-01 3.3660774210e-06
1447 5.6626896555e-01 5.3243856138e-06
1448 5.6598197313e-01 4.1683730679e-06
1449 5.6563117644e-01 4.6326871147e-06
1450 5.6540839821e-01 4.8697461153e-06
1451 5.6535581221e-01 3.5324962946e-06
1452 5.6536942596e-01 4.0100402558e-06
1453 5.6540271459e-01 3.1511071042e-06
1454 5.6548134963e-01 3.2091480609e-06
1455 5.6553712338e-01 2.9353002319e-06
1456 5.6561648241e-01 3.0283727351e-06
1457 5.6572351895e-01 3.2062881909e-06
1458 5.6581295333e-01 2.4980668336e-06
1459 5.6594008642e-01 2.9232110060e-06
1460 5.6598878727e-01 2.0649130689e-06
1461 5.6607366240e-01 2.5000649200e-06
1462 5.6612266639e-01 2.0979414590e-06
1463 5.6617239908e-01 2.0112916083e-06
1464 5.6621778656e-01 1.9417533626e-06
1465 5.6624898191e-01 1.7202851448e-06
1466 5.6627856762e-01 1.5047672991e-06
1467 5.6628540033e-01 1.3586264492e-06
1468 5.6628730905e-01 2.1666236356e-06
1469 5.6628472066e-01 1.3726300012e-06
1470 5.6626684100e-01 1.9673159887e-06
1471 5.6624564234e-01 1.9423429183e-06
1472 5.6621687224e-01 1.9173358622e-06
1473 5.6615109250e-01 2.8058977188e-06
1474 5.6610856507e-01 2.2686053468e-06
1475 5.6600828638e-01 2.5942508457e-06
1476 5.6588374956e-01 3.4378812937e-06
1477 5.6579488150e-01 2.5656747993e-06
1478 5.6563643257e-01 4.4181725316e-06
1479 5.6552317843e-01 2.8179819261e-06
1480 5.6533212402e-01 4.2360156549e-06
1481 5.6515408130e-01 3.8119641970e-06
1482 5.6497885332e-01 4.2034993252e-06
1483 5.6460363342e-01 6.0011137256e-06
1484 5.6435104994e-01 5.8407722589e-06
1485 5.6408271199e-01 5.4039664088e-06
1486 5.6380605762e-01 7.7922721069e-06
1487 5.6368045623e-01 5.5413004111e-06
1488 5.6364344643e-01 6.0336228787e-06
1489 5.6366032458e-01 5.2422535839e-06
1490 5.6371726642e-01 5.8206194434e-06
1491 5.6380413547e-01 4.4658400924e-06
1492 5.6393484475e-01 4.8133938403e-06
1493 5.6408567818e-01 5.4885157177e-06
1494 5.6424230243e-01 4.1063964376e-06
1495 5.6442191945e-01 5.4454905973e-06
1496 5.6456603453e-01 3.0739496139e-06
1497 5.6463479000e-01 2.9397118511e-06
1498 5.6471767764e-01 3.0255801939e-06
1499 5.6476013949e-01 2.2371382086e-06
1500 5.6480134363e-01 2.8661251593e-06
1501 5.6483515393e-01 2.2495162253e-06
1502 5.6485203276e-01 1.9059524820e-06
1503 5.6486064142e-01 2.3732231822e-06
1504 5.6486160148e-01 1.4859608218e-06
1505 5.6485274232e-01 1.7167810189e-06
1506 5.6483729834e-01 1.6664219227e-06
1507 5.6481860015e-01 1.3683439656e-06
1508 5.6477627584e-01 1.6362672350e-06
1509 5.6473265555e-01 1.6551017762e-06
1510 5.6466638522e-01 1.5400807658e-06
1511 5.6461552250e-01 1.7653329500e-06
1512 5.6456192819e-01 1.7188450723e-06
1513 5.6444842945e-01 1.7108084790e-06
1514 5.6436181568e-01 1.7687793522e-06
1515 5.6423750997e-01 1.7603139465e-06
1516 5.6412627896e-01 1.6559112289e-06
1517 5.6403479358e-01 1.9925614986e-06
1518 5.6382521554e-01 2.3229286052e-06
1519 5.6360723869e-01 2.5493593583e-06
1520 5.6330075321e-01 2.9296500611e-06
1521 5.6277067338e-01 3.5081875383e-06
1522 5.6248151166e-01 2.9366815015e-06
1523 5.6215511362e-01 3.1841775740e-06
1524 5.6187814950e-01 3.2761821757e-06
1525 5.6165095322e-01 2.8447196014e-06
1526 5.6126473751e-01 4.1101456637e-06
1527 5.6084058014e-01 3.9974494925e-06
1528 5.6036836422e-01 4.8471376176e-06
1529 5.5989142781e-01 4.9791973244e-06
1530 5.5966441946e-01 3.5489806777e-06
1531 5.5953886960e-01 3.8828524893e-06
1532 5.5946191800e-01 3.6126907591e-06
1533 5.5941009018e-01 3.8399385731e-06
1534 5.5941796843e-01 4.7014399490e-06
1535 5.5955680293e-01 4.9298555068e-06
1536 5.6004185416e-01 6.8426754675e-06
1537 5.6053420822e-01 5.4272516159e-06
1538 5.6116319326e-01 3.8786293253e-06
1539 5.6164341880e-01 4.0988417583e-06
1540 5.6202292373e-01 3.1450770701e-06
1541 5.6258826864e-01 3.8391045423e-06
1542 5.6305397742e-01 3.5542777193e-06
1543 5.6337175741e-01 2.7144360242e-06
1544 5.6365815305e-01 2.5484136464e-06
1545 5.6381765743e-01 2.1834627732e-06
1546 5.6396562435e-01 1.9836156517e-06
1547 5.6416809986e-01 2.4242557244e-06
1548 5.6431553467e-01 1.9536164023e-06
1549 5.6448067589e-01 1.8713886433e-06
1550 5.6458666873e-01 2.0584169998e-06
1551 5.6464700556e-01 1.4518685584e-06
1552 5.6473235419e-01 1.8237334414e-06
1553 5.6479486596e-01 1.6159158388e-06
1554 5.6483962474e-01 1.5091255029e-06
1555 5.6488097364e-01 2.0171017229e-06
1556 5.6491068276e-01 2.0557181926e-06
1557 5.6497520886e-01 2.4290617944e-06
1558 5.6506179049e-01 3.0139084776e-06
1559 5.6512341025e-01 2.7120464319e-06
1560 5.6517101910e-01 2.7512317789e-06
1561 5.6519386192e-01 3.0915968790e-06
1562 5.6521283115e-01 2.8398274506e-06
1563 5.6524101427e-01 3.7554557743e-06
1564 5.6526372261e-01 4.1318574107e-06
1565 5.6528155765e-01 4.3464800317e-06
1566 5.6529170260e-01 3.8973251776e-06
1567 5.6529113648e-01 4.6822302543e-06
1568 5.6528288540e-01 7.5336655389e-06
1569 5.6530343328e-01 7.2325049092e-06
1570 5.6534477183e-01 6.9059529070e-06
1571 5.6540351486e-01 5.5774006807e-06
1572 5.6543871595e-01 5.6246276003e-06
1573 5.6559267583e-01 1.1985073256e-05
1574 5.6602359309e-01 1.3060017467e-05
1575 5.6688738486e-01 1.1039529546e-05
1576 5.6792306181e-01 1.0555145564e-05
1577 5.6888598110e-01 9.0025931647e-06
1578 5.7036636512e-01 1.1136357400e-05
1579 5.7328503064e-01 1.7427528525e-05
1580 5.7583715551e-01 1.2413960103e-05
1581 5.7837945348e-01 1.1111760047e-05
1582 5.8030140284e-01 9.5674004573e-06
1583 5.8333231996e-01 1.0082235605e-05
1584 5.8767395401e-01 1.0505224186e-05
1585 5.9101654486e-01 1.1246489978e-05
1586 5.9433134521e-01 9.9011766920e-06
1587 5.9638097912e-01 8.4265066490e-06
1588 5.9802297322e-01 9.0317762438e-06
1589 6.0050471016e-01 7.3943691246e-06
1590 6.0234407609e-01 6.4721826110e-06
1591 6.0403080185e-01 6.6114312288e-06
1592 6.0641725663e-01 6.3277373603e-06
1593 6.0749156928e-01 6.6142168234e-06
1594 6.0872801143e-01 5.9156338224e-06
1595 6.0970624755e-01 4.4101445587e-06
1596 6.1019664328e-01 4.6589689048e-06
1597 6.1104190879e-01 3.3976867293e-06
1598 6.1155494570e-01 3.6131013330e-06
1599 6.1197063057e-01 3.4233827222e-06
1600 6.1244790972e-01 2.9306693797e-06
1601 6.1269860946e-01 2.9859987797e-06
1602 6.1288962640e-01 2.5909700583e-06
1603 6.1303958786e-01 2.0577621144e-06
1604 6.1313837567e-01 2.3289049830e-06
1605 6.1330458570e-01 1.7668013967e-06
1606 6.1340313170e-01 1.5002127408e-06
1607 6.1344238336e-01 1.5137263515e-06
1608 6.1348785537e-01 1.7338740907e-06
1609 6.1353156699e-01 1.5577784900e-06
1610 6.1354318834e-01 1.5082529910e-06
1611 6.1354312607e-01 1.4030660390e-06
1612 6.1353285714e-01 1.2433381484e-06
1613 6.1350446983e-01 1.3081486300e-06
1614 6.1345408982e-01 1.6421026068e-06
1615 6.1340269432e-01 1.2557541672e-06
1616 6.1332187875e-01 1.8679722784e-06
1617 6.1314695991e-01 2.3881491694e-06
1618 6.1300959287e-01 1.8185410357e-06
1619 6.1285390126e-01 2.1846855104e-06
1620 6.1271670373e-01 1.7237800266e-06
1621 6.1255686203e-01 1.7441896011e-06
1622 6.1233236501e-01 1.9813538112e-06
1623 6.1211553567e-01 2.3854179623e-06
1624 6.1188313574e-01 2.3990706676e-06
1625 6.1150566844e-01 2.9206421373e-06
1626 6.1093499489e-01 2.8667105193e-06
1627 6.1021921592e-01 2.9718129703e-06
1628 6.0938730253e-01 3.7999916677e-06
1629 6.0855231825e-01 3.7083047317e-06
1630 6.0730512836e-01 4.0969229265e-06
1631 6.0613779261e-01 5.1689119140e-06
1632 6.0494334504e-01 4.9888054328e-06
1633 6.0284138137e-01 5.9598509491e-06
1634 6.0091274273e-01 5.9179044308e-06
1635 5.9806083621e-01 5.8202004497e-06
1636 5.9547717817e-01 6.9044126670e-06
1637 5.9278886204e-01 6.9799240128e-06
1638 5.8897536495e-01 8.3196019586e-06
1639 5.8462193693e-01 9.1891853780e-06
1640 5.7999999463e-01 1.0865686176e-05
1641 5.7222451066e-01 1.5691279882e-05
1642 5.6269403790e-01 1.3843050519e-05
1643 5.5783904248e-01 1.1539835179e-05
1644 5.5331507818e-01 9.7986832584e-06
1645 5.5062365303e-01 1.1721975506e-05
1646 5.4893810631e-01 1.0942654503e-05
1647 5.4789543202e-01 1.1463967116e-05
1648 5.4791063408e-01 1.2157446407e-05
1649 5.4860462016e-01 1.2116839438e-05
1650 5.5114867514e-01 1.4493794828e-05
1651 5.5513718360e-01 1.2314375969e-05
1652 5.6050566065e-01 1.0200932082e-05
1653 5.6575298159e-01 8.0737140028e-06
1654 5.6876943206e-01 7.4890539417e-06
1655 5.7264025195e-01 7.1167143771e-06
1656 5.7539505399e-01 7.1822780273e-06
1657 5.7707895159e-01 6.3341813810e-06
1658 5.7908991060e-01 6.3017605371e-06
1659 5.8120867487e-01 6.0046773019e-06
1660 5.8290848984e-01 5.5932799479e-06
1661 5.8525750907e-01 4.6252356381e-06
1662 5.8686867413e-01 3.8577977449e-06
1663 5.8793083457e-01 3.2092926619e-06
1664 5.8882328010e-01 3.1518753413e-06
1665 5.8925008041e-01 2.8447205509e-06
1666 5.8975625065e-01 3.1775740044e-06
1667 5.9034942791e-01 3.4922451794e-06
1668 5.9080544067e-01 2.7680934485e-06
1669 5.9118418497e-01 2.6601722615e-06
1670 5.9159527331e-01 2.0320579176e-06
1671 5.9189699256e-01 2.0040098660e-06
1672 5.9217292768e-01 1.8092653031e-06
1673 5.9233658503e-01 1.6965006830e-06
1674 5.9247092595e-01 1.6632609464e-06
1675 5.9261416400e-01 1.9687411414e-06
1676 5.9271261127e-01 1.4345018593e-06
1677 5.9278557801e-01 1.4422163560e-06
1678 5.9286722370e-01 1.8667111783e-06
1679 5.9294617781e-01 1.2223512970e-06
1680 5.9298331898e-01 1.1372925954e-06
1681 5.9301652544e-01 1.1836289206e-06
1682 5.9303697375e-01 1.1344145422e-06
1683 5.9305141907e-01 1.3249991089e-06
1684 5.9305778364e-01 1.2356401038e-06
1685 5.9305465041e-01 1.2126954335e-06
1686 5.9303891390e-01 1.6579615049e-06
1687 5.9301089838e-01 1.7030563864e-06
1688 5.9297170891e-01 1.5811578385e-06
1689 5.9290468330e-01 1.8323148701e-06
1690 5.9284317264e-01 1.3362419495e-06
1691 5.9277930618e-01 1.1273880937e-06
1692 5.9269380258e-01 1.2485981851e-06
1693 5.9263502180e-01 1.1759886441e-06
1694 5.9259394665e-01 1.1221692431e-06
1695 5.9250832676e-01 1.4544708359e-06
1696 5.9242041746e-01 1.5283633527e-06
1697 5.9227571866e-01 1.6371139095e-06
1698 5.9206616713e-01 2.2985218393e-06
1699 5.9170029258e-01 1.8679081119e-06
1700 5.9128599173e-01 2.3257855151e-06
1701 5.9074854929e-01 2.2161100256e-06
1702 5.9028730097e-01 1.9419290097e-06
1703 5.8962286720e-01 2.5678892357e-06
1704 5.8917487011e-01 2.1801091128e-06
1705 5.8885911324e-01 2.4469549664e-06
1706 5.8837948993e-01 3.0318500785e-06
1707 5.8789305320e-01 2.9307723648e-06
1708 5.8722220849e-01 3.0984151301e-06
1709 5.8627152427e-01 3.8167413633e-06
1710 5.8510008699e-01 3.6314163133e-06
1711 5.8330944525e-01 3.8823480296e-06
1712 5.8107882301e-01 5.1004839252e-06
1713 5.7918062517e-01 4.0422905243e-06
1714 5.7754373163e-01 4.4993808184e-06
1715 5.7563023608e-01 5.2297012955e-06
1716 5.7453682061e-01 4.6998208259e-06
1717 5.7303044782e-01 4.7302113290e-06
1718 5.7146180114e-01 5.9079851149e-06
1719 5.6935794560e-01 4.7998129396e-06
1720 5.6664266181e-01 8.0477003064e-06
1721 5.6258477059e-01 6.3485657837e-06
1722 5.5953568515e-01 7.2314752036e-06
1723 5.5639222481e-01 6.4017132321e-06
1724 5.5456719839e-01 5.0813796595e-06
1725 5.5328948161e-01 5.0652378615e-06
1726 5.5230928122e-01 5.4184148171e-06
1727 5.5145912077e-01 4.2833607394e-06
1728 5.5084230599e-01 4.4071465920e-06
1729 5.4995146032e-01 4.3600618450e-06
1730 5.4937084395e-01 4.2903129711e-06
1731 5.4857669226e-01 4.0772668350e-06
1732 5.4816839268e-01 3.8694860598e-06
1733 5.4764158070e-01 2.8006223420e-06
1734 5.4742054876e-01 3.2736880948e-06
1735 5.4712310548e-01 2.1692476873e-06
1736 5.4703377684e-01 2.0896598388e-06
1737 5.4688261280e-01 2.1207230558e-06
1738 5.4679234449e-01 1.8367294236e-06
1739 5.4662010455e-01 2.1588159006e-06
1740 5.4652900222e-01 1.6256637950e-06
1741 5.4641136002e-01 1.8041431142e-06
1742 5.4634124981e-01 1.6525021152e-06
1743 5.4624608966e-01 1.3164033979e-06
1744 5.4620929443e-01 1.1105363109e-06
1745 5.4616523674e-01 1.1397116646e-06
1746 5.4614602127e-01 7.5470927253e-07
1747 5.4611321652e-01 8.1743365453e-07
1748 5.4609868487e-01 6.3645253021e-07
1749 5.4607757064e-01 6.8832187623e-07
1750 5.4606746105e-01 5.9318499176e-07
1751 5.4604732912e-01 8.4901323684e-07
1752 5.4603413094e-01 6.8826875209e-07
1753 5.4601391109e-01 9.9063886654e-07
1754 5.4598594603e-01 6.4855657028e-07
1755 5.4596138162e-01 9.3621191333e-07
1756 5.4593703004e-01 5.0369011819e-07
1757 5.4591774226e-01 7.6349993212e-07
1758 5.4589858791e-01 5.3669480182e-07
1759 5.4587729536e-01 6.2045373389e-07
1760 5.4586275251e-01 5.2319113937e-07
1761 5.4584622418e-01 7.2980836820e-07
1762 5.4582813719e-01 6.4106574249e-07
1763 5.4581645409e-01 6.3684346868e-07
1764 5.4580093278e-01 8.0955124291e-07
1765 5.4577907297e-01 6.3358709871e-07
1766 5.4575732164e-01 7.9172731008e-07
1767 5.4573063293e-01 5.6606544985e-07
1768 5.4569114784e-01 6.4686566303e-07
1769 5.4566590555e-01 5.7999680896e-07
1770 5.4562436177e-01 6.4714134283e-07
1771 5.4560220571e-01 6.0362987180e-07
1772 5.4556562185e-01 6.9257038602e-07
1773 5.4554515686e-01 6.4485355411e-07
1774 5.4550123624e-01 1.0043700696e-06
1775 5.4546022535e-01 8.7134284027e-07
1776 5.4538648523e-01 1.2248561668e-06
1777 5.4533884759e-01 1.1212720716e-06
1778 5.4518793854e-01 1.2095537703e-06
1779 5.4511851374e-01 1.1436825166e-06
1780 5.4497986660e-01 1.0409568777e-06
1781 5.4487572456e-01 1.3226512474e-06
1782 5.4461256036e-01 1.3381443502e-06
1783 5.4449571481e-01 1.4206268093e-06
1784 5.4424440359e-01 1.5508838485e-06
1785 5.4413178708e-01 1.6881181005e-06
1786 5.4394204168e-01 1.6926903119e-06
1787 5.4382825089e-01 2.1597402231e-06
1788 5.4361644427e-01 2.0805932355e-06
1789 5.4348633194e-01 2.7508237158e-06
1790 5.4320152017e-01 2.8590139844e-06
1791 5.4307472349e-01 3.0199344819e-06
1792 5.4287126824e-01 2.8642258475e-06
1793 5.4283035058e-01 2.4205562424e-06
1794 5.4286442960e-01 2.2707832139e-06
1795 5.4291681382e-01 2.0593911609e-06
1796 5.4314577882e-01 2.5329254429e-06
1797 5.4327023828e-01 2.0685694905e-06
1798 5.4343193570e-01 2.4228592484e-06
1799 5.4359218196e-01 2.2891332535e-06
1800 5.4375293725e-01 2.9737955740e-06
1801 5.4398515600e-01 2.6311561797e-06
1802 5.4422542741e-01 2.3341539533e-06
1803 5.4464533668e-01 3.4666185599e-06
1804 5.4525751499e-01 1.6997365768e-06
1805 5.4579209728e-01 2.5069324561e-06
1806 5.4644519028e-01 1.6430188958e-06
1807 5.4684448822e-01 1.5159500967e-06
1808 5.4707562644e-01 1.8446923396e-06
1809 5.4729394689e-01 1.3094228870e-06
1810 5.4745106699e-01 2.2464814999e-06
1811 5.4765883419e-01 1.3895299667e-06
1812 5.4782658326e-01 1.8225557935e-06
1813 5.4801301926e-01 1.4169249420e-06
1814 5.4827842727e-01 1.5819888644e-06
1815 5.4854460669e-01 1.2605835305e-06
1816 5.4874118670e-01 9.9276533539e-07
1817 5.4898583674e-01 1.0976315746e-06
1818 5.4914543223e-01 8.6223245403e-07
1819 5.4937527790e-01 8.5884976076e-07
1820 5.4944388384e-01 6.5114902659e-07
1821 5.4953719969e-01 7.9165520826e-07
1822 5.4959948735e-01 6.4038466273e-07
1823 5.4965153084e-01 7.8103533805e-07
1824 5.4971213752e-01 7.2899513582e-07
1825 5.4975383366e-01 5.7774572324e-07
1826 5.4979113292e-01 5.7401573129e-07
1827 5.4981044703e-01 5.9719877558e-07
1828 5.4983733086e-01 5.8230519968e-07
1829 5.4984967722e-01 5.0395510473e-07
1830 5.4987052641e-01 4.5308388814e-07
1831 5.4989375263e-01 5.3476163903e-07
1832 5.4991634830e-01 4.7682406677e-07
1833 5.4994029666e-01 4.6919519126e-07
1834 5.4994977147e-01 4.0597252734e-07
1835 5.4997425776e-01 6.2955884800e-07
1836 5.4999244783e-01 4.9916464254e-07
1837 5.5000377542e-01 5.0359095934e-07
1838 5.5001332603e-01 5.1260573010e-07
1839 5.5001678442e-01 5.8949175324e-07
1840 5.5002144300e-01 6.3173399801e-07
1841 5.5002325796e-01 5.9130893213e-07
1842 5.5002393818e-01 5.3852398436e-07
1843 5.5002266154e-01 7.0819714955e-07
1844 5.5002126789e-01 4.8040285628e-07
1845 5.5001734368e-01 4.5053396525e-07
1846 5.5001336006e-01 5.2290350131e-07
1847 5.5000415616e-01 5.1069878182e-07
1848 5.4999191950e-01 5.6739800235e-07
1849 5.4998248488e-01 5.0850708634e-07
1850 5.4996845311e-01 5.4103242650e-07
1851 5.4995866145e-01 6.1147880120e-07
1852 5.4994203485e-01 6.3855584907e-07
1853 5.4992149161e-01 7.4879700330e-07
1854 5.4989000720e-01 9.8356287928e-07
1855 5.4983177215e-01 9.2425153933e-07
1856 5.4977126353e-01 1.2337732751e-06
1857 5.4969165822e-01 1.1858058852e-06
1858 5.4960820267e-01 1.1587975452e-06
1859 5.4950999979e-01 1.5520097788e-06
1860 5.4920781869e-01 1.6340587684e-06
1861 5.4897992459e-01 1.3491448925e-06
1862 5.4874704917e-01 1.6024928056e-06
1863 5.4848796380e-01 1.5457648424e-06
1864 5.4831619256e-01 1.4552524723e-06
1865 5.4795745554e-01 1.9734903306e-06
1866 5.4753136185e-01 2.2427469462e-06
1867 5.4714340287e-01 2.3820870213e-06
1868 5.4678316369e-01 2.6125194776e-06
1869 5.4660599376e-01 2.1903509955e-06
1870 5.4627850792e-01 2.6747178327e-06
1871 5.4574334843e-01 3.1384185349e-06
1872 5.4535005583e-01 2.7291641336e-06
1873 5.4484644689e-01 3.0984570533e-06
1874 5.4455875857e-01 2.7556486318e-06
1875 5.4420225959e-01 2.3945670381e-06
1876 5.4361646401e-01 2.8686349723e-06
1877 5.4327332018e-01 2.3553765177e-06
1878 5.4294086408e-01 2.7871418516e-06
1879 5.4251428632e-01 3.4662371677e-06
1880 5.4172116324e-01 3.8418031314e-06
1881 5.4048170692e-01 5.1331413402e-06
1882 5.3998163896e-01 4.3617310001e-06
1883 5.3979985757e-01 4.5926760280e-06
1884 5.3959303288e-01 5.0528809898e-06
1885 5.3928178705e-01 4.8049202187e-06
1886 5.3907801436e-01 9.8858680818e-06
1887 5.4013680559e-01 7.1238883322e-06
1888 5.4119224313e-01 5.1732381785e-06
1889 5.4211201309e-01 5.4116537691e-06
1890 5.4361813498e-01 3.9085218938e-06
1891 5.4655253711e-01 5.4820118171e-06
1892 5.5341380656e-01 6.1921717966e-06
1893 5.6041944834e-01 6.2097333889e-06
1894 5.6301565417e-01 4.6436173748e-06
1895 5.6420231681e-01 3.5246592342e-06
1896 5.6513562398e-01 3.5720748094e-06
1897 5.6716477830e-01 4.7852605135e-06
1898 5.7130875106e-01 5.9108868080e-06
1899 5.7335709412e-01 5.6318150487e-06
1900 5.7434744529e-01 3.6507279818e-06
1901 5.7496007152e-01 3.2847955604e-06
1902 5.7649299277e-01 3.6747182241e-06
1903 5.8097288448e-01 3.5289347108e-06
1904 5.8538383588e-01 4.2308319625e-06
1905 5.8947057264e-01 2.2675726858e-06
1906 5.9068280432e-01 1.7170737593e-06
1907 5.9110830681e-01 1.3705503697e-06
1908 5.9177036007e-01 1.4512397638e-06
1909 5.9245346637e-01 1.7595805864e-06
1910 5.9315290565e-01 1.7880475601e-06
1911 5.9369782146e-01 1.6859237330e-06
1912 5.9385383719e-01 1.8086887602e-06
1913 5.9395807535e-01 1.5326671930e-06
1914 5.9406690651e-01 1.3784717892e-06
1915 5.9424091524e-01 1.5896339402e-06
1916 5.9460320499e-01 1.3371173249e-06
1917 5.9488542137e-01 1.0674298785e-06
1918 5.9494788462e-01 1.1411613422e-06
1919 5.9501696066e-01 9.6331713880e-07
1920 5.9506039095e-01 7.7981789584e-07
1921 5.9510857274e-01 8.5735503964e-07
1922 5.9518018472e-01 7.3334350004e-07
1923 5.9523433331e-01 1.2855392981e-06
1924 5.9526353030e-01 1.0187988476e-06
1925 5.9526953873e-01 6.2642337829e-07
1926 5.9525952972e-01 7.0770608462e-07
1927 5.9522948492e-01 8.0909685957e-07
1928 5.9516706693e-01 1.2335251610e-06
1929 5.9511872288e-01 1.3279807254e-06
1930 5.9509031096e-01 6.2401378101e-07
1931 5.9506835056e-01 4.7850827749e-07
1932 5.9502745835e-01 5.5116639042e-07
1933 5.9493171391e-01 7.0250611486e-07
1934 5.9452888354e-01 1.4308934326e-06
1935 5.9395008969e-01 1.2048021471e-06
1936 5.9345892984e-01 6.0803366462e-07
1937 5.9319716316e-01 5.2906840093e-07
1938 5.9307780362e-01 5.9148116100e-07
1939 5.9286669716e-01 9.7793662184e-07
1940 5.9210343679e-01 2.4489070167e-06
1941 5.9132580046e-01 2.2977215844e-06
1942 5.9047960130e-01 1.0323133130e-06
1943 5.9027441646e-01 8.1613468611e-07
1944 5.9010226905e-01 8.4190570288e-07
1945 5.8911731983e-01 1.2380515787e-06
1946 5.8662884387e-01 2.9682240357e-06
1947 5.8243534965e-01 2.6303971752e-06
1948 5.7878532338e-01 1.4617306039e-06
1949 5.7802818865e-01 1.0720277083e-06
1950 5.7735427649e-01 1.1624473649e-06
1951 5.7592951054e-01 1.9306582803e-06
1952 5.7254106499e-01 5.4571588576e-06
1953 5.6556292674e-01 5.0682581972e-06
1954 5.6242770033e-01 2.6467456686e-06
1955 5.6135741198e-01 1.7660905009e-06
1956 5.6061796530e-01 1.7460067906e-06
1957 5.5993145257e-01 2.3493771151e-06
1958 5.5713636120e-01 3.5894625728e-06
1959 5.5089860718e-01 5.2294486828e-06
1960 5.4618532954e-01 5.3428776644e-06
1961 5.4284339500e-01 4.5225643089e-06
1962 5.4144525852e-01 4.4249882582e-06
1963 5.4069175743e-01 4.8742182205e-06
1964 5.4011771613e-01 2.8165637970e-06
1965 5.4003313046e-01 3.0559982811e-06
1966 5.4010776917e-01 3.8497865991e-06
1967 5.4067248359e-01 5.4717441412e-06
1968 5.4227416148e-01 5.7508723265e-06
1969 5.4369985260e-01 2.6032188495e-06
1970 5.4430237154e-01 2.8017010337e-06
1971 5.4506688711e-01 3.9032107343e-06
1972 5.4706449459e-01 4.3189712624e-06
1973 5.5019793928e-01 4.9806544799e-06
1974 5.5440292396e-01 4.8616822448e-06
1975 5.5880680235e-01 4.4841195449e-06
1976 5.6269011791e-01 4.3624740504e-06
1977 5.6581237760e-01 2.9526560697e-06
1978 5.6744370707e-01 2.0144975748e-06
1979 5.6822522203e-01 2.1924619676e-06
1980 5.6925337096e-01 2.2941864442e-06
1981 5.7037851481e-01 2.8021718977e-06
1982 5.7200030127e-01 3.1689541304e-06
1983 5.7402480832e-01 3.1439649928e-06
1984 5.7660605682e-01 4.5531497344e-06
1985 5.8087844187e-01 4.4996247925e-06
1986 5.8400799991e-01 2.7399565597e-06
1987 5.8540798611e-01 2.4114729316e-06
1988 5.8680073852e-01 3.0658583223e-06
1989 5.8823835526e-01 2.1179505861e-06
1990 5.8919840832e-01 1.5869335486e-06
1991 5.8991011554e-01 1.5973605408e-06
1992 5.9073343055e-01 2.3944815711e-06
1993 5.9220978947e-01 2.7760146971e-06
1994 5.9537935421e-01 2.3466197417e-06
1995 5.9659379779e-01 1.6353130800e-06
1996 5.9732899650e-01 1.7974218665e-06
1997 5.9782609108e-01 1.4927551746e-06
1998 5.9840093232e-01 1.3400439308e-06
1999 5.9915629614e-01 1.8782870330e-06
