iter rel_error rel_residual
0 2.9936500890e+00 7.8283827217e-02
1 3.0581768144e+00 3.2089878634e-02
2 2.4721788756e+00 3.7300206910e-02
3 2.1112908304e+00 1.3178294348e-02
4 2.0070185561e+00 1.6087188924e-02
5 1.7744761474e+00 1.1957702638e-02
6 1.7278013416e+00 6.2070081756e-03
7 1.6009000949e+00 4.1193697756e-03
8 1.5424923240e+00 8.1395203169e-03
9 1.4412219317e+00 5.6570164801e-03
10 1.4315579732e+00 2.6638753083e-03
11 1.3754049060e+00 3.6763951309e-03
12 1.3487629507e+00 3.7759984799e-03
13 1.3140604739e+00 2.4458330427e-03
14 1.2886822730e+00 2.8655947092e-03
15 1.2771180324e+00 3.0155653226e-03
16 1.2406565120e+00 1.8560598254e-03
17 1.2251917036e+00 2.1184337591e-03
18 1.2113240582e+00 2.3842948662e-03
19 1.1873023711e+00 1.3562577367e-03
20 1.1818972151e+00 1.5851481785e-03
21 1.1697198934e+00 1.6918104738e-03
22 1.1575912873e+00 1.0797091590e-03
23 1.1522499362e+00 1.2315579075e-03
24 1.1386662161e+00 1.6103238503e-03
25 1.1263207736e+00 9.3889272119e-04
26 1.1191305676e+00 1.2129331258e-03
27 1.1051693322e+00 1.3734866027e-03
28 1.0940104291e+00 8.9343915591e-04
29 1.0864779966e+00 9.6238346621e-04
30 1.0733549775e+00 1.4742444754e-03
31 1.0647975176e+00 7.6390654666e-04
32 1.0559954656e+00 9.1609838688e-04
33 1.0454463343e+00 1.1070139954e-03
34 1.0400244714e+00 6.6722743759e-04
35 1.0339996520e+00 7.6574287818e-04
36 1.0269590371e+00 9.9460372554e-04
37 1.0225770834e+00 5.8002109404e-04
38 1.0165695270e+00 6.8466235477e-04
39 1.0107978369e+00 8.8865273793e-04
40 1.0072768156e+00 5.2304448784e-04
41 1.0024033648e+00 6.2109335742e-04
42 9.9827166068e-01 7.1388982031e-04
43 9.9531946292e-01 4.4720504000e-04
44 9.9139828277e-01 5.3225370461e-04
45 9.8757438333e-01 6.8059248069e-04
46 9.8465367585e-01 4.1358194587e-04
47 9.8093094269e-01 4.7529024566e-04
48 9.7765345787e-01 5.9920794302e-04
49 9.7499110703e-01 3.6952123653e-04
50 9.7113441984e-01 4.3187892870e-04
51 9.6801000944e-01 5.4509214199e-04
52 9.6517510755e-01 3.6367474578e-04
53 9.6142803960e-01 4.3405322648e-04
54 9.5775831416e-01 5.3762329344e-04
55 9.5453789803e-01 3.5830751053e-04
56 9.5071902059e-01 4.1690385445e-04
57 9.4763894024e-01 4.9524086502e-04
58 9.4455866248e-01 3.4400567510e-04
59 9.4159907192e-01 3.5671668418e-04
60 9.3940461149e-01 4.5979572215e-04
61 9.3668772378e-01 3.0199444430e-04
62 9.3369349759e-01 3.4722692454e-04
63 9.3152160767e-01 3.8947340777e-04
64 9.2932267215e-01 2.9936393599e-04
65 9.2715158249e-01 3.0032100464e-04
66 9.2533390345e-01 3.9969093680e-04
67 9.2326376980e-01 2.5614349274e-04
68 9.2105045251e-01 2.8813579001e-04
69 9.1939799192e-01 3.5600997581e-04
70 9.1761484015e-01 2.4245250384e-04
71 9.1597266171e-01 2.4816884171e-04
72 9.1453334991e-01 3.0927395843e-04
73 9.1266087744e-01 2.2654871942e-04
74 9.1092114146e-01 2.4539193570e-04
75 9.0906598660e-01 3.0863504161e-04
76 9.0710038473e-01 2.1204480235e-04
77 9.0494955973e-01 2.4732411103e-04
78 9.0279635823e-01 3.2039383119e-04
79 9.0052177187e-01 2.3118017805e-04
80 8.9844746259e-01 2.4162759279e-04
81 8.9650706424e-01 3.1123759352e-04
82 8.9427175263e-01 2.3822477666e-04
83 8.9184070233e-01 2.4062930322e-04
84 8.8963960394e-01 3.1087656550e-04
85 8.8741377140e-01 2.2008288718e-04
86 8.8535558158e-01 2.4335122691e-04
87 8.8313281382e-01 3.0633305002e-04
88 8.8083115458e-01 2.2819834827e-04
89 8.7862822811e-01 2.4630230823e-04
90 8.7655757422e-01 2.9992404499e-04
91 8.7429585562e-01 2.2730314209e-04
92 8.7199093493e-01 2.1915018216e-04
93 8.7010943204e-01 2.8826762457e-04
94 8.6848818942e-01 1.8362236037e-04
95 8.6689650337e-01 2.0703791682e-04
96 8.6542330802e-01 2.3995588429e-04
97 8.6406584618e-01 1.6710908531e-04
98 8.6290017194e-01 1.7055089737e-04
99 8.6179236875e-01 2.0669780879e-04
100 8.6058353463e-01 1.5440896400e-04
101 8.5935615285e-01 1.6020664416e-04
102 8.5804327240e-01 2.1452203259e-04
103 8.5667800687e-01 1.5400829691e-04
104 8.5530999304e-01 1.6140715449e-04
105 8.5393871557e-01 2.1240989713e-04
106 8.5260002513e-01 1.4421969715e-04
107 8.5118022237e-01 1.6911194208e-04
108 8.4970000510e-01 2.1030369711e-04
109 8.4802638772e-01 1.5434281946e-04
110 8.4673268140e-01 1.6535983580e-04
111 8.4532766584e-01 1.8801130431e-04
112 8.4409098832e-01 1.5119074171e-04
113 8.4272607838e-01 1.4366893519e-04
114 8.4155076643e-01 1.7798315178e-04
115 8.4038131754e-01 1.3232789057e-04
116 8.3918796055e-01 1.4487631665e-04
117 8.3795862551e-01 1.6734306003e-04
118 8.3675923162e-01 1.3041499010e-04
119 8.3564308964e-01 1.2826853792e-04
120 8.3454375418e-01 1.6399125331e-04
121 8.3359126372e-01 1.0849358064e-04
122 8.3242756871e-01 1.1962276599e-04
123 8.3127367748e-01 1.4151360597e-04
124 8.3045742559e-01 1.0203198755e-04
125 8.2972490682e-01 1.0104006691e-04
126 8.2894797988e-01 1.2490927756e-04
127 8.2815965410e-01 9.3080885562e-05
128 8.2723925507e-01 1.0082544720e-04
129 8.2626500211e-01 1.2181724172e-04
130 8.2535167311e-01 9.8602109854e-05
131 8.2428155756e-01 1.0298917519e-04
132 8.2332061597e-01 1.1466027586e-04
133 8.2254825566e-01 8.7739515578e-05
134 8.2159898968e-01 8.7000691376e-05
135 8.2049411945e-01 1.2744941491e-04
136 8.1930121380e-01 9.8196837153e-05
137 8.1807122750e-01 9.2619674097e-05
138 8.1694125820e-01 1.1691116693e-04
139 8.1588208651e-01 9.9149436554e-05
140 8.1447622658e-01 1.0054362598e-04
141 8.1280660370e-01 1.3115649513e-04
142 8.1133415176e-01 1.0014304098e-04
143 8.0968531021e-01 1.1728131531e-04
144 8.0782248574e-01 1.3258199346e-04
145 8.0632181493e-01 1.0254671570e-04
146 8.0487606710e-01 9.7262253117e-05
147 8.0344820402e-01 1.2642500020e-04
148 8.0199870926e-01 9.8450509733e-05
149 8.0039864788e-01 1.0739132551e-04
150 7.9861937634e-01 1.2564126079e-04
151 7.9721603083e-01 9.7958739588e-05
152 7.9571076818e-01 9.7103316390e-05
153 7.9411922674e-01 1.3069751350e-04
154 7.9257696875e-01 9.9608334508e-05
155 7.9078920407e-01 1.0453252115e-04
156 7.8889404831e-01 1.3828269730e-04
157 7.8709461074e-01 9.8573982160e-05
158 7.8532746697e-01 1.0318362758e-04
159 7.8385374548e-01 1.2131125078e-04
160 7.8243101666e-01 9.0937059777e-05
161 7.8094926375e-01 9.3420350082e-05
162 7.7950387115e-01 1.1994915945e-04
163 7.7801236059e-01 9.2325089597e-05
164 7.7609403176e-01 1.1188871356e-04
165 7.7402787533e-01 1.3338891529e-04
166 7.7233930849e-01 9.7002841188e-05
167 7.7076099131e-01 1.0041075922e-04
168 7.6932482138e-01 1.0850893851e-04
169 7.6802915494e-01 8.9396471742e-05
170 7.6671870399e-01 8.7224637931e-05
171 7.6549785581e-01 1.0288193552e-04
172 7.6424990963e-01 8.4801690311e-05
173 7.6295361032e-01 8.9519359175e-05
174 7.6153190896e-01 1.0658725651e-04
175 7.6010880307e-01 8.8352646684e-05
176 7.5869944330e-01 9.0422280641e-05
177 7.5724412105e-01 1.0780356093e-04
178 7.5579634543e-01 9.0923889735e-05
179 7.5412836526e-01 9.1545598098e-05
180 7.5260301136e-01 1.1535753111e-04
181 7.5088327082e-01 8.8035894819e-05
182 7.4902721681e-01 1.0062962334e-04
183 7.4753075236e-01 1.0438676654e-04
184 7.4610422246e-01 8.8972582388e-05
185 7.4481514115e-01 8.5118398862e-05
186 7.4347413173e-01 1.0380704747e-04
187 7.4223053403e-01 8.2675734433e-05
188 7.4078143628e-01 9.0768115505e-05
189 7.3937452635e-01 1.0281921938e-04
190 7.3764769840e-01 9.6879229316e-05
191 7.3599906529e-01 9.1861768072e-05
192 7.3419819075e-01 1.1698077237e-04
193 7.3253500568e-01 8.9542351538e-05
194 7.3105205029e-01 9.1876103831e-05
195 7.2961358507e-01 1.0752008628e-04
196 7.2812083713e-01 8.3269755675e-05
197 7.2659666473e-01 9.7208529093e-05
198 7.2488833197e-01 1.0988210920e-04
199 7.2350705865e-01 8.5148597895e-05
200 7.2199679687e-01 9.0638985046e-05
201 7.2062415634e-01 9.8251920413e-05
202 7.1932263013e-01 8.2511063219e-05
203 7.1818353299e-01 8.0508931286e-05
204 7.1711870056e-01 9.1616557929e-05
205 7.1597564688e-01 7.4651986195e-05
206 7.1494282163e-01 7.8095463192e-05
207 7.1392515234e-01 8.7195371774e-05
208 7.1288738871e-01 6.9942221745e-05
209 7.1190057002e-01 7.4204338052e-05
210 7.1103187925e-01 8.3900455167e-05
211 7.1011810876e-01 6.5778370017e-05
212 7.0931515089e-01 6.8242751781e-05
213 7.0850977084e-01 7.6027294762e-05
214 7.0769591773e-01 6.2947431499e-05
215 7.0678027518e-01 6.9819658320e-05
216 7.0586046155e-01 8.0376326293e-05
217 7.0506932256e-01 6.3407370992e-05
218 7.0429244554e-01 6.3474912304e-05
219 7.0351102448e-01 7.6910142356e-05
220 7.0263445047e-01 6.4971180588e-05
221 7.0169658642e-01 6.9197990791e-05
222 7.0077457004e-01 7.9146077785e-05
223 6.9981953445e-01 6.5940571068e-05
224 6.9883745491e-01 6.8004279825e-05
225 6.9801128603e-01 7.1861928514e-05
226 6.9717206113e-01 6.4950093811e-05
227 6.9623840597e-01 7.2951052769e-05
228 6.9526998348e-01 7.6704545176e-05
229 6.9432130935e-01 6.4030217408e-05
230 6.9337087388e-01 7.0249154055e-05
231 6.9244159828e-01 7.5673563058e-05
232 6.9158773661e-01 6.6863016626e-05
233 6.9066512960e-01 6.6532303507e-05
234 6.8978202626e-01 7.1303904577e-05
235 6.8900230554e-01 5.8541067587e-05
236 6.8832090585e-01 5.9475359140e-05
237 6.8772582851e-01 6.5252392711e-05
238 6.8704379032e-01 5.8913552414e-05
239 6.8627303176e-01 5.8605040587e-05
240 6.8556487541e-01 6.9495426291e-05
241 6.8476067544e-01 5.9114724939e-05
242 6.8407502413e-01 5.9693676717e-05
243 6.8328558343e-01 6.5506173665e-05
244 6.8264746886e-01 5.3902432200e-05
245 6.8195547201e-01 5.8243827480e-05
246 6.8130158048e-01 6.1557238973e-05
247 6.8063726768e-01 5.3722324290e-05
248 6.8001817850e-01 5.6550114633e-05
249 6.7938354353e-01 5.8927707689e-05
250 6.7878379382e-01 5.0083299713e-05
251 6.7823164871e-01 5.0385941331e-05
252 6.7770190815e-01 5.6614915926e-05
253 6.7715455476e-01 4.9904900391e-05
254 6.7652032226e-01 5.3144701447e-05
255 6.7595120605e-01 5.4045382680e-05
256 6.7537086065e-01 5.0250829344e-05
257 6.7468992520e-01 5.1101944702e-05
258 6.7411384888e-01 5.6603633560e-05
259 6.7343769426e-01 5.2252160029e-05
260 6.7282149171e-01 4.9541860822e-05
261 6.7222408118e-01 5.6302404043e-05
262 6.7164471973e-01 4.9199815851e-05
263 6.7093805701e-01 5.4746845362e-05
264 6.7026556656e-01 5.8258678326e-05
265 6.6961351650e-01 5.2550682500e-05
266 6.6887097009e-01 5.8427237898e-05
267 6.6807748206e-01 5.9243160735e-05
268 6.6734731147e-01 5.3871136081e-05
269 6.6658569760e-01 5.4160038668e-05
270 6.6600034681e-01 5.8380417591e-05
271 6.6527553121e-01 5.4008910701e-05
272 6.6467425123e-01 5.2601874505e-05
273 6.6398167515e-01 6.0196584985e-05
274 6.6321801851e-01 5.7671953611e-05
275 6.6246039959e-01 5.4752550975e-05
276 6.6172608259e-01 5.8444179689e-05
277 6.6101058404e-01 5.4168940956e-05
278 6.6035299921e-01 5.2825976829e-05
279 6.5971998234e-01 5.8208825212e-05
280 6.5901687986e-01 5.2260676946e-05
281 6.5849517542e-01 5.1018339337e-05
282 6.5790889462e-01 5.5936870289e-05
283 6.5726785155e-01 5.4173722630e-05
284 6.5673171535e-01 4.7959642123e-05
285 6.5614080459e-01 5.0905771791e-05
286 6.5570798884e-01 4.6254712086e-05
287 6.5524376632e-01 4.2995579724e-05
288 6.5476153439e-01 5.3406262516e-05
289 6.5425224984e-01 4.9244729553e-05
290 6.5362477179e-01 5.3102981852e-05
291 6.5302350464e-01 5.8906183351e-05
292 6.5241239896e-01 4.8918209847e-05
293 6.5189929139e-01 4.7934604710e-05
294 6.5136867355e-01 5.6716589201e-05
295 6.5089458280e-01 4.6636769996e-05
296 6.5043068471e-01 4.8248605420e-05
297 6.4995013155e-01 5.1947202282e-05
298 6.4949230147e-01 4.7604179367e-05
299 6.4903096473e-01 4.6809819862e-05
300 6.4858952939e-01 5.3745227208e-05
301 6.4811583160e-01 4.5494902440e-05
302 6.4772035513e-01 4.6538278666e-05
303 6.4734459484e-01 4.4812980268e-05
304 6.4703167925e-01 4.2452909620e-05
305 6.4667380370e-01 4.1392839260e-05
306 6.4633251037e-01 4.7843253113e-05
307 6.4589670105e-01 4.9178259101e-05
308 6.4549217422e-01 4.7400033263e-05
309 6.4500373276e-01 5.0919666027e-05
310 6.4465550881e-01 4.1612813164e-05
311 6.4434346659e-01 4.2118764884e-05
312 6.4405855533e-01 4.2716348177e-05
313 6.4377791653e-01 4.1369548791e-05
314 6.4346208969e-01 4.4493597825e-05
315 6.4311985324e-01 4.6399749078e-05
316 6.4277366321e-01 4.3120552743e-05
317 6.4245619450e-01 4.2495865305e-05
318 6.4217937734e-01 4.2826871238e-05
319 6.4192084802e-01 3.5115966678e-05
320 6.4169076297e-01 4.1113561204e-05
321 6.4146757857e-01 3.8412573141e-05
322 6.4123468860e-01 3.6908481049e-05
323 6.4101783929e-01 3.6079915546e-05
324 6.4077145014e-01 3.8161151772e-05
325 6.4055492351e-01 3.6734469831e-05
326 6.4034442184e-01 3.9016070795e-05
327 6.4005547251e-01 3.8696033487e-05
328 6.3986194964e-01 4.1243303313e-05
329 6.3948293791e-01 3.5110325578e-05
330 6.3928928322e-01 5.1811851730e-05
331 6.3883224855e-01 3.7648019479e-05
332 6.3867048861e-01 4.3489227827e-05
333 6.3825867247e-01 4.1529088416e-05
334 6.3809520604e-01 3.8210490573e-05
335 6.3772474131e-01 3.7954248721e-05
336 6.3760052205e-01 3.9144150056e-05
337 6.3723812755e-01 3.9003708054e-05
338 6.3711705629e-01 3.4827044942e-05
339 6.3678775370e-01 3.8443002521e-05
340 6.3665918006e-01 3.9261468318e-05
341 6.3631202954e-01 3.6292027857e-05
342 6.3618263523e-01 3.8193117148e-05
343 6.3583770426e-01 3.6867754260e-05
344 6.3570287124e-01 3.9463163920e-05
345 6.3536139564e-01 3.5682735097e-05
346 6.3523670290e-01 4.1497875203e-05
347 6.3487080113e-01 3.7080403229e-05
348 6.3474346976e-01 3.8460025402e-05
349 6.3441455861e-01 3.5826782821e-05
350 6.3428661660e-01 4.1937019911e-05
351 6.3396488611e-01 3.1034560105e-05
352 6.3383873840e-01 4.4189285454e-05
353 6.3351751890e-01 3.5274268020e-05
354 6.3340276870e-01 4.3640409039e-05
355 6.3305114464e-01 3.4759861760e-05
356 6.3293363967e-01 4.0909304660e-05
357 6.3267072531e-01 3.1174717911e-05
358 6.3259166754e-01 3.8321929501e-05
359 6.3236739338e-01 3.0270108376e-05
360 6.3226541192e-01 3.6540731462e-05
361 6.3203512393e-01 3.2167025768e-05
362 6.3195274214e-01 3.9862206371e-05
363 6.3168879925e-01 3.2963900817e-05
364 6.3159253680e-01 3.5593396787e-05
365 6.3136972776e-01 3.1375385680e-05
366 6.3129616190e-01 3.7970075740e-05
367 6.3105680089e-01 3.1292605017e-05
368 6.3095874977e-01 3.7929432546e-05
369 6.3071664115e-01 3.4073555058e-05
370 6.3063191410e-01 3.4387646872e-05
371 6.3042738969e-01 3.0688677917e-05
372 6.3036039461e-01 3.3623749185e-05
373 6.3022299645e-01 3.6321009407e-05
374 6.3008166011e-01 3.1581483589e-05
375 6.2997043432e-01 3.9875855121e-05
376 6.2974746551e-01 3.3579572157e-05
377 6.2965309645e-01 3.3149614088e-05
378 6.2942799849e-01 3.3672728624e-05
379 6.2935720005e-01 3.6278338184e-05
380 6.2912779511e-01 3.0633426700e-05
381 6.2904557510e-01 3.4656251890e-05
382 6.2885274188e-01 3.0370918358e-05
383 6.2879828884e-01 2.9807213147e-05
384 6.2861799845e-01 3.0291365818e-05
385 6.2854739123e-01 3.2355001982e-05
386 6.2836902608e-01 2.6736492155e-05
387 6.2831459752e-01 3.1121695164e-05
388 6.2813466213e-01 3.0536835749e-05
389 6.2806772657e-01 3.1252407826e-05
390 6.2787489427e-01 2.8099174869e-05
391 6.2778260092e-01 3.7113339097e-05
392 6.2757367398e-01 3.3564473635e-05
393 6.2743857073e-01 3.2647162565e-05
394 6.2730575460e-01 4.0157469433e-05
395 6.2709933391e-01 3.5279060872e-05
396 6.2697602448e-01 3.6177826327e-05
397 6.2679214522e-01 4.0345885938e-05
398 6.2661559240e-01 3.4948589901e-05
399 6.2652764006e-01 3.5938524968e-05
400 6.2636000700e-01 2.8972526698e-05
401 6.2629091814e-01 3.2117463781e-05
402 6.2620038258e-01 2.6173794508e-05
403 6.2611221851e-01 3.0247143314e-05
404 6.2604073550e-01 2.9506341385e-05
405 6.2591045586e-01 2.5554467277e-05
406 6.2584008569e-01 3.0262374194e-05
407 6.2573935696e-01 2.7492221866e-05
408 6.2563599083e-01 2.7464740177e-05
409 6.2556284577e-01 3.0389406119e-05
410 6.2543113101e-01 2.8607304115e-05
411 6.2532556672e-01 3.0174480486e-05
412 6.2522273248e-01 3.1856149275e-05
413 6.2504342100e-01 3.6465121673e-05
414 6.2495222150e-01 2.9051931435e-05
415 6.2480296173e-01 3.1460210461e-05
416 6.2467118352e-01 3.5316852974e-05
417 6.2457273969e-01 2.9607757849e-05
418 6.2441053988e-01 3.3129001927e-05
419 6.2431520530e-01 3.1643841633e-05
420 6.2418482825e-01 3.2852188044e-05
421 6.2403688389e-01 3.2652616381e-05
422 6.2393591228e-01 3.5208966239e-05
423 6.2380462362e-01 2.9762653389e-05
424 6.2370010557e-01 2.9025262930e-05
425 6.2362822808e-01 3.0804659105e-05
426 6.2348481485e-01 2.7239456079e-05
427 6.2340116116e-01 3.2569512325e-05
428 6.2327583262e-01 2.8409102883e-05
429 6.2316080458e-01 3.0231374142e-05
430 6.2308007282e-01 2.6842581779e-05
431 6.2297352824e-01 2.5568911941e-05
432 6.2289792726e-01 2.7704278439e-05
433 6.2281801769e-01 2.5490448712e-05
434 6.2269233791e-01 3.0614298710e-05
435 6.2259907822e-01 2.6497464717e-05
436 6.2247477224e-01 2.8955286707e-05
437 6.2234120949e-01 2.8077032552e-05
438 6.2225748236e-01 2.7131326915e-05
439 6.2215630126e-01 2.5899954118e-05
440 6.2204462003e-01 2.8596757966e-05
441 6.2195802331e-01 2.7613439547e-05
442 6.2182740928e-01 2.7725997684e-05
443 6.2172258635e-01 2.8412776203e-05
444 6.2162371210e-01 2.5736277889e-05
445 6.2150669123e-01 2.8232802820e-05
446 6.2141590381e-01 2.8154034105e-05
447 6.2129221350e-01 2.5850898642e-05
448 6.2116760654e-01 2.9956864303e-05
449 6.2107587759e-01 2.4501259071e-05
450 6.2097407840e-01 2.5281495884e-05
451 6.2087323923e-01 2.6655402924e-05
452 6.2079599709e-01 2.5465123750e-05
453 6.2068433449e-01 2.6472089637e-05
454 6.2059205255e-01 2.6769074551e-05
455 6.2050134326e-01 2.5630784878e-05
456 6.2035682696e-01 2.7355064359e-05
457 6.2027227623e-01 2.5529065516e-05
458 6.2017589499e-01 2.6543822952e-05
459 6.2006576353e-01 2.5047681316e-05
460 6.1998475212e-01 2.5244749296e-05
461 6.1987956607e-01 2.6427389032e-05
462 6.1975041455e-01 2.6868399091e-05
463 6.1966889659e-01 2.5473857217e-05
464 6.1953927273e-01 2.4265179351e-05
465 6.1945515719e-01 2.1899011780e-05
466 6.1937591070e-01 2.2844920973e-05
467 6.1927771238e-01 2.4332455915e-05
468 6.1919552437e-01 2.4052181505e-05
469 6.1910422651e-01 2.1146582195e-05
470 6.1900090432e-01 2.4331113591e-05
471 6.1890517814e-01 2.2625278354e-05
472 6.1877393171e-01 2.4407273571e-05
473 6.1865836878e-01 2.4689180824e-05
474 6.1855536576e-01 2.3696007346e-05
475 6.1844810009e-01 2.3731606443e-05
476 6.1834655586e-01 2.3041500885e-05
477 6.1824339815e-01 2.2687910665e-05
478 6.1809010969e-01 2.5055389291e-05
479 6.1794373477e-01 2.7207322464e-05
480 6.1778247117e-01 2.5058021571e-05
481 6.1759383020e-01 2.8691381052e-05
482 6.1745709611e-01 2.9535032720e-05
483 6.1725525251e-01 2.8493408659e-05
484 6.1704757419e-01 2.8623404209e-05
485 6.1691311070e-01 2.6380129997e-05
486 6.1673801041e-01 2.7758710148e-05
487 6.1652911673e-01 3.1328988652e-05
488 6.1635481131e-01 3.0663194268e-05
489 6.1611704925e-01 2.9881103717e-05
490 6.1589209728e-01 3.2098755355e-05
491 6.1572943282e-01 3.0987485115e-05
492 6.1547936488e-01 3.0392856714e-05
493 6.1529487809e-01 2.7457875407e-05
494 6.1515210086e-01 2.5629599016e-05
495 6.1498331154e-01 2.5210600573e-05
496 6.1486556467e-01 2.5331648619e-05
497 6.1472023854e-01 2.4112103618e-05
498 6.1458250957e-01 2.3370084447e-05
499 6.1448033791e-01 2.3769314665e-05
500 6.1434133367e-01 2.4509946290e-05
501 6.1419950224e-01 2.4625715087e-05
502 6.1408087360e-01 2.2750679510e-05
503 6.1392750160e-01 2.3149503900e-05
504 6.1379455797e-01 2.4427006829e-05
505 6.1364984692e-01 2.4876089236e-05
506 6.1348594348e-01 2.6321984410e-05
507 6.1336077207e-01 2.5076557918e-05
508 6.1321517649e-01 2.4553845032e-05
509 6.1304460755e-01 2.4695614238e-05
510 6.1289375013e-01 2.5055172040e-05
511 6.1273695905e-01 2.2990185925e-05
512 6.1259237454e-01 2.3089236534e-05
513 6.1249339391e-01 2.2117529709e-05
514 6.1235688711e-01 2.2760201289e-05
515 6.1220963710e-01 2.4544654348e-05
516 6.1206766817e-01 2.3003942528e-05
517 6.1191998762e-01 2.1796179381e-05
518 6.1181101039e-01 2.1746318489e-05
519 6.1171178881e-01 2.0356280332e-05
520 6.1159660690e-01 1.9170035471e-05
521 6.1150566937e-01 1.9422531904e-05
522 6.1141907071e-01 1.9100564799e-05
523 6.1128262695e-01 2.1008778524e-05
524 6.1113438993e-01 2.5076297674e-05
525 6.1098879862e-01 2.1754692034e-05
526 6.1083043961e-01 2.2763488391e-05
527 6.1071362748e-01 2.2129009119e-05
528 6.1056000226e-01 2.3303870777e-05
529 6.1035580825e-01 2.2247256595e-05
530 6.1025616036e-01 1.9651357582e-05
531 6.1014753261e-01 1.9284724153e-05
532 6.1004120204e-01 2.0083193140e-05
533 6.0992047634e-01 2.3685361313e-05
534 6.0971800100e-01 2.1247008436e-05
535 6.0954278059e-01 2.3400834830e-05
536 6.0942746178e-01 1.9061948954e-05
537 6.0930803440e-01 2.0101060727e-05
538 6.0921111523e-01 2.0783904945e-05
539 6.0907468809e-01 2.1722011048e-05
540 6.0890954140e-01 1.9131031542e-05
541 6.0878473937e-01 1.8831928516e-05
542 6.0868943774e-01 1.8263163739e-05
543 6.0857066619e-01 2.1361674112e-05
544 6.0842928039e-01 2.2786984385e-05
545 6.0827352717e-01 2.0610751288e-05
546 6.0811602117e-01 1.9664376086e-05
547 6.0798519177e-01 2.0759365763e-05
548 6.0785570433e-01 2.1012601646e-05
549 6.0770087571e-01 2.2648541537e-05
550 6.0752096985e-01 2.5953170415e-05
551 6.0729241486e-01 2.3640717756e-05
552 6.0703140700e-01 2.6611457818e-05
553 6.0685281283e-01 2.2175766543e-05
554 6.0667607228e-01 2.5451744569e-05
555 6.0645357490e-01 2.7872371150e-05
556 6.0620548576e-01 2.9081134469e-05
557 6.0590927300e-01 2.3770370495e-05
558 6.0573328063e-01 2.4697548212e-05
559 6.0557341059e-01 2.1745191163e-05
560 6.0540174698e-01 2.1726470214e-05
561 6.0527121021e-01 2.2219342146e-05
562 6.0512268166e-01 2.3377027279e-05
563 6.0495231135e-01 2.3474078286e-05
564 6.0482191406e-01 2.1642365814e-05
565 6.0468591352e-01 1.9640080485e-05
566 6.0451129498e-01 2.1671772383e-05
567 6.0439165181e-01 2.3138653527e-05
568 6.0422820547e-01 2.2057095641e-05
569 6.0405301352e-01 2.2433759649e-05
570 6.0392768883e-01 2.1239725821e-05
571 6.0379169352e-01 2.1195877431e-05
572 6.0363970708e-01 2.0534769105e-05
573 6.0351678229e-01 2.1175778064e-05
574 6.0338123279e-01 1.9009837135e-05
575 6.0327389217e-01 1.8174354674e-05
576 6.0319449026e-01 1.8569851086e-05
577 6.0306966187e-01 2.0490142705e-05
578 6.0293712696e-01 1.9820010884e-05
579 6.0283606063e-01 1.9472133587e-05
580 6.0268605755e-01 2.0907707734e-05
581 6.0251390386e-01 2.2376856223e-05
582 6.0238532746e-01 2.0899049249e-05
583 6.0227239800e-01 2.1125101818e-05
584 6.0216183366e-01 1.8713265859e-05
585 6.0204522156e-01 2.1027487384e-05
586 6.0187031154e-01 2.5085012865e-05
587 6.0165672981e-01 2.5340683754e-05
588 6.0142602504e-01 2.6426016210e-05
589 6.0123433839e-01 2.3039296660e-05
590 6.0106557977e-01 1.9207846899e-05
591 6.0098823101e-01 1.9674841469e-05
592 6.0089638828e-01 1.9071489207e-05
593 6.0076857672e-01 1.8048006557e-05
594 6.0065910654e-01 1.9621502164e-05
595 6.0054328047e-01 1.8975204797e-05
596 6.0045081309e-01 1.8549758885e-05
597 6.0033235679e-01 2.3076772354e-05
598 6.0019035332e-01 2.2808510525e-05
599 6.0002923243e-01 2.1942836285e-05
600 5.9985196704e-01 2.1347936240e-05
601 5.9974288532e-01 1.8963476480e-05
602 5.9963665956e-01 1.7730127683e-05
603 5.9955364996e-01 1.6890204524e-05
604 5.9949827847e-01 1.8432809826e-05
605 5.9941378071e-01 1.6513188237e-05
606 5.9927446038e-01 1.9960971758e-05
607 5.9916301569e-01 1.7538375929e-05
608 5.9907719794e-01 1.5126732877e-05
609 5.9902060257e-01 1.5005650602e-05
610 5.9897081958e-01 1.3875692924e-05
611 5.9891081856e-01 1.2505576056e-05
612 5.9883158204e-01 1.4835858126e-05
613 5.9878952483e-01 1.4565363569e-05
614 5.9872455218e-01 1.5021106378e-05
615 5.9865381344e-01 1.4312141486e-05
616 5.9860472482e-01 1.4847630051e-05
617 5.9851632550e-01 1.5713112353e-05
618 5.9839084509e-01 2.2257345175e-05
619 5.9828197150e-01 1.7767070809e-05
620 5.9817900288e-01 1.6127434650e-05
621 5.9808064849e-01 1.6561687465e-05
622 5.9801060149e-01 1.3804447688e-05
623 5.9793976728e-01 1.3068282925e-05
624 5.9788504693e-01 1.3292128424e-05
625 5.9785458078e-01 1.1450492645e-05
626 5.9780489504e-01 1.3343063754e-05
627 5.9773305364e-01 1.3982970267e-05
628 5.9764016370e-01 1.5118911955e-05
629 5.9755002368e-01 1.3324384197e-05
630 5.9748203513e-01 1.3091540222e-05
631 5.9744588632e-01 1.2349458832e-05
632 5.9737935737e-01 1.6697209627e-05
633 5.9727959277e-01 1.4793563861e-05
634 5.9717076220e-01 1.3224791413e-05
635 5.9709591978e-01 1.2252233034e-05
636 5.9704369008e-01 1.2615881983e-05
637 5.9700595510e-01 1.4285634780e-05
638 5.9691490222e-01 1.6445926081e-05
639 5.9674951121e-01 1.4348207113e-05
640 5.9658309319e-01 1.3074042825e-05
641 5.9648581412e-01 1.1736797318e-05
642 5.9644074207e-01 1.5325369558e-05
643 5.9638925978e-01 1.4990264497e-05
644 5.9627953266e-01 1.5631393002e-05
645 5.9610853593e-01 1.4413013192e-05
646 5.9596248762e-01 1.3329133337e-05
647 5.9584528008e-01 1.3594875505e-05
648 5.9576875660e-01 1.5406431507e-05
649 5.9568301503e-01 1.5609150294e-05
650 5.9554941559e-01 1.6534331913e-05
651 5.9544493564e-01 1.6181718949e-05
652 5.9528537615e-01 1.5619654433e-05
653 5.9510845440e-01 1.5214022557e-05
654 5.9484816028e-01 1.6772556944e-05
655 5.9468928538e-01 1.4526713357e-05
656 5.9457665974e-01 1.3897367185e-05
657 5.9453109376e-01 1.1877504561e-05
658 5.9446373167e-01 1.2163534559e-05
659 5.9440821211e-01 1.1914776935e-05
660 5.9434574915e-01 9.3228880851e-06
661 5.9429262564e-01 9.5020530562e-06
662 5.9420735497e-01 1.0340625129e-05
663 5.9408958728e-01 1.2846394078e-05
664 5.9399191699e-01 1.0108015800e-05
665 5.9395479137e-01 1.0926735785e-05
666 5.9390997226e-01 9.9515595220e-06
667 5.9386425287e-01 1.0750922057e-05
668 5.9381530351e-01 8.9838406532e-06
669 5.9376428223e-01 9.9648305500e-06
670 5.9366983567e-01 9.4755229617e-06
671 5.9354804231e-01 1.4229885722e-05
672 5.9335402201e-01 1.2050852041e-05
673 5.9325027182e-01 1.2381111451e-05
674 5.9318043248e-01 1.5942189230e-05
675 5.9307077678e-01 1.2371826196e-05
676 5.9297585157e-01 1.4754488803e-05
677 5.9291343771e-01 1.1285176412e-05
678 5.9283268562e-01 1.0705792803e-05
679 5.9272420197e-01 1.2546754195e-05
680 5.9259883857e-01 9.5566852952e-06
681 5.9248428320e-01 9.2303354734e-06
682 5.9241458498e-01 9.7629043334e-06
683 5.9231347652e-01 1.0138055684e-05
684 5.9225854881e-01 1.1020871201e-05
685 5.9221431087e-01 9.5901184048e-06
686 5.9217701414e-01 1.0555375288e-05
687 5.9211574080e-01 1.2548108118e-05
688 5.9205233723e-01 9.2646175134e-06
689 5.9198015821e-01 1.0404753892e-05
690 5.9183072132e-01 1.0009985660e-05
691 5.9170133335e-01 1.1195927807e-05
692 5.9151804790e-01 9.4429584022e-06
693 5.9142399776e-01 1.1771000447e-05
694 5.9127664991e-01 1.1929458284e-05
695 5.9120639481e-01 1.2534531041e-05
696 5.9112389513e-01 1.0926865029e-05
697 5.9108494408e-01 1.2049457819e-05
698 5.9098746883e-01 1.4617869047e-05
699 5.9093914161e-01 9.9273563361e-06
700 5.9083528629e-01 9.2570689844e-06
701 5.9073540322e-01 1.2079899565e-05
702 5.9047110806e-01 1.1182583159e-05
703 5.9033762702e-01 1.1704269752e-05
704 5.9020687768e-01 1.0842367564e-05
705 5.9012081385e-01 1.4720241582e-05
706 5.8999268950e-01 1.2484380106e-05
707 5.8995756702e-01 1.3457093639e-05
708 5.8985876189e-01 1.2147552073e-05
709 5.8979472799e-01 1.5061447397e-05
710 5.8966902988e-01 9.7165077001e-06
711 5.8957023904e-01 1.2591682431e-05
712 5.8934675191e-01 9.4781086998e-06
713 5.8922811625e-01 1.3576112231e-05
714 5.8908755592e-01 9.1155370398e-06
715 5.8902797046e-01 1.2374218298e-05
716 5.8893643698e-01 8.8930798739e-06
717 5.8890887095e-01 1.0394889374e-05
718 5.8885999606e-01 8.6715586328e-06
719 5.8883357190e-01 9.4472076447e-06
720 5.8875307485e-01 8.2682403708e-06
721 5.8872344392e-01 8.4160849870e-06
722 5.8861403789e-01 7.9364639132e-06
723 5.8853645899e-01 8.4648433970e-06
724 5.8838130979e-01 7.7889954086e-06
725 5.8831776686e-01 7.9292969779e-06
726 5.8819030343e-01 7.6827203428e-06
727 5.8815301406e-01 7.9172149173e-06
728 5.8808743768e-01 7.3319125832e-06
729 5.8806598590e-01 6.7035461585e-06
730 5.8802320107e-01 6.8142685052e-06
731 5.8801417261e-01 7.0317136609e-06
732 5.8796143420e-01 9.7444470327e-06
733 5.8792299669e-01 7.4668823950e-06
734 5.8787554071e-01 1.1562675314e-05
735 5.8780187437e-01 7.4843037709e-06
736 5.8771872075e-01 1.1916320556e-05
737 5.8752366703e-01 8.7076887035e-06
738 5.8746294476e-01 8.2509990786e-06
739 5.8729207887e-01 1.0671158267e-05
740 5.8723009184e-01 8.8456897236e-06
741 5.8710938337e-01 1.1392005144e-05
742 5.8705233512e-01 9.2313414825e-06
743 5.8694747108e-01 9.0982132101e-06
744 5.8692067266e-01 9.0981457895e-06
745 5.8681090961e-01 9.8083571755e-06
746 5.8674863715e-01 9.1837529801e-06
747 5.8663304835e-01 9.2410381372e-06
748 5.8657910651e-01 1.0455625951e-05
749 5.8631869377e-01 1.0737273294e-05
750 5.8620232756e-01 1.2122114014e-05
751 5.8583804610e-01 1.4344350035e-05
752 5.8571430372e-01 1.2819624061e-05
753 5.8539676823e-01 1.2567019519e-05
754 5.8529052019e-01 1.2547671827e-05
755 5.8506667461e-01 1.2380122375e-05
756 5.8500371460e-01 9.8970769066e-06
757 5.8486121046e-01 1.2253276587e-05
758 5.8479303668e-01 1.0253478709e-05
759 5.8471070015e-01 9.3047506446e-06
760 5.8461638776e-01 1.0239986051e-05
761 5.8456341767e-01 9.4389310785e-06
762 5.8445459448e-01 8.2580537192e-06
763 5.8434841082e-01 9.6099453940e-06
764 5.8421897151e-01 1.1078181656e-05
765 5.8398362050e-01 1.1149949768e-05
766 5.8387133703e-01 1.0072008402e-05
767 5.8370773966e-01 1.0766918251e-05
768 5.8363187941e-01 1.0313230066e-05
769 5.8353531534e-01 1.0150168445e-05
770 5.8345610747e-01 1.0696148461e-05
771 5.8342129586e-01 9.8839608627e-06
772 5.8334568466e-01 8.4196737038e-06
773 5.8329388171e-01 9.1333862539e-06
774 5.8321290254e-01 8.1621884042e-06
775 5.8315164399e-01 7.7014360263e-06
776 5.8307587956e-01 7.8142807357e-06
777 5.8295731097e-01 6.7896884469e-06
778 5.8285872671e-01 8.4157311995e-06
779 5.8268839491e-01 7.4489830153e-06
780 5.8256308191e-01 7.5606141993e-06
781 5.8247388618e-01 9.1142964252e-06
782 5.8235523538e-01 6.6496215158e-06
783 5.8228941094e-01 9.3111777698e-06
784 5.8219693520e-01 7.7260983748e-06
785 5.8213715111e-01 8.0239760038e-06
786 5.8208782360e-01 8.2998180602e-06
787 5.8201791645e-01 8.3396412605e-06
788 5.8199598359e-01 8.1361780553e-06
789 5.8195849103e-01 6.4942606064e-06
790 5.8193992665e-01 6.1592201636e-06
791 5.8191865295e-01 6.1797779513e-06
792 5.8186332488e-01 5.1752927140e-06
793 5.8179604935e-01 5.5385006057e-06
794 5.8167558796e-01 6.0264935217e-06
795 5.8154740209e-01 5.6157619962e-06
796 5.8146589634e-01 6.5427339611e-06
797 5.8135715799e-01 7.2028967038e-06
798 5.8126987722e-01 6.3771317932e-06
799 5.8120919928e-01 7.3835063887e-06
800 5.8110865889e-01 8.3467814748e-06
801 5.8103407886e-01 9.6126565901e-06
802 5.8094783770e-01 8.8927379446e-06
803 5.8088917345e-01 7.4302276294e-06
804 5.8087154065e-01 7.5623271308e-06
805 5.8083510304e-01 6.1277096347e-06
806 5.8080425600e-01 7.2563715223e-06
807 5.8076507933e-01 6.3389812324e-06
808 5.8069658911e-01 6.1046810473e-06
809 5.8062226729e-01 7.0664998707e-06
810 5.8050861563e-01 6.0252414170e-06
811 5.8040386553e-01 5.9721475570e-06
812 5.8027877737e-01 6.3301125642e-06
813 5.8006244007e-01 6.0827934219e-06
814 5.7993277751e-01 6.5799827546e-06
815 5.7979902231e-01 6.0159702856e-06
816 5.7964587073e-01 6.2680508774e-06
817 5.7954777824e-01 7.4552190177e-06
818 5.7944432191e-01 6.2553380514e-06
819 5.7937660697e-01 6.8070599109e-06
820 5.7933125430e-01 7.2698567277e-06
821 5.7926967780e-01 6.9684302572e-06
822 5.7923371127e-01 7.3769010488e-06
823 5.7917947898e-01 9.2423252565e-06
824 5.7911820426e-01 9.3556983615e-06
825 5.7909845485e-01 8.5028518351e-06
826 5.7906352716e-01 9.1938417600e-06
827 5.7900788370e-01 8.7851725293e-06
828 5.7890420752e-01 8.3897264235e-06
829 5.7876399341e-01 6.5007138640e-06
830 5.7859880437e-01 7.4633330559e-06
831 5.7839771467e-01 7.0804653080e-06
832 5.7819856307e-01 6.8414688735e-06
833 5.7804202315e-01 7.1227103879e-06
834 5.7782698777e-01 7.3179433389e-06
835 5.7765416050e-01 8.6608146025e-06
836 5.7752459394e-01 9.3749587960e-06
837 5.7735411584e-01 9.8425768078e-06
838 5.7721696959e-01 1.1910788998e-05
839 5.7708781932e-01 1.0207663288e-05
840 5.7699636311e-01 9.2304136936e-06
841 5.7694745157e-01 8.3836672497e-06
842 5.7689014482e-01 7.2029097692e-06
843 5.7684262621e-01 7.2950619608e-06
844 5.7678633519e-01 7.2675140363e-06
845 5.7669794325e-01 6.8894112052e-06
846 5.7663186145e-01 6.8833383187e-06
847 5.7653646959e-01 6.6454591672e-06
848 5.7640739543e-01 6.9765183024e-06
849 5.7633034556e-01 6.0886567723e-06
850 5.7619162876e-01 6.5319666840e-06
851 5.7604723828e-01 6.1220998167e-06
852 5.7592966643e-01 6.2015864101e-06
853 5.7577708686e-01 6.1983160140e-06
854 5.7559650855e-01 7.6221250601e-06
855 5.7540173203e-01 7.6983782963e-06
856 5.7520518089e-01 9.3797651377e-06
857 5.7511216062e-01 7.1626758481e-06
858 5.7502502847e-01 7.1983537884e-06
859 5.7496539688e-01 7.1944676671e-06
860 5.7492135980e-01 7.5955512944e-06
861 5.7486354591e-01 7.1188791196e-06
862 5.7483030731e-01 6.9667960742e-06
863 5.7480631234e-01 6.4650784660e-06
864 5.7475672514e-01 6.9069430531e-06
865 5.7472304266e-01 6.6136503504e-06
866 5.7467913206e-01 6.9165851656e-06
867 5.7459392517e-01 6.8053219021e-06
868 5.7452294994e-01 5.8696793341e-06
869 5.7441265242e-01 5.5084929604e-06
870 5.7424063404e-01 6.6679055959e-06
871 5.7410301985e-01 5.7616063145e-06
872 5.7399293785e-01 4.8961783711e-06
873 5.7391708847e-01 4.4022454350e-06
874 5.7384647488e-01 4.9920265461e-06
875 5.7371957164e-01 5.2767106245e-06
876 5.7364587391e-01 5.6290447042e-06
877 5.7358767865e-01 5.3372390523e-06
878 5.7351317816e-01 5.3396449923e-06
879 5.7345869106e-01 5.4012924223e-06
880 5.7341027894e-01 5.4386270424e-06
881 5.7335063505e-01 5.5538276468e-06
882 5.7331848183e-01 5.3087579433e-06
883 5.7329141130e-01 4.9677608107e-06
884 5.7327716373e-01 4.9613711554e-06
885 5.7327251118e-01 4.9349591739e-06
886 5.7327208850e-01 4.7957999960e-06
887 5.7328668870e-01 4.6361814507e-06
888 5.7330529357e-01 4.5518627758e-06
889 5.7332651001e-01 4.3318156301e-06
890 5.7332717271e-01 4.3972430787e-06
891 5.7328875775e-01 4.6693743451e-06
892 5.7320949717e-01 4.4132465466e-06
893 5.7309804433e-01 4.4292473998e-06
894 5.7291816573e-01 4.7672173923e-06
895 5.7268052077e-01 3.7411130501e-06
896 5.7252269345e-01 3.9256766939e-06
897 5.7232229339e-01 4.3032882023e-06
898 5.7210902684e-01 4.6328426232e-06
899 5.7197291447e-01 4.1396181872e-06
900 5.7180039328e-01 4.6464696388e-06
901 5.7164414233e-01 5.0672754933e-06
902 5.7155337791e-01 4.5000889192e-06
903 5.7143077550e-01 5.2443507203e-06
904 5.7133665689e-01 4.7736801083e-06
905 5.7128304667e-01 5.0115810418e-06
906 5.7124658448e-01 5.0792929435e-06
907 5.7122348798e-01 4.2828169329e-06
908 5.7119991116e-01 4.4830904058e-06
909 5.7115925001e-01 4.9514306400e-06
910 5.7113191669e-01 4.5571164415e-06
911 5.7111061836e-01 4.2360217989e-06
912 5.7108685091e-01 5.0461875401e-06
913 5.7105122691e-01 5.2741935202e-06
914 5.7100602889e-01 7.3133795091e-06
915 5.7105434228e-01 4.4296599198e-06
916 5.7108305091e-01 3.7725076677e-06
917 5.7109672868e-01 3.6511517434e-06
918 5.7108323691e-01 3.1783692090e-06
919 5.7104329443e-01 3.1044469431e-06
920 5.7094354914e-01 3.7468744514e-06
921 5.7082368724e-01 3.3633588161e-06
922 5.7060634427e-01 3.3910525540e-06
923 5.7040571231e-01 4.0935143096e-06
924 5.7027103889e-01 3.8489632100e-06
925 5.7014826099e-01 4.0871301456e-06
926 5.7006297009e-01 4.3063421220e-06
927 5.6991829293e-01 4.2227829721e-06
928 5.6978177708e-01 5.0072676947e-06
929 5.6972847176e-01 5.3837787202e-06
930 5.6970145082e-01 4.8025045573e-06
931 5.6968505835e-01 4.7996704345e-06
932 5.6966428077e-01 5.2146562876e-06
933 5.6960008245e-01 5.4459136011e-06
934 5.6956500258e-01 5.2643014852e-06
935 5.6955846895e-01 4.9659654593e-06
936 5.6951381422e-01 7.4193106883e-06
937 5.6940050518e-01 1.4280972247e-05
938 5.6932048844e-01 1.5334672843e-05
939 5.6942468512e-01 8.5662598545e-06
940 5.6954779997e-01 5.6399595660e-06
941 5.6959598617e-01 4.2926795380e-06
942 5.6955747506e-01 4.4574554170e-06
943 5.6942105818e-01 6.6448582183e-06
944 5.6926699930e-01 6.1285272587e-06
945 5.6907955007e-01 5.1560991106e-06
946 5.6894358594e-01 4.7228838389e-06
947 5.6881795737e-01 4.4833574264e-06
948 5.6860923408e-01 4.8125018756e-06
949 5.6836716218e-01 5.4306850380e-06
950 5.6791554839e-01 6.4938387359e-06
951 5.6743958362e-01 6.4743355426e-06
952 5.6734077906e-01 5.1225050824e-06
953 5.6734024783e-01 4.8259685466e-06
954 5.6733771316e-01 4.7860721643e-06
955 5.6731450663e-01 5.2424555821e-06
956 5.6721918590e-01 7.0011887321e-06
957 5.6709820109e-01 5.9572899973e-06
958 5.6716497717e-01 4.6813356800e-06
959 5.6723634061e-01 4.2198417786e-06
960 5.6724504594e-01 4.7448884456e-06
961 5.6720792230e-01 7.1150333943e-06
962 5.6706823083e-01 9.1657434630e-06
963 5.6676861340e-01 8.2227777118e-06
964 5.6666675413e-01 4.9494080661e-06
965 5.6664996838e-01 3.8705434330e-06
966 5.6662763573e-01 4.2222910820e-06
967 5.6659426656e-01 4.8592529024e-06
968 5.6649153995e-01 5.3052433904e-06
969 5.6623421052e-01 5.0051609572e-06
970 5.6612967071e-01 3.5340602398e-06
971 5.6609753003e-01 3.0936468655e-06
972 5.6608175917e-01 3.2018715776e-06
973 5.6604379862e-01 4.2492254968e-06
974 5.6592758916e-01 5.0159723356e-06
975 5.6593848582e-01 3.3316834931e-06
976 5.6599612128e-01 2.9656278418e-06
977 5.6601988217e-01 2.8854503994e-06
978 5.6601866264e-01 3.0374425447e-06
979 5.6597888845e-01 6.1383750554e-06
980 5.6584252178e-01 7.8660465026e-06
981 5.6578523505e-01 5.4769227873e-06
982 5.6588168573e-01 2.7034139694e-06
983 5.6591234763e-01 2.4758321356e-06
984 5.6590178875e-01 2.5770916727e-06
985 5.6584534826e-01 5.2038192847e-06
986 5.6570072230e-01 6.4818720403e-06
987 5.6544044387e-01 4.3318481642e-06
988 5.6536680299e-01 2.8049650554e-06
989 5.6534747086e-01 2.3534829759e-06
990 5.6533187676e-01 2.5723698942e-06
991 5.6529549417e-01 4.4768047842e-06
992 5.6516203504e-01 4.1284563662e-06
993 5.6499300004e-01 3.5070805389e-06
994 5.6510354936e-01 2.5619765098e-06
995 5.6516277314e-01 2.4027180269e-06
996 5.6517573486e-01 2.4705721650e-06
997 5.6517491142e-01 3.1154605566e-06
998 5.6515028816e-01 3.8853429664e-06
999 5.6496893473e-01 4.5012179099e-06
1000 5.6547194052e-01 5.0119026443e-06
1001 5.6596774801e-01 3.4510392708e-06
1002 5.6602474557e-01 4.3002079174e-06
1003 5.6596804273e-01 7.8582372749e-06
1004 5.6577280759e-01 8.1864255768e-06
1005 5.6485111241e-01 6.4346225249e-06
1006 5.6461083080e-01 5.2973068830e-06
1007 5.6458820860e-01 3.4654811356e-06
1008 5.6455966363e-01 3.9787926772e-06
1009 5.6450371501e-01 4.0742816093e-06
1010 5.6434068959e-01 4.8460078537e-06
1011 5.6381775845e-01 7.4650405683e-06
1012 5.6339933399e-01 1.1954049476e-05
1013 5.6320116761e-01 8.3259246435e-06
1014 5.6307942076e-01 6.4295601409e-06
1015 5.6305598239e-01 4.8926390968e-06
1016 5.6305774323e-01 3.4164986256e-06
1017 5.6305270138e-01 3.9197615348e-06
1018 5.6304105612e-01 3.3750413394e-06
1019 5.6298683385e-01 4.1895043596e-06
1020 5.6293536052e-01 6.3662632862e-06
1021 5.6291022023e-01 8.5268251231e-06
1022 5.6292218052e-01 7.3325745896e-06
1023 5.6315296284e-01 7.7535166394e-06
1024 5.6365573074e-01 9.2313917255e-06
1025 5.6386030829e-01 5.3999223316e-06
1026 5.6395263896e-01 5.0298386466e-06
1027 5.6404941157e-01 3.7309019534e-06
1028 5.6411683202e-01 5.7522793336e-06
1029 5.6412739189e-01 7.9430934071e-06
1030 5.6408025092e-01 9.9128388089e-06
1031 5.6391847798e-01 1.0539253150e-05
1032 5.6310517460e-01 4.2469225752e-05
1033 5.6277347827e-01 2.5701454112e-05
1034 5.6282613375e-01 1.9325226045e-05
1035 5.6313095934e-01 1.5801372636e-05
1036 5.6331637904e-01 1.6241838976e-05
1037 5.6335035140e-01 6.9488902990e-06
1038 5.6326758656e-01 5.8118298109e-06
1039 5.6302372613e-01 5.3740288584e-06
1040 5.6273255190e-01 7.7550246973e-06
1041 5.6222164772e-01 9.7259316984e-06
1042 5.6182810240e-01 9.3593951771e-06
1043 5.6048752277e-01 1.5313339638e-05
1044 5.6012776429e-01 1.1691614632e-05
1045 5.6001270004e-01 8.0167333019e-06
1046 5.5998453883e-01 5.8163851524e-06
1047 5.5996341667e-01 5.9898879985e-06
1048 5.5996036107e-01 3.7249124024e-06
1049 5.5994036841e-01 3.6339093421e-06
1050 5.5991133697e-01 3.5126463884e-06
1051 5.5981227889e-01 6.3063392009e-06
1052 5.5974651202e-01 7.0458195462e-06
1053 5.5951718923e-01 8.2698095318e-06
1054 5.5937248930e-01 1.3414626318e-05
1055 5.5949263506e-01 1.1598650180e-05
1056 5.5967370234e-01 1.1997331151e-05
1057 5.6057783007e-01 1.0811989504e-05
1058 5.6084637394e-01 7.3503223888e-06
1059 5.6114116757e-01 6.5608255541e-06
1060 5.6123123306e-01 4.1730016436e-06
1061 5.6137877746e-01 3.9243059232e-06
1062 5.6137882159e-01 3.6714905672e-06
1063 5.6127332193e-01 4.0668026642e-06
1064 5.6112025014e-01 5.8892540062e-06
1065 5.6077055488e-01 8.4051668960e-06
1066 5.6048922784e-01 8.4777553071e-06
1067 5.5912631701e-01 1.7009997084e-05
1068 5.5882141375e-01 1.1421280980e-05
1069 5.5856799662e-01 8.8696588464e-06
1070 5.5851253783e-01 9.1773565412e-06
1071 5.5851995617e-01 7.5687941435e-06
1072 5.5853412721e-01 4.7117463810e-06
1073 5.5853786436e-01 4.7396902611e-06
1074 5.5854744500e-01 3.3643156046e-06
1075 5.5854945510e-01 2.6258344214e-06
1076 5.5854525908e-01 2.6167485705e-06
1077 5.5854123987e-01 2.9340891439e-06
1078 5.5852671260e-01 4.2789569346e-06
1079 5.5851218721e-01 3.8472966564e-06
1080 5.5845457960e-01 7.0628872793e-06
1081 5.5840835812e-01 8.1396615007e-06
1082 5.5830082551e-01 8.9466420772e-06
1083 5.5826416195e-01 9.0457803385e-06
1084 5.5823356827e-01 1.3409401892e-05
1085 5.5825693345e-01 7.0629518519e-06
1086 5.5827694878e-01 5.9974915834e-06
1087 5.5828508685e-01 4.4781761673e-06
1088 5.5828204179e-01 4.2131174379e-06
1089 5.5827222611e-01 2.7206390804e-06
1090 5.5823427126e-01 4.1807546740e-06
1091 5.5821639330e-01 2.9935930222e-06
1092 5.5814065286e-01 3.9568409870e-06
1093 5.5808085172e-01 3.9632905041e-06
1094 5.5797540897e-01 5.5078236321e-06
1095 5.5792977849e-01 4.3452905516e-06
1096 5.5779083065e-01 7.8272192734e-06
1097 5.5776152939e-01 5.8280259771e-06
1098 5.5776416274e-01 6.3350700788e-06
1099 5.5779567517e-01 4.0380578737e-06
1100 5.5782231940e-01 4.8147692384e-06
1101 5.5784531927e-01 2.9887053230e-06
1102 5.5785430116e-01 2.9486631480e-06
1103 5.5786131749e-01 4.1350853200e-06
1104 5.5786185805e-01 3.5493997308e-06
1105 5.5784578226e-01 4.2692224785e-06
1106 5.5782169041e-01 4.6124730310e-06
1107 5.5778989735e-01 5.8277519890e-06
1108 5.5771798610e-01 7.0517337206e-06
1109 5.5762331801e-01 7.2798139779e-06
1110 5.5745078101e-01 1.3396096509e-05
1111 5.5734118401e-01 9.1978399402e-06
1112 5.5713757694e-01 1.2200950529e-05
1113 5.5710440008e-01 1.0377121364e-05
1114 5.5709430210e-01 7.7060142695e-06
1115 5.5709029051e-01 6.0124790073e-06
1116 5.5710150535e-01 5.1170960977e-06
1117 5.5710108760e-01 3.9729344425e-06
1118 5.5709478919e-01 3.2627022036e-06
1119 5.5709271946e-01 2.9275026901e-06
1120 5.5708227636e-01 2.7758977408e-06
1121 5.5707242136e-01 2.7850152741e-06
1122 5.5704770360e-01 2.9072805618e-06
1123 5.5702315143e-01 3.3713568395e-06
1124 5.5699543404e-01 3.7176943055e-06
1125 5.5684248244e-01 6.8228155341e-06
1126 5.5678559345e-01 6.2280228206e-06
1127 5.5654302658e-01 9.1611032041e-06
1128 5.5636443049e-01 1.2453231241e-05
1129 5.5632807854e-01 1.2029068899e-05
1130 5.5661551788e-01 1.4328539395e-05
1131 5.5728227180e-01 1.2167807677e-05
1132 5.5836442946e-01 1.4764616876e-05
1133 5.5910119964e-01 1.0263279919e-05
1134 5.5979700031e-01 8.4987223671e-06
1135 5.6051319985e-01 8.6154769828e-06
1136 5.6073070473e-01 5.7548092576e-06
1137 5.6090100551e-01 6.0660594972e-06
1138 5.6099697989e-01 4.9603071239e-06
1139 5.6100777019e-01 5.6160649628e-06
1140 5.6094647901e-01 5.9989885830e-06
1141 5.6081635808e-01 5.6749104312e-06
1142 5.6057495065e-01 8.7371028351e-06
1143 5.6032225556e-01 7.2208205601e-06
1144 5.5977851097e-01 8.7397525016e-06
1145 5.5914474961e-01 1.2605483599e-05
1146 5.5858218871e-01 1.1167752193e-05
1147 5.5748138244e-01 1.2462390775e-05
1148 5.5637351750e-01 1.8135691237e-05
1149 5.5590647813e-01 1.3719620225e-05
1150 5.5561076170e-01 9.9703567998e-06
1151 5.5559005653e-01 1.1124825567e-05
1152 5.5559651481e-01 7.0184004593e-06
1153 5.5559706327e-01 5.4926833275e-06
1154 5.5558663499e-01 6.1718850778e-06
1155 5.5554645970e-01 5.1216445655e-06
1156 5.5551644619e-01 4.1791666225e-06
1157 5.5544045903e-01 4.7826702487e-06
1158 5.5533083451e-01 5.2979917087e-06
1159 5.5524672198e-01 4.8050536715e-06
1160 5.5502668466e-01 6.7783033535e-06
1161 5.5474797641e-01 8.7138638836e-06
1162 5.5457520713e-01 7.3210456703e-06
1163 5.5429219346e-01 1.0112368623e-05
1164 5.5419721279e-01 1.0941029294e-05
1165 5.5422515998e-01 8.3873578248e-06
1166 5.5446399910e-01 1.0376449615e-05
1167 5.5478831100e-01 8.2550409685e-06
1168 5.5500826878e-01 5.9748556510e-06
1169 5.5519008773e-01 5.4561590272e-06
1170 5.5532821164e-01 4.2976242292e-06
1171 5.5540091457e-01 4.4503506912e-06
1172 5.5543910196e-01 3.6219475219e-06
1173 5.5545610283e-01 3.9991958084e-06
1174 5.5544613411e-01 5.5208441764e-06
1175 5.5541686131e-01 5.1448900792e-06
1176 5.5532404320e-01 7.2297032651e-06
1177 5.5519693903e-01 7.7102206048e-06
1178 5.5506960280e-01 9.0643648495e-06
1179 5.5484873096e-01 1.1479380811e-05
1180 5.5460077339e-01 9.4021713651e-06
1181 5.5441869632e-01 1.4422636094e-05
1182 5.5430243496e-01 1.1454709809e-05
1183 5.5425380240e-01 1.0394334595e-05
1184 5.5428524855e-01 1.2967318857e-05
1185 5.5434343086e-01 8.2952958194e-06
1186 5.5441249141e-01 7.8105918170e-06
1187 5.5445838398e-01 7.0871376466e-06
1188 5.5448111865e-01 5.1353512118e-06
1189 5.5448905454e-01 4.3201198570e-06
1190 5.5448230220e-01 4.9467882963e-06
1191 5.5446847963e-01 3.7953294605e-06
1192 5.5442254463e-01 3.6701672493e-06
1193 5.5438245233e-01 3.2928031955e-06
1194 5.5434008454e-01 2.7026966317e-06
1195 5.5428408052e-01 3.0140805930e-06
1196 5.5419623325e-01 3.8414978905e-06
1197 5.5405002720e-01 4.0662159641e-06
1198 5.5386017168e-01 4.7325072176e-06
1199 5.5368856846e-01 5.3773590533e-06
1200 5.5338803526e-01 7.2201245979e-06
1201 5.5320689303e-01 6.0557534273e-06
1202 5.5308152848e-01 6.2393942786e-06
1203 5.5302200247e-01 6.6333914892e-06
1204 5.5305088839e-01 5.3336726018e-06
1205 5.5310434735e-01 4.7328377000e-06
1206 5.5319610190e-01 5.2430385026e-06
1207 5.5325338851e-01 3.6136121912e-06
1208 5.5332246025e-01 4.1860819987e-06
1209 5.5340522814e-01 3.4327975246e-06
1210 5.5345227724e-01 3.1276287352e-06
1211 5.5348393094e-01 3.0482028039e-06
1212 5.5352177404e-01 2.5432030242e-06
1213 5.5353683851e-01 2.4668712393e-06
1214 5.5354304090e-01 2.9346241495e-06
1215 5.5354639749e-01 2.7965006864e-06
1216 5.5354066206e-01 3.2718736487e-06
1217 5.5352462170e-01 3.8546242331e-06
1218 5.5349443559e-01 3.4980029738e-06
1219 5.5345590053e-01 4.6915801601e-06
1220 5.5339845620e-01 5.5114013717e-06
1221 5.5331539402e-01 5.2961448208e-06
1222 5.5321285122e-01 7.0035964264e-06
1223 5.5308771702e-01 7.4978659885e-06
1224 5.5296231047e-01 7.9836059742e-06
1225 5.5277163526e-01 8.7814532768e-06
1226 5.5265641680e-01 8.4981124686e-06
1227 5.5260490659e-01 7.0981770873e-06
1228 5.5256399605e-01 5.8233760590e-06
1229 5.5254871466e-01 4.6391605025e-06
1230 5.5254408553e-01 4.0722649595e-06
1231 5.5253854157e-01 2.7563224662e-06
1232 5.5253558574e-01 3.0629792181e-06
1233 5.5253382394e-01 2.2862408191e-06
1234 5.5253075895e-01 1.8416858648e-06
1235 5.5252874857e-01 1.9360932642e-06
1236 5.5252671025e-01 1.7290140858e-06
1237 5.5252426627e-01 1.4880948393e-06
1238 5.5252066251e-01 1.8935321582e-06
1239 5.5251739988e-01 1.7363005696e-06
1240 5.5251253370e-01 1.6232250047e-06
1241 5.5250296213e-01 2.5787526637e-06
1242 5.5249496674e-01 2.1770619113e-06
1243 5.5248431970e-01 2.4025048538e-06
1244 5.5246542494e-01 3.5728846354e-06
1245 5.5244433305e-01 2.8555089756e-06
1246 5.5242167414e-01 3.8411900872e-06
1247 5.5238927106e-01 3.9179711309e-06
1248 5.5234422304e-01 4.6873562737e-06
1249 5.5228964446e-01 6.4163901986e-06
1250 5.5220167518e-01 6.1886831198e-06
1251 5.5213345352e-01 7.2481977506e-06
1252 5.5207750502e-01 7.3412960092e-06
1253 5.5203378581e-01 7.4921368984e-06
1254 5.5200597264e-01 7.9474637427e-06
1255 5.5201367368e-01 7.9962451794e-06
1256 5.5203604496e-01 6.2494538662e-06
1257 5.5206216195e-01 6.1030432121e-06
1258 5.5208528715e-01 5.2443824370e-06
1259 5.5210004215e-01 4.4305805193e-06
1260 5.5211470886e-01 4.5514417349e-06
1261 5.5212747276e-01 3.9671028155e-06
1262 5.5213233693e-01 3.0533966557e-06
1263 5.5213150340e-01 3.1049602534e-06
1264 5.5213093105e-01 2.5894970827e-06
1265 5.5212704743e-01 2.0279910562e-06
1266 5.5211630062e-01 2.1024252394e-06
1267 5.5210924191e-01 1.7086742491e-06
1268 5.5210153664e-01 1.6389671596e-06
1269 5.5208215021e-01 1.7193360736e-06
1270 5.5206488664e-01 1.6812147219e-06
1271 5.5204317652e-01 1.8954198201e-06
1272 5.5200785342e-01 1.8103521771e-06
1273 5.5197631502e-01 2.0175235867e-06
1274 5.5193700182e-01 2.5548092597e-06
1275 5.5185327496e-01 2.7063233202e-06
1276 5.5174494403e-01 3.2822134896e-06
1277 5.5163966477e-01 4.5260809126e-06
1278 5.5148718071e-01 4.2295576848e-06
1279 5.5133906905e-01 4.7404121970e-06
1280 5.5123763545e-01 5.8879895052e-06
1281 5.5115106975e-01 5.3926337651e-06
1282 5.5115234545e-01 6.0144081875e-06
1283 5.5123892010e-01 6.5662979605e-06
1284 5.5143037269e-01 5.6880738187e-06
1285 5.5183345150e-01 6.1700227740e-06
1286 5.5225311111e-01 7.3267818727e-06
1287 5.5268652758e-01 4.7511420410e-06
1288 5.5307924608e-01 5.1229517308e-06
1289 5.5352761982e-01 5.0436552953e-06
1290 5.5379553866e-01 2.9811012134e-06
1291 5.5403921760e-01 3.8547724170e-06
1292 5.5421461650e-01 2.7327182201e-06
1293 5.5430212015e-01 2.2034838058e-06
1294 5.5438101774e-01 2.9357492564e-06
1295 5.5444561289e-01 2.7285615542e-06
1296 5.5448795927e-01 2.4773026542e-06
1297 5.5452414511e-01 4.0091549084e-06
1298 5.5454801453e-01 3.1570790770e-06
1299 5.5454608627e-01 2.9965123890e-06
1300 5.5451256823e-01 3.5522392237e-06
1301 5.5447175260e-01 3.5714448981e-06
1302 5.5441362259e-01 3.5184519531e-06
1303 5.5427276385e-01 4.7469345798e-06
1304 5.5407187899e-01 4.9897862861e-06
1305 5.5388192331e-01 5.5099644207e-06
1306 5.5353633907e-01 7.3613450175e-06
1307 5.5298305365e-01 7.6883029764e-06
1308 5.5248117288e-01 8.9628474770e-06
1309 5.5198016447e-01 9.6175191773e-06
1310 5.5143496578e-01 9.7996234505e-06
1311 5.5112300358e-01 9.7922460699e-06
1312 5.5087927597e-01 8.7057117763e-06
1313 5.5074323422e-01 7.9706669998e-06
1314 5.5069005805e-01 8.2279147118e-06
1315 5.5066295996e-01 6.1667339868e-06
1316 5.5066085419e-01 5.5610203675e-06
1317 5.5066563155e-01 5.7658402133e-06
1318 5.5066739307e-01 4.0303889782e-06
1319 5.5066596556e-01 3.8892636278e-06
1320 5.5065920498e-01 3.9019890895e-06
1321 5.5064327228e-01 2.7687948957e-06
1322 5.5062330531e-01 3.5125377213e-06
1323 5.5059095949e-01 2.7207540190e-06
1324 5.5056273450e-01 2.4285691365e-06
1325 5.5052477873e-01 2.7887919437e-06
1326 5.5047850794e-01 2.6818400873e-06
1327 5.5042294376e-01 2.5574222747e-06
1328 5.5034718954e-01 3.3204939724e-06
1329 5.5027353867e-01 2.9329902260e-06
1330 5.5021615005e-01 2.4856720422e-06
1331 5.5012069059e-01 3.2215423404e-06
1332 5.5000550956e-01 3.3679563534e-06
1333 5.4988790337e-01 3.3024512095e-06
1334 5.4977747743e-01 3.8503809333e-06
1335 5.4963283339e-01 4.1889364599e-06
1336 5.4951483679e-01 4.0897050846e-06
1337 5.4933888025e-01 5.0576436099e-06
1338 5.4919857689e-01 5.4577168096e-06
1339 5.4914124467e-01 5.4176901022e-06
1340 5.4915086040e-01 5.7058364207e-06
1341 5.4926940980e-01 5.6047192604e-06
1342 5.4942806754e-01 5.5379136782e-06
1343 5.4965250042e-01 5.2567718914e-06
1344 5.4986290759e-01 4.5010597433e-06
1345 5.5008739998e-01 4.9134888303e-06
1346 5.5035128832e-01 4.1074140448e-06
1347 5.5059669064e-01 4.1210252561e-06
1348 5.5090218580e-01 4.7056385228e-06
1349 5.5106121357e-01 3.3229233128e-06
1350 5.5124171820e-01 3.6415245193e-06
1351 5.5134588972e-01 2.6421164379e-06
1352 5.5141618075e-01 2.4846863028e-06
1353 5.5147052988e-01 2.8669479192e-06
1354 5.5153798995e-01 3.0818117454e-06
1355 5.5158386698e-01 3.0648963743e-06
1356 5.5163179180e-01 4.2499629531e-06
1357 5.5167791819e-01 3.8926835695e-06
1358 5.5169669241e-01 4.2668894674e-06
1359 5.5170706140e-01 5.1344035796e-06
1360 5.5170133707e-01 5.1924708242e-06
1361 5.5167494831e-01 5.5483038523e-06
1362 5.5163120945e-01 6.1908817138e-06
1363 5.5154545524e-01 6.3701126389e-06
1364 5.5144592526e-01 8.0457120412e-06
1365 5.5124775649e-01 7.9751676304e-06
1366 5.5106274418e-01 1.0356849919e-05
1367 5.5082471052e-01 1.0373525397e-05
1368 5.5046068250e-01 1.3066415279e-05
1369 5.4993652783e-01 1.3289378198e-05
1370 5.4966935510e-01 1.3638738933e-05
1371 5.4935636777e-01 1.1839126607e-05
1372 5.4913166254e-01 1.6411158423e-05
1373 5.4892455211e-01 1.1561762273e-05
1374 5.4881323901e-01 1.4310656772e-05
1375 5.4878020766e-01 1.1428943012e-05
1376 5.4877936404e-01 1.2650566904e-05
1377 5.4881235022e-01 9.5100312861e-06
1378 5.4889958999e-01 1.0781223378e-05
1379 5.4895481526e-01 7.6153816714e-06
1380 5.4899836170e-01 6.8147874014e-06
1381 5.4904051928e-01 6.2725507571e-06
1382 5.4906744944e-01 4.4691283124e-06
1383 5.4907993438e-01 5.1668605598e-06
1384 5.4910659652e-01 4.0201526565e-06
1385 5.4911769127e-01 3.4177370252e-06
1386 5.4912151339e-01 3.1079494312e-06
1387 5.4912673619e-01 2.5021875902e-06
1388 5.4912806906e-01 2.6564814846e-06
1389 5.4912478257e-01 2.0361224852e-06
1390 5.4912097054e-01 2.0718240596e-06
1391 5.4911783267e-01 1.8332344695e-06
1392 5.4910717016e-01 2.0347432733e-06
1393 5.4909910573e-01 1.8241041308e-06
1394 5.4908580353e-01 2.5112295796e-06
1395 5.4906732241e-01 1.9395183289e-06
1396 5.4903800947e-01 2.7428633608e-06
1397 5.4902072795e-01 2.0762778194e-06
1398 5.4898886024e-01 2.5697813776e-06
1399 5.4896772124e-01 2.3802056794e-06
1400 5.4892016194e-01 3.2691480071e-06
1401 5.4886497338e-01 3.0637455448e-06
1402 5.4878434120e-01 4.7486907621e-06
1403 5.4869670278e-01 3.4223635178e-06
1404 5.4859641188e-01 6.0225848415e-06
1405 5.4850099142e-01 4.2380291307e-06
1406 5.4839139508e-01 5.9524103473e-06
1407 5.4826062542e-01 5.9676931720e-06
1408 5.4812662984e-01 8.6802993191e-06
1409 5.4804939056e-01 6.5389515592e-06
1410 5.4804150416e-01 1.1186478973e-05
1411 5.4816267402e-01 8.1937015531e-06
1412 5.4859612851e-01 1.3649144647e-05
1413 5.4919641274e-01 1.0193968417e-05
1414 5.5075591475e-01 1.0663106333e-05
1415 5.5150373831e-01 1.0409665800e-05
1416 5.5324073077e-01 8.4060825544e-06
1417 5.5396157667e-01 8.3895774791e-06
1418 5.5560519162e-01 9.7626960291e-06
1419 5.5639119813e-01 6.8055390329e-06
1420 5.5727407077e-01 8.1958627634e-06
1421 5.5810426822e-01 6.2594832386e-06
1422 5.5855089257e-01 5.4917256179e-06
1423 5.5911362669e-01 5.4333986935e-06
1424 5.5946649087e-01 5.0000253391e-06
1425 5.5986841901e-01 4.2263566187e-06
1426 5.5998676246e-01 3.7230567816e-06
1427 5.6018561900e-01 4.0764176989e-06
1428 5.6024071578e-01 3.2974640575e-06
1429 5.6029739777e-01 3.7931703010e-06
1430 5.6029203531e-01 2.7646081433e-06
1431 5.6018512198e-01 3.2143040595e-06
1432 5.6012531198e-01 2.3332683920e-06
1433 5.5995605861e-01 2.9496286955e-06
1434 5.5980260080e-01 2.2181227682e-06
1435 5.5946794204e-01 4.1154295197e-06
1436 5.5908359101e-01 2.9586010504e-06
1437 5.5834576123e-01 5.8511320022e-06
1438 5.5778354857e-01 3.8494490319e-06
1439 5.5662359188e-01 6.6032797732e-06
1440 5.5560735782e-01 4.8655189291e-06
1441 5.5365388055e-01 6.4649542226e-06
1442 5.5282451202e-01 5.5832242000e-06
1443 5.5154930254e-01 5.9695172432e-06
1444 5.5093197979e-01 5.5384012323e-06
1445 5.4913074299e-01 8.1372815040e-06
1446 5.4838016415e-01 5.9576295462e-06
1447 5.4716387015e-01 7.0454235202e-06
1448 5.4677963771e-01 5.5534622503e-06
1449 5.4627159846e-01 6.4609548031e-06
1450 5.4597024192e-01 4.8381199603e-06
1451 5.4578152432e-01 5.1657889515e-06
1452 5.4566992498e-01 3.9136496877e-06
1453 5.4560921185e-01 3.9943366242e-06
1454 5.4557118257e-01 3.9372833265e-06
1455 5.4555936496e-01 3.2301103412e-06
1456 5.4555102647e-01 3.2438586469e-06
1457 5.4555331335e-01 2.9381898778e-06
1458 5.4555976893e-01 2.5189947007e-06
1459 5.4556724846e-01 2.4382381364e-06
1460 5.4556999808e-01 2.2545786604e-06
1461 5.4557340318e-01 2.2743227635e-06
1462 5.4557389630e-01 2.0406990997e-06
1463 5.4557223910e-01 1.8751264294e-06
1464 5.4556998743e-01 1.7058508403e-06
1465 5.4556133550e-01 1.6799775741e-06
1466 5.4555593628e-01 1.3603392412e-06
1467 5.4554325913e-01 1.5881414776e-06
1468 5.4552986485e-01 1.4735254446e-06
1469 5.4551867440e-01 1.1862649154e-06
1470 5.4549273958e-01 1.5916826459e-06
1471 5.4547341087e-01 1.2670923989e-06
1472 5.4544736170e-01 1.4307835801e-06
1473 5.4539316423e-01 2.0502590266e-06
1474 5.4535795514e-01 1.6443897205e-06
1475 5.4527556088e-01 1.9037647619e-06
1476 5.4520686121e-01 2.4372834832e-06
1477 5.4512909370e-01 2.2593825887e-06
1478 5.4490307767e-01 3.6648371619e-06
1479 5.4480091088e-01 3.1665455480e-06
1480 5.4447059824e-01 4.8347825074e-06
1481 5.4421350236e-01 4.4097947319e-06
1482 5.4400103652e-01 5.2749092270e-06
1483 5.4382879709e-01 4.9057633235e-06
1484 5.4376044742e-01 3.9518497888e-06
1485 5.4374321688e-01 5.0500233187e-06
1486 5.4377706669e-01 4.3273032917e-06
1487 5.4384745009e-01 5.2667349058e-06
1488 5.4406908220e-01 5.4760184968e-06
1489 5.4445621874e-01 5.1819817959e-06
1490 5.4486458267e-01 5.7125028355e-06
1491 5.4525315236e-01 3.8387194640e-06
1492 5.4564349316e-01 5.6296684175e-06
1493 5.4600398674e-01 3.1936915083e-06
1494 5.4635306318e-01 3.7578455017e-06
1495 5.4661031207e-01 3.2752400080e-06
1496 5.4677189278e-01 2.1841101477e-06
1497 5.4692385463e-01 2.8603392126e-06
1498 5.4706776341e-01 1.9887316059e-06
1499 5.4715275378e-01 2.2353566554e-06
1500 5.4724372844e-01 1.8364934394e-06
1501 5.4729218615e-01 1.7221917575e-06
1502 5.4733848259e-01 1.9334676241e-06
1503 5.4740974037e-01 2.0099488488e-06
1504 5.4745054842e-01 2.0063789141e-06
1505 5.4747899024e-01 1.3587155709e-06
1506 5.4749233405e-01 1.2181016309e-06
1507 5.4749206789e-01 1.3944097068e-06
1508 5.4747873359e-01 1.2026948874e-06
1509 5.4745877341e-01 1.3757235558e-06
1510 5.4743601917e-01 1.5760028770e-06
1511 5.4738894157e-01 1.1923173068e-06
1512 5.4735928268e-01 1.2987394984e-06
1513 5.4730080445e-01 1.3871507861e-06
1514 5.4723921048e-01 1.4786687850e-06
1515 5.4712423168e-01 2.1297381815e-06
1516 5.4697301972e-01 1.7326345616e-06
1517 5.4677260438e-01 2.3472076443e-06
1518 5.4662389807e-01 1.8175878106e-06
1519 5.4647578907e-01 2.0571369422e-06
1520 5.4624626199e-01 2.5000292908e-06
1521 5.4596114414e-01 2.5715088714e-06
1522 5.4535902833e-01 4.6841982415e-06
1523 5.4479155529e-01 3.7913484769e-06
1524 5.4422001717e-01 4.0606269611e-06
1525 5.4365914147e-01 4.4515970846e-06
1526 5.4326174157e-01 3.3630965298e-06
1527 5.4297623713e-01 3.9242695796e-06
1528 5.4265707589e-01 4.2189034644e-06
1529 5.4240369173e-01 3.8238453753e-06
1530 5.4219708571e-01 4.7927839056e-06
1531 5.4209049618e-01 3.5285093333e-06
1532 5.4204428013e-01 3.6145152768e-06
1533 5.4205081752e-01 4.2246949679e-06
1534 5.4211029557e-01 3.6045736951e-06
1535 5.4224967913e-01 4.4682141896e-06
1536 5.4243302116e-01 3.4851247131e-06
1537 5.4259744270e-01 3.1310024424e-06
1538 5.4275885677e-01 3.0522687517e-06
1539 5.4289411198e-01 2.1982964174e-06
1540 5.4298179532e-01 2.4946596014e-06
1541 5.4311723641e-01 2.5499609048e-06
1542 5.4323895047e-01 2.3703036668e-06
1543 5.4337911194e-01 2.8127478742e-06
1544 5.4354770188e-01 1.9228563963e-06
1545 5.4361495871e-01 1.9414309471e-06
1546 5.4370393646e-01 2.0708690835e-06
1547 5.4380620805e-01 2.0381738349e-06
1548 5.4388886391e-01 1.9223157536e-06
1549 5.4399145857e-01 1.5220264727e-06
1550 5.4403436478e-01 1.2992516422e-06
1551 5.4405378052e-01 1.2572892588e-06
1552 5.4408435330e-01 1.3192225189e-06
1553 5.4410801430e-01 1.4853343080e-06
1554 5.4413406457e-01 1.4342186575e-06
1555 5.4416570076e-01 1.4022521239e-06
1556 5.4418007099e-01 1.5167000311e-06
1557 5.4419390859e-01 1.4665117655e-06
1558 5.4420851945e-01 2.0194537258e-06
1559 5.4421808487e-01 1.8616998452e-06
1560 5.4422924614e-01 1.5494744568e-06
1561 5.4423176869e-01 1.8992024382e-06
1562 5.4423001616e-01 2.1610002470e-06
1563 5.4422071911e-01 2.8312938260e-06
1564 5.4420429017e-01 3.4712813869e-06
1565 5.4418801357e-01 2.6859128417e-06
1566 5.4416280850e-01 2.5557850704e-06
1567 5.4412087924e-01 4.9307040061e-06
1568 5.4405811161e-01 4.2329583944e-06
1569 5.4397790385e-01 5.5368252290e-06
1570 5.4390742551e-01 4.7074016064e-06
1571 5.4383821718e-01 4.0846478409e-06
1572 5.4373530007e-01 6.5202199096e-06
1573 5.4357516360e-01 7.6737361374e-06
1574 5.4344401457e-01 7.0918190798e-06
1575 5.4333048309e-01 7.5177465963e-06
1576 5.4323455204e-01 6.5391092926e-06
1577 5.4315328185e-01 6.4176704886e-06
1578 5.4305461170e-01 9.8746862535e-06
1579 5.4302482396e-01 7.6580441614e-06
1580 5.4303452400e-01 6.7163260498e-06
1581 5.4305249315e-01 8.0240525194e-06
1582 5.4309396948e-01 6.7958734289e-06
1583 5.4319495083e-01 8.2595423809e-06
1584 5.4344455556e-01 7.2438368468e-06
1585 5.4372181171e-01 6.8711403700e-06
1586 5.4404064795e-01 9.7735975236e-06
1587 5.4439395588e-01 7.8734729193e-06
1588 5.4459349400e-01 6.0142040199e-06
1589 5.4476375891e-01 6.0136224727e-06
1590 5.4500298503e-01 5.3577878648e-06
1591 5.4532126959e-01 6.3354910012e-06
1592 5.4571549124e-01 6.6875910539e-06
1593 5.4602884106e-01 5.4367452510e-06
1594 5.4626429982e-01 6.1194056708e-06
1595 5.4655719246e-01 4.1566077741e-06
1596 5.4672809745e-01 3.8607250673e-06
1597 5.4682400047e-01 3.4264969651e-06
1598 5.4698252643e-01 3.3335887886e-06
1599 5.4711551811e-01 3.6536303063e-06
1600 5.4723748768e-01 2.7552394009e-06
1601 5.4731694936e-01 2.7993186515e-06
1602 5.4735640004e-01 2.6598652364e-06
1603 5.4740630489e-01 2.0834187722e-06
1604 5.4744928070e-01 2.2144961177e-06
1605 5.4750023304e-01 2.1421560584e-06
1606 5.4754716233e-01 2.0957106570e-06
1607 5.4758972487e-01 2.3667480295e-06
1608 5.4762522428e-01 1.6959312030e-06
1609 5.4764394512e-01 1.5313936439e-06
1610 5.4765622713e-01 1.8610041871e-06
1611 5.4767256747e-01 1.4979314969e-06
1612 5.4768578588e-01 1.4765094441e-06
1613 5.4770125220e-01 2.0714793018e-06
1614 5.4771617698e-01 2.1148801975e-06
1615 5.4773085784e-01 2.0122463867e-06
1616 5.4774386874e-01 2.1031587779e-06
1617 5.4775287734e-01 1.6801809540e-06
1618 5.4775894957e-01 1.8168170712e-06
1619 5.4776400297e-01 1.8445377569e-06
1620 5.4776647937e-01 1.7172169826e-06
1621 5.4776676945e-01 2.0689388714e-06
1622 5.4776510709e-01 2.6714688256e-06
1623 5.4776093517e-01 2.7264939343e-06
1624 5.4775185044e-01 3.1453440734e-06
1625 5.4773962386e-01 2.8101450897e-06
1626 5.4772370951e-01 3.1101937954e-06
1627 5.4769969491e-01 3.7468442660e-06
1628 5.4768109258e-01 3.5463254862e-06
1629 5.4764898804e-01 3.9672411679e-06
1630 5.4762029628e-01 5.0510094034e-06
1631 5.4758520414e-01 4.9360770350e-06
1632 5.4753915799e-01 4.9792697762e-06
1633 5.4749329990e-01 4.8647787896e-06
1634 5.4740225524e-01 4.4229773123e-06
1635 5.4731179861e-01 5.1702301034e-06
1636 5.4725226738e-01 5.3501951873e-06
1637 5.4718823104e-01 5.2693933339e-06
1638 5.4710706715e-01 6.6438772252e-06
1639 5.4701710383e-01 7.7423186672e-06
1640 5.4682969473e-01 9.6558654489e-06
1641 5.4661760138e-01 9.1830670694e-06
1642 5.4641888459e-01 7.5551969998e-06
1643 5.4618216889e-01 8.5154216606e-06
1644 5.4594643356e-01 8.0302545574e-06
1645 5.4574748033e-01 7.0805560673e-06
1646 5.4554763514e-01 8.1952424971e-06
1647 5.4543406331e-01 7.0669781673e-06
1648 5.4533380077e-01 7.4552132680e-06
1649 5.4518933522e-01 8.9615982955e-06
1650 5.4508052659e-01 7.6745554793e-06
1651 5.4491758701e-01 8.6526574370e-06
1652 5.4479441381e-01 7.4563344469e-06
1653 5.4470252238e-01 5.7652759604e-06
1654 5.4459150658e-01 5.5765911846e-06
1655 5.4453110110e-01 4.6977293762e-06
1656 5.4448603431e-01 4.1724288981e-06
1657 5.4443316593e-01 4.5254536590e-06
1658 5.4439154541e-01 4.6418102547e-06
1659 5.4434534195e-01 4.4248060130e-06
1660 5.4430570669e-01 4.1822173294e-06
1661 5.4426970969e-01 3.9927416192e-06
1662 5.4422670359e-01 3.4809087726e-06
1663 5.4417045562e-01 3.6944724928e-06
1664 5.4413985565e-01 2.6512140898e-06
1665 5.4411768603e-01 2.3902062861e-06
1666 5.4409651966e-01 2.2984393865e-06
1667 5.4407893008e-01 2.4574670734e-06
1668 5.4405849807e-01 2.4403222799e-06
1669 5.4403817755e-01 2.3346774382e-06
1670 5.4401915072e-01 2.0205273719e-06
1671 5.4399697797e-01 1.9545415628e-06
1672 5.4397259949e-01 1.4660827697e-06
1673 5.4395868098e-01 1.3794805804e-06
1674 5.4393967853e-01 1.2342613511e-06
1675 5.4392443721e-01 1.2864781674e-06
1676 5.4391138290e-01 1.3097767522e-06
1677 5.4389756321e-01 1.3493728243e-06
1678 5.4388411951e-01 1.1254224704e-06
1679 5.4387218367e-01 1.4434910116e-06
1680 5.4384833923e-01 9.9681638110e-07
1681 5.4382871958e-01 1.0818048562e-06
1682 5.4380636037e-01 1.0616116844e-06
1683 5.4377973237e-01 9.4804216763e-07
1684 5.4375769679e-01 1.0677014894e-06
1685 5.4373823504e-01 1.1027771441e-06
1686 5.4371302732e-01 1.1286721875e-06
1687 5.4368558948e-01 1.3826244578e-06
1688 5.4363815490e-01 1.2980863862e-06
1689 5.4359897024e-01 1.1846045701e-06
1690 5.4355001070e-01 1.6751690254e-06
1691 5.4347026841e-01 1.6588172216e-06
1692 5.4333955656e-01 1.6724230294e-06
1693 5.4325720620e-01 1.6693407482e-06
1694 5.4316546111e-01 1.7453660712e-06
1695 5.4306716866e-01 1.8686287223e-06
1696 5.4290750506e-01 2.8327665577e-06
1697 5.4275625361e-01 2.4785157349e-06
1698 5.4247012256e-01 3.3340193936e-06
1699 5.4215903953e-01 3.9567231330e-06
1700 5.4151082277e-01 4.0776714182e-06
1701 5.4095261331e-01 4.4961431903e-06
1702 5.4035445927e-01 3.9637065686e-06
1703 5.3980142858e-01 3.8625358636e-06
1704 5.3920687935e-01 4.3842022373e-06
1705 5.3875210804e-01 4.0468201320e-06
1706 5.3834869783e-01 4.8113477614e-06
1707 5.3770122823e-01 6.9742504643e-06
1708 5.3714387046e-01 6.1799883467e-06
1709 5.3647712959e-01 6.1398569135e-06
1710 5.3592208357e-01 5.9553567384e-06
1711 5.3550074062e-01 4.6543298160e-06
1712 5.3512040288e-01 4.1550668758e-06
1713 5.3489175884e-01 3.8428307095e-06
1714 5.3468882454e-01 4.5270475066e-06
1715 5.3444271178e-01 4.7168380922e-06
1716 5.3425338404e-01 5.1265834519e-06
1717 5.3416297651e-01 4.2899542807e-06
1718 5.3404792519e-01 5.6170925007e-06
1719 5.3398344904e-01 4.8958516340e-06
1720 5.3392764685e-01 5.8519808937e-06
1721 5.3394229145e-01 5.7015522856e-06
1722 5.3403091493e-01 4.2234387050e-06
1723 5.3414582057e-01 4.2275403954e-06
1724 5.3429424643e-01 3.3404174311e-06
1725 5.3438704115e-01 3.5984978504e-06
1726 5.3450269782e-01 3.2571387238e-06
1727 5.3456402980e-01 3.1837796877e-06
1728 5.3462694781e-01 2.4966718777e-06
1729 5.3469426237e-01 3.4356163386e-06
1730 5.3476478821e-01 2.2533846890e-06
1731 5.3482685789e-01 2.2038366639e-06
1732 5.3490388434e-01 2.3105837376e-06
1733 5.3496402318e-01 1.4267504303e-06
1734 5.3499081161e-01 1.2945998488e-06
1735 5.3502084028e-01 1.1722751298e-06
1736 5.3503628367e-01 1.2043292227e-06
1737 5.3505823080e-01 1.1275264443e-06
1738 5.3507274677e-01 1.1495579299e-06
1739 5.3508502220e-01 1.0480655078e-06
1740 5.3509815468e-01 1.2835853797e-06
1741 5.3511294087e-01 1.0526358273e-06
1742 5.3512433128e-01 1.1305704886e-06
1743 5.3513874525e-01 1.1753680682e-06
1744 5.3514508116e-01 7.8094174196e-07
1745 5.3515563086e-01 8.1759616309e-07
1746 5.3516033637e-01 6.9469634249e-07
1747 5.3516582827e-01 6.5539846678e-07
1748 5.3516953959e-01 5.5643004715e-07
1749 5.3517188915e-01 6.0097679957e-07
1750 5.3517308841e-01 5.0686566682e-07
1751 5.3517478512e-01 7.0498142101e-07
1752 5.3517553593e-01 5.3600418955e-07
1753 5.3517612243e-01 6.1685985583e-07
1754 5.3517614481e-01 5.2382707190e-07
1755 5.3517536854e-01 6.4814482710e-07
1756 5.3517459073e-01 5.2250587070e-07
1757 5.3517340492e-01 5.1962327726e-07
1758 5.3517229585e-01 3.6797217993e-07
1759 5.3517010171e-01 4.4667675336e-07
1760 5.3516858175e-01 3.5095942365e-07
1761 5.3516517242e-01 4.5084619067e-07
1762 5.3516305020e-01 3.8916312327e-07
1763 5.3515818774e-01 5.2935712611e-07
1764 5.3515469211e-01 4.4091934130e-07
1765 5.3515042987e-01 5.8365019005e-07
1766 5.3514411764e-01 5.1479110032e-07
1767 5.3513593457e-01 6.6630525206e-07
1768 5.3512628831e-01 6.1376709016e-07
1769 5.3511468374e-01 6.6486220159e-07
1770 5.3510330523e-01 6.0217197863e-07
1771 5.3509581673e-01 5.0416863851e-07
1772 5.3507884796e-01 6.0558232406e-07
1773 5.3506990032e-01 5.6049578254e-07
1774 5.3504907316e-01 7.4809858123e-07
1775 5.3503294919e-01 7.2922262727e-07
1776 5.3498231066e-01 1.1129149553e-06
1777 5.3494959418e-01 8.8070145194e-07
1778 5.3490645794e-01 1.1763040083e-06
1779 5.3486618034e-01 1.1235293159e-06
1780 5.3477413283e-01 1.8027280182e-06
1781 5.3471685735e-01 1.2630473007e-06
1782 5.3457708159e-01 1.8566887037e-06
1783 5.3452243201e-01 1.4517652875e-06
1784 5.3443382366e-01 1.5284980883e-06
1785 5.3439051612e-01 1.6641737050e-06
1786 5.3428756991e-01 1.8782273648e-06
1787 5.3423676572e-01 2.1818725219e-06
1788 5.3415678858e-01 1.9860208459e-06
1789 5.3412555032e-01 2.7129395966e-06
1790 5.3409023212e-01 2.0510559748e-06
1791 5.3409565983e-01 2.5496286439e-06
1792 5.3423311113e-01 2.5166227160e-06
1793 5.3431979838e-01 2.6761236115e-06
1794 5.3458273588e-01 2.6974331292e-06
1795 5.3476282203e-01 3.1279303308e-06
1796 5.3524507400e-01 2.5491387513e-06
1797 5.3543058778e-01 2.2926287646e-06
1798 5.3575170267e-01 2.2747329563e-06
1799 5.3595770835e-01 2.3898829785e-06
1800 5.3647845851e-01 2.2589587624e-06
1801 5.3670452539e-01 2.5692695445e-06
1802 5.3742782272e-01 2.7730882395e-06
1803 5.3776468943e-01 2.6584852942e-06
1804 5.3862933317e-01 2.5319562893e-06
1805 5.3917955769e-01 2.4808403270e-06
1806 5.3955868956e-01 1.8194816369e-06
1807 5.3995478489e-01 1.8193784078e-06
1808 5.4012949648e-01 1.6427998302e-06
1809 5.4039118140e-01 1.7217182834e-06
1810 5.4057717480e-01 1.4032637108e-06
1811 5.4084040640e-01 1.9262451852e-06
1812 5.4110840233e-01 1.3919033964e-06
1813 5.4135150720e-01 1.6503105777e-06
1814 5.4167161992e-01 1.5532799870e-06
1815 5.4187066776e-01 1.2439625882e-06
1816 5.4214522427e-01 1.4170045527e-06
1817 5.4228587217e-01 1.3572541261e-06
1818 5.4259189536e-01 1.6444947827e-06
1819 5.4272715651e-01 1.4959436525e-06
1820 5.4287709650e-01 8.7350799435e-07
1821 5.4295399106e-01 9.0231925789e-07
1822 5.4300696036e-01 6.8827942867e-07
1823 5.4305195063e-01 5.9146511793e-07
1824 5.4306931198e-01 6.9980721649e-07
1825 5.4308489430e-01 6.1917043561e-07
1826 5.4309322139e-01 5.9697029360e-07
1827 5.4309190027e-01 7.0608653930e-07
1828 5.4308365099e-01 5.2149415668e-07
1829 5.4306237433e-01 9.6742753484e-07
1830 5.4302909754e-01 5.8225333341e-07
1831 5.4300389274e-01 6.3941685325e-07
1832 5.4294222664e-01 9.2099227375e-07
1833 5.4284904450e-01 6.1305976755e-07
1834 5.4279339151e-01 6.7962979004e-07
1835 5.4272012315e-01 4.2473319080e-07
1836 5.4267326940e-01 5.3480731147e-07
1837 5.4262818481e-01 4.1129590456e-07
1838 5.4258185421e-01 4.4192719363e-07
1839 5.4251387580e-01 4.8279169924e-07
1840 5.4242084972e-01 4.7322943876e-07
1841 5.4235345027e-01 5.0957867951e-07
1842 5.4223815373e-01 5.7181700802e-07
1843 5.4213866882e-01 7.8274586181e-07
1844 5.4195474573e-01 6.7691961280e-07
1845 5.4175481543e-01 8.4595952118e-07
1846 5.4136821377e-01 1.0667842162e-06
1847 5.4084356155e-01 7.3322904762e-07
1848 5.4059016028e-01 1.0213245676e-06
1849 5.4021003959e-01 7.9243316422e-07
1850 5.4000127355e-01 8.2225582883e-07
1851 5.3977348426e-01 8.2179237663e-07
1852 5.3939254808e-01 8.3389347288e-07
1853 5.3914788154e-01 9.1903181026e-07
1854 5.3869775222e-01 9.4913138173e-07
1855 5.3847901364e-01 1.1126849896e-06
1856 5.3804066839e-01 1.3738731603e-06
1857 5.3755614319e-01 1.7720702639e-06
1858 5.3680056046e-01 2.4400065883e-06
1859 5.3534244497e-01 1.8790379054e-06
1860 5.3486793438e-01 1.2879221375e-06
1861 5.3417722554e-01 1.6002644926e-06
1862 5.3385103194e-01 1.0108727501e-06
1863 5.3374808740e-01 9.9609296122e-07
1864 5.3364218690e-01 1.0745159049e-06
1865 5.3359380135e-01 9.2716193371e-07
1866 5.3355313986e-01 1.0648797282e-06
1867 5.3356580334e-01 1.1805574241e-06
1868 5.3358323116e-01 1.0738213952e-06
1869 5.3360646495e-01 1.1368065462e-06
1870 5.3363196139e-01 1.1358732335e-06
1871 5.3367692107e-01 9.1201817643e-07
1872 5.3375809347e-01 8.5932875123e-07
1873 5.3378507155e-01 6.5551785322e-07
1874 5.3383012932e-01 8.7409060143e-07
1875 5.3393231620e-01 9.0635115367e-07
1876 5.3400864725e-01 5.6973206266e-07
1877 5.3409842426e-01 5.2988059298e-07
1878 5.3412644188e-01 5.4322255264e-07
1879 5.3416810415e-01 5.6572251779e-07
1880 5.3421542614e-01 5.2577924991e-07
1881 5.3426146854e-01 5.7825387836e-07
1882 5.3430965560e-01 5.7966683561e-07
1883 5.3433252220e-01 4.8914093630e-07
1884 5.3435228265e-01 5.8205777363e-07
1885 5.3438316126e-01 6.1662009410e-07
1886 5.3442878683e-01 4.4798466511e-07
1887 5.3446136639e-01 5.5209105130e-07
1888 5.3448126208e-01 5.0028231406e-07
1889 5.3450248115e-01 4.6131094350e-07
1890 5.3453992822e-01 5.1442288586e-07
1891 5.3460163905e-01 4.1298444095e-07
1892 5.3465602290e-01 4.1492709846e-07
1893 5.3466896056e-01 3.7304596115e-07
1894 5.3467365952e-01 3.1813186262e-07
1895 5.3467894777e-01 3.6912246448e-07
1896 5.3469051197e-01 4.2582507860e-07
1897 5.3471682319e-01 6.4310585018e-07
1898 5.3473639029e-01 6.5378444931e-07
1899 5.3474291722e-01 3.8901009806e-07
1900 5.3474646138e-01 3.9043303618e-07
1901 5.3474888831e-01 3.0409871511e-07
1902 5.3475040321e-01 3.4271536951e-07
1903 5.3475244165e-01 6.2054798498e-07
1904 5.3475372795e-01 4.8400570359e-07
1905 5.3475351937e-01 5.6196533075e-07
1906 5.3475257022e-01 3.9674298003e-07
1907 5.3475043810e-01 3.5464914442e-07
1908 5.3474519495e-01 4.1749357634e-07
1909 5.3472985357e-01 5.4519514848e-07
1910 5.3471370042e-01 7.1484717053e-07
1911 5.3469551940e-01 8.4350041004e-07
1912 5.3468306121e-01 5.6133916248e-07
1913 5.3467193517e-01 5.1169360720e-07
1914 5.3465637827e-01 5.8721193046e-07
1915 5.3462894182e-01 8.0699142026e-07
1916 5.3456709454e-01 2.1349374656e-06
1917 5.3445150998e-01 1.1309936038e-06
1918 5.3438993907e-01 7.3234633868e-07
1919 5.3435624402e-01 6.9827330923e-07
1920 5.3431024450e-01 7.2518155829e-07
1921 5.3418549690e-01 1.5087184136e-06
1922 5.3394970566e-01 1.3625873604e-06
1923 5.3384343081e-01 1.1374344147e-06
1924 5.3379429536e-01 1.1944038452e-06
1925 5.3374286252e-01 1.2076815389e-06
1926 5.3361382537e-01 1.7883639178e-06
1927 5.3331806944e-01 3.0910723862e-06
1928 5.3309702049e-01 2.3050950032e-06
1929 5.3299554844e-01 2.5301284797e-06
1930 5.3289438816e-01 1.8916174218e-06
1931 5.3272860666e-01 1.4543516363e-06
1932 5.3236512534e-01 2.8025902458e-06
1933 5.3203162453e-01 2.9612950960e-06
1934 5.3216834334e-01 2.7746591452e-06
1935 5.3225715595e-01 2.2654052807e-06
1936 5.3230295269e-01 1.9023935473e-06
1937 5.3233244319e-01 1.9223321505e-06
1938 5.3242744386e-01 2.4135953444e-06
1939 5.3320650883e-01 3.7410634923e-06
1940 5.3525697881e-01 6.0301302075e-06
1941 5.3692023663e-01 5.7935624104e-06
1942 5.3764561416e-01 2.6484662099e-06
1943 5.3800844627e-01 2.4090403130e-06
1944 5.3901705773e-01 2.1118650064e-06
1945 5.4154601743e-01 2.3449427212e-06
1946 5.4487283954e-01 2.0618533614e-06
1947 5.4604321179e-01 1.5784905272e-06
1948 5.4633901740e-01 1.3819456368e-06
1949 5.4647425525e-01 1.2168309500e-06
1950 5.4665999809e-01 1.2231797025e-06
1951 5.4705959836e-01 1.4103648912e-06
1952 5.4790219103e-01 1.5966536406e-06
1953 5.4827550040e-01 1.2912049984e-06
1954 5.4842079320e-01 1.3134033722e-06
1955 5.4852264119e-01 8.1064785704e-07
1956 5.4863927687e-01 1.0592976202e-06
1957 5.4895631830e-01 1.3465346704e-06
1958 5.4936189139e-01 1.5524993611e-06
1959 5.4946981621e-01 7.7987343902e-07
1960 5.4950992655e-01 5.3858561765e-07
1961 5.4953926160e-01 5.2908230441e-07
1962 5.4957618504e-01 7.8894670772e-07
1963 5.4965024255e-01 9.9322170217e-07
1964 5.4970842642e-01 1.0462040661e-06
1965 5.4976365509e-01 9.3289111633e-07
1966 5.4983840873e-01 8.3122385082e-07
1967 5.4986207773e-01 6.3564118226e-07
1968 5.4986714496e-01 5.0314012752e-07
1969 5.4986819939e-01 4.9570616726e-07
1970 5.4986427941e-01 7.1259432085e-07
1971 5.4984575812e-01 1.0488750908e-06
1972 5.4981382591e-01 1.3818000839e-06
1973 5.4978868827e-01 8.7496883512e-07
1974 5.4976456383e-01 9.5574509329e-07
1975 5.4973114496e-01 8.0903161612e-07
1976 5.4970835972e-01 5.5104881109e-07
1977 5.4969170519e-01 4.3895367969e-07
1978 5.4967545962e-01 5.4330830089e-07
1979 5.4964555197e-01 6.7919608035e-07
1980 5.4956368655e-01 1.0208372279e-06
1981 5.4947555519e-01 7.8615277649e-07
1982 5.4943170812e-01 6.7748158873e-07
1983 5.4936869978e-01 7.6973779425e-07
1984 5.4931186365e-01 8.6103577792e-07
1985 5.4925404619e-01 7.9168589369e-07
1986 5.4919640927e-01 7.5560876580e-07
1987 5.4913221781e-01 8.2636097570e-07
1988 5.4893489940e-01 1.5900085453e-06
1989 5.4864745728e-01 1.7064150500e-06
1990 5.4830368795e-01 1.7806387855e-06
1991 5.4768580361e-01 1.3411846505e-06
1992 5.4715451064e-01 1.4014612196e-06
1993 5.4692066584e-01 1.0463057456e-06
1994 5.4678591607e-01 9.6983497059e-07
1995 5.4666626533e-01 8.9143487970e-07
1996 5.4644153191e-01 1.0185949942e-06
1997 5.4595781999e-01 2.0860847118e-06
1998 5.4537931274e-01 2.5655953829e-06
1999 5.4464882537e-01 2.0542405104e-06
