iter rel_error rel_residual
0 1.1078860195e+01 4.2119657817e-01
1 1.2813363135e+01 1.9014714695e-01
2 1.5788420239e+01 1.1571191400e-01
3 1.8601163350e+01 8.3791115742e-02
4 1.8973284086e+01 5.9334708238e-02
5 1.7368062034e+01 4.9603279850e-02
6 1.5408758197e+01 4.0970203171e-02
7 1.4394855025e+01 3.4721540160e-02
8 1.4033461232e+01 3.0218496712e-02
9 1.3840294477e+01 2.6802385726e-02
10 1.3663353226e+01 2.4415449340e-02
11 1.3451262517e+01 2.2292187782e-02
12 1.3174051823e+01 2.0010699890e-02
13 1.2828223316e+01 1.8283135331e-02
14 1.2510423228e+01 1.6839595964e-02
15 1.2301903125e+01 1.5593364488e-02
16 1.2182843598e+01 1.4669827748e-02
17 1.2078589302e+01 1.3448542551e-02
18 1.1948553262e+01 1.2489604698e-02
19 1.1794408283e+01 1.1733906944e-02
20 1.1635669800e+01 1.1283034782e-02
21 1.1521095973e+01 1.0676269386e-02
22 1.1440964305e+01 1.0136522436e-02
23 1.1370772328e+01 9.7701178076e-03
24 1.1312607957e+01 9.3926240102e-03
25 1.1261451221e+01 9.1642317280e-03
26 1.1226322433e+01 8.7274618636e-03
27 1.1220459649e+01 8.4025986105e-03
28 1.1244124200e+01 8.0299890532e-03
29 1.1279910058e+01 7.8422747051e-03
30 1.1318495886e+01 7.5427725991e-03
31 1.1366418845e+01 7.2401928840e-03
32 1.1425676323e+01 6.9627970512e-03
33 1.1494899352e+01 6.8271946398e-03
34 1.1578691870e+01 6.5957346475e-03
35 1.1666425932e+01 6.3144402575e-03
36 1.1749953421e+01 6.0946628745e-03
37 1.1834842008e+01 5.9478302693e-03
38 1.1919448848e+01 5.7514815208e-03
39 1.2005683007e+01 5.6471754807e-03
40 1.2090548325e+01 5.4762503530e-03
41 1.2171510280e+01 5.3448410529e-03
42 1.2249192289e+01 5.2332048649e-03
43 1.2325651009e+01 5.1296056139e-03
44 1.2402368401e+01 5.0016238522e-03
45 1.2477063840e+01 4.8467295899e-03
46 1.2547297735e+01 4.7533717254e-03
47 1.2613777875e+01 4.6564985492e-03
48 1.2679468042e+01 4.6239763234e-03
49 1.2744818214e+01 4.4891629025e-03
50 1.2807616842e+01 4.3467029754e-03
51 1.2866972907e+01 4.2285397913e-03
52 1.2926253077e+01 4.1335631180e-03
53 1.2984870604e+01 3.9930723939e-03
54 1.3040478305e+01 3.9065471774e-03
55 1.3095353125e+01 3.7793440199e-03
56 1.3149682247e+01 3.7084323571e-03
57 1.3204515987e+01 3.6501517742e-03
58 1.3258690536e+01 3.5623886069e-03
59 1.3309106430e+01 3.4649125734e-03
60 1.3356523930e+01 3.4041138314e-03
61 1.3403387936e+01 3.3306137557e-03
62 1.3450778279e+01 3.2730028513e-03
63 1.3499027662e+01 3.1942456000e-03
64 1.3543515224e+01 3.1038999322e-03
65 1.3583396801e+01 3.0542035072e-03
66 1.3621919110e+01 3.0054077977e-03
67 1.3660709202e+01 2.9326161380e-03
68 1.3698882820e+01 2.8690935347e-03
69 1.3734497020e+01 2.7997649290e-03
70 1.3766461376e+01 2.7471805318e-03
71 1.3795899460e+01 2.6770622420e-03
72 1.3824508625e+01 2.6106487638e-03
73 1.3852228309e+01 2.5558230095e-03
74 1.3878760887e+01 2.5249070503e-03
75 1.3903025072e+01 2.4838079503e-03
76 1.3924734181e+01 2.4320954092e-03
77 1.3945528234e+01 2.3777810262e-03
78 1.3965753622e+01 2.3307235034e-03
79 1.3984527885e+01 2.2958905209e-03
80 1.4001183985e+01 2.2621309392e-03
81 1.4015499216e+01 2.2108557815e-03
82 1.4028439133e+01 2.1659717159e-03
83 1.4040760981e+01 2.1241273410e-03
84 1.4052118000e+01 2.1111732943e-03
85 1.4062005003e+01 2.0682758020e-03
86 1.4070287043e+01 2.0192147496e-03
87 1.4077084999e+01 1.9758939734e-03
88 1.4083170172e+01 1.9544121189e-03
89 1.4088694803e+01 1.9291925272e-03
90 1.4093102570e+01 1.8766942020e-03
91 1.4096111811e+01 1.8499426953e-03
92 1.4098090588e+01 1.8335940331e-03
93 1.4099387776e+01 1.8135994870e-03
94 1.4100054681e+01 1.7853986414e-03
95 1.4100399414e+01 1.7442410374e-03
96 1.4100340220e+01 1.7126140163e-03
97 1.4099238811e+01 1.6861115574e-03
98 1.4096426231e+01 1.6684210687e-03
99 1.4092226581e+01 1.6405816359e-03
100 1.4087837200e+01 1.6046754771e-03
101 1.4083790211e+01 1.5972660576e-03
102 1.4079735172e+01 1.5785574414e-03
103 1.4074421921e+01 1.5484301668e-03
104 1.4067334196e+01 1.5348447531e-03
105 1.4059586332e+01 1.5160403354e-03
106 1.4052459969e+01 1.5042964605e-03
107 1.4045579425e+01 1.5143135319e-03
108 1.4037605547e+01 1.5548250432e-03
109 1.4027376485e+01 1.6232516193e-03
110 1.4015269992e+01 1.7169823872e-03
111 1.4002885593e+01 1.8202874676e-03
112 1.3991070183e+01 1.8907526439e-03
113 1.3979570619e+01 1.8830258329e-03
114 1.3967535795e+01 1.7704785106e-03
115 1.3955558786e+01 1.6522884406e-03
116 1.3944296574e+01 1.5619126815e-03
117 1.3933445879e+01 1.5033751343e-03
118 1.3921951317e+01 1.4679934230e-03
119 1.3909410572e+01 1.4003076445e-03
120 1.3896400102e+01 1.3309759746e-03
121 1.3883701019e+01 1.2721136752e-03
122 1.3871330580e+01 1.2316919317e-03
123 1.3858728148e+01 1.1899365391e-03
124 1.3845697992e+01 1.1318665858e-03
125 1.3832452448e+01 1.0804421149e-03
126 1.3819431291e+01 1.0359504668e-03
127 1.3806838665e+01 1.0013546000e-03
128 1.3794317141e+01 9.6914833134e-04
129 1.3781430138e+01 9.4306268129e-04
130 1.3767953903e+01 9.2842094368e-04
131 1.3754364955e+01 9.0838411117e-04
132 1.3740965483e+01 8.9135630415e-04
133 1.3727062117e+01 8.9067900384e-04
134 1.3712084621e+01 8.8333180048e-04
135 1.3696248703e+01 8.7887050074e-04
136 1.3680176371e+01 8.6376961036e-04
137 1.3664293531e+01 8.5230914253e-04
138 1.3648334528e+01 8.5001685133e-04
139 1.3631864622e+01 8.4681097899e-04
140 1.3614685569e+01 8.3857938617e-04
141 1.3596910379e+01 8.3651891591e-04
142 1.3577995918e+01 8.3691171999e-04
143 1.3558493760e+01 8.3189867738e-04
144 1.3538452177e+01 8.2432769406e-04
145 1.3518206968e+01 8.2479687474e-04
146 1.3497406055e+01 8.2330233326e-04
147 1.3475546303e+01 8.2933423903e-04
148 1.3453007551e+01 8.2602483325e-04
149 1.3429739784e+01 8.2537218479e-04
150 1.3405813291e+01 8.3329014801e-04
151 1.3380647352e+01 8.4100060764e-04
152 1.3353883492e+01 8.4303079150e-04
153 1.3326464273e+01 8.4991585437e-04
154 1.3298746375e+01 8.5652840220e-04
155 1.3270698691e+01 8.6630147713e-04
156 1.3242996170e+01 8.7668439555e-04
157 1.3214823167e+01 8.7412798105e-04
158 1.3185192013e+01 8.7884494669e-04
159 1.3153670941e+01 8.7841181037e-04
160 1.3121083767e+01 8.8691686985e-04
161 1.3087785275e+01 8.8688653549e-04
162 1.3053315727e+01 8.8432709992e-04
163 1.3018473177e+01 8.8491147742e-04
164 1.2983789599e+01 8.8547280176e-04
165 1.2948826479e+01 8.8910922566e-04
166 1.2912838456e+01 8.9500608430e-04
167 1.2875726637e+01 8.9934769986e-04
168 1.2837783915e+01 8.9233691554e-04
169 1.2800609166e+01 8.8469167148e-04
170 1.2764381035e+01 8.7675811183e-04
171 1.2728076402e+01 8.8221551162e-04
172 1.2690681588e+01 8.8830837275e-04
173 1.2652030821e+01 8.8745438159e-04
174 1.2614316277e+01 8.9444772046e-04
175 1.2577533304e+01 8.9557832877e-04
176 1.2542220998e+01 8.8990341036e-04
177 1.2507787052e+01 8.8825246454e-04
178 1.2471244089e+01 8.8469607599e-04
179 1.2433528609e+01 8.8553147230e-04
180 1.2395718888e+01 8.8187608700e-04
181 1.2357649855e+01 8.8182668386e-04
182 1.2319322819e+01 8.8201879573e-04
183 1.2281858527e+01 8.8500541013e-04
184 1.2245298284e+01 8.9385243779e-04
185 1.2209750662e+01 9.1425043638e-04
186 1.2172564395e+01 9.4003314380e-04
187 1.2129747008e+01 9.8675858009e-04
188 1.2081196390e+01 1.0452053785e-03
189 1.2026436550e+01 1.1221437110e-03
190 1.1964844907e+01 1.1962800721e-03
191 1.1897356848e+01 1.2702390811e-03
192 1.1825522656e+01 1.3075834753e-03
193 1.1754313415e+01 1.3010379744e-03
194 1.1690390591e+01 1.2593479965e-03
195 1.1636987573e+01 1.2071604683e-03
196 1.1591837122e+01 1.1856140975e-03
197 1.1548588415e+01 1.1835471185e-03
198 1.1507151880e+01 1.2010991345e-03
199 1.1468937989e+01 1.2170032179e-03
200 1.1434031646e+01 1.1912972332e-03
201 1.1403165177e+01 1.1554006543e-03
202 1.1377303391e+01 1.1066982603e-03
203 1.1354202180e+01 1.0818502201e-03
204 1.1331438953e+01 1.0659081817e-03
205 1.1308515541e+01 1.0579417419e-03
206 1.1285544908e+01 1.0381043874e-03
207 1.1263079925e+01 1.0167001783e-03
208 1.1241639342e+01 9.8785332047e-04
209 1.1221675582e+01 9.6422400422e-04
210 1.1202411795e+01 9.5950685218e-04
211 1.1181594776e+01 9.6009446118e-04
212 1.1159669371e+01 9.5433215167e-04
213 1.1137712279e+01 9.3418639111e-04
214 1.1116035298e+01 9.0987477289e-04
215 1.1094774572e+01 8.8904454963e-04
216 1.1073832602e+01 8.6032065103e-04
217 1.1054784890e+01 8.1856042068e-04
218 1.1037080770e+01 7.8058969378e-04
219 1.1019640427e+01 7.5569544628e-04
220 1.1002002065e+01 7.4345306685e-04
221 1.0983406429e+01 7.5622483967e-04
222 1.0963252792e+01 7.8808854066e-04
223 1.0941681362e+01 8.2073943612e-04
224 1.0918494850e+01 8.5044395388e-04
225 1.0893512556e+01 8.7825054340e-04
226 1.0865769065e+01 8.9432965268e-04
227 1.0836941891e+01 8.9322494261e-04
228 1.0808045755e+01 9.0941099655e-04
229 1.0777354016e+01 9.3796619700e-04
230 1.0744810923e+01 9.6750147368e-04
231 1.0711679435e+01 9.6962124606e-04
232 1.0680729084e+01 9.7015764397e-04
233 1.0649973047e+01 9.8032902813e-04
234 1.0616968895e+01 9.9281335565e-04
235 1.0582631302e+01 9.9493514564e-04
236 1.0548644444e+01 9.8000340773e-04
237 1.0516029063e+01 9.6135333566e-04
238 1.0485315436e+01 9.4869472126e-04
239 1.0453442941e+01 9.4894084306e-04
240 1.0419872905e+01 9.3485625815e-04
241 1.0385754073e+01 9.1048246294e-04
242 1.0352078460e+01 8.9272333021e-04
243 1.0319057816e+01 8.7994910856e-04
244 1.0287848840e+01 8.5543963811e-04
245 1.0258196760e+01 8.4440638829e-04
246 1.0228474465e+01 8.3284413573e-04
247 1.0198659648e+01 8.2771671070e-04
248 1.0170131821e+01 8.0856155792e-04
249 1.0143285763e+01 7.9267891752e-04
250 1.0118922794e+01 7.7248651980e-04
251 1.0096867450e+01 7.5775795644e-04
252 1.0076228996e+01 7.4726208951e-04
253 1.0056303891e+01 7.4069296851e-04
254 1.0037465763e+01 7.1947925644e-04
255 1.0019614973e+01 7.0323039441e-04
256 1.0002905440e+01 6.9428854981e-04
257 9.9874593727e+00 6.7698495330e-04
258 9.9731017621e+00 6.6806900179e-04
259 9.9585857820e+00 6.6674135627e-04
260 9.9439148591e+00 6.7133191063e-04
261 9.9295203021e+00 6.6413006965e-04
262 9.9161029792e+00 6.5782167353e-04
263 9.9035405361e+00 6.5646382488e-04
264 9.8916527106e+00 6.6230683739e-04
265 9.8799812567e+00 6.7283242981e-04
266 9.8685240510e+00 6.8928083378e-04
267 9.8576709160e+00 7.0603140667e-04
268 9.8474455980e+00 7.1653649887e-04
269 9.8380069925e+00 7.1913691029e-04
270 9.8289890769e+00 7.3545091332e-04
271 9.8200417759e+00 7.5409408371e-04
272 9.8116739924e+00 7.6861683718e-04
273 9.8038924033e+00 7.6545376401e-04
274 9.7966132022e+00 7.6969151829e-04
275 9.7898515770e+00 7.7289544257e-04
276 9.7836705247e+00 7.8610133132e-04
277 9.7782476300e+00 7.8624784530e-04
278 9.7736158409e+00 7.8619894472e-04
279 9.7696271661e+00 7.7465413346e-04
280 9.7663010394e+00 7.6529236662e-04
281 9.7635546477e+00 7.5185016457e-04
282 9.7609797958e+00 7.5003597399e-04
283 9.7582611020e+00 7.4776776272e-04
284 9.7552399554e+00 7.3278973667e-04
285 9.7521858158e+00 7.1446883218e-04
286 9.7494024725e+00 7.0442458074e-04
287 9.7470015802e+00 7.0060100936e-04
288 9.7447675765e+00 6.9584134801e-04
289 9.7424927599e+00 6.8493608340e-04
290 9.7401820426e+00 6.7182249634e-04
291 9.7380281318e+00 6.5027501185e-04
292 9.7360299447e+00 6.4174903943e-04
293 9.7340009927e+00 6.5063700473e-04
294 9.7316997359e+00 6.5902569357e-04
295 9.7292626932e+00 6.6197932336e-04
296 9.7269462087e+00 6.6588439733e-04
297 9.7251134557e+00 6.7276256087e-04
298 9.7237696842e+00 6.7165011863e-04
299 9.7227280881e+00 6.6179011025e-04
300 9.7217739702e+00 6.5089319645e-04
301 9.7207919453e+00 6.2571744060e-04
302 9.7198043970e+00 5.9660940776e-04
303 9.7187452762e+00 5.6151944188e-04
304 9.7175198134e+00 5.2981871736e-04
305 9.7160761178e+00 5.1396146116e-04
306 9.7144393340e+00 4.9684742283e-04
307 9.7127425658e+00 4.8227417683e-04
308 9.7110462063e+00 4.6259666374e-04
309 9.7093404162e+00 4.4150960421e-04
310 9.7074883260e+00 4.2160545671e-04
311 9.7053122321e+00 4.0564127156e-04
312 9.7028021617e+00 3.8494193368e-04
313 9.7001147015e+00 3.6445486767e-04
314 9.6974333446e+00 3.5107257118e-04
315 9.6947482217e+00 3.4232496141e-04
316 9.6919618410e+00 3.3503342616e-04
317 9.6890073671e+00 3.2322836319e-04
318 9.6859587295e+00 3.0984828654e-04
319 9.6828412195e+00 3.0001751792e-04
320 9.6796838904e+00 2.9098528208e-04
321 9.6764025056e+00 2.8665244412e-04
322 9.6728696336e+00 2.8659202212e-04
323 9.6689278416e+00 2.8728888657e-04
324 9.6647713522e+00 2.9037645598e-04
325 9.6604687507e+00 2.8964292276e-04
326 9.6560210045e+00 2.9347864188e-04
327 9.6512792545e+00 3.0097796380e-04
328 9.6460717271e+00 3.0550660066e-04
329 9.6406302112e+00 3.0361321574e-04
330 9.6353199809e+00 2.9620106935e-04
331 9.6302259896e+00 2.8789214303e-04
332 9.6249729577e+00 2.8049009557e-04
333 9.6195099062e+00 2.7672054024e-04
334 9.6139318928e+00 2.7283224041e-04
335 9.6083034442e+00 2.7569966540e-04
336 9.6024286706e+00 2.8077709753e-04
337 9.5961877959e+00 2.8200035015e-04
338 9.5896152695e+00 2.8425953778e-04
339 9.5829569721e+00 2.8259151011e-04
340 9.5764910359e+00 2.7769831156e-04
341 9.5702772012e+00 2.7353127347e-04
342 9.5637140141e+00 2.7740911760e-04
343 9.5563347497e+00 2.8221505837e-04
344 9.5482992846e+00 2.8266585978e-04
345 9.5402272810e+00 2.8022849879e-04
346 9.5321693656e+00 2.7470683055e-04
347 9.5239360408e+00 2.7469975209e-04
348 9.5153007941e+00 2.7590682230e-04
349 9.5062655022e+00 2.7853097929e-04
350 9.4971172221e+00 2.7749844019e-04
351 9.4878968720e+00 2.7341558892e-04
352 9.4784386663e+00 2.7098414433e-04
353 9.4686234175e+00 2.6664338122e-04
354 9.4587045739e+00 2.6240815463e-04
355 9.4489920571e+00 2.5827720133e-04
356 9.4393081079e+00 2.5712358266e-04
357 9.4294560996e+00 2.5654054275e-04
358 9.4192469647e+00 2.5465625235e-04
359 9.4090113654e+00 2.5176186468e-04
360 9.3993134035e+00 2.4539873543e-04
361 9.3901159695e+00 2.4311542524e-04
362 9.3807384651e+00 2.4304471562e-04
363 9.3707250775e+00 2.4383805779e-04
364 9.3604634270e+00 2.4006592281e-04
365 9.3503886940e+00 2.3418091659e-04
366 9.3405806226e+00 2.3210193257e-04
367 9.3308633636e+00 2.2992489865e-04
368 9.3210234984e+00 2.3188301708e-04
369 9.3112989262e+00 2.2878638755e-04
370 9.3019373588e+00 2.2554895583e-04
371 9.2933236497e+00 2.1742828639e-04
372 9.2850200323e+00 2.1236623576e-04
373 9.2768167924e+00 2.0518779199e-04
374 9.2688882998e+00 1.9583695889e-04
375 9.2614878962e+00 1.8470932536e-04
376 9.2547441594e+00 1.7311085248e-04
377 9.2487629678e+00 1.6051321918e-04
378 9.2434905051e+00 1.4852731855e-04
379 9.2386943091e+00 1.4137654942e-04
380 9.2341206614e+00 1.3831617169e-04
381 9.2296493880e+00 1.3782502487e-04
382 9.2251225741e+00 1.3914205768e-04
383 9.2206664761e+00 1.3921000366e-04
384 9.2161831078e+00 1.3911247578e-04
385 9.2114498515e+00 1.3896009187e-04
386 9.2064392199e+00 1.3783289560e-04
387 9.2014225901e+00 1.3301182078e-04
388 9.1966330025e+00 1.2986542278e-04
389 9.1921744209e+00 1.2663472394e-04
390 9.1879755421e+00 1.2545567124e-04
391 9.1837941449e+00 1.2760913820e-04
392 9.1791459351e+00 1.3093862951e-04
393 9.1740952039e+00 1.3233870701e-04
394 9.1688833207e+00 1.3223767420e-04
395 9.1638124351e+00 1.2941339786e-04
396 9.1590452256e+00 1.2529028266e-04
397 9.1546822550e+00 1.2318042326e-04
398 9.1502227010e+00 1.2408089713e-04
399 9.1456106583e+00 1.2313633188e-04
400 9.1409528621e+00 1.2111543059e-04
401 9.1364097514e+00 1.1701291114e-04
402 9.1321151443e+00 1.1250826938e-04
403 9.1281082541e+00 1.0878811586e-04
404 9.1242544997e+00 1.0742765861e-04
405 9.1203987533e+00 1.0715820509e-04
406 9.1165111575e+00 1.0613896645e-04
407 9.1126832713e+00 1.0356300055e-04
408 9.1089692540e+00 1.0098571275e-04
409 9.1052096700e+00 1.0036438168e-04
410 9.1012401625e+00 1.0045761098e-04
411 9.0969563571e+00 1.0287366433e-04
412 9.0924133096e+00 1.0352293348e-04
413 9.0877689050e+00 1.0323874780e-04
414 9.0831540464e+00 1.0112907866e-04
415 9.0787059490e+00 9.8743878027e-05
416 9.0743327562e+00 9.6760581185e-05
417 9.0701514467e+00 9.5267690465e-05
418 9.0661362764e+00 9.5207278462e-05
419 9.0623047376e+00 9.3658226356e-05
420 9.0586177410e+00 9.2098137359e-05
421 9.0548981352e+00 9.1235140127e-05
422 9.0510983585e+00 9.1574216307e-05
423 9.0473489786e+00 9.1254506181e-05
424 9.0437536858e+00 8.9534008944e-05
425 9.0402794702e+00 8.7263479528e-05
426 9.0369746150e+00 8.5795463458e-05
427 9.0339494585e+00 8.4076298857e-05
428 9.0310538017e+00 8.3231695993e-05
429 9.0280419416e+00 8.2980582652e-05
430 9.0249442906e+00 8.1799124804e-05
431 9.0218775801e+00 7.9581827064e-05
432 9.0188988988e+00 7.7895349411e-05
433 9.0160543897e+00 7.5819571575e-05
434 9.0134050093e+00 7.3718056414e-05
435 9.0108684150e+00 7.1400704902e-05
436 9.0084527064e+00 7.0794847581e-05
437 9.0060364445e+00 7.0313232361e-05
438 9.0035137625e+00 7.1029520330e-05
439 9.0008755125e+00 7.1549317317e-05
440 8.9980863678e+00 7.2423367779e-05
441 8.9951180316e+00 7.2952944809e-05
442 8.9921336028e+00 7.3337572519e-05
443 8.9892575474e+00 7.1413510753e-05
444 8.9866210214e+00 6.9147134142e-05
445 8.9841436542e+00 6.6741400940e-05
446 8.9816179042e+00 6.6306814601e-05
447 8.9790109679e+00 6.7062029329e-05
448 8.9763276483e+00 6.7958709116e-05
449 8.9735759146e+00 6.8169524279e-05
450 8.9708346600e+00 6.7556315412e-05
451 8.9682296965e+00 6.6465969118e-05
452 8.9656991223e+00 6.5680533794e-05
453 8.9631259351e+00 6.6028346797e-05
454 8.9604708744e+00 6.6599135208e-05
455 8.9577165960e+00 6.7241291828e-05
456 8.9549253747e+00 6.6384040578e-05
457 8.9522869904e+00 6.5257345535e-05
458 8.9498482895e+00 6.5106286502e-05
459 8.9473537646e+00 6.5926377945e-05
460 8.9447288333e+00 6.6487655731e-05
461 8.9420011989e+00 6.6891544022e-05
462 8.9393103312e+00 6.6492763601e-05
463 8.9366708086e+00 6.6855381081e-05
464 8.9339273423e+00 6.7106104754e-05
465 8.9310453588e+00 6.7154530686e-05
466 8.9280598876e+00 6.6476881615e-05
467 8.9250402308e+00 6.5956899975e-05
468 8.9219899134e+00 6.5887128498e-05
469 8.9188807543e+00 6.5976384809e-05
470 8.9156930060e+00 6.6938496215e-05
471 8.9123982962e+00 6.7590372282e-05
472 8.9091195676e+00 6.7744229993e-05
473 8.9058324255e+00 6.7342799689e-05
474 8.9024271193e+00 6.7505694173e-05
475 8.8988952922e+00 6.7486080502e-05
476 8.8953197399e+00 6.7585370589e-05
477 8.8917396470e+00 6.7446015654e-05
478 8.8881596766e+00 6.6197551591e-05
479 8.8846555394e+00 6.5156825063e-05
480 8.8813161121e+00 6.4222599624e-05
481 8.8781115263e+00 6.3723233554e-05
482 8.8748884359e+00 6.2867407732e-05
483 8.8716739215e+00 6.1395975844e-05
484 8.8686008968e+00 5.9492667763e-05
485 8.8657714382e+00 5.7822162489e-05
486 8.8631503403e+00 5.6584992393e-05
487 8.8604748046e+00 5.6651031645e-05
488 8.8576624597e+00 5.6434746055e-05
489 8.8547031727e+00 5.7367163854e-05
490 8.8516593128e+00 5.7761270065e-05
491 8.8486472960e+00 5.7579412754e-05
492 8.8457161956e+00 5.7216232725e-05
493 8.8426988406e+00 5.8528610075e-05
494 8.8394712868e+00 5.9406313172e-05
495 8.8361084782e+00 5.9657140974e-05
496 8.8327667155e+00 5.9777250201e-05
497 8.8294915674e+00 5.9509997377e-05
498 8.8262505986e+00 5.9363127563e-05
499 8.8229442484e+00 5.9908587292e-05
500 8.8193899271e+00 6.1771788262e-05
501 8.8156059778e+00 6.3228108013e-05
502 8.8116821444e+00 6.3496749013e-05
503 8.8077109139e+00 6.3070663848e-05
504 8.8038105432e+00 6.2706258637e-05
505 8.8001744693e+00 6.1834367513e-05
506 8.7967327052e+00 6.1345672796e-05
507 8.7931519304e+00 6.1971664292e-05
508 8.7893517497e+00 6.1884818452e-05
509 8.7854327340e+00 6.1867239208e-05
510 8.7815805159e+00 6.1162062826e-05
511 8.7778750230e+00 6.0616970980e-05
512 8.7742027852e+00 6.0838014238e-05
513 8.7704111132e+00 6.1653757500e-05
514 8.7664990528e+00 6.1556790001e-05
515 8.7626673756e+00 6.0925042062e-05
516 8.7590446373e+00 6.0314450601e-05
517 8.7554341316e+00 5.9521028944e-05
518 8.7517946356e+00 5.8891384950e-05
519 8.7481794699e+00 5.7542674610e-05
520 8.7446663132e+00 5.6166924258e-05
521 8.7412626619e+00 5.5110313823e-05
522 8.7380404503e+00 5.4699018050e-05
523 8.7348786738e+00 5.4447610356e-05
524 8.7317405420e+00 5.3969643905e-05
525 8.7286251524e+00 5.2573823401e-05
526 8.7255942767e+00 5.2029012899e-05
527 8.7226675841e+00 5.1445668160e-05
528 8.7197833653e+00 5.0923721975e-05
529 8.7169222714e+00 4.9620321817e-05
530 8.7140808105e+00 4.8634459126e-05
531 8.7112512738e+00 4.7811664365e-05
532 8.7084238157e+00 4.7836677596e-05
533 8.7056294841e+00 4.6953961843e-05
534 8.7028645187e+00 4.6402358092e-05
535 8.7001441100e+00 4.5954551092e-05
536 8.6974979407e+00 4.5093323424e-05
537 8.6948926726e+00 4.4128926481e-05
538 8.6923405772e+00 4.3683482433e-05
539 8.6899365164e+00 4.2555495728e-05
540 8.6876451861e+00 4.2179453264e-05
541 8.6853750911e+00 4.1805268915e-05
542 8.6830142757e+00 4.1213970661e-05
543 8.6806257538e+00 4.0747742654e-05
544 8.6782513309e+00 4.0370284064e-05
545 8.6759278129e+00 3.9811154044e-05
546 8.6736253982e+00 3.9163641569e-05
547 8.6713511807e+00 3.8130544852e-05
548 8.6691228611e+00 3.7290126949e-05
549 8.6669623360e+00 3.6313986694e-05
550 8.6649162182e+00 3.5540495211e-05
551 8.6629979366e+00 3.5090151200e-05
552 8.6610119593e+00 3.5629687444e-05
553 8.6588755051e+00 3.5806723414e-05
554 8.6566989155e+00 3.5510098881e-05
555 8.6545603570e+00 3.4568077166e-05
556 8.6524925167e+00 3.3947884946e-05
557 8.6504293376e+00 3.3529081336e-05
558 8.6483420990e+00 3.3407866962e-05
559 8.6461822548e+00 3.3632460031e-05
560 8.6439527961e+00 3.4122384560e-05
561 8.6416840627e+00 3.4529676787e-05
562 8.6393938286e+00 3.5288119646e-05
563 8.6369812775e+00 3.6291000499e-05
564 8.6343214038e+00 3.6696272484e-05
565 8.6314897149e+00 3.6703742023e-05
566 8.6286203654e+00 3.7204848225e-05
567 8.6256384097e+00 3.7427838008e-05
568 8.6225168912e+00 3.7677123056e-05
569 8.6193715195e+00 3.7127075152e-05
570 8.6163210081e+00 3.6027478254e-05
571 8.6134279148e+00 3.4869106076e-05
572 8.6106246008e+00 3.4271717544e-05
573 8.6078486801e+00 3.4220123591e-05
574 8.6050782945e+00 3.3873180055e-05
575 8.6023269614e+00 3.4275189650e-05
576 8.5994974994e+00 3.4456798735e-05
577 8.5965285628e+00 3.5021906910e-05
578 8.5935152886e+00 3.4609405399e-05
579 8.5906097670e+00 3.3619121140e-05
580 8.5878387988e+00 3.2501694699e-05
581 8.5851024159e+00 3.1893755877e-05
582 8.5823521933e+00 3.1808385194e-05
583 8.5795464030e+00 3.1972889175e-05
584 8.5766820651e+00 3.2286906982e-05
585 8.5737332713e+00 3.2230900663e-05
586 8.5707753167e+00 3.2329474160e-05
587 8.5677549578e+00 3.2528921097e-05
588 8.5646453647e+00 3.2797938925e-05
589 8.5615094090e+00 3.3040667745e-05
590 8.5583653034e+00 3.2821513178e-05
591 8.5552591065e+00 3.3008251584e-05
592 8.5519356875e+00 3.3403751425e-05
593 8.5483557053e+00 3.4197438815e-05
594 8.5446195298e+00 3.4150539966e-05
595 8.5409089332e+00 3.3853524822e-05
596 8.5373733234e+00 3.2945442499e-05
597 8.5339844433e+00 3.2886805503e-05
598 8.5304590639e+00 3.3078667734e-05
599 8.5267724555e+00 3.3040552544e-05
600 8.5230503633e+00 3.2531568574e-05
601 8.5194111481e+00 3.2122147285e-05
602 8.5157597500e+00 3.1815040994e-05
603 8.5121238649e+00 3.1825658234e-05
604 8.5084601884e+00 3.1886529074e-05
605 8.5047149581e+00 3.1918623167e-05
606 8.5008775313e+00 3.2127282613e-05
607 8.4969143137e+00 3.1948554496e-05
608 8.4929259383e+00 3.1888245221e-05
609 8.4889732897e+00 3.1545386303e-05
610 8.4850183978e+00 3.1629717534e-05
611 8.4809992025e+00 3.2054968541e-05
612 8.4768728006e+00 3.2430052040e-05
613 8.4727339426e+00 3.2469970980e-05
614 8.4686133066e+00 3.2468518824e-05
615 8.4644975099e+00 3.2428465095e-05
616 8.4604425070e+00 3.2490121001e-05
617 8.4562370169e+00 3.2765490668e-05
618 8.4518662740e+00 3.2835712234e-05
619 8.4472863979e+00 3.3556809101e-05
620 8.4426765178e+00 3.3497869143e-05
621 8.4381575194e+00 3.3774577023e-05
622 8.4337548934e+00 3.3755556517e-05
623 8.4291800702e+00 3.3688736359e-05
624 8.4242849002e+00 3.4108492231e-05
625 8.4191790978e+00 3.4306512373e-05
626 8.4139545713e+00 3.4701519005e-05
627 8.4086616956e+00 3.4722282151e-05
628 8.4033257151e+00 3.5069249097e-05
629 8.3981036691e+00 3.5153341161e-05
630 8.3931272645e+00 3.5137506630e-05
631 8.3880705683e+00 3.5367299318e-05
632 8.3825910379e+00 3.5699949945e-05
633 8.3769050610e+00 3.5939190303e-05
634 8.3709653731e+00 3.6207529040e-05
635 8.3650182578e+00 3.6596311556e-05
636 8.3592125223e+00 3.6239264460e-05
637 8.3535373098e+00 3.6781950201e-05
638 8.3475621391e+00 3.7552453973e-05
639 8.3410566078e+00 3.8531985127e-05
640 8.3341692200e+00 3.9073876755e-05
641 8.3269609779e+00 3.9321537919e-05
642 8.3196576466e+00 3.9257580852e-05
643 8.3124315914e+00 3.9120925659e-05
644 8.3052435524e+00 3.9035277352e-05
645 8.2980771277e+00 3.9096387164e-05
646 8.2909925578e+00 3.9542696780e-05
647 8.2837237844e+00 4.0035633937e-05
648 8.2762715150e+00 4.0403239423e-05
649 8.2686527724e+00 4.0141391056e-05
650 8.2609876903e+00 4.0128054398e-05
651 8.2531921670e+00 4.0391163811e-05
652 8.2453353518e+00 4.0848626443e-05
653 8.2373064758e+00 4.1367279957e-05
654 8.2291570183e+00 4.2026579382e-05
655 8.2209612860e+00 4.2383507421e-05
656 8.2126355891e+00 4.2719667650e-05
657 8.2039777669e+00 4.3380108374e-05
658 8.1949351669e+00 4.3818230591e-05
659 8.1858559698e+00 4.3333241644e-05
660 8.1770019784e+00 4.2663896235e-05
661 8.1687323865e+00 4.1754700826e-05
662 8.1612231828e+00 4.0815497284e-05
663 8.1537851395e+00 4.1085645033e-05
664 8.1458395327e+00 4.2172448331e-05
665 8.1371788906e+00 4.3099238918e-05
666 8.1280883228e+00 4.4086045426e-05
667 8.1187086403e+00 4.4761650115e-05
668 8.1093014057e+00 4.4979400677e-05
669 8.1000718547e+00 4.5335575891e-05
670 8.0908787711e+00 4.5825037643e-05
671 8.0810885295e+00 4.6719557114e-05
672 8.0706558860e+00 4.7519071328e-05
673 8.0599006876e+00 4.7853545604e-05
674 8.0493284311e+00 4.7637643600e-05
675 8.0391168325e+00 4.7440268888e-05
676 8.0288257028e+00 4.7279272474e-05
677 8.0182875624e+00 4.7036964909e-05
678 8.0079091859e+00 4.6370974451e-05
679 7.9978228482e+00 4.6094564017e-05
680 7.9881043151e+00 4.5581313194e-05
681 7.9790097712e+00 4.5094383457e-05
682 7.9698753411e+00 4.4764564674e-05
683 7.9608485879e+00 4.3978660899e-05
684 7.9519855645e+00 4.2986402479e-05
685 7.9432396358e+00 4.2904252314e-05
686 7.9344381439e+00 4.2570450504e-05
687 7.9257437978e+00 4.2637969657e-05
688 7.9173268243e+00 4.2524716197e-05
689 7.9091559716e+00 4.2067738675e-05
690 7.9012821858e+00 4.1751518220e-05
691 7.8933968628e+00 4.1772915041e-05
692 7.8852079185e+00 4.2149503151e-05
693 7.8768868034e+00 4.2065684315e-05
694 7.8684006301e+00 4.2892505845e-05
695 7.8598260374e+00 4.3146742530e-05
696 7.8513581749e+00 4.3008289988e-05
697 7.8432922379e+00 4.2943792423e-05
698 7.8350769644e+00 4.3266289977e-05
699 7.8265062110e+00 4.3289765958e-05
700 7.8177314522e+00 4.3307785957e-05
701 7.8090782284e+00 4.2895978427e-05
702 7.8005068351e+00 4.3332559952e-05
703 7.7919022974e+00 4.3651726941e-05
704 7.7829971165e+00 4.3788591577e-05
705 7.7740754668e+00 4.3817649351e-05
706 7.7649722412e+00 4.3773971014e-05
707 7.7557441660e+00 4.4679335462e-05
708 7.7461779951e+00 4.5007326280e-05
709 7.7363796143e+00 4.5966930895e-05
710 7.7263744214e+00 4.6433917804e-05
711 7.7164559633e+00 4.6481048702e-05
712 7.7067924221e+00 4.5677362870e-05
713 7.6973569685e+00 4.5721537154e-05
714 7.6877618818e+00 4.6207214307e-05
715 7.6777631485e+00 4.6778976845e-05
716 7.6675503589e+00 4.7466388054e-05
717 7.6573621974e+00 4.6986499611e-05
718 7.6475929593e+00 4.6088335688e-05
719 7.6384072620e+00 4.5838100053e-05
720 7.6294909122e+00 4.5584433077e-05
721 7.6202058878e+00 4.5885790721e-05
722 7.6107010949e+00 4.5857868069e-05
723 7.6013181767e+00 4.5273529697e-05
724 7.5920539247e+00 4.4682772795e-05
725 7.5832663869e+00 4.4511545396e-05
726 7.5748215354e+00 4.4185776596e-05
727 7.5662998518e+00 4.4221163339e-05
728 7.5577653266e+00 4.3747487649e-05
729 7.5495942240e+00 4.2892691590e-05
730 7.5419723428e+00 4.1917590969e-05
731 7.5347777524e+00 4.1568263959e-05
732 7.5272968522e+00 4.1701492388e-05
733 7.5196006468e+00 4.1499362867e-05
734 7.5118567196e+00 4.1119956521e-05
735 7.5043156103e+00 4.0618190416e-05
736 7.4970331491e+00 3.9744832180e-05
737 7.4900995627e+00 3.9311484630e-05
738 7.4834194195e+00 3.9124463350e-05
739 7.4766214700e+00 3.9222367669e-05
740 7.4696651188e+00 3.9603787513e-05
741 7.4626631110e+00 3.9867853160e-05
742 7.4557076927e+00 3.9236148231e-05
743 7.4488059316e+00 3.8903653156e-05
744 7.4422262536e+00 3.8353775784e-05
745 7.4363028332e+00 3.7148344669e-05
746 7.4307731923e+00 3.6521317774e-05
747 7.4251701734e+00 3.5867047337e-05
748 7.4195397222e+00 3.5175299389e-05
749 7.4141442469e+00 3.4218830718e-05
750 7.4090501371e+00 3.3475253623e-05
751 7.4043949922e+00 3.2702241844e-05
752 7.3998750965e+00 3.2752943185e-05
753 7.3952044096e+00 3.2468899710e-05
754 7.3903326238e+00 3.2850127208e-05
755 7.3853868791e+00 3.2927864898e-05
756 7.3802455957e+00 3.3689177007e-05
757 7.3749622636e+00 3.3905769746e-05
758 7.3694594618e+00 3.4622801497e-05
759 7.3638088954e+00 3.5059372624e-05
760 7.3581887830e+00 3.5272126689e-05
761 7.3526731843e+00 3.5366672169e-05
762 7.3471005455e+00 3.5292976203e-05
763 7.3413761411e+00 3.5138726679e-05
764 7.3355023396e+00 3.5216540106e-05
765 7.3295380876e+00 3.5577847066e-05
766 7.3234457180e+00 3.6438559756e-05
767 7.3170581335e+00 3.7341822541e-05
768 7.3103334701e+00 3.8455277417e-05
769 7.3033489735e+00 3.9484710031e-05
770 7.2961507274e+00 3.9963373019e-05
771 7.2887949904e+00 4.0364672643e-05
772 7.2814934092e+00 3.9595402747e-05
773 7.2746311584e+00 3.8251924853e-05
774 7.2681495839e+00 3.7531864962e-05
775 7.2617464120e+00 3.7281520049e-05
776 7.2552089438e+00 3.7270544091e-05
777 7.2486260729e+00 3.7509717577e-05
778 7.2419002764e+00 3.7713124657e-05
779 7.2351838691e+00 3.7616246048e-05
780 7.2286410153e+00 3.6983426886e-05
781 7.2224122820e+00 3.6226886997e-05
782 7.2162946070e+00 3.5930108395e-05
783 7.2102051962e+00 3.5976548264e-05
784 7.2039461797e+00 3.6463363990e-05
785 7.1974835343e+00 3.7189919108e-05
786 7.1907659022e+00 3.7500769479e-05
787 7.1841660978e+00 3.7202504984e-05
788 7.1779394781e+00 3.6616375575e-05
789 7.1719752594e+00 3.6023631700e-05
790 7.1661132069e+00 3.5702512710e-05
791 7.1601133941e+00 3.5529117315e-05
792 7.1538781320e+00 3.5892145952e-05
793 7.1474976509e+00 3.6350076531e-05
794 7.1412519902e+00 3.6141703348e-05
795 7.1351288615e+00 3.5616118038e-05
796 7.1294091808e+00 3.5000807378e-05
797 7.1239940190e+00 3.4744399560e-05
798 7.1185022987e+00 3.5018456635e-05
799 7.1128502768e+00 3.5048189081e-05
800 7.1072113855e+00 3.4993337753e-05
801 7.1016955999e+00 3.4376044702e-05
802 7.0961905129e+00 3.3983025580e-05
803 7.0906846476e+00 3.4148408775e-05
804 7.0851270840e+00 3.4355693302e-05
805 7.0795149152e+00 3.4307480655e-05
806 7.0739131865e+00 3.4252286110e-05
807 7.0682874301e+00 3.4044139227e-05
808 7.0628019374e+00 3.3466523339e-05
809 7.0576455160e+00 3.2763169256e-05
810 7.0528001275e+00 3.2229122729e-05
811 7.0482198167e+00 3.1885830442e-05
812 7.0436357713e+00 3.1886794751e-05
813 7.0389631712e+00 3.1957217225e-05
814 7.0342921219e+00 3.1609217614e-05
815 7.0297607485e+00 3.1190689443e-05
816 7.0252702516e+00 3.1157936721e-05
817 7.0207763184e+00 3.1012243716e-05
818 7.0162544563e+00 3.0852698151e-05
819 7.0118576540e+00 3.0569594207e-05
820 7.0077357488e+00 3.0158117103e-05
821 7.0037024393e+00 2.9878679556e-05
822 6.9995210217e+00 2.9688798204e-05
823 6.9953418758e+00 2.9620357064e-05
824 6.9911528235e+00 2.9411459856e-05
825 6.9870935606e+00 2.9446807919e-05
826 6.9831418324e+00 2.9541176140e-05
827 6.9792586722e+00 2.9570544814e-05
828 6.9752283334e+00 2.9311107945e-05
829 6.9710851902e+00 2.9283180180e-05
830 6.9668737149e+00 2.9310969044e-05
831 6.9626291623e+00 2.9088233613e-05
832 6.9584570642e+00 2.9067721272e-05
833 6.9543120412e+00 2.9138633720e-05
834 6.9501681811e+00 2.9371942353e-05
835 6.9458769324e+00 2.9732401615e-05
836 6.9414597937e+00 3.0004535114e-05
837 6.9369247695e+00 3.0385753070e-05
838 6.9323614031e+00 3.0545968097e-05
839 6.9278574308e+00 3.0551891661e-05
840 6.9234986589e+00 3.0569654823e-05
841 6.9192288706e+00 3.0540090418e-05
842 6.9148986784e+00 3.0868876223e-05
843 6.9103266780e+00 3.0935316328e-05
844 6.9056510081e+00 3.1348433554e-05
845 6.9009833719e+00 3.1269196377e-05
846 6.8964032874e+00 3.1294640492e-05
847 6.8918703512e+00 3.1862137150e-05
848 6.8871325727e+00 3.1980346160e-05
849 6.8823182894e+00 3.2020509044e-05
850 6.8775614639e+00 3.1334140152e-05
851 6.8728812826e+00 3.0951735682e-05
852 6.8682628665e+00 3.1015839203e-05
853 6.8636912222e+00 3.0890478908e-05
854 6.8591822820e+00 3.0989899538e-05
855 6.8548599765e+00 3.0302352392e-05
856 6.8508078426e+00 2.9953669553e-05
857 6.8468242450e+00 2.9559418468e-05
858 6.8427197992e+00 2.9372124513e-05
859 6.8386681209e+00 2.9234349374e-05
860 6.8346796178e+00 2.8647495309e-05
861 6.8308621345e+00 2.8128830968e-05
862 6.8273010317e+00 2.7826599147e-05
863 6.8237974350e+00 2.7598166136e-05
864 6.8201956618e+00 2.7495306065e-05
865 6.8165927635e+00 2.7533503349e-05
866 6.8130283808e+00 2.7053730863e-05
867 6.8096400487e+00 2.6593024661e-05
868 6.8064762080e+00 2.6664200401e-05
869 6.8033188925e+00 2.6809484046e-05
870 6.7999815429e+00 2.6525729950e-05
871 6.7966751242e+00 2.6088021085e-05
872 6.7934619236e+00 2.5325617791e-05
873 6.7904186076e+00 2.4953879828e-05
874 6.7874473601e+00 2.4561735792e-05
875 6.7845386614e+00 2.4154800107e-05
876 6.7817353720e+00 2.3765126909e-05
877 6.7791339548e+00 2.2912660371e-05
878 6.7767536027e+00 2.2256096259e-05
879 6.7745175722e+00 2.1744391419e-05
880 6.7722474818e+00 2.1753117001e-05
881 6.7699293198e+00 2.1887590385e-05
882 6.7676045953e+00 2.1891480528e-05
883 6.7653057962e+00 2.1767372572e-05
884 6.7630805942e+00 2.1686143545e-05
885 6.7609215108e+00 2.1554189340e-05
886 6.7587989585e+00 2.1506965150e-05
887 6.7565824327e+00 2.1460817115e-05
888 6.7543787532e+00 2.1102382223e-05
889 6.7522197791e+00 2.0872581508e-05
890 6.7501078886e+00 2.0497535700e-05
891 6.7481218968e+00 2.0224139216e-05
892 6.7462485917e+00 1.9899662088e-05
893 6.7443639382e+00 1.9957879376e-05
894 6.7424227919e+00 1.9773424244e-05
895 6.7404262582e+00 1.9696999302e-05
896 6.7384658662e+00 1.9651629115e-05
897 6.7365510064e+00 1.9590517937e-05
898 6.7346071104e+00 1.9574893878e-05
899 6.7326678759e+00 1.9482446378e-05
900 6.7307413422e+00 1.9227197988e-05
901 6.7289076305e+00 1.8762726482e-05
902 6.7271913708e+00 1.8534174757e-05
903 6.7255045518e+00 1.8552177782e-05
904 6.7237162889e+00 1.8918055062e-05
905 6.7218391602e+00 1.9069862969e-05
906 6.7199374128e+00 1.9072298410e-05
907 6.7181048846e+00 1.9081948759e-05
908 6.7163276940e+00 1.9171300610e-05
909 6.7145153503e+00 1.9456727350e-05
910 6.7125330751e+00 1.9669665386e-05
911 6.7104651394e+00 1.9776268018e-05
912 6.7083690576e+00 1.9662689812e-05
913 6.7062695861e+00 1.9538811565e-05
914 6.7041885933e+00 1.9587171470e-05
915 6.7021398132e+00 1.9630538290e-05
916 6.7000916347e+00 1.9936445046e-05
917 6.6979435960e+00 2.0238936610e-05
918 6.6957046163e+00 2.0178070184e-05
919 6.6934381355e+00 2.0167551649e-05
920 6.6912049771e+00 2.0374623716e-05
921 6.6889761108e+00 2.0678341495e-05
922 6.6867610088e+00 2.0780262270e-05
923 6.6845061374e+00 2.0762914059e-05
924 6.6821760516e+00 2.0707085066e-05
925 6.6797610419e+00 2.0769385829e-05
926 6.6773690024e+00 2.0864417168e-05
927 6.6750455406e+00 2.0668155353e-05
928 6.6728585106e+00 2.0507708341e-05
929 6.6706909184e+00 2.0397993419e-05
930 6.6684741033e+00 2.0496202211e-05
931 6.6661731938e+00 2.0577311111e-05
932 6.6638174950e+00 2.0860312550e-05
933 6.6614130159e+00 2.1110397058e-05
934 6.6589064270e+00 2.1498207989e-05
935 6.6562909226e+00 2.1749123289e-05
936 6.6536708780e+00 2.1677397041e-05
937 6.6510261135e+00 2.1591665542e-05
938 6.6483966608e+00 2.1463249523e-05
939 6.6458003332e+00 2.1443379969e-05
940 6.6432496391e+00 2.1238113310e-05
941 6.6407709236e+00 2.1176250931e-05
942 6.6383490709e+00 2.0692205741e-05
943 6.6359499253e+00 2.0365066144e-05
944 6.6335344827e+00 2.0207791187e-05
945 6.6311983306e+00 1.9829707152e-05
946 6.6289067001e+00 1.9645611848e-05
947 6.6266409573e+00 1.9661581491e-05
948 6.6243914359e+00 1.9375766455e-05
949 6.6221779001e+00 1.9229400774e-05
950 6.6200308425e+00 1.9066975988e-05
951 6.6178934516e+00 1.9105558481e-05
952 6.6157240049e+00 1.9265430893e-05
953 6.6134950685e+00 1.9462148581e-05
954 6.6112503821e+00 1.9278408866e-05
955 6.6090580164e+00 1.8980566966e-05
956 6.6069119690e+00 1.8722345451e-05
957 6.6047969711e+00 1.8749908351e-05
958 6.6026688411e+00 1.8962150703e-05
959 6.6005289419e+00 1.9297897392e-05
960 6.5983738660e+00 1.9511155169e-05
961 6.5961732395e+00 1.9554164896e-05
962 6.5938483877e+00 1.9949155046e-05
963 6.5913602672e+00 2.0244492731e-05
964 6.5887914765e+00 2.0619644506e-05
965 6.5861931650e+00 2.0487646086e-05
966 6.5835856629e+00 2.0726258673e-05
967 6.5810292312e+00 2.0556881703e-05
968 6.5785638751e+00 2.0679098047e-05
969 6.5760579947e+00 2.1094213446e-05
970 6.5733150878e+00 2.1481390732e-05
971 6.5703642333e+00 2.1973222543e-05
972 6.5673558511e+00 2.2062299266e-05
973 6.5643250423e+00 2.1838895549e-05
974 6.5614314886e+00 2.1940133698e-05
975 6.5586903927e+00 2.2019251215e-05
976 6.5558599467e+00 2.2395972637e-05
977 6.5527292149e+00 2.2925157356e-05
978 6.5493671792e+00 2.3384035949e-05
979 6.5458974585e+00 2.3385293484e-05
980 6.5424253197e+00 2.3636165913e-05
981 6.5389835250e+00 2.3634087567e-05
982 6.5355979784e+00 2.3761475114e-05
983 6.5322455150e+00 2.4198960959e-05
984 6.5287184108e+00 2.4330067548e-05
985 6.5250122391e+00 2.4520513254e-05
986 6.5211707783e+00 2.4613255974e-05
987 6.5172331146e+00 2.4690856435e-05
988 6.5133395720e+00 2.4618877729e-05
989 6.5096138747e+00 2.4295402830e-05
990 6.5061492787e+00 2.3937978668e-05
991 6.5029109072e+00 2.3457661695e-05
992 6.4996310199e+00 2.3160332339e-05
993 6.4962462212e+00 2.3135454832e-05
994 6.4928751686e+00 2.2896700917e-05
995 6.4895337474e+00 2.2766328393e-05
996 6.4862833287e+00 2.2372498676e-05
997 6.4831413071e+00 2.1832688877e-05
998 6.4801815840e+00 2.1485416055e-05
999 6.4773674836e+00 2.1168854104e-05
1000 6.4746255733e+00 2.1273309172e-05
1001 6.4718085278e+00 2.1344231023e-05
1002 6.4689289858e+00 2.1405403679e-05
1003 6.4661342887e+00 2.1170928320e-05
1004 6.4634936659e+00 2.0807344409e-05
1005 6.4608404801e+00 2.0888122565e-05
1006 6.4580888169e+00 2.0994962045e-05
1007 6.4553023523e+00 2.0861160496e-05
1008 6.4525573053e+00 2.0755605225e-05
1009 6.4499337450e+00 2.0639220513e-05
1010 6.4473690715e+00 2.0490885967e-05
1011 6.4447364807e+00 2.0564584701e-05
1012 6.4420261299e+00 2.0519057182e-05
1013 6.4393041920e+00 2.0500510310e-05
1014 6.4366496706e+00 2.0110643682e-05
1015 6.4341149624e+00 1.9704425861e-05
1016 6.4316325685e+00 1.9609677906e-05
1017 6.4291223350e+00 1.9837018041e-05
1018 6.4265378999e+00 1.9861430598e-05
1019 6.4239184570e+00 1.9950451938e-05
1020 6.4212716247e+00 1.9988040692e-05
1021 6.4186653322e+00 1.9615107370e-05
1022 6.4161659534e+00 1.9229395879e-05
1023 6.4138017578e+00 1.8777845666e-05
1024 6.4115070658e+00 1.8758828902e-05
1025 6.4091743035e+00 1.8745085272e-05
1026 6.4067979511e+00 1.8841839865e-05
1027 6.4044170640e+00 1.8760875142e-05
1028 6.4020921321e+00 1.8733756636e-05
1029 6.3998391817e+00 1.8664588014e-05
1030 6.3975635860e+00 1.8908054503e-05
1031 6.3951500274e+00 1.8948697191e-05
1032 6.3926584734e+00 1.9154581191e-05
1033 6.3901499832e+00 1.9073880745e-05
1034 6.3876195633e+00 1.9167379332e-05
1035 6.3850716938e+00 1.9253614468e-05
1036 6.3825346494e+00 1.9235999999e-05
1037 6.3800538362e+00 1.9231062969e-05
1038 6.3777065530e+00 1.9260274149e-05
1039 6.3752846027e+00 1.9561683387e-05
1040 6.3726048374e+00 2.0111219046e-05
1041 6.3697514816e+00 2.0376789209e-05
1042 6.3668692683e+00 2.0417744788e-05
1043 6.3639799067e+00 2.0496889784e-05
1044 6.3611684363e+00 2.0595972136e-05
1045 6.3584265799e+00 2.0815206213e-05
1046 6.3555220547e+00 2.1071439116e-05
1047 6.3524541543e+00 2.1214056182e-05
1048 6.3493576965e+00 2.1051893807e-05
1049 6.3462420928e+00 2.1052718966e-05
1050 6.3431914203e+00 2.1021096644e-05
1051 6.3401541119e+00 2.1094085851e-05
1052 6.3370896193e+00 2.1164342958e-05
1053 6.3340454331e+00 2.0908724536e-05
1054 6.3311308279e+00 2.0735377012e-05
1055 6.3282931709e+00 2.0661708403e-05
1056 6.3253852860e+00 2.0646655281e-05
1057 6.3224383167e+00 2.0753521455e-05
1058 6.3194667313e+00 2.0813314839e-05
1059 6.3164971463e+00 2.0889701955e-05
1060 6.3135176351e+00 2.0829400576e-05
1061 6.3105441170e+00 2.0492726284e-05
1062 6.3075807873e+00 2.0392873898e-05
1063 6.3045747836e+00 2.0401217554e-05
1064 6.3015533880e+00 2.0193097164e-05
1065 6.2985692106e+00 2.0144222401e-05
1066 6.2956630121e+00 2.0032778164e-05
1067 6.2928793012e+00 1.9944543431e-05
1068 6.2901653982e+00 1.9827725686e-05
1069 6.2874556757e+00 1.9967081595e-05
1070 6.2846346169e+00 2.0102124915e-05
1071 6.2817476862e+00 2.0137902688e-05
1072 6.2788987919e+00 2.0042901017e-05
1073 6.2761388528e+00 1.9631141450e-05
1074 6.2734388764e+00 1.9270417443e-05
1075 6.2707927529e+00 1.9223798780e-05
1076 6.2681518822e+00 1.9306209106e-05
1077 6.2654797810e+00 1.9663400731e-05
1078 6.2627099475e+00 1.9756137264e-05
1079 6.2599210518e+00 1.9928150002e-05
1080 6.2571752143e+00 1.9798956177e-05
1081 6.2545378230e+00 1.9581349293e-05
1082 6.2519512967e+00 1.9752241857e-05
1083 6.2492843876e+00 1.9742758384e-05
1084 6.2464744589e+00 1.9919783188e-05
1085 6.2436802970e+00 1.9824472551e-05
1086 6.2409276867e+00 1.9489182013e-05
1087 6.2382551353e+00 1.9514276994e-05
1088 6.2356162388e+00 1.9557105821e-05
1089 6.2330617313e+00 1.9421694755e-05
1090 6.2305490138e+00 1.9216968487e-05
1091 6.2279968723e+00 1.9160305344e-05
1092 6.2254263461e+00 1.9091810661e-05
1093 6.2228230467e+00 1.9222163150e-05
1094 6.2202428167e+00 1.9426107219e-05
1095 6.2177162878e+00 1.9258063438e-05
1096 6.2151990185e+00 1.9334961750e-05
1097 6.2125672185e+00 1.9689871484e-05
1098 6.2097564604e+00 2.0022782481e-05
1099 6.2068244051e+00 2.0178276913e-05
1100 6.2038498864e+00 2.0354305206e-05
1101 6.2008675336e+00 2.0522270440e-05
1102 6.1978010462e+00 2.0677816043e-05
1103 6.1946647522e+00 2.1092369024e-05
1104 6.1915641414e+00 2.0795499293e-05
1105 6.1886463837e+00 2.0580046313e-05
1106 6.1858863197e+00 2.0193181854e-05
1107 6.1830621548e+00 2.0218419499e-05
1108 6.1801725669e+00 2.0252942798e-05
1109 6.1772644332e+00 2.0121683584e-05
1110 6.1744861433e+00 1.9807080440e-05
1111 6.1718753546e+00 1.9465113181e-05
1112 6.1692394509e+00 1.9577742482e-05
1113 6.1665182228e+00 1.9748439056e-05
1114 6.1637333789e+00 1.9772249233e-05
1115 6.1609821883e+00 1.9744644041e-05
1116 6.1583336086e+00 1.9470345135e-05
1117 6.1557864071e+00 1.9345200476e-05
1118 6.1532311495e+00 1.9077735413e-05
1119 6.1506760977e+00 1.8846092073e-05
1120 6.1481589137e+00 1.8472674400e-05
1121 6.1457081905e+00 1.8257854876e-05
1122 6.1433371833e+00 1.8028325457e-05
1123 6.1410418435e+00 1.7795126809e-05
1124 6.1388601121e+00 1.7680622105e-05
1125 6.1367236132e+00 1.7909391371e-05
1126 6.1345233731e+00 1.7881475155e-05
1127 6.1322366471e+00 1.8022548817e-05
1128 6.1298702256e+00 1.8124521452e-05
1129 6.1274329429e+00 1.8556989771e-05
1130 6.1248829360e+00 1.9008024902e-05
1131 6.1222088255e+00 1.9254297691e-05
1132 6.1194847575e+00 1.9378578768e-05
1133 6.1167730944e+00 1.9519228429e-05
1134 6.1140565246e+00 1.9778295668e-05
1135 6.1112671330e+00 2.0108508389e-05
1136 6.1084321152e+00 2.0054726904e-05
1137 6.1056344009e+00 1.9703814305e-05
1138 6.1029422392e+00 1.9337980669e-05
1139 6.1002947233e+00 1.9524665069e-05
1140 6.0975798742e+00 1.9724178276e-05
1141 6.0947679701e+00 1.9704074429e-05
1142 6.0918874915e+00 1.9607280674e-05
1143 6.0889801647e+00 1.9612089722e-05
1144 6.0860402125e+00 1.9873491049e-05
1145 6.0830878344e+00 2.0082654121e-05
1146 6.0800576802e+00 2.0234495919e-05
1147 6.0770371004e+00 2.0325045888e-05
1148 6.0741143359e+00 2.0062908694e-05
1149 6.0713105942e+00 1.9771441569e-05
1150 6.0685677666e+00 1.9618786972e-05
1151 6.0657704503e+00 1.9894446435e-05
1152 6.0628904392e+00 2.0020009216e-05
1153 6.0600598083e+00 2.0152731537e-05
1154 6.0573011837e+00 2.0017309169e-05
1155 6.0544927392e+00 2.0251800954e-05
1156 6.0515429080e+00 2.0368437880e-05
1157 6.0484984191e+00 2.0374368771e-05
1158 6.0454818219e+00 2.0245851540e-05
1159 6.0425748757e+00 2.0053742769e-05
1160 6.0398706871e+00 1.9706192624e-05
1161 6.0372677278e+00 1.9733499019e-05
1162 6.0344825961e+00 2.0030076613e-05
1163 6.0314906126e+00 2.0240251224e-05
1164 6.0284551216e+00 2.0271084241e-05
1165 6.0254704610e+00 1.9978509006e-05
1166 6.0225384851e+00 1.9833950147e-05
1167 6.0196234364e+00 1.9659723727e-05
1168 6.0167189881e+00 1.9761065158e-05
1169 6.0138434461e+00 1.9649752760e-05
1170 6.0110055374e+00 1.9712788159e-05
1171 6.0081704912e+00 1.9591199267e-05
1172 6.0053287713e+00 1.9931889063e-05
1173 6.0024371454e+00 2.0064845042e-05
1174 5.9994838224e+00 1.9937595701e-05
1175 5.9966535380e+00 1.9737952340e-05
1176 5.9940370586e+00 1.9416824628e-05
1177 5.9914653017e+00 1.9243011982e-05
1178 5.9887466014e+00 1.9500693403e-05
1179 5.9859272812e+00 1.9337758388e-05
1180 5.9830746808e+00 1.9236722272e-05
1181 5.9802732200e+00 1.9204241990e-05
1182 5.9775235371e+00 1.8981420164e-05
1183 5.9748151235e+00 1.8712767924e-05
1184 5.9721758966e+00 1.8737295484e-05
1185 5.9696451111e+00 1.8561993532e-05
1186 5.9672461104e+00 1.8540359251e-05
1187 5.9648140660e+00 1.8630638041e-05
1188 5.9622661600e+00 1.8625512086e-05
1189 5.9597034480e+00 1.8480642300e-05
1190 5.9571948893e+00 1.8262260228e-05
1191 5.9547929158e+00 1.8148206755e-05
1192 5.9524976806e+00 1.8158438167e-05
1193 5.9500590070e+00 1.8457267919e-05
1194 5.9475147619e+00 1.8364511057e-05
1195 5.9448987581e+00 1.8423787375e-05
1196 5.9422861496e+00 1.8103099041e-05
1197 5.9397588424e+00 1.8042584130e-05
1198 5.9372460940e+00 1.7925517449e-05
1199 5.9347341484e+00 1.7966194129e-05
1200 5.9321970838e+00 1.7992247563e-05
1201 5.9296394793e+00 1.8247589811e-05
1202 5.9270977237e+00 1.8187365734e-05
1203 5.9246461963e+00 1.7833144805e-05
1204 5.9223453110e+00 1.7468638648e-05
1205 5.9201703635e+00 1.7409779131e-05
1206 5.9179044596e+00 1.7494308662e-05
1207 5.9155369519e+00 1.7388275115e-05
1208 5.9131304610e+00 1.7512412038e-05
1209 5.9107129463e+00 1.7547747101e-05
1210 5.9082632968e+00 1.7643404142e-05
1211 5.9058022880e+00 1.7846773702e-05
1212 5.9034184065e+00 1.7981061109e-05
1213 5.9010905880e+00 1.8359614799e-05
1214 5.8985857965e+00 1.8751625549e-05
1215 5.8958784953e+00 1.8695523145e-05
1216 5.8931293590e+00 1.8627040450e-05
1217 5.8904071326e+00 1.8644070830e-05
1218 5.8876776954e+00 1.8721113511e-05
1219 5.8848718106e+00 1.9003494351e-05
1220 5.8819927080e+00 1.9210312081e-05
1221 5.8790736265e+00 1.9316307392e-05
1222 5.8761964082e+00 1.9144001458e-05
1223 5.8733944521e+00 1.8953503136e-05
1224 5.8706573378e+00 1.8804790163e-05
1225 5.8679161698e+00 1.8940515964e-05
1226 5.8651770162e+00 1.9006306076e-05
1227 5.8625174265e+00 1.8737453203e-05
1228 5.8599681867e+00 1.8347775099e-05
1229 5.8574927367e+00 1.8244164765e-05
1230 5.8549805014e+00 1.8292237642e-05
1231 5.8524661582e+00 1.8044754384e-05
1232 5.8500718901e+00 1.7805541103e-05
1233 5.8477927820e+00 1.7473105451e-05
1234 5.8454985036e+00 1.7663987772e-05
1235 5.8431030274e+00 1.7817360817e-05
1236 5.8406322413e+00 1.8021432803e-05
1237 5.8381823792e+00 1.7905626023e-05
1238 5.8357730390e+00 1.7783613185e-05
1239 5.8333822669e+00 1.7838430477e-05
1240 5.8309145619e+00 1.7981273773e-05
1241 5.8284115137e+00 1.8055187652e-05
1242 5.8259079799e+00 1.7983595003e-05
1243 5.8234739495e+00 1.7637644903e-05
1244 5.8211320295e+00 1.7432986275e-05
1245 5.8189304023e+00 1.7148400328e-05
1246 5.8167202725e+00 1.7272060883e-05
1247 5.8144847143e+00 1.7358502983e-05
1248 5.8121952439e+00 1.7106157407e-05
1249 5.8099277585e+00 1.6824063494e-05
1250 5.8077941204e+00 1.6215445511e-05
1251 5.8058232219e+00 1.5908218207e-05
1252 5.8039332813e+00 1.5807635577e-05
1253 5.8020280630e+00 1.5807869661e-05
1254 5.8000844122e+00 1.5726793647e-05
1255 5.7981983035e+00 1.5427077357e-05
1256 5.7964441360e+00 1.5144945617e-05
1257 5.7947953737e+00 1.4817446167e-05
1258 5.7931561815e+00 1.4821291838e-05
1259 5.7914472126e+00 1.4831268473e-05
1260 5.7897248731e+00 1.4739411436e-05
1261 5.7880521637e+00 1.4577574192e-05
1262 5.7864623380e+00 1.4199992216e-05
1263 5.7849433422e+00 1.4025162484e-05
1264 5.7834442526e+00 1.4044920309e-05
1265 5.7819259831e+00 1.3992903721e-05
1266 5.7804359776e+00 1.3560237298e-05
1267 5.7790204392e+00 1.3259234555e-05
1268 5.7776765703e+00 1.3144545383e-05
1269 5.7763471300e+00 1.3281327090e-05
1270 5.7749975533e+00 1.3285424700e-05
1271 5.7736271601e+00 1.3150769492e-05
1272 5.7722345189e+00 1.3083026832e-05
1273 5.7708393225e+00 1.3138744762e-05
1274 5.7694119592e+00 1.3274326225e-05
1275 5.7679533582e+00 1.3534822311e-05
1276 5.7665080771e+00 1.3585407520e-05
1277 5.7651120892e+00 1.3584179207e-05
1278 5.7637168124e+00 1.3675678081e-05
1279 5.7622172197e+00 1.3852892227e-05
1280 5.7606219858e+00 1.3872028345e-05
1281 5.7590059257e+00 1.4126962826e-05
1282 5.7573652073e+00 1.4019545209e-05
1283 5.7557137081e+00 1.4172731269e-05
1284 5.7540978669e+00 1.4332787188e-05
1285 5.7524916125e+00 1.4472112306e-05
1286 5.7508285540e+00 1.4772290616e-05
1287 5.7490543813e+00 1.4944807008e-05
1288 5.7471681725e+00 1.4944065432e-05
1289 5.7452633649e+00 1.5108302012e-05
1290 5.7433331172e+00 1.5068443131e-05
1291 5.7413943798e+00 1.5237864757e-05
1292 5.7394713483e+00 1.5159902900e-05
1293 5.7375481550e+00 1.5242683147e-05
1294 5.7356644638e+00 1.5319037754e-05
1295 5.7337804667e+00 1.5450399260e-05
1296 5.7318622499e+00 1.5500100553e-05
1297 5.7299171896e+00 1.5552453884e-05
1298 5.7279877322e+00 1.5501033165e-05
1299 5.7260697514e+00 1.5545048746e-05
1300 5.7241470529e+00 1.5547432597e-05
1301 5.7221950552e+00 1.5605924440e-05
1302 5.7202009453e+00 1.5775953692e-05
1303 5.7182137502e+00 1.5753952488e-05
1304 5.7162786130e+00 1.5575694954e-05
1305 5.7143722304e+00 1.5685944897e-05
1306 5.7123867642e+00 1.5704785778e-05
1307 5.7103462022e+00 1.5844312218e-05
1308 5.7082599562e+00 1.5926463567e-05
1309 5.7061638663e+00 1.6051796881e-05
1310 5.7040896453e+00 1.6094317007e-05
1311 5.7020761174e+00 1.5965447453e-05
1312 5.7001238667e+00 1.5843669757e-05
1313 5.6981555033e+00 1.6075407010e-05
1314 5.6960933827e+00 1.6094640284e-05
1315 5.6940169411e+00 1.6020189595e-05
1316 5.6920066688e+00 1.5786687903e-05
1317 5.6901379837e+00 1.5603406537e-05
1318 5.6883856091e+00 1.5274396739e-05
1319 5.6865978345e+00 1.5072551062e-05
1320 5.6848112111e+00 1.4908684375e-05
1321 5.6830834602e+00 1.4599399598e-05
1322 5.6814378626e+00 1.4458041185e-05
1323 5.6798789187e+00 1.4408164382e-05
1324 5.6782943025e+00 1.4570316061e-05
1325 5.6766575706e+00 1.4650419734e-05
1326 5.6749957986e+00 1.4378974955e-05
1327 5.6733688231e+00 1.4301934303e-05
1328 5.6717645433e+00 1.4191584863e-05
1329 5.6701434517e+00 1.4239101748e-05
1330 5.6685290014e+00 1.4232545667e-05
1331 5.6669760008e+00 1.4073785940e-05
1332 5.6654902893e+00 1.4074806347e-05
1333 5.6639859328e+00 1.4224566662e-05
1334 5.6623523897e+00 1.4321526078e-05
1335 5.6606653023e+00 1.4473920513e-05
1336 5.6589375987e+00 1.4528568520e-05
1337 5.6572209187e+00 1.4455996112e-05
1338 5.6555453176e+00 1.4531313555e-05
1339 5.6539342936e+00 1.4427023897e-05
1340 5.6523445345e+00 1.4601463690e-05
1341 5.6506795176e+00 1.4570180842e-05
1342 5.6489952527e+00 1.4472907091e-05
1343 5.6473858035e+00 1.4221360222e-05
1344 5.6458179922e+00 1.4218428920e-05
1345 5.6442032858e+00 1.4325371355e-05
1346 5.6425053941e+00 1.4523024644e-05
1347 5.6407624015e+00 1.4507401908e-05
1348 5.6390143685e+00 1.4408647919e-05
1349 5.6373046207e+00 1.4259923076e-05
1350 5.6356412359e+00 1.4084274840e-05
1351 5.6340422408e+00 1.3718317991e-05
1352 5.6325075222e+00 1.3645906505e-05
1353 5.6309945195e+00 1.3676163047e-05
1354 5.6294497647e+00 1.3852700484e-05
1355 5.6278868481e+00 1.3841452959e-05
1356 5.6263324697e+00 1.3594700103e-05
1357 5.6248216423e+00 1.3340392546e-05
1358 5.6233706338e+00 1.3231126402e-05
1359 5.6219304295e+00 1.3182490193e-05
1360 5.6204712462e+00 1.3110564926e-05
1361 5.6190339845e+00 1.3003786761e-05
1362 5.6176844171e+00 1.2943142407e-05
1363 5.6164128668e+00 1.2834225758e-05
1364 5.6150986902e+00 1.3051581796e-05
1365 5.6136903665e+00 1.3030813540e-05
1366 5.6122502157e+00 1.2780416010e-05
1367 5.6108508460e+00 1.2625607431e-05
1368 5.6095082086e+00 1.2233406510e-05
1369 5.6082247961e+00 1.2137771108e-05
1370 5.6069914141e+00 1.1914342464e-05
1371 5.6058225417e+00 1.1817692012e-05
1372 5.6047062173e+00 1.1748676916e-05
1373 5.6035366985e+00 1.1754961751e-05
1374 5.6023480410e+00 1.1604719544e-05
1375 5.6011768306e+00 1.1348269761e-05
1376 5.6000258966e+00 1.1219035986e-05
1377 5.5989260552e+00 1.1098682940e-05
1378 5.5978793581e+00 1.0853560807e-05
1379 5.5968811452e+00 1.0863247949e-05
1380 5.5958565209e+00 1.0857197737e-05
1381 5.5948015050e+00 1.0828138342e-05
1382 5.5937493034e+00 1.0749662875e-05
1383 5.5927185767e+00 1.0598300155e-05
1384 5.5916983238e+00 1.0426573957e-05
1385 5.5906796136e+00 1.0487857591e-05
1386 5.5896537255e+00 1.0560515548e-05
1387 5.5886261902e+00 1.0553964975e-05
1388 5.5875896910e+00 1.0532659015e-05
1389 5.5865629195e+00 1.0427610446e-05
1390 5.5855605554e+00 1.0387477688e-05
1391 5.5845506696e+00 1.0490492134e-05
1392 5.5835036822e+00 1.0674013005e-05
1393 5.5823983672e+00 1.0806584595e-05
1394 5.5812532820e+00 1.0858078605e-05
1395 5.5801046998e+00 1.0777650135e-05
1396 5.5789683465e+00 1.0721836016e-05
1397 5.5778243182e+00 1.0791270339e-05
1398 5.5766504575e+00 1.0904064518e-05
1399 5.5754209282e+00 1.1243915296e-05
1400 5.5741439545e+00 1.1359409003e-05
1401 5.5728369685e+00 1.1551375877e-05
1402 5.5715379336e+00 1.1591840372e-05
1403 5.5702577260e+00 1.1730657407e-05
1404 5.5689914536e+00 1.1859316027e-05
1405 5.5676237930e+00 1.2071667766e-05
1406 5.5661490360e+00 1.2358338134e-05
1407 5.5645790385e+00 1.2508834114e-05
1408 5.5629225396e+00 1.2774676056e-05
1409 5.5612250360e+00 1.2797696917e-05
1410 5.5594977077e+00 1.2947466724e-05
1411 5.5577666118e+00 1.3179124180e-05
1412 5.5560626360e+00 1.3358224483e-05
1413 5.5543680832e+00 1.3507181704e-05
1414 5.5525404099e+00 1.3705481692e-05
1415 5.5505840527e+00 1.3865543967e-05
1416 5.5485737079e+00 1.4068196648e-05
1417 5.5465185061e+00 1.4177789528e-05
1418 5.5444551158e+00 1.4322677600e-05
1419 5.5424451325e+00 1.4164650857e-05
1420 5.5405158022e+00 1.4241793388e-05
1421 5.5385031893e+00 1.4088921541e-05
1422 5.5364577780e+00 1.4116831600e-05
1423 5.5343815837e+00 1.4138667485e-05
1424 5.5323190793e+00 1.4277128170e-05
1425 5.5303400418e+00 1.4189082989e-05
1426 5.5283846267e+00 1.4172695125e-05
1427 5.5263334872e+00 1.4472748599e-05
1428 5.5241485182e+00 1.4710378780e-05
1429 5.5218926509e+00 1.4930512807e-05
1430 5.5196562787e+00 1.5086728063e-05
1431 5.5174585848e+00 1.5405864682e-05
1432 5.5151269227e+00 1.5605738726e-05
1433 5.5126144395e+00 1.5704181258e-05
1434 5.5100517165e+00 1.5450689956e-05
1435 5.5075244414e+00 1.5394710273e-05
1436 5.5050696385e+00 1.5431393315e-05
1437 5.5026787271e+00 1.5282884888e-05
1438 5.5003282180e+00 1.5397563353e-05
1439 5.4979352743e+00 1.5349331267e-05
1440 5.4954953097e+00 1.5247180919e-05
1441 5.4930302569e+00 1.5187765691e-05
1442 5.4905520886e+00 1.5213210765e-05
1443 5.4881195915e+00 1.5259967251e-05
1444 5.4857623808e+00 1.5279898661e-05
1445 5.4834041659e+00 1.5324714975e-05
1446 5.4810341043e+00 1.5179812837e-05
1447 5.4786304835e+00 1.5012161738e-05
1448 5.4762526155e+00 1.4933665616e-05
1449 5.4739217162e+00 1.5122253777e-05
1450 5.4715996596e+00 1.5127165547e-05
1451 5.4692413735e+00 1.5218780242e-05
1452 5.4668202309e+00 1.5319348050e-05
1453 5.4643103327e+00 1.5480869657e-05
1454 5.4617559546e+00 1.5558685379e-05
1455 5.4592719913e+00 1.5404229743e-05
1456 5.4568512593e+00 1.5189076057e-05
1457 5.4545081196e+00 1.5083747148e-05
1458 5.4521568796e+00 1.5064943716e-05
1459 5.4498247136e+00 1.4991602125e-05
1460 5.4475581185e+00 1.4847197882e-05
1461 5.4453258984e+00 1.4877078660e-05
1462 5.4430738671e+00 1.4860645665e-05
1463 5.4407828291e+00 1.4846761650e-05
1464 5.4385219202e+00 1.4757789463e-05
1465 5.4363239653e+00 1.4631729088e-05
1466 5.4342024382e+00 1.4389983022e-05
1467 5.4320720670e+00 1.4310064126e-05
1468 5.4299558019e+00 1.4195499300e-05
1469 5.4278816903e+00 1.4005163683e-05
1470 5.4258596975e+00 1.3992765196e-05
1471 5.4238364058e+00 1.3908315435e-05
1472 5.4218117110e+00 1.4027284237e-05
1473 5.4198001011e+00 1.3980928750e-05
1474 5.4178594374e+00 1.3774257844e-05
1475 5.4159719487e+00 1.3755434010e-05
1476 5.4140392194e+00 1.3929967425e-05
1477 5.4120129205e+00 1.4103917250e-05
1478 5.4099267103e+00 1.4103985106e-05
1479 5.4078539056e+00 1.4012422546e-05
1480 5.4057762943e+00 1.4108300434e-05
1481 5.4036673259e+00 1.4188096667e-05
1482 5.4015125163e+00 1.4246729280e-05
1483 5.3993472500e+00 1.4331574277e-05
1484 5.3971857858e+00 1.4332653114e-05
1485 5.3949923770e+00 1.4422300559e-05
1486 5.3928158414e+00 1.4311731456e-05
1487 5.3906786064e+00 1.4184600757e-05
1488 5.3886468353e+00 1.3990942704e-05
1489 5.3867031242e+00 1.4032021823e-05
1490 5.3847381942e+00 1.3985615051e-05
1491 5.3827533463e+00 1.3875873389e-05
1492 5.3808179983e+00 1.3595069290e-05
1493 5.3789610576e+00 1.3530840356e-05
1494 5.3771404246e+00 1.3401070445e-05
1495 5.3752616392e+00 1.3538447746e-05
1496 5.3733813085e+00 1.3538967524e-05
1497 5.3715292393e+00 1.3325869071e-05
1498 5.3697519532e+00 1.3227183918e-05
1499 5.3679930709e+00 1.3252768477e-05
1500 5.3661730992e+00 1.3309792604e-05
1501 5.3643100542e+00 1.3347075509e-05
1502 5.3624086750e+00 1.3492677946e-05
1503 5.3605550977e+00 1.3512373738e-05
1504 5.3587356915e+00 1.3480029923e-05
1505 5.3568651208e+00 1.3591251820e-05
1506 5.3549262061e+00 1.3608455824e-05
1507 5.3529698215e+00 1.3545066898e-05
1508 5.3510424621e+00 1.3327303815e-05
1509 5.3491679028e+00 1.3128764807e-05
1510 5.3473279693e+00 1.2966415217e-05
1511 5.3455174814e+00 1.2849297780e-05
1512 5.3437180511e+00 1.2783745772e-05
1513 5.3419447134e+00 1.2754668331e-05
1514 5.3401805729e+00 1.2841137159e-05
1515 5.3383822318e+00 1.2920621691e-05
1516 5.3365865820e+00 1.2933660333e-05
1517 5.3348204069e+00 1.2827529004e-05
1518 5.3330989618e+00 1.2760435727e-05
1519 5.3314220841e+00 1.2730133611e-05
1520 5.3297412316e+00 1.2794233898e-05
1521 5.3280007618e+00 1.2899612807e-05
1522 5.3262183845e+00 1.2872158112e-05
1523 5.3244374338e+00 1.2769444160e-05
1524 5.3227018508e+00 1.2602726760e-05
1525 5.3209954580e+00 1.2523793856e-05
1526 5.3193615152e+00 1.2624557787e-05
1527 5.3177607824e+00 1.2769196455e-05
1528 5.3160970287e+00 1.2852573735e-05
1529 5.3143409379e+00 1.2872180849e-05
1530 5.3125145591e+00 1.2811463561e-05
1531 5.3106916453e+00 1.2686383591e-05
1532 5.3089083558e+00 1.2586125943e-05
1533 5.3071803070e+00 1.2440792407e-05
1534 5.3055095516e+00 1.2277702318e-05
1535 5.3038941592e+00 1.2155328477e-05
1536 5.3023422116e+00 1.2053999751e-05
1537 5.3008492302e+00 1.1885073437e-05
1538 5.2993437329e+00 1.1972843929e-05
1539 5.2977959162e+00 1.2024848599e-05
1540 5.2962248241e+00 1.1981219958e-05
1541 5.2946632366e+00 1.2040383634e-05
1542 5.2931269339e+00 1.2131483758e-05
1543 5.2916339271e+00 1.2059722908e-05
1544 5.2901915012e+00 1.2119877685e-05
1545 5.2887109837e+00 1.2133207071e-05
1546 5.2871692652e+00 1.2107244928e-05
1547 5.2856252192e+00 1.2019161129e-05
1548 5.2840966741e+00 1.1995007498e-05
1549 5.2825575889e+00 1.2059451258e-05
1550 5.2809827066e+00 1.2240489953e-05
1551 5.2793807237e+00 1.2370949527e-05
1552 5.2777944287e+00 1.2271413421e-05
1553 5.2762163748e+00 1.2178992259e-05
1554 5.2746575660e+00 1.2382970796e-05
1555 5.2730370067e+00 1.2506444948e-05
1556 5.2713971191e+00 1.2540933925e-05
1557 5.2697310850e+00 1.2614956646e-05
1558 5.2680676605e+00 1.2727717991e-05
1559 5.2663576775e+00 1.2757912801e-05
1560 5.2646510601e+00 1.2800529455e-05
1561 5.2629604853e+00 1.2621620518e-05
1562 5.2612814468e+00 1.2743682586e-05
1563 5.2595394482e+00 1.2988604982e-05
1564 5.2577274649e+00 1.3158437954e-05
1565 5.2558910426e+00 1.3286361773e-05
1566 5.2540693845e+00 1.3189052969e-05
1567 5.2522139934e+00 1.3237527623e-05
1568 5.2502833396e+00 1.3387942072e-05
1569 5.2482946300e+00 1.3543398460e-05
1570 5.2462928842e+00 1.3602346736e-05
1571 5.2442952641e+00 1.3675089520e-05
1572 5.2422668838e+00 1.3675567613e-05
1573 5.2402338969e+00 1.3646811908e-05
1574 5.2382605024e+00 1.3531862464e-05
1575 5.2363948735e+00 1.3260133580e-05
1576 5.2346060608e+00 1.3237374044e-05
1577 5.2327763012e+00 1.3406126818e-05
1578 5.2308790842e+00 1.3459920164e-05
1579 5.2289941508e+00 1.3282946929e-05
1580 5.2271329313e+00 1.3276558327e-05
1581 5.2252586312e+00 1.3296254851e-05
1582 5.2233564192e+00 1.3334805522e-05
1583 5.2214321819e+00 1.3284781965e-05
1584 5.2195588226e+00 1.3139164218e-05
1585 5.2178022267e+00 1.3154736478e-05
1586 5.2161454296e+00 1.3083794592e-05
1587 5.2144291795e+00 1.3036411157e-05
1588 5.2126231223e+00 1.2938597374e-05
1589 5.2108473605e+00 1.2730604510e-05
1590 5.2091094894e+00 1.2771629769e-05
1591 5.2073672124e+00 1.2860294879e-05
1592 5.2055742023e+00 1.2812702664e-05
1593 5.2038049481e+00 1.2769744382e-05
1594 5.2021124557e+00 1.2746842491e-05
1595 5.2005310860e+00 1.2589704300e-05
1596 5.1989467445e+00 1.2625218502e-05
1597 5.1972862829e+00 1.2505847706e-05
1598 5.1956173802e+00 1.2354328220e-05
1599 5.1939894375e+00 1.2175952212e-05
1600 5.1923970246e+00 1.2245447159e-05
1601 5.1907963994e+00 1.2411088479e-05
1602 5.1891557918e+00 1.2467409975e-05
1603 5.1875048927e+00 1.2445986562e-05
1604 5.1859215941e+00 1.2324858821e-05
1605 5.1843587730e+00 1.2195589448e-05
1606 5.1827559781e+00 1.2324424219e-05
1607 5.1810856023e+00 1.2477847207e-05
1608 5.1793727241e+00 1.2577660423e-05
1609 5.1776971407e+00 1.2570640511e-05
1610 5.1760839329e+00 1.2358768851e-05
1611 5.1744915424e+00 1.2388367215e-05
1612 5.1728553680e+00 1.2527513187e-05
1613 5.1711872174e+00 1.2510235936e-05
1614 5.1695397228e+00 1.2362583058e-05
1615 5.1679539841e+00 1.2192197046e-05
1616 5.1663487112e+00 1.2134170493e-05
1617 5.1647643298e+00 1.2132447265e-05
1618 5.1631697974e+00 1.2053077423e-05
1619 5.1616511303e+00 1.1925052101e-05
1620 5.1602199974e+00 1.1748867127e-05
1621 5.1588239197e+00 1.1681439134e-05
1622 5.1573584599e+00 1.1762675669e-05
1623 5.1558611124e+00 1.1660265832e-05
1624 5.1543810452e+00 1.1638503740e-05
1625 5.1529036896e+00 1.1621904026e-05
1626 5.1514353750e+00 1.1485855657e-05
1627 5.1500397078e+00 1.1302179265e-05
1628 5.1487229314e+00 1.1246145190e-05
1629 5.1473912985e+00 1.1333902918e-05
1630 5.1459891434e+00 1.1390769992e-05
1631 5.1445513734e+00 1.1312974140e-05
1632 5.1431260686e+00 1.1335888409e-05
1633 5.1417389738e+00 1.1123482378e-05
1634 5.1404092014e+00 1.1075141298e-05
1635 5.1391361382e+00 1.1084241421e-05
1636 5.1377941213e+00 1.1077546220e-05
1637 5.1364012288e+00 1.1123110221e-05
1638 5.1350198288e+00 1.1040717498e-05
1639 5.1336688748e+00 1.0877258838e-05
1640 5.1323550209e+00 1.0720186531e-05
1641 5.1310500930e+00 1.0646884577e-05
1642 5.1297555023e+00 1.0598077596e-05
1643 5.1284888897e+00 1.0693280011e-05
1644 5.1272121265e+00 1.0824593616e-05
1645 5.1259139797e+00 1.0794458641e-05
1646 5.1246063140e+00 1.0767430644e-05
1647 5.1233471690e+00 1.0579113776e-05
1648 5.1221011866e+00 1.0559719391e-05
1649 5.1208408351e+00 1.0582443122e-05
1650 5.1195558229e+00 1.0572968942e-05
1651 5.1182729876e+00 1.0474571585e-05
1652 5.1170332577e+00 1.0307649776e-05
1653 5.1158590698e+00 1.0208119061e-05
1654 5.1147293094e+00 1.0221906855e-05
1655 5.1135784153e+00 1.0408079048e-05
1656 5.1123460733e+00 1.0453512373e-05
1657 5.1110821809e+00 1.0448665546e-05
1658 5.1098387980e+00 1.0434297844e-05
1659 5.1086131872e+00 1.0383288601e-05
1660 5.1074383166e+00 1.0203044928e-05
1661 5.1063056468e+00 1.0342230078e-05
1662 5.1051137906e+00 1.0347130917e-05
1663 5.1038869536e+00 1.0396930315e-05
1664 5.1026404084e+00 1.0294937248e-05
1665 5.1013961898e+00 1.0333304601e-05
1666 5.1001879684e+00 1.0269603848e-05
1667 5.0990354666e+00 1.0398503283e-05
1668 5.0978813769e+00 1.0421602780e-05
1669 5.0966596539e+00 1.0242537665e-05
1670 5.0954055635e+00 1.0181858298e-05
1671 5.0941607712e+00 1.0041975000e-05
1672 5.0929405502e+00 1.0005407023e-05
1673 5.0917359786e+00 1.0075052342e-05
1674 5.0905364272e+00 1.0013409917e-05
1675 5.0893492582e+00 9.9628033888e-06
1676 5.0881887799e+00 9.9977416667e-06
1677 5.0870602570e+00 1.0035816675e-05
1678 5.0858969101e+00 1.0118428880e-05
1679 5.0846673121e+00 1.0301287058e-05
1680 5.0833787838e+00 1.0423245657e-05
1681 5.0820867406e+00 1.0522539719e-05
1682 5.0808196025e+00 1.0549254623e-05
1683 5.0795475906e+00 1.0583434419e-05
1684 5.0782463345e+00 1.0583631070e-05
1685 5.0769088578e+00 1.0588427518e-05
1686 5.0755751355e+00 1.0601648840e-05
1687 5.0742849917e+00 1.0536326633e-05
1688 5.0730555339e+00 1.0445130501e-05
1689 5.0718179294e+00 1.0509500082e-05
1690 5.0705045462e+00 1.0640816390e-05
1691 5.0691622507e+00 1.0510036675e-05
1692 5.0678347109e+00 1.0499486690e-05
1693 5.0665124275e+00 1.0492819557e-05
1694 5.0651796400e+00 1.0504931508e-05
1695 5.0638629908e+00 1.0472663955e-05
1696 5.0625582930e+00 1.0513777582e-05
1697 5.0612354308e+00 1.0597401242e-05
1698 5.0598765591e+00 1.0665391655e-05
1699 5.0585119519e+00 1.0684245235e-05
1700 5.0572028743e+00 1.0515515761e-05
1701 5.0559935136e+00 1.0334958900e-05
1702 5.0547799200e+00 1.0246536168e-05
1703 5.0535423762e+00 1.0220428973e-05
1704 5.0522757863e+00 1.0084120729e-05
1705 5.0510366446e+00 9.8883585001e-06
1706 5.0498494110e+00 9.7693642754e-06
1707 5.0486910219e+00 9.7072081227e-06
1708 5.0475332701e+00 9.6701926741e-06
1709 5.0463735363e+00 9.8181877152e-06
1710 5.0452565147e+00 9.8580136511e-06
1711 5.0441664501e+00 9.7590757413e-06
1712 5.0430779002e+00 9.7002078330e-06
1713 5.0419519376e+00 9.6562085124e-06
1714 5.0408062834e+00 9.5910564588e-06
1715 5.0396844738e+00 9.4614006487e-06
1716 5.0386129149e+00 9.3578217636e-06
1717 5.0375609399e+00 9.2559447096e-06
1718 5.0364828276e+00 9.3700193698e-06
1719 5.0353667461e+00 9.5113112934e-06
1720 5.0342265131e+00 9.6960530639e-06
1721 5.0330835462e+00 9.6904373382e-06
1722 5.0319460326e+00 9.6142549107e-06
1723 5.0308469546e+00 9.5083958753e-06
1724 5.0297752628e+00 9.4097179478e-06
1725 5.0287243198e+00 9.4630358848e-06
1726 5.0276501944e+00 9.4546004905e-06
1727 5.0265785542e+00 9.4404289244e-06
1728 5.0255259036e+00 9.3490812440e-06
1729 5.0244946468e+00 9.4306637550e-06
1730 5.0234237570e+00 9.5459756345e-06
1731 5.0223157247e+00 9.5213498813e-06
1732 5.0212036742e+00 9.4038843855e-06
1733 5.0201070620e+00 9.2978742285e-06
1734 5.0190379361e+00 9.1660809082e-06
1735 5.0180149547e+00 9.1587142221e-06
1736 5.0170224969e+00 9.1233065191e-06
1737 5.0160328465e+00 9.0262717658e-06
1738 5.0150477236e+00 8.9145524898e-06
1739 5.0140480603e+00 8.9150949667e-06
1740 5.0130454548e+00 8.9741927925e-06
1741 5.0120230914e+00 8.9831191816e-06
1742 5.0110053498e+00 8.9903169737e-06
1743 5.0099945527e+00 8.8881132472e-06
1744 5.0090305034e+00 8.7890660012e-06
1745 5.0081348620e+00 8.6554278791e-06
1746 5.0072214004e+00 8.7163877118e-06
1747 5.0062591904e+00 8.8078346983e-06
1748 5.0052629431e+00 8.7827097140e-06
1749 5.0042698877e+00 8.7796265604e-06
1750 5.0033315104e+00 8.5765418814e-06
1751 5.0024582594e+00 8.4372846415e-06
1752 5.0016074353e+00 8.3801720215e-06
1753 5.0007208223e+00 8.3686985178e-06
1754 4.9998312576e+00 8.4503883414e-06
1755 4.9989562451e+00 8.4779202963e-06
1756 4.9980840578e+00 8.5395279734e-06
1757 4.9971504230e+00 8.7507571359e-06
1758 4.9961389971e+00 8.9316943954e-06
1759 4.9951002318e+00 8.9705907746e-06
1760 4.9940466690e+00 9.0006423654e-06
1761 4.9929931317e+00 8.9981093055e-06
1762 4.9919489937e+00 9.0180416980e-06
1763 4.9909377373e+00 9.0291317990e-06
1764 4.9899327644e+00 9.1346185990e-06
1765 4.9888668681e+00 9.2630562843e-06
1766 4.9877368898e+00 9.4509271183e-06
1767 4.9865871074e+00 9.4441304034e-06
1768 4.9854583816e+00 9.4437051498e-06
1769 4.9843407953e+00 9.5385105805e-06
1770 4.9831625539e+00 9.6819186131e-06
1771 4.9819008298e+00 9.8737687380e-06
1772 4.9805819323e+00 1.0114579706e-05
1773 4.9792158083e+00 1.0130877435e-05
1774 4.9778252766e+00 1.0313009540e-05
1775 4.9764130964e+00 1.0427385796e-05
1776 4.9749278326e+00 1.0476373006e-05
1777 4.9734153591e+00 1.0648212275e-05
1778 4.9718750275e+00 1.0894124196e-05
1779 4.9702722216e+00 1.1215898985e-05
1780 4.9686159894e+00 1.1435953749e-05
1781 4.9669593169e+00 1.1590170443e-05
1782 4.9653334069e+00 1.1646043516e-05
1783 4.9636147573e+00 1.1712224138e-05
1784 4.9618171226e+00 1.1919292242e-05
1785 4.9599693813e+00 1.2004569578e-05
1786 4.9581262684e+00 1.2046975857e-05
1787 4.9563422625e+00 1.2053963850e-05
1788 4.9545448891e+00 1.2197542043e-05
1789 4.9526677829e+00 1.2083160707e-05
1790 4.9507305538e+00 1.2131415855e-05
1791 4.9487991441e+00 1.2100386866e-05
1792 4.9468672995e+00 1.1982312961e-05
1793 4.9449928332e+00 1.1929516159e-05
1794 4.9431608716e+00 1.1918930382e-05
1795 4.9413591323e+00 1.1939183903e-05
1796 4.9395515808e+00 1.1949974986e-05
1797 4.9377506771e+00 1.1812214062e-05
1798 4.9359996073e+00 1.1660552053e-05
1799 4.9342781954e+00 1.1590011548e-05
1800 4.9325480768e+00 1.1686555370e-05
1801 4.9307765843e+00 1.1599300459e-05
1802 4.9289955299e+00 1.1746190170e-05
1803 4.9271924045e+00 1.1695308574e-05
1804 4.9253560278e+00 1.1829571516e-05
1805 4.9234815103e+00 1.2010268965e-05
1806 4.9215622990e+00 1.1996769975e-05
1807 4.9196459721e+00 1.2252513682e-05
1808 4.9176658970e+00 1.2336488166e-05
1809 4.9156845079e+00 1.2385220374e-05
1810 4.9137255726e+00 1.2242968433e-05
1811 4.9118632750e+00 1.2105022872e-05
1812 4.9100362170e+00 1.2075452825e-05
1813 4.9082148114e+00 1.2134062248e-05
1814 4.9063422969e+00 1.2218730914e-05
1815 4.9044739979e+00 1.2144431559e-05
1816 4.9026344499e+00 1.1960131425e-05
1817 4.9008587135e+00 1.1847419440e-05
1818 4.8991302048e+00 1.1880805995e-05
1819 4.8973654256e+00 1.1919515535e-05
1820 4.8956042843e+00 1.1872987919e-05
1821 4.8939136691e+00 1.1483800743e-05
1822 4.8923058081e+00 1.1342377832e-05
1823 4.8907137592e+00 1.1202569079e-05
1824 4.8891116848e+00 1.1278941699e-05
1825 4.8875023780e+00 1.1110436307e-05
1826 4.8859302450e+00 1.1107247187e-05
1827 4.8844173045e+00 1.0784447724e-05
1828 4.8829685834e+00 1.0609239154e-05
1829 4.8815459899e+00 1.0634719391e-05
1830 4.8800878987e+00 1.0748526519e-05
1831 4.8786304015e+00 1.0594741764e-05
1832 4.8772285642e+00 1.0494372725e-05
1833 4.8759093277e+00 1.0375513197e-05
1834 4.8746218014e+00 1.0318641963e-05
1835 4.8733160546e+00 1.0141284215e-05
1836 4.8720155199e+00 1.0049639623e-05
1837 4.8707649436e+00 9.8487451149e-06
1838 4.8695559913e+00 9.7857860810e-06
1839 4.8683726362e+00 9.7620219151e-06
1840 4.8671625429e+00 9.8283073040e-06
1841 4.8659590282e+00 9.5777690749e-06
1842 4.8647662349e+00 9.5855729523e-06
1843 4.8635851736e+00 9.5275129688e-06
1844 4.8623837239e+00 9.6662435621e-06
1845 4.8612118811e+00 9.4912406499e-06
1846 4.8601158341e+00 9.3800720209e-06
1847 4.8590448337e+00 9.2160506095e-06
1848 4.8579667828e+00 9.2118862161e-06
1849 4.8568485142e+00 9.2115268176e-06
1850 4.8557331426e+00 9.1932277487e-06
1851 4.8546566557e+00 9.0887950413e-06
1852 4.8536617102e+00 8.9684912993e-06
1853 4.8526415871e+00 8.9811314670e-06
1854 4.8515977435e+00 8.9464202823e-06
1855 4.8505263520e+00 8.9092768143e-06
1856 4.8494999772e+00 8.8726764576e-06
1857 4.8485376096e+00 8.7591622087e-06
1858 4.8476098251e+00 8.7071123318e-06
1859 4.8466275197e+00 8.7151181490e-06
1860 4.8456089869e+00 8.7142686540e-06
1861 4.8445892975e+00 8.6831415360e-06
1862 4.8436014992e+00 8.6444125770e-06
1863 4.8426717850e+00 8.4523755987e-06
1864 4.8418153961e+00 8.3156952185e-06
1865 4.8409410383e+00 8.2968741869e-06
1866 4.8400452111e+00 8.1449161241e-06
1867 4.8391681012e+00 7.9938825886e-06
1868 4.8383116782e+00 7.9179817848e-06
1869 4.8374625758e+00 7.9188679590e-06
1870 4.8366099280e+00 7.8599934871e-06
1871 4.8357517078e+00 7.9662593692e-06
1872 4.8348698604e+00 8.0979898398e-06
1873 4.8339614561e+00 8.2237212326e-06
1874 4.8330309589e+00 8.2866139710e-06
1875 4.8320901960e+00 8.2766952351e-06
1876 4.8311841076e+00 8.1587385713e-06
1877 4.8303192838e+00 8.0947143756e-06
1878 4.8294591342e+00 8.1941452754e-06
1879 4.8285328175e+00 8.3488125048e-06
1880 4.8275670918e+00 8.3918605744e-06
1881 4.8266013544e+00 8.3552708963e-06
1882 4.8256421864e+00 8.2364400580e-06
1883 4.8247103750e+00 8.1115816517e-06
1884 4.8238042785e+00 7.9842035333e-06
1885 4.8229301397e+00 7.9951526804e-06
1886 4.8220833170e+00 7.8687339300e-06
1887 4.8212780505e+00 7.9538956268e-06
1888 4.8204535336e+00 8.0517245682e-06
1889 4.8195580280e+00 8.1513563547e-06
1890 4.8186385622e+00 8.1985505913e-06
1891 4.8177032954e+00 8.1548436906e-06
1892 4.8167621475e+00 8.2556062052e-06
1893 4.8158465913e+00 8.2326938589e-06
1894 4.8149782519e+00 8.2094557355e-06
1895 4.8141010029e+00 8.3257058361e-06
1896 4.8131587712e+00 8.3879526662e-06
1897 4.8121927853e+00 8.3303421233e-06
1898 4.8112479068e+00 8.2145016877e-06
1899 4.8103337387e+00 8.1632508682e-06
1900 4.8094219226e+00 8.2041316920e-06
1901 4.8084707452e+00 8.3862603232e-06
1902 4.8074957322e+00 8.4472173867e-06
1903 4.8065274485e+00 8.4439949373e-06
1904 4.8056029327e+00 8.3975421316e-06
1905 4.8046872889e+00 8.3621359592e-06
1906 4.8037090598e+00 8.4670172656e-06
1907 4.8027041909e+00 8.4740194823e-06
1908 4.8016868010e+00 8.3814508657e-06
1909 4.8007047045e+00 8.2638339047e-06
1910 4.7997430470e+00 8.1880828753e-06
1911 4.7988047944e+00 8.1542653094e-06
1912 4.7978969721e+00 8.0317501103e-06
1913 4.7970197774e+00 8.1355564420e-06
1914 4.7961306301e+00 8.1825251602e-06
1915 4.7952147641e+00 8.2107122290e-06
1916 4.7943007856e+00 8.0262751657e-06
1917 4.7933875788e+00 7.9843115672e-06
1918 4.7924810504e+00 7.9659155021e-06
1919 4.7915598581e+00 8.0495510048e-06
1920 4.7906331125e+00 8.1296523663e-06
1921 4.7896886418e+00 8.1744671969e-06
1922 4.7887492494e+00 8.1974436139e-06
1923 4.7878185085e+00 8.2346195546e-06
1924 4.7868577294e+00 8.3799947011e-06
1925 4.7858739147e+00 8.4227280538e-06
1926 4.7848712515e+00 8.5078935566e-06
1927 4.7838516095e+00 8.4735402509e-06
1928 4.7828108976e+00 8.6335001680e-06
1929 4.7817400480e+00 8.7451499535e-06
1930 4.7806151704e+00 8.9324939676e-06
1931 4.7794602772e+00 9.0097666698e-06
1932 4.7782789279e+00 9.1352113823e-06
1933 4.7770962433e+00 9.1932365870e-06
1934 4.7759007413e+00 9.2206878251e-06
1935 4.7746766856e+00 9.4004970244e-06
1936 4.7733932932e+00 9.4092343431e-06
1937 4.7720852447e+00 9.4571781103e-06
1938 4.7707698497e+00 9.4248885897e-06
1939 4.7694464906e+00 9.5688188508e-06
1940 4.7680961450e+00 9.6718339741e-06
1941 4.7667086581e+00 9.6744104815e-06
1942 4.7653222340e+00 9.6680217738e-06
1943 4.7639503529e+00 9.6465593472e-06
1944 4.7626276222e+00 9.4782151399e-06
1945 4.7613468640e+00 9.4503103763e-06
1946 4.7600855064e+00 9.4782429921e-06
1947 4.7588142792e+00 9.4257698174e-06
1948 4.7575472514e+00 9.3018347414e-06
1949 4.7562853048e+00 9.4072957862e-06
1950 4.7550374508e+00 9.3773105720e-06
1951 4.7537928859e+00 9.5221239310e-06
1952 4.7525087263e+00 9.4808166679e-06
1953 4.7511990510e+00 9.4868573666e-06
1954 4.7498765896e+00 9.4742872813e-06
1955 4.7485351524e+00 9.5286241932e-06
1956 4.7472125316e+00 9.5598734236e-06
1957 4.7459152552e+00 9.5556101547e-06
1958 4.7446301052e+00 9.4686313088e-06
1959 4.7433272760e+00 9.5074495805e-06
1960 4.7419832802e+00 9.6252104913e-06
1961 4.7406271202e+00 9.6987215582e-06
1962 4.7393137559e+00 9.6677978754e-06
1963 4.7380433286e+00 9.6739142893e-06
1964 4.7367485019e+00 9.7434882269e-06
1965 4.7353870178e+00 9.7858779977e-06
1966 4.7339877497e+00 9.8462369744e-06
1967 4.7326293244e+00 9.7841935222e-06
1968 4.7313525192e+00 9.5988346563e-06
1969 4.7301051340e+00 9.6603610860e-06
1970 4.7287472033e+00 9.8448873958e-06
1971 4.7273282052e+00 9.9970221185e-06
1972 4.7258832531e+00 1.0103863991e-05
1973 4.7244446890e+00 1.0089528357e-05
1974 4.7230338208e+00 1.0098810739e-05
1975 4.7215977766e+00 1.0119155924e-05
1976 4.7201314292e+00 1.0073382640e-05
1977 4.7186524926e+00 1.0107726940e-05
1978 4.7172081734e+00 1.0071909518e-05
1979 4.7158293042e+00 1.0013208165e-05
1980 4.7144737499e+00 1.0187710858e-05
1981 4.7130292478e+00 1.0277895140e-05
1982 4.7115075660e+00 1.0281092615e-05
1983 4.7099689843e+00 1.0361367676e-05
1984 4.7084141788e+00 1.0347229212e-05
1985 4.7068526345e+00 1.0284134281e-05
1986 4.7053014916e+00 1.0346642980e-05
1987 4.7037345783e+00 1.0413487403e-05
1988 4.7021729492e+00 1.0574289626e-05
1989 4.7006286030e+00 1.0502046127e-05
1990 4.6991569921e+00 1.0405111421e-05
1991 4.6976802775e+00 1.0437369802e-05
1992 4.6961160679e+00 1.0565941606e-05
1993 4.6945105527e+00 1.0662149984e-05
1994 4.6928739077e+00 1.0650479357e-05
1995 4.6912612572e+00 1.0555576451e-05
1996 4.6897371616e+00 1.0398412218e-05
1997 4.6883123869e+00 1.0287198721e-05
1998 4.6868761070e+00 1.0298930687e-05
1999 4.6853916396e+00 1.0256418848e-05
