iter rel_error rel_residual
0 1.1245161931e+01 4.2062641796e-01
1 1.2829819654e+01 1.8787609276e-01
2 1.5792357896e+01 1.1492647994e-01
3 1.8654694025e+01 8.2477855659e-02
4 1.8950665225e+01 5.8147001011e-02
5 1.7347282549e+01 4.8575960253e-02
6 1.5385456202e+01 4.0454185260e-02
7 1.4333628670e+01 3.4610928127e-02
8 1.3938905883e+01 3.0116785370e-02
9 1.3729591600e+01 2.6717165540e-02
10 1.3528809286e+01 2.4425381215e-02
11 1.3316004720e+01 2.2290148850e-02
12 1.3064037182e+01 1.9969733945e-02
13 1.2754578372e+01 1.8003018916e-02
14 1.2478840658e+01 1.6420947580e-02
15 1.2303775892e+01 1.5272705151e-02
16 1.2194726387e+01 1.4384470361e-02
17 1.2085426863e+01 1.3294894186e-02
18 1.1955255703e+01 1.2458431925e-02
19 1.1815918249e+01 1.1740127268e-02
20 1.1681562349e+01 1.1213726243e-02
21 1.1579644817e+01 1.0598793628e-02
22 1.1500832616e+01 1.0084642119e-02
23 1.1427371499e+01 9.7531406689e-03
24 1.1363943777e+01 9.4201480020e-03
25 1.1311254950e+01 9.1265208681e-03
26 1.1274370894e+01 8.7280711183e-03
27 1.1262878617e+01 8.3984539626e-03
28 1.1276822948e+01 8.0576302779e-03
29 1.1303421579e+01 7.7948353806e-03
30 1.1334849017e+01 7.5129209801e-03
31 1.1375667895e+01 7.3007157170e-03
32 1.1429265467e+01 7.0580434548e-03
33 1.1493994750e+01 6.8022283451e-03
34 1.1572133087e+01 6.5886329669e-03
35 1.1656098967e+01 6.3146448477e-03
36 1.1737541947e+01 6.1026453485e-03
37 1.1817644768e+01 5.9254641013e-03
38 1.1897863479e+01 5.7444993763e-03
39 1.1980516688e+01 5.5884544694e-03
40 1.2064167109e+01 5.4552698838e-03
41 1.2144265676e+01 5.3244582478e-03
42 1.2220691604e+01 5.2291083130e-03
43 1.2292857033e+01 5.1125621981e-03
44 1.2363835675e+01 4.9650459831e-03
45 1.2434476279e+01 4.8486880134e-03
46 1.2504447561e+01 4.7737304224e-03
47 1.2574047762e+01 4.6422885537e-03
48 1.2640267445e+01 4.5370295762e-03
49 1.2702861101e+01 4.4403968304e-03
50 1.2764114177e+01 4.3420802399e-03
51 1.2824744295e+01 4.2573660100e-03
52 1.2885426865e+01 4.1300114136e-03
53 1.2943478795e+01 3.9899829154e-03
54 1.2998431376e+01 3.9333381070e-03
55 1.3052753603e+01 3.8557237261e-03
56 1.3106964182e+01 3.7365096280e-03
57 1.3161541753e+01 3.6421217794e-03
58 1.3214456845e+01 3.5715158474e-03
59 1.3264122003e+01 3.4767590458e-03
60 1.3310785972e+01 3.4170703603e-03
61 1.3357210775e+01 3.3286431863e-03
62 1.3403346287e+01 3.2577705490e-03
63 1.3449248419e+01 3.2127646138e-03
64 1.3493446363e+01 3.1524668343e-03
65 1.3532878637e+01 3.0969310488e-03
66 1.3570599584e+01 3.0132839770e-03
67 1.3607982333e+01 2.9210792502e-03
68 1.3644722815e+01 2.8738917949e-03
69 1.3680165827e+01 2.8075254125e-03
70 1.3711719983e+01 2.7439972588e-03
71 1.3739729049e+01 2.6901016016e-03
72 1.3766548455e+01 2.6558461406e-03
73 1.3793134256e+01 2.6018210128e-03
74 1.3818487910e+01 2.5670524806e-03
75 1.3841489679e+01 2.4892932440e-03
76 1.3861386093e+01 2.4443230763e-03
77 1.3880069221e+01 2.4053306402e-03
78 1.3898608000e+01 2.3641536457e-03
79 1.3916704048e+01 2.3374579337e-03
80 1.3933533602e+01 2.2756761152e-03
81 1.3947977195e+01 2.2312119019e-03
82 1.3960724008e+01 2.1862891864e-03
83 1.3972341875e+01 2.1549989627e-03
84 1.3982515861e+01 2.1128377928e-03
85 1.3991112235e+01 2.0896752290e-03
86 1.3998463744e+01 2.0687188258e-03
87 1.4005048590e+01 2.0161851047e-03
88 1.4010903407e+01 1.9713489886e-03
89 1.4015754317e+01 1.9248542419e-03
90 1.4019228787e+01 1.8990046878e-03
91 1.4021591373e+01 1.8767870077e-03
92 1.4023132496e+01 1.8558146277e-03
93 1.4023863717e+01 1.8263669358e-03
94 1.4023742693e+01 1.7983613696e-03
95 1.4022959280e+01 1.7680734220e-03
96 1.4021852797e+01 1.7421954902e-03
97 1.4020421928e+01 1.7065587485e-03
98 1.4017950556e+01 1.6832831499e-03
99 1.4014038546e+01 1.6706694658e-03
100 1.4009258947e+01 1.6448244563e-03
101 1.4004644164e+01 1.6301878508e-03
102 1.4000328078e+01 1.5859811468e-03
103 1.3995128572e+01 1.5613143837e-03
104 1.3987890967e+01 1.5441011054e-03
105 1.3979119045e+01 1.5247339634e-03
106 1.3970401177e+01 1.5300949871e-03
107 1.3962528703e+01 1.5510086672e-03
108 1.3954251006e+01 1.5843611737e-03
109 1.3943758329e+01 1.6487047326e-03
110 1.3930489058e+01 1.7409082549e-03
111 1.3916156630e+01 1.8322228249e-03
112 1.3902938888e+01 1.8900075898e-03
113 1.3890850851e+01 1.8528240442e-03
114 1.3878268062e+01 1.7528761635e-03
115 1.3864497812e+01 1.6347811106e-03
116 1.3850470230e+01 1.5536591496e-03
117 1.3837296953e+01 1.4934512985e-03
118 1.3825146043e+01 1.4518462281e-03
119 1.3812721868e+01 1.4001330442e-03
120 1.3798939622e+01 1.3391779936e-03
121 1.3784294145e+01 1.2764042708e-03
122 1.3770207201e+01 1.2214166032e-03
123 1.3756879112e+01 1.1805500529e-03
124 1.3744261449e+01 1.1455552932e-03
125 1.3730892942e+01 1.0955479462e-03
126 1.3716692823e+01 1.0601417117e-03
127 1.3702268130e+01 1.0260829139e-03
128 1.3688261564e+01 9.9442149297e-04
129 1.3674803500e+01 9.6003722924e-04
130 1.3660822089e+01 9.4016877664e-04
131 1.3646513106e+01 9.2190699678e-04
132 1.3632233113e+01 9.0307611662e-04
133 1.3617997329e+01 8.9209982275e-04
134 1.3603113892e+01 8.8521067027e-04
135 1.3587135940e+01 8.8185614378e-04
136 1.3570521538e+01 8.7180968346e-04
137 1.3553856111e+01 8.5601306516e-04
138 1.3537378551e+01 8.4718073662e-04
139 1.3520622624e+01 8.4774405470e-04
140 1.3503099013e+01 8.4245939841e-04
141 1.3484582479e+01 8.3569464327e-04
142 1.3465001203e+01 8.3483595781e-04
143 1.3445396329e+01 8.2918852962e-04
144 1.3425389267e+01 8.2919686290e-04
145 1.3405144141e+01 8.2759912769e-04
146 1.3383913974e+01 8.2434787004e-04
147 1.3361747170e+01 8.2446370944e-04
148 1.3338442894e+01 8.3157338193e-04
149 1.3314292268e+01 8.3791707357e-04
150 1.3289162680e+01 8.4117652610e-04
151 1.3263449043e+01 8.4488546507e-04
152 1.3236325427e+01 8.4829825302e-04
153 1.3207950352e+01 8.5285320992e-04
154 1.3179106142e+01 8.5480843943e-04
155 1.3149983789e+01 8.6203832926e-04
156 1.3119726074e+01 8.6661628593e-04
157 1.3087931685e+01 8.7696457734e-04
158 1.3054926861e+01 8.7980345816e-04
159 1.3022016647e+01 8.8151681519e-04
160 1.2989270405e+01 8.8294239652e-04
161 1.2957162673e+01 8.8659203506e-04
162 1.2925665062e+01 8.8552488672e-04
163 1.2893216562e+01 8.9335215662e-04
164 1.2858796165e+01 8.9615706851e-04
165 1.2822921584e+01 8.9244076201e-04
166 1.2786931913e+01 8.9710575973e-04
167 1.2750019615e+01 9.0089794119e-04
168 1.2711891194e+01 8.9954432963e-04
169 1.2673494595e+01 8.9800335586e-04
170 1.2635483322e+01 8.9939939822e-04
171 1.2597522265e+01 9.0109232841e-04
172 1.2559140617e+01 9.1020017731e-04
173 1.2519812837e+01 9.0317553929e-04
174 1.2481298767e+01 9.0728406422e-04
175 1.2445280014e+01 9.0833301758e-04
176 1.2410300325e+01 8.9955423726e-04
177 1.2374148650e+01 8.9455203734e-04
178 1.2336265667e+01 8.9069519421e-04
179 1.2297561232e+01 8.8957284310e-04
180 1.2259655933e+01 8.8272332210e-04
181 1.2222639853e+01 8.8296245814e-04
182 1.2185835025e+01 8.8386407266e-04
183 1.2150220295e+01 8.8227385289e-04
184 1.2115922078e+01 8.9764848490e-04
185 1.2080366798e+01 9.1272305947e-04
186 1.2041221785e+01 9.4717531589e-04
187 1.1997864613e+01 1.0010557763e-03
188 1.1949090203e+01 1.0639952212e-03
189 1.1893871507e+01 1.1393229324e-03
190 1.1831588035e+01 1.2179604771e-03
191 1.1762928677e+01 1.2868962330e-03
192 1.1691721572e+01 1.3203633959e-03
193 1.1624987797e+01 1.3080898807e-03
194 1.1566192876e+01 1.2715421967e-03
195 1.1513901490e+01 1.2321900713e-03
196 1.1465191467e+01 1.2050441292e-03
197 1.1421338105e+01 1.1966915506e-03
198 1.1381829255e+01 1.2013527307e-03
199 1.1345286847e+01 1.2169728040e-03
200 1.1311463898e+01 1.2011163778e-03
201 1.1282383312e+01 1.1579389132e-03
202 1.1258856276e+01 1.1115980410e-03
203 1.1237539929e+01 1.0752785283e-03
204 1.1216859471e+01 1.0581722817e-03
205 1.1196246750e+01 1.0452846003e-03
206 1.1175251365e+01 1.0242900040e-03
207 1.1154585235e+01 1.0056195227e-03
208 1.1135011244e+01 9.7826387455e-04
209 1.1116784226e+01 9.5238289507e-04
210 1.1098355726e+01 9.5188079921e-04
211 1.1078150447e+01 9.5410177666e-04
212 1.1057377667e+01 9.4659593833e-04
213 1.1037010490e+01 9.2725149643e-04
214 1.1017128286e+01 9.0683427614e-04
215 1.0997346992e+01 8.9108822196e-04
216 1.0978015827e+01 8.5760454171e-04
217 1.0960034861e+01 8.1302351737e-04
218 1.0943427928e+01 7.7883506766e-04
219 1.0926859748e+01 7.4781405846e-04
220 1.0909856324e+01 7.3604251376e-04
221 1.0891944829e+01 7.5185934212e-04
222 1.0872467640e+01 7.8092880958e-04
223 1.0851706123e+01 8.1523517563e-04
224 1.0829736597e+01 8.4971424702e-04
225 1.0805946367e+01 8.7685450478e-04
226 1.0779593830e+01 8.8407796118e-04
227 1.0752655221e+01 8.8049699316e-04
228 1.0725618993e+01 9.0624365870e-04
229 1.0696486981e+01 9.3544310827e-04
230 1.0665288140e+01 9.5632957725e-04
231 1.0634431951e+01 9.6041187321e-04
232 1.0604276715e+01 9.7777590030e-04
233 1.0572729167e+01 9.9101361841e-04
234 1.0539484371e+01 1.0015813093e-03
235 1.0505052548e+01 1.0065657511e-03
236 1.0470244472e+01 1.0000112560e-03
237 1.0437325610e+01 9.6790866593e-04
238 1.0406592144e+01 9.4646929502e-04
239 1.0376216898e+01 9.4696522541e-04
240 1.0343693541e+01 9.4166930662e-04
241 1.0309719877e+01 9.2552594195e-04
242 1.0275732757e+01 9.0804449839e-04
243 1.0243491575e+01 8.7133902292e-04
244 1.0213466474e+01 8.5208745636e-04
245 1.0184775829e+01 8.3756676025e-04
246 1.0155506789e+01 8.3570583162e-04
247 1.0126152660e+01 8.2694693007e-04
248 1.0098029668e+01 8.0791353874e-04
249 1.0071575985e+01 8.0007473649e-04
250 1.0047206835e+01 7.7880106342e-04
251 1.0025065862e+01 7.5520829206e-04
252 1.0004481281e+01 7.4874418639e-04
253 9.9848076023e+00 7.4058451708e-04
254 9.9662086373e+00 7.2690561641e-04
255 9.9487517634e+00 7.1060644988e-04
256 9.9325451906e+00 6.9515986322e-04
257 9.9173832537e+00 6.7813105712e-04
258 9.9025227881e+00 6.7843376849e-04
259 9.8874323767e+00 6.7904751152e-04
260 9.8722396062e+00 6.8250898261e-04
261 9.8574389987e+00 6.7642806212e-04
262 9.8434983705e+00 6.7053672151e-04
263 9.8306240625e+00 6.7263685155e-04
264 9.8188865879e+00 6.7308126667e-04
265 9.8079899737e+00 6.8189181317e-04
266 9.7972761023e+00 6.9598618961e-04
267 9.7866485034e+00 7.0984050985e-04
268 9.7762826195e+00 7.1672765120e-04
269 9.7665494303e+00 7.2675282663e-04
270 9.7577875654e+00 7.3921901148e-04
271 9.7495996019e+00 7.5863374818e-04
272 9.7416809211e+00 7.7991092092e-04
273 9.7341992487e+00 7.8962731221e-04
274 9.7275345794e+00 7.8248067985e-04
275 9.7220344178e+00 7.8506800832e-04
276 9.7174509432e+00 7.8494963434e-04
277 9.7133657319e+00 7.8657541224e-04
278 9.7094312397e+00 7.8444576802e-04
279 9.7059327337e+00 7.8201749686e-04
280 9.7033184043e+00 7.6558136849e-04
281 9.7013374741e+00 7.5503379436e-04
282 9.6993419437e+00 7.5260543849e-04
283 9.6968583308e+00 7.4049887461e-04
284 9.6941240967e+00 7.3475002602e-04
285 9.6917569390e+00 7.0636105237e-04
286 9.6898896826e+00 6.9942033814e-04
287 9.6880213171e+00 6.9512062239e-04
288 9.6856396765e+00 6.9244251812e-04
289 9.6829046689e+00 6.8258436521e-04
290 9.6803923359e+00 6.7028962412e-04
291 9.6783169392e+00 6.5910541764e-04
292 9.6763016408e+00 6.4897631644e-04
293 9.6740830305e+00 6.4825139282e-04
294 9.6717377186e+00 6.5949181348e-04
295 9.6695982913e+00 6.6765779633e-04
296 9.6680267995e+00 6.7330221359e-04
297 9.6668257409e+00 6.7395869889e-04
298 9.6656364267e+00 6.6939708649e-04
299 9.6643575973e+00 6.7142814792e-04
300 9.6632852726e+00 6.6309730881e-04
301 9.6626983724e+00 6.3785829560e-04
302 9.6624130916e+00 5.9854054946e-04
303 9.6619639669e+00 5.6044369350e-04
304 9.6611399982e+00 5.3356668222e-04
305 9.6599997428e+00 5.1667673264e-04
306 9.6586867303e+00 5.0066823637e-04
307 9.6573564884e+00 4.8011959728e-04
308 9.6559071978e+00 4.5902917164e-04
309 9.6541653914e+00 4.4481883861e-04
310 9.6520746713e+00 4.2911197313e-04
311 9.6498796044e+00 4.0879272639e-04
312 9.6476688193e+00 3.8826257597e-04
313 9.6454329606e+00 3.6856624534e-04
314 9.6430295375e+00 3.5394272018e-04
315 9.6404324615e+00 3.4616066646e-04
316 9.6377673366e+00 3.3455452686e-04
317 9.6350826627e+00 3.2487275510e-04
318 9.6323364380e+00 3.1221917394e-04
319 9.6294287353e+00 3.0165733444e-04
320 9.6263500528e+00 2.9588575064e-04
321 9.6230350180e+00 2.9500938618e-04
322 9.6195604306e+00 2.9339440330e-04
323 9.6159719542e+00 2.9128213275e-04
324 9.6122569823e+00 2.9013581673e-04
325 9.6081573389e+00 2.9551604434e-04
326 9.6034306016e+00 3.0134909464e-04
327 9.5983137407e+00 3.0914207745e-04
328 9.5928825681e+00 3.0859749114e-04
329 9.5873537353e+00 3.0708699570e-04
330 9.5818589915e+00 2.9836636604e-04
331 9.5765414619e+00 2.8868346769e-04
332 9.5714193785e+00 2.8118151107e-04
333 9.5663109133e+00 2.7653517568e-04
334 9.5611433395e+00 2.7608875416e-04
335 9.5557276693e+00 2.7811527913e-04
336 9.5499422601e+00 2.8177027626e-04
337 9.5437715711e+00 2.8225590093e-04
338 9.5373770296e+00 2.8455179399e-04
339 9.5308485067e+00 2.8192640606e-04
340 9.5242904304e+00 2.8065508935e-04
341 9.5176784933e+00 2.7901425307e-04
342 9.5107996165e+00 2.8069642124e-04
343 9.5037131827e+00 2.8430074304e-04
344 9.4964673612e+00 2.8501094117e-04
345 9.4889431039e+00 2.8347662129e-04
346 9.4812449761e+00 2.7930521157e-04
347 9.4732412934e+00 2.7659216239e-04
348 9.4648293821e+00 2.8036524682e-04
349 9.4559391327e+00 2.8241170645e-04
350 9.4468144833e+00 2.7974389926e-04
351 9.4377508480e+00 2.7497025826e-04
352 9.4282399992e+00 2.7404928737e-04
353 9.4185299347e+00 2.7080862321e-04
354 9.4090481179e+00 2.6801602664e-04
355 9.3998884470e+00 2.6522135477e-04
356 9.3905843525e+00 2.6348807753e-04
357 9.3809441675e+00 2.5784726126e-04
358 9.3709832509e+00 2.5431220210e-04
359 9.3611706122e+00 2.5077102632e-04
360 9.3513598328e+00 2.4984558268e-04
361 9.3414362438e+00 2.4878872819e-04
362 9.3311579668e+00 2.4785659690e-04
363 9.3208911679e+00 2.4508960532e-04
364 9.3108444263e+00 2.3992426715e-04
365 9.3011687274e+00 2.3622806154e-04
366 9.2915725880e+00 2.3515577287e-04
367 9.2818072220e+00 2.3451965699e-04
368 9.2720848804e+00 2.3419477516e-04
369 9.2628197342e+00 2.2983600551e-04
370 9.2542009825e+00 2.2545098803e-04
371 9.2455663899e+00 2.2035227086e-04
372 9.2369920376e+00 2.1500155375e-04
373 9.2286417458e+00 2.0498023249e-04
374 9.2208667256e+00 1.9587938857e-04
375 9.2138080441e+00 1.8285531756e-04
376 9.2074820129e+00 1.7191755517e-04
377 9.2018263900e+00 1.5800752964e-04
378 9.1968456897e+00 1.4929872496e-04
379 9.1923395059e+00 1.4417883590e-04
380 9.1880792056e+00 1.4052992987e-04
381 9.1840041924e+00 1.3709518057e-04
382 9.1798930178e+00 1.3614488934e-04
383 9.1755889376e+00 1.3768579271e-04
384 9.1709685327e+00 1.3896606470e-04
385 9.1661540681e+00 1.3875079953e-04
386 9.1612380266e+00 1.3652703265e-04
387 9.1563137694e+00 1.3335466501e-04
388 9.1515751758e+00 1.2982992173e-04
389 9.1470866758e+00 1.2610727333e-04
390 9.1427773399e+00 1.2584620901e-04
391 9.1384850657e+00 1.2645692394e-04
392 9.1340519914e+00 1.3016029782e-04
393 9.1294299595e+00 1.3030024327e-04
394 9.1247993245e+00 1.2809663883e-04
395 9.1201296198e+00 1.2489769498e-04
396 9.1155435403e+00 1.2359213266e-04
397 9.1109370644e+00 1.2270218928e-04
398 9.1063729779e+00 1.2360985066e-04
399 9.1018672415e+00 1.2287028180e-04
400 9.0975576172e+00 1.2098741887e-04
401 9.0935377994e+00 1.1777040191e-04
402 9.0895152514e+00 1.1484972321e-04
403 9.0855489428e+00 1.1202535960e-04
404 9.0816777401e+00 1.0866715546e-04
405 9.0778016005e+00 1.0731362052e-04
406 9.0738897124e+00 1.0533064486e-04
407 9.0700085864e+00 1.0307183490e-04
408 9.0662359580e+00 1.0166622430e-04
409 9.0625691795e+00 1.0088829190e-04
410 9.0589045758e+00 9.9654451190e-05
411 9.0550505880e+00 1.0066496665e-04
412 9.0508564383e+00 1.0194481597e-04
413 9.0464094137e+00 1.0331792718e-04
414 9.0418070046e+00 1.0224399362e-04
415 9.0372662663e+00 1.0111914683e-04
416 9.0328131291e+00 9.9397421142e-05
417 9.0286035489e+00 9.7111516577e-05
418 9.0245332703e+00 9.5650078007e-05
419 9.0206746507e+00 9.4002156261e-05
420 9.0170238764e+00 9.2904146043e-05
421 9.0134428391e+00 9.2823569246e-05
422 9.0097888377e+00 9.2551290605e-05
423 9.0061628944e+00 9.0162309495e-05
424 9.0026292999e+00 8.7828180619e-05
425 8.9992375384e+00 8.5973922119e-05
426 8.9959572669e+00 8.4875929712e-05
427 8.9928097134e+00 8.4561700775e-05
428 8.9897702932e+00 8.4724253191e-05
429 8.9869102162e+00 8.2676237884e-05
430 8.9840670409e+00 8.1004195593e-05
431 8.9811710141e+00 8.0024763482e-05
432 8.9783485027e+00 7.8890025060e-05
433 8.9756146272e+00 7.7206301912e-05
434 8.9730175317e+00 7.5423837993e-05
435 8.9705959240e+00 7.2676293117e-05
436 8.9682122445e+00 7.1634772373e-05
437 8.9657525174e+00 7.1720576805e-05
438 8.9632017052e+00 7.2419886668e-05
439 8.9605191692e+00 7.3211275477e-05
440 8.9576939777e+00 7.4409939075e-05
441 8.9548592088e+00 7.3944134463e-05
442 8.9521610512e+00 7.3162514427e-05
443 8.9495296666e+00 7.2807098469e-05
444 8.9467902949e+00 7.1041419239e-05
445 8.9440450714e+00 6.9648138033e-05
446 8.9413471619e+00 6.8648484222e-05
447 8.9387100017e+00 6.9097561659e-05
448 8.9361162445e+00 6.8923289521e-05
449 8.9335574441e+00 6.9074784506e-05
450 8.9309155067e+00 6.9197352472e-05
451 8.9281631156e+00 6.8835400211e-05
452 8.9254708344e+00 6.7833589449e-05
453 8.9228860648e+00 6.6499349902e-05
454 8.9204139711e+00 6.6514696645e-05
455 8.9178909410e+00 6.7277828233e-05
456 8.9151838250e+00 6.7593475149e-05
457 8.9124767097e+00 6.6981116027e-05
458 8.9098226417e+00 6.6311836756e-05
459 8.9071819950e+00 6.5810990167e-05
460 8.9045146707e+00 6.6230406811e-05
461 8.9018129860e+00 6.6596634540e-05
462 8.8991445742e+00 6.6667338162e-05
463 8.8965285931e+00 6.6780329722e-05
464 8.8939407503e+00 6.6267380640e-05
465 8.8912247885e+00 6.6680746513e-05
466 8.8883783924e+00 6.7556972163e-05
467 8.8854340981e+00 6.7436104721e-05
468 8.8824847063e+00 6.7013574641e-05
469 8.8795074569e+00 6.6768106865e-05
470 8.8765029959e+00 6.6656512351e-05
471 8.8735107443e+00 6.6166781513e-05
472 8.8704972385e+00 6.7112577535e-05
473 8.8673196910e+00 6.7485723469e-05
474 8.8639253139e+00 6.8293136563e-05
475 8.8604120630e+00 6.7631426916e-05
476 8.8568925598e+00 6.7679748081e-05
477 8.8535083307e+00 6.6886071307e-05
478 8.8502754441e+00 6.5667317653e-05
479 8.8471212810e+00 6.5898773313e-05
480 8.8438260544e+00 6.5720777350e-05
481 8.8404665384e+00 6.5252253802e-05
482 8.8372315785e+00 6.3577060581e-05
483 8.8342704986e+00 6.1626003861e-05
484 8.8314041220e+00 6.0537182515e-05
485 8.8284929984e+00 6.0061213083e-05
486 8.8255442264e+00 5.9221858001e-05
487 8.8226112737e+00 5.8333885937e-05
488 8.8196721677e+00 5.8075506729e-05
489 8.8167443244e+00 5.7938061551e-05
490 8.8137848699e+00 5.8130951385e-05
491 8.8108474266e+00 5.8206275521e-05
492 8.8079760261e+00 5.8668339762e-05
493 8.8051180830e+00 5.8855756733e-05
494 8.8021466615e+00 5.8890281521e-05
495 8.7990627140e+00 5.9333548095e-05
496 8.7959461685e+00 5.9332278848e-05
497 8.7928167382e+00 5.9627722624e-05
498 8.7897071503e+00 5.9772073309e-05
499 8.7864415675e+00 6.0425193553e-05
500 8.7830996485e+00 6.0625992912e-05
501 8.7796641516e+00 6.1179773219e-05
502 8.7761329446e+00 6.1389838676e-05
503 8.7725757185e+00 6.1279976317e-05
504 8.7690649510e+00 6.1164831614e-05
505 8.7656099902e+00 6.1168256681e-05
506 8.7620989114e+00 6.0806338577e-05
507 8.7585199726e+00 6.0785021219e-05
508 8.7548220641e+00 6.1198698300e-05
509 8.7510467448e+00 6.1958878905e-05
510 8.7472539508e+00 6.1455466672e-05
511 8.7435643771e+00 6.1339726305e-05
512 8.7399497751e+00 6.1541526337e-05
513 8.7364513408e+00 6.1327103183e-05
514 8.7329423344e+00 6.1696944085e-05
515 8.7292587182e+00 6.2006494035e-05
516 8.7255189636e+00 6.1366969301e-05
517 8.7218796866e+00 5.9887635916e-05
518 8.7184291678e+00 5.8568331247e-05
519 8.7150929833e+00 5.7360703057e-05
520 8.7118118503e+00 5.6498464557e-05
521 8.7085452749e+00 5.5899924860e-05
522 8.7053454572e+00 5.5574008501e-05
523 8.7021019655e+00 5.5050171044e-05
524 8.6989791516e+00 5.4427774332e-05
525 8.6960644644e+00 5.3289549168e-05
526 8.6933239826e+00 5.2516858231e-05
527 8.6905286677e+00 5.2458558912e-05
528 8.6876256074e+00 5.1873457846e-05
529 8.6847414712e+00 5.0428487923e-05
530 8.6820467967e+00 4.9226499012e-05
531 8.6794826098e+00 4.7897863980e-05
532 8.6770047347e+00 4.7616140519e-05
533 8.6744906123e+00 4.7452401403e-05
534 8.6718718312e+00 4.6950758035e-05
535 8.6692931614e+00 4.6569280905e-05
536 8.6668084472e+00 4.5276320579e-05
537 8.6643985838e+00 4.3617343861e-05
538 8.6621657034e+00 4.3189077728e-05
539 8.6599984702e+00 4.2691185108e-05
540 8.6577308557e+00 4.2903077820e-05
541 8.6554345693e+00 4.2367140897e-05
542 8.6531487358e+00 4.1546400891e-05
543 8.6509431236e+00 4.0559665573e-05
544 8.6487908402e+00 4.0195425721e-05
545 8.6465963349e+00 3.9953111336e-05
546 8.6443780478e+00 3.9101543426e-05
547 8.6422027389e+00 3.8315994900e-05
548 8.6401092302e+00 3.7101016671e-05
549 8.6381085592e+00 3.5736106457e-05
550 8.6362352243e+00 3.4469803183e-05
551 8.6344238976e+00 3.4084595440e-05
552 8.6325807857e+00 3.4370714106e-05
553 8.6306679238e+00 3.4858399653e-05
554 8.6287485454e+00 3.4466803684e-05
555 8.6268971679e+00 3.3975224676e-05
556 8.6250406244e+00 3.3501355059e-05
557 8.6231342469e+00 3.2690339919e-05
558 8.6212138300e+00 3.2305400569e-05
559 8.6192784769e+00 3.2481922017e-05
560 8.6172476459e+00 3.3109233224e-05
561 8.6150716339e+00 3.3799667677e-05
562 8.6127544337e+00 3.4574939109e-05
563 8.6103561964e+00 3.4891783930e-05
564 8.6078996640e+00 3.5045363740e-05
565 8.6053555741e+00 3.5597551822e-05
566 8.6026353903e+00 3.6629031839e-05
567 8.5997873952e+00 3.6674427005e-05
568 8.5969579714e+00 3.6322028719e-05
569 8.5942947481e+00 3.5218972866e-05
570 8.5917789618e+00 3.4450362659e-05
571 8.5892655233e+00 3.3758687689e-05
572 8.5867176765e+00 3.3644689175e-05
573 8.5841051727e+00 3.3562949967e-05
574 8.5814813845e+00 3.3586341554e-05
575 8.5789087053e+00 3.3500530320e-05
576 8.5763809199e+00 3.3609127474e-05
577 8.5737368563e+00 3.3766188851e-05
578 8.5709841994e+00 3.3188587970e-05
579 8.5682264765e+00 3.2747567805e-05
580 8.5655651216e+00 3.1620304151e-05
581 8.5630354294e+00 3.0783005606e-05
582 8.5605407284e+00 3.0710733232e-05
583 8.5579873234e+00 3.1260663474e-05
584 8.5553095544e+00 3.1498714922e-05
585 8.5525523939e+00 3.1803407217e-05
586 8.5498186721e+00 3.1739551586e-05
587 8.5470757233e+00 3.1583039165e-05
588 8.5442626487e+00 3.1244632223e-05
589 8.5413072142e+00 3.1400395403e-05
590 8.5382339286e+00 3.1481530333e-05
591 8.5350754144e+00 3.1916947890e-05
592 8.5318529402e+00 3.2179024931e-05
593 8.5285334492e+00 3.2710140217e-05
594 8.5251536656e+00 3.2776781809e-05
595 8.5217818105e+00 3.2234714027e-05
596 8.5184378380e+00 3.1889833469e-05
597 8.5150674818e+00 3.1705532195e-05
598 8.5116619630e+00 3.1779891244e-05
599 8.5082974949e+00 3.1780981667e-05
600 8.5050299189e+00 3.1421457917e-05
601 8.5018564231e+00 3.0998134867e-05
602 8.4986366862e+00 3.0780380034e-05
603 8.4952902858e+00 3.0880848455e-05
604 8.4918672726e+00 3.1029686926e-05
605 8.4883794440e+00 3.0866108938e-05
606 8.4848300887e+00 3.0936823182e-05
607 8.4812766259e+00 3.0668788285e-05
608 8.4777824582e+00 3.0365968437e-05
609 8.4744400742e+00 3.0130946336e-05
610 8.4710700179e+00 3.0379440832e-05
611 8.4674992650e+00 3.0991751423e-05
612 8.4637868608e+00 3.1158214816e-05
613 8.4599820496e+00 3.0970321062e-05
614 8.4561783742e+00 3.1049153563e-05
615 8.4523083441e+00 3.1246367721e-05
616 8.4484001579e+00 3.1537734472e-05
617 8.4445980067e+00 3.1426772480e-05
618 8.4408092747e+00 3.1169539585e-05
619 8.4367778872e+00 3.1771494152e-05
620 8.4325815247e+00 3.2084541488e-05
621 8.4281668759e+00 3.2211224824e-05
622 8.4237547557e+00 3.2390533519e-05
623 8.4193058885e+00 3.2301339272e-05
624 8.4149026617e+00 3.2361275040e-05
625 8.4105295813e+00 3.2598200416e-05
626 8.4059908221e+00 3.3303510544e-05
627 8.4012218434e+00 3.3664738090e-05
628 8.3963347328e+00 3.3671680026e-05
629 8.3913445039e+00 3.3502323426e-05
630 8.3863977111e+00 3.3534755858e-05
631 8.3813549765e+00 3.3937137954e-05
632 8.3762100539e+00 3.4372869747e-05
633 8.3712221197e+00 3.4288930729e-05
634 8.3662365999e+00 3.4717547371e-05
635 8.3609448648e+00 3.5075545399e-05
636 8.3553133355e+00 3.5381662129e-05
637 8.3494531896e+00 3.5880932461e-05
638 8.3433949334e+00 3.6240483715e-05
639 8.3373102085e+00 3.6691231642e-05
640 8.3312072479e+00 3.6881229080e-05
641 8.3252042501e+00 3.7106265457e-05
642 8.3189980680e+00 3.7492518135e-05
643 8.3125386189e+00 3.7487119295e-05
644 8.3059570342e+00 3.7424071990e-05
645 8.2992382268e+00 3.7596493727e-05
646 8.2923723179e+00 3.8061130476e-05
647 8.2854293243e+00 3.8267055666e-05
648 8.2786254591e+00 3.8335396212e-05
649 8.2718184630e+00 3.8062290447e-05
650 8.2650163611e+00 3.8545368464e-05
651 8.2580119288e+00 3.8429514960e-05
652 8.2507462215e+00 3.9169026895e-05
653 8.2432698816e+00 3.9603854032e-05
654 8.2355653238e+00 4.0102746608e-05
655 8.2277313301e+00 4.0512823825e-05
656 8.2198524602e+00 4.1081475939e-05
657 8.2119759129e+00 4.1618750212e-05
658 8.2038026491e+00 4.1853824762e-05
659 8.1954269774e+00 4.1617222744e-05
660 8.1871386282e+00 4.0612273004e-05
661 8.1792536317e+00 3.9387122632e-05
662 8.1717047456e+00 3.8639182704e-05
663 8.1642731924e+00 3.8949771606e-05
664 8.1567256151e+00 3.9286740135e-05
665 8.1488098826e+00 4.0804200090e-05
666 8.1404083796e+00 4.1889705731e-05
667 8.1316370952e+00 4.2871275581e-05
668 8.1225394929e+00 4.3469451195e-05
669 8.1134859751e+00 4.3907626395e-05
670 8.1046499704e+00 4.3799121074e-05
671 8.0955154138e+00 4.4745038151e-05
672 8.0857480181e+00 4.5760042304e-05
673 8.0753175570e+00 4.6445514345e-05
674 8.0647539186e+00 4.7105195345e-05
675 8.0546372787e+00 4.6812617839e-05
676 8.0448456347e+00 4.6762977226e-05
677 8.0346946059e+00 4.6463863676e-05
678 8.0242297558e+00 4.5953851190e-05
679 8.0139289523e+00 4.6185926362e-05
680 8.0039680946e+00 4.4917525613e-05
681 7.9945956436e+00 4.4119131304e-05
682 7.9855938755e+00 4.3650791316e-05
683 7.9765195539e+00 4.3739243905e-05
684 7.9674150462e+00 4.3368707366e-05
685 7.9583401829e+00 4.3139074880e-05
686 7.9493518014e+00 4.2907860640e-05
687 7.9407333305e+00 4.1937788674e-05
688 7.9327968744e+00 4.0934345021e-05
689 7.9253905041e+00 4.0694480269e-05
690 7.9177631856e+00 4.1438773566e-05
691 7.9096091194e+00 4.1949084980e-05
692 7.9010177022e+00 4.2022350092e-05
693 7.8925754161e+00 4.1064460575e-05
694 7.8844018624e+00 4.0858382627e-05
695 7.8762595246e+00 4.1105857391e-05
696 7.8681452557e+00 4.1868435052e-05
697 7.8600080885e+00 4.1832126104e-05
698 7.8518525277e+00 4.1868245876e-05
699 7.8436487400e+00 4.1688754016e-05
700 7.8352096583e+00 4.2180868870e-05
701 7.8266687069e+00 4.2255936004e-05
702 7.8183405007e+00 4.2686558328e-05
703 7.8102911066e+00 4.1923554758e-05
704 7.8022040603e+00 4.2352278661e-05
705 7.7936071059e+00 4.2833432076e-05
706 7.7846496057e+00 4.3678511440e-05
707 7.7753081069e+00 4.4372556825e-05
708 7.7656932620e+00 4.4870162840e-05
709 7.7558726454e+00 4.5434183952e-05
710 7.7461406883e+00 4.5474028562e-05
711 7.7369301207e+00 4.5315551404e-05
712 7.7279602041e+00 4.5532233377e-05
713 7.7185215178e+00 4.5798448459e-05
714 7.7085116887e+00 4.6025576516e-05
715 7.6981504212e+00 4.7105886896e-05
716 7.6876891142e+00 4.7169626676e-05
717 7.6771275545e+00 4.6679650298e-05
718 7.6668440698e+00 4.6183442426e-05
719 7.6569429360e+00 4.5925008484e-05
720 7.6472716814e+00 4.5471981306e-05
721 7.6379333239e+00 4.4707176618e-05
722 7.6289703798e+00 4.4358476657e-05
723 7.6200161039e+00 4.4458872019e-05
724 7.6108223528e+00 4.4418409005e-05
725 7.6014607085e+00 4.4530244978e-05
726 7.5922958770e+00 4.4304365048e-05
727 7.5833705991e+00 4.3481131805e-05
728 7.5747985975e+00 4.2680880672e-05
729 7.5668880684e+00 4.1070821985e-05
730 7.5594319312e+00 4.0628229237e-05
731 7.5519509026e+00 4.0777888971e-05
732 7.5441785533e+00 4.1157653794e-05
733 7.5362639446e+00 4.1370198013e-05
734 7.5284585528e+00 4.1169655629e-05
735 7.5209837633e+00 4.0001690782e-05
736 7.5139809685e+00 3.9201545240e-05
737 7.5074279989e+00 3.9069449026e-05
738 7.5007357131e+00 3.9374511330e-05
739 7.4937040069e+00 3.9449550720e-05
740 7.4867683781e+00 3.9368495780e-05
741 7.4799921226e+00 3.8899085036e-05
742 7.4734204718e+00 3.9238236508e-05
743 7.4666655474e+00 3.8867657746e-05
744 7.4600380963e+00 3.7888907676e-05
745 7.4537656608e+00 3.6864077360e-05
746 7.4479375288e+00 3.6093557694e-05
747 7.4422681968e+00 3.5257275146e-05
748 7.4367165732e+00 3.4524155636e-05
749 7.4313497131e+00 3.3577569874e-05
750 7.4262157291e+00 3.2735095284e-05
751 7.4212415658e+00 3.2176268509e-05
752 7.4164492590e+00 3.1773057496e-05
753 7.4118272038e+00 3.1699430506e-05
754 7.4073024571e+00 3.1995624923e-05
755 7.4027078053e+00 3.2404352370e-05
756 7.3978569002e+00 3.2594558769e-05
757 7.3926946742e+00 3.3670873860e-05
758 7.3873380180e+00 3.4391492728e-05
759 7.3817101619e+00 3.4852626053e-05
760 7.3760085693e+00 3.4993605802e-05
761 7.3703097839e+00 3.4855590463e-05
762 7.3645468376e+00 3.5053731720e-05
763 7.3587770129e+00 3.5083838517e-05
764 7.3531351659e+00 3.4607932863e-05
765 7.3476937623e+00 3.4748465629e-05
766 7.3420216458e+00 3.5453100213e-05
767 7.3358272002e+00 3.6724013826e-05
768 7.3290143069e+00 3.8301838977e-05
769 7.3217639807e+00 3.9227856243e-05
770 7.3140845556e+00 3.9771789532e-05
771 7.3064286301e+00 4.0023514416e-05
772 7.2991365884e+00 3.8900736467e-05
773 7.2925100782e+00 3.8032211325e-05
774 7.2860004572e+00 3.7128472624e-05
775 7.2794089335e+00 3.6752376966e-05
776 7.2728782116e+00 3.6913021693e-05
777 7.2663346686e+00 3.6695414825e-05
778 7.2597793042e+00 3.7031044053e-05
779 7.2534464186e+00 3.6849207392e-05
780 7.2474297687e+00 3.6447209394e-05
781 7.2413900793e+00 3.6025649934e-05
782 7.2352066020e+00 3.5963277484e-05
783 7.2289501789e+00 3.5956599794e-05
784 7.2226001315e+00 3.6177747552e-05
785 7.2161207025e+00 3.6350745927e-05
786 7.2095808780e+00 3.6752160578e-05
787 7.2029644874e+00 3.6539317443e-05
788 7.1963788953e+00 3.6634327557e-05
789 7.1897960829e+00 3.6400304416e-05
790 7.1832649894e+00 3.6510404337e-05
791 7.1767443323e+00 3.6684448795e-05
792 7.1701907598e+00 3.6792042943e-05
793 7.1637971250e+00 3.6377822261e-05
794 7.1576614980e+00 3.6219747669e-05
795 7.1515807671e+00 3.5884841406e-05
796 7.1454443661e+00 3.5653328238e-05
797 7.1393612967e+00 3.5082571080e-05
798 7.1333942153e+00 3.4981932100e-05
799 7.1275417903e+00 3.5123209049e-05
800 7.1216003878e+00 3.4869336785e-05
801 7.1157553989e+00 3.4864358069e-05
802 7.1100556775e+00 3.4334771363e-05
803 7.1046905966e+00 3.3835638891e-05
804 7.0995631778e+00 3.3639785092e-05
805 7.0943175040e+00 3.3443545762e-05
806 7.0889078972e+00 3.3161083830e-05
807 7.0834551767e+00 3.3098977272e-05
808 7.0780753984e+00 3.2785427612e-05
809 7.0728497658e+00 3.2276688901e-05
810 7.0677855087e+00 3.1900175916e-05
811 7.0628867315e+00 3.1727036736e-05
812 7.0581174442e+00 3.1270963749e-05
813 7.0534958589e+00 3.0993265945e-05
814 7.0489379732e+00 3.0672607237e-05
815 7.0444456393e+00 3.0581247008e-05
816 7.0400496452e+00 3.0374519755e-05
817 7.0356972217e+00 3.0146047344e-05
818 7.0313273850e+00 2.9929325998e-05
819 7.0269276462e+00 2.9968877691e-05
820 7.0224888608e+00 2.9633957861e-05
821 7.0180981150e+00 2.9557490073e-05
822 7.0137668863e+00 2.9460956770e-05
823 7.0095110066e+00 2.9419619837e-05
824 7.0053327827e+00 2.9099403776e-05
825 7.0012470273e+00 2.8873869904e-05
826 6.9971830013e+00 2.8765433017e-05
827 6.9930594629e+00 2.9086888486e-05
828 6.9889211952e+00 2.9062940442e-05
829 6.9848093606e+00 2.9059025661e-05
830 6.9807281256e+00 2.9042289968e-05
831 6.9766337994e+00 2.9028631189e-05
832 6.9724600783e+00 2.9197633109e-05
833 6.9681498281e+00 2.9339809151e-05
834 6.9637187084e+00 2.9786176970e-05
835 6.9592033420e+00 3.0000829131e-05
836 6.9547632217e+00 3.0183662215e-05
837 6.9505064365e+00 3.0520959105e-05
838 6.9461489165e+00 3.0458282447e-05
839 6.9415162898e+00 3.0700156455e-05
840 6.9366228530e+00 3.1202133766e-05
841 6.9316480842e+00 3.1201377913e-05
842 6.9267398164e+00 3.1297260419e-05
843 6.9219964816e+00 3.1516983301e-05
844 6.9173271930e+00 3.1968344903e-05
845 6.9123052375e+00 3.2173478868e-05
846 6.9071313181e+00 3.2358844070e-05
847 6.9019785383e+00 3.2360905679e-05
848 6.8970322994e+00 3.2013455293e-05
849 6.8923110833e+00 3.1997781858e-05
850 6.8873896545e+00 3.1864970248e-05
851 6.8823402290e+00 3.1979855864e-05
852 6.8772501882e+00 3.1735406344e-05
853 6.8721619463e+00 3.1709577769e-05
854 6.8671797974e+00 3.1214235556e-05
855 6.8624171510e+00 3.0789278064e-05
856 6.8579856768e+00 3.0117879917e-05
857 6.8538999134e+00 2.9722992155e-05
858 6.8498546651e+00 2.9476177445e-05
859 6.8456798403e+00 2.9431875955e-05
860 6.8414570319e+00 2.8946749193e-05
861 6.8372819211e+00 2.9015433520e-05
862 6.8332364223e+00 2.8408160951e-05
863 6.8293879098e+00 2.7565659690e-05
864 6.8257837066e+00 2.7417991611e-05
865 6.8221953250e+00 2.7544815914e-05
866 6.8185316461e+00 2.7230478185e-05
867 6.8148701149e+00 2.7127801885e-05
868 6.8113085383e+00 2.6872872280e-05
869 6.8078034971e+00 2.6330503240e-05
870 6.8043746884e+00 2.6442355530e-05
871 6.8009996452e+00 2.6259573058e-05
872 6.7977497344e+00 2.5981827250e-05
873 6.7947532198e+00 2.5342065844e-05
874 6.7917679209e+00 2.4985170518e-05
875 6.7887571396e+00 2.4721289362e-05
876 6.7857651566e+00 2.4256160975e-05
877 6.7828659668e+00 2.3578191039e-05
878 6.7800908791e+00 2.3198965084e-05
879 6.7774813403e+00 2.2369616640e-05
880 6.7749807192e+00 2.2205055356e-05
881 6.7725050960e+00 2.2112145751e-05
882 6.7700263042e+00 2.2043901657e-05
883 6.7675578095e+00 2.2226948327e-05
884 6.7650747001e+00 2.2342878275e-05
885 6.7626010299e+00 2.2332319808e-05
886 6.7602135485e+00 2.1909749050e-05
887 6.7579177719e+00 2.1420578106e-05
888 6.7556802189e+00 2.1294670434e-05
889 6.7533951026e+00 2.1226832336e-05
890 6.7511043656e+00 2.1337809995e-05
891 6.7488253359e+00 2.1063191332e-05
892 6.7465660587e+00 2.0960388119e-05
893 6.7443751589e+00 2.0386740634e-05
894 6.7423168160e+00 2.0098462592e-05
895 6.7403898420e+00 1.9675502361e-05
896 6.7385299463e+00 1.9630055554e-05
897 6.7366630798e+00 1.9479957702e-05
898 6.7347667423e+00 1.9494161847e-05
899 6.7328783054e+00 1.9443746277e-05
900 6.7309951565e+00 1.9498789075e-05
901 6.7290874514e+00 1.9280277848e-05
902 6.7272016201e+00 1.9057348179e-05
903 6.7253262430e+00 1.8779242815e-05
904 6.7234260558e+00 1.9024847289e-05
905 6.7214652392e+00 1.9258734361e-05
906 6.7194931882e+00 1.9447050162e-05
907 6.7174943163e+00 1.9361022611e-05
908 6.7154856451e+00 1.9681176867e-05
909 6.7134817563e+00 1.9801616083e-05
910 6.7114722594e+00 2.0145550637e-05
911 6.7094148224e+00 2.0188473251e-05
912 6.7072571221e+00 2.0117580260e-05
913 6.7050338568e+00 2.0053630070e-05
914 6.7027719516e+00 2.0384264400e-05
915 6.7004398785e+00 2.0550703312e-05
916 6.6980842424e+00 2.0714919259e-05
917 6.6957606699e+00 2.0830747220e-05
918 6.6935255469e+00 2.0845448911e-05
919 6.6913167483e+00 2.0809125922e-05
920 6.6890072309e+00 2.1160936351e-05
921 6.6865855149e+00 2.1302987522e-05
922 6.6840817755e+00 2.1348351544e-05
923 6.6815480081e+00 2.1329197219e-05
924 6.6790647944e+00 2.1153816178e-05
925 6.6766971445e+00 2.0959135355e-05
926 6.6744489851e+00 2.0924199656e-05
927 6.6721623294e+00 2.0939406786e-05
928 6.6697963321e+00 2.0856486317e-05
929 6.6674335920e+00 2.0643791176e-05
930 6.6651354308e+00 2.0430293132e-05
931 6.6628292040e+00 2.0804992660e-05
932 6.6604629150e+00 2.1071915421e-05
933 6.6579827763e+00 2.1293420866e-05
934 6.6554365743e+00 2.1470906325e-05
935 6.6528720893e+00 2.1420401257e-05
936 6.6502864356e+00 2.1672301872e-05
937 6.6476640389e+00 2.2096202602e-05
938 6.6450018183e+00 2.1778907485e-05
939 6.6423330978e+00 2.1678870671e-05
940 6.6396112436e+00 2.1828744895e-05
941 6.6368640569e+00 2.1573396767e-05
942 6.6341467464e+00 2.1547570211e-05
943 6.6314861979e+00 2.1116255214e-05
944 6.6289239770e+00 2.0822092536e-05
945 6.6265518035e+00 2.0119886766e-05
946 6.6243725493e+00 1.9772861980e-05
947 6.6222658157e+00 1.9584840696e-05
948 6.6201034914e+00 1.9526712300e-05
949 6.6178503873e+00 1.9488116176e-05
950 6.6155249494e+00 1.9824803364e-05
951 6.6131323943e+00 2.0025795738e-05
952 6.6107464271e+00 1.9935192238e-05
953 6.6084790001e+00 1.9536942506e-05
954 6.6063066017e+00 1.9319670828e-05
955 6.6040899552e+00 1.9414145181e-05
956 6.6018022346e+00 1.9413925622e-05
957 6.5994871467e+00 1.9679290521e-05
958 6.5971645220e+00 1.9713917486e-05
959 6.5947649211e+00 1.9999141969e-05
960 6.5922966092e+00 2.0051479038e-05
961 6.5897995969e+00 2.0223240586e-05
962 6.5873122179e+00 2.0192559300e-05
963 6.5848813447e+00 2.0118304548e-05
964 6.5824558279e+00 2.0201933828e-05
965 6.5799126855e+00 2.0583127338e-05
966 6.5772799057e+00 2.0667902979e-05
967 6.5746124029e+00 2.0979251535e-05
968 6.5719864426e+00 2.1006979231e-05
969 6.5694167337e+00 2.1396299102e-05
970 6.5666937768e+00 2.1448475758e-05
971 6.5637701384e+00 2.1903437581e-05
972 6.5607608435e+00 2.1924719545e-05
973 6.5578441970e+00 2.1781350773e-05
974 6.5550903802e+00 2.1707039517e-05
975 6.5523153584e+00 2.1965824842e-05
976 6.5493076648e+00 2.2345767570e-05
977 6.5461477170e+00 2.2650711594e-05
978 6.5428586218e+00 2.2945543529e-05
979 6.5395384869e+00 2.3030111175e-05
980 6.5362439674e+00 2.3229054625e-05
981 6.5329121271e+00 2.3327905915e-05
982 6.5294670423e+00 2.3734584395e-05
983 6.5259246803e+00 2.3779774536e-05
984 6.5224220949e+00 2.3909200078e-05
985 6.5190815223e+00 2.3972085649e-05
986 6.5156355631e+00 2.4433323403e-05
987 6.5119637256e+00 2.4675433791e-05
988 6.5081374609e+00 2.4490454001e-05
989 6.5043404525e+00 2.3777118213e-05
990 6.5007608003e+00 2.3427009482e-05
991 6.4972956030e+00 2.2927455873e-05
992 6.4939673518e+00 2.2843300572e-05
993 6.4906909833e+00 2.2665226891e-05
994 6.4875432851e+00 2.2749351838e-05
995 6.4845010751e+00 2.2362480032e-05
996 6.4814472008e+00 2.2274135919e-05
997 6.4783445564e+00 2.2062263690e-05
998 6.4752805857e+00 2.1898320071e-05
999 6.4722670958e+00 2.1849108531e-05
1000 6.4694003576e+00 2.1591133593e-05
1001 6.4666549531e+00 2.1538376888e-05
1002 6.4638264205e+00 2.1429367669e-05
1003 6.4608704376e+00 2.1564285126e-05
1004 6.4578547205e+00 2.1511101266e-05
1005 6.4548125373e+00 2.1585680392e-05
1006 6.4518457709e+00 2.1224159989e-05
1007 6.4489428910e+00 2.1131558497e-05
1008 6.4461049615e+00 2.0816936083e-05
1009 6.4434004268e+00 2.0728018572e-05
1010 6.4408663328e+00 2.0579101228e-05
1011 6.4382889601e+00 2.0664474682e-05
1012 6.4355766052e+00 2.0521324412e-05
1013 6.4328441813e+00 2.0524704869e-05
1014 6.4301204853e+00 2.0059004443e-05
1015 6.4274718051e+00 1.9768009443e-05
1016 6.4249368636e+00 1.9588848719e-05
1017 6.4224896265e+00 1.9553039585e-05
1018 6.4200297810e+00 1.9665746360e-05
1019 6.4175025406e+00 1.9650412232e-05
1020 6.4149844867e+00 1.9501466564e-05
1021 6.4125488971e+00 1.8987877816e-05
1022 6.4101966554e+00 1.8818783728e-05
1023 6.4078503214e+00 1.8887615278e-05
1024 6.4054565199e+00 1.8945619533e-05
1025 6.4030010949e+00 1.8837495013e-05
1026 6.4005579234e+00 1.8660486964e-05
1027 6.3981432671e+00 1.8619512959e-05
1028 6.3957480129e+00 1.8731132012e-05
1029 6.3933785248e+00 1.8827660451e-05
1030 6.3910478536e+00 1.8775624313e-05
1031 6.3886957493e+00 1.8584846861e-05
1032 6.3863047327e+00 1.8655721181e-05
1033 6.3838353968e+00 1.8688423489e-05
1034 6.3813354442e+00 1.8961334811e-05
1035 6.3787956111e+00 1.9134497335e-05
1036 6.3762467268e+00 1.9289349223e-05
1037 6.3737179939e+00 1.9157604486e-05
1038 6.3711604034e+00 1.9319129389e-05
1039 6.3685461627e+00 1.9374960914e-05
1040 6.3659180488e+00 1.9684607570e-05
1041 6.3633333443e+00 1.9901492067e-05
1042 6.3607731075e+00 1.9974669392e-05
1043 6.3580732970e+00 2.0303520166e-05
1044 6.3551538163e+00 2.0711263611e-05
1045 6.3520380015e+00 2.1180641566e-05
1046 6.3488978733e+00 2.1288224577e-05
1047 6.3457649085e+00 2.1308530999e-05
1048 6.3427394513e+00 2.1143673153e-05
1049 6.3398150960e+00 2.1261168125e-05
1050 6.3368356694e+00 2.1143504190e-05
1051 6.3337749127e+00 2.1013234352e-05
1052 6.3307618260e+00 2.0749101040e-05
1053 6.3277719597e+00 2.0725496112e-05
1054 6.3247340882e+00 2.1062112009e-05
1055 6.3216100251e+00 2.1235415491e-05
1056 6.3184519276e+00 2.1161785719e-05
1057 6.3152701536e+00 2.1119298120e-05
1058 6.3121247613e+00 2.1246270602e-05
1059 6.3089731847e+00 2.1146998462e-05
1060 6.3058518008e+00 2.1212048165e-05
1061 6.3029163749e+00 2.0840877113e-05
1062 6.3000516822e+00 2.0837436925e-05
1063 6.2971364109e+00 2.0810485590e-05
1064 6.2941681579e+00 2.0511955712e-05
1065 6.2912732247e+00 2.0133383424e-05
1066 6.2884403788e+00 1.9942638251e-05
1067 6.2856416731e+00 2.0017175648e-05
1068 6.2828412583e+00 2.0191106889e-05
1069 6.2800126241e+00 2.0208604959e-05
1070 6.2772255170e+00 2.0117909141e-05
1071 6.2744516030e+00 1.9885173888e-05
1072 6.2717076375e+00 1.9913538614e-05
1073 6.2689532542e+00 1.9540397950e-05
1074 6.2662148771e+00 1.9596830464e-05
1075 6.2635324299e+00 1.9199506718e-05
1076 6.2608805551e+00 1.8907320517e-05
1077 6.2582651030e+00 1.8977029688e-05
1078 6.2555880212e+00 1.9403411649e-05
1079 6.2528472414e+00 1.9699872971e-05
1080 6.2500636890e+00 1.9869939089e-05
1081 6.2473053343e+00 1.9952710340e-05
1082 6.2446534000e+00 1.9754432427e-05
1083 6.2420517578e+00 1.9643680571e-05
1084 6.2393594779e+00 2.0059351170e-05
1085 6.2365882813e+00 1.9887846656e-05
1086 6.2337908110e+00 1.9808682679e-05
1087 6.2310926924e+00 1.9747287123e-05
1088 6.2285100379e+00 1.9627220547e-05
1089 6.2259280739e+00 1.9649391017e-05
1090 6.2232267830e+00 1.9823458557e-05
1091 6.2204587383e+00 1.9808708763e-05
1092 6.2177086144e+00 1.9750771676e-05
1093 6.2149854761e+00 1.9664070277e-05
1094 6.2123928566e+00 1.9588394447e-05
1095 6.2098851331e+00 1.9659760337e-05
1096 6.2072367307e+00 2.0039601801e-05
1097 6.2043746823e+00 2.0444553669e-05
1098 6.2014078783e+00 2.0642371432e-05
1099 6.1984259793e+00 2.0712621074e-05
1100 6.1955344276e+00 2.0895408400e-05
1101 6.1926561566e+00 2.1190777538e-05
1102 6.1895213748e+00 2.1554427179e-05
1103 6.1862284690e+00 2.1525612847e-05
1104 6.1829735531e+00 2.1109672992e-05
1105 6.1798086540e+00 2.0834759764e-05
1106 6.1767282019e+00 2.0623955968e-05
1107 6.1737292404e+00 2.0408000156e-05
1108 6.1708751663e+00 2.0340303057e-05
1109 6.1681074920e+00 2.0368929282e-05
1110 6.1652599789e+00 2.0425044030e-05
1111 6.1623748369e+00 2.0168234382e-05
1112 6.1595201402e+00 1.9917078459e-05
1113 6.1567688715e+00 1.9674641092e-05
1114 6.1540743127e+00 1.9518910420e-05
1115 6.1513965224e+00 1.9746756570e-05
1116 6.1487467301e+00 1.9630081487e-05
1117 6.1462012480e+00 1.9114955148e-05
1118 6.1437199906e+00 1.8962025764e-05
1119 6.1412280930e+00 1.8819213753e-05
1120 6.1387509265e+00 1.8645664697e-05
1121 6.1363059562e+00 1.8443158661e-05
1122 6.1339030503e+00 1.8394384414e-05
1123 6.1315775569e+00 1.8259152026e-05
1124 6.1292295456e+00 1.8264527031e-05
1125 6.1268397310e+00 1.8361039365e-05
1126 6.1244019047e+00 1.8418012113e-05
1127 6.1219016953e+00 1.8694222123e-05
1128 6.1193368736e+00 1.8921077274e-05
1129 6.1166841612e+00 1.9375348191e-05
1130 6.1139006225e+00 1.9744628783e-05
1131 6.1110352296e+00 2.0133742388e-05
1132 6.1081450295e+00 2.0138784216e-05
1133 6.1052580282e+00 2.0206196931e-05
1134 6.1023835064e+00 2.0434450474e-05
1135 6.0993995854e+00 2.0618662358e-05
1136 6.0963414284e+00 2.0464751716e-05
1137 6.0933478716e+00 2.0340573209e-05
1138 6.0904471086e+00 1.9911811783e-05
1139 6.0876733572e+00 2.0024429884e-05
1140 6.0849167160e+00 2.0204861121e-05
1141 6.0820187004e+00 2.0478535025e-05
1142 6.0790173809e+00 2.0610640556e-05
1143 6.0759785664e+00 2.0491867113e-05
1144 6.0728823898e+00 2.0736642627e-05
1145 6.0697458332e+00 2.0867385639e-05
1146 6.0665871107e+00 2.0902523266e-05
1147 6.0633908507e+00 2.0885604467e-05
1148 6.0602710201e+00 2.0752505389e-05
1149 6.0573718951e+00 2.0319290616e-05
1150 6.0545546132e+00 2.0235314422e-05
1151 6.0516739813e+00 2.0393492718e-05
1152 6.0487370289e+00 2.0443886169e-05
1153 6.0457083657e+00 2.0424294146e-05
1154 6.0426601534e+00 2.0321780873e-05
1155 6.0396933158e+00 2.0105991571e-05
1156 6.0368286499e+00 2.0193835505e-05
1157 6.0339322005e+00 2.0196895899e-05
1158 6.0310166761e+00 2.0100199169e-05
1159 6.0281231850e+00 2.0018620680e-05
1160 6.0253048114e+00 1.9917216008e-05
1161 6.0225419354e+00 1.9947885072e-05
1162 6.0197544466e+00 2.0220940428e-05
1163 6.0169190341e+00 2.0137569639e-05
1164 6.0140866702e+00 1.9890395260e-05
1165 6.0112492401e+00 1.9650606956e-05
1166 6.0084412179e+00 1.9618996574e-05
1167 6.0055730662e+00 1.9737990516e-05
1168 6.0026909008e+00 1.9788079399e-05
1169 5.9998580647e+00 1.9900134282e-05
1170 5.9971424116e+00 1.9959025930e-05
1171 5.9944708676e+00 1.9943752273e-05
1172 5.9916672275e+00 2.0237148689e-05
1173 5.9887247444e+00 2.0178367203e-05
1174 5.9857310261e+00 2.0004963073e-05
1175 5.9827829616e+00 1.9789401578e-05
1176 5.9799153826e+00 1.9533012930e-05
1177 5.9771433258e+00 1.9246380763e-05
1178 5.9744874017e+00 1.9444383210e-05
1179 5.9718382252e+00 1.9471025768e-05
1180 5.9690830048e+00 1.9441445088e-05
1181 5.9662748862e+00 1.9321641074e-05
1182 5.9634766688e+00 1.8987208904e-05
1183 5.9607082090e+00 1.8791646348e-05
1184 5.9579996021e+00 1.8765354343e-05
1185 5.9553233295e+00 1.8776073944e-05
1186 5.9526746588e+00 1.8831321422e-05
1187 5.9500225792e+00 1.8747525056e-05
1188 5.9474862471e+00 1.8672610412e-05
1189 5.9450392679e+00 1.8602821033e-05
1190 5.9425449188e+00 1.8640178605e-05
1191 5.9399732720e+00 1.8694629221e-05
1192 5.9374151802e+00 1.8730092315e-05
1193 5.9348811452e+00 1.8652619697e-05
1194 5.9322960729e+00 1.8718919379e-05
1195 5.9296621761e+00 1.8800149688e-05
1196 5.9269762329e+00 1.8861376702e-05
1197 5.9242980590e+00 1.8750556631e-05
1198 5.9216166862e+00 1.8644040326e-05
1199 5.9189565467e+00 1.8613523316e-05
1200 5.9163087864e+00 1.8553064757e-05
1201 5.9136808620e+00 1.8652248422e-05
1202 5.9110448515e+00 1.8670972447e-05
1203 5.9084119553e+00 1.8674730625e-05
1204 5.9058973841e+00 1.8253069015e-05
1205 5.9034472703e+00 1.7938038584e-05
1206 5.9010768091e+00 1.7981093351e-05
1207 5.8987072060e+00 1.7911730139e-05
1208 5.8963429603e+00 1.7854888531e-05
1209 5.8940215917e+00 1.7495397842e-05
1210 5.8917329017e+00 1.7498966766e-05
1211 5.8893723595e+00 1.7778988967e-05
1212 5.8869304264e+00 1.8096179079e-05
1213 5.8844286475e+00 1.8245972637e-05
1214 5.8819620000e+00 1.8217774952e-05
1215 5.8794859051e+00 1.8143469228e-05
1216 5.8769121603e+00 1.8438114867e-05
1217 5.8742390765e+00 1.8718045705e-05
1218 5.8714763721e+00 1.8878394081e-05
1219 5.8686843183e+00 1.9291036391e-05
1220 5.8659421693e+00 1.9174623470e-05
1221 5.8633265315e+00 1.9184977782e-05
1222 5.8606757813e+00 1.9240827375e-05
1223 5.8578810946e+00 1.9237067072e-05
1224 5.8550778240e+00 1.9160750858e-05
1225 5.8523760736e+00 1.9037738005e-05
1226 5.8498148934e+00 1.8849207156e-05
1227 5.8471774109e+00 1.9092064928e-05
1228 5.8444516021e+00 1.8952122327e-05
1229 5.8416974241e+00 1.8750817173e-05
1230 5.8389991926e+00 1.8593570824e-05
1231 5.8363710033e+00 1.8469946994e-05
1232 5.8337929264e+00 1.8223053734e-05
1233 5.8312327189e+00 1.8044349693e-05
1234 5.8286924098e+00 1.8204317099e-05
1235 5.8261275542e+00 1.8202526149e-05
1236 5.8235665167e+00 1.8375363331e-05
1237 5.8210131278e+00 1.8406776150e-05
1238 5.8185917877e+00 1.8268839276e-05
1239 5.8163095661e+00 1.8024006825e-05
1240 5.8139602906e+00 1.8184353823e-05
1241 5.8115024762e+00 1.8112802312e-05
1242 5.8090277650e+00 1.7914094345e-05
1243 5.8066464922e+00 1.7528219547e-05
1244 5.8043639146e+00 1.7314376674e-05
1245 5.8021374142e+00 1.7298142157e-05
1246 5.7998878493e+00 1.7237508199e-05
1247 5.7976148177e+00 1.7207035612e-05
1248 5.7953318124e+00 1.7032361388e-05
1249 5.7931444117e+00 1.6926442987e-05
1250 5.7910382972e+00 1.6491437663e-05
1251 5.7890698057e+00 1.6179307056e-05
1252 5.7872427176e+00 1.5970391457e-05
1253 5.7853798124e+00 1.5969066478e-05
1254 5.7834859760e+00 1.5660581812e-05
1255 5.7816112719e+00 1.5339105247e-05
1256 5.7798100708e+00 1.5121716804e-05
1257 5.7780848869e+00 1.4833090452e-05
1258 5.7763960373e+00 1.4681709287e-05
1259 5.7747397705e+00 1.4653698330e-05
1260 5.7730956297e+00 1.4768826997e-05
1261 5.7714696307e+00 1.4452590107e-05
1262 5.7698921347e+00 1.4232453718e-05
1263 5.7684044436e+00 1.4010206322e-05
1264 5.7669504330e+00 1.3867489291e-05
1265 5.7655061609e+00 1.3733974325e-05
1266 5.7640556726e+00 1.3572218371e-05
1267 5.7626172331e+00 1.3370976455e-05
1268 5.7611961193e+00 1.3372177336e-05
1269 5.7597810355e+00 1.3379854800e-05
1270 5.7583893210e+00 1.3444176210e-05
1271 5.7570381982e+00 1.3368353163e-05
1272 5.7556897297e+00 1.3244082683e-05
1273 5.7543061830e+00 1.3275756494e-05
1274 5.7528909768e+00 1.3369979768e-05
1275 5.7514567889e+00 1.3454831119e-05
1276 5.7500043406e+00 1.3397318066e-05
1277 5.7485538867e+00 1.3487041797e-05
1278 5.7471299251e+00 1.3563510399e-05
1279 5.7457054440e+00 1.3713983726e-05
1280 5.7442527963e+00 1.3844732524e-05
1281 5.7427302755e+00 1.3959261446e-05
1282 5.7411869320e+00 1.3986123563e-05
1283 5.7396308473e+00 1.4026084776e-05
1284 5.7380699959e+00 1.4280489707e-05
1285 5.7364850346e+00 1.4373050960e-05
1286 5.7348618013e+00 1.4405890008e-05
1287 5.7331880874e+00 1.4510277467e-05
1288 5.7314765186e+00 1.4576420156e-05
1289 5.7297532876e+00 1.4878655590e-05
1290 5.7280166469e+00 1.4983733037e-05
1291 5.7263217793e+00 1.5088856460e-05
1292 5.7245937348e+00 1.5062977287e-05
1293 5.7227650405e+00 1.5195350442e-05
1294 5.7208754913e+00 1.5362359199e-05
1295 5.7189835575e+00 1.5405299474e-05
1296 5.7170752121e+00 1.5288542226e-05
1297 5.7151874127e+00 1.5323282430e-05
1298 5.7133206370e+00 1.5355877186e-05
1299 5.7114129946e+00 1.5432905398e-05
1300 5.7094756169e+00 1.5598848374e-05
1301 5.7075647577e+00 1.5785644848e-05
1302 5.7056937725e+00 1.5703144396e-05
1303 5.7038390706e+00 1.5834332010e-05
1304 5.7018691150e+00 1.6054964144e-05
1305 5.6998082641e+00 1.6116177867e-05
1306 5.6976953129e+00 1.6173145914e-05
1307 5.6955681658e+00 1.6288325600e-05
1308 5.6934359073e+00 1.6327922410e-05
1309 5.6913054227e+00 1.6303338812e-05
1310 5.6892144633e+00 1.6211727181e-05
1311 5.6871485747e+00 1.6220563004e-05
1312 5.6850970547e+00 1.6328684507e-05
1313 5.6830318535e+00 1.6360309260e-05
1314 5.6809710568e+00 1.6442701312e-05
1315 5.6789884672e+00 1.6171448841e-05
1316 5.6770807517e+00 1.5938106012e-05
1317 5.6751504554e+00 1.5834044317e-05
1318 5.6731905054e+00 1.5800590875e-05
1319 5.6712728545e+00 1.5423988584e-05
1320 5.6694220065e+00 1.5229422860e-05
1321 5.6677021581e+00 1.4747456609e-05
1322 5.6660932153e+00 1.4389332663e-05
1323 5.6645410961e+00 1.4527939362e-05
1324 5.6629086369e+00 1.4725352580e-05
1325 5.6612159364e+00 1.4864877966e-05
1326 5.6595288356e+00 1.4727978161e-05
1327 5.6579072698e+00 1.4504244635e-05
1328 5.6563718553e+00 1.4432344569e-05
1329 5.6548036359e+00 1.4276789741e-05
1330 5.6532212519e+00 1.4171117880e-05
1331 5.6516570082e+00 1.4105902662e-05
1332 5.6501351307e+00 1.4159929832e-05
1333 5.6486721937e+00 1.4198096738e-05
1334 5.6471838706e+00 1.4385052916e-05
1335 5.6455487122e+00 1.4727177431e-05
1336 5.6438284667e+00 1.4853091912e-05
1337 5.6420826747e+00 1.4763059823e-05
1338 5.6403799192e+00 1.4715053398e-05
1339 5.6387869027e+00 1.4616126295e-05
1340 5.6372507804e+00 1.4572856191e-05
1341 5.6356207005e+00 1.4712429916e-05
1342 5.6339358104e+00 1.4511319055e-05
1343 5.6322521981e+00 1.4518180856e-05
1344 5.6305797834e+00 1.4464871389e-05
1345 5.6289243133e+00 1.4392911465e-05
1346 5.6273174566e+00 1.4231710477e-05
1347 5.6257672011e+00 1.4217411908e-05
1348 5.6241968877e+00 1.4200075915e-05
1349 5.6225851079e+00 1.4106179634e-05
1350 5.6209877590e+00 1.3970762692e-05
1351 5.6194271339e+00 1.3863297223e-05
1352 5.6178877703e+00 1.3861656171e-05
1353 5.6163770671e+00 1.3700866962e-05
1354 5.6149378231e+00 1.3665282954e-05
1355 5.6134969545e+00 1.3684395748e-05
1356 5.6120087820e+00 1.3700711231e-05
1357 5.6105095626e+00 1.3462575564e-05
1358 5.6090592543e+00 1.3169966518e-05
1359 5.6076702731e+00 1.2859777972e-05
1360 5.6063271320e+00 1.2760518217e-05
1361 5.6049992237e+00 1.2809101839e-05
1362 5.6036622081e+00 1.2862768219e-05
1363 5.6023264274e+00 1.2870148300e-05
1364 5.6010086404e+00 1.2780977499e-05
1365 5.5997313801e+00 1.2709094075e-05
1366 5.5984580803e+00 1.2590496787e-05
1367 5.5971939567e+00 1.2356663203e-05
1368 5.5959962996e+00 1.1952661170e-05
1369 5.5948668210e+00 1.1630299191e-05
1370 5.5937551545e+00 1.1612741525e-05
1371 5.5926116126e+00 1.1684518377e-05
1372 5.5914323861e+00 1.1712208584e-05
1373 5.5902465840e+00 1.1597853290e-05
1374 5.5891005707e+00 1.1378589587e-05
1375 5.5880139005e+00 1.1173585287e-05
1376 5.5870279193e+00 1.0989423678e-05
1377 5.5860802576e+00 1.0942360489e-05
1378 5.5850881338e+00 1.0772346703e-05
1379 5.5840636993e+00 1.0780394484e-05
1380 5.5830336085e+00 1.0721093254e-05
1381 5.5819982698e+00 1.0632974706e-05
1382 5.5809865715e+00 1.0545568575e-05
1383 5.5799845188e+00 1.0330272206e-05
1384 5.5789972151e+00 1.0285676442e-05
1385 5.5780237807e+00 1.0242732971e-05
1386 5.5770469795e+00 1.0288592153e-05
1387 5.5760610282e+00 1.0374238675e-05
1388 5.5750785461e+00 1.0288494749e-05
1389 5.5741148995e+00 1.0320898779e-05
1390 5.5731738375e+00 1.0353480744e-05
1391 5.5722296313e+00 1.0485974286e-05
1392 5.5712365434e+00 1.0511239702e-05
1393 5.5701941447e+00 1.0651182403e-05
1394 5.5691184750e+00 1.0623508424e-05
1395 5.5680416937e+00 1.0576152224e-05
1396 5.5669723759e+00 1.0489244872e-05
1397 5.5659038862e+00 1.0692440440e-05
1398 5.5648316775e+00 1.0631200640e-05
1399 5.5637618538e+00 1.0776292577e-05
1400 5.5626491242e+00 1.1009595857e-05
1401 5.5614877312e+00 1.1198292010e-05
1402 5.5602795678e+00 1.1374113993e-05
1403 5.5590360516e+00 1.1509327317e-05
1404 5.5577813567e+00 1.1609190839e-05
1405 5.5565114211e+00 1.1716131960e-05
1406 5.5552052853e+00 1.1922659742e-05
1407 5.5538458878e+00 1.1990458819e-05
1408 5.5524368834e+00 1.2225392351e-05
1409 5.5509768266e+00 1.2354435119e-05
1410 5.5494746019e+00 1.2450538624e-05
1411 5.5479305898e+00 1.2567501682e-05
1412 5.5463329801e+00 1.2739248437e-05
1413 5.5446860079e+00 1.2936481073e-05
1414 5.5429859018e+00 1.3152224773e-05
1415 5.5412136230e+00 1.3439145247e-05
1416 5.5393350255e+00 1.3611733521e-05
1417 5.5373918368e+00 1.3819348583e-05
1418 5.5353974031e+00 1.3961563392e-05
1419 5.5334230041e+00 1.3913397902e-05
1420 5.5315135483e+00 1.3819309271e-05
1421 5.5296662650e+00 1.3838291164e-05
1422 5.5277808569e+00 1.3705718878e-05
1423 5.5258876643e+00 1.3720562938e-05
1424 5.5240117005e+00 1.3671747473e-05
1425 5.5221614678e+00 1.3582236587e-05
1426 5.5202954548e+00 1.3811044278e-05
1427 5.5183383192e+00 1.4006277559e-05
1428 5.5162783427e+00 1.4212011192e-05
1429 5.5142084991e+00 1.4307797477e-05
1430 5.5121336298e+00 1.4409793603e-05
1431 5.5100359792e+00 1.4659147277e-05
1432 5.5078892424e+00 1.4857477281e-05
1433 5.5056625368e+00 1.4945830714e-05
1434 5.5034413492e+00 1.4688143695e-05
1435 5.5012370014e+00 1.4613116520e-05
1436 5.4989994992e+00 1.4622086181e-05
1437 5.4967188217e+00 1.4785459008e-05
1438 5.4944031089e+00 1.4959899811e-05
1439 5.4920977300e+00 1.4903380834e-05
1440 5.4898707226e+00 1.4808052868e-05
1441 5.4877661506e+00 1.4775251091e-05
1442 5.4856123293e+00 1.4644746508e-05
1443 5.4833828485e+00 1.4794616507e-05
1444 5.4810747034e+00 1.4934804061e-05
1445 5.4787263126e+00 1.4837306794e-05
1446 5.4763681100e+00 1.4912248208e-05
1447 5.4740464095e+00 1.4959917059e-05
1448 5.4718891541e+00 1.4750670726e-05
1449 5.4697883905e+00 1.4878732516e-05
1450 5.4675489969e+00 1.4971894868e-05
1451 5.4651901072e+00 1.4911270210e-05
1452 5.4627885965e+00 1.5086627154e-05
1453 5.4603268369e+00 1.5147989343e-05
1454 5.4578256764e+00 1.5281319326e-05
1455 5.4552967224e+00 1.5291706576e-05
1456 5.4527751667e+00 1.5119543756e-05
1457 5.4503380209e+00 1.4907450800e-05
1458 5.4479966802e+00 1.4872520447e-05
1459 5.4457575378e+00 1.4722707161e-05
1460 5.4436168996e+00 1.4704350041e-05
1461 5.4414541717e+00 1.4679410827e-05
1462 5.4392255530e+00 1.4604087098e-05
1463 5.4370142171e+00 1.4490404367e-05
1464 5.4348222619e+00 1.4455397970e-05
1465 5.4326773484e+00 1.4510587377e-05
1466 5.4305737122e+00 1.4340354927e-05
1467 5.4284769662e+00 1.4153692971e-05
1468 5.4264216067e+00 1.4045118657e-05
1469 5.4244198385e+00 1.3809482254e-05
1470 5.4224476333e+00 1.3682651961e-05
1471 5.4204989900e+00 1.3792182872e-05
1472 5.4185670936e+00 1.3765403043e-05
1473 5.4166540815e+00 1.3730445882e-05
1474 5.4147709689e+00 1.3583059214e-05
1475 5.4128753125e+00 1.3624079003e-05
1476 5.4109338314e+00 1.3740844885e-05
1477 5.4089404998e+00 1.3975248360e-05
1478 5.4069098373e+00 1.4015646054e-05
1479 5.4048650945e+00 1.4021455273e-05
1480 5.4028183997e+00 1.3992828695e-05
1481 5.4007557420e+00 1.4108589027e-05
1482 5.3986539637e+00 1.4170240295e-05
1483 5.3965835946e+00 1.4165692102e-05
1484 5.3945521476e+00 1.4077946865e-05
1485 5.3925275202e+00 1.3990055023e-05
1486 5.3904751446e+00 1.4191210937e-05
1487 5.3883664469e+00 1.4234318579e-05
1488 5.3862221494e+00 1.4369017037e-05
1489 5.3840770791e+00 1.4291943209e-05
1490 5.3819908248e+00 1.4085625749e-05
1491 5.3800590658e+00 1.3936581674e-05
1492 5.3781739815e+00 1.3913862037e-05
1493 5.3761951348e+00 1.4005638705e-05
1494 5.3741684805e+00 1.3892377133e-05
1495 5.3721707862e+00 1.3705893926e-05
1496 5.3702888685e+00 1.3398109808e-05
1497 5.3685389633e+00 1.3299875230e-05
1498 5.3668160799e+00 1.3320842197e-05
1499 5.3650318128e+00 1.3376854623e-05
1500 5.3631834913e+00 1.3370611519e-05
1501 5.3613466150e+00 1.3351179557e-05
1502 5.3595037560e+00 1.3368100747e-05
1503 5.3576413342e+00 1.3515682249e-05
1504 5.3557182562e+00 1.3564226835e-05
1505 5.3537677652e+00 1.3705613914e-05
1506 5.3518484045e+00 1.3627192848e-05
1507 5.3500207727e+00 1.3346379887e-05
1508 5.3482711739e+00 1.3252170364e-05
1509 5.3464820679e+00 1.3221325251e-05
1510 5.3446299746e+00 1.3150948921e-05
1511 5.3428109377e+00 1.3024056686e-05
1512 5.3410103629e+00 1.2966009437e-05
1513 5.3392398058e+00 1.2960866795e-05
1514 5.3375030885e+00 1.2794302557e-05
1515 5.3358562850e+00 1.2700031047e-05
1516 5.3343221733e+00 1.2683515153e-05
1517 5.3327105427e+00 1.2825068408e-05
1518 5.3309879036e+00 1.2862979884e-05
1519 5.3292165265e+00 1.2823629820e-05
1520 5.3274585610e+00 1.2820802743e-05
1521 5.3257304719e+00 1.2726123420e-05
1522 5.3240365016e+00 1.2528833150e-05
1523 5.3223989765e+00 1.2407775330e-05
1524 5.3208272927e+00 1.2276736953e-05
1525 5.3192598879e+00 1.2413823248e-05
1526 5.3176411562e+00 1.2581248971e-05
1527 5.3159417268e+00 1.2771532067e-05
1528 5.3142196561e+00 1.2807844788e-05
1529 5.3124895304e+00 1.2744187074e-05
1530 5.3108136287e+00 1.2919538310e-05
1531 5.3091335335e+00 1.2851113055e-05
1532 5.3074176722e+00 1.2792824373e-05
1533 5.3057050831e+00 1.2575108755e-05
1534 5.3040542895e+00 1.2332839722e-05
1535 5.3024681318e+00 1.2247045863e-05
1536 5.3009276211e+00 1.2220850082e-05
1537 5.2994092678e+00 1.2262192569e-05
1538 5.2978946826e+00 1.2127453972e-05
1539 5.2963590924e+00 1.2142332495e-05
1540 5.2948196703e+00 1.2126095700e-05
1541 5.2933126652e+00 1.1941959148e-05
1542 5.2918189183e+00 1.1808552600e-05
1543 5.2902992478e+00 1.1900314871e-05
1544 5.2887524153e+00 1.1912318322e-05
1545 5.2871830584e+00 1.2064052091e-05
1546 5.2855828691e+00 1.2254394833e-05
1547 5.2839365694e+00 1.2363309813e-05
1548 5.2822772042e+00 1.2398009033e-05
1549 5.2806130118e+00 1.2233615963e-05
1550 5.2789888227e+00 1.2349076931e-05
1551 5.2774114035e+00 1.2171944256e-05
1552 5.2758647089e+00 1.2107965947e-05
1553 5.2743495028e+00 1.2056955664e-05
1554 5.2727878337e+00 1.2332434720e-05
1555 5.2711894135e+00 1.2394100388e-05
1556 5.2695648012e+00 1.2404312697e-05
1557 5.2679352328e+00 1.2367928091e-05
1558 5.2663052571e+00 1.2399299842e-05
1559 5.2646512517e+00 1.2517820990e-05
1560 5.2629570232e+00 1.2621839396e-05
1561 5.2612378193e+00 1.2710891879e-05
1562 5.2595168228e+00 1.2749922680e-05
1563 5.2577586495e+00 1.2880103870e-05
1564 5.2560229979e+00 1.2994209064e-05
1565 5.2542803461e+00 1.3029830686e-05
1566 5.2524878139e+00 1.3230425383e-05
1567 5.2506319017e+00 1.3272479480e-05
1568 5.2487915857e+00 1.3462217188e-05
1569 5.2469901233e+00 1.3403097506e-05
1570 5.2452113907e+00 1.3553962678e-05
1571 5.2433231224e+00 1.3742758672e-05
1572 5.2413272429e+00 1.3740087647e-05
1573 5.2392945969e+00 1.3795087264e-05
1574 5.2372801978e+00 1.3655804827e-05
1575 5.2353802195e+00 1.3461295451e-05
1576 5.2336033036e+00 1.3410982973e-05
1577 5.2317710908e+00 1.3495197193e-05
1578 5.2298601483e+00 1.3574945570e-05
1579 5.2279138037e+00 1.3562961545e-05
1580 5.2259803313e+00 1.3380026489e-05
1581 5.2241375451e+00 1.3284102719e-05
1582 5.2223349513e+00 1.3214763328e-05
1583 5.2205584430e+00 1.3113688087e-05
1584 5.2187886530e+00 1.2813864495e-05
1585 5.2170319032e+00 1.2761093859e-05
1586 5.2152782676e+00 1.2721666124e-05
1587 5.2134874939e+00 1.2788728300e-05
1588 5.2117256648e+00 1.2681320578e-05
1589 5.2099937102e+00 1.2556452007e-05
1590 5.2082871883e+00 1.2650154916e-05
1591 5.2065980761e+00 1.2615258036e-05
1592 5.2049467292e+00 1.2591096180e-05
1593 5.2033567771e+00 1.2494709176e-05
1594 5.2017973720e+00 1.2602206966e-05
1595 5.2001538622e+00 1.2566093214e-05
1596 5.1984587098e+00 1.2582295907e-05
1597 5.1967868669e+00 1.2387000349e-05
1598 5.1951535893e+00 1.2280484716e-05
1599 5.1935687349e+00 1.2230887383e-05
1600 5.1920220713e+00 1.2337112355e-05
1601 5.1904566583e+00 1.2464383886e-05
1602 5.1888021464e+00 1.2502618027e-05
1603 5.1871140898e+00 1.2562941577e-05
1604 5.1854319738e+00 1.2457958546e-05
1605 5.1838179855e+00 1.2370302477e-05
1606 5.1822887311e+00 1.2275250853e-05
1607 5.1807246140e+00 1.2552406466e-05
1608 5.1790365523e+00 1.2621931147e-05
1609 5.1773067279e+00 1.2694388889e-05
1610 5.1755749515e+00 1.2456027252e-05
1611 5.1738892751e+00 1.2440483701e-05
1612 5.1722905473e+00 1.2293242807e-05
1613 5.1707347212e+00 1.2352429376e-05
1614 5.1691420622e+00 1.2450431904e-05
1615 5.1675027622e+00 1.2309702401e-05
1616 5.1658723942e+00 1.2096587258e-05
1617 5.1643043953e+00 1.1912193710e-05
1618 5.1627688659e+00 1.1801111668e-05
1619 5.1612749579e+00 1.1815947811e-05
1620 5.1598165250e+00 1.1690192612e-05
1621 5.1584263263e+00 1.1532268774e-05
1622 5.1570447687e+00 1.1418141775e-05
1623 5.1556432546e+00 1.1433111970e-05
1624 5.1542012103e+00 1.1529744999e-05
1625 5.1527500718e+00 1.1510730548e-05
1626 5.1512819214e+00 1.1517074578e-05
1627 5.1498396132e+00 1.1392571332e-05
1628 5.1484414453e+00 1.1231327316e-05
1629 5.1470941009e+00 1.1031383471e-05
1630 5.1457930925e+00 1.1035383982e-05
1631 5.1444843035e+00 1.1136102970e-05
1632 5.1431495825e+00 1.1153319217e-05
1633 5.1418164952e+00 1.1015021907e-05
1634 5.1405336489e+00 1.0854592554e-05
1635 5.1392914168e+00 1.0749978165e-05
1636 5.1380269263e+00 1.0752600700e-05
1637 5.1367190745e+00 1.0838233868e-05
1638 5.1353986280e+00 1.0831245704e-05
1639 5.1340828630e+00 1.0779338537e-05
1640 5.1327774074e+00 1.0667443030e-05
1641 5.1314941574e+00 1.0627774008e-05
1642 5.1302497596e+00 1.0579681368e-05
1643 5.1290221153e+00 1.0582074169e-05
1644 5.1277718612e+00 1.0799530926e-05
1645 5.1264703919e+00 1.0851350640e-05
1646 5.1251742156e+00 1.0811455680e-05
1647 5.1239321831e+00 1.0751071379e-05
1648 5.1227124107e+00 1.0703861401e-05
1649 5.1214353407e+00 1.0717480775e-05
1650 5.1201265947e+00 1.0713232610e-05
1651 5.1188161253e+00 1.0672436677e-05
1652 5.1175144338e+00 1.0536983311e-05
1653 5.1162400765e+00 1.0566519628e-05
1654 5.1150151206e+00 1.0498517608e-05
1655 5.1138523470e+00 1.0567921013e-05
1656 5.1126426251e+00 1.0666210664e-05
1657 5.1113573481e+00 1.0720117995e-05
1658 5.1100544074e+00 1.0641924401e-05
1659 5.1087556309e+00 1.0540375699e-05
1660 5.1075281427e+00 1.0488399693e-05
1661 5.1063540637e+00 1.0523549245e-05
1662 5.1051354269e+00 1.0623845842e-05
1663 5.1038499320e+00 1.0714889549e-05
1664 5.1025329386e+00 1.0539322710e-05
1665 5.1012243524e+00 1.0497130784e-05
1666 5.0999724323e+00 1.0393536135e-05
1667 5.0987517351e+00 1.0349678831e-05
1668 5.0975115973e+00 1.0529013212e-05
1669 5.0962635757e+00 1.0513227481e-05
1670 5.0950114536e+00 1.0395514179e-05
1671 5.0937708361e+00 1.0288843567e-05
1672 5.0925359854e+00 1.0297035301e-05
1673 5.0912908627e+00 1.0300057624e-05
1674 5.0900503450e+00 1.0256809380e-05
1675 5.0888324050e+00 1.0203024417e-05
1676 5.0876616976e+00 1.0218217452e-05
1677 5.0864875421e+00 1.0234690394e-05
1678 5.0852611110e+00 1.0363216657e-05
1679 5.0839843324e+00 1.0417741946e-05
1680 5.0826728213e+00 1.0557002402e-05
1681 5.0813360550e+00 1.0588470527e-05
1682 5.0799876501e+00 1.0655229464e-05
1683 5.0786546279e+00 1.0609609944e-05
1684 5.0773361805e+00 1.0635278745e-05
1685 5.0760207035e+00 1.0642353857e-05
1686 5.0746908256e+00 1.0544844462e-05
1687 5.0733768699e+00 1.0529449247e-05
1688 5.0720690301e+00 1.0437611574e-05
1689 5.0707507239e+00 1.0454640300e-05
1690 5.0694084023e+00 1.0504676829e-05
1691 5.0680654066e+00 1.0521470679e-05
1692 5.0667398664e+00 1.0513147696e-05
1693 5.0654431412e+00 1.0489107679e-05
1694 5.0641986225e+00 1.0514211844e-05
1695 5.0629673279e+00 1.0615662895e-05
1696 5.0616602533e+00 1.0642268914e-05
1697 5.0602967018e+00 1.0681700746e-05
1698 5.0589081100e+00 1.0535499478e-05
1699 5.0575267219e+00 1.0385905306e-05
1700 5.0561939611e+00 1.0311840981e-05
1701 5.0548989075e+00 1.0162711757e-05
1702 5.0536553331e+00 1.0115690253e-05
1703 5.0524660939e+00 9.9615214389e-06
1704 5.0512715663e+00 9.9076066057e-06
1705 5.0500890482e+00 9.9070348990e-06
1706 5.0489094888e+00 9.7694765830e-06
1707 5.0477671421e+00 9.8080190977e-06
1708 5.0466408821e+00 9.7649514259e-06
1709 5.0454977848e+00 9.8222904093e-06
1710 5.0443281311e+00 9.7825901423e-06
1711 5.0431310196e+00 9.8375504485e-06
1712 5.0419148163e+00 9.8772872292e-06
1713 5.0406997758e+00 9.9812175920e-06
1714 5.0394909191e+00 9.7643542849e-06
1715 5.0382948668e+00 9.7152121380e-06
1716 5.0371273262e+00 9.6355755819e-06
1717 5.0359576357e+00 9.6067907361e-06
1718 5.0347812547e+00 9.6781489937e-06
1719 5.0335923530e+00 9.7900255218e-06
1720 5.0324167737e+00 9.9152192618e-06
1721 5.0312473116e+00 9.8314437553e-06
1722 5.0300856476e+00 9.8334673493e-06
1723 5.0289149690e+00 9.8760752623e-06
1724 5.0277377993e+00 9.9215055541e-06
1725 5.0265576151e+00 9.8923724325e-06
1726 5.0254153908e+00 9.7363450726e-06
1727 5.0242812485e+00 9.6638849894e-06
1728 5.0231382112e+00 9.6975893174e-06
1729 5.0219562850e+00 9.7479368118e-06
1730 5.0207820073e+00 9.7684726523e-06
1731 5.0196141826e+00 9.6661512752e-06
1732 5.0184761187e+00 9.5887520207e-06
1733 5.0173527891e+00 9.4818618258e-06
1734 5.0162211333e+00 9.5199499485e-06
1735 5.0151021326e+00 9.4516667859e-06
1736 5.0140039662e+00 9.3524299644e-06
1737 5.0129632565e+00 9.2580025566e-06
1738 5.0119807387e+00 9.1374970037e-06
1739 5.0110038815e+00 9.2314416107e-06
1740 5.0099652084e+00 9.2843311763e-06
1741 5.0088867190e+00 9.3245435649e-06
1742 5.0078199949e+00 9.1882930547e-06
1743 5.0067484486e+00 9.1546681917e-06
1744 5.0056903255e+00 9.0145053961e-06
1745 5.0046636187e+00 8.8657531420e-06
1746 5.0036712688e+00 8.7682244329e-06
1747 5.0026989998e+00 8.7879494378e-06
1748 5.0017314736e+00 8.8403237858e-06
1749 5.0007885097e+00 8.8388992420e-06
1750 4.9998641057e+00 8.6553253062e-06
1751 4.9989388299e+00 8.6311384048e-06
1752 4.9979933732e+00 8.6496125812e-06
1753 4.9970111802e+00 8.6785790505e-06
1754 4.9960252556e+00 8.7722721701e-06
1755 4.9950409563e+00 8.8283104832e-06
1756 4.9940449074e+00 8.8896471197e-06
1757 4.9930672223e+00 8.9092152699e-06
1758 4.9920723396e+00 9.0965475752e-06
1759 4.9910161505e+00 9.2383839488e-06
1760 4.9899050723e+00 9.3415992754e-06
1761 4.9887998120e+00 9.3233200059e-06
1762 4.9877115520e+00 9.2892943414e-06
1763 4.9866365466e+00 9.3284082589e-06
1764 4.9855151296e+00 9.5006442265e-06
1765 4.9843408185e+00 9.6536496334e-06
1766 4.9831144220e+00 9.7521743487e-06
1767 4.9818665244e+00 9.8319875536e-06
1768 4.9806339241e+00 9.7760661417e-06
1769 4.9794552405e+00 9.7895155575e-06
1770 4.9782851268e+00 9.8883763614e-06
1771 4.9770384067e+00 1.0081976184e-05
1772 4.9757167912e+00 1.0270703657e-05
1773 4.9744019552e+00 1.0235188380e-05
1774 4.9730790887e+00 1.0446052818e-05
1775 4.9716675453e+00 1.0744929079e-05
1776 4.9701521130e+00 1.0964436832e-05
1777 4.9685922218e+00 1.1078304058e-05
1778 4.9670161750e+00 1.1108602427e-05
1779 4.9654598484e+00 1.1262262748e-05
1780 4.9638337171e+00 1.1564271800e-05
1781 4.9621017453e+00 1.1828132235e-05
1782 4.9602786757e+00 1.1945914472e-05
1783 4.9584529422e+00 1.1976322928e-05
1784 4.9566443331e+00 1.1984514269e-05
1785 4.9548126185e+00 1.2148544305e-05
1786 4.9529066018e+00 1.2319463439e-05
1787 4.9509985736e+00 1.2229786005e-05
1788 4.9491507204e+00 1.2164222634e-05
1789 4.9473244462e+00 1.2179083949e-05
1790 4.9454291173e+00 1.2390412253e-05
1791 4.9434558986e+00 1.2425117790e-05
1792 4.9414602547e+00 1.2494548989e-05
1793 4.9395751463e+00 1.2188561052e-05
1794 4.9377864353e+00 1.2344764486e-05
1795 4.9359234972e+00 1.2313194434e-05
1796 4.9339616823e+00 1.2455797021e-05
1797 4.9319589051e+00 1.2395429241e-05
1798 4.9299934157e+00 1.2242129270e-05
1799 4.9281114721e+00 1.2117697100e-05
1800 4.9263337998e+00 1.2056655595e-05
1801 4.9245819202e+00 1.2195575887e-05
1802 4.9227299002e+00 1.2313715835e-05
1803 4.9207984773e+00 1.2293642002e-05
1804 4.9188903626e+00 1.2383428668e-05
1805 4.9170186637e+00 1.2136172935e-05
1806 4.9152069962e+00 1.2261331595e-05
1807 4.9133438008e+00 1.2320092704e-05
1808 4.9113931564e+00 1.2578865810e-05
1809 4.9093760167e+00 1.2613507492e-05
1810 4.9073782360e+00 1.2590377314e-05
1811 4.9053913212e+00 1.2429685917e-05
1812 4.9034092190e+00 1.2524554596e-05
1813 4.9014330087e+00 1.2478178969e-05
1814 4.8994581985e+00 1.2514048454e-05
1815 4.8975822995e+00 1.2303438839e-05
1816 4.8958374649e+00 1.2232431137e-05
1817 4.8940713984e+00 1.2255904507e-05
1818 4.8922067594e+00 1.2211820284e-05
1819 4.8903567817e+00 1.2135682007e-05
1820 4.8884989780e+00 1.2113436784e-05
1821 4.8866400750e+00 1.2035211111e-05
1822 4.8848059332e+00 1.1833337015e-05
1823 4.8830492874e+00 1.1707225186e-05
1824 4.8813598109e+00 1.1461269087e-05
1825 4.8797143599e+00 1.1467644006e-05
1826 4.8781289105e+00 1.1264097267e-05
1827 4.8766468018e+00 1.1033176864e-05
1828 4.8752375894e+00 1.0878417885e-05
1829 4.8737964150e+00 1.0957985905e-05
1830 4.8723209562e+00 1.0894037604e-05
1831 4.8708170368e+00 1.0769347589e-05
1832 4.8693405133e+00 1.0692481696e-05
1833 4.8678901477e+00 1.0678111799e-05
1834 4.8664547609e+00 1.0566447757e-05
1835 4.8650352214e+00 1.0537336633e-05
1836 4.8636414013e+00 1.0418853947e-05
1837 4.8622744227e+00 1.0331343658e-05
1838 4.8609946460e+00 1.0156361235e-05
1839 4.8597642214e+00 1.0091850585e-05
1840 4.8585237042e+00 1.0188276614e-05
1841 4.8572203119e+00 1.0152999362e-05
1842 4.8559074603e+00 1.0070348921e-05
1843 4.8546020744e+00 1.0029416959e-05
1844 4.8533171283e+00 9.9708986386e-06
1845 4.8520489623e+00 9.7152034683e-06
1846 4.8508295983e+00 9.6169868663e-06
1847 4.8496702067e+00 9.5736333888e-06
1848 4.8484923154e+00 9.6370132907e-06
1849 4.8473016693e+00 9.6216280886e-06
1850 4.8461095347e+00 9.4237671410e-06
1851 4.8449577888e+00 9.2403266462e-06
1852 4.8438366126e+00 9.1250378235e-06
1853 4.8427384507e+00 9.1523786748e-06
1854 4.8416581850e+00 9.0587806799e-06
1855 4.8405991740e+00 9.0629710221e-06
1856 4.8395665291e+00 8.9872320688e-06
1857 4.8385536795e+00 8.8528235735e-06
1858 4.8375302001e+00 8.8516071453e-06
1859 4.8364907245e+00 8.9115587740e-06
1860 4.8354498630e+00 8.8975314824e-06
1861 4.8344439468e+00 8.7530033320e-06
1862 4.8335112420e+00 8.5980461321e-06
1863 4.8326185807e+00 8.4680952595e-06
1864 4.8317212057e+00 8.3810695546e-06
1865 4.8307962090e+00 8.2975892037e-06
1866 4.8298906511e+00 8.1690270340e-06
1867 4.8290154485e+00 8.0844773814e-06
1868 4.8281633232e+00 8.0974185630e-06
1869 4.8273175461e+00 8.0870121004e-06
1870 4.8264498267e+00 8.1618514881e-06
1871 4.8255662231e+00 8.2187012432e-06
1872 4.8246560143e+00 8.2526291853e-06
1873 4.8237399431e+00 8.3303878155e-06
1874 4.8228136855e+00 8.3087738358e-06
1875 4.8218844654e+00 8.3863538187e-06
1876 4.8209698167e+00 8.3702043414e-06
1877 4.8200511828e+00 8.3798973537e-06
1878 4.8191216139e+00 8.4999595426e-06
1879 4.8181834136e+00 8.4619774469e-06
1880 4.8172371214e+00 8.3631224651e-06
1881 4.8163019981e+00 8.2913652600e-06
1882 4.8153696445e+00 8.2995270756e-06
1883 4.8144615943e+00 8.2053843182e-06
1884 4.8135685441e+00 8.0786024171e-06
1885 4.8127049516e+00 7.9618892946e-06
1886 4.8118498970e+00 7.9414062730e-06
1887 4.8109957398e+00 7.9828098326e-06
1888 4.8101377485e+00 8.0181875385e-06
1889 4.8092833772e+00 8.0476486728e-06
1890 4.8084049035e+00 8.0603385231e-06
1891 4.8075056784e+00 8.1722182873e-06
1892 4.8065894217e+00 8.1851412639e-06
1893 4.8056614450e+00 8.2068750736e-06
1894 4.8047352896e+00 8.3010275284e-06
1895 4.8038480915e+00 8.2461790542e-06
1896 4.8030017983e+00 8.2692292286e-06
1897 4.8021155738e+00 8.2613620625e-06
1898 4.8011738392e+00 8.3014666966e-06
1899 4.8002052081e+00 8.3175569049e-06
1900 4.7992302572e+00 8.3600203338e-06
1901 4.7982565479e+00 8.3695250181e-06
1902 4.7973052368e+00 8.3263619574e-06
1903 4.7964059604e+00 8.3051839685e-06
1904 4.7955276765e+00 8.3093895017e-06
1905 4.7946022973e+00 8.3184695006e-06
1906 4.7936399839e+00 8.3197096199e-06
1907 4.7926649708e+00 8.2112838086e-06
1908 4.7917042334e+00 8.0940190163e-06
1909 4.7907582306e+00 8.0381624628e-06
1910 4.7898246167e+00 8.0186042974e-06
1911 4.7889028527e+00 7.9973546668e-06
1912 4.7879872588e+00 8.0226458275e-06
1913 4.7870664039e+00 8.0260019643e-06
1914 4.7861495707e+00 8.1181894701e-06
1915 4.7852689736e+00 8.0540073837e-06
1916 4.7844390872e+00 8.0285913992e-06
1917 4.7835934842e+00 8.0575630144e-06
1918 4.7826967540e+00 8.1186285091e-06
1919 4.7817880881e+00 7.9756730157e-06
1920 4.7808919522e+00 8.0471133471e-06
1921 4.7800050982e+00 8.0918269398e-06
1922 4.7790846882e+00 8.2791440760e-06
1923 4.7781120028e+00 8.3686069200e-06
1924 4.7771269992e+00 8.4058690730e-06
1925 4.7761769768e+00 8.3292277330e-06
1926 4.7752509398e+00 8.3969770852e-06
1927 4.7742887390e+00 8.4905913267e-06
1928 4.7732666706e+00 8.6423826294e-06
1929 4.7722089421e+00 8.7002939564e-06
1930 4.7711377556e+00 8.7712694596e-06
1931 4.7700168603e+00 8.9323405765e-06
1932 4.7688473203e+00 9.1192170742e-06
1933 4.7676413401e+00 9.2479440698e-06
1934 4.7664201621e+00 9.2598184404e-06
1935 4.7652151164e+00 9.2063441994e-06
1936 4.7640183373e+00 9.2912581710e-06
1937 4.7627965137e+00 9.4687284337e-06
1938 4.7615406735e+00 9.5489515756e-06
1939 4.7602867624e+00 9.5198931259e-06
1940 4.7590519163e+00 9.5330967892e-06
1941 4.7577845018e+00 9.5652741818e-06
1942 4.7564719293e+00 9.7007107575e-06
1943 4.7551266872e+00 9.7327149432e-06
1944 4.7537673652e+00 9.7262548546e-06
1945 4.7524241493e+00 9.6023066901e-06
1946 4.7511320693e+00 9.6128870113e-06
1947 4.7499038214e+00 9.5759831528e-06
1948 4.7486747731e+00 9.5811652540e-06
1949 4.7473779208e+00 9.6264389592e-06
1950 4.7460718992e+00 9.5505036617e-06
1951 4.7447728709e+00 9.4998646003e-06
1952 4.7434973313e+00 9.4168690174e-06
1953 4.7422066930e+00 9.4600998273e-06
1954 4.7409187172e+00 9.5932108830e-06
1955 4.7396309038e+00 9.5414233541e-06
1956 4.7383641124e+00 9.5641020300e-06
1957 4.7371199639e+00 9.5760837293e-06
1958 4.7358601733e+00 9.6245744883e-06
1959 4.7345474531e+00 9.7168699453e-06
1960 4.7332228054e+00 9.6337073288e-06
1961 4.7319093697e+00 9.5025276322e-06
1962 4.7306190862e+00 9.4561835940e-06
1963 4.7293048360e+00 9.5723627116e-06
1964 4.7279912843e+00 9.7045488907e-06
1965 4.7266173690e+00 9.7956885703e-06
1966 4.7252101515e+00 9.8253910210e-06
1967 4.7238142901e+00 9.8473938624e-06
1968 4.7224735418e+00 9.6659457222e-06
1969 4.7212086611e+00 9.4655826218e-06
1970 4.7199725469e+00 9.6121074501e-06
1971 4.7186578587e+00 9.8472358780e-06
1972 4.7172402686e+00 1.0074640815e-05
1973 4.7157563784e+00 1.0184591282e-05
1974 4.7142575331e+00 1.0224646586e-05
1975 4.7127633896e+00 1.0170892007e-05
1976 4.7113112143e+00 1.0068314194e-05
1977 4.7099273772e+00 9.9566771714e-06
1978 4.7085504228e+00 1.0105840538e-05
1979 4.7070955389e+00 1.0274469165e-05
1980 4.7056008653e+00 1.0335184040e-05
1981 4.7041030985e+00 1.0309094311e-05
1982 4.7026624625e+00 1.0250848423e-05
1983 4.7012542687e+00 1.0314597194e-05
1984 4.6997931278e+00 1.0317596547e-05
1985 4.6982527000e+00 1.0361799648e-05
1986 4.6967061200e+00 1.0387755303e-05
1987 4.6951895892e+00 1.0369044894e-05
1988 4.6937144317e+00 1.0336264291e-05
1989 4.6923004426e+00 1.0316718097e-05
1990 4.6908439735e+00 1.0320862784e-05
1991 4.6893168765e+00 1.0374507923e-05
1992 4.6877523711e+00 1.0436794663e-05
1993 4.6861937477e+00 1.0492158831e-05
1994 4.6846179327e+00 1.0439173886e-05
1995 4.6831116958e+00 1.0329662996e-05
1996 4.6817234173e+00 1.0103300947e-05
1997 4.6803867890e+00 1.0034648174e-05
1998 4.6789848648e+00 1.0082992471e-05
1999 4.6775469790e+00 1.0057142616e-05
