iter rel_error rel_residual
0 8.5305112183e+00 3.8709096959e-01
1 9.8587126122e+00 1.9010146011e-01
2 1.3683583846e+01 1.0708607690e-01
3 1.4841019955e+01 7.4404088419e-02
4 1.4125075976e+01 5.9236350358e-02
5 1.3349460275e+01 4.7191208389e-02
6 1.3044259508e+01 3.9526851550e-02
7 1.2900710213e+01 3.5409759692e-02
8 1.2747775660e+01 3.0181068401e-02
9 1.2396191318e+01 2.6931600337e-02
10 1.1874557899e+01 2.4199316225e-02
11 1.1474654467e+01 2.1365920696e-02
12 1.1200214281e+01 1.9416958201e-02
13 1.0986743842e+01 1.7672851127e-02
14 1.0675418157e+01 1.6222921658e-02
15 1.0294694263e+01 1.5188415971e-02
16 9.9991749472e+00 1.4187603622e-02
17 9.7919246166e+00 1.3448756782e-02
18 9.6197399320e+00 1.2623923816e-02
19 9.4601194470e+00 1.2185620804e-02
20 9.3174740868e+00 1.1576307725e-02
21 9.2155302727e+00 1.1029323783e-02
22 9.1812528006e+00 1.0565677282e-02
23 9.1987774541e+00 1.0061781644e-02
24 9.2266698326e+00 9.6563849922e-03
25 9.2602500986e+00 9.2999631767e-03
26 9.3224617984e+00 8.8600073671e-03
27 9.4070759000e+00 8.5473890740e-03
28 9.4939112531e+00 8.2430118692e-03
29 9.5724092691e+00 7.9889189703e-03
30 9.6410379548e+00 7.6332294096e-03
31 9.7031142620e+00 7.4558183531e-03
32 9.7658699358e+00 7.1227982896e-03
33 9.8242562101e+00 6.8777412738e-03
34 9.8736611300e+00 6.7260083377e-03
35 9.9163061628e+00 6.5431955430e-03
36 9.9619779055e+00 6.3812478946e-03
37 1.0016434535e+01 6.2404943918e-03
38 1.0072776581e+01 6.0313402114e-03
39 1.0125667249e+01 5.8113777579e-03
40 1.0179798416e+01 5.5983486648e-03
41 1.0239321989e+01 5.4430131163e-03
42 1.0302593229e+01 5.2569566342e-03
43 1.0363639780e+01 5.1127924793e-03
44 1.0424164728e+01 5.0236575743e-03
45 1.0483125252e+01 4.8856782935e-03
46 1.0541048870e+01 4.7899676430e-03
47 1.0599484583e+01 4.6554189798e-03
48 1.0654463732e+01 4.5673077978e-03
49 1.0706931118e+01 4.4732832703e-03
50 1.0758437589e+01 4.4050865444e-03
51 1.0808939664e+01 4.2628063653e-03
52 1.0856744763e+01 4.1264879656e-03
53 1.0902384564e+01 3.9814670446e-03
54 1.0945415081e+01 3.8837726054e-03
55 1.0985655877e+01 3.7653587823e-03
56 1.1023828692e+01 3.6827370405e-03
57 1.1061718377e+01 3.6067637481e-03
58 1.1099028462e+01 3.5059137465e-03
59 1.1134412444e+01 3.4338330720e-03
60 1.1167046787e+01 3.3581218421e-03
61 1.1198516230e+01 3.3053084789e-03
62 1.1229904680e+01 3.2005180500e-03
63 1.1258761942e+01 3.1336012089e-03
64 1.1284021238e+01 3.0781300902e-03
65 1.1307152128e+01 2.9959972262e-03
66 1.1329266158e+01 2.9384788091e-03
67 1.1350603293e+01 2.8774009146e-03
68 1.1370691301e+01 2.8308972202e-03
69 1.1388357819e+01 2.7778883211e-03
70 1.1404738634e+01 2.6859346648e-03
71 1.1420846919e+01 2.6246320193e-03
72 1.1435754960e+01 2.5493093371e-03
73 1.1448495046e+01 2.4873183074e-03
74 1.1459895232e+01 2.4381256075e-03
75 1.1470731229e+01 2.3947343738e-03
76 1.1480866518e+01 2.3802652016e-03
77 1.1490341764e+01 2.3624427674e-03
78 1.1498733025e+01 2.3297527411e-03
79 1.1506690652e+01 2.3222012163e-03
80 1.1515142921e+01 2.4060412423e-03
81 1.1524957489e+01 2.5743894471e-03
82 1.1537247789e+01 2.7799112388e-03
83 1.1552508857e+01 2.8132974476e-03
84 1.1567103893e+01 2.6725059311e-03
85 1.1578335516e+01 2.4993420669e-03
86 1.1586168103e+01 2.3913203568e-03
87 1.1592002379e+01 2.2952810096e-03
88 1.1596124780e+01 2.1842100890e-03
89 1.1597862954e+01 2.0690943313e-03
90 1.1597215531e+01 1.9511531547e-03
91 1.1595337675e+01 1.8463352781e-03
92 1.1592931753e+01 1.7544421677e-03
93 1.1589301532e+01 1.6669769058e-03
94 1.1584123419e+01 1.5934398783e-03
95 1.1578375389e+01 1.5116614539e-03
96 1.1572564030e+01 1.4376822500e-03
97 1.1566093415e+01 1.3927274294e-03
98 1.1558680688e+01 1.3696439974e-03
99 1.1550350736e+01 1.3279322394e-03
100 1.1541829455e+01 1.2726597180e-03
101 1.1532972335e+01 1.2565827229e-03
102 1.1523344928e+01 1.2399511812e-03
103 1.1512895340e+01 1.2150947107e-03
104 1.1501991183e+01 1.2062445802e-03
105 1.1490965995e+01 1.1890923332e-03
106 1.1479367603e+01 1.1806762552e-03
107 1.1466505287e+01 1.1631735225e-03
108 1.1453464834e+01 1.1485804876e-03
109 1.1440225386e+01 1.1413337686e-03
110 1.1426003816e+01 1.1382201068e-03
111 1.1410568928e+01 1.1343023334e-03
112 1.1394576675e+01 1.1277529740e-03
113 1.1377985996e+01 1.1221674923e-03
114 1.1360319359e+01 1.1281211192e-03
115 1.1341311882e+01 1.1392839537e-03
116 1.1321549783e+01 1.1351139175e-03
117 1.1301154624e+01 1.1498502302e-03
118 1.1279691025e+01 1.1592305282e-03
119 1.1256979558e+01 1.1641850248e-03
120 1.1233171941e+01 1.1693205067e-03
121 1.1209023864e+01 1.1660006307e-03
122 1.1184501894e+01 1.1627579435e-03
123 1.1159047641e+01 1.1709968559e-03
124 1.1132522586e+01 1.1693413729e-03
125 1.1105763255e+01 1.1777589623e-03
126 1.1078410343e+01 1.1799207614e-03
127 1.1050410633e+01 1.1847723466e-03
128 1.1021320511e+01 1.1870112567e-03
129 1.0992040893e+01 1.1819466632e-03
130 1.0963055481e+01 1.1909349954e-03
131 1.0933151041e+01 1.1962032013e-03
132 1.0902454728e+01 1.1996146030e-03
133 1.0871183129e+01 1.2019156277e-03
134 1.0839959866e+01 1.1934630085e-03
135 1.0808179980e+01 1.2199485070e-03
136 1.0774054523e+01 1.2710689662e-03
137 1.0736185554e+01 1.3599791978e-03
138 1.0693196260e+01 1.4785528262e-03
139 1.0642112957e+01 1.6300291300e-03
140 1.0581528713e+01 1.7953272440e-03
141 1.0512716251e+01 1.9014159915e-03
142 1.0443395702e+01 1.9138567067e-03
143 1.0379447140e+01 1.8766382608e-03
144 1.0319634509e+01 1.8721880186e-03
145 1.0263114385e+01 1.9157739057e-03
146 1.0210867537e+01 1.9294429845e-03
147 1.0164027098e+01 1.9019492125e-03
148 1.0124641317e+01 1.8475456987e-03
149 1.0090979926e+01 1.8111792868e-03
150 1.0061949339e+01 1.7683688670e-03
151 1.0037946518e+01 1.6980707785e-03
152 1.0017343907e+01 1.6324993257e-03
153 9.9975283673e+00 1.5936597623e-03
154 9.9778955142e+00 1.5674190261e-03
155 9.9593962563e+00 1.5266825014e-03
156 9.9419913582e+00 1.4983929500e-03
157 9.9244944271e+00 1.4807589568e-03
158 9.9063085705e+00 1.4688292303e-03
159 9.8884541922e+00 1.4403288923e-03
160 9.8711126866e+00 1.3976848393e-03
161 9.8540412510e+00 1.3148017951e-03
162 9.8378399906e+00 1.1999253877e-03
163 9.8229781353e+00 1.1057702618e-03
164 9.8085014836e+00 1.0769076641e-03
165 9.7928972112e+00 1.1129032070e-03
166 9.7747393812e+00 1.1469796395e-03
167 9.7545811376e+00 1.1575165840e-03
168 9.7343423178e+00 1.1669035834e-03
169 9.7127980421e+00 1.1843080390e-03
170 9.6892899549e+00 1.2119403729e-03
171 9.6640089675e+00 1.2414054638e-03
172 9.6378657737e+00 1.2624045924e-03
173 9.6105485785e+00 1.2928781695e-03
174 9.5819795098e+00 1.3061366746e-03
175 9.5514985344e+00 1.3193449376e-03
176 9.5203901021e+00 1.3298711339e-03
177 9.4881381398e+00 1.3124671619e-03
178 9.4546394435e+00 1.2754050201e-03
179 9.4199675765e+00 1.2497273533e-03
180 9.3848062723e+00 1.2051013840e-03
181 9.3512787491e+00 1.1692589890e-03
182 9.3168660512e+00 1.1425151846e-03
183 9.2824142555e+00 1.1159149045e-03
184 9.2493074788e+00 1.0860913345e-03
185 9.2179469045e+00 1.0551727407e-03
186 9.1885144677e+00 1.0260486584e-03
187 9.1608594364e+00 1.0000578623e-03
188 9.1347502444e+00 9.6739423049e-04
189 9.1106557828e+00 9.4380830716e-04
190 9.0874990044e+00 9.1916116423e-04
191 9.0651412995e+00 8.9698333017e-04
192 9.0430381215e+00 8.7661837208e-04
193 9.0220236076e+00 8.5763059847e-04
194 9.0019859752e+00 8.5177525385e-04
195 8.9821845567e+00 8.3647823596e-04
196 8.9635068903e+00 8.3362397421e-04
197 8.9454479422e+00 8.3467550998e-04
198 8.9282231036e+00 8.4552714535e-04
199 8.9110709951e+00 8.6572526291e-04
200 8.8935911661e+00 8.7318383177e-04
201 8.8763339737e+00 8.9968196457e-04
202 8.8594117739e+00 9.2076141980e-04
203 8.8430977911e+00 9.3529292313e-04
204 8.8269897862e+00 9.5598566746e-04
205 8.8115668205e+00 9.5696541744e-04
206 8.7973197692e+00 9.6719274499e-04
207 8.7839282273e+00 9.5664553730e-04
208 8.7711333637e+00 9.4924730827e-04
209 8.7587734674e+00 9.4616944551e-04
210 8.7475834628e+00 9.2429726768e-04
211 8.7373108991e+00 9.2622858284e-04
212 8.7272435920e+00 9.0765797214e-04
213 8.7172223847e+00 9.0324861407e-04
214 8.7078718826e+00 9.0107515566e-04
215 8.6989929963e+00 9.0361351035e-04
216 8.6899886695e+00 9.2262314251e-04
217 8.6809219341e+00 9.3685902796e-04
218 8.6722566614e+00 9.6418617147e-04
219 8.6642221495e+00 1.0017840227e-03
220 8.6566395361e+00 1.0452634078e-03
221 8.6494756409e+00 1.0697910591e-03
222 8.6433210981e+00 1.0551283899e-03
223 8.6383711333e+00 1.0233808010e-03
224 8.6341451312e+00 9.7146751849e-04
225 8.6300828846e+00 9.2454528637e-04
226 8.6262748861e+00 8.8084395919e-04
227 8.6228685715e+00 8.4242021505e-04
228 8.6195426686e+00 8.0200069120e-04
229 8.6159474406e+00 7.5979020018e-04
230 8.6122361258e+00 7.1575362260e-04
231 8.6086851737e+00 6.7877871020e-04
232 8.6051805960e+00 6.4055671532e-04
233 8.6015774694e+00 6.0139228095e-04
234 8.5978970439e+00 5.7211687699e-04
235 8.5943717591e+00 5.4510517597e-04
236 8.5909819629e+00 5.1994234152e-04
237 8.5875656783e+00 4.9306619533e-04
238 8.5840975497e+00 4.7071089325e-04
239 8.5806360307e+00 4.4918866293e-04
240 8.5771722208e+00 4.3170426798e-04
241 8.5735457468e+00 4.2465400830e-04
242 8.5696466132e+00 4.2819967009e-04
243 8.5653824871e+00 4.3850201901e-04
244 8.5608795153e+00 4.4641120445e-04
245 8.5562368514e+00 4.3956327187e-04
246 8.5517103525e+00 4.2030085201e-04
247 8.5474102664e+00 4.0094044023e-04
248 8.5433360388e+00 3.9066065657e-04
249 8.5392161103e+00 3.8991496031e-04
250 8.5348658533e+00 3.8811948254e-04
251 8.5304621854e+00 3.7847513434e-04
252 8.5261472016e+00 3.7352625070e-04
253 8.5217276123e+00 3.6929653565e-04
254 8.5170252096e+00 3.6379669491e-04
255 8.5120989942e+00 3.5924313300e-04
256 8.5070998895e+00 3.5733547887e-04
257 8.5018243170e+00 3.5604479746e-04
258 8.4962672788e+00 3.5143972344e-04
259 8.4904183025e+00 3.4699063912e-04
260 8.4844203533e+00 3.4034110312e-04
261 8.4781677682e+00 3.4150163888e-04
262 8.4715650884e+00 3.3916417833e-04
263 8.4646821506e+00 3.3516186002e-04
264 8.4575769026e+00 3.2921400046e-04
265 8.4506928011e+00 3.2389001240e-04
266 8.4437931189e+00 3.1865488935e-04
267 8.4367375755e+00 3.1456630612e-04
268 8.4294504820e+00 3.1534309021e-04
269 8.4220391322e+00 3.1385981351e-04
270 8.4145680677e+00 3.1316558811e-04
271 8.4068673732e+00 3.1268474409e-04
272 8.3989524373e+00 3.1310327024e-04
273 8.3908465185e+00 3.1664950258e-04
274 8.3826785761e+00 3.1378949857e-04
275 8.3746410421e+00 3.0494804619e-04
276 8.3669560683e+00 2.8814696575e-04
277 8.3600554413e+00 2.6642901526e-04
278 8.3542764007e+00 2.4227925837e-04
279 8.3492686329e+00 2.2195340347e-04
280 8.3446065453e+00 2.1314278379e-04
281 8.3401300560e+00 2.0943163649e-04
282 8.3355816363e+00 2.1077723857e-04
283 8.3309214667e+00 2.0549565854e-04
284 8.3263002533e+00 1.9807410547e-04
285 8.3218676002e+00 1.8966665344e-04
286 8.3176875766e+00 1.8280318701e-04
287 8.3137054820e+00 1.8202043352e-04
288 8.3095186881e+00 1.8229243992e-04
289 8.3051598293e+00 1.8159296725e-04
290 8.3008300746e+00 1.7908564303e-04
291 8.2965856062e+00 1.7771084856e-04
292 8.2923324400e+00 1.7736073523e-04
293 8.2879638531e+00 1.7627466127e-04
294 8.2836878853e+00 1.7415261811e-04
295 8.2795645315e+00 1.7202253496e-04
296 8.2754921622e+00 1.7066110246e-04
297 8.2713989228e+00 1.7006800476e-04
298 8.2673573171e+00 1.6505672748e-04
299 8.2636235008e+00 1.5867752255e-04
300 8.2601281082e+00 1.5392656373e-04
301 8.2566510534e+00 1.4895367185e-04
302 8.2531738541e+00 1.4385129265e-04
303 8.2498092104e+00 1.3887728325e-04
304 8.2463941280e+00 1.3892867718e-04
305 8.2426459635e+00 1.4055678184e-04
306 8.2386398765e+00 1.3895648217e-04
307 8.2345735176e+00 1.3771158454e-04
308 8.2304902734e+00 1.3577504611e-04
309 8.2262928529e+00 1.3390737868e-04
310 8.2220369342e+00 1.3305415346e-04
311 8.2177165298e+00 1.3403763283e-04
312 8.2133178241e+00 1.3476408580e-04
313 8.2089434739e+00 1.3206799801e-04
314 8.2045540348e+00 1.3073713947e-04
315 8.2002413358e+00 1.2988162034e-04
316 8.1960755615e+00 1.2847429444e-04
317 8.1918536659e+00 1.2766801596e-04
318 8.1875770939e+00 1.2687321440e-04
319 8.1833038979e+00 1.2623280539e-04
320 8.1791369549e+00 1.2487432157e-04
321 8.1750951365e+00 1.2193139707e-04
322 8.1712024924e+00 1.1778931099e-04
323 8.1675500066e+00 1.1206432518e-04
324 8.1642717910e+00 1.0613729036e-04
325 8.1612417987e+00 1.0142596614e-04
326 8.1583120058e+00 1.0055513218e-04
327 8.1553366480e+00 1.0129458750e-04
328 8.1523075808e+00 1.0152328667e-04
329 8.1492958199e+00 9.8896186102e-05
330 8.1463366509e+00 9.5623444714e-05
331 8.1434954937e+00 9.3922639564e-05
332 8.1406758679e+00 9.2610352551e-05
333 8.1378576831e+00 9.2117877115e-05
334 8.1350272031e+00 9.0245406994e-05
335 8.1322380226e+00 8.8538054116e-05
336 8.1294849398e+00 8.7574339545e-05
337 8.1268237718e+00 8.5981931674e-05
338 8.1242404365e+00 8.4650056354e-05
339 8.1216823683e+00 8.3785213417e-05
340 8.1191055488e+00 8.3456032185e-05
341 8.1165923867e+00 8.2790732261e-05
342 8.1141581986e+00 8.1304043670e-05
343 8.1117399612e+00 8.0392266182e-05
344 8.1093635907e+00 7.9791181370e-05
345 8.1070221771e+00 7.9115733714e-05
346 8.1046994180e+00 7.8877847671e-05
347 8.1022891266e+00 7.8455946722e-05
348 8.0997832751e+00 7.8049877410e-05
349 8.0973147467e+00 7.7815996187e-05
350 8.0948017086e+00 7.7100859085e-05
351 8.0922437026e+00 7.6868597384e-05
352 8.0895888588e+00 7.6597159707e-05
353 8.0868569819e+00 7.6324383972e-05
354 8.0841515280e+00 7.5211409223e-05
355 8.0814378805e+00 7.3611320779e-05
356 8.0787511663e+00 7.1921816148e-05
357 8.0760837402e+00 7.0188218861e-05
358 8.0735660070e+00 6.7024320989e-05
359 8.0712180534e+00 6.4239998399e-05
360 8.0689678012e+00 6.1786415412e-05
361 8.0667319907e+00 6.1138407572e-05
362 8.0645090006e+00 6.1260300861e-05
363 8.0621845271e+00 6.1546499987e-05
364 8.0597225789e+00 6.1951111524e-05
365 8.0571760418e+00 6.1710513262e-05
366 8.0545853636e+00 6.1949829759e-05
367 8.0519390309e+00 6.2159552212e-05
368 8.0491905990e+00 6.2919698481e-05
369 8.0462535177e+00 6.3849268275e-05
370 8.0431569754e+00 6.4861141049e-05
371 8.0399504694e+00 6.5714376115e-05
372 8.0365758375e+00 6.5838091512e-05
373 8.0330701919e+00 6.6774284669e-05
374 8.0294220480e+00 6.7903602351e-05
375 8.0256192747e+00 6.8576028275e-05
376 8.0216965750e+00 6.8981806599e-05
377 8.0176296328e+00 6.9885155281e-05
378 8.0133506528e+00 7.0495804922e-05
379 8.0090172102e+00 7.1639741455e-05
380 8.0045046346e+00 7.2595232543e-05
381 7.9998793942e+00 7.3135625895e-05
382 7.9951862351e+00 7.4688003406e-05
383 7.9902779402e+00 7.5228050902e-05
384 7.9852472568e+00 7.5650028819e-05
385 7.9800761407e+00 7.6702781043e-05
386 7.9748765953e+00 7.5449745651e-05
387 7.9697446030e+00 7.5157577942e-05
388 7.9645821200e+00 7.5540657970e-05
389 7.9593241957e+00 7.5953675418e-05
390 7.9539924232e+00 7.6159792817e-05
391 7.9486746050e+00 7.4458410390e-05
392 7.9436017786e+00 7.2828958428e-05
393 7.9386752809e+00 7.2080740373e-05
394 7.9337602921e+00 7.0728679716e-05
395 7.9289444713e+00 7.0353504942e-05
396 7.9243171650e+00 6.8854658017e-05
397 7.9198413474e+00 6.7454770344e-05
398 7.9154925726e+00 6.5927657489e-05
399 7.9112941515e+00 6.4488846380e-05
400 7.9072354767e+00 6.3483927869e-05
401 7.9032824427e+00 6.2259376060e-05
402 7.8994229018e+00 6.1334708293e-05
403 7.8956424915e+00 6.0763626205e-05
404 7.8919015783e+00 6.0779029408e-05
405 7.8880592909e+00 6.0849456982e-05
406 7.8842136251e+00 5.9656705885e-05
407 7.8805730646e+00 5.7282561116e-05
408 7.8772988552e+00 5.3722656824e-05
409 7.8743805332e+00 5.1433134165e-05
410 7.8716490135e+00 4.9278861588e-05
411 7.8689681740e+00 4.8965433372e-05
412 7.8663329978e+00 4.8391502114e-05
413 7.8637486342e+00 4.7424544504e-05
414 7.8612048092e+00 4.7577928956e-05
415 7.8585453651e+00 4.8523264707e-05
416 7.8556266710e+00 5.0238672562e-05
417 7.8524937477e+00 5.1417895504e-05
418 7.8492176266e+00 5.1737599389e-05
419 7.8458167297e+00 5.1174904468e-05
420 7.8425336430e+00 4.9671116437e-05
421 7.8394484760e+00 4.7769972395e-05
422 7.8365402060e+00 4.6589456790e-05
423 7.8336656508e+00 4.6605431780e-05
424 7.8306231273e+00 4.7448825334e-05
425 7.8275072518e+00 4.7261330396e-05
426 7.8244225746e+00 4.6051690434e-05
427 7.8214749026e+00 4.4098857521e-05
428 7.8186744004e+00 4.2390554770e-05
429 7.8160018189e+00 4.1648719000e-05
430 7.8133437208e+00 4.1612134183e-05
431 7.8106105455e+00 4.1680354352e-05
432 7.8078300047e+00 4.0681122683e-05
433 7.8051025296e+00 3.9793157040e-05
434 7.8024554906e+00 3.9366142017e-05
435 7.7997874730e+00 3.9109206288e-05
436 7.7969998031e+00 3.9112066791e-05
437 7.7941680320e+00 3.9386880838e-05
438 7.7912768116e+00 3.9632680556e-05
439 7.7882247715e+00 4.0429917068e-05
440 7.7850289114e+00 4.0755480755e-05
441 7.7817283025e+00 4.0877047374e-05
442 7.7784493028e+00 4.0244892037e-05
443 7.7752230279e+00 3.9471638668e-05
444 7.7719614371e+00 3.9343163076e-05
445 7.7686714432e+00 3.9124510749e-05
446 7.7654226039e+00 3.8898832252e-05
447 7.7621278913e+00 3.8813814339e-05
448 7.7587589865e+00 3.8881894657e-05
449 7.7553120865e+00 3.8718496560e-05
450 7.7518330731e+00 3.8481809853e-05
451 7.7483444889e+00 3.8512230633e-05
452 7.7448250427e+00 3.8166918144e-05
453 7.7412553800e+00 3.8020424302e-05
454 7.7376469128e+00 3.7839219228e-05
455 7.7340071609e+00 3.7875921105e-05
456 7.7303199654e+00 3.8054325920e-05
457 7.7265160962e+00 3.8456833766e-05
458 7.7225334181e+00 3.8738973355e-05
459 7.7184169220e+00 3.9373815476e-05
460 7.7142559375e+00 3.9321940407e-05
461 7.7100455195e+00 3.9340000736e-05
462 7.7057953584e+00 3.9537120904e-05
463 7.7014774635e+00 3.9687853730e-05
464 7.6970666991e+00 3.9899963513e-05
465 7.6926420478e+00 3.9961354630e-05
466 7.6881259724e+00 4.0206579966e-05
467 7.6834430462e+00 4.0739536914e-05
468 7.6786786318e+00 4.0731417459e-05
469 7.6737466019e+00 4.1324891575e-05
470 7.6686866530e+00 4.1580808527e-05
471 7.6635327088e+00 4.1899510481e-05
472 7.6582266911e+00 4.2564621611e-05
473 7.6527957245e+00 4.2977670599e-05
474 7.6471382708e+00 4.3590903816e-05
475 7.6412395063e+00 4.4289589750e-05
476 7.6351987810e+00 4.4529562546e-05
477 7.6289153199e+00 4.5200924286e-05
478 7.6224845975e+00 4.5947078618e-05
479 7.6157685894e+00 4.6402267662e-05
480 7.6087920702e+00 4.7038029933e-05
481 7.6017184638e+00 4.7334182608e-05
482 7.5942684218e+00 4.8114488971e-05
483 7.5867270564e+00 4.8275101027e-05
484 7.5792018351e+00 4.7839728082e-05
485 7.5717404364e+00 4.7723819263e-05
486 7.5642327241e+00 4.7462245414e-05
487 7.5567060500e+00 4.7712241410e-05
488 7.5490817920e+00 4.8295705945e-05
489 7.5412477697e+00 4.8611738602e-05
490 7.5331876295e+00 4.9116939639e-05
491 7.5249727584e+00 4.9130152077e-05
492 7.5168640745e+00 4.8674875160e-05
493 7.5088260186e+00 4.8781655239e-05
494 7.5005157687e+00 5.0219039264e-05
495 7.4915587740e+00 5.2255145498e-05
496 7.4819268182e+00 5.3529217001e-05
497 7.4719167862e+00 5.4303971812e-05
498 7.4616317386e+00 5.5607121845e-05
499 7.4507563715e+00 5.6772784645e-05
500 7.4393033930e+00 5.7485209814e-05
501 7.4277203172e+00 5.7307604329e-05
502 7.4163692983e+00 5.7866064983e-05
503 7.4047640653e+00 5.8393867709e-05
504 7.3930025233e+00 5.7784926836e-05
505 7.3816364792e+00 5.6622063874e-05
506 7.3708788412e+00 5.5581310455e-05
507 7.3603606985e+00 5.5580372415e-05
508 7.3496932106e+00 5.5354784732e-05
509 7.3393859665e+00 5.4281038707e-05
510 7.3293433788e+00 5.3565223369e-05
511 7.3193410340e+00 5.2936242351e-05
512 7.3096398345e+00 5.2680260043e-05
513 7.3001071917e+00 5.1983048098e-05
514 7.2907725644e+00 5.1646039751e-05
515 7.2814576061e+00 5.1958538087e-05
516 7.2720915402e+00 5.1907276328e-05
517 7.2626689866e+00 5.2064500052e-05
518 7.2533302344e+00 5.1648491858e-05
519 7.2440458459e+00 5.1246373729e-05
520 7.2349538830e+00 5.1373672379e-05
521 7.2256977955e+00 5.2032540770e-05
522 7.2161675007e+00 5.2247143961e-05
523 7.2066486459e+00 5.2774190275e-05
524 7.1969660175e+00 5.3067930722e-05
525 7.1869471860e+00 5.3481112386e-05
526 7.1769051442e+00 5.4019989723e-05
527 7.1667469291e+00 5.4542093319e-05
528 7.1563489522e+00 5.5609627084e-05
529 7.1456351733e+00 5.5912726849e-05
530 7.1347602875e+00 5.7212433917e-05
531 7.1235440978e+00 5.8350463492e-05
532 7.1117387826e+00 5.9079258335e-05
533 7.0996996367e+00 6.0331136626e-05
534 7.0872756408e+00 6.0765036508e-05
535 7.0748097046e+00 6.0882649223e-05
536 7.0623618064e+00 6.0779319081e-05
537 7.0500049344e+00 6.1124470365e-05
538 7.0375804516e+00 6.0517304844e-05
539 7.0253659237e+00 6.0704824645e-05
540 7.0132929486e+00 6.1360623334e-05
541 7.0010073663e+00 6.1516678632e-05
542 6.9887914247e+00 6.1898066243e-05
543 6.9764553989e+00 6.1868059704e-05
544 6.9641192414e+00 6.2259885649e-05
545 6.9515395225e+00 6.2640788155e-05
546 6.9388211237e+00 6.3063073182e-05
547 6.9259645554e+00 6.3948005308e-05
548 6.9128851085e+00 6.4075278301e-05
549 6.8996137686e+00 6.4689703307e-05
550 6.8862630016e+00 6.4518861194e-05
551 6.8731794505e+00 6.4222041109e-05
552 6.8607570171e+00 6.2234195721e-05
553 6.8491026451e+00 5.9707442338e-05
554 6.8384301052e+00 5.6820341643e-05
555 6.8287080631e+00 5.5248982123e-05
556 6.8195901053e+00 5.3993828399e-05
557 6.8109000718e+00 5.2603789076e-05
558 6.8024310562e+00 5.2293010574e-05
559 6.7939835425e+00 5.2647253190e-05
560 6.7854727632e+00 5.2772479059e-05
561 6.7770736302e+00 5.2573615969e-05
562 6.7688827062e+00 5.0984762376e-05
563 6.7611474054e+00 4.9395841901e-05
564 6.7538325993e+00 4.8689509783e-05
565 6.7466498023e+00 4.9005855315e-05
566 6.7393931942e+00 4.9127189580e-05
567 6.7320557570e+00 4.8759693094e-05
568 6.7249252537e+00 4.7665340298e-05
569 6.7182872546e+00 4.6027196690e-05
570 6.7121593402e+00 4.4619339432e-05
571 6.7062523095e+00 4.4187312090e-05
572 6.7002386190e+00 4.4609440218e-05
573 6.6941210082e+00 4.5344957672e-05
574 6.6879213426e+00 4.5302016997e-05
575 6.6817958413e+00 4.4154057102e-05
576 6.6758902092e+00 4.3499536946e-05
577 6.6701398254e+00 4.3129260411e-05
578 6.6645456464e+00 4.2877179080e-05
579 6.6591294326e+00 4.1840907577e-05
580 6.6538523868e+00 4.0723726978e-05
581 6.6488132928e+00 4.0808037024e-05
582 6.6438101929e+00 4.0725536834e-05
583 6.6387121398e+00 4.0854942383e-05
584 6.6336313579e+00 4.0077249069e-05
585 6.6287480268e+00 3.9499295089e-05
586 6.6239967540e+00 3.9327951521e-05
587 6.6192433495e+00 3.9708049259e-05
588 6.6144090596e+00 3.9798644723e-05
589 6.6095130705e+00 3.9682892800e-05
590 6.6046251900e+00 4.0603784649e-05
591 6.5994933010e+00 4.0635022707e-05
592 6.5943745446e+00 4.0491308329e-05
593 6.5893634458e+00 4.0379376862e-05
594 6.5842661931e+00 4.0735016499e-05
595 6.5790506782e+00 4.1275489780e-05
596 6.5738105223e+00 4.1000653720e-05
597 6.5686698172e+00 4.0499709308e-05
598 6.5636200041e+00 4.0801823521e-05
599 6.5584901201e+00 4.1219399809e-05
600 6.5532458334e+00 4.1347537533e-05
601 6.5479195483e+00 4.1272477707e-05
602 6.5425472630e+00 4.1522343376e-05
603 6.5371013728e+00 4.1615892279e-05
604 6.5316935573e+00 4.1353067727e-05
605 6.5264396792e+00 4.0662286635e-05
606 6.5212821576e+00 4.0236129905e-05
607 6.5162566263e+00 4.0173067965e-05
608 6.5112337520e+00 3.9666866670e-05
609 6.5061886956e+00 3.9426883517e-05
610 6.5012091308e+00 3.9104471089e-05
611 6.4964407497e+00 3.8252083101e-05
612 6.4919130356e+00 3.7419484410e-05
613 6.4875624463e+00 3.6664692254e-05
614 6.4833413088e+00 3.6217801124e-05
615 6.4792409192e+00 3.5554076281e-05
616 6.4753270082e+00 3.4668041554e-05
617 6.4715412003e+00 3.3980077680e-05
618 6.4678618178e+00 3.3473257039e-05
619 6.4643065429e+00 3.3323324261e-05
620 6.4607732785e+00 3.3214494307e-05
621 6.4572970537e+00 3.3168403219e-05
622 6.4537597599e+00 3.3041872652e-05
623 6.4502178814e+00 3.2702819766e-05
624 6.4466997094e+00 3.2649863153e-05
625 6.4431795702e+00 3.2424396424e-05
626 6.4396057638e+00 3.2542665576e-05
627 6.4359455019e+00 3.2734869424e-05
628 6.4323060325e+00 3.3027671699e-05
629 6.4286692276e+00 3.2550136263e-05
630 6.4250343248e+00 3.2247949774e-05
631 6.4214293813e+00 3.2022680166e-05
632 6.4179160852e+00 3.1685759607e-05
633 6.4144706651e+00 3.1456834926e-05
634 6.4110308780e+00 3.1453048073e-05
635 6.4075479821e+00 3.1483709631e-05
636 6.4040572450e+00 3.1446073038e-05
637 6.4005096127e+00 3.1616644975e-05
638 6.3969451921e+00 3.1842226998e-05
639 6.3932918353e+00 3.2522216300e-05
640 6.3894817803e+00 3.3188647049e-05
641 6.3855942565e+00 3.3433830677e-05
642 6.3816006625e+00 3.3624331157e-05
643 6.3775549812e+00 3.4035186671e-05
644 6.3733905850e+00 3.4405301914e-05
645 6.3691412778e+00 3.4959986053e-05
646 6.3648159081e+00 3.5224934146e-05
647 6.3604493378e+00 3.5125771164e-05
648 6.3561562867e+00 3.4841945796e-05
649 6.3518160811e+00 3.5207743173e-05
650 6.3473553571e+00 3.6104391621e-05
651 6.3427252073e+00 3.6385815754e-05
652 6.3380524384e+00 3.6341553182e-05
653 6.3334815824e+00 3.5635943840e-05
654 6.3290737395e+00 3.4820220677e-05
655 6.3248585192e+00 3.4354877918e-05
656 6.3206279391e+00 3.4507570267e-05
657 6.3163601125e+00 3.4770422781e-05
658 6.3121160419e+00 3.4771659810e-05
659 6.3078629479e+00 3.4267100237e-05
660 6.3037033429e+00 3.4055643943e-05
661 6.2996154007e+00 3.4030508241e-05
662 6.2955806961e+00 3.3775855869e-05
663 6.2915992648e+00 3.3200752151e-05
664 6.2877375003e+00 3.2642696301e-05
665 6.2840144277e+00 3.2305797105e-05
666 6.2804157576e+00 3.1956623993e-05
667 6.2768715877e+00 3.1590001571e-05
668 6.2734035321e+00 3.1101361437e-05
669 6.2699951095e+00 3.0616864535e-05
670 6.2666892758e+00 3.0398801040e-05
671 6.2635296272e+00 2.9805764476e-05
672 6.2604526978e+00 2.9065088186e-05
673 6.2574817534e+00 2.8576002971e-05
674 6.2546431390e+00 2.8200947102e-05
675 6.2518472013e+00 2.8084192312e-05
676 6.2490785991e+00 2.7680145229e-05
677 6.2463277262e+00 2.7364105609e-05
678 6.2436183443e+00 2.6937052831e-05
679 6.2409245803e+00 2.6989646958e-05
680 6.2382753817e+00 2.6994206234e-05
681 6.2355670250e+00 2.6687738837e-05
682 6.2329121064e+00 2.6188286047e-05
683 6.2303421972e+00 2.5908655592e-05
684 6.2278207893e+00 2.5683126144e-05
685 6.2253135459e+00 2.5471312268e-05
686 6.2228339508e+00 2.5355221230e-05
687 6.2203489830e+00 2.5121208222e-05
688 6.2178478405e+00 2.5450816090e-05
689 6.2152953863e+00 2.5477517757e-05
690 6.2127171006e+00 2.5855235427e-05
691 6.2100493381e+00 2.6477738090e-05
692 6.2071859867e+00 2.7318624142e-05
693 6.2041536498e+00 2.8055314951e-05
694 6.2009425097e+00 2.8280766720e-05
695 6.1976996350e+00 2.8348611959e-05
696 6.1945001961e+00 2.7869740832e-05
697 6.1913824062e+00 2.7572336991e-05
698 6.1883777138e+00 2.7256782741e-05
699 6.1853537153e+00 2.7100919889e-05
700 6.1823819603e+00 2.7052706951e-05
701 6.1794449235e+00 2.7249842275e-05
702 6.1764199453e+00 2.7300180028e-05
703 6.1734085862e+00 2.7038671790e-05
704 6.1704989463e+00 2.6291349821e-05
705 6.1678098786e+00 2.5392626031e-05
706 6.1652560143e+00 2.4925305829e-05
707 6.1627201434e+00 2.4795737138e-05
708 6.1601699660e+00 2.4832971211e-05
709 6.1576550368e+00 2.4467361825e-05
710 6.1552329054e+00 2.4025319424e-05
711 6.1528711782e+00 2.3743395268e-05
712 6.1505457294e+00 2.3522734324e-05
713 6.1482390077e+00 2.3604526114e-05
714 6.1458906742e+00 2.3624972574e-05
715 6.1435269423e+00 2.3578591093e-05
716 6.1412135104e+00 2.3136349876e-05
717 6.1389829195e+00 2.2668407983e-05
718 6.1368269968e+00 2.2666046960e-05
719 6.1346521168e+00 2.2393468844e-05
720 6.1325094180e+00 2.2235487306e-05
721 6.1304209044e+00 2.1927954513e-05
722 6.1283821033e+00 2.1697993323e-05
723 6.1263374185e+00 2.1963973320e-05
724 6.1242001344e+00 2.2167350873e-05
725 6.1220238810e+00 2.2187647389e-05
726 6.1198305259e+00 2.2215188871e-05
727 6.1176364186e+00 2.2253131547e-05
728 6.1154035175e+00 2.2461915987e-05
729 6.1131222952e+00 2.2931815511e-05
730 6.1107788478e+00 2.3007107862e-05
731 6.1083856618e+00 2.3260419057e-05
732 6.1059389493e+00 2.3637031669e-05
733 6.1033590768e+00 2.4315659456e-05
734 6.1005769751e+00 2.5352042572e-05
735 6.0975462322e+00 2.6437461766e-05
736 6.0942257702e+00 2.7440588786e-05
737 6.0907266462e+00 2.7885893298e-05
738 6.0871420413e+00 2.8226642844e-05
739 6.0834978989e+00 2.8431278520e-05
740 6.0797409590e+00 2.8848375391e-05
741 6.0758340792e+00 2.9391056853e-05
742 6.0718322711e+00 2.9883822522e-05
743 6.0677104809e+00 2.9801100810e-05
744 6.0635599114e+00 2.9912636244e-05
745 6.0592749063e+00 3.0844920041e-05
746 6.0548081556e+00 3.1352100377e-05
747 6.0502319306e+00 3.1325906090e-05
748 6.0456597735e+00 3.1479441985e-05
749 6.0410516022e+00 3.1825813105e-05
750 6.0362223440e+00 3.2297954450e-05
751 6.0313405340e+00 3.2810423491e-05
752 6.0264080661e+00 3.2919960361e-05
753 6.0213614643e+00 3.3093689612e-05
754 6.0162056326e+00 3.3378825787e-05
755 6.0110596946e+00 3.3594658339e-05
756 6.0059424172e+00 3.3673903793e-05
757 6.0007914716e+00 3.3508219112e-05
758 5.9956450374e+00 3.3163204482e-05
759 5.9906453022e+00 3.2927372023e-05
760 5.9857611089e+00 3.2725007160e-05
761 5.9808319291e+00 3.2487213073e-05
762 5.9760332670e+00 3.2193131390e-05
763 5.9715316592e+00 3.1068408603e-05
764 5.9672328261e+00 3.0652034169e-05
765 5.9630197142e+00 3.0161253491e-05
766 5.9590080951e+00 2.9488930620e-05
767 5.9551370114e+00 2.8915974672e-05
768 5.9513459659e+00 2.8689869850e-05
769 5.9475874815e+00 2.8760719605e-05
770 5.9438516963e+00 2.8567214370e-05
771 5.9400950493e+00 2.8585593220e-05
772 5.9363421173e+00 2.8612794302e-05
773 5.9325764704e+00 2.8816732545e-05
774 5.9288104315e+00 2.8567334257e-05
775 5.9250477600e+00 2.8357070959e-05
776 5.9213715411e+00 2.8034248388e-05
777 5.9177868474e+00 2.7780886623e-05
778 5.9142844315e+00 2.7565178216e-05
779 5.9108405947e+00 2.7318939291e-05
780 5.9074485977e+00 2.6865546071e-05
781 5.9041394510e+00 2.6835473124e-05
782 5.9007422706e+00 2.7038670899e-05
783 5.8973818112e+00 2.6991924732e-05
784 5.8940721688e+00 2.6805468320e-05
785 5.8907997916e+00 2.6583509955e-05
786 5.8875134319e+00 2.6786624030e-05
787 5.8842017614e+00 2.6723360634e-05
788 5.8808549061e+00 2.6838460193e-05
789 5.8775259845e+00 2.6965346790e-05
790 5.8741082977e+00 2.7081671294e-05
791 5.8706984589e+00 2.7338705039e-05
792 5.8672901708e+00 2.7251076034e-05
793 5.8639189671e+00 2.7135938950e-05
794 5.8605438150e+00 2.6959239772e-05
795 5.8571264204e+00 2.7151635328e-05
796 5.8536851250e+00 2.7477497522e-05
797 5.8501636079e+00 2.7499227479e-05
798 5.8466230824e+00 2.7498224600e-05
799 5.8430794613e+00 2.7271683932e-05
800 5.8395776133e+00 2.7582443057e-05
801 5.8360676291e+00 2.7586585649e-05
802 5.8325083032e+00 2.7578736289e-05
803 5.8289572418e+00 2.7292507320e-05
804 5.8254158027e+00 2.7321536990e-05
805 5.8219579549e+00 2.6950615828e-05
806 5.8185985061e+00 2.6767642060e-05
807 5.8152779794e+00 2.6620073435e-05
808 5.8119171364e+00 2.6682578127e-05
809 5.8085886068e+00 2.6730281582e-05
810 5.8052299783e+00 2.6611033494e-05
811 5.8018553196e+00 2.6669348605e-05
812 5.7985184664e+00 2.6496389378e-05
813 5.7951565958e+00 2.6462767516e-05
814 5.7918696666e+00 2.6087836339e-05
815 5.7886573354e+00 2.5501566792e-05
816 5.7855836978e+00 2.4875327253e-05
817 5.7825910953e+00 2.4542961016e-05
818 5.7796407436e+00 2.4784501230e-05
819 5.7766273284e+00 2.5153812253e-05
820 5.7734882059e+00 2.5304741391e-05
821 5.7703463973e+00 2.5367839101e-05
822 5.7671788408e+00 2.5644987040e-05
823 5.7639343304e+00 2.5921808359e-05
824 5.7605809957e+00 2.6169355824e-05
825 5.7571540923e+00 2.6545776851e-05
826 5.7537403599e+00 2.6309858999e-05
827 5.7503829509e+00 2.5936332439e-05
828 5.7471820692e+00 2.5410169085e-05
829 5.7440998137e+00 2.4844305895e-05
830 5.7411474151e+00 2.4116241313e-05
831 5.7383352836e+00 2.3657750342e-05
832 5.7356384547e+00 2.3286935686e-05
833 5.7330131010e+00 2.2972037730e-05
834 5.7303875323e+00 2.3035988098e-05
835 5.7277687811e+00 2.3050647934e-05
836 5.7251113930e+00 2.3370587019e-05
837 5.7223883814e+00 2.3470396604e-05
838 5.7196707812e+00 2.3130981631e-05
839 5.7170178292e+00 2.2870936135e-05
840 5.7144081789e+00 2.2784683593e-05
841 5.7117373009e+00 2.3111454286e-05
842 5.7090214220e+00 2.3483820480e-05
843 5.7062611538e+00 2.3813537359e-05
844 5.7034317907e+00 2.4198936982e-05
845 5.7004586881e+00 2.4658768850e-05
846 5.6973576257e+00 2.4917358126e-05
847 5.6941608508e+00 2.5342356114e-05
848 5.6908823889e+00 2.5611394106e-05
849 5.6875741373e+00 2.5578301662e-05
850 5.6842158265e+00 2.5615065091e-05
851 5.6808835615e+00 2.5685445873e-05
852 5.6774935541e+00 2.5621271611e-05
853 5.6741422674e+00 2.5540941137e-05
854 5.6708162142e+00 2.5583381163e-05
855 5.6674234722e+00 2.6069672510e-05
856 5.6639422902e+00 2.6354627709e-05
857 5.6603720840e+00 2.6523835664e-05
858 5.6567562682e+00 2.6405576762e-05
859 5.6531470430e+00 2.6233538228e-05
860 5.6495462995e+00 2.6205858318e-05
861 5.6460226376e+00 2.6523841091e-05
862 5.6423957539e+00 2.6683738431e-05
863 5.6387917600e+00 2.6368579648e-05
864 5.6352940238e+00 2.6063863525e-05
865 5.6318746438e+00 2.6044056001e-05
866 5.6283969643e+00 2.6392196400e-05
867 5.6248131373e+00 2.6549396480e-05
868 5.6211796632e+00 2.6288358071e-05
869 5.6175819490e+00 2.6122060182e-05
870 5.6141025113e+00 2.5988795268e-05
871 5.6106112574e+00 2.5983555487e-05
872 5.6070640385e+00 2.6280978139e-05
873 5.6034978653e+00 2.6028837798e-05
874 5.5999814762e+00 2.6124476112e-05
875 5.5964526755e+00 2.6273231662e-05
876 5.5928699148e+00 2.6363730725e-05
877 5.5893085160e+00 2.6256896918e-05
878 5.5857975586e+00 2.6086292601e-05
879 5.5823217668e+00 2.6233893630e-05
880 5.5787673843e+00 2.6329682277e-05
881 5.5751960959e+00 2.6363257334e-05
882 5.5716419272e+00 2.6332532222e-05
883 5.5681670482e+00 2.6026555811e-05
884 5.5646887564e+00 2.6219967203e-05
885 5.5611093784e+00 2.6540664811e-05
886 5.5574714366e+00 2.6705486911e-05
887 5.5538148741e+00 2.6515625174e-05
888 5.5502009382e+00 2.6313884072e-05
889 5.5466043764e+00 2.6332961796e-05
890 5.5431097940e+00 2.5957942182e-05
891 5.5397616030e+00 2.5420455756e-05
892 5.5365350990e+00 2.5252873679e-05
893 5.5332801478e+00 2.5201529108e-05
894 5.5300229624e+00 2.5361579768e-05
895 5.5267710272e+00 2.5289929671e-05
896 5.5234739470e+00 2.5442560405e-05
897 5.5201613375e+00 2.5716476501e-05
898 5.5168171644e+00 2.5362983424e-05
899 5.5136278684e+00 2.4637414532e-05
900 5.5106174628e+00 2.3942162005e-05
901 5.5077664915e+00 2.3366239775e-05
902 5.5050181606e+00 2.2928597911e-05
903 5.5023484454e+00 2.2665130184e-05
904 5.4997495330e+00 2.2305778815e-05
905 5.4972697951e+00 2.1843681672e-05
906 5.4949336107e+00 2.1032892869e-05
907 5.4927101628e+00 2.0651014376e-05
908 5.4905873309e+00 2.0264708409e-05
909 5.4885392643e+00 1.9860353010e-05
910 5.4865571868e+00 1.9467037987e-05
911 5.4846567762e+00 1.9251092102e-05
912 5.4827675532e+00 1.9233012510e-05
913 5.4808576733e+00 1.9153440366e-05
914 5.4789507160e+00 1.9235226056e-05
915 5.4770620551e+00 1.9269906513e-05
916 5.4751054214e+00 1.9506102576e-05
917 5.4731057830e+00 1.9812425985e-05
918 5.4710804473e+00 2.0036352183e-05
919 5.4689803467e+00 2.0202093031e-05
920 5.4668398265e+00 2.0338223068e-05
921 5.4646740851e+00 2.0335569519e-05
922 5.4625212190e+00 2.0449885413e-05
923 5.4603701402e+00 2.0581091970e-05
924 5.4581940186e+00 2.0745734896e-05
925 5.4559973323e+00 2.0795122738e-05
926 5.4537426493e+00 2.0851303426e-05
927 5.4514390557e+00 2.0978212992e-05
928 5.4491613822e+00 2.0956099641e-05
929 5.4468263666e+00 2.1195138352e-05
930 5.4444299131e+00 2.1548850225e-05
931 5.4419547004e+00 2.1868731022e-05
932 5.4394321811e+00 2.2155325871e-05
933 5.4368767575e+00 2.1985079125e-05
934 5.4343595454e+00 2.2078919916e-05
935 5.4318310485e+00 2.1899550638e-05
936 5.4292895323e+00 2.1888530848e-05
937 5.4268258488e+00 2.1889533213e-05
938 5.4243377520e+00 2.1669712106e-05
939 5.4218756470e+00 2.1655407800e-05
940 5.4194353512e+00 2.1481037504e-05
941 5.4170266385e+00 2.1332216956e-05
942 5.4146456554e+00 2.1201902978e-05
943 5.4123297673e+00 2.0807720835e-05
944 5.4100921149e+00 2.0280797398e-05
945 5.4079612079e+00 2.0067528490e-05
946 5.4058732469e+00 1.9821339915e-05
947 5.4037998399e+00 1.9642999651e-05
948 5.4017865631e+00 1.9679345524e-05
949 5.3997620396e+00 1.9262981055e-05
950 5.3977711349e+00 1.9091166381e-05
951 5.3958246211e+00 1.8726640163e-05
952 5.3939354062e+00 1.8828974255e-05
953 5.3920274647e+00 1.8706168584e-05
954 5.3901761931e+00 1.8284480309e-05
955 5.3883819457e+00 1.8086526083e-05
956 5.3866068318e+00 1.8136612328e-05
957 5.3848331984e+00 1.8122765970e-05
958 5.3830925538e+00 1.7912514399e-05
959 5.3813900524e+00 1.7804793462e-05
960 5.3796960346e+00 1.7722674348e-05
961 5.3780511713e+00 1.7626181688e-05
962 5.3764352068e+00 1.7646959875e-05
963 5.3747591504e+00 1.7765354841e-05
964 5.3730484688e+00 1.7940804855e-05
965 5.3712804051e+00 1.7984972886e-05
966 5.3694867627e+00 1.8129420860e-05
967 5.3676765374e+00 1.8407980486e-05
968 5.3657901786e+00 1.8737278070e-05
969 5.3638347677e+00 1.8914281326e-05
970 5.3618419658e+00 1.8992394122e-05
971 5.3598629459e+00 1.8997847580e-05
972 5.3578841281e+00 1.8941708377e-05
973 5.3558979145e+00 1.8798123452e-05
974 5.3539386024e+00 1.8768503844e-05
975 5.3520043855e+00 1.8582184358e-05
976 5.3500883068e+00 1.8529104879e-05
977 5.3482014625e+00 1.8483438188e-05
978 5.3463085710e+00 1.8315058516e-05
979 5.3444374963e+00 1.8388566825e-05
980 5.3425426686e+00 1.8388729782e-05
981 5.3406382668e+00 1.8331802339e-05
982 5.3387579765e+00 1.8204406493e-05
983 5.3368956387e+00 1.7942923049e-05
984 5.3350584125e+00 1.8106618863e-05
985 5.3331704753e+00 1.8383728587e-05
986 5.3311974215e+00 1.8810686894e-05
987 5.3291939145e+00 1.8775166293e-05
988 5.3272432682e+00 1.8422928957e-05
989 5.3253351367e+00 1.8058658783e-05
990 5.3234765067e+00 1.8027468246e-05
991 5.3216434842e+00 1.8097171472e-05
992 5.3198049241e+00 1.8132125453e-05
993 5.3179388319e+00 1.7859664725e-05
994 5.3161294971e+00 1.7544709195e-05
995 5.3144004014e+00 1.7092668335e-05
996 5.3127382468e+00 1.6837171282e-05
997 5.3111148547e+00 1.6750901069e-05
998 5.3094494593e+00 1.6836173503e-05
999 5.3077750239e+00 1.7110779344e-05
1000 5.3060883984e+00 1.6987439738e-05
1001 5.3044211599e+00 1.6803684293e-05
1002 5.3027822254e+00 1.6752245691e-05
1003 5.3011193326e+00 1.7019432246e-05
1004 5.2993864637e+00 1.7093267523e-05
1005 5.2976632140e+00 1.6943125960e-05
1006 5.2959647895e+00 1.6841981630e-05
1007 5.2942460309e+00 1.6873182089e-05
1008 5.2925107483e+00 1.7120904306e-05
1009 5.2907715239e+00 1.7112111058e-05
1010 5.2890158048e+00 1.6960046113e-05
1011 5.2872654146e+00 1.6809124092e-05
1012 5.2855569949e+00 1.6672972619e-05
1013 5.2838673646e+00 1.6667626258e-05
1014 5.2821390197e+00 1.6782184130e-05
1015 5.2804173700e+00 1.6759704820e-05
1016 5.2786940264e+00 1.6750058938e-05
1017 5.2769655721e+00 1.6897462051e-05
1018 5.2751734610e+00 1.7354413426e-05
1019 5.2732817295e+00 1.7455573839e-05
1020 5.2713721872e+00 1.7571044123e-05
1021 5.2694754695e+00 1.7440382125e-05
1022 5.2675819354e+00 1.7500617117e-05
1023 5.2656887889e+00 1.7354786024e-05
1024 5.2638491751e+00 1.7118174430e-05
1025 5.2620260591e+00 1.6968951956e-05
1026 5.2602167721e+00 1.7010828871e-05
1027 5.2583930229e+00 1.7028543260e-05
1028 5.2566019691e+00 1.6786862767e-05
1029 5.2548340605e+00 1.6627547809e-05
1030 5.2531270353e+00 1.6367486176e-05
1031 5.2514344586e+00 1.6226105810e-05
1032 5.2497662517e+00 1.6129670218e-05
1033 5.2481084682e+00 1.6123353537e-05
1034 5.2464769537e+00 1.5974845076e-05
1035 5.2448559002e+00 1.5867400535e-05
1036 5.2432241364e+00 1.5783251884e-05
1037 5.2416086191e+00 1.5759606942e-05
1038 5.2400151957e+00 1.5534928293e-05
1039 5.2384499613e+00 1.5526558512e-05
1040 5.2368460519e+00 1.5673649531e-05
1041 5.2352480141e+00 1.5680601383e-05
1042 5.2336505055e+00 1.5589676903e-05
1043 5.2320607302e+00 1.5630992966e-05
1044 5.2304711802e+00 1.5641033863e-05
1045 5.2288268552e+00 1.5827172424e-05
1046 5.2271454699e+00 1.6114436178e-05
1047 5.2254018197e+00 1.6396574974e-05
1048 5.2235478290e+00 1.6793496114e-05
1049 5.2216301034e+00 1.6890938746e-05
1050 5.2197118491e+00 1.6856300558e-05
1051 5.2177770246e+00 1.6903191046e-05
1052 5.2158492405e+00 1.6764681160e-05
1053 5.2139143102e+00 1.6877185600e-05
1054 5.2120099473e+00 1.6635929258e-05
1055 5.2101410433e+00 1.6598658498e-05
1056 5.2082818261e+00 1.6674028648e-05
1057 5.2064109855e+00 1.6766957009e-05
1058 5.2044966789e+00 1.6973510985e-05
1059 5.2025627470e+00 1.6946412992e-05
1060 5.2005995618e+00 1.6866309445e-05
1061 5.1986405253e+00 1.6815644889e-05
1062 5.1967005788e+00 1.6855031173e-05
1063 5.1947528464e+00 1.6595432095e-05
1064 5.1927939865e+00 1.6855600820e-05
1065 5.1907982337e+00 1.7058250187e-05
1066 5.1887390954e+00 1.7192812852e-05
1067 5.1866297063e+00 1.7275244604e-05
1068 5.1845119377e+00 1.7392773143e-05
1069 5.1823700084e+00 1.7528822486e-05
1070 5.1801638462e+00 1.7868718008e-05
1071 5.1779608551e+00 1.8105240576e-05
1072 5.1756961508e+00 1.8156295947e-05
1073 5.1733723219e+00 1.8462421715e-05
1074 5.1709398072e+00 1.8691171844e-05
1075 5.1684319906e+00 1.9042591560e-05
1076 5.1658501438e+00 1.9107158157e-05
1077 5.1632262974e+00 1.9282771005e-05
1078 5.1605569716e+00 1.9576040974e-05
1079 5.1577727924e+00 1.9813498885e-05
1080 5.1549379392e+00 2.0034227926e-05
1081 5.1521073219e+00 2.0046127399e-05
1082 5.1492789023e+00 1.9879130497e-05
1083 5.1465218028e+00 1.9872779984e-05
1084 5.1438046842e+00 1.9663667567e-05
1085 5.1411105190e+00 1.9526008044e-05
1086 5.1384383977e+00 1.9614932930e-05
1087 5.1357246943e+00 1.9603595244e-05
1088 5.1330095396e+00 1.9438508735e-05
1089 5.1303102295e+00 1.9323745833e-05
1090 5.1276785719e+00 1.9220514968e-05
1091 5.1250426266e+00 1.9074738763e-05
1092 5.1224603553e+00 1.8961833534e-05
1093 5.1199434079e+00 1.8911292454e-05
1094 5.1174194553e+00 1.8879040274e-05
1095 5.1148919082e+00 1.8631540250e-05
1096 5.1124502682e+00 1.8407183546e-05
1097 5.1100792974e+00 1.8254408463e-05
1098 5.1077697577e+00 1.8177883866e-05
1099 5.1054603534e+00 1.8074398936e-05
1100 5.1031452366e+00 1.8082462825e-05
1101 5.1008077110e+00 1.8173670160e-05
1102 5.0985026523e+00 1.7978786122e-05
1103 5.0962448208e+00 1.7766382260e-05
1104 5.0940082119e+00 1.7484376439e-05
1105 5.0918160891e+00 1.7506402769e-05
1106 5.0896284226e+00 1.7325534432e-05
1107 5.0874463229e+00 1.7260979400e-05
1108 5.0853029042e+00 1.7291716760e-05
1109 5.0831071753e+00 1.7578739598e-05
1110 5.0808175255e+00 1.7965815283e-05
1111 5.0784548908e+00 1.8348557840e-05
1112 5.0760295886e+00 1.8411980693e-05
1113 5.0735534039e+00 1.8580671783e-05
1114 5.0710800433e+00 1.8483846715e-05
1115 5.0686283081e+00 1.8395460025e-05
1116 5.0661521249e+00 1.8495496334e-05
1117 5.0636535749e+00 1.8634355630e-05
1118 5.0611298649e+00 1.8759426868e-05
1119 5.0585380937e+00 1.8894137700e-05
1120 5.0559423611e+00 1.8985073133e-05
1121 5.0533418690e+00 1.8830688634e-05
1122 5.0508202478e+00 1.8541291319e-05
1123 5.0483970097e+00 1.8217995974e-05
1124 5.0460157309e+00 1.8045680255e-05
1125 5.0436846512e+00 1.7775414066e-05
1126 5.0414208886e+00 1.7674122741e-05
1127 5.0391862001e+00 1.7569079232e-05
1128 5.0369484767e+00 1.7527473343e-05
1129 5.0347472985e+00 1.7485194938e-05
1130 5.0325654289e+00 1.7080181899e-05
1131 5.0304724638e+00 1.6957611542e-05
1132 5.0283925455e+00 1.6926768890e-05
1133 5.0262685328e+00 1.7175684763e-05
1134 5.0241011619e+00 1.7451070383e-05
1135 5.0218757383e+00 1.7601067599e-05
1136 5.0196230861e+00 1.7500635846e-05
1137 5.0174018120e+00 1.7312374658e-05
1138 5.0152189520e+00 1.7098736392e-05
1139 5.0130680643e+00 1.7226564054e-05
1140 5.0109034470e+00 1.7181709139e-05
1141 5.0087452597e+00 1.7359327423e-05
1142 5.0065491578e+00 1.7400087141e-05
1143 5.0043496619e+00 1.7518017231e-05
1144 5.0021027849e+00 1.7541081885e-05
1145 4.9998768745e+00 1.7346923857e-05
1146 4.9976497233e+00 1.7360539207e-05
1147 4.9954703916e+00 1.7203126452e-05
1148 4.9933178411e+00 1.7247854663e-05
1149 4.9911806675e+00 1.7234193679e-05
1150 4.9890393658e+00 1.7232733113e-05
1151 4.9869033766e+00 1.7298379370e-05
1152 4.9847831959e+00 1.7191459188e-05
1153 4.9826466947e+00 1.7157301602e-05
1154 4.9805319204e+00 1.7183420794e-05
1155 4.9784378406e+00 1.7246681190e-05
1156 4.9763249227e+00 1.7234714220e-05
1157 4.9742034273e+00 1.7228396994e-05
1158 4.9721032701e+00 1.7120888534e-05
1159 4.9699726625e+00 1.6955688074e-05
1160 4.9678645669e+00 1.7082766115e-05
1161 4.9657016788e+00 1.7187093517e-05
1162 4.9634965952e+00 1.7293978182e-05
1163 4.9612874178e+00 1.7147349285e-05
1164 4.9591376670e+00 1.7128029366e-05
1165 4.9569817252e+00 1.7249458951e-05
1166 4.9548109304e+00 1.7348006399e-05
1167 4.9526260949e+00 1.7291577193e-05
1168 4.9504565215e+00 1.7280402716e-05
1169 4.9483386503e+00 1.7397277481e-05
1170 4.9462009798e+00 1.7393014877e-05
1171 4.9440490354e+00 1.7363661194e-05
1172 4.9418961759e+00 1.7409483462e-05
1173 4.9396977438e+00 1.7439346569e-05
1174 4.9375405868e+00 1.7289871257e-05
1175 4.9354031378e+00 1.7267378951e-05
1176 4.9332811150e+00 1.7124450389e-05
1177 4.9311721317e+00 1.7272763719e-05
1178 4.9290351181e+00 1.7313404341e-05
1179 4.9268877967e+00 1.7052568612e-05
1180 4.9248186371e+00 1.6660157977e-05
1181 4.9228103840e+00 1.6534993220e-05
1182 4.9208209268e+00 1.6339888187e-05
1183 4.9188970380e+00 1.5896193768e-05
1184 4.9170834455e+00 1.5244377337e-05
1185 4.9154022695e+00 1.4855678628e-05
1186 4.9138257280e+00 1.4609997533e-05
1187 4.9123194482e+00 1.4405604804e-05
1188 4.9108556518e+00 1.4138345089e-05
1189 4.9094192157e+00 1.4104221237e-05
1190 4.9079828234e+00 1.4181335498e-05
1191 4.9065167848e+00 1.4064435283e-05
1192 4.9050404217e+00 1.4086743056e-05
1193 4.9035590577e+00 1.4215556682e-05
1194 4.9020831954e+00 1.4172552953e-05
1195 4.9005881984e+00 1.4063519870e-05
1196 4.8991107504e+00 1.3985513762e-05
1197 4.8976551760e+00 1.3876637567e-05
1198 4.8962400874e+00 1.3938955319e-05
1199 4.8948097411e+00 1.4094028205e-05
1200 4.8933112770e+00 1.4229602111e-05
1201 4.8917672635e+00 1.4467131643e-05
1202 4.8902137935e+00 1.4618057885e-05
1203 4.8886423049e+00 1.4567564864e-05
1204 4.8870455323e+00 1.4542143410e-05
1205 4.8854470814e+00 1.4527012669e-05
1206 4.8838443356e+00 1.4746561960e-05
1207 4.8822288892e+00 1.4806757886e-05
1208 4.8805923722e+00 1.4737338642e-05
1209 4.8789488524e+00 1.4763276594e-05
1210 4.8773000672e+00 1.4882946715e-05
1211 4.8756344509e+00 1.4841481280e-05
1212 4.8739793021e+00 1.4707205576e-05
1213 4.8723766158e+00 1.4541263333e-05
1214 4.8708105323e+00 1.4312929419e-05
1215 4.8692596830e+00 1.4196765047e-05
1216 4.8677181031e+00 1.4197527898e-05
1217 4.8661583801e+00 1.4325803963e-05
1218 4.8645657259e+00 1.4499690059e-05
1219 4.8629792761e+00 1.4516761122e-05
1220 4.8613834657e+00 1.4602708871e-05
1221 4.8597902647e+00 1.4615027626e-05
1222 4.8581800788e+00 1.4422556121e-05
1223 4.8566011610e+00 1.4223867332e-05
1224 4.8550549180e+00 1.4320819781e-05
1225 4.8534843448e+00 1.4302945680e-05
1226 4.8519071575e+00 1.4526600679e-05
1227 4.8502828251e+00 1.4652239651e-05
1228 4.8486436483e+00 1.4717920988e-05
1229 4.8469769268e+00 1.4565603271e-05
1230 4.8453335012e+00 1.4490292639e-05
1231 4.8436940479e+00 1.4454294483e-05
1232 4.8420775817e+00 1.4373911430e-05
1233 4.8404798324e+00 1.4361806819e-05
1234 4.8388947646e+00 1.4229754256e-05
1235 4.8373264057e+00 1.4205726345e-05
1236 4.8357668714e+00 1.4123421085e-05
1237 4.8342240996e+00 1.3994510950e-05
1238 4.8326729165e+00 1.3844593659e-05
1239 4.8311354598e+00 1.3913506343e-05
1240 4.8296059167e+00 1.3854530135e-05
1241 4.8280527044e+00 1.4000420524e-05
1242 4.8264815127e+00 1.4241168210e-05
1243 4.8248779081e+00 1.4210807161e-05
1244 4.8233002040e+00 1.4143159098e-05
1245 4.8217191497e+00 1.4141736314e-05
1246 4.8201515043e+00 1.4202774133e-05
1247 4.8185990162e+00 1.3949943917e-05
1248 4.8170903442e+00 1.3623268981e-05
1249 4.8156464441e+00 1.3391086512e-05
1250 4.8142656993e+00 1.3063590546e-05
1251 4.8129363672e+00 1.2795364237e-05
1252 4.8116469431e+00 1.2709623477e-05
1253 4.8103747196e+00 1.2615785112e-05
1254 4.8091012431e+00 1.2674357658e-05
1255 4.8078642870e+00 1.2439846559e-05
1256 4.8066395591e+00 1.2276889390e-05
1257 4.8054388372e+00 1.2173028379e-05
1258 4.8042622310e+00 1.2006493320e-05
1259 4.8030783653e+00 1.1940415612e-05
1260 4.8019182427e+00 1.1952847006e-05
1261 4.8007354955e+00 1.2093261911e-05
1262 4.7995077292e+00 1.2335932109e-05
1263 4.7982352407e+00 1.2556432402e-05
1264 4.7969216142e+00 1.2562888260e-05
1265 4.7956162961e+00 1.2653668904e-05
1266 4.7943019603e+00 1.2630179770e-05
1267 4.7929627025e+00 1.2746685154e-05
1268 4.7916154270e+00 1.2929312687e-05
1269 4.7902700249e+00 1.2730570432e-05
1270 4.7889186620e+00 1.2659104793e-05
1271 4.7876024543e+00 1.2577786529e-05
1272 4.7862975329e+00 1.2467175819e-05
1273 4.7849977267e+00 1.2385553190e-05
1274 4.7837109159e+00 1.2367397765e-05
1275 4.7824218549e+00 1.2472263489e-05
1276 4.7810930805e+00 1.2566418676e-05
1277 4.7797464573e+00 1.2555736701e-05
1278 4.7784186545e+00 1.2689672839e-05
1279 4.7770648984e+00 1.2651459837e-05
1280 4.7757097087e+00 1.2683703069e-05
1281 4.7743296930e+00 1.2911857532e-05
1282 4.7729084520e+00 1.2860884257e-05
1283 4.7714980415e+00 1.3011997102e-05
1284 4.7701066227e+00 1.3047727506e-05
1285 4.7686979601e+00 1.2949629957e-05
1286 4.7672651916e+00 1.3184069149e-05
1287 4.7657832155e+00 1.3418593981e-05
1288 4.7642149468e+00 1.3497101008e-05
1289 4.7626112519e+00 1.3658556420e-05
1290 4.7609873717e+00 1.3811334974e-05
1291 4.7593100605e+00 1.4061472042e-05
1292 4.7575772955e+00 1.4326424732e-05
1293 4.7557751961e+00 1.4581008921e-05
1294 4.7539162343e+00 1.4709907294e-05
1295 4.7520769942e+00 1.4758375637e-05
1296 4.7502156647e+00 1.4787944797e-05
1297 4.7483096342e+00 1.4918111875e-05
1298 4.7463974615e+00 1.4952576506e-05
1299 4.7445151524e+00 1.4725106569e-05
1300 4.7426794777e+00 1.4491398810e-05
1301 4.7408844255e+00 1.4520331546e-05
1302 4.7390422059e+00 1.4578122180e-05
1303 4.7372028837e+00 1.4510820924e-05
1304 4.7354103991e+00 1.4398110802e-05
1305 4.7336592946e+00 1.4136968132e-05
1306 4.7319671372e+00 1.4036718638e-05
1307 4.7302893196e+00 1.3836065473e-05
1308 4.7286621751e+00 1.3752586234e-05
1309 4.7270472078e+00 1.3591502122e-05
1310 4.7254266671e+00 1.3563487222e-05
1311 4.7237921991e+00 1.3614510596e-05
1312 4.7221647544e+00 1.3470226707e-05
1313 4.7205802559e+00 1.3436632504e-05
1314 4.7190269297e+00 1.3268983780e-05
1315 4.7174847112e+00 1.3341704350e-05
1316 4.7159486639e+00 1.3292495412e-05
1317 4.7144244143e+00 1.3208649767e-05
1318 4.7129292041e+00 1.3102524377e-05
1319 4.7114245979e+00 1.3012050774e-05
1320 4.7099433928e+00 1.2930650905e-05
1321 4.7085172718e+00 1.2764304196e-05
1322 4.7071278409e+00 1.2606621249e-05
1323 4.7057528925e+00 1.2574241798e-05
1324 4.7043717443e+00 1.2719064538e-05
1325 4.7029564686e+00 1.2707113466e-05
1326 4.7015310992e+00 1.2667235757e-05
1327 4.7000880525e+00 1.2643553573e-05
1328 4.6986606360e+00 1.2608431353e-05
1329 4.6972479648e+00 1.2602842510e-05
1330 4.6958361023e+00 1.2601767932e-05
1331 4.6944351911e+00 1.2594942090e-05
1332 4.6930393038e+00 1.2580038552e-05
1333 4.6916209950e+00 1.2603218480e-05
1334 4.6902361271e+00 1.2466729940e-05
1335 4.6888716699e+00 1.2410686190e-05
1336 4.6875167467e+00 1.2273173894e-05
1337 4.6861563714e+00 1.2331858333e-05
1338 4.6847778203e+00 1.2328934730e-05
1339 4.6833908170e+00 1.2301461447e-05
1340 4.6820117318e+00 1.2193938900e-05
1341 4.6806445987e+00 1.2302154373e-05
1342 4.6792736338e+00 1.2230370278e-05
1343 4.6779042087e+00 1.2249031600e-05
1344 4.6765292600e+00 1.2264076245e-05
1345 4.6752051758e+00 1.2157058749e-05
1346 4.6738811937e+00 1.2122268225e-05
1347 4.6725337518e+00 1.2112317582e-05
1348 4.6711823217e+00 1.2168515403e-05
1349 4.6697846660e+00 1.2430617797e-05
1350 4.6683381939e+00 1.2689855861e-05
1351 4.6668318780e+00 1.2852373443e-05
1352 4.6652871628e+00 1.3151649579e-05
1353 4.6636936445e+00 1.3357785896e-05
1354 4.6620394606e+00 1.3474539678e-05
1355 4.6603424394e+00 1.3678932774e-05
1356 4.6585999610e+00 1.3871335826e-05
1357 4.6568089462e+00 1.3934752153e-05
1358 4.6549613330e+00 1.4083993261e-05
1359 4.6530968582e+00 1.4182512606e-05
1360 4.6512240651e+00 1.4245199141e-05
1361 4.6493115583e+00 1.4378259826e-05
1362 4.6473744150e+00 1.4549202095e-05
1363 4.6454036120e+00 1.4648323105e-05
1364 4.6433903012e+00 1.4745123822e-05
1365 4.6413716795e+00 1.4627527884e-05
1366 4.6393859387e+00 1.4620100092e-05
1367 4.6374071742e+00 1.4526894596e-05
1368 4.6354027563e+00 1.4690535415e-05
1369 4.6334017868e+00 1.4798387582e-05
1370 4.6314021615e+00 1.4672669664e-05
1371 4.6294177804e+00 1.4646582502e-05
1372 4.6274259901e+00 1.4728339256e-05
1373 4.6254047042e+00 1.4809465346e-05
1374 4.6233318167e+00 1.4902056556e-05
1375 4.6212777841e+00 1.4866349302e-05
1376 4.6192436062e+00 1.4846902842e-05
1377 4.6171986067e+00 1.4820879362e-05
1378 4.6151943789e+00 1.4710123951e-05
1379 4.6132100210e+00 1.4683069776e-05
1380 4.6112805839e+00 1.4548212961e-05
1381 4.6093627631e+00 1.4270304380e-05
1382 4.6074525217e+00 1.4372454072e-05
1383 4.6055225341e+00 1.4633489246e-05
1384 4.6035596697e+00 1.4523101328e-05
1385 4.6016014490e+00 1.4696103369e-05
1386 4.5996534871e+00 1.4749152000e-05
1387 4.5976429855e+00 1.5010354566e-05
1388 4.5955425175e+00 1.5275976704e-05
1389 4.5933705253e+00 1.5329683811e-05
1390 4.5912023929e+00 1.5162635823e-05
1391 4.5891021544e+00 1.4716140255e-05
1392 4.5870503244e+00 1.4695254443e-05
1393 4.5850514955e+00 1.4742810604e-05
1394 4.5830237998e+00 1.4656943783e-05
1395 4.5809861904e+00 1.4703382303e-05
1396 4.5789547406e+00 1.4726624491e-05
1397 4.5769271079e+00 1.4764990017e-05
1398 4.5749370380e+00 1.4625219914e-05
1399 4.5729936061e+00 1.4556548975e-05
1400 4.5711081119e+00 1.4499719351e-05
1401 4.5692673638e+00 1.4222988375e-05
1402 4.5674594968e+00 1.4269450852e-05
1403 4.5656384804e+00 1.4307932275e-05
1404 4.5637614012e+00 1.4291879097e-05
1405 4.5619246630e+00 1.4250353991e-05
1406 4.5601226673e+00 1.3931201011e-05
1407 4.5583532766e+00 1.3877039541e-05
1408 4.5566195440e+00 1.3844496774e-05
1409 4.5549215615e+00 1.3520704704e-05
1410 4.5532973576e+00 1.3281873001e-05
1411 4.5516996330e+00 1.3183053224e-05
1412 4.5500900939e+00 1.3161353873e-05
1413 4.5484957061e+00 1.3044882380e-05
1414 4.5469439436e+00 1.2758743228e-05
1415 4.5454528802e+00 1.2590033779e-05
1416 4.5439708390e+00 1.2585957912e-05
1417 4.5424980412e+00 1.2614692620e-05
1418 4.5410565143e+00 1.2533651577e-05
1419 4.5396132672e+00 1.2274712876e-05
1420 4.5382398346e+00 1.2105034203e-05
1421 4.5369286091e+00 1.1839831884e-05
1422 4.5356438087e+00 1.1693938218e-05
1423 4.5343673790e+00 1.1818182684e-05
1424 4.5330810014e+00 1.1818429354e-05
1425 4.5317598523e+00 1.1815404097e-05
1426 4.5304721207e+00 1.1497807102e-05
1427 4.5292471428e+00 1.1279067352e-05
1428 4.5280763791e+00 1.1069661710e-05
1429 4.5269478214e+00 1.0993101895e-05
1430 4.5258549558e+00 1.0761045196e-05
1431 4.5248155037e+00 1.0429360188e-05
1432 4.5238306059e+00 1.0153821912e-05
1433 4.5228717962e+00 1.0066712719e-05
1434 4.5219373438e+00 1.0041023813e-05
1435 4.5210227536e+00 9.8542676100e-06
1436 4.5201351671e+00 9.7206967605e-06
1437 4.5192611883e+00 9.6316224555e-06
1438 4.5183969344e+00 9.6495289252e-06
1439 4.5175296631e+00 9.6624669014e-06
1440 4.5166383380e+00 9.7489714185e-06
1441 4.5157321315e+00 9.7733018737e-06
1442 4.5148181414e+00 9.8882852646e-06
1443 4.5139051873e+00 9.9237474437e-06
1444 4.5129664510e+00 1.0029222962e-05
1445 4.5120044946e+00 1.0194936344e-05
1446 4.5110226810e+00 1.0284865527e-05
1447 4.5100244094e+00 1.0330615438e-05
1448 4.5090071846e+00 1.0267148603e-05
1449 4.5079765911e+00 1.0479963141e-05
1450 4.5069244311e+00 1.0495286691e-05
1451 4.5058546302e+00 1.0690804302e-05
1452 4.5047631808e+00 1.0708205946e-05
1453 4.5036382481e+00 1.0945407291e-05
1454 4.5024401823e+00 1.1159352217e-05
1455 4.5012192786e+00 1.1226513239e-05
1456 4.5000023730e+00 1.1229359582e-05
1457 4.4987742237e+00 1.1321247566e-05
1458 4.4975413710e+00 1.1301924474e-05
1459 4.4963193258e+00 1.1374260408e-05
1460 4.4951066996e+00 1.1356440021e-05
1461 4.4938860984e+00 1.1313203844e-05
1462 4.4926487223e+00 1.1272899063e-05
1463 4.4914082963e+00 1.1245625836e-05
1464 4.4901525005e+00 1.1347511684e-05
1465 4.4888833788e+00 1.1514394954e-05
1466 4.4875747220e+00 1.1533340620e-05
1467 4.4862507615e+00 1.1645372373e-05
1468 4.4849131788e+00 1.1498593403e-05
1469 4.4835931719e+00 1.1525810486e-05
1470 4.4822731052e+00 1.1677105425e-05
1471 4.4809103710e+00 1.1833584291e-05
1472 4.4795100370e+00 1.1979279380e-05
1473 4.4780925910e+00 1.2058878338e-05
1474 4.4766588396e+00 1.2127302825e-05
1475 4.4752023623e+00 1.2178468264e-05
1476 4.4737244547e+00 1.2284519267e-05
1477 4.4722501465e+00 1.2295883837e-05
1478 4.4707582021e+00 1.2305668405e-05
1479 4.4692491895e+00 1.2365478924e-05
1480 4.4677258640e+00 1.2448909011e-05
1481 4.4662067482e+00 1.2419926353e-05
1482 4.4647028445e+00 1.2371577382e-05
1483 4.4631965963e+00 1.2256055510e-05
1484 4.4616936149e+00 1.2188273517e-05
1485 4.4601808848e+00 1.2377764685e-05
1486 4.4586466879e+00 1.2418277003e-05
1487 4.4570890353e+00 1.2448099188e-05
1488 4.4555053522e+00 1.2584900514e-05
1489 4.4539205789e+00 1.2657182759e-05
1490 4.4523029037e+00 1.2724835623e-05
1491 4.4506543011e+00 1.2861527797e-05
1492 4.4489898065e+00 1.2902358480e-05
1493 4.4473404802e+00 1.2827097761e-05
1494 4.4457186490e+00 1.2687338738e-05
1495 4.4441173141e+00 1.2697855559e-05
1496 4.4425018670e+00 1.2662088194e-05
1497 4.4409001136e+00 1.2624967977e-05
1498 4.4393428943e+00 1.2520177952e-05
1499 4.4377904994e+00 1.2536999486e-05
1500 4.4362456438e+00 1.2617770908e-05
1501 4.4346648951e+00 1.2698349539e-05
1502 4.4330697356e+00 1.2716166690e-05
1503 4.4314587775e+00 1.2737352770e-05
1504 4.4298121473e+00 1.2884455315e-05
1505 4.4281553344e+00 1.2963346149e-05
1506 4.4264816281e+00 1.2902241990e-05
1507 4.4248235274e+00 1.2919975874e-05
1508 4.4231686274e+00 1.2965838183e-05
1509 4.4215153738e+00 1.3055323197e-05
1510 4.4198387652e+00 1.3072923261e-05
1511 4.4181327895e+00 1.3175579253e-05
1512 4.4163800451e+00 1.3300413003e-05
1513 4.4146038049e+00 1.3250322165e-05
1514 4.4128851456e+00 1.3030456709e-05
1515 4.4112245245e+00 1.2922024268e-05
1516 4.4095738135e+00 1.2936750265e-05
1517 4.4079334057e+00 1.2944027782e-05
1518 4.4063093274e+00 1.2812415686e-05
1519 4.4047105182e+00 1.2640650265e-05
1520 4.4031336585e+00 1.2545027329e-05
1521 4.4015946472e+00 1.2336426383e-05
1522 4.4001071693e+00 1.2087168971e-05
1523 4.3986948190e+00 1.1812534434e-05
1524 4.3973563301e+00 1.1576961339e-05
1525 4.3960485425e+00 1.1347177946e-05
1526 4.3947779442e+00 1.1223647376e-05
1527 4.3935534024e+00 1.1066005842e-05
1528 4.3923741779e+00 1.0911267815e-05
1529 4.3912048473e+00 1.0863091983e-05
1530 4.3900219180e+00 1.0942370004e-05
1531 4.3888227449e+00 1.0982314814e-05
1532 4.3876456212e+00 1.0836439934e-05
1533 4.3865065300e+00 1.0655020483e-05
1534 4.3853775637e+00 1.0451123804e-05
1535 4.3842731118e+00 1.0343521242e-05
1536 4.3831885378e+00 1.0300937784e-05
1537 4.3821188856e+00 1.0372081731e-05
1538 4.3810166039e+00 1.0436215330e-05
1539 4.3798823010e+00 1.0484702299e-05
1540 4.3787460018e+00 1.0592963326e-05
1541 4.3775938735e+00 1.0584007641e-05
1542 4.3764448123e+00 1.0566308334e-05
1543 4.3753101296e+00 1.0514085990e-05
1544 4.3741817835e+00 1.0505301710e-05
1545 4.3730334864e+00 1.0485480394e-05
1546 4.3718932142e+00 1.0465308896e-05
1547 4.3707535834e+00 1.0512790801e-05
1548 4.3696139694e+00 1.0552254523e-05
1549 4.3684570777e+00 1.0638235201e-05
1550 4.3673128187e+00 1.0538187334e-05
1551 4.3661845730e+00 1.0507113614e-05
1552 4.3650758447e+00 1.0477040805e-05
1553 4.3639736652e+00 1.0473422965e-05
1554 4.3628490791e+00 1.0486627463e-05
1555 4.3617106723e+00 1.0558176068e-05
1556 4.3605725497e+00 1.0461155059e-05
1557 4.3594586424e+00 1.0476315951e-05
1558 4.3583362010e+00 1.0566072483e-05
1559 4.3571746057e+00 1.0807536958e-05
1560 4.3559667442e+00 1.1042012730e-05
1561 4.3547235759e+00 1.1003117527e-05
1562 4.3534805118e+00 1.1031092443e-05
1563 4.3522607583e+00 1.0850819786e-05
1564 4.3510469025e+00 1.0883784735e-05
1565 4.3498081093e+00 1.0964729277e-05
1566 4.3485681395e+00 1.0852408485e-05
1567 4.3473665407e+00 1.0673710083e-05
1568 4.3462059826e+00 1.0580205418e-05
1569 4.3450874515e+00 1.0472487573e-05
1570 4.3439957855e+00 1.0475187876e-05
1571 4.3429039557e+00 1.0447808162e-05
1572 4.3418036425e+00 1.0361810224e-05
1573 4.3406958435e+00 1.0320582261e-05
1574 4.3395821433e+00 1.0359294234e-05
1575 4.3384644931e+00 1.0426088984e-05
1576 4.3373222746e+00 1.0525952501e-05
1577 4.3361705539e+00 1.0483927741e-05
1578 4.3350424036e+00 1.0395196490e-05
1579 4.3339376155e+00 1.0284907053e-05
1580 4.3328489790e+00 1.0180732403e-05
1581 4.3317622118e+00 1.0081615223e-05
1582 4.3306968797e+00 1.0079645034e-05
1583 4.3296441807e+00 1.0007308409e-05
1584 4.3285951363e+00 1.0023053098e-05
1585 4.3275485262e+00 9.9602953748e-06
1586 4.3265041523e+00 9.9742273476e-06
1587 4.3254533924e+00 9.9801656225e-06
1588 4.3243988732e+00 9.9495553340e-06
1589 4.3233473945e+00 9.8517219921e-06
1590 4.3223231052e+00 9.8726590107e-06
1591 4.3213176394e+00 9.9176529174e-06
1592 4.3203085905e+00 9.7917822494e-06
1593 4.3192891112e+00 9.7707473842e-06
1594 4.3182949267e+00 9.7899726366e-06
1595 4.3172894890e+00 9.8409418550e-06
1596 4.3162540849e+00 9.9681241558e-06
1597 4.3151606032e+00 1.0012625113e-05
1598 4.3140481199e+00 1.0162536386e-05
1599 4.3129295165e+00 1.0288363882e-05
1600 4.3117816407e+00 1.0439606584e-05
1601 4.3105959921e+00 1.0522659643e-05
1602 4.3093832398e+00 1.0513388111e-05
1603 4.3081935644e+00 1.0485393435e-05
1604 4.3070210193e+00 1.0420189497e-05
1605 4.3058688936e+00 1.0405583839e-05
1606 4.3047331323e+00 1.0288885943e-05
1607 4.3036106932e+00 1.0136649458e-05
1608 4.3025379505e+00 9.9887173170e-06
1609 4.3014763708e+00 9.9566184851e-06
1610 4.3004012805e+00 1.0013537512e-05
1611 4.2993303467e+00 9.9738683659e-06
1612 4.2982724018e+00 9.9485940403e-06
1613 4.2972182441e+00 9.9243587195e-06
1614 4.2961725919e+00 9.9994834372e-06
1615 4.2951280652e+00 9.9150713402e-06
1616 4.2940889721e+00 9.8763861563e-06
1617 4.2930898562e+00 9.7956818669e-06
1618 4.2920668950e+00 9.7117290064e-06
1619 4.2910408021e+00 9.7462668713e-06
1620 4.2900433200e+00 9.6810984348e-06
1621 4.2890561569e+00 9.6368817163e-06
1622 4.2880746541e+00 9.5612265095e-06
1623 4.2870923656e+00 9.5607429260e-06
1624 4.2861236003e+00 9.4822663034e-06
1625 4.2851550272e+00 9.4562095689e-06
1626 4.2841958194e+00 9.3634545620e-06
1627 4.2832274857e+00 9.3888708005e-06
1628 4.2822616060e+00 9.2958447961e-06
1629 4.2813154595e+00 9.1607388255e-06
1630 4.2803982126e+00 9.1115968383e-06
1631 4.2794882139e+00 9.1052367000e-06
1632 4.2785608162e+00 9.2721344094e-06
1633 4.2776239074e+00 9.2952058110e-06
1634 4.2766897895e+00 9.2600115780e-06
1635 4.2757582780e+00 9.2530656508e-06
1636 4.2748256345e+00 9.2321833987e-06
1637 4.2738971357e+00 9.2070974520e-06
1638 4.2729595048e+00 9.2037682286e-06
1639 4.2720240737e+00 9.2519651232e-06
1640 4.2710699999e+00 9.2872023467e-06
1641 4.2701139768e+00 9.1929687443e-06
1642 4.2691681477e+00 9.1928205759e-06
1643 4.2682205035e+00 9.2067960498e-06
1644 4.2672720858e+00 9.1819985310e-06
1645 4.2663069635e+00 9.2404897846e-06
1646 4.2653231963e+00 9.3838542986e-06
1647 4.2643008605e+00 9.6136642278e-06
1648 4.2632421006e+00 9.8148130621e-06
1649 4.2621519916e+00 9.8944919347e-06
1650 4.2610514999e+00 9.9647628201e-06
1651 4.2599296119e+00 1.0015241288e-05
1652 4.2587660579e+00 1.0138969339e-05
1653 4.2575868677e+00 1.0148214020e-05
1654 4.2564242660e+00 1.0076204307e-05
1655 4.2552838286e+00 9.8902578132e-06
1656 4.2541847775e+00 9.6600687409e-06
1657 4.2531197037e+00 9.6133000847e-06
1658 4.2520736857e+00 9.6319488229e-06
1659 4.2510250996e+00 9.7209646773e-06
1660 4.2499728824e+00 9.7029279560e-06
1661 4.2488850508e+00 9.8399358464e-06
1662 4.2477538135e+00 1.0032184558e-05
1663 4.2465942384e+00 1.0092781739e-05
1664 4.2454182725e+00 1.0124733557e-05
1665 4.2442633914e+00 1.0159194068e-05
1666 4.2430924297e+00 1.0179666095e-05
1667 4.2419086391e+00 1.0131480121e-05
1668 4.2407373744e+00 1.0065177697e-05
1669 4.2395755340e+00 1.0078526795e-05
1670 4.2384105313e+00 1.0101921203e-05
1671 4.2372458359e+00 1.0145566489e-05
1672 4.2360777636e+00 1.0139381870e-05
1673 4.2348928064e+00 1.0198261755e-05
1674 4.2337205719e+00 1.0065716007e-05
1675 4.2325777485e+00 9.9079619043e-06
1676 4.2314672938e+00 9.7374122335e-06
1677 4.2303746067e+00 9.7541509721e-06
1678 4.2292889945e+00 9.7816655387e-06
1679 4.2281967894e+00 9.6177156148e-06
1680 4.2271399233e+00 9.4272034264e-06
1681 4.2261124660e+00 9.4401979397e-06
1682 4.2250811442e+00 9.3559223806e-06
1683 4.2240623076e+00 9.3579499738e-06
1684 4.2230559013e+00 9.2801167081e-06
1685 4.2220661953e+00 9.2418575755e-06
1686 4.2210348946e+00 9.3052697047e-06
1687 4.2200027365e+00 9.3938460940e-06
1688 4.2189509737e+00 9.4195941497e-06
1689 4.2178771686e+00 9.5185523435e-06
1690 4.2167981222e+00 9.4644846010e-06
1691 4.2157596486e+00 9.3369838882e-06
1692 4.2147410894e+00 9.2907765954e-06
1693 4.2137286140e+00 9.2959648789e-06
1694 4.2127114150e+00 9.3218941084e-06
1695 4.2116924745e+00 9.2710512243e-06
1696 4.2106828407e+00 9.2810541171e-06
1697 4.2096550317e+00 9.3179741262e-06
1698 4.2086259093e+00 9.3323477154e-06
1699 4.2076037630e+00 9.3694046561e-06
1700 4.2065970588e+00 9.3280294905e-06
1701 4.2055925493e+00 9.4033225414e-06
1702 4.2045454840e+00 9.4951926722e-06
1703 4.2034874980e+00 9.4976204736e-06
1704 4.2024179017e+00 9.4105399440e-06
1705 4.2013622515e+00 9.3874989592e-06
1706 4.2003117843e+00 9.3583301072e-06
1707 4.1992575868e+00 9.3279953955e-06
1708 4.1981916338e+00 9.4577712812e-06
1709 4.1971006103e+00 9.5171852065e-06
1710 4.1960223224e+00 9.5190100671e-06
1711 4.1949504103e+00 9.4747040247e-06
1712 4.1938834984e+00 9.3857896748e-06
1713 4.1928526586e+00 9.3203190815e-06
1714 4.1918324073e+00 9.1514674416e-06
1715 4.1908526714e+00 9.0526542354e-06
1716 4.1898804528e+00 9.0510079099e-06
1717 4.1889082228e+00 9.0440645421e-06
1718 4.1879236060e+00 9.1445814801e-06
1719 4.1869303390e+00 9.1584876316e-06
1720 4.1859376131e+00 9.1072165861e-06
1721 4.1849446798e+00 9.0151996594e-06
1722 4.1839396991e+00 9.0931552589e-06
1723 4.1829496157e+00 9.2316481210e-06
1724 4.1819363972e+00 9.3029582941e-06
1725 4.1809205415e+00 9.2047949486e-06
1726 4.1799422732e+00 9.0137700233e-06
1727 4.1789994414e+00 8.7888702076e-06
1728 4.1780670002e+00 8.7619091876e-06
1729 4.1771423128e+00 8.7335025732e-06
1730 4.1762507317e+00 8.6272542028e-06
1731 4.1753820038e+00 8.5256074317e-06
1732 4.1745285864e+00 8.5150605698e-06
1733 4.1736495078e+00 8.6322606677e-06
1734 4.1727651478e+00 8.5978825515e-06
1735 4.1718825383e+00 8.6670049809e-06
1736 4.1709665635e+00 8.7845006025e-06
1737 4.1700152599e+00 8.8452912483e-06
1738 4.1690360201e+00 8.9311471317e-06
1739 4.1680481919e+00 9.0725295671e-06
1740 4.1670411323e+00 9.1365397577e-06
1741 4.1660220286e+00 9.2438696318e-06
1742 4.1649755954e+00 9.3526554719e-06
1743 4.1639019299e+00 9.5161752370e-06
1744 4.1628151364e+00 9.5389311594e-06
1745 4.1617158273e+00 9.4889347127e-06
1746 4.1606050570e+00 9.5420225763e-06
1747 4.1594937347e+00 9.5295123448e-06
1748 4.1583841514e+00 9.4800468027e-06
1749 4.1572806328e+00 9.3949950633e-06
1750 4.1562055868e+00 9.2806557507e-06
1751 4.1551616712e+00 9.2277683615e-06
1752 4.1541116357e+00 9.2903861510e-06
1753 4.1530505283e+00 9.3444121919e-06
1754 4.1519704345e+00 9.4255019977e-06
1755 4.1508770577e+00 9.4713541126e-06
1756 4.1497783254e+00 9.4942362777e-06
1757 4.1486667697e+00 9.5661068397e-06
1758 4.1475465685e+00 9.6347638031e-06
1759 4.1464296404e+00 9.6854132869e-06
1760 4.1452993732e+00 9.7425149680e-06
1761 4.1441347832e+00 9.8427715781e-06
1762 4.1429555759e+00 9.8134157908e-06
1763 4.1417585637e+00 9.8542654731e-06
1764 4.1405838232e+00 9.7963451801e-06
1765 4.1394471330e+00 9.6511325134e-06
1766 4.1383254953e+00 9.5988558550e-06
1767 4.1372028167e+00 9.6379776381e-06
1768 4.1360711279e+00 9.6509033948e-06
1769 4.1349411565e+00 9.6573971188e-06
1770 4.1337666939e+00 9.6981154084e-06
1771 4.1325773651e+00 9.7583068293e-06
1772 4.1314083827e+00 9.7712305648e-06
1773 4.1302244198e+00 9.7775468587e-06
1774 4.1290044065e+00 9.8195627881e-06
1775 4.1278016182e+00 9.8709974617e-06
1776 4.1266065536e+00 9.9024114624e-06
1777 4.1254003884e+00 9.8924677831e-06
1778 4.1241866840e+00 9.8856551488e-06
1779 4.1229733171e+00 9.8178657250e-06
1780 4.1217736033e+00 9.9066324927e-06
1781 4.1205790642e+00 9.8838222455e-06
1782 4.1193640562e+00 9.8629795806e-06
1783 4.1181218313e+00 1.0031628119e-05
1784 4.1168618211e+00 1.0046886286e-05
1785 4.1155956079e+00 1.0127364852e-05
1786 4.1143161166e+00 1.0215985309e-05
1787 4.1130132447e+00 1.0255526438e-05
1788 4.1116990292e+00 1.0299119542e-05
1789 4.1103986417e+00 1.0369806305e-05
1790 4.1090956211e+00 1.0432457287e-05
1791 4.1077532781e+00 1.0543983107e-05
1792 4.1063542688e+00 1.0667806284e-05
1793 4.1049078876e+00 1.0834999055e-05
1794 4.1034174107e+00 1.1096853167e-05
1795 4.1018710744e+00 1.1382657358e-05
1796 4.1003054797e+00 1.1460524216e-05
1797 4.0987676268e+00 1.1194283908e-05
1798 4.0972735681e+00 1.0889365594e-05
1799 4.0958363252e+00 1.0702655864e-05
1800 4.0944224333e+00 1.0527247028e-05
1801 4.0930543581e+00 1.0443139528e-05
1802 4.0916911144e+00 1.0394249070e-05
1803 4.0903562442e+00 1.0354482101e-05
1804 4.0890380458e+00 1.0362587196e-05
1805 4.0877261323e+00 1.0371225016e-05
1806 4.0863991534e+00 1.0396472081e-05
1807 4.0850588097e+00 1.0371898911e-05
1808 4.0837003027e+00 1.0302869279e-05
1809 4.0823484571e+00 1.0272432587e-05
1810 4.0810468361e+00 1.0283602830e-05
1811 4.0797621409e+00 1.0107873015e-05
1812 4.0785232511e+00 1.0008546041e-05
1813 4.0773205604e+00 9.8615339380e-06
1814 4.0761439556e+00 9.7178202711e-06
1815 4.0749862040e+00 9.6686226771e-06
1816 4.0738428598e+00 9.5502398831e-06
1817 4.0727105736e+00 9.5147184577e-06
1818 4.0716232478e+00 9.3368558619e-06
1819 4.0705563360e+00 9.2079650093e-06
1820 4.0695281557e+00 9.0760354333e-06
1821 4.0685139707e+00 8.9766033603e-06
1822 4.0674947644e+00 9.0605739497e-06
1823 4.0664956252e+00 9.0578993576e-06
1824 4.0654760463e+00 9.1181952202e-06
1825 4.0644462053e+00 9.1666239841e-06
1826 4.0633873369e+00 9.2107469321e-06
1827 4.0623220743e+00 9.2221539846e-06
1828 4.0612344092e+00 9.3532663568e-06
1829 4.0600984089e+00 9.5273046515e-06
1830 4.0589135575e+00 9.7536480452e-06
1831 4.0576942964e+00 9.9098311012e-06
1832 4.0564663895e+00 9.9040340539e-06
1833 4.0552412637e+00 9.9383358182e-06
1834 4.0540134332e+00 9.8972582581e-06
1835 4.0528038279e+00 9.8737359756e-06
1836 4.0515996203e+00 9.8916968003e-06
1837 4.0503787976e+00 9.8204056387e-06
1838 4.0491604805e+00 9.6925374218e-06
1839 4.0479793853e+00 9.5547325585e-06
1840 4.0468506474e+00 9.4534895205e-06
1841 4.0457422214e+00 9.3459161913e-06
1842 4.0446329016e+00 9.4250585927e-06
1843 4.0435240053e+00 9.3655576077e-06
1844 4.0424339095e+00 9.2888881165e-06
1845 4.0413652681e+00 9.1909647588e-06
1846 4.0402808643e+00 9.1951801296e-06
1847 4.0391747884e+00 9.1938777623e-06
1848 4.0380843781e+00 9.2514029793e-06
1849 4.0370035520e+00 9.3241242468e-06
1850 4.0359395265e+00 9.2886929540e-06
1851 4.0348836392e+00 9.2143858422e-06
1852 4.0338338056e+00 9.1346533872e-06
1853 4.0327820066e+00 9.1200814563e-06
1854 4.0317197095e+00 9.1794607790e-06
1855 4.0306345900e+00 9.2238691369e-06
1856 4.0295536745e+00 9.2719476782e-06
1857 4.0284839709e+00 9.3176934208e-06
1858 4.0274242083e+00 9.2916346895e-06
1859 4.0263244373e+00 9.3862594094e-06
1860 4.0252102839e+00 9.4592821354e-06
1861 4.0240953472e+00 9.3119567611e-06
1862 4.0229820537e+00 9.2691226824e-06
1863 4.0218751990e+00 9.2879109626e-06
1864 4.0207716481e+00 9.2768815867e-06
1865 4.0196711909e+00 9.1799343364e-06
1866 4.0186009690e+00 9.0816831197e-06
1867 4.0175516405e+00 9.0567700866e-06
1868 4.0165170231e+00 8.8966437778e-06
1869 4.0155071773e+00 8.9287588086e-06
1870 4.0145028462e+00 8.8384641224e-06
1871 4.0134882851e+00 8.9549687714e-06
1872 4.0124525371e+00 8.8454757508e-06
1873 4.0114418926e+00 8.7567391081e-06
1874 4.0104532592e+00 8.7295585026e-06
1875 4.0094891857e+00 8.6192052953e-06
1876 4.0085170477e+00 8.5915904900e-06
1877 4.0075624457e+00 8.5256257590e-06
1878 4.0066171253e+00 8.6136115593e-06
1879 4.0056581973e+00 8.5947883151e-06
1880 4.0046977333e+00 8.5846083741e-06
1881 4.0037425209e+00 8.4991125235e-06
1882 4.0027965573e+00 8.4304137220e-06
1883 4.0018645068e+00 8.4028096603e-06
1884 4.0009392182e+00 8.3469411172e-06
1885 4.0000249112e+00 8.1847417737e-06
1886 3.9991343105e+00 8.2485234700e-06
1887 3.9982506828e+00 8.1525012786e-06
1888 3.9973835302e+00 8.0464595726e-06
1889 3.9965323392e+00 8.0004372181e-06
1890 3.9957019892e+00 7.9719647220e-06
1891 3.9948762307e+00 7.9274851780e-06
1892 3.9940553270e+00 7.8771888884e-06
1893 3.9932270517e+00 7.9409105239e-06
1894 3.9923862060e+00 7.9650466920e-06
1895 3.9915504755e+00 7.9961574916e-06
1896 3.9907211224e+00 7.9773067862e-06
1897 3.9898994126e+00 7.9628311967e-06
1898 3.9890804165e+00 7.9700951898e-06
1899 3.9882523545e+00 7.9433724770e-06
1900 3.9874156326e+00 7.9944655462e-06
1901 3.9865886227e+00 7.9099291148e-06
1902 3.9857607266e+00 7.8822451547e-06
1903 3.9849447194e+00 7.8445825820e-06
1904 3.9841510902e+00 7.6725727909e-06
1905 3.9833800866e+00 7.5369410945e-06
1906 3.9826204320e+00 7.5070949272e-06
1907 3.9818696267e+00 7.4295276201e-06
1908 3.9811405007e+00 7.3688286030e-06
1909 3.9804249845e+00 7.2126108620e-06
1910 3.9797314158e+00 7.1492357597e-06
1911 3.9790471123e+00 7.0997537811e-06
1912 3.9783758183e+00 7.0528807681e-06
1913 3.9777154977e+00 7.0327921871e-06
1914 3.9770645276e+00 6.8713681021e-06
1915 3.9764320822e+00 6.8372338785e-06
1916 3.9758079450e+00 6.8943978602e-06
1917 3.9751691912e+00 6.9058739647e-06
1918 3.9745294219e+00 6.8975820065e-06
1919 3.9738838928e+00 6.8775810056e-06
1920 3.9732396628e+00 6.9213313232e-06
1921 3.9725995419e+00 6.8683457979e-06
1922 3.9719586323e+00 6.8320411038e-06
1923 3.9713167402e+00 6.8596917007e-06
1924 3.9706635870e+00 6.9448889504e-06
1925 3.9700142261e+00 6.9745612988e-06
1926 3.9693573258e+00 6.9744373337e-06
1927 3.9686985438e+00 6.9449356763e-06
1928 3.9680537290e+00 6.8412185015e-06
1929 3.9674144897e+00 6.7910186360e-06
1930 3.9667861066e+00 6.7454207708e-06
1931 3.9661630802e+00 6.7396812447e-06
1932 3.9655572778e+00 6.7407650723e-06
1933 3.9649536877e+00 6.6893074796e-06
1934 3.9643548019e+00 6.7272132016e-06
1935 3.9637420304e+00 6.8504326681e-06
1936 3.9630966899e+00 6.9286434038e-06
1937 3.9624324418e+00 7.0412800157e-06
1938 3.9617362446e+00 7.1369239792e-06
1939 3.9610272851e+00 7.1490092874e-06
1940 3.9603282876e+00 7.1399796679e-06
1941 3.9596389416e+00 7.1544325511e-06
1942 3.9589557829e+00 7.2300381857e-06
1943 3.9582538542e+00 7.2622220443e-06
1944 3.9575363423e+00 7.2775072955e-06
1945 3.9568031887e+00 7.2982637627e-06
1946 3.9560647121e+00 7.4994063027e-06
1947 3.9552939072e+00 7.6430234680e-06
1948 3.9544949926e+00 7.7004194607e-06
1949 3.9536692695e+00 7.7882456356e-06
1950 3.9528437025e+00 7.7169432779e-06
1951 3.9520185344e+00 7.7429755082e-06
1952 3.9511982162e+00 7.6288408311e-06
1953 3.9503860650e+00 7.5792004824e-06
1954 3.9495858295e+00 7.6108166505e-06
1955 3.9487846683e+00 7.6661086299e-06
1956 3.9479857036e+00 7.6867415837e-06
1957 3.9471848109e+00 7.7234861217e-06
1958 3.9463760333e+00 7.6314503520e-06
1959 3.9455699876e+00 7.6081327036e-06
1960 3.9447799868e+00 7.5511334363e-06
1961 3.9439944470e+00 7.5266430409e-06
1962 3.9431982070e+00 7.6000243636e-06
1963 3.9423909647e+00 7.6992164522e-06
1964 3.9415505682e+00 7.7545885299e-06
1965 3.9407147469e+00 7.7639872196e-06
1966 3.9398748617e+00 7.6821928000e-06
1967 3.9390459647e+00 7.6715652950e-06
1968 3.9382092575e+00 7.7560368041e-06
1969 3.9373555800e+00 7.7771420449e-06
1970 3.9364895683e+00 7.8820164654e-06
1971 3.9356218071e+00 7.9336346461e-06
1972 3.9347446332e+00 7.9718019707e-06
1973 3.9338469565e+00 7.9868056092e-06
1974 3.9329565134e+00 7.9069086770e-06
1975 3.9320748075e+00 7.8864762610e-06
1976 3.9311900256e+00 7.9585413629e-06
1977 3.9302778187e+00 7.9933242258e-06
1978 3.9293637527e+00 8.0928292377e-06
1979 3.9284477991e+00 8.0745910422e-06
1980 3.9275202623e+00 8.1943960050e-06
1981 3.9265813881e+00 8.1349155449e-06
1982 3.9256352991e+00 8.1490017214e-06
1983 3.9246773702e+00 8.1795097088e-06
1984 3.9237051197e+00 8.2096257963e-06
1985 3.9227032294e+00 8.3659363282e-06
1986 3.9216667956e+00 8.5938663683e-06
1987 3.9206110236e+00 8.6486080837e-06
1988 3.9195458796e+00 8.6985948491e-06
1989 3.9184891901e+00 8.6668726150e-06
1990 3.9174234530e+00 8.7328983057e-06
1991 3.9163518725e+00 8.7425479138e-06
1992 3.9152558105e+00 8.7409818824e-06
1993 3.9141562505e+00 8.6875332965e-06
1994 3.9130830342e+00 8.5918920205e-06
1995 3.9120206785e+00 8.4692931364e-06
1996 3.9109785448e+00 8.3293281378e-06
1997 3.9099657723e+00 8.3657236548e-06
1998 3.9089973597e+00 8.2609536699e-06
1999 3.9080462383e+00 8.0873968514e-06
