iter rel_error rel_residual
0 1.1188532165e+01 4.1985822513e-01
1 1.2864962109e+01 1.8969204571e-01
2 1.5657398923e+01 1.1510738613e-01
3 1.8498515745e+01 8.2182241174e-02
4 1.8789502770e+01 5.8107161184e-02
5 1.7198608160e+01 4.8285573847e-02
6 1.5250445939e+01 3.9870256029e-02
7 1.4227658938e+01 3.4134561546e-02
8 1.3870429023e+01 2.9776302343e-02
9 1.3666867016e+01 2.6356389812e-02
10 1.3468167900e+01 2.4144881434e-02
11 1.3268866262e+01 2.2052057560e-02
12 1.3036548116e+01 1.9842731734e-02
13 1.2726423970e+01 1.8065080261e-02
14 1.2441417750e+01 1.6397128610e-02
15 1.2234731539e+01 1.5324561810e-02
16 1.2103692923e+01 1.4404556059e-02
17 1.1995890862e+01 1.3291125118e-02
18 1.1879187754e+01 1.2517274274e-02
19 1.1755124348e+01 1.1790587677e-02
20 1.1629894737e+01 1.1303976190e-02
21 1.1537599146e+01 1.0622050200e-02
22 1.1468359803e+01 1.0064226176e-02
23 1.1404932418e+01 9.6996918793e-03
24 1.1346381408e+01 9.3236081027e-03
25 1.1295271807e+01 9.0532234047e-03
26 1.1257522368e+01 8.6098530826e-03
27 1.1244402259e+01 8.3047631949e-03
28 1.1256541777e+01 7.9875533771e-03
29 1.1282585708e+01 7.7453916979e-03
30 1.1312296360e+01 7.4767839635e-03
31 1.1353593166e+01 7.1526447605e-03
32 1.1409112846e+01 6.9408728077e-03
33 1.1475583086e+01 6.7686393733e-03
34 1.1554479094e+01 6.5455084191e-03
35 1.1637888048e+01 6.2575992947e-03
36 1.1716926424e+01 6.0640345652e-03
37 1.1797164081e+01 5.8449916504e-03
38 1.1878989753e+01 5.6885770484e-03
39 1.1963674840e+01 5.5443700547e-03
40 1.2047048323e+01 5.3706554626e-03
41 1.2126925651e+01 5.2765190786e-03
42 1.2206520593e+01 5.2075258959e-03
43 1.2285765158e+01 5.1397441098e-03
44 1.2363187630e+01 4.9794893297e-03
45 1.2437768510e+01 4.8539421233e-03
46 1.2510372602e+01 4.7509977844e-03
47 1.2582625240e+01 4.6382937321e-03
48 1.2654249795e+01 4.5413833165e-03
49 1.2722429418e+01 4.3847146828e-03
50 1.2787651567e+01 4.2829521876e-03
51 1.2850558024e+01 4.2153376197e-03
52 1.2912502441e+01 4.0978049868e-03
53 1.2971734796e+01 3.9554743144e-03
54 1.3029514471e+01 3.8430158644e-03
55 1.3085971199e+01 3.7813754380e-03
56 1.3141593716e+01 3.6740868663e-03
57 1.3197026356e+01 3.6061863567e-03
58 1.3253364279e+01 3.5327503425e-03
59 1.3306903998e+01 3.4321172938e-03
60 1.3357386318e+01 3.3600091065e-03
61 1.3407010322e+01 3.2867000495e-03
62 1.3456638436e+01 3.2120481606e-03
63 1.3505171385e+01 3.1740328902e-03
64 1.3551049464e+01 3.0896016053e-03
65 1.3592942708e+01 3.0540109536e-03
66 1.3633395753e+01 2.9855519391e-03
67 1.3673165028e+01 2.9125772239e-03
68 1.3711968632e+01 2.8481723808e-03
69 1.3748592519e+01 2.7914863528e-03
70 1.3781838313e+01 2.7365486321e-03
71 1.3812905891e+01 2.6794606040e-03
72 1.3843312683e+01 2.6127477524e-03
73 1.3872007308e+01 2.5674854400e-03
74 1.3898221609e+01 2.5289970202e-03
75 1.3922026094e+01 2.4833908470e-03
76 1.3943828956e+01 2.4314012219e-03
77 1.3965013171e+01 2.3817584212e-03
78 1.3984915681e+01 2.3155261166e-03
79 1.4002310780e+01 2.2816617399e-03
80 1.4017183019e+01 2.2420309054e-03
81 1.4030387785e+01 2.1998666343e-03
82 1.4042472044e+01 2.1643237236e-03
83 1.4053689009e+01 2.1215689665e-03
84 1.4063390578e+01 2.0928336731e-03
85 1.4071629323e+01 2.0545495529e-03
86 1.4079036794e+01 2.0179809058e-03
87 1.4085868953e+01 1.9862254792e-03
88 1.4091844087e+01 1.9443500368e-03
89 1.4096498547e+01 1.9127733283e-03
90 1.4099631293e+01 1.8939777305e-03
91 1.4101748973e+01 1.8582051878e-03
92 1.4103402791e+01 1.8215761769e-03
93 1.4104316068e+01 1.7939081006e-03
94 1.4104338435e+01 1.7685022799e-03
95 1.4103340343e+01 1.7518619446e-03
96 1.4101890844e+01 1.7306777390e-03
97 1.4100260898e+01 1.7087036088e-03
98 1.4098126941e+01 1.6595239063e-03
99 1.4094765078e+01 1.6357016148e-03
100 1.4090486587e+01 1.6057423318e-03
101 1.4086244860e+01 1.5867516896e-03
102 1.4082389210e+01 1.5692393792e-03
103 1.4078014849e+01 1.5538691171e-03
104 1.4071902455e+01 1.5324005423e-03
105 1.4064200342e+01 1.5038578202e-03
106 1.4056262241e+01 1.5065084253e-03
107 1.4048923415e+01 1.5205064213e-03
108 1.4041290456e+01 1.5521814504e-03
109 1.4031362023e+01 1.6158277785e-03
110 1.4018828482e+01 1.7126439901e-03
111 1.4005162070e+01 1.8137712224e-03
112 1.3992136520e+01 1.8782617547e-03
113 1.3980182708e+01 1.8531030081e-03
114 1.3967996554e+01 1.7672600674e-03
115 1.3955372428e+01 1.6449897937e-03
116 1.3942790491e+01 1.5460024855e-03
117 1.3930797664e+01 1.4839884421e-03
118 1.3918855507e+01 1.4408608994e-03
119 1.3906127532e+01 1.3823329554e-03
120 1.3892501364e+01 1.3237761094e-03
121 1.3878656289e+01 1.2648631565e-03
122 1.3865147178e+01 1.2204024212e-03
123 1.3851835504e+01 1.1761551708e-03
124 1.3838922522e+01 1.1259470738e-03
125 1.3825967201e+01 1.0784798510e-03
126 1.3813107529e+01 1.0313717074e-03
127 1.3800211658e+01 1.0067416105e-03
128 1.3787012561e+01 9.7862198271e-04
129 1.3773336132e+01 9.5448993791e-04
130 1.3759260510e+01 9.3439622255e-04
131 1.3744980156e+01 9.1339394241e-04
132 1.3730675838e+01 8.9489773668e-04
133 1.3716063875e+01 8.8173618646e-04
134 1.3700797454e+01 8.7085519140e-04
135 1.3684777006e+01 8.6786393235e-04
136 1.3668364606e+01 8.5445006500e-04
137 1.3651500803e+01 8.4875644496e-04
138 1.3634412261e+01 8.3914858307e-04
139 1.3617032196e+01 8.3304697975e-04
140 1.3599440285e+01 8.3263623898e-04
141 1.3581121946e+01 8.3399229749e-04
142 1.3561960664e+01 8.3203104840e-04
143 1.3541950837e+01 8.2320279218e-04
144 1.3521677832e+01 8.1862589004e-04
145 1.3501089254e+01 8.0983202343e-04
146 1.3480641041e+01 8.0820529429e-04
147 1.3459399373e+01 8.0611749380e-04
148 1.3436876315e+01 8.1302892085e-04
149 1.3413053233e+01 8.1975031740e-04
150 1.3388328431e+01 8.2687467286e-04
151 1.3363175405e+01 8.2354810444e-04
152 1.3336907174e+01 8.3164517895e-04
153 1.3308900635e+01 8.4156758490e-04
154 1.3279748014e+01 8.4993744451e-04
155 1.3249919882e+01 8.6320777054e-04
156 1.3219647696e+01 8.7619032810e-04
157 1.3188218485e+01 8.7180668102e-04
158 1.3155995509e+01 8.7174507665e-04
159 1.3124541505e+01 8.7411094592e-04
160 1.3093826438e+01 8.7808188116e-04
161 1.3062904261e+01 8.8113729537e-04
162 1.3030663196e+01 8.7815594448e-04
163 1.2996454754e+01 8.7826555639e-04
164 1.2960761271e+01 8.8637047680e-04
165 1.2924395084e+01 8.9309123088e-04
166 1.2887651603e+01 8.9462942806e-04
167 1.2850577918e+01 8.8791600990e-04
168 1.2812819774e+01 8.9043219129e-04
169 1.2774053379e+01 8.9560641595e-04
170 1.2735628080e+01 8.9649860894e-04
171 1.2697483009e+01 8.9737324914e-04
172 1.2659549620e+01 8.9239861410e-04
173 1.2621982045e+01 8.9628637076e-04
174 1.2586013649e+01 8.9360915429e-04
175 1.2550000150e+01 8.8791485763e-04
176 1.2512395816e+01 8.8556925324e-04
177 1.2473556151e+01 8.8891577305e-04
178 1.2434252270e+01 8.9015869465e-04
179 1.2394503344e+01 8.8490083409e-04
180 1.2355429959e+01 8.8278413944e-04
181 1.2317260804e+01 8.7504123310e-04
182 1.2279503024e+01 8.7399504895e-04
183 1.2241780854e+01 8.8133669955e-04
184 1.2204339563e+01 8.9622383660e-04
185 1.2167665382e+01 9.1065801594e-04
186 1.2129103648e+01 9.4715761948e-04
187 1.2085646954e+01 9.8812966439e-04
188 1.2036371930e+01 1.0539760172e-03
189 1.1981447053e+01 1.1195398765e-03
190 1.1919213448e+01 1.1973813576e-03
191 1.1851601939e+01 1.2577877030e-03
192 1.1784850257e+01 1.2737982497e-03
193 1.1722643744e+01 1.2824744180e-03
194 1.1659683053e+01 1.2746894003e-03
195 1.1600052098e+01 1.2316371261e-03
196 1.1547397902e+01 1.2026296486e-03
197 1.1500769495e+01 1.1813152930e-03
198 1.1459486665e+01 1.1807184565e-03
199 1.1422918471e+01 1.1855700591e-03
200 1.1390561822e+01 1.1702296998e-03
201 1.1362209675e+01 1.1436744616e-03
202 1.1335914363e+01 1.1119448988e-03
203 1.1311749072e+01 1.0735068670e-03
204 1.1289498327e+01 1.0512730165e-03
205 1.1267658248e+01 1.0424132461e-03
206 1.1245285191e+01 1.0240328902e-03
207 1.1223332335e+01 9.9960958676e-04
208 1.1202351348e+01 9.7399426116e-04
209 1.1182362680e+01 9.5590186474e-04
210 1.1162366998e+01 9.4606481448e-04
211 1.1142863657e+01 9.3140433896e-04
212 1.1123664801e+01 9.3058137878e-04
213 1.1103955401e+01 9.1268183998e-04
214 1.1084260760e+01 8.9649427152e-04
215 1.1064447157e+01 8.8039057480e-04
216 1.1044491726e+01 8.4984587645e-04
217 1.1025280126e+01 7.9983923645e-04
218 1.1008044990e+01 7.5962548613e-04
219 1.0992567665e+01 7.3866173076e-04
220 1.0976318871e+01 7.3494846922e-04
221 1.0958379525e+01 7.5118392947e-04
222 1.0938384347e+01 7.7453425597e-04
223 1.0916577223e+01 8.1829336939e-04
224 1.0892396023e+01 8.5336983456e-04
225 1.0866856478e+01 8.7318404681e-04
226 1.0841415975e+01 8.7060654561e-04
227 1.0815606861e+01 8.7637615667e-04
228 1.0788215868e+01 8.9690646024e-04
229 1.0758838392e+01 9.1397393646e-04
230 1.0727639179e+01 9.4579739452e-04
231 1.0695421205e+01 9.4894169404e-04
232 1.0665030433e+01 9.4243016420e-04
233 1.0635375216e+01 9.5011987412e-04
234 1.0604028196e+01 9.7394507308e-04
235 1.0571043503e+01 9.8470627671e-04
236 1.0537352166e+01 9.7494147941e-04
237 1.0504672455e+01 9.5648179510e-04
238 1.0473490015e+01 9.4210309414e-04
239 1.0441936207e+01 9.3611287169e-04
240 1.0408413935e+01 9.3025540979e-04
241 1.0374159843e+01 9.0948426418e-04
242 1.0340565005e+01 8.8853660537e-04
243 1.0308135515e+01 8.6676295879e-04
244 1.0277346371e+01 8.4465375161e-04
245 1.0248953686e+01 8.2626655679e-04
246 1.0220862324e+01 8.2148253887e-04
247 1.0192779602e+01 8.1092727915e-04
248 1.0164777906e+01 8.0474280303e-04
249 1.0138150791e+01 7.9060425325e-04
250 1.0113462803e+01 7.7149044993e-04
251 1.0091527368e+01 7.5137262041e-04
252 1.0071255996e+01 7.4519988847e-04
253 1.0051623109e+01 7.3470305534e-04
254 1.0032994556e+01 7.1695430504e-04
255 1.0015652836e+01 6.9931374183e-04
256 9.9994299393e+00 6.8157697904e-04
257 9.9845962942e+00 6.6764948709e-04
258 9.9706320101e+00 6.5616138048e-04
259 9.9566277994e+00 6.5525715693e-04
260 9.9424739913e+00 6.5727351170e-04
261 9.9284144140e+00 6.5959730543e-04
262 9.9151548572e+00 6.6002842403e-04
263 9.9028587230e+00 6.5477970324e-04
264 9.8913474288e+00 6.5909949017e-04
265 9.8800553555e+00 6.6928182137e-04
266 9.8690514996e+00 6.8305312922e-04
267 9.8587308072e+00 6.9155521141e-04
268 9.8491003554e+00 7.0474478227e-04
269 9.8400364347e+00 7.1742216982e-04
270 9.8311337474e+00 7.3835308385e-04
271 9.8224997107e+00 7.6002455555e-04
272 9.8143030974e+00 7.7421701360e-04
273 9.8067841757e+00 7.8121565387e-04
274 9.8001698668e+00 7.7852889545e-04
275 9.7944079072e+00 7.7603185062e-04
276 9.7891951078e+00 7.9282925623e-04
277 9.7843789903e+00 7.9293361715e-04
278 9.7800816286e+00 7.9458812255e-04
279 9.7762658971e+00 7.8946903396e-04
280 9.7730022114e+00 7.7207824539e-04
281 9.7703288549e+00 7.5457512968e-04
282 9.7679368281e+00 7.4961714458e-04
283 9.7654727473e+00 7.3978992569e-04
284 9.7627146843e+00 7.1982691338e-04
285 9.7598573597e+00 7.0760658109e-04
286 9.7573430001e+00 6.9769142803e-04
287 9.7551183766e+00 6.9422210692e-04
288 9.7528766422e+00 6.8662613218e-04
289 9.7502452332e+00 6.6975270619e-04
290 9.7472815599e+00 6.5755417275e-04
291 9.7443667137e+00 6.3779439477e-04
292 9.7416899518e+00 6.3606387806e-04
293 9.7390792620e+00 6.4229131416e-04
294 9.7362946578e+00 6.4852687349e-04
295 9.7335017217e+00 6.6270975287e-04
296 9.7310074888e+00 6.5825984285e-04
297 9.7289830261e+00 6.6055227841e-04
298 9.7272535590e+00 6.6198324025e-04
299 9.7255905172e+00 6.6447291920e-04
300 9.7240178022e+00 6.5558891382e-04
301 9.7227610498e+00 6.2989320350e-04
302 9.7217683087e+00 5.9673463794e-04
303 9.7207516752e+00 5.6461200171e-04
304 9.7195075338e+00 5.3723812728e-04
305 9.7180112435e+00 5.1497264518e-04
306 9.7164110447e+00 4.9646106506e-04
307 9.7147513207e+00 4.7709718869e-04
308 9.7129809643e+00 4.5537987888e-04
309 9.7109955062e+00 4.4129598479e-04
310 9.7088088053e+00 4.2127327963e-04
311 9.7065020055e+00 4.0560198911e-04
312 9.7041966443e+00 3.8172827967e-04
313 9.7019246553e+00 3.6376779478e-04
314 9.6995147620e+00 3.5359544661e-04
315 9.6968324231e+00 3.4716961463e-04
316 9.6939081538e+00 3.3884557898e-04
317 9.6908610095e+00 3.2648234490e-04
318 9.6877378054e+00 3.1403057330e-04
319 9.6845588400e+00 3.0619033533e-04
320 9.6812634833e+00 3.0132354233e-04
321 9.6777427237e+00 3.0024913564e-04
322 9.6740938531e+00 2.9893942889e-04
323 9.6703826965e+00 2.9618546647e-04
324 9.6666513282e+00 2.9486512373e-04
325 9.6625952595e+00 2.9638238416e-04
326 9.6580467331e+00 3.0192253230e-04
327 9.6529398062e+00 3.0329693683e-04
328 9.6475266884e+00 3.0513390394e-04
329 9.6421464442e+00 3.0133267672e-04
330 9.6368425561e+00 2.9605351109e-04
331 9.6316133065e+00 2.9189135172e-04
332 9.6262903633e+00 2.8557420007e-04
333 9.6209282670e+00 2.7682888684e-04
334 9.6156071365e+00 2.7514163470e-04
335 9.6101023154e+00 2.7687493408e-04
336 9.6042161762e+00 2.8054497528e-04
337 9.5979667265e+00 2.7968256792e-04
338 9.5915096362e+00 2.8091743823e-04
339 9.5849181188e+00 2.8111937694e-04
340 9.5782872296e+00 2.7678509325e-04
341 9.5718238773e+00 2.7344053916e-04
342 9.5653311926e+00 2.7434894029e-04
343 9.5583390156e+00 2.7867988243e-04
344 9.5506259741e+00 2.8091838928e-04
345 9.5427389785e+00 2.7998241201e-04
346 9.5346156582e+00 2.7761059338e-04
347 9.5262013966e+00 2.7560122452e-04
348 9.5173259132e+00 2.7648829261e-04
349 9.5081930464e+00 2.7534207729e-04
350 9.4991335469e+00 2.7134814255e-04
351 9.4900214300e+00 2.6868423610e-04
352 9.4806133776e+00 2.6819850088e-04
353 9.4709459308e+00 2.6722019623e-04
354 9.4613846977e+00 2.6342095915e-04
355 9.4521227617e+00 2.5981967962e-04
356 9.4426872173e+00 2.5720476111e-04
357 9.4327832515e+00 2.5624600612e-04
358 9.4225112709e+00 2.5611314567e-04
359 9.4122073947e+00 2.5350287168e-04
360 9.4019281677e+00 2.5065960291e-04
361 9.3915972996e+00 2.4881059050e-04
362 9.3810018437e+00 2.4856126476e-04
363 9.3701794554e+00 2.4763426936e-04
364 9.3593161646e+00 2.4469194862e-04
365 9.3488345716e+00 2.4133752453e-04
366 9.3385358128e+00 2.3798464651e-04
367 9.3283919029e+00 2.3687409147e-04
368 9.3184687919e+00 2.3472276813e-04
369 9.3089542975e+00 2.3163485971e-04
370 9.2996720583e+00 2.2583857205e-04
371 9.2905406353e+00 2.2077149316e-04
372 9.2814141758e+00 2.1494649265e-04
373 9.2726335696e+00 2.0647977318e-04
374 9.2645040243e+00 1.9469944123e-04
375 9.2571253143e+00 1.8308650488e-04
376 9.2505626580e+00 1.7174345755e-04
377 9.2448809876e+00 1.5795457300e-04
378 9.2399956250e+00 1.4955606190e-04
379 9.2355038388e+00 1.4391779937e-04
380 9.2311212020e+00 1.3954012123e-04
381 9.2267414156e+00 1.3586567517e-04
382 9.2223191579e+00 1.3533318012e-04
383 9.2177493594e+00 1.3552022289e-04
384 9.2129268741e+00 1.3720842312e-04
385 9.2079559612e+00 1.3778091250e-04
386 9.2028694784e+00 1.3555258135e-04
387 9.1978477780e+00 1.3228843236e-04
388 9.1930023916e+00 1.2940244693e-04
389 9.1883675263e+00 1.2594588539e-04
390 9.1838956532e+00 1.2559038018e-04
391 9.1795419580e+00 1.2729071422e-04
392 9.1750384563e+00 1.2998709472e-04
393 9.1701321296e+00 1.3009431327e-04
394 9.1650324417e+00 1.2865541805e-04
395 9.1598768001e+00 1.2559381744e-04
396 9.1548711690e+00 1.2350689564e-04
397 9.1500376202e+00 1.2105750857e-04
398 9.1453526578e+00 1.2140620744e-04
399 9.1407356181e+00 1.2125193801e-04
400 9.1362319025e+00 1.1995940213e-04
401 9.1320563450e+00 1.1601746259e-04
402 9.1281158211e+00 1.1300956389e-04
403 9.1241245165e+00 1.1073418255e-04
404 9.1201534588e+00 1.0890776256e-04
405 9.1161339656e+00 1.0690607883e-04
406 9.1121142018e+00 1.0421529657e-04
407 9.1081191515e+00 1.0283313816e-04
408 9.1042348744e+00 9.9656847576e-05
409 9.1004364838e+00 9.7569826334e-05
410 9.0966277171e+00 9.7985968622e-05
411 9.0927051107e+00 1.0043399489e-04
412 9.0884967378e+00 1.0143735354e-04
413 9.0840747028e+00 1.0229546726e-04
414 9.0795628769e+00 9.9998532608e-05
415 9.0750044235e+00 9.9127994021e-05
416 9.0704596418e+00 9.8219144344e-05
417 9.0659956744e+00 9.7532928377e-05
418 9.0616760594e+00 9.7216351488e-05
419 9.0574681851e+00 9.6032923963e-05
420 9.0534952771e+00 9.3393805793e-05
421 9.0497362827e+00 9.2817454269e-05
422 9.0459673398e+00 9.2687962628e-05
423 9.0421167567e+00 9.2402121283e-05
424 9.0382873536e+00 9.0864360049e-05
425 9.0344963621e+00 8.9225639866e-05
426 9.0308742981e+00 8.7442652797e-05
427 9.0273995159e+00 8.6570750434e-05
428 9.0241233992e+00 8.5003533499e-05
429 9.0210748143e+00 8.3262663672e-05
430 9.0180905543e+00 8.2116131469e-05
431 9.0150514430e+00 8.1127443530e-05
432 9.0120774031e+00 7.9245452712e-05
433 9.0092308784e+00 7.7231418188e-05
434 9.0065133154e+00 7.4884283901e-05
435 9.0039647747e+00 7.2565040937e-05
436 9.0015292899e+00 7.2257036835e-05
437 8.9990390129e+00 7.1357779066e-05
438 8.9964538980e+00 7.1050528087e-05
439 8.9937830968e+00 7.1323229785e-05
440 8.9909986209e+00 7.2167833192e-05
441 8.9881536157e+00 7.2216614539e-05
442 8.9853828316e+00 7.2179704060e-05
443 8.9827295435e+00 7.0388776360e-05
444 8.9801343600e+00 6.7796187234e-05
445 8.9775572790e+00 6.6883694997e-05
446 8.9749481249e+00 6.6799901258e-05
447 8.9722980091e+00 6.6988908207e-05
448 8.9696145174e+00 6.7645541563e-05
449 8.9669650199e+00 6.7521246020e-05
450 8.9644489921e+00 6.6635014818e-05
451 8.9619237758e+00 6.5883126037e-05
452 8.9593533854e+00 6.5400080023e-05
453 8.9567563816e+00 6.4858101977e-05
454 8.9541371057e+00 6.5074785613e-05
455 8.9515180585e+00 6.5246576979e-05
456 8.9489746872e+00 6.4742603293e-05
457 8.9465023560e+00 6.4724738380e-05
458 8.9439403294e+00 6.5320578747e-05
459 8.9412426221e+00 6.5939039063e-05
460 8.9384808161e+00 6.6449090505e-05
461 8.9356775137e+00 6.6672769468e-05
462 8.9328587439e+00 6.6473994708e-05
463 8.9300057910e+00 6.6110307271e-05
464 8.9271288769e+00 6.6384993819e-05
465 8.9242768720e+00 6.7404427214e-05
466 8.9214058361e+00 6.7514158449e-05
467 8.9184567352e+00 6.6958575047e-05
468 8.9153790856e+00 6.6935988098e-05
469 8.9121715475e+00 6.7306318064e-05
470 8.9088643138e+00 6.7888880130e-05
471 8.9055563149e+00 6.7754620418e-05
472 8.9022441603e+00 6.7793274968e-05
473 8.8989602792e+00 6.7064835330e-05
474 8.8955605180e+00 6.7809649761e-05
475 8.8920126236e+00 6.7698195363e-05
476 8.8883901246e+00 6.8364158584e-05
477 8.8847324166e+00 6.7689581024e-05
478 8.8810752116e+00 6.6608820045e-05
479 8.8775237270e+00 6.5736886655e-05
480 8.8741632521e+00 6.4773635080e-05
481 8.8710253756e+00 6.3838889263e-05
482 8.8679204356e+00 6.2699111094e-05
483 8.8647486259e+00 6.1196220489e-05
484 8.8616914651e+00 5.9474268408e-05
485 8.8588236587e+00 5.7792810473e-05
486 8.8561693503e+00 5.6759321320e-05
487 8.8534849273e+00 5.6247303648e-05
488 8.8506621180e+00 5.6916697408e-05
489 8.8477170331e+00 5.7283138822e-05
490 8.8447353386e+00 5.7571482495e-05
491 8.8417724418e+00 5.7482069979e-05
492 8.8388158707e+00 5.7628266839e-05
493 8.8358382362e+00 5.7883690334e-05
494 8.8327646378e+00 5.8856694743e-05
495 8.8295423306e+00 5.9089232064e-05
496 8.8263254226e+00 5.9078871507e-05
497 8.8231040085e+00 5.9474136614e-05
498 8.8198670597e+00 5.9315399551e-05
499 8.8166345589e+00 5.9942889443e-05
500 8.8132698664e+00 6.0543955111e-05
501 8.8097783464e+00 6.0844133314e-05
502 8.8062820498e+00 6.0829433745e-05
503 8.8028186128e+00 6.0708971760e-05
504 8.7993685820e+00 6.0898775407e-05
505 8.7957749240e+00 6.1003882425e-05
506 8.7921038855e+00 6.1111664482e-05
507 8.7884740175e+00 6.0690861072e-05
508 8.7849617693e+00 6.0452467794e-05
509 8.7815076699e+00 6.0932184743e-05
510 8.7779155036e+00 6.0772850674e-05
511 8.7741850056e+00 6.0666425697e-05
512 8.7704031793e+00 6.0333136980e-05
513 8.7666266648e+00 5.9970114019e-05
514 8.7629083659e+00 6.0110046236e-05
515 8.7592631100e+00 6.0216900819e-05
516 8.7556079963e+00 5.9716066030e-05
517 8.7519301507e+00 5.8864721150e-05
518 8.7483521203e+00 5.7833630469e-05
519 8.7449636545e+00 5.6621608973e-05
520 8.7417986360e+00 5.6047190042e-05
521 8.7386365708e+00 5.5286128013e-05
522 8.7353880974e+00 5.4311893587e-05
523 8.7320851356e+00 5.3828919837e-05
524 8.7288604168e+00 5.2881319153e-05
525 8.7257302678e+00 5.2681687112e-05
526 8.7227220600e+00 5.1592824537e-05
527 8.7197830941e+00 5.0732246127e-05
528 8.7169490867e+00 5.0044758185e-05
529 8.7141327865e+00 4.9452045489e-05
530 8.7113289929e+00 4.9194065113e-05
531 8.7084797683e+00 4.8537829850e-05
532 8.7056251299e+00 4.7914344090e-05
533 8.7028889959e+00 4.6731758695e-05
534 8.7002788310e+00 4.6162010041e-05
535 8.6978231453e+00 4.5442595970e-05
536 8.6953620759e+00 4.4769777982e-05
537 8.6928748818e+00 4.4256496481e-05
538 8.6904252250e+00 4.3459506656e-05
539 8.6880600020e+00 4.2485719913e-05
540 8.6858080710e+00 4.2214981458e-05
541 8.6834639166e+00 4.1929464216e-05
542 8.6809849713e+00 4.1827843857e-05
543 8.6785036942e+00 4.1064699507e-05
544 8.6761060250e+00 4.0390894118e-05
545 8.6737678820e+00 3.9705339609e-05
546 8.6714236690e+00 3.8650574469e-05
547 8.6691934675e+00 3.7212997067e-05
548 8.6671296011e+00 3.5939225208e-05
549 8.6651867901e+00 3.4795674024e-05
550 8.6632697606e+00 3.4493190844e-05
551 8.6613008365e+00 3.4275429899e-05
552 8.6592754718e+00 3.4628373519e-05
553 8.6572149301e+00 3.4474407895e-05
554 8.6551537843e+00 3.4305977730e-05
555 8.6530770324e+00 3.3804109158e-05
556 8.6509722687e+00 3.2835093652e-05
557 8.6489920397e+00 3.1942806343e-05
558 8.6471009578e+00 3.1930086506e-05
559 8.6451807778e+00 3.2459360381e-05
560 8.6431495785e+00 3.3298659357e-05
561 8.6410073945e+00 3.3702286119e-05
562 8.6387698495e+00 3.4393239367e-05
563 8.6363573848e+00 3.4937518850e-05
564 8.6337312914e+00 3.5741304479e-05
565 8.6309452963e+00 3.6328076784e-05
566 8.6279509675e+00 3.6847497767e-05
567 8.6248985800e+00 3.6688567380e-05
568 8.6218965213e+00 3.6449068075e-05
569 8.6190076005e+00 3.5132049583e-05
570 8.6162132574e+00 3.4863286915e-05
571 8.6134727257e+00 3.4316255168e-05
572 8.6107840981e+00 3.3835533559e-05
573 8.6082056571e+00 3.3594117640e-05
574 8.6056526039e+00 3.3839718667e-05
575 8.6029089280e+00 3.4038741941e-05
576 8.5999248117e+00 3.4347118995e-05
577 8.5968944942e+00 3.4503801201e-05
578 8.5938882772e+00 3.4046889587e-05
579 8.5910071995e+00 3.3241882321e-05
580 8.5882683812e+00 3.2608980969e-05
581 8.5855649774e+00 3.2116392560e-05
582 8.5827808540e+00 3.1916787693e-05
583 8.5799669117e+00 3.1858090394e-05
584 8.5771144679e+00 3.1827130315e-05
585 8.5741851823e+00 3.2222134572e-05
586 8.5711690060e+00 3.2437862668e-05
587 8.5679985204e+00 3.2645884354e-05
588 8.5647638056e+00 3.2642213701e-05
589 8.5615442557e+00 3.2301720292e-05
590 8.5583869534e+00 3.2006430588e-05
591 8.5553705645e+00 3.2236682540e-05
592 8.5522271919e+00 3.2641339129e-05
593 8.5487960661e+00 3.3574753320e-05
594 8.5451078320e+00 3.3609683984e-05
595 8.5413348873e+00 3.3098620157e-05
596 8.5376202912e+00 3.2584691084e-05
597 8.5339328115e+00 3.2441905265e-05
598 8.5302850572e+00 3.2048898382e-05
599 8.5266772694e+00 3.1907979861e-05
600 8.5231530861e+00 3.1907587432e-05
601 8.5197693036e+00 3.1643095230e-05
602 8.5163852269e+00 3.1280715077e-05
603 8.5128873270e+00 3.0915115559e-05
604 8.5092993137e+00 3.1100708072e-05
605 8.5055840203e+00 3.1199513733e-05
606 8.5018131998e+00 3.1658687551e-05
607 8.4980293519e+00 3.1275819800e-05
608 8.4943028448e+00 3.0913520638e-05
609 8.4906681039e+00 3.0380845811e-05
610 8.4870673276e+00 3.0463236644e-05
611 8.4834294309e+00 3.0987765112e-05
612 8.4797705579e+00 3.1293584248e-05
613 8.4759602361e+00 3.1483691514e-05
614 8.4719580175e+00 3.1602319177e-05
615 8.4678074719e+00 3.1526765443e-05
616 8.4637249228e+00 3.1836714113e-05
617 8.4597733525e+00 3.1783887900e-05
618 8.4557961357e+00 3.1885019464e-05
619 8.4515738715e+00 3.2457921729e-05
620 8.4470039730e+00 3.2899022170e-05
621 8.4422477370e+00 3.3081769840e-05
622 8.4375012904e+00 3.3360277864e-05
623 8.4326899120e+00 3.3362472323e-05
624 8.4277049029e+00 3.3557309402e-05
625 8.4226792619e+00 3.3275063493e-05
626 8.4177257599e+00 3.3100849661e-05
627 8.4127727686e+00 3.3745096165e-05
628 8.4075593139e+00 3.4447606258e-05
629 8.4021277588e+00 3.4889693123e-05
630 8.3967578968e+00 3.5169808175e-05
631 8.3915921116e+00 3.5083871772e-05
632 8.3862844601e+00 3.5382582294e-05
633 8.3806120978e+00 3.5899028756e-05
634 8.3745909758e+00 3.6163224180e-05
635 8.3685249333e+00 3.6153578759e-05
636 8.3625186234e+00 3.6173271895e-05
637 8.3566402691e+00 3.6123052100e-05
638 8.3508026496e+00 3.6733727724e-05
639 8.3445741106e+00 3.7506665539e-05
640 8.3378768944e+00 3.8077408063e-05
641 8.3309456393e+00 3.8588100998e-05
642 8.3238847135e+00 3.8381402848e-05
643 8.3168869955e+00 3.8578362497e-05
644 8.3100929985e+00 3.9059895396e-05
645 8.3030071584e+00 3.9310043302e-05
646 8.2956922565e+00 3.9854692186e-05
647 8.2882223407e+00 3.8970280656e-05
648 8.2807724878e+00 3.8876024429e-05
649 8.2733889201e+00 3.9050059605e-05
650 8.2660128422e+00 3.9521186275e-05
651 8.2586422416e+00 3.9454283780e-05
652 8.2513408417e+00 3.9662412789e-05
653 8.2438350304e+00 4.0037235393e-05
654 8.2358826493e+00 4.0872443987e-05
655 8.2275342275e+00 4.1985566250e-05
656 8.2189598545e+00 4.2755800656e-05
657 8.2105718565e+00 4.2720010295e-05
658 8.2022112848e+00 4.2815039393e-05
659 8.1936107351e+00 4.2789443093e-05
660 8.1847525723e+00 4.2301575825e-05
661 8.1762086321e+00 4.1251493734e-05
662 8.1681714326e+00 4.0369486807e-05
663 8.1604682440e+00 4.0262363338e-05
664 8.1529516306e+00 4.0308294233e-05
665 8.1451871277e+00 4.1321260608e-05
666 8.1367457148e+00 4.2588462003e-05
667 8.1277062033e+00 4.3628529294e-05
668 8.1181143793e+00 4.4090427560e-05
669 8.1083734528e+00 4.4298646517e-05
670 8.0986777708e+00 4.4354824286e-05
671 8.0888682945e+00 4.4736012251e-05
672 8.0787599727e+00 4.6095602037e-05
673 8.0681103631e+00 4.7064812413e-05
674 8.0572596523e+00 4.7665091920e-05
675 8.0464884616e+00 4.7251528955e-05
676 8.0358003719e+00 4.6892798536e-05
677 8.0250971626e+00 4.6880889282e-05
678 8.0142908822e+00 4.6460744694e-05
679 8.0036239241e+00 4.6256353703e-05
680 7.9931520595e+00 4.5882103125e-05
681 7.9830981288e+00 4.5546044849e-05
682 7.9735326675e+00 4.4250892483e-05
683 7.9647138243e+00 4.3099944546e-05
684 7.9562541120e+00 4.2700846333e-05
685 7.9477275661e+00 4.3031667784e-05
686 7.9389038445e+00 4.2966087097e-05
687 7.9302225067e+00 4.2298386539e-05
688 7.9219782211e+00 4.1676661511e-05
689 7.9142295150e+00 4.1503625685e-05
690 7.9063985620e+00 4.1413336576e-05
691 7.8981671817e+00 4.1663212851e-05
692 7.8897759605e+00 4.1595282186e-05
693 7.8815355697e+00 4.0753614776e-05
694 7.8735900368e+00 4.0913194337e-05
695 7.8657550631e+00 4.1364196522e-05
696 7.8578862110e+00 4.2066154663e-05
697 7.8497367111e+00 4.2130428255e-05
698 7.8414094301e+00 4.2074226174e-05
699 7.8330461323e+00 4.2200748803e-05
700 7.8246958397e+00 4.2298264886e-05
701 7.8164512721e+00 4.1902456990e-05
702 7.8083522412e+00 4.1913368697e-05
703 7.8000402337e+00 4.1833486135e-05
704 7.7914365512e+00 4.2412652227e-05
705 7.7826009138e+00 4.3051938315e-05
706 7.7735440582e+00 4.3728076749e-05
707 7.7641846485e+00 4.4456842847e-05
708 7.7545901383e+00 4.4807619102e-05
709 7.7451343718e+00 4.4920347110e-05
710 7.7361799496e+00 4.5052974063e-05
711 7.7273343803e+00 4.5112170869e-05
712 7.7178153000e+00 4.5943895640e-05
713 7.7078488353e+00 4.5846724809e-05
714 7.6979163414e+00 4.5716235788e-05
715 7.6883203798e+00 4.5353310715e-05
716 7.6789664648e+00 4.5136087717e-05
717 7.6695721877e+00 4.5350695094e-05
718 7.6598747196e+00 4.5546469981e-05
719 7.6500666840e+00 4.5900084175e-05
720 7.6401096532e+00 4.6043380094e-05
721 7.6302195531e+00 4.5165396066e-05
722 7.6206928058e+00 4.4573135618e-05
723 7.6116280815e+00 4.3778718953e-05
724 7.6030751519e+00 4.3404829317e-05
725 7.5947392848e+00 4.3111114019e-05
726 7.5862457799e+00 4.3263196199e-05
727 7.5777034328e+00 4.3080321384e-05
728 7.5692530445e+00 4.2702144799e-05
729 7.5612706169e+00 4.2041182026e-05
730 7.5539996454e+00 4.0879980777e-05
731 7.5469715803e+00 4.0917595853e-05
732 7.5395882538e+00 4.0788915694e-05
733 7.5319309526e+00 4.0854186054e-05
734 7.5243042035e+00 4.0572700516e-05
735 7.5168215883e+00 4.0072576753e-05
736 7.5096327212e+00 3.9341156237e-05
737 7.5027123706e+00 3.9020154063e-05
738 7.4959454094e+00 3.8938653821e-05
739 7.4890304828e+00 3.9459235654e-05
740 7.4817878722e+00 3.9752609880e-05
741 7.4743996786e+00 4.0002872722e-05
742 7.4670068062e+00 3.9775522018e-05
743 7.4598520580e+00 3.9434483642e-05
744 7.4530741934e+00 3.8244997759e-05
745 7.4468596217e+00 3.7194573371e-05
746 7.4409450026e+00 3.6713388285e-05
747 7.4349355820e+00 3.6144802955e-05
748 7.4291950063e+00 3.5083985603e-05
749 7.4237809070e+00 3.3788696903e-05
750 7.4187128133e+00 3.3114366554e-05
751 7.4138533829e+00 3.2661998651e-05
752 7.4089448274e+00 3.2558091008e-05
753 7.4040430968e+00 3.2260331944e-05
754 7.3991649500e+00 3.2444247278e-05
755 7.3941557848e+00 3.2843844199e-05
756 7.3889446003e+00 3.3331238772e-05
757 7.3837496073e+00 3.3550181379e-05
758 7.3786635969e+00 3.4022946836e-05
759 7.3734619042e+00 3.4704471981e-05
760 7.3678723590e+00 3.5246694511e-05
761 7.3619357340e+00 3.4866079708e-05
762 7.3559932054e+00 3.4722661453e-05
763 7.3501752850e+00 3.4225581603e-05
764 7.3444201333e+00 3.4189403487e-05
765 7.3385990276e+00 3.4612802221e-05
766 7.3324665136e+00 3.5941463945e-05
767 7.3259792137e+00 3.7021651192e-05
768 7.3192633661e+00 3.8115578027e-05
769 7.3126033791e+00 3.8840231471e-05
770 7.3057816987e+00 3.9419897034e-05
771 7.2985104130e+00 3.9500429475e-05
772 7.2910830044e+00 3.9123496365e-05
773 7.2839085488e+00 3.7768832564e-05
774 7.2772872222e+00 3.6780750096e-05
775 7.2710913881e+00 3.6192290238e-05
776 7.2650588986e+00 3.6284780321e-05
777 7.2588292072e+00 3.6835029440e-05
778 7.2523536291e+00 3.7101378578e-05
779 7.2458645954e+00 3.6755515380e-05
780 7.2395054669e+00 3.5816423922e-05
781 7.2333581299e+00 3.5622583060e-05
782 7.2272189271e+00 3.5723943765e-05
783 7.2210169035e+00 3.5923816615e-05
784 7.2148541707e+00 3.6110555488e-05
785 7.2086835366e+00 3.6694021006e-05
786 7.2025153822e+00 3.7342023593e-05
787 7.1959713062e+00 3.7474082726e-05
788 7.1892247892e+00 3.7171161180e-05
789 7.1826641707e+00 3.6131471426e-05
790 7.1763812171e+00 3.5483404179e-05
791 7.1702577813e+00 3.5399698329e-05
792 7.1641044886e+00 3.5913467389e-05
793 7.1577361979e+00 3.6629542996e-05
794 7.1512635015e+00 3.6435926108e-05
795 7.1450595694e+00 3.5474696981e-05
796 7.1392669265e+00 3.4920496234e-05
797 7.1336302491e+00 3.5010483011e-05
798 7.1277698733e+00 3.5248382926e-05
799 7.1217180043e+00 3.5467976922e-05
800 7.1156225945e+00 3.5006603051e-05
801 7.1097299605e+00 3.4658329151e-05
802 7.1042176704e+00 3.3813594426e-05
803 7.0990724131e+00 3.3575485863e-05
804 7.0938769081e+00 3.3738931855e-05
805 7.0884720678e+00 3.3524098944e-05
806 7.0830534140e+00 3.3349417078e-05
807 7.0777229951e+00 3.3076932833e-05
808 7.0725003901e+00 3.2712901575e-05
809 7.0673167809e+00 3.2441689184e-05
810 7.0621795940e+00 3.1984948887e-05
811 7.0571979043e+00 3.1816436712e-05
812 7.0522825794e+00 3.1650602687e-05
813 7.0473555726e+00 3.1553618293e-05
814 7.0425082428e+00 3.1384361333e-05
815 7.0378594465e+00 3.1027273121e-05
816 7.0335255523e+00 3.0706074745e-05
817 7.0293918303e+00 3.0335262250e-05
818 7.0250887206e+00 2.9919755871e-05
819 7.0207095493e+00 2.9701281583e-05
820 7.0163097021e+00 2.9482302096e-05
821 7.0119517696e+00 2.9500982932e-05
822 7.0076870673e+00 2.9458817880e-05
823 7.0034400538e+00 2.9303793266e-05
824 6.9992639400e+00 2.9187609286e-05
825 6.9951556046e+00 2.8918497192e-05
826 6.9911283273e+00 2.8896326971e-05
827 6.9871021671e+00 2.8623768160e-05
828 6.9830803549e+00 2.8772603445e-05
829 6.9790125252e+00 2.8977649670e-05
830 6.9749392043e+00 2.9231353620e-05
831 6.9709429361e+00 2.9132433976e-05
832 6.9668488873e+00 2.9158578881e-05
833 6.9626367444e+00 2.9256936058e-05
834 6.9583465811e+00 2.9638006642e-05
835 6.9540813918e+00 2.9791669780e-05
836 6.9499946372e+00 2.9823209765e-05
837 6.9458296606e+00 2.9887622422e-05
838 6.9414401477e+00 2.9963860560e-05
839 6.9369067082e+00 3.0145547346e-05
840 6.9323084952e+00 3.0405181191e-05
841 6.9277981794e+00 3.0312550093e-05
842 6.9234002759e+00 3.0674481322e-05
843 6.9189457826e+00 3.0819353512e-05
844 6.9142547520e+00 3.1064282285e-05
845 6.9094249971e+00 3.1070162862e-05
846 6.9045510358e+00 3.1421018769e-05
847 6.8997700140e+00 3.1675417052e-05
848 6.8951737968e+00 3.1574245728e-05
849 6.8904938359e+00 3.1483854605e-05
850 6.8856319302e+00 3.1588367103e-05
851 6.8807051305e+00 3.1563491131e-05
852 6.8757137746e+00 3.1685249314e-05
853 6.8709089216e+00 3.1348167672e-05
854 6.8665193416e+00 3.0850447748e-05
855 6.8622791078e+00 3.0361472279e-05
856 6.8577878476e+00 3.0449984395e-05
857 6.8532524479e+00 3.0017145143e-05
858 6.8488463035e+00 2.9377835438e-05
859 6.8446885495e+00 2.8954661315e-05
860 6.8407466790e+00 2.8278769627e-05
861 6.8371121305e+00 2.7725652498e-05
862 6.8335599546e+00 2.7627203499e-05
863 6.8299014485e+00 2.7233608457e-05
864 6.8262470049e+00 2.7246552925e-05
865 6.8226817264e+00 2.6610409741e-05
866 6.8192523565e+00 2.6110767207e-05
867 6.8159229228e+00 2.5841895745e-05
868 6.8126355705e+00 2.5810808061e-05
869 6.8093518872e+00 2.5576191792e-05
870 6.8060963253e+00 2.5599140060e-05
871 6.8029749103e+00 2.5150537773e-05
872 6.8000098605e+00 2.4528202831e-05
873 6.7971651381e+00 2.4241965759e-05
874 6.7943449334e+00 2.3987761612e-05
875 6.7915060538e+00 2.3693954035e-05
876 6.7887542111e+00 2.3333144188e-05
877 6.7860927844e+00 2.2841230995e-05
878 6.7835452478e+00 2.2308846283e-05
879 6.7812108382e+00 2.1608472131e-05
880 6.7789963359e+00 2.1429503842e-05
881 6.7767712710e+00 2.1673137307e-05
882 6.7744270287e+00 2.1859766486e-05
883 6.7720111478e+00 2.1977931136e-05
884 6.7695946835e+00 2.1865050055e-05
885 6.7671939009e+00 2.1699104386e-05
886 6.7648474732e+00 2.1234911627e-05
887 6.7625770624e+00 2.0918969429e-05
888 6.7603575445e+00 2.0770512536e-05
889 6.7581375185e+00 2.0884155878e-05
890 6.7559204362e+00 2.0932083537e-05
891 6.7537333367e+00 2.0637981696e-05
892 6.7516667661e+00 2.0216282059e-05
893 6.7496842443e+00 2.0013103313e-05
894 6.7476915423e+00 1.9899515380e-05
895 6.7457118789e+00 1.9504669350e-05
896 6.7437480076e+00 1.9467608853e-05
897 6.7417941245e+00 1.9476554108e-05
898 6.7398063732e+00 1.9548601426e-05
899 6.7378360595e+00 1.9431262064e-05
900 6.7359121218e+00 1.8973080251e-05
901 6.7340527911e+00 1.8727904609e-05
902 6.7322957703e+00 1.8611852711e-05
903 6.7306183020e+00 1.8861307023e-05
904 6.7288295073e+00 1.9102120282e-05
905 6.7269219112e+00 1.9037890520e-05
906 6.7249557725e+00 1.8911989721e-05
907 6.7230294696e+00 1.8772451285e-05
908 6.7211138352e+00 1.8775440017e-05
909 6.7191965032e+00 1.8898484100e-05
910 6.7172565793e+00 1.9271103974e-05
911 6.7152760100e+00 1.9297593626e-05
912 6.7133009633e+00 1.9352376032e-05
913 6.7113238840e+00 1.9305576190e-05
914 6.7092961609e+00 1.9607397639e-05
915 6.7072003489e+00 1.9685454756e-05
916 6.7050963890e+00 1.9868809328e-05
917 6.7029590441e+00 1.9887691628e-05
918 6.7008188249e+00 2.0037112760e-05
919 6.6986413335e+00 1.9959777477e-05
920 6.6964274985e+00 2.0214791312e-05
921 6.6941534718e+00 2.0406787483e-05
922 6.6918446171e+00 2.0531906830e-05
923 6.6895747822e+00 2.0541633581e-05
924 6.6873613966e+00 2.0405580752e-05
925 6.6851235430e+00 2.0474396133e-05
926 6.6827868463e+00 2.0417602137e-05
927 6.6803835578e+00 2.0461136091e-05
928 6.6779648253e+00 2.0487218841e-05
929 6.6755617406e+00 2.0574519292e-05
930 6.6731615409e+00 2.0766227740e-05
931 6.6708093536e+00 2.0861880145e-05
932 6.6684462725e+00 2.0881112441e-05
933 6.6660012610e+00 2.1333466962e-05
934 6.6634457785e+00 2.1617205477e-05
935 6.6608159705e+00 2.1656573366e-05
936 6.6582412200e+00 2.1449374467e-05
937 6.6556910210e+00 2.1716991560e-05
938 6.6529856020e+00 2.2070227588e-05
939 6.6501544938e+00 2.2096630363e-05
940 6.6473503857e+00 2.2001780639e-05
941 6.6446768944e+00 2.1492064304e-05
942 6.6422301714e+00 2.0999460654e-05
943 6.6398974745e+00 2.0639821645e-05
944 6.6375076561e+00 2.0455800197e-05
945 6.6351103085e+00 2.0075063270e-05
946 6.6327207100e+00 1.9906040808e-05
947 6.6303888433e+00 1.9681484639e-05
948 6.6281238861e+00 1.9337973073e-05
949 6.6259418457e+00 1.9165781961e-05
950 6.6238275367e+00 1.9196534723e-05
951 6.6216651500e+00 1.9546652928e-05
952 6.6194216286e+00 1.9563746564e-05
953 6.6171883356e+00 1.9329975887e-05
954 6.6150152208e+00 1.9034929649e-05
955 6.6128802251e+00 1.8986228666e-05
956 6.6107174656e+00 1.9065296696e-05
957 6.6085354610e+00 1.9111409834e-05
958 6.6062943159e+00 1.9073441863e-05
959 6.6040495360e+00 1.9330227802e-05
960 6.6017527436e+00 1.9767745152e-05
961 6.5994223364e+00 1.9977643132e-05
962 6.5970451531e+00 2.0124330753e-05
963 6.5946019157e+00 2.0023408635e-05
964 6.5920848182e+00 2.0163236329e-05
965 6.5895392752e+00 2.0511291296e-05
966 6.5869767341e+00 2.0632311817e-05
967 6.5844548550e+00 2.0653398387e-05
968 6.5819500828e+00 2.0699522383e-05
969 6.5792872171e+00 2.1154082567e-05
970 6.5763951305e+00 2.1654265738e-05
971 6.5733630917e+00 2.1940907540e-05
972 6.5703061943e+00 2.1738205284e-05
973 6.5672978597e+00 2.1722136170e-05
974 6.5643867577e+00 2.1540912498e-05
975 6.5614330828e+00 2.1986071887e-05
976 6.5583600011e+00 2.2256066624e-05
977 6.5551501568e+00 2.2726873467e-05
978 6.5518129956e+00 2.3206741446e-05
979 6.5484137706e+00 2.3467919056e-05
980 6.5451268889e+00 2.3583987185e-05
981 6.5418096590e+00 2.3702698191e-05
982 6.5382651644e+00 2.4024630795e-05
983 6.5345576634e+00 2.4263596931e-05
984 6.5307807749e+00 2.4422124582e-05
985 6.5269356468e+00 2.4737154114e-05
986 6.5231806615e+00 2.4771559787e-05
987 6.5195161917e+00 2.4884874275e-05
988 6.5156699319e+00 2.5083296951e-05
989 6.5117358055e+00 2.4808000891e-05
990 6.5078582799e+00 2.4335062420e-05
991 6.5040989326e+00 2.3802289487e-05
992 6.5004070136e+00 2.3601529107e-05
993 6.4968354393e+00 2.3403461607e-05
994 6.4933057638e+00 2.3145918814e-05
995 6.4898200889e+00 2.3104105840e-05
996 6.4864222134e+00 2.2423401851e-05
997 6.4831740259e+00 2.2019986096e-05
998 6.4801222469e+00 2.1627469355e-05
999 6.4772415974e+00 2.1468347758e-05
1000 6.4744426176e+00 2.1372029256e-05
1001 6.4716221610e+00 2.1217345407e-05
1002 6.4687582845e+00 2.1214285443e-05
1003 6.4658320092e+00 2.1121283787e-05
1004 6.4628744913e+00 2.1063867862e-05
1005 6.4599010720e+00 2.1117843482e-05
1006 6.4569441685e+00 2.1297168734e-05
1007 6.4539729930e+00 2.1053580092e-05
1008 6.4510828843e+00 2.0920464690e-05
1009 6.4482789338e+00 2.0613202519e-05
1010 6.4455369556e+00 2.0353806606e-05
1011 6.4428593452e+00 2.0249463954e-05
1012 6.4401745651e+00 2.0492230751e-05
1013 6.4374117157e+00 2.0671367860e-05
1014 6.4346543600e+00 2.0527117643e-05
1015 6.4319531430e+00 2.0276356839e-05
1016 6.4293766037e+00 1.9953740588e-05
1017 6.4268213176e+00 1.9904528154e-05
1018 6.4242090037e+00 1.9991635600e-05
1019 6.4215555136e+00 1.9916639983e-05
1020 6.4188883846e+00 1.9684004726e-05
1021 6.4162698392e+00 1.9481183413e-05
1022 6.4137647678e+00 1.9135605510e-05
1023 6.4113050194e+00 1.8945161136e-05
1024 6.4089119836e+00 1.8936839806e-05
1025 6.4064640996e+00 1.8875052607e-05
1026 6.4040146394e+00 1.8928587949e-05
1027 6.4016157713e+00 1.8794509848e-05
1028 6.3992523844e+00 1.8844409878e-05
1029 6.3968912399e+00 1.8880262527e-05
1030 6.3944582700e+00 1.8916636244e-05
1031 6.3919392200e+00 1.9096105345e-05
1032 6.3893752101e+00 1.9208792305e-05
1033 6.3867471513e+00 1.9212388363e-05
1034 6.3841243629e+00 1.9298222610e-05
1035 6.3815021995e+00 1.9374403055e-05
1036 6.3789171427e+00 1.9267592945e-05
1037 6.3764129680e+00 1.9221880229e-05
1038 6.3738786885e+00 1.9450339499e-05
1039 6.3712774920e+00 1.9463382104e-05
1040 6.3685927855e+00 1.9688261447e-05
1041 6.3658119246e+00 1.9875641217e-05
1042 6.3629982066e+00 2.0201104374e-05
1043 6.3601384090e+00 2.0292853748e-05
1044 6.3571928511e+00 2.0639731221e-05
1045 6.3541573153e+00 2.0643187490e-05
1046 6.3511437695e+00 2.0765813965e-05
1047 6.3482525557e+00 2.0924844713e-05
1048 6.3453462423e+00 2.1114451718e-05
1049 6.3423267687e+00 2.1046540486e-05
1050 6.3391804557e+00 2.0943656564e-05
1051 6.3359985104e+00 2.0827587001e-05
1052 6.3328350065e+00 2.0874958255e-05
1053 6.3297557143e+00 2.0882364010e-05
1054 6.3267626061e+00 2.0863606646e-05
1055 6.3238766996e+00 2.0841881894e-05
1056 6.3209660021e+00 2.0825054622e-05
1057 6.3179560702e+00 2.0813615732e-05
1058 6.3149550770e+00 2.0830691020e-05
1059 6.3120180197e+00 2.0537524155e-05
1060 6.3091382603e+00 2.0630671123e-05
1061 6.3062516285e+00 2.0412598758e-05
1062 6.3032856178e+00 2.0474603650e-05
1063 6.3003647214e+00 2.0312651938e-05
1064 6.2974898255e+00 2.0036533671e-05
1065 6.2946941637e+00 1.9789719927e-05
1066 6.2919662750e+00 1.9698177773e-05
1067 6.2892245863e+00 1.9779726448e-05
1068 6.2864779787e+00 1.9579312015e-05
1069 6.2838119677e+00 1.9676138463e-05
1070 6.2812731467e+00 1.9677226938e-05
1071 6.2786717700e+00 1.9669019643e-05
1072 6.2759857101e+00 1.9668435977e-05
1073 6.2732294894e+00 1.9664173791e-05
1074 6.2705387690e+00 1.9482620862e-05
1075 6.2679688410e+00 1.9131261845e-05
1076 6.2654688026e+00 1.9203579770e-05
1077 6.2628805145e+00 1.9372229393e-05
1078 6.2601797401e+00 1.9570527481e-05
1079 6.2573968026e+00 1.9693337893e-05
1080 6.2546864060e+00 1.9723845925e-05
1081 6.2521116762e+00 1.9781193748e-05
1082 6.2494993944e+00 1.9936056731e-05
1083 6.2466940618e+00 2.0078654023e-05
1084 6.2437883367e+00 2.0185684758e-05
1085 6.2408339545e+00 2.0007637944e-05
1086 6.2379359279e+00 2.0023091573e-05
1087 6.2350403359e+00 1.9900359378e-05
1088 6.2321020262e+00 2.0061430726e-05
1089 6.2291687690e+00 2.0012765565e-05
1090 6.2262929177e+00 1.9973562923e-05
1091 6.2235200846e+00 1.9931859264e-05
1092 6.2208187178e+00 1.9635859486e-05
1093 6.2180941000e+00 1.9700855958e-05
1094 6.2153023706e+00 1.9938672161e-05
1095 6.2124249168e+00 2.0189711068e-05
1096 6.2096110828e+00 2.0193755069e-05
1097 6.2068441161e+00 2.0261628810e-05
1098 6.2040000312e+00 2.0558773951e-05
1099 6.2009496054e+00 2.0828362882e-05
1100 6.1977616522e+00 2.1064996555e-05
1101 6.1945680980e+00 2.1278339127e-05
1102 6.1914339529e+00 2.1158716909e-05
1103 6.1884597137e+00 2.1250196174e-05
1104 6.1853812244e+00 2.1161922985e-05
1105 6.1822224374e+00 2.1150881614e-05
1106 6.1790506220e+00 2.0853582419e-05
1107 6.1759466022e+00 2.0639230037e-05
1108 6.1729714399e+00 2.0259335754e-05
1109 6.1701874956e+00 2.0144625323e-05
1110 6.1675595829e+00 1.9867369240e-05
1111 6.1648500625e+00 1.9970748596e-05
1112 6.1620205139e+00 2.0004736775e-05
1113 6.1591361626e+00 2.0061175213e-05
1114 6.1562275465e+00 1.9837771191e-05
1115 6.1533470039e+00 1.9813189162e-05
1116 6.1505243217e+00 1.9754575763e-05
1117 6.1478444341e+00 1.9419040513e-05
1118 6.1453563005e+00 1.9092968105e-05
1119 6.1429181390e+00 1.8969424225e-05
1120 6.1404218231e+00 1.8724667987e-05
1121 6.1379259076e+00 1.8550255745e-05
1122 6.1354703250e+00 1.8393540165e-05
1123 6.1330623303e+00 1.8126468302e-05
1124 6.1306877115e+00 1.7944267514e-05
1125 6.1283247220e+00 1.8093731117e-05
1126 6.1259288750e+00 1.8232006086e-05
1127 6.1234655130e+00 1.8471448056e-05
1128 6.1209823140e+00 1.8671276487e-05
1129 6.1185212076e+00 1.8786887289e-05
1130 6.1160994178e+00 1.9023357033e-05
1131 6.1135485855e+00 1.9516916375e-05
1132 6.1107748204e+00 1.9664672906e-05
1133 6.1079052361e+00 2.0184687180e-05
1134 6.1049567074e+00 2.0065119246e-05
1135 6.1020517091e+00 1.9971988111e-05
1136 6.0992657186e+00 1.9751333033e-05
1137 6.0964775771e+00 1.9948114012e-05
1138 6.0936272153e+00 1.9870411404e-05
1139 6.0907112988e+00 2.0053933630e-05
1140 6.0877537674e+00 2.0119864035e-05
1141 6.0847387638e+00 2.0211357299e-05
1142 6.0817119128e+00 2.0345539899e-05
1143 6.0786554017e+00 2.0507095837e-05
1144 6.0756363808e+00 2.0354316769e-05
1145 6.0726500853e+00 2.0418986501e-05
1146 6.0696456892e+00 2.0664660052e-05
1147 6.0665387100e+00 2.0437737372e-05
1148 6.0635526027e+00 2.0199185089e-05
1149 6.0607414601e+00 1.9761127667e-05
1150 6.0579959890e+00 1.9749923955e-05
1151 6.0551873733e+00 2.0191344280e-05
1152 6.0523250600e+00 2.0107239789e-05
1153 6.0494731284e+00 1.9900279421e-05
1154 6.0466843390e+00 1.9937520041e-05
1155 6.0438027826e+00 2.0068427425e-05
1156 6.0408224152e+00 2.0403536098e-05
1157 6.0377593531e+00 2.0312219165e-05
1158 6.0347946492e+00 2.0087081542e-05
1159 6.0320197732e+00 1.9866897891e-05
1160 6.0293219490e+00 1.9854353036e-05
1161 6.0265115404e+00 2.0042630190e-05
1162 6.0236099578e+00 2.0030158499e-05
1163 6.0206424787e+00 1.9865621930e-05
1164 6.0176932751e+00 1.9786865972e-05
1165 6.0147631231e+00 1.9507946287e-05
1166 6.0119154232e+00 1.9478760152e-05
1167 6.0091386597e+00 1.9171521801e-05
1168 6.0064471224e+00 1.9291934766e-05
1169 6.0037515247e+00 1.9190461260e-05
1170 6.0010211451e+00 1.9276110336e-05
1171 5.9982410843e+00 1.9260765131e-05
1172 5.9954488631e+00 1.9282099540e-05
1173 5.9926770294e+00 1.9439041011e-05
1174 5.9900359631e+00 1.9301769318e-05
1175 5.9875386458e+00 1.9008484400e-05
1176 5.9850233833e+00 1.8919233089e-05
1177 5.9824022458e+00 1.8837581372e-05
1178 5.9797386832e+00 1.8871583240e-05
1179 5.9770920951e+00 1.8411738792e-05
1180 5.9745497951e+00 1.8259138934e-05
1181 5.9720749417e+00 1.8001236339e-05
1182 5.9695836894e+00 1.8129908728e-05
1183 5.9670640552e+00 1.8236915284e-05
1184 5.9645642026e+00 1.8223722865e-05
1185 5.9621147049e+00 1.8033291591e-05
1186 5.9597304540e+00 1.7861022031e-05
1187 5.9573593205e+00 1.8040658868e-05
1188 5.9549950630e+00 1.8139338915e-05
1189 5.9526371517e+00 1.8047826104e-05
1190 5.9503199491e+00 1.7806237293e-05
1191 5.9479494442e+00 1.7758041326e-05
1192 5.9455129593e+00 1.7843406996e-05
1193 5.9430215821e+00 1.8032821008e-05
1194 5.9404691630e+00 1.8229397453e-05
1195 5.9379120874e+00 1.8362205678e-05
1196 5.9353313901e+00 1.8124393870e-05
1197 5.9328042942e+00 1.8097471073e-05
1198 5.9303617933e+00 1.7960253298e-05
1199 5.9279946528e+00 1.8163049040e-05
1200 5.9255958559e+00 1.8315070629e-05
1201 5.9230802253e+00 1.8259594314e-05
1202 5.9204889884e+00 1.8185252610e-05
1203 5.9179790237e+00 1.7964960440e-05
1204 5.9156312931e+00 1.7533354812e-05
1205 5.9134381980e+00 1.7495037919e-05
1206 5.9112361949e+00 1.7530266863e-05
1207 5.9089271612e+00 1.7438384507e-05
1208 5.9065772115e+00 1.7353822204e-05
1209 5.9042201985e+00 1.7240701690e-05
1210 5.9018363734e+00 1.7209521416e-05
1211 5.8994384129e+00 1.7458596494e-05
1212 5.8970052792e+00 1.7627259526e-05
1213 5.8945237244e+00 1.7862269686e-05
1214 5.8920471621e+00 1.7942574105e-05
1215 5.8896612895e+00 1.7976222566e-05
1216 5.8873465161e+00 1.8013524823e-05
1217 5.8848936323e+00 1.8155079224e-05
1218 5.8823050413e+00 1.8309517200e-05
1219 5.8796678745e+00 1.8308825784e-05
1220 5.8770481180e+00 1.8364355614e-05
1221 5.8744642445e+00 1.8481992321e-05
1222 5.8718605207e+00 1.8576662838e-05
1223 5.8691648313e+00 1.8591139774e-05
1224 5.8664822641e+00 1.8418787440e-05
1225 5.8638323641e+00 1.8259132233e-05
1226 5.8612125665e+00 1.8095244459e-05
1227 5.8586565819e+00 1.8180975573e-05
1228 5.8561742763e+00 1.8189744101e-05
1229 5.8537736645e+00 1.8013268204e-05
1230 5.8514617505e+00 1.7665350622e-05
1231 5.8490927719e+00 1.7596675791e-05
1232 5.8466937315e+00 1.7563157910e-05
1233 5.8442697847e+00 1.7583649323e-05
1234 5.8418437275e+00 1.7654373905e-05
1235 5.8394043914e+00 1.7798725562e-05
1236 5.8369758632e+00 1.7785156701e-05
1237 5.8346582944e+00 1.7862662073e-05
1238 5.8323335228e+00 1.7879724399e-05
1239 5.8299243508e+00 1.7744224644e-05
1240 5.8274539276e+00 1.7781076517e-05
1241 5.8250104293e+00 1.7668249911e-05
1242 5.8226255034e+00 1.7496734363e-05
1243 5.8203393209e+00 1.7106336815e-05
1244 5.8181240934e+00 1.7069109436e-05
1245 5.8158987156e+00 1.7051249782e-05
1246 5.8136637732e+00 1.6908314675e-05
1247 5.8115343223e+00 1.6764966554e-05
1248 5.8095465779e+00 1.6519478109e-05
1249 5.8075879200e+00 1.6388100184e-05
1250 5.8055469660e+00 1.6250717625e-05
1251 5.8034962758e+00 1.6199680891e-05
1252 5.8014834042e+00 1.5843636350e-05
1253 5.7995288624e+00 1.5701666443e-05
1254 5.7976854434e+00 1.5290056739e-05
1255 5.7959525922e+00 1.4947698338e-05
1256 5.7942983791e+00 1.4857094803e-05
1257 5.7926181057e+00 1.4624658276e-05
1258 5.7909335548e+00 1.4710201147e-05
1259 5.7892316434e+00 1.4585680565e-05
1260 5.7875627990e+00 1.4384498056e-05
1261 5.7859929815e+00 1.4206418399e-05
1262 5.7844947542e+00 1.4079965802e-05
1263 5.7830018201e+00 1.4059497997e-05
1264 5.7814778459e+00 1.3998113030e-05
1265 5.7799580124e+00 1.3756794318e-05
1266 5.7785039626e+00 1.3456917074e-05
1267 5.7771247442e+00 1.3285422456e-05
1268 5.7757272752e+00 1.3300983154e-05
1269 5.7743111377e+00 1.3376092720e-05
1270 5.7728837270e+00 1.3318992075e-05
1271 5.7715014950e+00 1.3232753312e-05
1272 5.7701540178e+00 1.3223328228e-05
1273 5.7687753023e+00 1.3291471866e-05
1274 5.7673436678e+00 1.3303957487e-05
1275 5.7658726179e+00 1.3487130706e-05
1276 5.7643825421e+00 1.3492607112e-05
1277 5.7629049545e+00 1.3567084674e-05
1278 5.7614606776e+00 1.3600497263e-05
1279 5.7600097024e+00 1.3941939561e-05
1280 5.7584695840e+00 1.4043169721e-05
1281 5.7568661991e+00 1.4052705377e-05
1282 5.7552545896e+00 1.3854398667e-05
1283 5.7536305717e+00 1.3978995854e-05
1284 5.7519750147e+00 1.4175869240e-05
1285 5.7502850240e+00 1.4460928479e-05
1286 5.7485813316e+00 1.4606226696e-05
1287 5.7468257972e+00 1.4726121487e-05
1288 5.7450409919e+00 1.4812090794e-05
1289 5.7432606520e+00 1.4980762455e-05
1290 5.7415053232e+00 1.5193246964e-05
1291 5.7397086911e+00 1.5212255126e-05
1292 5.7378526877e+00 1.5212670231e-05
1293 5.7359571426e+00 1.5175786263e-05
1294 5.7340649627e+00 1.5186585535e-05
1295 5.7321985310e+00 1.5203932613e-05
1296 5.7303434245e+00 1.5220824984e-05
1297 5.7284670495e+00 1.5254123028e-05
1298 5.7265417502e+00 1.5321674973e-05
1299 5.7245725687e+00 1.5328496904e-05
1300 5.7226174502e+00 1.5483907379e-05
1301 5.7206795953e+00 1.5401033871e-05
1302 5.7187039716e+00 1.5410223683e-05
1303 5.7167560256e+00 1.5355841125e-05
1304 5.7148518713e+00 1.5415328412e-05
1305 5.7129820463e+00 1.5527159242e-05
1306 5.7111234984e+00 1.5479502595e-05
1307 5.7092267247e+00 1.5351453882e-05
1308 5.7072665072e+00 1.5620321861e-05
1309 5.7052773328e+00 1.5660142177e-05
1310 5.7032910727e+00 1.5728313493e-05
1311 5.7013407471e+00 1.5751710188e-05
1312 5.6993939053e+00 1.5900127938e-05
1313 5.6974292077e+00 1.5983750665e-05
1314 5.6954246300e+00 1.6171356319e-05
1315 5.6934312540e+00 1.5900568315e-05
1316 5.6914819906e+00 1.5698001950e-05
1317 5.6895592777e+00 1.5469824072e-05
1318 5.6876562456e+00 1.5408396588e-05
1319 5.6857999170e+00 1.5197127467e-05
1320 5.6840970730e+00 1.4874242248e-05
1321 5.6825097680e+00 1.4594374304e-05
1322 5.6809305668e+00 1.4435283851e-05
1323 5.6792670612e+00 1.4374432228e-05
1324 5.6775923350e+00 1.4529578899e-05
1325 5.6758771724e+00 1.4533579252e-05
1326 5.6741701468e+00 1.4613426778e-05
1327 5.6724704209e+00 1.4518124709e-05
1328 5.6707808216e+00 1.4451368999e-05
1329 5.6691147494e+00 1.4151738581e-05
1330 5.6674994853e+00 1.3964507175e-05
1331 5.6659066139e+00 1.4060557976e-05
1332 5.6643107870e+00 1.4176868964e-05
1333 5.6626980585e+00 1.4154102721e-05
1334 5.6611369626e+00 1.4103706141e-05
1335 5.6596510438e+00 1.4163175956e-05
1336 5.6580934295e+00 1.4391729345e-05
1337 5.6564040181e+00 1.4602338839e-05
1338 5.6546766915e+00 1.4557097812e-05
1339 5.6529506613e+00 1.4594370946e-05
1340 5.6512211641e+00 1.4564059710e-05
1341 5.6495214039e+00 1.4399637547e-05
1342 5.6479259603e+00 1.4238471953e-05
1343 5.6463966764e+00 1.4204497546e-05
1344 5.6448379514e+00 1.4301402898e-05
1345 5.6432183184e+00 1.4372118827e-05
1346 5.6415916607e+00 1.4369923787e-05
1347 5.6400100708e+00 1.4171972270e-05
1348 5.6384656477e+00 1.4049360822e-05
1349 5.6368983553e+00 1.3947471130e-05
1350 5.6353263544e+00 1.3848923412e-05
1351 5.6337553069e+00 1.3767739418e-05
1352 5.6321822121e+00 1.3759046263e-05
1353 5.6306280618e+00 1.3763481678e-05
1354 5.6291194747e+00 1.3688635474e-05
1355 5.6277032912e+00 1.3511027409e-05
1356 5.6263347654e+00 1.3469323782e-05
1357 5.6249035038e+00 1.3407227761e-05
1358 5.6234432827e+00 1.3232856671e-05
1359 5.6219887923e+00 1.3193020127e-05
1360 5.6205433591e+00 1.3023828320e-05
1361 5.6191292458e+00 1.2803783855e-05
1362 5.6178076029e+00 1.2523747184e-05
1363 5.6165144644e+00 1.2492315779e-05
1364 5.6151966019e+00 1.2742535390e-05
1365 5.6138274075e+00 1.2795459163e-05
1366 5.6124556242e+00 1.2701964899e-05
1367 5.6111563804e+00 1.2340477547e-05
1368 5.6099545519e+00 1.2055551304e-05
1369 5.6087762929e+00 1.1940950980e-05
1370 5.6075809737e+00 1.1765071721e-05
1371 5.6064074760e+00 1.1589756301e-05
1372 5.6052602340e+00 1.1392484643e-05
1373 5.6041427347e+00 1.1383951778e-05
1374 5.6030255219e+00 1.1261379377e-05
1375 5.6019094336e+00 1.1181904766e-05
1376 5.6008079118e+00 1.1005269990e-05
1377 5.5997522136e+00 1.0796722215e-05
1378 5.5987424534e+00 1.0649599100e-05
1379 5.5977457799e+00 1.0736728119e-05
1380 5.5967369541e+00 1.0730601134e-05
1381 5.5957086232e+00 1.0637921061e-05
1382 5.5947094047e+00 1.0515710864e-05
1383 5.5937418026e+00 1.0336032365e-05
1384 5.5927940870e+00 1.0378387243e-05
1385 5.5918358161e+00 1.0370179830e-05
1386 5.5908422112e+00 1.0386177336e-05
1387 5.5898591079e+00 1.0336934628e-05
1388 5.5888670163e+00 1.0188139037e-05
1389 5.5878842805e+00 1.0241514092e-05
1390 5.5868842416e+00 1.0260341720e-05
1391 5.5858549282e+00 1.0515683010e-05
1392 5.5848184623e+00 1.0568238612e-05
1393 5.5837876405e+00 1.0629625671e-05
1394 5.5827840449e+00 1.0648993262e-05
1395 5.5817450282e+00 1.0697540687e-05
1396 5.5806713733e+00 1.0693239015e-05
1397 5.5796069233e+00 1.0767818768e-05
1398 5.5785375591e+00 1.0756899673e-05
1399 5.5774561267e+00 1.0913636034e-05
1400 5.5762872429e+00 1.1221842090e-05
1401 5.5750385099e+00 1.1461140276e-05
1402 5.5737805366e+00 1.1546562374e-05
1403 5.5725620230e+00 1.1557705871e-05
1404 5.5713379056e+00 1.1681268942e-05
1405 5.5700030717e+00 1.1852730630e-05
1406 5.5685776620e+00 1.2045815235e-05
1407 5.5670817801e+00 1.2283309777e-05
1408 5.5655303947e+00 1.2485725632e-05
1409 5.5639355332e+00 1.2456615802e-05
1410 5.5623469019e+00 1.2493489423e-05
1411 5.5607308430e+00 1.2640494385e-05
1412 5.5590658021e+00 1.2946749899e-05
1413 5.5573025935e+00 1.3283182088e-05
1414 5.5554532095e+00 1.3486875798e-05
1415 5.5535391389e+00 1.3650468522e-05
1416 5.5516194257e+00 1.3669363012e-05
1417 5.5497651024e+00 1.3788939715e-05
1418 5.5478899757e+00 1.3882349504e-05
1419 5.5459205897e+00 1.3941806133e-05
1420 5.5438827258e+00 1.3999462397e-05
1421 5.5418151509e+00 1.3966401678e-05
1422 5.5397769383e+00 1.3790614015e-05
1423 5.5377748723e+00 1.3932202111e-05
1424 5.5358335993e+00 1.4015581031e-05
1425 5.5339341403e+00 1.3984295848e-05
1426 5.5319638076e+00 1.4108028830e-05
1427 5.5298605477e+00 1.4274548048e-05
1428 5.5276182417e+00 1.4511267519e-05
1429 5.5253108349e+00 1.4833023065e-05
1430 5.5230124851e+00 1.4868373720e-05
1431 5.5207835747e+00 1.4994366889e-05
1432 5.5185594430e+00 1.5096890854e-05
1433 5.5162093174e+00 1.5178471606e-05
1434 5.5137825166e+00 1.5208861987e-05
1435 5.5113915505e+00 1.5097881836e-05
1436 5.5090606985e+00 1.5155577198e-05
1437 5.5067936219e+00 1.5152133487e-05
1438 5.5045038295e+00 1.5123279510e-05
1439 5.5021606939e+00 1.4939312518e-05
1440 5.4998276664e+00 1.4799745651e-05
1441 5.4975347028e+00 1.4629581852e-05
1442 5.4952267397e+00 1.4649627391e-05
1443 5.4929120252e+00 1.4832997868e-05
1444 5.4905602480e+00 1.4907348977e-05
1445 5.4882103029e+00 1.5029485983e-05
1446 5.4859822751e+00 1.4830428885e-05
1447 5.4838253613e+00 1.4752544610e-05
1448 5.4815469682e+00 1.4833727998e-05
1449 5.4791682586e+00 1.4985370458e-05
1450 5.4767520555e+00 1.4995589999e-05
1451 5.4743056839e+00 1.5169575380e-05
1452 5.4718792194e+00 1.5172567917e-05
1453 5.4694984357e+00 1.5143083050e-05
1454 5.4672219490e+00 1.5044082408e-05
1455 5.4648968520e+00 1.5191105436e-05
1456 5.4624755039e+00 1.5135631479e-05
1457 5.4600870682e+00 1.5100833500e-05
1458 5.4577553935e+00 1.4811818797e-05
1459 5.4555571007e+00 1.4695082018e-05
1460 5.4534265105e+00 1.4694922169e-05
1461 5.4512173238e+00 1.4767179054e-05
1462 5.4489611511e+00 1.4603590530e-05
1463 5.4466878459e+00 1.4570292176e-05
1464 5.4444746897e+00 1.4304170738e-05
1465 5.4423594280e+00 1.4125991816e-05
1466 5.4403734571e+00 1.3945295048e-05
1467 5.4384028874e+00 1.3887095408e-05
1468 5.4364088471e+00 1.3711038515e-05
1469 5.4344348708e+00 1.3697965845e-05
1470 5.4324546572e+00 1.3690752930e-05
1471 5.4305007534e+00 1.3623312779e-05
1472 5.4285648359e+00 1.3383122009e-05
1473 5.4267021865e+00 1.3185421069e-05
1474 5.4249286113e+00 1.3127464378e-05
1475 5.4231475065e+00 1.3301132647e-05
1476 5.4212763793e+00 1.3546361213e-05
1477 5.4193620451e+00 1.3630237300e-05
1478 5.4174653889e+00 1.3546604641e-05
1479 5.4155960657e+00 1.3572944750e-05
1480 5.4136731996e+00 1.3773013264e-05
1481 5.4116641145e+00 1.3884246555e-05
1482 5.4096112311e+00 1.3872515582e-05
1483 5.4075374735e+00 1.3872150645e-05
1484 5.4055277141e+00 1.3846326579e-05
1485 5.4035770829e+00 1.3757546127e-05
1486 5.4016744029e+00 1.3810809681e-05
1487 5.3997224819e+00 1.3987341394e-05
1488 5.3976925545e+00 1.3948704932e-05
1489 5.3956723986e+00 1.3875739779e-05
1490 5.3937194105e+00 1.3749228760e-05
1491 5.3918173000e+00 1.3639488707e-05
1492 5.3899204046e+00 1.3427008811e-05
1493 5.3880256349e+00 1.3247832542e-05
1494 5.3861570656e+00 1.3136431459e-05
1495 5.3842855512e+00 1.2994192360e-05
1496 5.3824622125e+00 1.2943682590e-05
1497 5.3807047744e+00 1.2913063015e-05
1498 5.3790650838e+00 1.2934363297e-05
1499 5.3774219288e+00 1.2826179518e-05
1500 5.3757295494e+00 1.2692997937e-05
1501 5.3740029084e+00 1.2746305046e-05
1502 5.3722486849e+00 1.2850865762e-05
1503 5.3704845920e+00 1.2807700084e-05
1504 5.3687281026e+00 1.2792867268e-05
1505 5.3669610998e+00 1.2811552527e-05
1506 5.3651665993e+00 1.2818720687e-05
1507 5.3633505624e+00 1.2882623760e-05
1508 5.3615707046e+00 1.2790332592e-05
1509 5.3598512856e+00 1.2659969179e-05
1510 5.3581842138e+00 1.2531887763e-05
1511 5.3566045635e+00 1.2479472962e-05
1512 5.3550754221e+00 1.2399672938e-05
1513 5.3535032801e+00 1.2311300748e-05
1514 5.3519031862e+00 1.2229002469e-05
1515 5.3502787408e+00 1.2278460559e-05
1516 5.3486413874e+00 1.2255638963e-05
1517 5.3470211107e+00 1.2388824368e-05
1518 5.3454348758e+00 1.2397497010e-05
1519 5.3438426926e+00 1.2352676897e-05
1520 5.3422633567e+00 1.2304459318e-05
1521 5.3406857216e+00 1.2235193205e-05
1522 5.3390917084e+00 1.2187020973e-05
1523 5.3375252809e+00 1.2127203121e-05
1524 5.3359700606e+00 1.2027098536e-05
1525 5.3344250974e+00 1.2038051190e-05
1526 5.3328842784e+00 1.2257966409e-05
1527 5.3313229452e+00 1.2355229614e-05
1528 5.3297217781e+00 1.2413495776e-05
1529 5.3281063320e+00 1.2479592183e-05
1530 5.3263855194e+00 1.2631901502e-05
1531 5.3246132809e+00 1.2726503315e-05
1532 5.3228433398e+00 1.2621334270e-05
1533 5.3211316672e+00 1.2399354119e-05
1534 5.3194613907e+00 1.2131185334e-05
1535 5.3178262891e+00 1.2036949343e-05
1536 5.3161956470e+00 1.2072045112e-05
1537 5.3145764445e+00 1.2061916643e-05
1538 5.3129536769e+00 1.2177224305e-05
1539 5.3113284370e+00 1.2161810971e-05
1540 5.3096615227e+00 1.2242588544e-05
1541 5.3079970155e+00 1.2308744921e-05
1542 5.3063342339e+00 1.2289851743e-05
1543 5.3047236434e+00 1.2180953206e-05
1544 5.3031468565e+00 1.1929302763e-05
1545 5.3016256501e+00 1.2039846508e-05
1546 5.3001079967e+00 1.2175936555e-05
1547 5.2985654805e+00 1.2297984347e-05
1548 5.2969667948e+00 1.2326484131e-05
1549 5.2953850257e+00 1.2337925929e-05
1550 5.2937726445e+00 1.2356920388e-05
1551 5.2921220049e+00 1.2449309516e-05
1552 5.2904699485e+00 1.2420685823e-05
1553 5.2888203315e+00 1.2352796355e-05
1554 5.2872115748e+00 1.2308691775e-05
1555 5.2856144259e+00 1.2288850318e-05
1556 5.2839875241e+00 1.2447842600e-05
1557 5.2823059557e+00 1.2651536230e-05
1558 5.2805604437e+00 1.2710753749e-05
1559 5.2787831530e+00 1.2844466379e-05
1560 5.2770404088e+00 1.2719468510e-05
1561 5.2753906538e+00 1.2553156115e-05
1562 5.2738351239e+00 1.2584562110e-05
1563 5.2722048439e+00 1.2927832888e-05
1564 5.2703955940e+00 1.3100885244e-05
1565 5.2685192531e+00 1.3301155258e-05
1566 5.2666605885e+00 1.3277728601e-05
1567 5.2648947853e+00 1.3225903786e-05
1568 5.2631241124e+00 1.3313781363e-05
1569 5.2612244685e+00 1.3363324302e-05
1570 5.2592484028e+00 1.3463823889e-05
1571 5.2572571967e+00 1.3597913067e-05
1572 5.2552269765e+00 1.3660635842e-05
1573 5.2531765842e+00 1.3601511158e-05
1574 5.2511294488e+00 1.3591407502e-05
1575 5.2491503193e+00 1.3457502237e-05
1576 5.2471994471e+00 1.3296418661e-05
1577 5.2452554557e+00 1.3169162960e-05
1578 5.2433468787e+00 1.3154391639e-05
1579 5.2414619726e+00 1.3273454771e-05
1580 5.2395725635e+00 1.3373491676e-05
1581 5.2376814503e+00 1.3261855498e-05
1582 5.2357945616e+00 1.3053842201e-05
1583 5.2339568375e+00 1.2925432810e-05
1584 5.2321601966e+00 1.2802050885e-05
1585 5.2304073825e+00 1.2891294175e-05
1586 5.2286762749e+00 1.2968347697e-05
1587 5.2269831022e+00 1.2733749361e-05
1588 5.2253077777e+00 1.2503698289e-05
1589 5.2236085293e+00 1.2528326520e-05
1590 5.2218958104e+00 1.2671726797e-05
1591 5.2201576212e+00 1.2691001261e-05
1592 5.2183999415e+00 1.2685756835e-05
1593 5.2166811438e+00 1.2589521268e-05
1594 5.2150526721e+00 1.2558235793e-05
1595 5.2134551644e+00 1.2444084539e-05
1596 5.2118153728e+00 1.2470169622e-05
1597 5.2101621912e+00 1.2331798245e-05
1598 5.2085389895e+00 1.2224941462e-05
1599 5.2069844012e+00 1.2003063711e-05
1600 5.2054493531e+00 1.2102097365e-05
1601 5.2038406725e+00 1.2358926349e-05
1602 5.2021340566e+00 1.2537822481e-05
1603 5.2004064210e+00 1.2497875508e-05
1604 5.1987279234e+00 1.2321675831e-05
1605 5.1971252370e+00 1.2219151446e-05
1606 5.1956154015e+00 1.2163989226e-05
1607 5.1940811002e+00 1.2255496411e-05
1608 5.1924420244e+00 1.2344441046e-05
1609 5.1907621458e+00 1.2265370589e-05
1610 5.1891672392e+00 1.2054432601e-05
1611 5.1876826859e+00 1.1902097374e-05
1612 5.1862129040e+00 1.2029501150e-05
1613 5.1846670100e+00 1.2138036442e-05
1614 5.1830476610e+00 1.2135921850e-05
1615 5.1814757620e+00 1.2020237009e-05
1616 5.1799993907e+00 1.1839778711e-05
1617 5.1785564227e+00 1.1779056675e-05
1618 5.1770467986e+00 1.1829322120e-05
1619 5.1755189300e+00 1.1667320536e-05
1620 5.1740212451e+00 1.1600214837e-05
1621 5.1725853735e+00 1.1389047539e-05
1622 5.1711949784e+00 1.1209246619e-05
1623 5.1698478697e+00 1.1091065050e-05
1624 5.1684983532e+00 1.1242358224e-05
1625 5.1671333454e+00 1.1322334175e-05
1626 5.1657388783e+00 1.1292423282e-05
1627 5.1643912936e+00 1.1018117037e-05
1628 5.1631163797e+00 1.0864789879e-05
1629 5.1618702957e+00 1.0859227357e-05
1630 5.1606117763e+00 1.0791424277e-05
1631 5.1593398093e+00 1.0763684154e-05
1632 5.1580669460e+00 1.0713910864e-05
1633 5.1568041832e+00 1.0756911245e-05
1634 5.1555427869e+00 1.0837951515e-05
1635 5.1542613032e+00 1.0791882921e-05
1636 5.1529967140e+00 1.0562889409e-05
1637 5.1517699279e+00 1.0439698219e-05
1638 5.1505576653e+00 1.0399218805e-05
1639 5.1493228228e+00 1.0452693715e-05
1640 5.1480850589e+00 1.0455485571e-05
1641 5.1468526150e+00 1.0454505551e-05
1642 5.1456775875e+00 1.0323199481e-05
1643 5.1445612274e+00 1.0309289023e-05
1644 5.1433962152e+00 1.0416953217e-05
1645 5.1421613880e+00 1.0475518130e-05
1646 5.1408894874e+00 1.0483066059e-05
1647 5.1396064932e+00 1.0388408129e-05
1648 5.1383444498e+00 1.0379914396e-05
1649 5.1371067987e+00 1.0285620601e-05
1650 5.1358880371e+00 1.0191527426e-05
1651 5.1347279318e+00 1.0062429002e-05
1652 5.1336278121e+00 9.9217000616e-06
1653 5.1325468722e+00 9.9262212733e-06
1654 5.1314364346e+00 9.9633274468e-06
1655 5.1302847648e+00 9.9499660275e-06
1656 5.1291154713e+00 9.8969788554e-06
1657 5.1279607388e+00 9.8627526390e-06
1658 5.1268512195e+00 9.8360917891e-06
1659 5.1257618806e+00 9.9270484462e-06
1660 5.1246308293e+00 9.9485051554e-06
1661 5.1234550814e+00 9.9347665592e-06
1662 5.1222671569e+00 9.9080465725e-06
1663 5.1210846997e+00 9.9274334474e-06
1664 5.1199275014e+00 9.9200436873e-06
1665 5.1188157453e+00 1.0017819738e-05
1666 5.1177211549e+00 9.9215133254e-06
1667 5.1166046901e+00 9.8762888132e-06
1668 5.1154507796e+00 9.8746211771e-06
1669 5.1142862566e+00 9.9056165984e-06
1670 5.1131185710e+00 9.8721153569e-06
1671 5.1119439227e+00 9.7869435888e-06
1672 5.1107920350e+00 9.6582544996e-06
1673 5.1096750338e+00 9.5939215276e-06
1674 5.1085754046e+00 9.5685775384e-06
1675 5.1074519210e+00 9.5940120555e-06
1676 5.1063082737e+00 9.7430120367e-06
1677 5.1051525884e+00 9.8330961367e-06
1678 5.1040039133e+00 9.8852284767e-06
1679 5.1028731857e+00 9.9336053441e-06
1680 5.1016770648e+00 1.0152330702e-05
1681 5.1004143190e+00 1.0339639278e-05
1682 5.0990939023e+00 1.0527100417e-05
1683 5.0977403778e+00 1.0567361903e-05
1684 5.0964012025e+00 1.0511243336e-05
1685 5.0951217519e+00 1.0356690176e-05
1686 5.0938957130e+00 1.0411486976e-05
1687 5.0926320432e+00 1.0403757650e-05
1688 5.0913321231e+00 1.0333802159e-05
1689 5.0900570220e+00 1.0270640560e-05
1690 5.0888287008e+00 1.0200828618e-05
1691 5.0876380924e+00 1.0165320668e-05
1692 5.0864163289e+00 1.0257430496e-05
1693 5.0851372371e+00 1.0307155762e-05
1694 5.0838379539e+00 1.0216630188e-05
1695 5.0825595170e+00 1.0158982597e-05
1696 5.0813134450e+00 1.0040121081e-05
1697 5.0800873118e+00 1.0142151527e-05
1698 5.0788751222e+00 1.0094687685e-05
1699 5.0776419751e+00 1.0042199614e-05
1700 5.0764125880e+00 9.9926282644e-06
1701 5.0751836733e+00 9.8271220459e-06
1702 5.0739772829e+00 9.8449346539e-06
1703 5.0727895687e+00 9.6938121794e-06
1704 5.0716069002e+00 9.7288791732e-06
1705 5.0704521657e+00 9.6287333526e-06
1706 5.0693528271e+00 9.4953254736e-06
1707 5.0683343991e+00 9.3879455136e-06
1708 5.0672924487e+00 9.4450911997e-06
1709 5.0661713868e+00 9.4604336559e-06
1710 5.0650386368e+00 9.5159710481e-06
1711 5.0639047582e+00 9.4022968120e-06
1712 5.0627742409e+00 9.4027391085e-06
1713 5.0616502285e+00 9.3565539697e-06
1714 5.0605453377e+00 9.2497706897e-06
1715 5.0594477487e+00 9.2744404652e-06
1716 5.0583666824e+00 9.3177996060e-06
1717 5.0572809342e+00 9.2207386057e-06
1718 5.0562068957e+00 9.1965331895e-06
1719 5.0551306210e+00 9.1762537272e-06
1720 5.0540481966e+00 9.2438660540e-06
1721 5.0529367668e+00 9.4079721950e-06
1722 5.0518044342e+00 9.5060885349e-06
1723 5.0506629000e+00 9.5462145769e-06
1724 5.0495621311e+00 9.5068503848e-06
1725 5.0485319984e+00 9.4463493779e-06
1726 5.0474710843e+00 9.4133767661e-06
1727 5.0463643663e+00 9.3969669180e-06
1728 5.0452444541e+00 9.3929790328e-06
1729 5.0441133149e+00 9.3665396100e-06
1730 5.0429764656e+00 9.4124572930e-06
1731 5.0418560744e+00 9.3191266678e-06
1732 5.0407630631e+00 9.1848709860e-06
1733 5.0396880446e+00 9.1328528688e-06
1734 5.0386322142e+00 9.0992202930e-06
1735 5.0375885084e+00 9.0622806486e-06
1736 5.0365444542e+00 8.9781222605e-06
1737 5.0355057772e+00 9.0201172929e-06
1738 5.0344657647e+00 9.0041938412e-06
1739 5.0334822047e+00 8.9153266729e-06
1740 5.0325324744e+00 8.8350462340e-06
1741 5.0315504193e+00 8.8984496355e-06
1742 5.0305387833e+00 8.8880377016e-06
1743 5.0295182563e+00 8.8592426105e-06
1744 5.0285171225e+00 8.7100036205e-06
1745 5.0275765848e+00 8.6257081399e-06
1746 5.0266746014e+00 8.6333173261e-06
1747 5.0257587217e+00 8.6985089236e-06
1748 5.0247845182e+00 8.7072920463e-06
1749 5.0238000348e+00 8.7224760795e-06
1750 5.0228346683e+00 8.4962134140e-06
1751 5.0219205020e+00 8.3282998823e-06
1752 5.0210360713e+00 8.2240752591e-06
1753 5.0201450702e+00 8.2815361317e-06
1754 5.0192353495e+00 8.3898829494e-06
1755 5.0183219172e+00 8.4925200013e-06
1756 5.0174138054e+00 8.5655991320e-06
1757 5.0164897558e+00 8.6930938763e-06
1758 5.0155090649e+00 8.8724644273e-06
1759 5.0144900764e+00 8.8990272718e-06
1760 5.0134685193e+00 8.8437562129e-06
1761 5.0124838192e+00 8.7156913825e-06
1762 5.0115017892e+00 8.7649569493e-06
1763 5.0104563346e+00 8.9591663836e-06
1764 5.0093579150e+00 9.1167119068e-06
1765 5.0082358400e+00 9.1525086901e-06
1766 5.0071047422e+00 9.3155476453e-06
1767 5.0059710717e+00 9.3734173715e-06
1768 5.0048638990e+00 9.4131055419e-06
1769 5.0037283789e+00 9.5461618806e-06
1770 5.0025286933e+00 9.6590389186e-06
1771 5.0012513558e+00 9.8046465661e-06
1772 4.9999333739e+00 1.0012562390e-05
1773 4.9985807917e+00 1.0102758529e-05
1774 4.9972735661e+00 1.0209140711e-05
1775 4.9959720344e+00 1.0379186800e-05
1776 4.9945639044e+00 1.0606925026e-05
1777 4.9930245356e+00 1.0859895384e-05
1778 4.9913939767e+00 1.1000298902e-05
1779 4.9897032006e+00 1.1243242814e-05
1780 4.9880031224e+00 1.1377786243e-05
1781 4.9862955827e+00 1.1432672360e-05
1782 4.9846436609e+00 1.1538938645e-05
1783 4.9829304543e+00 1.1727212431e-05
1784 4.9810966835e+00 1.1830300844e-05
1785 4.9792018691e+00 1.1875350498e-05
1786 4.9772593465e+00 1.1836734794e-05
1787 4.9753444436e+00 1.1781722395e-05
1788 4.9734868743e+00 1.1723003204e-05
1789 4.9716241101e+00 1.1827478231e-05
1790 4.9696930519e+00 1.1999657835e-05
1791 4.9677291307e+00 1.2084385501e-05
1792 4.9657402413e+00 1.2135152832e-05
1793 4.9637592768e+00 1.2109758946e-05
1794 4.9618162537e+00 1.2004724431e-05
1795 4.9599634935e+00 1.1771294046e-05
1796 4.9581734164e+00 1.1847258693e-05
1797 4.9563888637e+00 1.1838513881e-05
1798 4.9545626858e+00 1.1836579038e-05
1799 4.9527734386e+00 1.1791435737e-05
1800 4.9510049208e+00 1.1737438028e-05
1801 4.9492153211e+00 1.1683772442e-05
1802 4.9473840495e+00 1.1896444778e-05
1803 4.9455082007e+00 1.1866488798e-05
1804 4.9436517357e+00 1.1876974409e-05
1805 4.9417894088e+00 1.1801064586e-05
1806 4.9399058443e+00 1.2029820209e-05
1807 4.9379838476e+00 1.2133523457e-05
1808 4.9360600808e+00 1.2310263783e-05
1809 4.9341373222e+00 1.2164473145e-05
1810 4.9321988134e+00 1.2205136622e-05
1811 4.9302442876e+00 1.2164088936e-05
1812 4.9282717535e+00 1.2206182837e-05
1813 4.9263124017e+00 1.2165124293e-05
1814 4.9244236047e+00 1.2053369983e-05
1815 4.9226881123e+00 1.1848865795e-05
1816 4.9209449881e+00 1.1880500566e-05
1817 4.9191314046e+00 1.1911829472e-05
1818 4.9173068022e+00 1.1827218534e-05
1819 4.9155628795e+00 1.1622198343e-05
1820 4.9139112980e+00 1.1443616879e-05
1821 4.9122802279e+00 1.1324944747e-05
1822 4.9106295005e+00 1.1374453452e-05
1823 4.9090034255e+00 1.1075940678e-05
1824 4.9074301060e+00 1.0947607562e-05
1825 4.9059376267e+00 1.0793129375e-05
1826 4.9044443858e+00 1.0875094642e-05
1827 4.9029178458e+00 1.0883150533e-05
1828 4.9013841098e+00 1.0819076401e-05
1829 4.8998873145e+00 1.0576445518e-05
1830 4.8984714580e+00 1.0452960248e-05
1831 4.8971194971e+00 1.0389121919e-05
1832 4.8957536501e+00 1.0438278948e-05
1833 4.8943337480e+00 1.0423638851e-05
1834 4.8929053505e+00 1.0337872749e-05
1835 4.8914888890e+00 1.0246038044e-05
1836 4.8901070596e+00 1.0074648032e-05
1837 4.8887712803e+00 9.9582327011e-06
1838 4.8875023874e+00 9.9020918678e-06
1839 4.8863273181e+00 9.7837039262e-06
1840 4.8851653913e+00 9.8158958671e-06
1841 4.8839270052e+00 9.7598510231e-06
1842 4.8826635893e+00 9.6687148027e-06
1843 4.8813950451e+00 9.6851292885e-06
1844 4.8801563142e+00 9.5888854005e-06
1845 4.8789442387e+00 9.3821227805e-06
1846 4.8778047792e+00 9.2566041776e-06
1847 4.8767040011e+00 9.2109430333e-06
1848 4.8755871444e+00 9.1911015154e-06
1849 4.8744546368e+00 9.1184762987e-06
1850 4.8733162762e+00 8.9899836676e-06
1851 4.8722000733e+00 8.8536550516e-06
1852 4.8711177447e+00 8.8672429169e-06
1853 4.8700230641e+00 8.8613655659e-06
1854 4.8689263319e+00 8.9093337644e-06
1855 4.8678398453e+00 8.8653897851e-06
1856 4.8667879930e+00 8.8299228500e-06
1857 4.8657849773e+00 8.6871274440e-06
1858 4.8648118401e+00 8.7150925950e-06
1859 4.8638145332e+00 8.7200815357e-06
1860 4.8627818444e+00 8.7435927660e-06
1861 4.8617612010e+00 8.6783356135e-06
1862 4.8607816077e+00 8.4836206836e-06
1863 4.8598411920e+00 8.3712315439e-06
1864 4.8589036718e+00 8.3188647196e-06
1865 4.8579718133e+00 8.1615527347e-06
1866 4.8570726496e+00 8.0830443003e-06
1867 4.8562087104e+00 7.9743731821e-06
1868 4.8553518396e+00 7.9618590068e-06
1869 4.8544962102e+00 8.0288890593e-06
1870 4.8536315435e+00 8.0054586120e-06
1871 4.8527596880e+00 7.9965598195e-06
1872 4.8518629980e+00 8.0724309545e-06
1873 4.8509446414e+00 8.1504416589e-06
1874 4.8499944085e+00 8.1941814374e-06
1875 4.8490438034e+00 8.2294998108e-06
1876 4.8481025918e+00 8.2348328063e-06
1877 4.8471730846e+00 8.1331700645e-06
1878 4.8462597967e+00 8.1745067312e-06
1879 4.8453268519e+00 8.2665346549e-06
1880 4.8443773696e+00 8.3460506572e-06
1881 4.8434314599e+00 8.2376768452e-06
1882 4.8425013535e+00 8.1505223430e-06
1883 4.8415858015e+00 7.9985105811e-06
1884 4.8406823844e+00 7.9482381012e-06
1885 4.8398003673e+00 7.8658602044e-06
1886 4.8389344320e+00 7.8651353640e-06
1887 4.8380823567e+00 7.8495451885e-06
1888 4.8372414772e+00 7.8002840650e-06
1889 4.8364108374e+00 7.8549328709e-06
1890 4.8355454378e+00 7.9615851507e-06
1891 4.8346632783e+00 7.9570984344e-06
1892 4.8337898430e+00 7.9587662185e-06
1893 4.8329465832e+00 7.9503275073e-06
1894 4.8321094820e+00 7.9939060647e-06
1895 4.8312153787e+00 8.1833759067e-06
1896 4.8302698520e+00 8.2610682021e-06
1897 4.8293063474e+00 8.2626054212e-06
1898 4.8283399818e+00 8.2445073925e-06
1899 4.8273548417e+00 8.2322694632e-06
1900 4.8263650404e+00 8.3042667110e-06
1901 4.8253759437e+00 8.3085613030e-06
1902 4.8244005650e+00 8.2965974148e-06
1903 4.8234794040e+00 8.2331115919e-06
1904 4.8225893433e+00 8.2565674685e-06
1905 4.8216459490e+00 8.2735893666e-06
1906 4.8206601883e+00 8.3424182563e-06
1907 4.8196615847e+00 8.2955423261e-06
1908 4.8186713831e+00 8.1472375280e-06
1909 4.8177297876e+00 8.0348596668e-06
1910 4.8168596230e+00 7.9817994102e-06
1911 4.8160239166e+00 7.9795294382e-06
1912 4.8151342943e+00 8.0178545790e-06
1913 4.8142023098e+00 8.0202417478e-06
1914 4.8132582848e+00 8.0485046242e-06
1915 4.8123126943e+00 8.0091575558e-06
1916 4.8113793143e+00 7.9235247282e-06
1917 4.8104586906e+00 7.8710968893e-06
1918 4.8095437523e+00 7.8184478684e-06
1919 4.8086445360e+00 7.8779966814e-06
1920 4.8077254498e+00 8.0708062755e-06
1921 4.8067750222e+00 8.2153525943e-06
1922 4.8058177132e+00 8.2612867560e-06
1923 4.8048511924e+00 8.2850060225e-06
1924 4.8038531124e+00 8.3703354367e-06
1925 4.8028235910e+00 8.4350531692e-06
1926 4.8017622657e+00 8.5992512007e-06
1927 4.8006600310e+00 8.6685430340e-06
1928 4.7995514684e+00 8.7293892922e-06
1929 4.7984714561e+00 8.7580492518e-06
1930 4.7973926424e+00 8.8927853995e-06
1931 4.7962487622e+00 9.0621971924e-06
1932 4.7950282857e+00 9.0736558307e-06
1933 4.7937788884e+00 9.0685064426e-06
1934 4.7925458882e+00 9.1056825877e-06
1935 4.7913437910e+00 9.1359109853e-06
1936 4.7901411098e+00 9.2451986167e-06
1937 4.7889375362e+00 9.1818006069e-06
1938 4.7877160224e+00 9.1834491490e-06
1939 4.7865065487e+00 9.2949981854e-06
1940 4.7852767586e+00 9.3614841975e-06
1941 4.7839980738e+00 9.3886502417e-06
1942 4.7826837669e+00 9.3424805375e-06
1943 4.7813461983e+00 9.4105407158e-06
1944 4.7800073641e+00 9.4115179751e-06
1945 4.7786765456e+00 9.4672195202e-06
1946 4.7774036144e+00 9.4315723161e-06
1947 4.7761889304e+00 9.3974573621e-06
1948 4.7749719999e+00 9.2985017144e-06
1949 4.7736738675e+00 9.4072854530e-06
1950 4.7723540777e+00 9.4751919258e-06
1951 4.7710204021e+00 9.4271961519e-06
1952 4.7697087376e+00 9.3232182196e-06
1953 4.7684800842e+00 9.2273803388e-06
1954 4.7672978131e+00 9.2235022278e-06
1955 4.7661123131e+00 9.2791633611e-06
1956 4.7648883629e+00 9.2078748349e-06
1957 4.7636444861e+00 9.1531147070e-06
1958 4.7623988058e+00 9.1491675539e-06
1959 4.7611497835e+00 9.1521817251e-06
1960 4.7598817543e+00 9.2201294873e-06
1961 4.7586158822e+00 9.2558880525e-06
1962 4.7573724808e+00 9.1527505683e-06
1963 4.7561491850e+00 9.1517650837e-06
1964 4.7549208567e+00 9.2619305437e-06
1965 4.7536459111e+00 9.3283566892e-06
1966 4.7523430304e+00 9.4612961698e-06
1967 4.7510181851e+00 9.4314903105e-06
1968 4.7497044782e+00 9.3302294117e-06
1969 4.7484253806e+00 9.2388068795e-06
1970 4.7471667235e+00 9.2293568557e-06
1971 4.7458902878e+00 9.3979648776e-06
1972 4.7445567923e+00 9.5126860051e-06
1973 4.7431752250e+00 9.7164083360e-06
1974 4.7417767205e+00 9.6959655769e-06
1975 4.7403693871e+00 9.7534176347e-06
1976 4.7389764738e+00 9.7330287600e-06
1977 4.7376639643e+00 9.5927363126e-06
1978 4.7363909218e+00 9.6406315395e-06
1979 4.7350516825e+00 9.6998097791e-06
1980 4.7336402585e+00 9.7690875965e-06
1981 4.7321847471e+00 9.8854872752e-06
1982 4.7307276678e+00 9.8489810008e-06
1983 4.7292720083e+00 9.9279004051e-06
1984 4.7278347746e+00 9.9375643985e-06
1985 4.7263926338e+00 9.9041842168e-06
1986 4.7249860375e+00 9.9554160632e-06
1987 4.7235710690e+00 1.0064249382e-05
1988 4.7221175599e+00 1.0059179224e-05
1989 4.7206491693e+00 9.9467900962e-06
1990 4.7192360483e+00 9.8271924845e-06
1991 4.7178139336e+00 9.8597432505e-06
1992 4.7163610380e+00 1.0079006780e-05
1993 4.7148523460e+00 1.0201541902e-05
1994 4.7133158440e+00 1.0180993913e-05
1995 4.7118103613e+00 1.0000681583e-05
1996 4.7103819936e+00 9.8320396963e-06
1997 4.7090388329e+00 9.6163062684e-06
1998 4.7077023813e+00 9.6570288172e-06
1999 4.7063293141e+00 9.6652305977e-06
