iter rel_error rel_residual
0 8.4459276832e+00 3.8772900182e-01
1 9.9488245908e+00 1.8997055753e-01
2 1.3780065373e+01 1.0611303748e-01
3 1.4824634909e+01 7.3308521056e-02
4 1.3994455750e+01 5.8675257983e-02
5 1.3160565382e+01 4.6862608117e-02
6 1.2812707943e+01 3.9166396082e-02
7 1.2640352706e+01 3.4787354751e-02
8 1.2473750869e+01 2.9460459804e-02
9 1.2133728073e+01 2.6125013336e-02
10 1.1656092041e+01 2.3574864390e-02
11 1.1292146769e+01 2.1062671894e-02
12 1.1046461362e+01 1.9149412012e-02
13 1.0850518818e+01 1.7525443984e-02
14 1.0572284011e+01 1.5992162773e-02
15 1.0224091406e+01 1.4976632158e-02
16 9.9406598824e+00 1.4011688295e-02
17 9.7449903854e+00 1.3335722835e-02
18 9.5827366330e+00 1.2535179494e-02
19 9.4376349949e+00 1.2056012381e-02
20 9.3136430413e+00 1.1434209956e-02
21 9.2286106422e+00 1.0920171387e-02
22 9.2088423623e+00 1.0573649531e-02
23 9.2342489725e+00 1.0058424063e-02
24 9.2645575767e+00 9.6254914544e-03
25 9.3012656132e+00 9.2338476656e-03
26 9.3646938484e+00 8.7709338872e-03
27 9.4496592391e+00 8.4453916329e-03
28 9.5353479814e+00 8.1520798527e-03
29 9.6101683622e+00 7.9658378658e-03
30 9.6764744390e+00 7.5597711069e-03
31 9.7398604998e+00 7.4195537339e-03
32 9.8070749269e+00 7.0529154365e-03
33 9.8710954808e+00 6.8388238279e-03
34 9.9259841343e+00 6.7421389361e-03
35 9.9718650369e+00 6.5862842230e-03
36 1.0018801369e+01 6.3420813676e-03
37 1.0069678200e+01 6.1513839647e-03
38 1.0122124365e+01 5.9874371493e-03
39 1.0171594691e+01 5.7755601795e-03
40 1.0219731644e+01 5.5628376191e-03
41 1.0272162899e+01 5.4505254987e-03
42 1.0328897823e+01 5.2615108275e-03
43 1.0384059141e+01 5.1118786451e-03
44 1.0438670112e+01 4.9959058003e-03
45 1.0491815337e+01 4.8544471222e-03
46 1.0544560803e+01 4.7789871849e-03
47 1.0599973896e+01 4.6524419810e-03
48 1.0652135652e+01 4.5352626874e-03
49 1.0700645873e+01 4.4227427291e-03
50 1.0747367658e+01 4.3462180415e-03
51 1.0793179233e+01 4.2588013022e-03
52 1.0838005364e+01 4.1346603837e-03
53 1.0880234733e+01 4.0131249498e-03
54 1.0919856213e+01 3.9186356776e-03
55 1.0957995990e+01 3.8049098246e-03
56 1.0994483349e+01 3.6778216690e-03
57 1.1028917281e+01 3.5723373991e-03
58 1.1061999395e+01 3.4809373797e-03
59 1.1093179464e+01 3.3980415644e-03
60 1.1121142623e+01 3.3083478263e-03
61 1.1148155777e+01 3.2364910541e-03
62 1.1175226552e+01 3.1668434387e-03
63 1.1200781562e+01 3.1056091841e-03
64 1.1223735770e+01 3.0438707818e-03
65 1.1245276454e+01 3.0050199324e-03
66 1.1266427547e+01 2.9282753005e-03
67 1.1286450421e+01 2.8320072325e-03
68 1.1303915621e+01 2.7628548525e-03
69 1.1319025451e+01 2.6979284782e-03
70 1.1332947450e+01 2.6509409353e-03
71 1.1347043708e+01 2.5999223233e-03
72 1.1360741232e+01 2.5472271323e-03
73 1.1372907959e+01 2.5050015051e-03
74 1.1384092509e+01 2.4723156475e-03
75 1.1394602437e+01 2.3920476221e-03
76 1.1404171123e+01 2.3339324634e-03
77 1.1412451703e+01 2.3134282473e-03
78 1.1419383297e+01 2.2748081065e-03
79 1.1426023281e+01 2.2861122572e-03
80 1.1433195726e+01 2.3792279712e-03
81 1.1441362863e+01 2.5624010837e-03
82 1.1452209121e+01 2.7934677496e-03
83 1.1466115484e+01 2.8311921198e-03
84 1.1479744264e+01 2.7263882718e-03
85 1.1490882854e+01 2.5441209949e-03
86 1.1498726541e+01 2.4088250909e-03
87 1.1504202728e+01 2.2931191778e-03
88 1.1507884484e+01 2.1677520331e-03
89 1.1509255496e+01 2.0520582845e-03
90 1.1507975927e+01 1.9471633725e-03
91 1.1505452845e+01 1.8292063778e-03
92 1.1502462501e+01 1.7329978711e-03
93 1.1498226131e+01 1.6318702211e-03
94 1.1492338983e+01 1.5495029461e-03
95 1.1485738383e+01 1.4872658104e-03
96 1.1479261870e+01 1.4174207618e-03
97 1.1472292657e+01 1.3800547679e-03
98 1.1464309275e+01 1.3367076959e-03
99 1.1455539701e+01 1.2978980272e-03
100 1.1446774596e+01 1.2654029100e-03
101 1.1437709654e+01 1.2528528753e-03
102 1.1427844440e+01 1.2299405238e-03
103 1.1417400595e+01 1.2065186507e-03
104 1.1406757297e+01 1.1970189927e-03
105 1.1395859759e+01 1.1836719161e-03
106 1.1384406975e+01 1.1758837643e-03
107 1.1372212898e+01 1.1606993929e-03
108 1.1359811836e+01 1.1364215457e-03
109 1.1347048733e+01 1.1314033863e-03
110 1.1333617874e+01 1.1247102612e-03
111 1.1319275869e+01 1.1174788773e-03
112 1.1304401221e+01 1.1189343540e-03
113 1.1288988672e+01 1.1267065164e-03
114 1.1272617214e+01 1.1265168479e-03
115 1.1254855299e+01 1.1313788944e-03
116 1.1236111682e+01 1.1313783900e-03
117 1.1216956400e+01 1.1415050661e-03
118 1.1196807303e+01 1.1484700872e-03
119 1.1175345608e+01 1.1526541021e-03
120 1.1153230395e+01 1.1595443578e-03
121 1.1130508146e+01 1.1693586996e-03
122 1.1107075455e+01 1.1653878669e-03
123 1.1082774240e+01 1.1669000365e-03
124 1.1057737557e+01 1.1621480751e-03
125 1.1032285930e+01 1.1664152340e-03
126 1.1006321296e+01 1.1765925800e-03
127 1.0979821553e+01 1.1786188635e-03
128 1.0951637666e+01 1.1908417093e-03
129 1.0922880786e+01 1.2094013052e-03
130 1.0893845633e+01 1.2034850447e-03
131 1.0864395084e+01 1.2069493694e-03
132 1.0833955826e+01 1.2071558812e-03
133 1.0802743057e+01 1.2156289505e-03
134 1.0771619994e+01 1.2265656681e-03
135 1.0739987678e+01 1.2358436340e-03
136 1.0706739649e+01 1.2800764304e-03
137 1.0670259128e+01 1.3534901291e-03
138 1.0629535473e+01 1.4599838836e-03
139 1.0581772388e+01 1.6294406070e-03
140 1.0524185108e+01 1.7906420169e-03
141 1.0459995394e+01 1.8840720835e-03
142 1.0395076296e+01 1.8824951813e-03
143 1.0334853057e+01 1.8459411879e-03
144 1.0278709389e+01 1.8517652509e-03
145 1.0224767556e+01 1.8946117465e-03
146 1.0173959620e+01 1.9330683514e-03
147 1.0129537052e+01 1.9093762896e-03
148 1.0093624843e+01 1.8245032795e-03
149 1.0063272108e+01 1.7855057916e-03
150 1.0037134864e+01 1.7361448484e-03
151 1.0014920780e+01 1.6853382172e-03
152 9.9951796162e+00 1.6321248767e-03
153 9.9756275963e+00 1.5896287571e-03
154 9.9564006233e+00 1.5546208041e-03
155 9.9386080400e+00 1.5244000608e-03
156 9.9212860789e+00 1.5060787214e-03
157 9.9033919538e+00 1.4894586203e-03
158 9.8848868971e+00 1.4747803552e-03
159 9.8669736373e+00 1.4441787160e-03
160 9.8499630978e+00 1.3875502541e-03
161 9.8334234029e+00 1.2979768741e-03
162 9.8176724703e+00 1.1994195518e-03
163 9.8032427812e+00 1.1128384543e-03
164 9.7890688436e+00 1.0885475821e-03
165 9.7735930977e+00 1.1147648166e-03
166 9.7553930083e+00 1.1496872921e-03
167 9.7354814841e+00 1.1637904886e-03
168 9.7153604997e+00 1.1797278697e-03
169 9.6940077769e+00 1.2017694744e-03
170 9.6702953149e+00 1.2226009110e-03
171 9.6451485288e+00 1.2401311993e-03
172 9.6196570446e+00 1.2587204626e-03
173 9.5928579660e+00 1.2896159735e-03
174 9.5638835627e+00 1.3095483081e-03
175 9.5329914490e+00 1.3195790619e-03
176 9.5018970391e+00 1.3207416749e-03
177 9.4693095245e+00 1.2996090306e-03
178 9.4356771167e+00 1.2769637787e-03
179 9.4004465550e+00 1.2498266335e-03
180 9.3643769586e+00 1.2087229382e-03
181 9.3289469758e+00 1.1749281271e-03
182 9.2934424212e+00 1.1354958900e-03
183 9.2589784976e+00 1.0991039641e-03
184 9.2267408160e+00 1.0697570628e-03
185 9.1961364981e+00 1.0460439447e-03
186 9.1680122618e+00 1.0138264321e-03
187 9.1412231502e+00 9.8509276627e-04
188 9.1158981425e+00 9.5908132870e-04
189 9.0921639703e+00 9.4156022653e-04
190 9.0692158097e+00 9.1359138812e-04
191 9.0469334886e+00 8.9179950824e-04
192 9.0250961225e+00 8.7442698435e-04
193 9.0044220749e+00 8.5153117159e-04
194 8.9848080310e+00 8.3960715831e-04
195 8.9654192123e+00 8.2931191174e-04
196 8.9465698869e+00 8.3574691222e-04
197 8.9279169738e+00 8.4323030400e-04
198 8.9099833575e+00 8.5889245038e-04
199 8.8920821371e+00 8.6717357604e-04
200 8.8744185735e+00 8.6802393652e-04
201 8.8572521546e+00 8.8623091351e-04
202 8.8401752766e+00 9.0778341214e-04
203 8.8233763892e+00 9.2224899204e-04
204 8.8068987861e+00 9.3574388098e-04
205 8.7914365685e+00 9.3846155821e-04
206 8.7769023445e+00 9.5915399732e-04
207 8.7623430476e+00 9.6300588287e-04
208 8.7483941770e+00 9.4708106008e-04
209 8.7351882189e+00 9.4048917817e-04
210 8.7231842692e+00 9.1732552220e-04
211 8.7120736692e+00 9.1618318951e-04
212 8.7011859309e+00 9.0600513444e-04
213 8.6904935119e+00 9.0299827116e-04
214 8.6804029251e+00 8.9511631321e-04
215 8.6707481858e+00 8.9770047578e-04
216 8.6611785926e+00 9.0624625533e-04
217 8.6516473826e+00 9.2574845238e-04
218 8.6422373086e+00 9.5819091700e-04
219 8.6334817109e+00 9.9641950428e-04
220 8.6252576872e+00 1.0320508787e-03
221 8.6175388825e+00 1.0615083830e-03
222 8.6108192950e+00 1.0572344387e-03
223 8.6053216723e+00 1.0196001406e-03
224 8.6006698187e+00 9.6663898836e-04
225 8.5962650203e+00 9.1937240045e-04
226 8.5920508374e+00 8.8212113785e-04
227 8.5882869355e+00 8.4144095204e-04
228 8.5845881274e+00 7.9546325622e-04
229 8.5806716434e+00 7.5158789573e-04
230 8.5767122586e+00 7.1421534789e-04
231 8.5729310564e+00 6.7957699689e-04
232 8.5693200659e+00 6.4052294540e-04
233 8.5656882866e+00 6.0366120800e-04
234 8.5620372181e+00 5.6974064452e-04
235 8.5584396729e+00 5.4417030332e-04
236 8.5549567886e+00 5.2039798505e-04
237 8.5514921181e+00 4.9931622259e-04
238 8.5479388327e+00 4.7626760781e-04
239 8.5444396580e+00 4.5672832597e-04
240 8.5410127165e+00 4.4260093195e-04
241 8.5374619079e+00 4.3171033562e-04
242 8.5336542288e+00 4.3115224011e-04
243 8.5294903518e+00 4.4018419303e-04
244 8.5249844003e+00 4.5375321703e-04
245 8.5202785682e+00 4.5070319093e-04
246 8.5156605275e+00 4.2955959663e-04
247 8.5114014280e+00 4.0454268910e-04
248 8.5074456888e+00 3.9119292756e-04
249 8.5034466628e+00 3.9335001617e-04
250 8.4991377682e+00 3.8826726287e-04
251 8.4947448605e+00 3.7881425604e-04
252 8.4904955108e+00 3.7073139771e-04
253 8.4862315150e+00 3.6537816202e-04
254 8.4817192811e+00 3.6272372645e-04
255 8.4770300397e+00 3.5697027613e-04
256 8.4722567107e+00 3.5234615072e-04
257 8.4673492588e+00 3.5074603038e-04
258 8.4621481419e+00 3.4593886245e-04
259 8.4565338074e+00 3.4397873603e-04
260 8.4506201606e+00 3.4316364239e-04
261 8.4444538931e+00 3.4185646590e-04
262 8.4379787044e+00 3.3699915882e-04
263 8.4312583999e+00 3.3186415714e-04
264 8.4243065080e+00 3.3080004915e-04
265 8.4173438369e+00 3.2587021912e-04
266 8.4102328185e+00 3.2189935105e-04
267 8.4030275867e+00 3.1710749344e-04
268 8.3957627208e+00 3.1316155973e-04
269 8.3883947465e+00 3.1275853023e-04
270 8.3810076291e+00 3.1388784031e-04
271 8.3733839045e+00 3.1339827496e-04
272 8.3654784934e+00 3.1397168274e-04
273 8.3573761014e+00 3.1404049422e-04
274 8.3494656274e+00 3.1022051966e-04
275 8.3417344592e+00 3.0144895339e-04
276 8.3343587908e+00 2.8634961757e-04
277 8.3277998803e+00 2.6411061613e-04
278 8.3221946380e+00 2.4090392055e-04
279 8.3173006266e+00 2.2110315891e-04
280 8.3128088279e+00 2.1018014188e-04
281 8.3084842677e+00 2.0593853067e-04
282 8.3041331488e+00 2.0709919749e-04
283 8.2996750286e+00 2.0484624886e-04
284 8.2952543574e+00 1.9509652588e-04
285 8.2910353159e+00 1.8692284395e-04
286 8.2871430069e+00 1.7940933485e-04
287 8.2833672065e+00 1.7615107283e-04
288 8.2794124509e+00 1.7817726879e-04
289 8.2752524061e+00 1.7815188174e-04
290 8.2710924787e+00 1.7582621202e-04
291 8.2670738371e+00 1.7440902615e-04
292 8.2630566422e+00 1.7292379132e-04
293 8.2589358379e+00 1.7286931766e-04
294 8.2548582781e+00 1.7106442555e-04
295 8.2508576030e+00 1.6833517546e-04
296 8.2469423677e+00 1.6723978388e-04
297 8.2430882984e+00 1.6497729887e-04
298 8.2393469137e+00 1.5898539068e-04
299 8.2359553860e+00 1.5249491916e-04
300 8.2327802243e+00 1.4610092796e-04
301 8.2296337913e+00 1.4222552586e-04
302 8.2264977695e+00 1.3820967562e-04
303 8.2234091774e+00 1.3444433275e-04
304 8.2202206409e+00 1.3389744067e-04
305 8.2167364471e+00 1.3530770717e-04
306 8.2129767980e+00 1.3506345431e-04
307 8.2090511891e+00 1.3484216656e-04
308 8.2049934420e+00 1.3473252777e-04
309 8.2008130168e+00 1.3351687075e-04
310 8.1965267232e+00 1.3279302666e-04
311 8.1922903454e+00 1.3195267230e-04
312 8.1879963506e+00 1.3219759652e-04
313 8.1836920649e+00 1.3169707294e-04
314 8.1793379186e+00 1.3033667097e-04
315 8.1750170015e+00 1.2913159274e-04
316 8.1708061963e+00 1.2821465876e-04
317 8.1666671171e+00 1.2541129448e-04
318 8.1625179997e+00 1.2519498464e-04
319 8.1584601361e+00 1.2372429820e-04
320 8.1544453085e+00 1.2275257263e-04
321 8.1504512160e+00 1.2117855033e-04
322 8.1465842680e+00 1.1652660843e-04
323 8.1430401012e+00 1.1049661266e-04
324 8.1398787589e+00 1.0383450623e-04
325 8.1369972839e+00 9.9392513656e-05
326 8.1341819174e+00 9.9052442018e-05
327 8.1313205386e+00 9.8797257626e-05
328 8.1283769617e+00 9.9450716477e-05
329 8.1254451989e+00 9.6991938801e-05
330 8.1225986098e+00 9.3005060357e-05
331 8.1198390692e+00 9.0125391609e-05
332 8.1171757917e+00 8.9494971298e-05
333 8.1144994110e+00 8.8568315578e-05
334 8.1118464389e+00 8.6333760469e-05
335 8.1092550945e+00 8.4046657939e-05
336 8.1067448630e+00 8.2652229913e-05
337 8.1042967058e+00 8.1931368167e-05
338 8.1018786538e+00 8.0831177580e-05
339 8.0994657729e+00 8.0644182460e-05
340 8.0970268068e+00 8.0003127863e-05
341 8.0946174276e+00 8.0220434378e-05
342 8.0922799825e+00 7.8643149708e-05
343 8.0899446971e+00 7.7835253860e-05
344 8.0876140256e+00 7.7854194456e-05
345 8.0852934958e+00 7.7446744191e-05
346 8.0829958454e+00 7.6888115224e-05
347 8.0806490085e+00 7.7045988885e-05
348 8.0781640693e+00 7.6991187952e-05
349 8.0756491424e+00 7.7357935187e-05
350 8.0730936492e+00 7.6896101776e-05
351 8.0704861056e+00 7.5036915790e-05
352 8.0678736230e+00 7.4089481455e-05
353 8.0652582191e+00 7.2897580759e-05
354 8.0627120415e+00 7.1945949884e-05
355 8.0602013359e+00 6.9527539975e-05
356 8.0577277048e+00 6.7770425864e-05
357 8.0553708415e+00 6.5987729453e-05
358 8.0531448541e+00 6.3139177771e-05
359 8.0510157296e+00 6.0724790648e-05
360 8.0489409061e+00 5.8927957462e-05
361 8.0468467343e+00 5.8380839630e-05
362 8.0447544905e+00 5.8061611795e-05
363 8.0425905527e+00 5.8663824670e-05
364 8.0402867734e+00 5.9295793480e-05
365 8.0378559735e+00 5.9525622413e-05
366 8.0353898919e+00 5.9553153771e-05
367 8.0328661738e+00 5.9494544355e-05
368 8.0302260668e+00 6.0431963721e-05
369 8.0274147220e+00 6.1353793377e-05
370 8.0244502735e+00 6.2571756997e-05
371 8.0214116238e+00 6.2660380041e-05
372 8.0183231269e+00 6.3196247903e-05
373 8.0150835574e+00 6.3878931454e-05
374 8.0116543217e+00 6.5074312453e-05
375 8.0080989896e+00 6.5793833944e-05
376 8.0043849640e+00 6.5971494185e-05
377 8.0005346333e+00 6.6419559445e-05
378 7.9965578107e+00 6.7063864382e-05
379 7.9924872937e+00 6.8010717665e-05
380 7.9882340586e+00 6.9351859080e-05
381 7.9837737048e+00 7.0510192984e-05
382 7.9791561546e+00 7.1219869022e-05
383 7.9743704592e+00 7.2446669972e-05
384 7.9695411372e+00 7.2381064463e-05
385 7.9646442766e+00 7.2861421015e-05
386 7.9595800611e+00 7.2434818104e-05
387 7.9545403034e+00 7.2595802736e-05
388 7.9494793881e+00 7.3211143742e-05
389 7.9443484124e+00 7.2798265337e-05
390 7.9391587430e+00 7.2851706768e-05
391 7.9340009100e+00 7.1974782843e-05
392 7.9290077153e+00 7.1517024123e-05
393 7.9240361770e+00 7.0531420136e-05
394 7.9191457548e+00 6.9074642787e-05
395 7.9144110918e+00 6.8356817035e-05
396 7.9097640045e+00 6.6720084653e-05
397 7.9052497967e+00 6.6145789292e-05
398 7.9008882812e+00 6.4414472301e-05
399 7.8967074969e+00 6.2823441934e-05
400 7.8926456974e+00 6.1498531188e-05
401 7.8887614748e+00 5.9745994097e-05
402 7.8849615784e+00 5.9195024571e-05
403 7.8811765820e+00 5.8570280632e-05
404 7.8774415784e+00 5.8447857184e-05
405 7.8737061946e+00 5.8209329778e-05
406 7.8700413465e+00 5.6822464751e-05
407 7.8664978661e+00 5.5303667540e-05
408 7.8632275040e+00 5.2207097571e-05
409 7.8603219024e+00 4.9535799524e-05
410 7.8575987453e+00 4.7793257502e-05
411 7.8549481398e+00 4.7539596996e-05
412 7.8522524194e+00 4.7182802627e-05
413 7.8495954022e+00 4.6700821271e-05
414 7.8469509416e+00 4.6147125843e-05
415 7.8442208814e+00 4.6991544465e-05
416 7.8412584539e+00 4.8998888214e-05
417 7.8380548837e+00 5.0565592532e-05
418 7.8347013198e+00 5.0825721280e-05
419 7.8312809928e+00 5.0357506370e-05
420 7.8278755656e+00 4.9117840215e-05
421 7.8246470067e+00 4.7511094212e-05
422 7.8215524142e+00 4.6515255458e-05
423 7.8184821674e+00 4.6558808423e-05
424 7.8153268492e+00 4.6897908336e-05
425 7.8121314568e+00 4.6392249642e-05
426 7.8090290137e+00 4.5445717553e-05
427 7.8060416949e+00 4.3312582523e-05
428 7.8032408512e+00 4.2087394478e-05
429 7.8006030414e+00 4.1019958942e-05
430 7.7979833018e+00 4.0988477006e-05
431 7.7952565111e+00 4.1168493622e-05
432 7.7924916684e+00 4.0434744891e-05
433 7.7897238518e+00 3.9680352434e-05
434 7.7870075795e+00 3.9416355829e-05
435 7.7842392173e+00 3.9436845814e-05
436 7.7813576067e+00 3.9348100158e-05
437 7.7784292506e+00 3.9284470151e-05
438 7.7754629152e+00 3.9462709778e-05
439 7.7724190115e+00 4.0168600101e-05
440 7.7691972846e+00 4.0678779408e-05
441 7.7658170554e+00 4.0847394835e-05
442 7.7624261913e+00 4.0520203755e-05
443 7.7590481608e+00 3.9965100275e-05
444 7.7556578314e+00 3.9852737939e-05
445 7.7522166350e+00 3.9698852037e-05
446 7.7487452808e+00 3.9321832033e-05
447 7.7453013129e+00 3.9245987163e-05
448 7.7418151670e+00 3.9155513354e-05
449 7.7382434395e+00 3.8833629574e-05
450 7.7347116804e+00 3.8421971830e-05
451 7.7312243736e+00 3.7895841789e-05
452 7.7277572689e+00 3.7838937120e-05
453 7.7242102816e+00 3.7728107317e-05
454 7.7206178716e+00 3.7478110035e-05
455 7.7170212694e+00 3.7422132402e-05
456 7.7133698088e+00 3.7519298132e-05
457 7.7096356319e+00 3.7707492636e-05
458 7.7057536541e+00 3.8196859763e-05
459 7.7017677523e+00 3.8657573434e-05
460 7.6976966418e+00 3.8933382473e-05
461 7.6935440640e+00 3.8492768429e-05
462 7.6893885488e+00 3.8630971801e-05
463 7.6851817968e+00 3.8896760258e-05
464 7.6808307320e+00 3.9221261190e-05
465 7.6764417032e+00 3.9675329930e-05
466 7.6719573834e+00 3.9651127465e-05
467 7.6674124495e+00 3.9866703172e-05
468 7.6628567832e+00 3.9877902707e-05
469 7.6580501229e+00 4.0392450032e-05
470 7.6531785614e+00 4.0546279797e-05
471 7.6482087867e+00 4.0756589563e-05
472 7.6430918029e+00 4.1443777179e-05
473 7.6377106740e+00 4.2628874219e-05
474 7.6320919134e+00 4.2773346231e-05
475 7.6263353312e+00 4.3295901108e-05
476 7.6204259981e+00 4.3617393133e-05
477 7.6142754148e+00 4.4531802439e-05
478 7.6078331946e+00 4.5283861956e-05
479 7.6011345083e+00 4.6076613518e-05
480 7.5940313273e+00 4.6808762325e-05
481 7.5867328423e+00 4.7233049093e-05
482 7.5792890026e+00 4.7935748932e-05
483 7.5717156228e+00 4.7790759799e-05
484 7.5641723151e+00 4.7401782955e-05
485 7.5567981136e+00 4.6839810723e-05
486 7.5494716802e+00 4.6443978317e-05
487 7.5422223585e+00 4.6406364943e-05
488 7.5348439683e+00 4.7336412052e-05
489 7.5272840103e+00 4.8254023438e-05
490 7.5194209659e+00 4.8903369514e-05
491 7.5111744042e+00 4.9084605712e-05
492 7.5029647733e+00 4.9063041086e-05
493 7.4946583688e+00 4.8885133195e-05
494 7.4862009244e+00 4.9877811370e-05
495 7.4771856002e+00 5.1390996049e-05
496 7.4675680349e+00 5.3069037309e-05
497 7.4573751518e+00 5.4089534636e-05
498 7.4469461976e+00 5.5562993681e-05
499 7.4357798390e+00 5.7024529856e-05
500 7.4238018145e+00 5.7747324037e-05
501 7.4119522937e+00 5.7445389190e-05
502 7.4003223702e+00 5.7529018202e-05
503 7.3884968145e+00 5.7539413567e-05
504 7.3766486231e+00 5.7461976168e-05
505 7.3651098264e+00 5.6624581540e-05
506 7.3539476279e+00 5.5818818689e-05
507 7.3429698970e+00 5.5124098266e-05
508 7.3321194546e+00 5.4351399839e-05
509 7.3217623827e+00 5.3563743151e-05
510 7.3118257048e+00 5.2808734966e-05
511 7.3020988503e+00 5.2238849154e-05
512 7.2926522883e+00 5.1499067050e-05
513 7.2834240513e+00 5.1193864447e-05
514 7.2742430199e+00 5.1251157492e-05
515 7.2648104121e+00 5.1833316322e-05
516 7.2553046758e+00 5.1978115414e-05
517 7.2457023858e+00 5.1993779994e-05
518 7.2362001300e+00 5.2056723930e-05
519 7.2267063549e+00 5.1300698567e-05
520 7.2173473543e+00 5.1645432463e-05
521 7.2080327399e+00 5.1664942031e-05
522 7.1985932371e+00 5.1596437758e-05
523 7.1890873649e+00 5.2009639082e-05
524 7.1795052178e+00 5.2555578080e-05
525 7.1696139585e+00 5.3008308547e-05
526 7.1597501886e+00 5.2996260819e-05
527 7.1498624455e+00 5.3356651268e-05
528 7.1397512203e+00 5.3781346609e-05
529 7.1295506977e+00 5.4136782532e-05
530 7.1192904944e+00 5.4633567634e-05
531 7.1087311105e+00 5.5571608121e-05
532 7.0979755913e+00 5.6742744869e-05
533 7.0868687840e+00 5.7502242772e-05
534 7.0754091280e+00 5.8214842519e-05
535 7.0637394843e+00 5.8212108793e-05
536 7.0520613905e+00 5.8176437964e-05
537 7.0405272097e+00 5.8921423519e-05
538 7.0286557762e+00 5.9547407279e-05
539 7.0165475178e+00 6.0007278365e-05
540 7.0044105560e+00 6.0564264220e-05
541 6.9918546127e+00 6.1233950187e-05
542 6.9791037678e+00 6.1840956004e-05
543 6.9663024404e+00 6.2246418665e-05
544 6.9533721612e+00 6.2251509557e-05
545 6.9402644183e+00 6.3592453008e-05
546 6.9269222084e+00 6.4125943509e-05
547 6.9133294375e+00 6.4259485498e-05
548 6.8999340434e+00 6.4642043003e-05
549 6.8867262143e+00 6.4299638090e-05
550 6.8736294949e+00 6.3788950093e-05
551 6.8608819709e+00 6.3064820780e-05
552 6.8489533639e+00 6.1251448830e-05
553 6.8378164398e+00 5.8915334958e-05
554 6.8274465755e+00 5.6530185120e-05
555 6.8178176474e+00 5.4384071616e-05
556 6.8086435943e+00 5.3431042044e-05
557 6.7998796940e+00 5.2653932510e-05
558 6.7913040834e+00 5.2300705037e-05
559 6.7827846376e+00 5.2516984606e-05
560 6.7742850725e+00 5.2537583142e-05
561 6.7658492242e+00 5.2256375734e-05
562 6.7576037225e+00 5.0693277407e-05
563 6.7497411636e+00 4.9246973210e-05
564 6.7423591139e+00 4.8406186012e-05
565 6.7352009409e+00 4.8041257353e-05
566 6.7280158993e+00 4.8210620563e-05
567 6.7206745353e+00 4.8619721336e-05
568 6.7134652849e+00 4.7363759610e-05
569 6.7067063243e+00 4.5499157470e-05
570 6.7005714438e+00 4.4219312327e-05
571 6.6946410668e+00 4.3960782619e-05
572 6.6886083541e+00 4.4355143380e-05
573 6.6825571993e+00 4.4644877371e-05
574 6.6765017669e+00 4.4271814379e-05
575 6.6705912512e+00 4.3322874602e-05
576 6.6648578644e+00 4.2599108037e-05
577 6.6593708371e+00 4.2058999906e-05
578 6.6539775118e+00 4.1691623758e-05
579 6.6486749825e+00 4.0970769509e-05
580 6.6435624329e+00 4.0049394318e-05
581 6.6386049258e+00 3.9964176192e-05
582 6.6336583137e+00 4.0407113652e-05
583 6.6286150490e+00 4.0359446313e-05
584 6.6235195283e+00 3.9700784948e-05
585 6.6186588564e+00 3.9121839568e-05
586 6.6138388730e+00 3.9368771728e-05
587 6.6089565242e+00 3.9723192120e-05
588 6.6040252728e+00 3.9527516696e-05
589 6.5991372201e+00 3.9373958212e-05
590 6.5942917273e+00 4.0090589789e-05
591 6.5892268259e+00 4.0448547105e-05
592 6.5841100265e+00 4.0126126689e-05
593 6.5790245121e+00 4.0338573327e-05
594 6.5738941591e+00 4.0541764198e-05
595 6.5687223248e+00 4.0929600654e-05
596 6.5635487053e+00 4.0298229537e-05
597 6.5584670348e+00 3.9804221439e-05
598 6.5534252736e+00 4.0350930523e-05
599 6.5483457453e+00 4.0308088651e-05
600 6.5433175673e+00 4.0153344124e-05
601 6.5383863108e+00 3.9838859261e-05
602 6.5335058059e+00 3.9966066205e-05
603 6.5285289355e+00 3.9936364747e-05
604 6.5234879120e+00 3.9913654326e-05
605 6.5184930237e+00 3.9694357328e-05
606 6.5135231872e+00 3.9299643772e-05
607 6.5087496566e+00 3.8872355409e-05
608 6.5039945606e+00 3.8457869780e-05
609 6.4992865106e+00 3.8595708008e-05
610 6.4946518343e+00 3.8122145381e-05
611 6.4901975136e+00 3.7438133777e-05
612 6.4859589482e+00 3.6430724366e-05
613 6.4818747390e+00 3.5697825745e-05
614 6.4778450905e+00 3.5209672634e-05
615 6.4739568457e+00 3.4827402067e-05
616 6.4701958870e+00 3.4166989324e-05
617 6.4664880666e+00 3.3623037141e-05
618 6.4628488576e+00 3.3061017352e-05
619 6.4592961626e+00 3.2442998541e-05
620 6.4558466454e+00 3.2519291300e-05
621 6.4523745167e+00 3.2277582071e-05
622 6.4489026529e+00 3.2112804467e-05
623 6.4455220483e+00 3.1625739511e-05
624 6.4421406689e+00 3.1545409451e-05
625 6.4387336346e+00 3.1654350850e-05
626 6.4352523422e+00 3.2003743888e-05
627 6.4316645427e+00 3.2297980501e-05
628 6.4280395646e+00 3.2161976375e-05
629 6.4244603879e+00 3.2252686195e-05
630 6.4208880746e+00 3.1639727766e-05
631 6.4173406554e+00 3.1461290968e-05
632 6.4138465198e+00 3.1177211965e-05
633 6.4104135134e+00 3.1024935427e-05
634 6.4069796986e+00 3.1181724839e-05
635 6.4035079204e+00 3.1083164892e-05
636 6.4000595848e+00 3.1102496101e-05
637 6.3966245159e+00 3.1047652372e-05
638 6.3931141083e+00 3.1333844794e-05
639 6.3895129587e+00 3.2002347645e-05
640 6.3857520299e+00 3.2700647467e-05
641 6.3818343022e+00 3.3108538027e-05
642 6.3778581634e+00 3.3400658905e-05
643 6.3738842990e+00 3.3162883002e-05
644 6.3698678052e+00 3.3439195653e-05
645 6.3657823032e+00 3.4070328421e-05
646 6.3616087893e+00 3.4270442883e-05
647 6.3573110370e+00 3.4779122635e-05
648 6.3529572045e+00 3.5016042209e-05
649 6.3484880582e+00 3.5388339964e-05
650 6.3438561731e+00 3.5914060024e-05
651 6.3391823349e+00 3.6191584092e-05
652 6.3345098386e+00 3.6006922675e-05
653 6.3299821159e+00 3.4986010444e-05
654 6.3257509613e+00 3.4035089031e-05
655 6.3217061677e+00 3.3689936734e-05
656 6.3176345832e+00 3.3923975649e-05
657 6.3134718261e+00 3.4210559979e-05
658 6.3092937597e+00 3.4368175008e-05
659 6.3050554646e+00 3.4072589961e-05
660 6.3009289238e+00 3.3594511710e-05
661 6.2968993215e+00 3.3497914868e-05
662 6.2928726854e+00 3.3174131868e-05
663 6.2889203961e+00 3.2845347900e-05
664 6.2850332353e+00 3.2585657665e-05
665 6.2812317193e+00 3.2121731721e-05
666 6.2775839104e+00 3.1815323563e-05
667 6.2740131586e+00 3.1292805631e-05
668 6.2705401826e+00 3.0655994563e-05
669 6.2671817902e+00 3.0307828682e-05
670 6.2638878505e+00 3.0021456037e-05
671 6.2607519727e+00 2.9308512863e-05
672 6.2577202767e+00 2.8785613454e-05
673 6.2547920174e+00 2.8257690596e-05
674 6.2519364518e+00 2.7902979636e-05
675 6.2491037785e+00 2.7827569725e-05
676 6.2463405589e+00 2.7409276888e-05
677 6.2436215744e+00 2.7154282740e-05
678 6.2409443530e+00 2.6635520683e-05
679 6.2383114298e+00 2.6518209773e-05
680 6.2357014961e+00 2.6377749243e-05
681 6.2330947276e+00 2.6013798375e-05
682 6.2304723788e+00 2.5937253942e-05
683 6.2279278572e+00 2.5802309489e-05
684 6.2254444806e+00 2.5434079667e-05
685 6.2229425861e+00 2.5052607997e-05
686 6.2204940039e+00 2.4934558153e-05
687 6.2180545443e+00 2.4714461431e-05
688 6.2156280330e+00 2.4764457839e-05
689 6.2131649510e+00 2.4802533261e-05
690 6.2106579779e+00 2.5202208030e-05
691 6.2080359039e+00 2.5910174284e-05
692 6.2052613894e+00 2.6680462392e-05
693 6.2023148869e+00 2.7402552347e-05
694 6.1992396293e+00 2.7693380530e-05
695 6.1960965722e+00 2.7686239370e-05
696 6.1929832457e+00 2.7398502725e-05
697 6.1899853068e+00 2.6909878248e-05
698 6.1870634438e+00 2.6363411264e-05
699 6.1841760726e+00 2.6502069895e-05
700 6.1812889766e+00 2.6555748174e-05
701 6.1783404336e+00 2.7013016621e-05
702 6.1753313075e+00 2.6972050069e-05
703 6.1723325113e+00 2.6749843302e-05
704 6.1694602898e+00 2.5990074949e-05
705 6.1667497475e+00 2.5146428758e-05
706 6.1641241132e+00 2.4883164750e-05
707 6.1615235330e+00 2.4713115970e-05
708 6.1589368284e+00 2.4794377539e-05
709 6.1563821899e+00 2.4496275243e-05
710 6.1539192474e+00 2.4093055411e-05
711 6.1515033996e+00 2.3550795269e-05
712 6.1491340921e+00 2.3500280562e-05
713 6.1468068824e+00 2.3512793630e-05
714 6.1444305920e+00 2.3485939717e-05
715 6.1420610986e+00 2.3353602916e-05
716 6.1397597645e+00 2.2940124216e-05
717 6.1375791121e+00 2.2243879097e-05
718 6.1354828656e+00 2.1986815178e-05
719 6.1333871189e+00 2.1920678962e-05
720 6.1313276403e+00 2.2038980140e-05
721 6.1292739839e+00 2.1671046273e-05
722 6.1272542068e+00 2.1330197227e-05
723 6.1252502597e+00 2.1317385959e-05
724 6.1231969895e+00 2.1451384208e-05
725 6.1211096364e+00 2.1662240329e-05
726 6.1189729901e+00 2.1799572559e-05
727 6.1167867866e+00 2.2111061272e-05
728 6.1145419693e+00 2.2187039857e-05
729 6.1122601101e+00 2.2570375249e-05
730 6.1098891891e+00 2.2806642346e-05
731 6.1074961552e+00 2.3109169247e-05
732 6.1049974761e+00 2.3522208247e-05
733 6.1023572133e+00 2.4224846126e-05
734 6.0995239093e+00 2.5254057095e-05
735 6.0964817744e+00 2.5873986827e-05
736 6.0932245217e+00 2.6820895508e-05
737 6.0897734907e+00 2.7467089538e-05
738 6.0862354991e+00 2.7907683706e-05
739 6.0825814571e+00 2.8007727117e-05
740 6.0788124574e+00 2.8520279322e-05
741 6.0749332478e+00 2.8998484873e-05
742 6.0709926691e+00 2.9369080804e-05
743 6.0670082249e+00 2.9215797328e-05
744 6.0629956188e+00 2.9172837379e-05
745 6.0589416870e+00 2.9747374713e-05
746 6.0547843810e+00 2.9959182862e-05
747 6.0505197330e+00 2.9992490828e-05
748 6.0463052859e+00 3.0087796684e-05
749 6.0419855266e+00 3.0541805993e-05
750 6.0374156395e+00 3.1382997528e-05
751 6.0327379963e+00 3.1586378530e-05
752 6.0279840698e+00 3.1734465360e-05
753 6.0230962941e+00 3.2312751493e-05
754 6.0180660165e+00 3.2763434599e-05
755 6.0129136358e+00 3.2896351729e-05
756 6.0077936392e+00 3.2735642260e-05
757 6.0027082103e+00 3.2847140909e-05
758 5.9975187902e+00 3.2618786343e-05
759 5.9925232592e+00 3.2303316795e-05
760 5.9877048183e+00 3.2020219402e-05
761 5.9828722837e+00 3.2245143816e-05
762 5.9780290709e+00 3.2213166291e-05
763 5.9732886969e+00 3.1265624604e-05
764 5.9688038576e+00 3.0586744346e-05
765 5.9645213585e+00 3.0130763455e-05
766 5.9603415481e+00 2.9676027782e-05
767 5.9562561526e+00 2.9176132133e-05
768 5.9523162663e+00 2.8964999158e-05
769 5.9483460020e+00 2.9105510042e-05
770 5.9443309346e+00 2.9367428177e-05
771 5.9403109334e+00 2.9476520757e-05
772 5.9362097419e+00 2.9506537855e-05
773 5.9321421857e+00 2.9194837626e-05
774 5.9281900738e+00 2.8877563011e-05
775 5.9242535914e+00 2.8702162859e-05
776 5.9204360091e+00 2.8379843018e-05
777 5.9167640989e+00 2.7775512482e-05
778 5.9132233955e+00 2.7461047534e-05
779 5.9097541518e+00 2.7384619436e-05
780 5.9063493519e+00 2.6894797513e-05
781 5.9029854896e+00 2.6881987809e-05
782 5.8995906632e+00 2.7162581500e-05
783 5.8962010444e+00 2.7158868530e-05
784 5.8928063601e+00 2.7109303457e-05
785 5.8894228908e+00 2.7051137044e-05
786 5.8860191763e+00 2.6955066774e-05
787 5.8826103456e+00 2.6709700367e-05
788 5.8792172209e+00 2.7052576016e-05
789 5.8757581200e+00 2.7388095636e-05
790 5.8721334790e+00 2.7489506634e-05
791 5.8684760129e+00 2.7760636821e-05
792 5.8648719771e+00 2.7363734661e-05
793 5.8613793680e+00 2.7303180887e-05
794 5.8579043927e+00 2.7280040009e-05
795 5.8544084909e+00 2.7301991821e-05
796 5.8508875553e+00 2.7431801720e-05
797 5.8473282906e+00 2.7305992080e-05
798 5.8437242073e+00 2.7604607736e-05
799 5.8400645348e+00 2.7563896524e-05
800 5.8363614131e+00 2.7554942774e-05
801 5.8326720235e+00 2.7687649915e-05
802 5.8289786199e+00 2.7483606944e-05
803 5.8253473534e+00 2.7290552061e-05
804 5.8217196759e+00 2.7394368131e-05
805 5.8181354539e+00 2.7068625731e-05
806 5.8146282702e+00 2.6853880048e-05
807 5.8111786687e+00 2.6567434018e-05
808 5.8077290454e+00 2.6745741856e-05
809 5.8043272339e+00 2.6725814397e-05
810 5.8008534095e+00 2.6858805512e-05
811 5.7973287772e+00 2.6772494024e-05
812 5.7938130564e+00 2.6576371407e-05
813 5.7903758682e+00 2.6370627739e-05
814 5.7870472616e+00 2.5895067604e-05
815 5.7838503547e+00 2.5167949442e-05
816 5.7807789398e+00 2.4819654993e-05
817 5.7778320022e+00 2.4632966407e-05
818 5.7748680783e+00 2.4770240017e-05
819 5.7718521605e+00 2.5079483818e-05
820 5.7687348449e+00 2.5222087466e-05
821 5.7655843403e+00 2.5277894167e-05
822 5.7624708716e+00 2.5135024204e-05
823 5.7593237116e+00 2.5510432253e-05
824 5.7560557179e+00 2.5651895540e-05
825 5.7527056686e+00 2.5665284468e-05
826 5.7493534319e+00 2.5516748836e-05
827 5.7460917111e+00 2.5471034305e-05
828 5.7429477057e+00 2.5081044943e-05
829 5.7398489424e+00 2.4522809727e-05
830 5.7369281549e+00 2.3733159041e-05
831 5.7342394738e+00 2.2991497505e-05
832 5.7316531166e+00 2.2621757513e-05
833 5.7291101997e+00 2.2456635954e-05
834 5.7265720205e+00 2.2521002878e-05
835 5.7240425446e+00 2.2349322736e-05
836 5.7215128956e+00 2.2522254493e-05
837 5.7189113404e+00 2.2645922160e-05
838 5.7162936134e+00 2.2413747719e-05
839 5.7137247154e+00 2.2329586208e-05
840 5.7111799620e+00 2.2288113349e-05
841 5.7085861271e+00 2.2621137175e-05
842 5.7058884374e+00 2.3056561565e-05
843 5.7030897108e+00 2.3496839379e-05
844 5.7001530570e+00 2.3904470784e-05
845 5.6971621037e+00 2.4250293787e-05
846 5.6941491928e+00 2.4216706553e-05
847 5.6910966151e+00 2.4351114074e-05
848 5.6879629657e+00 2.4908561072e-05
849 5.6847233376e+00 2.5214623208e-05
850 5.6813682073e+00 2.5331794905e-05
851 5.6779861429e+00 2.5422097660e-05
852 5.6746293633e+00 2.5252315661e-05
853 5.6713332964e+00 2.5063837115e-05
854 5.6680496546e+00 2.4997295050e-05
855 5.6647632550e+00 2.5245723405e-05
856 5.6613988004e+00 2.5456299826e-05
857 5.6579301863e+00 2.5767685313e-05
858 5.6544405705e+00 2.5821278099e-05
859 5.6509441549e+00 2.5904222372e-05
860 5.6474069385e+00 2.5816224428e-05
861 5.6439348306e+00 2.5883292946e-05
862 5.6404257988e+00 2.5966854726e-05
863 5.6368917696e+00 2.5816677030e-05
864 5.6334284820e+00 2.5509207019e-05
865 5.6300658714e+00 2.5372528955e-05
866 5.6266786722e+00 2.5631646602e-05
867 5.6231783426e+00 2.5837146490e-05
868 5.6196441101e+00 2.5661366654e-05
869 5.6161838157e+00 2.5337182772e-05
870 5.6128048171e+00 2.5248579590e-05
871 5.6094013261e+00 2.5344989611e-05
872 5.6059432737e+00 2.5472729634e-05
873 5.6024635140e+00 2.5616307263e-05
874 5.5990156130e+00 2.5623397201e-05
875 5.5955424502e+00 2.5544047293e-05
876 5.5920564503e+00 2.5601988212e-05
877 5.5885612881e+00 2.5655911316e-05
878 5.5851232962e+00 2.5480997954e-05
879 5.5817261592e+00 2.5526064295e-05
880 5.5783526230e+00 2.5452327553e-05
881 5.5750041040e+00 2.5356261293e-05
882 5.5716605291e+00 2.5208746763e-05
883 5.5683332879e+00 2.5336995955e-05
884 5.5649205732e+00 2.5631703450e-05
885 5.5614338794e+00 2.5982570647e-05
886 5.5578779861e+00 2.6129359434e-05
887 5.5543071762e+00 2.6149293484e-05
888 5.5507475085e+00 2.6014195504e-05
889 5.5471930975e+00 2.5961908170e-05
890 5.5436901572e+00 2.5875331549e-05
891 5.5402902906e+00 2.5602206021e-05
892 5.5369324583e+00 2.5093687248e-05
893 5.5335979692e+00 2.5099860121e-05
894 5.5303931540e+00 2.4860225776e-05
895 5.5272013425e+00 2.4705768309e-05
896 5.5240144211e+00 2.4785874964e-05
897 5.5207743392e+00 2.5129897331e-05
898 5.5174673553e+00 2.5040290697e-05
899 5.5142964723e+00 2.4295071452e-05
900 5.5112869255e+00 2.3636876588e-05
901 5.5084159156e+00 2.3056775354e-05
902 5.5056407398e+00 2.3084292504e-05
903 5.5029231616e+00 2.2603621519e-05
904 5.5003006196e+00 2.2115932773e-05
905 5.4978111717e+00 2.1542049858e-05
906 5.4954698182e+00 2.0762290786e-05
907 5.4932286971e+00 2.0562667666e-05
908 5.4910665605e+00 2.0343146263e-05
909 5.4889568477e+00 1.9745570704e-05
910 5.4869323082e+00 1.9345167408e-05
911 5.4850087718e+00 1.9181433920e-05
912 5.4830965334e+00 1.9213882857e-05
913 5.4811371264e+00 1.9151584413e-05
914 5.4791811804e+00 1.9283592661e-05
915 5.4771960988e+00 1.9469050289e-05
916 5.4751463675e+00 1.9905296851e-05
917 5.4730258392e+00 2.0226636088e-05
918 5.4708583604e+00 2.0352233273e-05
919 5.4686858637e+00 2.0244463557e-05
920 5.4664806605e+00 2.0316607724e-05
921 5.4642751252e+00 2.0490637040e-05
922 5.4620337397e+00 2.0469599663e-05
923 5.4597938514e+00 2.0553304812e-05
924 5.4575659377e+00 2.0705260211e-05
925 5.4553209820e+00 2.0800918462e-05
926 5.4529880630e+00 2.0991807503e-05
927 5.4506002758e+00 2.1288624417e-05
928 5.4481852447e+00 2.1429491373e-05
929 5.4457527071e+00 2.1573239482e-05
930 5.4432658365e+00 2.1820735618e-05
931 5.4407263667e+00 2.1936156680e-05
932 5.4381460760e+00 2.2219475039e-05
933 5.4355503443e+00 2.2267296456e-05
934 5.4328931102e+00 2.2399820875e-05
935 5.4302014372e+00 2.2344243795e-05
936 5.4275202586e+00 2.2263994067e-05
937 5.4248689355e+00 2.2255955867e-05
938 5.4222146019e+00 2.2034647531e-05
939 5.4196139143e+00 2.1997299566e-05
940 5.4170900359e+00 2.1600878456e-05
941 5.4146312251e+00 2.1380334531e-05
942 5.4122658350e+00 2.1236604774e-05
943 5.4099331903e+00 2.0927521046e-05
944 5.4076381930e+00 2.0636728467e-05
945 5.4054329713e+00 2.0237855289e-05
946 5.4033002917e+00 1.9889332168e-05
947 5.4011851530e+00 1.9811552689e-05
948 5.3990955272e+00 1.9569051463e-05
949 5.3970407603e+00 1.9245835916e-05
950 5.3950458795e+00 1.9039243365e-05
951 5.3930651277e+00 1.8880265432e-05
952 5.3911087159e+00 1.8934158772e-05
953 5.3891610694e+00 1.8758889306e-05
954 5.3872487666e+00 1.8556514902e-05
955 5.3853837281e+00 1.8391050564e-05
956 5.3835454982e+00 1.8205929308e-05
957 5.3817150703e+00 1.8342593574e-05
958 5.3798835782e+00 1.8258446704e-05
959 5.3780700799e+00 1.8278585875e-05
960 5.3762391908e+00 1.8206203179e-05
961 5.3744245665e+00 1.7992986618e-05
962 5.3726763017e+00 1.8034427713e-05
963 5.3709083362e+00 1.7922495428e-05
964 5.3691139026e+00 1.8069816098e-05
965 5.3673137429e+00 1.8040839541e-05
966 5.3655139080e+00 1.8323681047e-05
967 5.3636417606e+00 1.8633862228e-05
968 5.3616982324e+00 1.8930287246e-05
969 5.3597034349e+00 1.9182347049e-05
970 5.3576682982e+00 1.9284269944e-05
971 5.3556013717e+00 1.9338663601e-05
972 5.3535255852e+00 1.9346008121e-05
973 5.3514693901e+00 1.9079753416e-05
974 5.3494795157e+00 1.8766839767e-05
975 5.3475244535e+00 1.8471729452e-05
976 5.3456009995e+00 1.8370257376e-05
977 5.3436935159e+00 1.8316544126e-05
978 5.3417814197e+00 1.8262773865e-05
979 5.3398564505e+00 1.8469044081e-05
980 5.3378826640e+00 1.8637129510e-05
981 5.3358852622e+00 1.8440898558e-05
982 5.3339218190e+00 1.8299315095e-05
983 5.3319953063e+00 1.8229801480e-05
984 5.3300847160e+00 1.8268220972e-05
985 5.3281252511e+00 1.8451846390e-05
986 5.3260986924e+00 1.8677339558e-05
987 5.3240551184e+00 1.8830220947e-05
988 5.3220434193e+00 1.8452967857e-05
989 5.3200329527e+00 1.8333909943e-05
990 5.3180757261e+00 1.8204567198e-05
991 5.3161280777e+00 1.8373127161e-05
992 5.3141484165e+00 1.8427099761e-05
993 5.3121619300e+00 1.8111530656e-05
994 5.3102033056e+00 1.7917215287e-05
995 5.3083461870e+00 1.7662578125e-05
996 5.3065591624e+00 1.7350261832e-05
997 5.3047892136e+00 1.7219116968e-05
998 5.3030314618e+00 1.7225030704e-05
999 5.3012626822e+00 1.7264301349e-05
1000 5.2995099416e+00 1.7038696972e-05
1001 5.2977731897e+00 1.6981991483e-05
1002 5.2960663209e+00 1.6951157145e-05
1003 5.2943433462e+00 1.7028749702e-05
1004 5.2926113099e+00 1.6910491960e-05
1005 5.2909053505e+00 1.6826242921e-05
1006 5.2892270638e+00 1.6780458437e-05
1007 5.2875264724e+00 1.6852357556e-05
1008 5.2857736421e+00 1.7168387654e-05
1009 5.2839963484e+00 1.7380090544e-05
1010 5.2821629516e+00 1.7325305625e-05
1011 5.2803450056e+00 1.7095284891e-05
1012 5.2785526311e+00 1.6960354246e-05
1013 5.2767508362e+00 1.7150261856e-05
1014 5.2749180794e+00 1.7355821424e-05
1015 5.2730534297e+00 1.7459136527e-05
1016 5.2712149501e+00 1.7267112425e-05
1017 5.2693887008e+00 1.7292471475e-05
1018 5.2675031439e+00 1.7630119060e-05
1019 5.2655689421e+00 1.7679800904e-05
1020 5.2635920316e+00 1.7875541638e-05
1021 5.2615821490e+00 1.7939924598e-05
1022 5.2595834592e+00 1.7828939023e-05
1023 5.2576024736e+00 1.7685080397e-05
1024 5.2556624164e+00 1.7449519187e-05
1025 5.2537414780e+00 1.7528002662e-05
1026 5.2518601119e+00 1.7472875040e-05
1027 5.2499655513e+00 1.7527058366e-05
1028 5.2480629567e+00 1.7401842169e-05
1029 5.2461704079e+00 1.7328128371e-05
1030 5.2443193991e+00 1.7061968347e-05
1031 5.2424573542e+00 1.6900869325e-05
1032 5.2406278982e+00 1.6832995805e-05
1033 5.2388157158e+00 1.6850047946e-05
1034 5.2370446234e+00 1.6659227164e-05
1035 5.2352680997e+00 1.6709652009e-05
1036 5.2334834466e+00 1.6752120025e-05
1037 5.2317029761e+00 1.6576796734e-05
1038 5.2299703018e+00 1.6387121206e-05
1039 5.2282835304e+00 1.6159143414e-05
1040 5.2265740489e+00 1.6127910988e-05
1041 5.2248581239e+00 1.6261451553e-05
1042 5.2231536302e+00 1.6205199310e-05
1043 5.2214466879e+00 1.6217448163e-05
1044 5.2197273396e+00 1.6224444496e-05
1045 5.2179614605e+00 1.6385430278e-05
1046 5.2161864015e+00 1.6607002042e-05
1047 5.2143773690e+00 1.6884216316e-05
1048 5.2124935947e+00 1.7214835952e-05
1049 5.2105255695e+00 1.7248508546e-05
1050 5.2085197194e+00 1.7342080923e-05
1051 5.2065148627e+00 1.7384986761e-05
1052 5.2044839083e+00 1.7119763054e-05
1053 5.2024879971e+00 1.7121608530e-05
1054 5.2005150364e+00 1.6853043405e-05
1055 5.1985931308e+00 1.6821753171e-05
1056 5.1966327376e+00 1.6976759806e-05
1057 5.1946333894e+00 1.7043255223e-05
1058 5.1926175757e+00 1.7094362420e-05
1059 5.1906014416e+00 1.7123987599e-05
1060 5.1885642987e+00 1.7116970099e-05
1061 5.1865437588e+00 1.6975575655e-05
1062 5.1845339798e+00 1.6882377248e-05
1063 5.1825493044e+00 1.6979685218e-05
1064 5.1805542772e+00 1.7201201305e-05
1065 5.1785332065e+00 1.7293967795e-05
1066 5.1764882773e+00 1.7370677786e-05
1067 5.1743897466e+00 1.7465548251e-05
1068 5.1722852745e+00 1.7536799427e-05
1069 5.1701345884e+00 1.7595802812e-05
1070 5.1679036611e+00 1.7866248578e-05
1071 5.1656224518e+00 1.8040828228e-05
1072 5.1632543425e+00 1.8386884159e-05
1073 5.1608191867e+00 1.8695868807e-05
1074 5.1583110371e+00 1.8772627641e-05
1075 5.1557963561e+00 1.8729484461e-05
1076 5.1532901731e+00 1.8745486881e-05
1077 5.1507389494e+00 1.9107549313e-05
1078 5.1481211187e+00 1.9270003627e-05
1079 5.1454424554e+00 1.9397889462e-05
1080 5.1427410155e+00 1.9422591294e-05
1081 5.1400525284e+00 1.9585452460e-05
1082 5.1373078917e+00 1.9533132316e-05
1083 5.1345598961e+00 1.9741604792e-05
1084 5.1317893265e+00 1.9758780474e-05
1085 5.1289773738e+00 1.9771491424e-05
1086 5.1261917998e+00 1.9802098190e-05
1087 5.1234201924e+00 1.9571732912e-05
1088 5.1206795720e+00 1.9546812083e-05
1089 5.1179941107e+00 1.9414045085e-05
1090 5.1153090977e+00 1.9461415029e-05
1091 5.1126026372e+00 1.9509690594e-05
1092 5.1099484030e+00 1.9455161465e-05
1093 5.1073347472e+00 1.9441520327e-05
1094 5.1047438984e+00 1.9226605932e-05
1095 5.1021829782e+00 1.8806204862e-05
1096 5.0996987319e+00 1.8448990570e-05
1097 5.0973015635e+00 1.8333918723e-05
1098 5.0949667797e+00 1.8142873121e-05
1099 5.0926386823e+00 1.8077455176e-05
1100 5.0903367886e+00 1.8065025670e-05
1101 5.0880370994e+00 1.8060768098e-05
1102 5.0857735095e+00 1.7760432119e-05
1103 5.0835640227e+00 1.7468052886e-05
1104 5.0814105768e+00 1.7081116136e-05
1105 5.0792940925e+00 1.7177362753e-05
1106 5.0771802842e+00 1.7136492934e-05
1107 5.0750967761e+00 1.6910672851e-05
1108 5.0730307349e+00 1.6938690773e-05
1109 5.0709255516e+00 1.7152675511e-05
1110 5.0687568345e+00 1.7465271326e-05
1111 5.0665244441e+00 1.7748668734e-05
1112 5.0642504092e+00 1.7756038231e-05
1113 5.0619328324e+00 1.8106088027e-05
1114 5.0595684330e+00 1.8033207152e-05
1115 5.0572147290e+00 1.8024503124e-05
1116 5.0548228413e+00 1.8105225684e-05
1117 5.0524492665e+00 1.8095920176e-05
1118 5.0500881697e+00 1.8143442473e-05
1119 5.0476874972e+00 1.8288380054e-05
1120 5.0452991438e+00 1.8261730589e-05
1121 5.0428805881e+00 1.8274362304e-05
1122 5.0404644339e+00 1.8088213909e-05
1123 5.0381217214e+00 1.7753294930e-05
1124 5.0358675364e+00 1.7266040946e-05
1125 5.0337174154e+00 1.6981363435e-05
1126 5.0316237862e+00 1.6904755851e-05
1127 5.0295213166e+00 1.6725081313e-05
1128 5.0274582920e+00 1.6764741008e-05
1129 5.0254147185e+00 1.6633355993e-05
1130 5.0233838973e+00 1.6532544349e-05
1131 5.0213743263e+00 1.6572040316e-05
1132 5.0193745909e+00 1.6571675045e-05
1133 5.0173321685e+00 1.6953123673e-05
1134 5.0152161460e+00 1.7239176613e-05
1135 5.0130308802e+00 1.7536444891e-05
1136 5.0107920429e+00 1.7609453634e-05
1137 5.0085644676e+00 1.7474459267e-05
1138 5.0063334276e+00 1.7252276933e-05
1139 5.0041160066e+00 1.7381788396e-05
1140 5.0019073330e+00 1.7545041968e-05
1141 4.9996213966e+00 1.7730352355e-05
1142 4.9972847343e+00 1.7762667391e-05
1143 4.9949541318e+00 1.7829548276e-05
1144 4.9926210256e+00 1.7839618996e-05
1145 4.9902709416e+00 1.7784838782e-05
1146 4.9879537686e+00 1.7729171435e-05
1147 4.9856960124e+00 1.7564060841e-05
1148 4.9834506234e+00 1.7469642861e-05
1149 4.9812401247e+00 1.7502011091e-05
1150 4.9790755835e+00 1.7409413790e-05
1151 4.9769659200e+00 1.7226247544e-05
1152 4.9748918610e+00 1.7160093779e-05
1153 4.9728105736e+00 1.7134654942e-05
1154 4.9706811405e+00 1.7100621467e-05
1155 4.9685680421e+00 1.7171535718e-05
1156 4.9664621443e+00 1.7164537832e-05
1157 4.9643566878e+00 1.7144497327e-05
1158 4.9622969687e+00 1.7077279899e-05
1159 4.9602401593e+00 1.6822366767e-05
1160 4.9582071861e+00 1.6877696541e-05
1161 4.9561481505e+00 1.6926103989e-05
1162 4.9540834416e+00 1.6934671701e-05
1163 4.9520148122e+00 1.6841870468e-05
1164 4.9499589319e+00 1.6809624688e-05
1165 4.9479427049e+00 1.6997398214e-05
1166 4.9459164836e+00 1.6870986845e-05
1167 4.9438523751e+00 1.6829206624e-05
1168 4.9418385372e+00 1.6933327403e-05
1169 4.9398112248e+00 1.6985096826e-05
1170 4.9376966248e+00 1.7154866251e-05
1171 4.9355235981e+00 1.7313421660e-05
1172 4.9333331543e+00 1.7302572500e-05
1173 4.9311416724e+00 1.7229456237e-05
1174 4.9290076826e+00 1.6998972212e-05
1175 4.9268889762e+00 1.7065174648e-05
1176 4.9247924311e+00 1.7047318177e-05
1177 4.9227224795e+00 1.7077035083e-05
1178 4.9206500290e+00 1.7086249916e-05
1179 4.9185527621e+00 1.6939561622e-05
1180 4.9165178852e+00 1.6590423500e-05
1181 4.9145779097e+00 1.6229182684e-05
1182 4.9126892131e+00 1.5948772564e-05
1183 4.9109020073e+00 1.5644572470e-05
1184 4.9091809730e+00 1.5176317475e-05
1185 4.9075420493e+00 1.4835304534e-05
1186 4.9059763372e+00 1.4593355160e-05
1187 4.9044552989e+00 1.4362950820e-05
1188 4.9029629242e+00 1.4068930495e-05
1189 4.9015076855e+00 1.4006664102e-05
1190 4.9000700063e+00 1.4056582665e-05
1191 4.8986225445e+00 1.3966347112e-05
1192 4.8972013928e+00 1.3939973671e-05
1193 4.8958098603e+00 1.3896951301e-05
1194 4.8944284662e+00 1.3867480753e-05
1195 4.8930305022e+00 1.3816552014e-05
1196 4.8916118568e+00 1.3828456961e-05
1197 4.8901525354e+00 1.3973097145e-05
1198 4.8886993284e+00 1.3994656226e-05
1199 4.8872349499e+00 1.4146796324e-05
1200 4.8857254612e+00 1.4167807349e-05
1201 4.8842156442e+00 1.4338336904e-05
1202 4.8826931472e+00 1.4335101155e-05
1203 4.8811827623e+00 1.4246152953e-05
1204 4.8796373953e+00 1.4335980698e-05
1205 4.8780950916e+00 1.4308353782e-05
1206 4.8765730784e+00 1.4477406148e-05
1207 4.8750093659e+00 1.4458077462e-05
1208 4.8734199295e+00 1.4514388174e-05
1209 4.8718326447e+00 1.4571282025e-05
1210 4.8702455215e+00 1.4453912219e-05
1211 4.8686439313e+00 1.4519125530e-05
1212 4.8670576096e+00 1.4470430391e-05
1213 4.8654870969e+00 1.4461663571e-05
1214 4.8639137038e+00 1.4295154284e-05
1215 4.8623694259e+00 1.4312830156e-05
1216 4.8608241939e+00 1.4239852991e-05
1217 4.8592857209e+00 1.4250054446e-05
1218 4.8577286102e+00 1.4445228330e-05
1219 4.8561352022e+00 1.4474890776e-05
1220 4.8545346903e+00 1.4545706070e-05
1221 4.8529260485e+00 1.4558221774e-05
1222 4.8513055051e+00 1.4362372790e-05
1223 4.8497139369e+00 1.4260863526e-05
1224 4.8481393751e+00 1.4258295030e-05
1225 4.8465453885e+00 1.4390943840e-05
1226 4.8449162314e+00 1.4613962831e-05
1227 4.8432669005e+00 1.4700487176e-05
1228 4.8416054966e+00 1.4759669705e-05
1229 4.8399722234e+00 1.4561995355e-05
1230 4.8383662400e+00 1.4510628294e-05
1231 4.8367539750e+00 1.4509609180e-05
1232 4.8351370224e+00 1.4467695897e-05
1233 4.8335576896e+00 1.4177380090e-05
1234 4.8319727241e+00 1.3984774716e-05
1235 4.8304258427e+00 1.4031392042e-05
1236 4.8288837147e+00 1.3941060469e-05
1237 4.8273504569e+00 1.3843125958e-05
1238 4.8258312772e+00 1.3708752147e-05
1239 4.8243184065e+00 1.3794165365e-05
1240 4.8228143708e+00 1.3759651790e-05
1241 4.8213109719e+00 1.3807404383e-05
1242 4.8197805831e+00 1.3882985429e-05
1243 4.8182317443e+00 1.3964470979e-05
1244 4.8166926838e+00 1.3987673052e-05
1245 4.8151464577e+00 1.4015173115e-05
1246 4.8135853614e+00 1.3943215714e-05
1247 4.8120837177e+00 1.3543114993e-05
1248 4.8106707377e+00 1.3091006886e-05
1249 4.8093264549e+00 1.2748715189e-05
1250 4.8080218106e+00 1.2622584089e-05
1251 4.8067300937e+00 1.2582461558e-05
1252 4.8054444507e+00 1.2528976394e-05
1253 4.8041840836e+00 1.2525374401e-05
1254 4.8029257620e+00 1.2500617533e-05
1255 4.8016863371e+00 1.2470009881e-05
1256 4.8004612650e+00 1.2232015317e-05
1257 4.7992693753e+00 1.1957095340e-05
1258 4.7981139936e+00 1.1845080688e-05
1259 4.7969780802e+00 1.1695560455e-05
1260 4.7958391976e+00 1.1813251499e-05
1261 4.7946845224e+00 1.1904777577e-05
1262 4.7934951136e+00 1.2071083440e-05
1263 4.7922966316e+00 1.2082712883e-05
1264 4.7910870176e+00 1.2198240742e-05
1265 4.7898435722e+00 1.2462872392e-05
1266 4.7885653135e+00 1.2515004049e-05
1267 4.7872726155e+00 1.2579223407e-05
1268 4.7859618067e+00 1.2597167957e-05
1269 4.7846456925e+00 1.2580128275e-05
1270 4.7833195609e+00 1.2629886772e-05
1271 4.7819880923e+00 1.2645715807e-05
1272 4.7806502384e+00 1.2495480106e-05
1273 4.7793275072e+00 1.2389228412e-05
1274 4.7780314784e+00 1.2465699830e-05
1275 4.7767142021e+00 1.2527140111e-05
1276 4.7753862112e+00 1.2606081479e-05
1277 4.7740586202e+00 1.2512082544e-05
1278 4.7727397690e+00 1.2444871178e-05
1279 4.7714237548e+00 1.2505707945e-05
1280 4.7700925163e+00 1.2567457681e-05
1281 4.7687263357e+00 1.2718464982e-05
1282 4.7673117055e+00 1.2906458840e-05
1283 4.7658779831e+00 1.3050411430e-05
1284 4.7644201604e+00 1.3122841067e-05
1285 4.7629358072e+00 1.3143898084e-05
1286 4.7614649039e+00 1.3221986665e-05
1287 4.7599501723e+00 1.3378863982e-05
1288 4.7583849169e+00 1.3434858243e-05
1289 4.7568226642e+00 1.3521182765e-05
1290 4.7552372476e+00 1.3628529146e-05
1291 4.7536269626e+00 1.3903020273e-05
1292 4.7519546214e+00 1.4070686015e-05
1293 4.7502377225e+00 1.4192470946e-05
1294 4.7484799862e+00 1.4381933193e-05
1295 4.7466900681e+00 1.4453881432e-05
1296 4.7448870512e+00 1.4583161925e-05
1297 4.7430398941e+00 1.4641203287e-05
1298 4.7411897226e+00 1.4648560432e-05
1299 4.7393365574e+00 1.4496516320e-05
1300 4.7375397269e+00 1.4265762692e-05
1301 4.7357947470e+00 1.4208070343e-05
1302 4.7340239684e+00 1.4373642828e-05
1303 4.7322278394e+00 1.4421724976e-05
1304 4.7304791919e+00 1.4247032037e-05
1305 4.7287468460e+00 1.4074360530e-05
1306 4.7270537554e+00 1.3904605397e-05
1307 4.7254122800e+00 1.3749459718e-05
1308 4.7238085787e+00 1.3569391924e-05
1309 4.7222581250e+00 1.3478157170e-05
1310 4.7207054277e+00 1.3419898256e-05
1311 4.7191374932e+00 1.3557320392e-05
1312 4.7175573720e+00 1.3533516418e-05
1313 4.7159882763e+00 1.3362864156e-05
1314 4.7144434565e+00 1.3201078940e-05
1315 4.7129234375e+00 1.3224007066e-05
1316 4.7113994823e+00 1.3209844936e-05
1317 4.7098976461e+00 1.3090974656e-05
1318 4.7084445997e+00 1.2857724898e-05
1319 4.7070181810e+00 1.2753591468e-05
1320 4.7055956656e+00 1.2839506530e-05
1321 4.7041874154e+00 1.2654920956e-05
1322 4.7027991055e+00 1.2649838265e-05
1323 4.7014146975e+00 1.2556641864e-05
1324 4.7000452133e+00 1.2667086564e-05
1325 4.6986442735e+00 1.2634633957e-05
1326 4.6972473867e+00 1.2537207984e-05
1327 4.6958476933e+00 1.2565545025e-05
1328 4.6944550987e+00 1.2426764156e-05
1329 4.6930752946e+00 1.2532641614e-05
1330 4.6916886333e+00 1.2565600860e-05
1331 4.6902663077e+00 1.2496917451e-05
1332 4.6888629136e+00 1.2564222471e-05
1333 4.6874478461e+00 1.2626684060e-05
1334 4.6860394512e+00 1.2578002554e-05
1335 4.6846144013e+00 1.2463979167e-05
1336 4.6832028296e+00 1.2354777452e-05
1337 4.6817982170e+00 1.2521509592e-05
1338 4.6803613514e+00 1.2623025846e-05
1339 4.6789136971e+00 1.2481521286e-05
1340 4.6774920564e+00 1.2309047274e-05
1341 4.6761012332e+00 1.2255080682e-05
1342 4.6746996714e+00 1.2227667598e-05
1343 4.6733147216e+00 1.2209800934e-05
1344 4.6719494414e+00 1.2121088368e-05
1345 4.6706083975e+00 1.1950410440e-05
1346 4.6692884481e+00 1.2039006441e-05
1347 4.6679752685e+00 1.2010352300e-05
1348 4.6666690963e+00 1.2036835137e-05
1349 4.6653227567e+00 1.2281812507e-05
1350 4.6639120454e+00 1.2485142321e-05
1351 4.6624537267e+00 1.2687329046e-05
1352 4.6609487597e+00 1.2761727043e-05
1353 4.6593860660e+00 1.3028374449e-05
1354 4.6577736512e+00 1.3318858237e-05
1355 4.6561178450e+00 1.3523854047e-05
1356 4.6544338242e+00 1.3548803229e-05
1357 4.6527118192e+00 1.3724998456e-05
1358 4.6509706874e+00 1.3829871127e-05
1359 4.6492038075e+00 1.3940932217e-05
1360 4.6473927308e+00 1.4074342767e-05
1361 4.6455440009e+00 1.4192768427e-05
1362 4.6436455872e+00 1.4327985627e-05
1363 4.6417305551e+00 1.4391094009e-05
1364 4.6397958429e+00 1.4295910330e-05
1365 4.6378769471e+00 1.4401353641e-05
1366 4.6359618133e+00 1.4343923505e-05
1367 4.6340604545e+00 1.4373871656e-05
1368 4.6321091048e+00 1.4537444145e-05
1369 4.6301132836e+00 1.4748567899e-05
1370 4.6281078378e+00 1.4733938148e-05
1371 4.6261359636e+00 1.4711258936e-05
1372 4.6241485472e+00 1.4728654537e-05
1373 4.6221485135e+00 1.4643012708e-05
1374 4.6201626351e+00 1.4663265235e-05
1375 4.6181829972e+00 1.4675431080e-05
1376 4.6161875389e+00 1.4708366198e-05
1377 4.6141799792e+00 1.4611126245e-05
1378 4.6122177600e+00 1.4609769070e-05
1379 4.6102945042e+00 1.4417540069e-05
1380 4.6084480226e+00 1.4365293312e-05
1381 4.6065897675e+00 1.4167419414e-05
1382 4.6047210460e+00 1.4226512252e-05
1383 4.6028548404e+00 1.4288771761e-05
1384 4.6009698233e+00 1.4137114759e-05
1385 4.5990895419e+00 1.4155597746e-05
1386 4.5971974777e+00 1.4403277849e-05
1387 4.5952132661e+00 1.4618066380e-05
1388 4.5931647882e+00 1.4814883040e-05
1389 4.5910747419e+00 1.4931404125e-05
1390 4.5890205645e+00 1.4642693880e-05
1391 4.5870487781e+00 1.4301742540e-05
1392 4.5851678454e+00 1.3975320657e-05
1393 4.5833412528e+00 1.4098706758e-05
1394 4.5814990898e+00 1.4145627645e-05
1395 4.5796651581e+00 1.4089608803e-05
1396 4.5778451808e+00 1.4129519023e-05
1397 4.5760042062e+00 1.4218794159e-05
1398 4.5741082120e+00 1.4311282880e-05
1399 4.5722312361e+00 1.4269260733e-05
1400 4.5703699424e+00 1.4105189113e-05
1401 4.5685698531e+00 1.3878284428e-05
1402 4.5667973248e+00 1.3850013388e-05
1403 4.5650083160e+00 1.4040897788e-05
1404 4.5632125395e+00 1.3982315263e-05
1405 4.5614456818e+00 1.3936303726e-05
1406 4.5596851221e+00 1.3857791388e-05
1407 4.5579508194e+00 1.3635423380e-05
1408 4.5562813959e+00 1.3366166720e-05
1409 4.5546776338e+00 1.2983068781e-05
1410 4.5531341410e+00 1.2876138239e-05
1411 4.5516061961e+00 1.2801865278e-05
1412 4.5501055886e+00 1.2777976378e-05
1413 4.5486472131e+00 1.2631873410e-05
1414 4.5472083540e+00 1.2515299283e-05
1415 4.5457921552e+00 1.2432957608e-05
1416 4.5443707186e+00 1.2486235215e-05
1417 4.5429246064e+00 1.2462388947e-05
1418 4.5414971634e+00 1.2356629223e-05
1419 4.5400856194e+00 1.2106896918e-05
1420 4.5387096680e+00 1.2036052956e-05
1421 4.5373708186e+00 1.1990975271e-05
1422 4.5360672025e+00 1.1748092579e-05
1423 4.5347822514e+00 1.1568263895e-05
1424 4.5335271700e+00 1.1491106667e-05
1425 4.5322936389e+00 1.1382126876e-05
1426 4.5310995328e+00 1.1198790817e-05
1427 4.5299468174e+00 1.1068749990e-05
1428 4.5288334282e+00 1.0883771317e-05
1429 4.5277510526e+00 1.0711364353e-05
1430 4.5267093530e+00 1.0467460173e-05
1431 4.5257298885e+00 1.0212468571e-05
1432 4.5248038523e+00 9.9315544877e-06
1433 4.5238981604e+00 9.8184267633e-06
1434 4.5230127661e+00 9.7325557088e-06
1435 4.5221351124e+00 9.6709238318e-06
1436 4.5212774685e+00 9.6004405525e-06
1437 4.5204267649e+00 9.4277297757e-06
1438 4.5195873751e+00 9.3918017017e-06
1439 4.5187483528e+00 9.4616591295e-06
1440 4.5178801765e+00 9.5563759808e-06
1441 4.5169872076e+00 9.6051800859e-06
1442 4.5160942511e+00 9.6719403298e-06
1443 4.5152076432e+00 9.6318979871e-06
1444 4.5143264542e+00 9.6501882760e-06
1445 4.5134371741e+00 9.6813907940e-06
1446 4.5125306391e+00 9.7687673448e-06
1447 4.5116240679e+00 9.8437169873e-06
1448 4.5107037523e+00 9.8484441095e-06
1449 4.5097495707e+00 1.0000514209e-05
1450 4.5087610073e+00 1.0087249035e-05
1451 4.5077436763e+00 1.0159029463e-05
1452 4.5067354906e+00 1.0187045628e-05
1453 4.5057080212e+00 1.0372295786e-05
1454 4.5046308953e+00 1.0635211873e-05
1455 4.5035320513e+00 1.0764092917e-05
1456 4.5024152753e+00 1.0894957760e-05
1457 4.5012829952e+00 1.0822341624e-05
1458 4.5001335387e+00 1.0842743631e-05
1459 4.4989608665e+00 1.0921948503e-05
1460 4.4977867612e+00 1.0937993482e-05
1461 4.4966286512e+00 1.0940471035e-05
1462 4.4954561253e+00 1.1002050917e-05
1463 4.4942689219e+00 1.1148045812e-05
1464 4.4930651818e+00 1.1187875777e-05
1465 4.4918457772e+00 1.1121991248e-05
1466 4.4906075753e+00 1.1073037667e-05
1467 4.4893399203e+00 1.1296145282e-05
1468 4.4880656247e+00 1.1361507608e-05
1469 4.4867953468e+00 1.1266076867e-05
1470 4.4855000048e+00 1.1424421066e-05
1471 4.4841722781e+00 1.1551153310e-05
1472 4.4828091027e+00 1.1700150713e-05
1473 4.4814360385e+00 1.1805898973e-05
1474 4.4800441115e+00 1.1790602409e-05
1475 4.4786504769e+00 1.1747864780e-05
1476 4.4772625599e+00 1.1896146749e-05
1477 4.4758557334e+00 1.1917038352e-05
1478 4.4744243680e+00 1.2015894125e-05
1479 4.4729791168e+00 1.2068565070e-05
1480 4.4715352501e+00 1.2001890588e-05
1481 4.4701070824e+00 1.2020646554e-05
1482 4.4686559633e+00 1.2045583926e-05
1483 4.4671833997e+00 1.2129609049e-05
1484 4.4657238038e+00 1.2073673820e-05
1485 4.4642665802e+00 1.2045307456e-05
1486 4.4628191059e+00 1.2139976934e-05
1487 4.4613661271e+00 1.2214848059e-05
1488 4.4598702319e+00 1.2319866890e-05
1489 4.4583587260e+00 1.2350068016e-05
1490 4.4568215986e+00 1.2467422430e-05
1491 4.4552117504e+00 1.2748913292e-05
1492 4.4535363417e+00 1.2807591872e-05
1493 4.4518746044e+00 1.2648434493e-05
1494 4.4502913344e+00 1.2269779519e-05
1495 4.4487898068e+00 1.2168033263e-05
1496 4.4472768835e+00 1.2239401678e-05
1497 4.4457661185e+00 1.2233016921e-05
1498 4.4442538201e+00 1.2171269141e-05
1499 4.4427517104e+00 1.2218934969e-05
1500 4.4412191181e+00 1.2371070400e-05
1501 4.4396438101e+00 1.2386594502e-05
1502 4.4380953399e+00 1.2293264542e-05
1503 4.4365539809e+00 1.2370000918e-05
1504 4.4349760799e+00 1.2527753082e-05
1505 4.4333672974e+00 1.2683933864e-05
1506 4.4317183225e+00 1.2699820830e-05
1507 4.4300592291e+00 1.2771202094e-05
1508 4.4283710172e+00 1.2860337762e-05
1509 4.4266382819e+00 1.2932337670e-05
1510 4.4249116609e+00 1.3151541652e-05
1511 4.4231826341e+00 1.3150615171e-05
1512 4.4214100671e+00 1.3320941685e-05
1513 4.4195880787e+00 1.3303812672e-05
1514 4.4177975423e+00 1.3208657749e-05
1515 4.4160226462e+00 1.3030711309e-05
1516 4.4142541793e+00 1.3173485185e-05
1517 4.4124803692e+00 1.3099118657e-05
1518 4.4107012248e+00 1.3117347652e-05
1519 4.4089701965e+00 1.2875441403e-05
1520 4.4072799244e+00 1.2602266401e-05
1521 4.4056734108e+00 1.2390057166e-05
1522 4.4041651640e+00 1.2083450390e-05
1523 4.4026872968e+00 1.1754996546e-05
1524 4.4012823447e+00 1.1507992096e-05
1525 4.3999227497e+00 1.1401332352e-05
1526 4.3985882286e+00 1.1249726458e-05
1527 4.3972935387e+00 1.1076799772e-05
1528 4.3960419328e+00 1.0923841825e-05
1529 4.3948080554e+00 1.0921609642e-05
1530 4.3935681699e+00 1.1044556789e-05
1531 4.3923307652e+00 1.0941247916e-05
1532 4.3911167135e+00 1.0642866373e-05
1533 4.3899600874e+00 1.0553061165e-05
1534 4.3888263397e+00 1.0377322586e-05
1535 4.3877034239e+00 1.0348088729e-05
1536 4.3866096319e+00 1.0233004977e-05
1537 4.3855137893e+00 1.0288335365e-05
1538 4.3843860044e+00 1.0481153519e-05
1539 4.3832261290e+00 1.0595691173e-05
1540 4.3820236649e+00 1.0781322746e-05
1541 4.3808211324e+00 1.0738069447e-05
1542 4.3796263209e+00 1.0557343444e-05
1543 4.3784341005e+00 1.0544103984e-05
1544 4.3772520053e+00 1.0677983385e-05
1545 4.3760629147e+00 1.0741502625e-05
1546 4.3748647325e+00 1.0773867274e-05
1547 4.3736560351e+00 1.0734732976e-05
1548 4.3724410186e+00 1.0767864399e-05
1549 4.3712470023e+00 1.0695391930e-05
1550 4.3700583561e+00 1.0596881073e-05
1551 4.3688969861e+00 1.0596038362e-05
1552 4.3677276418e+00 1.0593743264e-05
1553 4.3665628833e+00 1.0665836333e-05
1554 4.3654029238e+00 1.0621382586e-05
1555 4.3642228404e+00 1.0670320103e-05
1556 4.3630686217e+00 1.0670322812e-05
1557 4.3619007504e+00 1.0687262263e-05
1558 4.3607044457e+00 1.0801982694e-05
1559 4.3594631549e+00 1.0966999849e-05
1560 4.3581853112e+00 1.1037580317e-05
1561 4.3569091733e+00 1.1147273572e-05
1562 4.3556388334e+00 1.1114465477e-05
1563 4.3543646769e+00 1.1072412000e-05
1564 4.3530906312e+00 1.1146925407e-05
1565 4.3518036527e+00 1.1162689430e-05
1566 4.3505234262e+00 1.1201856062e-05
1567 4.3492536887e+00 1.0980007791e-05
1568 4.3479965870e+00 1.0923557849e-05
1569 4.3467844581e+00 1.0885130162e-05
1570 4.3455809693e+00 1.0711950517e-05
1571 4.3443827832e+00 1.0785143658e-05
1572 4.3431662293e+00 1.0653849528e-05
1573 4.3419657194e+00 1.0536654550e-05
1574 4.3407785297e+00 1.0541631865e-05
1575 4.3396044366e+00 1.0558264753e-05
1576 4.3384119886e+00 1.0597723083e-05
1577 4.3372164928e+00 1.0608808612e-05
1578 4.3360453834e+00 1.0513320501e-05
1579 4.3348873361e+00 1.0453461469e-05
1580 4.3337455109e+00 1.0412353532e-05
1581 4.3326337185e+00 1.0243741974e-05
1582 4.3315536266e+00 1.0190106785e-05
1583 4.3304971016e+00 1.0082665279e-05
1584 4.3294375520e+00 1.0039372543e-05
1585 4.3283708157e+00 9.9966222056e-06
1586 4.3272989118e+00 9.9932072659e-06
1587 4.3262264464e+00 1.0047986678e-05
1588 4.3251688743e+00 9.9964454771e-06
1589 4.3241073664e+00 9.8938109324e-06
1590 4.3230611875e+00 9.9074658254e-06
1591 4.3220295638e+00 9.8937420903e-06
1592 4.3209974959e+00 9.7781736612e-06
1593 4.3199675711e+00 9.7641044316e-06
1594 4.3189439239e+00 9.8268901659e-06
1595 4.3179029101e+00 9.9314270367e-06
1596 4.3168244032e+00 9.9997365019e-06
1597 4.3157221011e+00 1.0171833462e-05
1598 4.3146082782e+00 1.0179529820e-05
1599 4.3134819802e+00 1.0281385105e-05
1600 4.3123464661e+00 1.0429144297e-05
1601 4.3111722880e+00 1.0512302209e-05
1602 4.3099735782e+00 1.0584234764e-05
1603 4.3087649788e+00 1.0527529308e-05
1604 4.3075824328e+00 1.0486203170e-05
1605 4.3064344500e+00 1.0342271030e-05
1606 4.3053122330e+00 1.0256247239e-05
1607 4.3042035936e+00 1.0167228048e-05
1608 4.3030988927e+00 1.0017465354e-05
1609 4.3019831075e+00 1.0056726593e-05
1610 4.3008390839e+00 1.0082832982e-05
1611 4.2997137058e+00 1.0110969177e-05
1612 4.2986071603e+00 1.0037197568e-05
1613 4.2974941773e+00 9.9947838660e-06
1614 4.2963676575e+00 1.0042246782e-05
1615 4.2952327607e+00 1.0157071356e-05
1616 4.2940860503e+00 1.0219096047e-05
1617 4.2929410897e+00 1.0206473852e-05
1618 4.2918038899e+00 1.0073433180e-05
1619 4.2907036409e+00 9.9020488652e-06
1620 4.2896423630e+00 9.7918655653e-06
1621 4.2885980054e+00 9.8130368820e-06
1622 4.2875470288e+00 9.7191291494e-06
1623 4.2864893380e+00 9.7229776805e-06
1624 4.2854643195e+00 9.6292381342e-06
1625 4.2844444096e+00 9.5899963839e-06
1626 4.2834441490e+00 9.5758876274e-06
1627 4.2824316623e+00 9.5215721213e-06
1628 4.2814377812e+00 9.3533774313e-06
1629 4.2804848291e+00 9.2418840984e-06
1630 4.2795433280e+00 9.1932201478e-06
1631 4.2786094271e+00 9.2369350292e-06
1632 4.2776495945e+00 9.4014913213e-06
1633 4.2766595063e+00 9.4839293913e-06
1634 4.2756556879e+00 9.4717786445e-06
1635 4.2746394421e+00 9.5237849343e-06
1636 4.2736202198e+00 9.4948662615e-06
1637 4.2726321420e+00 9.4260650865e-06
1638 4.2716485854e+00 9.4161308786e-06
1639 4.2706648648e+00 9.4677752061e-06
1640 4.2696540089e+00 9.4561370969e-06
1641 4.2686382228e+00 9.4665933100e-06
1642 4.2676405903e+00 9.4635352440e-06
1643 4.2666432531e+00 9.4905589038e-06
1644 4.2656485996e+00 9.5045606057e-06
1645 4.2646125425e+00 9.5308898717e-06
1646 4.2635641539e+00 9.6918137489e-06
1647 4.2624807762e+00 9.9030912484e-06
1648 4.2613495619e+00 1.0131216317e-05
1649 4.2601608106e+00 1.0234506076e-05
1650 4.2589303762e+00 1.0326389329e-05
1651 4.2577116290e+00 1.0317253766e-05
1652 4.2564753631e+00 1.0341135751e-05
1653 4.2552335921e+00 1.0412316921e-05
1654 4.2540159994e+00 1.0403496739e-05
1655 4.2528068607e+00 1.0285104253e-05
1656 4.2516368031e+00 1.0050648872e-05
1657 4.2504713958e+00 1.0033738483e-05
1658 4.2493206122e+00 1.0037818192e-05
1659 4.2481638389e+00 1.0149833378e-05
1660 4.2469913276e+00 1.0221930710e-05
1661 4.2457909504e+00 1.0397354767e-05
1662 4.2445342062e+00 1.0511684937e-05
1663 4.2432460603e+00 1.0638326863e-05
1664 4.2419266014e+00 1.0651664603e-05
1665 4.2406121063e+00 1.0601641986e-05
1666 4.2393167919e+00 1.0528128441e-05
1667 4.2380353059e+00 1.0390853734e-05
1668 4.2367633560e+00 1.0449391187e-05
1669 4.2355163940e+00 1.0498541959e-05
1670 4.2342645370e+00 1.0434797408e-05
1671 4.2330311281e+00 1.0407238046e-05
1672 4.2317885645e+00 1.0455505162e-05
1673 4.2305102051e+00 1.0509546888e-05
1674 4.2292224844e+00 1.0479538267e-05
1675 4.2279501054e+00 1.0341178507e-05
1676 4.2267344423e+00 1.0214913069e-05
1677 4.2255446662e+00 1.0045105918e-05
1678 4.2243683426e+00 1.0005227283e-05
1679 4.2232108540e+00 9.9218189861e-06
1680 4.2220890681e+00 9.7837388351e-06
1681 4.2209883962e+00 9.7731033290e-06
1682 4.2198922705e+00 9.8041060168e-06
1683 4.2187914025e+00 9.7851651403e-06
1684 4.2176779673e+00 9.7125378890e-06
1685 4.2165640591e+00 9.7585736080e-06
1686 4.2154236490e+00 9.7739963210e-06
1687 4.2142790760e+00 9.7582542201e-06
1688 4.2131353092e+00 9.7768511436e-06
1689 4.2119958344e+00 9.7899751020e-06
1690 4.2108690040e+00 9.6992712340e-06
1691 4.2097712916e+00 9.5437636261e-06
1692 4.2086965016e+00 9.5343917997e-06
1693 4.2076303315e+00 9.4977091527e-06
1694 4.2065576410e+00 9.4947436836e-06
1695 4.2054940688e+00 9.4288326301e-06
1696 4.2044421162e+00 9.4165564487e-06
1697 4.2034111820e+00 9.3367960298e-06
1698 4.2023843768e+00 9.3268799542e-06
1699 4.2013504015e+00 9.3610676735e-06
1700 4.2003058842e+00 9.4377970866e-06
1701 4.1992837208e+00 9.4080834768e-06
1702 4.1982472941e+00 9.2951507084e-06
1703 4.1972130387e+00 9.3551051670e-06
1704 4.1961961703e+00 9.2258543096e-06
1705 4.1951908286e+00 9.1975457576e-06
1706 4.1942027167e+00 9.1153816571e-06
1707 4.1932077777e+00 9.0957142201e-06
1708 4.1922041174e+00 9.2264036754e-06
1709 4.1912014229e+00 9.1087638636e-06
1710 4.1901985523e+00 9.1532368931e-06
1711 4.1892083032e+00 9.1651854716e-06
1712 4.1882144851e+00 9.1309569504e-06
1713 4.1872214714e+00 9.0788814945e-06
1714 4.1862556556e+00 8.9868486909e-06
1715 4.1853027148e+00 8.9011002432e-06
1716 4.1843313654e+00 9.0135535183e-06
1717 4.1833399270e+00 9.0287745266e-06
1718 4.1823524907e+00 9.1335018675e-06
1719 4.1813567796e+00 9.1831036438e-06
1720 4.1803568071e+00 9.0863543096e-06
1721 4.1793500875e+00 9.1052839641e-06
1722 4.1783568023e+00 9.2085102538e-06
1723 4.1773331181e+00 9.3459794163e-06
1724 4.1762775606e+00 9.3154025563e-06
1725 4.1752242209e+00 9.1194080656e-06
1726 4.1742189263e+00 9.0118434360e-06
1727 4.1732479103e+00 8.9055027958e-06
1728 4.1722864277e+00 8.9092558849e-06
1729 4.1713442823e+00 8.8523738083e-06
1730 4.1704316185e+00 8.7070609603e-06
1731 4.1695118363e+00 8.6877566174e-06
1732 4.1685962931e+00 8.7211061271e-06
1733 4.1676491681e+00 8.7433842539e-06
1734 4.1667182812e+00 8.7607159641e-06
1735 4.1657890300e+00 8.8556324296e-06
1736 4.1648273489e+00 8.9464590477e-06
1737 4.1638361493e+00 9.0276847673e-06
1738 4.1628157259e+00 9.1768866413e-06
1739 4.1617782537e+00 9.2787301797e-06
1740 4.1607208527e+00 9.3050809280e-06
1741 4.1596472004e+00 9.3115655289e-06
1742 4.1585554867e+00 9.3533151010e-06
1743 4.1574683904e+00 9.4969692587e-06
1744 4.1563704872e+00 9.5288533109e-06
1745 4.1552364269e+00 9.5258451356e-06
1746 4.1541206952e+00 9.4669495086e-06
1747 4.1530155076e+00 9.4496805759e-06
1748 4.1519045608e+00 9.5459961956e-06
1749 4.1507880509e+00 9.5223864501e-06
1750 4.1496872128e+00 9.4565087374e-06
1751 4.1486088114e+00 9.4629941723e-06
1752 4.1475389216e+00 9.4876449362e-06
1753 4.1464665470e+00 9.4890495726e-06
1754 4.1453840261e+00 9.4173118046e-06
1755 4.1443014644e+00 9.4023588925e-06
1756 4.1432093250e+00 9.4760899183e-06
1757 4.1420768680e+00 9.5955387010e-06
1758 4.1409360223e+00 9.6782087627e-06
1759 4.1397894182e+00 9.6940999884e-06
1760 4.1386480132e+00 9.7860251805e-06
1761 4.1374854179e+00 9.7772821857e-06
1762 4.1363204425e+00 9.8832596173e-06
1763 4.1351333479e+00 9.9405930487e-06
1764 4.1339467615e+00 9.9044729164e-06
1765 4.1327664004e+00 9.8305632899e-06
1766 4.1315932331e+00 9.6818963516e-06
1767 4.1304399896e+00 9.6528425916e-06
1768 4.1293133538e+00 9.5073234428e-06
1769 4.1281914454e+00 9.6346822688e-06
1770 4.1270396093e+00 9.6822817880e-06
1771 4.1258743993e+00 9.6707835138e-06
1772 4.1247226021e+00 9.7607860568e-06
1773 4.1235692302e+00 9.8028145511e-06
1774 4.1223616492e+00 9.8564302160e-06
1775 4.1211207905e+00 1.0010660473e-05
1776 4.1198702951e+00 1.0036249873e-05
1777 4.1186291061e+00 9.9380509586e-06
1778 4.1173938368e+00 9.9130942166e-06
1779 4.1161662545e+00 9.9559850561e-06
1780 4.1149426763e+00 9.9764334501e-06
1781 4.1137034493e+00 1.0051466580e-05
1782 4.1124547659e+00 1.0058840422e-05
1783 4.1111929937e+00 1.0137557200e-05
1784 4.1099034253e+00 1.0074936002e-05
1785 4.1086074768e+00 1.0199192376e-05
1786 4.1073098621e+00 1.0255127710e-05
1787 4.1059800074e+00 1.0301145467e-05
1788 4.1046256252e+00 1.0474604594e-05
1789 4.1032527544e+00 1.0647964416e-05
1790 4.1018502476e+00 1.0677386621e-05
1791 4.1004222473e+00 1.0864268129e-05
1792 4.0989441283e+00 1.0890662887e-05
1793 4.0974447034e+00 1.0975711918e-05
1794 4.0959158271e+00 1.1153942602e-05
1795 4.0943208524e+00 1.1263867904e-05
1796 4.0926997231e+00 1.1343373243e-05
1797 4.0911059097e+00 1.1162992706e-05
1798 4.0895837463e+00 1.0970141130e-05
1799 4.0881451412e+00 1.0858974190e-05
1800 4.0867460359e+00 1.0670616199e-05
1801 4.0853703989e+00 1.0693293088e-05
1802 4.0839911340e+00 1.0455109615e-05
1803 4.0826317960e+00 1.0413617058e-05
1804 4.0812982140e+00 1.0405684608e-05
1805 4.0799558000e+00 1.0497551454e-05
1806 4.0786219761e+00 1.0534316773e-05
1807 4.0772761552e+00 1.0549528704e-05
1808 4.0759139313e+00 1.0452752238e-05
1809 4.0745615937e+00 1.0389988859e-05
1810 4.0732333758e+00 1.0252413658e-05
1811 4.0719456614e+00 1.0152984465e-05
1812 4.0706924020e+00 1.0065053577e-05
1813 4.0694706270e+00 9.9408355607e-06
1814 4.0682934070e+00 9.8317605222e-06
1815 4.0671419750e+00 9.6549725338e-06
1816 4.0660022749e+00 9.5632020934e-06
1817 4.0648912881e+00 9.4336721505e-06
1818 4.0638254131e+00 9.2624523770e-06
1819 4.0628068680e+00 9.1690563796e-06
1820 4.0617942439e+00 9.0431304609e-06
1821 4.0608001052e+00 8.9599126479e-06
1822 4.0598011930e+00 8.8815552364e-06
1823 4.0588074756e+00 8.9341700344e-06
1824 4.0578092682e+00 8.9734326783e-06
1825 4.0567939749e+00 8.9920917132e-06
1826 4.0557725549e+00 9.0447936509e-06
1827 4.0547678156e+00 9.0725808371e-06
1828 4.0537392664e+00 9.1621011995e-06
1829 4.0526811058e+00 9.3462729772e-06
1830 4.0515727711e+00 9.4569505913e-06
1831 4.0504417841e+00 9.5580369846e-06
1832 4.0492972021e+00 9.5612598396e-06
1833 4.0481450722e+00 9.5918941307e-06
1834 4.0470048928e+00 9.5080437726e-06
1835 4.0458731658e+00 9.5042215622e-06
1836 4.0447289233e+00 9.5745682662e-06
1837 4.0435661906e+00 9.4896094036e-06
1838 4.0424177980e+00 9.4191914754e-06
1839 4.0413007231e+00 9.2899170724e-06
1840 4.0402267802e+00 9.1958160201e-06
1841 4.0391583117e+00 9.1289278176e-06
1842 4.0381026399e+00 9.1057757998e-06
1843 4.0370609561e+00 9.1114645960e-06
1844 4.0360347566e+00 9.0895012352e-06
1845 4.0350228568e+00 8.9973149525e-06
1846 4.0339986551e+00 8.9147607946e-06
1847 4.0329758163e+00 8.9684184539e-06
1848 4.0319456465e+00 8.9975699838e-06
1849 4.0308845547e+00 9.1040654066e-06
1850 4.0298152868e+00 9.1544732864e-06
1851 4.0287333736e+00 9.0869803439e-06
1852 4.0276706433e+00 9.0869473961e-06
1853 4.0266302516e+00 9.1212894933e-06
1854 4.0255824684e+00 9.2343173911e-06
1855 4.0245210932e+00 9.2107467649e-06
1856 4.0234628660e+00 9.1570352491e-06
1857 4.0224103040e+00 9.1166947839e-06
1858 4.0213601748e+00 9.1229872141e-06
1859 4.0202921833e+00 9.2683284742e-06
1860 4.0192015098e+00 9.3780566908e-06
1861 4.0181081525e+00 9.3877027072e-06
1862 4.0170108848e+00 9.3041397506e-06
1863 4.0159214031e+00 9.2242979943e-06
1864 4.0148423335e+00 9.1708494235e-06
1865 4.0137699478e+00 9.0737396815e-06
1866 4.0127065054e+00 9.0619323963e-06
1867 4.0116399334e+00 9.0455644690e-06
1868 4.0105967248e+00 8.9113674570e-06
1869 4.0095874888e+00 8.9187725012e-06
1870 4.0085840937e+00 8.9131511561e-06
1871 4.0075611046e+00 9.0725894916e-06
1872 4.0065232855e+00 8.9756876188e-06
1873 4.0054962011e+00 8.9622897793e-06
1874 4.0044999559e+00 8.9147499603e-06
1875 4.0035042017e+00 8.7805132422e-06
1876 4.0025041334e+00 8.8188220969e-06
1877 4.0015222394e+00 8.8245414935e-06
1878 4.0005428035e+00 8.7890115403e-06
1879 3.9995647339e+00 8.7011508825e-06
1880 3.9985822854e+00 8.5866498321e-06
1881 3.9976285932e+00 8.4905156930e-06
1882 3.9966874345e+00 8.4144657797e-06
1883 3.9957622514e+00 8.3493285779e-06
1884 3.9948415310e+00 8.3645754169e-06
1885 3.9939247534e+00 8.2450302743e-06
1886 3.9930178978e+00 8.2118165377e-06
1887 3.9921235348e+00 8.2126083909e-06
1888 3.9912420545e+00 8.1779854452e-06
1889 3.9903661561e+00 8.1822716652e-06
1890 3.9895040242e+00 8.1527052738e-06
1891 3.9886516678e+00 8.0816796443e-06
1892 3.9877964774e+00 8.1103605563e-06
1893 3.9869429967e+00 8.1372145010e-06
1894 3.9860755175e+00 8.1947677241e-06
1895 3.9851915945e+00 8.1965224838e-06
1896 3.9843037297e+00 8.1484950240e-06
1897 3.9834243639e+00 8.1286907700e-06
1898 3.9825473221e+00 8.1297955112e-06
1899 3.9816670000e+00 8.2117069645e-06
1900 3.9807880210e+00 8.1487453606e-06
1901 3.9799175076e+00 8.1023382418e-06
1902 3.9790620228e+00 8.0463845493e-06
1903 3.9782097372e+00 8.0317994502e-06
1904 3.9773700545e+00 7.9705354211e-06
1905 3.9765408849e+00 7.9242130646e-06
1906 3.9757323782e+00 7.7932292449e-06
1907 3.9749426425e+00 7.6389041472e-06
1908 3.9741656919e+00 7.5568399530e-06
1909 3.9734191730e+00 7.4441139068e-06
1910 3.9726882526e+00 7.4061401559e-06
1911 3.9719956892e+00 7.2667004601e-06
1912 3.9713210502e+00 7.1592278171e-06
1913 3.9706490900e+00 7.1926634502e-06
1914 3.9699801520e+00 7.1522778729e-06
1915 3.9693145570e+00 7.0898219361e-06
1916 3.9686558840e+00 7.0384754192e-06
1917 3.9679981737e+00 7.0766894113e-06
1918 3.9673243967e+00 7.1674028612e-06
1919 3.9666421313e+00 7.1936580859e-06
1920 3.9659638852e+00 7.1570914170e-06
1921 3.9652820911e+00 7.1225377673e-06
1922 3.9645979530e+00 7.1475250521e-06
1923 3.9639101029e+00 7.1046023199e-06
1924 3.9632205414e+00 7.1555397416e-06
1925 3.9625311087e+00 7.1555677978e-06
1926 3.9618418351e+00 7.1206884800e-06
1927 3.9611515014e+00 6.9932596941e-06
1928 3.9604973608e+00 6.9415277704e-06
1929 3.9598674703e+00 6.8721300176e-06
1930 3.9592456864e+00 6.8598702903e-06
1931 3.9586307688e+00 6.8195471550e-06
1932 3.9580284933e+00 6.8123708978e-06
1933 3.9574156440e+00 6.8161723628e-06
1934 3.9567948075e+00 6.7875002698e-06
1935 3.9561641418e+00 6.8249087329e-06
1936 3.9555238650e+00 6.8838159886e-06
1937 3.9548737733e+00 7.0125848065e-06
1938 3.9542167072e+00 7.0564600196e-06
1939 3.9535597107e+00 7.0845586303e-06
1940 3.9528915778e+00 7.1110183673e-06
1941 3.9521984319e+00 7.1730886341e-06
1942 3.9514939822e+00 7.1696409534e-06
1943 3.9507880191e+00 7.2101397995e-06
1944 3.9500758101e+00 7.2503164717e-06
1945 3.9493465726e+00 7.3709892062e-06
1946 3.9485925658e+00 7.5076866186e-06
1947 3.9478121802e+00 7.6301227701e-06
1948 3.9470203131e+00 7.6926723529e-06
1949 3.9462070873e+00 7.7134573376e-06
1950 3.9453974033e+00 7.6810979592e-06
1951 3.9445852898e+00 7.6458711496e-06
1952 3.9437764167e+00 7.5798231053e-06
1953 3.9429722569e+00 7.5828133205e-06
1954 3.9421672249e+00 7.6356731962e-06
1955 3.9413608145e+00 7.6946213612e-06
1956 3.9405387735e+00 7.7029834763e-06
1957 3.9397100161e+00 7.7496818495e-06
1958 3.9388900904e+00 7.6697281433e-06
1959 3.9380689004e+00 7.6728518639e-06
1960 3.9372524056e+00 7.7047201824e-06
1961 3.9364195973e+00 7.7380199117e-06
1962 3.9355586987e+00 7.8120559026e-06
1963 3.9346839199e+00 7.9481389597e-06
1964 3.9338101000e+00 7.8731172010e-06
1965 3.9329400667e+00 7.8035123148e-06
1966 3.9320901029e+00 7.8383933094e-06
1967 3.9312368784e+00 7.8536648657e-06
1968 3.9303637103e+00 7.8774525111e-06
1969 3.9294777682e+00 7.8875952293e-06
1970 3.9286003136e+00 7.8708605761e-06
1971 3.9277129721e+00 7.9781610675e-06
1972 3.9268254349e+00 8.0463353377e-06
1973 3.9259284849e+00 7.9407977082e-06
1974 3.9250512437e+00 7.8937508276e-06
1975 3.9241809650e+00 7.9099407470e-06
1976 3.9232831993e+00 7.9374697963e-06
1977 3.9223725261e+00 8.0750144005e-06
1978 3.9214533685e+00 8.0540388941e-06
1979 3.9205342980e+00 8.0430039288e-06
1980 3.9196171371e+00 8.0327811153e-06
1981 3.9187104027e+00 8.0232058625e-06
1982 3.9177932317e+00 8.1075865912e-06
1983 3.9168579150e+00 8.1670943072e-06
1984 3.9159155474e+00 8.1764396544e-06
1985 3.9149594283e+00 8.3083526252e-06
1986 3.9139726368e+00 8.4133899183e-06
1987 3.9129711637e+00 8.4586083012e-06
1988 3.9119454732e+00 8.5255455472e-06
1989 3.9109001502e+00 8.5837337639e-06
1990 3.9098322893e+00 8.6082617997e-06
1991 3.9087735377e+00 8.6046356918e-06
1992 3.9077229468e+00 8.6518098699e-06
1993 3.9066829402e+00 8.5570391285e-06
1994 3.9056527123e+00 8.4647138746e-06
1995 3.9046373289e+00 8.3860373392e-06
1996 3.9036375943e+00 8.3488254808e-06
1997 3.9026385718e+00 8.2284788505e-06
1998 3.9016644931e+00 8.1488581533e-06
1999 3.9007328402e+00 8.0541672534e-06
