iter rel_error rel_residual
0 1.1006110070e+01 4.2467440589e-01
1 1.2659190206e+01 1.8882464601e-01
2 1.5626715292e+01 1.1559126702e-01
3 1.8497586276e+01 8.2306696248e-02
4 1.8765556515e+01 5.8026740132e-02
5 1.7184867919e+01 4.8724894950e-02
6 1.5332999416e+01 4.0914288987e-02
7 1.4380351698e+01 3.5010019798e-02
8 1.4013221769e+01 3.0470131673e-02
9 1.3778642057e+01 2.6788422062e-02
10 1.3567990605e+01 2.4444918189e-02
11 1.3354766958e+01 2.2533110678e-02
12 1.3081305583e+01 2.0321708906e-02
13 1.2718138487e+01 1.8374994603e-02
14 1.2408039755e+01 1.6826165398e-02
15 1.2208445829e+01 1.5606112314e-02
16 1.2084284906e+01 1.4650946056e-02
17 1.1960506817e+01 1.3481736938e-02
18 1.1813120770e+01 1.2587077659e-02
19 1.1654166184e+01 1.1946626315e-02
20 1.1509874323e+01 1.1398875518e-02
21 1.1411543959e+01 1.0879460273e-02
22 1.1341250233e+01 1.0251566203e-02
23 1.1274224342e+01 9.9477414641e-03
24 1.1216732851e+01 9.5574869745e-03
25 1.1164466994e+01 9.3851747747e-03
26 1.1122915210e+01 8.9517903010e-03
27 1.1106818252e+01 8.6023073035e-03
28 1.1117592708e+01 8.1981720278e-03
29 1.1143621325e+01 8.0457170574e-03
30 1.1179688203e+01 7.7855923680e-03
31 1.1227429399e+01 7.4245184151e-03
32 1.1287862339e+01 7.1193769912e-03
33 1.1357431357e+01 6.9531033477e-03
34 1.1441359205e+01 6.7328737214e-03
35 1.1530089685e+01 6.4360575993e-03
36 1.1615378456e+01 6.1992459363e-03
37 1.1701493275e+01 6.0118837205e-03
38 1.1786947754e+01 5.8795669247e-03
39 1.1874526251e+01 5.7380272299e-03
40 1.1961486866e+01 5.5313600430e-03
41 1.2044736791e+01 5.4125747373e-03
42 1.2126846165e+01 5.2823717920e-03
43 1.2205602015e+01 5.2141138829e-03
44 1.2282815130e+01 5.0621466758e-03
45 1.2358412977e+01 4.9146369669e-03
46 1.2430469949e+01 4.8220662836e-03
47 1.2500760435e+01 4.7160817555e-03
48 1.2569452893e+01 4.5979151101e-03
49 1.2635060767e+01 4.4748480956e-03
50 1.2698670936e+01 4.3194928381e-03
51 1.2759390875e+01 4.2261756592e-03
52 1.2819821839e+01 4.1724226535e-03
53 1.2879867508e+01 4.0938316171e-03
54 1.2938736182e+01 3.9512717969e-03
55 1.2995627813e+01 3.8515708655e-03
56 1.3051629640e+01 3.7789690954e-03
57 1.3108323170e+01 3.7103226746e-03
58 1.3164977935e+01 3.6050351938e-03
59 1.3217688931e+01 3.5113777065e-03
60 1.3267724398e+01 3.4572847338e-03
61 1.3319034865e+01 3.3705411307e-03
62 1.3369971182e+01 3.3143731065e-03
63 1.3420676718e+01 3.2281394953e-03
64 1.3468946411e+01 3.1798616717e-03
65 1.3513102679e+01 3.1599405130e-03
66 1.3556451762e+01 3.0680168923e-03
67 1.3599336392e+01 3.0046424056e-03
68 1.3641070370e+01 2.9439492854e-03
69 1.3681555376e+01 2.8910157348e-03
70 1.3719161466e+01 2.8336308342e-03
71 1.3754274523e+01 2.7596003482e-03
72 1.3787294239e+01 2.6808951144e-03
73 1.3818584595e+01 2.6220551474e-03
74 1.3848792961e+01 2.5832012569e-03
75 1.3876775190e+01 2.5404877255e-03
76 1.3902614592e+01 2.4995995281e-03
77 1.3927221157e+01 2.4372288364e-03
78 1.3950675106e+01 2.3883857295e-03
79 1.3972117000e+01 2.3448183454e-03
80 1.3991777445e+01 2.3072262464e-03
81 1.4009313892e+01 2.2596021876e-03
82 1.4025277912e+01 2.2223345578e-03
83 1.4040652747e+01 2.1661846842e-03
84 1.4054434147e+01 2.1504209722e-03
85 1.4066818146e+01 2.1103275201e-03
86 1.4077667279e+01 2.0633365801e-03
87 1.4086948429e+01 2.0201575544e-03
88 1.4095067132e+01 2.0016905042e-03
89 1.4102213079e+01 1.9602301759e-03
90 1.4108524425e+01 1.9281468613e-03
91 1.4114042121e+01 1.8852684876e-03
92 1.4118369445e+01 1.8672732708e-03
93 1.4121223276e+01 1.8384881454e-03
94 1.4122728293e+01 1.8196211732e-03
95 1.4123676238e+01 1.7805474673e-03
96 1.4124577035e+01 1.7482365377e-03
97 1.4125107498e+01 1.7443440559e-03
98 1.4124253009e+01 1.7192628314e-03
99 1.4121714857e+01 1.6823971256e-03
100 1.4118385168e+01 1.6340731931e-03
101 1.4115136304e+01 1.6211975653e-03
102 1.4111801085e+01 1.6088709334e-03
103 1.4107442145e+01 1.5880563439e-03
104 1.4101203258e+01 1.5679385477e-03
105 1.4093834175e+01 1.5580561099e-03
106 1.4086579126e+01 1.5628201413e-03
107 1.4079495287e+01 1.5695541099e-03
108 1.4071554954e+01 1.5917157994e-03
109 1.4061479016e+01 1.6461187408e-03
110 1.4049325256e+01 1.7378155300e-03
111 1.4036562111e+01 1.8359825665e-03
112 1.4024439893e+01 1.8983021418e-03
113 1.4012452795e+01 1.8807953329e-03
114 1.3999480001e+01 1.7920727162e-03
115 1.3985977805e+01 1.6683955034e-03
116 1.3972971211e+01 1.5745870352e-03
117 1.3960747650e+01 1.5098579374e-03
118 1.3948389873e+01 1.4738943122e-03
119 1.3935056242e+01 1.4180033489e-03
120 1.3920694382e+01 1.3695395496e-03
121 1.3906422881e+01 1.3109947129e-03
122 1.3892652020e+01 1.2518001971e-03
123 1.3879665363e+01 1.1956947534e-03
124 1.3866881420e+01 1.1430399634e-03
125 1.3853580854e+01 1.0985608136e-03
126 1.3839929109e+01 1.0597392856e-03
127 1.3826426904e+01 1.0264929344e-03
128 1.3812997626e+01 9.9502110185e-04
129 1.3799491438e+01 9.7161154430e-04
130 1.3785369550e+01 9.5895216947e-04
131 1.3770911629e+01 9.3856730679e-04
132 1.3756371624e+01 9.1662519948e-04
133 1.3741798830e+01 8.9810158200e-04
134 1.3726800886e+01 8.8980376566e-04
135 1.3710790000e+01 8.8833062611e-04
136 1.3693895749e+01 8.8144663014e-04
137 1.3677055893e+01 8.6972195043e-04
138 1.3660283986e+01 8.5877993724e-04
139 1.3643620422e+01 8.4795166977e-04
140 1.3626504890e+01 8.4670604052e-04
141 1.3608107918e+01 8.5417895212e-04
142 1.3588654980e+01 8.5154602763e-04
143 1.3568608091e+01 8.4375467817e-04
144 1.3548575993e+01 8.3583706633e-04
145 1.3528363804e+01 8.3231178548e-04
146 1.3507673295e+01 8.2959994410e-04
147 1.3485933288e+01 8.3384586857e-04
148 1.3463275321e+01 8.2740354209e-04
149 1.3439989801e+01 8.3172909316e-04
150 1.3415920087e+01 8.3954474911e-04
151 1.3390608532e+01 8.4824513790e-04
152 1.3363628894e+01 8.5968027329e-04
153 1.3335585906e+01 8.6653008613e-04
154 1.3306915628e+01 8.6694009171e-04
155 1.3277441169e+01 8.6974909805e-04
156 1.3247481411e+01 8.7756002648e-04
157 1.3215979079e+01 8.8676810910e-04
158 1.3183912266e+01 8.9622856253e-04
159 1.3152823968e+01 8.9546321335e-04
160 1.3122162295e+01 8.9407297878e-04
161 1.3089942384e+01 8.9552891936e-04
162 1.3055576526e+01 8.9860301766e-04
163 1.3019563628e+01 9.0346528261e-04
164 1.2982686078e+01 9.0274630197e-04
165 1.2945696923e+01 9.1090213247e-04
166 1.2908417924e+01 9.1226834374e-04
167 1.2870213779e+01 9.1049199613e-04
168 1.2831206863e+01 9.0758745530e-04
169 1.2792123197e+01 9.0063251266e-04
170 1.2753971805e+01 9.0263186088e-04
171 1.2716182292e+01 9.0462244790e-04
172 1.2678522996e+01 9.0888193843e-04
173 1.2642371748e+01 9.0911372525e-04
174 1.2606656266e+01 9.0218907594e-04
175 1.2569191702e+01 9.0650096234e-04
176 1.2529992355e+01 9.0224984426e-04
177 1.2490922128e+01 9.0027724693e-04
178 1.2451431615e+01 9.0423459739e-04
179 1.2411670605e+01 8.9795323095e-04
180 1.2372202125e+01 8.8944092700e-04
181 1.2334231786e+01 8.8644119175e-04
182 1.2296356927e+01 8.8950696208e-04
183 1.2258347807e+01 8.9113536208e-04
184 1.2220534084e+01 9.0556879173e-04
185 1.2184491170e+01 9.1964259556e-04
186 1.2146826215e+01 9.4927894484e-04
187 1.2103966140e+01 9.9472284565e-04
188 1.2055304847e+01 1.0581153588e-03
189 1.1999482617e+01 1.1340499378e-03
190 1.1935909796e+01 1.2192705070e-03
191 1.1866354104e+01 1.2859124210e-03
192 1.1793497559e+01 1.3175029982e-03
193 1.1724772786e+01 1.3149530664e-03
194 1.1664330207e+01 1.2819799001e-03
195 1.1609912709e+01 1.2358869439e-03
196 1.1559501579e+01 1.2181320126e-03
197 1.1513093244e+01 1.2042194008e-03
198 1.1470936244e+01 1.2130081324e-03
199 1.1432697185e+01 1.2200137372e-03
200 1.1397800969e+01 1.2064749192e-03
201 1.1368479976e+01 1.1583044347e-03
202 1.1343857253e+01 1.1202464829e-03
203 1.1320793457e+01 1.0971228103e-03
204 1.1297854763e+01 1.0692567390e-03
205 1.1275226805e+01 1.0539974073e-03
206 1.1253072771e+01 1.0402559512e-03
207 1.1231432049e+01 1.0168876923e-03
208 1.1210605682e+01 9.9476437634e-04
209 1.1190154186e+01 9.7488098981e-04
210 1.1169591095e+01 9.6534899386e-04
211 1.1149721852e+01 9.5318816347e-04
212 1.1130496449e+01 9.3889371902e-04
213 1.1110464769e+01 9.2867762308e-04
214 1.1090062529e+01 9.1283366123e-04
215 1.1069706223e+01 8.9594038284e-04
216 1.1049680386e+01 8.5449737714e-04
217 1.1031091496e+01 8.2127841697e-04
218 1.1014443309e+01 7.7830488318e-04
219 1.0998600439e+01 7.5123080635e-04
220 1.0982047728e+01 7.4872648551e-04
221 1.0964062412e+01 7.6912430271e-04
222 1.0944068807e+01 7.9882698356e-04
223 1.0921999301e+01 8.4033654116e-04
224 1.0899094371e+01 8.6543956827e-04
225 1.0875894441e+01 8.7952707983e-04
226 1.0851068885e+01 8.9363237947e-04
227 1.0824811224e+01 8.9268757463e-04
228 1.0797745891e+01 9.1324374463e-04
229 1.0769453228e+01 9.3998343828e-04
230 1.0740317739e+01 9.6866387359e-04
231 1.0711070525e+01 9.7749249447e-04
232 1.0680492318e+01 9.8038076302e-04
233 1.0648762657e+01 9.9118075489e-04
234 1.0615961313e+01 1.0022493641e-03
235 1.0582613097e+01 1.0109299531e-03
236 1.0549446058e+01 9.9679326989e-04
237 1.0517804419e+01 9.7863996930e-04
238 1.0487444777e+01 9.5853035576e-04
239 1.0456613380e+01 9.6251063510e-04
240 1.0423725308e+01 9.5252425457e-04
241 1.0390306483e+01 9.3022005313e-04
242 1.0357663429e+01 9.0874104708e-04
243 1.0325831720e+01 8.8330452958e-04
244 1.0295581895e+01 8.5981945710e-04
245 1.0267131848e+01 8.4750809384e-04
246 1.0239009770e+01 8.4704386880e-04
247 1.0210846840e+01 8.3776705167e-04
248 1.0183257422e+01 8.2664279348e-04
249 1.0157384914e+01 8.0517163330e-04
250 1.0133943789e+01 7.8457853826e-04
251 1.0112857583e+01 7.7512757138e-04
252 1.0092353744e+01 7.6312917533e-04
253 1.0072592816e+01 7.5653702062e-04
254 1.0054137333e+01 7.3931016145e-04
255 1.0037431021e+01 7.1353540529e-04
256 1.0022087902e+01 6.9864342137e-04
257 1.0007356724e+01 6.8735000137e-04
258 9.9925192238e+00 6.8656876810e-04
259 9.9774667017e+00 6.8153939698e-04
260 9.9627062879e+00 6.8714850701e-04
261 9.9485349450e+00 6.8006520243e-04
262 9.9353705120e+00 6.7283043528e-04
263 9.9235900674e+00 6.6320243985e-04
264 9.9121947641e+00 6.7374657351e-04
265 9.9009731009e+00 6.8822730706e-04
266 9.8900842987e+00 7.0127728305e-04
267 9.8798820029e+00 7.1228488366e-04
268 9.8705406583e+00 7.2127186770e-04
269 9.8618309301e+00 7.3145721330e-04
270 9.8530705036e+00 7.5235728652e-04
271 9.8445594128e+00 7.6140637216e-04
272 9.8366707759e+00 7.6796082017e-04
273 9.8296552740e+00 7.6993883741e-04
274 9.8234522724e+00 7.7286386174e-04
275 9.8177966135e+00 7.8432323265e-04
276 9.8124958235e+00 7.9944314741e-04
277 9.8078507108e+00 8.0020258799e-04
278 9.8038555939e+00 7.8951667851e-04
279 9.8004868376e+00 7.7648790846e-04
280 9.7977596116e+00 7.6836137516e-04
281 9.7954226612e+00 7.6813327594e-04
282 9.7931765305e+00 7.6568395260e-04
283 9.7907344543e+00 7.5728485548e-04
284 9.7882183806e+00 7.3852829203e-04
285 9.7860263926e+00 7.1968131651e-04
286 9.7842775948e+00 6.9948370946e-04
287 9.7826160191e+00 7.0007800155e-04
288 9.7807340099e+00 6.9369669755e-04
289 9.7785783770e+00 6.8923371386e-04
290 9.7763106645e+00 6.7925323521e-04
291 9.7739945866e+00 6.7613825709e-04
292 9.7716875313e+00 6.6259118184e-04
293 9.7693805981e+00 6.6240462087e-04
294 9.7671025191e+00 6.7276234106e-04
295 9.7649269665e+00 6.8524566566e-04
296 9.7629382652e+00 6.8942234394e-04
297 9.7611622456e+00 6.9064753872e-04
298 9.7597412733e+00 6.8854962849e-04
299 9.7586623766e+00 6.8164847714e-04
300 9.7578188875e+00 6.6908815309e-04
301 9.7570180536e+00 6.4763167732e-04
302 9.7560949340e+00 6.0923732159e-04
303 9.7549860847e+00 5.7787405336e-04
304 9.7537496214e+00 5.4492311508e-04
305 9.7523520389e+00 5.2822970096e-04
306 9.7506938045e+00 5.1136894858e-04
307 9.7488780857e+00 4.9030462411e-04
308 9.7470033367e+00 4.6745310698e-04
309 9.7450754928e+00 4.4869255352e-04
310 9.7429741235e+00 4.2960512280e-04
311 9.7406243520e+00 4.1202205740e-04
312 9.7380593538e+00 3.9487127692e-04
313 9.7353906665e+00 3.7775944702e-04
314 9.7326442983e+00 3.5751027489e-04
315 9.7298546966e+00 3.4521635673e-04
316 9.7269689596e+00 3.3708618598e-04
317 9.7239520773e+00 3.2656471365e-04
318 9.7208548322e+00 3.1732975175e-04
319 9.7176305496e+00 3.1088695065e-04
320 9.7142055868e+00 3.0481163401e-04
321 9.7106039668e+00 2.9702471289e-04
322 9.7067909536e+00 2.9406227515e-04
323 9.7028112083e+00 2.9689960560e-04
324 9.6986855522e+00 2.9939236272e-04
325 9.6944032360e+00 3.0146068042e-04
326 9.6899200520e+00 3.0425371537e-04
327 9.6851714200e+00 3.0843393954e-04
328 9.6799431656e+00 3.1316845146e-04
329 9.6744544149e+00 3.1141131424e-04
330 9.6690391811e+00 3.0216145039e-04
331 9.6637710131e+00 2.9082702164e-04
332 9.6585318893e+00 2.8345443483e-04
333 9.6530990539e+00 2.8042953543e-04
334 9.6476333193e+00 2.8016585056e-04
335 9.6420314626e+00 2.8244433251e-04
336 9.6359785053e+00 2.8703927090e-04
337 9.6296395051e+00 2.8681709414e-04
338 9.6230968288e+00 2.8822097607e-04
339 9.6163024804e+00 2.8821883023e-04
340 9.6092591759e+00 2.8985626337e-04
341 9.6019622814e+00 2.8921517484e-04
342 9.5941426950e+00 2.9165985793e-04
343 9.5860771239e+00 2.8930354704e-04
344 9.5779401131e+00 2.8726445493e-04
345 9.5699478592e+00 2.8556700314e-04
346 9.5618525844e+00 2.8416982756e-04
347 9.5534809238e+00 2.8553298324e-04
348 9.5449848146e+00 2.8598347740e-04
349 9.5363377359e+00 2.8416562760e-04
350 9.5274275873e+00 2.8216297621e-04
351 9.5181764302e+00 2.8060407467e-04
352 9.5083285494e+00 2.7817310934e-04
353 9.4982411278e+00 2.7460444819e-04
354 9.4881396086e+00 2.6880652774e-04
355 9.4780990296e+00 2.6424268887e-04
356 9.4680591792e+00 2.6203313700e-04
357 9.4578816092e+00 2.6230384645e-04
358 9.4474088217e+00 2.6185397312e-04
359 9.4370627736e+00 2.5749192314e-04
360 9.4270479000e+00 2.5143626325e-04
361 9.4174306633e+00 2.4742622900e-04
362 9.4077056195e+00 2.4810986994e-04
363 9.3974804776e+00 2.4763566960e-04
364 9.3872767670e+00 2.4299054920e-04
365 9.3772706811e+00 2.3806992547e-04
366 9.3674681636e+00 2.3683790465e-04
367 9.3576311311e+00 2.3746975114e-04
368 9.3478944954e+00 2.3489256369e-04
369 9.3384081223e+00 2.3117379114e-04
370 9.3294337780e+00 2.2680765593e-04
371 9.3205367910e+00 2.2218290589e-04
372 9.3115890478e+00 2.1712651596e-04
373 9.3029165770e+00 2.0848902527e-04
374 9.2948217524e+00 1.9709522814e-04
375 9.2875653190e+00 1.8399890562e-04
376 9.2811141161e+00 1.7051673200e-04
377 9.2754647645e+00 1.5908087963e-04
378 9.2704349211e+00 1.5119855237e-04
379 9.2657301476e+00 1.4497122594e-04
380 9.2611911532e+00 1.4173874762e-04
381 9.2568645528e+00 1.3876483482e-04
382 9.2526722093e+00 1.3806082976e-04
383 9.2482518635e+00 1.4004504737e-04
384 9.2434161632e+00 1.4322527246e-04
385 9.2382071797e+00 1.4209530936e-04
386 9.2329770275e+00 1.4029240229e-04
387 9.2280392017e+00 1.3456638607e-04
388 9.2235789195e+00 1.3091205264e-04
389 9.2192959454e+00 1.2984005101e-04
390 9.2148791874e+00 1.2906887184e-04
391 9.2101829080e+00 1.2900268662e-04
392 9.2052874661e+00 1.3087798865e-04
393 9.2002079324e+00 1.3326780832e-04
394 9.1948969767e+00 1.3386018823e-04
395 9.1895270730e+00 1.3171501569e-04
396 9.1842897461e+00 1.2893132948e-04
397 9.1793468034e+00 1.2572461581e-04
398 9.1747657080e+00 1.2475720297e-04
399 9.1704268111e+00 1.2484485051e-04
400 9.1659654662e+00 1.2412358954e-04
401 9.1612727503e+00 1.2391630936e-04
402 9.1565989776e+00 1.2033998886e-04
403 9.1521790658e+00 1.1575119625e-04
404 9.1479631210e+00 1.1262355602e-04
405 9.1438099888e+00 1.1070468147e-04
406 9.1396685025e+00 1.0865846715e-04
407 9.1356729925e+00 1.0582839763e-04
408 9.1319733538e+00 1.0268113866e-04
409 9.1283383357e+00 1.0215375393e-04
410 9.1244178940e+00 1.0280495669e-04
411 9.1201255698e+00 1.0442931949e-04
412 9.1155129692e+00 1.0541635294e-04
413 9.1107259983e+00 1.0478857563e-04
414 9.1060362499e+00 1.0301221764e-04
415 9.1014950616e+00 1.0085750937e-04
416 9.0971194921e+00 9.9807670393e-05
417 9.0930028889e+00 9.8584115364e-05
418 9.0890397814e+00 9.7348928601e-05
419 9.0850467625e+00 9.6289181413e-05
420 9.0810449223e+00 9.4776856041e-05
421 9.0770285832e+00 9.4505629679e-05
422 9.0730748178e+00 9.4362555326e-05
423 9.0691833829e+00 9.3441043994e-05
424 9.0654178585e+00 9.1599154395e-05
425 9.0617853531e+00 8.9664275899e-05
426 9.0584596025e+00 8.7400894413e-05
427 9.0553702909e+00 8.5826752437e-05
428 9.0523267821e+00 8.5900331148e-05
429 9.0491841650e+00 8.4753110396e-05
430 9.0460418535e+00 8.3060362891e-05
431 9.0431129243e+00 8.1015517244e-05
432 9.0403553463e+00 7.8715060074e-05
433 9.0377085581e+00 7.8163927135e-05
434 9.0350443422e+00 7.5900049587e-05
435 9.0324189212e+00 7.3055295932e-05
436 9.0299034835e+00 7.1323104505e-05
437 9.0273937974e+00 7.0724495374e-05
438 9.0247933308e+00 7.1692168324e-05
439 9.0220936011e+00 7.3127489212e-05
440 9.0192956834e+00 7.3832426348e-05
441 9.0165176497e+00 7.3846960653e-05
442 9.0137884824e+00 7.3776047389e-05
443 9.0110091223e+00 7.3335283759e-05
444 9.0081794161e+00 7.1513723771e-05
445 9.0053733696e+00 7.0308273556e-05
446 9.0026803483e+00 6.8967313233e-05
447 9.0000620788e+00 6.8552526852e-05
448 8.9974839741e+00 6.8501672845e-05
449 8.9948591611e+00 6.9222198797e-05
450 8.9921079327e+00 6.8740556127e-05
451 8.9893637224e+00 6.8370021657e-05
452 8.9867002936e+00 6.7373528842e-05
453 8.9839956501e+00 6.7222070985e-05
454 8.9812471323e+00 6.7840261938e-05
455 8.9784450913e+00 6.8388536065e-05
456 8.9757506572e+00 6.7581588722e-05
457 8.9732408710e+00 6.6231534746e-05
458 8.9707980315e+00 6.5999041962e-05
459 8.9682301616e+00 6.6797836768e-05
460 8.9655658738e+00 6.7373722642e-05
461 8.9628689451e+00 6.7833920868e-05
462 8.9602572689e+00 6.7368143734e-05
463 8.9576606058e+00 6.7600563938e-05
464 8.9548907767e+00 6.7904390014e-05
465 8.9520028032e+00 6.8111621458e-05
466 8.9490523341e+00 6.7631013442e-05
467 8.9460703295e+00 6.7002150861e-05
468 8.9430299899e+00 6.6118254960e-05
469 8.9399555650e+00 6.6416282798e-05
470 8.9368437112e+00 6.6999928560e-05
471 8.9337158688e+00 6.7624253271e-05
472 8.9305641553e+00 6.7482683009e-05
473 8.9273297865e+00 6.6748100373e-05
474 8.9240066379e+00 6.7029002757e-05
475 8.9205634003e+00 6.7237657940e-05
476 8.9171015978e+00 6.7547602277e-05
477 8.9136029677e+00 6.7107592956e-05
478 8.9101748295e+00 6.6676108913e-05
479 8.9068346902e+00 6.5759449456e-05
480 8.9035660365e+00 6.4971647321e-05
481 8.9002393511e+00 6.4593710552e-05
482 8.8969710416e+00 6.3143245093e-05
483 8.8937751279e+00 6.1446008756e-05
484 8.8907378188e+00 6.0054845632e-05
485 8.8878673785e+00 5.8511373463e-05
486 8.8851643398e+00 5.7682063754e-05
487 8.8824174088e+00 5.7682188928e-05
488 8.8795568404e+00 5.7987034219e-05
489 8.8765942080e+00 5.8423246279e-05
490 8.8736200580e+00 5.8253452827e-05
491 8.8707235204e+00 5.8533996650e-05
492 8.8679032813e+00 5.9046072885e-05
493 8.8649130165e+00 6.0341870846e-05
494 8.8616587874e+00 6.0915963756e-05
495 8.8583271903e+00 6.1062629488e-05
496 8.8550071571e+00 6.0837897333e-05
497 8.8517115877e+00 6.0766260422e-05
498 8.8484664351e+00 6.1012206451e-05
499 8.8451441843e+00 6.2263945075e-05
500 8.8416001283e+00 6.3411895485e-05
501 8.8379259672e+00 6.3642138172e-05
502 8.8343108863e+00 6.3004180843e-05
503 8.8308123101e+00 6.2710480136e-05
504 8.8273094665e+00 6.2426012733e-05
505 8.8236448822e+00 6.2445456558e-05
506 8.8199625750e+00 6.2634406644e-05
507 8.8161797532e+00 6.2003475118e-05
508 8.8123958654e+00 6.2392686495e-05
509 8.8086638309e+00 6.2210390976e-05
510 8.8051230099e+00 6.1931049152e-05
511 8.8016593982e+00 6.1931091623e-05
512 8.7980045748e+00 6.2007937996e-05
513 8.7942372099e+00 6.1491346003e-05
514 8.7905714825e+00 6.1136328683e-05
515 8.7870000232e+00 6.0528379939e-05
516 8.7834259303e+00 6.0638891654e-05
517 8.7797448545e+00 5.9879591623e-05
518 8.7760628045e+00 5.9493824450e-05
519 8.7725007389e+00 5.7985995208e-05
520 8.7690379615e+00 5.6956480374e-05
521 8.7656791894e+00 5.5828315853e-05
522 8.7623813953e+00 5.5480975195e-05
523 8.7592443335e+00 5.4553256849e-05
524 8.7563491739e+00 5.3846662292e-05
525 8.7534853652e+00 5.3038435377e-05
526 8.7505520021e+00 5.2415924860e-05
527 8.7475156025e+00 5.1782578206e-05
528 8.7445183569e+00 5.1137360067e-05
529 8.7415905746e+00 5.0277033523e-05
530 8.7387515898e+00 4.9525989944e-05
531 8.7360198424e+00 4.8722544497e-05
532 8.7333529206e+00 4.7694671648e-05
533 8.7307542952e+00 4.6856577434e-05
534 8.7281948718e+00 4.6358598049e-05
535 8.7257204267e+00 4.5579591781e-05
536 8.7233565640e+00 4.4432188123e-05
537 8.7210908782e+00 4.3708899525e-05
538 8.7187654468e+00 4.3311557504e-05
539 8.7163105559e+00 4.3361883790e-05
540 8.7138444620e+00 4.3200107635e-05
541 8.7113859705e+00 4.2685026956e-05
542 8.7089374814e+00 4.1950199241e-05
543 8.7065507801e+00 4.1177931611e-05
544 8.7042680553e+00 4.0544425978e-05
545 8.7020109320e+00 4.0121000090e-05
546 8.6997231245e+00 3.9738046767e-05
547 8.6974385891e+00 3.8997699439e-05
548 8.6952312188e+00 3.7984812379e-05
549 8.6931133987e+00 3.6490909562e-05
550 8.6911212262e+00 3.5547451894e-05
551 8.6891882138e+00 3.5080988195e-05
552 8.6872626645e+00 3.5304283486e-05
553 8.6852508849e+00 3.5507493811e-05
554 8.6831944967e+00 3.5514788081e-05
555 8.6811971097e+00 3.4650585779e-05
556 8.6792761444e+00 3.3769882880e-05
557 8.6773665933e+00 3.3370250237e-05
558 8.6754073594e+00 3.2942016781e-05
559 8.6734063584e+00 3.3163222549e-05
560 8.6713323787e+00 3.3292028457e-05
561 8.6691901036e+00 3.4037502074e-05
562 8.6669301354e+00 3.4750370732e-05
563 8.6645040084e+00 3.5909877380e-05
564 8.6619080211e+00 3.6576243232e-05
565 8.6591672151e+00 3.7325954697e-05
566 8.6564154464e+00 3.7220922146e-05
567 8.6536469515e+00 3.7479061670e-05
568 8.6507174053e+00 3.7804660111e-05
569 8.6477257214e+00 3.7086913856e-05
570 8.6447750591e+00 3.6010023205e-05
571 8.6419634937e+00 3.4748545883e-05
572 8.6392732684e+00 3.4035456244e-05
573 8.6366361068e+00 3.4116051532e-05
574 8.6340489367e+00 3.4118227756e-05
575 8.6314310854e+00 3.4455042339e-05
576 8.6286524539e+00 3.4800748467e-05
577 8.6257817805e+00 3.4849209783e-05
578 8.6228736826e+00 3.4198836496e-05
579 8.6200008158e+00 3.3616816494e-05
580 8.6172093992e+00 3.2628813958e-05
581 8.6144541494e+00 3.2298871488e-05
582 8.6117405512e+00 3.1959112998e-05
583 8.6090041107e+00 3.2125564053e-05
584 8.6061406324e+00 3.2509141012e-05
585 8.6031730730e+00 3.2747466055e-05
586 8.6001244720e+00 3.2854216750e-05
587 8.5970332473e+00 3.3082468216e-05
588 8.5939246647e+00 3.3326484489e-05
589 8.5907977425e+00 3.3523937506e-05
590 8.5876303035e+00 3.3283574647e-05
591 8.5844692390e+00 3.3306914523e-05
592 8.5811493272e+00 3.3622135471e-05
593 8.5776395966e+00 3.4394707130e-05
594 8.5739203918e+00 3.4476887196e-05
595 8.5701570780e+00 3.4258964870e-05
596 8.5665410435e+00 3.3461913489e-05
597 8.5631039482e+00 3.3138577589e-05
598 8.5597263569e+00 3.2900023055e-05
599 8.5562733166e+00 3.2579708341e-05
600 8.5527071774e+00 3.2273578495e-05
601 8.5491038846e+00 3.2225453433e-05
602 8.5455280506e+00 3.1909968097e-05
603 8.5419793757e+00 3.1687851628e-05
604 8.5384499815e+00 3.1922977947e-05
605 8.5347753840e+00 3.1978402463e-05
606 8.5310252826e+00 3.2278141803e-05
607 8.5271707039e+00 3.2310641643e-05
608 8.5232412671e+00 3.2214831886e-05
609 8.5194890440e+00 3.1956877919e-05
610 8.5159001150e+00 3.2012979759e-05
611 8.5122195131e+00 3.2334814688e-05
612 8.5082545762e+00 3.2824783009e-05
613 8.5040927485e+00 3.2740611293e-05
614 8.4999720954e+00 3.2878124232e-05
615 8.4960463311e+00 3.2250333948e-05
616 8.4921123251e+00 3.2545918296e-05
617 8.4879130427e+00 3.3232935009e-05
618 8.4834925833e+00 3.3277910539e-05
619 8.4789260082e+00 3.3359312532e-05
620 8.4743654122e+00 3.3358392578e-05
621 8.4698158118e+00 3.3300561781e-05
622 8.4653287299e+00 3.3100274704e-05
623 8.4608037223e+00 3.3372717759e-05
624 8.4562300102e+00 3.3673443794e-05
625 8.4515501625e+00 3.3955222979e-05
626 8.4468885651e+00 3.4215917158e-05
627 8.4421513949e+00 3.4093270596e-05
628 8.4371838292e+00 3.4822089370e-05
629 8.4318971874e+00 3.5617124559e-05
630 8.4263298166e+00 3.5838513490e-05
631 8.4207202886e+00 3.6047258246e-05
632 8.4150096869e+00 3.6121533783e-05
633 8.4092001260e+00 3.6372341882e-05
634 8.4032700377e+00 3.6759478080e-05
635 8.3973599303e+00 3.7031351837e-05
636 8.3915579234e+00 3.7044654200e-05
637 8.3857155593e+00 3.7572728286e-05
638 8.3794473793e+00 3.8207390594e-05
639 8.3728671238e+00 3.8699641481e-05
640 8.3660625745e+00 3.9148219942e-05
641 8.3592921489e+00 3.9582433594e-05
642 8.3525189726e+00 3.9718847803e-05
643 8.3456039482e+00 4.0008170359e-05
644 8.3385373982e+00 3.9673084656e-05
645 8.3312784989e+00 4.0024344050e-05
646 8.3238058237e+00 4.0184420564e-05
647 8.3161470411e+00 4.0795637953e-05
648 8.3085584617e+00 4.0745974385e-05
649 8.3008493075e+00 4.0708827198e-05
650 8.2934234069e+00 4.0618752385e-05
651 8.2861720110e+00 4.0238516239e-05
652 8.2787472661e+00 4.0977513462e-05
653 8.2709425896e+00 4.1462365677e-05
654 8.2627366562e+00 4.2068853232e-05
655 8.2544356903e+00 4.2741110197e-05
656 8.2460208419e+00 4.2880574822e-05
657 8.2379950305e+00 4.3299177648e-05
658 8.2299442409e+00 4.3145148534e-05
659 8.2215996876e+00 4.3009595931e-05
660 8.2132249286e+00 4.1926712582e-05
661 8.2051602188e+00 4.0924072943e-05
662 8.1973095247e+00 4.0085298738e-05
663 8.1896670921e+00 4.0128772003e-05
664 8.1819286214e+00 4.0744386318e-05
665 8.1737748189e+00 4.1969487103e-05
666 8.1652091331e+00 4.3350266855e-05
667 8.1563338185e+00 4.3983199263e-05
668 8.1472297929e+00 4.4472480290e-05
669 8.1383300846e+00 4.4682616267e-05
670 8.1293813307e+00 4.5089858119e-05
671 8.1198728207e+00 4.5873858382e-05
672 8.1097508246e+00 4.7390629454e-05
673 8.0990152401e+00 4.8134342425e-05
674 8.0881482762e+00 4.8283648783e-05
675 8.0778707685e+00 4.7283250815e-05
676 8.0683139693e+00 4.6432448587e-05
677 8.0588184423e+00 4.6398653838e-05
678 8.0486832710e+00 4.6934531682e-05
679 8.0383053475e+00 4.7262009919e-05
680 8.0278962308e+00 4.6584384808e-05
681 8.0178563282e+00 4.5820417686e-05
682 8.0083825949e+00 4.4643834483e-05
683 7.9996294281e+00 4.3806873968e-05
684 7.9912999953e+00 4.3149529862e-05
685 7.9828504622e+00 4.3676011409e-05
686 7.9742495756e+00 4.3621065973e-05
687 7.9658563128e+00 4.2640365470e-05
688 7.9581457064e+00 4.1869598770e-05
689 7.9505416803e+00 4.2252727236e-05
690 7.9425948389e+00 4.2546491670e-05
691 7.9342174231e+00 4.3100975705e-05
692 7.9257419462e+00 4.2690921625e-05
693 7.9174026677e+00 4.2570527347e-05
694 7.9094046432e+00 4.2261582124e-05
695 7.9015832042e+00 4.2721539592e-05
696 7.8934377787e+00 4.3079832161e-05
697 7.8849452680e+00 4.3345565158e-05
698 7.8765810194e+00 4.3345104974e-05
699 7.8684934762e+00 4.2786368170e-05
700 7.8605656569e+00 4.3031014247e-05
701 7.8522019056e+00 4.3683224358e-05
702 7.8434456340e+00 4.4275552762e-05
703 7.8344146516e+00 4.4292334594e-05
704 7.8252816580e+00 4.4174278101e-05
705 7.8163124961e+00 4.4081416633e-05
706 7.8073444398e+00 4.4341962890e-05
707 7.7985257101e+00 4.4577085877e-05
708 7.7893944147e+00 4.5275745488e-05
709 7.7801090441e+00 4.5680299744e-05
710 7.7704855350e+00 4.5604472426e-05
711 7.7608761169e+00 4.5374976659e-05
712 7.7512150509e+00 4.5190871376e-05
713 7.7416045005e+00 4.5302329805e-05
714 7.7319171430e+00 4.6048489830e-05
715 7.7219874452e+00 4.6549917739e-05
716 7.7119569277e+00 4.6957298541e-05
717 7.7018937403e+00 4.6872425627e-05
718 7.6921437607e+00 4.6467444271e-05
719 7.6830902467e+00 4.5643777931e-05
720 7.6745451191e+00 4.5497714559e-05
721 7.6657975739e+00 4.5488606244e-05
722 7.6566922695e+00 4.4952296351e-05
723 7.6477409318e+00 4.4607005577e-05
724 7.6389774497e+00 4.4164168361e-05
725 7.6305558373e+00 4.3770042558e-05
726 7.6223130115e+00 4.3904364238e-05
727 7.6139663047e+00 4.4207454198e-05
728 7.6055093108e+00 4.4058179853e-05
729 7.5974479835e+00 4.2995536103e-05
730 7.5899460622e+00 4.1893476150e-05
731 7.5827877349e+00 4.1408509778e-05
732 7.5754073074e+00 4.1269399754e-05
733 7.5678862958e+00 4.1334857263e-05
734 7.5604698853e+00 4.0941646086e-05
735 7.5534713435e+00 4.0258322121e-05
736 7.5469328835e+00 3.9720963610e-05
737 7.5403395091e+00 3.9948413493e-05
738 7.5333621942e+00 3.9910148854e-05
739 7.5262037855e+00 4.0110088344e-05
740 7.5190558292e+00 3.9917471327e-05
741 7.5119047395e+00 3.9622490920e-05
742 7.5049007892e+00 3.8923227982e-05
743 7.4981990811e+00 3.8550106484e-05
744 7.4917200505e+00 3.8454442361e-05
745 7.4855133094e+00 3.7698612416e-05
746 7.4797010587e+00 3.6474944908e-05
747 7.4740428956e+00 3.5681408239e-05
748 7.4684541239e+00 3.5068944843e-05
749 7.4629720404e+00 3.4550627815e-05
750 7.4576528688e+00 3.4234189638e-05
751 7.4525054633e+00 3.3370330632e-05
752 7.4475994585e+00 3.2718553537e-05
753 7.4429997396e+00 3.2292027387e-05
754 7.4384445072e+00 3.2373956920e-05
755 7.4336868936e+00 3.2938593070e-05
756 7.4286315642e+00 3.3652576801e-05
757 7.4233347392e+00 3.4539094684e-05
758 7.4178205785e+00 3.5143347074e-05
759 7.4121904774e+00 3.5405231165e-05
760 7.4065304314e+00 3.5286002476e-05
761 7.4009085853e+00 3.5224776584e-05
762 7.3952535609e+00 3.5317496075e-05
763 7.3894295066e+00 3.5493105116e-05
764 7.3835344283e+00 3.5577995849e-05
765 7.3775059385e+00 3.6161572589e-05
766 7.3712963062e+00 3.7016453513e-05
767 7.3647290545e+00 3.7750258173e-05
768 7.3578693926e+00 3.9008893736e-05
769 7.3508714131e+00 3.9600298524e-05
770 7.3437633470e+00 4.0154378718e-05
771 7.3364878704e+00 4.0243172353e-05
772 7.3291319354e+00 3.9671032623e-05
773 7.3221160137e+00 3.8632005538e-05
774 7.3155942882e+00 3.7268502559e-05
775 7.3093447706e+00 3.7171107973e-05
776 7.3029965197e+00 3.7610253832e-05
777 7.2964655816e+00 3.7985867139e-05
778 7.2899011211e+00 3.8109721671e-05
779 7.2834899818e+00 3.7969110090e-05
780 7.2771264962e+00 3.7823922322e-05
781 7.2706684985e+00 3.7046522323e-05
782 7.2642357174e+00 3.7022703243e-05
783 7.2578236908e+00 3.7389139543e-05
784 7.2511546488e+00 3.7971378350e-05
785 7.2442402992e+00 3.8551014535e-05
786 7.2372247604e+00 3.8895863832e-05
787 7.2305077177e+00 3.8159470815e-05
788 7.2241816357e+00 3.7352863007e-05
789 7.2179546856e+00 3.6829054184e-05
790 7.2115694970e+00 3.6836754699e-05
791 7.2051001308e+00 3.7090385356e-05
792 7.1984891714e+00 3.7321802004e-05
793 7.1919009716e+00 3.7142771059e-05
794 7.1854261491e+00 3.6865503763e-05
795 7.1790860629e+00 3.6560705697e-05
796 7.1728566659e+00 3.6236541492e-05
797 7.1667787509e+00 3.5978392250e-05
798 7.1607994474e+00 3.6017951805e-05
799 7.1549600378e+00 3.6066751507e-05
800 7.1491347169e+00 3.5826320728e-05
801 7.1432572645e+00 3.5637120405e-05
802 7.1374243189e+00 3.4803278333e-05
803 7.1317685180e+00 3.4451974598e-05
804 7.1262120420e+00 3.4476285101e-05
805 7.1207061320e+00 3.4893275849e-05
806 7.1153593249e+00 3.4908034177e-05
807 7.1101087931e+00 3.4569977021e-05
808 7.1046658285e+00 3.4146513578e-05
809 7.0992115216e+00 3.3797219175e-05
810 7.0938172203e+00 3.3670450727e-05
811 7.0885955725e+00 3.3294402912e-05
812 7.0834969083e+00 3.3149079400e-05
813 7.0785833757e+00 3.2529945547e-05
814 7.0737860884e+00 3.2441961525e-05
815 7.0690618054e+00 3.2266080106e-05
816 7.0643997171e+00 3.1992822283e-05
817 7.0600432821e+00 3.1213674067e-05
818 7.0557570722e+00 3.1072707408e-05
819 7.0513209383e+00 3.1035944036e-05
820 7.0467731675e+00 3.1120271729e-05
821 7.0422093205e+00 3.1089203337e-05
822 7.0376849121e+00 3.0914122656e-05
823 7.0333158221e+00 3.0542520349e-05
824 7.0291596533e+00 3.0163236600e-05
825 7.0252102048e+00 2.9806314536e-05
826 7.0212688761e+00 2.9793630981e-05
827 7.0172146883e+00 2.9980922413e-05
828 7.0130467021e+00 2.9863618272e-05
829 7.0089419373e+00 2.9688888450e-05
830 7.0050179663e+00 2.9446738503e-05
831 7.0011404331e+00 2.9636872607e-05
832 6.9970465209e+00 3.0039371264e-05
833 6.9927347194e+00 3.0327972028e-05
834 6.9883377682e+00 3.0294686653e-05
835 6.9838984636e+00 3.0384541378e-05
836 6.9795386701e+00 3.0404269248e-05
837 6.9751521498e+00 3.0794003668e-05
838 6.9706416682e+00 3.1143570179e-05
839 6.9661171433e+00 3.1218296303e-05
840 6.9615845825e+00 3.1220621165e-05
841 6.9570917771e+00 3.1360390599e-05
842 6.9524596161e+00 3.1925218765e-05
843 6.9475835952e+00 3.2270820532e-05
844 6.9425282361e+00 3.2431226092e-05
845 6.9374921024e+00 3.2539239748e-05
846 6.9325508869e+00 3.2510405703e-05
847 6.9277657839e+00 3.2796185367e-05
848 6.9231273349e+00 3.2754391661e-05
849 6.9182537411e+00 3.2849744484e-05
850 6.9131905113e+00 3.2789694122e-05
851 6.9081652877e+00 3.2373164435e-05
852 6.9032601902e+00 3.1751854903e-05
853 6.8984888212e+00 3.1527617079e-05
854 6.8939242607e+00 3.0914662094e-05
855 6.8894960092e+00 3.1048111860e-05
856 6.8851308910e+00 3.0835061119e-05
857 6.8808567505e+00 3.0418727214e-05
858 6.8766961572e+00 2.9649148659e-05
859 6.8726785077e+00 2.9456487972e-05
860 6.8686761983e+00 2.9085018133e-05
861 6.8647555715e+00 2.9060426117e-05
862 6.8609426340e+00 2.8649090959e-05
863 6.8573014450e+00 2.8455833619e-05
864 6.8537001461e+00 2.8153255410e-05
865 6.8500089554e+00 2.8079746125e-05
866 6.8462479901e+00 2.7960339783e-05
867 6.8424788440e+00 2.7841034978e-05
868 6.8388017519e+00 2.7464517359e-05
869 6.8352078099e+00 2.6956054801e-05
870 6.8317072385e+00 2.6737715816e-05
871 6.8283674849e+00 2.6293041271e-05
872 6.8251682399e+00 2.6187044546e-05
873 6.8220776019e+00 2.5732677650e-05
874 6.8191094598e+00 2.5182529134e-05
875 6.8163222868e+00 2.4360038186e-05
876 6.8136234202e+00 2.3846046175e-05
877 6.8109571288e+00 2.3222328897e-05
878 6.8083492690e+00 2.2837185632e-05
879 6.8058207524e+00 2.2253733779e-05
880 6.8033928661e+00 2.2126597628e-05
881 6.8009902365e+00 2.2164920301e-05
882 6.7985507124e+00 2.2235914257e-05
883 6.7961497890e+00 2.2050453743e-05
884 6.7938131474e+00 2.2138092237e-05
885 6.7915750737e+00 2.1883253412e-05
886 6.7893663559e+00 2.1774610794e-05
887 6.7871016848e+00 2.1586136738e-05
888 6.7848077051e+00 2.1646621103e-05
889 6.7825151226e+00 2.1340488817e-05
890 6.7802985018e+00 2.1238027412e-05
891 6.7781689058e+00 2.1067107526e-05
892 6.7761638354e+00 2.0696032323e-05
893 6.7742337405e+00 2.0700225751e-05
894 6.7722382376e+00 2.0576520949e-05
895 6.7702068931e+00 2.0230926360e-05
896 6.7682151235e+00 2.0065723425e-05
897 6.7662769435e+00 1.9964465521e-05
898 6.7643688657e+00 1.9755454705e-05
899 6.7625339209e+00 1.9628156255e-05
900 6.7606842233e+00 1.9612566484e-05
901 6.7587855780e+00 1.9532800091e-05
902 6.7568992928e+00 1.9330790605e-05
903 6.7550207735e+00 1.9409907163e-05
904 6.7531714581e+00 1.9377223727e-05
905 6.7513783992e+00 1.9515651325e-05
906 6.7495380934e+00 1.9585136372e-05
907 6.7476087635e+00 1.9607355900e-05
908 6.7456451449e+00 1.9690076914e-05
909 6.7436965411e+00 1.9731323415e-05
910 6.7417379221e+00 1.9779848890e-05
911 6.7397322061e+00 2.0189043999e-05
912 6.7376713267e+00 2.0161948022e-05
913 6.7355765568e+00 1.9981732693e-05
914 6.7334934483e+00 1.9825210595e-05
915 6.7314164044e+00 1.9942033805e-05
916 6.7292946952e+00 2.0111519803e-05
917 6.7271046654e+00 2.0446453763e-05
918 6.7248815736e+00 2.0517137950e-05
919 6.7227039263e+00 2.0427750708e-05
920 6.7206175842e+00 2.0511941593e-05
921 6.7185694829e+00 2.0753418573e-05
922 6.7163773245e+00 2.0915120427e-05
923 6.7140481135e+00 2.0970110609e-05
924 6.7117036948e+00 2.0740413829e-05
925 6.7093643744e+00 2.0700554554e-05
926 6.7070150507e+00 2.0439095749e-05
927 6.7046620746e+00 2.0537263889e-05
928 6.7023332271e+00 2.0560213045e-05
929 6.7000496041e+00 2.0696385943e-05
930 6.6978673920e+00 2.0673851645e-05
931 6.6957311504e+00 2.0693649754e-05
932 6.6934563113e+00 2.0846135602e-05
933 6.6910393408e+00 2.1255796664e-05
934 6.6885106536e+00 2.1551828339e-05
935 6.6859044443e+00 2.1673472205e-05
936 6.6832402980e+00 2.1925472998e-05
937 6.6805237851e+00 2.1947460931e-05
938 6.6778542535e+00 2.1800228352e-05
939 6.6752493361e+00 2.1565026154e-05
940 6.6726717366e+00 2.1648126718e-05
941 6.6701090975e+00 2.1463467661e-05
942 6.6675639082e+00 2.1139000274e-05
943 6.6650972714e+00 2.0557190125e-05
944 6.6627481134e+00 1.9956854720e-05
945 6.6605072381e+00 1.9669418909e-05
946 6.6582842403e+00 1.9574041729e-05
947 6.6560613069e+00 1.9630562862e-05
948 6.6538989005e+00 1.9604782788e-05
949 6.6518129837e+00 1.9517882277e-05
950 6.6497322516e+00 1.9640372984e-05
951 6.6475251707e+00 1.9945356807e-05
952 6.6451804419e+00 2.0006009752e-05
953 6.6428718928e+00 1.9930087322e-05
954 6.6406400072e+00 1.9622459444e-05
955 6.6385502794e+00 1.9386455976e-05
956 6.6365435070e+00 1.9369500789e-05
957 6.6344318549e+00 1.9426380631e-05
958 6.6321896038e+00 1.9597969039e-05
959 6.6298832428e+00 1.9916361330e-05
960 6.6275041499e+00 2.0214310860e-05
961 6.6250618273e+00 2.0401271956e-05
962 6.6226688315e+00 2.0408704225e-05
963 6.6203004458e+00 2.0708436949e-05
964 6.6178202902e+00 2.0979887680e-05
965 6.6151968053e+00 2.1068138736e-05
966 6.6125623634e+00 2.1081919744e-05
967 6.6099962969e+00 2.0922614312e-05
968 6.6074562798e+00 2.1040882567e-05
969 6.6047720718e+00 2.1488912395e-05
970 6.6019059800e+00 2.2099515059e-05
971 6.5989271858e+00 2.2251219045e-05
972 6.5959804104e+00 2.2189336040e-05
973 6.5931378840e+00 2.2196143929e-05
974 6.5902402992e+00 2.2368890599e-05
975 6.5871917807e+00 2.2713831228e-05
976 6.5840561907e+00 2.2742399126e-05
977 6.5808941752e+00 2.2838344985e-05
978 6.5777652075e+00 2.2940041241e-05
979 6.5745677618e+00 2.3382893529e-05
980 6.5712030515e+00 2.4001851438e-05
981 6.5676554135e+00 2.4322623477e-05
982 6.5641214586e+00 2.4347102254e-05
983 6.5606918774e+00 2.4255324700e-05
984 6.5572464505e+00 2.4418386854e-05
985 6.5535329164e+00 2.5114883505e-05
986 6.5495718006e+00 2.5744234057e-05
987 6.5454319242e+00 2.5942167501e-05
988 6.5412836100e+00 2.5628067045e-05
989 6.5373819708e+00 2.5117268127e-05
990 6.5338286972e+00 2.4366487326e-05
991 6.5303688575e+00 2.4244435864e-05
992 6.5268528586e+00 2.3930407279e-05
993 6.5233107484e+00 2.3573464557e-05
994 6.5198497293e+00 2.3580649834e-05
995 6.5163821702e+00 2.3313303995e-05
996 6.5129515737e+00 2.3158513262e-05
997 6.5095914712e+00 2.2961238203e-05
998 6.5063682263e+00 2.2408291856e-05
999 6.5032451178e+00 2.2289721105e-05
1000 6.5002664333e+00 2.1854069117e-05
1001 6.4974651276e+00 2.2041998099e-05
1002 6.4946417542e+00 2.2014471517e-05
1003 6.4917279119e+00 2.1833253918e-05
1004 6.4888113817e+00 2.1336334050e-05
1005 6.4859391571e+00 2.1141714857e-05
1006 6.4831205493e+00 2.1075154795e-05
1007 6.4803187977e+00 2.1204030939e-05
1008 6.4775069322e+00 2.1073801202e-05
1009 6.4747127706e+00 2.0935167018e-05
1010 6.4719685802e+00 2.0700953373e-05
1011 6.4692214714e+00 2.0679378055e-05
1012 6.4664935401e+00 2.0937142827e-05
1013 6.4637934074e+00 2.0840597809e-05
1014 6.4611767275e+00 2.0438276756e-05
1015 6.4586409275e+00 2.0295061085e-05
1016 6.4560439764e+00 2.0217789713e-05
1017 6.4534243688e+00 2.0295648371e-05
1018 6.4508227361e+00 2.0153939253e-05
1019 6.4483011101e+00 1.9992779399e-05
1020 6.4458692867e+00 1.9689754207e-05
1021 6.4434674321e+00 1.9484120568e-05
1022 6.4410118031e+00 1.9524725102e-05
1023 6.4384931540e+00 1.9688417134e-05
1024 6.4359642738e+00 1.9488216130e-05
1025 6.4334542672e+00 1.9282118961e-05
1026 6.4310608906e+00 1.8868682024e-05
1027 6.4287821703e+00 1.8759207654e-05
1028 6.4265528973e+00 1.8921264722e-05
1029 6.4241989697e+00 1.9086372297e-05
1030 6.4217708259e+00 1.9186242777e-05
1031 6.4193222299e+00 1.8973714227e-05
1032 6.4169161115e+00 1.9031603178e-05
1033 6.4145041487e+00 1.9024160831e-05
1034 6.4120646359e+00 1.9235795037e-05
1035 6.4095574307e+00 1.9273134779e-05
1036 6.4069819751e+00 1.9477221363e-05
1037 6.4043704657e+00 1.9489753210e-05
1038 6.4017234286e+00 1.9587259074e-05
1039 6.3991149640e+00 1.9722723442e-05
1040 6.3965247631e+00 1.9991571401e-05
1041 6.3938660456e+00 2.0332391351e-05
1042 6.3910507648e+00 2.0466633288e-05
1043 6.3881151164e+00 2.0675547083e-05
1044 6.3850673244e+00 2.0999201525e-05
1045 6.3819714751e+00 2.1314413191e-05
1046 6.3788116628e+00 2.1533124294e-05
1047 6.3756950203e+00 2.1707938045e-05
1048 6.3726955338e+00 2.1791741040e-05
1049 6.3696959152e+00 2.1700479112e-05
1050 6.3665236367e+00 2.1751180322e-05
1051 6.3632868050e+00 2.1719387109e-05
1052 6.3599975312e+00 2.1597953011e-05
1053 6.3567701985e+00 2.1400258451e-05
1054 6.3535988307e+00 2.1472633376e-05
1055 6.3504918426e+00 2.1515360424e-05
1056 6.3474789809e+00 2.1553190429e-05
1057 6.3444612382e+00 2.1370869570e-05
1058 6.3413883447e+00 2.1478450684e-05
1059 6.3382803905e+00 2.1326771983e-05
1060 6.3351470070e+00 2.1343936254e-05
1061 6.3320580022e+00 2.1238186894e-05
1062 6.3289725789e+00 2.1038986326e-05
1063 6.3259151956e+00 2.0996820111e-05
1064 6.3228957395e+00 2.1139879903e-05
1065 6.3200019176e+00 2.0930179352e-05
1066 6.3171995908e+00 2.0539884962e-05
1067 6.3144029830e+00 2.0280221422e-05
1068 6.3115021832e+00 2.0342249698e-05
1069 6.3085639794e+00 2.0567660694e-05
1070 6.3056001320e+00 2.0674512104e-05
1071 6.3025894948e+00 2.0785036063e-05
1072 6.2996536959e+00 2.0723037498e-05
1073 6.2968651211e+00 2.0377703333e-05
1074 6.2942454385e+00 2.0192052048e-05
1075 6.2915658413e+00 2.0295464099e-05
1076 6.2887731938e+00 2.0131765188e-05
1077 6.2859478200e+00 2.0227067024e-05
1078 6.2831784084e+00 2.0375330811e-05
1079 6.2805019974e+00 2.0352246451e-05
1080 6.2778558007e+00 2.0519694231e-05
1081 6.2750582327e+00 2.0640905424e-05
1082 6.2721758335e+00 2.0402886121e-05
1083 6.2693288255e+00 2.0110997651e-05
1084 6.2665744715e+00 1.9937871044e-05
1085 6.2638314803e+00 1.9895762368e-05
1086 6.2610442346e+00 2.0299368319e-05
1087 6.2581783087e+00 2.0453570910e-05
1088 6.2552594957e+00 2.0394501138e-05
1089 6.2524127187e+00 2.0139615731e-05
1090 6.2496963140e+00 1.9859437605e-05
1091 6.2470855324e+00 1.9719137165e-05
1092 6.2444279477e+00 1.9757203526e-05
1093 6.2417452065e+00 1.9845492790e-05
1094 6.2389906869e+00 1.9931316023e-05
1095 6.2361801701e+00 2.0101732179e-05
1096 6.2333218419e+00 2.0189536918e-05
1097 6.2303985823e+00 2.0545590797e-05
1098 6.2274298596e+00 2.0610202576e-05
1099 6.2244506431e+00 2.0818381703e-05
1100 6.2214964207e+00 2.0861976189e-05
1101 6.2184900509e+00 2.1305137083e-05
1102 6.2153770317e+00 2.1608993149e-05
1103 6.2121555899e+00 2.1531673603e-05
1104 6.2090003374e+00 2.1139581230e-05
1105 6.2059036195e+00 2.0726570603e-05
1106 6.2029260328e+00 2.0493723310e-05
1107 6.1999341615e+00 2.0719263672e-05
1108 6.1969324828e+00 2.0774602573e-05
1109 6.1938886143e+00 2.0686772335e-05
1110 6.1909464631e+00 2.0555448653e-05
1111 6.1881113682e+00 2.0333178717e-05
1112 6.1854135738e+00 2.0114766862e-05
1113 6.1826876112e+00 2.0362472440e-05
1114 6.1798891955e+00 2.0345712173e-05
1115 6.1770441729e+00 2.0272350925e-05
1116 6.1742894151e+00 2.0137591774e-05
1117 6.1716023366e+00 1.9914592501e-05
1118 6.1688873549e+00 1.9917626733e-05
1119 6.1661653071e+00 1.9584503453e-05
1120 6.1634643452e+00 1.9357773347e-05
1121 6.1608617278e+00 1.9199501373e-05
1122 6.1583751065e+00 1.8790593476e-05
1123 6.1560363737e+00 1.8563728532e-05
1124 6.1538177310e+00 1.8508376043e-05
1125 6.1515177315e+00 1.8609392307e-05
1126 6.1491276587e+00 1.8613491579e-05
1127 6.1466567287e+00 1.8914187088e-05
1128 6.1441096408e+00 1.9008200567e-05
1129 6.1415049067e+00 1.9422142831e-05
1130 6.1387554694e+00 2.0078466520e-05
1131 6.1358585074e+00 2.0394895751e-05
1132 6.1328985871e+00 2.0470442410e-05
1133 6.1299266465e+00 2.0743886489e-05
1134 6.1269954001e+00 2.0867261664e-05
1135 6.1241686416e+00 2.0776090038e-05
1136 6.1212520787e+00 2.0873283602e-05
1137 6.1182160738e+00 2.0769195538e-05
1138 6.1151944302e+00 2.0744803481e-05
1139 6.1122321784e+00 2.0734658979e-05
1140 6.1094023896e+00 2.0547184299e-05
1141 6.1066283352e+00 2.0668764547e-05
1142 6.1037095375e+00 2.0923657713e-05
1143 6.1006185259e+00 2.1059477862e-05
1144 6.0974524356e+00 2.1251010368e-05
1145 6.0942301305e+00 2.1367166675e-05
1146 6.0910266095e+00 2.1331952925e-05
1147 6.0879029534e+00 2.0939633780e-05
1148 6.0849549934e+00 2.0584418405e-05
1149 6.0822072527e+00 2.0299810870e-05
1150 6.0794051882e+00 2.0363140914e-05
1151 6.0764884357e+00 2.0527220172e-05
1152 6.0734868152e+00 2.0629507863e-05
1153 6.0704422931e+00 2.0645281604e-05
1154 6.0673907159e+00 2.0704007572e-05
1155 6.0643158624e+00 2.0497816950e-05
1156 6.0613281273e+00 2.0409600271e-05
1157 6.0584239794e+00 2.0481074007e-05
1158 6.0555781598e+00 2.0215296372e-05
1159 6.0527369075e+00 2.0053080753e-05
1160 6.0499058349e+00 2.0147057888e-05
1161 6.0470305280e+00 2.0132834886e-05
1162 6.0441560065e+00 2.0479274248e-05
1163 6.0412614132e+00 2.0559734630e-05
1164 6.0383821629e+00 2.0317776079e-05
1165 6.0354972619e+00 2.0109843566e-05
1166 6.0326041296e+00 2.0108682414e-05
1167 6.0296917370e+00 2.0140346997e-05
1168 6.0267808786e+00 2.0214054044e-05
1169 6.0239449078e+00 2.0151268470e-05
1170 6.0212632041e+00 2.0072888134e-05
1171 6.0185985248e+00 1.9949032673e-05
1172 6.0157951789e+00 2.0089245284e-05
1173 6.0129214945e+00 2.0235506132e-05
1174 6.0100408161e+00 1.9795506058e-05
1175 6.0073213992e+00 1.9454427387e-05
1176 6.0048031766e+00 1.9264261763e-05
1177 6.0023070120e+00 1.9454651266e-05
1178 5.9996429712e+00 1.9511098316e-05
1179 5.9969039180e+00 1.9330936944e-05
1180 5.9942435660e+00 1.9194359874e-05
1181 5.9916830970e+00 1.9018503869e-05
1182 5.9890427190e+00 1.9240426938e-05
1183 5.9863811280e+00 1.9128974874e-05
1184 5.9837548500e+00 1.8939101486e-05
1185 5.9811941674e+00 1.8645287891e-05
1186 5.9786744724e+00 1.8680059522e-05
1187 5.9761641595e+00 1.8855488205e-05
1188 5.9736485874e+00 1.8934176090e-05
1189 5.9712114145e+00 1.8644348762e-05
1190 5.9688640037e+00 1.8250719605e-05
1191 5.9664772992e+00 1.8314304796e-05
1192 5.9639747462e+00 1.8598966986e-05
1193 5.9613775372e+00 1.8775031474e-05
1194 5.9587264796e+00 1.8830745861e-05
1195 5.9561252556e+00 1.8617776165e-05
1196 5.9536265822e+00 1.8524477089e-05
1197 5.9511734284e+00 1.8256958211e-05
1198 5.9486595011e+00 1.8655202301e-05
1199 5.9460269653e+00 1.8856771956e-05
1200 5.9433476791e+00 1.9010675808e-05
1201 5.9406554758e+00 1.9044204339e-05
1202 5.9380574124e+00 1.8867116728e-05
1203 5.9356502353e+00 1.8430839723e-05
1204 5.9333286650e+00 1.8363713064e-05
1205 5.9308938218e+00 1.8275157104e-05
1206 5.9284296294e+00 1.8196809722e-05
1207 5.9259819247e+00 1.7815153489e-05
1208 5.9236307842e+00 1.7770205052e-05
1209 5.9213692613e+00 1.7551430556e-05
1210 5.9191736746e+00 1.7645040397e-05
1211 5.9168725413e+00 1.7858072442e-05
1212 5.9144151338e+00 1.8170118820e-05
1213 5.9118647905e+00 1.8409558065e-05
1214 5.9092563419e+00 1.8629627058e-05
1215 5.9066197474e+00 1.8600396121e-05
1216 5.9040246996e+00 1.8552618541e-05
1217 5.9015280244e+00 1.8410551541e-05
1218 5.8990318662e+00 1.8730648998e-05
1219 5.8963897401e+00 1.9232455082e-05
1220 5.8936258558e+00 1.9255236500e-05
1221 5.8908355085e+00 1.9179298769e-05
1222 5.8880348153e+00 1.9077705922e-05
1223 5.8853145736e+00 1.9215232164e-05
1224 5.8826467471e+00 1.9142040175e-05
1225 5.8800080605e+00 1.9087124749e-05
1226 5.8773768289e+00 1.8907058800e-05
1227 5.8747008324e+00 1.9002626352e-05
1228 5.8719879880e+00 1.8761250059e-05
1229 5.8693096907e+00 1.8704930728e-05
1230 5.8666972244e+00 1.8471906778e-05
1231 5.8641571741e+00 1.8280825750e-05
1232 5.8617648789e+00 1.8026601544e-05
1233 5.8594651210e+00 1.7978134184e-05
1234 5.8571255580e+00 1.8091354740e-05
1235 5.8546949092e+00 1.8143158075e-05
1236 5.8522192288e+00 1.8239498873e-05
1237 5.8497386412e+00 1.8150512110e-05
1238 5.8472940102e+00 1.8178424949e-05
1239 5.8449943233e+00 1.7970580239e-05
1240 5.8427514298e+00 1.7954605836e-05
1241 5.8404197763e+00 1.8028767911e-05
1242 5.8379568077e+00 1.8122021496e-05
1243 5.8354960343e+00 1.8020961538e-05
1244 5.8330513968e+00 1.7790092140e-05
1245 5.8306688821e+00 1.7606456304e-05
1246 5.8283500655e+00 1.7302435651e-05
1247 5.8261398924e+00 1.7106665031e-05
1248 5.8240191681e+00 1.6968672255e-05
1249 5.8218976231e+00 1.6788294964e-05
1250 5.8197749114e+00 1.6740264888e-05
1251 5.8176732134e+00 1.6559135386e-05
1252 5.8156078672e+00 1.6291866710e-05
1253 5.8135619642e+00 1.6311693251e-05
1254 5.8115812519e+00 1.6019645273e-05
1255 5.8096678582e+00 1.5611148874e-05
1256 5.8078704752e+00 1.5335327661e-05
1257 5.8061831212e+00 1.5129829943e-05
1258 5.8045204824e+00 1.5097638672e-05
1259 5.8028529450e+00 1.4997422993e-05
1260 5.8012383453e+00 1.4910961922e-05
1261 5.7996535285e+00 1.4614887323e-05
1262 5.7980593200e+00 1.4589401147e-05
1263 5.7964671671e+00 1.4454997821e-05
1264 5.7948649503e+00 1.4420414104e-05
1265 5.7932744601e+00 1.4241283584e-05
1266 5.7917331838e+00 1.3831131409e-05
1267 5.7903058352e+00 1.3530255004e-05
1268 5.7890167022e+00 1.3542823106e-05
1269 5.7877110554e+00 1.3540472523e-05
1270 5.7863104050e+00 1.3572962566e-05
1271 5.7848405996e+00 1.3670080144e-05
1272 5.7833706995e+00 1.3580152466e-05
1273 5.7819123848e+00 1.3484416345e-05
1274 5.7804649926e+00 1.3519005933e-05
1275 5.7790155209e+00 1.3476394160e-05
1276 5.7776036026e+00 1.3477813782e-05
1277 5.7762165369e+00 1.3649097521e-05
1278 5.7748037151e+00 1.3803881991e-05
1279 5.7733022989e+00 1.3875643666e-05
1280 5.7717799932e+00 1.3917768655e-05
1281 5.7702763401e+00 1.4069127641e-05
1282 5.7687995670e+00 1.4095412934e-05
1283 5.7672699410e+00 1.4131987822e-05
1284 5.7656877248e+00 1.4222630790e-05
1285 5.7640322875e+00 1.4356930011e-05
1286 5.7623283211e+00 1.4450783157e-05
1287 5.7606384329e+00 1.4707576785e-05
1288 5.7589709170e+00 1.4742489333e-05
1289 5.7573303132e+00 1.4943994073e-05
1290 5.7556324820e+00 1.5031093383e-05
1291 5.7538295158e+00 1.5146996815e-05
1292 5.7520178625e+00 1.5025852888e-05
1293 5.7502244270e+00 1.5076533293e-05
1294 5.7484311279e+00 1.4987053754e-05
1295 5.7466001545e+00 1.5264817013e-05
1296 5.7446961202e+00 1.5409436799e-05
1297 5.7427861908e+00 1.5478982423e-05
1298 5.7409051190e+00 1.5437796984e-05
1299 5.7390532509e+00 1.5386556320e-05
1300 5.7371787998e+00 1.5664832156e-05
1301 5.7352400936e+00 1.5715183600e-05
1302 5.7332101896e+00 1.6006021772e-05
1303 5.7311848224e+00 1.5900422021e-05
1304 5.7292054517e+00 1.5933814712e-05
1305 5.7273248507e+00 1.5971838869e-05
1306 5.7254145953e+00 1.6101798011e-05
1307 5.7234261878e+00 1.6232490041e-05
1308 5.7213369953e+00 1.6327091178e-05
1309 5.7192142398e+00 1.6465725470e-05
1310 5.7170508082e+00 1.6421111136e-05
1311 5.7149063155e+00 1.6619622884e-05
1312 5.7127784847e+00 1.6651966133e-05
1313 5.7107009502e+00 1.6749855928e-05
1314 5.7086112169e+00 1.6692718192e-05
1315 5.7064699677e+00 1.6623906171e-05
1316 5.7043498377e+00 1.6410760286e-05
1317 5.7022491898e+00 1.6193632990e-05
1318 5.7002047875e+00 1.6052400438e-05
1319 5.6982206623e+00 1.5635202829e-05
1320 5.6963297726e+00 1.5353686300e-05
1321 5.6945621974e+00 1.5003923841e-05
1322 5.6928838338e+00 1.4850750865e-05
1323 5.6911854097e+00 1.5001091210e-05
1324 5.6894259483e+00 1.5101762986e-05
1325 5.6876674541e+00 1.5003142408e-05
1326 5.6859656951e+00 1.4787943550e-05
1327 5.6843381189e+00 1.4627416252e-05
1328 5.6827476309e+00 1.4574791072e-05
1329 5.6811319247e+00 1.4621146176e-05
1330 5.6795013692e+00 1.4462522078e-05
1331 5.6778970246e+00 1.4378476204e-05
1332 5.6763091598e+00 1.4464801416e-05
1333 5.6746416578e+00 1.4697474321e-05
1334 5.6729218614e+00 1.4954648701e-05
1335 5.6711841831e+00 1.4920936715e-05
1336 5.6695075342e+00 1.4941458438e-05
1337 5.6678899780e+00 1.4818724206e-05
1338 5.6662314096e+00 1.5046246690e-05
1339 5.6644626918e+00 1.5100380920e-05
1340 5.6626457462e+00 1.5073060159e-05
1341 5.6608634963e+00 1.4857268034e-05
1342 5.6591144356e+00 1.4793131507e-05
1343 5.6574247240e+00 1.4623645954e-05
1344 5.6558599860e+00 1.4670716683e-05
1345 5.6542986742e+00 1.4692971081e-05
1346 5.6526386685e+00 1.4845120263e-05
1347 5.6508870517e+00 1.4826176622e-05
1348 5.6491265157e+00 1.4730216547e-05
1349 5.6474184394e+00 1.4380643572e-05
1350 5.6457829598e+00 1.4116583921e-05
1351 5.6442087953e+00 1.3967358437e-05
1352 5.6426816751e+00 1.4004370092e-05
1353 5.6411438704e+00 1.4045427405e-05
1354 5.6396044855e+00 1.4035800269e-05
1355 5.6380649246e+00 1.3863971197e-05
1356 5.6365676906e+00 1.3619616689e-05
1357 5.6351026898e+00 1.3577155632e-05
1358 5.6335997369e+00 1.3415461550e-05
1359 5.6321046938e+00 1.3449162521e-05
1360 5.6306304698e+00 1.3245277356e-05
1361 5.6291902376e+00 1.3249860641e-05
1362 5.6277617965e+00 1.3190307557e-05
1363 5.6263288860e+00 1.3103143988e-05
1364 5.6248800950e+00 1.3126566707e-05
1365 5.6234359246e+00 1.3006962268e-05
1366 5.6220143580e+00 1.2834529615e-05
1367 5.6206444999e+00 1.2499650251e-05
1368 5.6193311932e+00 1.2335055492e-05
1369 5.6180938163e+00 1.2137647515e-05
1370 5.6169173352e+00 1.1899649482e-05
1371 5.6157664720e+00 1.1927647552e-05
1372 5.6145746180e+00 1.1989647420e-05
1373 5.6133578644e+00 1.2010043334e-05
1374 5.6121795810e+00 1.1681548529e-05
1375 5.6110767943e+00 1.1493139021e-05
1376 5.6099993581e+00 1.1404905051e-05
1377 5.6088959179e+00 1.1364407292e-05
1378 5.6077687417e+00 1.1331684993e-05
1379 5.6066310689e+00 1.1311896164e-05
1380 5.6055381994e+00 1.1199480546e-05
1381 5.6044729294e+00 1.1022758792e-05
1382 5.6034444415e+00 1.0900094687e-05
1383 5.6024171475e+00 1.1035263380e-05
1384 5.6013421535e+00 1.1051761841e-05
1385 5.6002577756e+00 1.1211961647e-05
1386 5.5991862174e+00 1.1063951334e-05
1387 5.5981637078e+00 1.0977773232e-05
1388 5.5971484019e+00 1.0936546839e-05
1389 5.5961011102e+00 1.1091064258e-05
1390 5.5950108167e+00 1.1037835960e-05
1391 5.5939277551e+00 1.0968401629e-05
1392 5.5928755805e+00 1.0881646565e-05
1393 5.5918415559e+00 1.1112363330e-05
1394 5.5907419918e+00 1.1329268913e-05
1395 5.5895878440e+00 1.1306439747e-05
1396 5.5884463205e+00 1.1145962530e-05
1397 5.5873248303e+00 1.1143262979e-05
1398 5.5861842993e+00 1.1229305278e-05
1399 5.5850162218e+00 1.1444318580e-05
1400 5.5838123545e+00 1.1584111965e-05
1401 5.5825915443e+00 1.1576331935e-05
1402 5.5813285337e+00 1.1792895028e-05
1403 5.5799933491e+00 1.2070322599e-05
1404 5.5785928614e+00 1.2274395720e-05
1405 5.5771867894e+00 1.2434746280e-05
1406 5.5758153744e+00 1.2521156105e-05
1407 5.5743863620e+00 1.2810334344e-05
1408 5.5728280550e+00 1.3118172653e-05
1409 5.5711487872e+00 1.3296217048e-05
1410 5.5694304949e+00 1.3313751644e-05
1411 5.5677236626e+00 1.3266599561e-05
1412 5.5660394930e+00 1.3403574360e-05
1413 5.5643191195e+00 1.3586115217e-05
1414 5.5624962343e+00 1.3906075105e-05
1415 5.5605893884e+00 1.4219268760e-05
1416 5.5586202606e+00 1.4255171861e-05
1417 5.5566625642e+00 1.4317721670e-05
1418 5.5547432752e+00 1.4143351960e-05
1419 5.5528144982e+00 1.4371185049e-05
1420 5.5507833066e+00 1.4492729851e-05
1421 5.5486989813e+00 1.4491221244e-05
1422 5.5466363343e+00 1.4468744981e-05
1423 5.5446094687e+00 1.4340188550e-05
1424 5.5426496912e+00 1.4310542384e-05
1425 5.5407611824e+00 1.4273219740e-05
1426 5.5388411984e+00 1.4527281267e-05
1427 5.5367752586e+00 1.4752829752e-05
1428 5.5346024614e+00 1.4936238128e-05
1429 5.5324450164e+00 1.5006889713e-05
1430 5.5303263281e+00 1.4981336042e-05
1431 5.5281883547e+00 1.5346821421e-05
1432 5.5258764867e+00 1.5634587604e-05
1433 5.5234048824e+00 1.5867713024e-05
1434 5.5209191712e+00 1.5732863710e-05
1435 5.5184931836e+00 1.5718009930e-05
1436 5.5161694293e+00 1.5648272344e-05
1437 5.5138945449e+00 1.5799310533e-05
1438 5.5114819459e+00 1.5922914407e-05
1439 5.5089507882e+00 1.5836296084e-05
1440 5.5064350962e+00 1.5725908582e-05
1441 5.5039285888e+00 1.5595205493e-05
1442 5.5014310456e+00 1.5493393464e-05
1443 5.4989742451e+00 1.5427968812e-05
1444 5.4965327284e+00 1.5458855973e-05
1445 5.4940857776e+00 1.5419418999e-05
1446 5.4916363685e+00 1.5633197002e-05
1447 5.4891946481e+00 1.5660776735e-05
1448 5.4868146603e+00 1.5607626168e-05
1449 5.4845506868e+00 1.5437978614e-05
1450 5.4822493400e+00 1.5367331044e-05
1451 5.4798128714e+00 1.5687833756e-05
1452 5.4772937397e+00 1.5835972334e-05
1453 5.4746817148e+00 1.5853744725e-05
1454 5.4720397840e+00 1.6018675325e-05
1455 5.4693928094e+00 1.5854364032e-05
1456 5.4667709989e+00 1.5696186167e-05
1457 5.4642412571e+00 1.5411667381e-05
1458 5.4617556284e+00 1.5255846049e-05
1459 5.4592709379e+00 1.5231369095e-05
1460 5.4568071589e+00 1.5268842164e-05
1461 5.4543568109e+00 1.5323891140e-05
1462 5.4519193499e+00 1.5259589195e-05
1463 5.4495419966e+00 1.5119412274e-05
1464 5.4472326628e+00 1.5012901383e-05
1465 5.4450158477e+00 1.4939620202e-05
1466 5.4428799601e+00 1.4700424310e-05
1467 5.4407860203e+00 1.4595053913e-05
1468 5.4387152391e+00 1.4465647831e-05
1469 5.4366828807e+00 1.4264305294e-05
1470 5.4347162113e+00 1.4174052334e-05
1471 5.4327557563e+00 1.4275872686e-05
1472 5.4306833027e+00 1.4384903070e-05
1473 5.4285811709e+00 1.4453133483e-05
1474 5.4265502972e+00 1.4258082129e-05
1475 5.4245946125e+00 1.4179959249e-05
1476 5.4226649421e+00 1.4190257155e-05
1477 5.4206489883e+00 1.4510308401e-05
1478 5.4185529841e+00 1.4469947357e-05
1479 5.4164363918e+00 1.4526262520e-05
1480 5.4143878342e+00 1.4326401078e-05
1481 5.4123894638e+00 1.4505468471e-05
1482 5.4103363272e+00 1.4496857951e-05
1483 5.4081956259e+00 1.4662113402e-05
1484 5.4060144758e+00 1.4612160429e-05
1485 5.4038513545e+00 1.4531392521e-05
1486 5.4017181773e+00 1.4473267577e-05
1487 5.3996536542e+00 1.4550360548e-05
1488 5.3976151817e+00 1.4470923345e-05
1489 5.3955565996e+00 1.4536115662e-05
1490 5.3934767085e+00 1.4381639299e-05
1491 5.3914623813e+00 1.4278533908e-05
1492 5.3895024108e+00 1.3957054323e-05
1493 5.3875827827e+00 1.3947562954e-05
1494 5.3856473623e+00 1.3796263360e-05
1495 5.3836984671e+00 1.3875110703e-05
1496 5.3817600933e+00 1.3665315357e-05
1497 5.3798663126e+00 1.3603535721e-05
1498 5.3780133455e+00 1.3599084726e-05
1499 5.3761899599e+00 1.3565325263e-05
1500 5.3743371518e+00 1.3507215699e-05
1501 5.3724807998e+00 1.3540793628e-05
1502 5.3705690978e+00 1.3676066455e-05
1503 5.3686234820e+00 1.3766554077e-05
1504 5.3666845614e+00 1.3802998157e-05
1505 5.3647608952e+00 1.3712971207e-05
1506 5.3628913615e+00 1.3635329857e-05
1507 5.3610984727e+00 1.3559316517e-05
1508 5.3593240560e+00 1.3425007835e-05
1509 5.3575254370e+00 1.3394643806e-05
1510 5.3557159684e+00 1.3294201589e-05
1511 5.3539517333e+00 1.3159905197e-05
1512 5.3522898505e+00 1.3058259742e-05
1513 5.3506888661e+00 1.2956615011e-05
1514 5.3490341075e+00 1.2844082394e-05
1515 5.3473322276e+00 1.2858481246e-05
1516 5.3455851921e+00 1.2892976234e-05
1517 5.3438253011e+00 1.2901115956e-05
1518 5.3420711790e+00 1.2915202252e-05
1519 5.3403157332e+00 1.2881728734e-05
1520 5.3385596226e+00 1.2893473130e-05
1521 5.3368182293e+00 1.2788313381e-05
1522 5.3350837227e+00 1.2750814007e-05
1523 5.3333740198e+00 1.2734519805e-05
1524 5.3316928418e+00 1.2554206952e-05
1525 5.3300803527e+00 1.2506335955e-05
1526 5.3285168483e+00 1.2705446484e-05
1527 5.3269413979e+00 1.2743326293e-05
1528 5.3252709417e+00 1.2897065842e-05
1529 5.3235347387e+00 1.3091779573e-05
1530 5.3217720232e+00 1.3255711541e-05
1531 5.3200499361e+00 1.3186427623e-05
1532 5.3183740802e+00 1.2960841520e-05
1533 5.3167103006e+00 1.2692091671e-05
1534 5.3150808652e+00 1.2576105841e-05
1535 5.3134948931e+00 1.2320734798e-05
1536 5.3119697458e+00 1.2253699131e-05
1537 5.3104605013e+00 1.2317882647e-05
1538 5.3088955443e+00 1.2423764036e-05
1539 5.3072984744e+00 1.2390833065e-05
1540 5.3056994371e+00 1.2391366763e-05
1541 5.3041368418e+00 1.2319928308e-05
1542 5.3026252889e+00 1.2202254115e-05
1543 5.3011432295e+00 1.2214900625e-05
1544 5.2996309717e+00 1.2198565157e-05
1545 5.2981149663e+00 1.2326395500e-05
1546 5.2966285835e+00 1.2334024409e-05
1547 5.2951340063e+00 1.2413670059e-05
1548 5.2935714406e+00 1.2538030779e-05
1549 5.2919275201e+00 1.2638621191e-05
1550 5.2902565602e+00 1.2669687005e-05
1551 5.2886265408e+00 1.2718810095e-05
1552 5.2870987415e+00 1.2731988127e-05
1553 5.2855664385e+00 1.2706758124e-05
1554 5.2839421702e+00 1.2833842685e-05
1555 5.2822306815e+00 1.2994006693e-05
1556 5.2804614046e+00 1.3113284092e-05
1557 5.2786717690e+00 1.3224811754e-05
1558 5.2768495969e+00 1.3280508946e-05
1559 5.2750217802e+00 1.3268320572e-05
1560 5.2732486903e+00 1.3094994540e-05
1561 5.2715851771e+00 1.3020900894e-05
1562 5.2699420152e+00 1.3144473404e-05
1563 5.2682037577e+00 1.3472371962e-05
1564 5.2662966052e+00 1.3662639930e-05
1565 5.2643050536e+00 1.4018878511e-05
1566 5.2622668067e+00 1.3972027059e-05
1567 5.2602889831e+00 1.3731713119e-05
1568 5.2583778635e+00 1.3507635346e-05
1569 5.2564898108e+00 1.3485012156e-05
1570 5.2545840524e+00 1.3671464398e-05
1571 5.2526317127e+00 1.3835819382e-05
1572 5.2506317234e+00 1.3992149676e-05
1573 5.2486735648e+00 1.3908343866e-05
1574 5.2467904671e+00 1.3852557233e-05
1575 5.2449694430e+00 1.3774833003e-05
1576 5.2430889797e+00 1.3820044566e-05
1577 5.2411321787e+00 1.3880783953e-05
1578 5.2391382386e+00 1.3999553684e-05
1579 5.2371838029e+00 1.3813818510e-05
1580 5.2353340689e+00 1.3758694296e-05
1581 5.2334911117e+00 1.3695453082e-05
1582 5.2315953900e+00 1.3717277309e-05
1583 5.2296728548e+00 1.3682353441e-05
1584 5.2277536906e+00 1.3568758460e-05
1585 5.2258805156e+00 1.3459416138e-05
1586 5.2240755399e+00 1.3360644216e-05
1587 5.2223446558e+00 1.3105994206e-05
1588 5.2206568892e+00 1.2999325115e-05
1589 5.2189650822e+00 1.2911136355e-05
1590 5.2172837585e+00 1.2862350858e-05
1591 5.2156270062e+00 1.2870189241e-05
1592 5.2140009629e+00 1.2816202146e-05
1593 5.2124365083e+00 1.2724180337e-05
1594 5.2108893128e+00 1.2760405460e-05
1595 5.2092758086e+00 1.2722992559e-05
1596 5.2076454294e+00 1.2573653662e-05
1597 5.2060523215e+00 1.2289971285e-05
1598 5.2045339855e+00 1.2122452912e-05
1599 5.2030563394e+00 1.2162714083e-05
1600 5.2015560316e+00 1.2336470125e-05
1601 5.1999917218e+00 1.2461431142e-05
1602 5.1984030724e+00 1.2391213063e-05
1603 5.1968009184e+00 1.2269347175e-05
1604 5.1952503086e+00 1.2187136141e-05
1605 5.1937449929e+00 1.2126921455e-05
1606 5.1922152478e+00 1.2380645261e-05
1607 5.1905999293e+00 1.2579212407e-05
1608 5.1889213891e+00 1.2550473068e-05
1609 5.1872458617e+00 1.2478937971e-05
1610 5.1856337116e+00 1.2225292310e-05
1611 5.1840932609e+00 1.2105687385e-05
1612 5.1825697983e+00 1.2203546765e-05
1613 5.1810127154e+00 1.2346137396e-05
1614 5.1794458438e+00 1.2364304419e-05
1615 5.1778992571e+00 1.2302405793e-05
1616 5.1763632073e+00 1.2280910665e-05
1617 5.1748150142e+00 1.2181819418e-05
1618 5.1732810440e+00 1.2154847688e-05
1619 5.1717964997e+00 1.1977736705e-05
1620 5.1703678031e+00 1.1801135437e-05
1621 5.1689249199e+00 1.1828279956e-05
1622 5.1674491172e+00 1.1917363660e-05
1623 5.1659517637e+00 1.1828200569e-05
1624 5.1644766763e+00 1.1610992487e-05
1625 5.1630364402e+00 1.1549128478e-05
1626 5.1616079514e+00 1.1626605913e-05
1627 5.1602114316e+00 1.1730627271e-05
1628 5.1588499237e+00 1.1659939598e-05
1629 5.1575117951e+00 1.1459391854e-05
1630 5.1561549279e+00 1.1399196142e-05
1631 5.1547684297e+00 1.1394916293e-05
1632 5.1533758731e+00 1.1417857208e-05
1633 5.1520015814e+00 1.1301631061e-05
1634 5.1506535354e+00 1.1209038912e-05
1635 5.1493159331e+00 1.1145704210e-05
1636 5.1479798891e+00 1.1106568510e-05
1637 5.1466410168e+00 1.1147105674e-05
1638 5.1452953819e+00 1.1165306135e-05
1639 5.1439413265e+00 1.1060807006e-05
1640 5.1426000634e+00 1.0987606751e-05
1641 5.1412797611e+00 1.0885366636e-05
1642 5.1399680402e+00 1.0904901346e-05
1643 5.1386457394e+00 1.0935133965e-05
1644 5.1373575251e+00 1.0971763415e-05
1645 5.1361299937e+00 1.0918848200e-05
1646 5.1349349498e+00 1.0847587074e-05
1647 5.1336955919e+00 1.0811100783e-05
1648 5.1324332392e+00 1.0711949451e-05
1649 5.1311710134e+00 1.0652690444e-05
1650 5.1299192445e+00 1.0590297400e-05
1651 5.1286767393e+00 1.0510139217e-05
1652 5.1274689466e+00 1.0375141447e-05
1653 5.1263541759e+00 1.0147177902e-05
1654 5.1252968149e+00 1.0177319486e-05
1655 5.1241911946e+00 1.0255495383e-05
1656 5.1230303354e+00 1.0286272919e-05
1657 5.1218549959e+00 1.0178070125e-05
1658 5.1206892683e+00 1.0184066138e-05
1659 5.1195369142e+00 1.0210505972e-05
1660 5.1183776720e+00 1.0325672638e-05
1661 5.1172044923e+00 1.0466769329e-05
1662 5.1160338151e+00 1.0458980518e-05
1663 5.1148909524e+00 1.0366318416e-05
1664 5.1137388946e+00 1.0389750319e-05
1665 5.1125441739e+00 1.0430644996e-05
1666 5.1113106689e+00 1.0338940102e-05
1667 5.1100652198e+00 1.0385825905e-05
1668 5.1088313316e+00 1.0297428634e-05
1669 5.1076143713e+00 1.0303457297e-05
1670 5.1064353309e+00 1.0178393332e-05
1671 5.1052935451e+00 1.0295575680e-05
1672 5.1041858263e+00 1.0242245567e-05
1673 5.1030447078e+00 1.0120636287e-05
1674 5.1018892804e+00 1.0087346947e-05
1675 5.1007189118e+00 1.0050048293e-05
1676 5.0995310490e+00 1.0149350212e-05
1677 5.0983411452e+00 1.0272144474e-05
1678 5.0971674011e+00 1.0246584247e-05
1679 5.0960001900e+00 1.0337282460e-05
1680 5.0947814289e+00 1.0548392499e-05
1681 5.0934853113e+00 1.0701958506e-05
1682 5.0921444047e+00 1.0768768350e-05
1683 5.0908082657e+00 1.0834246027e-05
1684 5.0895081874e+00 1.0717446841e-05
1685 5.0882225011e+00 1.0727776352e-05
1686 5.0869305605e+00 1.0799992049e-05
1687 5.0855860104e+00 1.0769073888e-05
1688 5.0842336042e+00 1.0683105641e-05
1689 5.0828880804e+00 1.0605604121e-05
1690 5.0815455530e+00 1.0562956556e-05
1691 5.0802093460e+00 1.0520098646e-05
1692 5.0788988273e+00 1.0545812073e-05
1693 5.0776080942e+00 1.0596450207e-05
1694 5.0763471678e+00 1.0497786235e-05
1695 5.0750903435e+00 1.0491855538e-05
1696 5.0738040025e+00 1.0501041930e-05
1697 5.0724838918e+00 1.0592269080e-05
1698 5.0711545985e+00 1.0644237524e-05
1699 5.0698198360e+00 1.0530742958e-05
1700 5.0685363138e+00 1.0440811628e-05
1701 5.0673300144e+00 1.0198367867e-05
1702 5.0661919177e+00 1.0159411150e-05
1703 5.0650370081e+00 1.0094153764e-05
1704 5.0638556119e+00 1.0103222363e-05
1705 5.0626755818e+00 9.8988169762e-06
1706 5.0615303103e+00 9.7391955503e-06
1707 5.0604221497e+00 9.5956591252e-06
1708 5.0593223835e+00 9.7287755079e-06
1709 5.0581970309e+00 9.7645323493e-06
1710 5.0570493700e+00 9.8184656333e-06
1711 5.0559056536e+00 9.8169940314e-06
1712 5.0547854561e+00 9.7417768310e-06
1713 5.0536793161e+00 9.6097970108e-06
1714 5.0526015523e+00 9.6194536288e-06
1715 5.0515420454e+00 9.5529428283e-06
1716 5.0504886537e+00 9.4693531687e-06
1717 5.0494634353e+00 9.4279990452e-06
1718 5.0484183191e+00 9.5044803861e-06
1719 5.0473397416e+00 9.5488491441e-06
1720 5.0462262828e+00 9.6361145057e-06
1721 5.0451094298e+00 9.7054193325e-06
1722 5.0439943252e+00 9.7256962146e-06
1723 5.0429255455e+00 9.6724608647e-06
1724 5.0418524717e+00 9.6967539900e-06
1725 5.0407474731e+00 9.7017155373e-06
1726 5.0396183491e+00 9.7010767827e-06
1727 5.0384998261e+00 9.6196914770e-06
1728 5.0374059458e+00 9.5717477962e-06
1729 5.0363478302e+00 9.5670877483e-06
1730 5.0352910819e+00 9.6816182600e-06
1731 5.0342012834e+00 9.7619272760e-06
1732 5.0330989568e+00 9.7329315506e-06
1733 5.0320143351e+00 9.6030684744e-06
1734 5.0309502606e+00 9.4344362523e-06
1735 5.0298717547e+00 9.4722802731e-06
1736 5.0287793075e+00 9.5124960684e-06
1737 5.0277117954e+00 9.4719433632e-06
1738 5.0266524267e+00 9.4071369507e-06
1739 5.0256525968e+00 9.3739153955e-06
1740 5.0246605129e+00 9.2905982655e-06
1741 5.0236387820e+00 9.3309059842e-06
1742 5.0226022698e+00 9.2809324205e-06
1743 5.0215453195e+00 9.2784359126e-06
1744 5.0204888806e+00 9.1618960615e-06
1745 5.0194505651e+00 8.9911822786e-06
1746 5.0184442303e+00 9.0650219927e-06
1747 5.0174673761e+00 8.9440607689e-06
1748 5.0165246943e+00 8.8785418184e-06
1749 5.0155991212e+00 8.9263251155e-06
1750 5.0146427979e+00 8.9324280573e-06
1751 5.0136822339e+00 8.8518795676e-06
1752 5.0127651795e+00 8.7152464242e-06
1753 5.0118784036e+00 8.5949083401e-06
1754 5.0109944527e+00 8.6182123524e-06
1755 5.0100487351e+00 8.7019022400e-06
1756 5.0090638170e+00 8.8903001589e-06
1757 5.0080471700e+00 9.0118569952e-06
1758 5.0070001567e+00 9.2670112064e-06
1759 5.0059247501e+00 9.2246296787e-06
1760 5.0049008152e+00 9.2004288355e-06
1761 5.0039404825e+00 9.1338849350e-06
1762 5.0029303099e+00 9.2315004646e-06
1763 5.0018622741e+00 9.2678416221e-06
1764 5.0007522657e+00 9.3404231872e-06
1765 4.9996225625e+00 9.4434795924e-06
1766 4.9985191383e+00 9.4852621268e-06
1767 4.9974370064e+00 9.4640026494e-06
1768 4.9963241184e+00 9.6384475785e-06
1769 4.9951354327e+00 9.7770930242e-06
1770 4.9939046493e+00 9.8837024509e-06
1771 4.9926272760e+00 1.0024436445e-05
1772 4.9912930875e+00 1.0264240248e-05
1773 4.9899262540e+00 1.0282436533e-05
1774 4.9885502565e+00 1.0408646685e-05
1775 4.9871516128e+00 1.0529836310e-05
1776 4.9857115374e+00 1.0718075038e-05
1777 4.9841900247e+00 1.1024973755e-05
1778 4.9826223731e+00 1.1198711966e-05
1779 4.9810017057e+00 1.1280218205e-05
1780 4.9793934149e+00 1.1427020629e-05
1781 4.9777652716e+00 1.1630979931e-05
1782 4.9760547836e+00 1.1859498102e-05
1783 4.9742328015e+00 1.2095087357e-05
1784 4.9723795783e+00 1.2158028502e-05
1785 4.9705363275e+00 1.2170038180e-05
1786 4.9687231536e+00 1.2348512230e-05
1787 4.9668960320e+00 1.2374299599e-05
1788 4.9650153577e+00 1.2344323866e-05
1789 4.9630931700e+00 1.2305235833e-05
1790 4.9611590235e+00 1.2346475937e-05
1791 4.9591658889e+00 1.2433308401e-05
1792 4.9571390260e+00 1.2632757872e-05
1793 4.9550889314e+00 1.2743248660e-05
1794 4.9530312218e+00 1.2728355143e-05
1795 4.9510439726e+00 1.2620772514e-05
1796 4.9491281358e+00 1.2554294666e-05
1797 4.9471904327e+00 1.2661926340e-05
1798 4.9452087054e+00 1.2636337357e-05
1799 4.9432341092e+00 1.2623998619e-05
1800 4.9413071137e+00 1.2499159888e-05
1801 4.9394747912e+00 1.2472901796e-05
1802 4.9376487127e+00 1.2494319940e-05
1803 4.9357099415e+00 1.2570818203e-05
1804 4.9337483512e+00 1.2634074209e-05
1805 4.9318211231e+00 1.2481979947e-05
1806 4.9299610258e+00 1.2617041876e-05
1807 4.9280631262e+00 1.2888663369e-05
1808 4.9259984579e+00 1.3085716252e-05
1809 4.9238677905e+00 1.3163310823e-05
1810 4.9217103238e+00 1.3088223402e-05
1811 4.9195879692e+00 1.2914585474e-05
1812 4.9175322036e+00 1.2843158181e-05
1813 4.9155275775e+00 1.2729563858e-05
1814 4.9135605148e+00 1.2772335113e-05
1815 4.9115821309e+00 1.2810785438e-05
1816 4.9096568115e+00 1.2658783776e-05
1817 4.9077809643e+00 1.2521486482e-05
1818 4.9059104676e+00 1.2438286077e-05
1819 4.9039905287e+00 1.2545589380e-05
1820 4.9020734171e+00 1.2375059080e-05
1821 4.9001763480e+00 1.2248741896e-05
1822 4.8983776930e+00 1.1942509571e-05
1823 4.8966830514e+00 1.1625929414e-05
1824 4.8950525921e+00 1.1545857018e-05
1825 4.8934241715e+00 1.1502029228e-05
1826 4.8917810227e+00 1.1463771712e-05
1827 4.8901497709e+00 1.1405907097e-05
1828 4.8885439375e+00 1.1321703529e-05
1829 4.8870068723e+00 1.1188385695e-05
1830 4.8855658370e+00 1.1076101273e-05
1831 4.8841716059e+00 1.1041406404e-05
1832 4.8827051074e+00 1.1145405261e-05
1833 4.8812036979e+00 1.1087094501e-05
1834 4.8796836792e+00 1.1013531121e-05
1835 4.8781988289e+00 1.0878357178e-05
1836 4.8767431522e+00 1.0680357764e-05
1837 4.8753312330e+00 1.0579294879e-05
1838 4.8739410924e+00 1.0526841913e-05
1839 4.8726046913e+00 1.0340180392e-05
1840 4.8713215090e+00 1.0334466525e-05
1841 4.8700335494e+00 1.0291640395e-05
1842 4.8687314601e+00 1.0325018403e-05
1843 4.8674671284e+00 1.0237652661e-05
1844 4.8662722468e+00 1.0102134502e-05
1845 4.8650731313e+00 1.0027354200e-05
1846 4.8638497186e+00 9.9552771157e-06
1847 4.8626228093e+00 9.7750325138e-06
1848 4.8614100495e+00 9.7323628592e-06
1849 4.8602227977e+00 9.6175404124e-06
1850 4.8590426581e+00 9.5172521517e-06
1851 4.8579034714e+00 9.3802008676e-06
1852 4.8567958148e+00 9.2284150412e-06
1853 4.8557410668e+00 9.0873842685e-06
1854 4.8547430431e+00 9.0231429747e-06
1855 4.8537563958e+00 8.9903000974e-06
1856 4.8527494541e+00 8.9235188622e-06
1857 4.8517305339e+00 8.8995953520e-06
1858 4.8507064143e+00 8.8349032611e-06
1859 4.8496828874e+00 8.8863543339e-06
1860 4.8486678191e+00 8.8559004554e-06
1861 4.8476873439e+00 8.7496081777e-06
1862 4.8467531287e+00 8.6556242360e-06
1863 4.8458572304e+00 8.5212592470e-06
1864 4.8449593847e+00 8.5043625185e-06
1865 4.8440562053e+00 8.3946301528e-06
1866 4.8431621835e+00 8.3192974698e-06
1867 4.8422951678e+00 8.1006069398e-06
1868 4.8414357058e+00 8.0101053168e-06
1869 4.8405696049e+00 8.1387354748e-06
1870 4.8396817351e+00 8.2766098309e-06
1871 4.8387667280e+00 8.4010026302e-06
1872 4.8378353498e+00 8.4802607077e-06
1873 4.8369030625e+00 8.4721787897e-06
1874 4.8360074755e+00 8.4958300860e-06
1875 4.8351341573e+00 8.4542986003e-06
1876 4.8342237017e+00 8.5655763980e-06
1877 4.8332721814e+00 8.6567271610e-06
1878 4.8322705844e+00 8.8107671434e-06
1879 4.8312659628e+00 8.7656079153e-06
1880 4.8302973354e+00 8.7049296053e-06
1881 4.8293725063e+00 8.5737315380e-06
1882 4.8284334895e+00 8.5209776507e-06
1883 4.8274966203e+00 8.4604158613e-06
1884 4.8265712840e+00 8.3247083982e-06
1885 4.8256848445e+00 8.2676697085e-06
1886 4.8248451087e+00 8.2257873813e-06
1887 4.8239848679e+00 8.2500932671e-06
1888 4.8230832288e+00 8.3512397664e-06
1889 4.8221564026e+00 8.3442245556e-06
1890 4.8212341288e+00 8.3145526414e-06
1891 4.8203391374e+00 8.2526443271e-06
1892 4.8194943653e+00 8.2260250141e-06
1893 4.8186544710e+00 8.3367186850e-06
1894 4.8177626744e+00 8.2759316475e-06
1895 4.8168359005e+00 8.2703524666e-06
1896 4.8159082335e+00 8.2168719813e-06
1897 4.8149924313e+00 8.1416076864e-06
1898 4.8140926065e+00 8.1130828187e-06
1899 4.8132114054e+00 8.1413748771e-06
1900 4.8123332230e+00 8.1991838245e-06
1901 4.8114457588e+00 8.2333920710e-06
1902 4.8105413034e+00 8.2267359359e-06
1903 4.8096136706e+00 8.2414274304e-06
1904 4.8087043210e+00 8.2188229131e-06
1905 4.8078208533e+00 8.2001744642e-06
1906 4.8069551788e+00 8.1962777911e-06
1907 4.8060895192e+00 8.1419451852e-06
1908 4.8052156493e+00 8.0326776787e-06
1909 4.8043239297e+00 8.0172805065e-06
1910 4.8034299474e+00 8.0603012306e-06
1911 4.8025254834e+00 8.0501101925e-06
1912 4.8016332070e+00 7.9609370859e-06
1913 4.8007716079e+00 8.0246842353e-06
1914 4.7999571657e+00 8.0366090742e-06
1915 4.7991290080e+00 8.0751011976e-06
1916 4.7982600737e+00 7.9939269263e-06
1917 4.7973669581e+00 7.9981700508e-06
1918 4.7964665334e+00 7.9713075563e-06
1919 4.7955667209e+00 8.0167287909e-06
1920 4.7946602400e+00 8.1368112870e-06
1921 4.7937356765e+00 8.1673518579e-06
1922 4.7928151964e+00 8.1981963603e-06
1923 4.7918899833e+00 8.3087326919e-06
1924 4.7909486469e+00 8.4342852834e-06
1925 4.7899847928e+00 8.4456175894e-06
1926 4.7890011307e+00 8.5269408146e-06
1927 4.7879828597e+00 8.5690799791e-06
1928 4.7869189514e+00 8.6919367430e-06
1929 4.7858282047e+00 8.9183501918e-06
1930 4.7846778113e+00 9.0857023735e-06
1931 4.7834843582e+00 9.2557339815e-06
1932 4.7822636338e+00 9.3655507503e-06
1933 4.7810366056e+00 9.4779660341e-06
1934 4.7798480019e+00 9.4611029505e-06
1935 4.7786802667e+00 9.5805889086e-06
1936 4.7774568541e+00 9.5703820899e-06
1937 4.7762096519e+00 9.5349091922e-06
1938 4.7749733266e+00 9.4517281428e-06
1939 4.7737578934e+00 9.4053758664e-06
1940 4.7725144830e+00 9.4949535219e-06
1941 4.7712438008e+00 9.6955548863e-06
1942 4.7699347117e+00 9.6583522132e-06
1943 4.7686141251e+00 9.7449737205e-06
1944 4.7672979540e+00 9.6403421163e-06
1945 4.7660283849e+00 9.5772738505e-06
1946 4.7648240412e+00 9.3724589172e-06
1947 4.7636551454e+00 9.3848171770e-06
1948 4.7624500660e+00 9.4744316511e-06
1949 4.7612033067e+00 9.5003083260e-06
1950 4.7599255304e+00 9.5046068030e-06
1951 4.7586684602e+00 9.5236829462e-06
1952 4.7574538498e+00 9.3361754366e-06
1953 4.7562718021e+00 9.2956111523e-06
1954 4.7550957328e+00 9.3593971994e-06
1955 4.7538838095e+00 9.4192414831e-06
1956 4.7526713277e+00 9.4661465155e-06
1957 4.7515003329e+00 9.4620523964e-06
1958 4.7503388088e+00 9.5199918563e-06
1959 4.7491118204e+00 9.5405133219e-06
1960 4.7478315697e+00 9.6182831975e-06
1961 4.7465500137e+00 9.5268703439e-06
1962 4.7452825430e+00 9.4949334709e-06
1963 4.7440416873e+00 9.5338260278e-06
1964 4.7427808295e+00 9.5723114311e-06
1965 4.7414692971e+00 9.7486589470e-06
1966 4.7401338395e+00 9.7491941061e-06
1967 4.7388025073e+00 9.6662856274e-06
1968 4.7375029943e+00 9.5098445381e-06
1969 4.7362565550e+00 9.4499511420e-06
1970 4.7350266533e+00 9.5285255804e-06
1971 4.7337625566e+00 9.7861268027e-06
1972 4.7324537775e+00 9.8651542390e-06
1973 4.7311356725e+00 9.8351623208e-06
1974 4.7297895965e+00 9.9005059318e-06
1975 4.7283946900e+00 1.0059626250e-05
1976 4.7269874690e+00 1.0105199281e-05
1977 4.7255830044e+00 1.0116063533e-05
1978 4.7242163592e+00 1.0094355821e-05
1979 4.7228444924e+00 1.0125939669e-05
1980 4.7214219453e+00 1.0187674940e-05
1981 4.7199409114e+00 1.0290779847e-05
1982 4.7184409724e+00 1.0362069931e-05
1983 4.7169185978e+00 1.0397088759e-05
1984 4.7153925305e+00 1.0378085916e-05
1985 4.7138827257e+00 1.0380969353e-05
1986 4.7124281207e+00 1.0417522235e-05
1987 4.7109767637e+00 1.0544280109e-05
1988 4.7094572512e+00 1.0579293365e-05
1989 4.7079089304e+00 1.0524190458e-05
1990 4.7063459071e+00 1.0519871181e-05
1991 4.7047754374e+00 1.0408542233e-05
1992 4.7032317586e+00 1.0387766194e-05
1993 4.7016925529e+00 1.0435473526e-05
1994 4.7001539490e+00 1.0572121519e-05
1995 4.6986667448e+00 1.0461023600e-05
1996 4.6972589056e+00 1.0280250129e-05
1997 4.6958405568e+00 1.0142000824e-05
1998 4.6943984343e+00 1.0117830541e-05
1999 4.6929444410e+00 1.0115371073e-05
