iter rel_error rel_residual
0 8.4016012441e+00 3.9385371845e-01
1 9.8218386793e+00 1.9153829766e-01
2 1.3568718162e+01 1.0638492987e-01
3 1.4696361115e+01 7.3459665454e-02
4 1.4017178337e+01 5.8569366678e-02
5 1.3236953166e+01 4.6724727586e-02
6 1.2921531313e+01 3.9323173317e-02
7 1.2790329276e+01 3.5108812878e-02
8 1.2631263404e+01 2.9703351929e-02
9 1.2266501859e+01 2.6630083424e-02
10 1.1763530846e+01 2.3647796070e-02
11 1.1378894885e+01 2.0992870375e-02
12 1.1119465910e+01 1.9188075874e-02
13 1.0918174522e+01 1.7579381010e-02
14 1.0607143766e+01 1.6276143745e-02
15 1.0232474069e+01 1.5076558785e-02
16 9.9441181370e+00 1.4097832663e-02
17 9.7471596283e+00 1.3506307080e-02
18 9.5787962951e+00 1.2560159093e-02
19 9.4140708638e+00 1.2043238789e-02
20 9.2673441386e+00 1.1584817924e-02
21 9.1722625244e+00 1.1097719308e-02
22 9.1559960684e+00 1.0653422134e-02
23 9.1943988206e+00 1.0026407167e-02
24 9.2360457269e+00 9.5732136184e-03
25 9.2761802574e+00 9.2962963829e-03
26 9.3415450182e+00 8.8473060844e-03
27 9.4267755019e+00 8.5963601346e-03
28 9.5158646763e+00 8.1939096070e-03
29 9.5927222753e+00 7.9384368817e-03
30 9.6560035564e+00 7.6261895044e-03
31 9.7136592589e+00 7.4714075058e-03
32 9.7794906786e+00 7.1383158894e-03
33 9.8420399111e+00 6.9064213092e-03
34 9.8901544636e+00 6.7519083627e-03
35 9.9316368435e+00 6.5912144690e-03
36 9.9806337067e+00 6.3532538384e-03
37 1.0037580511e+01 6.2031720230e-03
38 1.0096243259e+01 6.0459275465e-03
39 1.0151562818e+01 5.8265671254e-03
40 1.0207279138e+01 5.6475081918e-03
41 1.0268640836e+01 5.4822970740e-03
42 1.0332982015e+01 5.2795467602e-03
43 1.0394022655e+01 5.1595137835e-03
44 1.0450807374e+01 5.0673668885e-03
45 1.0505270922e+01 4.9631535475e-03
46 1.0561384937e+01 4.8231401264e-03
47 1.0618536480e+01 4.6989878748e-03
48 1.0671335480e+01 4.5707984986e-03
49 1.0720007816e+01 4.4430194183e-03
50 1.0766791864e+01 4.3705565366e-03
51 1.0811692320e+01 4.2440215358e-03
52 1.0855480699e+01 4.1491169260e-03
53 1.0899861180e+01 4.0654350651e-03
54 1.0943715352e+01 3.9483240619e-03
55 1.0984222533e+01 3.8541294907e-03
56 1.1022854133e+01 3.7362751059e-03
57 1.1059679245e+01 3.6135155269e-03
58 1.1094773440e+01 3.5048461669e-03
59 1.1126693758e+01 3.4043905185e-03
60 1.1155234373e+01 3.3288193459e-03
61 1.1182086202e+01 3.2763295766e-03
62 1.1209080162e+01 3.1773278772e-03
63 1.1235065907e+01 3.1308491538e-03
64 1.1258356783e+01 3.0537908662e-03
65 1.1279178059e+01 3.0232857031e-03
66 1.1299532863e+01 2.9430915542e-03
67 1.1318991550e+01 2.8582320650e-03
68 1.1336497507e+01 2.8152932954e-03
69 1.1351804547e+01 2.7571218694e-03
70 1.1365662097e+01 2.6954502996e-03
71 1.1379355636e+01 2.6181007567e-03
72 1.1392630720e+01 2.5602591524e-03
73 1.1404117228e+01 2.5155331517e-03
74 1.1414581584e+01 2.4739054240e-03
75 1.1424777474e+01 2.4148346527e-03
76 1.1434093225e+01 2.3832464254e-03
77 1.1441607731e+01 2.3489281463e-03
78 1.1447557182e+01 2.3091538089e-03
79 1.1453505442e+01 2.3124329099e-03
80 1.1460316065e+01 2.4095432734e-03
81 1.1468266476e+01 2.5999776268e-03
82 1.1478699178e+01 2.8198225713e-03
83 1.1492955671e+01 2.8832601053e-03
84 1.1507858835e+01 2.7612926724e-03
85 1.1519495518e+01 2.5855391241e-03
86 1.1527580375e+01 2.4242527579e-03
87 1.1533181869e+01 2.2980431482e-03
88 1.1536983705e+01 2.1780012556e-03
89 1.1538762089e+01 2.0633509829e-03
90 1.1538238743e+01 1.9640481741e-03
91 1.1536357672e+01 1.8434346213e-03
92 1.1533917379e+01 1.7498014505e-03
93 1.1530354709e+01 1.6542025834e-03
94 1.1524990271e+01 1.5855871915e-03
95 1.1518720510e+01 1.4976571062e-03
96 1.1512681589e+01 1.4253663134e-03
97 1.1506512415e+01 1.3789179695e-03
98 1.1499394597e+01 1.3380157495e-03
99 1.1491064173e+01 1.3085624400e-03
100 1.1482618861e+01 1.2761659394e-03
101 1.1474045411e+01 1.2541670763e-03
102 1.1464640874e+01 1.2394098704e-03
103 1.1454546605e+01 1.2255242755e-03
104 1.1444341078e+01 1.2042122835e-03
105 1.1434101357e+01 1.1692910318e-03
106 1.1423461563e+01 1.1562409072e-03
107 1.1411664262e+01 1.1553813878e-03
108 1.1399243337e+01 1.1443761707e-03
109 1.1386449586e+01 1.1312480186e-03
110 1.1373070560e+01 1.1294602274e-03
111 1.1358462609e+01 1.1305816226e-03
112 1.1343030084e+01 1.1206606500e-03
113 1.1327368096e+01 1.1259098922e-03
114 1.1310857410e+01 1.1240795075e-03
115 1.1292908848e+01 1.1373981899e-03
116 1.1273892741e+01 1.1473609667e-03
117 1.1254065596e+01 1.1702198596e-03
118 1.1233376081e+01 1.1712967429e-03
119 1.1211890457e+01 1.1659179796e-03
120 1.1189436708e+01 1.1728307173e-03
121 1.1166166675e+01 1.1808331911e-03
122 1.1142184258e+01 1.1917370117e-03
123 1.1116977683e+01 1.1944036739e-03
124 1.1090675648e+01 1.1936411853e-03
125 1.1064483525e+01 1.1936592780e-03
126 1.1038068782e+01 1.1948225298e-03
127 1.1010821297e+01 1.2010609237e-03
128 1.0982317205e+01 1.2062902038e-03
129 1.0953045344e+01 1.2131038926e-03
130 1.0923739209e+01 1.2065689334e-03
131 1.0894101990e+01 1.2166451539e-03
132 1.0863442839e+01 1.2134453432e-03
133 1.0832772060e+01 1.2193662231e-03
134 1.0801694336e+01 1.2275133193e-03
135 1.0769700160e+01 1.2527732131e-03
136 1.0735970354e+01 1.2877756193e-03
137 1.0699124276e+01 1.3690420429e-03
138 1.0657519311e+01 1.4957196478e-03
139 1.0608033686e+01 1.6671614473e-03
140 1.0548059451e+01 1.8101016485e-03
141 1.0480974508e+01 1.8999292371e-03
142 1.0412817301e+01 1.9282637920e-03
143 1.0349728008e+01 1.8799611172e-03
144 1.0291694419e+01 1.8721993935e-03
145 1.0237532151e+01 1.9046570323e-03
146 1.0187926354e+01 1.9302562743e-03
147 1.0144346686e+01 1.9100243343e-03
148 1.0107549111e+01 1.8513121463e-03
149 1.0075496430e+01 1.8086025246e-03
150 1.0047226222e+01 1.7743791023e-03
151 1.0023014276e+01 1.7153209010e-03
152 1.0001414760e+01 1.6543800688e-03
153 9.9804826596e+00 1.6093035825e-03
154 9.9602271589e+00 1.5833943680e-03
155 9.9410515199e+00 1.5471599324e-03
156 9.9221581321e+00 1.5261577577e-03
157 9.9027083902e+00 1.5158584943e-03
158 9.8831330836e+00 1.4877770552e-03
159 9.8643299927e+00 1.4496358059e-03
160 9.8463636501e+00 1.4014373478e-03
161 9.8287658900e+00 1.3171804636e-03
162 9.8123563443e+00 1.2139802455e-03
163 9.7971452452e+00 1.1216234918e-03
164 9.7820866024e+00 1.1048579362e-03
165 9.7654917618e+00 1.1424728257e-03
166 9.7467808020e+00 1.1671627846e-03
167 9.7272229511e+00 1.1660887218e-03
168 9.7072108183e+00 1.1715871674e-03
169 9.6859265054e+00 1.1936612451e-03
170 9.6625297116e+00 1.2251661531e-03
171 9.6372799047e+00 1.2534994096e-03
172 9.6106918291e+00 1.2755349610e-03
173 9.5826349931e+00 1.3151964967e-03
174 9.5527424819e+00 1.3287193056e-03
175 9.5214407386e+00 1.3268502808e-03
176 9.4899585060e+00 1.3284276790e-03
177 9.4576650710e+00 1.3060130382e-03
178 9.4235906459e+00 1.2821896805e-03
179 9.3875322166e+00 1.2680102531e-03
180 9.3505464287e+00 1.2323449470e-03
181 9.3146955939e+00 1.1889237446e-03
182 9.2783938535e+00 1.1570756799e-03
183 9.2431365933e+00 1.1174192310e-03
184 9.2097699045e+00 1.0854044498e-03
185 9.1781588894e+00 1.0555548933e-03
186 9.1492156926e+00 1.0335512396e-03
187 9.1211624060e+00 1.0167508379e-03
188 9.0943336827e+00 9.9206493572e-04
189 9.0689367837e+00 9.6297869579e-04
190 9.0449661014e+00 9.2218111927e-04
191 9.0225851835e+00 8.9582864116e-04
192 9.0009817152e+00 8.7441971960e-04
193 8.9802393765e+00 8.6089810083e-04
194 8.9602841609e+00 8.5528741806e-04
195 8.9408720122e+00 8.3756290965e-04
196 8.9223946331e+00 8.3954102140e-04
197 8.9042741598e+00 8.4793707005e-04
198 8.8867679629e+00 8.6030881362e-04
199 8.8694512626e+00 8.7331493019e-04
200 8.8525795156e+00 8.7795954968e-04
201 8.8364270297e+00 8.9320529822e-04
202 8.8207798828e+00 9.1582509708e-04
203 8.8056089292e+00 9.3591272456e-04
204 8.7903212021e+00 9.5274053965e-04
205 8.7756105993e+00 9.5498973623e-04
206 8.7623072649e+00 9.6025453332e-04
207 8.7496491561e+00 9.4949713897e-04
208 8.7374115123e+00 9.4988637462e-04
209 8.7255678505e+00 9.4589957302e-04
210 8.7145814066e+00 9.3275692389e-04
211 8.7042734653e+00 9.3806331295e-04
212 8.6943523421e+00 9.2270053607e-04
213 8.6846521448e+00 9.1267367094e-04
214 8.6753000766e+00 9.1097638151e-04
215 8.6663194728e+00 9.1490771343e-04
216 8.6572705037e+00 9.3417404141e-04
217 8.6484718568e+00 9.4892572646e-04
218 8.6404211505e+00 9.7466205671e-04
219 8.6332833315e+00 1.0061371401e-03
220 8.6268472444e+00 1.0412832274e-03
221 8.6209570760e+00 1.0676784880e-03
222 8.6162889277e+00 1.0526285106e-03
223 8.6127922280e+00 1.0207661494e-03
224 8.6100036032e+00 9.5770575452e-04
225 8.6073291148e+00 9.2162055159e-04
226 8.6047735711e+00 8.8495654369e-04
227 8.6024065013e+00 8.3824460890e-04
228 8.5999253008e+00 8.0071423690e-04
229 8.5972173535e+00 7.5601096313e-04
230 8.5942400416e+00 7.1403331423e-04
231 8.5913124023e+00 6.7084176377e-04
232 8.5885055072e+00 6.2922068945e-04
233 8.5856073410e+00 5.8976191428e-04
234 8.5825516699e+00 5.5759116017e-04
235 8.5794547027e+00 5.3310952226e-04
236 8.5764159792e+00 5.0775956767e-04
237 8.5733798778e+00 4.7974217947e-04
238 8.5702579880e+00 4.5478075729e-04
239 8.5670799261e+00 4.3912117465e-04
240 8.5638314705e+00 4.2677295081e-04
241 8.5604109301e+00 4.2050641513e-04
242 8.5566568317e+00 4.2071227391e-04
243 8.5525297910e+00 4.2866283438e-04
244 8.5481397435e+00 4.3920398963e-04
245 8.5435257288e+00 4.4016144407e-04
246 8.5389846569e+00 4.2244627793e-04
247 8.5346569141e+00 4.0485355489e-04
248 8.5305997753e+00 3.9680516430e-04
249 8.5265072144e+00 3.9507606207e-04
250 8.5221343022e+00 3.9351458211e-04
251 8.5177355475e+00 3.8517688540e-04
252 8.5135134148e+00 3.7705166067e-04
253 8.5093024586e+00 3.7151801458e-04
254 8.5048251275e+00 3.6419080563e-04
255 8.5003024187e+00 3.6048422954e-04
256 8.4956292246e+00 3.5505411582e-04
257 8.4907082240e+00 3.5322739481e-04
258 8.4854130705e+00 3.5245426840e-04
259 8.4797142431e+00 3.5132236486e-04
260 8.4736955694e+00 3.4926043415e-04
261 8.4674538117e+00 3.4696170281e-04
262 8.4609316244e+00 3.4052125230e-04
263 8.4542214685e+00 3.3727403149e-04
264 8.4472763341e+00 3.3361576955e-04
265 8.4403204769e+00 3.2789796225e-04
266 8.4332514384e+00 3.2098435846e-04
267 8.4261522482e+00 3.1405649116e-04
268 8.4191558346e+00 3.1092201352e-04
269 8.4120384450e+00 3.0920732267e-04
270 8.4047782296e+00 3.0797381791e-04
271 8.3973752125e+00 3.0914288701e-04
272 8.3897032093e+00 3.1092240803e-04
273 8.3819380859e+00 3.0951892048e-04
274 8.3741961489e+00 3.0547256668e-04
275 8.3667644653e+00 2.9324942717e-04
276 8.3599106578e+00 2.7469616857e-04
277 8.3539690984e+00 2.5297852172e-04
278 8.3487746863e+00 2.3273428288e-04
279 8.3441267986e+00 2.1724529421e-04
280 8.3397437680e+00 2.0958003032e-04
281 8.3353857648e+00 2.0486254650e-04
282 8.3310141047e+00 2.0754545020e-04
283 8.3264499654e+00 2.0391787620e-04
284 8.3218433111e+00 1.9641939993e-04
285 8.3174456304e+00 1.8946888945e-04
286 8.3132963977e+00 1.8325160275e-04
287 8.3092118437e+00 1.8320580461e-04
288 8.3048777345e+00 1.8355333384e-04
289 8.3003596961e+00 1.8385082049e-04
290 8.2958835480e+00 1.8040752996e-04
291 8.2914904668e+00 1.7932422810e-04
292 8.2870213735e+00 1.7872245956e-04
293 8.2824128429e+00 1.7954765293e-04
294 8.2778542514e+00 1.7797820468e-04
295 8.2734409015e+00 1.7560301541e-04
296 8.2690789429e+00 1.7389335833e-04
297 8.2647849273e+00 1.7112749626e-04
298 8.2606672262e+00 1.6655403518e-04
299 8.2568829612e+00 1.6012903754e-04
300 8.2533421102e+00 1.5334840611e-04
301 8.2499150722e+00 1.4741953475e-04
302 8.2466094328e+00 1.4175513911e-04
303 8.2434011836e+00 1.3694260822e-04
304 8.2401226905e+00 1.3613049555e-04
305 8.2366299781e+00 1.3559572134e-04
306 8.2328990676e+00 1.3581649317e-04
307 8.2290408031e+00 1.3480242003e-04
308 8.2251037368e+00 1.3316666807e-04
309 8.2209895953e+00 1.3216362009e-04
310 8.2167702151e+00 1.3128796943e-04
311 8.2126362199e+00 1.3144034732e-04
312 8.2084555037e+00 1.3069229252e-04
313 8.2042892750e+00 1.2877458863e-04
314 8.2000966991e+00 1.2841809042e-04
315 8.1958916510e+00 1.2793786909e-04
316 8.1917684176e+00 1.2695338543e-04
317 8.1876631789e+00 1.2508758446e-04
318 8.1835727716e+00 1.2358846057e-04
319 8.1795660921e+00 1.2236307893e-04
320 8.1756805231e+00 1.2088369037e-04
321 8.1718669626e+00 1.1951738252e-04
322 8.1680927260e+00 1.1554358473e-04
323 8.1645136917e+00 1.1101511721e-04
324 8.1612830225e+00 1.0552214612e-04
325 8.1583287152e+00 1.0016684854e-04
326 8.1554317098e+00 9.9276451291e-05
327 8.1524728300e+00 1.0087861273e-04
328 8.1493936769e+00 1.0181146806e-04
329 8.1462638581e+00 9.9583563832e-05
330 8.1432197467e+00 9.6329717962e-05
331 8.1402377955e+00 9.3888071914e-05
332 8.1373342259e+00 9.3658520369e-05
333 8.1344498703e+00 9.2712308921e-05
334 8.1316347730e+00 9.0043234397e-05
335 8.1289102701e+00 8.8054150878e-05
336 8.1262434731e+00 8.7008831658e-05
337 8.1236632546e+00 8.4980101767e-05
338 8.1211857651e+00 8.3257441996e-05
339 8.1187161756e+00 8.2198856809e-05
340 8.1162565418e+00 8.2107284789e-05
341 8.1138225581e+00 8.1593362263e-05
342 8.1114451403e+00 8.0319895738e-05
343 8.1091025167e+00 7.9159612390e-05
344 8.1068083587e+00 7.7562898800e-05
345 8.1045683504e+00 7.6467947504e-05
346 8.1023752397e+00 7.5983127586e-05
347 8.1001085130e+00 7.6297699016e-05
348 8.0977676201e+00 7.5759780280e-05
349 8.0954214231e+00 7.5347369116e-05
350 8.0930257366e+00 7.4669306110e-05
351 8.0905480632e+00 7.4409056532e-05
352 8.0879672003e+00 7.4425526474e-05
353 8.0853596662e+00 7.3616999920e-05
354 8.0827719326e+00 7.3488570197e-05
355 8.0801161949e+00 7.1778478245e-05
356 8.0775134253e+00 6.9967279761e-05
357 8.0750233710e+00 6.7293800678e-05
358 8.0726816522e+00 6.4296232814e-05
359 8.0704436316e+00 6.1947140879e-05
360 8.0682512219e+00 6.0413256088e-05
361 8.0660537476e+00 6.0242819798e-05
362 8.0638594524e+00 5.9596895745e-05
363 8.0616147326e+00 6.0022638116e-05
364 8.0592429543e+00 6.0121169793e-05
365 8.0567499230e+00 6.0972028765e-05
366 8.0541581045e+00 6.1442802175e-05
367 8.0514776690e+00 6.1451361667e-05
368 8.0487229923e+00 6.1861521717e-05
369 8.0458144444e+00 6.2735251269e-05
370 8.0427176841e+00 6.4470015488e-05
371 8.0394570719e+00 6.5256817363e-05
372 8.0360135500e+00 6.6477379278e-05
373 8.0323855124e+00 6.7355162372e-05
374 8.0286396876e+00 6.7904266487e-05
375 8.0247473414e+00 6.8523861081e-05
376 8.0207343789e+00 6.9019129450e-05
377 8.0165682440e+00 6.9629260423e-05
378 8.0123140148e+00 7.0004788953e-05
379 8.0080802091e+00 7.0109911739e-05
380 8.0036930446e+00 7.1032049890e-05
381 7.9991064417e+00 7.2248640073e-05
382 7.9943502070e+00 7.3256643707e-05
383 7.9893999767e+00 7.4259110469e-05
384 7.9844033421e+00 7.4422921406e-05
385 7.9793087669e+00 7.4662806432e-05
386 7.9742164272e+00 7.3533919952e-05
387 7.9691843811e+00 7.3643857751e-05
388 7.9640556939e+00 7.4087377714e-05
389 7.9588650785e+00 7.4559563176e-05
390 7.9536265604e+00 7.3877448047e-05
391 7.9484451641e+00 7.2036081577e-05
392 7.9434723943e+00 7.1344849065e-05
393 7.9386702758e+00 7.0730309460e-05
394 7.9339354411e+00 6.9289445542e-05
395 7.9293332928e+00 6.8471824074e-05
396 7.9249440721e+00 6.7194211006e-05
397 7.9206204687e+00 6.6037644014e-05
398 7.9163447759e+00 6.4549798275e-05
399 7.9122071440e+00 6.3610676215e-05
400 7.9081749844e+00 6.2362018889e-05
401 7.9042495295e+00 6.1202789105e-05
402 7.9003554032e+00 6.0546228496e-05
403 7.8964135805e+00 6.0220429608e-05
404 7.8925051021e+00 6.0522779316e-05
405 7.8885661194e+00 6.0431116739e-05
406 7.8846583010e+00 5.9108087591e-05
407 7.8808904870e+00 5.7388718668e-05
408 7.8774602295e+00 5.3718428913e-05
409 7.8744146225e+00 5.0929044710e-05
410 7.8715285711e+00 4.9219024750e-05
411 7.8687338504e+00 4.9155923108e-05
412 7.8659387587e+00 4.8885048993e-05
413 7.8631932735e+00 4.8170761768e-05
414 7.8604287880e+00 4.8289236589e-05
415 7.8575677860e+00 4.8935615513e-05
416 7.8545239442e+00 5.0399436595e-05
417 7.8513038982e+00 5.1506380108e-05
418 7.8479107198e+00 5.1541406926e-05
419 7.8444672295e+00 5.1434246619e-05
420 7.8410700790e+00 5.0012985855e-05
421 7.8378476589e+00 4.8015111993e-05
422 7.8347850434e+00 4.6815670101e-05
423 7.8318116953e+00 4.6891448034e-05
424 7.8286842531e+00 4.7447309802e-05
425 7.8254797740e+00 4.7120538505e-05
426 7.8223668063e+00 4.5582336332e-05
427 7.8193987713e+00 4.4233057738e-05
428 7.8165831531e+00 4.2838413199e-05
429 7.8138541006e+00 4.2023582148e-05
430 7.8111684503e+00 4.1856918594e-05
431 7.8084639834e+00 4.1553619138e-05
432 7.8057554734e+00 4.0815985750e-05
433 7.8030763046e+00 3.9849554291e-05
434 7.8004083119e+00 3.9718455410e-05
435 7.7976732349e+00 4.0049285258e-05
436 7.7947977305e+00 4.0111755454e-05
437 7.7918400011e+00 4.0212719835e-05
438 7.7888112052e+00 4.0245931612e-05
439 7.7857145138e+00 4.0662879977e-05
440 7.7825136601e+00 4.0937855040e-05
441 7.7791906795e+00 4.0715839812e-05
442 7.7759212325e+00 4.0264797926e-05
443 7.7726568994e+00 4.0192601532e-05
444 7.7693761955e+00 3.9729134613e-05
445 7.7660364174e+00 3.9401195561e-05
446 7.7627681859e+00 3.8730316518e-05
447 7.7594942115e+00 3.9185759637e-05
448 7.7561196395e+00 3.9261117180e-05
449 7.7526332267e+00 3.9007112682e-05
450 7.7491374783e+00 3.8850031027e-05
451 7.7456796402e+00 3.8950751161e-05
452 7.7421582166e+00 3.8590616021e-05
453 7.7385493910e+00 3.8649235397e-05
454 7.7349034795e+00 3.8640000001e-05
455 7.7312006113e+00 3.8652998924e-05
456 7.7273056370e+00 3.9335027523e-05
457 7.7233232006e+00 3.9492483888e-05
458 7.7192131086e+00 3.9513616791e-05
459 7.7150748792e+00 3.9884295926e-05
460 7.7108596578e+00 3.9663598698e-05
461 7.7066287436e+00 4.0038475268e-05
462 7.7023123144e+00 4.0156192767e-05
463 7.6978777198e+00 3.9944128334e-05
464 7.6934345788e+00 4.0117604987e-05
465 7.6889795956e+00 4.0015424716e-05
466 7.6843362772e+00 4.0649505970e-05
467 7.6795665213e+00 4.0940746982e-05
468 7.6748057542e+00 4.1090728619e-05
469 7.6699622831e+00 4.1025987698e-05
470 7.6651212672e+00 4.0869121138e-05
471 7.6602879137e+00 4.0904228002e-05
472 7.6553650815e+00 4.1230758647e-05
473 7.6503000819e+00 4.2071509740e-05
474 7.6450331831e+00 4.2418886414e-05
475 7.6395464440e+00 4.2979567260e-05
476 7.6338636862e+00 4.3592447740e-05
477 7.6279550444e+00 4.4512785298e-05
478 7.6216845872e+00 4.5393169743e-05
479 7.6150495023e+00 4.6297605225e-05
480 7.6080978387e+00 4.6858055771e-05
481 7.6009891256e+00 4.7573387451e-05
482 7.5936641536e+00 4.8270715978e-05
483 7.5861335123e+00 4.8275058563e-05
484 7.5786048457e+00 4.8053593003e-05
485 7.5711194654e+00 4.7636508242e-05
486 7.5636427565e+00 4.7472704914e-05
487 7.5562826531e+00 4.7567355969e-05
488 7.5485675278e+00 4.8879853183e-05
489 7.5405602957e+00 4.9958814031e-05
490 7.5321653503e+00 5.0795306966e-05
491 7.5234153525e+00 5.0825787799e-05
492 7.5149255047e+00 5.0291520775e-05
493 7.5063840011e+00 5.0292377813e-05
494 7.4976579534e+00 5.1596608422e-05
495 7.4883205312e+00 5.3369622685e-05
496 7.4783361801e+00 5.4803962021e-05
497 7.4678348379e+00 5.5740216101e-05
498 7.4570146375e+00 5.6741788187e-05
499 7.4455748597e+00 5.8443277773e-05
500 7.4335882216e+00 5.8605697008e-05
501 7.4217346336e+00 5.8314191696e-05
502 7.4100224729e+00 5.7989436136e-05
503 7.3982988030e+00 5.7938228951e-05
504 7.3866085208e+00 5.7724118406e-05
505 7.3752289714e+00 5.6746632066e-05
506 7.3642849698e+00 5.6008837313e-05
507 7.3535334367e+00 5.5287177209e-05
508 7.3428971845e+00 5.4703852690e-05
509 7.3325314544e+00 5.3872369837e-05
510 7.3225625006e+00 5.3613214690e-05
511 7.3127764930e+00 5.3197785973e-05
512 7.3029790793e+00 5.2901127409e-05
513 7.2932636747e+00 5.2761431464e-05
514 7.2837512574e+00 5.2542528129e-05
515 7.2743531180e+00 5.2417922061e-05
516 7.2649399335e+00 5.3376810286e-05
517 7.2553821470e+00 5.3444580275e-05
518 7.2457536440e+00 5.3109077659e-05
519 7.2361629425e+00 5.3017792927e-05
520 7.2266182541e+00 5.2877715130e-05
521 7.2169202877e+00 5.3320392372e-05
522 7.2071303779e+00 5.3412386921e-05
523 7.1974129301e+00 5.3425569739e-05
524 7.1875639372e+00 5.3766528910e-05
525 7.1773914927e+00 5.4437774176e-05
526 7.1672364168e+00 5.5176516824e-05
527 7.1568365990e+00 5.4651343972e-05
528 7.1465961668e+00 5.4625551013e-05
529 7.1363466206e+00 5.5159587121e-05
530 7.1259187857e+00 5.6289996654e-05
531 7.1150533641e+00 5.7132490943e-05
532 7.1039519289e+00 5.8056334528e-05
533 7.0924773296e+00 5.9364838478e-05
534 7.0806005660e+00 5.9613082314e-05
535 7.0685476101e+00 6.0185139578e-05
536 7.0564674122e+00 6.0417702674e-05
537 7.0442906642e+00 6.0691390413e-05
538 7.0318568478e+00 6.0395012916e-05
539 7.0197071339e+00 6.0980400882e-05
540 7.0076351356e+00 6.1638522025e-05
541 6.9951996755e+00 6.2014852931e-05
542 6.9827672471e+00 6.2596282409e-05
543 6.9700967320e+00 6.2790659966e-05
544 6.9573611044e+00 6.3404063732e-05
545 6.9443114629e+00 6.4226467207e-05
546 6.9310058361e+00 6.4954445062e-05
547 6.9176432088e+00 6.4993846636e-05
548 6.9042216895e+00 6.5195581454e-05
549 6.8908641022e+00 6.5502965657e-05
550 6.8773850017e+00 6.5293342274e-05
551 6.8641569874e+00 6.4333402515e-05
552 6.8517164960e+00 6.2229791362e-05
553 6.8401553981e+00 5.9780778909e-05
554 6.8296304209e+00 5.6657052885e-05
555 6.8200428718e+00 5.4715572225e-05
556 6.8110077876e+00 5.3651597502e-05
557 6.8024115487e+00 5.2450067977e-05
558 6.7941685842e+00 5.2062190291e-05
559 6.7857103610e+00 5.2771186510e-05
560 6.7771350085e+00 5.3221792466e-05
561 6.7687143708e+00 5.2961239621e-05
562 6.7605846438e+00 5.1119950270e-05
563 6.7529547081e+00 4.9419043473e-05
564 6.7457528837e+00 4.8735658130e-05
565 6.7387276167e+00 4.8872771421e-05
566 6.7316143707e+00 4.9477179773e-05
567 6.7243984514e+00 4.9764376175e-05
568 6.7171284873e+00 4.8897961990e-05
569 6.7101283523e+00 4.7591085439e-05
570 6.7035791717e+00 4.5673802180e-05
571 6.6973509662e+00 4.5327389964e-05
572 6.6910945299e+00 4.5756366759e-05
573 6.6847690479e+00 4.6322569888e-05
574 6.6783629800e+00 4.5963452262e-05
575 6.6722340820e+00 4.4312737918e-05
576 6.6664459385e+00 4.3151174431e-05
577 6.6609286510e+00 4.2422373389e-05
578 6.6555336468e+00 4.2284382125e-05
579 6.6501691653e+00 4.1672938042e-05
580 6.6449895592e+00 4.0722734656e-05
581 6.6399953541e+00 4.0506578545e-05
582 6.6350761370e+00 4.0729384280e-05
583 6.6300347232e+00 4.0648659748e-05
584 6.6251054140e+00 3.9782444514e-05
585 6.6203801904e+00 3.9026430406e-05
586 6.6157883565e+00 3.9105133128e-05
587 6.6111590955e+00 3.9298208164e-05
588 6.6065049379e+00 3.8835181790e-05
589 6.6019323167e+00 3.8583989805e-05
590 6.5973914859e+00 3.9085698745e-05
591 6.5927243602e+00 3.9405074827e-05
592 6.5879803319e+00 3.9195727513e-05
593 6.5832310097e+00 3.9484951182e-05
594 6.5784435028e+00 3.9867607772e-05
595 6.5735456768e+00 4.0350178032e-05
596 6.5685599746e+00 4.0199114328e-05
597 6.5636047191e+00 4.0042981998e-05
598 6.5586266846e+00 4.0226858727e-05
599 6.5536161039e+00 4.0218345548e-05
600 6.5486103031e+00 4.0204891538e-05
601 6.5435524850e+00 4.0023335132e-05
602 6.5385762880e+00 3.9934796208e-05
603 6.5336002524e+00 4.0198894608e-05
604 6.5286205190e+00 3.9678907983e-05
605 6.5238332364e+00 3.9434803668e-05
606 6.5190918066e+00 3.9236479450e-05
607 6.5144402358e+00 3.8952643092e-05
608 6.5097568291e+00 3.8589900824e-05
609 6.5050805735e+00 3.8507163370e-05
610 6.5004229309e+00 3.8183049859e-05
611 6.4958794794e+00 3.7448962734e-05
612 6.4915513061e+00 3.6890429191e-05
613 6.4873360383e+00 3.6135582086e-05
614 6.4832013081e+00 3.5874525900e-05
615 6.4792019467e+00 3.5180425497e-05
616 6.4753637445e+00 3.4646413790e-05
617 6.4716013706e+00 3.3907062538e-05
618 6.4679269470e+00 3.3219535798e-05
619 6.4643684425e+00 3.2841184142e-05
620 6.4608772249e+00 3.2655676983e-05
621 6.4574326725e+00 3.2359735461e-05
622 6.4540091249e+00 3.2248763796e-05
623 6.4506235141e+00 3.2310515064e-05
624 6.4472169047e+00 3.2340469641e-05
625 6.4438734626e+00 3.2214109383e-05
626 6.4405354770e+00 3.1967170999e-05
627 6.4371040864e+00 3.2230674593e-05
628 6.4336589532e+00 3.2365487887e-05
629 6.4301487195e+00 3.2387157929e-05
630 6.4265919439e+00 3.1949584795e-05
631 6.4230105953e+00 3.1942377328e-05
632 6.4194965307e+00 3.1886121809e-05
633 6.4160062227e+00 3.1636060210e-05
634 6.4125458622e+00 3.1300169175e-05
635 6.4091607149e+00 3.1084627722e-05
636 6.4057976796e+00 3.1078003832e-05
637 6.4024790371e+00 3.1079977324e-05
638 6.3990777384e+00 3.1659659424e-05
639 6.3954793110e+00 3.2250786337e-05
640 6.3916687790e+00 3.3351314411e-05
641 6.3876154857e+00 3.4036662645e-05
642 6.3834359212e+00 3.4723172649e-05
643 6.3791348914e+00 3.4634492400e-05
644 6.3747793724e+00 3.5162118537e-05
645 6.3703607577e+00 3.5546093125e-05
646 6.3658520099e+00 3.5899065359e-05
647 6.3612126715e+00 3.6121184417e-05
648 6.3565402283e+00 3.6328151604e-05
649 6.3518191800e+00 3.6865311166e-05
650 6.3469451252e+00 3.7183716904e-05
651 6.3420863524e+00 3.7279620159e-05
652 6.3371545351e+00 3.6914062486e-05
653 6.3323495891e+00 3.6212263986e-05
654 6.3278305018e+00 3.5209229293e-05
655 6.3235194209e+00 3.4848200978e-05
656 6.3192385187e+00 3.4920152427e-05
657 6.3149115657e+00 3.4905519501e-05
658 6.3106189924e+00 3.4836589627e-05
659 6.3063410915e+00 3.4275303177e-05
660 6.3021719984e+00 3.4229496618e-05
661 6.2980919249e+00 3.3919287679e-05
662 6.2940287750e+00 3.3851793311e-05
663 6.2899775395e+00 3.3525741262e-05
664 6.2860491264e+00 3.3188228738e-05
665 6.2821724098e+00 3.2863469570e-05
666 6.2784039122e+00 3.2665432476e-05
667 6.2746387237e+00 3.2336376835e-05
668 6.2709562552e+00 3.1674196272e-05
669 6.2673850161e+00 3.1528567991e-05
670 6.2638437818e+00 3.1286196638e-05
671 6.2604595401e+00 3.0459959032e-05
672 6.2571650355e+00 2.9881680652e-05
673 6.2540031340e+00 2.9436024471e-05
674 6.2509599902e+00 2.8960473329e-05
675 6.2479277908e+00 2.8719778595e-05
676 6.2449941499e+00 2.8154539968e-05
677 6.2421193729e+00 2.7958107877e-05
678 6.2392792718e+00 2.7672810945e-05
679 6.2364640983e+00 2.7273779049e-05
680 6.2337271983e+00 2.7178743571e-05
681 6.2310470732e+00 2.6609770747e-05
682 6.2284013467e+00 2.6508321498e-05
683 6.2257613691e+00 2.6603344734e-05
684 6.2231802674e+00 2.6289754428e-05
685 6.2206525726e+00 2.5830851340e-05
686 6.2181928643e+00 2.5723055486e-05
687 6.2157417157e+00 2.5532987885e-05
688 6.2132959429e+00 2.5594133753e-05
689 6.2108064715e+00 2.5725922470e-05
690 6.2082189614e+00 2.6230000862e-05
691 6.2055002690e+00 2.7063166858e-05
692 6.2025955898e+00 2.7868768875e-05
693 6.1995027216e+00 2.8565496498e-05
694 6.1962897819e+00 2.8619629011e-05
695 6.1930928272e+00 2.8471732428e-05
696 6.1899317110e+00 2.7861926265e-05
697 6.1869109614e+00 2.7431151889e-05
698 6.1840035447e+00 2.7067467828e-05
699 6.1811287349e+00 2.7089448483e-05
700 6.1782474671e+00 2.7231492565e-05
701 6.1753282185e+00 2.7247027994e-05
702 6.1723461070e+00 2.7444721024e-05
703 6.1693825677e+00 2.7356202136e-05
704 6.1665010405e+00 2.6624723084e-05
705 6.1637820927e+00 2.5729443412e-05
706 6.1612349404e+00 2.5133217786e-05
707 6.1587215055e+00 2.5003536697e-05
708 6.1561911898e+00 2.5136600030e-05
709 6.1536808395e+00 2.5000525346e-05
710 6.1512411761e+00 2.4540076727e-05
711 6.1488642162e+00 2.3836145978e-05
712 6.1465725788e+00 2.3686009315e-05
713 6.1443010629e+00 2.3655253330e-05
714 6.1419960441e+00 2.3639133031e-05
715 6.1396727107e+00 2.3490742310e-05
716 6.1374175646e+00 2.2899005762e-05
717 6.1352747444e+00 2.2305190050e-05
718 6.1331992685e+00 2.2134759859e-05
719 6.1311167636e+00 2.1953474944e-05
720 6.1290980171e+00 2.1751529676e-05
721 6.1271092878e+00 2.1519549828e-05
722 6.1251572245e+00 2.1385267390e-05
723 6.1231867894e+00 2.1583324946e-05
724 6.1211361481e+00 2.1674047313e-05
725 6.1190581870e+00 2.1758212292e-05
726 6.1169569346e+00 2.2019657779e-05
727 6.1148035960e+00 2.2251120401e-05
728 6.1126167662e+00 2.2456985041e-05
729 6.1103628685e+00 2.2963452032e-05
730 6.1080216748e+00 2.2898454915e-05
731 6.1056571204e+00 2.3263718627e-05
732 6.1031578025e+00 2.3843095400e-05
733 6.1005267987e+00 2.4566981586e-05
734 6.0977415508e+00 2.5318832724e-05
735 6.0948365844e+00 2.5944288103e-05
736 6.0917923572e+00 2.6529001081e-05
737 6.0885360891e+00 2.7263292292e-05
738 6.0851622333e+00 2.7590723086e-05
739 6.0816943149e+00 2.7628703284e-05
740 6.0781359160e+00 2.7930142192e-05
741 6.0744690361e+00 2.8570321528e-05
742 6.0707169256e+00 2.8783592934e-05
743 6.0669258122e+00 2.8860598432e-05
744 6.0631032160e+00 2.8957082306e-05
745 6.0591573678e+00 2.9366878874e-05
746 6.0551316199e+00 2.9833532548e-05
747 6.0511124011e+00 2.9482985027e-05
748 6.0470976201e+00 2.9639736086e-05
749 6.0430489308e+00 3.0242249751e-05
750 6.0387067781e+00 3.0873574110e-05
751 6.0342343114e+00 3.1334492220e-05
752 6.0296881623e+00 3.1502914835e-05
753 6.0250258507e+00 3.2081158260e-05
754 6.0202390310e+00 3.2313105690e-05
755 6.0153612967e+00 3.2584240235e-05
756 6.0105682355e+00 3.2556563506e-05
757 6.0057133596e+00 3.2621337911e-05
758 6.0007780227e+00 3.2623567398e-05
759 5.9959070130e+00 3.2426533384e-05
760 5.9911173682e+00 3.2554725007e-05
761 5.9863395374e+00 3.2226093413e-05
762 5.9814931387e+00 3.2199964639e-05
763 5.9768347348e+00 3.1599926273e-05
764 5.9722948522e+00 3.1015485953e-05
765 5.9679229907e+00 3.0527252191e-05
766 5.9637714626e+00 2.9812330012e-05
767 5.9597534779e+00 2.9628308196e-05
768 5.9557936162e+00 2.9301801356e-05
769 5.9518650389e+00 2.9367839500e-05
770 5.9479435595e+00 2.9403574244e-05
771 5.9439999692e+00 2.9374385459e-05
772 5.9400153169e+00 2.9519936768e-05
773 5.9360472202e+00 2.9217226998e-05
774 5.9321299925e+00 2.9153313403e-05
775 5.9282226806e+00 2.9136507214e-05
776 5.9243444414e+00 2.8858762949e-05
777 5.9205889649e+00 2.8364014689e-05
778 5.9169316965e+00 2.8099173982e-05
779 5.9133918070e+00 2.7838999923e-05
780 5.9099573801e+00 2.7314758882e-05
781 5.9066056320e+00 2.7031002539e-05
782 5.9032972350e+00 2.6879828362e-05
783 5.9000503561e+00 2.6774557884e-05
784 5.8967902108e+00 2.6869102822e-05
785 5.8934674374e+00 2.6907349108e-05
786 5.8901476957e+00 2.6892891552e-05
787 5.8868144158e+00 2.6834424607e-05
788 5.8834753037e+00 2.7078673467e-05
789 5.8800655203e+00 2.7492279686e-05
790 5.8765373595e+00 2.7600288200e-05
791 5.8730364307e+00 2.7500160067e-05
792 5.8695330240e+00 2.7164286280e-05
793 5.8660661068e+00 2.7274108239e-05
794 5.8625712150e+00 2.7229194173e-05
795 5.8590827840e+00 2.7268295595e-05
796 5.8555471347e+00 2.7462680988e-05
797 5.8520006884e+00 2.7380796378e-05
798 5.8484305935e+00 2.7519020812e-05
799 5.8448107508e+00 2.7677384997e-05
800 5.8411890690e+00 2.7669965483e-05
801 5.8375356593e+00 2.7970139620e-05
802 5.8338285390e+00 2.7974454723e-05
803 5.8301051427e+00 2.7902845286e-05
804 5.8264470601e+00 2.7952491433e-05
805 5.8227933843e+00 2.7679415888e-05
806 5.8191765266e+00 2.7667873149e-05
807 5.8156078501e+00 2.7398144851e-05
808 5.8120352367e+00 2.7367361357e-05
809 5.8085028410e+00 2.7534077040e-05
810 5.8049519435e+00 2.7425167727e-05
811 5.8013366163e+00 2.7204213997e-05
812 5.7977813204e+00 2.7098191452e-05
813 5.7942889393e+00 2.6986052980e-05
814 5.7908429552e+00 2.6673103931e-05
815 5.7874759090e+00 2.6135183588e-05
816 5.7842233808e+00 2.5464394309e-05
817 5.7811245506e+00 2.5266842503e-05
818 5.7780802896e+00 2.5392157192e-05
819 5.7749572714e+00 2.5555466231e-05
820 5.7717378185e+00 2.5486083209e-05
821 5.7685595263e+00 2.5312353259e-05
822 5.7654193899e+00 2.5428590377e-05
823 5.7623133817e+00 2.5454978863e-05
824 5.7592122559e+00 2.5582565195e-05
825 5.7560857730e+00 2.5479805080e-05
826 5.7529929737e+00 2.5276357542e-05
827 5.7499231339e+00 2.4959134959e-05
828 5.7469384864e+00 2.4730288294e-05
829 5.7439783176e+00 2.4200941371e-05
830 5.7411482760e+00 2.3639424386e-05
831 5.7384650666e+00 2.2940550891e-05
832 5.7359044746e+00 2.2581340110e-05
833 5.7334238627e+00 2.2299702109e-05
834 5.7309204756e+00 2.2340139317e-05
835 5.7284326990e+00 2.2522381543e-05
836 5.7259404485e+00 2.2805959874e-05
837 5.7233568434e+00 2.2869542875e-05
838 5.7207679594e+00 2.2760560659e-05
839 5.7181999269e+00 2.2641776647e-05
840 5.7156350229e+00 2.2648781879e-05
841 5.7130260695e+00 2.2812205900e-05
842 5.7103208398e+00 2.3214736471e-05
843 5.7074826691e+00 2.3833915734e-05
844 5.7045482059e+00 2.4415697463e-05
845 5.7015049275e+00 2.4478181227e-05
846 5.6984351493e+00 2.4717393555e-05
847 5.6953658577e+00 2.4975120426e-05
848 5.6921880758e+00 2.5402476777e-05
849 5.6889540182e+00 2.5484530290e-05
850 5.6856760925e+00 2.5569952198e-05
851 5.6823320573e+00 2.5737893151e-05
852 5.6789867704e+00 2.5620013257e-05
853 5.6756689569e+00 2.5418887824e-05
854 5.6724317805e+00 2.5149482798e-05
855 5.6692279185e+00 2.5415362307e-05
856 5.6659113287e+00 2.5639591983e-05
857 5.6625250826e+00 2.5712778789e-05
858 5.6591488460e+00 2.5737530297e-05
859 5.6557278156e+00 2.5775308662e-05
860 5.6522919184e+00 2.5767983141e-05
861 5.6488851252e+00 2.5920241499e-05
862 5.6454695910e+00 2.5790081665e-05
863 5.6420704919e+00 2.5477139985e-05
864 5.6387308792e+00 2.5205151592e-05
865 5.6354695289e+00 2.5122421952e-05
866 5.6321691068e+00 2.5396575921e-05
867 5.6287753987e+00 2.5646747918e-05
868 5.6253506250e+00 2.5482902203e-05
869 5.6219720021e+00 2.5248042698e-05
870 5.6186973579e+00 2.4965277464e-05
871 5.6154191466e+00 2.5115141583e-05
872 5.6120498692e+00 2.5621502639e-05
873 5.6086252819e+00 2.5665082462e-05
874 5.6052046962e+00 2.5465726221e-05
875 5.6017827240e+00 2.5733922480e-05
876 5.5982521180e+00 2.5864554378e-05
877 5.5947127651e+00 2.5996286508e-05
878 5.5911887507e+00 2.6058833292e-05
879 5.5876930265e+00 2.5984120524e-05
880 5.5841598438e+00 2.6037506629e-05
881 5.5806148205e+00 2.6058807253e-05
882 5.5771073717e+00 2.6064610814e-05
883 5.5735806349e+00 2.6241153973e-05
884 5.5700160612e+00 2.6390891406e-05
885 5.5664463934e+00 2.6577273845e-05
886 5.5628456511e+00 2.6440088646e-05
887 5.5592645198e+00 2.6242858682e-05
888 5.5557313885e+00 2.6433977520e-05
889 5.5521354838e+00 2.6483528958e-05
890 5.5485971608e+00 2.6442666947e-05
891 5.5450928349e+00 2.6282928140e-05
892 5.5415673837e+00 2.5844188828e-05
893 5.5380953545e+00 2.5973192317e-05
894 5.5346453693e+00 2.5783170727e-05
895 5.5312415017e+00 2.5777514627e-05
896 5.5278481306e+00 2.5819557070e-05
897 5.5244368431e+00 2.5728519975e-05
898 5.5210325701e+00 2.5560850089e-05
899 5.5177164377e+00 2.4981885379e-05
900 5.5145316147e+00 2.4317811939e-05
901 5.5115555135e+00 2.3796587458e-05
902 5.5087174512e+00 2.3270913301e-05
903 5.5059763508e+00 2.2763337787e-05
904 5.5033406706e+00 2.2182073831e-05
905 5.5008840325e+00 2.1725467394e-05
906 5.4985551025e+00 2.1196887992e-05
907 5.4962924075e+00 2.0855716348e-05
908 5.4940787785e+00 2.0752714976e-05
909 5.4919095701e+00 2.0233482948e-05
910 5.4898424046e+00 2.0005520544e-05
911 5.4878599584e+00 1.9629951500e-05
912 5.4859086508e+00 1.9535643916e-05
913 5.4839599389e+00 1.9418570818e-05
914 5.4820458999e+00 1.9371547743e-05
915 5.4801207698e+00 1.9536822782e-05
916 5.4781158251e+00 2.0042413135e-05
917 5.4760590454e+00 2.0269673776e-05
918 5.4739356938e+00 2.0116662607e-05
919 5.4717980018e+00 2.0340525647e-05
920 5.4696211225e+00 2.0473195926e-05
921 5.4674019052e+00 2.0620406187e-05
922 5.4651417977e+00 2.0789349926e-05
923 5.4628879995e+00 2.0802498717e-05
924 5.4606325120e+00 2.0893106883e-05
925 5.4582982420e+00 2.1121262901e-05
926 5.4559341012e+00 2.1146267032e-05
927 5.4535549607e+00 2.1199545902e-05
928 5.4512015332e+00 2.1316153995e-05
929 5.4487758544e+00 2.1573901416e-05
930 5.4462633027e+00 2.1963530255e-05
931 5.4436837104e+00 2.2122702438e-05
932 5.4410888355e+00 2.2193843239e-05
933 5.4384819604e+00 2.2362777957e-05
934 5.4357987361e+00 2.2465749591e-05
935 5.4331260542e+00 2.2294016819e-05
936 5.4304943023e+00 2.2205178823e-05
937 5.4279593958e+00 2.1773142584e-05
938 5.4254429243e+00 2.1649513864e-05
939 5.4229445478e+00 2.1665909080e-05
940 5.4205062539e+00 2.1470708250e-05
941 5.4181112054e+00 2.1299767509e-05
942 5.4157326502e+00 2.1189611164e-05
943 5.4133786451e+00 2.1167311786e-05
944 5.4110609350e+00 2.0817966324e-05
945 5.4087843694e+00 2.0324755757e-05
946 5.4066022127e+00 2.0225384891e-05
947 5.4044412287e+00 1.9879812741e-05
948 5.4023437414e+00 1.9630883337e-05
949 5.4003420180e+00 1.9367571415e-05
950 5.3983786538e+00 1.9192239191e-05
951 5.3964368295e+00 1.9009303990e-05
952 5.3945536836e+00 1.8957563439e-05
953 5.3926941194e+00 1.8759544930e-05
954 5.3908480994e+00 1.8638361382e-05
955 5.3890050683e+00 1.8502101502e-05
956 5.3871903850e+00 1.8484673564e-05
957 5.3853808580e+00 1.8432043348e-05
958 5.3835739041e+00 1.8372296551e-05
959 5.3817677011e+00 1.8333834256e-05
960 5.3799503465e+00 1.8273486348e-05
961 5.3781858207e+00 1.8224732019e-05
962 5.3764235604e+00 1.8078383018e-05
963 5.3746506445e+00 1.8025899879e-05
964 5.3729012400e+00 1.8070818677e-05
965 5.3711575894e+00 1.8114445473e-05
966 5.3693979634e+00 1.8330796014e-05
967 5.3675949896e+00 1.8581158881e-05
968 5.3657187098e+00 1.8794470889e-05
969 5.3637716159e+00 1.9095672027e-05
970 5.3617826552e+00 1.9244966979e-05
971 5.3597580317e+00 1.9130838771e-05
972 5.3577367734e+00 1.9192796226e-05
973 5.3557261913e+00 1.8962782747e-05
974 5.3537533952e+00 1.8687032318e-05
975 5.3518177556e+00 1.8478272858e-05
976 5.3499235372e+00 1.8330666017e-05
977 5.3480500990e+00 1.8285677726e-05
978 5.3461555337e+00 1.8403846792e-05
979 5.3442634091e+00 1.8458531659e-05
980 5.3423529252e+00 1.8377791239e-05
981 5.3404340598e+00 1.8191338985e-05
982 5.3385640759e+00 1.8079508485e-05
983 5.3366938283e+00 1.8089677201e-05
984 5.3348002205e+00 1.8323933774e-05
985 5.3328430384e+00 1.8660648840e-05
986 5.3308081333e+00 1.9093858114e-05
987 5.3287014842e+00 1.9182855324e-05
988 5.3266339917e+00 1.8845098577e-05
989 5.3246098415e+00 1.8398374371e-05
990 5.3226260304e+00 1.8492669669e-05
991 5.3206479569e+00 1.8802283952e-05
992 5.3186234762e+00 1.8749129049e-05
993 5.3165901873e+00 1.8576076909e-05
994 5.3145791604e+00 1.8260013402e-05
995 5.3126811835e+00 1.7818060471e-05
996 5.3108421118e+00 1.7823649661e-05
997 5.3090267053e+00 1.7708073815e-05
998 5.3072021846e+00 1.7726557534e-05
999 5.3053572510e+00 1.7607492485e-05
1000 5.3035316772e+00 1.7629596510e-05
1001 5.3017170995e+00 1.7570671299e-05
1002 5.2998982374e+00 1.7578205825e-05
1003 5.2980641462e+00 1.7659251141e-05
1004 5.2962291709e+00 1.7746635476e-05
1005 5.2944112899e+00 1.7480062209e-05
1006 5.2925934158e+00 1.7402265819e-05
1007 5.2907765557e+00 1.7333554944e-05
1008 5.2889439528e+00 1.7584125725e-05
1009 5.2871056464e+00 1.7569710798e-05
1010 5.2852643540e+00 1.7392671326e-05
1011 5.2834537706e+00 1.7068040938e-05
1012 5.2817167021e+00 1.6950540604e-05
1013 5.2799858685e+00 1.6970187251e-05
1014 5.2782155499e+00 1.7251950175e-05
1015 5.2764033578e+00 1.7386853005e-05
1016 5.2745556035e+00 1.7485323156e-05
1017 5.2726745837e+00 1.7648885614e-05
1018 5.2707495038e+00 1.7896077639e-05
1019 5.2687729595e+00 1.7846230517e-05
1020 5.2668126428e+00 1.7964394586e-05
1021 5.2648316462e+00 1.8176230351e-05
1022 5.2628096471e+00 1.8230866191e-05
1023 5.2607692897e+00 1.8181694042e-05
1024 5.2587548398e+00 1.7995289854e-05
1025 5.2567801738e+00 1.7825178289e-05
1026 5.2548028962e+00 1.7905665498e-05
1027 5.2527752042e+00 1.7983972926e-05
1028 5.2507664176e+00 1.7895753525e-05
1029 5.2487861106e+00 1.7700862058e-05
1030 5.2468910043e+00 1.7415186384e-05
1031 5.2450363483e+00 1.7209165755e-05
1032 5.2431920016e+00 1.7102883849e-05
1033 5.2413812370e+00 1.6956919685e-05
1034 5.2396178963e+00 1.6835139721e-05
1035 5.2378516014e+00 1.6749613139e-05
1036 5.2361000139e+00 1.6740744138e-05
1037 5.2343638331e+00 1.6540804684e-05
1038 5.2326666355e+00 1.6322880168e-05
1039 5.2310062044e+00 1.6159904206e-05
1040 5.2293231263e+00 1.6264849821e-05
1041 5.2276428333e+00 1.6231856988e-05
1042 5.2259717980e+00 1.6189403947e-05
1043 5.2242790937e+00 1.6367191492e-05
1044 5.2225528703e+00 1.6408225225e-05
1045 5.2207726408e+00 1.6598837470e-05
1046 5.2189574697e+00 1.6783152788e-05
1047 5.2170934064e+00 1.7132403474e-05
1048 5.2151178092e+00 1.7482516421e-05
1049 5.2130952134e+00 1.7533200124e-05
1050 5.2110560060e+00 1.7506658369e-05
1051 5.2090049334e+00 1.7531791115e-05
1052 5.2069751116e+00 1.7353505289e-05
1053 5.2049454964e+00 1.7211783637e-05
1054 5.2029694319e+00 1.7049450340e-05
1055 5.2010367618e+00 1.7042788776e-05
1056 5.1990732472e+00 1.7120361753e-05
1057 5.1970815728e+00 1.7223564689e-05
1058 5.1951056037e+00 1.7381492598e-05
1059 5.1930882095e+00 1.7300627964e-05
1060 5.1910623861e+00 1.7229385393e-05
1061 5.1890816398e+00 1.7042429293e-05
1062 5.1871341373e+00 1.6872185149e-05
1063 5.1852239733e+00 1.6915959677e-05
1064 5.1832632290e+00 1.7090701396e-05
1065 5.1812108012e+00 1.7447942364e-05
1066 5.1791048737e+00 1.7579830402e-05
1067 5.1769407716e+00 1.7581936677e-05
1068 5.1748008485e+00 1.7713117080e-05
1069 5.1726348230e+00 1.7798668630e-05
1070 5.1704003438e+00 1.8094559841e-05
1071 5.1681780507e+00 1.8196369091e-05
1072 5.1659296968e+00 1.8103137042e-05
1073 5.1636729216e+00 1.8360756975e-05
1074 5.1613406773e+00 1.8598698433e-05
1075 5.1589196180e+00 1.8730227020e-05
1076 5.1564423907e+00 1.8903891342e-05
1077 5.1539427905e+00 1.9150181376e-05
1078 5.1513433368e+00 1.9472538348e-05
1079 5.1486537862e+00 1.9697194203e-05
1080 5.1459499263e+00 1.9696633883e-05
1081 5.1432700440e+00 1.9669215596e-05
1082 5.1405877925e+00 1.9604969906e-05
1083 5.1379402129e+00 1.9702641146e-05
1084 5.1352857289e+00 1.9753420540e-05
1085 5.1325848632e+00 1.9730091018e-05
1086 5.1299307975e+00 1.9758438811e-05
1087 5.1272749840e+00 1.9683493570e-05
1088 5.1246325902e+00 1.9632105071e-05
1089 5.1220252142e+00 1.9425531478e-05
1090 5.1194210423e+00 1.9535479753e-05
1091 5.1167527657e+00 1.9556569153e-05
1092 5.1140938377e+00 1.9429303868e-05
1093 5.1115084288e+00 1.9271139118e-05
1094 5.1089633552e+00 1.9269672808e-05
1095 5.1063881141e+00 1.9119721155e-05
1096 5.1038547333e+00 1.8913284824e-05
1097 5.1013483119e+00 1.8821076482e-05
1098 5.0988707490e+00 1.8696072235e-05
1099 5.0963954028e+00 1.8527947586e-05
1100 5.0939757487e+00 1.8244344046e-05
1101 5.0916153453e+00 1.8240299732e-05
1102 5.0892955255e+00 1.7968910055e-05
1103 5.0869945353e+00 1.7925827051e-05
1104 5.0847473427e+00 1.7619265341e-05
1105 5.0825719595e+00 1.7512716082e-05
1106 5.0804481057e+00 1.7210496856e-05
1107 5.0783584020e+00 1.7131299543e-05
1108 5.0762901136e+00 1.7165617087e-05
1109 5.0742260600e+00 1.7285120382e-05
1110 5.0721000676e+00 1.7554621890e-05
1111 5.0698774141e+00 1.7920781720e-05
1112 5.0675513910e+00 1.8137181355e-05
1113 5.0651700556e+00 1.8324663393e-05
1114 5.0627943243e+00 1.8188691179e-05
1115 5.0604655038e+00 1.7994936217e-05
1116 5.0581698501e+00 1.8018929288e-05
1117 5.0558655510e+00 1.8148072879e-05
1118 5.0535063094e+00 1.8253352137e-05
1119 5.0510870718e+00 1.8399816634e-05
1120 5.0486333596e+00 1.8385949735e-05
1121 5.0461572836e+00 1.8396545448e-05
1122 5.0437341659e+00 1.8204472327e-05
1123 5.0414075729e+00 1.7822805373e-05
1124 5.0391284543e+00 1.7574927192e-05
1125 5.0368961144e+00 1.7446354383e-05
1126 5.0346942374e+00 1.7451198913e-05
1127 5.0325151172e+00 1.7271149356e-05
1128 5.0303415722e+00 1.7123593691e-05
1129 5.0281906976e+00 1.7201939480e-05
1130 5.0260911535e+00 1.6965531680e-05
1131 5.0240062226e+00 1.7065473238e-05
1132 5.0219004109e+00 1.7173192220e-05
1133 5.0197049050e+00 1.7430849783e-05
1134 5.0174562058e+00 1.7687196784e-05
1135 5.0151557101e+00 1.7809123888e-05
1136 5.0128910669e+00 1.7541302340e-05
1137 5.0106926714e+00 1.7462974365e-05
1138 5.0085323230e+00 1.7405472265e-05
1139 5.0063428823e+00 1.7483095785e-05
1140 5.0041278640e+00 1.7547802246e-05
1141 5.0018593912e+00 1.7786474839e-05
1142 4.9995747804e+00 1.7668440631e-05
1143 4.9973121827e+00 1.7649031843e-05
1144 4.9950632767e+00 1.7718787179e-05
1145 4.9928397607e+00 1.7579751573e-05
1146 4.9905996062e+00 1.7539921259e-05
1147 4.9884024342e+00 1.7612506192e-05
1148 4.9861662366e+00 1.7533260333e-05
1149 4.9839520929e+00 1.7535616305e-05
1150 4.9817607692e+00 1.7491095075e-05
1151 4.9795696529e+00 1.7472866820e-05
1152 4.9773894933e+00 1.7402431455e-05
1153 4.9752084314e+00 1.7414279602e-05
1154 4.9730254033e+00 1.7254726585e-05
1155 4.9708465735e+00 1.7381457458e-05
1156 4.9686962839e+00 1.7300346030e-05
1157 4.9665401414e+00 1.7155030647e-05
1158 4.9644168529e+00 1.7285344960e-05
1159 4.9623062937e+00 1.7138671335e-05
1160 4.9602008668e+00 1.7243936412e-05
1161 4.9580608162e+00 1.7300876348e-05
1162 4.9559043443e+00 1.7360142270e-05
1163 4.9537417577e+00 1.7130622519e-05
1164 4.9516038220e+00 1.7127433598e-05
1165 4.9494480467e+00 1.7251114681e-05
1166 4.9472417397e+00 1.7574076260e-05
1167 4.9450154174e+00 1.7597955577e-05
1168 4.9428431123e+00 1.7448340031e-05
1169 4.9407220951e+00 1.7504871485e-05
1170 4.9385311386e+00 1.7698972497e-05
1171 4.9363264135e+00 1.7781079495e-05
1172 4.9341062171e+00 1.7723927592e-05
1173 4.9318581254e+00 1.7873699805e-05
1174 4.9296175982e+00 1.7733162578e-05
1175 4.9273346794e+00 1.7757372753e-05
1176 4.9251004722e+00 1.7691242604e-05
1177 4.9228454610e+00 1.7907070974e-05
1178 4.9205381188e+00 1.7936534335e-05
1179 4.9182405922e+00 1.7714478029e-05
1180 4.9160407174e+00 1.7287885326e-05
1181 4.9139276207e+00 1.7055889887e-05
1182 4.9118503378e+00 1.6753212536e-05
1183 4.9098553722e+00 1.6512304061e-05
1184 4.9079611823e+00 1.5958525065e-05
1185 4.9061655115e+00 1.5406895519e-05
1186 4.9044723468e+00 1.5142780387e-05
1187 4.9028489476e+00 1.4966090427e-05
1188 4.9012615649e+00 1.4744447991e-05
1189 4.8997430809e+00 1.4578687033e-05
1190 4.8982465249e+00 1.4596172638e-05
1191 4.8967493593e+00 1.4450161885e-05
1192 4.8952252319e+00 1.4493124584e-05
1193 4.8937001183e+00 1.4577493003e-05
1194 4.8921741698e+00 1.4547511158e-05
1195 4.8906346671e+00 1.4376598910e-05
1196 4.8891073031e+00 1.4450828217e-05
1197 4.8875785672e+00 1.4405925731e-05
1198 4.8860645833e+00 1.4502098078e-05
1199 4.8845611211e+00 1.4529196058e-05
1200 4.8830439393e+00 1.4481574866e-05
1201 4.8815274775e+00 1.4536897355e-05
1202 4.8800049902e+00 1.4577844779e-05
1203 4.8784465316e+00 1.4546592989e-05
1204 4.8768577829e+00 1.4697156779e-05
1205 4.8752602715e+00 1.4851362248e-05
1206 4.8736494386e+00 1.5094585776e-05
1207 4.8719951925e+00 1.5142556495e-05
1208 4.8703296220e+00 1.5178203730e-05
1209 4.8686518775e+00 1.5107207011e-05
1210 4.8669957783e+00 1.5118705570e-05
1211 4.8653210183e+00 1.5123614484e-05
1212 4.8636587391e+00 1.5234349375e-05
1213 4.8619838954e+00 1.5110196129e-05
1214 4.8603101979e+00 1.5107216945e-05
1215 4.8586699716e+00 1.5004525284e-05
1216 4.8570281282e+00 1.4869857407e-05
1217 4.8553908065e+00 1.4723599673e-05
1218 4.8537545001e+00 1.4853802971e-05
1219 4.8520937246e+00 1.4873919276e-05
1220 4.8504228347e+00 1.4959306510e-05
1221 4.8487430301e+00 1.4914177217e-05
1222 4.8470736180e+00 1.4688382910e-05
1223 4.8454699831e+00 1.4468068405e-05
1224 4.8439103188e+00 1.4338982515e-05
1225 4.8423250217e+00 1.4466259818e-05
1226 4.8407070214e+00 1.4693737747e-05
1227 4.8390590554e+00 1.4871595318e-05
1228 4.8374012598e+00 1.4815846173e-05
1229 4.8357605824e+00 1.4602604446e-05
1230 4.8341523764e+00 1.4457601000e-05
1231 4.8325760652e+00 1.4373537842e-05
1232 4.8310064848e+00 1.4288121407e-05
1233 4.8294510674e+00 1.4196406671e-05
1234 4.8279025166e+00 1.4221281307e-05
1235 4.8263722882e+00 1.4188211858e-05
1236 4.8248496309e+00 1.4168078994e-05
1237 4.8233517859e+00 1.3966652015e-05
1238 4.8218614757e+00 1.3809244225e-05
1239 4.8204011207e+00 1.3836315481e-05
1240 4.8189437428e+00 1.3680026294e-05
1241 4.8174719362e+00 1.3720642307e-05
1242 4.8159707639e+00 1.3974811114e-05
1243 4.8144473869e+00 1.3952634451e-05
1244 4.8129232433e+00 1.3937145498e-05
1245 4.8113837241e+00 1.3995157964e-05
1246 4.8098554127e+00 1.3890502212e-05
1247 4.8083690443e+00 1.3553676704e-05
1248 4.8069618784e+00 1.3228718882e-05
1249 4.8056020557e+00 1.2980255920e-05
1250 4.8042721333e+00 1.2837381562e-05
1251 4.8029688720e+00 1.2704957669e-05
1252 4.8016987627e+00 1.2545484927e-05
1253 4.8004348424e+00 1.2572814955e-05
1254 4.7991708565e+00 1.2633504551e-05
1255 4.7979041325e+00 1.2503943109e-05
1256 4.7966613178e+00 1.2313009699e-05
1257 4.7954727666e+00 1.2078228948e-05
1258 4.7943329825e+00 1.1909807183e-05
1259 4.7932143999e+00 1.1841644951e-05
1260 4.7920974969e+00 1.1898494380e-05
1261 4.7909553708e+00 1.2102401890e-05
1262 4.7897494630e+00 1.2391602870e-05
1263 4.7884887500e+00 1.2346778242e-05
1264 4.7872261970e+00 1.2431298891e-05
1265 4.7859366053e+00 1.2479961624e-05
1266 4.7846653462e+00 1.2523885719e-05
1267 4.7833666045e+00 1.2574502951e-05
1268 4.7820440783e+00 1.2523637621e-05
1269 4.7807567154e+00 1.2494803115e-05
1270 4.7794830740e+00 1.2431133688e-05
1271 4.7782015366e+00 1.2512682917e-05
1272 4.7769077817e+00 1.2466919328e-05
1273 4.7756130734e+00 1.2425991670e-05
1274 4.7743296507e+00 1.2494155587e-05
1275 4.7730375784e+00 1.2512705567e-05
1276 4.7717192316e+00 1.2589912258e-05
1277 4.7703883754e+00 1.2620755168e-05
1278 4.7690611325e+00 1.2631524606e-05
1279 4.7677536352e+00 1.2666784771e-05
1280 4.7664471129e+00 1.2709660058e-05
1281 4.7651228701e+00 1.2860816911e-05
1282 4.7637400130e+00 1.2898957099e-05
1283 4.7623280347e+00 1.3084191301e-05
1284 4.7608758527e+00 1.3213800464e-05
1285 4.7593997552e+00 1.3159093469e-05
1286 4.7579165886e+00 1.3399116502e-05
1287 4.7563971459e+00 1.3568597739e-05
1288 4.7548288979e+00 1.3776533115e-05
1289 4.7532554985e+00 1.3878199237e-05
1290 4.7516416585e+00 1.3865214812e-05
1291 4.7499837336e+00 1.4072940642e-05
1292 4.7482614794e+00 1.4422726649e-05
1293 4.7464520645e+00 1.4835020086e-05
1294 4.7445811421e+00 1.5012720249e-05
1295 4.7426940245e+00 1.4897494326e-05
1296 4.7408154116e+00 1.5000814147e-05
1297 4.7389157693e+00 1.5182527159e-05
1298 4.7369953019e+00 1.5182469118e-05
1299 4.7350678778e+00 1.5073063218e-05
1300 4.7331686465e+00 1.5002660594e-05
1301 4.7312873533e+00 1.4850062090e-05
1302 4.7294119676e+00 1.4880882413e-05
1303 4.7275261229e+00 1.4840570326e-05
1304 4.7256329619e+00 1.4884189663e-05
1305 4.7237488815e+00 1.4688323899e-05
1306 4.7219223682e+00 1.4449547368e-05
1307 4.7201599822e+00 1.4248375395e-05
1308 4.7184575444e+00 1.4132579899e-05
1309 4.7167679730e+00 1.4170533319e-05
1310 4.7150562155e+00 1.4246807819e-05
1311 4.7133415437e+00 1.4382313519e-05
1312 4.7116244383e+00 1.4164522486e-05
1313 4.7099371169e+00 1.4007836334e-05
1314 4.7082803972e+00 1.3918699449e-05
1315 4.7066531003e+00 1.3829152744e-05
1316 4.7050660941e+00 1.3588987997e-05
1317 4.7034981082e+00 1.3398086527e-05
1318 4.7019686688e+00 1.3335569736e-05
1319 4.7004855300e+00 1.3286204679e-05
1320 4.6990135748e+00 1.3247000937e-05
1321 4.6975283184e+00 1.3279489819e-05
1322 4.6960275574e+00 1.3208436320e-05
1323 4.6945262115e+00 1.3108682309e-05
1324 4.6930240692e+00 1.3116651379e-05
1325 4.6915298202e+00 1.3031593957e-05
1326 4.6900539545e+00 1.2879322062e-05
1327 4.6885789609e+00 1.2946502746e-05
1328 4.6871185613e+00 1.2937247260e-05
1329 4.6856261364e+00 1.2963333629e-05
1330 4.6841304847e+00 1.2992210691e-05
1331 4.6826636871e+00 1.2923232489e-05
1332 4.6812194260e+00 1.2851963859e-05
1333 4.6798085131e+00 1.2770072662e-05
1334 4.6784067575e+00 1.2710640669e-05
1335 4.6770135105e+00 1.2625406649e-05
1336 4.6756034469e+00 1.2539568195e-05
1337 4.6741846849e+00 1.2646040654e-05
1338 4.6727507765e+00 1.2634650964e-05
1339 4.6713096694e+00 1.2607082612e-05
1340 4.6698843403e+00 1.2478111479e-05
1341 4.6684968278e+00 1.2522195285e-05
1342 4.6671027815e+00 1.2509253169e-05
1343 4.6657341416e+00 1.2347857974e-05
1344 4.6643755823e+00 1.2278856199e-05
1345 4.6630696728e+00 1.2145972262e-05
1346 4.6617871281e+00 1.2156091425e-05
1347 4.6604580798e+00 1.2141863525e-05
1348 4.6591256883e+00 1.2237069942e-05
1349 4.6577338236e+00 1.2534762991e-05
1350 4.6563005128e+00 1.2767646095e-05
1351 4.6548105405e+00 1.2940083076e-05
1352 4.6532933526e+00 1.3049461490e-05
1353 4.6517515439e+00 1.3173824778e-05
1354 4.6501840501e+00 1.3313072483e-05
1355 4.6485807531e+00 1.3506954076e-05
1356 4.6469455998e+00 1.3616004551e-05
1357 4.6452508475e+00 1.3811807657e-05
1358 4.6434894714e+00 1.4052745666e-05
1359 4.6416936779e+00 1.4115291329e-05
1360 4.6398797740e+00 1.4281453902e-05
1361 4.6380338805e+00 1.4322575434e-05
1362 4.6361400611e+00 1.4570701244e-05
1363 4.6342252203e+00 1.4555765099e-05
1364 4.6323006719e+00 1.4456532504e-05
1365 4.6303899107e+00 1.4436230794e-05
1366 4.6284900206e+00 1.4327537491e-05
1367 4.6265854269e+00 1.4422811241e-05
1368 4.6246752690e+00 1.4600822378e-05
1369 4.6227341693e+00 1.4654504948e-05
1370 4.6207712306e+00 1.4522598941e-05
1371 4.6188237487e+00 1.4525064759e-05
1372 4.6168842341e+00 1.4608647753e-05
1373 4.6149198637e+00 1.4558541383e-05
1374 4.6129682026e+00 1.4622107503e-05
1375 4.6110264411e+00 1.4529909724e-05
1376 4.6091241953e+00 1.4592953780e-05
1377 4.6072105921e+00 1.4475870158e-05
1378 4.6052910654e+00 1.4557037527e-05
1379 4.6034071300e+00 1.4413424942e-05
1380 4.6015808676e+00 1.4260027646e-05
1381 4.5997545649e+00 1.4121612802e-05
1382 4.5979588706e+00 1.4152180957e-05
1383 4.5961685244e+00 1.4183352785e-05
1384 4.5943602642e+00 1.4014470425e-05
1385 4.5925308946e+00 1.4114487596e-05
1386 4.5906622077e+00 1.4420920269e-05
1387 4.5887154993e+00 1.4655559169e-05
1388 4.5867339553e+00 1.4810614598e-05
1389 4.5847052198e+00 1.4810873006e-05
1390 4.5827159855e+00 1.4639570725e-05
1391 4.5808068933e+00 1.4299099471e-05
1392 4.5790017842e+00 1.4053054482e-05
1393 4.5772593973e+00 1.4053795890e-05
1394 4.5755207484e+00 1.4019140779e-05
1395 4.5737404555e+00 1.4071111053e-05
1396 4.5718923476e+00 1.4325261406e-05
1397 4.5699883581e+00 1.4484066365e-05
1398 4.5680858554e+00 1.4396073845e-05
1399 4.5662253204e+00 1.4337621553e-05
1400 4.5644041351e+00 1.4186376853e-05
1401 4.5626149530e+00 1.4000494988e-05
1402 4.5608427291e+00 1.4113827566e-05
1403 4.5590478647e+00 1.4143580660e-05
1404 4.5572572171e+00 1.4074591215e-05
1405 4.5555145378e+00 1.4002071234e-05
1406 4.5537739408e+00 1.3720271192e-05
1407 4.5520664050e+00 1.3668624269e-05
1408 4.5503910842e+00 1.3591368206e-05
1409 4.5487200150e+00 1.3478174126e-05
1410 4.5470822896e+00 1.3343409820e-05
1411 4.5454722362e+00 1.3219923244e-05
1412 4.5438859703e+00 1.3145735740e-05
1413 4.5423168524e+00 1.3043877311e-05
1414 4.5407874048e+00 1.2868804454e-05
1415 4.5392970847e+00 1.2665465804e-05
1416 4.5378131496e+00 1.2692709095e-05
1417 4.5363277967e+00 1.2733345737e-05
1418 4.5348504219e+00 1.2656171531e-05
1419 4.5334304095e+00 1.2397233385e-05
1420 4.5320456313e+00 1.2211446132e-05
1421 4.5306991231e+00 1.2120508107e-05
1422 4.5293852898e+00 1.1886337899e-05
1423 4.5280853833e+00 1.1880721287e-05
1424 4.5267950372e+00 1.1864530281e-05
1425 4.5255126838e+00 1.1779552542e-05
1426 4.5242663397e+00 1.1615968467e-05
1427 4.5230519601e+00 1.1449631155e-05
1428 4.5218775003e+00 1.1197818719e-05
1429 4.5207497243e+00 1.0910839999e-05
1430 4.5196856582e+00 1.0643263631e-05
1431 4.5186802077e+00 1.0417792753e-05
1432 4.5177143768e+00 1.0193761995e-05
1433 4.5167859793e+00 1.0060653445e-05
1434 4.5158826775e+00 9.9518083445e-06
1435 4.5149865618e+00 9.8320574036e-06
1436 4.5140981835e+00 9.6802741214e-06
1437 4.5132386900e+00 9.5568607108e-06
1438 4.5123986440e+00 9.5012164712e-06
1439 4.5115566153e+00 9.6390555924e-06
1440 4.5106829707e+00 9.8179497724e-06
1441 4.5098024372e+00 9.7388257202e-06
1442 4.5089251425e+00 9.6848143701e-06
1443 4.5080514099e+00 9.7412140509e-06
1444 4.5071712917e+00 9.8174740804e-06
1445 4.5062485430e+00 9.9819037208e-06
1446 4.5053040989e+00 1.0096866336e-05
1447 4.5043401039e+00 1.0141400527e-05
1448 4.5033757931e+00 1.0187989677e-05
1449 4.5023970714e+00 1.0254040263e-05
1450 4.5013996545e+00 1.0370535515e-05
1451 4.5003819776e+00 1.0380634379e-05
1452 4.4993530204e+00 1.0411381826e-05
1453 4.4983069608e+00 1.0590350523e-05
1454 4.4972177886e+00 1.0765777081e-05
1455 4.4961112680e+00 1.0936372550e-05
1456 4.4949954822e+00 1.0997264545e-05
1457 4.4938426266e+00 1.1125193470e-05
1458 4.4926587020e+00 1.1156413183e-05
1459 4.4914445982e+00 1.1180638397e-05
1460 4.4902462875e+00 1.1078509807e-05
1461 4.4890495458e+00 1.1035866370e-05
1462 4.4878332418e+00 1.1239995688e-05
1463 4.4865750912e+00 1.1420893214e-05
1464 4.4852824187e+00 1.1564253729e-05
1465 4.4839667760e+00 1.1691185310e-05
1466 4.4826426371e+00 1.1649349125e-05
1467 4.4813163125e+00 1.1637896506e-05
1468 4.4800129948e+00 1.1598925394e-05
1469 4.4787154029e+00 1.1642365949e-05
1470 4.4773708046e+00 1.1846103209e-05
1471 4.4759838484e+00 1.2080077644e-05
1472 4.4745589141e+00 1.2169344233e-05
1473 4.4730982577e+00 1.2296990593e-05
1474 4.4716364221e+00 1.2264351593e-05
1475 4.4701612105e+00 1.2417349429e-05
1476 4.4686636159e+00 1.2424165239e-05
1477 4.4671475639e+00 1.2465556304e-05
1478 4.4655994402e+00 1.2484801198e-05
1479 4.4640662965e+00 1.2439917314e-05
1480 4.4625545706e+00 1.2367139667e-05
1481 4.4610391266e+00 1.2383463191e-05
1482 4.4595166122e+00 1.2431339965e-05
1483 4.4580060533e+00 1.2436921412e-05
1484 4.4565069110e+00 1.2389161762e-05
1485 4.4549839519e+00 1.2436817390e-05
1486 4.4534678354e+00 1.2492292966e-05
1487 4.4519276521e+00 1.2639708400e-05
1488 4.4503532726e+00 1.2739285040e-05
1489 4.4487455565e+00 1.2920927468e-05
1490 4.4471260333e+00 1.2963331824e-05
1491 4.4454967876e+00 1.2886378138e-05
1492 4.4438382357e+00 1.2839144097e-05
1493 4.4422468547e+00 1.2686273285e-05
1494 4.4407192344e+00 1.2565279508e-05
1495 4.4392113038e+00 1.2477432701e-05
1496 4.4376697878e+00 1.2477169961e-05
1497 4.4361121925e+00 1.2429543198e-05
1498 4.4345929127e+00 1.2315811086e-05
1499 4.4330862390e+00 1.2398973772e-05
1500 4.4315716786e+00 1.2367390916e-05
1501 4.4300478716e+00 1.2256488321e-05
1502 4.4285499626e+00 1.2280662246e-05
1503 4.4270534228e+00 1.2394085913e-05
1504 4.4255329270e+00 1.2681679234e-05
1505 4.4239658483e+00 1.2867848697e-05
1506 4.4223287832e+00 1.2847693932e-05
1507 4.4206668888e+00 1.2899653320e-05
1508 4.4189782382e+00 1.3023782015e-05
1509 4.4172779647e+00 1.3091421842e-05
1510 4.4155510902e+00 1.3109939996e-05
1511 4.4138028612e+00 1.3342927152e-05
1512 4.4120088599e+00 1.3407172010e-05
1513 4.4101825262e+00 1.3412831439e-05
1514 4.4083933644e+00 1.3205756848e-05
1515 4.4066498301e+00 1.3222922560e-05
1516 4.4049188210e+00 1.3318481288e-05
1517 4.4031894576e+00 1.3150545996e-05
1518 4.4014772988e+00 1.3026608280e-05
1519 4.3998123290e+00 1.2926778258e-05
1520 4.3981540813e+00 1.2856252044e-05
1521 4.3965173603e+00 1.2635907364e-05
1522 4.3949400700e+00 1.2415727410e-05
1523 4.3934441347e+00 1.2067292336e-05
1524 4.3920298368e+00 1.1767636018e-05
1525 4.3906761454e+00 1.1540268221e-05
1526 4.3893475895e+00 1.1404320627e-05
1527 4.3880653524e+00 1.1303430748e-05
1528 4.3867960044e+00 1.1299596546e-05
1529 4.3855509228e+00 1.1208439601e-05
1530 4.3843012095e+00 1.1188763970e-05
1531 4.3830450700e+00 1.1057006074e-05
1532 4.3818363012e+00 1.0849941147e-05
1533 4.3806639118e+00 1.0769168452e-05
1534 4.3795264234e+00 1.0672723713e-05
1535 4.3784105797e+00 1.0602653591e-05
1536 4.3772972700e+00 1.0554366917e-05
1537 4.3761745761e+00 1.0606396805e-05
1538 4.3750368912e+00 1.0627850097e-05
1539 4.3738880118e+00 1.0674935785e-05
1540 4.3727133247e+00 1.0878985850e-05
1541 4.3715057659e+00 1.0858536832e-05
1542 4.3702942327e+00 1.0783618496e-05
1543 4.3691184344e+00 1.0650335101e-05
1544 4.3679595015e+00 1.0616195581e-05
1545 4.3668172845e+00 1.0619732069e-05
1546 4.3656768832e+00 1.0588165955e-05
1547 4.3645274973e+00 1.0620600208e-05
1548 4.3633904541e+00 1.0547446457e-05
1549 4.3622660945e+00 1.0451145242e-05
1550 4.3611455887e+00 1.0427565604e-05
1551 4.3600174807e+00 1.0459245821e-05
1552 4.3588949545e+00 1.0528843577e-05
1553 4.3577780804e+00 1.0505802605e-05
1554 4.3566501910e+00 1.0426776168e-05
1555 4.3555314962e+00 1.0465054488e-05
1556 4.3544087137e+00 1.0463211899e-05
1557 4.3532884075e+00 1.0595739945e-05
1558 4.3521628393e+00 1.0740621855e-05
1559 4.3510071680e+00 1.0795751213e-05
1560 4.3497936197e+00 1.0967691784e-05
1561 4.3485646466e+00 1.0933001853e-05
1562 4.3473372639e+00 1.0920440019e-05
1563 4.3461302417e+00 1.0904466539e-05
1564 4.3448886688e+00 1.1063465453e-05
1565 4.3436343086e+00 1.1168567842e-05
1566 4.3423792313e+00 1.1051508026e-05
1567 4.3411428001e+00 1.0915468556e-05
1568 4.3399357971e+00 1.0807151382e-05
1569 4.3387505003e+00 1.0756246952e-05
1570 4.3375663664e+00 1.0708734509e-05
1571 4.3363597681e+00 1.0789875170e-05
1572 4.3351639912e+00 1.0700140026e-05
1573 4.3339831034e+00 1.0663304395e-05
1574 4.3328304125e+00 1.0613058541e-05
1575 4.3316874857e+00 1.0676114160e-05
1576 4.3305338306e+00 1.0696505891e-05
1577 4.3293758904e+00 1.0724302513e-05
1578 4.3282370348e+00 1.0634227014e-05
1579 4.3271000824e+00 1.0522561179e-05
1580 4.3259634976e+00 1.0378728370e-05
1581 4.3248562089e+00 1.0393566927e-05
1582 4.3237426878e+00 1.0376888688e-05
1583 4.3226494195e+00 1.0297236584e-05
1584 4.3215659142e+00 1.0275475279e-05
1585 4.3204899300e+00 1.0178338775e-05
1586 4.3194145687e+00 1.0183663198e-05
1587 4.3183468751e+00 1.0203095418e-05
1588 4.3172755779e+00 1.0085523604e-05
1589 4.3162222285e+00 9.9488964778e-06
1590 4.3151919568e+00 1.0012644346e-05
1591 4.3141641822e+00 9.9481855677e-06
1592 4.3131290333e+00 9.9256720843e-06
1593 4.3120891570e+00 9.8651780257e-06
1594 4.3110575643e+00 9.8951049027e-06
1595 4.3100246817e+00 9.9269215002e-06
1596 4.3089881596e+00 1.0027565295e-05
1597 4.3079449675e+00 1.0107836073e-05
1598 4.3068830774e+00 1.0163908144e-05
1599 4.3057957846e+00 1.0275513034e-05
1600 4.3046627674e+00 1.0363960600e-05
1601 4.3035016489e+00 1.0515977828e-05
1602 4.3023194358e+00 1.0510220192e-05
1603 4.3011689668e+00 1.0425923891e-05
1604 4.3000506816e+00 1.0273762804e-05
1605 4.2989468065e+00 1.0218168552e-05
1606 4.2978348587e+00 1.0148636599e-05
1607 4.2967339239e+00 1.0040356450e-05
1608 4.2956708481e+00 9.8794903482e-06
1609 4.2946264598e+00 9.9526043226e-06
1610 4.2935650025e+00 9.9562959759e-06
1611 4.2925046346e+00 9.9627700591e-06
1612 4.2914645199e+00 9.9730598891e-06
1613 4.2904315184e+00 9.9810646905e-06
1614 4.2893827915e+00 9.9216828463e-06
1615 4.2883383606e+00 9.9018358106e-06
1616 4.2872997950e+00 9.9181093562e-06
1617 4.2862553671e+00 9.8753556369e-06
1618 4.2851964209e+00 9.8351935903e-06
1619 4.2841480877e+00 9.8746353466e-06
1620 4.2831295340e+00 9.8223483938e-06
1621 4.2821140536e+00 9.7072905317e-06
1622 4.2811117793e+00 9.6005140580e-06
1623 4.2801162423e+00 9.5662077930e-06
1624 4.2791288657e+00 9.5352921952e-06
1625 4.2781481576e+00 9.4978602269e-06
1626 4.2771926172e+00 9.4074274986e-06
1627 4.2762464577e+00 9.3669775042e-06
1628 4.2753012636e+00 9.3126450601e-06
1629 4.2743697661e+00 9.2738209832e-06
1630 4.2734394108e+00 9.2162205464e-06
1631 4.2724909990e+00 9.2376746663e-06
1632 4.2715154718e+00 9.4215141038e-06
1633 4.2705231572e+00 9.4446563771e-06
1634 4.2695295192e+00 9.5494552762e-06
1635 4.2685327279e+00 9.4980655226e-06
1636 4.2675342870e+00 9.5139384443e-06
1637 4.2665525438e+00 9.5184573314e-06
1638 4.2655954654e+00 9.3991635931e-06
1639 4.2646413135e+00 9.3543744715e-06
1640 4.2636914254e+00 9.3182656684e-06
1641 4.2627427024e+00 9.3359472986e-06
1642 4.2618077626e+00 9.2893103639e-06
1643 4.2608743084e+00 9.2851236427e-06
1644 4.2599358830e+00 9.3410828682e-06
1645 4.2589549302e+00 9.4359035665e-06
1646 4.2579441469e+00 9.6725504602e-06
1647 4.2568887356e+00 9.8766884200e-06
1648 4.2557812417e+00 1.0020097939e-05
1649 4.2546266602e+00 1.0132317373e-05
1650 4.2534647473e+00 1.0201891035e-05
1651 4.2523038928e+00 1.0214928093e-05
1652 4.2511262959e+00 1.0179529824e-05
1653 4.2499670424e+00 1.0096975147e-05
1654 4.2488296590e+00 1.0029080557e-05
1655 4.2477145678e+00 9.8959315210e-06
1656 4.2466274408e+00 9.7829387328e-06
1657 4.2455439027e+00 9.7413154004e-06
1658 4.2444696022e+00 9.7595132689e-06
1659 4.2433850444e+00 9.8876589461e-06
1660 4.2422937616e+00 9.9449564486e-06
1661 4.2411864168e+00 1.0056151582e-05
1662 4.2400384160e+00 1.0195567149e-05
1663 4.2388574902e+00 1.0218636085e-05
1664 4.2376631403e+00 1.0206998459e-05
1665 4.2364668088e+00 1.0150635627e-05
1666 4.2352803046e+00 1.0220003850e-05
1667 4.2341068217e+00 1.0143127814e-05
1668 4.2329477765e+00 1.0029032011e-05
1669 4.2318180911e+00 9.9803493708e-06
1670 4.2306837906e+00 1.0098501383e-05
1671 4.2295445510e+00 1.0101842265e-05
1672 4.2283733742e+00 1.0208481975e-05
1673 4.2271820633e+00 1.0287229051e-05
1674 4.2259743348e+00 1.0266130598e-05
1675 4.2247715923e+00 1.0260708961e-05
1676 4.2236042532e+00 1.0034474265e-05
1677 4.2224692083e+00 9.9194712579e-06
1678 4.2213513200e+00 9.9208824913e-06
1679 4.2202533419e+00 9.8237768237e-06
1680 4.2191694632e+00 9.8170349647e-06
1681 4.2180751178e+00 9.7532041804e-06
1682 4.2170017587e+00 9.6913217222e-06
1683 4.2159575985e+00 9.5930637204e-06
1684 4.2149193312e+00 9.5167298122e-06
1685 4.2138561276e+00 9.5553756098e-06
1686 4.2127838217e+00 9.6549507805e-06
1687 4.2116944631e+00 9.6981686433e-06
1688 4.2105959788e+00 9.7023071641e-06
1689 4.2095064304e+00 9.6236599238e-06
1690 4.2084284681e+00 9.5381232022e-06
1691 4.2073808410e+00 9.3721338360e-06
1692 4.2063703585e+00 9.2894702453e-06
1693 4.2053773123e+00 9.2311662315e-06
1694 4.2043741003e+00 9.2946993869e-06
1695 4.2033611978e+00 9.2375506072e-06
1696 4.2023402059e+00 9.3352712006e-06
1697 4.2013218743e+00 9.3550352459e-06
1698 4.2002955642e+00 9.4002569744e-06
1699 4.1992661151e+00 9.3882274071e-06
1700 4.1982437453e+00 9.4111284335e-06
1701 4.1972242001e+00 9.4646064604e-06
1702 4.1962048512e+00 9.3622655341e-06
1703 4.1951857414e+00 9.4194694205e-06
1704 4.1941769609e+00 9.3287188780e-06
1705 4.1931642729e+00 9.3539500431e-06
1706 4.1921485039e+00 9.3619681923e-06
1707 4.1911277607e+00 9.3036095728e-06
1708 4.1901097570e+00 9.3156485791e-06
1709 4.1890821093e+00 9.2953362087e-06
1710 4.1880510863e+00 9.2803945699e-06
1711 4.1870172819e+00 9.3396084684e-06
1712 4.1859799917e+00 9.3209295329e-06
1713 4.1849684595e+00 9.1501782617e-06
1714 4.1839830574e+00 8.9830453066e-06
1715 4.1830384037e+00 8.8726325091e-06
1716 4.1820977650e+00 8.9061134499e-06
1717 4.1811758752e+00 8.8977782801e-06
1718 4.1802492357e+00 8.9893574804e-06
1719 4.1792976098e+00 9.0299832561e-06
1720 4.1783328680e+00 8.9858190579e-06
1721 4.1773628608e+00 8.9966883750e-06
1722 4.1763864851e+00 9.1081107464e-06
1723 4.1753783753e+00 9.2564843237e-06
1724 4.1743442727e+00 9.3345884843e-06
1725 4.1733357008e+00 9.2019608728e-06
1726 4.1723593978e+00 9.1225447439e-06
1727 4.1713938957e+00 8.9803570082e-06
1728 4.1704333651e+00 8.9634856924e-06
1729 4.1694728924e+00 8.9302446832e-06
1730 4.1685280733e+00 8.8971425208e-06
1731 4.1675875351e+00 8.9131709773e-06
1732 4.1666567898e+00 8.8410463415e-06
1733 4.1657205074e+00 8.8627198988e-06
1734 4.1647935380e+00 8.9539606184e-06
1735 4.1638458703e+00 9.0094617570e-06
1736 4.1628603174e+00 9.2111180534e-06
1737 4.1618496279e+00 9.2611734578e-06
1738 4.1608253558e+00 9.2783321843e-06
1739 4.1597810837e+00 9.2819702335e-06
1740 4.1587337542e+00 9.3313040024e-06
1741 4.1576594521e+00 9.4901992257e-06
1742 4.1565774699e+00 9.5078094711e-06
1743 4.1554662288e+00 9.5100307234e-06
1744 4.1543562795e+00 9.6118186837e-06
1745 4.1532485992e+00 9.6298230073e-06
1746 4.1521447443e+00 9.5408069643e-06
1747 4.1510656071e+00 9.5463788035e-06
1748 4.1499835750e+00 9.5539162994e-06
1749 4.1488816330e+00 9.5522306743e-06
1750 4.1477875773e+00 9.5115738513e-06
1751 4.1466860073e+00 9.4782606028e-06
1752 4.1455936528e+00 9.4648524891e-06
1753 4.1445132816e+00 9.3582773851e-06
1754 4.1434438381e+00 9.3827177727e-06
1755 4.1423774230e+00 9.4333762489e-06
1756 4.1412977507e+00 9.4886808031e-06
1757 4.1402028704e+00 9.5577278806e-06
1758 4.1391084977e+00 9.5187560879e-06
1759 4.1379996869e+00 9.5608999752e-06
1760 4.1368852474e+00 9.6898218594e-06
1761 4.1357236462e+00 9.7937930776e-06
1762 4.1345417639e+00 9.8777445061e-06
1763 4.1333425818e+00 9.8833356766e-06
1764 4.1321597172e+00 9.8870716336e-06
1765 4.1309755981e+00 1.0036219322e-05
1766 4.1297577399e+00 9.9938866982e-06
1767 4.1285406636e+00 9.9567746612e-06
1768 4.1273395307e+00 9.8620138691e-06
1769 4.1261459372e+00 9.9542472499e-06
1770 4.1249292931e+00 1.0005256311e-05
1771 4.1237140803e+00 9.9809019569e-06
1772 4.1225150151e+00 1.0071458529e-05
1773 4.1213353349e+00 1.0089833047e-05
1774 4.1200844187e+00 1.0126916491e-05
1775 4.1188068233e+00 1.0233163077e-05
1776 4.1175219205e+00 1.0268011617e-05
1777 4.1162269010e+00 1.0243349380e-05
1778 4.1149259873e+00 1.0236319361e-05
1779 4.1136191897e+00 1.0301331064e-05
1780 4.1123306448e+00 1.0237653261e-05
1781 4.1110748843e+00 1.0144875553e-05
1782 4.1098398879e+00 1.0082650109e-05
1783 4.1085982888e+00 1.0113306978e-05
1784 4.1073412515e+00 1.0199752264e-05
1785 4.1060823675e+00 1.0274844465e-05
1786 4.1047977993e+00 1.0332696901e-05
1787 4.1034678460e+00 1.0417239501e-05
1788 4.1021292971e+00 1.0535719088e-05
1789 4.1007855453e+00 1.0565987166e-05
1790 4.0994186179e+00 1.0731727273e-05
1791 4.0980302588e+00 1.0739402593e-05
1792 4.0966227208e+00 1.0782490011e-05
1793 4.0951773228e+00 1.0905192909e-05
1794 4.0937090608e+00 1.1009427872e-05
1795 4.0921895396e+00 1.1175701083e-05
1796 4.0906637003e+00 1.1191497662e-05
1797 4.0891784118e+00 1.1053339256e-05
1798 4.0877380139e+00 1.0857235361e-05
1799 4.0863278126e+00 1.0700066636e-05
1800 4.0849544318e+00 1.0496635244e-05
1801 4.0836143393e+00 1.0427636662e-05
1802 4.0822911272e+00 1.0283387909e-05
1803 4.0809858542e+00 1.0352398010e-05
1804 4.0796875407e+00 1.0382203577e-05
1805 4.0784046061e+00 1.0511787308e-05
1806 4.0770956761e+00 1.0499936473e-05
1807 4.0757426166e+00 1.0507184147e-05
1808 4.0743780531e+00 1.0397975768e-05
1809 4.0730467293e+00 1.0247147073e-05
1810 4.0717514402e+00 1.0155052706e-05
1811 4.0704949368e+00 1.0056345009e-05
1812 4.0692768600e+00 1.0010848543e-05
1813 4.0680949223e+00 9.9253294284e-06
1814 4.0669409231e+00 9.8244185408e-06
1815 4.0657840690e+00 9.6954334891e-06
1816 4.0646408880e+00 9.6960929357e-06
1817 4.0635159762e+00 9.5422385144e-06
1818 4.0624283524e+00 9.3672361432e-06
1819 4.0613724498e+00 9.2827396598e-06
1820 4.0603477200e+00 9.1850038832e-06
1821 4.0593269002e+00 9.1660363531e-06
1822 4.0582887442e+00 9.1210981324e-06
1823 4.0572639892e+00 9.1754242215e-06
1824 4.0562386195e+00 9.1444730764e-06
1825 4.0552048000e+00 9.1534961718e-06
1826 4.0541837809e+00 9.0887204183e-06
1827 4.0531595914e+00 9.0937609196e-06
1828 4.0521262921e+00 9.1747959157e-06
1829 4.0510629276e+00 9.3285924593e-06
1830 4.0499722004e+00 9.4021964656e-06
1831 4.0488666670e+00 9.5681183073e-06
1832 4.0477455554e+00 9.5653102495e-06
1833 4.0466172585e+00 9.5430951054e-06
1834 4.0455142195e+00 9.3941761919e-06
1835 4.0444280767e+00 9.3627959181e-06
1836 4.0433400399e+00 9.3947642143e-06
1837 4.0422597993e+00 9.3716623778e-06
1838 4.0411802125e+00 9.3318098971e-06
1839 4.0401201495e+00 9.2262446246e-06
1840 4.0390776067e+00 9.2296597688e-06
1841 4.0380251845e+00 9.0989187013e-06
1842 4.0369715962e+00 9.0149309096e-06
1843 4.0359372409e+00 9.0051159631e-06
1844 4.0349036139e+00 8.9317137454e-06
1845 4.0338993912e+00 8.9488042167e-06
1846 4.0328984581e+00 8.9138553956e-06
1847 4.0318929606e+00 8.9263698631e-06
1848 4.0308875085e+00 8.9584672839e-06
1849 4.0298577125e+00 9.0707391856e-06
1850 4.0288155907e+00 9.1053653074e-06
1851 4.0277527644e+00 9.1155964501e-06
1852 4.0266895798e+00 9.0788962763e-06
1853 4.0256550508e+00 9.0224315329e-06
1854 4.0246253480e+00 9.0666993793e-06
1855 4.0236075758e+00 9.0813684863e-06
1856 4.0225916955e+00 9.0684934352e-06
1857 4.0215700683e+00 9.0644705302e-06
1858 4.0205377433e+00 9.0730468862e-06
1859 4.0194741422e+00 9.2065845198e-06
1860 4.0183894011e+00 9.2629795637e-06
1861 4.0173171248e+00 9.2470974567e-06
1862 4.0162433688e+00 9.2108271263e-06
1863 4.0151847627e+00 9.1572238088e-06
1864 4.0141567539e+00 9.0994903958e-06
1865 4.0131214278e+00 9.0439943381e-06
1866 4.0120845049e+00 8.9704978953e-06
1867 4.0110489158e+00 8.8795802206e-06
1868 4.0100534546e+00 8.7043155435e-06
1869 4.0090914256e+00 8.7102314351e-06
1870 4.0081336576e+00 8.7082534617e-06
1871 4.0071504129e+00 8.8813071378e-06
1872 4.0061729186e+00 8.7932323622e-06
1873 4.0052074336e+00 8.6044247552e-06
1874 4.0042707903e+00 8.5558579301e-06
1875 4.0033690224e+00 8.4658100681e-06
1876 4.0024622942e+00 8.3826845310e-06
1877 4.0015541030e+00 8.3806947367e-06
1878 4.0006288734e+00 8.4161469128e-06
1879 3.9997126476e+00 8.4005768873e-06
1880 3.9988209206e+00 8.2855173119e-06
1881 3.9979462304e+00 8.2055656011e-06
1882 3.9970754793e+00 8.1785217207e-06
1883 3.9962064832e+00 8.2094978409e-06
1884 3.9953412945e+00 8.2462047888e-06
1885 3.9944907613e+00 8.1719537520e-06
1886 3.9936482766e+00 8.0570209314e-06
1887 3.9928201639e+00 8.0906181617e-06
1888 3.9919860481e+00 8.0050391829e-06
1889 3.9911512776e+00 8.0304600813e-06
1890 3.9903400391e+00 8.0062727001e-06
1891 3.9895230273e+00 8.0208631834e-06
1892 3.9886874313e+00 8.0512015894e-06
1893 3.9878452810e+00 8.0657212613e-06
1894 3.9869891538e+00 8.1117155650e-06
1895 3.9861255090e+00 8.1675778541e-06
1896 3.9852495025e+00 8.1735734860e-06
1897 3.9843604804e+00 8.1494711732e-06
1898 3.9834874728e+00 8.1487242036e-06
1899 3.9826206922e+00 8.0917309140e-06
1900 3.9817505135e+00 8.0976493229e-06
1901 3.9808933076e+00 7.9954527341e-06
1902 3.9800409392e+00 7.9632310951e-06
1903 3.9791937037e+00 8.0472878325e-06
1904 3.9783577001e+00 7.9650247511e-06
1905 3.9775519551e+00 7.7766037736e-06
1906 3.9767828157e+00 7.5582088683e-06
1907 3.9760428857e+00 7.4318314939e-06
1908 3.9753305824e+00 7.3962742436e-06
1909 3.9746302076e+00 7.3191605687e-06
1910 3.9739312973e+00 7.3185428567e-06
1911 3.9732509213e+00 7.2267793859e-06
1912 3.9725718537e+00 7.0943676674e-06
1913 3.9719017542e+00 7.1122254112e-06
1914 3.9712273495e+00 7.0736488506e-06
1915 3.9705657060e+00 7.0242757973e-06
1916 3.9699125949e+00 6.9986622318e-06
1917 3.9692492931e+00 7.0533982248e-06
1918 3.9685900627e+00 7.1325737847e-06
1919 3.9679234874e+00 7.0997996078e-06
1920 3.9672679171e+00 7.0501281877e-06
1921 3.9666165459e+00 7.0244700903e-06
1922 3.9659713820e+00 7.0002255911e-06
1923 3.9653289963e+00 6.9551948892e-06
1924 3.9646771066e+00 7.0158963769e-06
1925 3.9640197225e+00 7.0200589279e-06
1926 3.9633612604e+00 6.9790212293e-06
1927 3.9627120480e+00 6.8771073031e-06
1928 3.9620817266e+00 6.8121182309e-06
1929 3.9614596243e+00 6.7386034105e-06
1930 3.9608534563e+00 6.6701484323e-06
1931 3.9602547289e+00 6.6180883604e-06
1932 3.9596568090e+00 6.7336026930e-06
1933 3.9590452352e+00 6.8161934720e-06
1934 3.9584182060e+00 6.7736654681e-06
1935 3.9577921094e+00 6.7880095806e-06
1936 3.9571585972e+00 6.8789480480e-06
1937 3.9564979565e+00 6.9590156266e-06
1938 3.9558142599e+00 7.0437043402e-06
1939 3.9551197979e+00 7.1114647576e-06
1940 3.9544282421e+00 7.1210523486e-06
1941 3.9537362091e+00 7.1149672965e-06
1942 3.9530366876e+00 7.1595829987e-06
1943 3.9523360182e+00 7.2346399798e-06
1944 3.9516201882e+00 7.2401346211e-06
1945 3.9508952406e+00 7.3034504731e-06
1946 3.9501446874e+00 7.3978115651e-06
1947 3.9493633590e+00 7.5615953653e-06
1948 3.9485626308e+00 7.7177464164e-06
1949 3.9477336816e+00 7.7309083174e-06
1950 3.9469069500e+00 7.6931282182e-06
1951 3.9460889388e+00 7.6150244829e-06
1952 3.9452782414e+00 7.6181040719e-06
1953 3.9444819785e+00 7.6417990052e-06
1954 3.9436859997e+00 7.6640570880e-06
1955 3.9428675312e+00 7.7277256050e-06
1956 3.9420395353e+00 7.7661378764e-06
1957 3.9411934107e+00 7.8055163151e-06
1958 3.9403453606e+00 7.8454700003e-06
1959 3.9394995238e+00 7.8073967152e-06
1960 3.9386595202e+00 7.7958243243e-06
1961 3.9378189831e+00 7.8564410473e-06
1962 3.9369533816e+00 7.9415180352e-06
1963 3.9360774015e+00 8.0452984252e-06
1964 3.9351736747e+00 8.0294313702e-06
1965 3.9342522534e+00 8.0896521004e-06
1966 3.9333233394e+00 8.0871286747e-06
1967 3.9323889637e+00 8.1489653013e-06
1968 3.9314486436e+00 8.1517060876e-06
1969 3.9305055293e+00 8.2088849133e-06
1970 3.9295514147e+00 8.3116500209e-06
1971 3.9285872744e+00 8.3799813305e-06
1972 3.9276197680e+00 8.3519912149e-06
1973 3.9266614358e+00 8.2571472215e-06
1974 3.9257250562e+00 8.2333000757e-06
1975 3.9247984164e+00 8.1690678547e-06
1976 3.9238668368e+00 8.2456722404e-06
1977 3.9229069025e+00 8.3997265734e-06
1978 3.9219205174e+00 8.5717229701e-06
1979 3.9209219723e+00 8.4407359443e-06
1980 3.9198977178e+00 8.4530687715e-06
1981 3.9188891223e+00 8.4010015014e-06
1982 3.9178778038e+00 8.4122671364e-06
1983 3.9168499429e+00 8.4841764322e-06
1984 3.9158349449e+00 8.5183682990e-06
1985 3.9148029177e+00 8.6461169484e-06
1986 3.9137322973e+00 8.7836719840e-06
1987 3.9126139333e+00 8.9095432484e-06
1988 3.9114764837e+00 8.9022527820e-06
1989 3.9103181480e+00 8.9325456513e-06
1990 3.9091464964e+00 9.0293842981e-06
1991 3.9079727125e+00 9.0237930639e-06
1992 3.9067988434e+00 9.0269917152e-06
1993 3.9056339511e+00 9.0176123690e-06
1994 3.9044824584e+00 8.9686893316e-06
1995 3.9033568478e+00 8.9209219698e-06
1996 3.9022641784e+00 8.7863137440e-06
1997 3.9011931382e+00 8.6025539289e-06
1998 3.9001419157e+00 8.4361222413e-06
1999 3.8991407858e+00 8.2861393635e-06
