iter rel_error rel_residual
0 8.5677484340e+00 3.8726537165e-01
1 9.8507044396e+00 1.9154841982e-01
2 1.3606392017e+01 1.0711537228e-01
3 1.4787873259e+01 7.4659626573e-02
4 1.4135269127e+01 5.9267469112e-02
5 1.3366317721e+01 4.7311865524e-02
6 1.3029445209e+01 3.9590202796e-02
7 1.2867808652e+01 3.5414608658e-02
8 1.2684946173e+01 3.0162468624e-02
9 1.2307461179e+01 2.6798976993e-02
10 1.1779292729e+01 2.3964081767e-02
11 1.1375908194e+01 2.1084336619e-02
12 1.1097058805e+01 1.9097670315e-02
13 1.0872294388e+01 1.7422586478e-02
14 1.0536289567e+01 1.6175770294e-02
15 1.0137279807e+01 1.5073181978e-02
16 9.8237162849e+00 1.4041528346e-02
17 9.6060303095e+00 1.3370226920e-02
18 9.4239001168e+00 1.2546993995e-02
19 9.2457051369e+00 1.2071782266e-02
20 9.0799082669e+00 1.1521087957e-02
21 8.9641428015e+00 1.0935828630e-02
22 8.9240947913e+00 1.0486470038e-02
23 8.9381489541e+00 9.9839828757e-03
24 8.9618325396e+00 9.6321283453e-03
25 8.9916406808e+00 9.3283414530e-03
26 9.0500709812e+00 8.8191601362e-03
27 9.1331656908e+00 8.5588257656e-03
28 9.2233225771e+00 8.2059476936e-03
29 9.3038836497e+00 7.9837159957e-03
30 9.3727798639e+00 7.5849942782e-03
31 9.4348782961e+00 7.4173427550e-03
32 9.5017685910e+00 7.0983703782e-03
33 9.5661735626e+00 6.9167466650e-03
34 9.6185402876e+00 6.7929193448e-03
35 9.6606092802e+00 6.6218766720e-03
36 9.7089410155e+00 6.3764093186e-03
37 9.7682594967e+00 6.1668155201e-03
38 9.8281183930e+00 5.9864712837e-03
39 9.8821786554e+00 5.8223438926e-03
40 9.9362112087e+00 5.6634422311e-03
41 9.9978712012e+00 5.5118099550e-03
42 1.0063098691e+01 5.2861770370e-03
43 1.0123722603e+01 5.1062579836e-03
44 1.0182228390e+01 5.0255788418e-03
45 1.0239457618e+01 4.8758081583e-03
46 1.0297014521e+01 4.7879931212e-03
47 1.0354972754e+01 4.6752628751e-03
48 1.0409900280e+01 4.5699195182e-03
49 1.0460946577e+01 4.4770998717e-03
50 1.0510959984e+01 4.4007079695e-03
51 1.0560304553e+01 4.2867096069e-03
52 1.0608703831e+01 4.1612881313e-03
53 1.0655663212e+01 4.0270779272e-03
54 1.0700502277e+01 3.9235643695e-03
55 1.0742618052e+01 3.8238426185e-03
56 1.0782587282e+01 3.7255194570e-03
57 1.0821740986e+01 3.5954959972e-03
58 1.0858549399e+01 3.5090368905e-03
59 1.0893086963e+01 3.4205173619e-03
60 1.0924878621e+01 3.3550541271e-03
61 1.0955799073e+01 3.3238511184e-03
62 1.0986739015e+01 3.2302597723e-03
63 1.1015930179e+01 3.1752284031e-03
64 1.1042454789e+01 3.0996781103e-03
65 1.1066353125e+01 3.0248448394e-03
66 1.1089637151e+01 2.9371079194e-03
67 1.1112698248e+01 2.8749859434e-03
68 1.1133493833e+01 2.8227921615e-03
69 1.1151621836e+01 2.7582179355e-03
70 1.1168716749e+01 2.7033086282e-03
71 1.1185761639e+01 2.6503640853e-03
72 1.1201829925e+01 2.5734397967e-03
73 1.1215319234e+01 2.5188527698e-03
74 1.1227238497e+01 2.5006638330e-03
75 1.1238970111e+01 2.4521714716e-03
76 1.1250293901e+01 2.4054338558e-03
77 1.1260208465e+01 2.3693324235e-03
78 1.1268487692e+01 2.3164632463e-03
79 1.1276311623e+01 2.3006590255e-03
80 1.1284547913e+01 2.3770535228e-03
81 1.1294036952e+01 2.5694457223e-03
82 1.1306378164e+01 2.8174134885e-03
83 1.1323118736e+01 2.8612048986e-03
84 1.1340362842e+01 2.7304464121e-03
85 1.1353534754e+01 2.5456037024e-03
86 1.1362441524e+01 2.4049545735e-03
87 1.1368717048e+01 2.2899475904e-03
88 1.1373301393e+01 2.1734206827e-03
89 1.1375662715e+01 2.0604840692e-03
90 1.1375632831e+01 1.9612264632e-03
91 1.1374348224e+01 1.8481712336e-03
92 1.1372433907e+01 1.7403482888e-03
93 1.1369089195e+01 1.6493693900e-03
94 1.1363976310e+01 1.5728715477e-03
95 1.1357972647e+01 1.5097726171e-03
96 1.1351952063e+01 1.4454013365e-03
97 1.1345449359e+01 1.3969413064e-03
98 1.1337920021e+01 1.3555091062e-03
99 1.1329394366e+01 1.3264781827e-03
100 1.1320710808e+01 1.2897112003e-03
101 1.1312035000e+01 1.2628203060e-03
102 1.1302758023e+01 1.2437686834e-03
103 1.1292742066e+01 1.2253595559e-03
104 1.1282139423e+01 1.2066581127e-03
105 1.1271457191e+01 1.1932267883e-03
106 1.1260122287e+01 1.1845716489e-03
107 1.1247721276e+01 1.1697258226e-03
108 1.1235092723e+01 1.1580063183e-03
109 1.1222253307e+01 1.1493651131e-03
110 1.1208813489e+01 1.1559117365e-03
111 1.1194135274e+01 1.1473406125e-03
112 1.1178667961e+01 1.1363104694e-03
113 1.1162558305e+01 1.1388303340e-03
114 1.1145815971e+01 1.1387683511e-03
115 1.1127817595e+01 1.1415934125e-03
116 1.1108831659e+01 1.1531680121e-03
117 1.1089376447e+01 1.1603567211e-03
118 1.1068864200e+01 1.1605438918e-03
119 1.1047609284e+01 1.1622501990e-03
120 1.1025539267e+01 1.1728793826e-03
121 1.1003099156e+01 1.1741730913e-03
122 1.0980325757e+01 1.1777209839e-03
123 1.0956242925e+01 1.1870733690e-03
124 1.0931028350e+01 1.1874972734e-03
125 1.0905556322e+01 1.1834140542e-03
126 1.0880013430e+01 1.1858014975e-03
127 1.0853584528e+01 1.1923134204e-03
128 1.0825876895e+01 1.2013527398e-03
129 1.0797626967e+01 1.2120964236e-03
130 1.0768738811e+01 1.2232774587e-03
131 1.0739249892e+01 1.2302767861e-03
132 1.0708694946e+01 1.2229845252e-03
133 1.0678026231e+01 1.2190982212e-03
134 1.0647527098e+01 1.2356323078e-03
135 1.0616026795e+01 1.2575163648e-03
136 1.0582388697e+01 1.2967978223e-03
137 1.0546044575e+01 1.3776332937e-03
138 1.0505270981e+01 1.4880147748e-03
139 1.0456946880e+01 1.6626489467e-03
140 1.0398367558e+01 1.8257043630e-03
141 1.0331997868e+01 1.9294818322e-03
142 1.0265364366e+01 1.9313415370e-03
143 1.0205177438e+01 1.8825407209e-03
144 1.0151020938e+01 1.8805357902e-03
145 1.0099148672e+01 1.9119529878e-03
146 1.0050391274e+01 1.9477907317e-03
147 1.0006958773e+01 1.9232510658e-03
148 9.9709174655e+00 1.8538819209e-03
149 9.9400028687e+00 1.8293392378e-03
150 9.9128663063e+00 1.7910009934e-03
151 9.8901541285e+00 1.7160691302e-03
152 9.8702917240e+00 1.6573996263e-03
153 9.8509535527e+00 1.6173999548e-03
154 9.8315901363e+00 1.5852486620e-03
155 9.8133373266e+00 1.5487993669e-03
156 9.7953857234e+00 1.5197869243e-03
157 9.7766370305e+00 1.5048842294e-03
158 9.7575638005e+00 1.4877341399e-03
159 9.7392001628e+00 1.4471176161e-03
160 9.7216464717e+00 1.3931652719e-03
161 9.7045784581e+00 1.3074287728e-03
162 9.6886630833e+00 1.1968285315e-03
163 9.6740948152e+00 1.1115796178e-03
164 9.6595016123e+00 1.0936012445e-03
165 9.6437550690e+00 1.1359495581e-03
166 9.6257226525e+00 1.1547016870e-03
167 9.6066331943e+00 1.1654779414e-03
168 9.5873542659e+00 1.1814804884e-03
169 9.5667887182e+00 1.1988520408e-03
170 9.5441768328e+00 1.2190024772e-03
171 9.5198982203e+00 1.2473640932e-03
172 9.4945974284e+00 1.2701015170e-03
173 9.4681522276e+00 1.3102522311e-03
174 9.4396078678e+00 1.3212944609e-03
175 9.4100747141e+00 1.3202713288e-03
176 9.3804594038e+00 1.3216067445e-03
177 9.3495408748e+00 1.2971943137e-03
178 9.3174888022e+00 1.2819514771e-03
179 9.2839752506e+00 1.2547206536e-03
180 9.2496632583e+00 1.2245310385e-03
181 9.2160124462e+00 1.1960600221e-03
182 9.1816097355e+00 1.1534264237e-03
183 9.1473908416e+00 1.1249827211e-03
184 9.1144538976e+00 1.0976923798e-03
185 9.0829814272e+00 1.0816416155e-03
186 9.0535458510e+00 1.0515690752e-03
187 9.0255802185e+00 1.0251753086e-03
188 8.9993799660e+00 9.8712132673e-04
189 8.9752768657e+00 9.6178156589e-04
190 8.9525530930e+00 9.2582860061e-04
191 8.9306357970e+00 9.0245892934e-04
192 8.9085867961e+00 8.9327076031e-04
193 8.8875515430e+00 8.6511890688e-04
194 8.8677718312e+00 8.5346722850e-04
195 8.8483654209e+00 8.4172291696e-04
196 8.8297250608e+00 8.4348384411e-04
197 8.8113944130e+00 8.4651599775e-04
198 8.7940892563e+00 8.6077784051e-04
199 8.7768401362e+00 8.7905264842e-04
200 8.7595423606e+00 8.8762289075e-04
201 8.7428403303e+00 9.0678911031e-04
202 8.7267805720e+00 9.1774050101e-04
203 8.7113138316e+00 9.3404172923e-04
204 8.6960614747e+00 9.5343301880e-04
205 8.6817432928e+00 9.5420640431e-04
206 8.6688528458e+00 9.5854813780e-04
207 8.6566326260e+00 9.4988987855e-04
208 8.6449482517e+00 9.5343208848e-04
209 8.6335479727e+00 9.5253706803e-04
210 8.6232834082e+00 9.3479185846e-04
211 8.6137115490e+00 9.3308260108e-04
212 8.6042797518e+00 9.2033664996e-04
213 8.5951932715e+00 9.1901864950e-04
214 8.5867522371e+00 9.0718488637e-04
215 8.5787452219e+00 9.1252566976e-04
216 8.5708968754e+00 9.2065725017e-04
217 8.5631790562e+00 9.3719951526e-04
218 8.5556751487e+00 9.6213292833e-04
219 8.5485630962e+00 9.9224621078e-04
220 8.5418023995e+00 1.0327999974e-03
221 8.5356684396e+00 1.0567211763e-03
222 8.5309164950e+00 1.0498725454e-03
223 8.5275228230e+00 1.0207834115e-03
224 8.5247596579e+00 9.6592585866e-04
225 8.5219246771e+00 9.2212911397e-04
226 8.5190336186e+00 8.8746917950e-04
227 8.5163923358e+00 8.5159439633e-04
228 8.5138013150e+00 8.1459737446e-04
229 8.5109340287e+00 7.6821816824e-04
230 8.5078336024e+00 7.2311901963e-04
231 8.5047928978e+00 6.8703997817e-04
232 8.5018938718e+00 6.4715509281e-04
233 8.4988166900e+00 6.1266389504e-04
234 8.4955452620e+00 5.8057656796e-04
235 8.4923648985e+00 5.4833096560e-04
236 8.4893341281e+00 5.2501098347e-04
237 8.4862974693e+00 5.0009353374e-04
238 8.4831202953e+00 4.7638147846e-04
239 8.4800365982e+00 4.5617307887e-04
240 8.4770722663e+00 4.4029367842e-04
241 8.4739449176e+00 4.3267962443e-04
242 8.4704951588e+00 4.3420318133e-04
243 8.4666561936e+00 4.4490489846e-04
244 8.4626439282e+00 4.5534791395e-04
245 8.4586232978e+00 4.5525022465e-04
246 8.4546267688e+00 4.3426910689e-04
247 8.4508258793e+00 4.1095934942e-04
248 8.4473245664e+00 4.0081802870e-04
249 8.4437187490e+00 3.9765169777e-04
250 8.4398752263e+00 3.9553793449e-04
251 8.4359816315e+00 3.8714666807e-04
252 8.4321266379e+00 3.7917180316e-04
253 8.4283005043e+00 3.7606352020e-04
254 8.4242903997e+00 3.7302634474e-04
255 8.4200519584e+00 3.6755330804e-04
256 8.4156748008e+00 3.6204139218e-04
257 8.4111657800e+00 3.5876068887e-04
258 8.4063815111e+00 3.5543543387e-04
259 8.4011912091e+00 3.5192776968e-04
260 8.3957386545e+00 3.4592836797e-04
261 8.3900913183e+00 3.4346942004e-04
262 8.3842054957e+00 3.3873833127e-04
263 8.3779516384e+00 3.3618657812e-04
264 8.3714850775e+00 3.3436897907e-04
265 8.3650627856e+00 3.2866792274e-04
266 8.3584969517e+00 3.2508683476e-04
267 8.3517414635e+00 3.1895033393e-04
268 8.3449101238e+00 3.1444443695e-04
269 8.3380186805e+00 3.1385433539e-04
270 8.3309318692e+00 3.1484445709e-04
271 8.3235306208e+00 3.1556422432e-04
272 8.3157898085e+00 3.1582072655e-04
273 8.3080500055e+00 3.1328059340e-04
274 8.3004596587e+00 3.1043496647e-04
275 8.2930066665e+00 2.9944678052e-04
276 8.2859202799e+00 2.8264524479e-04
277 8.2795719302e+00 2.6314568426e-04
278 8.2741427201e+00 2.4049517356e-04
279 8.2693191319e+00 2.2209772470e-04
280 8.2648467589e+00 2.1214844873e-04
281 8.2605055754e+00 2.0709167632e-04
282 8.2563207605e+00 2.0652071153e-04
283 8.2520115702e+00 2.0284394777e-04
284 8.2476183111e+00 1.9545402030e-04
285 8.2434448817e+00 1.8754229517e-04
286 8.2395820573e+00 1.7961141713e-04
287 8.2358285651e+00 1.7915283925e-04
288 8.2318456012e+00 1.8266410315e-04
289 8.2276339270e+00 1.8381970771e-04
290 8.2234146985e+00 1.8020968190e-04
291 8.2193479655e+00 1.7760204398e-04
292 8.2152396300e+00 1.7797637614e-04
293 8.2109535330e+00 1.8023465301e-04
294 8.2067079394e+00 1.7677132464e-04
295 8.2026699407e+00 1.7354709551e-04
296 8.1987656204e+00 1.7093778659e-04
297 8.1948957244e+00 1.6866513034e-04
298 8.1912113828e+00 1.6377370506e-04
299 8.1878647813e+00 1.5615493093e-04
300 8.1847182618e+00 1.4934454488e-04
301 8.1816452990e+00 1.4460406786e-04
302 8.1786470628e+00 1.4023025684e-04
303 8.1756888710e+00 1.3699947281e-04
304 8.1725909541e+00 1.3678033275e-04
305 8.1691475461e+00 1.3866917061e-04
306 8.1654177436e+00 1.3801882355e-04
307 8.1616139951e+00 1.3652993240e-04
308 8.1577765820e+00 1.3460595116e-04
309 8.1538489601e+00 1.3388802648e-04
310 8.1497800489e+00 1.3454689324e-04
311 8.1456382730e+00 1.3428277750e-04
312 8.1414769939e+00 1.3353196152e-04
313 8.1373226085e+00 1.3261002585e-04
314 8.1331979230e+00 1.3101233921e-04
315 8.1291074768e+00 1.3040826695e-04
316 8.1251016586e+00 1.2953199367e-04
317 8.1211502166e+00 1.2819195363e-04
318 8.1171317785e+00 1.2613362430e-04
319 8.1131883942e+00 1.2501529223e-04
320 8.1094063343e+00 1.2358584329e-04
321 8.1057556114e+00 1.2000492815e-04
322 8.1022446656e+00 1.1619404197e-04
323 8.0989248784e+00 1.1152560497e-04
324 8.0959121754e+00 1.0590070429e-04
325 8.0931335248e+00 1.0104594583e-04
326 8.0903999747e+00 9.9833677221e-05
327 8.0876029642e+00 1.0047695177e-04
328 8.0846888286e+00 1.0100495853e-04
329 8.0817591830e+00 9.9569730215e-05
330 8.0788979964e+00 9.6060972114e-05
331 8.0761045778e+00 9.3770927414e-05
332 8.0733843120e+00 9.2636166091e-05
333 8.0706640670e+00 9.2345440702e-05
334 8.0679386639e+00 8.9891640527e-05
335 8.0652904026e+00 8.6893168232e-05
336 8.0627360044e+00 8.5862558127e-05
337 8.0602856493e+00 8.4519992821e-05
338 8.0578693160e+00 8.4071724645e-05
339 8.0554396231e+00 8.3469381784e-05
340 8.0530319552e+00 8.2219229554e-05
341 8.0507001305e+00 8.1285064111e-05
342 8.0484583143e+00 7.9500835193e-05
343 8.0462546574e+00 7.8106665524e-05
344 8.0440480357e+00 7.8408311880e-05
345 8.0418659208e+00 7.7804095593e-05
346 8.0397292511e+00 7.7464485299e-05
347 8.0374874103e+00 7.7010027400e-05
348 8.0351266381e+00 7.6601081432e-05
349 8.0328065470e+00 7.6212205945e-05
350 8.0304848703e+00 7.4563161103e-05
351 8.0281109178e+00 7.4633991531e-05
352 8.0256648489e+00 7.3787501317e-05
353 8.0231657178e+00 7.2749689059e-05
354 8.0207077501e+00 7.2731438120e-05
355 8.0182542908e+00 7.1318893545e-05
356 8.0158087674e+00 6.8839990418e-05
357 8.0134819961e+00 6.6209536328e-05
358 8.0113248087e+00 6.3213627460e-05
359 8.0092978553e+00 6.1307695187e-05
360 8.0072893331e+00 6.0106987740e-05
361 8.0052255016e+00 5.9396715481e-05
362 8.0031680881e+00 5.9684292723e-05
363 8.0010116713e+00 6.0359905411e-05
364 7.9986932706e+00 6.0890511890e-05
365 7.9962679767e+00 6.0749113675e-05
366 7.9938283592e+00 6.1115338616e-05
367 7.9912992950e+00 6.1398082458e-05
368 7.9886123126e+00 6.2318042293e-05
369 7.9857170859e+00 6.4079448108e-05
370 7.9826711987e+00 6.4900516804e-05
371 7.9795659830e+00 6.4911605896e-05
372 7.9763140033e+00 6.6186585306e-05
373 7.9728997575e+00 6.6589956441e-05
374 7.9693341885e+00 6.7474528336e-05
375 7.9657478390e+00 6.8137056671e-05
376 7.9620903052e+00 6.7802527950e-05
377 7.9583278171e+00 6.8422032125e-05
378 7.9543717827e+00 6.8795114474e-05
379 7.9503132432e+00 6.9751628960e-05
380 7.9460937029e+00 7.1230233888e-05
381 7.9415918844e+00 7.2121899636e-05
382 7.9368777553e+00 7.3190233848e-05
383 7.9320645693e+00 7.4120655363e-05
384 7.9272193004e+00 7.3712646038e-05
385 7.9223193870e+00 7.4063467694e-05
386 7.9174459278e+00 7.2757816374e-05
387 7.9126563108e+00 7.3316519831e-05
388 7.9077319401e+00 7.4140814381e-05
389 7.9027673567e+00 7.4374936288e-05
390 7.8977434660e+00 7.3612321961e-05
391 7.8927984183e+00 7.2163570022e-05
392 7.8880082992e+00 7.1769897150e-05
393 7.8832599198e+00 7.0673108654e-05
394 7.8785150278e+00 6.9784293627e-05
395 7.8738773356e+00 6.8924793332e-05
396 7.8694024247e+00 6.7382743243e-05
397 7.8650930365e+00 6.6225042614e-05
398 7.8608389480e+00 6.4974050136e-05
399 7.8567684676e+00 6.3527379358e-05
400 7.8528005742e+00 6.2683140903e-05
401 7.8489141349e+00 6.1882158293e-05
402 7.8450817824e+00 6.1558688305e-05
403 7.8412032975e+00 6.0973803990e-05
404 7.8373876980e+00 6.1030011254e-05
405 7.8335034817e+00 6.1331038690e-05
406 7.8296308711e+00 6.0246011512e-05
407 7.8259535308e+00 5.7593722737e-05
408 7.8226413952e+00 5.3100474801e-05
409 7.8197850724e+00 5.0491488861e-05
410 7.8171092170e+00 4.9028632749e-05
411 7.8145074318e+00 4.8369888450e-05
412 7.8118941371e+00 4.8144465560e-05
413 7.8092600425e+00 4.7694148003e-05
414 7.8066629349e+00 4.7698213077e-05
415 7.8039511640e+00 4.8647655046e-05
416 7.8010193373e+00 5.0283797724e-05
417 7.7978674064e+00 5.1640551144e-05
418 7.7946146662e+00 5.1714315927e-05
419 7.7912804753e+00 5.1630551429e-05
420 7.7879912736e+00 5.0015229073e-05
421 7.7849198747e+00 4.7764209227e-05
422 7.7820109556e+00 4.5981155060e-05
423 7.7791757301e+00 4.6390297639e-05
424 7.7762367998e+00 4.7003375752e-05
425 7.7731844034e+00 4.6793332754e-05
426 7.7701997730e+00 4.5482297864e-05
427 7.7673549490e+00 4.3313226264e-05
428 7.7646890670e+00 4.1991492264e-05
429 7.7621489328e+00 4.0963355390e-05
430 7.7596850970e+00 4.0822081426e-05
431 7.7571377877e+00 4.0655203050e-05
432 7.7545707891e+00 3.9934138472e-05
433 7.7520144797e+00 3.9173871081e-05
434 7.7495001177e+00 3.8751890023e-05
435 7.7469677463e+00 3.8911928717e-05
436 7.7443047090e+00 3.9253381724e-05
437 7.7415114935e+00 3.9561953594e-05
438 7.7386728167e+00 3.9291740784e-05
439 7.7357831440e+00 3.9725029789e-05
440 7.7327583443e+00 4.0206328911e-05
441 7.7296059943e+00 4.0428542418e-05
442 7.7263959478e+00 4.0076696189e-05
443 7.7232169847e+00 3.9875321914e-05
444 7.7199752711e+00 3.9730552141e-05
445 7.7167080413e+00 3.9074260034e-05
446 7.7134951872e+00 3.8780815835e-05
447 7.7102601402e+00 3.8805665300e-05
448 7.7069080297e+00 3.8820288874e-05
449 7.7035375745e+00 3.8294627768e-05
450 7.7002079136e+00 3.7918482153e-05
451 7.6969404321e+00 3.7591393619e-05
452 7.6936528561e+00 3.7339774578e-05
453 7.6903022332e+00 3.7208565250e-05
454 7.6869281090e+00 3.7162278641e-05
455 7.6834429280e+00 3.7600316511e-05
456 7.6798623595e+00 3.7774794080e-05
457 7.6761331129e+00 3.7809464655e-05
458 7.6723455083e+00 3.7792985495e-05
459 7.6685345131e+00 3.8241341904e-05
460 7.6646618539e+00 3.8347419039e-05
461 7.6606903417e+00 3.8303331199e-05
462 7.6567281991e+00 3.8337359921e-05
463 7.6527794718e+00 3.7992404318e-05
464 7.6488184420e+00 3.8226753692e-05
465 7.6447313477e+00 3.8952013319e-05
466 7.6404154317e+00 3.9552841372e-05
467 7.6359446471e+00 3.9921731306e-05
468 7.6314374912e+00 3.9640323525e-05
469 7.6268118588e+00 3.9941780440e-05
470 7.6221295076e+00 4.0234731138e-05
471 7.6173750170e+00 4.0322076920e-05
472 7.6125261111e+00 4.0908821880e-05
473 7.6074890095e+00 4.1534051764e-05
474 7.6022185450e+00 4.2125327982e-05
475 7.5966899948e+00 4.2946931724e-05
476 7.5909420724e+00 4.3207845318e-05
477 7.5850071005e+00 4.3923318952e-05
478 7.5788189480e+00 4.4999408864e-05
479 7.5723144956e+00 4.5586360781e-05
480 7.5656067461e+00 4.5982609578e-05
481 7.5588410551e+00 4.6156127215e-05
482 7.5518132246e+00 4.6781629207e-05
483 7.5446584024e+00 4.7102157466e-05
484 7.5375250197e+00 4.6767062583e-05
485 7.5303947679e+00 4.6491548631e-05
486 7.5233317449e+00 4.6155914448e-05
487 7.5162421369e+00 4.6305913980e-05
488 7.5090555519e+00 4.6950686239e-05
489 7.5015903231e+00 4.8017871272e-05
490 7.4937898609e+00 4.9081260993e-05
491 7.4856490650e+00 4.9001088624e-05
492 7.4775987286e+00 4.8664463970e-05
493 7.4696236323e+00 4.8631438611e-05
494 7.4614262656e+00 4.9919643315e-05
495 7.4525474799e+00 5.1740947720e-05
496 7.4430174085e+00 5.3176352706e-05
497 7.4329493223e+00 5.4263305797e-05
498 7.4226981343e+00 5.5095907204e-05
499 7.4118559458e+00 5.6044202175e-05
500 7.4004597802e+00 5.6946090449e-05
501 7.3892299175e+00 5.6980531537e-05
502 7.3779429195e+00 5.6625269551e-05
503 7.3665855273e+00 5.7008637769e-05
504 7.3551892519e+00 5.7007149816e-05
505 7.3439295033e+00 5.6405386603e-05
506 7.3331378718e+00 5.5295671765e-05
507 7.3225346334e+00 5.4612623598e-05
508 7.3120389692e+00 5.4275791077e-05
509 7.3018802668e+00 5.3737620431e-05
510 7.2921621507e+00 5.2741922913e-05
511 7.2825728593e+00 5.2413895416e-05
512 7.2730427003e+00 5.2455741112e-05
513 7.2634540454e+00 5.2599913396e-05
514 7.2538217129e+00 5.2389874049e-05
515 7.2441778919e+00 5.2353639862e-05
516 7.2346624732e+00 5.2439230553e-05
517 7.2250070091e+00 5.2785104682e-05
518 7.2152839269e+00 5.2371843708e-05
519 7.2058824935e+00 5.1680503579e-05
520 7.1966886266e+00 5.1471153352e-05
521 7.1875021289e+00 5.1536418988e-05
522 7.1781652422e+00 5.1854070976e-05
523 7.1688450833e+00 5.2021124812e-05
524 7.1593099262e+00 5.2785150330e-05
525 7.1494195059e+00 5.3968622819e-05
526 7.1393324930e+00 5.4262986497e-05
527 7.1291590874e+00 5.4405838228e-05
528 7.1188692898e+00 5.4997627457e-05
529 7.1084192094e+00 5.5314981232e-05
530 7.0977929809e+00 5.5894289952e-05
531 7.0869621316e+00 5.6589242121e-05
532 7.0757632209e+00 5.8061106694e-05
533 7.0642960126e+00 5.8821164804e-05
534 7.0524813898e+00 5.8932127443e-05
535 7.0403833904e+00 5.9946042082e-05
536 7.0281970548e+00 6.0069629385e-05
537 7.0159328847e+00 6.0115471729e-05
538 7.0035322406e+00 6.0583711314e-05
539 6.9911273480e+00 6.1305482749e-05
540 6.9787815036e+00 6.1748006732e-05
541 6.9662556986e+00 6.1842810911e-05
542 6.9536813597e+00 6.2523623165e-05
543 6.9408868654e+00 6.3181384882e-05
544 6.9276570477e+00 6.4134374747e-05
545 6.9140741926e+00 6.4967327924e-05
546 6.9002635264e+00 6.5632281977e-05
547 6.8865411392e+00 6.5533077595e-05
548 6.8727075393e+00 6.6053974301e-05
549 6.8588821998e+00 6.5871727164e-05
550 6.8451488803e+00 6.5663747367e-05
551 6.8318226440e+00 6.4781699836e-05
552 6.8192067950e+00 6.3097316258e-05
553 6.8075417866e+00 6.0246500248e-05
554 6.7970496386e+00 5.7249806857e-05
555 6.7874438221e+00 5.5040106247e-05
556 6.7783763702e+00 5.3727028516e-05
557 6.7695965254e+00 5.2982961269e-05
558 6.7610637632e+00 5.2674529081e-05
559 6.7524904448e+00 5.3139452997e-05
560 6.7438707017e+00 5.3414091056e-05
561 6.7353101666e+00 5.2911588421e-05
562 6.7270420819e+00 5.0989309694e-05
563 6.7192431563e+00 4.9619985680e-05
564 6.7117662459e+00 4.8952513941e-05
565 6.7045176790e+00 4.8897548864e-05
566 6.6972163369e+00 4.9240860841e-05
567 6.6897650465e+00 4.9041420889e-05
568 6.6824848405e+00 4.8507646605e-05
569 6.6754542754e+00 4.7565779713e-05
570 6.6688536978e+00 4.5957823957e-05
571 6.6625474911e+00 4.5520370558e-05
572 6.6562405841e+00 4.5788247743e-05
573 6.6499309147e+00 4.6049651050e-05
574 6.6435528025e+00 4.5880787703e-05
575 6.6373498938e+00 4.4491935507e-05
576 6.6313641275e+00 4.3356579622e-05
577 6.6256673130e+00 4.3062306747e-05
578 6.6202084989e+00 4.2561745102e-05
579 6.6148257256e+00 4.1624154659e-05
580 6.6096095126e+00 4.0631263127e-05
581 6.6046115940e+00 4.0445262491e-05
582 6.5996588078e+00 4.0524375429e-05
583 6.5946746753e+00 4.0595851268e-05
584 6.5896299831e+00 4.0048454963e-05
585 6.5848287804e+00 3.9557746614e-05
586 6.5800906183e+00 3.9461155554e-05
587 6.5753405829e+00 3.9753617692e-05
588 6.5705424664e+00 3.9670959521e-05
589 6.5657179247e+00 3.9265189635e-05
590 6.5609429590e+00 3.9705141667e-05
591 6.5560632570e+00 3.9740845093e-05
592 6.5511180343e+00 3.9692393414e-05
593 6.5461798479e+00 4.0118698607e-05
594 6.5411755126e+00 4.0476318884e-05
595 6.5360669398e+00 4.0804588258e-05
596 6.5310120675e+00 4.0357053315e-05
597 6.5260946824e+00 3.9901611470e-05
598 6.5211737606e+00 4.0227391585e-05
599 6.5162234056e+00 4.0768786833e-05
600 6.5111256687e+00 4.0937603936e-05
601 6.5058276283e+00 4.1276249175e-05
602 6.5005438138e+00 4.1224407977e-05
603 6.4953206712e+00 4.0832837686e-05
604 6.4901159898e+00 4.0318288456e-05
605 6.4850684051e+00 4.0068499456e-05
606 6.4800745608e+00 3.9919932579e-05
607 6.4752245549e+00 3.9637057848e-05
608 6.4704745506e+00 3.9345079942e-05
609 6.4657904039e+00 3.8908610852e-05
610 6.4611600875e+00 3.8636541099e-05
611 6.4565461206e+00 3.8061473018e-05
612 6.4520778344e+00 3.7709234519e-05
613 6.4477299232e+00 3.6975662908e-05
614 6.4434734843e+00 3.6334888574e-05
615 6.4393657378e+00 3.5698006069e-05
616 6.4353691354e+00 3.5106662184e-05
617 6.4315159989e+00 3.4530564979e-05
618 6.4277314903e+00 3.3948287968e-05
619 6.4239639031e+00 3.3798039302e-05
620 6.4202268757e+00 3.3899212556e-05
621 6.4164871560e+00 3.3701156752e-05
622 6.4127900177e+00 3.3555184228e-05
623 6.4091331227e+00 3.3028643019e-05
624 6.4055309054e+00 3.3107808319e-05
625 6.4019234069e+00 3.3116244620e-05
626 6.3983124804e+00 3.2967727526e-05
627 6.3946323684e+00 3.2903762447e-05
628 6.3909716263e+00 3.3014266928e-05
629 6.3873445355e+00 3.2765041919e-05
630 6.3837450498e+00 3.1999162217e-05
631 6.3801965463e+00 3.2027032445e-05
632 6.3766669551e+00 3.1997802876e-05
633 6.3731890058e+00 3.1630610190e-05
634 6.3697923440e+00 3.1114319532e-05
635 6.3664538367e+00 3.0947412869e-05
636 6.3631430466e+00 3.1053576174e-05
637 6.3597502220e+00 3.1313058678e-05
638 6.3562859629e+00 3.1792995747e-05
639 6.3527122217e+00 3.2341588680e-05
640 6.3489971879e+00 3.2816779756e-05
641 6.3451561512e+00 3.3206158915e-05
642 6.3412474499e+00 3.3618989203e-05
643 6.3372576145e+00 3.3490200089e-05
644 6.3332033555e+00 3.3720537311e-05
645 6.3291288118e+00 3.4151507754e-05
646 6.3250379043e+00 3.4500660796e-05
647 6.3208210597e+00 3.4631573688e-05
648 6.3165461738e+00 3.4927406428e-05
649 6.3121888873e+00 3.5312489653e-05
650 6.3077845617e+00 3.5615277764e-05
651 6.3033728671e+00 3.5629240112e-05
652 6.2989332029e+00 3.5406018023e-05
653 6.2946050442e+00 3.4923858086e-05
654 6.2904363492e+00 3.4314490587e-05
655 6.2863887348e+00 3.3797358245e-05
656 6.2823270509e+00 3.3904561343e-05
657 6.2781692450e+00 3.4483037995e-05
658 6.2739191398e+00 3.4766244305e-05
659 6.2696640956e+00 3.4582252678e-05
660 6.2654347904e+00 3.4059687159e-05
661 6.2613119495e+00 3.3772398939e-05
662 6.2572881530e+00 3.3545762125e-05
663 6.2532876637e+00 3.3214137620e-05
664 6.2494214758e+00 3.2710833994e-05
665 6.2456223821e+00 3.2381403266e-05
666 6.2419183797e+00 3.2088021839e-05
667 6.2382963176e+00 3.1902257052e-05
668 6.2347384489e+00 3.1272316234e-05
669 6.2312349624e+00 3.1132090101e-05
670 6.2277858517e+00 3.0978935472e-05
671 6.2244196463e+00 3.0550115900e-05
672 6.2211549533e+00 3.0214258074e-05
673 6.2179956545e+00 2.9362949620e-05
674 6.2149821348e+00 2.8854202569e-05
675 6.2120372140e+00 2.8595995632e-05
676 6.2091517207e+00 2.8327364002e-05
677 6.2063622003e+00 2.8185693536e-05
678 6.2035466052e+00 2.7799895880e-05
679 6.2007625766e+00 2.7483709567e-05
680 6.1980532217e+00 2.7216186980e-05
681 6.1953333134e+00 2.6915019166e-05
682 6.1926671837e+00 2.6483095353e-05
683 6.1900995620e+00 2.6090403351e-05
684 6.1875704122e+00 2.5851491209e-05
685 6.1850435816e+00 2.5768119634e-05
686 6.1825265454e+00 2.5761294970e-05
687 6.1800169150e+00 2.5532016390e-05
688 6.1775423731e+00 2.5748439036e-05
689 6.1750086705e+00 2.5790110317e-05
690 6.1724084773e+00 2.6118774926e-05
691 6.1696729743e+00 2.7124024298e-05
692 6.1667597670e+00 2.7912177560e-05
693 6.1636536681e+00 2.8333843285e-05
694 6.1604295312e+00 2.8652401757e-05
695 6.1571751981e+00 2.8682815452e-05
696 6.1539179607e+00 2.8482511291e-05
697 6.1507561348e+00 2.8219928155e-05
698 6.1476933156e+00 2.7643582697e-05
699 6.1446792096e+00 2.7366504372e-05
700 6.1417127874e+00 2.7466721940e-05
701 6.1387755291e+00 2.7792247153e-05
702 6.1357296698e+00 2.7797390552e-05
703 6.1327214484e+00 2.7426921659e-05
704 6.1298704618e+00 2.6302526497e-05
705 6.1272002504e+00 2.5438730487e-05
706 6.1246796513e+00 2.5053858746e-05
707 6.1221922581e+00 2.4823649363e-05
708 6.1196962101e+00 2.5019313236e-05
709 6.1172178261e+00 2.4849426475e-05
710 6.1147701722e+00 2.4353374953e-05
711 6.1123945637e+00 2.3953900809e-05
712 6.1100912609e+00 2.3767634283e-05
713 6.1078332790e+00 2.3632718449e-05
714 6.1055571027e+00 2.3541814475e-05
715 6.1032844850e+00 2.3473021737e-05
716 6.1010400523e+00 2.3177142060e-05
717 6.0988705508e+00 2.2456886663e-05
718 6.0968229940e+00 2.2020319602e-05
719 6.0948575257e+00 2.1642435202e-05
720 6.0929238512e+00 2.1660246197e-05
721 6.0909816975e+00 2.1430237560e-05
722 6.0890778250e+00 2.1235198824e-05
723 6.0871759962e+00 2.1206081559e-05
724 6.0852284825e+00 2.1333988270e-05
725 6.0832321484e+00 2.1487038930e-05
726 6.0812198514e+00 2.1561109130e-05
727 6.0791654866e+00 2.1773138174e-05
728 6.0770210649e+00 2.1986680582e-05
729 6.0748390648e+00 2.2579326266e-05
730 6.0725504364e+00 2.2689058096e-05
731 6.0701957640e+00 2.3161126340e-05
732 6.0677607190e+00 2.3470946532e-05
733 6.0652177086e+00 2.3929505293e-05
734 6.0625288083e+00 2.5053783299e-05
735 6.0596043162e+00 2.5842151315e-05
736 6.0564515563e+00 2.6764175106e-05
737 6.0531362022e+00 2.7151710463e-05
738 6.0497227154e+00 2.7478341574e-05
739 6.0463204278e+00 2.7760303397e-05
740 6.0428484758e+00 2.7872271262e-05
741 6.0392164523e+00 2.8661130412e-05
742 6.0354371317e+00 2.9228727374e-05
743 6.0315487738e+00 2.9233707866e-05
744 6.0275909160e+00 2.9464628322e-05
745 6.0234774637e+00 3.0246488108e-05
746 6.0191761375e+00 3.0771491035e-05
747 6.0147962186e+00 3.0947569765e-05
748 6.0104302558e+00 3.1014940731e-05
749 6.0059857343e+00 3.1617204262e-05
750 6.0013141028e+00 3.2307732151e-05
751 5.9964583732e+00 3.2286361152e-05
752 5.9915891909e+00 3.2445153343e-05
753 5.9866038510e+00 3.2929391525e-05
754 5.9815094794e+00 3.3101732852e-05
755 5.9764181274e+00 3.2987338539e-05
756 5.9714911105e+00 3.2779088899e-05
757 5.9665538183e+00 3.2679513398e-05
758 5.9615542850e+00 3.2663397674e-05
759 5.9567895996e+00 3.2372960433e-05
760 5.9521164525e+00 3.1876118681e-05
761 5.9474901297e+00 3.1867523824e-05
762 5.9429128210e+00 3.1699587410e-05
763 5.9384744184e+00 3.0782610865e-05
764 5.9342369728e+00 3.0514234336e-05
765 5.9300770115e+00 2.9930734523e-05
766 5.9260514092e+00 2.9461351689e-05
767 5.9221327591e+00 2.8916769416e-05
768 5.9182980199e+00 2.8964586147e-05
769 5.9144760352e+00 2.8834421242e-05
770 5.9106407793e+00 2.8851546995e-05
771 5.9068085919e+00 2.9106193455e-05
772 5.9029303584e+00 2.9174433131e-05
773 5.8990546916e+00 2.8939906072e-05
774 5.8952190087e+00 2.8830107036e-05
775 5.8914211692e+00 2.8787568579e-05
776 5.8876865461e+00 2.8247548811e-05
777 5.8841195778e+00 2.7624405126e-05
778 5.8806381386e+00 2.7390507238e-05
779 5.8772150854e+00 2.7398568779e-05
780 5.8738459461e+00 2.7263427401e-05
781 5.8705562850e+00 2.6861095825e-05
782 5.8672267808e+00 2.6885633983e-05
783 5.8639168503e+00 2.6766279106e-05
784 5.8606648592e+00 2.6791190814e-05
785 5.8574755477e+00 2.6586497280e-05
786 5.8543264243e+00 2.6555898258e-05
787 5.8511466682e+00 2.6439892144e-05
788 5.8479185829e+00 2.6861553501e-05
789 5.8446406082e+00 2.7088656596e-05
790 5.8412812316e+00 2.7090457130e-05
791 5.8379154069e+00 2.7005343955e-05
792 5.8345728443e+00 2.6820950964e-05
793 5.8312602836e+00 2.6852700204e-05
794 5.8279141170e+00 2.6766540468e-05
795 5.8246042903e+00 2.6762455781e-05
796 5.8213075441e+00 2.6846943755e-05
797 5.8179893512e+00 2.6811655337e-05
798 5.8146691472e+00 2.6975719623e-05
799 5.8112689831e+00 2.6861940732e-05
800 5.8078329702e+00 2.7038006362e-05
801 5.8043540629e+00 2.7492966378e-05
802 5.8008383558e+00 2.7242415640e-05
803 5.7973773419e+00 2.6946772910e-05
804 5.7939377486e+00 2.7041445346e-05
805 5.7905199960e+00 2.7189388861e-05
806 5.7871125265e+00 2.7165213567e-05
807 5.7836922076e+00 2.6767343289e-05
808 5.7803082596e+00 2.6719532734e-05
809 5.7769600209e+00 2.6592067459e-05
810 5.7735898497e+00 2.6406165168e-05
811 5.7702627822e+00 2.6387846885e-05
812 5.7669539501e+00 2.6364359510e-05
813 5.7636170361e+00 2.6209262276e-05
814 5.7603803689e+00 2.5697533715e-05
815 5.7572615343e+00 2.5123085470e-05
816 5.7542411609e+00 2.4861454737e-05
817 5.7512925549e+00 2.4546506497e-05
818 5.7483802444e+00 2.4644271095e-05
819 5.7454084611e+00 2.5075883951e-05
820 5.7423455865e+00 2.5305557630e-05
821 5.7392196672e+00 2.5531719598e-05
822 5.7360918468e+00 2.5373037415e-05
823 5.7329339457e+00 2.5634745961e-05
824 5.7297052175e+00 2.5816518928e-05
825 5.7264131439e+00 2.5950809418e-05
826 5.7231936827e+00 2.5634634187e-05
827 5.7200783491e+00 2.5286146031e-05
828 5.7170543761e+00 2.4872019469e-05
829 5.7140537910e+00 2.4334312326e-05
830 5.7112006041e+00 2.3603501211e-05
831 5.7085981425e+00 2.2823512713e-05
832 5.7060791069e+00 2.2340871100e-05
833 5.7036369660e+00 2.2404749637e-05
834 5.7011766805e+00 2.2624447456e-05
835 5.6986781331e+00 2.2576830742e-05
836 5.6961570260e+00 2.2711456449e-05
837 5.6936069559e+00 2.2669276954e-05
838 5.6910458451e+00 2.2609977975e-05
839 5.6885104198e+00 2.2537333929e-05
840 5.6859946520e+00 2.2405610241e-05
841 5.6834426590e+00 2.2678010644e-05
842 5.6808224817e+00 2.2879169832e-05
843 5.6780789381e+00 2.3653328688e-05
844 5.6751626671e+00 2.4353055445e-05
845 5.6720896793e+00 2.4970685494e-05
846 5.6689361074e+00 2.4931024430e-05
847 5.6657738051e+00 2.4792200424e-05
848 5.6625905997e+00 2.5194347508e-05
849 5.6593688865e+00 2.5222020219e-05
850 5.6560514863e+00 2.5348620207e-05
851 5.6526716236e+00 2.5684636571e-05
852 5.6492629100e+00 2.5752173916e-05
853 5.6458902768e+00 2.5605330799e-05
854 5.6425791651e+00 2.5568787932e-05
855 5.6391967122e+00 2.5683870208e-05
856 5.6357581991e+00 2.5950341890e-05
857 5.6322596740e+00 2.6109919766e-05
858 5.6287592434e+00 2.5918177084e-05
859 5.6252435693e+00 2.5889397579e-05
860 5.6216995665e+00 2.6105879763e-05
861 5.6181377301e+00 2.6536072023e-05
862 5.6145191971e+00 2.6452167512e-05
863 5.6109648946e+00 2.5948388965e-05
864 5.6075386304e+00 2.5455626990e-05
865 5.6042118690e+00 2.5555138133e-05
866 5.6008519257e+00 2.5815621772e-05
867 5.5973809970e+00 2.6066366601e-05
868 5.5938617322e+00 2.5802363343e-05
869 5.5904290324e+00 2.5451950593e-05
870 5.5870707811e+00 2.5334939760e-05
871 5.5837257594e+00 2.5412447593e-05
872 5.5802716195e+00 2.5697224396e-05
873 5.5768169175e+00 2.5853869297e-05
874 5.5734188977e+00 2.5872527914e-05
875 5.5699622678e+00 2.5967937322e-05
876 5.5665047085e+00 2.5808839065e-05
877 5.5631095444e+00 2.5695636024e-05
878 5.5597474978e+00 2.5670480479e-05
879 5.5563538528e+00 2.5746017003e-05
880 5.5529010140e+00 2.5777745481e-05
881 5.5494047617e+00 2.6034315418e-05
882 5.5459275844e+00 2.6145669743e-05
883 5.5424556989e+00 2.6109807007e-05
884 5.5388954759e+00 2.6464293335e-05
885 5.5352577785e+00 2.6951563172e-05
886 5.5315453242e+00 2.6905554513e-05
887 5.5278469891e+00 2.6750129987e-05
888 5.5242453590e+00 2.6458284555e-05
889 5.5206052333e+00 2.6427800571e-05
890 5.5170069788e+00 2.6369118056e-05
891 5.5134458107e+00 2.6300334934e-05
892 5.5099255910e+00 2.6034935168e-05
893 5.5063886943e+00 2.5925200612e-05
894 5.5029050051e+00 2.5937239797e-05
895 5.4994456723e+00 2.5885692862e-05
896 5.4959782789e+00 2.5864305783e-05
897 5.4925141150e+00 2.5922726915e-05
898 5.4890881293e+00 2.5613182966e-05
899 5.4858308996e+00 2.4996975970e-05
900 5.4827373527e+00 2.4327117591e-05
901 5.4797740639e+00 2.4025860201e-05
902 5.4768391158e+00 2.3809643917e-05
903 5.4740254449e+00 2.3503484328e-05
904 5.4713014162e+00 2.3145656374e-05
905 5.4686657757e+00 2.2425446876e-05
906 5.4661589647e+00 2.1676476990e-05
907 5.4638044454e+00 2.1340815702e-05
908 5.4615170020e+00 2.1048409081e-05
909 5.4592929682e+00 2.0655107639e-05
910 5.4571323614e+00 2.0294281867e-05
911 5.4550718497e+00 1.9997071431e-05
912 5.4530344450e+00 1.9816831640e-05
913 5.4509736763e+00 1.9792501141e-05
914 5.4489430006e+00 1.9937650669e-05
915 5.4468847660e+00 2.0063301581e-05
916 5.4447928656e+00 2.0455902870e-05
917 5.4426852483e+00 2.0481988775e-05
918 5.4405293307e+00 2.0359404061e-05
919 5.4383995825e+00 2.0441411913e-05
920 5.4362393325e+00 2.0459859174e-05
921 5.4340845594e+00 2.0508079704e-05
922 5.4319164870e+00 2.0675943674e-05
923 5.4296928101e+00 2.0925858095e-05
924 5.4274364952e+00 2.1207502620e-05
925 5.4251117383e+00 2.1497857850e-05
926 5.4227039283e+00 2.1556252090e-05
927 5.4202902464e+00 2.1610584204e-05
928 5.4178993052e+00 2.1499847413e-05
929 5.4155091837e+00 2.1518700591e-05
930 5.4131392276e+00 2.1667254611e-05
931 5.4107138885e+00 2.1756361163e-05
932 5.4082166262e+00 2.2303245683e-05
933 5.4056308250e+00 2.2370542711e-05
934 5.4030019183e+00 2.2379226164e-05
935 5.4003798495e+00 2.2319902253e-05
936 5.3977730279e+00 2.2118777380e-05
937 5.3952558564e+00 2.1836720113e-05
938 5.3927631510e+00 2.1685199051e-05
939 5.3903235988e+00 2.1680062482e-05
940 5.3878990928e+00 2.1306119959e-05
941 5.3855103715e+00 2.1008586306e-05
942 5.3831829761e+00 2.0892363455e-05
943 5.3809094720e+00 2.0820955609e-05
944 5.3786544710e+00 2.0531213208e-05
945 5.3764695793e+00 2.0281419640e-05
946 5.3743696879e+00 1.9918067699e-05
947 5.3723256925e+00 1.9648431946e-05
948 5.3703396830e+00 1.9542750855e-05
949 5.3683867346e+00 1.9325071691e-05
950 5.3664285293e+00 1.9341048266e-05
951 5.3644603936e+00 1.9246191917e-05
952 5.3624952294e+00 1.9186612512e-05
953 5.3605334528e+00 1.9152314128e-05
954 5.3585951701e+00 1.8956509682e-05
955 5.3567017719e+00 1.8813278034e-05
956 5.3548153877e+00 1.8762633412e-05
957 5.3529476877e+00 1.8829599851e-05
958 5.3511039703e+00 1.8705735557e-05
959 5.3492588660e+00 1.8526377213e-05
960 5.3474679641e+00 1.8411716381e-05
961 5.3456741954e+00 1.8410618918e-05
962 5.3438409835e+00 1.8539267036e-05
963 5.3420048357e+00 1.8592613037e-05
964 5.3401282098e+00 1.8520812770e-05
965 5.3382369899e+00 1.8538623002e-05
966 5.3363511508e+00 1.8717615972e-05
967 5.3344547225e+00 1.8918636565e-05
968 5.3324778416e+00 1.9239443760e-05
969 5.3304290331e+00 1.9421966350e-05
970 5.3283462311e+00 1.9516352465e-05
971 5.3262761881e+00 1.9426536683e-05
972 5.3242209676e+00 1.9325647291e-05
973 5.3221670887e+00 1.9069122981e-05
974 5.3201669372e+00 1.8908344388e-05
975 5.3182189533e+00 1.8753580203e-05
976 5.3163128382e+00 1.8565187250e-05
977 5.3144115760e+00 1.8427128552e-05
978 5.3125002140e+00 1.8604976776e-05
979 5.3106061301e+00 1.8728914617e-05
980 5.3086500562e+00 1.8723494779e-05
981 5.3066734947e+00 1.8824320411e-05
982 5.3047019708e+00 1.8677831051e-05
983 5.3027784673e+00 1.8499739571e-05
984 5.3008948807e+00 1.8529749443e-05
985 5.2989575555e+00 1.8754228911e-05
986 5.2969438867e+00 1.9136291716e-05
987 5.2949188033e+00 1.9059387522e-05
988 5.2929445145e+00 1.8717715515e-05
989 5.2910173220e+00 1.8292412343e-05
990 5.2890825287e+00 1.8433296135e-05
991 5.2871660573e+00 1.8572318955e-05
992 5.2852450939e+00 1.8313402409e-05
993 5.2833579578e+00 1.8182653822e-05
994 5.2814989357e+00 1.7839847581e-05
995 5.2797290486e+00 1.7454508442e-05
996 5.2780357222e+00 1.7323801845e-05
997 5.2763716679e+00 1.7210764020e-05
998 5.2746818182e+00 1.7396522529e-05
999 5.2729708276e+00 1.7490603924e-05
1000 5.2712416183e+00 1.7352695406e-05
1001 5.2695067431e+00 1.7306593647e-05
1002 5.2677740164e+00 1.7261367396e-05
1003 5.2659882695e+00 1.7500846494e-05
1004 5.2641770364e+00 1.7506328784e-05
1005 5.2623931185e+00 1.7217931599e-05
1006 5.2606579524e+00 1.7158382508e-05
1007 5.2589242946e+00 1.7109806458e-05
1008 5.2571935315e+00 1.7179922415e-05
1009 5.2554724954e+00 1.7189584760e-05
1010 5.2537372313e+00 1.7024622225e-05
1011 5.2520126024e+00 1.6797696069e-05
1012 5.2503207947e+00 1.6672220617e-05
1013 5.2486652819e+00 1.6629488924e-05
1014 5.2470025072e+00 1.6722923834e-05
1015 5.2453180937e+00 1.6793978246e-05
1016 5.2436195246e+00 1.6889305092e-05
1017 5.2419076798e+00 1.6975685182e-05
1018 5.2401515165e+00 1.7220314611e-05
1019 5.2383585776e+00 1.7150088631e-05
1020 5.2365756532e+00 1.7157178363e-05
1021 5.2348147380e+00 1.7166433366e-05
1022 5.2330532864e+00 1.7075625971e-05
1023 5.2312692811e+00 1.7104933290e-05
1024 5.2295185034e+00 1.6948434947e-05
1025 5.2277751431e+00 1.6810245192e-05
1026 5.2260123631e+00 1.7145274171e-05
1027 5.2241922555e+00 1.7213397219e-05
1028 5.2223589509e+00 1.7073478889e-05
1029 5.2205415077e+00 1.6977458421e-05
1030 5.2187710180e+00 1.6819553828e-05
1031 5.2170337522e+00 1.6657777911e-05
1032 5.2152994536e+00 1.6541811338e-05
1033 5.2135697366e+00 1.6517937781e-05
1034 5.2118732654e+00 1.6565873916e-05
1035 5.2101502536e+00 1.6585812646e-05
1036 5.2084137294e+00 1.6534204784e-05
1037 5.2066963187e+00 1.6312000509e-05
1038 5.2050148591e+00 1.6139302124e-05
1039 5.2033473007e+00 1.6075206966e-05
1040 5.2016760218e+00 1.6219734513e-05
1041 5.1999877710e+00 1.6114216333e-05
1042 5.1983306962e+00 1.5951983195e-05
1043 5.1966847533e+00 1.5981465999e-05
1044 5.1950028653e+00 1.6069069754e-05
1045 5.1932623675e+00 1.6318688094e-05
1046 5.1914901079e+00 1.6686675682e-05
1047 5.1896859536e+00 1.6748704182e-05
1048 5.1878264954e+00 1.7038127294e-05
1049 5.1859432893e+00 1.6973945192e-05
1050 5.1840875435e+00 1.6958165431e-05
1051 5.1822599166e+00 1.6969957780e-05
1052 5.1804397744e+00 1.6756742040e-05
1053 5.1785939937e+00 1.6810059248e-05
1054 5.1767101564e+00 1.6707582054e-05
1055 5.1748653894e+00 1.6578405703e-05
1056 5.1730221812e+00 1.6633691897e-05
1057 5.1711441661e+00 1.6786510937e-05
1058 5.1692309810e+00 1.6843767349e-05
1059 5.1672924153e+00 1.6961044661e-05
1060 5.1653492138e+00 1.6646430524e-05
1061 5.1634689098e+00 1.6431716347e-05
1062 5.1616401490e+00 1.6348733396e-05
1063 5.1597918901e+00 1.6436083471e-05
1064 5.1579145153e+00 1.6715800630e-05
1065 5.1559666809e+00 1.6845155537e-05
1066 5.1540018306e+00 1.6891229735e-05
1067 5.1520362045e+00 1.6961595680e-05
1068 5.1500617163e+00 1.7023281978e-05
1069 5.1480823403e+00 1.7224123544e-05
1070 5.1460397448e+00 1.7535789975e-05
1071 5.1439497986e+00 1.7619294840e-05
1072 5.1417867974e+00 1.7811104971e-05
1073 5.1395592250e+00 1.8167997746e-05
1074 5.1372300523e+00 1.8428525574e-05
1075 5.1348123934e+00 1.8592234402e-05
1076 5.1323665408e+00 1.8683839972e-05
1077 5.1298763991e+00 1.9013573839e-05
1078 5.1272768973e+00 1.9455888263e-05
1079 5.1245844064e+00 1.9640987951e-05
1080 5.1218921097e+00 1.9701516431e-05
1081 5.1191832630e+00 1.9717563173e-05
1082 5.1164619119e+00 1.9723361405e-05
1083 5.1137336117e+00 1.9801704324e-05
1084 5.1110101908e+00 1.9847332707e-05
1085 5.1082666455e+00 1.9886048569e-05
1086 5.1055336638e+00 1.9813455648e-05
1087 5.1028345924e+00 1.9600758734e-05
1088 5.1002015981e+00 1.9402610757e-05
1089 5.0976473579e+00 1.9140906032e-05
1090 5.0951252170e+00 1.9062017461e-05
1091 5.0925955767e+00 1.9012278199e-05
1092 5.0900705998e+00 1.8980967800e-05
1093 5.0875864851e+00 1.9129011357e-05
1094 5.0850849382e+00 1.9107982074e-05
1095 5.0825485600e+00 1.9014639497e-05
1096 5.0801127319e+00 1.8688171494e-05
1097 5.0777352271e+00 1.8371753730e-05
1098 5.0754174312e+00 1.8348840120e-05
1099 5.0730663817e+00 1.8344048401e-05
1100 5.0707171741e+00 1.8277635834e-05
1101 5.0683794733e+00 1.8376131653e-05
1102 5.0660600715e+00 1.8229697216e-05
1103 5.0637802377e+00 1.7919799762e-05
1104 5.0615531150e+00 1.7659628951e-05
1105 5.0594157838e+00 1.7427035193e-05
1106 5.0572873209e+00 1.7233403745e-05
1107 5.0551839078e+00 1.7017493012e-05
1108 5.0531447740e+00 1.7070771547e-05
1109 5.0511093594e+00 1.7108482447e-05
1110 5.0490040169e+00 1.7618144812e-05
1111 5.0467824427e+00 1.7961794038e-05
1112 5.0444543646e+00 1.8121163067e-05
1113 5.0420734766e+00 1.8325679889e-05
1114 5.0396418770e+00 1.8359731783e-05
1115 5.0372181369e+00 1.8315145840e-05
1116 5.0347961423e+00 1.8496358628e-05
1117 5.0323684081e+00 1.8533784506e-05
1118 5.0299089599e+00 1.8511838041e-05
1119 5.0273960793e+00 1.8803034474e-05
1120 5.0248540347e+00 1.8938311783e-05
1121 5.0222385750e+00 1.8926470990e-05
1122 5.0196643122e+00 1.8543709718e-05
1123 5.0172605423e+00 1.8047096906e-05
1124 5.0149510601e+00 1.7799389556e-05
1125 5.0127037335e+00 1.7532783077e-05
1126 5.0105218465e+00 1.7520780532e-05
1127 5.0083685084e+00 1.7272287697e-05
1128 5.0062317491e+00 1.7223961491e-05
1129 5.0041414409e+00 1.7135005350e-05
1130 5.0020584326e+00 1.6943489699e-05
1131 4.9999982390e+00 1.6985452152e-05
1132 4.9979395503e+00 1.6957327920e-05
1133 4.9958654397e+00 1.7143700808e-05
1134 4.9937549467e+00 1.7286884819e-05
1135 4.9916085908e+00 1.7239660487e-05
1136 4.9895033075e+00 1.7229799106e-05
1137 4.9874395692e+00 1.7106727257e-05
1138 4.9853576223e+00 1.7161777114e-05
1139 4.9832486429e+00 1.7197861014e-05
1140 4.9811370161e+00 1.7103603116e-05
1141 4.9790094013e+00 1.7317278970e-05
1142 4.9768029411e+00 1.7357844076e-05
1143 4.9746150831e+00 1.7576111122e-05
1144 4.9724032772e+00 1.7673751069e-05
1145 4.9701739215e+00 1.7620833489e-05
1146 4.9679085448e+00 1.7585648623e-05
1147 4.9657146097e+00 1.7311873164e-05
1148 4.9636043161e+00 1.7249684999e-05
1149 4.9614795960e+00 1.7286878726e-05
1150 4.9593442567e+00 1.7345605867e-05
1151 4.9572289044e+00 1.7262796150e-05
1152 4.9551535476e+00 1.7160313097e-05
1153 4.9530759952e+00 1.7050608142e-05
1154 4.9509960014e+00 1.7104227053e-05
1155 4.9489097200e+00 1.7197172501e-05
1156 4.9468136093e+00 1.7190699408e-05
1157 4.9447070643e+00 1.7151963370e-05
1158 4.9426144072e+00 1.7038472035e-05
1159 4.9405525582e+00 1.6865890497e-05
1160 4.9385338729e+00 1.6947551271e-05
1161 4.9365134208e+00 1.6928066752e-05
1162 4.9344822035e+00 1.6950385845e-05
1163 4.9324574688e+00 1.6996536429e-05
1164 4.9304375533e+00 1.6928276703e-05
1165 4.9283949789e+00 1.6937590366e-05
1166 4.9263028109e+00 1.7046731799e-05
1167 4.9241839105e+00 1.7164793021e-05
1168 4.9220718484e+00 1.7089940595e-05
1169 4.9199756102e+00 1.7241033548e-05
1170 4.9178604473e+00 1.7381829677e-05
1171 4.9157143880e+00 1.7402203222e-05
1172 4.9135622793e+00 1.7369311988e-05
1173 4.9114609167e+00 1.7164449254e-05
1174 4.9094013394e+00 1.6992767940e-05
1175 4.9073486860e+00 1.6909031375e-05
1176 4.9052820931e+00 1.6894554101e-05
1177 4.9032089118e+00 1.7098371034e-05
1178 4.9011314760e+00 1.7318852409e-05
1179 4.8989864552e+00 1.7312375168e-05
1180 4.8968930853e+00 1.6979839878e-05
1181 4.8948981183e+00 1.6544034683e-05
1182 4.8929694249e+00 1.6142375658e-05
1183 4.8911125623e+00 1.6063448944e-05
1184 4.8892875401e+00 1.5626772562e-05
1185 4.8875453280e+00 1.5285582408e-05
1186 4.8859034473e+00 1.4911429436e-05
1187 4.8842951541e+00 1.4709659882e-05
1188 4.8826920059e+00 1.4673275272e-05
1189 4.8811441189e+00 1.4545401100e-05
1190 4.8796275961e+00 1.4425628162e-05
1191 4.8781065693e+00 1.4304734301e-05
1192 4.8766078557e+00 1.4336790525e-05
1193 4.8751500607e+00 1.4257730162e-05
1194 4.8736934643e+00 1.4256790903e-05
1195 4.8722331303e+00 1.4204637986e-05
1196 4.8707631358e+00 1.4224960456e-05
1197 4.8692794388e+00 1.4270041069e-05
1198 4.8678090927e+00 1.4332763271e-05
1199 4.8663294157e+00 1.4396534099e-05
1200 4.8648191976e+00 1.4418146966e-05
1201 4.8633120113e+00 1.4444388047e-05
1202 4.8618104110e+00 1.4507599775e-05
1203 4.8602881653e+00 1.4573320611e-05
1204 4.8587252973e+00 1.4566328009e-05
1205 4.8571275610e+00 1.4685655660e-05
1206 4.8555432993e+00 1.4791699722e-05
1207 4.8539382194e+00 1.4858157807e-05
1208 4.8523064127e+00 1.4898057789e-05
1209 4.8506701523e+00 1.4937148410e-05
1210 4.8490214924e+00 1.5020673993e-05
1211 4.8473665844e+00 1.4999844438e-05
1212 4.8457423365e+00 1.4870469324e-05
1213 4.8441250173e+00 1.4716794576e-05
1214 4.8425002685e+00 1.4666013998e-05
1215 4.8409090669e+00 1.4591677747e-05
1216 4.8393150735e+00 1.4570304603e-05
1217 4.8377242895e+00 1.4475162086e-05
1218 4.8361171289e+00 1.4468949482e-05
1219 4.8345266681e+00 1.4523492116e-05
1220 4.8329347351e+00 1.4606183053e-05
1221 4.8313185899e+00 1.4680723177e-05
1222 4.8297158722e+00 1.4409094427e-05
1223 4.8281613138e+00 1.4273396887e-05
1224 4.8266167208e+00 1.4356486448e-05
1225 4.8250414738e+00 1.4477183164e-05
1226 4.8234108444e+00 1.4711360280e-05
1227 4.8217526567e+00 1.4758438759e-05
1228 4.8201177446e+00 1.4636617397e-05
1229 4.8184826783e+00 1.4491514164e-05
1230 4.8168488989e+00 1.4429046553e-05
1231 4.8152345079e+00 1.4451244550e-05
1232 4.8136533630e+00 1.4444157094e-05
1233 4.8120889327e+00 1.4255394315e-05
1234 4.8105467544e+00 1.4178644333e-05
1235 4.8090266891e+00 1.4099833982e-05
1236 4.8075245414e+00 1.4049149937e-05
1237 4.8060335195e+00 1.4004358442e-05
1238 4.8045500766e+00 1.3880425963e-05
1239 4.8030888927e+00 1.3922532091e-05
1240 4.8016265878e+00 1.3809042046e-05
1241 4.8001485771e+00 1.3898317066e-05
1242 4.7986492881e+00 1.4188798531e-05
1243 4.7971115967e+00 1.4084969979e-05
1244 4.7955511385e+00 1.4202686088e-05
1245 4.7939844989e+00 1.4417511094e-05
1246 4.7923952383e+00 1.4296468157e-05
1247 4.7908125434e+00 1.4090642626e-05
1248 4.7892968700e+00 1.3659376877e-05
1249 4.7878641599e+00 1.3380144944e-05
1250 4.7864993798e+00 1.3128552497e-05
1251 4.7851537049e+00 1.2997411212e-05
1252 4.7838339003e+00 1.2875020546e-05
1253 4.7825303021e+00 1.2875358105e-05
1254 4.7812156035e+00 1.2868039786e-05
1255 4.7799186312e+00 1.2645201657e-05
1256 4.7786513649e+00 1.2434433167e-05
1257 4.7774503535e+00 1.2264913022e-05
1258 4.7762816280e+00 1.2071727926e-05
1259 4.7751244027e+00 1.1894941121e-05
1260 4.7739673172e+00 1.2094910027e-05
1261 4.7727858226e+00 1.2153357256e-05
1262 4.7715751476e+00 1.2371573949e-05
1263 4.7703312381e+00 1.2481565469e-05
1264 4.7690593055e+00 1.2624392118e-05
1265 4.7677746192e+00 1.2757139284e-05
1266 4.7664821278e+00 1.2713739691e-05
1267 4.7652066231e+00 1.2682370362e-05
1268 4.7639195911e+00 1.2711510671e-05
1269 4.7626028910e+00 1.2688427128e-05
1270 4.7612708506e+00 1.2779650138e-05
1271 4.7599484085e+00 1.2765001493e-05
1272 4.7586297891e+00 1.2572849639e-05
1273 4.7573420424e+00 1.2573066191e-05
1274 4.7560757083e+00 1.2665780831e-05
1275 4.7547697037e+00 1.2640954763e-05
1276 4.7534374087e+00 1.2681671423e-05
1277 4.7521271566e+00 1.2561764056e-05
1278 4.7508214708e+00 1.2468653531e-05
1279 4.7495498997e+00 1.2505517753e-05
1280 4.7482795286e+00 1.2538489050e-05
1281 4.7469788576e+00 1.2646079043e-05
1282 4.7456288875e+00 1.2855926494e-05
1283 4.7442559744e+00 1.2966182068e-05
1284 4.7428740505e+00 1.2872526200e-05
1285 4.7414885079e+00 1.2775779944e-05
1286 4.7401466988e+00 1.2989761155e-05
1287 4.7387432637e+00 1.3261483273e-05
1288 4.7372448775e+00 1.3502597309e-05
1289 4.7357221678e+00 1.3551740556e-05
1290 4.7341491875e+00 1.3689663572e-05
1291 4.7325354253e+00 1.3910804775e-05
1292 4.7308542602e+00 1.4207519402e-05
1293 4.7291281815e+00 1.4291448144e-05
1294 4.7273589846e+00 1.4505373980e-05
1295 4.7255660062e+00 1.4606584297e-05
1296 4.7237727136e+00 1.4804544432e-05
1297 4.7219158204e+00 1.5100685602e-05
1298 4.7200298139e+00 1.5158525152e-05
1299 4.7181198809e+00 1.5059537520e-05
1300 4.7162544923e+00 1.4877608339e-05
1301 4.7144333926e+00 1.4792022765e-05
1302 4.7125897036e+00 1.4855105654e-05
1303 4.7107040997e+00 1.4854885828e-05
1304 4.7088472967e+00 1.4896990680e-05
1305 4.7070037952e+00 1.4718463642e-05
1306 4.7051855155e+00 1.4463621825e-05
1307 4.7034227494e+00 1.4410000106e-05
1308 4.7016833151e+00 1.4197371180e-05
1309 4.6999613541e+00 1.4145340499e-05
1310 4.6982632302e+00 1.4139308707e-05
1311 4.6965744542e+00 1.4180578436e-05
1312 4.6948833288e+00 1.4122482220e-05
1313 4.6931979869e+00 1.3901060979e-05
1314 4.6915704558e+00 1.3768543725e-05
1315 4.6899815363e+00 1.3661067015e-05
1316 4.6883879171e+00 1.3625659808e-05
1317 4.6868174819e+00 1.3571254370e-05
1318 4.6852548712e+00 1.3325302007e-05
1319 4.6837156064e+00 1.3353834527e-05
1320 4.6821890187e+00 1.3375948441e-05
1321 4.6806782085e+00 1.3294424508e-05
1322 4.6791815156e+00 1.3092175776e-05
1323 4.6777219892e+00 1.3052249364e-05
1324 4.6762836714e+00 1.3198694844e-05
1325 4.6748346543e+00 1.3194196635e-05
1326 4.6733649449e+00 1.3053460160e-05
1327 4.6719025905e+00 1.3027605482e-05
1328 4.6704892050e+00 1.2884873681e-05
1329 4.6690686499e+00 1.2954734441e-05
1330 4.6676264720e+00 1.3093733192e-05
1331 4.6661797559e+00 1.2901439912e-05
1332 4.6647402635e+00 1.2889236988e-05
1333 4.6632973484e+00 1.2893462575e-05
1334 4.6618659663e+00 1.2854540729e-05
1335 4.6604510715e+00 1.2649663337e-05
1336 4.6590551201e+00 1.2553722947e-05
1337 4.6576575217e+00 1.2651415842e-05
1338 4.6562344982e+00 1.2638832517e-05
1339 4.6548302204e+00 1.2426970071e-05
1340 4.6534795174e+00 1.2253528206e-05
1341 4.6521581816e+00 1.2210117860e-05
1342 4.6508419370e+00 1.2200042210e-05
1343 4.6495753773e+00 1.2078234729e-05
1344 4.6483150020e+00 1.1896993810e-05
1345 4.6470581279e+00 1.1969772923e-05
1346 4.6457904259e+00 1.2020648339e-05
1347 4.6444960154e+00 1.2009424926e-05
1348 4.6432049892e+00 1.1971665056e-05
1349 4.6418862690e+00 1.2257808393e-05
1350 4.6405225785e+00 1.2476170874e-05
1351 4.6391078101e+00 1.2755932368e-05
1352 4.6376475618e+00 1.2910350927e-05
1353 4.6361500520e+00 1.3048440287e-05
1354 4.6345889082e+00 1.3249865384e-05
1355 4.6329780945e+00 1.3491561043e-05
1356 4.6313471938e+00 1.3620318190e-05
1357 4.6296443111e+00 1.3620224793e-05
1358 4.6279022911e+00 1.3856101217e-05
1359 4.6261376685e+00 1.4049802509e-05
1360 4.6243649539e+00 1.4032998729e-05
1361 4.6225618504e+00 1.4022157827e-05
1362 4.6207782516e+00 1.4142221197e-05
1363 4.6189698755e+00 1.4252859611e-05
1364 4.6171373129e+00 1.4282276933e-05
1365 4.6153006618e+00 1.4396742151e-05
1366 4.6134267521e+00 1.4407995407e-05
1367 4.6115538637e+00 1.4453508676e-05
1368 4.6096468322e+00 1.4577893675e-05
1369 4.6077222627e+00 1.4667277511e-05
1370 4.6057648823e+00 1.4612124336e-05
1371 4.6038158191e+00 1.4590455632e-05
1372 4.6018723354e+00 1.4555040731e-05
1373 4.5999332875e+00 1.4488841456e-05
1374 4.5979778906e+00 1.4591183218e-05
1375 4.5960158881e+00 1.4558484091e-05
1376 4.5940776944e+00 1.4530481057e-05
1377 4.5921567888e+00 1.4383804038e-05
1378 4.5902854083e+00 1.4315928278e-05
1379 4.5884599336e+00 1.4133126443e-05
1380 4.5866896613e+00 1.4021773160e-05
1381 4.5849203061e+00 1.4011523816e-05
1382 4.5831347356e+00 1.4009450508e-05
1383 4.5813503198e+00 1.4089055070e-05
1384 4.5795600261e+00 1.4126680964e-05
1385 4.5777396300e+00 1.4163140637e-05
1386 4.5759339924e+00 1.4324221621e-05
1387 4.5740913395e+00 1.4531395876e-05
1388 4.5721655527e+00 1.4674608088e-05
1389 4.5701861545e+00 1.4834260105e-05
1390 4.5682077624e+00 1.4651263006e-05
1391 4.5662818418e+00 1.4437539731e-05
1392 4.5644229852e+00 1.4062773292e-05
1393 4.5626317645e+00 1.3944875314e-05
1394 4.5608408331e+00 1.3979882928e-05
1395 4.5590249175e+00 1.4120599417e-05
1396 4.5572504071e+00 1.4255007071e-05
1397 4.5554709927e+00 1.4331527138e-05
1398 4.5536400040e+00 1.4285508341e-05
1399 4.5517885512e+00 1.4160377314e-05
1400 4.5499666187e+00 1.4110518749e-05
1401 4.5481676137e+00 1.4114433342e-05
1402 4.5463974316e+00 1.4125913062e-05
1403 4.5446249588e+00 1.4197866137e-05
1404 4.5428351627e+00 1.4200327065e-05
1405 4.5410633725e+00 1.4056030442e-05
1406 4.5393080481e+00 1.3881613349e-05
1407 4.5375907478e+00 1.3776898551e-05
1408 4.5358998923e+00 1.3586412358e-05
1409 4.5342499450e+00 1.3430427018e-05
1410 4.5326603762e+00 1.3285656867e-05
1411 4.5310999236e+00 1.3250450598e-05
1412 4.5295613693e+00 1.3268355650e-05
1413 4.5280218361e+00 1.3159456853e-05
1414 4.5264749603e+00 1.2997160143e-05
1415 4.5249717577e+00 1.2797427437e-05
1416 4.5234871829e+00 1.2714427533e-05
1417 4.5219909631e+00 1.2733887145e-05
1418 4.5205157586e+00 1.2679577829e-05
1419 4.5190489178e+00 1.2445398263e-05
1420 4.5176375436e+00 1.2284923684e-05
1421 4.5162672051e+00 1.2154201974e-05
1422 4.5149013052e+00 1.2110435994e-05
1423 4.5135695986e+00 1.2090484703e-05
1424 4.5122661920e+00 1.1922105657e-05
1425 4.5109697258e+00 1.1646978328e-05
1426 4.5097251242e+00 1.1498244719e-05
1427 4.5085207195e+00 1.1405184216e-05
1428 4.5073546960e+00 1.1152460549e-05
1429 4.5062349781e+00 1.0908229145e-05
1430 4.5051900001e+00 1.0654780547e-05
1431 4.5041859385e+00 1.0433930127e-05
1432 4.5032109562e+00 1.0189155485e-05
1433 4.5022756883e+00 1.0085282897e-05
1434 4.5013653518e+00 9.8501649682e-06
1435 4.5004889977e+00 9.6663743342e-06
1436 4.4996451788e+00 9.5603013725e-06
1437 4.4988244678e+00 9.3747731109e-06
1438 4.4980173648e+00 9.3875356718e-06
1439 4.4972100020e+00 9.3884071820e-06
1440 4.4963882542e+00 9.4661032343e-06
1441 4.4955638278e+00 9.4625370181e-06
1442 4.4947263901e+00 9.5535280306e-06
1443 4.4938714339e+00 9.6526775392e-06
1444 4.4929934140e+00 9.8729023574e-06
1445 4.4920804684e+00 9.9284993435e-06
1446 4.4911469793e+00 9.9625383715e-06
1447 4.4902101575e+00 9.9266308149e-06
1448 4.4892866810e+00 9.8695528610e-06
1449 4.4883564219e+00 1.0049126012e-05
1450 4.4874080536e+00 1.0137524174e-05
1451 4.4864433965e+00 1.0224339582e-05
1452 4.4854831200e+00 1.0197776013e-05
1453 4.4845008499e+00 1.0302386922e-05
1454 4.4834821673e+00 1.0504353324e-05
1455 4.4824319118e+00 1.0629270479e-05
1456 4.4813764886e+00 1.0611804540e-05
1457 4.4803143733e+00 1.0661694334e-05
1458 4.4792210482e+00 1.0867925830e-05
1459 4.4780940099e+00 1.0981368381e-05
1460 4.4769538282e+00 1.1004819472e-05
1461 4.4758094124e+00 1.0932700206e-05
1462 4.4746467820e+00 1.1033732753e-05
1463 4.4734549568e+00 1.1070567507e-05
1464 4.4722454218e+00 1.1234164873e-05
1465 4.4710157425e+00 1.1312813447e-05
1466 4.4697489439e+00 1.1377458201e-05
1467 4.4684507435e+00 1.1496798902e-05
1468 4.4671336879e+00 1.1616402419e-05
1469 4.4658376160e+00 1.1525837925e-05
1470 4.4645249762e+00 1.1679119081e-05
1471 4.4631602706e+00 1.2024907156e-05
1472 4.4617451094e+00 1.2134469840e-05
1473 4.4602867171e+00 1.2312502185e-05
1474 4.4588128577e+00 1.2255534589e-05
1475 4.4573471158e+00 1.2302096211e-05
1476 4.4558362434e+00 1.2378078200e-05
1477 4.4542991683e+00 1.2553738394e-05
1478 4.4527362818e+00 1.2667883363e-05
1479 4.4511760327e+00 1.2586023252e-05
1480 4.4496358942e+00 1.2619833785e-05
1481 4.4480902784e+00 1.2532209959e-05
1482 4.4465781822e+00 1.2456677360e-05
1483 4.4450853727e+00 1.2374035597e-05
1484 4.4435726950e+00 1.2419459738e-05
1485 4.4420352501e+00 1.2509142933e-05
1486 4.4405127964e+00 1.2503689161e-05
1487 4.4390007053e+00 1.2434172198e-05
1488 4.4374922186e+00 1.2428585583e-05
1489 4.4359828789e+00 1.2536222396e-05
1490 4.4344588481e+00 1.2538610194e-05
1491 4.4329071995e+00 1.2671470356e-05
1492 4.4313355020e+00 1.2681862439e-05
1493 4.4297663822e+00 1.2681188352e-05
1494 4.4282015462e+00 1.2406028653e-05
1495 4.4266815770e+00 1.2285863298e-05
1496 4.4252202735e+00 1.2227609077e-05
1497 4.4237760209e+00 1.2167086625e-05
1498 4.4223346626e+00 1.2257602869e-05
1499 4.4208767576e+00 1.2270141751e-05
1500 4.4193859124e+00 1.2360123052e-05
1501 4.4178594306e+00 1.2480244847e-05
1502 4.4162885380e+00 1.2510493365e-05
1503 4.4147160857e+00 1.2570237420e-05
1504 4.4131429623e+00 1.2635966385e-05
1505 4.4115406120e+00 1.2714098689e-05
1506 4.4099310298e+00 1.2745808770e-05
1507 4.4083109397e+00 1.2860586387e-05
1508 4.4066305003e+00 1.2993923323e-05
1509 4.4049125698e+00 1.3107232779e-05
1510 4.4031791329e+00 1.3111573193e-05
1511 4.4014309838e+00 1.3262655280e-05
1512 4.3996674175e+00 1.3403701160e-05
1513 4.3978696023e+00 1.3319553514e-05
1514 4.3960828114e+00 1.3257331818e-05
1515 4.3943267106e+00 1.3383924913e-05
1516 4.3925367158e+00 1.3481835608e-05
1517 4.3907127461e+00 1.3400208744e-05
1518 4.3889003669e+00 1.3340897779e-05
1519 4.3871476785e+00 1.3254276323e-05
1520 4.3854282542e+00 1.3056752268e-05
1521 4.3837684627e+00 1.2750068992e-05
1522 4.3821879269e+00 1.2330361732e-05
1523 4.3806896503e+00 1.2152159252e-05
1524 4.3792730087e+00 1.1868601230e-05
1525 4.3778901593e+00 1.1634989596e-05
1526 4.3765462667e+00 1.1519383746e-05
1527 4.3752384238e+00 1.1317343222e-05
1528 4.3739581291e+00 1.1211432552e-05
1529 4.3727072303e+00 1.1180870578e-05
1530 4.3714623819e+00 1.1215919038e-05
1531 4.3702106387e+00 1.1202598728e-05
1532 4.3689916903e+00 1.1015691971e-05
1533 4.3678019282e+00 1.0887359804e-05
1534 4.3666542236e+00 1.0654825261e-05
1535 4.3655496212e+00 1.0536535771e-05
1536 4.3644590165e+00 1.0527520775e-05
1537 4.3633733343e+00 1.0648394890e-05
1538 4.3622550371e+00 1.0704763397e-05
1539 4.3611037654e+00 1.0737849135e-05
1540 4.3599535788e+00 1.0758371137e-05
1541 4.3588017115e+00 1.0689157874e-05
1542 4.3576594531e+00 1.0730009744e-05
1543 4.3565371573e+00 1.0643495031e-05
1544 4.3553965787e+00 1.0718963762e-05
1545 4.3542172009e+00 1.0849183346e-05
1546 4.3530314280e+00 1.0847855789e-05
1547 4.3518457501e+00 1.0914204650e-05
1548 4.3506520406e+00 1.0870237557e-05
1549 4.3494679751e+00 1.0757815576e-05
1550 4.3483181053e+00 1.0607278634e-05
1551 4.3471873689e+00 1.0558423975e-05
1552 4.3460782158e+00 1.0503993184e-05
1553 4.3450007650e+00 1.0439216250e-05
1554 4.3439279210e+00 1.0359890629e-05
1555 4.3428396066e+00 1.0458006806e-05
1556 4.3417334645e+00 1.0464966335e-05
1557 4.3406359028e+00 1.0373759257e-05
1558 4.3395312933e+00 1.0387457354e-05
1559 4.3384269963e+00 1.0459677130e-05
1560 4.3372882433e+00 1.0589190036e-05
1561 4.3361314041e+00 1.0706719455e-05
1562 4.3349744983e+00 1.0691186469e-05
1563 4.3338158830e+00 1.0651543207e-05
1564 4.3326530733e+00 1.0800296362e-05
1565 4.3314913065e+00 1.0913310400e-05
1566 4.3303258630e+00 1.0799498480e-05
1567 4.3291758887e+00 1.0557162586e-05
1568 4.3280528018e+00 1.0449600798e-05
1569 4.3269483904e+00 1.0340775606e-05
1570 4.3258435063e+00 1.0407940348e-05
1571 4.3247169257e+00 1.0482622288e-05
1572 4.3235901995e+00 1.0352955752e-05
1573 4.3224745500e+00 1.0382654036e-05
1574 4.3213577565e+00 1.0453513061e-05
1575 4.3202381777e+00 1.0432408179e-05
1576 4.3191126099e+00 1.0438043331e-05
1577 4.3179820728e+00 1.0525413628e-05
1578 4.3168569376e+00 1.0463071897e-05
1579 4.3157403726e+00 1.0438365359e-05
1580 4.3146439012e+00 1.0305071537e-05
1581 4.3135681833e+00 1.0163990133e-05
1582 4.3125043905e+00 1.0086733457e-05
1583 4.3114585507e+00 1.0125452323e-05
1584 4.3104045117e+00 1.0164112215e-05
1585 4.3093550184e+00 1.0115975027e-05
1586 4.3083004074e+00 1.0068125747e-05
1587 4.3072790945e+00 9.9586091196e-06
1588 4.3062795647e+00 9.8766524512e-06
1589 4.3052877243e+00 9.8325971436e-06
1590 4.3043120286e+00 9.8037713010e-06
1591 4.3033420748e+00 9.7386315340e-06
1592 4.3023545900e+00 9.7553072019e-06
1593 4.3013552628e+00 9.8315909186e-06
1594 4.3003540287e+00 9.9586911544e-06
1595 4.2993399054e+00 9.9489473838e-06
1596 4.2983055377e+00 1.0027105620e-05
1597 4.2972382655e+00 1.0105219823e-05
1598 4.2961294408e+00 1.0176504322e-05
1599 4.2950109612e+00 1.0269281268e-05
1600 4.2938884646e+00 1.0361538470e-05
1601 4.2927254140e+00 1.0446342283e-05
1602 4.2915341832e+00 1.0617830016e-05
1603 4.2903414257e+00 1.0561268516e-05
1604 4.2891783784e+00 1.0486922822e-05
1605 4.2880439927e+00 1.0367888104e-05
1606 4.2869544170e+00 1.0259698827e-05
1607 4.2858819262e+00 1.0167681105e-05
1608 4.2848227491e+00 1.0080058063e-05
1609 4.2837502706e+00 1.0090660651e-05
1610 4.2826641996e+00 1.0039225752e-05
1611 4.2815814043e+00 1.0029561729e-05
1612 4.2805032576e+00 1.0012756699e-05
1613 4.2794358921e+00 1.0082219556e-05
1614 4.2783656902e+00 9.9984527927e-06
1615 4.2773022468e+00 1.0066910411e-05
1616 4.2762384226e+00 1.0033845954e-05
1617 4.2751692425e+00 9.9922488559e-06
1618 4.2740977019e+00 9.9870042294e-06
1619 4.2730333255e+00 9.9413314203e-06
1620 4.2719807000e+00 9.8053131948e-06
1621 4.2709458701e+00 9.7085603170e-06
1622 4.2699303740e+00 9.7647038082e-06
1623 4.2689121577e+00 9.7344503450e-06
1624 4.2679142196e+00 9.6476139558e-06
1625 4.2669383906e+00 9.5704839725e-06
1626 4.2659681481e+00 9.5093908608e-06
1627 4.2649945933e+00 9.5191312117e-06
1628 4.2640344963e+00 9.4078199434e-06
1629 4.2630846442e+00 9.3141202869e-06
1630 4.2621484354e+00 9.2996387558e-06
1631 4.2612092683e+00 9.1973053278e-06
1632 4.2602722928e+00 9.3396284416e-06
1633 4.2593202551e+00 9.3783543951e-06
1634 4.2583456040e+00 9.5313251817e-06
1635 4.2573507561e+00 9.6040449168e-06
1636 4.2563332155e+00 9.5811522137e-06
1637 4.2553431334e+00 9.5797895334e-06
1638 4.2543722835e+00 9.4359128456e-06
1639 4.2534112908e+00 9.3739264150e-06
1640 4.2524625213e+00 9.3457109521e-06
1641 4.2515287896e+00 9.3045172908e-06
1642 4.2505960483e+00 9.2600582181e-06
1643 4.2496528655e+00 9.2527544039e-06
1644 4.2487079598e+00 9.3423904302e-06
1645 4.2477453452e+00 9.3957498117e-06
1646 4.2467738330e+00 9.4973469859e-06
1647 4.2457765337e+00 9.7033865050e-06
1648 4.2447343481e+00 9.9392000639e-06
1649 4.2436403816e+00 1.0020801920e-05
1650 4.2425205985e+00 1.0146910441e-05
1651 4.2413890226e+00 1.0156510434e-05
1652 4.2402325059e+00 1.0218164503e-05
1653 4.2390693943e+00 1.0198275841e-05
1654 4.2379303724e+00 9.9796725853e-06
1655 4.2368145618e+00 9.9318707672e-06
1656 4.2357219859e+00 9.8544305508e-06
1657 4.2346398191e+00 9.9272513633e-06
1658 4.2335490487e+00 9.8986678425e-06
1659 4.2324493738e+00 9.8424123728e-06
1660 4.2313628655e+00 9.9174541543e-06
1661 4.2302574270e+00 1.0107711175e-05
1662 4.2291115832e+00 1.0246867554e-05
1663 4.2279567632e+00 1.0211351455e-05
1664 4.2268125794e+00 1.0091087657e-05
1665 4.2256710904e+00 1.0077983767e-05
1666 4.2245265241e+00 1.0185653872e-05
1667 4.2233662920e+00 1.0254964424e-05
1668 4.2221938073e+00 1.0240806799e-05
1669 4.2210060180e+00 1.0284831868e-05
1670 4.2198120389e+00 1.0267494868e-05
1671 4.2185991426e+00 1.0346544990e-05
1672 4.2173689826e+00 1.0493066748e-05
1673 4.2161006745e+00 1.0496463951e-05
1674 4.2148282189e+00 1.0496074313e-05
1675 4.2135955395e+00 1.0354665747e-05
1676 4.2123865465e+00 1.0179009353e-05
1677 4.2111966672e+00 1.0082037925e-05
1678 4.2100280107e+00 1.0001282468e-05
1679 4.2089032617e+00 9.9170280185e-06
1680 4.2077987855e+00 9.8236856168e-06
1681 4.2067009571e+00 9.7696450771e-06
1682 4.2056281464e+00 9.6486910828e-06
1683 4.2045856771e+00 9.5583793000e-06
1684 4.2035652939e+00 9.4257037780e-06
1685 4.2025375966e+00 9.4893183638e-06
1686 4.2014921675e+00 9.5339717561e-06
1687 4.2004406576e+00 9.6096692794e-06
1688 4.1993868055e+00 9.7224630175e-06
1689 4.1983297987e+00 9.6077694863e-06
1690 4.1972797929e+00 9.4830630238e-06
1691 4.1962548844e+00 9.3970570273e-06
1692 4.1952427057e+00 9.3176252566e-06
1693 4.1942402963e+00 9.3218995717e-06
1694 4.1932366060e+00 9.3087153108e-06
1695 4.1922332003e+00 9.2903879968e-06
1696 4.1912379472e+00 9.3737577989e-06
1697 4.1902435349e+00 9.3348065841e-06
1698 4.1892230775e+00 9.3646884951e-06
1699 4.1881851383e+00 9.4257465213e-06
1700 4.1871500864e+00 9.4597437854e-06
1701 4.1861209676e+00 9.4264846168e-06
1702 4.1850770316e+00 9.3825642568e-06
1703 4.1840406412e+00 9.4270083333e-06
1704 4.1830188751e+00 9.3866556471e-06
1705 4.1820041465e+00 9.4169527355e-06
1706 4.1809892362e+00 9.3673685999e-06
1707 4.1799421628e+00 9.3305971128e-06
1708 4.1789033261e+00 9.3717804301e-06
1709 4.1778618254e+00 9.2561641490e-06
1710 4.1768307747e+00 9.3255114587e-06
1711 4.1758103209e+00 9.4172921488e-06
1712 4.1747851724e+00 9.4026120801e-06
1713 4.1737880647e+00 9.2942679939e-06
1714 4.1728020656e+00 9.1082297961e-06
1715 4.1718466541e+00 8.9269210478e-06
1716 4.1709076362e+00 9.0149652260e-06
1717 4.1699627383e+00 9.0890930156e-06
1718 4.1689956987e+00 9.2037578078e-06
1719 4.1679868931e+00 9.2703255135e-06
1720 4.1669684642e+00 9.1981097058e-06
1721 4.1659664386e+00 9.1632000993e-06
1722 4.1649634882e+00 9.1901613688e-06
1723 4.1639452981e+00 9.2433530993e-06
1724 4.1629130778e+00 9.3273718223e-06
1725 4.1618937106e+00 9.2622914482e-06
1726 4.1608870407e+00 9.1690617956e-06
1727 4.1598899075e+00 9.1323232522e-06
1728 4.1589049159e+00 9.1093139087e-06
1729 4.1579351679e+00 9.0172555945e-06
1730 4.1569988555e+00 8.9221330351e-06
1731 4.1560714106e+00 8.8151421883e-06
1732 4.1551621744e+00 8.8362127138e-06
1733 4.1542501601e+00 8.7488798517e-06
1734 4.1533532833e+00 8.7802132694e-06
1735 4.1524570779e+00 8.9022776587e-06
1736 4.1515165170e+00 9.0263744832e-06
1737 4.1505266897e+00 9.1005384265e-06
1738 4.1495187916e+00 9.1634441539e-06
1739 4.1485090186e+00 9.2018967785e-06
1740 4.1474830835e+00 9.2617160399e-06
1741 4.1464277068e+00 9.4414860647e-06
1742 4.1453534657e+00 9.5734939829e-06
1743 4.1442410115e+00 9.7506018225e-06
1744 4.1431188917e+00 9.8136003269e-06
1745 4.1419803894e+00 9.7188745944e-06
1746 4.1408640114e+00 9.7158038494e-06
1747 4.1397439794e+00 9.7642751785e-06
1748 4.1386264457e+00 9.7395395612e-06
1749 4.1375115206e+00 9.6700543254e-06
1750 4.1363960490e+00 9.5810659451e-06
1751 4.1352929251e+00 9.5754225243e-06
1752 4.1341963674e+00 9.5393910881e-06
1753 4.1331064103e+00 9.5459965222e-06
1754 4.1320065741e+00 9.6095227777e-06
1755 4.1309118562e+00 9.6260951359e-06
1756 4.1298304028e+00 9.6200921177e-06
1757 4.1287257411e+00 9.7111291742e-06
1758 4.1276047628e+00 9.6136235639e-06
1759 4.1264795124e+00 9.6490146107e-06
1760 4.1253505193e+00 9.7205826990e-06
1761 4.1241886860e+00 9.7957433650e-06
1762 4.1230142522e+00 9.9482972210e-06
1763 4.1218299151e+00 9.8972593007e-06
1764 4.1206675342e+00 9.8041123287e-06
1765 4.1195285361e+00 9.7635444595e-06
1766 4.1183792869e+00 9.7367872760e-06
1767 4.1172306750e+00 9.7316166038e-06
1768 4.1160958663e+00 9.6802969009e-06
1769 4.1149663349e+00 9.7287609861e-06
1770 4.1138141528e+00 9.7727681681e-06
1771 4.1126446058e+00 9.7108144881e-06
1772 4.1114882863e+00 9.7490732502e-06
1773 4.1103496571e+00 9.7533420858e-06
1774 4.1091857906e+00 9.8198930519e-06
1775 4.1079898616e+00 9.9353299228e-06
1776 4.1067774777e+00 1.0032680816e-05
1777 4.1055438195e+00 1.0158829197e-05
1778 4.1042774458e+00 1.0135508728e-05
1779 4.1030142409e+00 1.0127877577e-05
1780 4.1017792246e+00 1.0141256145e-05
1781 4.1005552640e+00 1.0109478830e-05
1782 4.0992986584e+00 1.0206388884e-05
1783 4.0980270664e+00 1.0304959406e-05
1784 4.0967023673e+00 1.0402016715e-05
1785 4.0953795437e+00 1.0523411279e-05
1786 4.0940189375e+00 1.0688431617e-05
1787 4.0926187638e+00 1.0697202135e-05
1788 4.0912159306e+00 1.0771600074e-05
1789 4.0898115900e+00 1.0764403231e-05
1790 4.0883927357e+00 1.0751406414e-05
1791 4.0869803773e+00 1.0850135091e-05
1792 4.0855324563e+00 1.0901591106e-05
1793 4.0840606696e+00 1.1045756201e-05
1794 4.0825776332e+00 1.1269618615e-05
1795 4.0810433042e+00 1.1346447708e-05
1796 4.0795127217e+00 1.1367344770e-05
1797 4.0779846267e+00 1.1196661159e-05
1798 4.0765089346e+00 1.1012999475e-05
1799 4.0750843640e+00 1.0820454521e-05
1800 4.0736858571e+00 1.0710995975e-05
1801 4.0723155708e+00 1.0689430594e-05
1802 4.0709452042e+00 1.0640594419e-05
1803 4.0695941912e+00 1.0660767915e-05
1804 4.0682309759e+00 1.0598536059e-05
1805 4.0668599883e+00 1.0638354423e-05
1806 4.0654878212e+00 1.0685288501e-05
1807 4.0641325579e+00 1.0667150209e-05
1808 4.0627656695e+00 1.0618162329e-05
1809 4.0614150294e+00 1.0705543384e-05
1810 4.0600755229e+00 1.0599610203e-05
1811 4.0587638447e+00 1.0426876338e-05
1812 4.0574646401e+00 1.0224555609e-05
1813 4.0561851794e+00 1.0203463847e-05
1814 4.0549234803e+00 1.0185792689e-05
1815 4.0536796929e+00 1.0057612593e-05
1816 4.0524678804e+00 9.8890239335e-06
1817 4.0513253198e+00 9.6637313832e-06
1818 4.0502309418e+00 9.4712345724e-06
1819 4.0491529890e+00 9.3907084526e-06
1820 4.0480808835e+00 9.3086337908e-06
1821 4.0470299372e+00 9.2493089578e-06
1822 4.0459723340e+00 9.2667221722e-06
1823 4.0449354337e+00 9.2862177645e-06
1824 4.0438937843e+00 9.2400228608e-06
1825 4.0428413344e+00 9.2331496906e-06
1826 4.0417992098e+00 9.2085671791e-06
1827 4.0407922945e+00 9.1696133496e-06
1828 4.0397859815e+00 9.1935953199e-06
1829 4.0387547279e+00 9.3224123036e-06
1830 4.0376898791e+00 9.4724408588e-06
1831 4.0366166977e+00 9.5471102650e-06
1832 4.0355010665e+00 9.5972323430e-06
1833 4.0343718086e+00 9.6035324230e-06
1834 4.0332398862e+00 9.5399317449e-06
1835 4.0321280202e+00 9.4778338011e-06
1836 4.0310308783e+00 9.4348452260e-06
1837 4.0299302328e+00 9.3790784136e-06
1838 4.0288305135e+00 9.3981662197e-06
1839 4.0277418379e+00 9.2643072107e-06
1840 4.0267058189e+00 9.1375375598e-06
1841 4.0256981556e+00 9.0085865457e-06
1842 4.0246950165e+00 9.0017471890e-06
1843 4.0237199262e+00 9.0209244405e-06
1844 4.0227460131e+00 8.9361194854e-06
1845 4.0217804283e+00 8.8126138406e-06
1846 4.0208233106e+00 8.8051719615e-06
1847 4.0198603789e+00 8.7739207228e-06
1848 4.0189206509e+00 8.7937191879e-06
1849 4.0179646999e+00 8.9056712192e-06
1850 4.0169759286e+00 8.8839253109e-06
1851 4.0159806963e+00 8.8838965121e-06
1852 4.0149882928e+00 8.8198897196e-06
1853 4.0140219117e+00 8.7630929776e-06
1854 4.0130447408e+00 8.8882351623e-06
1855 4.0120475167e+00 9.0118575867e-06
1856 4.0110334086e+00 9.0800041927e-06
1857 4.0100231062e+00 9.0132179783e-06
1858 4.0090258506e+00 9.0055395395e-06
1859 4.0080168478e+00 9.1179803918e-06
1860 4.0069964741e+00 9.1079100926e-06
1861 4.0059695581e+00 9.0237504017e-06
1862 4.0049400168e+00 9.0077303168e-06
1863 4.0039171491e+00 8.9610017583e-06
1864 4.0029248529e+00 8.8627006081e-06
1865 4.0019615543e+00 8.8040504073e-06
1866 4.0010244162e+00 8.7995646815e-06
1867 4.0000735512e+00 8.7504700516e-06
1868 3.9991085303e+00 8.5875482278e-06
1869 3.9981696820e+00 8.6426607273e-06
1870 3.9972241630e+00 8.7215288985e-06
1871 3.9962717249e+00 8.7282588990e-06
1872 3.9953137824e+00 8.6409894536e-06
1873 3.9943701604e+00 8.5572268527e-06
1874 3.9934437011e+00 8.5134506058e-06
1875 3.9925494593e+00 8.4793501423e-06
1876 3.9916611862e+00 8.4062246044e-06
1877 3.9907772040e+00 8.3752260190e-06
1878 3.9898931659e+00 8.3518604564e-06
1879 3.9890048081e+00 8.2744813966e-06
1880 3.9881202220e+00 8.2770697009e-06
1881 3.9872409001e+00 8.1899743946e-06
1882 3.9863894150e+00 8.0692528709e-06
1883 3.9855659733e+00 7.9859321623e-06
1884 3.9847429896e+00 7.9557104987e-06
1885 3.9839198638e+00 7.9180506715e-06
1886 3.9830975357e+00 8.0008062248e-06
1887 3.9822792300e+00 7.9215262235e-06
1888 3.9814806660e+00 7.8654497106e-06
1889 3.9806929679e+00 7.8368077755e-06
1890 3.9799208217e+00 7.7802518131e-06
1891 3.9791598322e+00 7.7455072644e-06
1892 3.9783910815e+00 7.7014427280e-06
1893 3.9776210595e+00 7.7401767380e-06
1894 3.9768486421e+00 7.7469990486e-06
1895 3.9760700712e+00 7.7686428881e-06
1896 3.9752956306e+00 7.7669758278e-06
1897 3.9745138074e+00 7.7627791866e-06
1898 3.9737330604e+00 7.8278852072e-06
1899 3.9729461335e+00 7.8185542769e-06
1900 3.9721542046e+00 7.7885840478e-06
1901 3.9713701301e+00 7.7540316156e-06
1902 3.9705925006e+00 7.7211471889e-06
1903 3.9698225779e+00 7.6801359696e-06
1904 3.9690592983e+00 7.6556630879e-06
1905 3.9683132220e+00 7.5470617687e-06
1906 3.9675708372e+00 7.4655980545e-06
1907 3.9668439678e+00 7.3740234790e-06
1908 3.9661515787e+00 7.3221976563e-06
1909 3.9654771169e+00 7.1493394112e-06
1910 3.9648197057e+00 7.0143080849e-06
1911 3.9641820010e+00 6.9737981303e-06
1912 3.9635548875e+00 6.9160251880e-06
1913 3.9629233552e+00 6.9272123559e-06
1914 3.9622899832e+00 6.8781876810e-06
1915 3.9616619887e+00 6.8602171365e-06
1916 3.9610379364e+00 6.9018985912e-06
1917 3.9604068451e+00 6.9241241545e-06
1918 3.9597656150e+00 7.0069014618e-06
1919 3.9591288958e+00 7.0096628550e-06
1920 3.9584951274e+00 6.9898445886e-06
1921 3.9578704105e+00 6.8909116193e-06
1922 3.9572375647e+00 6.9130902786e-06
1923 3.9566011321e+00 6.9618812082e-06
1924 3.9559588894e+00 7.0051228907e-06
1925 3.9553091823e+00 7.0151599395e-06
1926 3.9546568914e+00 7.0261529741e-06
1927 3.9540031640e+00 6.9881894841e-06
1928 3.9533601849e+00 6.9296573592e-06
1929 3.9527292047e+00 6.7881377512e-06
1930 3.9521112583e+00 6.7224089630e-06
1931 3.9515029922e+00 6.6596972085e-06
1932 3.9509146048e+00 6.6367472431e-06
1933 3.9503276982e+00 6.6335433509e-06
1934 3.9497407601e+00 6.6697917508e-06
1935 3.9491402153e+00 6.7478496422e-06
1936 3.9485171280e+00 6.8831626945e-06
1937 3.9478794511e+00 6.9573748705e-06
1938 3.9472314790e+00 7.0126193026e-06
1939 3.9465705579e+00 7.0631567000e-06
1940 3.9459062395e+00 7.1126537266e-06
1941 3.9452343070e+00 7.1028160829e-06
1942 3.9445630979e+00 7.0609586446e-06
1943 3.9438829447e+00 7.1175336385e-06
1944 3.9431819525e+00 7.2537003421e-06
1945 3.9424543120e+00 7.3958753790e-06
1946 3.9417041451e+00 7.4698178278e-06
1947 3.9409451675e+00 7.5956389251e-06
1948 3.9401732490e+00 7.6375120383e-06
1949 3.9393728341e+00 7.6793724359e-06
1950 3.9385659642e+00 7.7008181875e-06
1951 3.9377555075e+00 7.7151115598e-06
1952 3.9369421490e+00 7.6955104985e-06
1953 3.9361305352e+00 7.7246579294e-06
1954 3.9353194397e+00 7.7795034864e-06
1955 3.9345030891e+00 7.8252422146e-06
1956 3.9336571865e+00 7.8386226953e-06
1957 3.9328026393e+00 7.9774229205e-06
1958 3.9319420183e+00 7.9059251323e-06
1959 3.9310793388e+00 7.8876746556e-06
1960 3.9302305110e+00 7.8373167658e-06
1961 3.9293816985e+00 7.7959507273e-06
1962 3.9285265208e+00 7.9266749466e-06
1963 3.9276636005e+00 8.0358745018e-06
1964 3.9267630776e+00 8.0819395363e-06
1965 3.9258622570e+00 8.1190239885e-06
1966 3.9249668991e+00 8.0761633718e-06
1967 3.9240910242e+00 8.0016285079e-06
1968 3.9232183083e+00 7.9562017854e-06
1969 3.9223403711e+00 8.0000599905e-06
1970 3.9214578165e+00 7.9892605719e-06
1971 3.9205776857e+00 7.9780618096e-06
1972 3.9197002945e+00 8.0591220822e-06
1973 3.9187994745e+00 8.1430556907e-06
1974 3.9178914233e+00 8.0765520321e-06
1975 3.9169871876e+00 8.0605453363e-06
1976 3.9160827098e+00 8.0892544055e-06
1977 3.9151499513e+00 8.1298217542e-06
1978 3.9142066590e+00 8.1982933547e-06
1979 3.9132576217e+00 8.2006607271e-06
1980 3.9123065645e+00 8.2258769165e-06
1981 3.9113570443e+00 8.1849048450e-06
1982 3.9104027194e+00 8.2233163707e-06
1983 3.9094525917e+00 8.2507691307e-06
1984 3.9085089443e+00 8.3415778543e-06
1985 3.9075403173e+00 8.4381159083e-06
1986 3.9065191302e+00 8.6357829084e-06
1987 3.9054685948e+00 8.6804096944e-06
1988 3.9044031955e+00 8.7486815873e-06
1989 3.9033362521e+00 8.7687973924e-06
1990 3.9022589443e+00 8.8816242071e-06
1991 3.9011732515e+00 8.9323786653e-06
1992 3.9000715844e+00 8.8998348822e-06
1993 3.8989537581e+00 8.8411210936e-06
1994 3.8978527017e+00 8.7725041871e-06
1995 3.8967844668e+00 8.7000480643e-06
1996 3.8957566422e+00 8.5375491494e-06
1997 3.8947451007e+00 8.5099236544e-06
1998 3.8937531119e+00 8.3462896838e-06
1999 3.8927806977e+00 8.1193692364e-06
