iter rel_error rel_residual
0 8.4606655860e+00 3.9165950081e-01
1 9.7455904076e+00 1.9223633988e-01
2 1.3460597239e+01 1.0733210991e-01
3 1.4538892170e+01 7.4370029745e-02
4 1.3855258707e+01 5.8798033737e-02
5 1.3157779236e+01 4.7007943542e-02
6 1.2882526328e+01 3.9326223326e-02
7 1.2735498805e+01 3.5065124159e-02
8 1.2590142785e+01 2.9631063682e-02
9 1.2221036690e+01 2.6607132464e-02
10 1.1717275307e+01 2.3615246636e-02
11 1.1349383854e+01 2.1130127359e-02
12 1.1106676019e+01 1.9278583065e-02
13 1.0906917246e+01 1.7536494250e-02
14 1.0601144809e+01 1.6087271189e-02
15 1.0237936260e+01 1.4974677536e-02
16 9.9619490402e+00 1.3819643114e-02
17 9.7694938387e+00 1.3213160388e-02
18 9.6040114544e+00 1.2505550904e-02
19 9.4366485892e+00 1.2131802657e-02
20 9.2788440082e+00 1.1564285061e-02
21 9.1719378713e+00 1.1051883657e-02
22 9.1489305987e+00 1.0655795359e-02
23 9.1829590397e+00 1.0038496916e-02
24 9.2245320761e+00 9.5982833524e-03
25 9.2672570594e+00 9.1920728326e-03
26 9.3339838628e+00 8.6893178536e-03
27 9.4186094517e+00 8.4923925193e-03
28 9.5066935413e+00 8.1680288150e-03
29 9.5777176809e+00 7.9276203677e-03
30 9.6364026215e+00 7.5749883479e-03
31 9.6948333655e+00 7.4773459822e-03
32 9.7598484730e+00 7.1698210322e-03
33 9.8218189465e+00 6.9322848465e-03
34 9.8708585304e+00 6.7992621521e-03
35 9.9115674892e+00 6.6267709528e-03
36 9.9581903824e+00 6.4090295422e-03
37 1.0017252418e+01 6.2735808264e-03
38 1.0079641071e+01 6.0702070961e-03
39 1.0136316197e+01 5.8120899314e-03
40 1.0191584816e+01 5.6328813929e-03
41 1.0253634416e+01 5.4715005140e-03
42 1.0318886818e+01 5.2735998683e-03
43 1.0380255789e+01 5.0949687791e-03
44 1.0438048916e+01 5.0097767443e-03
45 1.0494741063e+01 4.8940089756e-03
46 1.0552356049e+01 4.7687739631e-03
47 1.0610182398e+01 4.6184591606e-03
48 1.0663605512e+01 4.5372789968e-03
49 1.0713176508e+01 4.4290342813e-03
50 1.0761861497e+01 4.3249434646e-03
51 1.0808917336e+01 4.2213476702e-03
52 1.0854349398e+01 4.1095956955e-03
53 1.0897347218e+01 3.9850677093e-03
54 1.0936950811e+01 3.8805227284e-03
55 1.0973598768e+01 3.7744308102e-03
56 1.1008363322e+01 3.6704081862e-03
57 1.1043381422e+01 3.6104456223e-03
58 1.1078167730e+01 3.5248842879e-03
59 1.1110504777e+01 3.4327615212e-03
60 1.1139136617e+01 3.3477634166e-03
61 1.1166651313e+01 3.2790222784e-03
62 1.1194447443e+01 3.2072516509e-03
63 1.1221169018e+01 3.1515386737e-03
64 1.1244904632e+01 3.0823003369e-03
65 1.1266057685e+01 2.9885609428e-03
66 1.1286027698e+01 2.9206187178e-03
67 1.1305878969e+01 2.8622132978e-03
68 1.1324051170e+01 2.7944319242e-03
69 1.1339535883e+01 2.7138760453e-03
70 1.1353235400e+01 2.6348189196e-03
71 1.1366697986e+01 2.6066047244e-03
72 1.1379908693e+01 2.5768471076e-03
73 1.1391624051e+01 2.5280643622e-03
74 1.1402063388e+01 2.4704044292e-03
75 1.1412240571e+01 2.4006496818e-03
76 1.1421982550e+01 2.3724113008e-03
77 1.1430783335e+01 2.3570803275e-03
78 1.1438395746e+01 2.3054833680e-03
79 1.1445610405e+01 2.2973705149e-03
80 1.1453321882e+01 2.3839442804e-03
81 1.1461858178e+01 2.5678068110e-03
82 1.1473004010e+01 2.8077942269e-03
83 1.1487588674e+01 2.8463708493e-03
84 1.1502066799e+01 2.7096747244e-03
85 1.1513025806e+01 2.5538519950e-03
86 1.1520627796e+01 2.4090006933e-03
87 1.1525993519e+01 2.2985610612e-03
88 1.1529737329e+01 2.1738071594e-03
89 1.1531275013e+01 2.0672685916e-03
90 1.1530274107e+01 1.9514794220e-03
91 1.1527841012e+01 1.8362591357e-03
92 1.1525060402e+01 1.7475085175e-03
93 1.1521445617e+01 1.6460470688e-03
94 1.1515886262e+01 1.5677469585e-03
95 1.1508977655e+01 1.4843219125e-03
96 1.1501908000e+01 1.4167403502e-03
97 1.1494572685e+01 1.3683274033e-03
98 1.1486305287e+01 1.3366564416e-03
99 1.1476928102e+01 1.3062349359e-03
100 1.1467233222e+01 1.2697511542e-03
101 1.1457563043e+01 1.2540910983e-03
102 1.1447138659e+01 1.2348960831e-03
103 1.1435812502e+01 1.2248235572e-03
104 1.1424046551e+01 1.2137424097e-03
105 1.1412227148e+01 1.1842548371e-03
106 1.1399903645e+01 1.1746993415e-03
107 1.1386536884e+01 1.1715161106e-03
108 1.1372900458e+01 1.1556682701e-03
109 1.1359059873e+01 1.1404312608e-03
110 1.1344554651e+01 1.1308131316e-03
111 1.1328986416e+01 1.1275203167e-03
112 1.1312811847e+01 1.1241264561e-03
113 1.1295980899e+01 1.1296268002e-03
114 1.1278465525e+01 1.1294958532e-03
115 1.1259885740e+01 1.1314851108e-03
116 1.1240316746e+01 1.1348924686e-03
117 1.1220314907e+01 1.1550490676e-03
118 1.1199516741e+01 1.1559912506e-03
119 1.1177788077e+01 1.1464426367e-03
120 1.1155484471e+01 1.1546428032e-03
121 1.1132851997e+01 1.1583142438e-03
122 1.1109949734e+01 1.1593310602e-03
123 1.1086208004e+01 1.1608412247e-03
124 1.1061479814e+01 1.1565077045e-03
125 1.1036629184e+01 1.1588004009e-03
126 1.1011303380e+01 1.1714189220e-03
127 1.0985031884e+01 1.1810110768e-03
128 1.0957265236e+01 1.1855883343e-03
129 1.0928896710e+01 1.1931448780e-03
130 1.0900640088e+01 1.2004008747e-03
131 1.0871527036e+01 1.2010346883e-03
132 1.0841444976e+01 1.2091601306e-03
133 1.0810528815e+01 1.2229271375e-03
134 1.0779074044e+01 1.2264325243e-03
135 1.0746763811e+01 1.2482520371e-03
136 1.0712185425e+01 1.2844720846e-03
137 1.0674897527e+01 1.3677119176e-03
138 1.0632057987e+01 1.4888141979e-03
139 1.0580815518e+01 1.6614281522e-03
140 1.0519206672e+01 1.8237319136e-03
141 1.0449578663e+01 1.9217532984e-03
142 1.0379513330e+01 1.9241139942e-03
143 1.0315900160e+01 1.8832364201e-03
144 1.0257106767e+01 1.8922264924e-03
145 1.0202013384e+01 1.9114430380e-03
146 1.0151424909e+01 1.9362538930e-03
147 1.0108275969e+01 1.8922908331e-03
148 1.0072652492e+01 1.8144027263e-03
149 1.0042495944e+01 1.7758174766e-03
150 1.0016323932e+01 1.7428971653e-03
151 9.9938390167e+00 1.6851251641e-03
152 9.9736138690e+00 1.6378445494e-03
153 9.9538415395e+00 1.6005842575e-03
154 9.9340698827e+00 1.5760445347e-03
155 9.9152213064e+00 1.5393164594e-03
156 9.8971677909e+00 1.5108078874e-03
157 9.8784095765e+00 1.5005713169e-03
158 9.8589688956e+00 1.4863000209e-03
159 9.8400987379e+00 1.4540473362e-03
160 9.8220476777e+00 1.4008515164e-03
161 9.8045151203e+00 1.3086957727e-03
162 9.7880850445e+00 1.2011120113e-03
163 9.7731128332e+00 1.1097155576e-03
164 9.7584091071e+00 1.0940990322e-03
165 9.7421757416e+00 1.1352582219e-03
166 9.7233991416e+00 1.1673579731e-03
167 9.7039624466e+00 1.1647863980e-03
168 9.6844113854e+00 1.1725900140e-03
169 9.6634653808e+00 1.1915135108e-03
170 9.6406353893e+00 1.2216928188e-03
171 9.6163565684e+00 1.2403517124e-03
172 9.5911284090e+00 1.2546393852e-03
173 9.5640636354e+00 1.2851236434e-03
174 9.5352767666e+00 1.3184396323e-03
175 9.5046690865e+00 1.3345645169e-03
176 9.4728954733e+00 1.3372941628e-03
177 9.4403200913e+00 1.3126784298e-03
178 9.4065580696e+00 1.2746348003e-03
179 9.3713792933e+00 1.2583022885e-03
180 9.3349400958e+00 1.2231975122e-03
181 9.2997063759e+00 1.1830088218e-03
182 9.2645466943e+00 1.1410114166e-03
183 9.2305486893e+00 1.1038558759e-03
184 9.1978637249e+00 1.0741153706e-03
185 9.1667026178e+00 1.0534149606e-03
186 9.1373718963e+00 1.0313661380e-03
187 9.1092422844e+00 1.0099982789e-03
188 9.0828239683e+00 9.7578436342e-04
189 9.0584146951e+00 9.4086879066e-04
190 9.0349151274e+00 9.1085701693e-04
191 9.0122013075e+00 8.9039635960e-04
192 8.9893915204e+00 8.7713251278e-04
193 8.9673600259e+00 8.5823497924e-04
194 8.9467052199e+00 8.5219386873e-04
195 8.9263409449e+00 8.3387096187e-04
196 8.9066803481e+00 8.3274854033e-04
197 8.8874337926e+00 8.4465124396e-04
198 8.8688181683e+00 8.5537943155e-04
199 8.8500880746e+00 8.6913903259e-04
200 8.8312929059e+00 8.7519989071e-04
201 8.8131533740e+00 8.8485626361e-04
202 8.7955997772e+00 9.0149321848e-04
203 8.7782349399e+00 9.1921302441e-04
204 8.7606867210e+00 9.4424272163e-04
205 8.7436187550e+00 9.5034241007e-04
206 8.7279317539e+00 9.6348434692e-04
207 8.7129664795e+00 9.5907160398e-04
208 8.6986565756e+00 9.5054789232e-04
209 8.6850089249e+00 9.4264219694e-04
210 8.6724688023e+00 9.2026766430e-04
211 8.6609496074e+00 9.1849454576e-04
212 8.6497297685e+00 9.0631808679e-04
213 8.6385979619e+00 9.0834463980e-04
214 8.6281646313e+00 8.8986417721e-04
215 8.6187015430e+00 8.8976725553e-04
216 8.6093109273e+00 9.0103602245e-04
217 8.5996985397e+00 9.1882078001e-04
218 8.5903946907e+00 9.5197734426e-04
219 8.5817242974e+00 9.8670555818e-04
220 8.5735265038e+00 1.0278557671e-03
221 8.5656843843e+00 1.0552076400e-03
222 8.5586920277e+00 1.0530642465e-03
223 8.5532772300e+00 1.0269537981e-03
224 8.5491286936e+00 9.7236971854e-04
225 8.5452250585e+00 9.2610024364e-04
226 8.5414574447e+00 8.8560577686e-04
227 8.5382610333e+00 8.4480948575e-04
228 8.5351386858e+00 8.1695789751e-04
229 8.5315736318e+00 7.7687069719e-04
230 8.5277729943e+00 7.3112745280e-04
231 8.5242951752e+00 6.8479846547e-04
232 8.5210606268e+00 6.4111383184e-04
233 8.5176475815e+00 6.0243778939e-04
234 8.5140583221e+00 5.6458467937e-04
235 8.5105883638e+00 5.3251264394e-04
236 8.5072194837e+00 5.0428719480e-04
237 8.5038569572e+00 4.8131377647e-04
238 8.5004015043e+00 4.5923248908e-04
239 8.4969511774e+00 4.3701406679e-04
240 8.4936142507e+00 4.2425374455e-04
241 8.4901451290e+00 4.1762010776e-04
242 8.4863423972e+00 4.2095680293e-04
243 8.4821079538e+00 4.2937564725e-04
244 8.4776972222e+00 4.3778114306e-04
245 8.4731873790e+00 4.3986583029e-04
246 8.4686605078e+00 4.2263773041e-04
247 8.4643142874e+00 4.0503621874e-04
248 8.4602221700e+00 3.9453601032e-04
249 8.4560983259e+00 3.9493313148e-04
250 8.4517826892e+00 3.9054641214e-04
251 8.4474314373e+00 3.8021761894e-04
252 8.4432487445e+00 3.7109801796e-04
253 8.4391128702e+00 3.6834371289e-04
254 8.4347438223e+00 3.6077421863e-04
255 8.4302333918e+00 3.5560221999e-04
256 8.4256106675e+00 3.5067751893e-04
257 8.4208727941e+00 3.4725469585e-04
258 8.4158442938e+00 3.4209846463e-04
259 8.4104592999e+00 3.4102170945e-04
260 8.4047686291e+00 3.3742766197e-04
261 8.3989017530e+00 3.3317367502e-04
262 8.3928232444e+00 3.3011724012e-04
263 8.3863617091e+00 3.2836044830e-04
264 8.3795597678e+00 3.2729228516e-04
265 8.3728781306e+00 3.1896266146e-04
266 8.3661994897e+00 3.1252207385e-04
267 8.3594262401e+00 3.0873869772e-04
268 8.3525078578e+00 3.0797117462e-04
269 8.3455506703e+00 3.0557649128e-04
270 8.3385315253e+00 3.0515679462e-04
271 8.3313047221e+00 3.0538326087e-04
272 8.3237697629e+00 3.0769329622e-04
273 8.3160520447e+00 3.1086571641e-04
274 8.3081514657e+00 3.0977385093e-04
275 8.3002908943e+00 3.0286095015e-04
276 8.2927996552e+00 2.8743294488e-04
277 8.2861696374e+00 2.6461232574e-04
278 8.2804754269e+00 2.3946247491e-04
279 8.2755763016e+00 2.2059493879e-04
280 8.2710617551e+00 2.0902231037e-04
281 8.2667687665e+00 2.0414029962e-04
282 8.2625022266e+00 2.0506126432e-04
283 8.2580703321e+00 2.0251645490e-04
284 8.2536120887e+00 1.9508218064e-04
285 8.2493576778e+00 1.8513367693e-04
286 8.2454299118e+00 1.7798822099e-04
287 8.2416305854e+00 1.7635896392e-04
288 8.2375907934e+00 1.8023286185e-04
289 8.2332914904e+00 1.7972816746e-04
290 8.2290628021e+00 1.7678909523e-04
291 8.2249441051e+00 1.7505005383e-04
292 8.2208033472e+00 1.7547318533e-04
293 8.2164329460e+00 1.7578896140e-04
294 8.2120803941e+00 1.7334065420e-04
295 8.2079347717e+00 1.7097701036e-04
296 8.2038755937e+00 1.6866428575e-04
297 8.1998890997e+00 1.6692552852e-04
298 8.1960610378e+00 1.6138335799e-04
299 8.1925532609e+00 1.5378504385e-04
300 8.1893184578e+00 1.4727073886e-04
301 8.1861030816e+00 1.4323622768e-04
302 8.1829193963e+00 1.4002349835e-04
303 8.1797685332e+00 1.3702099385e-04
304 8.1765169498e+00 1.3561149959e-04
305 8.1730562101e+00 1.3464490502e-04
306 8.1694220323e+00 1.3465158869e-04
307 8.1656799564e+00 1.3469882138e-04
308 8.1618186848e+00 1.3224373215e-04
309 8.1578592118e+00 1.3116677182e-04
310 8.1537966093e+00 1.2902367280e-04
311 8.1497913590e+00 1.2952741746e-04
312 8.1457723299e+00 1.2939492924e-04
313 8.1417108994e+00 1.2636535449e-04
314 8.1376655435e+00 1.2567361248e-04
315 8.1336465413e+00 1.2474403818e-04
316 8.1297235559e+00 1.2355597350e-04
317 8.1258285870e+00 1.2222100375e-04
318 8.1218868903e+00 1.2149753562e-04
319 8.1179727548e+00 1.2002294586e-04
320 8.1142059381e+00 1.1818351766e-04
321 8.1105884006e+00 1.1588437351e-04
322 8.1070240629e+00 1.1283352000e-04
323 8.1035748934e+00 1.0838408050e-04
324 8.1004619441e+00 1.0277470235e-04
325 8.0976531527e+00 9.7247364581e-05
326 8.0949349320e+00 9.6557015696e-05
327 8.0921388322e+00 9.7585647345e-05
328 8.0892495015e+00 9.7788321709e-05
329 8.0863490996e+00 9.5688283766e-05
330 8.0835335078e+00 9.2512967921e-05
331 8.0807672758e+00 9.0524866893e-05
332 8.0780350121e+00 8.9504510292e-05
333 8.0753522916e+00 8.8408985305e-05
334 8.0726592471e+00 8.6726515441e-05
335 8.0700067413e+00 8.4753556949e-05
336 8.0674194436e+00 8.3745120663e-05
337 8.0649073824e+00 8.2042164663e-05
338 8.0624635186e+00 8.1115575504e-05
339 8.0600133780e+00 7.9951210235e-05
340 8.0575715276e+00 7.9573898286e-05
341 8.0552004526e+00 7.9059101559e-05
342 8.0529054059e+00 7.7329570279e-05
343 8.0506294976e+00 7.6331327887e-05
344 8.0483799068e+00 7.5850272159e-05
345 8.0461410808e+00 7.4905962172e-05
346 8.0439352755e+00 7.5234536480e-05
347 8.0416244506e+00 7.5268023693e-05
348 8.0392174863e+00 7.4561663196e-05
349 8.0368210892e+00 7.4061645448e-05
350 8.0344266161e+00 7.3265159408e-05
351 8.0319396096e+00 7.3375213404e-05
352 8.0293988673e+00 7.2364039036e-05
353 8.0268321736e+00 7.1874893332e-05
354 8.0243110994e+00 7.1335707529e-05
355 8.0217863422e+00 6.9608364895e-05
356 8.0192547041e+00 6.8072611679e-05
357 8.0167793790e+00 6.5563725360e-05
358 8.0144270762e+00 6.3244701879e-05
359 8.0122194060e+00 6.1156373492e-05
360 8.0100300337e+00 5.9533475385e-05
361 8.0078722432e+00 5.8730481424e-05
362 8.0057218405e+00 5.7990903196e-05
363 8.0035101358e+00 5.8330888443e-05
364 8.0011564966e+00 5.8991168841e-05
365 7.9987073094e+00 5.9084635312e-05
366 7.9961938307e+00 5.9313495148e-05
367 7.9936408603e+00 5.9219473539e-05
368 7.9909546173e+00 6.0280804616e-05
369 7.9881101558e+00 6.1279034049e-05
370 7.9850896297e+00 6.2670128772e-05
371 7.9818932576e+00 6.3233167968e-05
372 7.9785477826e+00 6.4589143990e-05
373 7.9750293133e+00 6.4910739943e-05
374 7.9713575532e+00 6.5733829208e-05
375 7.9675909339e+00 6.6509429673e-05
376 7.9636501196e+00 6.6638091973e-05
377 7.9596392642e+00 6.6758854192e-05
378 7.9555864471e+00 6.6865120797e-05
379 7.9514493152e+00 6.8072977212e-05
380 7.9471488638e+00 6.9375442790e-05
381 7.9425603391e+00 7.0541865477e-05
382 7.9377327233e+00 7.1636245219e-05
383 7.9327420609e+00 7.3203571793e-05
384 7.9276364045e+00 7.3204487582e-05
385 7.9224966771e+00 7.3256941875e-05
386 7.9173654715e+00 7.2168544313e-05
387 7.9122992224e+00 7.2473506620e-05
388 7.9071479116e+00 7.2954894701e-05
389 7.9019715437e+00 7.2653772844e-05
390 7.8967948841e+00 7.2594208980e-05
391 7.8917178943e+00 7.1401575741e-05
392 7.8868085456e+00 7.0824941479e-05
393 7.8819763985e+00 6.9828407174e-05
394 7.8770892088e+00 6.9332392474e-05
395 7.8722093505e+00 6.8844151531e-05
396 7.8674539887e+00 6.7599745092e-05
397 7.8628244226e+00 6.6372709794e-05
398 7.8583039495e+00 6.5068069966e-05
399 7.8539051540e+00 6.3976844012e-05
400 7.8496609492e+00 6.2516816519e-05
401 7.8455498256e+00 6.1360198536e-05
402 7.8415166888e+00 6.0885880457e-05
403 7.8374796336e+00 6.0156391649e-05
404 7.8334509219e+00 6.0151402863e-05
405 7.8294136371e+00 6.0078922886e-05
406 7.8254336674e+00 5.8712444085e-05
407 7.8216180910e+00 5.6784921237e-05
408 7.8180950248e+00 5.3564425943e-05
409 7.8149809602e+00 5.0762542907e-05
410 7.8120650256e+00 4.9088840549e-05
411 7.8092053852e+00 4.8783891911e-05
412 7.8063336172e+00 4.8727406105e-05
413 7.8034964619e+00 4.7690232476e-05
414 7.8007301494e+00 4.7472891128e-05
415 7.7978575625e+00 4.8112099019e-05
416 7.7947664319e+00 5.0252552527e-05
417 7.7914030132e+00 5.1585943143e-05
418 7.7879051537e+00 5.1787068993e-05
419 7.7843776643e+00 5.0691562420e-05
420 7.7809776142e+00 4.9009737612e-05
421 7.7778174897e+00 4.7155481508e-05
422 7.7747935857e+00 4.6104563063e-05
423 7.7718084314e+00 4.6352144227e-05
424 7.7686525844e+00 4.7019731151e-05
425 7.7653822453e+00 4.7190146056e-05
426 7.7621494428e+00 4.5997394014e-05
427 7.7590638936e+00 4.3891263357e-05
428 7.7562113200e+00 4.2360005566e-05
429 7.7534445590e+00 4.1312727393e-05
430 7.7507210086e+00 4.1227834725e-05
431 7.7479193470e+00 4.0929436914e-05
432 7.7451279409e+00 4.0026930491e-05
433 7.7424018409e+00 3.9244329916e-05
434 7.7396830147e+00 3.8969483271e-05
435 7.7369823788e+00 3.9341929298e-05
436 7.7341940413e+00 3.9238790222e-05
437 7.7313044126e+00 3.9374651877e-05
438 7.7283647384e+00 3.9661720030e-05
439 7.7252755720e+00 4.0300165361e-05
440 7.7219989346e+00 4.1035266954e-05
441 7.7186108704e+00 4.1192487819e-05
442 7.7151332260e+00 4.0650043355e-05
443 7.7117143661e+00 4.0214247412e-05
444 7.7082927375e+00 3.9884375060e-05
445 7.7047981395e+00 3.9477768958e-05
446 7.7013676327e+00 3.9490564773e-05
447 7.6978991585e+00 3.9339503531e-05
448 7.6943367145e+00 3.9577396180e-05
449 7.6907243697e+00 3.8903838837e-05
450 7.6871421287e+00 3.8430003381e-05
451 7.6836468815e+00 3.8203721767e-05
452 7.6800763276e+00 3.8451865282e-05
453 7.6763767570e+00 3.8391765808e-05
454 7.6727059929e+00 3.8070931022e-05
455 7.6689348912e+00 3.7939604630e-05
456 7.6651519827e+00 3.8299716747e-05
457 7.6612219188e+00 3.8778751286e-05
458 7.6571162645e+00 3.9306783631e-05
459 7.6528600005e+00 3.9687808017e-05
460 7.6485429615e+00 4.0001272895e-05
461 7.6441278655e+00 4.0235021505e-05
462 7.6396944554e+00 4.0016397808e-05
463 7.6352525903e+00 3.9717320765e-05
464 7.6307584979e+00 3.9869809018e-05
465 7.6261986902e+00 4.0139103319e-05
466 7.6216111604e+00 4.0263733586e-05
467 7.6169315400e+00 4.0553333069e-05
468 7.6121304135e+00 4.0833594141e-05
469 7.6071953331e+00 4.1294074404e-05
470 7.6020720815e+00 4.1619534922e-05
471 7.5968938073e+00 4.2290443768e-05
472 7.5915210926e+00 4.2719599993e-05
473 7.5859506257e+00 4.3324317040e-05
474 7.5801553047e+00 4.3675109813e-05
475 7.5741700705e+00 4.4526735244e-05
476 7.5679768174e+00 4.4944423159e-05
477 7.5615240099e+00 4.5484475472e-05
478 7.5548920907e+00 4.6054107407e-05
479 7.5481090476e+00 4.6305681513e-05
480 7.5410999803e+00 4.6713179968e-05
481 7.5339191182e+00 4.7815573946e-05
482 7.5264334841e+00 4.8544697520e-05
483 7.5186736591e+00 4.8889364170e-05
484 7.5107735510e+00 4.8811871155e-05
485 7.5028781752e+00 4.8625000820e-05
486 7.4949962697e+00 4.8254597492e-05
487 7.4873698391e+00 4.7730649233e-05
488 7.4796401055e+00 4.8095174964e-05
489 7.4716115855e+00 4.9430712202e-05
490 7.4631131826e+00 5.0549798177e-05
491 7.4542963472e+00 5.0594113847e-05
492 7.4455853866e+00 5.0179440670e-05
493 7.4370258941e+00 4.9999159873e-05
494 7.4282539952e+00 5.1590690581e-05
495 7.4187314600e+00 5.3559865278e-05
496 7.4084925192e+00 5.5121589137e-05
497 7.3979013598e+00 5.5752741796e-05
498 7.3872516868e+00 5.6151003983e-05
499 7.3762413029e+00 5.7246031790e-05
500 7.3647102043e+00 5.8326167877e-05
501 7.3529366687e+00 5.8254537792e-05
502 7.3412614186e+00 5.8234487907e-05
503 7.3294774370e+00 5.8266834274e-05
504 7.3176425866e+00 5.8085874632e-05
505 7.3060949674e+00 5.7431423580e-05
506 7.2948927938e+00 5.6507323546e-05
507 7.2838387877e+00 5.6296099741e-05
508 7.2728272967e+00 5.5852968091e-05
509 7.2623477041e+00 5.4814461522e-05
510 7.2523313528e+00 5.3961822888e-05
511 7.2423089888e+00 5.3752933571e-05
512 7.2324035332e+00 5.3928158227e-05
513 7.2224956839e+00 5.3707940318e-05
514 7.2127571630e+00 5.3072535251e-05
515 7.2030625165e+00 5.2726307006e-05
516 7.1934198553e+00 5.2854285316e-05
517 7.1837061735e+00 5.3113704607e-05
518 7.1739918257e+00 5.2409683860e-05
519 7.1646188052e+00 5.1859937475e-05
520 7.1555084233e+00 5.1621147523e-05
521 7.1463968420e+00 5.1877539813e-05
522 7.1370771730e+00 5.1786605312e-05
523 7.1277512706e+00 5.2070655646e-05
524 7.1182490610e+00 5.2992954826e-05
525 7.1084256050e+00 5.3636867123e-05
526 7.0985070217e+00 5.4077076204e-05
527 7.0885912518e+00 5.3977079455e-05
528 7.0784796313e+00 5.4854892203e-05
529 7.0680933729e+00 5.5505144152e-05
530 7.0574715702e+00 5.6694071684e-05
531 7.0464034802e+00 5.7521936488e-05
532 7.0350049961e+00 5.8926635633e-05
533 7.0231656105e+00 5.9782149818e-05
534 7.0110192833e+00 6.0388512827e-05
535 6.9985826578e+00 6.0963510959e-05
536 6.9860982188e+00 6.1205836407e-05
537 6.9735888958e+00 6.0969602794e-05
538 6.9611209141e+00 6.0815958933e-05
539 6.9487750029e+00 6.1264713502e-05
540 6.9364664282e+00 6.1600062301e-05
541 6.9241088979e+00 6.2123133936e-05
542 6.9116279333e+00 6.1992875588e-05
543 6.8992531914e+00 6.1966237622e-05
544 6.8868671812e+00 6.1963866411e-05
545 6.8745812403e+00 6.2734531876e-05
546 6.8621559808e+00 6.3161748179e-05
547 6.8494458703e+00 6.3543325816e-05
548 6.8365552795e+00 6.4237998417e-05
549 6.8237397340e+00 6.4029220602e-05
550 6.8109542694e+00 6.3992425484e-05
551 6.7982100879e+00 6.3131241922e-05
552 6.7861905102e+00 6.1696434927e-05
553 6.7749200311e+00 5.9092189975e-05
554 6.7646053348e+00 5.6321184968e-05
555 6.7552816815e+00 5.4297507645e-05
556 6.7465268032e+00 5.2745265315e-05
557 6.7381566885e+00 5.2049725076e-05
558 6.7300346586e+00 5.1758533619e-05
559 6.7219060906e+00 5.2026872001e-05
560 6.7138024500e+00 5.1991526964e-05
561 6.7058588024e+00 5.1472337557e-05
562 6.6982690122e+00 4.9679880383e-05
563 6.6911467236e+00 4.8027107718e-05
564 6.6844458777e+00 4.7460892063e-05
565 6.6777550056e+00 4.7481473655e-05
566 6.6709744195e+00 4.8526841169e-05
567 6.6639486078e+00 4.8717901271e-05
568 6.6569466993e+00 4.8109569358e-05
569 6.6502350162e+00 4.6646068238e-05
570 6.6439904104e+00 4.4900273346e-05
571 6.6380296946e+00 4.4670853804e-05
572 6.6319930860e+00 4.4754758957e-05
573 6.6258520176e+00 4.5930548464e-05
574 6.6195941389e+00 4.5399217663e-05
575 6.6135956520e+00 4.3775000310e-05
576 6.6079845998e+00 4.2221529305e-05
577 6.6026873053e+00 4.1419092583e-05
578 6.5975007774e+00 4.1814953051e-05
579 6.5923759996e+00 4.1034012708e-05
580 6.5874061083e+00 4.0160094866e-05
581 6.5826170266e+00 3.9684630278e-05
582 6.5779218334e+00 3.9693036547e-05
583 6.5731487603e+00 4.0063046905e-05
584 6.5683727728e+00 3.9121384108e-05
585 6.5638141830e+00 3.8472997259e-05
586 6.5592851272e+00 3.8477050060e-05
587 6.5547913077e+00 3.9015028929e-05
588 6.5502132509e+00 3.8498757605e-05
589 6.5457126861e+00 3.8484402419e-05
590 6.5412904941e+00 3.8922374071e-05
591 6.5367478924e+00 3.9155380636e-05
592 6.5321180429e+00 3.8975380900e-05
593 6.5274890877e+00 3.8747785090e-05
594 6.5228646810e+00 3.8984559156e-05
595 6.5181376874e+00 3.9621673314e-05
596 6.5134460959e+00 3.9256449218e-05
597 6.5087720049e+00 3.8775449640e-05
598 6.5041841998e+00 3.9022823538e-05
599 6.4995443949e+00 3.9160871004e-05
600 6.4948398658e+00 3.9412653032e-05
601 6.4901307308e+00 3.9318273867e-05
602 6.4853589272e+00 3.9463565876e-05
603 6.4805452490e+00 3.9662823060e-05
604 6.4757037912e+00 3.9099429068e-05
605 6.4709499051e+00 3.8834406461e-05
606 6.4662600536e+00 3.8470629503e-05
607 6.4617051095e+00 3.8233802138e-05
608 6.4571308768e+00 3.8142735222e-05
609 6.4525852266e+00 3.7688195067e-05
610 6.4481015192e+00 3.7148939292e-05
611 6.4438334208e+00 3.6314028497e-05
612 6.4397429973e+00 3.5793218094e-05
613 6.4358082188e+00 3.4914602056e-05
614 6.4319989866e+00 3.4589808007e-05
615 6.4282361873e+00 3.4137449357e-05
616 6.4246696282e+00 3.3184078254e-05
617 6.4212313379e+00 3.2657919833e-05
618 6.4178844107e+00 3.2298103333e-05
619 6.4145780343e+00 3.2096064817e-05
620 6.4113635200e+00 3.1793725899e-05
621 6.4081542140e+00 3.1779668865e-05
622 6.4048650675e+00 3.1559354649e-05
623 6.4015841674e+00 3.1405151078e-05
624 6.3983393065e+00 3.1275058942e-05
625 6.3950664116e+00 3.1348385068e-05
626 6.3917389056e+00 3.1596391559e-05
627 6.3883191964e+00 3.1741789332e-05
628 6.3848853636e+00 3.1919408857e-05
629 6.3814411400e+00 3.1645228214e-05
630 6.3780040601e+00 3.1522608510e-05
631 6.3745826065e+00 3.1542137953e-05
632 6.3711709154e+00 3.0939310359e-05
633 6.3678674788e+00 3.0664371851e-05
634 6.3646326520e+00 3.0269488002e-05
635 6.3614335591e+00 3.0029363684e-05
636 6.3582166925e+00 3.0095793392e-05
637 6.3550423251e+00 3.0252883444e-05
638 6.3518067185e+00 3.0292526963e-05
639 6.3484305223e+00 3.1333283140e-05
640 6.3448545959e+00 3.2246103848e-05
641 6.3410523850e+00 3.2677631796e-05
642 6.3372026458e+00 3.3270629165e-05
643 6.3332239655e+00 3.3229288734e-05
644 6.3291964817e+00 3.3426871075e-05
645 6.3251278517e+00 3.3750616447e-05
646 6.3210028853e+00 3.4264495801e-05
647 6.3168672996e+00 3.4388558487e-05
648 6.3126750491e+00 3.4210090930e-05
649 6.3084816452e+00 3.4695931284e-05
650 6.3041617513e+00 3.5251091756e-05
651 6.2997176726e+00 3.5395466095e-05
652 6.2951992932e+00 3.5577770251e-05
653 6.2906680155e+00 3.5307026910e-05
654 6.2862550800e+00 3.4489615226e-05
655 6.2820880689e+00 3.3650151441e-05
656 6.2780683881e+00 3.3463921755e-05
657 6.2739656002e+00 3.3756044575e-05
658 6.2698532152e+00 3.4076745313e-05
659 6.2656971231e+00 3.3699761972e-05
660 6.2616373568e+00 3.3285246247e-05
661 6.2576691073e+00 3.3012731835e-05
662 6.2537416157e+00 3.3015999486e-05
663 6.2498484160e+00 3.2812371312e-05
664 6.2460773779e+00 3.2093397017e-05
665 6.2424057198e+00 3.1710984557e-05
666 6.2388549161e+00 3.1620834888e-05
667 6.2353185078e+00 3.1262848929e-05
668 6.2318643519e+00 3.0564203884e-05
669 6.2285427017e+00 3.0181718672e-05
670 6.2253250756e+00 2.9906224646e-05
671 6.2221974213e+00 2.9391057006e-05
672 6.2191327458e+00 2.8933444168e-05
673 6.2161293990e+00 2.8585604003e-05
674 6.2132093005e+00 2.8472454464e-05
675 6.2102741911e+00 2.8057398935e-05
676 6.2074268638e+00 2.7509117718e-05
677 6.2046466374e+00 2.7381659525e-05
678 6.2019054268e+00 2.7026993644e-05
679 6.1991960571e+00 2.6882613662e-05
680 6.1965620824e+00 2.6720098117e-05
681 6.1939489910e+00 2.6517753548e-05
682 6.1913626827e+00 2.6091075335e-05
683 6.1888449531e+00 2.5842931554e-05
684 6.1863317911e+00 2.5599985182e-05
685 6.1838249224e+00 2.5458274713e-05
686 6.1813135170e+00 2.5442919551e-05
687 6.1788118524e+00 2.5276190645e-05
688 6.1763153419e+00 2.5347024261e-05
689 6.1737745875e+00 2.5507442746e-05
690 6.1711693118e+00 2.6008632123e-05
691 6.1684412265e+00 2.6751753866e-05
692 6.1655315123e+00 2.7425420863e-05
693 6.1624287930e+00 2.8124622766e-05
694 6.1591996021e+00 2.8349169864e-05
695 6.1559216378e+00 2.8408087455e-05
696 6.1526895390e+00 2.8048615302e-05
697 6.1495545350e+00 2.7584739033e-05
698 6.1465341752e+00 2.7300493524e-05
699 6.1435050339e+00 2.7113926189e-05
700 6.1404668619e+00 2.7603469586e-05
701 6.1374476971e+00 2.7417978869e-05
702 6.1343603031e+00 2.7763032084e-05
703 6.1312922296e+00 2.7437058839e-05
704 6.1283196913e+00 2.6588048609e-05
705 6.1255503628e+00 2.5530528591e-05
706 6.1229702276e+00 2.4819861173e-05
707 6.1204217955e+00 2.4753453636e-05
708 6.1178792206e+00 2.4838714549e-05
709 6.1153821641e+00 2.4667084465e-05
710 6.1129411510e+00 2.4254625399e-05
711 6.1105645260e+00 2.3716435512e-05
712 6.1082041322e+00 2.3716773263e-05
713 6.1058886577e+00 2.3704594845e-05
714 6.1035553686e+00 2.3543947809e-05
715 6.1012505550e+00 2.3122386086e-05
716 6.0990008632e+00 2.2715430848e-05
717 6.0968409846e+00 2.2106408969e-05
718 6.0947725839e+00 2.1844534220e-05
719 6.0927235374e+00 2.1686606128e-05
720 6.0907157465e+00 2.1554740344e-05
721 6.0887161906e+00 2.1453212259e-05
722 6.0867268132e+00 2.1282795799e-05
723 6.0847330494e+00 2.1486273444e-05
724 6.0826966687e+00 2.1539720829e-05
725 6.0806311840e+00 2.1752821479e-05
726 6.0785316099e+00 2.1825526502e-05
727 6.0763953533e+00 2.1894167920e-05
728 6.0742287731e+00 2.2143009522e-05
729 6.0720115414e+00 2.2501685383e-05
730 6.0697323603e+00 2.2490537222e-05
731 6.0674489044e+00 2.2770178272e-05
732 6.0651004530e+00 2.3111462603e-05
733 6.0626335213e+00 2.3814639763e-05
734 6.0599578596e+00 2.4938348910e-05
735 6.0570264602e+00 2.5659985153e-05
736 6.0538942104e+00 2.6408190337e-05
737 6.0506315226e+00 2.6871976495e-05
738 6.0472814045e+00 2.7044142664e-05
739 6.0438454499e+00 2.7253010395e-05
740 6.0403222950e+00 2.7792076093e-05
741 6.0367315663e+00 2.8222981487e-05
742 6.0331172396e+00 2.8561556589e-05
743 6.0293764559e+00 2.8801047835e-05
744 6.0255156699e+00 2.8988719979e-05
745 6.0215692331e+00 2.9309504424e-05
746 6.0175193858e+00 2.9489025891e-05
747 6.0133723535e+00 2.9447268169e-05
748 6.0092117588e+00 2.9819861909e-05
749 6.0049795685e+00 3.0086177529e-05
750 6.0005864111e+00 3.0410538046e-05
751 5.9961903698e+00 3.0722636432e-05
752 5.9917915512e+00 3.0758726813e-05
753 5.9873201513e+00 3.1158923069e-05
754 5.9826932578e+00 3.1557348868e-05
755 5.9779976157e+00 3.1830151582e-05
756 5.9732870432e+00 3.1888415759e-05
757 5.9685340060e+00 3.2195450716e-05
758 5.9636846296e+00 3.2190570092e-05
759 5.9588949974e+00 3.1965042588e-05
760 5.9542589700e+00 3.1644955383e-05
761 5.9496227988e+00 3.1524702137e-05
762 5.9450036118e+00 3.1223939634e-05
763 5.9406159174e+00 3.0265842279e-05
764 5.9364026659e+00 2.9814319296e-05
765 5.9322965495e+00 2.9241869402e-05
766 5.9284083264e+00 2.8728516784e-05
767 5.9246566260e+00 2.8170071174e-05
768 5.9210424961e+00 2.7968440336e-05
769 5.9174271296e+00 2.8032135283e-05
770 5.9138177191e+00 2.8044577306e-05
771 5.9101525053e+00 2.8206185753e-05
772 5.9063867175e+00 2.8564884919e-05
773 5.9026093550e+00 2.8293586107e-05
774 5.8988687105e+00 2.8160284795e-05
775 5.8951606657e+00 2.8091856431e-05
776 5.8915160805e+00 2.7710671794e-05
777 5.8879557510e+00 2.7375310772e-05
778 5.8844538797e+00 2.7016685492e-05
779 5.8810659361e+00 2.6746434343e-05
780 5.8777696589e+00 2.6204775071e-05
781 5.8745482049e+00 2.6325533932e-05
782 5.8712618091e+00 2.6389871174e-05
783 5.8679836161e+00 2.6294548073e-05
784 5.8647585463e+00 2.6223170592e-05
785 5.8615997400e+00 2.5997010026e-05
786 5.8584449664e+00 2.5942040752e-05
787 5.8552968855e+00 2.5804402698e-05
788 5.8521375870e+00 2.6021912703e-05
789 5.8488999721e+00 2.6378436914e-05
790 5.8455477288e+00 2.6864598819e-05
791 5.8421500486e+00 2.6714086296e-05
792 5.8387574302e+00 2.6488795276e-05
793 5.8354290664e+00 2.6601719880e-05
794 5.8321041175e+00 2.6705266143e-05
795 5.8287215809e+00 2.6832732191e-05
796 5.8253332039e+00 2.6692754301e-05
797 5.8219621457e+00 2.6552558815e-05
798 5.8185975070e+00 2.6646196524e-05
799 5.8151954316e+00 2.6713272846e-05
800 5.8117420121e+00 2.6889793893e-05
801 5.8082493428e+00 2.7092566117e-05
802 5.8047030962e+00 2.7103798511e-05
803 5.8011789906e+00 2.6857834450e-05
804 5.7977220893e+00 2.6813582595e-05
805 5.7943157206e+00 2.6697421366e-05
806 5.7909160140e+00 2.6700125096e-05
807 5.7875280487e+00 2.6232172009e-05
808 5.7841809121e+00 2.6155628360e-05
809 5.7808958454e+00 2.6196752173e-05
810 5.7776024961e+00 2.6189120023e-05
811 5.7743250679e+00 2.6184449126e-05
812 5.7710945657e+00 2.5842667588e-05
813 5.7678518497e+00 2.5966279240e-05
814 5.7645800922e+00 2.5641412120e-05
815 5.7613798633e+00 2.5212759861e-05
816 5.7583043072e+00 2.4779930645e-05
817 5.7552833235e+00 2.4564812073e-05
818 5.7522826302e+00 2.4471563831e-05
819 5.7492758958e+00 2.4815902153e-05
820 5.7461697720e+00 2.5235347215e-05
821 5.7429564677e+00 2.5281575162e-05
822 5.7397629788e+00 2.5331752465e-05
823 5.7365608232e+00 2.5335838638e-05
824 5.7333437396e+00 2.5464287733e-05
825 5.7300888763e+00 2.5600498879e-05
826 5.7268588998e+00 2.5279442597e-05
827 5.7237190068e+00 2.5016184943e-05
828 5.7206739860e+00 2.4325190761e-05
829 5.7177306189e+00 2.3928281238e-05
830 5.7148800045e+00 2.3275621272e-05
831 5.7122136296e+00 2.2670657287e-05
832 5.7096606376e+00 2.2425646355e-05
833 5.7071466546e+00 2.2207304396e-05
834 5.7046235592e+00 2.2350062865e-05
835 5.7021293635e+00 2.2275235242e-05
836 5.6996329844e+00 2.2322087574e-05
837 5.6971158238e+00 2.2578431648e-05
838 5.6945381384e+00 2.2298575610e-05
839 5.6919949221e+00 2.2229036006e-05
840 5.6894625170e+00 2.2346281720e-05
841 5.6868808437e+00 2.2442724233e-05
842 5.6842442588e+00 2.2917198435e-05
843 5.6814839750e+00 2.3363282924e-05
844 5.6785982199e+00 2.3768996880e-05
845 5.6755400571e+00 2.4417498362e-05
846 5.6723975043e+00 2.4562514492e-05
847 5.6692062871e+00 2.4671122715e-05
848 5.6659816048e+00 2.4924177537e-05
849 5.6627824405e+00 2.4928664159e-05
850 5.6595657193e+00 2.4900496181e-05
851 5.6564017451e+00 2.4964345990e-05
852 5.6532345618e+00 2.4815338471e-05
853 5.6501109422e+00 2.4608329277e-05
854 5.6470003157e+00 2.4640893250e-05
855 5.6438186839e+00 2.4950635249e-05
856 5.6405326061e+00 2.5074311514e-05
857 5.6371844336e+00 2.5240228390e-05
858 5.6338624393e+00 2.4958597215e-05
859 5.6305303851e+00 2.5023847217e-05
860 5.6271572748e+00 2.5273999635e-05
861 5.6238130148e+00 2.5187721368e-05
862 5.6204340622e+00 2.5411021351e-05
863 5.6170338008e+00 2.5190421918e-05
864 5.6136709653e+00 2.4999406511e-05
865 5.6103692711e+00 2.5115512231e-05
866 5.6070402520e+00 2.5191768438e-05
867 5.6036830781e+00 2.5185694558e-05
868 5.6003747854e+00 2.4900066724e-05
869 5.5971461220e+00 2.4695725940e-05
870 5.5939303791e+00 2.4710121237e-05
871 5.5906838583e+00 2.4612287089e-05
872 5.5874116989e+00 2.5056448050e-05
873 5.5840415394e+00 2.5491566205e-05
874 5.5806300649e+00 2.5185168512e-05
875 5.5772510520e+00 2.5135513059e-05
876 5.5738773049e+00 2.5164531836e-05
877 5.5705079829e+00 2.5205324065e-05
878 5.5671431265e+00 2.5110494069e-05
879 5.5638360929e+00 2.4973012640e-05
880 5.5605118691e+00 2.5245317065e-05
881 5.5571087685e+00 2.5413029743e-05
882 5.5536797549e+00 2.5455033324e-05
883 5.5502547161e+00 2.5458110020e-05
884 5.5467450570e+00 2.5833408392e-05
885 5.5431638523e+00 2.6191406580e-05
886 5.5394800150e+00 2.6419068568e-05
887 5.5358179318e+00 2.6314435878e-05
888 5.5322424321e+00 2.6250266602e-05
889 5.5286486830e+00 2.6141303458e-05
890 5.5250552021e+00 2.6024978556e-05
891 5.5215314936e+00 2.5835072757e-05
892 5.5180796849e+00 2.5202103200e-05
893 5.5147224158e+00 2.5135915020e-05
894 5.5114578206e+00 2.4999476073e-05
895 5.5081475611e+00 2.5137005201e-05
896 5.5047995127e+00 2.5310209668e-05
897 5.5014105388e+00 2.5471738452e-05
898 5.4979984532e+00 2.5200161873e-05
899 5.4947539225e+00 2.4508692348e-05
900 5.4916784163e+00 2.3724353099e-05
901 5.4887735989e+00 2.3257094943e-05
902 5.4859462368e+00 2.2730911315e-05
903 5.4832471211e+00 2.2399466110e-05
904 5.4806561500e+00 2.1901847967e-05
905 5.4781934961e+00 2.1367990512e-05
906 5.4758774267e+00 2.0584087131e-05
907 5.4736705134e+00 2.0326168883e-05
908 5.4715505245e+00 1.9923293936e-05
909 5.4694968516e+00 1.9641823459e-05
910 5.4674815919e+00 1.9411290305e-05
911 5.4655035557e+00 1.9384163728e-05
912 5.4635289084e+00 1.9306543490e-05
913 5.4615318767e+00 1.9177095576e-05
914 5.4595580710e+00 1.9168647565e-05
915 5.4575845411e+00 1.9482690788e-05
916 5.4555142616e+00 1.9843174654e-05
917 5.4533849026e+00 2.0187260882e-05
918 5.4512139488e+00 2.0102235085e-05
919 5.4490451562e+00 2.0231526468e-05
920 5.4468595968e+00 2.0198434028e-05
921 5.4446975491e+00 2.0243062803e-05
922 5.4425065160e+00 2.0462590192e-05
923 5.4402833239e+00 2.0619483184e-05
924 5.4380129427e+00 2.0966878550e-05
925 5.4356942594e+00 2.1021520903e-05
926 5.4332960020e+00 2.1215288548e-05
927 5.4308199540e+00 2.1342855450e-05
928 5.4283323094e+00 2.1310223682e-05
929 5.4258189225e+00 2.1532352479e-05
930 5.4232774691e+00 2.1768720838e-05
931 5.4206489487e+00 2.2064847085e-05
932 5.4179773981e+00 2.2264578495e-05
933 5.4152920078e+00 2.2292425084e-05
934 5.4126247520e+00 2.2131505745e-05
935 5.4099992697e+00 2.1821038815e-05
936 5.4073926405e+00 2.1827024143e-05
937 5.4048627513e+00 2.1681059077e-05
938 5.4023245975e+00 2.1469594694e-05
939 5.3998410122e+00 2.1534732220e-05
940 5.3973603120e+00 2.1331662486e-05
941 5.3948945947e+00 2.1275948539e-05
942 5.3924223508e+00 2.1381618607e-05
943 5.3899651914e+00 2.1258028939e-05
944 5.3875275733e+00 2.0861992699e-05
945 5.3851993210e+00 2.0459024814e-05
946 5.3829897969e+00 2.0007817713e-05
947 5.3808622169e+00 1.9678720630e-05
948 5.3788115292e+00 1.9568063306e-05
949 5.3767605721e+00 1.9430379662e-05
950 5.3747333061e+00 1.9142701542e-05
951 5.3727231790e+00 1.8883285256e-05
952 5.3707626075e+00 1.8875223053e-05
953 5.3688015677e+00 1.8790349195e-05
954 5.3668777660e+00 1.8434642813e-05
955 5.3650082021e+00 1.8404799233e-05
956 5.3631342838e+00 1.8451245483e-05
957 5.3612419654e+00 1.8473945008e-05
958 5.3593570732e+00 1.8413763669e-05
959 5.3574646078e+00 1.8101689509e-05
960 5.3555786666e+00 1.8219606572e-05
961 5.3537314503e+00 1.8197251463e-05
962 5.3518848501e+00 1.8242334052e-05
963 5.3500382590e+00 1.8256920948e-05
964 5.3482226083e+00 1.8184078723e-05
965 5.3464163017e+00 1.8298256983e-05
966 5.3445782176e+00 1.8435825957e-05
967 5.3426794586e+00 1.8638312337e-05
968 5.3407046304e+00 1.9033418382e-05
969 5.3386444863e+00 1.9314693026e-05
970 5.3365179318e+00 1.9369937646e-05
971 5.3344014650e+00 1.9202225157e-05
972 5.3323215120e+00 1.9137793843e-05
973 5.3302689774e+00 1.9038303548e-05
974 5.3282338322e+00 1.8904739042e-05
975 5.3262253277e+00 1.8670654996e-05
976 5.3242755027e+00 1.8464331207e-05
977 5.3223386187e+00 1.8558613932e-05
978 5.3203938222e+00 1.8329025459e-05
979 5.3184633171e+00 1.8352770433e-05
980 5.3165145078e+00 1.8304138196e-05
981 5.3145893846e+00 1.8160578313e-05
982 5.3126690831e+00 1.8092533997e-05
983 5.3107910978e+00 1.8004675228e-05
984 5.3089288581e+00 1.8096663300e-05
985 5.3069722281e+00 1.8442267263e-05
986 5.3049110341e+00 1.8806058362e-05
987 5.3028254429e+00 1.8737502355e-05
988 5.3008241895e+00 1.8411104232e-05
989 5.2988688760e+00 1.8155399311e-05
990 5.2969294466e+00 1.8238755527e-05
991 5.2949627516e+00 1.8564508221e-05
992 5.2929893998e+00 1.8467299026e-05
993 5.2910034460e+00 1.8169194073e-05
994 5.2890740210e+00 1.7839005980e-05
995 5.2872140803e+00 1.7526631704e-05
996 5.2854520659e+00 1.7368169022e-05
997 5.2837296136e+00 1.7199720698e-05
998 5.2819802737e+00 1.7255249927e-05
999 5.2802088102e+00 1.7343426826e-05
1000 5.2784368679e+00 1.7377023473e-05
1001 5.2766580641e+00 1.7388461917e-05
1002 5.2748549297e+00 1.7293431374e-05
1003 5.2730351145e+00 1.7461179895e-05
1004 5.2711761744e+00 1.7603013910e-05
1005 5.2693166689e+00 1.7533308885e-05
1006 5.2674667924e+00 1.7335247331e-05
1007 5.2656459560e+00 1.7307609659e-05
1008 5.2638127899e+00 1.7668028965e-05
1009 5.2619281157e+00 1.7644605491e-05
1010 5.2600218756e+00 1.7505466803e-05
1011 5.2581504308e+00 1.7329239769e-05
1012 5.2563214830e+00 1.7150041779e-05
1013 5.2545200047e+00 1.7182351465e-05
1014 5.2526793499e+00 1.7389994271e-05
1015 5.2508182732e+00 1.7159403998e-05
1016 5.2489748199e+00 1.7151055662e-05
1017 5.2471109882e+00 1.7375093878e-05
1018 5.2451914715e+00 1.7778278699e-05
1019 5.2432142864e+00 1.7778793841e-05
1020 5.2412504139e+00 1.7683991227e-05
1021 5.2392983287e+00 1.7611704030e-05
1022 5.2373474970e+00 1.7630533683e-05
1023 5.2354004469e+00 1.7439922745e-05
1024 5.2335029012e+00 1.7339423407e-05
1025 5.2315936824e+00 1.7343219279e-05
1026 5.2296796801e+00 1.7571615508e-05
1027 5.2277167580e+00 1.7567158948e-05
1028 5.2257753561e+00 1.7432975611e-05
1029 5.2238491615e+00 1.7294893494e-05
1030 5.2219624601e+00 1.7087005012e-05
1031 5.2200982729e+00 1.6979775019e-05
1032 5.2182989958e+00 1.6726213813e-05
1033 5.2165376089e+00 1.6711161942e-05
1034 5.2147858922e+00 1.6611563008e-05
1035 5.2130181154e+00 1.6633833303e-05
1036 5.2112395719e+00 1.6561444168e-05
1037 5.2094764861e+00 1.6496320662e-05
1038 5.2077309512e+00 1.6223153008e-05
1039 5.2060273813e+00 1.6189366297e-05
1040 5.2043127509e+00 1.6224051261e-05
1041 5.2026084223e+00 1.6105583848e-05
1042 5.2008841535e+00 1.6119372306e-05
1043 5.1991920160e+00 1.6167608282e-05
1044 5.1974750607e+00 1.6130510365e-05
1045 5.1957345145e+00 1.6231245079e-05
1046 5.1939555282e+00 1.6613818543e-05
1047 5.1921262969e+00 1.6891080375e-05
1048 5.1902291986e+00 1.6975996832e-05
1049 5.1883170805e+00 1.6879530704e-05
1050 5.1864515905e+00 1.6856542843e-05
1051 5.1845567129e+00 1.6994268218e-05
1052 5.1825988308e+00 1.6850877924e-05
1053 5.1806570360e+00 1.6879571163e-05
1054 5.1787303837e+00 1.6819745612e-05
1055 5.1767890064e+00 1.6779723949e-05
1056 5.1748507070e+00 1.6814609044e-05
1057 5.1728980015e+00 1.6840011426e-05
1058 5.1708948913e+00 1.6979932913e-05
1059 5.1688644247e+00 1.7056755650e-05
1060 5.1668277119e+00 1.6998522387e-05
1061 5.1648325037e+00 1.6780126906e-05
1062 5.1628643402e+00 1.6600309049e-05
1063 5.1609223202e+00 1.6539785727e-05
1064 5.1589933988e+00 1.6658116017e-05
1065 5.1570246340e+00 1.6854459294e-05
1066 5.1549668876e+00 1.6978890171e-05
1067 5.1528629332e+00 1.7105943087e-05
1068 5.1507543234e+00 1.7199166258e-05
1069 5.1486181824e+00 1.7400484014e-05
1070 5.1463972552e+00 1.7638184758e-05
1071 5.1441577814e+00 1.7816820194e-05
1072 5.1419081656e+00 1.7819758526e-05
1073 5.1396022959e+00 1.8031257728e-05
1074 5.1372533005e+00 1.8360116140e-05
1075 5.1348524644e+00 1.8421832186e-05
1076 5.1324320331e+00 1.8508451435e-05
1077 5.1300548527e+00 1.8686384963e-05
1078 5.1276038473e+00 1.8779790197e-05
1079 5.1250556288e+00 1.9224833644e-05
1080 5.1224123734e+00 1.9419055944e-05
1081 5.1197199424e+00 1.9529343139e-05
1082 5.1170040987e+00 1.9538651925e-05
1083 5.1142735052e+00 1.9575837501e-05
1084 5.1115305451e+00 1.9821181903e-05
1085 5.1087573090e+00 1.9641201652e-05
1086 5.1060122516e+00 1.9668042902e-05
1087 5.1032890603e+00 1.9604599929e-05
1088 5.1005668193e+00 1.9299881942e-05
1089 5.0979027994e+00 1.9065422597e-05
1090 5.0953503584e+00 1.8899263080e-05
1091 5.0928340309e+00 1.8773430813e-05
1092 5.0903665707e+00 1.8699899773e-05
1093 5.0879202464e+00 1.8591150387e-05
1094 5.0854747533e+00 1.8664548071e-05
1095 5.0830126919e+00 1.8628156847e-05
1096 5.0805752865e+00 1.8338554503e-05
1097 5.0781932556e+00 1.8153505624e-05
1098 5.0758570684e+00 1.8019183863e-05
1099 5.0735132703e+00 1.7904850912e-05
1100 5.0711704490e+00 1.8012950605e-05
1101 5.0688298215e+00 1.7927226398e-05
1102 5.0665325261e+00 1.7643636514e-05
1103 5.0642839784e+00 1.7423832283e-05
1104 5.0620684369e+00 1.7282685552e-05
1105 5.0599239307e+00 1.7115265651e-05
1106 5.0578258752e+00 1.6790574218e-05
1107 5.0557904927e+00 1.6729229478e-05
1108 5.0537893895e+00 1.6725185807e-05
1109 5.0517616752e+00 1.6769461338e-05
1110 5.0496699421e+00 1.7127722987e-05
1111 5.0474855043e+00 1.7537935372e-05
1112 5.0452015839e+00 1.7784991566e-05
1113 5.0428587885e+00 1.8120819590e-05
1114 5.0404570836e+00 1.8060295862e-05
1115 5.0380328619e+00 1.8119106697e-05
1116 5.0356534794e+00 1.8050766452e-05
1117 5.0332808440e+00 1.8023660584e-05
1118 5.0309069509e+00 1.7898210782e-05
1119 5.0285061175e+00 1.8217118129e-05
1120 5.0260654317e+00 1.8211999785e-05
1121 5.0236026275e+00 1.8083370918e-05
1122 5.0211984806e+00 1.7944271506e-05
1123 5.0188426173e+00 1.7695842937e-05
1124 5.0165464023e+00 1.7599772213e-05
1125 5.0143061668e+00 1.7388439301e-05
1126 5.0121094674e+00 1.7107031964e-05
1127 5.0099353801e+00 1.7238990576e-05
1128 5.0077690217e+00 1.7152850705e-05
1129 5.0056207146e+00 1.6986403236e-05
1130 5.0034868551e+00 1.6869139233e-05
1131 5.0013864109e+00 1.6826984173e-05
1132 4.9992586692e+00 1.6854025804e-05
1133 4.9970809580e+00 1.7310321841e-05
1134 4.9948086412e+00 1.7679787381e-05
1135 4.9924960129e+00 1.7850069440e-05
1136 4.9901867446e+00 1.7629634280e-05
1137 4.9879401069e+00 1.7494807291e-05
1138 4.9857268294e+00 1.7410503741e-05
1139 4.9835245962e+00 1.7495881652e-05
1140 4.9812784688e+00 1.7647652330e-05
1141 4.9789668263e+00 1.7834153724e-05
1142 4.9765669513e+00 1.8008157151e-05
1143 4.9741598429e+00 1.8306650518e-05
1144 4.9717215484e+00 1.8209408463e-05
1145 4.9692671728e+00 1.8018931683e-05
1146 4.9668516907e+00 1.8006159724e-05
1147 4.9645058628e+00 1.7842089406e-05
1148 4.9621940483e+00 1.7735476160e-05
1149 4.9599394863e+00 1.7607309653e-05
1150 4.9576656583e+00 1.7522510568e-05
1151 4.9554316380e+00 1.7581779024e-05
1152 4.9532305702e+00 1.7599706456e-05
1153 4.9510351049e+00 1.7463996226e-05
1154 4.9488574050e+00 1.7327806997e-05
1155 4.9466979808e+00 1.7353668617e-05
1156 4.9445255325e+00 1.7347849290e-05
1157 4.9423423457e+00 1.7433490494e-05
1158 4.9401529034e+00 1.7195896792e-05
1159 4.9379888592e+00 1.6911206746e-05
1160 4.9358794337e+00 1.6966223657e-05
1161 4.9337515032e+00 1.7084983928e-05
1162 4.9316071637e+00 1.7193433581e-05
1163 4.9294775120e+00 1.7191418190e-05
1164 4.9273855392e+00 1.7048969335e-05
1165 4.9253085853e+00 1.7197689114e-05
1166 4.9231596814e+00 1.7352025181e-05
1167 4.9209543605e+00 1.7377731599e-05
1168 4.9187633166e+00 1.7459300967e-05
1169 4.9165834529e+00 1.7485246292e-05
1170 4.9143505144e+00 1.7685946119e-05
1171 4.9120831271e+00 1.7735995564e-05
1172 4.9098192925e+00 1.7567858897e-05
1173 4.9075828198e+00 1.7513046177e-05
1174 4.9053830325e+00 1.7271122094e-05
1175 4.9032425478e+00 1.7342514562e-05
1176 4.9010870928e+00 1.7142813612e-05
1177 4.8989139875e+00 1.7206532621e-05
1178 4.8967281166e+00 1.7267474776e-05
1179 4.8945387990e+00 1.7077486281e-05
1180 4.8924183757e+00 1.6703939869e-05
1181 4.8904030854e+00 1.6319338684e-05
1182 4.8884738711e+00 1.5958166251e-05
1183 4.8866437139e+00 1.5484072529e-05
1184 4.8849213506e+00 1.5027230279e-05
1185 4.8833266715e+00 1.4564436131e-05
1186 4.8818158693e+00 1.4287122578e-05
1187 4.8803270307e+00 1.4170345121e-05
1188 4.8788433653e+00 1.4097761861e-05
1189 4.8773772548e+00 1.4082511424e-05
1190 4.8759103202e+00 1.4095706062e-05
1191 4.8744577515e+00 1.4074217099e-05
1192 4.8730179516e+00 1.4054111708e-05
1193 4.8715884549e+00 1.4042737377e-05
1194 4.8701398198e+00 1.4111192792e-05
1195 4.8686611917e+00 1.4260266298e-05
1196 4.8671791819e+00 1.4235350188e-05
1197 4.8656537247e+00 1.4288298328e-05
1198 4.8641375860e+00 1.4373462792e-05
1199 4.8626157386e+00 1.4446560117e-05
1200 4.8610482988e+00 1.4474742135e-05
1201 4.8594888948e+00 1.4622831344e-05
1202 4.8579088313e+00 1.4795716913e-05
1203 4.8562889351e+00 1.4695088787e-05
1204 4.8546456243e+00 1.4763636828e-05
1205 4.8530359755e+00 1.4586836937e-05
1206 4.8514156160e+00 1.4719697386e-05
1207 4.8497905541e+00 1.4830835779e-05
1208 4.8481519573e+00 1.4829339122e-05
1209 4.8465139445e+00 1.4740940404e-05
1210 4.8448868349e+00 1.4829134240e-05
1211 4.8432584537e+00 1.4734435534e-05
1212 4.8416598828e+00 1.4628597919e-05
1213 4.8400625464e+00 1.4492100076e-05
1214 4.8384652555e+00 1.4387388239e-05
1215 4.8369070239e+00 1.4264618289e-05
1216 4.8353573593e+00 1.4163409808e-05
1217 4.8338149356e+00 1.4184403454e-05
1218 4.8322595547e+00 1.4159066119e-05
1219 4.8307101031e+00 1.4205229055e-05
1220 4.8291446194e+00 1.4323073016e-05
1221 4.8275320305e+00 1.4476673791e-05
1222 4.8259153329e+00 1.4294693356e-05
1223 4.8243530873e+00 1.4164567035e-05
1224 4.8228109849e+00 1.4080737824e-05
1225 4.8212622415e+00 1.4234187176e-05
1226 4.8196853956e+00 1.4398561603e-05
1227 4.8180528383e+00 1.4540749426e-05
1228 4.8164203241e+00 1.4676694822e-05
1229 4.8147790586e+00 1.4475819188e-05
1230 4.8131469477e+00 1.4385022608e-05
1231 4.8115350618e+00 1.4383807012e-05
1232 4.8099227353e+00 1.4338618523e-05
1233 4.8083546830e+00 1.4191788590e-05
1234 4.8068052036e+00 1.3977064222e-05
1235 4.8053020827e+00 1.3853408858e-05
1236 4.8038241501e+00 1.3715391392e-05
1237 4.8023593535e+00 1.3750471077e-05
1238 4.8009018116e+00 1.3753259113e-05
1239 4.7994284426e+00 1.3737206481e-05
1240 4.7979509521e+00 1.3642238518e-05
1241 4.7964770397e+00 1.3684955615e-05
1242 4.7949806267e+00 1.3915682125e-05
1243 4.7934458003e+00 1.3831853788e-05
1244 4.7919272190e+00 1.3807106337e-05
1245 4.7904085237e+00 1.3849613354e-05
1246 4.7888853372e+00 1.3784753014e-05
1247 4.7873856479e+00 1.3548812559e-05
1248 4.7859411583e+00 1.3238839854e-05
1249 4.7845620333e+00 1.2923735209e-05
1250 4.7832208850e+00 1.2815421241e-05
1251 4.7819066309e+00 1.2676980833e-05
1252 4.7806327080e+00 1.2576072612e-05
1253 4.7793640029e+00 1.2575734938e-05
1254 4.7780617053e+00 1.2581195456e-05
1255 4.7767619497e+00 1.2532893797e-05
1256 4.7754689846e+00 1.2349279447e-05
1257 4.7742381776e+00 1.2055400354e-05
1258 4.7730572247e+00 1.1955693268e-05
1259 4.7718900623e+00 1.1957427702e-05
1260 4.7707219676e+00 1.2004564158e-05
1261 4.7695423080e+00 1.2130109666e-05
1262 4.7683140419e+00 1.2403685664e-05
1263 4.7670213278e+00 1.2533884350e-05
1264 4.7657151369e+00 1.2642155972e-05
1265 4.7643564510e+00 1.2741239586e-05
1266 4.7629734032e+00 1.2902147919e-05
1267 4.7615974766e+00 1.2802488351e-05
1268 4.7601989455e+00 1.2810516563e-05
1269 4.7588146850e+00 1.2802867214e-05
1270 4.7574539690e+00 1.2746484728e-05
1271 4.7561235380e+00 1.2662719877e-05
1272 4.7548075049e+00 1.2559261301e-05
1273 4.7534938093e+00 1.2553506422e-05
1274 4.7521793674e+00 1.2487550463e-05
1275 4.7508642819e+00 1.2571961142e-05
1276 4.7495116707e+00 1.2635893294e-05
1277 4.7481309741e+00 1.2792159137e-05
1278 4.7467591864e+00 1.2698429485e-05
1279 4.7453898502e+00 1.2602489827e-05
1280 4.7440459371e+00 1.2636221858e-05
1281 4.7426747129e+00 1.2839955782e-05
1282 4.7412435319e+00 1.3035858508e-05
1283 4.7397979201e+00 1.3189876684e-05
1284 4.7383283967e+00 1.3233013452e-05
1285 4.7368356085e+00 1.3173838426e-05
1286 4.7353459994e+00 1.3384307035e-05
1287 4.7338326531e+00 1.3611482603e-05
1288 4.7322558358e+00 1.3652640452e-05
1289 4.7306763990e+00 1.3605392891e-05
1290 4.7290672449e+00 1.3767309617e-05
1291 4.7274202094e+00 1.3961001841e-05
1292 4.7257299371e+00 1.4127323940e-05
1293 4.7240167924e+00 1.4301257579e-05
1294 4.7222641131e+00 1.4408392703e-05
1295 4.7204911921e+00 1.4503422124e-05
1296 4.7186984925e+00 1.4691303730e-05
1297 4.7168336198e+00 1.4879404038e-05
1298 4.7149085328e+00 1.4950295251e-05
1299 4.7129740335e+00 1.4920475236e-05
1300 4.7111036501e+00 1.4786668810e-05
1301 4.7092363833e+00 1.4749261468e-05
1302 4.7073658094e+00 1.4930334229e-05
1303 4.7054516498e+00 1.4939395880e-05
1304 4.7035398166e+00 1.4909589372e-05
1305 4.7016665019e+00 1.4908490425e-05
1306 4.6998007442e+00 1.4614590586e-05
1307 4.6980014298e+00 1.4469171190e-05
1308 4.6962547588e+00 1.4111101070e-05
1309 4.6945707764e+00 1.3915322483e-05
1310 4.6929446321e+00 1.3886458017e-05
1311 4.6913352853e+00 1.3870289837e-05
1312 4.6897284058e+00 1.3949619904e-05
1313 4.6880726348e+00 1.3848714372e-05
1314 4.6864351278e+00 1.3893913513e-05
1315 4.6848067520e+00 1.3616099802e-05
1316 4.6831953487e+00 1.3533329187e-05
1317 4.6816470220e+00 1.3465133752e-05
1318 4.6801151270e+00 1.3219519686e-05
1319 4.6786122140e+00 1.3175787529e-05
1320 4.6771100729e+00 1.3202517656e-05
1321 4.6756383591e+00 1.3143704989e-05
1322 4.6742027260e+00 1.2795488923e-05
1323 4.6727895338e+00 1.2653190613e-05
1324 4.6713890520e+00 1.2691042451e-05
1325 4.6699535473e+00 1.2790396055e-05
1326 4.6685288727e+00 1.2680948263e-05
1327 4.6671388506e+00 1.2511392715e-05
1328 4.6657864703e+00 1.2393056502e-05
1329 4.6644400418e+00 1.2390641140e-05
1330 4.6630713717e+00 1.2542987862e-05
1331 4.6616903274e+00 1.2520502110e-05
1332 4.6603139556e+00 1.2507928561e-05
1333 4.6589326402e+00 1.2478551385e-05
1334 4.6575414987e+00 1.2516646842e-05
1335 4.6561577679e+00 1.2496948597e-05
1336 4.6547929306e+00 1.2313845950e-05
1337 4.6534626949e+00 1.2190906475e-05
1338 4.6521278722e+00 1.2126791745e-05
1339 4.6507879136e+00 1.2235418404e-05
1340 4.6494435833e+00 1.2107734156e-05
1341 4.6481092931e+00 1.2146615482e-05
1342 4.6467571450e+00 1.2118303336e-05
1343 4.6454351830e+00 1.2031326995e-05
1344 4.6441215034e+00 1.1901361090e-05
1345 4.6428578322e+00 1.1737913721e-05
1346 4.6416185282e+00 1.1788382872e-05
1347 4.6403585253e+00 1.1869762180e-05
1348 4.6390905050e+00 1.1980371574e-05
1349 4.6377551347e+00 1.2248328420e-05
1350 4.6363712219e+00 1.2526867682e-05
1351 4.6349260146e+00 1.2662002088e-05
1352 4.6334495381e+00 1.2682159679e-05
1353 4.6319653777e+00 1.2825933418e-05
1354 4.6304591202e+00 1.2931827687e-05
1355 4.6289165666e+00 1.3121879019e-05
1356 4.6273458153e+00 1.3154237634e-05
1357 4.6256991085e+00 1.3413457270e-05
1358 4.6240355008e+00 1.3566031241e-05
1359 4.6223402066e+00 1.3645841627e-05
1360 4.6206054383e+00 1.3666177624e-05
1361 4.6188473144e+00 1.3811568685e-05
1362 4.6170389946e+00 1.3969052634e-05
1363 4.6152227851e+00 1.4156908024e-05
1364 4.6133786189e+00 1.4135899136e-05
1365 4.6115594076e+00 1.4107167663e-05
1366 4.6097585727e+00 1.4052652349e-05
1367 4.6079330035e+00 1.4058438935e-05
1368 4.6061015042e+00 1.4250679695e-05
1369 4.6042254344e+00 1.4360002477e-05
1370 4.6023174146e+00 1.4401322059e-05
1371 4.6004020567e+00 1.4357083245e-05
1372 4.5984866141e+00 1.4424560142e-05
1373 4.5965594618e+00 1.4322484049e-05
1374 4.5946304251e+00 1.4286885504e-05
1375 4.5927315839e+00 1.4182774132e-05
1376 4.5908484890e+00 1.4152435176e-05
1377 4.5889672854e+00 1.4042291686e-05
1378 4.5870859634e+00 1.4002336851e-05
1379 4.5852342501e+00 1.3866303336e-05
1380 4.5834540336e+00 1.3795733133e-05
1381 4.5816977552e+00 1.3742498829e-05
1382 4.5799623882e+00 1.3851173836e-05
1383 4.5782077308e+00 1.3870646356e-05
1384 4.5764469251e+00 1.3870717487e-05
1385 4.5746230112e+00 1.4026894057e-05
1386 4.5727574583e+00 1.4290202638e-05
1387 4.5708357651e+00 1.4541530367e-05
1388 4.5688195139e+00 1.4596090728e-05
1389 4.5667844580e+00 1.4824476310e-05
1390 4.5647549544e+00 1.4697931681e-05
1391 4.5628075964e+00 1.4424403397e-05
1392 4.5609524299e+00 1.4030411948e-05
1393 4.5591428319e+00 1.4103645904e-05
1394 4.5573251168e+00 1.4020070331e-05
1395 4.5555021269e+00 1.3927350767e-05
1396 4.5536929990e+00 1.3966818680e-05
1397 4.5518977068e+00 1.4110072699e-05
1398 4.5500812466e+00 1.4107444781e-05
1399 4.5483074830e+00 1.3887640282e-05
1400 4.5465911884e+00 1.3664544560e-05
1401 4.5448868682e+00 1.3481095343e-05
1402 4.5432105299e+00 1.3674529754e-05
1403 4.5415131893e+00 1.3715776727e-05
1404 4.5398241534e+00 1.3640784132e-05
1405 4.5381568489e+00 1.3623424889e-05
1406 4.5364780508e+00 1.3564518041e-05
1407 4.5348130410e+00 1.3444481531e-05
1408 4.5331665677e+00 1.3331872044e-05
1409 4.5315458048e+00 1.3145943791e-05
1410 4.5299763345e+00 1.2975429238e-05
1411 4.5284210975e+00 1.2898606988e-05
1412 4.5268833147e+00 1.2772655583e-05
1413 4.5253610432e+00 1.2679883771e-05
1414 4.5238745553e+00 1.2503015439e-05
1415 4.5224856885e+00 1.2286866954e-05
1416 4.5211238904e+00 1.2200282149e-05
1417 4.5197750164e+00 1.2237684027e-05
1418 4.5184130631e+00 1.2311084441e-05
1419 4.5170400340e+00 1.2124219906e-05
1420 4.5156935991e+00 1.1859695623e-05
1421 4.5143898885e+00 1.1680004316e-05
1422 4.5130893690e+00 1.1708621652e-05
1423 4.5117959519e+00 1.1729395769e-05
1424 4.5105067042e+00 1.1628967590e-05
1425 4.5092169983e+00 1.1582993373e-05
1426 4.5079864443e+00 1.1366169322e-05
1427 4.5067997056e+00 1.1221244038e-05
1428 4.5056701351e+00 1.0953654086e-05
1429 4.5045925848e+00 1.0717808723e-05
1430 4.5035389956e+00 1.0565984872e-05
1431 4.5025118451e+00 1.0354228807e-05
1432 4.5015148119e+00 1.0080609924e-05
1433 4.5005717475e+00 9.9167884898e-06
1434 4.4996572801e+00 9.7076610706e-06
1435 4.4987617653e+00 9.7022126586e-06
1436 4.4978821364e+00 9.6495008336e-06
1437 4.4970139009e+00 9.4578176144e-06
1438 4.4961693667e+00 9.3918991458e-06
1439 4.4953421196e+00 9.4601140073e-06
1440 4.4944943720e+00 9.5340842046e-06
1441 4.4936211480e+00 9.6497450331e-06
1442 4.4927371403e+00 9.6141315468e-06
1443 4.4918376489e+00 9.5958025581e-06
1444 4.4909304471e+00 9.6928575253e-06
1445 4.4900033694e+00 9.8136833252e-06
1446 4.4890622941e+00 9.8537178418e-06
1447 4.4881188029e+00 9.8459924881e-06
1448 4.4871591605e+00 9.8507668462e-06
1449 4.4861905953e+00 9.9622127087e-06
1450 4.4852176324e+00 9.9235290303e-06
1451 4.4842259735e+00 1.0111060233e-05
1452 4.4832060078e+00 1.0253290475e-05
1453 4.4821600784e+00 1.0419945885e-05
1454 4.4810687310e+00 1.0497550799e-05
1455 4.4799786896e+00 1.0557087809e-05
1456 4.4788963315e+00 1.0655048905e-05
1457 4.4777896893e+00 1.0699051573e-05
1458 4.4766593228e+00 1.0800482993e-05
1459 4.4755161160e+00 1.0865714016e-05
1460 4.4743810469e+00 1.0759703962e-05
1461 4.4732328340e+00 1.0780589775e-05
1462 4.4720763371e+00 1.0838353260e-05
1463 4.4709142828e+00 1.0948790166e-05
1464 4.4697259800e+00 1.1167114750e-05
1465 4.4684932242e+00 1.1353820902e-05
1466 4.4672062664e+00 1.1545167435e-05
1467 4.4658799762e+00 1.1601965600e-05
1468 4.4645295247e+00 1.1677654573e-05
1469 4.4631713096e+00 1.1625383668e-05
1470 4.4617864622e+00 1.1771893428e-05
1471 4.4603735051e+00 1.1991375329e-05
1472 4.4589023479e+00 1.2196549247e-05
1473 4.4573881826e+00 1.2304242137e-05
1474 4.4558587040e+00 1.2474636071e-05
1475 4.4543012263e+00 1.2502770395e-05
1476 4.4527413595e+00 1.2581047547e-05
1477 4.4511659609e+00 1.2674259882e-05
1478 4.4495720763e+00 1.2517260877e-05
1479 4.4479906133e+00 1.2495054971e-05
1480 4.4464319618e+00 1.2439102767e-05
1481 4.4448636533e+00 1.2400409534e-05
1482 4.4432995393e+00 1.2306625459e-05
1483 4.4417568109e+00 1.2287339562e-05
1484 4.4402207885e+00 1.2227099491e-05
1485 4.4386675850e+00 1.2371033362e-05
1486 4.4371216227e+00 1.2399594709e-05
1487 4.4355653328e+00 1.2301886364e-05
1488 4.4340343343e+00 1.2306999810e-05
1489 4.4324904929e+00 1.2380396132e-05
1490 4.4308979420e+00 1.2571494853e-05
1491 4.4292562487e+00 1.2674028567e-05
1492 4.4276024236e+00 1.2602279361e-05
1493 4.4259891678e+00 1.2530471147e-05
1494 4.4243903362e+00 1.2411893503e-05
1495 4.4228486616e+00 1.2257574607e-05
1496 4.4213529728e+00 1.2069050974e-05
1497 4.4198760027e+00 1.2040933255e-05
1498 4.4183934977e+00 1.2139666614e-05
1499 4.4168828841e+00 1.2290324822e-05
1500 4.4153215872e+00 1.2429178732e-05
1501 4.4137378533e+00 1.2448025016e-05
1502 4.4121546871e+00 1.2433457941e-05
1503 4.4105658839e+00 1.2442210969e-05
1504 4.4089676719e+00 1.2627458302e-05
1505 4.4073121523e+00 1.2626546518e-05
1506 4.4056484315e+00 1.2719797494e-05
1507 4.4039896054e+00 1.2826159319e-05
1508 4.4023039254e+00 1.2760634354e-05
1509 4.4005599002e+00 1.2923606244e-05
1510 4.3988132489e+00 1.3082597104e-05
1511 4.3970591476e+00 1.3270660014e-05
1512 4.3952907468e+00 1.3158288805e-05
1513 4.3935281816e+00 1.3032650487e-05
1514 4.3918090753e+00 1.3005506275e-05
1515 4.3900993432e+00 1.3114958161e-05
1516 4.3883444658e+00 1.3289258633e-05
1517 4.3865622385e+00 1.3243367488e-05
1518 4.3847992078e+00 1.3234354575e-05
1519 4.3830703009e+00 1.2999154495e-05
1520 4.3813861005e+00 1.2746252640e-05
1521 4.3797649276e+00 1.2655937223e-05
1522 4.3781598024e+00 1.2423147950e-05
1523 4.3766002500e+00 1.2236982080e-05
1524 4.3751160534e+00 1.2027597492e-05
1525 4.3736610108e+00 1.1801310995e-05
1526 4.3722486367e+00 1.1672220284e-05
1527 4.3708961875e+00 1.1465616280e-05
1528 4.3695862623e+00 1.1385762732e-05
1529 4.3683111330e+00 1.1361852220e-05
1530 4.3670363273e+00 1.1327134410e-05
1531 4.3657467995e+00 1.1323760761e-05
1532 4.3644473768e+00 1.1281211591e-05
1533 4.3631636366e+00 1.1179222944e-05
1534 4.3619069288e+00 1.0958214472e-05
1535 4.3606915417e+00 1.0847763340e-05
1536 4.3594971945e+00 1.0823139609e-05
1537 4.3582931861e+00 1.1009235562e-05
1538 4.3570514462e+00 1.1101123222e-05
1539 4.3557905613e+00 1.1064891611e-05
1540 4.3545435504e+00 1.1037400471e-05
1541 4.3532966840e+00 1.1021451119e-05
1542 4.3520365406e+00 1.1101276986e-05
1543 4.3507931849e+00 1.0962882548e-05
1544 4.3495773137e+00 1.0829858096e-05
1545 4.3483749069e+00 1.0836576483e-05
1546 4.3471956627e+00 1.0843630834e-05
1547 4.3460038679e+00 1.0860299815e-05
1548 4.3448045995e+00 1.0871942075e-05
1549 4.3435876254e+00 1.0822194607e-05
1550 4.3423834552e+00 1.0680547432e-05
1551 4.3411846765e+00 1.0684824744e-05
1552 4.3399893949e+00 1.0720897911e-05
1553 4.3388113133e+00 1.0623881448e-05
1554 4.3376578632e+00 1.0397614680e-05
1555 4.3365368125e+00 1.0363813505e-05
1556 4.3354212925e+00 1.0338418369e-05
1557 4.3343049740e+00 1.0404551447e-05
1558 4.3331857751e+00 1.0465208353e-05
1559 4.3320329859e+00 1.0665232333e-05
1560 4.3308448108e+00 1.0798585537e-05
1561 4.3296337195e+00 1.0849001868e-05
1562 4.3284206143e+00 1.0849726736e-05
1563 4.3272108271e+00 1.0744488886e-05
1564 4.3260051366e+00 1.0924279239e-05
1565 4.3247946289e+00 1.1007816261e-05
1566 4.3235877551e+00 1.0834968974e-05
1567 4.3223709301e+00 1.0729935223e-05
1568 4.3211926253e+00 1.0609282375e-05
1569 4.3200307645e+00 1.0547513994e-05
1570 4.3188782911e+00 1.0542781208e-05
1571 4.3177234169e+00 1.0566425499e-05
1572 4.3165512906e+00 1.0528521969e-05
1573 4.3154092847e+00 1.0483731713e-05
1574 4.3143047758e+00 1.0408117497e-05
1575 4.3132119088e+00 1.0397658673e-05
1576 4.3120929579e+00 1.0602525374e-05
1577 4.3109341439e+00 1.0572725119e-05
1578 4.3097649378e+00 1.0501865679e-05
1579 4.3086208120e+00 1.0387650558e-05
1580 4.3074772446e+00 1.0298682834e-05
1581 4.3063562771e+00 1.0202553049e-05
1582 4.3052781943e+00 1.0107190327e-05
1583 4.3042250484e+00 1.0042871312e-05
1584 4.3031865361e+00 9.9914248360e-06
1585 4.3021660527e+00 9.8112136543e-06
1586 4.3011536075e+00 9.8424176296e-06
1587 4.3001401223e+00 9.8878770617e-06
1588 4.2991262397e+00 9.7811792834e-06
1589 4.2981168319e+00 9.7464371648e-06
1590 4.2971183296e+00 9.6797658228e-06
1591 4.2961186191e+00 9.7687159954e-06
1592 4.2951154918e+00 9.7453051806e-06
1593 4.2941146972e+00 9.7330233337e-06
1594 4.2931233548e+00 9.7465763817e-06
1595 4.2921191384e+00 9.7644184116e-06
1596 4.2910987160e+00 9.7858255074e-06
1597 4.2900664108e+00 9.7772680435e-06
1598 4.2890237861e+00 9.8796649622e-06
1599 4.2879724762e+00 1.0078486164e-05
1600 4.2868826514e+00 1.0262900398e-05
1601 4.2857568378e+00 1.0302685308e-05
1602 4.2846228745e+00 1.0272555635e-05
1603 4.2835035201e+00 1.0191798741e-05
1604 4.2823861885e+00 1.0159732403e-05
1605 4.2812773558e+00 1.0118107158e-05
1606 4.2801598382e+00 1.0070765824e-05
1607 4.2790418340e+00 9.9798745100e-06
1608 4.2779721521e+00 9.9096215260e-06
1609 4.2769130305e+00 9.9182162566e-06
1610 4.2758496854e+00 9.9442970077e-06
1611 4.2747804045e+00 9.9125303214e-06
1612 4.2737265187e+00 9.9607591640e-06
1613 4.2726683622e+00 9.9041497252e-06
1614 4.2716074156e+00 9.9753734599e-06
1615 4.2705502585e+00 9.9264617840e-06
1616 4.2694887926e+00 9.9872562458e-06
1617 4.2684236190e+00 1.0017468804e-05
1618 4.2673684309e+00 9.8701924582e-06
1619 4.2663317571e+00 9.6553916034e-06
1620 4.2653248305e+00 9.5683011711e-06
1621 4.2643421131e+00 9.6332566948e-06
1622 4.2633616614e+00 9.4908743338e-06
1623 4.2624040304e+00 9.4389852672e-06
1624 4.2614709178e+00 9.4452293331e-06
1625 4.2605060779e+00 9.5279048834e-06
1626 4.2595260528e+00 9.5248394575e-06
1627 4.2585420275e+00 9.4741080164e-06
1628 4.2575698345e+00 9.3598300828e-06
1629 4.2566265005e+00 9.2822586225e-06
1630 4.2556999211e+00 9.1898591047e-06
1631 4.2547750212e+00 9.2059933931e-06
1632 4.2538360405e+00 9.2425682612e-06
1633 4.2528868824e+00 9.3333486989e-06
1634 4.2519188628e+00 9.2948672836e-06
1635 4.2509529632e+00 9.2892668794e-06
1636 4.2500066569e+00 9.2420977713e-06
1637 4.2490697446e+00 9.1488059415e-06
1638 4.2481277244e+00 9.1801963108e-06
1639 4.2472037168e+00 9.1513942839e-06
1640 4.2462681921e+00 9.2437553965e-06
1641 4.2453260576e+00 9.2161198204e-06
1642 4.2443799107e+00 9.1468209176e-06
1643 4.2434363914e+00 9.1343385593e-06
1644 4.2424940344e+00 9.1379317198e-06
1645 4.2415378678e+00 9.2231732577e-06
1646 4.2405619015e+00 9.4144347744e-06
1647 4.2395527591e+00 9.6432866112e-06
1648 4.2384898952e+00 9.8554116521e-06
1649 4.2373405137e+00 1.0065195159e-05
1650 4.2361601926e+00 1.0210976528e-05
1651 4.2349705178e+00 1.0216646503e-05
1652 4.2337470835e+00 1.0321968642e-05
1653 4.2325249500e+00 1.0266044992e-05
1654 4.2313124838e+00 1.0134235362e-05
1655 4.2301355118e+00 1.0087516792e-05
1656 4.2289875895e+00 9.9832423340e-06
1657 4.2278395634e+00 9.9850541816e-06
1658 4.2267089512e+00 9.9998576449e-06
1659 4.2255770489e+00 1.0035240353e-05
1660 4.2244257456e+00 1.0177234554e-05
1661 4.2232442641e+00 1.0190970763e-05
1662 4.2220329403e+00 1.0352200796e-05
1663 4.2208057647e+00 1.0416795785e-05
1664 4.2195603783e+00 1.0458513887e-05
1665 4.2183195095e+00 1.0470125318e-05
1666 4.2170725628e+00 1.0420579092e-05
1667 4.2158366338e+00 1.0283533568e-05
1668 4.2145963799e+00 1.0321781313e-05
1669 4.2133534496e+00 1.0360974870e-05
1670 4.2120980402e+00 1.0447815726e-05
1671 4.2108360097e+00 1.0474016295e-05
1672 4.2095487305e+00 1.0509473305e-05
1673 4.2082376875e+00 1.0609838024e-05
1674 4.2069490451e+00 1.0502041000e-05
1675 4.2056953246e+00 1.0350242046e-05
1676 4.2044702324e+00 1.0192258217e-05
1677 4.2032455782e+00 1.0145179047e-05
1678 4.2020353315e+00 1.0066759884e-05
1679 4.2008628130e+00 9.9894984058e-06
1680 4.1997267815e+00 9.9289826028e-06
1681 4.1986040929e+00 9.8294888616e-06
1682 4.1975070452e+00 9.7464888309e-06
1683 4.1964431899e+00 9.5939838776e-06
1684 4.1953902027e+00 9.4808276315e-06
1685 4.1943508227e+00 9.5375052797e-06
1686 4.1933011671e+00 9.5935770419e-06
1687 4.1922430909e+00 9.6741564232e-06
1688 4.1911530917e+00 9.7313719330e-06
1689 4.1900519241e+00 9.6517856587e-06
1690 4.1889591058e+00 9.5205888250e-06
1691 4.1879029354e+00 9.4026894037e-06
1692 4.1868667177e+00 9.4542988784e-06
1693 4.1858215212e+00 9.4087996880e-06
1694 4.1847713756e+00 9.4349822303e-06
1695 4.1837272351e+00 9.4209437743e-06
1696 4.1826907770e+00 9.4518215059e-06
1697 4.1816625289e+00 9.4261317794e-06
1698 4.1806308305e+00 9.3780064686e-06
1699 4.1795833942e+00 9.4693627808e-06
1700 4.1785230170e+00 9.4631313870e-06
1701 4.1774612402e+00 9.5577310209e-06
1702 4.1763926668e+00 9.5702101904e-06
1703 4.1753152027e+00 9.6277374108e-06
1704 4.1742400853e+00 9.5260060105e-06
1705 4.1731677563e+00 9.4792360948e-06
1706 4.1721088394e+00 9.4104606194e-06
1707 4.1710490156e+00 9.3946318278e-06
1708 4.1699835760e+00 9.4652500995e-06
1709 4.1689153459e+00 9.4812851411e-06
1710 4.1678580491e+00 9.4937622256e-06
1711 4.1668050113e+00 9.4806600372e-06
1712 4.1657304285e+00 9.4470412360e-06
1713 4.1646754930e+00 9.3282032612e-06
1714 4.1636492969e+00 9.1438319321e-06
1715 4.1626529496e+00 9.0462337410e-06
1716 4.1616557385e+00 9.0541180733e-06
1717 4.1606778796e+00 9.0463800133e-06
1718 4.1596908533e+00 9.0665210099e-06
1719 4.1586966466e+00 9.0958584907e-06
1720 4.1577007487e+00 9.0246054294e-06
1721 4.1567251314e+00 8.9890074350e-06
1722 4.1557532421e+00 9.1363609131e-06
1723 4.1547651760e+00 9.2101724988e-06
1724 4.1537617027e+00 9.1678918117e-06
1725 4.1527681480e+00 9.0755987722e-06
1726 4.1517947465e+00 8.9972940504e-06
1727 4.1508150981e+00 8.8980175074e-06
1728 4.1498349049e+00 8.8884317411e-06
1729 4.1488753900e+00 8.7592992622e-06
1730 4.1479602233e+00 8.7574556080e-06
1731 4.1470571693e+00 8.7063292733e-06
1732 4.1461393381e+00 8.7208295893e-06
1733 4.1452106167e+00 8.7346670585e-06
1734 4.1442855815e+00 8.6837596089e-06
1735 4.1433590019e+00 8.8024290103e-06
1736 4.1424022769e+00 9.0257032035e-06
1737 4.1414208968e+00 9.1228270120e-06
1738 4.1404345215e+00 9.2086656544e-06
1739 4.1394302023e+00 9.2372302123e-06
1740 4.1384025710e+00 9.3142288253e-06
1741 4.1373588679e+00 9.3813503254e-06
1742 4.1362917432e+00 9.3749478689e-06
1743 4.1352234773e+00 9.5654288884e-06
1744 4.1341369262e+00 9.6334759444e-06
1745 4.1330000304e+00 9.6502243004e-06
1746 4.1318611518e+00 9.6503672956e-06
1747 4.1307290773e+00 9.6099937003e-06
1748 4.1296029827e+00 9.5782083966e-06
1749 4.1284810927e+00 9.5537612318e-06
1750 4.1273715353e+00 9.4761570230e-06
1751 4.1262830434e+00 9.4755993068e-06
1752 4.1251978059e+00 9.4550700696e-06
1753 4.1241178281e+00 9.4832649013e-06
1754 4.1230294321e+00 9.4479204146e-06
1755 4.1219514398e+00 9.5664861614e-06
1756 4.1208525669e+00 9.6109984827e-06
1757 4.1197300660e+00 9.6769579911e-06
1758 4.1185954888e+00 9.7047240972e-06
1759 4.1174479314e+00 9.7756686601e-06
1760 4.1162867931e+00 9.8812728625e-06
1761 4.1150963212e+00 9.9904369060e-06
1762 4.1138920173e+00 1.0005341155e-05
1763 4.1127070661e+00 9.9516247379e-06
1764 4.1115462900e+00 9.8809272811e-06
1765 4.1103784382e+00 9.9378717129e-06
1766 4.1091629419e+00 9.9962832319e-06
1767 4.1079398082e+00 1.0028376208e-05
1768 4.1067303210e+00 9.9696887986e-06
1769 4.1055440952e+00 9.8065619886e-06
1770 4.1043529188e+00 9.8648696724e-06
1771 4.1031717135e+00 9.9537889888e-06
1772 4.1019824785e+00 1.0020155648e-05
1773 4.1007856027e+00 1.0036722652e-05
1774 4.0995461671e+00 1.0100822780e-05
1775 4.0982806257e+00 1.0103335916e-05
1776 4.0970191066e+00 1.0055310554e-05
1777 4.0957808146e+00 1.0089638189e-05
1778 4.0945514045e+00 1.0153000533e-05
1779 4.0933023246e+00 1.0161350484e-05
1780 4.0920584016e+00 1.0134577826e-05
1781 4.0908055111e+00 1.0280949823e-05
1782 4.0895246425e+00 1.0282190700e-05
1783 4.0882358834e+00 1.0236608130e-05
1784 4.0869509767e+00 1.0223933130e-05
1785 4.0856707135e+00 1.0278503619e-05
1786 4.0843456971e+00 1.0389080765e-05
1787 4.0829756316e+00 1.0564886553e-05
1788 4.0815784675e+00 1.0708452681e-05
1789 4.0801729420e+00 1.0747523011e-05
1790 4.0787393977e+00 1.0833071300e-05
1791 4.0772825338e+00 1.0941844479e-05
1792 4.0757765414e+00 1.1020844555e-05
1793 4.0742346554e+00 1.1137520293e-05
1794 4.0726782675e+00 1.1462239496e-05
1795 4.0710629932e+00 1.1650705023e-05
1796 4.0694157750e+00 1.1673445370e-05
1797 4.0677991076e+00 1.1581939012e-05
1798 4.0661940619e+00 1.1309183875e-05
1799 4.0646597397e+00 1.1065933481e-05
1800 4.0631945020e+00 1.0853131598e-05
1801 4.0617935665e+00 1.0693362520e-05
1802 4.0604062194e+00 1.0510955010e-05
1803 4.0590625028e+00 1.0488645486e-05
1804 4.0577389743e+00 1.0474009092e-05
1805 4.0564110408e+00 1.0501566999e-05
1806 4.0550841904e+00 1.0548641889e-05
1807 4.0537702976e+00 1.0483286898e-05
1808 4.0524618080e+00 1.0329774968e-05
1809 4.0511670519e+00 1.0243601831e-05
1810 4.0498839507e+00 1.0170683212e-05
1811 4.0486279129e+00 1.0101144897e-05
1812 4.0474030249e+00 1.0059288791e-05
1813 4.0462017939e+00 1.0076455977e-05
1814 4.0449974423e+00 9.8825693409e-06
1815 4.0438220363e+00 9.7299472297e-06
1816 4.0426622746e+00 9.6404880047e-06
1817 4.0415336093e+00 9.4768789290e-06
1818 4.0404621436e+00 9.2100152691e-06
1819 4.0394505692e+00 9.0328741166e-06
1820 4.0384846189e+00 8.9512131184e-06
1821 4.0375221347e+00 8.9199878551e-06
1822 4.0365360239e+00 8.9813248087e-06
1823 4.0355417593e+00 8.9587365088e-06
1824 4.0345444009e+00 8.9664351355e-06
1825 4.0335436449e+00 9.0227619485e-06
1826 4.0325414867e+00 9.0152262539e-06
1827 4.0315679639e+00 8.9306115683e-06
1828 4.0305792988e+00 8.9621285721e-06
1829 4.0295760261e+00 9.0744415345e-06
1830 4.0285543229e+00 9.1025430265e-06
1831 4.0275139099e+00 9.2187326875e-06
1832 4.0264604832e+00 9.2596714129e-06
1833 4.0253931431e+00 9.3082677955e-06
1834 4.0243257693e+00 9.2616968174e-06
1835 4.0232679140e+00 9.2394724987e-06
1836 4.0222210715e+00 9.2086927240e-06
1837 4.0211624711e+00 9.1893323854e-06
1838 4.0201098945e+00 9.1035110848e-06
1839 4.0190840859e+00 8.9194667124e-06
1840 4.0181024471e+00 8.7702928903e-06
1841 4.0171565467e+00 8.6409759003e-06
1842 4.0162114196e+00 8.5900740334e-06
1843 4.0152896866e+00 8.6146905287e-06
1844 4.0143604779e+00 8.6012178928e-06
1845 4.0134337311e+00 8.5733596920e-06
1846 4.0125115138e+00 8.5518454648e-06
1847 4.0115887674e+00 8.5402607328e-06
1848 4.0106740005e+00 8.6450269596e-06
1849 4.0097438922e+00 8.7205396576e-06
1850 4.0088010292e+00 8.6910885108e-06
1851 4.0078743028e+00 8.6553598500e-06
1852 4.0069490381e+00 8.5846612821e-06
1853 4.0060162652e+00 8.5366630354e-06
1854 4.0050747181e+00 8.7317444749e-06
1855 4.0041071691e+00 8.8244061046e-06
1856 4.0031392895e+00 8.8070121946e-06
1857 4.0021920991e+00 8.6869703967e-06
1858 4.0012513869e+00 8.6375970313e-06
1859 4.0003059965e+00 8.7046630481e-06
1860 3.9993460351e+00 8.6944755040e-06
1861 3.9983703992e+00 8.8465596696e-06
1862 3.9974112071e+00 8.8428238295e-06
1863 3.9964436600e+00 8.8100543261e-06
1864 3.9954624985e+00 8.7263954229e-06
1865 3.9944841384e+00 8.6583137241e-06
1866 3.9935155684e+00 8.6470269836e-06
1867 3.9925479473e+00 8.6384421997e-06
1868 3.9915766898e+00 8.5171494761e-06
1869 3.9906403609e+00 8.5032450322e-06
1870 3.9897174133e+00 8.4780323399e-06
1871 3.9887961454e+00 8.5155056152e-06
1872 3.9878475334e+00 8.4990097381e-06
1873 3.9869179266e+00 8.4297532423e-06
1874 3.9860159144e+00 8.3746012428e-06
1875 3.9851235486e+00 8.2996193918e-06
1876 3.9842482792e+00 8.2414804822e-06
1877 3.9833854072e+00 8.1514285878e-06
1878 3.9825279083e+00 8.1749629287e-06
1879 3.9816424360e+00 8.2114063429e-06
1880 3.9807453361e+00 8.2254886801e-06
1881 3.9798648559e+00 8.0931420165e-06
1882 3.9790108925e+00 8.0054965418e-06
1883 3.9781833712e+00 7.9439828081e-06
1884 3.9773618661e+00 7.9510699706e-06
1885 3.9765381135e+00 7.9189383990e-06
1886 3.9757420682e+00 7.9043914469e-06
1887 3.9749666644e+00 7.7886193673e-06
1888 3.9742008770e+00 7.7807422444e-06
1889 3.9734160072e+00 7.7893689044e-06
1890 3.9726242127e+00 7.7587231313e-06
1891 3.9718401964e+00 7.7410528538e-06
1892 3.9710637571e+00 7.7249345134e-06
1893 3.9702839674e+00 7.7750456161e-06
1894 3.9694900616e+00 7.8594807389e-06
1895 3.9686888536e+00 7.8646496439e-06
1896 3.9678668805e+00 7.8593524401e-06
1897 3.9670318767e+00 7.8899099986e-06
1898 3.9661949608e+00 7.8880320615e-06
1899 3.9653583814e+00 7.9594423343e-06
1900 3.9645175493e+00 7.9060887823e-06
1901 3.9636826694e+00 7.9342253638e-06
1902 3.9628399557e+00 7.9891050585e-06
1903 3.9619919012e+00 8.0191158173e-06
1904 3.9611464322e+00 7.9697879875e-06
1905 3.9603193213e+00 7.8074534434e-06
1906 3.9595278659e+00 7.6496504890e-06
1907 3.9587656260e+00 7.5580329234e-06
1908 3.9580272313e+00 7.5031312122e-06
1909 3.9572846504e+00 7.4260461180e-06
1910 3.9565572625e+00 7.3157583967e-06
1911 3.9558620347e+00 7.2079063560e-06
1912 3.9551874928e+00 7.0942349501e-06
1913 3.9545182130e+00 7.0916753982e-06
1914 3.9538485248e+00 7.0556424755e-06
1915 3.9532001810e+00 6.9156395635e-06
1916 3.9525620830e+00 6.9391405939e-06
1917 3.9519170869e+00 6.9955684594e-06
1918 3.9512641723e+00 7.0165800490e-06
1919 3.9505987540e+00 7.0068034320e-06
1920 3.9499422951e+00 7.0031088007e-06
1921 3.9492864244e+00 6.9597874325e-06
1922 3.9486280991e+00 6.9536387469e-06
1923 3.9479724898e+00 7.0094500897e-06
1924 3.9473118850e+00 7.0443478034e-06
1925 3.9466487245e+00 7.0803560941e-06
1926 3.9459870024e+00 7.0759971261e-06
1927 3.9453216964e+00 6.9649463432e-06
1928 3.9446769146e+00 6.8806962510e-06
1929 3.9440456438e+00 6.8439209704e-06
1930 3.9434150022e+00 6.7235737259e-06
1931 3.9427923067e+00 6.6879242339e-06
1932 3.9421758382e+00 6.7193080474e-06
1933 3.9415512287e+00 6.7648662477e-06
1934 3.9409238963e+00 6.7824060683e-06
1935 3.9402883002e+00 6.8298756946e-06
1936 3.9396406217e+00 6.9663136661e-06
1937 3.9389722266e+00 7.0599473387e-06
1938 3.9382899196e+00 7.1727985999e-06
1939 3.9375786790e+00 7.1905251623e-06
1940 3.9368506713e+00 7.2360987486e-06
1941 3.9361160706e+00 7.2700809896e-06
1942 3.9353933112e+00 7.2510557945e-06
1943 3.9346620329e+00 7.3135214151e-06
1944 3.9339192084e+00 7.4053008089e-06
1945 3.9331748179e+00 7.5361715103e-06
1946 3.9324048600e+00 7.6340788978e-06
1947 3.9316059417e+00 7.7040155628e-06
1948 3.9307828339e+00 7.7794444087e-06
1949 3.9299517187e+00 7.7880636568e-06
1950 3.9291232998e+00 7.7567529356e-06
1951 3.9283054617e+00 7.7054062232e-06
1952 3.9274890204e+00 7.6610113729e-06
1953 3.9266919855e+00 7.6141744584e-06
1954 3.9259160755e+00 7.5937225292e-06
1955 3.9251209155e+00 7.6386638595e-06
1956 3.9243027796e+00 7.7070353633e-06
1957 3.9234790006e+00 7.7367521164e-06
1958 3.9226590565e+00 7.7232656903e-06
1959 3.9218496605e+00 7.6754519906e-06
1960 3.9210608374e+00 7.5798402517e-06
1961 3.9202699092e+00 7.5733039084e-06
1962 3.9194700875e+00 7.6274493216e-06
1963 3.9186494675e+00 7.7619317229e-06
1964 3.9178039797e+00 7.8614200464e-06
1965 3.9169504397e+00 7.8551080226e-06
1966 3.9160979180e+00 7.8161490887e-06
1967 3.9152541961e+00 7.7330133513e-06
1968 3.9144087703e+00 7.7421043120e-06
1969 3.9135611846e+00 7.7505996840e-06
1970 3.9127002966e+00 7.7900045401e-06
1971 3.9118245582e+00 7.8218903723e-06
1972 3.9109553775e+00 7.7959647852e-06
1973 3.9100964891e+00 7.7113060686e-06
1974 3.9092575697e+00 7.7355585742e-06
1975 3.9084216224e+00 7.7078798657e-06
1976 3.9075658654e+00 7.7464646998e-06
1977 3.9066946799e+00 7.8613299884e-06
1978 3.9058054881e+00 7.9191806529e-06
1979 3.9049100388e+00 7.8807596354e-06
1980 3.9040211473e+00 7.9298965885e-06
1981 3.9031322056e+00 7.9593854016e-06
1982 3.9022370796e+00 7.9370058681e-06
1983 3.9013269595e+00 8.0861346986e-06
1984 3.9004046024e+00 8.1710907142e-06
1985 3.8994376525e+00 8.2634299498e-06
1986 3.8984424445e+00 8.3882286559e-06
1987 3.8974190477e+00 8.4529776726e-06
1988 3.8963946844e+00 8.4593614762e-06
1989 3.8953826124e+00 8.5024664971e-06
1990 3.8943564768e+00 8.5807521102e-06
1991 3.8933185275e+00 8.6473482197e-06
1992 3.8922474404e+00 8.6912650021e-06
1993 3.8911669564e+00 8.6827486907e-06
1994 3.8900718690e+00 8.6385021703e-06
1995 3.8889811866e+00 8.6647176416e-06
1996 3.8879174100e+00 8.6428489272e-06
1997 3.8868605040e+00 8.5752809059e-06
1998 3.8858318229e+00 8.4819841958e-06
1999 3.8848277772e+00 8.2518641586e-06
