iter rel_error rel_residual
0 1.1263575523e+01 4.2184542816e-01
1 1.2770691581e+01 1.8923149807e-01
2 1.5686311516e+01 1.1519352288e-01
3 1.8521778013e+01 8.2217514729e-02
4 1.8939315158e+01 5.8608051977e-02
5 1.7440509771e+01 4.8639742136e-02
6 1.5521556136e+01 4.0433545416e-02
7 1.4483662041e+01 3.4743541195e-02
8 1.4067168344e+01 3.0243498008e-02
9 1.3831795544e+01 2.6684246108e-02
10 1.3617750230e+01 2.4457617996e-02
11 1.3414893476e+01 2.2193537647e-02
12 1.3165376512e+01 1.9915518082e-02
13 1.2844537901e+01 1.8197205965e-02
14 1.2552056532e+01 1.6801193075e-02
15 1.2366169298e+01 1.5525522235e-02
16 1.2261676189e+01 1.4571490621e-02
17 1.2169658503e+01 1.3509243801e-02
18 1.2057976015e+01 1.2588072855e-02
19 1.1920520522e+01 1.1917517490e-02
20 1.1781631539e+01 1.1462580138e-02
21 1.1675026822e+01 1.0752154164e-02
22 1.1594676303e+01 1.0196505575e-02
23 1.1519571922e+01 9.7616147351e-03
24 1.1451448642e+01 9.4012206224e-03
25 1.1387184455e+01 9.2135917747e-03
26 1.1341673987e+01 8.7706949178e-03
27 1.1322595654e+01 8.4450496698e-03
28 1.1332533802e+01 8.2023080247e-03
29 1.1361171400e+01 7.9600147261e-03
30 1.1394042529e+01 7.6246489435e-03
31 1.1434874548e+01 7.3098121699e-03
32 1.1489400888e+01 7.0434689555e-03
33 1.1556177836e+01 6.8403071807e-03
34 1.1632222200e+01 6.6350207563e-03
35 1.1711449110e+01 6.3477680789e-03
36 1.1790943699e+01 6.1443362249e-03
37 1.1872287981e+01 5.9606656728e-03
38 1.1955525021e+01 5.7898048495e-03
39 1.2041274416e+01 5.6276406947e-03
40 1.2125670590e+01 5.4489473948e-03
41 1.2204710085e+01 5.3458867965e-03
42 1.2281118122e+01 5.2581655256e-03
43 1.2355791464e+01 5.1737087916e-03
44 1.2429128022e+01 5.0242259721e-03
45 1.2500622352e+01 4.9025465740e-03
46 1.2570366704e+01 4.8168735345e-03
47 1.2638877268e+01 4.7356516542e-03
48 1.2704115897e+01 4.5887520202e-03
49 1.2766227466e+01 4.4244194524e-03
50 1.2825087176e+01 4.3269716815e-03
51 1.2882301377e+01 4.2420862975e-03
52 1.2939614014e+01 4.1564437390e-03
53 1.2995066736e+01 3.9978983391e-03
54 1.3049429858e+01 3.9329502703e-03
55 1.3103728116e+01 3.8322098161e-03
56 1.3156555744e+01 3.7399249173e-03
57 1.3207942419e+01 3.6577466697e-03
58 1.3258095724e+01 3.5689688401e-03
59 1.3306048981e+01 3.4876272447e-03
60 1.3352714083e+01 3.4131518224e-03
61 1.3399968453e+01 3.3289790215e-03
62 1.3446483091e+01 3.2456760187e-03
63 1.3492222966e+01 3.2076226641e-03
64 1.3535250643e+01 3.1391163399e-03
65 1.3575530985e+01 3.0850661035e-03
66 1.3615031858e+01 3.0055173081e-03
67 1.3654002076e+01 2.9310839866e-03
68 1.3692070143e+01 2.8949477034e-03
69 1.3728179701e+01 2.8417799672e-03
70 1.3761240894e+01 2.7875632341e-03
71 1.3792700993e+01 2.7437077198e-03
72 1.3824373038e+01 2.6940671100e-03
73 1.3855281780e+01 2.6406963661e-03
74 1.3883767265e+01 2.5875275606e-03
75 1.3908428194e+01 2.5044862961e-03
76 1.3930655787e+01 2.4501179191e-03
77 1.3951836879e+01 2.4074987753e-03
78 1.3972138227e+01 2.3469728345e-03
79 1.3990379479e+01 2.3190380131e-03
80 1.4006349723e+01 2.2622325647e-03
81 1.4020240333e+01 2.2243941420e-03
82 1.4033030559e+01 2.1860350856e-03
83 1.4045183413e+01 2.1514920048e-03
84 1.4055868617e+01 2.0942161893e-03
85 1.4065057328e+01 2.0760236540e-03
86 1.4073394130e+01 2.0417413184e-03
87 1.4080825378e+01 2.0101155212e-03
88 1.4086944371e+01 1.9632836580e-03
89 1.4091586538e+01 1.9244412721e-03
90 1.4094988810e+01 1.8942925420e-03
91 1.4097674427e+01 1.8823515745e-03
92 1.4099984126e+01 1.8493712857e-03
93 1.4101524976e+01 1.8035672520e-03
94 1.4101809181e+01 1.7626795695e-03
95 1.4101032396e+01 1.7496150086e-03
96 1.4099768024e+01 1.7375543701e-03
97 1.4098307505e+01 1.7147149682e-03
98 1.4096143942e+01 1.6695596084e-03
99 1.4092640613e+01 1.6587087439e-03
100 1.4088297373e+01 1.6350478730e-03
101 1.4083910638e+01 1.6016136206e-03
102 1.4079554460e+01 1.5804185718e-03
103 1.4074599481e+01 1.5493544297e-03
104 1.4068183223e+01 1.5273649979e-03
105 1.4060801683e+01 1.5194043470e-03
106 1.4053090338e+01 1.5128939848e-03
107 1.4045256322e+01 1.5193748607e-03
108 1.4036651941e+01 1.5574933230e-03
109 1.4026296116e+01 1.6247805033e-03
110 1.4014206776e+01 1.7332045992e-03
111 1.4001434928e+01 1.8311719513e-03
112 1.3988629012e+01 1.8831476796e-03
113 1.3975934985e+01 1.8584621575e-03
114 1.3962801540e+01 1.7768886618e-03
115 1.3949532659e+01 1.6613031592e-03
116 1.3936851867e+01 1.5697146638e-03
117 1.3924572851e+01 1.5088498209e-03
118 1.3911836500e+01 1.4628926484e-03
119 1.3898386565e+01 1.4169662532e-03
120 1.3884472743e+01 1.3431846213e-03
121 1.3870882603e+01 1.2754656797e-03
122 1.3857297840e+01 1.2273364230e-03
123 1.3843472621e+01 1.1875508175e-03
124 1.3829684297e+01 1.1338911910e-03
125 1.3815859423e+01 1.0896871391e-03
126 1.3802210890e+01 1.0521792631e-03
127 1.3788629165e+01 1.0167963234e-03
128 1.3774642090e+01 9.8037853249e-04
129 1.3760393597e+01 9.5984944388e-04
130 1.3745988371e+01 9.4000023715e-04
131 1.3731411994e+01 9.2163598977e-04
132 1.3716930836e+01 9.0106570766e-04
133 1.3701917401e+01 8.8955965445e-04
134 1.3686142699e+01 8.8266331573e-04
135 1.3669921624e+01 8.7619025509e-04
136 1.3653347742e+01 8.7061695124e-04
137 1.3636856194e+01 8.5797006549e-04
138 1.3620199837e+01 8.5012114763e-04
139 1.3602909514e+01 8.4786689555e-04
140 1.3585113258e+01 8.4397707746e-04
141 1.3566819038e+01 8.4281262191e-04
142 1.3547756216e+01 8.3458124815e-04
143 1.3528106818e+01 8.2754221914e-04
144 1.3507990087e+01 8.2219216336e-04
145 1.3487725724e+01 8.2083125054e-04
146 1.3467183794e+01 8.1654087117e-04
147 1.3446321986e+01 8.1780366993e-04
148 1.3424537334e+01 8.2064038833e-04
149 1.3401748470e+01 8.2248117462e-04
150 1.3378081773e+01 8.2466067100e-04
151 1.3353486882e+01 8.3600250485e-04
152 1.3327859936e+01 8.4317945205e-04
153 1.3301308603e+01 8.4840251573e-04
154 1.3273438809e+01 8.6196920658e-04
155 1.3244884968e+01 8.6436222445e-04
156 1.3215772802e+01 8.7183642563e-04
157 1.3186501134e+01 8.7959509446e-04
158 1.3157510316e+01 8.7366641103e-04
159 1.3129112906e+01 8.7551001301e-04
160 1.3099151366e+01 8.7783488092e-04
161 1.3067175316e+01 8.8362813522e-04
162 1.3034129360e+01 8.8775374249e-04
163 1.3000273292e+01 8.8949129991e-04
164 1.2966235903e+01 8.8086368983e-04
165 1.2931785218e+01 8.7747335785e-04
166 1.2897003020e+01 8.7546999883e-04
167 1.2862268999e+01 8.8257653157e-04
168 1.2828001436e+01 8.8714366441e-04
169 1.2794497273e+01 8.8944217355e-04
170 1.2761011184e+01 8.8675998709e-04
171 1.2725532579e+01 8.8518614855e-04
172 1.2688735404e+01 8.8178979834e-04
173 1.2651041031e+01 8.9164413120e-04
174 1.2613068177e+01 8.9289159360e-04
175 1.2574676457e+01 8.9431819880e-04
176 1.2535910205e+01 8.9805136049e-04
177 1.2497185007e+01 8.9192741976e-04
178 1.2458372443e+01 8.8705258492e-04
179 1.2420255670e+01 8.8847164510e-04
180 1.2382250795e+01 8.8749487037e-04
181 1.2343994184e+01 8.8498516551e-04
182 1.2305598269e+01 8.8167998105e-04
183 1.2268593945e+01 8.8232982146e-04
184 1.2233812641e+01 8.8595441961e-04
185 1.2198793477e+01 9.0209064162e-04
186 1.2160208077e+01 9.3340206726e-04
187 1.2117110925e+01 9.7550196883e-04
188 1.2068714467e+01 1.0428423644e-03
189 1.2014246244e+01 1.1218442411e-03
190 1.1952214640e+01 1.2018258648e-03
191 1.1885059306e+01 1.2500924804e-03
192 1.1818610688e+01 1.2700376014e-03
193 1.1757351114e+01 1.2678075519e-03
194 1.1698282125e+01 1.2457300793e-03
195 1.1642204455e+01 1.2046159018e-03
196 1.1590780041e+01 1.1685263624e-03
197 1.1545147713e+01 1.1715790888e-03
198 1.1503968998e+01 1.1741359876e-03
199 1.1466222759e+01 1.1841688930e-03
200 1.1432029979e+01 1.1758014463e-03
201 1.1402787329e+01 1.1475704235e-03
202 1.1376557727e+01 1.1140382499e-03
203 1.1351629798e+01 1.0761347999e-03
204 1.1328102466e+01 1.0536384833e-03
205 1.1304955915e+01 1.0465218184e-03
206 1.1281203656e+01 1.0323014363e-03
207 1.1257837857e+01 1.0059202179e-03
208 1.1235846979e+01 9.7300079796e-04
209 1.1215585849e+01 9.5990585063e-04
210 1.1196175351e+01 9.4750039360e-04
211 1.1175362253e+01 9.5864290004e-04
212 1.1153124891e+01 9.4166343872e-04
213 1.1130854934e+01 9.2694143413e-04
214 1.1109368202e+01 9.0034098459e-04
215 1.1088240910e+01 8.7990383149e-04
216 1.1067998664e+01 8.4788580624e-04
217 1.1049635276e+01 8.0206131478e-04
218 1.1032483209e+01 7.7347494490e-04
219 1.1015099034e+01 7.5081867227e-04
220 1.0997235201e+01 7.4975383340e-04
221 1.0978507921e+01 7.6472479175e-04
222 1.0957826255e+01 7.9306608835e-04
223 1.0935255675e+01 8.2735254165e-04
224 1.0910840959e+01 8.5577920062e-04
225 1.0885824828e+01 8.7352078882e-04
226 1.0860237054e+01 8.8243539236e-04
227 1.0832916499e+01 8.9097696570e-04
228 1.0804395694e+01 9.0248210191e-04
229 1.0774157076e+01 9.3135231192e-04
230 1.0742643199e+01 9.5626152989e-04
231 1.0710854962e+01 9.5595381027e-04
232 1.0680727621e+01 9.5023472492e-04
233 1.0650842934e+01 9.6380120411e-04
234 1.0618470088e+01 9.8285746781e-04
235 1.0583672128e+01 9.9729324924e-04
236 1.0548723242e+01 9.8758857941e-04
237 1.0515143295e+01 9.6731981704e-04
238 1.0483463193e+01 9.4015996252e-04
239 1.0452355348e+01 9.3503082241e-04
240 1.0419659146e+01 9.2523933897e-04
241 1.0385762070e+01 9.1524185573e-04
242 1.0351583762e+01 8.9421527932e-04
243 1.0318115783e+01 8.7221450081e-04
244 1.0286735378e+01 8.5078155167e-04
245 1.0257122342e+01 8.3362560551e-04
246 1.0227839833e+01 8.2691495431e-04
247 1.0198806303e+01 8.1040681335e-04
248 1.0170639307e+01 8.0176327721e-04
249 1.0143906201e+01 7.9169071868e-04
250 1.0119070975e+01 7.7826563963e-04
251 1.0097032691e+01 7.6058443663e-04
252 1.0076130951e+01 7.5164208600e-04
253 1.0055828099e+01 7.4023941960e-04
254 1.0036645518e+01 7.2658143096e-04
255 1.0019120611e+01 7.0036564523e-04
256 1.0003182010e+01 6.8545710340e-04
257 9.9884398464e+00 6.7413435511e-04
258 9.9736504517e+00 6.7537138141e-04
259 9.9586871882e+00 6.6544969500e-04
260 9.9437898446e+00 6.6788476252e-04
261 9.9293920878e+00 6.6377434304e-04
262 9.9157765652e+00 6.5511750173e-04
263 9.9032444334e+00 6.5864127682e-04
264 9.8911372364e+00 6.7297853219e-04
265 9.8791652888e+00 6.8969297060e-04
266 9.8678363969e+00 6.9827315481e-04
267 9.8569914720e+00 7.0809656917e-04
268 9.8467676241e+00 7.1355598699e-04
269 9.8370994698e+00 7.2533288801e-04
270 9.8275325234e+00 7.4344066424e-04
271 9.8184471325e+00 7.5938234617e-04
272 9.8098516765e+00 7.6287892366e-04
273 9.8019977215e+00 7.6911056755e-04
274 9.7948018964e+00 7.7172837541e-04
275 9.7879678091e+00 7.8469821075e-04
276 9.7818499244e+00 7.9161762086e-04
277 9.7764770441e+00 7.9170989430e-04
278 9.7718998072e+00 7.7574897098e-04
279 9.7679269123e+00 7.6686501143e-04
280 9.7642768817e+00 7.6322683816e-04
281 9.7606920952e+00 7.6114889033e-04
282 9.7571476880e+00 7.5092506771e-04
283 9.7536810437e+00 7.4394836471e-04
284 9.7504885051e+00 7.2485286571e-04
285 9.7475331775e+00 7.1176738171e-04
286 9.7447068618e+00 6.9998888186e-04
287 9.7419660283e+00 6.9906718321e-04
288 9.7392533854e+00 6.9010634724e-04
289 9.7366027965e+00 6.8367081415e-04
290 9.7339860470e+00 6.7137605930e-04
291 9.7311506116e+00 6.5487566552e-04
292 9.7281945195e+00 6.5496960696e-04
293 9.7254176253e+00 6.6031674341e-04
294 9.7230081996e+00 6.6601021795e-04
295 9.7210795757e+00 6.7074351359e-04
296 9.7193832199e+00 6.7072393835e-04
297 9.7178034382e+00 6.7546481880e-04
298 9.7164146152e+00 6.8201231046e-04
299 9.7153614737e+00 6.7966896903e-04
300 9.7146346124e+00 6.6379713281e-04
301 9.7139362916e+00 6.3838831690e-04
302 9.7131703291e+00 6.0164382581e-04
303 9.7122962030e+00 5.7423830291e-04
304 9.7114281198e+00 5.4559310088e-04
305 9.7104693018e+00 5.2160494099e-04
306 9.7092723891e+00 4.9918589286e-04
307 9.7078577093e+00 4.7978704105e-04
308 9.7063503060e+00 4.6449314632e-04
309 9.7047370451e+00 4.5114262265e-04
310 9.7028395466e+00 4.3620884527e-04
311 9.7005719631e+00 4.1679643956e-04
312 9.6979552737e+00 3.9912041943e-04
313 9.6952660458e+00 3.7972656872e-04
314 9.6926617961e+00 3.5937586087e-04
315 9.6901438752e+00 3.4544478691e-04
316 9.6875499896e+00 3.3605535709e-04
317 9.6847381108e+00 3.2793958937e-04
318 9.6817136204e+00 3.1951532032e-04
319 9.6785468336e+00 3.1069703716e-04
320 9.6752234738e+00 3.0255214779e-04
321 9.6717845907e+00 2.9700038006e-04
322 9.6682466425e+00 2.9489999669e-04
323 9.6645168794e+00 2.9745371835e-04
324 9.6606286126e+00 2.9566722155e-04
325 9.6565435959e+00 2.9529325368e-04
326 9.6522162131e+00 2.9894870441e-04
327 9.6474705107e+00 3.0560621208e-04
328 9.6422774978e+00 3.0810537227e-04
329 9.6369017919e+00 3.0554747080e-04
330 9.6315153153e+00 2.9572134222e-04
331 9.6262197450e+00 2.8796863376e-04
332 9.6210751180e+00 2.7958126087e-04
333 9.6160005652e+00 2.7557212787e-04
334 9.6109015444e+00 2.7330152037e-04
335 9.6055274501e+00 2.7737332552e-04
336 9.5996606279e+00 2.8261831840e-04
337 9.5933774586e+00 2.8266204368e-04
338 9.5869978717e+00 2.8044814649e-04
339 9.5805802037e+00 2.7709406618e-04
340 9.5739895577e+00 2.7912439555e-04
341 9.5671010249e+00 2.7889027797e-04
342 9.5598106943e+00 2.8344087807e-04
343 9.5523750430e+00 2.8375428952e-04
344 9.5450714206e+00 2.8136105746e-04
345 9.5377413673e+00 2.8024508569e-04
346 9.5300835729e+00 2.7869685432e-04
347 9.5221455610e+00 2.7712209982e-04
348 9.5139998654e+00 2.7414060255e-04
349 9.5054359705e+00 2.7711159369e-04
350 9.4963976299e+00 2.7955384146e-04
351 9.4870254362e+00 2.7698898651e-04
352 9.4773225254e+00 2.7422577251e-04
353 9.4675421116e+00 2.7119896270e-04
354 9.4576974496e+00 2.6779703973e-04
355 9.4482137885e+00 2.6182719045e-04
356 9.4390125175e+00 2.6142766339e-04
357 9.4293686757e+00 2.5835762390e-04
358 9.4193505512e+00 2.5831666345e-04
359 9.4091939535e+00 2.5230471308e-04
360 9.3990214476e+00 2.4822468509e-04
361 9.3887805269e+00 2.4845189744e-04
362 9.3784147686e+00 2.5164536621e-04
363 9.3678333191e+00 2.5036173127e-04
364 9.3576179194e+00 2.4616894460e-04
365 9.3479975564e+00 2.4331398787e-04
366 9.3384489569e+00 2.4060195608e-04
367 9.3284968340e+00 2.3952321872e-04
368 9.3184860255e+00 2.3724606766e-04
369 9.3085003859e+00 2.3339228668e-04
370 9.2987321087e+00 2.2902176005e-04
371 9.2892371911e+00 2.2178300514e-04
372 9.2802394079e+00 2.1482226801e-04
373 9.2716538498e+00 2.0737188445e-04
374 9.2635694685e+00 1.9744250632e-04
375 9.2561840739e+00 1.8605602908e-04
376 9.2495835410e+00 1.7369282058e-04
377 9.2437729164e+00 1.6003867545e-04
378 9.2387123375e+00 1.5058197245e-04
379 9.2341522708e+00 1.4436565147e-04
380 9.2298405276e+00 1.4124775098e-04
381 9.2256650121e+00 1.3742177752e-04
382 9.2214013928e+00 1.3726410432e-04
383 9.2169206713e+00 1.3782308509e-04
384 9.2121442544e+00 1.3928354164e-04
385 9.2072610537e+00 1.3871556771e-04
386 9.2024922254e+00 1.3570976383e-04
387 9.1980714149e+00 1.3102097005e-04
388 9.1939168986e+00 1.2831689031e-04
389 9.1896573989e+00 1.2717471293e-04
390 9.1851825146e+00 1.2740169565e-04
391 9.1805210693e+00 1.2859933493e-04
392 9.1756875444e+00 1.3070188356e-04
393 9.1706718538e+00 1.3019995564e-04
394 9.1656294702e+00 1.2938247027e-04
395 9.1606279800e+00 1.2699920826e-04
396 9.1557309849e+00 1.2572454067e-04
397 9.1510148522e+00 1.2414733949e-04
398 9.1463461555e+00 1.2350106491e-04
399 9.1416289621e+00 1.2361949487e-04
400 9.1370589575e+00 1.2095766321e-04
401 9.1328175358e+00 1.1783015752e-04
402 9.1287938697e+00 1.1486252943e-04
403 9.1247686654e+00 1.1300839993e-04
404 9.1207718604e+00 1.0944597355e-04
405 9.1167957146e+00 1.0636927162e-04
406 9.1129132678e+00 1.0357208634e-04
407 9.1090826604e+00 1.0184039453e-04
408 9.1053017277e+00 1.0000804189e-04
409 9.1014922271e+00 9.9612398265e-05
410 9.0976945604e+00 9.9837430533e-05
411 9.0938220052e+00 1.0087703867e-04
412 9.0897511180e+00 1.0164157747e-04
413 9.0853933227e+00 1.0338145153e-04
414 9.0808093742e+00 1.0219128451e-04
415 9.0762265741e+00 1.0073876744e-04
416 9.0718419571e+00 9.8528953471e-05
417 9.0677084795e+00 9.7011376028e-05
418 9.0638499366e+00 9.5395477597e-05
419 9.0602689927e+00 9.3761002324e-05
420 9.0565553846e+00 9.3604140485e-05
421 9.0527568892e+00 9.2792030970e-05
422 9.0489330352e+00 9.2467250899e-05
423 9.0451943937e+00 9.1790394415e-05
424 9.0415579776e+00 8.9448462834e-05
425 9.0381981513e+00 8.6944357230e-05
426 9.0351120155e+00 8.5386096981e-05
427 9.0320463515e+00 8.4460034478e-05
428 9.0289099465e+00 8.4183657308e-05
429 9.0257768558e+00 8.2127018957e-05
430 9.0227005248e+00 7.9620221025e-05
431 9.0197821435e+00 7.8049137438e-05
432 9.0169840320e+00 7.6549640251e-05
433 9.0142502942e+00 7.5529623980e-05
434 9.0115937362e+00 7.4170511829e-05
435 9.0090735498e+00 7.1749398882e-05
436 9.0067334741e+00 7.0072174456e-05
437 9.0044270936e+00 6.9439285177e-05
438 9.0019545985e+00 7.0801453910e-05
439 8.9993098648e+00 7.1985829764e-05
440 8.9965140781e+00 7.3521275255e-05
441 8.9936271245e+00 7.3750707296e-05
442 8.9907326819e+00 7.2961329189e-05
443 8.9879781699e+00 7.1325061128e-05
444 8.9853607786e+00 6.9177357108e-05
445 8.9827798608e+00 6.7779915874e-05
446 8.9801755042e+00 6.6890501443e-05
447 8.9775640910e+00 6.7069663901e-05
448 8.9748972365e+00 6.7079071575e-05
449 8.9722384840e+00 6.7101900748e-05
450 8.9697309329e+00 6.6129382925e-05
451 8.9673148718e+00 6.5549153006e-05
452 8.9648413045e+00 6.5325882884e-05
453 8.9622980891e+00 6.5177960934e-05
454 8.9597553661e+00 6.4852476400e-05
455 8.9572813981e+00 6.5239251135e-05
456 8.9548333546e+00 6.5594295264e-05
457 8.9522603248e+00 6.5402201297e-05
458 8.9496374516e+00 6.5011776864e-05
459 8.9469939438e+00 6.4733637378e-05
460 8.9443663321e+00 6.5101350330e-05
461 8.9417079793e+00 6.5487268122e-05
462 8.9390518485e+00 6.5820663909e-05
463 8.9364376223e+00 6.5527258016e-05
464 8.9337954317e+00 6.5289953639e-05
465 8.9310770277e+00 6.5179334701e-05
466 8.9282472410e+00 6.5317453808e-05
467 8.9253024682e+00 6.5275151508e-05
468 8.9222942457e+00 6.5618129292e-05
469 8.9192455350e+00 6.5796727887e-05
470 8.9161372723e+00 6.5686334257e-05
471 8.9130317700e+00 6.5652966650e-05
472 8.9099553946e+00 6.5415655827e-05
473 8.9068295700e+00 6.5306355520e-05
474 8.9035631484e+00 6.5779146979e-05
475 8.9001577707e+00 6.6679905120e-05
476 8.8966891798e+00 6.6785004190e-05
477 8.8931385074e+00 6.6197216310e-05
478 8.8896790129e+00 6.5369924100e-05
479 8.8863513468e+00 6.4073981116e-05
480 8.8832148101e+00 6.3408422970e-05
481 8.8800453595e+00 6.3204881856e-05
482 8.8768279478e+00 6.2552915280e-05
483 8.8736646358e+00 6.0871176324e-05
484 8.8707077949e+00 5.9219854437e-05
485 8.8679325933e+00 5.8564267552e-05
486 8.8651682422e+00 5.7897827496e-05
487 8.8623535597e+00 5.7062268710e-05
488 8.8595002009e+00 5.6740309467e-05
489 8.8566671491e+00 5.6875975126e-05
490 8.8538327536e+00 5.6746136526e-05
491 8.8509841497e+00 5.7445491279e-05
492 8.8479711895e+00 5.8215127571e-05
493 8.8448989969e+00 5.8848326475e-05
494 8.8418403645e+00 5.8616800793e-05
495 8.8388462000e+00 5.8208202360e-05
496 8.8357536357e+00 5.8890688017e-05
497 8.8324978467e+00 5.9371269883e-05
498 8.8291479037e+00 5.9255067846e-05
499 8.8257722170e+00 5.9523701935e-05
500 8.8224827329e+00 5.9476386157e-05
501 8.8191629817e+00 6.0781386491e-05
502 8.8156001979e+00 6.1929308945e-05
503 8.8118435693e+00 6.2235125932e-05
504 8.8080967629e+00 6.1875804013e-05
505 8.8044587309e+00 6.1244187666e-05
506 8.8010645388e+00 6.0317370548e-05
507 8.7977315187e+00 6.0148627022e-05
508 8.7941298679e+00 6.0753405575e-05
509 8.7903665839e+00 6.1091411744e-05
510 8.7865156039e+00 6.0864226854e-05
511 8.7826945148e+00 6.1020430834e-05
512 8.7788876873e+00 6.0283974727e-05
513 8.7751572461e+00 6.0150712068e-05
514 8.7715069787e+00 5.9864496831e-05
515 8.7678606917e+00 5.9977897642e-05
516 8.7641060657e+00 5.9698899067e-05
517 8.7603791436e+00 5.8801248738e-05
518 8.7567980644e+00 5.8079197773e-05
519 8.7534236076e+00 5.7674034815e-05
520 8.7501352415e+00 5.6680196903e-05
521 8.7467991935e+00 5.5402080706e-05
522 8.7434391848e+00 5.4152575537e-05
523 8.7401474319e+00 5.3351859376e-05
524 8.7369376889e+00 5.2867215911e-05
525 8.7338153020e+00 5.2755960936e-05
526 8.7306839982e+00 5.2435153893e-05
527 8.7275795730e+00 5.1676986562e-05
528 8.7245921076e+00 5.0779377291e-05
529 8.7217981850e+00 4.9558554868e-05
530 8.7190756249e+00 4.8724975637e-05
531 8.7162836719e+00 4.8622864421e-05
532 8.7134462108e+00 4.8316051582e-05
533 8.7106408564e+00 4.7651426469e-05
534 8.7078905202e+00 4.7126934786e-05
535 8.7052084439e+00 4.6166913582e-05
536 8.7026180293e+00 4.4481246622e-05
537 8.7001265282e+00 4.3670173596e-05
538 8.6976996534e+00 4.3495352091e-05
539 8.6952917358e+00 4.3475121395e-05
540 8.6928800611e+00 4.3289044724e-05
541 8.6905112741e+00 4.2307940909e-05
542 8.6881985454e+00 4.1531257727e-05
543 8.6858580412e+00 4.1422133314e-05
544 8.6834868264e+00 4.1138284415e-05
545 8.6811047855e+00 4.0605259410e-05
546 8.6787456078e+00 3.9744947005e-05
547 8.6765933983e+00 3.8000894876e-05
548 8.6746341797e+00 3.6780441690e-05
549 8.6726898507e+00 3.6198048653e-05
550 8.6706927464e+00 3.5746862872e-05
551 8.6686611073e+00 3.5440752996e-05
552 8.6665672608e+00 3.5502540757e-05
553 8.6644224594e+00 3.5430444961e-05
554 8.6622791525e+00 3.5126765532e-05
555 8.6601834906e+00 3.4126904999e-05
556 8.6581618100e+00 3.3141200717e-05
557 8.6562284766e+00 3.2236720145e-05
558 8.6542829351e+00 3.2586172430e-05
559 8.6522531697e+00 3.3180588971e-05
560 8.6500854750e+00 3.3696082423e-05
561 8.6477794888e+00 3.4398827237e-05
562 8.6453529002e+00 3.4909357030e-05
563 8.6428241080e+00 3.5786262018e-05
564 8.6402441963e+00 3.6024254632e-05
565 8.6376520328e+00 3.6405375154e-05
566 8.6349368041e+00 3.7111726811e-05
567 8.6320612221e+00 3.7350125460e-05
568 8.6290977354e+00 3.6612259818e-05
569 8.6262416819e+00 3.5587424406e-05
570 8.6235104995e+00 3.4186313691e-05
571 8.6208714684e+00 3.3433110738e-05
572 8.6182895432e+00 3.3299238844e-05
573 8.6156752955e+00 3.3537655978e-05
574 8.6129829032e+00 3.3551920338e-05
575 8.6102359861e+00 3.3861079405e-05
576 8.6074647338e+00 3.3494776158e-05
577 8.6046886367e+00 3.3543325510e-05
578 8.6018837040e+00 3.3414242088e-05
579 8.5990585722e+00 3.3230579708e-05
580 8.5963082619e+00 3.2155966510e-05
581 8.5937131792e+00 3.1380465609e-05
582 8.5911754919e+00 3.1344267434e-05
583 8.5885119785e+00 3.1781066911e-05
584 8.5856499830e+00 3.2200793277e-05
585 8.5826546158e+00 3.2598855207e-05
586 8.5796041202e+00 3.2867144069e-05
587 8.5766508329e+00 3.2639484224e-05
588 8.5737890694e+00 3.2555307325e-05
589 8.5707788740e+00 3.2417662557e-05
590 8.5675435862e+00 3.2539097735e-05
591 8.5641913966e+00 3.2716852634e-05
592 8.5606675798e+00 3.3232532665e-05
593 8.5570298578e+00 3.3639080262e-05
594 8.5533554338e+00 3.3630317683e-05
595 8.5497041167e+00 3.3386963206e-05
596 8.5461957763e+00 3.2882462800e-05
597 8.5427911448e+00 3.2332407914e-05
598 8.5393684425e+00 3.2214768906e-05
599 8.5359447992e+00 3.2228272047e-05
600 8.5325081673e+00 3.2166893959e-05
601 8.5289921472e+00 3.2020722291e-05
602 8.5253898224e+00 3.1665459581e-05
603 8.5218834464e+00 3.1648751556e-05
604 8.5184768390e+00 3.1281347284e-05
605 8.5151494903e+00 3.1045169415e-05
606 8.5117516074e+00 3.1345417136e-05
607 8.5080794142e+00 3.1542809177e-05
608 8.5042487030e+00 3.1734050861e-05
609 8.5003674298e+00 3.1532942874e-05
610 8.4964429661e+00 3.1399497364e-05
611 8.4925263777e+00 3.1669648142e-05
612 8.4885956351e+00 3.1450766160e-05
613 8.4846123928e+00 3.1510035878e-05
614 8.4806019520e+00 3.1514021935e-05
615 8.4765131623e+00 3.1383118715e-05
616 8.4725341654e+00 3.1678619885e-05
617 8.4686294476e+00 3.1475695186e-05
618 8.4647524950e+00 3.1654273897e-05
619 8.4606215200e+00 3.2137450030e-05
620 8.4561695303e+00 3.3079596545e-05
621 8.4515425747e+00 3.3276794099e-05
622 8.4468725647e+00 3.3153471759e-05
623 8.4421026723e+00 3.3510137661e-05
624 8.4372245777e+00 3.3723406530e-05
625 8.4323860755e+00 3.3450540117e-05
626 8.4276905151e+00 3.3736787167e-05
627 8.4229394593e+00 3.4653297972e-05
628 8.4178975998e+00 3.4888071068e-05
629 8.4126333137e+00 3.4822630435e-05
630 8.4072364594e+00 3.4521821163e-05
631 8.4018550445e+00 3.4746861727e-05
632 8.3963683472e+00 3.4972022791e-05
633 8.3907675964e+00 3.5568991922e-05
634 8.3850004194e+00 3.5640049380e-05
635 8.3792149058e+00 3.5968957404e-05
636 8.3734482685e+00 3.5846160962e-05
637 8.3677663091e+00 3.6154697629e-05
638 8.3618581730e+00 3.6929182068e-05
639 8.3554742727e+00 3.7743732278e-05
640 8.3488006495e+00 3.8109607386e-05
641 8.3419656570e+00 3.8066317223e-05
642 8.3353510276e+00 3.8049743909e-05
643 8.3287885467e+00 3.8666922998e-05
644 8.3219584365e+00 3.9127191406e-05
645 8.3148380720e+00 3.9283322503e-05
646 8.3076440770e+00 3.9154056760e-05
647 8.3004169048e+00 3.9188378779e-05
648 8.2930065486e+00 3.9911641969e-05
649 8.2854040978e+00 4.0185333520e-05
650 8.2777023189e+00 4.0326778331e-05
651 8.2702364278e+00 4.0064998351e-05
652 8.2628894387e+00 4.0184912257e-05
653 8.2552297781e+00 4.0697256935e-05
654 8.2471108580e+00 4.1589499619e-05
655 8.2386979100e+00 4.2284256231e-05
656 8.2300770356e+00 4.2604914494e-05
657 8.2216672980e+00 4.2049193210e-05
658 8.2137361370e+00 4.1883560231e-05
659 8.2058874867e+00 4.1586667868e-05
660 8.1976810710e+00 4.1267534619e-05
661 8.1895886700e+00 4.0762936391e-05
662 8.1818736507e+00 3.9839056213e-05
663 8.1745947486e+00 3.9404799842e-05
664 8.1674676523e+00 4.0284690844e-05
665 8.1598367771e+00 4.1286301255e-05
666 8.1513965489e+00 4.2808582035e-05
667 8.1423577016e+00 4.3648475771e-05
668 8.1329328988e+00 4.4406880425e-05
669 8.1234337360e+00 4.4510671766e-05
670 8.1141541607e+00 4.4940931028e-05
671 8.1049010119e+00 4.5591785485e-05
672 8.0952353896e+00 4.6489774007e-05
673 8.0848260176e+00 4.6898664980e-05
674 8.0739322692e+00 4.7233443352e-05
675 8.0629251261e+00 4.7440911019e-05
676 8.0520083891e+00 4.7533384747e-05
677 8.0413130111e+00 4.6426227481e-05
678 8.0312224980e+00 4.6026942262e-05
679 8.0216308459e+00 4.5275473404e-05
680 8.0119220275e+00 4.5390375304e-05
681 8.0020181712e+00 4.5320625807e-05
682 7.9921965303e+00 4.5008251810e-05
683 7.9824442728e+00 4.4487330079e-05
684 7.9730119885e+00 4.4039634755e-05
685 7.9638273238e+00 4.3383463395e-05
686 7.9548325003e+00 4.3098150776e-05
687 7.9459033554e+00 4.2773939063e-05
688 7.9371448533e+00 4.2127210850e-05
689 7.9287464171e+00 4.1485676509e-05
690 7.9207811232e+00 4.1527013977e-05
691 7.9130276521e+00 4.1607165937e-05
692 7.9049300981e+00 4.1930579756e-05
693 7.8964915447e+00 4.2311222563e-05
694 7.8881182084e+00 4.2248482236e-05
695 7.8796721624e+00 4.2211884558e-05
696 7.8714545545e+00 4.2449425557e-05
697 7.8633690968e+00 4.2580293590e-05
698 7.8550606136e+00 4.2918432968e-05
699 7.8465283950e+00 4.2479915010e-05
700 7.8379767327e+00 4.2306909165e-05
701 7.8294228144e+00 4.2422361069e-05
702 7.8208068780e+00 4.2750873653e-05
703 7.8120910165e+00 4.3043516953e-05
704 7.8034326997e+00 4.3136379591e-05
705 7.7948875993e+00 4.3260450833e-05
706 7.7860378517e+00 4.3539678020e-05
707 7.7768556557e+00 4.4418415538e-05
708 7.7672671222e+00 4.5161223871e-05
709 7.7575282317e+00 4.5417034777e-05
710 7.7478451380e+00 4.5727342958e-05
711 7.7385611005e+00 4.5450087331e-05
712 7.7292992516e+00 4.6280971675e-05
713 7.7196528654e+00 4.6381314510e-05
714 7.7098130371e+00 4.6009523306e-05
715 7.7002278783e+00 4.5827444989e-05
716 7.6907933941e+00 4.5740678024e-05
717 7.6811488372e+00 4.6190082169e-05
718 7.6712590974e+00 4.6178085255e-05
719 7.6613468454e+00 4.5943669082e-05
720 7.6515786297e+00 4.5772596636e-05
721 7.6418749157e+00 4.5236218321e-05
722 7.6324134837e+00 4.4476681121e-05
723 7.6233959077e+00 4.3884134693e-05
724 7.6148454529e+00 4.3305063077e-05
725 7.6065260386e+00 4.3765658061e-05
726 7.5979471875e+00 4.4127024019e-05
727 7.5892643433e+00 4.3756094818e-05
728 7.5809681548e+00 4.2983662746e-05
729 7.5733497966e+00 4.1810763252e-05
730 7.5658925620e+00 4.1407776149e-05
731 7.5582411416e+00 4.1383075939e-05
732 7.5504201127e+00 4.1271378431e-05
733 7.5426636653e+00 4.0971226036e-05
734 7.5350322628e+00 4.0675842151e-05
735 7.5275840934e+00 4.0500035786e-05
736 7.5204531351e+00 3.9870385134e-05
737 7.5134410786e+00 4.0104042879e-05
738 7.5064154339e+00 4.0290110431e-05
739 7.4992100379e+00 4.0242518625e-05
740 7.4919990418e+00 3.9851073910e-05
741 7.4849982998e+00 3.9607250933e-05
742 7.4781919591e+00 3.9201225599e-05
743 7.4713637203e+00 3.9170928741e-05
744 7.4646753009e+00 3.8115193538e-05
745 7.4580527520e+00 3.7074502384e-05
746 7.4516833398e+00 3.6369973075e-05
747 7.4455736562e+00 3.5893649702e-05
748 7.4396593284e+00 3.5233610936e-05
749 7.4339372090e+00 3.4769165513e-05
750 7.4284126738e+00 3.4089210445e-05
751 7.4231145841e+00 3.3237003567e-05
752 7.4180882425e+00 3.2723519209e-05
753 7.4132950436e+00 3.2411981432e-05
754 7.4086990991e+00 3.2423111453e-05
755 7.4041587745e+00 3.2781284008e-05
756 7.3992517789e+00 3.3230465445e-05
757 7.3940153061e+00 3.4013902483e-05
758 7.3885413139e+00 3.4776877065e-05
759 7.3827321146e+00 3.5442531099e-05
760 7.3768051480e+00 3.5355366996e-05
761 7.3710062408e+00 3.4860563354e-05
762 7.3653443024e+00 3.4849011902e-05
763 7.3596295418e+00 3.5053573349e-05
764 7.3538892363e+00 3.5147453297e-05
765 7.3481431595e+00 3.5540021361e-05
766 7.3425765518e+00 3.5804507202e-05
767 7.3366535546e+00 3.6944055424e-05
768 7.3301023961e+00 3.8226928587e-05
769 7.3228892024e+00 3.9256338457e-05
770 7.3152504761e+00 4.0272343979e-05
771 7.3074938849e+00 4.0069957611e-05
772 7.3000896339e+00 3.8994371233e-05
773 7.2934244337e+00 3.7217369609e-05
774 7.2873913357e+00 3.6617576502e-05
775 7.2813745537e+00 3.6240002037e-05
776 7.2751071441e+00 3.6791173432e-05
777 7.2685754341e+00 3.7030325872e-05
778 7.2618415697e+00 3.7645126943e-05
779 7.2549763625e+00 3.7953362749e-05
780 7.2483049776e+00 3.7038705665e-05
781 7.2422514143e+00 3.6525408655e-05
782 7.2364602526e+00 3.6085903651e-05
783 7.2303827831e+00 3.6342719472e-05
784 7.2241367312e+00 3.6684697323e-05
785 7.2176379687e+00 3.6936054870e-05
786 7.2110215321e+00 3.7357015075e-05
787 7.2044142578e+00 3.7278664228e-05
788 7.1977488201e+00 3.6940323229e-05
789 7.1911897959e+00 3.6678325671e-05
790 7.1847333983e+00 3.6246598527e-05
791 7.1784262893e+00 3.6408826287e-05
792 7.1723717395e+00 3.6612492448e-05
793 7.1664195162e+00 3.6640025142e-05
794 7.1602514477e+00 3.6810494682e-05
795 7.1539273543e+00 3.5934709461e-05
796 7.1476924582e+00 3.5684478327e-05
797 7.1415507044e+00 3.5637318628e-05
798 7.1354745603e+00 3.5455136251e-05
799 7.1296586268e+00 3.5225823955e-05
800 7.1240499758e+00 3.5197130499e-05
801 7.1183610013e+00 3.5070287156e-05
802 7.1125353680e+00 3.4725353336e-05
803 7.1067950028e+00 3.4438152060e-05
804 7.1011533712e+00 3.3891673456e-05
805 7.0957527956e+00 3.3581369091e-05
806 7.0904454770e+00 3.3423180474e-05
807 7.0851861113e+00 3.3554901939e-05
808 7.0799745597e+00 3.3385216070e-05
809 7.0749710364e+00 3.2666078154e-05
810 7.0701189162e+00 3.2360611680e-05
811 7.0653217262e+00 3.1945623364e-05
812 7.0604598618e+00 3.1941882798e-05
813 7.0556008424e+00 3.1600470538e-05
814 7.0508287428e+00 3.1081444539e-05
815 7.0462299309e+00 3.0336368218e-05
816 7.0418715482e+00 3.0067863110e-05
817 7.0376329020e+00 2.9678921498e-05
818 7.0334235064e+00 2.9946398042e-05
819 7.0291228068e+00 2.9627542212e-05
820 7.0248576484e+00 2.9248132514e-05
821 7.0206778876e+00 2.9008394344e-05
822 7.0165397839e+00 2.8945705125e-05
823 7.0124490415e+00 2.9142071215e-05
824 7.0085100839e+00 2.9227377070e-05
825 7.0047547819e+00 2.8908577459e-05
826 7.0009505307e+00 2.8758650747e-05
827 6.9970043713e+00 2.8657132892e-05
828 6.9929174342e+00 2.9147785490e-05
829 6.9886972215e+00 2.9221715071e-05
830 6.9844410951e+00 2.9647241083e-05
831 6.9803154011e+00 2.9113143356e-05
832 6.9762728621e+00 2.9177207794e-05
833 6.9721888157e+00 2.9601469527e-05
834 6.9677851011e+00 2.9865455037e-05
835 6.9632622381e+00 3.0508057724e-05
836 6.9586992705e+00 3.0625884349e-05
837 6.9541908280e+00 3.0232329093e-05
838 6.9497167684e+00 3.0243818273e-05
839 6.9452200201e+00 3.0674124342e-05
840 6.9405681333e+00 3.1053560135e-05
841 6.9358705111e+00 3.1335945371e-05
842 6.9312251232e+00 3.1101307493e-05
843 6.9265680794e+00 3.1111901763e-05
844 6.9218429247e+00 3.1248448430e-05
845 6.9169698755e+00 3.1608808082e-05
846 6.9119553800e+00 3.2133496832e-05
847 6.9069162502e+00 3.2076514483e-05
848 6.9019072341e+00 3.1663880410e-05
849 6.8972508503e+00 3.1105382343e-05
850 6.8927339185e+00 3.1052717343e-05
851 6.8880640443e+00 3.1680507036e-05
852 6.8832017427e+00 3.1544440820e-05
853 6.8783311202e+00 3.1248172716e-05
854 6.8736831581e+00 3.0684673402e-05
855 6.8694024752e+00 3.0047110561e-05
856 6.8653598035e+00 2.9900467772e-05
857 6.8612158801e+00 2.9743039955e-05
858 6.8569018573e+00 2.9344854197e-05
859 6.8527518089e+00 2.9126339687e-05
860 6.8487587470e+00 2.8522722857e-05
861 6.8449893220e+00 2.7980551331e-05
862 6.8414573522e+00 2.7952070324e-05
863 6.8378301776e+00 2.7754383400e-05
864 6.8340591215e+00 2.7705408925e-05
865 6.8303771580e+00 2.7436904427e-05
866 6.8268417216e+00 2.6711416632e-05
867 6.8234998424e+00 2.6649650434e-05
868 6.8201494762e+00 2.6674512398e-05
869 6.8166868049e+00 2.6484463617e-05
870 6.8132346046e+00 2.6209923692e-05
871 6.8098960206e+00 2.5609591031e-05
872 6.8066811334e+00 2.5158199588e-05
873 6.8035608468e+00 2.4605654329e-05
874 6.8005252830e+00 2.4304465022e-05
875 6.7976069175e+00 2.3802623745e-05
876 6.7947344837e+00 2.3462661554e-05
877 6.7919984607e+00 2.2869128427e-05
878 6.7893507438e+00 2.2236916009e-05
879 6.7868439871e+00 2.1949256723e-05
880 6.7843836305e+00 2.1695370609e-05
881 6.7819198014e+00 2.1821920123e-05
882 6.7794795941e+00 2.1849817201e-05
883 6.7770782282e+00 2.1862265493e-05
884 6.7746574216e+00 2.1973277799e-05
885 6.7722496899e+00 2.1940608424e-05
886 6.7698157962e+00 2.1894152139e-05
887 6.7674377536e+00 2.1579865455e-05
888 6.7651612767e+00 2.1349571451e-05
889 6.7629702316e+00 2.0940275360e-05
890 6.7608083366e+00 2.0815212749e-05
891 6.7586789342e+00 2.0754623215e-05
892 6.7565238496e+00 2.0600908510e-05
893 6.7544147933e+00 2.0280796571e-05
894 6.7524256564e+00 1.9976971801e-05
895 6.7505345617e+00 1.9377648641e-05
896 6.7486520769e+00 1.9415542183e-05
897 6.7467329076e+00 1.9423763977e-05
898 6.7447905993e+00 1.9370115505e-05
899 6.7429190673e+00 1.9284433105e-05
900 6.7411423286e+00 1.9120396214e-05
901 6.7393538208e+00 1.9216461073e-05
902 6.7374690759e+00 1.9082081465e-05
903 6.7355205899e+00 1.8970717013e-05
904 6.7335641347e+00 1.9205487959e-05
905 6.7315886774e+00 1.9269030104e-05
906 6.7296353829e+00 1.9442476925e-05
907 6.7277026615e+00 1.9421484568e-05
908 6.7257420079e+00 1.9469487824e-05
909 6.7237016651e+00 1.9705025332e-05
910 6.7215910042e+00 1.9782658215e-05
911 6.7194369111e+00 1.9801202149e-05
912 6.7172770751e+00 1.9861213530e-05
913 6.7151254684e+00 2.0009762454e-05
914 6.7129678336e+00 2.0078588854e-05
915 6.7108297346e+00 2.0486123688e-05
916 6.7086627126e+00 2.0609761667e-05
917 6.7063921847e+00 2.0859743191e-05
918 6.7039943592e+00 2.0904650897e-05
919 6.7015353720e+00 2.0915427557e-05
920 6.6990839294e+00 2.0928717414e-05
921 6.6965924184e+00 2.1200855504e-05
922 6.6940786933e+00 2.1284202941e-05
923 6.6915795509e+00 2.1251200580e-05
924 6.6892217768e+00 2.1055543226e-05
925 6.6868978172e+00 2.1244615503e-05
926 6.6844199482e+00 2.1467916829e-05
927 6.6818358972e+00 2.1419715935e-05
928 6.6793084607e+00 2.1340537101e-05
929 6.6768824367e+00 2.1068117194e-05
930 6.6745050143e+00 2.1097512286e-05
931 6.6720314525e+00 2.1356381307e-05
932 6.6694008473e+00 2.1765133405e-05
933 6.6666486312e+00 2.2259383099e-05
934 6.6638426049e+00 2.2552789762e-05
935 6.6610491411e+00 2.2652084381e-05
936 6.6584014827e+00 2.2508230726e-05
937 6.6556840407e+00 2.2804731218e-05
938 6.6527791474e+00 2.2823508347e-05
939 6.6497674643e+00 2.2631753541e-05
940 6.6468534350e+00 2.2361084089e-05
941 6.6440893869e+00 2.2037334309e-05
942 6.6414116867e+00 2.1709797076e-05
943 6.6387637837e+00 2.1396889716e-05
944 6.6361516964e+00 2.1116478907e-05
945 6.6336111049e+00 2.0727082268e-05
946 6.6311328928e+00 2.0328866960e-05
947 6.6287505487e+00 2.0227902118e-05
948 6.6264686350e+00 1.9986358080e-05
949 6.6243059371e+00 2.0096100643e-05
950 6.6220313190e+00 2.0138185130e-05
951 6.6196331525e+00 2.0324327244e-05
952 6.6171885851e+00 2.0277554590e-05
953 6.6147874858e+00 1.9820671284e-05
954 6.6125522728e+00 1.9534576230e-05
955 6.6103671865e+00 1.9393604562e-05
956 6.6080998400e+00 1.9617297586e-05
957 6.6057960273e+00 1.9900634125e-05
958 6.6034544468e+00 1.9786612866e-05
959 6.6011726337e+00 1.9811938564e-05
960 6.5989106691e+00 2.0035495138e-05
961 6.5965497640e+00 2.0490856487e-05
962 6.5940241982e+00 2.0698578380e-05
963 6.5914017093e+00 2.0798714805e-05
964 6.5887498768e+00 2.0724467430e-05
965 6.5861160132e+00 2.0842826636e-05
966 6.5835126692e+00 2.0976771347e-05
967 6.5809139783e+00 2.1082800451e-05
968 6.5783289102e+00 2.0932530053e-05
969 6.5756682336e+00 2.1209587878e-05
970 6.5728441028e+00 2.1621694262e-05
971 6.5698335869e+00 2.2109813942e-05
972 6.5666926468e+00 2.2410525947e-05
973 6.5635134914e+00 2.2596593300e-05
974 6.5603635779e+00 2.2417307481e-05
975 6.5571773357e+00 2.2555389180e-05
976 6.5539262330e+00 2.2901457936e-05
977 6.5505859140e+00 2.3186537498e-05
978 6.5472311183e+00 2.3480343066e-05
979 6.5438812778e+00 2.3520067520e-05
980 6.5405434031e+00 2.3783474399e-05
981 6.5371154194e+00 2.3932923530e-05
982 6.5335533627e+00 2.4164704497e-05
983 6.5299296983e+00 2.4074673750e-05
984 6.5262594237e+00 2.4377037588e-05
985 6.5225103155e+00 2.4883674997e-05
986 6.5185853477e+00 2.5463826561e-05
987 6.5144961234e+00 2.5624928125e-05
988 6.5103476384e+00 2.5192815719e-05
989 6.5064047442e+00 2.4717638506e-05
990 6.5027031516e+00 2.3855534305e-05
991 6.4992397854e+00 2.3854865769e-05
992 6.4959119155e+00 2.3641391211e-05
993 6.4926511798e+00 2.3203430240e-05
994 6.4894297904e+00 2.2756685809e-05
995 6.4861646262e+00 2.2785457471e-05
996 6.4828218190e+00 2.2783077948e-05
997 6.4795222037e+00 2.2488429021e-05
998 6.4763340070e+00 2.2259771503e-05
999 6.4731963213e+00 2.2272317911e-05
1000 6.4700631327e+00 2.2308526752e-05
1001 6.4669050425e+00 2.2172777292e-05
1002 6.4637750540e+00 2.1992573504e-05
1003 6.4606875932e+00 2.1804343945e-05
1004 6.4576878091e+00 2.1583549122e-05
1005 6.4548168170e+00 2.1421709783e-05
1006 6.4521146152e+00 2.1188642447e-05
1007 6.4494264508e+00 2.1460167518e-05
1008 6.4465847582e+00 2.1334812747e-05
1009 6.4436819868e+00 2.1298814173e-05
1010 6.4408709920e+00 2.0912517639e-05
1011 6.4381170562e+00 2.0615232050e-05
1012 6.4354681389e+00 2.0430321952e-05
1013 6.4328186849e+00 2.0416050330e-05
1014 6.4301592520e+00 2.0197894256e-05
1015 6.4275408817e+00 1.9968340009e-05
1016 6.4250165116e+00 1.9826275419e-05
1017 6.4226075855e+00 1.9658080138e-05
1018 6.4202149907e+00 1.9859310826e-05
1019 6.4176920369e+00 1.9724370998e-05
1020 6.4151677547e+00 1.9546480607e-05
1021 6.4127894371e+00 1.9062297627e-05
1022 6.4105726032e+00 1.8880755969e-05
1023 6.4083780357e+00 1.8975468441e-05
1024 6.4060335562e+00 1.9149695983e-05
1025 6.4035966958e+00 1.8948935952e-05
1026 6.4011762928e+00 1.8870661838e-05
1027 6.3987973747e+00 1.8560486100e-05
1028 6.3964986804e+00 1.8568482605e-05
1029 6.3942403570e+00 1.8444651719e-05
1030 6.3920254640e+00 1.8596263858e-05
1031 6.3897082573e+00 1.8599142610e-05
1032 6.3873148768e+00 1.8761900341e-05
1033 6.3848722780e+00 1.8624559902e-05
1034 6.3824468487e+00 1.8620650206e-05
1035 6.3800451258e+00 1.8797159371e-05
1036 6.3776663175e+00 1.9032990081e-05
1037 6.3752637943e+00 1.9195204536e-05
1038 6.3727488369e+00 1.9254321915e-05
1039 6.3701235466e+00 1.9348320079e-05
1040 6.3674631120e+00 1.9561793029e-05
1041 6.3647315648e+00 1.9882249556e-05
1042 6.3620168259e+00 2.0052177319e-05
1043 6.3593722794e+00 2.0167083002e-05
1044 6.3566844057e+00 2.0543744153e-05
1045 6.3538596434e+00 2.0507111724e-05
1046 6.3509444704e+00 2.0693661407e-05
1047 6.3480012128e+00 2.0715921929e-05
1048 6.3450011240e+00 2.0890119981e-05
1049 6.3419113795e+00 2.1054897521e-05
1050 6.3387803349e+00 2.1120571843e-05
1051 6.3355876083e+00 2.1187597564e-05
1052 6.3324290869e+00 2.1354275440e-05
1053 6.3293330571e+00 2.1168804753e-05
1054 6.3262628399e+00 2.1240567318e-05
1055 6.3232203773e+00 2.1182229147e-05
1056 6.3201197296e+00 2.1173628339e-05
1057 6.3169814230e+00 2.1346128682e-05
1058 6.3138873241e+00 2.1323330365e-05
1059 6.3107958223e+00 2.1342004311e-05
1060 6.3076834681e+00 2.1424962123e-05
1061 6.3045960442e+00 2.1167533432e-05
1062 6.3015802590e+00 2.0785554948e-05
1063 6.2986228432e+00 2.0736827971e-05
1064 6.2956722429e+00 2.0688001271e-05
1065 6.2927407340e+00 2.0393718851e-05
1066 6.2898383219e+00 2.0094472754e-05
1067 6.2870173887e+00 1.9845894567e-05
1068 6.2841714083e+00 1.9956616398e-05
1069 6.2813081564e+00 2.0251268930e-05
1070 6.2784606451e+00 2.0363811583e-05
1071 6.2757700286e+00 2.0089176375e-05
1072 6.2731207009e+00 1.9950762452e-05
1073 6.2703982805e+00 1.9920207159e-05
1074 6.2676067634e+00 1.9962695748e-05
1075 6.2647514205e+00 1.9863584757e-05
1076 6.2619290204e+00 1.9906517706e-05
1077 6.2591259021e+00 1.9978796702e-05
1078 6.2563079539e+00 1.9917525082e-05
1079 6.2534305153e+00 2.0150457577e-05
1080 6.2506087667e+00 1.9946081952e-05
1081 6.2478372641e+00 1.9927374347e-05
1082 6.2450615009e+00 2.0075557312e-05
1083 6.2422159155e+00 2.0131309289e-05
1084 6.2392823780e+00 2.0356907627e-05
1085 6.2363474805e+00 2.0316093394e-05
1086 6.2334595038e+00 2.0169492619e-05
1087 6.2306744308e+00 2.0097946344e-05
1088 6.2280217077e+00 2.0080891804e-05
1089 6.2253635134e+00 2.0121667522e-05
1090 6.2225476155e+00 2.0190466929e-05
1091 6.2196977452e+00 2.0193528140e-05
1092 6.2168493261e+00 1.9957987181e-05
1093 6.2140401891e+00 1.9929104767e-05
1094 6.2113560192e+00 1.9847185736e-05
1095 6.2087760544e+00 1.9991251303e-05
1096 6.2060090200e+00 2.0181720071e-05
1097 6.2031197719e+00 2.0643059704e-05
1098 6.2000919762e+00 2.0844845588e-05
1099 6.1970201644e+00 2.0916965413e-05
1100 6.1940251107e+00 2.1005514311e-05
1101 6.1910251187e+00 2.1092411497e-05
1102 6.1878831067e+00 2.1419293338e-05
1103 6.1845782725e+00 2.1633036088e-05
1104 6.1812789321e+00 2.1282427230e-05
1105 6.1780930286e+00 2.0993519296e-05
1106 6.1751052783e+00 2.0633858384e-05
1107 6.1723094861e+00 2.0274601089e-05
1108 6.1695213773e+00 2.0534170412e-05
1109 6.1665593924e+00 2.0697649707e-05
1110 6.1635553745e+00 2.0592411751e-05
1111 6.1606399524e+00 2.0285102281e-05
1112 6.1578887424e+00 2.0149212745e-05
1113 6.1551467428e+00 2.0139551486e-05
1114 6.1523150733e+00 2.0154885512e-05
1115 6.1494153361e+00 2.0141933154e-05
1116 6.1464742234e+00 2.0165624665e-05
1117 6.1435805070e+00 1.9971365440e-05
1118 6.1407942926e+00 1.9469123571e-05
1119 6.1381554773e+00 1.8989146976e-05
1120 6.1357419137e+00 1.8716552877e-05
1121 6.1335109033e+00 1.8521447167e-05
1122 6.1311900818e+00 1.8562857482e-05
1123 6.1287457765e+00 1.8685206869e-05
1124 6.1262865937e+00 1.8499163078e-05
1125 6.1238393266e+00 1.8336584127e-05
1126 6.1214375853e+00 1.8211446437e-05
1127 6.1190300301e+00 1.8270915377e-05
1128 6.1165910431e+00 1.8575486873e-05
1129 6.1140057140e+00 1.9214783675e-05
1130 6.1112561613e+00 1.9766448564e-05
1131 6.1084121447e+00 1.9958813629e-05
1132 6.1055850056e+00 2.0052577479e-05
1133 6.1027773921e+00 2.0146471858e-05
1134 6.0998613827e+00 2.0561268150e-05
1135 6.0968082591e+00 2.0713714444e-05
1136 6.0936947259e+00 2.0760754955e-05
1137 6.0906625079e+00 2.0570256480e-05
1138 6.0877905396e+00 2.0280136563e-05
1139 6.0849918366e+00 2.0462779135e-05
1140 6.0820286829e+00 2.0677015975e-05
1141 6.0788894358e+00 2.1120870366e-05
1142 6.0756979689e+00 2.1056589923e-05
1143 6.0725255037e+00 2.0887354134e-05
1144 6.0694792964e+00 2.0618637481e-05
1145 6.0665274566e+00 2.0791010965e-05
1146 6.0635969150e+00 2.0801449487e-05
1147 6.0606233276e+00 2.0793379533e-05
1148 6.0576706791e+00 2.0407143604e-05
1149 6.0547827105e+00 2.0094123837e-05
1150 6.0519083048e+00 1.9843246365e-05
1151 6.0490307334e+00 2.0174129748e-05
1152 6.0461266214e+00 2.0202292080e-05
1153 6.0432067020e+00 2.0190301844e-05
1154 6.0403764407e+00 2.0209883299e-05
1155 6.0375519080e+00 2.0246759990e-05
1156 6.0346695164e+00 2.0509718910e-05
1157 6.0317303344e+00 2.0394307643e-05
1158 6.0288479389e+00 2.0040003310e-05
1159 6.0261252900e+00 1.9763165621e-05
1160 6.0234949217e+00 1.9617038755e-05
1161 6.0207680060e+00 1.9966704473e-05
1162 6.0179440442e+00 2.0223530686e-05
1163 6.0151238630e+00 2.0075842283e-05
1164 6.0124153418e+00 1.9898918954e-05
1165 6.0097641267e+00 1.9852033075e-05
1166 6.0069912358e+00 1.9740964780e-05
1167 6.0041342301e+00 1.9663444554e-05
1168 6.0012662260e+00 1.9563778914e-05
1169 5.9984412665e+00 1.9641384528e-05
1170 5.9955936081e+00 1.9488047864e-05
1171 5.9927327863e+00 1.9487602527e-05
1172 5.9898458242e+00 1.9600786930e-05
1173 5.9869488304e+00 1.9682598511e-05
1174 5.9840364236e+00 1.9624882964e-05
1175 5.9812199953e+00 1.9399253827e-05
1176 5.9784946266e+00 1.9310954698e-05
1177 5.9758734405e+00 1.9277540822e-05
1178 5.9732933005e+00 1.9310049175e-05
1179 5.9706413229e+00 1.9154095052e-05
1180 5.9679805029e+00 1.9134394640e-05
1181 5.9653529483e+00 1.8791375728e-05
1182 5.9627474626e+00 1.8620088426e-05
1183 5.9601812510e+00 1.8496928728e-05
1184 5.9576145858e+00 1.8704967299e-05
1185 5.9550776619e+00 1.8491261230e-05
1186 5.9525734467e+00 1.8478452385e-05
1187 5.9500421080e+00 1.8386783728e-05
1188 5.9474781662e+00 1.8448573225e-05
1189 5.9448880712e+00 1.8484466306e-05
1190 5.9423010622e+00 1.8368778171e-05
1191 5.9396981541e+00 1.8695484308e-05
1192 5.9370683383e+00 1.8691760632e-05
1193 5.9343921174e+00 1.8835122666e-05
1194 5.9317695000e+00 1.8796186876e-05
1195 5.9293097395e+00 1.8525087043e-05
1196 5.9269581281e+00 1.8475157073e-05
1197 5.9244811849e+00 1.8576548233e-05
1198 5.9218927228e+00 1.8599373747e-05
1199 5.9192763439e+00 1.8551965852e-05
1200 5.9166866454e+00 1.8558310666e-05
1201 5.9141237683e+00 1.8433727032e-05
1202 5.9115429859e+00 1.8431797087e-05
1203 5.9089568504e+00 1.8416022284e-05
1204 5.9064193154e+00 1.8116617620e-05
1205 5.9039617501e+00 1.8055947344e-05
1206 5.9015701358e+00 1.7726121364e-05
1207 5.8992811818e+00 1.7439632407e-05
1208 5.8971128938e+00 1.7285873833e-05
1209 5.8948781360e+00 1.7561065045e-05
1210 5.8925194865e+00 1.7717542162e-05
1211 5.8900629074e+00 1.7964166651e-05
1212 5.8875541177e+00 1.8145062827e-05
1213 5.8849768019e+00 1.8283516294e-05
1214 5.8824058106e+00 1.8411980269e-05
1215 5.8799382557e+00 1.8325285896e-05
1216 5.8775599670e+00 1.8107930517e-05
1217 5.8750803983e+00 1.8483959586e-05
1218 5.8724510492e+00 1.8779304377e-05
1219 5.8696793807e+00 1.8987163764e-05
1220 5.8669007055e+00 1.9062607449e-05
1221 5.8641867826e+00 1.8918287206e-05
1222 5.8616072155e+00 1.8971893211e-05
1223 5.8589666129e+00 1.8956675010e-05
1224 5.8562474859e+00 1.8909324805e-05
1225 5.8535225966e+00 1.8831367786e-05
1226 5.8508397021e+00 1.8522758566e-05
1227 5.8481851284e+00 1.8260914805e-05
1228 5.8455897255e+00 1.8245289681e-05
1229 5.8430399447e+00 1.8193253647e-05
1230 5.8405385691e+00 1.8208003057e-05
1231 5.8381147686e+00 1.7954134954e-05
1232 5.8357822778e+00 1.7706763224e-05
1233 5.8334768542e+00 1.7677355939e-05
1234 5.8311081620e+00 1.7883845763e-05
1235 5.8286805179e+00 1.8149708691e-05
1236 5.8262678409e+00 1.8116240189e-05
1237 5.8239222301e+00 1.8149920036e-05
1238 5.8215517370e+00 1.8192371286e-05
1239 5.8191079261e+00 1.8258446691e-05
1240 5.8166170758e+00 1.8222324337e-05
1241 5.8141330765e+00 1.8051524458e-05
1242 5.8117037079e+00 1.8032269292e-05
1243 5.8093479296e+00 1.7866107201e-05
1244 5.8069990820e+00 1.7855999671e-05
1245 5.8046837519e+00 1.7671502656e-05
1246 5.8024388885e+00 1.7276410778e-05
1247 5.8003267910e+00 1.7052601823e-05
1248 5.7982507781e+00 1.6971504216e-05
1249 5.7960985859e+00 1.6924524774e-05
1250 5.7939559903e+00 1.6668837138e-05
1251 5.7918782233e+00 1.6168854750e-05
1252 5.7899329954e+00 1.5901517386e-05
1253 5.7881317123e+00 1.5654426730e-05
1254 5.7863362207e+00 1.5548234789e-05
1255 5.7845179253e+00 1.5407079863e-05
1256 5.7827219134e+00 1.5023415389e-05
1257 5.7809675433e+00 1.4775776945e-05
1258 5.7793094134e+00 1.4860347836e-05
1259 5.7777169916e+00 1.4687135866e-05
1260 5.7761579536e+00 1.4635106572e-05
1261 5.7745575186e+00 1.4406800644e-05
1262 5.7729382476e+00 1.4228271201e-05
1263 5.7713587753e+00 1.4026196605e-05
1264 5.7698010808e+00 1.3896311491e-05
1265 5.7682666957e+00 1.3857624518e-05
1266 5.7667638746e+00 1.3624129589e-05
1267 5.7653565525e+00 1.3488003887e-05
1268 5.7640519693e+00 1.3349669412e-05
1269 5.7627658398e+00 1.3425831598e-05
1270 5.7614055998e+00 1.3415839105e-05
1271 5.7599785289e+00 1.3325122540e-05
1272 5.7585677235e+00 1.3239846355e-05
1273 5.7571927089e+00 1.3106822140e-05
1274 5.7558378827e+00 1.3195679849e-05
1275 5.7544902930e+00 1.3332034576e-05
1276 5.7531161808e+00 1.3482387351e-05
1277 5.7517024687e+00 1.3406484963e-05
1278 5.7502564021e+00 1.3517585869e-05
1279 5.7487584532e+00 1.3753119081e-05
1280 5.7471986791e+00 1.3879852847e-05
1281 5.7455886262e+00 1.4127512509e-05
1282 5.7439652769e+00 1.4156476638e-05
1283 5.7423961877e+00 1.4182847158e-05
1284 5.7408630981e+00 1.4287554339e-05
1285 5.7392660238e+00 1.4476849328e-05
1286 5.7375912937e+00 1.4671352261e-05
1287 5.7358694268e+00 1.4696533466e-05
1288 5.7341730707e+00 1.4712110815e-05
1289 5.7324442998e+00 1.4929397057e-05
1290 5.7306233495e+00 1.5119111315e-05
1291 5.7287225599e+00 1.5278470265e-05
1292 5.7267985616e+00 1.5207551210e-05
1293 5.7248909847e+00 1.5213327215e-05
1294 5.7229954605e+00 1.5142031155e-05
1295 5.7211262143e+00 1.5212250283e-05
1296 5.7192298531e+00 1.5245468898e-05
1297 5.7173044935e+00 1.5467800893e-05
1298 5.7153681433e+00 1.5441125870e-05
1299 5.7134174227e+00 1.5548265171e-05
1300 5.7114766924e+00 1.5582559569e-05
1301 5.7095941916e+00 1.5530200957e-05
1302 5.7077299037e+00 1.5672914289e-05
1303 5.7057932673e+00 1.5752364888e-05
1304 5.7037501390e+00 1.5964133991e-05
1305 5.7016667802e+00 1.5948108572e-05
1306 5.6995846045e+00 1.6027918098e-05
1307 5.6975275763e+00 1.6066532128e-05
1308 5.6954700497e+00 1.6135213248e-05
1309 5.6934426599e+00 1.6088110028e-05
1310 5.6914483585e+00 1.6238442654e-05
1311 5.6894519843e+00 1.6259012209e-05
1312 5.6874084584e+00 1.6224540635e-05
1313 5.6853608774e+00 1.6060420357e-05
1314 5.6833233549e+00 1.6075635672e-05
1315 5.6813259088e+00 1.5966121676e-05
1316 5.6793588764e+00 1.5927602533e-05
1317 5.6773920879e+00 1.5808677251e-05
1318 5.6754345636e+00 1.5634516483e-05
1319 5.6735806080e+00 1.5292554469e-05
1320 5.6718230614e+00 1.4894098553e-05
1321 5.6701532922e+00 1.4622920125e-05
1322 5.6684920170e+00 1.4614623850e-05
1323 5.6667906111e+00 1.4766567155e-05
1324 5.6650445111e+00 1.4819785151e-05
1325 5.6632712721e+00 1.4859085222e-05
1326 5.6615432145e+00 1.4848456835e-05
1327 5.6598559869e+00 1.4499108815e-05
1328 5.6582559645e+00 1.4412550690e-05
1329 5.6567555168e+00 1.4193678339e-05
1330 5.6552513155e+00 1.4182120937e-05
1331 5.6536995117e+00 1.4149940203e-05
1332 5.6521014670e+00 1.4270732734e-05
1333 5.6504587196e+00 1.4395627565e-05
1334 5.6488090314e+00 1.4529768522e-05
1335 5.6472435791e+00 1.4562618250e-05
1336 5.6456978621e+00 1.4607542292e-05
1337 5.6440498072e+00 1.4711267106e-05
1338 5.6423408781e+00 1.4747590177e-05
1339 5.6406163291e+00 1.4672987481e-05
1340 5.6389338058e+00 1.4626683446e-05
1341 5.6373565544e+00 1.4438013425e-05
1342 5.6358053506e+00 1.4424213667e-05
1343 5.6342098883e+00 1.4385623911e-05
1344 5.6325742205e+00 1.4379234747e-05
1345 5.6309753402e+00 1.4380786532e-05
1346 5.6294283880e+00 1.4254712627e-05
1347 5.6278764083e+00 1.4375081291e-05
1348 5.6262504565e+00 1.4367853965e-05
1349 5.6245958561e+00 1.4165750441e-05
1350 5.6229890024e+00 1.4048087182e-05
1351 5.6214162396e+00 1.3897146201e-05
1352 5.6198568189e+00 1.3790706869e-05
1353 5.6182987091e+00 1.3736976861e-05
1354 5.6167365336e+00 1.3742449452e-05
1355 5.6151889603e+00 1.3717443094e-05
1356 5.6136732695e+00 1.3480978761e-05
1357 5.6121738930e+00 1.3226571984e-05
1358 5.6107183054e+00 1.3016897850e-05
1359 5.6093010978e+00 1.2976683292e-05
1360 5.6079519615e+00 1.3078381656e-05
1361 5.6066444236e+00 1.3004523004e-05
1362 5.6053623294e+00 1.2820004022e-05
1363 5.6040363403e+00 1.2741135421e-05
1364 5.6026718437e+00 1.2911975819e-05
1365 5.6012864111e+00 1.2883778353e-05
1366 5.5999098370e+00 1.2713947771e-05
1367 5.5985895877e+00 1.2322813483e-05
1368 5.5973603360e+00 1.2021520390e-05
1369 5.5961810785e+00 1.1925328118e-05
1370 5.5950087550e+00 1.1897989622e-05
1371 5.5938263498e+00 1.1826002267e-05
1372 5.5926889539e+00 1.1711730020e-05
1373 5.5916160886e+00 1.1482971092e-05
1374 5.5905380902e+00 1.1389608946e-05
1375 5.5894303354e+00 1.1316683964e-05
1376 5.5883242305e+00 1.1166873153e-05
1377 5.5872205424e+00 1.1010045267e-05
1378 5.5861528997e+00 1.0889631098e-05
1379 5.5851280856e+00 1.0713272246e-05
1380 5.5841505895e+00 1.0712624269e-05
1381 5.5831875204e+00 1.0692313571e-05
1382 5.5822072047e+00 1.0657522714e-05
1383 5.5812243240e+00 1.0578249143e-05
1384 5.5802647461e+00 1.0354922466e-05
1385 5.5793235379e+00 1.0427286595e-05
1386 5.5783362655e+00 1.0503796353e-05
1387 5.5773197558e+00 1.0694785453e-05
1388 5.5762918303e+00 1.0612773106e-05
1389 5.5753095269e+00 1.0480915114e-05
1390 5.5743494430e+00 1.0413618984e-05
1391 5.5733596038e+00 1.0572587388e-05
1392 5.5723254993e+00 1.0713614499e-05
1393 5.5712886483e+00 1.0734811212e-05
1394 5.5702650338e+00 1.0747395796e-05
1395 5.5692275352e+00 1.0848063096e-05
1396 5.5681171091e+00 1.0950013800e-05
1397 5.5669719765e+00 1.1058383058e-05
1398 5.5658342192e+00 1.0988740235e-05
1399 5.5647446161e+00 1.1142549076e-05
1400 5.5636401769e+00 1.1196651169e-05
1401 5.5624480482e+00 1.1396461980e-05
1402 5.5611801694e+00 1.1689250885e-05
1403 5.5598822307e+00 1.1671363482e-05
1404 5.5586165195e+00 1.1754548731e-05
1405 5.5573709098e+00 1.1846049187e-05
1406 5.5560451483e+00 1.2020931283e-05
1407 5.5546160512e+00 1.2252848731e-05
1408 5.5530988634e+00 1.2570912029e-05
1409 5.5515247347e+00 1.2661023937e-05
1410 5.5499537029e+00 1.2643674938e-05
1411 5.5484095927e+00 1.2679378597e-05
1412 5.5468624795e+00 1.2911343572e-05
1413 5.5452610571e+00 1.3113301028e-05
1414 5.5435649756e+00 1.3299682766e-05
1415 5.5418220181e+00 1.3443575063e-05
1416 5.5400117323e+00 1.3610360166e-05
1417 5.5381283693e+00 1.3714659078e-05
1418 5.5362324624e+00 1.3732891078e-05
1419 5.5343736463e+00 1.3788723659e-05
1420 5.5325576064e+00 1.3701413279e-05
1421 5.5307150898e+00 1.3861580612e-05
1422 5.5287884179e+00 1.3861492827e-05
1423 5.5268177392e+00 1.4001126325e-05
1424 5.5248397166e+00 1.3936822765e-05
1425 5.5228515255e+00 1.3946664165e-05
1426 5.5208953840e+00 1.3857375514e-05
1427 5.5189048479e+00 1.3983161292e-05
1428 5.5168435932e+00 1.4369045052e-05
1429 5.5146794702e+00 1.4714795059e-05
1430 5.5124153804e+00 1.4915214720e-05
1431 5.5100755699e+00 1.5248814057e-05
1432 5.5076612397e+00 1.5426548700e-05
1433 5.5052053605e+00 1.5481944874e-05
1434 5.5027846474e+00 1.5255075821e-05
1435 5.5004754967e+00 1.5136569185e-05
1436 5.4982411503e+00 1.5147214132e-05
1437 5.4959245954e+00 1.5252890434e-05
1438 5.4935293857e+00 1.5461225924e-05
1439 5.4911148036e+00 1.5305922007e-05
1440 5.4887418687e+00 1.5129416899e-05
1441 5.4865143741e+00 1.4906065264e-05
1442 5.4843339672e+00 1.4873221915e-05
1443 5.4820852137e+00 1.5061155408e-05
1444 5.4797268428e+00 1.5092788569e-05
1445 5.4773187710e+00 1.5202867762e-05
1446 5.4748815960e+00 1.5135933963e-05
1447 5.4724774745e+00 1.5038221130e-05
1448 5.4701058267e+00 1.4960558618e-05
1449 5.4677649806e+00 1.4865226946e-05
1450 5.4654688294e+00 1.4857085930e-05
1451 5.4631765108e+00 1.5084560398e-05
1452 5.4608452436e+00 1.5316638197e-05
1453 5.4584034710e+00 1.5322310784e-05
1454 5.4559265449e+00 1.5386213506e-05
1455 5.4534356538e+00 1.5386874785e-05
1456 5.4509134327e+00 1.5318804584e-05
1457 5.4484286729e+00 1.5198483782e-05
1458 5.4459752612e+00 1.5144436336e-05
1459 5.4435024533e+00 1.5135839835e-05
1460 5.4410312524e+00 1.4983789455e-05
1461 5.4386134267e+00 1.4865295761e-05
1462 5.4362333526e+00 1.4784142948e-05
1463 5.4339207478e+00 1.4632807406e-05
1464 5.4316857717e+00 1.4490933641e-05
1465 5.4294905006e+00 1.4569487344e-05
1466 5.4273139693e+00 1.4420523121e-05
1467 5.4251609172e+00 1.4302041850e-05
1468 5.4230711789e+00 1.4229247064e-05
1469 5.4210608186e+00 1.4166299138e-05
1470 5.4191292973e+00 1.4045375205e-05
1471 5.4171798829e+00 1.4113367357e-05
1472 5.4151222177e+00 1.4041229062e-05
1473 5.4130185434e+00 1.4039094164e-05
1474 5.4109241865e+00 1.4057837820e-05
1475 5.4088342632e+00 1.4059091514e-05
1476 5.4067752941e+00 1.4109971876e-05
1477 5.4047933889e+00 1.4142390194e-05
1478 5.4028734300e+00 1.4076452361e-05
1479 5.4008554660e+00 1.4207094109e-05
1480 5.3987308805e+00 1.4371165121e-05
1481 5.3965278523e+00 1.4387956708e-05
1482 5.3943612407e+00 1.4328328644e-05
1483 5.3922000333e+00 1.4210194844e-05
1484 5.3900961699e+00 1.4228672712e-05
1485 5.3881128875e+00 1.4161438319e-05
1486 5.3861843369e+00 1.4237055878e-05
1487 5.3841570129e+00 1.4292431142e-05
1488 5.3820450947e+00 1.4118869675e-05
1489 5.3799844186e+00 1.3924172853e-05
1490 5.3779434517e+00 1.3785687373e-05
1491 5.3759949350e+00 1.3803362472e-05
1492 5.3741154377e+00 1.3672034357e-05
1493 5.3722118706e+00 1.3689687416e-05
1494 5.3702807076e+00 1.3513402256e-05
1495 5.3683834436e+00 1.3263252349e-05
1496 5.3665488563e+00 1.3179084909e-05
1497 5.3647892840e+00 1.3104800392e-05
1498 5.3630822181e+00 1.3046928701e-05
1499 5.3613566752e+00 1.3116000024e-05
1500 5.3595915491e+00 1.2981037719e-05
1501 5.3577645833e+00 1.3192564885e-05
1502 5.3559378663e+00 1.3149284794e-05
1503 5.3541107300e+00 1.3216695167e-05
1504 5.3523190704e+00 1.3210911846e-05
1505 5.3505671681e+00 1.3175893710e-05
1506 5.3487941135e+00 1.3152536704e-05
1507 5.3469983893e+00 1.3152523598e-05
1508 5.3452131243e+00 1.3003949085e-05
1509 5.3434506382e+00 1.2934305241e-05
1510 5.3417556224e+00 1.2804649404e-05
1511 5.3401043081e+00 1.2679348920e-05
1512 5.3384755453e+00 1.2600924292e-05
1513 5.3368075789e+00 1.2563133858e-05
1514 5.3351549043e+00 1.2544467172e-05
1515 5.3335268388e+00 1.2519690106e-05
1516 5.3319174362e+00 1.2473233812e-05
1517 5.3303067905e+00 1.2475518626e-05
1518 5.3286457117e+00 1.2565888787e-05
1519 5.3269355508e+00 1.2739605062e-05
1520 5.3252258809e+00 1.2683481319e-05
1521 5.3235476658e+00 1.2664468653e-05
1522 5.3219133032e+00 1.2538198578e-05
1523 5.3202830209e+00 1.2564387438e-05
1524 5.3186513972e+00 1.2440600660e-05
1525 5.3170433665e+00 1.2454094128e-05
1526 5.3154802163e+00 1.2486534782e-05
1527 5.3139063357e+00 1.2550719576e-05
1528 5.3122451489e+00 1.2628917652e-05
1529 5.3105134455e+00 1.2834033266e-05
1530 5.3087309543e+00 1.2771851996e-05
1531 5.3069411281e+00 1.2837473910e-05
1532 5.3051828648e+00 1.2683746628e-05
1533 5.3034634242e+00 1.2549297013e-05
1534 5.3017746087e+00 1.2468839227e-05
1535 5.3001448029e+00 1.2190662941e-05
1536 5.2985282348e+00 1.2116669144e-05
1537 5.2969376515e+00 1.2016744971e-05
1538 5.2953505219e+00 1.1957426943e-05
1539 5.2937758726e+00 1.2019789234e-05
1540 5.2921891540e+00 1.2140699435e-05
1541 5.2906330244e+00 1.2065611357e-05
1542 5.2891603839e+00 1.2048584745e-05
1543 5.2877418509e+00 1.2046433284e-05
1544 5.2862647865e+00 1.2001892351e-05
1545 5.2847215455e+00 1.2080137272e-05
1546 5.2831220895e+00 1.2272197695e-05
1547 5.2814897113e+00 1.2278804413e-05
1548 5.2798748861e+00 1.2257998809e-05
1549 5.2782897866e+00 1.2224078134e-05
1550 5.2767180314e+00 1.2337469790e-05
1551 5.2751544671e+00 1.2389273119e-05
1552 5.2735634647e+00 1.2444718550e-05
1553 5.2719921412e+00 1.2272996125e-05
1554 5.2704439053e+00 1.2213394321e-05
1555 5.2688709246e+00 1.2431889447e-05
1556 5.2672321834e+00 1.2600451203e-05
1557 5.2655366518e+00 1.2825490463e-05
1558 5.2638011840e+00 1.2755731357e-05
1559 5.2620614353e+00 1.2767900897e-05
1560 5.2603410107e+00 1.2731129163e-05
1561 5.2586079676e+00 1.2792339135e-05
1562 5.2568517081e+00 1.2798950675e-05
1563 5.2550893494e+00 1.2997996451e-05
1564 5.2532630136e+00 1.3167784578e-05
1565 5.2513776270e+00 1.3443324464e-05
1566 5.2494537491e+00 1.3559034745e-05
1567 5.2475302336e+00 1.3684873334e-05
1568 5.2456492452e+00 1.3508252295e-05
1569 5.2437707175e+00 1.3526401756e-05
1570 5.2418434834e+00 1.3514332658e-05
1571 5.2398530737e+00 1.3709146675e-05
1572 5.2378109725e+00 1.3815337981e-05
1573 5.2357314618e+00 1.3958752433e-05
1574 5.2336494170e+00 1.3819837545e-05
1575 5.2315914380e+00 1.3681677112e-05
1576 5.2295802111e+00 1.3540552985e-05
1577 5.2275764066e+00 1.3662588679e-05
1578 5.2255975120e+00 1.3676452099e-05
1579 5.2237050383e+00 1.3541873605e-05
1580 5.2218650433e+00 1.3514155695e-05
1581 5.2199894241e+00 1.3559842464e-05
1582 5.2180431557e+00 1.3535612955e-05
1583 5.2160993080e+00 1.3511132396e-05
1584 5.2141824143e+00 1.3351348575e-05
1585 5.2123376572e+00 1.3185873061e-05
1586 5.2106409788e+00 1.3120628427e-05
1587 5.2089698719e+00 1.3084405826e-05
1588 5.2072308164e+00 1.3022468723e-05
1589 5.2054522240e+00 1.2895205776e-05
1590 5.2036986699e+00 1.2890296062e-05
1591 5.2019903653e+00 1.2815807337e-05
1592 5.2003259080e+00 1.2726699054e-05
1593 5.1986829042e+00 1.2745837216e-05
1594 5.1969970263e+00 1.2888796866e-05
1595 5.1952662069e+00 1.2725173694e-05
1596 5.1935340651e+00 1.2680320029e-05
1597 5.1918323550e+00 1.2539121161e-05
1598 5.1901771311e+00 1.2396985302e-05
1599 5.1885927042e+00 1.2365684267e-05
1600 5.1869821463e+00 1.2474992467e-05
1601 5.1852974287e+00 1.2622328656e-05
1602 5.1835777561e+00 1.2593284954e-05
1603 5.1818731603e+00 1.2524116190e-05
1604 5.1802291308e+00 1.2439858038e-05
1605 5.1786460113e+00 1.2384027651e-05
1606 5.1771042357e+00 1.2418809130e-05
1607 5.1754545856e+00 1.2682326305e-05
1608 5.1737143744e+00 1.2809925099e-05
1609 5.1719480118e+00 1.2725555139e-05
1610 5.1702285649e+00 1.2479998084e-05
1611 5.1685611047e+00 1.2327274310e-05
1612 5.1669393949e+00 1.2196836939e-05
1613 5.1653521417e+00 1.2191152184e-05
1614 5.1637727828e+00 1.2264079607e-05
1615 5.1621377736e+00 1.2309557579e-05
1616 5.1604845130e+00 1.2263094989e-05
1617 5.1588375594e+00 1.2157722367e-05
1618 5.1572296312e+00 1.2055677674e-05
1619 5.1556518693e+00 1.1933396446e-05
1620 5.1541158263e+00 1.1751450251e-05
1621 5.1526538675e+00 1.1521777613e-05
1622 5.1512892784e+00 1.1502291792e-05
1623 5.1499592139e+00 1.1418846939e-05
1624 5.1485714209e+00 1.1460725940e-05
1625 5.1471366512e+00 1.1442830133e-05
1626 5.1456939539e+00 1.1375548110e-05
1627 5.1442838833e+00 1.1363218231e-05
1628 5.1429110364e+00 1.1355882403e-05
1629 5.1415278384e+00 1.1372562689e-05
1630 5.1401330912e+00 1.1247343544e-05
1631 5.1387342940e+00 1.1139166297e-05
1632 5.1373497854e+00 1.1129145903e-05
1633 5.1359869209e+00 1.1223105914e-05
1634 5.1346236109e+00 1.1133102421e-05
1635 5.1333008622e+00 1.1002288633e-05
1636 5.1320205794e+00 1.0807778949e-05
1637 5.1307675140e+00 1.0885844628e-05
1638 5.1295127282e+00 1.0803221808e-05
1639 5.1282489722e+00 1.0669204509e-05
1640 5.1269782667e+00 1.0626971043e-05
1641 5.1256985400e+00 1.0611163832e-05
1642 5.1244160133e+00 1.0666677670e-05
1643 5.1231529003e+00 1.0697938419e-05
1644 5.1219054049e+00 1.0679082092e-05
1645 5.1206613413e+00 1.0615262320e-05
1646 5.1193939898e+00 1.0600613883e-05
1647 5.1181191898e+00 1.0692897518e-05
1648 5.1168601557e+00 1.0583356808e-05
1649 5.1156604652e+00 1.0490471800e-05
1650 5.1144786184e+00 1.0420035284e-05
1651 5.1132739209e+00 1.0382271063e-05
1652 5.1120840615e+00 1.0207974760e-05
1653 5.1109241955e+00 1.0121327202e-05
1654 5.1097639652e+00 1.0100106019e-05
1655 5.1085756795e+00 1.0245701319e-05
1656 5.1073542761e+00 1.0352363719e-05
1657 5.1061109806e+00 1.0385636077e-05
1658 5.1048675125e+00 1.0468084083e-05
1659 5.1036351878e+00 1.0437079827e-05
1660 5.1024521606e+00 1.0304365069e-05
1661 5.1013140455e+00 1.0281618937e-05
1662 5.1001346165e+00 1.0401891714e-05
1663 5.0989097172e+00 1.0368827889e-05
1664 5.0976687545e+00 1.0270621041e-05
1665 5.0964276044e+00 1.0267423887e-05
1666 5.0951966140e+00 1.0269597986e-05
1667 5.0939736416e+00 1.0218425443e-05
1668 5.0927713497e+00 1.0120797680e-05
1669 5.0916290526e+00 1.0051473605e-05
1670 5.0905570726e+00 1.0002717155e-05
1671 5.0894395870e+00 1.0027906599e-05
1672 5.0882838898e+00 1.0029821222e-05
1673 5.0870970983e+00 1.0044783287e-05
1674 5.0859204254e+00 9.9968212159e-06
1675 5.0847487377e+00 9.8225854213e-06
1676 5.0835955506e+00 9.8800266348e-06
1677 5.0824607439e+00 9.9296705576e-06
1678 5.0812987687e+00 1.0119743034e-05
1679 5.0800901693e+00 1.0322426604e-05
1680 5.0788791379e+00 1.0279318135e-05
1681 5.0776685787e+00 1.0225175148e-05
1682 5.0764267776e+00 1.0413532865e-05
1683 5.0751210654e+00 1.0654859112e-05
1684 5.0737498722e+00 1.0730256583e-05
1685 5.0723748290e+00 1.0727546997e-05
1686 5.0710609589e+00 1.0552755719e-05
1687 5.0698335197e+00 1.0498463622e-05
1688 5.0686102258e+00 1.0466088307e-05
1689 5.0673162382e+00 1.0545836500e-05
1690 5.0659927612e+00 1.0509128701e-05
1691 5.0646934896e+00 1.0301623324e-05
1692 5.0634311578e+00 1.0234321600e-05
1693 5.0621856548e+00 1.0265450161e-05
1694 5.0609113247e+00 1.0380578096e-05
1695 5.0596039188e+00 1.0536212400e-05
1696 5.0582863250e+00 1.0545447035e-05
1697 5.0570002861e+00 1.0464862328e-05
1698 5.0557576626e+00 1.0474797039e-05
1699 5.0545047757e+00 1.0533193898e-05
1700 5.0532132736e+00 1.0488272308e-05
1701 5.0519199174e+00 1.0262646432e-05
1702 5.0506613537e+00 1.0114665719e-05
1703 5.0494334144e+00 9.9707767969e-06
1704 5.0482487093e+00 1.0027063304e-05
1705 5.0470986693e+00 9.8219932321e-06
1706 5.0459647477e+00 9.7262361549e-06
1707 5.0448516584e+00 9.6287429225e-06
1708 5.0437182489e+00 9.7476390216e-06
1709 5.0425716457e+00 9.8119681065e-06
1710 5.0414386120e+00 9.8648001507e-06
1711 5.0403326873e+00 9.7450365843e-06
1712 5.0392148368e+00 9.7250980159e-06
1713 5.0380613269e+00 9.7368326702e-06
1714 5.0368842050e+00 9.7756665016e-06
1715 5.0357016789e+00 9.6869267063e-06
1716 5.0345579684e+00 9.6616249369e-06
1717 5.0334477687e+00 9.4495776053e-06
1718 5.0323781462e+00 9.3829568211e-06
1719 5.0313252696e+00 9.4389713072e-06
1720 5.0302433059e+00 9.6317601950e-06
1721 5.0291051651e+00 9.7696701124e-06
1722 5.0279277582e+00 9.7727218678e-06
1723 5.0267368189e+00 9.7751660411e-06
1724 5.0255496315e+00 9.6618444439e-06
1725 5.0243817427e+00 9.6406198641e-06
1726 5.0232411209e+00 9.5143707582e-06
1727 5.0221031522e+00 9.4595933562e-06
1728 5.0209671984e+00 9.4942873912e-06
1729 5.0198344362e+00 9.6374736042e-06
1730 5.0187179085e+00 9.5800253457e-06
1731 5.0176354270e+00 9.5646186576e-06
1732 5.0165622390e+00 9.5253420604e-06
1733 5.0154502934e+00 9.5142625016e-06
1734 5.0143182939e+00 9.4431931411e-06
1735 5.0132078503e+00 9.3787400268e-06
1736 5.0121046316e+00 9.3148492627e-06
1737 5.0110138047e+00 9.3131075492e-06
1738 5.0099359978e+00 9.1584754805e-06
1739 5.0088878524e+00 9.1131495165e-06
1740 5.0078782694e+00 8.9903364136e-06
1741 5.0068643122e+00 9.0782259023e-06
1742 5.0058227621e+00 9.0882921563e-06
1743 5.0047507526e+00 9.0964000633e-06
1744 5.0037033365e+00 8.9991901123e-06
1745 5.0026834173e+00 8.9642808074e-06
1746 5.0016682501e+00 8.8749064595e-06
1747 5.0006569677e+00 8.8428294272e-06
1748 4.9997042131e+00 8.7758465437e-06
1749 4.9988162808e+00 8.7418614483e-06
1750 4.9979148488e+00 8.8298143961e-06
1751 4.9969563081e+00 8.7354307547e-06
1752 4.9959662671e+00 8.7411094116e-06
1753 4.9949961721e+00 8.6419490819e-06
1754 4.9940721556e+00 8.5194857254e-06
1755 4.9931767980e+00 8.5895315425e-06
1756 4.9922467609e+00 8.7756785732e-06
1757 4.9912550280e+00 8.8925248429e-06
1758 4.9902244039e+00 8.9759802119e-06
1759 4.9891966051e+00 8.9835936627e-06
1760 4.9881732735e+00 8.9683841525e-06
1761 4.9871310801e+00 9.0446440080e-06
1762 4.9860649664e+00 9.1040082509e-06
1763 4.9850164837e+00 9.1743369150e-06
1764 4.9839991594e+00 9.1850410024e-06
1765 4.9829546995e+00 9.3321715403e-06
1766 4.9818358391e+00 9.5140267148e-06
1767 4.9806353650e+00 9.6481899437e-06
1768 4.9794158720e+00 9.6663781305e-06
1769 4.9782270123e+00 9.6173734331e-06
1770 4.9770775937e+00 9.6303383558e-06
1771 4.9758688329e+00 9.8712077053e-06
1772 4.9745603061e+00 1.0172040235e-05
1773 4.9731726165e+00 1.0330148272e-05
1774 4.9717341422e+00 1.0566386632e-05
1775 4.9702666114e+00 1.0715440283e-05
1776 4.9688028299e+00 1.0795176853e-05
1777 4.9673334955e+00 1.0897144515e-05
1778 4.9657957822e+00 1.1183135250e-05
1779 4.9641496392e+00 1.1435250017e-05
1780 4.9624015944e+00 1.1617269080e-05
1781 4.9605766686e+00 1.1865872287e-05
1782 4.9587181978e+00 1.2122651641e-05
1783 4.9569213760e+00 1.2131785548e-05
1784 4.9551546938e+00 1.2188757390e-05
1785 4.9532531097e+00 1.2340163556e-05
1786 4.9512311001e+00 1.2348877192e-05
1787 4.9492085427e+00 1.2438883190e-05
1788 4.9472409742e+00 1.2395100989e-05
1789 4.9453837064e+00 1.2354013149e-05
1790 4.9435405892e+00 1.2371131517e-05
1791 4.9415797230e+00 1.2415358608e-05
1792 4.9395620837e+00 1.2505901693e-05
1793 4.9375810311e+00 1.2300013020e-05
1794 4.9356767303e+00 1.2196949529e-05
1795 4.9337347150e+00 1.2245257024e-05
1796 4.9317671486e+00 1.2304856837e-05
1797 4.9297923296e+00 1.2327810297e-05
1798 4.9278463085e+00 1.2333645239e-05
1799 4.9258939631e+00 1.2269591969e-05
1800 4.9239514492e+00 1.2169981273e-05
1801 4.9220432248e+00 1.2043488020e-05
1802 4.9202249927e+00 1.2126038160e-05
1803 4.9184511640e+00 1.2186809115e-05
1804 4.9166675351e+00 1.2298111141e-05
1805 4.9148161093e+00 1.2136001219e-05
1806 4.9129180078e+00 1.2179105631e-05
1807 4.9109768212e+00 1.2332423592e-05
1808 4.9090002738e+00 1.2496450275e-05
1809 4.9070037185e+00 1.2598254692e-05
1810 4.9050350069e+00 1.2458871492e-05
1811 4.9030837500e+00 1.2325545736e-05
1812 4.9011536346e+00 1.2325351988e-05
1813 4.8992170378e+00 1.2384971412e-05
1814 4.8972675586e+00 1.2397706806e-05
1815 4.8952859216e+00 1.2373584424e-05
1816 4.8933444285e+00 1.2259155589e-05
1817 4.8914980530e+00 1.1957683589e-05
1818 4.8898056954e+00 1.1822582870e-05
1819 4.8881495171e+00 1.1759344436e-05
1820 4.8864539337e+00 1.1778255097e-05
1821 4.8847410490e+00 1.1519393332e-05
1822 4.8831098536e+00 1.1189242804e-05
1823 4.8816010578e+00 1.0983357659e-05
1824 4.8801241128e+00 1.0999298479e-05
1825 4.8786297310e+00 1.1069235956e-05
1826 4.8771335276e+00 1.0922873446e-05
1827 4.8756574858e+00 1.0796253971e-05
1828 4.8742306606e+00 1.0596335968e-05
1829 4.8728364844e+00 1.0462393458e-05
1830 4.8714622526e+00 1.0536030205e-05
1831 4.8701175812e+00 1.0403529293e-05
1832 4.8687840478e+00 1.0354343218e-05
1833 4.8674449008e+00 1.0437590633e-05
1834 4.8660783013e+00 1.0406033894e-05
1835 4.8647398353e+00 1.0256141330e-05
1836 4.8634793250e+00 9.9806716048e-06
1837 4.8622793858e+00 9.8177393060e-06
1838 4.8610644983e+00 9.8628403535e-06
1839 4.8598132087e+00 9.9287043515e-06
1840 4.8585655475e+00 9.8722984829e-06
1841 4.8573634268e+00 9.7280579464e-06
1842 4.8562382595e+00 9.7152559773e-06
1843 4.8550811813e+00 9.7651891860e-06
1844 4.8538686122e+00 9.8200397147e-06
1845 4.8526222855e+00 9.6730899157e-06
1846 4.8514313026e+00 9.5310122364e-06
1847 4.8503018814e+00 9.2941743131e-06
1848 4.8492432092e+00 9.1715836642e-06
1849 4.8482153683e+00 9.0371055081e-06
1850 4.8471614189e+00 9.1621821460e-06
1851 4.8460796946e+00 9.1008299096e-06
1852 4.8449984275e+00 9.1000051382e-06
1853 4.8439328129e+00 9.0941613310e-06
1854 4.8428825308e+00 9.0734485030e-06
1855 4.8418624731e+00 8.9047090347e-06
1856 4.8409139632e+00 8.9445181616e-06
1857 4.8399340151e+00 8.9370607412e-06
1858 4.8389014617e+00 9.0122575507e-06
1859 4.8378343910e+00 8.9173133573e-06
1860 4.8367674795e+00 8.9728802678e-06
1861 4.8357331798e+00 8.8767194712e-06
1862 4.8347577910e+00 8.6358286878e-06
1863 4.8338331037e+00 8.5031854719e-06
1864 4.8329150739e+00 8.4860269242e-06
1865 4.8319928194e+00 8.3428667708e-06
1866 4.8310971539e+00 8.2163915662e-06
1867 4.8302335582e+00 8.0106294276e-06
1868 4.8293940521e+00 7.9730048736e-06
1869 4.8285390541e+00 7.9658856382e-06
1870 4.8276775808e+00 8.0689952829e-06
1871 4.8268063861e+00 8.1298373910e-06
1872 4.8259175807e+00 8.1179563679e-06
1873 4.8250033821e+00 8.1910934927e-06
1874 4.8240687149e+00 8.1872409252e-06
1875 4.8231207893e+00 8.2063286020e-06
1876 4.8221889794e+00 8.1959861206e-06
1877 4.8212458172e+00 8.3235114888e-06
1878 4.8202732418e+00 8.3802559989e-06
1879 4.8192896530e+00 8.4210366800e-06
1880 4.8183381656e+00 8.3877899419e-06
1881 4.8174499155e+00 8.3021224702e-06
1882 4.8166120578e+00 8.1565736223e-06
1883 4.8157467843e+00 8.1755648786e-06
1884 4.8148486751e+00 8.1308547592e-06
1885 4.8139577010e+00 8.0688899842e-06
1886 4.8130922770e+00 7.8699715863e-06
1887 4.8122364737e+00 7.8521599327e-06
1888 4.8113801000e+00 7.8511763391e-06
1889 4.8105168229e+00 7.9366939091e-06
1890 4.8096512804e+00 8.0871791465e-06
1891 4.8087799781e+00 8.1655913216e-06
1892 4.8079301867e+00 8.0937185221e-06
1893 4.8070873837e+00 8.0626342349e-06
1894 4.8061973127e+00 8.2401120216e-06
1895 4.8052558488e+00 8.3349404384e-06
1896 4.8042818223e+00 8.3898287899e-06
1897 4.8033059271e+00 8.4217129622e-06
1898 4.8023571662e+00 8.2795814009e-06
1899 4.8014533494e+00 8.2894760735e-06
1900 4.8005458735e+00 8.3385712760e-06
1901 4.7995947368e+00 8.3219074383e-06
1902 4.7986329087e+00 8.3755533680e-06
1903 4.7976709583e+00 8.3542443637e-06
1904 4.7967543816e+00 8.3390356740e-06
1905 4.7958405344e+00 8.2968349703e-06
1906 4.7948971606e+00 8.3597829806e-06
1907 4.7939186026e+00 8.2896818990e-06
1908 4.7929412782e+00 8.1740313175e-06
1909 4.7920042058e+00 8.0460023593e-06
1910 4.7911024819e+00 7.9840695494e-06
1911 4.7902331485e+00 8.0080659898e-06
1912 4.7893654285e+00 7.9706315309e-06
1913 4.7884717908e+00 8.0320014475e-06
1914 4.7875541217e+00 8.0642540283e-06
1915 4.7866387491e+00 8.1628305744e-06
1916 4.7857531159e+00 8.1169890210e-06
1917 4.7848732978e+00 8.1511159405e-06
1918 4.7839693789e+00 8.1029489684e-06
1919 4.7830464419e+00 8.0788337178e-06
1920 4.7821199639e+00 8.1589717541e-06
1921 4.7811743179e+00 8.3102503613e-06
1922 4.7801975958e+00 8.3851063429e-06
1923 4.7791838489e+00 8.4031697774e-06
1924 4.7781410402e+00 8.4975698222e-06
1925 4.7770748670e+00 8.6098111070e-06
1926 4.7759686681e+00 8.7701774850e-06
1927 4.7748225034e+00 8.8387274870e-06
1928 4.7736548427e+00 8.9626029610e-06
1929 4.7724868071e+00 9.0196727999e-06
1930 4.7712850300e+00 9.1426668191e-06
1931 4.7700693479e+00 9.2734597436e-06
1932 4.7688841623e+00 9.3124595639e-06
1933 4.7677483396e+00 9.3610983553e-06
1934 4.7665787933e+00 9.4676391843e-06
1935 4.7653034569e+00 9.5931742473e-06
1936 4.7639679665e+00 9.6103567783e-06
1937 4.7626226341e+00 9.6245522339e-06
1938 4.7613289294e+00 9.4944433771e-06
1939 4.7600924244e+00 9.5667515042e-06
1940 4.7588353079e+00 9.7809090291e-06
1941 4.7574744638e+00 9.8883671264e-06
1942 4.7560627829e+00 9.9143261779e-06
1943 4.7546612395e+00 9.7801086301e-06
1944 4.7533037309e+00 9.6301869850e-06
1945 4.7519395042e+00 9.6929731163e-06
1946 4.7505514961e+00 9.7546992449e-06
1947 4.7491480082e+00 9.8020354071e-06
1948 4.7477564292e+00 9.7549148105e-06
1949 4.7463898742e+00 9.7495724844e-06
1950 4.7450510300e+00 9.6906271005e-06
1951 4.7437678174e+00 9.6333897333e-06
1952 4.7425278697e+00 9.5460790532e-06
1953 4.7412726220e+00 9.6059260437e-06
1954 4.7399779788e+00 9.5594158423e-06
1955 4.7386692983e+00 9.6035816168e-06
1956 4.7373585457e+00 9.4954991712e-06
1957 4.7360841088e+00 9.4215567562e-06
1958 4.7348488152e+00 9.4804110593e-06
1959 4.7335721630e+00 9.5028064317e-06
1960 4.7322693932e+00 9.5910884911e-06
1961 4.7309489224e+00 9.6028723775e-06
1962 4.7296433483e+00 9.5619986083e-06
1963 4.7284065775e+00 9.4455171446e-06
1964 4.7271879021e+00 9.6232555070e-06
1965 4.7258835262e+00 9.7500528829e-06
1966 4.7245258508e+00 9.7321703462e-06
1967 4.7231813593e+00 9.6636813723e-06
1968 4.7219260407e+00 9.4791431155e-06
1969 4.7207202272e+00 9.5166694831e-06
1970 4.7194577702e+00 9.6279936235e-06
1971 4.7181025185e+00 9.7339221477e-06
1972 4.7167034175e+00 9.8478094932e-06
1973 4.7152897361e+00 9.7916076406e-06
1974 4.7139059321e+00 9.8021191248e-06
1975 4.7125361248e+00 9.7763662500e-06
1976 4.7111595639e+00 9.8280961923e-06
1977 4.7097840279e+00 9.7717243195e-06
1978 4.7084197454e+00 9.6949090200e-06
1979 4.7070752055e+00 9.6272941990e-06
1980 4.7057177588e+00 9.7048219789e-06
1981 4.7043368088e+00 9.8534486463e-06
1982 4.7029023189e+00 9.9901515303e-06
1983 4.7014926626e+00 1.0016129959e-05
1984 4.7001313897e+00 9.9905055319e-06
1985 4.6987903566e+00 9.9970123258e-06
1986 4.6973985150e+00 1.0045881013e-05
1987 4.6959598990e+00 1.0049838737e-05
1988 4.6944881863e+00 1.0040750375e-05
1989 4.6929958769e+00 1.0035809892e-05
1990 4.6915023796e+00 1.0052944129e-05
1991 4.6899972138e+00 1.0080134871e-05
1992 4.6885056647e+00 1.0111349915e-05
1993 4.6870370189e+00 1.0182935679e-05
1994 4.6855816882e+00 1.0228242096e-05
1995 4.6841513051e+00 1.0120032046e-05
1996 4.6827442793e+00 1.0047715368e-05
1997 4.6813282727e+00 9.9513965114e-06
1998 4.6798952289e+00 9.9742731954e-06
1999 4.6784683426e+00 9.9379824744e-06
