iter rel_error rel_residual
0 1.1158970417e+01 4.2085992129e-01
1 1.2806338743e+01 1.8998186927e-01
2 1.5683215569e+01 1.1630476620e-01
3 1.8387804084e+01 8.3959929122e-02
4 1.8915327515e+01 6.0299719000e-02
5 1.7395289850e+01 4.9476843924e-02
6 1.5413105161e+01 4.1206142731e-02
7 1.4369156024e+01 3.4838687544e-02
8 1.3975030372e+01 3.0442084536e-02
9 1.3772853217e+01 2.7065696212e-02
10 1.3600818841e+01 2.4573024640e-02
11 1.3410681515e+01 2.2167824900e-02
12 1.3146848591e+01 1.9790056896e-02
13 1.2793853290e+01 1.8070225031e-02
14 1.2466404997e+01 1.6730174509e-02
15 1.2247312125e+01 1.5433936807e-02
16 1.2116225313e+01 1.4459428948e-02
17 1.1999713311e+01 1.3311349246e-02
18 1.1858214683e+01 1.2397570003e-02
19 1.1694224304e+01 1.1844543255e-02
20 1.1536819010e+01 1.1313473364e-02
21 1.1424336577e+01 1.0673746244e-02
22 1.1346341214e+01 1.0130602592e-02
23 1.1276839996e+01 9.7829389973e-03
24 1.1209469568e+01 9.3519259514e-03
25 1.1146707441e+01 9.0037694116e-03
26 1.1099615448e+01 8.6896214500e-03
27 1.1080723975e+01 8.4063775874e-03
28 1.1090217898e+01 8.1239360486e-03
29 1.1114501845e+01 7.7880244865e-03
30 1.1141867501e+01 7.4494814365e-03
31 1.1176361572e+01 7.1241033757e-03
32 1.1223121438e+01 6.9449096757e-03
33 1.1281873014e+01 6.8229191853e-03
34 1.1356358080e+01 6.5927160568e-03
35 1.1435719322e+01 6.2877042228e-03
36 1.1511530933e+01 6.1138844371e-03
37 1.1591767142e+01 5.9090159794e-03
38 1.1674742700e+01 5.7600977701e-03
39 1.1761791167e+01 5.6220107500e-03
40 1.1849663343e+01 5.4294758634e-03
41 1.1933349521e+01 5.3203689219e-03
42 1.2014966832e+01 5.2128157366e-03
43 1.2096140523e+01 5.1574702162e-03
44 1.2176867959e+01 4.9956791909e-03
45 1.2254111712e+01 4.8833947308e-03
46 1.2327714444e+01 4.8108806165e-03
47 1.2400621774e+01 4.7029727838e-03
48 1.2474321959e+01 4.5449993607e-03
49 1.2544248193e+01 4.4130367727e-03
50 1.2610324750e+01 4.2934426647e-03
51 1.2673879081e+01 4.2155810742e-03
52 1.2736616221e+01 4.1318325165e-03
53 1.2798404752e+01 3.9828441016e-03
54 1.2856924707e+01 3.8667350663e-03
55 1.2913913258e+01 3.7559261802e-03
56 1.2968645945e+01 3.6659403510e-03
57 1.3022037614e+01 3.6418683020e-03
58 1.3074232478e+01 3.5196627211e-03
59 1.3123090235e+01 3.4434962716e-03
60 1.3171319723e+01 3.3828020242e-03
61 1.3221565954e+01 3.3348298913e-03
62 1.3272434172e+01 3.2707735745e-03
63 1.3322082348e+01 3.2063190812e-03
64 1.3368432421e+01 3.1325618844e-03
65 1.3411456499e+01 3.0793800582e-03
66 1.3453307126e+01 3.0105220218e-03
67 1.3494401214e+01 2.9328106346e-03
68 1.3533992894e+01 2.8716575198e-03
69 1.3571529186e+01 2.8136990873e-03
70 1.3605823682e+01 2.7747524780e-03
71 1.3638149117e+01 2.7100283696e-03
72 1.3668565895e+01 2.6554230926e-03
73 1.3696508697e+01 2.5822853833e-03
74 1.3721781155e+01 2.5163543918e-03
75 1.3744990785e+01 2.4694281065e-03
76 1.3767084301e+01 2.4232529539e-03
77 1.3788727645e+01 2.3803050849e-03
78 1.3808559230e+01 2.3367089381e-03
79 1.3826007253e+01 2.3169167995e-03
80 1.3842081298e+01 2.2707970497e-03
81 1.3857139364e+01 2.2220287182e-03
82 1.3871770268e+01 2.1910724287e-03
83 1.3885295927e+01 2.1438019685e-03
84 1.3896902585e+01 2.0990515815e-03
85 1.3906392796e+01 2.0707950723e-03
86 1.3915011158e+01 2.0121823724e-03
87 1.3922988715e+01 1.9892486304e-03
88 1.3930098828e+01 1.9434986878e-03
89 1.3935715846e+01 1.9112175174e-03
90 1.3939969089e+01 1.8918664586e-03
91 1.3943349505e+01 1.8864983023e-03
92 1.3946161316e+01 1.8511600178e-03
93 1.3948082583e+01 1.8090342257e-03
94 1.3948965160e+01 1.7630893155e-03
95 1.3949102806e+01 1.7526463717e-03
96 1.3949165784e+01 1.7283558969e-03
97 1.3949012756e+01 1.6969019318e-03
98 1.3947836130e+01 1.6803419136e-03
99 1.3945152125e+01 1.6537525627e-03
100 1.3941653096e+01 1.6255286021e-03
101 1.3938056540e+01 1.6143345323e-03
102 1.3934576628e+01 1.5780334094e-03
103 1.3930315447e+01 1.5565994290e-03
104 1.3924443001e+01 1.5334633632e-03
105 1.3917538643e+01 1.5267246376e-03
106 1.3910584045e+01 1.5285966460e-03
107 1.3903794392e+01 1.5299800521e-03
108 1.3896249974e+01 1.5681212779e-03
109 1.3886702775e+01 1.6464637193e-03
110 1.3875356996e+01 1.7255272577e-03
111 1.3863684366e+01 1.8126562668e-03
112 1.3852563334e+01 1.8657542074e-03
113 1.3841594093e+01 1.8332261000e-03
114 1.3829784631e+01 1.7650312910e-03
115 1.3817601273e+01 1.6423365242e-03
116 1.3806374343e+01 1.5511686304e-03
117 1.3796039828e+01 1.4976940891e-03
118 1.3785333720e+01 1.4528405417e-03
119 1.3773419183e+01 1.4127130314e-03
120 1.3760326622e+01 1.3545992278e-03
121 1.3747469930e+01 1.2868063455e-03
122 1.3735192678e+01 1.2358058344e-03
123 1.3722947953e+01 1.1843912774e-03
124 1.3710473905e+01 1.1352305935e-03
125 1.3697667911e+01 1.0949144196e-03
126 1.3684582481e+01 1.0667655241e-03
127 1.3671726116e+01 1.0298776686e-03
128 1.3658860126e+01 9.8597589647e-04
129 1.3645850198e+01 9.5242718681e-04
130 1.3632477661e+01 9.3025656480e-04
131 1.3618903056e+01 9.1550195631e-04
132 1.3605321414e+01 9.0422560117e-04
133 1.3590987431e+01 8.9112692991e-04
134 1.3575901548e+01 8.8044671776e-04
135 1.3560378155e+01 8.6361752062e-04
136 1.3545055074e+01 8.5621349654e-04
137 1.3529673401e+01 8.5040277543e-04
138 1.3513645377e+01 8.5188192686e-04
139 1.3496508025e+01 8.4510166498e-04
140 1.3478812347e+01 8.3134555214e-04
141 1.3460747229e+01 8.3631245312e-04
142 1.3441921170e+01 8.3309729811e-04
143 1.3422235886e+01 8.3794059070e-04
144 1.3401862739e+01 8.3571063298e-04
145 1.3380656580e+01 8.3769214009e-04
146 1.3359455334e+01 8.2439949321e-04
147 1.3338174095e+01 8.2066024864e-04
148 1.3316518203e+01 8.1889531259e-04
149 1.3294017043e+01 8.2654088419e-04
150 1.3270557387e+01 8.3328588369e-04
151 1.3245904094e+01 8.4079210936e-04
152 1.3220014783e+01 8.4965338034e-04
153 1.3193294086e+01 8.6169222513e-04
154 1.3166659669e+01 8.7117884947e-04
155 1.3140195324e+01 8.7530293444e-04
156 1.3112822965e+01 8.7362496660e-04
157 1.3083549987e+01 8.7613365045e-04
158 1.3053024436e+01 8.7250451143e-04
159 1.3021809531e+01 8.7488338058e-04
160 1.2990318460e+01 8.7817006130e-04
161 1.2958240164e+01 8.8642235742e-04
162 1.2925253767e+01 8.8935376160e-04
163 1.2890930506e+01 8.9052574317e-04
164 1.2856078162e+01 8.9060454163e-04
165 1.2821583128e+01 8.8780607745e-04
166 1.2786259353e+01 8.9874520894e-04
167 1.2750472985e+01 8.9921907496e-04
168 1.2714923384e+01 9.0605543376e-04
169 1.2681048061e+01 9.0546519358e-04
170 1.2647334388e+01 9.0567008788e-04
171 1.2612044241e+01 8.9787515044e-04
172 1.2575328142e+01 8.9552768875e-04
173 1.2537652912e+01 8.9760647117e-04
174 1.2499858408e+01 8.9785406050e-04
175 1.2462055785e+01 9.0113904440e-04
176 1.2424277036e+01 8.9925017923e-04
177 1.2386010124e+01 8.8817446228e-04
178 1.2347747599e+01 8.8751884813e-04
179 1.2310836941e+01 8.8191066355e-04
180 1.2275273171e+01 8.7801849607e-04
181 1.2241377346e+01 8.8411477339e-04
182 1.2207848216e+01 8.8747561989e-04
183 1.2172383799e+01 8.8650288922e-04
184 1.2135535928e+01 8.9290334832e-04
185 1.2097819167e+01 9.0548180134e-04
186 1.2058538359e+01 9.3392667288e-04
187 1.2014862946e+01 9.8031568367e-04
188 1.1965936520e+01 1.0493023470e-03
189 1.1911907402e+01 1.1148290807e-03
190 1.1851762863e+01 1.1917191008e-03
191 1.1785057141e+01 1.2679291855e-03
192 1.1713523666e+01 1.2959083184e-03
193 1.1644152320e+01 1.2887702588e-03
194 1.1582779279e+01 1.2577859446e-03
195 1.1532335139e+01 1.2061467110e-03
196 1.1488238242e+01 1.1758963673e-03
197 1.1446314901e+01 1.1770089293e-03
198 1.1406195047e+01 1.1861393446e-03
199 1.1369351416e+01 1.2033848112e-03
200 1.1336447607e+01 1.1959029012e-03
201 1.1307910181e+01 1.1522785008e-03
202 1.1283772313e+01 1.1156302218e-03
203 1.1261561461e+01 1.0818811711e-03
204 1.1239926745e+01 1.0613028363e-03
205 1.1218456509e+01 1.0512083633e-03
206 1.1197001929e+01 1.0333611977e-03
207 1.1175957557e+01 1.0053586406e-03
208 1.1155415119e+01 9.7541401890e-04
209 1.1135937180e+01 9.5780737690e-04
210 1.1117396232e+01 9.5157188353e-04
211 1.1098344376e+01 9.4733522139e-04
212 1.1078145329e+01 9.4684910477e-04
213 1.1057415809e+01 9.2625306687e-04
214 1.1036864301e+01 9.1244596104e-04
215 1.1016370947e+01 8.9477568093e-04
216 1.0996044339e+01 8.6529963208e-04
217 1.0977106188e+01 8.1699497562e-04
218 1.0960285962e+01 7.7290763950e-04
219 1.0944643574e+01 7.4439192592e-04
220 1.0928568213e+01 7.4258914506e-04
221 1.0911062841e+01 7.5850205351e-04
222 1.0891577182e+01 7.9415202249e-04
223 1.0869855864e+01 8.3034670844e-04
224 1.0846127781e+01 8.5690640366e-04
225 1.0821970117e+01 8.7619151892e-04
226 1.0797811647e+01 8.8038711360e-04
227 1.0772287877e+01 8.8910377946e-04
228 1.0745599693e+01 8.9929862213e-04
229 1.0716904493e+01 9.2438955909e-04
230 1.0686136962e+01 9.5394593804e-04
231 1.0655583286e+01 9.5959093021e-04
232 1.0626698097e+01 9.5822547183e-04
233 1.0597084628e+01 9.6790222871e-04
234 1.0565034092e+01 9.8408419063e-04
235 1.0531437375e+01 9.9444944356e-04
236 1.0497584036e+01 9.8401129063e-04
237 1.0465259935e+01 9.7248215811e-04
238 1.0434146148e+01 9.4696553966e-04
239 1.0404180671e+01 9.3359973375e-04
240 1.0373173249e+01 9.2306286161e-04
241 1.0340460880e+01 9.1755397775e-04
242 1.0307111283e+01 9.0210702486e-04
243 1.0273877145e+01 8.8593282827e-04
244 1.0242319648e+01 8.6108404102e-04
245 1.0212785932e+01 8.4143842412e-04
246 1.0183933726e+01 8.3387051355e-04
247 1.0155286111e+01 8.2747841273e-04
248 1.0127055655e+01 8.2002696305e-04
249 1.0099611215e+01 8.0480807001e-04
250 1.0074216134e+01 7.8009291067e-04
251 1.0051943884e+01 7.5352618193e-04
252 1.0032001917e+01 7.4010879092e-04
253 1.0012842414e+01 7.3374513428e-04
254 9.9941850252e+00 7.1845731094e-04
255 9.9762919659e+00 7.0606347847e-04
256 9.9595845271e+00 6.9393468361e-04
257 9.9442744739e+00 6.8568814277e-04
258 9.9295600493e+00 6.7402356215e-04
259 9.9146319634e+00 6.7513267104e-04
260 9.8992569345e+00 6.7387039228e-04
261 9.8842304208e+00 6.6951472641e-04
262 9.8704878086e+00 6.5960042092e-04
263 9.8580341191e+00 6.5547318523e-04
264 9.8464121814e+00 6.6381192532e-04
265 9.8349140067e+00 6.8228344211e-04
266 9.8234649134e+00 6.9238117686e-04
267 9.8126117546e+00 7.0673141280e-04
268 9.8027676873e+00 7.1361807228e-04
269 9.7938861905e+00 7.2103292811e-04
270 9.7852528669e+00 7.4102782074e-04
271 9.7766674053e+00 7.5709716060e-04
272 9.7684108244e+00 7.7019366863e-04
273 9.7609013033e+00 7.7024086357e-04
274 9.7544706709e+00 7.7313154427e-04
275 9.7486714551e+00 7.7663723131e-04
276 9.7431848235e+00 7.8890569333e-04
277 9.7381878127e+00 7.8414577066e-04
278 9.7337872455e+00 7.7354728939e-04
279 9.7301516947e+00 7.6947957771e-04
280 9.7271777538e+00 7.6166847352e-04
281 9.7244927547e+00 7.5619609428e-04
282 9.7217935910e+00 7.5195579517e-04
283 9.7190245633e+00 7.4700002650e-04
284 9.7164175020e+00 7.2858946692e-04
285 9.7141151245e+00 7.0741629078e-04
286 9.7118203580e+00 7.0665972288e-04
287 9.7093538613e+00 7.0210501575e-04
288 9.7066966621e+00 6.9909590235e-04
289 9.7041863927e+00 6.8438947168e-04
290 9.7019829890e+00 6.6945978237e-04
291 9.6998768733e+00 6.5961228660e-04
292 9.6975967922e+00 6.5896578650e-04
293 9.6950560826e+00 6.6611234418e-04
294 9.6926259232e+00 6.6685481507e-04
295 9.6907103164e+00 6.6306197902e-04
296 9.6891654507e+00 6.7201538701e-04
297 9.6876497476e+00 6.7532420814e-04
298 9.6860106582e+00 6.8388566930e-04
299 9.6846168712e+00 6.8343506207e-04
300 9.6838201559e+00 6.6076686587e-04
301 9.6834519819e+00 6.3005379299e-04
302 9.6830129229e+00 6.0282802625e-04
303 9.6822553056e+00 5.7488013725e-04
304 9.6812842417e+00 5.4657295630e-04
305 9.6802676256e+00 5.2113347434e-04
306 9.6791283664e+00 4.9815937445e-04
307 9.6777287395e+00 4.8018400120e-04
308 9.6761137280e+00 4.6659144106e-04
309 9.6743377304e+00 4.5489814100e-04
310 9.6724530075e+00 4.3398993004e-04
311 9.6703237753e+00 4.0735923741e-04
312 9.6678407382e+00 3.8220905489e-04
313 9.6651641250e+00 3.6388794159e-04
314 9.6624679843e+00 3.5206461699e-04
315 9.6597794554e+00 3.4288061731e-04
316 9.6570528584e+00 3.3278161229e-04
317 9.6541753912e+00 3.2158808632e-04
318 9.6511815644e+00 3.0978100721e-04
319 9.6481326962e+00 3.0287237071e-04
320 9.6449538336e+00 3.0087684209e-04
321 9.6415439797e+00 2.9725583316e-04
322 9.6378899971e+00 2.9160918980e-04
323 9.6339588909e+00 2.8694289239e-04
324 9.6297378930e+00 2.8731203860e-04
325 9.6252113840e+00 2.9236731278e-04
326 9.6203510832e+00 2.9770001064e-04
327 9.6151727731e+00 3.0392033599e-04
328 9.6096808167e+00 3.0556574355e-04
329 9.6040961370e+00 3.0155446174e-04
330 9.5986448752e+00 2.9608106211e-04
331 9.5932191141e+00 2.8844374842e-04
332 9.5878162133e+00 2.8364243094e-04
333 9.5823390827e+00 2.7719653568e-04
334 9.5768084758e+00 2.7686201012e-04
335 9.5711241353e+00 2.7604414439e-04
336 9.5650747334e+00 2.8326042194e-04
337 9.5586369402e+00 2.8626916635e-04
338 9.5519095194e+00 2.8981195527e-04
339 9.5449894377e+00 2.8574466067e-04
340 9.5381386431e+00 2.8077443472e-04
341 9.5314345604e+00 2.7636069015e-04
342 9.5245493176e+00 2.7849346231e-04
343 9.5171324065e+00 2.8403571421e-04
344 9.5092532243e+00 2.8451266702e-04
345 9.5012560652e+00 2.8417316152e-04
346 9.4932811403e+00 2.8102951735e-04
347 9.4854575321e+00 2.8079134107e-04
348 9.4770300726e+00 2.8336105354e-04
349 9.4679580314e+00 2.8593992329e-04
350 9.4581925374e+00 2.8352688689e-04
351 9.4483154197e+00 2.7864066989e-04
352 9.4383699282e+00 2.7801108553e-04
353 9.4282733970e+00 2.7349132005e-04
354 9.4182537336e+00 2.7026601799e-04
355 9.4084945381e+00 2.6386320297e-04
356 9.3989849961e+00 2.6360723696e-04
357 9.3891335562e+00 2.6039200250e-04
358 9.3791843551e+00 2.5714313264e-04
359 9.3693301367e+00 2.5062219852e-04
360 9.3593774204e+00 2.4717708020e-04
361 9.3493868166e+00 2.4515937697e-04
362 9.3392747404e+00 2.4501158602e-04
363 9.3289798871e+00 2.4471968751e-04
364 9.3187567499e+00 2.4044779298e-04
365 9.3087185188e+00 2.3611310686e-04
366 9.2988721707e+00 2.3326873290e-04
367 9.2891767827e+00 2.3132697689e-04
368 9.2796625498e+00 2.2995432468e-04
369 9.2704331768e+00 2.2776864750e-04
370 9.2614985080e+00 2.2326289309e-04
371 9.2526715150e+00 2.1836235259e-04
372 9.2440792268e+00 2.1278389342e-04
373 9.2356845777e+00 2.0466131178e-04
374 9.2279889359e+00 1.9296167533e-04
375 9.2210128501e+00 1.8247064722e-04
376 9.2147275891e+00 1.7071140585e-04
377 9.2089963637e+00 1.5762524566e-04
378 9.2040053091e+00 1.4949624800e-04
379 9.1993787465e+00 1.4288627924e-04
380 9.1949906250e+00 1.3973942130e-04
381 9.1907957776e+00 1.3750137852e-04
382 9.1865689818e+00 1.3666867989e-04
383 9.1820920299e+00 1.3878658234e-04
384 9.1773511179e+00 1.3956861826e-04
385 9.1724648986e+00 1.3877959823e-04
386 9.1676029446e+00 1.3537645648e-04
387 9.1630099305e+00 1.3035141532e-04
388 9.1588385555e+00 1.2695006427e-04
389 9.1547841986e+00 1.2488803538e-04
390 9.1505263014e+00 1.2528052670e-04
391 9.1460485168e+00 1.2647852568e-04
392 9.1412400598e+00 1.2832984569e-04
393 9.1361860208e+00 1.2971935336e-04
394 9.1311138967e+00 1.2758231686e-04
395 9.1261542242e+00 1.2668415134e-04
396 9.1213442790e+00 1.2482224483e-04
397 9.1167561947e+00 1.2337532612e-04
398 9.1123857213e+00 1.2115141983e-04
399 9.1080086137e+00 1.2163584340e-04
400 9.1035258087e+00 1.2130317250e-04
401 9.0989597575e+00 1.2064093295e-04
402 9.0945217018e+00 1.1671916720e-04
403 9.0902622579e+00 1.1328319642e-04
404 9.0862727864e+00 1.0964873579e-04
405 9.0825356125e+00 1.0689091929e-04
406 9.0789417589e+00 1.0600271052e-04
407 9.0751625263e+00 1.0487362511e-04
408 9.0712357739e+00 1.0280946708e-04
409 9.0673867791e+00 1.0006658528e-04
410 9.0635611982e+00 9.8179718218e-05
411 9.0596639522e+00 9.8930620007e-05
412 9.0554986336e+00 1.0035350354e-04
413 9.0511398272e+00 1.0156655927e-04
414 9.0467938435e+00 1.0117542716e-04
415 9.0427101857e+00 9.9444364616e-05
416 9.0386590653e+00 9.7940810840e-05
417 9.0345211807e+00 9.6741572958e-05
418 9.0303668912e+00 9.6724921165e-05
419 9.0261472177e+00 9.5326159078e-05
420 9.0220352619e+00 9.4675875841e-05
421 9.0180302218e+00 9.2973042742e-05
422 9.0141483391e+00 9.2628014739e-05
423 9.0104241923e+00 9.0551442374e-05
424 9.0069895250e+00 8.8665753598e-05
425 9.0037438133e+00 8.7743861273e-05
426 9.0004700640e+00 8.7012789146e-05
427 8.9971124231e+00 8.6651370726e-05
428 8.9938010542e+00 8.5511784667e-05
429 8.9905352560e+00 8.4037689514e-05
430 8.9873890381e+00 8.2139574435e-05
431 8.9843995717e+00 8.1059745336e-05
432 8.9815775456e+00 7.8244047720e-05
433 8.9789222639e+00 7.7437536146e-05
434 8.9762786148e+00 7.5832541690e-05
435 8.9736486550e+00 7.3698728174e-05
436 8.9710919261e+00 7.1829865798e-05
437 8.9685913276e+00 7.0925397976e-05
438 8.9660780005e+00 7.0505816247e-05
439 8.9635731166e+00 7.0169502224e-05
440 8.9611181901e+00 7.0703616339e-05
441 8.9585457880e+00 7.1925695667e-05
442 8.9558141905e+00 7.1794754041e-05
443 8.9530192819e+00 7.0922376071e-05
444 8.9503270532e+00 6.8575192704e-05
445 8.9477585563e+00 6.6276072002e-05
446 8.9453032233e+00 6.6479712969e-05
447 8.9428986212e+00 6.7008170245e-05
448 8.9404367474e+00 6.6938467239e-05
449 8.9378602720e+00 6.6754723443e-05
450 8.9351836948e+00 6.6586982624e-05
451 8.9325237131e+00 6.5470381104e-05
452 8.9299330252e+00 6.5402303173e-05
453 8.9274916784e+00 6.4671291831e-05
454 8.9251529389e+00 6.4536738451e-05
455 8.9227341038e+00 6.5324329270e-05
456 8.9201018019e+00 6.6647335598e-05
457 8.9173905745e+00 6.6310903963e-05
458 8.9147284939e+00 6.5442717605e-05
459 8.9121253877e+00 6.5649149006e-05
460 8.9094938921e+00 6.5670847596e-05
461 8.9068276535e+00 6.5719944058e-05
462 8.9042656439e+00 6.5546113673e-05
463 8.9017667767e+00 6.4776330700e-05
464 8.8991869515e+00 6.5393506567e-05
465 8.8964661503e+00 6.5915475656e-05
466 8.8936311042e+00 6.6004430501e-05
467 8.8907637002e+00 6.5617145599e-05
468 8.8878291608e+00 6.5602155471e-05
469 8.8848502907e+00 6.5420793873e-05
470 8.8818245406e+00 6.5262874581e-05
471 8.8788241908e+00 6.5285806978e-05
472 8.8758535186e+00 6.5400256103e-05
473 8.8727465016e+00 6.6197167903e-05
474 8.8694086139e+00 6.6526158463e-05
475 8.8659632241e+00 6.6921599657e-05
476 8.8625058613e+00 6.6071959854e-05
477 8.8590866142e+00 6.5051678050e-05
478 8.8557872260e+00 6.4423415367e-05
479 8.8525971004e+00 6.3748695297e-05
480 8.8493821754e+00 6.4168997353e-05
481 8.8460936820e+00 6.2984042331e-05
482 8.8429183600e+00 6.1645846638e-05
483 8.8399485289e+00 5.9515752556e-05
484 8.8371199640e+00 5.9001087420e-05
485 8.8343022584e+00 5.7943212647e-05
486 8.8314327808e+00 5.7333816832e-05
487 8.8285763302e+00 5.6227535734e-05
488 8.8257124129e+00 5.6070227298e-05
489 8.8228014575e+00 5.6591277989e-05
490 8.8198323604e+00 5.7312497508e-05
491 8.8168550422e+00 5.7627225890e-05
492 8.8138354373e+00 5.7994613460e-05
493 8.8107673109e+00 5.7875495038e-05
494 8.8075826389e+00 5.7997090128e-05
495 8.8043051342e+00 5.8749953318e-05
496 8.8009958636e+00 5.8981134550e-05
497 8.7977377517e+00 5.9392563875e-05
498 8.7946135513e+00 5.9570369032e-05
499 8.7914106966e+00 5.9832090576e-05
500 8.7879532275e+00 6.0978537706e-05
501 8.7842695962e+00 6.1675001666e-05
502 8.7805012748e+00 6.2268540446e-05
503 8.7767260234e+00 6.1769649356e-05
504 8.7730526754e+00 6.1594433878e-05
505 8.7695486846e+00 6.0000785606e-05
506 8.7662576541e+00 5.9719346954e-05
507 8.7628729165e+00 5.9818373104e-05
508 8.7592973917e+00 6.0041195767e-05
509 8.7556066075e+00 6.0082837581e-05
510 8.7520079589e+00 5.9605984412e-05
511 8.7484554041e+00 5.9431528308e-05
512 8.7448817133e+00 5.9420849041e-05
513 8.7411791910e+00 5.9917215256e-05
514 8.7373740699e+00 6.0099086935e-05
515 8.7334836459e+00 6.0885256031e-05
516 8.7295868614e+00 5.9987420331e-05
517 8.7257666640e+00 5.9344317068e-05
518 8.7221293908e+00 5.7147679612e-05
519 8.7187379573e+00 5.5705301710e-05
520 8.7155298983e+00 5.4741556279e-05
521 8.7122975539e+00 5.4520996789e-05
522 8.7090737934e+00 5.4611919280e-05
523 8.7058668639e+00 5.3887683704e-05
524 8.7028200126e+00 5.2974463994e-05
525 8.6999245009e+00 5.1900011565e-05
526 8.6969878109e+00 5.1964642550e-05
527 8.6939378244e+00 5.1728861024e-05
528 8.6909451092e+00 5.0655212932e-05
529 8.6881315485e+00 4.8853079927e-05
530 8.6855052351e+00 4.8039032424e-05
531 8.6828397380e+00 4.7719758550e-05
532 8.6801208438e+00 4.7627155050e-05
533 8.6774718814e+00 4.6423711454e-05
534 8.6749452529e+00 4.5494641865e-05
535 8.6725143048e+00 4.4774961705e-05
536 8.6700699632e+00 4.4266411577e-05
537 8.6675527376e+00 4.3668022585e-05
538 8.6650249150e+00 4.3179499983e-05
539 8.6625228841e+00 4.2308213078e-05
540 8.6601224812e+00 4.2247022458e-05
541 8.6577530842e+00 4.1946755223e-05
542 8.6553353116e+00 4.1845276171e-05
543 8.6528572323e+00 4.1390991203e-05
544 8.6504278177e+00 4.0641973038e-05
545 8.6481031787e+00 3.9849315803e-05
546 8.6458601305e+00 3.9319268921e-05
547 8.6436463919e+00 3.8006923843e-05
548 8.6414657502e+00 3.6952461306e-05
549 8.6393653723e+00 3.5638009015e-05
550 8.6373617314e+00 3.4864095640e-05
551 8.6354026873e+00 3.4463859188e-05
552 8.6334224870e+00 3.4620047971e-05
553 8.6313215140e+00 3.4685513423e-05
554 8.6291823389e+00 3.4347620104e-05
555 8.6270292000e+00 3.4012801149e-05
556 8.6249505366e+00 3.3286856671e-05
557 8.6229661589e+00 3.2630551385e-05
558 8.6210657930e+00 3.2046776688e-05
559 8.6191435670e+00 3.2168266785e-05
560 8.6171270089e+00 3.2699063448e-05
561 8.6149905629e+00 3.3519689827e-05
562 8.6127490404e+00 3.4076351037e-05
563 8.6103987763e+00 3.4647285433e-05
564 8.6078449950e+00 3.5141385577e-05
565 8.6051285058e+00 3.5962172948e-05
566 8.6022396426e+00 3.6704254542e-05
567 8.5991742584e+00 3.7419447124e-05
568 8.5960307757e+00 3.7030260914e-05
569 8.5930072271e+00 3.6298559637e-05
570 8.5902143066e+00 3.4977822611e-05
571 8.5876404439e+00 3.4110418595e-05
572 8.5850658888e+00 3.4041083649e-05
573 8.5823309029e+00 3.4167081397e-05
574 8.5794875133e+00 3.4420932409e-05
575 8.5765593333e+00 3.4515933134e-05
576 8.5735580470e+00 3.4243101286e-05
577 8.5705690872e+00 3.4070007473e-05
578 8.5676153216e+00 3.3809800367e-05
579 8.5647202820e+00 3.3459256741e-05
580 8.5619626280e+00 3.2929607941e-05
581 8.5592787264e+00 3.1785996103e-05
582 8.5566841394e+00 3.1445591125e-05
583 8.5539813065e+00 3.1671813442e-05
584 8.5511563415e+00 3.2246560702e-05
585 8.5481251918e+00 3.2663502192e-05
586 8.5449779686e+00 3.2922970415e-05
587 8.5417347577e+00 3.2724457634e-05
588 8.5384683140e+00 3.2578851238e-05
589 8.5352104049e+00 3.2264853996e-05
590 8.5319571496e+00 3.2315535691e-05
591 8.5286301709e+00 3.2701285451e-05
592 8.5251688446e+00 3.3326488025e-05
593 8.5215463158e+00 3.3884809136e-05
594 8.5178278992e+00 3.3855260691e-05
595 8.5140731418e+00 3.3615503472e-05
596 8.5103972719e+00 3.3197125656e-05
597 8.5067342129e+00 3.3198990221e-05
598 8.5031303620e+00 3.2787926815e-05
599 8.4996287691e+00 3.2323906168e-05
600 8.4961854347e+00 3.2174900635e-05
601 8.4925928961e+00 3.2410437177e-05
602 8.4889693156e+00 3.2243641065e-05
603 8.4853465334e+00 3.1827913483e-05
604 8.4817675978e+00 3.1611508973e-05
605 8.4781629168e+00 3.1510612042e-05
606 8.4744972578e+00 3.1384952048e-05
607 8.4707301558e+00 3.1797470125e-05
608 8.4669900382e+00 3.1597693069e-05
609 8.4633049905e+00 3.1365123521e-05
610 8.4597300934e+00 3.1201461133e-05
611 8.4560641197e+00 3.1791327800e-05
612 8.4520984560e+00 3.2375584261e-05
613 8.4479566854e+00 3.2346083013e-05
614 8.4437447026e+00 3.2377961941e-05
615 8.4396467882e+00 3.2297178404e-05
616 8.4356873455e+00 3.2255741633e-05
617 8.4316786949e+00 3.2502409977e-05
618 8.4275245117e+00 3.2693901242e-05
619 8.4232262486e+00 3.2645472461e-05
620 8.4188577533e+00 3.2515255910e-05
621 8.4144225106e+00 3.2706125439e-05
622 8.4098963727e+00 3.3457667470e-05
623 8.4052193550e+00 3.3715925005e-05
624 8.4004336320e+00 3.3872334020e-05
625 8.3957403050e+00 3.3613174442e-05
626 8.3910713560e+00 3.3704911142e-05
627 8.3862955242e+00 3.4062432245e-05
628 8.3811419523e+00 3.4848089384e-05
629 8.3757163267e+00 3.5539272168e-05
630 8.3700771231e+00 3.5828091032e-05
631 8.3643542000e+00 3.5728186369e-05
632 8.3586814595e+00 3.5596240710e-05
633 8.3531923992e+00 3.5399231369e-05
634 8.3478772726e+00 3.5544152749e-05
635 8.3425624602e+00 3.6109698726e-05
636 8.3367996673e+00 3.6945967957e-05
637 8.3306596142e+00 3.7070621652e-05
638 8.3242680979e+00 3.7537036776e-05
639 8.3178610765e+00 3.7953458653e-05
640 8.3113793729e+00 3.8060516275e-05
641 8.3048677680e+00 3.8427752425e-05
642 8.2982672863e+00 3.8952441740e-05
643 8.2912451257e+00 3.9228112331e-05
644 8.2839662852e+00 3.9814571043e-05
645 8.2763087661e+00 4.0091027291e-05
646 8.2686664845e+00 3.9975072097e-05
647 8.2612129126e+00 3.9698279393e-05
648 8.2540918787e+00 3.9471283372e-05
649 8.2470184353e+00 4.0147879456e-05
650 8.2397365722e+00 4.0516643152e-05
651 8.2321011716e+00 4.0493990092e-05
652 8.2244275357e+00 4.0405530648e-05
653 8.2166308589e+00 4.0383519690e-05
654 8.2087102335e+00 4.1147656802e-05
655 8.2004566517e+00 4.2106495051e-05
656 8.1920547527e+00 4.2665097399e-05
657 8.1838090746e+00 4.2706833158e-05
658 8.1756197858e+00 4.2942804634e-05
659 8.1671532111e+00 4.3188449484e-05
660 8.1586371853e+00 4.2219560040e-05
661 8.1505030261e+00 4.1076679672e-05
662 8.1430134801e+00 3.9816400823e-05
663 8.1359192626e+00 3.9818494966e-05
664 8.1284214621e+00 4.0382817937e-05
665 8.1205105540e+00 4.1350358169e-05
666 8.1121922193e+00 4.1897006759e-05
667 8.1035024890e+00 4.2715088391e-05
668 8.0945631309e+00 4.3052011713e-05
669 8.0853743743e+00 4.3894294881e-05
670 8.0757758633e+00 4.4632506233e-05
671 8.0659307024e+00 4.5258258829e-05
672 8.0557996252e+00 4.6389587737e-05
673 8.0451418790e+00 4.7549079513e-05
674 8.0343421168e+00 4.7588221524e-05
675 8.0238793162e+00 4.7391930305e-05
676 8.0136389767e+00 4.6699319615e-05
677 8.0033110387e+00 4.6433779699e-05
678 7.9929056554e+00 4.6383192772e-05
679 7.9825100417e+00 4.6408969802e-05
680 7.9721757045e+00 4.5555863622e-05
681 7.9622608737e+00 4.4782123988e-05
682 7.9527164210e+00 4.3537900697e-05
683 7.9435493862e+00 4.3182331748e-05
684 7.9346254789e+00 4.3164393353e-05
685 7.9258265383e+00 4.3108424440e-05
686 7.9173131548e+00 4.3044143956e-05
687 7.9091111615e+00 4.2247873163e-05
688 7.9011663522e+00 4.1648469316e-05
689 7.8931224587e+00 4.1568890691e-05
690 7.8849728516e+00 4.1826447778e-05
691 7.8767903022e+00 4.2198147264e-05
692 7.8687188216e+00 4.1907969005e-05
693 7.8608280507e+00 4.1742190296e-05
694 7.8527327728e+00 4.2245422599e-05
695 7.8442427368e+00 4.2554026890e-05
696 7.8356381951e+00 4.3117578984e-05
697 7.8270015837e+00 4.3079481135e-05
698 7.8185754661e+00 4.3006110140e-05
699 7.8106243472e+00 4.2726729163e-05
700 7.8024988182e+00 4.3125334425e-05
701 7.7939795888e+00 4.3186280514e-05
702 7.7851983542e+00 4.3390498295e-05
703 7.7764179307e+00 4.3212522436e-05
704 7.7677979687e+00 4.2719601903e-05
705 7.7594702899e+00 4.3106381186e-05
706 7.7510271455e+00 4.4001581888e-05
707 7.7420496732e+00 4.5001409100e-05
708 7.7326467053e+00 4.5360613352e-05
709 7.7234941796e+00 4.4817945835e-05
710 7.7147374898e+00 4.4505191283e-05
711 7.7057579129e+00 4.5020966746e-05
712 7.6963334813e+00 4.5706970565e-05
713 7.6865479737e+00 4.5638648273e-05
714 7.6767797136e+00 4.5698402058e-05
715 7.6672395917e+00 4.5852090021e-05
716 7.6580995549e+00 4.5859199877e-05
717 7.6491954456e+00 4.5726246895e-05
718 7.6397797838e+00 4.6375045130e-05
719 7.6301171059e+00 4.5805953397e-05
720 7.6204143652e+00 4.5650958837e-05
721 7.6107391742e+00 4.5481160597e-05
722 7.6011637485e+00 4.5356983517e-05
723 7.5917035321e+00 4.5016472439e-05
724 7.5824343571e+00 4.4717765128e-05
725 7.5733097854e+00 4.4647140736e-05
726 7.5646605145e+00 4.4000656218e-05
727 7.5565268150e+00 4.3760827452e-05
728 7.5484450572e+00 4.3579359714e-05
729 7.5401853621e+00 4.2948256175e-05
730 7.5321078628e+00 4.2053670541e-05
731 7.5244396021e+00 4.1422096617e-05
732 7.5171232795e+00 4.0885438792e-05
733 7.5098702984e+00 4.1183909848e-05
734 7.5025852933e+00 4.0861089155e-05
735 7.4953897346e+00 4.0349739445e-05
736 7.4885567728e+00 3.9498758489e-05
737 7.4818784665e+00 3.9766265589e-05
738 7.4750358432e+00 3.9634291180e-05
739 7.4679997092e+00 3.9691076825e-05
740 7.4609294472e+00 3.9738592635e-05
741 7.4538936780e+00 3.9753376537e-05
742 7.4470593363e+00 3.9127113257e-05
743 7.4405087670e+00 3.8673451676e-05
744 7.4338881864e+00 3.8472524988e-05
745 7.4273131653e+00 3.8182223350e-05
746 7.4208618959e+00 3.7470732489e-05
747 7.4146123050e+00 3.6672968594e-05
748 7.4087347099e+00 3.5603897074e-05
749 7.4032423137e+00 3.4714502503e-05
750 7.3980600232e+00 3.3666381801e-05
751 7.3930450632e+00 3.3222383543e-05
752 7.3881425214e+00 3.2419177911e-05
753 7.3833477105e+00 3.2059632798e-05
754 7.3786443487e+00 3.2043532737e-05
755 7.3738442484e+00 3.2459451227e-05
756 7.3688937304e+00 3.3026005515e-05
757 7.3638063033e+00 3.3614070995e-05
758 7.3586071943e+00 3.4040362764e-05
759 7.3531657198e+00 3.4412270192e-05
760 7.3475647641e+00 3.4751220392e-05
761 7.3418493524e+00 3.4826820671e-05
762 7.3361081722e+00 3.4761997427e-05
763 7.3303606901e+00 3.4866235388e-05
764 7.3247553546e+00 3.4475743200e-05
765 7.3192757591e+00 3.4569871032e-05
766 7.3138045146e+00 3.5165448226e-05
767 7.3080182208e+00 3.6272993911e-05
768 7.3017840404e+00 3.8019067339e-05
769 7.2950303192e+00 3.9073538194e-05
770 7.2880663746e+00 3.9552328450e-05
771 7.2810576623e+00 3.9721833504e-05
772 7.2738520344e+00 3.9417056175e-05
773 7.2665994530e+00 3.8794165883e-05
774 7.2596362416e+00 3.7853103224e-05
775 7.2529722857e+00 3.7181478805e-05
776 7.2466491379e+00 3.6911804744e-05
777 7.2406609214e+00 3.6822521180e-05
778 7.2345430594e+00 3.7648728693e-05
779 7.2279550641e+00 3.7788192333e-05
780 7.2212395990e+00 3.7291058725e-05
781 7.2149161001e+00 3.6311403651e-05
782 7.2090757216e+00 3.5479645717e-05
783 7.2036982842e+00 3.5207615856e-05
784 7.1979877309e+00 3.5961766072e-05
785 7.1917554378e+00 3.6913833085e-05
786 7.1851399449e+00 3.7573005471e-05
787 7.1784338201e+00 3.7406098256e-05
788 7.1718376194e+00 3.6800381419e-05
789 7.1655711724e+00 3.5938102868e-05
790 7.1597735518e+00 3.5515672205e-05
791 7.1540477301e+00 3.5839060012e-05
792 7.1480214077e+00 3.6286783822e-05
793 7.1417572369e+00 3.6560953324e-05
794 7.1354309635e+00 3.6359025494e-05
795 7.1292838030e+00 3.5678585009e-05
796 7.1233386446e+00 3.5195409170e-05
797 7.1174487125e+00 3.4955649412e-05
798 7.1116184495e+00 3.5265646656e-05
799 7.1057153599e+00 3.5317470420e-05
800 7.0998074460e+00 3.5367423489e-05
801 7.0943230763e+00 3.4570664223e-05
802 7.0890366994e+00 3.4331955695e-05
803 7.0836164168e+00 3.4280696826e-05
804 7.0780713410e+00 3.4250985164e-05
805 7.0725607296e+00 3.3750164176e-05
806 7.0673113444e+00 3.3473814846e-05
807 7.0623978934e+00 3.3240947810e-05
808 7.0574888231e+00 3.3079376367e-05
809 7.0524340244e+00 3.2737819491e-05
810 7.0474310667e+00 3.2029789963e-05
811 7.0425500834e+00 3.1632763783e-05
812 7.0377892912e+00 3.1436461759e-05
813 7.0330230196e+00 3.1512769878e-05
814 7.0282853059e+00 3.1246990383e-05
815 7.0235987182e+00 3.0800176278e-05
816 7.0190836099e+00 3.0407173184e-05
817 7.0147645745e+00 3.0076434642e-05
818 7.0106195705e+00 2.9822417973e-05
819 7.0065542576e+00 2.9775343620e-05
820 7.0024620809e+00 2.9751172350e-05
821 6.9983670009e+00 2.9215515444e-05
822 6.9943110334e+00 2.8973188085e-05
823 6.9903573313e+00 2.8564058733e-05
824 6.9864079706e+00 2.8600129996e-05
825 6.9824691999e+00 2.8661431367e-05
826 6.9784707250e+00 2.8512142664e-05
827 6.9744919366e+00 2.8515500544e-05
828 6.9705166039e+00 2.8359205469e-05
829 6.9665694706e+00 2.8295236072e-05
830 6.9627374365e+00 2.8547379696e-05
831 6.9589764196e+00 2.8796100235e-05
832 6.9551286305e+00 2.8976317121e-05
833 6.9511413656e+00 2.9009700621e-05
834 6.9470805473e+00 2.9047512560e-05
835 6.9429789928e+00 2.9133968051e-05
836 6.9387630997e+00 2.9502873805e-05
837 6.9343928844e+00 2.9768900996e-05
838 6.9299025833e+00 2.9865835680e-05
839 6.9254362243e+00 2.9953160538e-05
840 6.9210720860e+00 3.0361796240e-05
841 6.9168750855e+00 3.0654110233e-05
842 6.9126088868e+00 3.0676894483e-05
843 6.9080490143e+00 3.0894445887e-05
844 6.9033432063e+00 3.0903951652e-05
845 6.8986636688e+00 3.0809597813e-05
846 6.8941635506e+00 3.0896191063e-05
847 6.8897256788e+00 3.0945483236e-05
848 6.8851719080e+00 3.1066228595e-05
849 6.8805098430e+00 3.1046079723e-05
850 6.8758843970e+00 3.0712020753e-05
851 6.8713482781e+00 3.0588794915e-05
852 6.8669289414e+00 3.0623432431e-05
853 6.8626093289e+00 3.0551002860e-05
854 6.8582746661e+00 3.0140233827e-05
855 6.8539957452e+00 2.9787844819e-05
856 6.8498286439e+00 2.9146284056e-05
857 6.8456814082e+00 2.8954439399e-05
858 6.8415876545e+00 2.8692241632e-05
859 6.8375734100e+00 2.8559509244e-05
860 6.8336518674e+00 2.8066192520e-05
861 6.8298719794e+00 2.7839495001e-05
862 6.8262728404e+00 2.7386594570e-05
863 6.8228435823e+00 2.7124367009e-05
864 6.8194585758e+00 2.7115652157e-05
865 6.8160372843e+00 2.6708963403e-05
866 6.8125957326e+00 2.6219416394e-05
867 6.8092547416e+00 2.5867023529e-05
868 6.8059095863e+00 2.5807348120e-05
869 6.8025906723e+00 2.5903365801e-05
870 6.7993051919e+00 2.5617524942e-05
871 6.7961091505e+00 2.5534615082e-05
872 6.7930651042e+00 2.4910421000e-05
873 6.7902271998e+00 2.4559810522e-05
874 6.7874203588e+00 2.4088158109e-05
875 6.7846552186e+00 2.3591425062e-05
876 6.7819394297e+00 2.3091802987e-05
877 6.7793119380e+00 2.2583673636e-05
878 6.7767672828e+00 2.2050338868e-05
879 6.7743573654e+00 2.1654588942e-05
880 6.7720837471e+00 2.1508889407e-05
881 6.7699011024e+00 2.1310674542e-05
882 6.7676929662e+00 2.1382762911e-05
883 6.7654206021e+00 2.1479083956e-05
884 6.7630798640e+00 2.1797660529e-05
885 6.7606763886e+00 2.1885498978e-05
886 6.7582359409e+00 2.1922925427e-05
887 6.7558188237e+00 2.1506143991e-05
888 6.7534739351e+00 2.1394789328e-05
889 6.7512504033e+00 2.0855189691e-05
890 6.7491061390e+00 2.0751238602e-05
891 6.7470683434e+00 2.0484523697e-05
892 6.7450694924e+00 2.0437991191e-05
893 6.7430093036e+00 2.0429374867e-05
894 6.7409324371e+00 2.0302444088e-05
895 6.7388907828e+00 1.9911353977e-05
896 6.7369495937e+00 1.9759530924e-05
897 6.7350828149e+00 1.9632422512e-05
898 6.7331518442e+00 1.9883991546e-05
899 6.7311280324e+00 1.9890917293e-05
900 6.7291110595e+00 1.9619265768e-05
901 6.7271369966e+00 1.9346626488e-05
902 6.7251789137e+00 1.9207919059e-05
903 6.7232289119e+00 1.9278612296e-05
904 6.7212755824e+00 1.9403382965e-05
905 6.7193773329e+00 1.9329885231e-05
906 6.7175519516e+00 1.9292556405e-05
907 6.7156635756e+00 1.9415821248e-05
908 6.7136949800e+00 1.9566294478e-05
909 6.7116938666e+00 1.9542883065e-05
910 6.7096541961e+00 1.9510603886e-05
911 6.7076113653e+00 1.9582918569e-05
912 6.7055219468e+00 1.9717530074e-05
913 6.7033976304e+00 1.9878870893e-05
914 6.7012731303e+00 2.0088070921e-05
915 6.6991482145e+00 1.9807930769e-05
916 6.6970330707e+00 2.0217298390e-05
917 6.6948596447e+00 2.0546299016e-05
918 6.6926007512e+00 2.0603447915e-05
919 6.6903951058e+00 2.0384369511e-05
920 6.6882186116e+00 2.0514052762e-05
921 6.6859286902e+00 2.0717273554e-05
922 6.6834838712e+00 2.0989253410e-05
923 6.6810057604e+00 2.1087355065e-05
924 6.6785317969e+00 2.0906174877e-05
925 6.6760745708e+00 2.1163555237e-05
926 6.6735650871e+00 2.1179976524e-05
927 6.6710453925e+00 2.1052076472e-05
928 6.6685770585e+00 2.0739552990e-05
929 6.6661718289e+00 2.0517595518e-05
930 6.6637714229e+00 2.0396025219e-05
931 6.6613795218e+00 2.0603391940e-05
932 6.6589537299e+00 2.1042193705e-05
933 6.6564468217e+00 2.1527230775e-05
934 6.6538575634e+00 2.1592970603e-05
935 6.6511788114e+00 2.1683312388e-05
936 6.6484545059e+00 2.1960981605e-05
937 6.6456152389e+00 2.2254220495e-05
938 6.6427329509e+00 2.2362089614e-05
939 6.6398398226e+00 2.2218020505e-05
940 6.6369890406e+00 2.2215825485e-05
941 6.6343121615e+00 2.1804333385e-05
942 6.6317952668e+00 2.1411635395e-05
943 6.6292829253e+00 2.1213872080e-05
944 6.6267915085e+00 2.0658248619e-05
945 6.6243680286e+00 2.0203389684e-05
946 6.6220694472e+00 1.9858734062e-05
947 6.6199410494e+00 1.9729820289e-05
948 6.6178003185e+00 1.9637732056e-05
949 6.6155730187e+00 1.9656633494e-05
950 6.6132940477e+00 1.9531644827e-05
951 6.6110064083e+00 1.9585084733e-05
952 6.6087518181e+00 1.9690579044e-05
953 6.6065000507e+00 1.9545536712e-05
954 6.6042595338e+00 1.9352848390e-05
955 6.6020278879e+00 1.9031730168e-05
956 6.5997802802e+00 1.9007389254e-05
957 6.5975497461e+00 1.9225738877e-05
958 6.5953011521e+00 1.9375500596e-05
959 6.5929717420e+00 1.9739240051e-05
960 6.5906198128e+00 1.9976110498e-05
961 6.5882577364e+00 1.9950054326e-05
962 6.5858467227e+00 2.0311920150e-05
963 6.5833235572e+00 2.0565597498e-05
964 6.5807126881e+00 2.0652942299e-05
965 6.5780696020e+00 2.0661367079e-05
966 6.5754704364e+00 2.0738211842e-05
967 6.5729157125e+00 2.0782487872e-05
968 6.5702990892e+00 2.0979766658e-05
969 6.5675800201e+00 2.1134530395e-05
970 6.5648060013e+00 2.1402502694e-05
971 6.5620177188e+00 2.1749864550e-05
972 6.5591572655e+00 2.1797490639e-05
973 6.5562482550e+00 2.1787651688e-05
974 6.5532524834e+00 2.1587294936e-05
975 6.5502182469e+00 2.1799173711e-05
976 6.5471075034e+00 2.2105222741e-05
977 6.5439334371e+00 2.2643981581e-05
978 6.5407808478e+00 2.3065850408e-05
979 6.5375896243e+00 2.3492327321e-05
980 6.5341930665e+00 2.3742532632e-05
981 6.5306278005e+00 2.3860938656e-05
982 6.5270363048e+00 2.3915848600e-05
983 6.5234520952e+00 2.4057410949e-05
984 6.5199073448e+00 2.4008963429e-05
985 6.5162895870e+00 2.4256868842e-05
986 6.5124896281e+00 2.4901479795e-05
987 6.5085701048e+00 2.5351449406e-05
988 6.5046014334e+00 2.5255043328e-05
989 6.5007574223e+00 2.4781482953e-05
990 6.4970440664e+00 2.4295505990e-05
991 6.4933741117e+00 2.4059272137e-05
992 6.4897782703e+00 2.3778777703e-05
993 6.4862080276e+00 2.3542515962e-05
994 6.4826930308e+00 2.3363231263e-05
995 6.4792306980e+00 2.3049014552e-05
996 6.4758651011e+00 2.2640439728e-05
997 6.4726774569e+00 2.2299073379e-05
998 6.4696521941e+00 2.1690378728e-05
999 6.4667248917e+00 2.1721538041e-05
1000 6.4637592547e+00 2.1931417637e-05
1001 6.4607197810e+00 2.1889963471e-05
1002 6.4577305833e+00 2.1756931256e-05
1003 6.4548653733e+00 2.1431719760e-05
1004 6.4521389079e+00 2.1165834111e-05
1005 6.4493791861e+00 2.1243582734e-05
1006 6.4465134166e+00 2.1290781299e-05
1007 6.4436236444e+00 2.0969507442e-05
1008 6.4407497474e+00 2.1062093895e-05
1009 6.4378954531e+00 2.0731637860e-05
1010 6.4351761417e+00 2.0467058522e-05
1011 6.4326331694e+00 2.0244705729e-05
1012 6.4301400107e+00 2.0280323943e-05
1013 6.4275454945e+00 2.0354808622e-05
1014 6.4248589015e+00 2.0170936050e-05
1015 6.4222055838e+00 1.9981725191e-05
1016 6.4196627686e+00 1.9695889804e-05
1017 6.4172427743e+00 1.9607619463e-05
1018 6.4148369973e+00 1.9685160412e-05
1019 6.4123313034e+00 1.9486535893e-05
1020 6.4097658652e+00 1.9556792135e-05
1021 6.4072161362e+00 1.9188244401e-05
1022 6.4046862255e+00 1.8938098711e-05
1023 6.4021952626e+00 1.8733965953e-05
1024 6.3997815332e+00 1.8709413508e-05
1025 6.3974598219e+00 1.8740132835e-05
1026 6.3952551468e+00 1.8584649603e-05
1027 6.3930537073e+00 1.8449748948e-05
1028 6.3907693458e+00 1.8321846191e-05
1029 6.3884054713e+00 1.8541056210e-05
1030 6.3860010207e+00 1.8586806460e-05
1031 6.3835753370e+00 1.8715156177e-05
1032 6.3811459136e+00 1.8777703811e-05
1033 6.3787358524e+00 1.8534545880e-05
1034 6.3764128661e+00 1.8616427032e-05
1035 6.3741108025e+00 1.8996390688e-05
1036 6.3717342796e+00 1.9176460824e-05
1037 6.3692839490e+00 1.9099260814e-05
1038 6.3668277075e+00 1.9089325708e-05
1039 6.3643094138e+00 1.9229549835e-05
1040 6.3616610608e+00 1.9641107043e-05
1041 6.3588787420e+00 2.0106703155e-05
1042 6.3559234967e+00 2.0614959580e-05
1043 6.3528670175e+00 2.0867611375e-05
1044 6.3497502565e+00 2.1153660187e-05
1045 6.3466301632e+00 2.1221675408e-05
1046 6.3436254771e+00 2.1201905356e-05
1047 6.3406413521e+00 2.1362193186e-05
1048 6.3375099490e+00 2.1752852869e-05
1049 6.3341719064e+00 2.1980262747e-05
1050 6.3308168762e+00 2.1995583148e-05
1051 6.3274984873e+00 2.1820468589e-05
1052 6.3243608663e+00 2.1553434041e-05
1053 6.3213841348e+00 2.1320604078e-05
1054 6.3182993774e+00 2.1545697309e-05
1055 6.3151143591e+00 2.1535193806e-05
1056 6.3118653671e+00 2.1622386023e-05
1057 6.3085940144e+00 2.1565552340e-05
1058 6.3053827201e+00 2.1436913782e-05
1059 6.3022896784e+00 2.1239553218e-05
1060 6.2992882270e+00 2.1441649220e-05
1061 6.2961867251e+00 2.1305581954e-05
1062 6.2930307764e+00 2.1017166419e-05
1063 6.2899586471e+00 2.0862912947e-05
1064 6.2869399137e+00 2.0461760605e-05
1065 6.2839710364e+00 2.0472503424e-05
1066 6.2810238070e+00 2.0446050390e-05
1067 6.2780712587e+00 2.0263155828e-05
1068 6.2751650736e+00 2.0261111801e-05
1069 6.2723333117e+00 2.0348720025e-05
1070 6.2695758273e+00 2.0594083387e-05
1071 6.2667920219e+00 2.0478810653e-05
1072 6.2639578238e+00 2.0025454304e-05
1073 6.2611229823e+00 1.9857553154e-05
1074 6.2582819900e+00 1.9824523442e-05
1075 6.2554021818e+00 1.9909207436e-05
1076 6.2525097591e+00 2.0073733711e-05
1077 6.2495904042e+00 2.0060411641e-05
1078 6.2467228175e+00 2.0204320637e-05
1079 6.2439232772e+00 2.0008136182e-05
1080 6.2412046577e+00 2.0157620560e-05
1081 6.2384060443e+00 2.0223200114e-05
1082 6.2354835507e+00 2.0386971223e-05
1083 6.2325285999e+00 2.0450781214e-05
1084 6.2295606888e+00 2.0532387996e-05
1085 6.2265733954e+00 2.0347920248e-05
1086 6.2236329342e+00 2.0206551182e-05
1087 6.2207517394e+00 2.0173549867e-05
1088 6.2178342051e+00 2.0513739119e-05
1089 6.2149097693e+00 2.0471679473e-05
1090 6.2120190248e+00 2.0184042659e-05
1091 6.2092203627e+00 1.9895985027e-05
1092 6.2065278884e+00 1.9498857159e-05
1093 6.2038376359e+00 1.9557260820e-05
1094 6.2011004516e+00 1.9877449945e-05
1095 6.1982278099e+00 2.0071028045e-05
1096 6.1952671269e+00 2.0448898215e-05
1097 6.1922511176e+00 2.0647981282e-05
1098 6.1892339509e+00 2.0921074699e-05
1099 6.1863240629e+00 2.0961998683e-05
1100 6.1833892826e+00 2.1186452205e-05
1101 6.1802558214e+00 2.1424390732e-05
1102 6.1770359862e+00 2.1395317365e-05
1103 6.1738149851e+00 2.1241645379e-05
1104 6.1706366554e+00 2.0888038446e-05
1105 6.1675207678e+00 2.0871128988e-05
1106 6.1643664884e+00 2.0989398048e-05
1107 6.1611809163e+00 2.1041389951e-05
1108 6.1580124479e+00 2.0905816253e-05
1109 6.1548720525e+00 2.0939108441e-05
1110 6.1517460595e+00 2.0893568026e-05
1111 6.1487015091e+00 2.0551013523e-05
1112 6.1458005191e+00 2.0311848805e-05
1113 6.1430834605e+00 1.9991398626e-05
1114 6.1404309030e+00 2.0050177208e-05
1115 6.1376094684e+00 2.0175534485e-05
1116 6.1346830979e+00 2.0343553493e-05
1117 6.1317922425e+00 2.0073768775e-05
1118 6.1290534981e+00 1.9584474787e-05
1119 6.1264990808e+00 1.9089217422e-05
1120 6.1240219266e+00 1.8917045858e-05
1121 6.1215325859e+00 1.8879112752e-05
1122 6.1190679703e+00 1.8705826270e-05
1123 6.1167211893e+00 1.8318418370e-05
1124 6.1144403598e+00 1.8337523344e-05
1125 6.1121168852e+00 1.8363195890e-05
1126 6.1097129563e+00 1.8448213513e-05
1127 6.1073035488e+00 1.8406404375e-05
1128 6.1048716133e+00 1.8405147899e-05
1129 6.1023692406e+00 1.8813126128e-05
1130 6.0997067658e+00 1.9381480787e-05
1131 6.0969115763e+00 1.9801736139e-05
1132 6.0940618231e+00 2.0138856074e-05
1133 6.0912250871e+00 2.0190479675e-05
1134 6.0884093122e+00 2.0109463761e-05
1135 6.0856446857e+00 2.0122397266e-05
1136 6.0827578393e+00 2.0456251753e-05
1137 6.0797578982e+00 2.0468578381e-05
1138 6.0767544768e+00 2.0257333406e-05
1139 6.0737689454e+00 2.0384306538e-05
1140 6.0708079850e+00 2.0411082968e-05
1141 6.0678733567e+00 2.0422825784e-05
1142 6.0649964777e+00 2.0725935520e-05
1143 6.0619901108e+00 2.0875139792e-05
1144 6.0588108915e+00 2.1135079434e-05
1145 6.0555996966e+00 2.1259953698e-05
1146 6.0524009802e+00 2.1070407303e-05
1147 6.0493267787e+00 2.0882902723e-05
1148 6.0464752036e+00 2.0571414546e-05
1149 6.0436626554e+00 2.0348430618e-05
1150 6.0407419715e+00 2.0313117441e-05
1151 6.0377570555e+00 2.0416314710e-05
1152 6.0347343215e+00 2.0578992257e-05
1153 6.0317420408e+00 2.0382713002e-05
1154 6.0288761390e+00 2.0157604230e-05
1155 6.0261384231e+00 2.0114755032e-05
1156 6.0233334644e+00 2.0368058303e-05
1157 6.0203927120e+00 2.0475843494e-05
1158 6.0173949340e+00 2.0351772081e-05
1159 6.0145055113e+00 2.0014469424e-05
1160 6.0117919080e+00 1.9963217431e-05
1161 6.0091435345e+00 2.0136922212e-05
1162 6.0063135072e+00 2.0304162357e-05
1163 6.0033671431e+00 2.0422856057e-05
1164 6.0004044107e+00 2.0061979212e-05
1165 5.9975925808e+00 1.9827020852e-05
1166 5.9949343631e+00 1.9466689563e-05
1167 5.9922698719e+00 1.9548770261e-05
1168 5.9895488332e+00 1.9510248076e-05
1169 5.9868213058e+00 1.9614697019e-05
1170 5.9841618730e+00 1.9528365309e-05
1171 5.9815720917e+00 1.9487740937e-05
1172 5.9788613587e+00 1.9747402341e-05
1173 5.9760206955e+00 1.9700687543e-05
1174 5.9731889942e+00 1.9430076454e-05
1175 5.9704811317e+00 1.9048840868e-05
1176 5.9678852128e+00 1.8645351531e-05
1177 5.9654098425e+00 1.8436170970e-05
1178 5.9629284112e+00 1.8693690198e-05
1179 5.9603768795e+00 1.8800134885e-05
1180 5.9578974685e+00 1.8597827753e-05
1181 5.9555406713e+00 1.8278889444e-05
1182 5.9532087921e+00 1.8292960187e-05
1183 5.9508361524e+00 1.8214039322e-05
1184 5.9484027256e+00 1.7941489796e-05
1185 5.9459957720e+00 1.7947308148e-05
1186 5.9436518722e+00 1.7758197378e-05
1187 5.9412624011e+00 1.7953025177e-05
1188 5.9388351854e+00 1.7974586784e-05
1189 5.9364109625e+00 1.7962069928e-05
1190 5.9340788970e+00 1.7706214079e-05
1191 5.9318774527e+00 1.7689213625e-05
1192 5.9296636725e+00 1.7662010701e-05
1193 5.9273161362e+00 1.7923360892e-05
1194 5.9248724064e+00 1.7954600956e-05
1195 5.9224300606e+00 1.7890892709e-05
1196 5.9200151521e+00 1.7740595390e-05
1197 5.9176253040e+00 1.7665567854e-05
1198 5.9153043663e+00 1.7581790497e-05
1199 5.9131025081e+00 1.7654814568e-05
1200 5.9108499251e+00 1.7963686854e-05
1201 5.9084335508e+00 1.8044495425e-05
1202 5.9059685334e+00 1.8021524073e-05
1203 5.9035477406e+00 1.7683785417e-05
1204 5.9013097947e+00 1.7277620526e-05
1205 5.8991183632e+00 1.7305397763e-05
1206 5.8968860485e+00 1.7388069683e-05
1207 5.8946027898e+00 1.7215303272e-05
1208 5.8923428301e+00 1.6947618704e-05
1209 5.8901431552e+00 1.6932518657e-05
1210 5.8879768275e+00 1.6953710759e-05
1211 5.8857387998e+00 1.7109866980e-05
1212 5.8833773115e+00 1.7385120341e-05
1213 5.8809358666e+00 1.7775289834e-05
1214 5.8784199806e+00 1.7822928452e-05
1215 5.8758743700e+00 1.7852434954e-05
1216 5.8733283944e+00 1.7835612151e-05
1217 5.8708046902e+00 1.7996054201e-05
1218 5.8682160399e+00 1.8163001860e-05
1219 5.8655679006e+00 1.8468831135e-05
1220 5.8628796364e+00 1.8639780510e-05
1221 5.8601668771e+00 1.8689735856e-05
1222 5.8574482672e+00 1.8730433722e-05
1223 5.8547146103e+00 1.8906196830e-05
1224 5.8520351540e+00 1.8716203235e-05
1225 5.8494283288e+00 1.8525529703e-05
1226 5.8468942717e+00 1.8471698609e-05
1227 5.8443326486e+00 1.8608666689e-05
1228 5.8417131868e+00 1.8389931482e-05
1229 5.8391242789e+00 1.8129621080e-05
1230 5.8366045133e+00 1.7751598204e-05
1231 5.8341582342e+00 1.7496845173e-05
1232 5.8317611579e+00 1.7330780861e-05
1233 5.8293703609e+00 1.7291316643e-05
1234 5.8270115079e+00 1.7364739933e-05
1235 5.8246919773e+00 1.7470844007e-05
1236 5.8224449867e+00 1.7657724632e-05
1237 5.8202409460e+00 1.7795676049e-05
1238 5.8179192508e+00 1.7924895015e-05
1239 5.8154974980e+00 1.7813688966e-05
1240 5.8130672836e+00 1.7819061489e-05
1241 5.8106124814e+00 1.7795817286e-05
1242 5.8081749305e+00 1.7668623341e-05
1243 5.8058227221e+00 1.7461687855e-05
1244 5.8035865248e+00 1.7333402091e-05
1245 5.8013737472e+00 1.7222936024e-05
1246 5.7991837856e+00 1.6945926695e-05
1247 5.7969766078e+00 1.6657666017e-05
1248 5.7948186488e+00 1.6511483900e-05
1249 5.7926813523e+00 1.6273875066e-05
1250 5.7906164009e+00 1.6097180713e-05
1251 5.7885930715e+00 1.5796345598e-05
1252 5.7866222202e+00 1.5833351620e-05
1253 5.7846438134e+00 1.5778055141e-05
1254 5.7826849383e+00 1.5722121682e-05
1255 5.7807658503e+00 1.5460028526e-05
1256 5.7789121350e+00 1.5066337345e-05
1257 5.7771259407e+00 1.4754505102e-05
1258 5.7754122252e+00 1.4739573234e-05
1259 5.7737147481e+00 1.4492381870e-05
1260 5.7720459818e+00 1.4369455047e-05
1261 5.7704541514e+00 1.4213437096e-05
1262 5.7689471217e+00 1.3970711824e-05
1263 5.7674673526e+00 1.4035851000e-05
1264 5.7659727292e+00 1.4015940944e-05
1265 5.7644950865e+00 1.3869277376e-05
1266 5.7630661169e+00 1.3487111925e-05
1267 5.7616895575e+00 1.3419306797e-05
1268 5.7602990004e+00 1.3455709981e-05
1269 5.7588653958e+00 1.3639039090e-05
1270 5.7573971188e+00 1.3686660000e-05
1271 5.7559535175e+00 1.3455659441e-05
1272 5.7545701477e+00 1.3338313500e-05
1273 5.7531926337e+00 1.3350773225e-05
1274 5.7517678076e+00 1.3374153552e-05
1275 5.7503006284e+00 1.3500480189e-05
1276 5.7488631278e+00 1.3556211733e-05
1277 5.7475039000e+00 1.3514303409e-05
1278 5.7461308238e+00 1.3728419622e-05
1279 5.7446289194e+00 1.3913526572e-05
1280 5.7430423445e+00 1.4025497352e-05
1281 5.7414371351e+00 1.4055880717e-05
1282 5.7398842941e+00 1.3952688644e-05
1283 5.7383767552e+00 1.4016378128e-05
1284 5.7367979118e+00 1.4355512040e-05
1285 5.7350634861e+00 1.4719003668e-05
1286 5.7332668406e+00 1.5000104532e-05
1287 5.7314265308e+00 1.5089369431e-05
1288 5.7296036893e+00 1.5141115196e-05
1289 5.7278561399e+00 1.5189485090e-05
1290 5.7261186625e+00 1.5321269991e-05
1291 5.7242154868e+00 1.5601382527e-05
1292 5.7222551701e+00 1.5551033442e-05
1293 5.7203072639e+00 1.5496759986e-05
1294 5.7183996576e+00 1.5436052588e-05
1295 5.7165353365e+00 1.5551484438e-05
1296 5.7146489670e+00 1.5741092051e-05
1297 5.7126721796e+00 1.5893413368e-05
1298 5.7106587199e+00 1.5855700830e-05
1299 5.7086518703e+00 1.5755228879e-05
1300 5.7066714579e+00 1.5827353532e-05
1301 5.7046518942e+00 1.5946632926e-05
1302 5.7025590754e+00 1.6200918936e-05
1303 5.7004638988e+00 1.6176243258e-05
1304 5.6983868822e+00 1.6149329369e-05
1305 5.6963972951e+00 1.6121289743e-05
1306 5.6944230518e+00 1.6221109036e-05
1307 5.6923604186e+00 1.6369915426e-05
1308 5.6902018355e+00 1.6458303091e-05
1309 5.6880081292e+00 1.6533201753e-05
1310 5.6857747809e+00 1.6717362310e-05
1311 5.6835554824e+00 1.6523010623e-05
1312 5.6814274674e+00 1.6520319542e-05
1313 5.6794416332e+00 1.6399538828e-05
1314 5.6774544126e+00 1.6482502094e-05
1315 5.6753392953e+00 1.6531156807e-05
1316 5.6731685706e+00 1.6442673014e-05
1317 5.6710793565e+00 1.6195349512e-05
1318 5.6690814768e+00 1.5827221361e-05
1319 5.6672300874e+00 1.5489126857e-05
1320 5.6654592213e+00 1.5361047880e-05
1321 5.6637040022e+00 1.5053250857e-05
1322 5.6619657503e+00 1.4866101818e-05
1323 5.6602679079e+00 1.4632361688e-05
1324 5.6585547177e+00 1.4638506209e-05
1325 5.6568550610e+00 1.4680960876e-05
1326 5.6551420092e+00 1.4703671041e-05
1327 5.6534434473e+00 1.4692404344e-05
1328 5.6517434172e+00 1.4632898438e-05
1329 5.6500770913e+00 1.4331077250e-05
1330 5.6485259024e+00 1.4038998251e-05
1331 5.6470705655e+00 1.3882480658e-05
1332 5.6456120727e+00 1.3959639323e-05
1333 5.6440740830e+00 1.4017097985e-05
1334 5.6425114137e+00 1.4123041730e-05
1335 5.6409433972e+00 1.4038117723e-05
1336 5.6394103137e+00 1.4255292609e-05
1337 5.6378623321e+00 1.4183553205e-05
1338 5.6362527888e+00 1.4249943383e-05
1339 5.6346182780e+00 1.4122007255e-05
1340 5.6329679534e+00 1.4072264263e-05
1341 5.6313501328e+00 1.4027471031e-05
1342 5.6297608530e+00 1.4131836252e-05
1343 5.6281862877e+00 1.4098147306e-05
1344 5.6266380418e+00 1.4111486432e-05
1345 5.6250891417e+00 1.4081811726e-05
1346 5.6235270331e+00 1.4108165103e-05
1347 5.6219500404e+00 1.4172599362e-05
1348 5.6203740067e+00 1.3995466144e-05
1349 5.6188128528e+00 1.3844033401e-05
1350 5.6172774495e+00 1.3688209194e-05
1351 5.6158059858e+00 1.3489718096e-05
1352 5.6143690221e+00 1.3415441451e-05
1353 5.6129312910e+00 1.3441373967e-05
1354 5.6114828740e+00 1.3439366445e-05
1355 5.6100022582e+00 1.3569264223e-05
1356 5.6085233781e+00 1.3539259081e-05
1357 5.6070911574e+00 1.3199848324e-05
1358 5.6056976432e+00 1.3037063162e-05
1359 5.6043448541e+00 1.2913573126e-05
1360 5.6029654609e+00 1.2991180732e-05
1361 5.6015651496e+00 1.2880345711e-05
1362 5.6001724551e+00 1.2868271391e-05
1363 5.5987909813e+00 1.2797207229e-05
1364 5.5973844875e+00 1.2929662573e-05
1365 5.5960077806e+00 1.2847208197e-05
1366 5.5946514714e+00 1.2665921650e-05
1367 5.5933960117e+00 1.2361779688e-05
1368 5.5922266646e+00 1.2182720095e-05
1369 5.5910265015e+00 1.2091268728e-05
1370 5.5897810746e+00 1.2082767857e-05
1371 5.5885440930e+00 1.1929678480e-05
1372 5.5873187265e+00 1.1718462076e-05
1373 5.5861227849e+00 1.1523054026e-05
1374 5.5849819870e+00 1.1277263455e-05
1375 5.5839057353e+00 1.1097818317e-05
1376 5.5828585414e+00 1.1159216809e-05
1377 5.5817936775e+00 1.1138254753e-05
1378 5.5807096674e+00 1.1074069640e-05
1379 5.5796314472e+00 1.0897232235e-05
1380 5.5785721098e+00 1.0757527650e-05
1381 5.5775492973e+00 1.0774991522e-05
1382 5.5765387443e+00 1.0750000002e-05
1383 5.5755225371e+00 1.0743286644e-05
1384 5.5745080112e+00 1.0679094682e-05
1385 5.5734879572e+00 1.0659975810e-05
1386 5.5724520134e+00 1.0775425821e-05
1387 5.5714170766e+00 1.0600499016e-05
1388 5.5703944713e+00 1.0598429129e-05
1389 5.5694133894e+00 1.0518627097e-05
1390 5.5684417376e+00 1.0538395827e-05
1391 5.5674490714e+00 1.0595935803e-05
1392 5.5664005226e+00 1.0599298701e-05
1393 5.5653376562e+00 1.0626084941e-05
1394 5.5642769840e+00 1.0534057723e-05
1395 5.5632103651e+00 1.0551458248e-05
1396 5.5621408187e+00 1.0590925410e-05
1397 5.5610682013e+00 1.0789676128e-05
1398 5.5599938688e+00 1.0940385141e-05
1399 5.5589157355e+00 1.1057386783e-05
1400 5.5577885440e+00 1.1231053271e-05
1401 5.5565864760e+00 1.1362638651e-05
1402 5.5553561351e+00 1.1457327749e-05
1403 5.5541044126e+00 1.1508287025e-05
1404 5.5528341647e+00 1.1633154962e-05
1405 5.5515007368e+00 1.1828202649e-05
1406 5.5500841369e+00 1.2129614814e-05
1407 5.5485701008e+00 1.2505685568e-05
1408 5.5469718855e+00 1.2746286902e-05
1409 5.5453226450e+00 1.2925019931e-05
1410 5.5436403379e+00 1.2988757633e-05
1411 5.5419162069e+00 1.3215311289e-05
1412 5.5401309742e+00 1.3346901704e-05
1413 5.5382941950e+00 1.3644145624e-05
1414 5.5364358905e+00 1.3683575579e-05
1415 5.5345668024e+00 1.3698063565e-05
1416 5.5327307075e+00 1.3916026663e-05
1417 5.5308645846e+00 1.4051438395e-05
1418 5.5289209787e+00 1.4275555121e-05
1419 5.5269479291e+00 1.4151680813e-05
1420 5.5249850626e+00 1.4196243465e-05
1421 5.5229964964e+00 1.4235495699e-05
1422 5.5208995839e+00 1.4314366211e-05
1423 5.5187936168e+00 1.4362867717e-05
1424 5.5166899112e+00 1.4381004627e-05
1425 5.5145436282e+00 1.4390234431e-05
1426 5.5123948329e+00 1.4493579466e-05
1427 5.5103001481e+00 1.4540484256e-05
1428 5.5082852115e+00 1.4805016519e-05
1429 5.5061474691e+00 1.4904830136e-05
1430 5.5038272215e+00 1.5139593768e-05
1431 5.5013941381e+00 1.5231780644e-05
1432 5.4989121982e+00 1.5397404381e-05
1433 5.4963999585e+00 1.5334543897e-05
1434 5.4939390044e+00 1.5253042589e-05
1435 5.4915504798e+00 1.5038969062e-05
1436 5.4891564518e+00 1.5119790898e-05
1437 5.4867832293e+00 1.5133258800e-05
1438 5.4843830094e+00 1.5175225063e-05
1439 5.4819691533e+00 1.5097531602e-05
1440 5.4795899353e+00 1.4992631530e-05
1441 5.4772905338e+00 1.4869214156e-05
1442 5.4750310274e+00 1.4834819275e-05
1443 5.4727715484e+00 1.4954111676e-05
1444 5.4704564215e+00 1.5005186642e-05
1445 5.4681205365e+00 1.5070356495e-05
1446 5.4658228003e+00 1.4941711137e-05
1447 5.4635495611e+00 1.4824354840e-05
1448 5.4612951309e+00 1.4723155384e-05
1449 5.4590216496e+00 1.4813562624e-05
1450 5.4567544389e+00 1.4978151794e-05
1451 5.4544987481e+00 1.5008064212e-05
1452 5.4522247235e+00 1.5025589575e-05
1453 5.4498283336e+00 1.5248211710e-05
1454 5.4473517593e+00 1.5297705895e-05
1455 5.4448124236e+00 1.5331552576e-05
1456 5.4423030070e+00 1.5275763331e-05
1457 5.4398760341e+00 1.5127262678e-05
1458 5.4375868102e+00 1.4916437338e-05
1459 5.4354298626e+00 1.4778635295e-05
1460 5.4332413558e+00 1.4878008158e-05
1461 5.4309327274e+00 1.4823751061e-05
1462 5.4285626594e+00 1.4945595853e-05
1463 5.4261793382e+00 1.4891332682e-05
1464 5.4238391907e+00 1.4820612078e-05
1465 5.4215553018e+00 1.4769310726e-05
1466 5.4193892683e+00 1.4622198702e-05
1467 5.4173486127e+00 1.4420473727e-05
1468 5.4153367955e+00 1.4217018390e-05
1469 5.4132452010e+00 1.4075628794e-05
1470 5.4111365205e+00 1.4157527665e-05
1471 5.4090617170e+00 1.4035153874e-05
1472 5.4070669194e+00 1.4076454739e-05
1473 5.4051000378e+00 1.3931336665e-05
1474 5.4031192433e+00 1.3824813952e-05
1475 5.4010856125e+00 1.3852343791e-05
1476 5.3989939358e+00 1.4125002203e-05
1477 5.3968863188e+00 1.4137879472e-05
1478 5.3948312422e+00 1.4127296544e-05
1479 5.3928521257e+00 1.4189087299e-05
1480 5.3908811864e+00 1.4147313904e-05
1481 5.3888056466e+00 1.4240712994e-05
1482 5.3866718141e+00 1.4242607089e-05
1483 5.3844933905e+00 1.4297229829e-05
1484 5.3823666634e+00 1.4340727195e-05
1485 5.3802932270e+00 1.4138226238e-05
1486 5.3782716393e+00 1.4295575037e-05
1487 5.3762509880e+00 1.4319886883e-05
1488 5.3741125826e+00 1.4418304586e-05
1489 5.3719410995e+00 1.4299382892e-05
1490 5.3697894776e+00 1.4188878185e-05
1491 5.3677437397e+00 1.3970290207e-05
1492 5.3658475927e+00 1.3724882158e-05
1493 5.3640240388e+00 1.3654916080e-05
1494 5.3621448784e+00 1.3634827561e-05
1495 5.3602320239e+00 1.3558794568e-05
1496 5.3583634931e+00 1.3440965684e-05
1497 5.3565653776e+00 1.3199237047e-05
1498 5.3548305023e+00 1.3143198643e-05
1499 5.3531350012e+00 1.3062467824e-05
1500 5.3514194577e+00 1.3018287351e-05
1501 5.3496814677e+00 1.2927322315e-05
1502 5.3478904416e+00 1.2940060934e-05
1503 5.3460906300e+00 1.3049184265e-05
1504 5.3442932091e+00 1.3086847009e-05
1505 5.3424994830e+00 1.3270791306e-05
1506 5.3407482988e+00 1.3185118777e-05
1507 5.3390519995e+00 1.3096976477e-05
1508 5.3373395271e+00 1.3004967888e-05
1509 5.3355890081e+00 1.2946211152e-05
1510 5.3338410951e+00 1.2788511052e-05
1511 5.3321311151e+00 1.2683761617e-05
1512 5.3304610393e+00 1.2558102842e-05
1513 5.3288543444e+00 1.2427954660e-05
1514 5.3273175687e+00 1.2436717047e-05
1515 5.3257932665e+00 1.2531216202e-05
1516 5.3242150357e+00 1.2524034431e-05
1517 5.3226061646e+00 1.2333656647e-05
1518 5.3209888632e+00 1.2441213896e-05
1519 5.3193484652e+00 1.2564955351e-05
1520 5.3176654278e+00 1.2664510271e-05
1521 5.3159733163e+00 1.2556791246e-05
1522 5.3143250783e+00 1.2410437815e-05
1523 5.3127094603e+00 1.2139521276e-05
1524 5.3111165234e+00 1.2158779189e-05
1525 5.3095202136e+00 1.2140085450e-05
1526 5.3079179363e+00 1.2379432815e-05
1527 5.3062694952e+00 1.2619448790e-05
1528 5.3045847135e+00 1.2763644352e-05
1529 5.3029035040e+00 1.2818028823e-05
1530 5.3012162151e+00 1.2782246906e-05
1531 5.2994866691e+00 1.2877140602e-05
1532 5.2977085670e+00 1.2863431628e-05
1533 5.2959286289e+00 1.2764472294e-05
1534 5.2942379230e+00 1.2593084178e-05
1535 5.2926784329e+00 1.2306825730e-05
1536 5.2911654011e+00 1.2156128494e-05
1537 5.2895941229e+00 1.2261660405e-05
1538 5.2879826280e+00 1.2281362447e-05
1539 5.2863522454e+00 1.2303304552e-05
1540 5.2847189810e+00 1.2329953452e-05
1541 5.2831011117e+00 1.2253696927e-05
1542 5.2815131049e+00 1.2222305958e-05
1543 5.2799864656e+00 1.2109091377e-05
1544 5.2785455140e+00 1.2167416137e-05
1545 5.2770868546e+00 1.2197582891e-05
1546 5.2755068458e+00 1.2396121675e-05
1547 5.2738687724e+00 1.2406660185e-05
1548 5.2722642546e+00 1.2419363074e-05
1549 5.2707193747e+00 1.2412537136e-05
1550 5.2692081432e+00 1.2540026359e-05
1551 5.2675976545e+00 1.2583661977e-05
1552 5.2659221699e+00 1.2683617311e-05
1553 5.2642485078e+00 1.2493107197e-05
1554 5.2626274135e+00 1.2380597015e-05
1555 5.2610227387e+00 1.2454577915e-05
1556 5.2593522863e+00 1.2645370791e-05
1557 5.2576205682e+00 1.2838818011e-05
1558 5.2558556943e+00 1.2916892873e-05
1559 5.2540841231e+00 1.2863436216e-05
1560 5.2523192168e+00 1.2863195847e-05
1561 5.2505915621e+00 1.2771783552e-05
1562 5.2489359517e+00 1.2733818907e-05
1563 5.2472805648e+00 1.2973329690e-05
1564 5.2455294684e+00 1.3103676710e-05
1565 5.2437004977e+00 1.3209583605e-05
1566 5.2418280109e+00 1.3193860437e-05
1567 5.2400012427e+00 1.3130132291e-05
1568 5.2382125196e+00 1.3044850371e-05
1569 5.2364067175e+00 1.3318848916e-05
1570 5.2345141026e+00 1.3475951739e-05
1571 5.2325535899e+00 1.3651185817e-05
1572 5.2305574678e+00 1.3593286485e-05
1573 5.2285974968e+00 1.3432813364e-05
1574 5.2266966808e+00 1.3318335920e-05
1575 5.2248321779e+00 1.3227547386e-05
1576 5.2229476703e+00 1.3278852052e-05
1577 5.2210430109e+00 1.3458328584e-05
1578 5.2190936450e+00 1.3568390492e-05
1579 5.2172005337e+00 1.3520125031e-05
1580 5.2154114156e+00 1.3402985502e-05
1581 5.2136493348e+00 1.3394703294e-05
1582 5.2118145906e+00 1.3342224457e-05
1583 5.2099264726e+00 1.3154936690e-05
1584 5.2080774413e+00 1.3118820429e-05
1585 5.2062689726e+00 1.2924895399e-05
1586 5.2045141068e+00 1.2815134824e-05
1587 5.2028052142e+00 1.2674863505e-05
1588 5.2011484467e+00 1.2604323282e-05
1589 5.1994767394e+00 1.2585538876e-05
1590 5.1977931936e+00 1.2567976340e-05
1591 5.1961070905e+00 1.2449874490e-05
1592 5.1944417372e+00 1.2357529196e-05
1593 5.1928003086e+00 1.2315001432e-05
1594 5.1911745438e+00 1.2329554094e-05
1595 5.1895232902e+00 1.2342716844e-05
1596 5.1878965070e+00 1.2209180989e-05
1597 5.1863265543e+00 1.2071913683e-05
1598 5.1848220949e+00 1.2010580126e-05
1599 5.1833442755e+00 1.2102313075e-05
1600 5.1818232414e+00 1.2189374424e-05
1601 5.1802580791e+00 1.2172207253e-05
1602 5.1786666048e+00 1.1996201035e-05
1603 5.1770782338e+00 1.2018723017e-05
1604 5.1754889766e+00 1.1994261906e-05
1605 5.1738928144e+00 1.2109654939e-05
1606 5.1723080245e+00 1.2187482587e-05
1607 5.1707565683e+00 1.2223090437e-05
1608 5.1692504921e+00 1.2195284656e-05
1609 5.1677071035e+00 1.2191876047e-05
1610 5.1661363299e+00 1.2127869234e-05
1611 5.1645780595e+00 1.2076776928e-05
1612 5.1630568121e+00 1.1961410222e-05
1613 5.1615384342e+00 1.2010784970e-05
1614 5.1599848474e+00 1.2068801371e-05
1615 5.1584123203e+00 1.2091276637e-05
1616 5.1568586363e+00 1.1980090883e-05
1617 5.1553961515e+00 1.1894447602e-05
1618 5.1539784718e+00 1.1769455821e-05
1619 5.1525215109e+00 1.1834846996e-05
1620 5.1510172487e+00 1.1790237338e-05
1621 5.1495230816e+00 1.1667114965e-05
1622 5.1480592003e+00 1.1611190079e-05
1623 5.1466432555e+00 1.1612577030e-05
1624 5.1453022938e+00 1.1506902551e-05
1625 5.1439727608e+00 1.1532044111e-05
1626 5.1425536349e+00 1.1534945763e-05
1627 5.1411112316e+00 1.1577162653e-05
1628 5.1396617342e+00 1.1456680402e-05
1629 5.1382151537e+00 1.1329007359e-05
1630 5.1368097114e+00 1.1195044161e-05
1631 5.1354817543e+00 1.1127589380e-05
1632 5.1342367417e+00 1.1130764700e-05
1633 5.1329514742e+00 1.1294824966e-05
1634 5.1315571968e+00 1.1362882574e-05
1635 5.1301444996e+00 1.1172642047e-05
1636 5.1287547610e+00 1.0954583935e-05
1637 5.1274206442e+00 1.0941425508e-05
1638 5.1260958269e+00 1.0757259785e-05
1639 5.1248290989e+00 1.0659534737e-05
1640 5.1235927592e+00 1.0583473861e-05
1641 5.1223476368e+00 1.0601459128e-05
1642 5.1210809487e+00 1.0637431345e-05
1643 5.1198044087e+00 1.0691110128e-05
1644 5.1185319606e+00 1.0666792791e-05
1645 5.1172789539e+00 1.0674101957e-05
1646 5.1160197896e+00 1.0731115796e-05
1647 5.1147456557e+00 1.0744042786e-05
1648 5.1134604123e+00 1.0606529703e-05
1649 5.1122068574e+00 1.0407946549e-05
1650 5.1109852054e+00 1.0269735969e-05
1651 5.1097906768e+00 1.0230265628e-05
1652 5.1086150517e+00 1.0222727023e-05
1653 5.1074708742e+00 1.0178936013e-05
1654 5.1063521892e+00 1.0107436468e-05
1655 5.1052225258e+00 1.0107166576e-05
1656 5.1040422561e+00 1.0232598605e-05
1657 5.1028396540e+00 1.0260357669e-05
1658 5.1016185429e+00 1.0323619834e-05
1659 5.1004037762e+00 1.0381591873e-05
1660 5.0992056819e+00 1.0285408521e-05
1661 5.0980741694e+00 1.0208963555e-05
1662 5.0969310076e+00 1.0314854393e-05
1663 5.0957359342e+00 1.0267247971e-05
1664 5.0945007240e+00 1.0291679275e-05
1665 5.0932719977e+00 1.0274872508e-05
1666 5.0920473181e+00 1.0160849673e-05
1667 5.0908501880e+00 1.0120479213e-05
1668 5.0897102281e+00 1.0041998981e-05
1669 5.0886201913e+00 9.9787498915e-06
1670 5.0874890868e+00 1.0131989105e-05
1671 5.0863105470e+00 1.0214746097e-05
1672 5.0851391498e+00 1.0101314063e-05
1673 5.0840345083e+00 9.8949773017e-06
1674 5.0829509604e+00 9.9536881895e-06
1675 5.0818177517e+00 9.9466248944e-06
1676 5.0806603478e+00 1.0016497698e-05
1677 5.0794841328e+00 1.0142924024e-05
1678 5.0783154460e+00 1.0098073480e-05
1679 5.0771710316e+00 1.0151744363e-05
1680 5.0760075596e+00 1.0370026848e-05
1681 5.0747344442e+00 1.0537707055e-05
1682 5.0733994141e+00 1.0640458253e-05
1683 5.0720131958e+00 1.0724833682e-05
1684 5.0706291985e+00 1.0720186279e-05
1685 5.0692560455e+00 1.0642683451e-05
1686 5.0679170616e+00 1.0464420416e-05
1687 5.0666170455e+00 1.0411304309e-05
1688 5.0653637499e+00 1.0323945954e-05
1689 5.0640856099e+00 1.0406705960e-05
1690 5.0627829414e+00 1.0475295870e-05
1691 5.0614788178e+00 1.0404335659e-05
1692 5.0601847444e+00 1.0358924787e-05
1693 5.0589484891e+00 1.0266509987e-05
1694 5.0577070771e+00 1.0369117855e-05
1695 5.0564117706e+00 1.0480773058e-05
1696 5.0550550551e+00 1.0645072407e-05
1697 5.0536563930e+00 1.0672541296e-05
1698 5.0522477706e+00 1.0634770653e-05
1699 5.0508554483e+00 1.0535591963e-05
1700 5.0495280516e+00 1.0428329149e-05
1701 5.0482611673e+00 1.0328259913e-05
1702 5.0470293197e+00 1.0321511591e-05
1703 5.0458118699e+00 1.0095810311e-05
1704 5.0445862449e+00 9.9503820800e-06
1705 5.0433730060e+00 9.8824177324e-06
1706 5.0421652121e+00 9.7433341221e-06
1707 5.0409601661e+00 9.8015982465e-06
1708 5.0397742148e+00 9.8581019012e-06
1709 5.0385923044e+00 9.8518737265e-06
1710 5.0374629873e+00 9.7121064758e-06
1711 5.0363704863e+00 9.7311063873e-06
1712 5.0352479951e+00 9.7557780569e-06
1713 5.0340691258e+00 9.8088668486e-06
1714 5.0328820549e+00 9.7296850579e-06
1715 5.0317178687e+00 9.6131993204e-06
1716 5.0305814211e+00 9.4544127920e-06
1717 5.0294707516e+00 9.3268155915e-06
1718 5.0283726375e+00 9.4194468372e-06
1719 5.0272812325e+00 9.5234826961e-06
1720 5.0261716372e+00 9.6756273875e-06
1721 5.0250439394e+00 9.7085743715e-06
1722 5.0238976257e+00 9.6889737564e-06
1723 5.0227424946e+00 9.6601642325e-06
1724 5.0216032569e+00 9.6713778288e-06
1725 5.0205023098e+00 9.5535723066e-06
1726 5.0194413102e+00 9.4694522603e-06
1727 5.0183754200e+00 9.4512541139e-06
1728 5.0172756813e+00 9.5012342876e-06
1729 5.0161382718e+00 9.5586224386e-06
1730 5.0150092122e+00 9.5059156030e-06
1731 5.0138661458e+00 9.4678038231e-06
1732 5.0127482142e+00 9.4665514251e-06
1733 5.0116650277e+00 9.4195022295e-06
1734 5.0106252814e+00 9.3322455641e-06
1735 5.0096004526e+00 9.2604486577e-06
1736 5.0085460929e+00 9.2003928392e-06
1737 5.0074798178e+00 9.1543164855e-06
1738 5.0064176493e+00 9.0964465106e-06
1739 5.0053527307e+00 9.1685943860e-06
1740 5.0042918113e+00 9.1830204338e-06
1741 5.0032378983e+00 9.0944991057e-06
1742 5.0022157795e+00 8.9616937110e-06
1743 5.0012526170e+00 8.9041343216e-06
1744 5.0003381852e+00 8.8186530851e-06
1745 4.9994159488e+00 8.8031917926e-06
1746 4.9984506323e+00 8.8366795440e-06
1747 4.9974899922e+00 8.8459517665e-06
1748 4.9965395421e+00 8.7156362963e-06
1749 4.9956258226e+00 8.6573120676e-06
1750 4.9947346893e+00 8.6372916463e-06
1751 4.9938157779e+00 8.5606391500e-06
1752 4.9928868070e+00 8.5106338394e-06
1753 4.9919600488e+00 8.4453169026e-06
1754 4.9910537806e+00 8.3885105554e-06
1755 4.9901527799e+00 8.4014274677e-06
1756 4.9892308820e+00 8.5950386109e-06
1757 4.9882586050e+00 8.8096652677e-06
1758 4.9872350175e+00 9.0293489386e-06
1759 4.9861770380e+00 9.0797632886e-06
1760 4.9851253144e+00 9.0549612669e-06
1761 4.9841352861e+00 8.9816922069e-06
1762 4.9831665521e+00 9.0208760652e-06
1763 4.9821263503e+00 9.1956670623e-06
1764 4.9810048287e+00 9.3656443274e-06
1765 4.9798370769e+00 9.5025775321e-06
1766 4.9786448586e+00 9.6087447394e-06
1767 4.9774290924e+00 9.6732579402e-06
1768 4.9762501743e+00 9.6534754645e-06
1769 4.9751443396e+00 9.6804792438e-06
1770 4.9740081262e+00 9.7572482651e-06
1771 4.9727557373e+00 9.9559760306e-06
1772 4.9714511435e+00 1.0142817426e-05
1773 4.9700983512e+00 1.0155102877e-05
1774 4.9687389492e+00 1.0170379604e-05
1775 4.9673917840e+00 1.0298276380e-05
1776 4.9660312837e+00 1.0555535017e-05
1777 4.9645790423e+00 1.0861561268e-05
1778 4.9630503740e+00 1.1001142729e-05
1779 4.9614808564e+00 1.1085550247e-05
1780 4.9599050345e+00 1.1321276775e-05
1781 4.9582423932e+00 1.1556854387e-05
1782 4.9565000752e+00 1.1766788491e-05
1783 4.9546833798e+00 1.1778608483e-05
1784 4.9528353889e+00 1.1815394123e-05
1785 4.9509792563e+00 1.1917713249e-05
1786 4.9490551850e+00 1.2148538986e-05
1787 4.9471027363e+00 1.2226689932e-05
1788 4.9451339769e+00 1.2232958310e-05
1789 4.9431717355e+00 1.2259169673e-05
1790 4.9412066727e+00 1.2319537422e-05
1791 4.9392276068e+00 1.2345626321e-05
1792 4.9372056970e+00 1.2508826949e-05
1793 4.9351961035e+00 1.2499017950e-05
1794 4.9331882263e+00 1.2571738386e-05
1795 4.9312775694e+00 1.2386306159e-05
1796 4.9294209287e+00 1.2467895017e-05
1797 4.9275150513e+00 1.2403357312e-05
1798 4.9255806983e+00 1.2265789792e-05
1799 4.9237077442e+00 1.2074226885e-05
1800 4.9218841938e+00 1.2020716766e-05
1801 4.9200434470e+00 1.2077961247e-05
1802 4.9181629766e+00 1.2136077977e-05
1803 4.9162358574e+00 1.2144531910e-05
1804 4.9143326062e+00 1.2016616534e-05
1805 4.9124225470e+00 1.2052756531e-05
1806 4.9105160133e+00 1.2052092937e-05
1807 4.9085948416e+00 1.2109699460e-05
1808 4.9066473058e+00 1.2333718221e-05
1809 4.9046529917e+00 1.2423668119e-05
1810 4.9027006876e+00 1.2404464552e-05
1811 4.9008567155e+00 1.2218229121e-05
1812 4.8990799804e+00 1.2111931514e-05
1813 4.8972530829e+00 1.2170655762e-05
1814 4.8953459447e+00 1.2264071483e-05
1815 4.8933989714e+00 1.2323200910e-05
1816 4.8914644160e+00 1.2228006478e-05
1817 4.8895445829e+00 1.2081480479e-05
1818 4.8877238636e+00 1.1862444136e-05
1819 4.8859752104e+00 1.1670312048e-05
1820 4.8842624447e+00 1.1666580252e-05
1821 4.8825286755e+00 1.1548074347e-05
1822 4.8808340038e+00 1.1458906730e-05
1823 4.8792197457e+00 1.1081885430e-05
1824 4.8776945336e+00 1.0816963610e-05
1825 4.8762308546e+00 1.0751231185e-05
1826 4.8747617997e+00 1.0860248186e-05
1827 4.8732543821e+00 1.0946844565e-05
1828 4.8717860307e+00 1.0749909075e-05
1829 4.8704088931e+00 1.0527622253e-05
1830 4.8690732555e+00 1.0415697288e-05
1831 4.8677057040e+00 1.0428839094e-05
1832 4.8662967574e+00 1.0491930454e-05
1833 4.8648936374e+00 1.0362189345e-05
1834 4.8635031893e+00 1.0333215203e-05
1835 4.8621690281e+00 1.0163851483e-05
1836 4.8609038512e+00 9.9044632922e-06
1837 4.8597308448e+00 9.9189975437e-06
1838 4.8585454802e+00 9.8395062174e-06
1839 4.8572975094e+00 9.8547294774e-06
1840 4.8560608553e+00 9.8855005800e-06
1841 4.8548586267e+00 9.7757592583e-06
1842 4.8537106633e+00 9.8223974642e-06
1843 4.8525279323e+00 9.8331996341e-06
1844 4.8513118234e+00 9.7681856312e-06
1845 4.8500917183e+00 9.6063267500e-06
1846 4.8489265964e+00 9.3503674910e-06
1847 4.8478227540e+00 9.1950901472e-06
1848 4.8467257198e+00 9.2832425482e-06
1849 4.8456316154e+00 9.2277850559e-06
1850 4.8445611693e+00 9.2002253431e-06
1851 4.8435060692e+00 9.0722879326e-06
1852 4.8424384940e+00 9.0743408348e-06
1853 4.8413461185e+00 9.1040575398e-06
1854 4.8402568142e+00 9.0723579918e-06
1855 4.8391703502e+00 8.9860825199e-06
1856 4.8380829994e+00 9.0535062044e-06
1857 4.8369783461e+00 9.0418333386e-06
1858 4.8358884082e+00 9.0265021257e-06
1859 4.8348291193e+00 8.9478503455e-06
1860 4.8338367097e+00 8.8290975524e-06
1861 4.8328714907e+00 8.8160173161e-06
1862 4.8318823961e+00 8.8564449637e-06
1863 4.8308640615e+00 8.7545371042e-06
1864 4.8298697162e+00 8.5808403507e-06
1865 4.8289231037e+00 8.3371093441e-06
1866 4.8280544083e+00 8.1994615172e-06
1867 4.8271984354e+00 8.1785440996e-06
1868 4.8263120247e+00 8.2283143704e-06
1869 4.8254082000e+00 8.1961024713e-06
1870 4.8245145442e+00 8.2036740299e-06
1871 4.8236669468e+00 8.2384121267e-06
1872 4.8228299349e+00 8.2679717532e-06
1873 4.8219373749e+00 8.4119329186e-06
1874 4.8209839185e+00 8.4158601265e-06
1875 4.8200273824e+00 8.3787856071e-06
1876 4.8191004665e+00 8.2989364838e-06
1877 4.8181882384e+00 8.3039898225e-06
1878 4.8172581514e+00 8.4122239301e-06
1879 4.8162860171e+00 8.4605004278e-06
1880 4.8153028696e+00 8.5612703801e-06
1881 4.8143093915e+00 8.4842685141e-06
1882 4.8133176798e+00 8.5044348823e-06
1883 4.8123544854e+00 8.3641793155e-06
1884 4.8114324229e+00 8.1968466131e-06
1885 4.8105927557e+00 8.0380979614e-06
1886 4.8097719472e+00 8.0522617899e-06
1887 4.8089121158e+00 8.0390187173e-06
1888 4.8080277384e+00 8.0376564496e-06
1889 4.8071394725e+00 8.0734861188e-06
1890 4.8062544988e+00 8.0986690888e-06
1891 4.8053941851e+00 8.0854228441e-06
1892 4.8045477778e+00 8.1565814612e-06
1893 4.8036421250e+00 8.2796899371e-06
1894 4.8026832327e+00 8.3807814679e-06
1895 4.8016891543e+00 8.4029984866e-06
1896 4.8006925834e+00 8.3760900085e-06
1897 4.7997141528e+00 8.3043834177e-06
1898 4.7987548411e+00 8.2776220119e-06
1899 4.7978075647e+00 8.3446646278e-06
1900 4.7968638658e+00 8.3625608590e-06
1901 4.7959011948e+00 8.3948212244e-06
1902 4.7949167079e+00 8.5213501146e-06
1903 4.7939115849e+00 8.4553163053e-06
1904 4.7929098193e+00 8.4331196574e-06
1905 4.7919160394e+00 8.3867219959e-06
1906 4.7909297011e+00 8.4120039854e-06
1907 4.7899450577e+00 8.4331933901e-06
1908 4.7889868354e+00 8.3900457996e-06
1909 4.7880707933e+00 8.3523008429e-06
1910 4.7871578456e+00 8.2214281426e-06
1911 4.7862145829e+00 8.1444548865e-06
1912 4.7852758243e+00 8.0388208304e-06
1913 4.7843450916e+00 8.0832090336e-06
1914 4.7834206938e+00 8.1683594925e-06
1915 4.7824998235e+00 8.2354210703e-06
1916 4.7816068069e+00 8.1257988541e-06
1917 4.7807125823e+00 8.0957510317e-06
1918 4.7798047109e+00 8.0997028907e-06
1919 4.7788830658e+00 8.1537593947e-06
1920 4.7779716539e+00 8.2260986588e-06
1921 4.7770743991e+00 8.1631725953e-06
1922 4.7761453323e+00 8.2782980171e-06
1923 4.7751543281e+00 8.4524971523e-06
1924 4.7741274321e+00 8.5402055841e-06
1925 4.7730841247e+00 8.5393677879e-06
1926 4.7720498090e+00 8.6483438015e-06
1927 4.7710451393e+00 8.6416332227e-06
1928 4.7700424278e+00 8.7736735485e-06
1929 4.7689755444e+00 8.9214496468e-06
1930 4.7678293269e+00 8.9906131481e-06
1931 4.7666459133e+00 9.0523746221e-06
1932 4.7654465689e+00 9.1186952369e-06
1933 4.7642493817e+00 9.1109073447e-06
1934 4.7630831921e+00 9.1496771282e-06
1935 4.7619113331e+00 9.2552983151e-06
1936 4.7607030762e+00 9.3109611095e-06
1937 4.7594966685e+00 9.3158650464e-06
1938 4.7582931686e+00 9.2509558614e-06
1939 4.7570845114e+00 9.4154546526e-06
1940 4.7558433882e+00 9.5382910820e-06
1941 4.7545550014e+00 9.5662331891e-06
1942 4.7532410031e+00 9.5776429757e-06
1943 4.7519576452e+00 9.4301477025e-06
1944 4.7507115388e+00 9.3953752319e-06
1945 4.7494927359e+00 9.4589452132e-06
1946 4.7482439880e+00 9.4437402068e-06
1947 4.7469627868e+00 9.4106223641e-06
1948 4.7456748732e+00 9.3717809220e-06
1949 4.7443811762e+00 9.3892670921e-06
1950 4.7430843600e+00 9.3762198498e-06
1951 4.7417820756e+00 9.4065269903e-06
1952 4.7404797834e+00 9.4562127818e-06
1953 4.7391707270e+00 9.3941615077e-06
1954 4.7378888054e+00 9.4404996353e-06
1955 4.7365884089e+00 9.5141088436e-06
1956 4.7352760735e+00 9.5047301430e-06
1957 4.7340136577e+00 9.5233734625e-06
1958 4.7328495615e+00 9.4100054845e-06
1959 4.7316844803e+00 9.4844492353e-06
1960 4.7304379004e+00 9.4810182445e-06
1961 4.7291527953e+00 9.4961512322e-06
1962 4.7278682930e+00 9.4368299787e-06
1963 4.7265801051e+00 9.4987422570e-06
1964 4.7252820832e+00 9.6008997441e-06
1965 4.7239575554e+00 9.5590870653e-06
1966 4.7226507567e+00 9.6354407423e-06
1967 4.7214032383e+00 9.4227921720e-06
1968 4.7202324096e+00 9.4526356137e-06
1969 4.7190141675e+00 9.5233772045e-06
1970 4.7177130766e+00 9.6982633934e-06
1971 4.7163622365e+00 9.7257106337e-06
1972 4.7149702452e+00 9.7693097041e-06
1973 4.7136006148e+00 9.7287025700e-06
1974 4.7122397177e+00 9.6866018346e-06
1975 4.7109003340e+00 9.6594350886e-06
1976 4.7095799757e+00 9.5886813020e-06
1977 4.7082620118e+00 9.7007031317e-06
1978 4.7069283738e+00 9.7955659343e-06
1979 4.7055660134e+00 9.7412800305e-06
1980 4.7042170218e+00 9.6879272297e-06
1981 4.7028855128e+00 9.6634342423e-06
1982 4.7015502601e+00 9.7396462859e-06
1983 4.7001768349e+00 9.8627590920e-06
1984 4.6987661564e+00 9.9978142985e-06
1985 4.6973289451e+00 9.9835290459e-06
1986 4.6958987847e+00 9.9105327171e-06
1987 4.6945010213e+00 9.8935093179e-06
1988 4.6931508918e+00 9.7488268463e-06
1989 4.6918183241e+00 9.8889920669e-06
1990 4.6904766216e+00 9.9555582297e-06
1991 4.6891246836e+00 9.9417190489e-06
1992 4.6877635695e+00 9.9663218418e-06
1993 4.6863726206e+00 1.0070414410e-05
1994 4.6849095355e+00 1.0071596796e-05
1995 4.6834387793e+00 1.0027801843e-05
1996 4.6820152419e+00 9.9633490466e-06
1997 4.6806556147e+00 9.7774193563e-06
1998 4.6793726863e+00 9.7307509603e-06
1999 4.6780769037e+00 9.8025479905e-06
