iter rel_error rel_residual
0 3.1498083188e+00 5.0508503887e-01
1 4.1003786445e+00 1.5940441283e-01
2 2.6152465106e+00 6.9162757817e-02
3 1.9399834947e+00 4.8861502566e-02
4 1.6685360258e+00 3.2164875409e-02
5 1.7128404824e+00 2.7158312373e-02
6 1.7532618569e+00 2.9159765508e-02
7 1.6768475029e+00 2.0816551664e-02
8 1.6058222563e+00 1.5847334086e-02
9 1.5482679984e+00 1.3219508353e-02
10 1.5264256095e+00 1.2855181960e-02
11 1.4554458770e+00 1.3778372348e-02
12 1.3863932641e+00 1.1340230316e-02
13 1.3217858811e+00 7.3053295017e-03
14 1.2492593652e+00 7.2389736774e-03
15 1.2072537219e+00 7.1239782298e-03
16 1.1462470104e+00 6.8739603513e-03
17 1.0850353794e+00 6.4814461100e-03
18 1.0319393490e+00 5.6656883316e-03
19 9.9389350443e-01 4.5297341387e-03
20 9.6611600269e-01 3.5631292166e-03
21 9.3756971286e-01 3.8233541580e-03
22 9.1870341237e-01 3.8525336227e-03
23 8.9400880788e-01 3.6701999903e-03
24 8.8058615296e-01 3.5473682413e-03
25 8.7187739600e-01 3.0858053691e-03
26 8.5685939071e-01 3.8189673063e-03
27 8.3579552827e-01 3.7470386412e-03
28 8.0281939958e-01 3.2532105871e-03
29 7.6016746507e-01 3.1048872017e-03
30 7.2854917151e-01 2.1654811824e-03
31 6.9965976358e-01 2.1286372849e-03
32 6.8472286710e-01 2.4657499070e-03
33 6.8506083151e-01 2.4315221186e-03
34 6.7798039834e-01 2.1715529275e-03
35 6.6962875608e-01 1.8492850001e-03
36 6.5074316453e-01 2.1181115890e-03
37 6.2285358822e-01 2.3659332947e-03
38 5.9459231202e-01 1.6364155490e-03
39 5.5839070524e-01 1.5409910676e-03
40 5.3135939459e-01 1.4985169303e-03
41 5.2130189374e-01 1.8603556016e-03
42 5.1687077455e-01 1.7173640103e-03
43 5.2294191505e-01 1.5904465218e-03
44 5.2326301117e-01 1.4307547703e-03
45 5.1331702412e-01 1.6510502843e-03
46 4.8632965188e-01 1.1248081981e-03
47 4.5769519956e-01 1.4387439556e-03
48 4.3623762738e-01 1.0779651347e-03
49 4.1573178464e-01 1.1922099226e-03
50 4.0412682692e-01 1.1675970736e-03
51 4.1514913837e-01 1.0093034374e-03
52 4.2646134041e-01 1.0861485186e-03
53 4.1714453237e-01 9.3385090318e-04
54 3.9918511811e-01 1.0106738785e-03
55 3.8169255090e-01 8.2949520976e-04
56 3.6815805703e-01 7.5311350985e-04
57 3.6415791381e-01 8.2091022233e-04
58 3.7503785049e-01 6.9799792011e-04
59 3.8627454388e-01 6.6306078042e-04
60 3.8601637366e-01 6.6046378045e-04
61 3.7879917051e-01 7.6162155658e-04
62 3.7094775339e-01 8.7664105038e-04
63 3.6601134556e-01 6.6718375633e-04
64 3.6083077003e-01 5.8172325759e-04
65 3.5762654677e-01 6.7865470619e-04
66 3.5389573375e-01 8.2814264225e-04
67 3.4851288257e-01 4.3302644170e-04
68 3.4276404945e-01 3.8495700025e-04
69 3.4018148763e-01 4.7341121798e-04
70 3.3884707614e-01 3.9230555199e-04
71 3.3636249624e-01 3.3038193138e-04
72 3.3142629165e-01 3.1867895369e-04
73 3.2881909743e-01 2.9363871135e-04
74 3.2828411055e-01 3.0952509864e-04
75 3.2878987224e-01 3.4365696718e-04
76 3.2943644829e-01 2.8361026877e-04
77 3.3078967225e-01 2.9908206569e-04
78 3.3046481110e-01 2.3918260223e-04
79 3.2764434448e-01 2.3243715350e-04
80 3.2224868861e-01 2.7067841868e-04
81 3.1768413240e-01 2.1745867261e-04
82 3.1560847077e-01 2.6118177411e-04
83 3.1527271066e-01 2.7526070036e-04
84 3.1475655274e-01 2.0429843342e-04
85 3.1077429002e-01 2.5098228861e-04
86 3.0501603652e-01 2.6131454642e-04
87 2.9979688400e-01 3.0965376596e-04
88 2.9575710724e-01 3.8925812963e-04
89 2.9168243552e-01 2.2783182080e-04
90 2.8732248613e-01 2.3369160698e-04
91 2.8449028867e-01 2.3312487159e-04
92 2.8249072978e-01 2.7296119731e-04
93 2.8009305058e-01 1.6480872918e-04
94 2.7596083581e-01 1.6268461797e-04
95 2.7075883102e-01 2.5525134498e-04
96 2.6586309266e-01 1.9273376263e-04
97 2.6145795928e-01 2.4559828927e-04
98 2.5690192784e-01 2.1215921545e-04
99 2.5099105767e-01 1.9100735230e-04
100 2.4505045185e-01 1.6932412375e-04
101 2.3918580311e-01 1.4120992039e-04
102 2.3369863124e-01 1.9554275736e-04
103 2.2924510648e-01 2.5279947039e-04
104 2.2592835477e-01 2.6565052563e-04
105 2.2108385870e-01 1.8232603795e-04
106 2.1442145883e-01 1.8162317144e-04
107 2.0855658923e-01 2.2603936521e-04
108 2.0335678016e-01 2.1197319923e-04
109 1.9910303474e-01 1.4055717185e-04
110 1.9480307577e-01 1.8637016394e-04
111 1.9101888844e-01 1.6462957478e-04
112 1.8711476727e-01 1.8386635454e-04
113 1.8243316443e-01 2.2311983407e-04
114 1.7705490547e-01 1.6076653095e-04
115 1.7121515314e-01 1.5825462063e-04
116 1.6512937775e-01 1.5904744874e-04
117 1.5979593736e-01 1.4579821514e-04
118 1.5397567440e-01 1.4638786758e-04
119 1.4923621069e-01 1.3136291093e-04
120 1.4479797945e-01 1.7183920577e-04
121 1.4053074809e-01 1.3815687110e-04
122 1.3602509577e-01 1.0733752314e-04
123 1.3182990251e-01 1.3188474473e-04
124 1.2853182974e-01 9.3071350407e-05
125 1.2531542913e-01 1.4305903723e-04
126 1.2240911567e-01 1.5806891354e-04
127 1.1929774437e-01 1.1384666954e-04
128 1.1624140062e-01 1.4067132244e-04
129 1.1291623912e-01 8.9347022162e-05
130 1.0969470894e-01 1.1501090422e-04
131 1.0694363757e-01 1.1378335116e-04
132 1.0441497955e-01 1.7459073164e-04
133 1.0225236655e-01 1.5255269427e-04
134 1.0006576234e-01 1.2160296469e-04
135 9.7244423698e-02 9.2607969388e-05
136 9.3215380837e-02 8.0257813951e-05
137 8.9087051886e-02 1.0380862698e-04
138 8.5393066890e-02 1.1201253451e-04
139 8.2568466011e-02 1.0006811787e-04
140 8.0192650944e-02 7.5457253231e-05
141 7.7991115274e-02 1.0182463616e-04
142 7.6166613261e-02 7.3275137281e-05
143 7.4225206229e-02 6.5664575563e-05
144 7.1961565173e-02 7.5005814494e-05
145 6.9978377692e-02 6.0814605692e-05
146 6.8860719975e-02 6.5163085234e-05
147 6.8037711831e-02 7.9581847706e-05
148 6.6993046785e-02 7.2043600081e-05
149 6.5513825022e-02 7.0007744486e-05
150 6.3556973263e-02 5.2396671426e-05
151 6.1080406019e-02 7.7804337900e-05
152 5.9100833457e-02 7.9020321824e-05
153 5.7176618215e-02 6.9789643465e-05
154 5.4971140163e-02 5.1091036776e-05
155 5.2435241372e-02 6.3182746116e-05
156 5.0313059185e-02 5.2841033086e-05
157 4.8631417387e-02 5.5977521881e-05
158 4.7290144690e-02 5.1416876824e-05
159 4.5823580693e-02 4.1738487180e-05
160 4.3840946958e-02 6.7258520355e-05
161 4.1969929938e-02 6.4636869600e-05
162 4.0012255383e-02 6.5487705403e-05
163 3.8301916242e-02 5.8804061089e-05
164 3.6971775550e-02 6.6302251907e-05
165 3.5966612290e-02 5.3390431272e-05
166 3.5310228565e-02 4.3800711567e-05
167 3.4350392301e-02 3.7780693470e-05
168 3.2956257152e-02 4.3456437962e-05
169 3.1453931103e-02 3.3801240889e-05
170 2.9939780731e-02 3.6980710774e-05
171 2.8668626497e-02 4.2706022556e-05
172 2.7198857248e-02 4.5435220598e-05
173 2.6081406093e-02 4.9608119589e-05
174 2.4986910060e-02 5.5036938402e-05
175 2.3923142059e-02 4.2541560415e-05
176 2.2533607505e-02 4.4319734514e-05
177 2.0956028027e-02 3.4528349290e-05
178 1.9159213624e-02 2.1324742962e-05
179 1.7482800763e-02 3.7436965703e-05
180 1.6407462272e-02 2.7505620665e-05
181 1.5729967934e-02 2.8751187978e-05
182 1.5324798047e-02 3.2079863580e-05
183 1.4869529774e-02 2.2373764116e-05
184 1.4129029202e-02 1.6427996678e-05
185 1.3315871687e-02 2.1196170556e-05
186 1.2495861731e-02 3.3246899339e-05
187 1.1730955496e-02 2.6387029135e-05
188 1.1110792747e-02 2.1806931068e-05
189 1.0916247007e-02 1.8511958842e-05
190 1.0760191426e-02 1.7349747368e-05
191 1.0596082855e-02 1.5372608284e-05
192 1.0334712602e-02 1.6496957281e-05
193 1.0055119460e-02 1.8139392211e-05
194 9.6263834232e-03 1.3973341478e-05
195 8.8987845377e-03 1.0264721868e-05
196 8.0122121692e-03 1.4222523253e-05
197 7.3752459481e-03 1.2006998750e-05
198 7.0947519166e-03 1.3928376055e-05
199 7.0122826369e-03 1.7206969065e-05
200 6.9597972363e-03 1.3496426857e-05
201 6.7667322414e-03 1.0923392783e-05
202 6.3304760916e-03 1.0619267728e-05
203 5.7930982758e-03 1.4216090330e-05
204 5.3699185340e-03 1.3238279117e-05
205 5.0382178831e-03 1.0387057473e-05
206 4.6957861588e-03 8.9500190666e-06
207 4.4448366706e-03 7.1719931093e-06
208 4.2986637412e-03 7.4495644906e-06
209 4.1614778679e-03 6.6970307824e-06
210 3.9881074475e-03 5.7320128887e-06
211 3.7764922193e-03 5.9011656263e-06
212 3.6012933609e-03 6.4434534290e-06
213 3.4009705236e-03 6.0511826834e-06
214 3.2784063635e-03 5.6768173453e-06
215 3.1454635872e-03 5.4569291154e-06
216 3.0441578552e-03 5.0591018552e-06
217 2.9037374751e-03 4.2527332982e-06
218 2.7378089190e-03 4.9278552083e-06
219 2.4902951053e-03 6.4657228532e-06
220 2.2604659852e-03 6.5038882216e-06
221 2.1013729709e-03 5.0842794819e-06
222 1.9951561524e-03 3.8084168680e-06
223 1.9444174756e-03 2.6684088037e-06
224 1.9039297947e-03 2.9457735574e-06
225 1.8338774346e-03 2.3721787442e-06
226 1.7140245217e-03 2.0600394372e-06
227 1.5967943680e-03 2.9556411176e-06
228 1.5106305942e-03 3.0135983621e-06
229 1.4745486998e-03 3.3032171750e-06
230 1.4894874258e-03 2.5688440586e-06
231 1.5242624643e-03 3.0058605595e-06
232 1.5295007003e-03 2.6748629277e-06
233 1.4739012470e-03 3.7227401556e-06
234 1.4017077906e-03 3.3041917429e-06
235 1.2921390046e-03 2.8465845196e-06
236 1.1756096078e-03 1.5258372865e-06
237 1.0938946803e-03 1.1659861034e-06
238 1.0366233890e-03 1.3462646287e-06
239 9.8176230839e-04 1.4450442608e-06
240 9.3941546751e-04 1.0739589413e-06
241 9.0482627879e-04 1.2283318443e-06
242 8.7438178304e-04 1.2556046816e-06
243 8.4007666051e-04 1.0710941616e-06
244 7.9865935243e-04 1.0226477170e-06
245 7.6160464816e-04 8.4392902728e-07
246 7.3493591672e-04 1.1152556945e-06
247 7.2185456138e-04 1.1215510903e-06
248 7.0588695839e-04 9.5353362933e-07
249 6.8372010109e-04 8.0536146243e-07
250 6.5419754003e-04 7.2174087216e-07
251 6.2346326326e-04 6.4588730505e-07
252 5.9488057120e-04 5.4583740143e-07
253 5.6676219658e-04 6.0340051496e-07
254 5.4728787343e-04 6.8129152237e-07
255 5.2924501435e-04 5.9944452725e-07
256 5.0987800339e-04 4.9119099242e-07
257 4.9031025799e-04 5.1068526668e-07
258 4.7448034453e-04 4.9584066170e-07
259 4.5423031610e-04 4.7665864557e-07
260 4.3855290473e-04 5.9016682529e-07
261 4.2452720187e-04 6.8530558445e-07
262 4.1186004301e-04 6.3724335652e-07
263 3.9792186104e-04 5.3378467603e-07
264 3.8390971050e-04 6.3032065717e-07
265 3.7225148374e-04 6.3871868538e-07
266 3.6023958873e-04 5.2528691695e-07
267 3.3970325456e-04 3.7591732466e-07
268 3.1878574012e-04 4.1477898113e-07
269 3.0610535456e-04 5.1039737829e-07
270 2.9914804395e-04 5.0449262791e-07
271 2.9509754025e-04 4.3036285028e-07
272 2.8939744974e-04 4.1149882083e-07
273 2.8311958611e-04 4.0854057090e-07
274 2.7147439406e-04 4.0083230766e-07
275 2.5558776979e-04 3.3909813847e-07
276 2.3676949236e-04 3.3932628683e-07
277 2.2220031404e-04 3.8366479883e-07
278 2.0861887981e-04 2.5674790584e-07
279 1.9406968606e-04 2.6335755468e-07
280 1.8353966225e-04 2.9169264399e-07
281 1.7524841844e-04 2.7187448622e-07
282 1.6746189664e-04 2.1675625022e-07
283 1.5775097664e-04 2.2303177397e-07
284 1.4598340421e-04 2.6744632684e-07
285 1.3688846595e-04 2.7621979467e-07
286 1.2843254973e-04 1.8812973291e-07
287 1.2053497765e-04 1.8154182045e-07
288 1.1681800135e-04 1.3941530623e-07
289 1.1392898265e-04 1.5093329109e-07
290 1.1011897894e-04 1.3233670570e-07
291 1.0623800016e-04 1.5318170626e-07
292 1.0272395433e-04 2.3172226011e-07
293 1.0000876123e-04 2.0659821844e-07
294 9.4728703248e-05 1.3499913182e-07
295 8.9861816358e-05 1.0968612132e-07
296 8.5492779224e-05 1.2566498843e-07
297 8.1745043409e-05 1.4791501808e-07
298 7.7890851751e-05 1.5551888550e-07
299 7.5397975909e-05 1.2857870765e-07
300 7.2415432427e-05 1.0177490232e-07
301 6.6943700649e-05 1.0998009983e-07
302 6.2023634281e-05 1.2677893857e-07
303 5.8126297118e-05 1.3586331805e-07
304 5.5293304122e-05 1.1698108944e-07
305 5.3134676035e-05 7.4801114281e-08
306 5.0471928227e-05 9.8146023359e-08
307 4.7893697302e-05 8.7168773778e-08
308 4.5067692189e-05 1.0197016017e-07
309 4.2167522626e-05 9.8565456067e-08
310 3.9161058153e-05 8.3115767478e-08
311 3.6755999065e-05 9.4397858997e-08
312 3.4467471921e-05 8.8692301399e-08
313 3.2272779859e-05 6.6498774419e-08
314 3.0583339766e-05 4.9312326905e-08
315 2.9622649874e-05 5.4240449891e-08
316 2.8808524056e-05 7.0765795827e-08
317 2.7718520666e-05 8.9190019622e-08
318 2.6336325173e-05 6.6785217253e-08
319 2.4623181080e-05 4.8275417723e-08
320 2.3147243159e-05 4.2932357088e-08
321 2.2298194040e-05 5.7213018257e-08
322 2.2060440116e-05 5.2470273450e-08
323 2.2133923920e-05 4.2718260604e-08
324 2.2427764151e-05 3.5247952946e-08
325 2.2148466201e-05 3.4568949302e-08
326 2.1266854218e-05 2.7101651627e-08
327 1.9970535095e-05 2.9416535673e-08
328 1.8419839912e-05 2.3409405018e-08
329 1.7344529702e-05 2.2697817555e-08
330 1.7022283174e-05 2.2583587657e-08
331 1.6829907905e-05 2.0098260421e-08
332 1.6190160008e-05 2.0289718655e-08
333 1.5014450053e-05 2.2098541212e-08
334 1.3330182747e-05 2.4327900890e-08
335 1.1890712040e-05 1.8669446795e-08
336 1.0846427371e-05 2.4534861399e-08
337 1.0250990404e-05 2.9277318358e-08
338 9.9034536440e-06 1.9912978492e-08
339 9.5605067606e-06 1.8336631071e-08
340 9.1653258960e-06 1.9467869002e-08
341 8.5644927465e-06 1.5051634981e-08
342 8.4398275791e-06 1.8037542023e-08
343 8.4919734231e-06 1.6383280951e-08
344 8.3276264494e-06 1.4735696296e-08
345 7.9444318444e-06 1.6741510135e-08
346 7.5842103440e-06 1.4401020292e-08
347 7.2073651872e-06 1.3721316524e-08
348 6.8727770060e-06 1.2045220161e-08
349 6.6068297962e-06 1.2758044020e-08
350 6.5017171913e-06 1.1273051001e-08
351 6.5163383750e-06 1.0449906267e-08
352 6.4668261786e-06 7.9242355868e-09
353 6.1433261461e-06 9.0505858710e-09
354 5.8336890120e-06 9.8541477433e-09
355 5.4843754152e-06 8.3631351084e-09
356 5.1386564196e-06 8.8567540079e-09
357 4.6642063728e-06 8.3224854616e-09
358 4.2346021252e-06 7.1347343220e-09
359 3.9574445472e-06 4.3555738870e-09
360 3.7275001843e-06 4.7805923352e-09
361 3.4361095806e-06 4.1833169944e-09
362 3.0821305524e-06 3.8776451623e-09
363 2.7735741230e-06 5.1069237944e-09
364 2.4388004676e-06 6.0516872386e-09
365 2.1296909586e-06 4.7264854689e-09
366 1.9324779121e-06 3.8204836566e-09
367 1.9574117637e-06 3.3074727850e-09
368 1.9725689205e-06 3.2699437178e-09
369 2.0893564092e-06 4.9980135686e-09
370 2.1620679133e-06 7.3134012411e-09
371 2.1695270589e-06 4.8052499238e-09
372 2.0895191980e-06 2.5483074993e-09
373 2.0069447917e-06 2.3984453894e-09
374 1.8719782847e-06 2.2939943872e-09
375 1.7730864464e-06 2.2549931485e-09
376 1.7302955136e-06 2.3488536285e-09
377 1.7181338471e-06 3.0903855940e-09
378 1.6928433369e-06 2.3796133112e-09
379 1.6126118204e-06 1.5750567763e-09
380 1.5291683155e-06 1.8098011270e-09
381 1.4765710144e-06 2.3686346002e-09
382 1.4134382434e-06 1.7233210126e-09
383 1.2945652462e-06 9.6013472256e-10
384 1.1880413722e-06 1.2411396345e-09
385 1.0972667699e-06 1.4506702954e-09
386 1.0194125079e-06 1.5622816187e-09
387 9.4511933831e-07 1.0697000760e-09
388 8.6449819239e-07 9.4649248017e-10
389 7.8790929088e-07 6.9814283396e-10
390 7.1425553837e-07 8.7154171701e-10
391 6.4160894236e-07 9.2769724696e-10
392 5.6565067876e-07 7.3236538459e-10
393 4.9928686238e-07 5.8118876626e-10
394 4.4164552661e-07 5.7275172017e-10
395 3.8114834619e-07 6.8086667032e-10
396 3.3237058729e-07 7.1398328571e-10
397 2.8588348056e-07 5.3473851700e-10
398 2.4161678643e-07 5.3477042581e-10
399 2.2227305412e-07 6.2753717866e-10
400 2.2080552624e-07 4.8491934562e-10
401 2.3164036328e-07 3.6338134143e-10
402 2.4581005409e-07 4.1269801564e-10
403 2.6097640917e-07 3.4586091943e-10
404 2.7573677821e-07 3.9043432099e-10
405 2.7717094723e-07 4.3560111144e-10
406 2.7543828483e-07 4.2056047635e-10
407 2.7441344051e-07 3.4902251066e-10
408 2.7100672630e-07 2.9207185959e-10
409 2.7004911049e-07 2.3284939172e-10
410 2.6605564476e-07 2.9764120993e-10
411 2.6402870056e-07 3.0963231788e-10
412 2.5596637228e-07 2.9894894519e-10
413 2.3944044415e-07 2.1382503965e-10
414 2.1972037696e-07 2.2742435908e-10
415 1.9945950730e-07 2.5830938394e-10
416 1.8084373774e-07 3.4737904751e-10
417 1.6464910351e-07 1.9844587331e-10
418 1.4688947183e-07 1.9514660236e-10
419 1.3326976597e-07 1.7459454156e-10
420 1.2252382488e-07 1.9243235754e-10
421 1.1102006120e-07 3.0115486409e-10
422 1.0113253074e-07 1.5156790069e-10
423 8.9498973123e-08 1.7060941648e-10
424 7.8921643199e-08 2.5638063188e-10
425 6.8799065352e-08 1.6892724604e-10
426 6.0512505687e-08 1.7527145725e-10
427 5.8481779811e-08 2.0998751816e-10
428 6.1013073192e-08 1.6711473298e-10
429 6.5566749643e-08 1.5414850891e-10
430 6.9403363747e-08 1.7157978598e-10
431 7.1575905869e-08 1.5998760125e-10
432 7.3070681166e-08 1.3534092023e-10
433 7.3848717825e-08 1.7304862200e-10
434 7.5145075093e-08 1.3333032823e-10
435 7.5379764985e-08 1.4000160546e-10
436 7.4739356609e-08 1.5564016021e-10
437 7.4422783926e-08 1.0887852685e-10
438 7.3417848607e-08 9.3507933061e-11
