iter rel_error rel_residual
0 2.0340653539e+00 5.4250280120e-01
1 2.9419876459e+00 2.0042408001e-01
2 2.1318215946e+00 6.0482052496e-02
3 1.6168699147e+00 5.4591959663e-02
4 1.3590783075e+00 2.4831352413e-02
5 1.3467707483e+00 2.3272225961e-02
6 1.3923115662e+00 2.3865844368e-02
7 1.3539265206e+00 2.5351589798e-02
8 1.2835050660e+00 1.0849365825e-02
9 1.2340808427e+00 1.1486889038e-02
10 1.2120647163e+00 1.2018483597e-02
11 1.1691055833e+00 1.1914925066e-02
12 1.1162537595e+00 9.1289768989e-03
13 1.0768106864e+00 7.6605249372e-03
14 1.0378806305e+00 7.5824392442e-03
15 1.0219317099e+00 7.1103946197e-03
16 9.8091575096e-01 7.5274185890e-03
17 9.4099696443e-01 7.5675723899e-03
18 9.1424916239e-01 6.3461068191e-03
19 8.9405228447e-01 5.4472438904e-03
20 8.7465409332e-01 4.3713066605e-03
21 8.5126846723e-01 4.2578965360e-03
22 8.3936403456e-01 4.9558304938e-03
23 8.1757778349e-01 4.9880294631e-03
24 8.0530274159e-01 3.5518112800e-03
25 7.9657564407e-01 4.2531917554e-03
26 7.8084598522e-01 4.5419089932e-03
27 7.6324579609e-01 3.9621833868e-03
28 7.3061846740e-01 4.3957506782e-03
29 6.9501272268e-01 3.5819233357e-03
30 6.6701484186e-01 3.5876003511e-03
31 6.3174963620e-01 2.6519218359e-03
32 6.1936125138e-01 3.0940552019e-03
33 6.1369136534e-01 2.4501037079e-03
34 6.0802564839e-01 2.5685324774e-03
35 5.9126327912e-01 2.3650544770e-03
36 5.6942225069e-01 2.7529279740e-03
37 5.4659438914e-01 2.2221001223e-03
38 5.1548311774e-01 2.0006470694e-03
39 4.8380271325e-01 1.8123363180e-03
40 4.6087378526e-01 1.9170769222e-03
41 4.4793274552e-01 2.2532130077e-03
42 4.4542053767e-01 1.7352832590e-03
43 4.4340328489e-01 1.6159068320e-03
44 4.4354829538e-01 1.5798528237e-03
45 4.2902536276e-01 2.3827213786e-03
46 4.0632916614e-01 1.3136463242e-03
47 3.8898553193e-01 1.1789846566e-03
48 3.7128430123e-01 1.3846513464e-03
49 3.5774535865e-01 1.3008904559e-03
50 3.5282121846e-01 1.2445461173e-03
51 3.6417417246e-01 1.2311807847e-03
52 3.7155807702e-01 9.2542425720e-04
53 3.6160907934e-01 1.0031615267e-03
54 3.4866223357e-01 1.1283632349e-03
55 3.3144131942e-01 1.0343402132e-03
56 3.2115168507e-01 8.8744984974e-04
57 3.2367858524e-01 1.0833864411e-03
58 3.3762780429e-01 7.1808361658e-04
59 3.4059169252e-01 8.1025616042e-04
60 3.3485021908e-01 7.5713053592e-04
61 3.2715681298e-01 7.1118867724e-04
62 3.1858343441e-01 8.0676254435e-04
63 3.1179657738e-01 8.4589934648e-04
64 3.0588771910e-01 7.6861520630e-04
65 3.0479922153e-01 7.1552358226e-04
66 3.0359836540e-01 6.3420417155e-04
67 2.9942946056e-01 4.6946707023e-04
68 2.9514140791e-01 5.2070344400e-04
69 2.9332417046e-01 4.6405935141e-04
70 2.9174555163e-01 5.5989570319e-04
71 2.8834240815e-01 4.1474310331e-04
72 2.8465738628e-01 3.4749798036e-04
73 2.8274847657e-01 4.0753515966e-04
74 2.8306654483e-01 3.7289777267e-04
75 2.8336613188e-01 3.5668615429e-04
76 2.8437281363e-01 3.0953595863e-04
77 2.8472194511e-01 3.2173377260e-04
78 2.8184506055e-01 2.5179415527e-04
79 2.7712520877e-01 2.7290012641e-04
80 2.7168884439e-01 3.4068795534e-04
81 2.6841200108e-01 2.5818507085e-04
82 2.6729916715e-01 3.4732667435e-04
83 2.6804807566e-01 3.3837160331e-04
84 2.6822441113e-01 3.0428606309e-04
85 2.6521728496e-01 2.7328088891e-04
86 2.6070707906e-01 4.3065365643e-04
87 2.5658170930e-01 3.5414441286e-04
88 2.5253167907e-01 3.3773092843e-04
89 2.4883066379e-01 3.0301443239e-04
90 2.4618145652e-01 2.0788202935e-04
91 2.4522569359e-01 2.0321319875e-04
92 2.4431764233e-01 2.1639680440e-04
93 2.4220042650e-01 2.4250069760e-04
94 2.3829372120e-01 2.4259511521e-04
95 2.3317765559e-01 2.3888995680e-04
96 2.2823944107e-01 2.1638401475e-04
97 2.2375841591e-01 2.7053242745e-04
98 2.1963724621e-01 2.7658474843e-04
99 2.1558945734e-01 2.3104636051e-04
100 2.1130773289e-01 2.1637689322e-04
101 2.0717085415e-01 1.8939618596e-04
102 2.0303420760e-01 2.8656552211e-04
103 1.9987831256e-01 2.7187292516e-04
104 1.9630845450e-01 2.1317666826e-04
105 1.9154273774e-01 3.0065544933e-04
106 1.8628940250e-01 2.9112495714e-04
107 1.8173151387e-01 2.7422904127e-04
108 1.7799253048e-01 2.4119772957e-04
109 1.7459298833e-01 1.8272607013e-04
110 1.7161335366e-01 2.4572553918e-04
111 1.6839191162e-01 2.9461542591e-04
112 1.6435123755e-01 1.9857709839e-04
113 1.5944197481e-01 2.8838663012e-04
114 1.5504526711e-01 2.5024466820e-04
115 1.5017723337e-01 2.2063478351e-04
116 1.4506853614e-01 2.4124980412e-04
117 1.4112774321e-01 2.6744153252e-04
118 1.3754554777e-01 2.2780918497e-04
119 1.3411681742e-01 2.0166288677e-04
120 1.3018368583e-01 1.2160645320e-04
121 1.2611143473e-01 1.7205503732e-04
122 1.2233128610e-01 1.7945037151e-04
123 1.1899268156e-01 1.4940629493e-04
124 1.1614261194e-01 1.5477813331e-04
125 1.1367358167e-01 1.3872604076e-04
126 1.1076186915e-01 1.4366519671e-04
127 1.0774779320e-01 1.3961300207e-04
128 1.0541230074e-01 1.3590021567e-04
129 1.0321241988e-01 9.1502775184e-05
130 1.0086640413e-01 1.4727719348e-04
131 9.7546570900e-02 1.3056530351e-04
132 9.4891503070e-02 1.5225943984e-04
133 9.2028444664e-02 1.1278070987e-04
134 8.9329805737e-02 9.3677003853e-05
135 8.6353516020e-02 1.0409691621e-04
136 8.2992242617e-02 1.5354177846e-04
137 8.0094478591e-02 1.4720591922e-04
138 7.7130748000e-02 1.1236735906e-04
139 7.4514665294e-02 9.9276925808e-05
140 7.2208789413e-02 6.9856610087e-05
141 6.9968792329e-02 9.6983698731e-05
142 6.8155909714e-02 6.2901942121e-05
143 6.5807306190e-02 8.6928981442e-05
144 6.3829641185e-02 7.8201656388e-05
145 6.2586038522e-02 8.2661963193e-05
146 6.2012440319e-02 1.1399305885e-04
147 6.1308378538e-02 9.8130528126e-05
148 6.0070089475e-02 9.3740870582e-05
149 5.8690706173e-02 9.3971547035e-05
150 5.7180080491e-02 9.2121121300e-05
151 5.5301238488e-02 7.2642339045e-05
152 5.3185208497e-02 7.7163511862e-05
153 5.1511089141e-02 7.6118099966e-05
154 4.9656482535e-02 6.5723338593e-05
155 4.7713136483e-02 8.4695164497e-05
156 4.6204367476e-02 7.1386143147e-05
157 4.5028236000e-02 5.8127033973e-05
158 4.3892338782e-02 6.4825464767e-05
159 4.2522042629e-02 6.6643647077e-05
160 4.0512173622e-02 8.4461032950e-05
161 3.8654486757e-02 7.7502177037e-05
162 3.6344103887e-02 8.1794778853e-05
163 3.4720159189e-02 8.0047390471e-05
164 3.3592991827e-02 8.3029731187e-05
165 3.2958742196e-02 6.7096173162e-05
166 3.2540667122e-02 5.7713133988e-05
167 3.1483228800e-02 5.3879663188e-05
168 2.9807408727e-02 6.7315415877e-05
169 2.8208492630e-02 5.7240578915e-05
170 2.6922417067e-02 6.7951726472e-05
171 2.5710621343e-02 5.4994943802e-05
172 2.4560172466e-02 6.4017753000e-05
173 2.3621524686e-02 6.1319323011e-05
174 2.2681172666e-02 4.2066108693e-05
175 2.1662495086e-02 5.4463425758e-05
176 2.0604809211e-02 5.9047604956e-05
177 1.9475981832e-02 5.0423404660e-05
178 1.7900031166e-02 5.2718353305e-05
179 1.6688356779e-02 4.4366366753e-05
180 1.5830075390e-02 3.9235384852e-05
181 1.5165756843e-02 2.6067068356e-05
182 1.4591934029e-02 3.2071171645e-05
183 1.4055218545e-02 4.3087099832e-05
184 1.3280078468e-02 3.1670675474e-05
185 1.2580126921e-02 2.9945907236e-05
186 1.1913647417e-02 3.3076496575e-05
187 1.1290192873e-02 2.5692967656e-05
188 1.0922479815e-02 1.9215405712e-05
189 1.0715732936e-02 2.3754489963e-05
190 1.0572980816e-02 2.2709599671e-05
191 1.0344485578e-02 3.0752383030e-05
192 1.0032744949e-02 2.0332925399e-05
193 9.6347150928e-03 1.6569944752e-05
194 9.0472628090e-03 1.8592490997e-05
195 8.3446789759e-03 1.8967741439e-05
196 7.6535150673e-03 2.1491236989e-05
197 7.1390760253e-03 1.6831502891e-05
198 6.8942019956e-03 1.3409666448e-05
199 6.8833103781e-03 1.3467486807e-05
200 6.8026468267e-03 1.7649993855e-05
201 6.5424545166e-03 1.6458558567e-05
202 6.1485024244e-03 1.6855420188e-05
203 5.6644514013e-03 1.3528777705e-05
204 5.1645762672e-03 1.1949101619e-05
205 4.7589169846e-03 1.1752067197e-05
206 4.5040896391e-03 1.3905159440e-05
207 4.4267177305e-03 1.3378703181e-05
208 4.3828684641e-03 1.2721742579e-05
209 4.2718467358e-03 1.2051787321e-05
210 4.0808719943e-03 9.0342637491e-06
211 3.7916711735e-03 1.1698238588e-05
212 3.5205894093e-03 1.1132569334e-05
213 3.2668420120e-03 1.2302100986e-05
214 3.0905713081e-03 1.0701382628e-05
215 2.9652084261e-03 8.4193956000e-06
216 2.9330468540e-03 1.0272914441e-05
217 2.8879810175e-03 6.3300343646e-06
218 2.7866334300e-03 8.3637368533e-06
219 2.5742196923e-03 1.0251945883e-05
220 2.3083364332e-03 4.6361573383e-06
221 2.1237741932e-03 6.3200547091e-06
222 2.0271783513e-03 3.8520713911e-06
223 2.0118164470e-03 5.8877978742e-06
224 1.9996412365e-03 4.7027795992e-06
225 1.9585131293e-03 3.6869893380e-06
226 1.8655189518e-03 5.2611687988e-06
227 1.7584468425e-03 4.1237885727e-06
228 1.6673065012e-03 3.7362839723e-06
229 1.5984586133e-03 2.3491257333e-06
230 1.5558300868e-03 2.1549285063e-06
231 1.5237930033e-03 2.8718906282e-06
232 1.4735227065e-03 3.4069075622e-06
233 1.3811693902e-03 2.4056728044e-06
234 1.2785195813e-03 2.9257636068e-06
235 1.1885584222e-03 3.4348761872e-06
236 1.1153022509e-03 3.3659294120e-06
237 1.0506905822e-03 2.3569512950e-06
238 9.9216383242e-04 2.7097245547e-06
239 9.4214934011e-04 2.5087999522e-06
240 9.0130298977e-04 1.4408007182e-06
241 8.6882475993e-04 1.6490453853e-06
242 8.4773694753e-04 2.1618598136e-06
243 8.2715500584e-04 1.5752412601e-06
244 7.9517259932e-04 1.0637849904e-06
245 7.6622121628e-04 1.3576898981e-06
246 7.3989369293e-04 8.2280719845e-07
247 7.2044603704e-04 8.3783569481e-07
248 6.9542152926e-04 1.1996094618e-06
249 6.6659359692e-04 1.3061100274e-06
250 6.3073372349e-04 7.1029795684e-07
251 5.9776356707e-04 7.3521625788e-07
252 5.7649821614e-04 1.0683356791e-06
253 5.6223041947e-04 9.7065651748e-07
254 5.4824633413e-04 9.7707918915e-07
255 5.3411339908e-04 8.5641943471e-07
256 5.1810372556e-04 7.9221758379e-07
257 4.9929012324e-04 8.5788679228e-07
258 4.8281032629e-04 9.3591719109e-07
259 4.6630793467e-04 1.0337922548e-06
260 4.4921045398e-04 7.8205637143e-07
261 4.2901872581e-04 7.9868812691e-07
262 4.1010230557e-04 7.9293292657e-07
263 3.9172525102e-04 9.7315838440e-07
264 3.7613254174e-04 7.9372846561e-07
265 3.5748663402e-04 7.1146238577e-07
266 3.3672671405e-04 6.9568420622e-07
267 3.1435665266e-04 7.6802532154e-07
268 2.9224245995e-04 5.5155775903e-07
269 2.8079198460e-04 5.9951707282e-07
270 2.7516937847e-04 7.3203234317e-07
271 2.7191311071e-04 8.3695900267e-07
272 2.6407267383e-04 5.3103722731e-07
273 2.5286287120e-04 5.8475901023e-07
274 2.4222970111e-04 6.8934774623e-07
275 2.3203025506e-04 5.6874078047e-07
276 2.1978533512e-04 4.0833484480e-07
277 2.0961515631e-04 5.4576244869e-07
278 2.0223103668e-04 4.2842854130e-07
279 1.9287951732e-04 4.4382972464e-07
280 1.8290162021e-04 3.6040189988e-07
281 1.7315198704e-04 3.4978559725e-07
282 1.6575286968e-04 3.9942884310e-07
283 1.5899455346e-04 3.5511951199e-07
284 1.4970182080e-04 3.2856102915e-07
285 1.3871231991e-04 2.5074954241e-07
286 1.3075852805e-04 2.8142420236e-07
287 1.2442116337e-04 3.8822329337e-07
288 1.1938807461e-04 2.9264418983e-07
289 1.1452491464e-04 2.2614868051e-07
290 1.1050030987e-04 1.8865389733e-07
291 1.0419476464e-04 2.7057103534e-07
292 9.8610105389e-05 2.8856775308e-07
293 9.4080024565e-05 2.5030440207e-07
294 8.9371903652e-05 2.5211130160e-07
295 8.4830196933e-05 2.0812361745e-07
296 7.9369867758e-05 1.8459152464e-07
297 7.6119472711e-05 2.2120403569e-07
298 7.2802930089e-05 2.6962515388e-07
299 6.9870645205e-05 2.2295230395e-07
300 6.7991272473e-05 1.4912168707e-07
301 6.4292491328e-05 1.9625624766e-07
302 6.0041200331e-05 2.0809993010e-07
303 5.6123320257e-05 1.7151578735e-07
304 5.2480024825e-05 1.1613201412e-07
305 5.0210910846e-05 1.2495458292e-07
306 4.8965780215e-05 1.2982822024e-07
307 4.6679348757e-05 1.5661089905e-07
308 4.4667472074e-05 1.1546971566e-07
309 4.2647645146e-05 8.6257579824e-08
310 3.9634283903e-05 9.6739578725e-08
311 3.6703820690e-05 7.3221357628e-08
312 3.4014859371e-05 8.5557396451e-08
313 3.1660275381e-05 1.0481946654e-07
314 3.0087099071e-05 1.2602906764e-07
315 2.9111346912e-05 9.3012519132e-08
316 2.8452343745e-05 7.4554305320e-08
317 2.7367155383e-05 5.9441740152e-08
318 2.5855917986e-05 7.7947873148e-08
319 2.3679643341e-05 7.6966051761e-08
320 2.1739289709e-05 7.8185437381e-08
321 2.0312244845e-05 5.3656649640e-08
322 1.9836210456e-05 4.7990327675e-08
323 1.9936678892e-05 6.6635200116e-08
324 1.9874791611e-05 3.7686716976e-08
325 1.9312367479e-05 5.7560743533e-08
326 1.7877130898e-05 4.1503565125e-08
327 1.6559355461e-05 3.0572836118e-08
328 1.5856116471e-05 3.2859016101e-08
329 1.5918726463e-05 4.1220063976e-08
330 1.5940106986e-05 5.2492997529e-08
331 1.6015148026e-05 4.0304294489e-08
332 1.5622637443e-05 3.8643960622e-08
333 1.4290644591e-05 4.0624529102e-08
334 1.2787625877e-05 3.0598503547e-08
335 1.1766077310e-05 2.9059826016e-08
336 1.1138358985e-05 3.5716669738e-08
337 1.0652025630e-05 2.8462386092e-08
338 1.0307763483e-05 3.4167247507e-08
339 9.8182324693e-06 2.9304971202e-08
340 9.1614394394e-06 2.2787457523e-08
341 8.1986088142e-06 2.2976715159e-08
342 7.6268880836e-06 2.1834904316e-08
343 7.3423460972e-06 1.7865208512e-08
344 7.1229139358e-06 2.0063077129e-08
345 6.7354051778e-06 1.6933862888e-08
346 6.3782160569e-06 2.4020124811e-08
347 6.1303457561e-06 2.1245799844e-08
348 5.7243433704e-06 1.5360776904e-08
349 5.3788100394e-06 1.3110220394e-08
350 5.1099613239e-06 1.6497638858e-08
351 4.9270748220e-06 1.3956637422e-08
352 4.6435678297e-06 1.0099772421e-08
353 4.3706697341e-06 1.5767139280e-08
354 4.2530899483e-06 1.4873079215e-08
355 4.1112587353e-06 1.0843447621e-08
356 3.8347001501e-06 9.3250060269e-09
357 3.5068210704e-06 7.0463113780e-09
358 3.3560123913e-06 8.2762963597e-09
359 3.2193074656e-06 6.7511505390e-09
360 3.0787629875e-06 6.0253527032e-09
361 2.7966329777e-06 6.8998364280e-09
362 2.6263761128e-06 7.6345893023e-09
363 2.4703405779e-06 9.4870869928e-09
364 2.3304127324e-06 5.1881128410e-09
365 2.0264540707e-06 4.4931511065e-09
366 1.9577229360e-06 5.0946973370e-09
367 1.9048066433e-06 5.4578924567e-09
368 1.8350428005e-06 5.4190174330e-09
369 1.8390392143e-06 6.0074294758e-09
370 1.7966647599e-06 6.1620030639e-09
371 1.6808024104e-06 4.9503755860e-09
372 1.5704388043e-06 5.2983080581e-09
373 1.4903222008e-06 5.5269936969e-09
374 1.3954802732e-06 5.8733690081e-09
375 1.2998733703e-06 3.7917645451e-09
376 1.2473615364e-06 3.7395847252e-09
377 1.2417360256e-06 4.3618948202e-09
378 1.1922280045e-06 4.4252618172e-09
379 1.1332997153e-06 3.3245527933e-09
380 1.0718143494e-06 2.2048439646e-09
381 1.0147356017e-06 2.1018720773e-09
382 9.3888842234e-07 3.5012152033e-09
383 8.7991300534e-07 3.0406866451e-09
384 8.1146664389e-07 1.4703870903e-09
385 7.5576466000e-07 1.2202042452e-09
386 6.9648859531e-07 1.8647165942e-09
387 6.5219843875e-07 1.8611172628e-09
388 6.1097635447e-07 1.0489588631e-09
389 5.6767021910e-07 7.7361642378e-10
390 5.1802292709e-07 7.9021240779e-10
391 4.7078486925e-07 8.7512456531e-10
392 4.2543562819e-07 1.1688637927e-09
393 3.9473171729e-07 1.0217112133e-09
394 3.6769505868e-07 7.0842229509e-10
395 3.4080518318e-07 8.7347129943e-10
396 3.1434552668e-07 7.5565182590e-10
397 2.8063627407e-07 7.5503688136e-10
398 2.4708001562e-07 8.6972459369e-10
399 2.2123138152e-07 8.9463628846e-10
400 2.0370792739e-07 7.5595131067e-10
401 1.9451063655e-07 5.3691885806e-10
402 1.9613960973e-07 4.5909855538e-10
403 2.0232083453e-07 6.4109482416e-10
404 2.0863985423e-07 7.0186926092e-10
405 2.1166720139e-07 5.1677492038e-10
406 2.0667361881e-07 3.1142160128e-10
407 2.0158980389e-07 4.3867397190e-10
408 1.9097962452e-07 3.3562571827e-10
409 1.8788569107e-07 3.9153021602e-10
410 1.8785602712e-07 2.9730265293e-10
411 1.8909772685e-07 2.7972082772e-10
412 1.8354699941e-07 2.7122601246e-10
413 1.6982580579e-07 3.7212262097e-10
414 1.5705137939e-07 3.7936669092e-10
415 1.4581640284e-07 3.5944513416e-10
416 1.3398447410e-07 1.9037676696e-10
417 1.2175764834e-07 2.4629743787e-10
418 1.1424832124e-07 3.1416666397e-10
419 1.0790783235e-07 2.6535924150e-10
420 1.0357226774e-07 2.3522591186e-10
421 9.8429516859e-08 2.8212904408e-10
422 9.1370394998e-08 2.5307831981e-10
423 8.1751153550e-08 1.6837348289e-10
424 7.2090456936e-08 1.6418238343e-10
425 6.3410555104e-08 2.1056802227e-10
426 5.6847699979e-08 2.0890680064e-10
427 5.2841171611e-08 1.5158737901e-10
428 5.2921603882e-08 1.4053026771e-10
429 5.4141436555e-08 1.5155546128e-10
430 5.4959063382e-08 1.1381432196e-10
431 5.4977466279e-08 1.3490218730e-10
432 5.4839046225e-08 1.8798142277e-10
433 5.5389204022e-08 1.7076452189e-10
434 5.7064420958e-08 1.2791470734e-10
435 5.8695588570e-08 1.0223968498e-10
436 5.9151553088e-08 1.2261559938e-10
437 5.9631888255e-08 1.2293731241e-10
438 5.8867268391e-08 9.9807302989e-11
