matrix=data/matrices/bodyy4.mtx n=17546 seed=123
iter res_d res_f res_ffma res_p32q res_p32n solerr_d solerr_f solerr_ffma solerr_p32q solerr_p32n pAp_d pAp_p32q pAp_p32n rz_d rz_p32q rz_p32n guard_p32q guard_p32n
0 2.3441509199e+03 2.3441415273e+03 2.3441414206e+03 2.3441508057e+03 2.3441316089e+03 5.1672737187e-01 5.1672772297e-01 5.1672772297e-01 5.1672737529e-01 5.1672796449e-01 1.3357275010e+06 1.3357275000e+06 1.3357277500e+06 8.1370976101e+05 8.1370975000e+05 8.1370787500e+05 0 0
1 9.9257295416e+02 9.9256860594e+02 9.9256860594e+02 9.9257288775e+02 9.9256677987e+02 3.3366351070e-01 3.3366368646e-01 3.3366369222e-01 3.3366351354e-01 3.3366375133e-01 4.7694563346e+04 4.7694562500e+04 4.7694332031e+04 4.4894216396e+04 4.4894214844e+04 4.4893982422e+04 0 0
2 5.2366304437e+02 5.2366067257e+02 5.2366058306e+02 5.2366299993e+02 5.2365912099e+02 2.4979792486e-01 2.4979793433e-01 2.4979794161e-01 2.4979792683e-01 2.4979798521e-01 7.1358119567e+03 7.1358115234e+03 7.1357648926e+03 8.2257765238e+03 8.2257758789e+03 8.2257299805e+03 0 0
3 3.1515429844e+02 3.1515355880e+02 3.1515331091e+02 3.1515426530e+02 3.1515184832e+02 2.0466153642e-01 2.0466150890e-01 2.0466152288e-01 2.0466153752e-01 2.0466155508e-01 1.8884078936e+03 1.8884077148e+03 1.8883995972e+03 2.4539650552e+03 2.4539648438e+03 2.4539555664e+03 0 0
4 2.0945074154e+02 2.0945018240e+02 2.0945010780e+02 2.0945071392e+02 2.0944861579e+02 1.7510099667e-01 1.7510096793e-01 1.7510097706e-01 1.7510099799e-01 1.7510100940e-01 6.8439839167e+02 6.8439834595e+02 6.8439682007e+02 9.5122505272e+02 9.5122497559e+02 9.5122232056e+02 0 0
5 1.4728858072e+02 1.4728773127e+02 1.4728761192e+02 1.4728855674e+02 1.4728704171e+02 1.5394896736e-01 1.5394894696e-01 1.5394896013e-01 1.5394896910e-01 1.5394897717e-01 3.0197884978e+02 3.0197882080e+02 3.0197767639e+02 4.4070979603e+02 4.4070974731e+02 4.4070812225e+02 0 0
6 1.0739871133e+02 1.0739769842e+02 1.0739772115e+02 1.0739869409e+02 1.0739738925e+02 1.3780539898e-01 1.3780542351e-01 1.3780542270e-01 1.3780540094e-01 1.3780540859e-01 1.5053250378e+02 1.5053248215e+02 1.5053190994e+02 2.3121997791e+02 2.3121994400e+02 2.3121905518e+02 0 0
7 8.4366893584e+01 8.4366119324e+01 8.4366185882e+01 8.4366877503e+01 8.4365876243e+01 1.2461201029e-01 1.2461204837e-01 1.2461203579e-01 1.2461201234e-01 1.2461201804e-01 8.2163405729e+01 8.2163393021e+01 8.2163060188e+01 1.3392291442e+02 1.3392289352e+02 1.3392238235e+02 0 0
8 6.7879418304e+01 6.7878593223e+01 6.7878632787e+01 6.7879404280e+01 6.7878575240e+01 1.1356770672e-01 1.1356776339e-01 1.1356774703e-01 1.1356770875e-01 1.1356771019e-01 5.2230070404e+01 5.2230062008e+01 5.2229880333e+01 8.7095561844e+01 8.7095547676e+01 8.7095262527e+01 0 0
9 5.3288588275e+01 5.3288024221e+01 5.3288012767e+01 5.3288575720e+01 5.3287757346e+01 1.0426811217e-01 1.0426816327e-01 1.0426815564e-01 1.0426811414e-01 1.0426811496e-01 3.5208156300e+01 3.5208150387e+01 3.5208052158e+01 5.9263619605e+01 5.9263609409e+01 5.9263443947e+01 0 0
10 4.4179373411e+01 4.4178888283e+01 4.4178896572e+01 4.4179362151e+01 4.4178626825e+01 9.6350333048e-02 9.6350362158e-02 9.6350353351e-02 9.6350334918e-02 9.6350337660e-02 2.3871734362e+01 2.3871730089e+01 2.3871655941e+01 4.0232054811e+01 4.0232047558e+01 4.0231915474e+01 0 0
11 3.6850475215e+01 3.6849948455e+01 3.6849910360e+01 3.6850463980e+01 3.6849711602e+01 8.9267603762e-02 8.9267639719e-02 8.9267638143e-02 8.9267605536e-02 8.9267606709e-02 1.6428217940e+01 1.6428215027e+01 1.6428159475e+01 2.8342940079e+01 2.8342934847e+01 2.8342849731e+01 0 0
12 3.1613075338e+01 3.1612472043e+01 3.1612478801e+01 3.1613064048e+01 3.1612312275e+01 8.2773755788e-02 8.2773810130e-02 8.2773806178e-02 8.2773757471e-02 8.2773758762e-02 1.1824330783e+01 1.1824328423e+01 1.1824298739e+01 2.0638777159e+01 2.0638772964e+01 2.0638719082e+01 0 0
13 2.8151390032e+01 2.8150724997e+01 2.8150723913e+01 2.8151378689e+01 2.8150609272e+01 7.6444617828e-02 7.6444707397e-02 7.6444699442e-02 7.6444619275e-02 7.6444621412e-02 8.6745623736e+00 8.6745604873e+00 8.6745368838e+00 1.5763613457e+01 1.5763610125e+01 1.5763566971e+01 0 0
14 2.5512762950e+01 2.5512024681e+01 2.5511984010e+01 2.5512751364e+01 2.5511879043e+01 7.0137416655e-02 7.0137538883e-02 7.0137531721e-02 7.0137417655e-02 7.0137420556e-02 7.0250298417e+00 7.0250283182e+00 7.0250091851e+00 1.3080529689e+01 1.3080527008e+01 1.3080491722e+01 0 0
15 2.2945579152e+01 2.2944752557e+01 2.2944717976e+01 2.2945567529e+01 2.2944671424e+01 6.4239108057e-02 6.4239261274e-02 6.4239256491e-02 6.4239108350e-02 6.4239112535e-02 6.0088268638e+00 6.0088256598e+00 6.0088101625e+00 1.0954999626e+01 1.0954997599e+01 1.0954968452e+01 0 0
16 2.1066712864e+01 2.1065935076e+01 2.1065926383e+01 2.1066701227e+01 2.1065754534e+01 5.8735499643e-02 5.8735647525e-02 5.8735638557e-02 5.8735498922e-02 5.8735504689e-02 4.9617470552e+00 4.9617461562e+00 4.9617318809e+00 9.0777719861e+00 9.0777705312e+00 9.0777445436e+00 0 0
17 1.9181732643e+01 1.9180965143e+01 1.9180967530e+01 1.9181721864e+01 1.9180813398e+01 5.3425907038e-02 5.3426043394e-02 5.3426026019e-02 5.3425905051e-02 5.3425913120e-02 4.1727222538e+00 4.1727216840e+00 4.1727105677e+00 7.8100663764e+00 7.8100654185e+00 7.8100428283e+00 0 0
18 1.7425207539e+01 1.7424459415e+01 1.7424471674e+01 1.7425197842e+01 1.7424316892e+01 4.8419095390e-02 4.8419218171e-02 4.8419193974e-02 4.8419091917e-02 4.8419101466e-02 3.6864082556e+00 3.6864078492e+00 3.6863954067e+00 6.8524044650e+00 6.8524038196e+00 6.8523813188e+00 0 0
19 1.5526278986e+01 1.5525640630e+01 1.5525644070e+01 1.5526270661e+01 1.5525475824e+01 4.3816041637e-02 4.3816128851e-02 4.3816105527e-02 4.3816036523e-02 4.3816046478e-02 3.1714920690e+00 3.1714918166e+00 3.1714818776e+00 5.8558227831e+00 5.8558224440e+00 5.8558041453e+00 0 0
20 1.3763282065e+01 1.3762647881e+01 1.3762653978e+01 1.3763274981e+01 1.3762551422e+01 3.9690592571e-02 3.9690673843e-02 3.9690650160e-02 3.9690585867e-02 3.9690595841e-02 2.7032231481e+00 2.7032230645e+00 2.7032144964e+00 4.9025977568e+00 4.9025976956e+00 4.9025824666e+00 0 0
21 1.2230026069e+01 1.2229441928e+01 1.2229450662e+01 1.2230019994e+01 1.2229378607e+01 3.6018013766e-02 3.6018088327e-02 3.6018064194e-02 3.6018005466e-02 3.6018015590e-02 2.1949921562e+00 2.1949921697e+00 2.1949857473e+00 3.9768024785e+00 3.9768025875e+00 3.9767902493e+00 0 0
22 1.0885070399e+01 1.0884579002e+01 1.0884573395e+01 1.0885065354e+01 1.0884505316e+01 3.2782596041e-02 3.2782650273e-02 3.2782628091e-02 3.2782586346e-02 3.2782595938e-02 1.7915482408e+00 1.7915483415e+00 1.7915424034e+00 3.2092506829e+00 3.2092508972e+00 3.2092406750e+00 0 0
23 9.7762577476e+00 9.7758091428e+00 9.7758028993e+00 9.7762532497e+00 9.7757293429e+00 2.9843726417e-02 2.9843757764e-02 2.9843737235e-02 2.9843715529e-02 2.9843724920e-02 1.4016836490e+00 1.4016837627e+00 1.4016796872e+00 2.5574119461e+00 2.5574121773e+00 2.5574041605e+00 0 0
24 8.8187819155e+00 8.8183742992e+00 8.8183803554e+00 8.8187777837e+00 8.8183111415e+00 2.7147246510e-02 2.7147259080e-02 2.7147236869e-02 2.7147234612e-02 2.7147243227e-02 1.1582181324e+00 1.1582182646e+00 1.1582140177e+00 2.1066699176e+00 2.1066701561e+00 2.1066629738e+00 0 0
25 7.9369031155e+00 7.9365440454e+00 7.9365358743e+00 7.9368997782e+00 7.9364973621e+00 2.4708687151e-02 2.4708690000e-02 2.4708670628e-02 2.4708674515e-02 2.4708682082e-02 9.4689837127e-01 9.4689848647e-01 9.4689569622e-01 1.7218454578e+00 1.7218456566e+00 1.7218406051e+00 0 0
26 7.1932885993e+00 7.1929457227e+00 7.1929497003e+00 7.1932850983e+00 7.1929165540e+00 2.2536132619e-02 2.2536128412e-02 2.2536110454e-02 2.2536119476e-02 2.2536126159e-02 7.7055390453e-01 7.7055399492e-01 7.7055173740e-01 1.3977853822e+00 1.3977855220e+00 1.3977816403e+00 0 0
27 6.6062242566e+00 6.6059191893e+00 6.6059148583e+00 6.6062213417e+00 6.6058913625e+00 2.0576887798e-02 2.0576873336e-02 2.0576854010e-02 2.0576874329e-02 2.0576879924e-02 6.1839538480e-01 6.1839544028e-01 6.1839365587e-01 1.1283924440e+00 1.1283925176e+00 1.1283894852e+00 0 0
28 6.2159972698e+00 6.2157017891e+00 6.2156953450e+00 6.2159941044e+00 6.2156707578e+00 1.8722902249e-02 1.8722873946e-02 1.8722854977e-02 1.8722888646e-02 1.8722893737e-02 5.0523809033e-01 5.0523811206e-01 5.0523693860e-01 9.4081457010e-01 9.4081459194e-01 9.4081230462e-01 0 0
29 5.7123855002e+00 5.7121173355e+00 5.7121129946e+00 5.7123829569e+00 5.7121050642e+00 1.7003752253e-02 1.7003712581e-02 1.7003695559e-02 1.7003738668e-02 1.7003743185e-02 4.3934791285e-01 4.3934791908e-01 4.3934684247e-01 8.0929061855e-01 8.0929061398e-01 8.0928855389e-01 0 0
30 5.3805172868e+00 5.3802672017e+00 5.3802700378e+00 5.3805144655e+00 5.3802383535e+00 1.5381362660e-02 1.5381307026e-02 1.5381290934e-02 1.5381349298e-02 1.5381353539e-02 3.6617741058e-01 3.6617740802e-01 3.6617645063e-01 6.8835383182e-01 6.8835381046e-01 6.8835197389e-01 0 0
31 4.9926467171e+00 4.9924283872e+00 4.9924247578e+00 4.9926442637e+00 4.9923983247e+00 1.3887404808e-02 1.3887334931e-02 1.3887321352e-02 1.3887391831e-02 1.3887395407e-02 3.2234427018e-01 3.2234425656e-01 3.2234337181e-01 5.9705162368e-01 5.9705157951e-01 5.9704996645e-01 0 0
32 4.4917066311e+00 4.4914974844e+00 4.4914966351e+00 4.4917041552e+00 4.4914883277e+00 1.2537132709e-02 1.2537052583e-02 1.2537040412e-02 1.2537120384e-02 1.2537123395e-02 2.8365352839e-01 2.8365350142e-01 2.8365268372e-01 5.1643809303e-01 5.1643802971e-01 5.1643656567e-01 0 0
33 4.0299367517e+00 4.0297576744e+00 4.0297512847e+00 4.0299347499e+00 4.0297570532e+00 1.1345079832e-02 1.1344992765e-02 1.1344982515e-02 1.1345068271e-02 1.1345070539e-02 2.3153323548e-01 2.3153320048e-01 2.3153258301e-01 4.2322839776e-01 4.2322832160e-01 4.2322716862e-01 0 0
34 3.6528027169e+00 3.6526527641e+00 3.6526470201e+00 3.6528005957e+00 3.6526396606e+00 1.0269949040e-02 1.0269850746e-02 1.0269841980e-02 1.0269938466e-02 1.0269940185e-02 1.9171867228e-01 1.9171863236e-01 1.9171813875e-01 3.5334660867e-01 3.5334652476e-01 3.5334555060e-01 0 0
35 3.2643231926e+00 3.2641820321e+00 3.2641789643e+00 3.2643214549e+00 3.2641820594e+00 9.3414807917e-03 9.3413773246e-03 9.3413686223e-03 9.3414713527e-03 9.3414727530e-03 1.6071826909e-01 1.6071822587e-01 1.6071776859e-01 2.9034457221e-01 2.9034448601e-01 2.9034348577e-01 0 0
36 2.9579382229e+00 2.9578159757e+00 2.9578121066e+00 2.9579364293e+00 2.9578189985e+00 8.5232989377e-03 8.5231878967e-03 8.5231792684e-03 8.5232907642e-03 8.5232915940e-03 1.3056285925e-01 1.3056281768e-01 1.3056224305e-01 2.3542281599e-01 2.3542273417e-01 2.3542173579e-01 0 0
37 2.6520015167e+00 2.6518826653e+00 2.6518869807e+00 2.6520000005e+00 2.6518933078e+00 7.7835123602e-03 7.7833976973e-03 7.7833863669e-03 7.7835055338e-03 7.7835055604e-03 1.0383403507e-01 1.0383399576e-01 1.0383355897e-01 1.9087770352e-01 1.9087762665e-01 1.9087687228e-01 0 0
38 2.3916985112e+00 2.3915940857e+00 2.3916006653e+00 2.3916968766e+00 2.3915993756e+00 7.1320089988e-03 7.1318902501e-03 7.1318772811e-03 7.1320035504e-03 7.1320030423e-03 8.7114122982e-02 8.7114085909e-02 8.7113807444e-02 1.5609804798e-01 1.5609797649e-01 1.5609742515e-01 0 0
39 2.1381417662e+00 2.1380542996e+00 2.1380627745e+00 2.1381404826e+00 2.1380549617e+00 6.5468736183e-03 6.5467481384e-03 6.5467330985e-03 6.5468695439e-03 6.5468685824e-03 6.9654135941e-02 6.9654101972e-02 6.9653837476e-02 1.2472752136e-01 1.2472745683e-01 1.2472693622e-01 0 0
40 1.9671148589e+00 1.9670298494e+00 1.9670406975e+00 1.9671134808e+00 1.9670312319e+00 5.9870193829e-03 5.9868873397e-03 5.9868699359e-03 5.9870166542e-03 5.9870155224e-03 5.4001639360e-02 5.4001609795e-02 5.4001346231e-02 1.0008361568e-01 1.0008355835e-01 1.0008306010e-01 0 0
41 1.8034782307e+00 1.8034023316e+00 1.8034124453e+00 1.8034770754e+00 1.8034009352e+00 5.4520044770e-03 5.4518635878e-03 5.4518451196e-03 5.4520031155e-03 5.4520019153e-03 4.6505050847e-02 4.6505023725e-02 4.6504798811e-02 8.5137380749e-02 8.5137328599e-02 8.5136883892e-02 0 0
42 1.6777050869e+00 1.6776294254e+00 1.6776399419e+00 1.6777039060e+00 1.6776290434e+00 4.9190132130e-03 4.9188626401e-03 4.9188438114e-03 4.9190132294e-03 4.9190119667e-03 3.8280341486e-02 3.8280316163e-02 3.8280080073e-02 7.2431392777e-02 7.2431343608e-02 7.2430920787e-02 0 0
43 1.5241992865e+00 1.5241307173e+00 1.5241411980e+00 1.5241984057e+00 1.5241326776e+00 4.4219760193e-03 4.4218163615e-03 4.4217980550e-03 4.4219773864e-03 4.4219757773e-03 3.4531396309e-02 3.4531372599e-02 3.4531199373e-02 6.3545918925e-02 6.3545874786e-02 6.3545572106e-02 0 0
44 1.3920694254e+00 1.3920038224e+00 1.3920144416e+00 1.3920685048e+00 1.3920035923e+00 3.9907757992e-03 3.9906062611e-03 3.9905902126e-03 3.9907783937e-03 3.9907765762e-03 2.8950950571e-02 2.8950930806e-02 2.8950799024e-02 5.2044983279e-02 5.2044946700e-02 5.2044706885e-02 0 0
45 1.2858864527e+00 1.2858244484e+00 1.2858338121e+00 1.2858858067e+00 1.2858274759e+00 3.6135239359e-03 3.6133462349e-03 3.6133328165e-03 3.6135277184e-03 3.6135258190e-03 2.2697719746e-02 2.2697703680e-02 2.2697601700e-02 4.1190837828e-02 4.1190808173e-02 4.1190600488e-02 0 0
46 1.1931106850e+00 1.1930458668e+00 1.1930532110e+00 1.1931099202e+00 1.1930478184e+00 3.2714371249e-03 3.2712525642e-03 3.2712404058e-03 3.2714420867e-03 3.2714401102e-03 1.8501341851e-02 1.8501329003e-02 1.8501217011e-02 3.3832626679e-02 3.3832602203e-02 3.3832402434e-02 0 0
47 1.0867533945e+00 1.0866984713e+00 1.0867054920e+00 1.0867528462e+00 1.0867000962e+00 2.9702020370e-03 2.9700110612e-03 2.9699994960e-03 2.9702081817e-03 2.9702061669e-03 1.5545302601e-02 1.5545291128e-02 1.5545206261e-02 2.7995905934e-02 2.7995885117e-02 2.7995726094e-02 0 0
48 9.9911596677e-01 9.9905848884e-01 9.9906320204e-01 9.9911533839e-01 9.9906113815e-01 2.7066653080e-03 2.7064666597e-03 2.7064571534e-03 2.7066725632e-03 2.7066706813e-03 1.2371829723e-02 1.2371820747e-02 1.2371743564e-02 2.2370128259e-02 2.2370111896e-02 2.2369967075e-02 0 0
49 9.1317386394e-01 9.1312242731e-01 9.1312601746e-01 9.1317338780e-01 9.1312572576e-01 2.4660404176e-03 2.4658339403e-03 2.4658270421e-03 2.4660488592e-03 2.4660469024e-03 1.0097520533e-02 1.0097513208e-02 1.0097448598e-02 1.8450679607e-02 1.8450666219e-02 1.8450550269e-02 0 0
50 8.4295766400e-01 8.4290900527e-01 8.4291186914e-01 8.4295710864e-01 8.4291043721e-01 2.2475135396e-03 2.2472996052e-03 2.2472941908e-03 2.2475232471e-03 2.2475212493e-03 8.2421341534e-03 8.2421283005e-03 8.2420755643e-03 1.5036094070e-02 1.5036083409e-02 1.5035987482e-02 0 0
51 7.6466418964e-01 7.6462185595e-01 7.6462318116e-01 7.6466376434e-01 7.6462303987e-01 2.0463999335e-03 2.0461792864e-03 2.0461743717e-03 2.0464109661e-03 2.0464088596e-03 6.8842897696e-03 6.8842850160e-03 6.8842401961e-03 1.2448687079e-02 1.2448678492e-02 1.2448598747e-02 0 0
52 7.0075186566e-01 7.0071436585e-01 7.0071557799e-01 7.0075138442e-01 7.0071449743e-01 1.8624456160e-03 1.8622186315e-03 1.8622145761e-03 1.8624580231e-03 1.8624558878e-03 5.5622716518e-03 5.5622679065e-03 5.5622311193e-03 1.0116158318e-02 1.0116151418e-02 1.0116084944e-02 0 0
53 6.3778549032e-01 6.3775234931e-01 6.3775281661e-01 6.3778515018e-01 6.3775319484e-01 1.6907168369e-03 1.6904853785e-03 1.6904818297e-03 1.6907307745e-03 1.6907284528e-03 4.5153737115e-03 4.5153706451e-03 4.5153419487e-03 8.3377260914e-03 8.3377204137e-03 8.3376700059e-03 0 0
54 5.9266044593e-01 5.9263078711e-01 5.9263139057e-01 5.9266002739e-01 5.9263228161e-01 1.5288057113e-03 1.5285714134e-03 1.5285673850e-03 1.5288212732e-03 1.5288187166e-03 3.8329450637e-03 3.8329425734e-03 3.8329193485e-03 7.0539484498e-03 7.0539438166e-03 7.0539040025e-03 0 0
55 5.4008476412e-01 5.4005807357e-01 5.4005881855e-01 5.4008450584e-01 5.4006146217e-01 1.3806856307e-03 1.3804496253e-03 1.3804452317e-03 1.3807028896e-03 1.3807001531e-03 3.2409474484e-03 3.2409453415e-03 3.2409307314e-03 5.8822887018e-03 5.8822848951e-03 5.8822546853e-03 0 0
56 5.0315739428e-01 5.0313313638e-01 5.0313408411e-01 5.0315709945e-01 5.0313864691e-01 1.2459817408e-03 1.2457444014e-03 1.2457393213e-03 1.2460006331e-03 1.2459978314e-03 2.6576798765e-03 2.6576781529e-03 2.6576642413e-03 4.8313540931e-03 4.8313510488e-03 4.8313222942e-03 0 0
57 4.6911984878e-01 4.6909685018e-01 4.6909724725e-01 4.6911966728e-01 4.6910292631e-01 1.1211689696e-03 1.1209307551e-03 1.1209253383e-03 1.1211894847e-03 1.1211867685e-03 2.1361194537e-03 2.1361181862e-03 2.1361042745e-03 3.9879359630e-03 3.9879336255e-03 3.9879023097e-03 0 0
58 4.2806163483e-01 4.2804173962e-01 4.2804189627e-01 4.2806140817e-01 4.2804730413e-01 1.0079131156e-03 1.0076739262e-03 1.0076681583e-03 1.0079350847e-03 1.0079324461e-03 1.8723036539e-03 1.8723026442e-03 1.8722831155e-03 3.4385076383e-03 3.4385058098e-03 3.4384688479e-03 0 0
59 3.8453136864e-01 3.8451507079e-01 3.8451538081e-01 3.8453128621e-01 3.8451945108e-01 9.0710101952e-04 9.0686093399e-04 9.0685451176e-04 9.0712432509e-04 9.0712178039e-04 1.5829924765e-03 1.5829916811e-03 1.5829748008e-03 2.8895648742e-03 2.8895634459e-03 2.8895305586e-03 0 0
60 3.4038521957e-01 3.4037202575e-01 3.4037200387e-01 3.4038508192e-01 3.4037574353e-01 8.2117331800e-04 8.2093177196e-04 8.2092504213e-04 8.2119779460e-04 8.2119533289e-04 1.3104273896e-03 1.3104267709e-03 1.3104109385e-03 2.3430471957e-03 2.3430461297e-03 2.3430149886e-03 0 0
61 3.1099902404e-01 3.1098629794e-01 3.1098621409e-01 3.1099898114e-01 3.1098954272e-01 7.4696314689e-04 7.4672021706e-04 7.4671364190e-04 7.4698862443e-04 7.4698616785e-04 1.0246982681e-03 1.0246978200e-03 1.0246827442e-03 1.8480793328e-03 1.8480785948e-03 1.8480507133e-03 0 0
62 2.8262854538e-01 2.8261839913e-01 2.8261748962e-01 2.8262846538e-01 2.8262095053e-01 6.8238274417e-04 6.8213994509e-04 6.8213345757e-04 6.8240895112e-04 6.8240646520e-04 8.2431037599e-04 8.2431010378e-04 8.2429735630e-04 1.4920622157e-03 1.4920617687e-03 1.4920388930e-03 0 0
63 2.4890607085e-01 2.4889722880e-01 2.4889603142e-01 2.4890606863e-01 2.4889831017e-01 6.2547908715e-04 6.2523817827e-04 6.2523183273e-04 6.2550578293e-04 6.2550335560e-04 6.6561595007e-04 6.6561577842e-04 6.6560591222e-04 1.2105931002e-03 1.2105928326e-03 1.2105740898e-03 0 0
64 2.2715927411e-01 2.2715020413e-01 2.2714940872e-01 2.2715922094e-01 2.2715161658e-01 5.7478087305e-04 5.7454204956e-04 5.7453566571e-04 5.7480786666e-04 5.7480548373e-04 5.4487978160e-04 5.4487970192e-04 5.4487072339e-04 9.8048277896e-04 9.8048264044e-04 9.8046596395e-04 0 0
65 2.1065530853e-01 2.1064763993e-01 2.1064672915e-01 2.1065531284e-01 2.1064818043e-01 5.2747821492e-04 5.2724136153e-04 5.2723518102e-04 5.2750531257e-04 5.2750304479e-04 4.2903800776e-04 4.2903796566e-04 4.2903071153e-04 7.8975648799e-04 7.8975640645e-04 7.8974198550e-04 0 0
66 1.9612648352e-01 1.9611749695e-01 1.9611661367e-01 1.9612646248e-01 1.9611885510e-01 4.8222705287e-04 4.8199288344e-04 4.8198675455e-04 4.8225414990e-04 4.8225189371e-04 3.6208819573e-04 3.6208817619e-04 3.6208092934e-04 6.6856600724e-04 6.6856597550e-04 6.6855270416e-04 0 0
67 1.8325463556e-01 1.8324609062e-01 1.8324494200e-01 1.8325460845e-01 1.8324763819e-01 4.3921422236e-04 4.3898324517e-04 4.3897787025e-04 4.3924113768e-04 4.3923890939e-04 3.0430602700e-04 3.0430603510e-04 3.0429987237e-04 5.6620806204e-04 5.6620806572e-04 5.6619674433e-04 0 0
68 1.6389129529e-01 1.6388255424e-01 1.6388161656e-01 1.6389126158e-01 1.6388419444e-01 3.9911320652e-04 3.9888552852e-04 3.9888123007e-04 3.9913981279e-04 3.9913765149e-04 2.6727792850e-04 2.6727792283e-04 2.6727276418e-04 4.8997211449e-04 4.8997210979e-04 4.8996254918e-04 0 0
69 1.5173622829e-01 1.5172806452e-01 1.5172726043e-01 1.5173619652e-01 1.5172967806e-01 3.6319522947e-04 3.6297155254e-04 3.6296761982e-04 3.6322141148e-04 3.6321928701e-04 2.2126521699e-04 2.2126522526e-04 2.2126112890e-04 4.0210657056e-04 4.0210657608e-04 4.0209919098e-04 0 0
70 1.4041663054e-01 1.4040862099e-01 1.4040835567e-01 1.4041657947e-01 1.4041054536e-01 3.2963041363e-04 3.2941068837e-04 3.2940737701e-04 3.2965609876e-04 3.2965406248e-04 1.8058558364e-04 1.8058557907e-04 1.8058223941e-04 3.3671517064e-04 3.3671515848e-04 3.3670861740e-04 0 0
71 1.2723959161e-01 1.2723175431e-01 1.2723165915e-01 1.2723957079e-01 1.2723384869e-01 2.9929616674e-04 2.9908084820e-04 2.9907819854e-04 2.9932124331e-04 2.9931928751e-04 1.5673235427e-04 1.5673234884e-04 1.5672893642e-04 2.8688697498e-04 2.8688696329e-04 2.8688078601e-04 0 0
72 1.1383206640e-01 1.1382474092e-01 1.1382467546e-01 1.1383202682e-01 1.1382709375e-01 2.7181184238e-04 2.7159968585e-04 2.7159774898e-04 2.7183636125e-04 2.7183441611e-04 1.3005457868e-04 1.3005457731e-04 1.3005180517e-04 2.3794328478e-04 2.3794327717e-04 2.3793822766e-04 0 0
73 1.0297189565e-01 1.0296441366e-01 1.0296438201e-01 1.0297187107e-01 1.0296700901e-01 2.4753708196e-04 2.4732736647e-04 2.4732589388e-04 2.4756110840e-04 2.4755915570e-04 1.0800022142e-04 1.0800021846e-04 1.0799799566e-04 1.9412736927e-04 1.9412735855e-04 1.9412324036e-04 0 0
74 9.5540115012e-02 9.5533166535e-02 9.5532917943e-02 9.5540081757e-02 9.5536141056e-02 2.2558094253e-04 2.2537208297e-04 2.2537111778e-04 2.2560456783e-04 2.2560247896e-04 8.5378872753e-05 8.5378866061e-05 8.5376759671e-05 1.5575116758e-04 1.5575114958e-04 1.5574769350e-04 0 0
75 8.6823680934e-02 8.6817336641e-02 8.6817148911e-02 8.6823658525e-02 8.6819857874e-02 2.0543879656e-04 2.0522853450e-04 2.0522836750e-04 2.0546206961e-04 2.0545984944e-04 7.1019345305e-05 7.1019338066e-05 7.1018162998e-05 1.2961676984e-04 1.2961675384e-04 1.2961458560e-04 0 0
76 7.6257591646e-02 7.6251743089e-02 7.6251535454e-02 7.6257548233e-02 7.6254198402e-02 1.8744755289e-04 1.8723349482e-04 1.8723468171e-04 1.8747051444e-04 1.8746822261e-04 5.9878477107e-05 5.9878468164e-05 5.9877405874e-05 1.0686601316e-04 1.0686599489e-04 1.0686402675e-04 0 0
77 6.9034510347e-02 6.9029065153e-02 6.9028781825e-02 6.9034488200e-02 6.9031543795e-02 1.7113605743e-04 1.7091657256e-04 1.7091890033e-04 1.7115868121e-04 1.7115648400e-04 4.6306271796e-05 4.6306260629e-05 4.6305382057e-05 8.3955329498e-05 8.3955310402e-05 8.3953753347e-05 0 0
78 6.3611364811e-02 6.3606422811e-02 6.3606258089e-02 6.3611323560e-02 6.3608564619e-02 1.5628285455e-04 1.5605637107e-04 1.5605969737e-04 1.5630507967e-04 1.5630303085e-04 3.7398774344e-05 3.7398767745e-05 3.7398158383e-05 6.7870718327e-05 6.7870703788e-05 6.7869550548e-05 0 0
79 5.5949472371e-02 5.5944934589e-02 5.5944693205e-02 5.5949445780e-02 5.5946909840e-02 1.4237643759e-04 1.4214236448e-04 1.4214591112e-04 1.4239821410e-04 1.4239641129e-04 3.0841477194e-05 3.0841469197e-05 3.0840890759e-05 5.6522364753e-05 5.6522349041e-05 5.6521275837e-05 0 0
80 5.0787282036e-02 5.0782996845e-02 5.0782785943e-02 5.0787250228e-02 5.0785137908e-02 1.2984556494e-04 1.2960267964e-04 1.2960649791e-04 1.2986685328e-04 1.2986532196e-04 2.5442650454e-05 2.5442643164e-05 2.5442101105e-05 4.5728745266e-05 4.5728731493e-05 4.5727818360e-05 0 0
81 4.8356649874e-02 4.8352312156e-02 4.8352220665e-02 4.8356619246e-02 4.8354589135e-02 1.1789691626e-04 1.1764400483e-04 1.1764844281e-04 1.1791758738e-04 1.1791649980e-04 2.0022096565e-05 2.0022090212e-05 2.0021714590e-05 3.7051574672e-05 3.7051562686e-05 3.7050915125e-05 0 0
82 4.4743115661e-02 4.4739081784e-02 4.4739003721e-02 4.4743083626e-02 4.4741396937e-02 1.0624772166e-04 1.0598352000e-04 1.0598847993e-04 1.0626757959e-04 1.0626712387e-04 1.7291736443e-05 1.7291730728e-05 1.7291487893e-05 3.2526178257e-05 3.2526168070e-05 3.2525726056e-05 0 0
83 3.9949152544e-02 3.9945646087e-02 3.9945523684e-02 3.9949136953e-02 3.9947609577e-02 9.5640889651e-05 9.5367078042e-05 9.5371881614e-05 9.5659765844e-05 9.5660027098e-05 1.5350781790e-05 1.5350776266e-05 1.5350548892e-05 2.8226535311e-05 2.8226526410e-05 2.8226076211e-05 0 0
84 3.6731488339e-02 3.6728258690e-02 3.6728214315e-02 3.6731469394e-02 3.6730296315e-02 8.6115713129e-05 8.5833198631e-05 8.5837699925e-05 8.6133519771e-05 8.6134488133e-05 1.2730761910e-05 1.2730758499e-05 1.2730523849e-05 2.3317921991e-05 2.3317916202e-05 2.3317575142e-05 0 0
85 3.3893332103e-02 3.3890344167e-02 3.3890287489e-02 3.3893324379e-02 3.3892192179e-02 7.7343783007e-05 7.7053795626e-05 7.7058199887e-05 7.7360393091e-05 7.7362170697e-05 1.0393415520e-05 1.0393413504e-05 1.0393333469e-05 1.9434264717e-05 1.9434261048e-05 1.9434067326e-05 0 0
86 2.9943528751e-02 2.9940774163e-02 2.9940777080e-02 2.9943514724e-02 2.9942564377e-02 6.9702767969e-05 6.9408053380e-05 6.9412281950e-05 6.9718152160e-05 6.9720663848e-05 9.2162591114e-06 9.2162581495e-06 9.2161362772e-06 1.6637515542e-05 1.6637513909e-05 1.6637328372e-05 0 0
87 2.7309279628e-02 2.7306860708e-02 2.7306810615e-02 2.7309276785e-02 2.7308395160e-02 6.3269528572e-05 6.2971997569e-05 6.2976306417e-05 6.3283598058e-05 6.3286699583e-05 7.3424338979e-06 7.3424334914e-06 7.3423607319e-06 1.3123117918e-05 1.3123117242e-05 1.3122975361e-05 0 0
88 2.4392720093e-02 2.4390601568e-02 2.4390503722e-02 2.4392712616e-02 2.4391945417e-02 5.7364006618e-05 5.7064638841e-05 5.7068899910e-05 5.7376649295e-05 5.7380217350e-05 5.8119341586e-06 5.8119339883e-06 5.8118730522e-06 1.0727328978e-05 1.0727329027e-05 1.0727205336e-05 0 0
89 2.2123839434e-02 2.2121830381e-02 2.2121739603e-02 2.2123838906e-02 2.2123133460e-02 5.1981617975e-05 5.1681393671e-05 5.1685160012e-05 5.1992877307e-05 5.1996872936e-05 4.9103861839e-06 4.9103864512e-06 4.9103332458e-06 8.9866957380e-06 8.9866962298e-06 8.9866016424e-06 0 0
90 2.0114016253e-02 2.0112219968e-02 2.0112107820e-02 2.0114017875e-02 2.0113329480e-02 4.7024599353e-05 4.6724296010e-05 4.6727547739e-05 4.7034502775e-05 4.7038793909e-05 4.0462189259e-06 4.0462191464e-06 4.0461768549e-06 7.4689371326e-06 7.4689378380e-06 7.4688296081e-06 0 0
91 1.7512105527e-02 1.7510442769e-02 1.7510358833e-02 1.7512106436e-02 1.7511451625e-02 4.2627390859e-05 4.2329057109e-05 4.2331519239e-05 4.2635999427e-05 4.2640411943e-05 3.5087022274e-06 3.5087030028e-06 3.5086259231e-06 6.3101198010e-06 6.3101215346e-06 6.3099755607e-06 0 0
92 1.5432154058e-02 1.5430770607e-02 1.5430702236e-02 1.5432156114e-02 1.5431659401e-02 3.8868960353e-05 3.8573068268e-05 3.8574558077e-05 3.8876408387e-05 3.8880755295e-05 2.7967714088e-06 2.7967723781e-06 2.7967084861e-06 4.9493374281e-06 4.9493391998e-06 4.9492218750e-06 0 0
93 1.3835752111e-02 1.3834464958e-02 1.3834388698e-02 1.3835756318e-02 1.3835245942e-02 3.5499907123e-05 3.5205848858e-05 3.5206275974e-05 3.5506332981e-05 3.5510515403e-05 2.1466721383e-06 2.1466730686e-06 2.1466144062e-06 3.8683682477e-06 3.8683697312e-06 3.8682628656e-06 0 0
94 1.2739622166e-02 1.2738413159e-02 1.2738335478e-02 1.2739625436e-02 1.2739144251e-02 3.2292116139e-05 3.2000449699e-05 3.1999356955e-05 3.2297620856e-05 3.2301528249e-05 1.7031494923e-06 1.7031500192e-06 1.7031056814e-06 3.1645677861e-06 3.1645688523e-06 3.1644790397e-06 0 0
95 1.1611965025e-02 1.1610823088e-02 1.1610768569e-02 1.1611969806e-02 1.1611511446e-02 2.9239832040e-05 2.8951825907e-05 2.8948907828e-05 2.9244356753e-05 2.9247913667e-05 1.4645159026e-06 1.4645164583e-06 1.4644698467e-06 2.7123476070e-06 2.7123485324e-06 2.7122630399e-06 0 0
96 1.0324875931e-02 1.0323816564e-02 1.0323752782e-02 1.0324877899e-02 1.0324463526e-02 2.6434223649e-05 2.6148219067e-05 2.6143631939e-05 2.6437699875e-05 2.6440818128e-05 1.2481084098e-06 1.2481089016e-06 1.2480710438e-06 2.2830882010e-06 2.2830888611e-06 2.2830247417e-06 0 0
97 9.5244802644e-03 9.5234881793e-03 9.5234304970e-03 9.5244836210e-03 9.5240674657e-03 2.3880406748e-05 2.3594588455e-05 2.3588849296e-05 2.3882693198e-05 2.3885376521e-05 1.0364693579e-06 1.0364695981e-06 1.0364426544e-06 1.8833425045e-06 1.8833428612e-06 1.8832922706e-06 0 0
98 8.6003365346e-03 8.5994208655e-03 8.5993650229e-03 8.6003381990e-03 8.5999022822e-03 2.1534382745e-05 2.1247963226e-05 2.1240854031e-05 2.1535401672e-05 2.1537579048e-05 8.4690229157e-07 8.4690236690e-07 8.4688304014e-07 1.5611154978e-06 1.5611155959e-06 1.5610731907e-06 0 0
99 7.6392255154e-03 7.6383883394e-03 7.6383433312e-03 7.6392267768e-03 7.6387963777e-03 1.9427753982e-05 1.9141542335e-05 1.9132524901e-05 1.9427490493e-05 1.9429213398e-05 7.1285238812e-07 7.1285239756e-07 7.1282659064e-07 1.3089750101e-06 1.3089750155e-06 1.3089229469e-06 0 0
100 6.7765669983e-03 6.7758030658e-03 6.7757469587e-03 6.7765665051e-03 6.7761843935e-03 1.7625870475e-05 1.7339602948e-05 1.7328566327e-05 1.7624445774e-05 1.7625619861e-05 6.0031053845e-07 6.0031061366e-07 6.0028276039e-07 1.0661640680e-06 1.0661640317e-06 1.0661167380e-06 0 0
101 6.0980245358e-03 6.0973207507e-03 6.0972986745e-03 6.0980235663e-03 6.0976600871e-03 1.6027524534e-05 1.5740685794e-05 1.5728349572e-05 1.6025036712e-05 1.6025758437e-05 4.6398907463e-07 4.6398895392e-07 4.6397144615e-07 8.3726164762e-07 8.3726138200e-07 8.3722898125e-07 0 0
102 5.4141213462e-03 5.4134635220e-03 5.4134384891e-03 5.4141197140e-03 5.4137757523e-03 1.4604502778e-05 1.4317951706e-05 1.4304338203e-05 1.4601086773e-05 1.4601338364e-05 3.7359050736e-07 3.7359041016e-07 3.7357625615e-07 6.7537008229e-07 6.7536984716e-07 6.7534540449e-07 0 0
103 4.8475001708e-03 4.8469035168e-03 4.8469005145e-03 4.8474973752e-03 4.8471396617e-03 1.3355083410e-05 1.3069993783e-05 1.3054832040e-05 1.3350929631e-05 1.3350760238e-05 3.0560281135e-07 3.0560266850e-07 3.0559294828e-07 5.4364557080e-07 5.4364534208e-07 5.4362146784e-07 0 0
104 4.3829717929e-03 4.3824432355e-03 4.3824291233e-03 4.3829698149e-03 4.3826456777e-03 1.2215303072e-05 1.1931967782e-05 1.1915615021e-05 1.2210633890e-05 1.2209977814e-05 2.3250019330e-07 2.3250009917e-07 2.3248568937e-07 4.2658096211e-07 4.2658075472e-07 4.2655432253e-07 0 0
105 4.0643324919e-03 4.0638277208e-03 4.0638174259e-03 4.0643295669e-03 4.0640047447e-03 1.1119387362e-05 1.0839730497e-05 1.0821795791e-05 1.1114271864e-05 1.1113164897e-05 1.9258598444e-07 1.9258590100e-07 1.9257350914e-07 3.5779131133e-07 3.5779112295e-07 3.5776741925e-07 0 0
106 3.6893401592e-03 3.6888772225e-03 3.6888656346e-03 3.6893370106e-03 3.6890262593e-03 1.0096804618e-05 9.8229491721e-06 9.8037994229e-06 1.0091487159e-05 1.0089738500e-05 1.6787548856e-07 1.6787541313e-07 1.6786472656e-07 3.0486110606e-07 3.0486091873e-07 3.0483897717e-07 0 0
107 3.3714547463e-03 3.3710151879e-03 3.3710011583e-03 3.3714502098e-03 3.3711213519e-03 9.1471885828e-06 8.8798916509e-06 8.8595967472e-06 9.1418723074e-06 9.1394792467e-06 1.3544210739e-07 1.3544200783e-07 1.3543174759e-07 2.4814192182e-07 2.4814170274e-07 2.4812101174e-07 0 0
108 3.0124570599e-03 3.0120907644e-03 3.0120679672e-03 3.0124535330e-03 3.0121653446e-03 8.2801486426e-06 8.0225303202e-06 8.0010150082e-06 8.2752215111e-06 8.2721298778e-06 1.1566456901e-07 1.1566444869e-07 1.1565360580e-07 2.0719228052e-07 2.0719207328e-07 2.0717129701e-07 0 0
109 2.7238118920e-03 2.7234836372e-03 2.7234676077e-03 2.7238086301e-03 2.7235488392e-03 7.4828573777e-06 7.2379518926e-06 7.2157778099e-06 7.4785812267e-06 7.4747241664e-06 9.1623772441e-08 9.1623675758e-08 9.1613344466e-08 1.6721036334e-07 1.6721020302e-07 1.6719067730e-07 0 0
110 2.4903581676e-03 2.4900814435e-03 2.4900642768e-03 2.4903553636e-03 2.4901164156e-03 6.7563961335e-06 6.5274460380e-06 6.5047610312e-06 6.7531121577e-06 6.7483204802e-06 7.4924441133e-08 7.4924386695e-08 7.4915504911e-08 1.3744333511e-07 1.3744323724e-07 1.3742595684e-07 0 0
111 2.3189690371e-03 2.3187091217e-03 2.3186916669e-03 2.3189669083e-03 2.3187557980e-03 6.0806713036e-06 5.8716531595e-06 5.8486780523e-06 6.0787192938e-06 6.0729407742e-06 6.1286841106e-08 6.1286783648e-08 6.1278072394e-08 1.1457943629e-07 1.1457935045e-07 1.1456370430e-07 0 0
112 2.1368510126e-03 2.1366406371e-03 2.1366165868e-03 2.1368499479e-03 2.1366621331e-03 5.4538168001e-06 5.2702744103e-06 5.2473387132e-06 5.4535468409e-06 5.4466810750e-06 5.3833617073e-08 5.3833588254e-08 5.3827207580e-08 9.9442615030e-08 9.9442573287e-08 9.9430437217e-08 0 0
113 1.9347595034e-03 1.9345583806e-03 1.9345359318e-03 1.9347581757e-03 1.9345834737e-03 4.8947038787e-06 4.7409015681e-06 4.7181917727e-06 4.8964893731e-06 4.8884786792e-06 4.6010576947e-08 4.6010569577e-08 4.6004515752e-08 8.3595426035e-08 8.3595409706e-08 8.3584254185e-08 0 0
114 1.7265349222e-03 1.7263654712e-03 1.7263433444e-03 1.7265342449e-03 1.7263526298e-03 4.4122968870e-06 4.2915468335e-06 4.2691591761e-06 4.4164184790e-06 4.4072520441e-06 3.8197384269e-08 3.8197370600e-08 3.8193064711e-08 6.8203431228e-08 6.8203405590e-08 6.8194253799e-08 0 0
115 1.5364379595e-03 1.5362878508e-03 1.5362697944e-03 1.5364370296e-03 1.5362683144e-03 3.9933843013e-06 3.9091652411e-06 3.8866877611e-06 3.9999333824e-06 3.9896727919e-06 3.0152884463e-08 3.0152875752e-08 3.0147617736e-08 5.4303617283e-08 5.4303598063e-08 5.4293792573e-08 0 0
116 1.3921459429e-03 1.3920109117e-03 1.3919927806e-03 1.3921451722e-03 1.3919802031e-03 3.6270886001e-06 3.5814903856e-06 3.5588552644e-06 3.6361690739e-06 3.6248481160e-06 2.3752221765e-08 2.3752207312e-08 2.3747837474e-08 4.3009820364e-08 4.3009791284e-08 4.3001080030e-08 0 0
117 1.2617900941e-03 1.2616575068e-03 1.2616458376e-03 1.2617891944e-03 1.2616322310e-03 3.3024979548e-06 3.2981876228e-06 3.2758613058e-06 3.3140963534e-06 3.3018597736e-06 1.9170612954e-08 1.9170599330e-08 1.9166236598e-08 3.4700842889e-08 3.4700818219e-08 3.4692973827e-08 0 0
118 1.1203825856e-03 1.1202716437e-03 1.1202618000e-03 1.1203820502e-03 1.1202433300e-03 3.0194423502e-06 3.0580768893e-06 3.0363831301e-06 3.0335624413e-06 3.0205474678e-06 1.5862289909e-08 1.5862276825e-08 1.5858852009e-08 2.8254823136e-08 2.8254802942e-08 2.8248578587e-08 0 0
119 1.0068174805e-03 1.0067026807e-03 1.0066961307e-03 1.0068169592e-03 1.0066882820e-03 2.7685120471e-06 2.8499925995e-06 2.8286451749e-06 2.7850871765e-06 2.7713761847e-06 1.2237392296e-08 1.2237386215e-08 1.2234490754e-08 2.2201163818e-08 2.2201156469e-08 2.2196047667e-08 0 0
120 9.1964476845e-04 9.1954194835e-04 9.1953437572e-04 9.1964434268e-04 9.1952862666e-04 2.5412262706e-06 2.6662173698e-06 2.6454945975e-06 2.5601803802e-06 2.5458444018e-06 9.9959246926e-09 9.9959223121e-09 9.9937480513e-09 1.8087193070e-08 1.8087192188e-08 1.8083326836e-08 0 0
121 8.3818643720e-04 8.3808346014e-04 8.3807572800e-04 8.3818587037e-04 8.3807694887e-04 2.3283792953e-06 2.4995038319e-06 2.4796428973e-06 2.3497084604e-06 2.3348165112e-06 7.9814887023e-09 7.9814910237e-09 7.9797501940e-09 1.4850028618e-08 1.4850030539e-08 1.4846769147e-08 0 0
122 7.7525980895e-04 7.7515966798e-04 7.7515046485e-04 7.7525913542e-04 7.7513748496e-04 2.1319023534e-06 2.3513243118e-06 2.3323262112e-06 2.1556337855e-06 2.1402707808e-06 6.8151537076e-09 6.8151528865e-09 6.8137762099e-09 1.2536193726e-08 1.2536190752e-08 1.2533305949e-08 0 0
123 7.1720155178e-04 7.1710347882e-04 7.1709753368e-04 7.1720073416e-04 7.1708817991e-04 1.9429028323e-06 2.2146679913e-06 2.1967757309e-06 1.9692272510e-06 1.9534150636e-06 5.7604481146e-09 5.7604463422e-09 5.7588191993e-09 1.0724289564e-08 1.0724285460e-08 1.0721279864e-08 0 0
124 6.6668136406e-04 6.6658342765e-04 6.6657575279e-04 6.6668063495e-04 6.6656023224e-04 1.7652614323e-06 2.0927844327e-06 2.0760350994e-06 1.7943278918e-06 1.7781230718e-06 4.9882837668e-09 4.9882800113e-09 4.9870134688e-09 9.2734914877e-09 9.2734850909e-09 9.2709946387e-09 0 0
125 6.1629187459e-04 6.1620039362e-04 6.1619474339e-04 6.1629099782e-04 6.1618311989e-04 1.6043071882e-06 1.9890511676e-06 1.9734967771e-06 1.6361921034e-06 1.6196923344e-06 4.2744915265e-09 4.2744900952e-09 4.2731738148e-09 7.8526581689e-09 7.8526518621e-09 7.8502289114e-09 0 0
126 5.5813895562e-04 5.5805254124e-04 5.5804879786e-04 5.5813819921e-04 5.5803339117e-04 1.4590557552e-06 1.9008493973e-06 1.8860882649e-06 1.4938445204e-06 1.4770268026e-06 3.5920535514e-09 3.5920475483e-09 3.5909906160e-09 6.5959621356e-09 6.5959522288e-09 6.5939627092e-09 0 0
127 4.9847160788e-04 4.9839315403e-04 4.9839189944e-04 4.9847076130e-04 4.9837114124e-04 1.3306709604e-06 1.8283131969e-06 1.8143904884e-06 1.3684351982e-06 1.3513157183e-06 3.0270307950e-09 3.0270275175e-09 3.0260736139e-09 5.4988575222e-09 5.4988511522e-09 5.4970179519e-09 0 0
128 4.4697360730e-04 4.4690607124e-04 4.4690432233e-04 4.4697306524e-04 4.4687834226e-04 1.2190922648e-06 1.7694928734e-06 1.7568208106e-06 1.2599037391e-06 1.2424802245e-06 2.4365011374e-09 2.4364972262e-09 2.4356481276e-09 4.4000333361e-09 4.4000270094e-09 4.3984123010e-09 0 0
129 4.0191622545e-04 4.0185322432e-04 4.0185246401e-04 4.0191577712e-04 4.0182210341e-04 1.1208991070e-06 1.7204661516e-06 1.7091300767e-06 1.1648010476e-06 1.1470791559e-06 1.9892026508e-09 1.9891999159e-09 1.9884520697e-09 3.5333661977e-09 3.5333620474e-09 3.5320031344e-09 0 0
130 3.6516024683e-04 3.6510718972e-04 3.6510559390e-04 3.6515982850e-04 3.6506820684e-04 1.0300572882e-06 1.6774223614e-06 1.6674536895e-06 1.0773005715e-06 1.0592248798e-06 1.5329241489e-09 1.5329231218e-09 1.5323218250e-09 2.8076818485e-09 2.8076794223e-09 2.8064839341e-09 0 0
131 3.3471740690e-04 3.3466862105e-04 3.3466651915e-04 3.3471712029e-04 3.3463746277e-04 9.4596985352e-07 1.6397873645e-06 1.6311676479e-06 9.9678483136e-07 9.7839104752e-07 1.2757534233e-09 1.2757519485e-09 1.2751266709e-09 2.3339627670e-09 2.3339605804e-09 2.3328663445e-09 0 0
132 3.0679390191e-04 3.0675143461e-04 3.0674874764e-04 3.0679355449e-04 3.0672079940e-04 8.6507211259e-07 1.6050957837e-06 1.5975625240e-06 9.1987374644e-07 9.0119704689e-07 1.0481051749e-09 1.0481047141e-09 1.0476517431e-09 1.9563305715e-09 1.9563284326e-09 1.9554420305e-09 0 0
133 2.8629094934e-04 2.8624867380e-04 2.8624610465e-04 2.8629060846e-04 2.8621820248e-04 7.8506814250e-07 1.5721934213e-06 1.5659169204e-06 8.4443374428e-07 8.2547339946e-07 8.9244378988e-10 8.9244212020e-10 8.9201268594e-10 1.6933093170e-09 1.6933059399e-09 1.6924808222e-09 0 0
134 2.6615861095e-04 2.6612150276e-04 2.6611831210e-04 2.6615827938e-04 2.6609380013e-04 7.0980668469e-07 1.5435574719e-06 1.5381189221e-06 7.7433471328e-07 7.5502941318e-07 7.9736492116e-10 7.9736350855e-10 7.9696427235e-10 1.4803648279e-09 1.4803616111e-09 1.4796492920e-09 0 0
135 2.4011971515e-04 2.4008739077e-04 2.4008539309e-04 2.4011941061e-04 2.4006125682e-04 6.4144515534e-07 1.5194263497e-06 1.5145279962e-06 7.1146758391e-07 6.9189793479e-07 6.9978263295e-10 6.9978067785e-10 6.9947603265e-10 1.2706000646e-09 1.2705969610e-09 1.2700231977e-09 0 0
136 2.2012473087e-04 2.2009506403e-04 2.2009325614e-04 2.2012449649e-04 2.2006913082e-04 5.8184552242e-07 1.4990072713e-06 1.4945422756e-06 6.5747934408e-07 6.3774603680e-07 5.6445572948e-10 5.6445470520e-10 5.6418780758e-10 1.0179128751e-09 1.0179110888e-09 1.0174279197e-09 0 0
137 2.0364945226e-04 2.0362304116e-04 2.0362171515e-04 2.0364924563e-04 2.0359669373e-04 5.2707682289e-07 1.4806179235e-06 1.4764411845e-06 6.0868409937e-07 5.8886492445e-07 4.5900393661e-10 4.5900305778e-10 4.5878723043e-10 8.4055632032e-10 8.4055473693e-10 8.4013951351e-10 0 0
138 1.8715917105e-04 1.8713532025e-04 1.8713429507e-04 1.8715907814e-04 1.8710618592e-04 4.7632940437e-07 1.4642317839e-06 1.4604319959e-06 5.6425717572e-07 5.4440670999e-07 3.8005796811e-10 3.8005731895e-10 3.7985814494e-10 7.0555181521e-10 7.0555072895e-10 7.0517014450e-10 0 0
139 1.7003187342e-04 1.7001018943e-04 1.7000924384e-04 1.7003177473e-04 1.6997996959e-04 4.2981544621e-07 1.4498783465e-06 1.4462026743e-06 5.2437708395e-07 5.0456469160e-07 3.2421953296e-10 3.2421909602e-10 3.2404057215e-10 6.0009532903e-10 6.0009464065e-10 5.9973936928e-10 0 0
140 1.5551441210e-04 1.5549543275e-04 1.5549432463e-04 1.5551430952e-04 1.5546095745e-04 3.8776156244e-07 1.4369455375e-06 1.4331917746e-06 4.8908606662e-07 4.6942719221e-07 2.7619367056e-10 2.7619351251e-10 2.7602364838e-10 5.0668801052e-10 5.0668758078e-10 5.0636206339e-10 0 0
141 1.3926137207e-04 1.3924413658e-04 1.3924344132e-04 1.3926124923e-04 1.3920986031e-04 3.5087427794e-07 1.4255329014e-06 1.4217931560e-06 4.5888296066e-07 4.3948006731e-07 2.3382778987e-10 2.3382740189e-10 2.3366619750e-10 4.1987738518e-10 4.1987680000e-10 4.1957370911e-10 0 0
142 1.2464537465e-04 1.2463148074e-04 1.2463091063e-04 1.2464535515e-04 1.2459677729e-04 3.1857970996e-07 1.4158895635e-06 1.4119363059e-06 4.3322399406e-07 4.1409568524e-07 1.8623370506e-10 1.8623347309e-10 1.8609669361e-10 3.3529358521e-10 3.3529334864e-10 3.3503333441e-10 0 0
143 1.1140814586e-04 1.1139428008e-04 1.1139405284e-04 1.1140822448e-04 1.1135972647e-04 2.9066895056e-07 1.4079732292e-06 1.4037189999e-06 4.1168039867e-07 3.9286287056e-07 1.4713527401e-10 1.4713519292e-10 1.4701329043e-10 2.6398408777e-10 2.6398416786e-10 2.6375612805e-10 0 0
144 1.0148087526e-04 1.0146864502e-04 1.0146825112e-04 1.0148092943e-04 1.0143402446e-04 2.6534459254e-07 1.4005878371e-06 1.3962005959e-06 3.9278464485e-07 3.7434116376e-07 1.1602086257e-10 1.1602108163e-10 1.1591672067e-10 2.1030429954e-10 2.1030466257e-10 2.1010726492e-10 0 0
145 9.1593235246e-05 9.1581057722e-05 9.1580892851e-05 9.1593315523e-05 9.1544449110e-05 2.4196230818e-07 1.3943127710e-06 1.3898185124e-06 3.7606558845e-07 3.5807711149e-07 9.5214361199e-11 9.5214502949e-11 9.5123131594e-11 1.7235856454e-10 1.7235879390e-10 1.7218049209e-10 0 0
146 8.6160106908e-05 8.6148949637e-05 8.6148962524e-05 8.6160096387e-05 8.6111426681e-05 2.1973765611e-07 1.3885294649e-06 1.3840159522e-06 3.6093532915e-07 3.4348555183e-07 7.5847526302e-11 7.5847661485e-11 7.5760508977e-11 1.4135742756e-10 1.4135759230e-10 1.4119105884e-10 0 0
147 7.7552464676e-05 7.7541751387e-05 7.7541739933e-05 7.7552526174e-05 7.7507011620e-05 1.9946199620e-07 1.3835838229e-06 1.3789702575e-06 3.4790957419e-07 3.3102453189e-07 6.6996750306e-11 6.6996741488e-11 6.6915029073e-11 1.2063986870e-10 1.2063994248e-10 1.2048717579e-10 0 0
148 7.1090118448e-05 7.1080116463e-05 7.1079966518e-05 7.1090177717e-05 7.1046423854e-05 1.8051477128e-07 1.3792484226e-06 1.3746525957e-06 3.3648849571e-07 3.2021496250e-07 5.2568765530e-11 5.2568838171e-11 5.2500948033e-11 9.7820513873e-11 9.7820640477e-11 9.7695629364e-11 0 0
149 6.5389256246e-05 6.5379268847e-05 6.5378986957e-05 6.5389337964e-05 6.5348535713e-05 1.6275059253e-07 1.3752160729e-06 1.3707285392e-06 3.2654345798e-07 3.1098128551e-07 4.5316533668e-11 4.5316583819e-11 4.5257853021e-11 8.4083942250e-11 8.4084073038e-11 8.3975382204e-11 0 0
150 5.8639238570e-05 5.8630206998e-05 5.8630133147e-05 5.8639293692e-05 5.8602006369e-05 1.4708966019e-07 1.3720859022e-06 1.3677778295e-06 3.1844717947e-07 3.0358279392e-07 3.9440295546e-11 3.9440395394e-11 3.9389991269e-11 7.0744938797e-11 7.0745076464e-11 7.0653594086e-11 0 0
151 5.3365921367e-05 5.3356888577e-05 5.3356711713e-05 5.3365916184e-05 5.3329388551e-05 1.3322266298e-07 1.3697841851e-06 1.3656696905e-06 3.1194059586e-07 2.9768238158e-07 3.1307337184e-11 3.1307401116e-11 3.1267377576e-11 5.6675305254e-11 5.6675386606e-11 5.6600057974e-11 0 0
152 4.8326836487e-05 4.8318498945e-05 4.8318202539e-05 4.8326871106e-05 4.8288095161e-05 1.2073815195e-07 1.3680421112e-06 1.3640344025e-06 3.0658298816e-07 2.9291595357e-07 2.5216278012e-11 2.5216273514e-11 2.5182106400e-11 4.6243326311e-11 4.6243342489e-11 4.6174897239e-11 0 0
153 4.3893911258e-05 4.3886072615e-05 4.3885733623e-05 4.3893934481e-05 4.3857922265e-05 1.0928463396e-07 1.3665199935e-06 1.3626272937e-06 3.0217028390e-07 2.8909234952e-07 2.1107890836e-11 2.1107920967e-11 2.1072338319e-11 3.8928256431e-11 3.8928305024e-11 3.8861525109e-11 0 0
154 3.9616409058e-05 3.9609270983e-05 3.9609000498e-05 3.9616445852e-05 3.9584530137e-05 9.9130299167e-08 1.3653243642e-06 1.3615178537e-06 2.9867014712e-07 2.8614718744e-07 1.7941604947e-11 1.7941620412e-11 1.7909923544e-11 3.2522674924e-11 3.2522706750e-11 3.2466251909e-11 0 0
155 3.5416836049e-05 3.5410469019e-05 3.5410171164e-05 3.5416859743e-05 3.5385674255e-05 9.0199181143e-08 1.3643422751e-06 1.3606287990e-06 2.9594631733e-07 2.8394765447e-07 1.4592672674e-11 1.4592688169e-11 1.4569206952e-11 2.6326246928e-11 2.6326274494e-11 2.6280977394e-11 0 0
156 3.1410283766e-05 3.1404845047e-05 3.1404585209e-05 3.1410318822e-05 3.1378802829e-05 8.2422218429e-08 1.3637677932e-06 1.3600821768e-06 2.9388549010e-07 2.8235032225e-07 1.1849123733e-11 1.1849132786e-11 1.1827511193e-11 2.1144790341e-11 2.1144808127e-11 2.1103285786e-11 0 0
157 2.8816931357e-05 2.8811662016e-05 2.8811451043e-05 2.8816996528e-05 2.8785518454e-05 7.5327307736e-08 1.3633492196e-06 1.3596858468e-06 2.9226638606e-07 2.8112833729e-07 9.0097921998e-12 9.0097929117e-12 8.9904195200e-12 1.6700951518e-11 1.6700973937e-11 1.6662948799e-11 0 0
158 2.6264763827e-05 2.6260161889e-05 2.6259989606e-05 2.6264808870e-05 2.6233383189e-05 6.8773758852e-08 1.3629618155e-06 1.3593482774e-06 2.9101490275e-07 2.8026028162e-07 7.6223391933e-12 7.6223749534e-12 7.6040285180e-12 1.4038359253e-11 1.4038409324e-11 1.4002993209e-11 0 0
159 2.4166459791e-05 2.4161752707e-05 2.4161607966e-05 2.4166477014e-05 2.4133837129e-05 6.2544848843e-08 1.3627427301e-06 1.3591346178e-06 2.8999365349e-07 2.7962576182e-07 6.3942617111e-12 6.3942739992e-12 6.3774263648e-12 1.1847539235e-11 1.1847550718e-11 1.1814188516e-11 0 0
160 2.2051231869e-05 2.2047365780e-05 2.2047219747e-05 2.2051251683e-05 2.2017694786e-05 5.6656030012e-08 1.3624147422e-06 1.3588214037e-06 2.8917833695e-07 2.7915660638e-07 5.4797161714e-12 5.4797139049e-12 5.4633797486e-12 1.0038472999e-11 1.0038470055e-11 1.0007022988e-11 0 0
161 2.0163626614e-05 2.0159894370e-05 2.0159854444e-05 2.0163627830e-05 2.0132786782e-05 5.1251546982e-08 1.3621452105e-06 1.3585721951e-06 2.8851478358e-07 2.7882334682e-07 4.5829140665e-12 4.5829173789e-12 4.5674436455e-12 8.3360013537e-12 8.3359985581e-12 8.3076046042e-12 0 0
162 1.7841320421e-05 1.7838336221e-05 1.7838270871e-05 1.7841289171e-05 1.7811750103e-05 4.6406989081e-08 1.3619983989e-06 1.3584254562e-06 2.8802846855e-07 2.7862309252e-07 3.8127139758e-12 3.8127140334e-12 3.8001823910e-12 6.8774262945e-12 6.8774153039e-12 6.8538230646e-12 0 0
163 1.5921828463e-05 1.5919195468e-05 1.5919157111e-05 1.5921784398e-05 1.5893679398e-05 4.2133328186e-08 1.3618744879e-06 1.3583033007e-06 2.8768590629e-07 2.7858440136e-07 3.0694604361e-12 3.0694474740e-12 3.0582897326e-12 5.4915672638e-12 5.4915377801e-12 5.4707349761e-12 0 0
164 1.4816809562e-05 1.4814510460e-05 1.4814495940e-05 1.4816737932e-05 1.4787628878e-05 3.8211363202e-08 1.3618383037e-06 1.3582654561e-06 2.8741686407e-07 2.7861901068e-07 2.3826702689e-12 2.3826565720e-12 2.3732960042e-12 4.3671071897e-12 4.3670761452e-12 4.3488823653e-12 0 0
165 1.3559880789e-05 1.3557600740e-05 1.3557668811e-05 1.3559819248e-05 1.3528916804e-05 3.4490992515e-08 1.3617850609e-06 1.3582127206e-06 2.8720853282e-07 2.7871026853e-07 2.0043881082e-12 2.0043688931e-12 1.9957507869e-12 3.7079266441e-12 3.7078951021e-12 3.6907837897e-12 0 0
166 1.2223397927e-05 1.2221588560e-05 1.2221651580e-05 1.2223349048e-05 1.2193047581e-05 3.1060473645e-08 1.3616949424e-06 1.3581170237e-06 2.8706794757e-07 2.7886051952e-07 1.7200301663e-12 1.7200164903e-12 1.7114955286e-12 3.1500657042e-12 3.1500427267e-12 3.1337918371e-12 0 0
167 1.1218749153e-05 1.1216917136e-05 1.1216973429e-05 1.1218684365e-05 1.1186902244e-05 2.7985471701e-08 1.3616387039e-06 1.3580574720e-06 2.8697262074e-07 2.7903212166e-07 1.4139109191e-12 1.4139037163e-12 1.4064027720e-12 2.5755280324e-12 2.5755092503e-12 2.5609098175e-12 0 0
168 1.0123757631e-05 1.0122200557e-05 1.0122211867e-05 1.0123691436e-05 1.0093367285e-05 2.5192953149e-08 1.3616123218e-06 1.3580296553e-06 2.8687163060e-07 2.7920440456e-07 1.1618013785e-12 1.1617894147e-12 1.1545660261e-12 2.1242618516e-12 2.1242382853e-12 2.1105964199e-12 0 0
169 9.0544558187e-06 9.0530172675e-06 9.0530448604e-06 9.0543837858e-06 9.0261439259e-06 2.2704076130e-08 1.3615808941e-06 1.3579899274e-06 2.8681976548e-07 2.7939209552e-07 9.7996645222e-13 9.7995569992e-13 9.7352334527e-13 1.7657569231e-12 1.7657368623e-12 1.7539476815e-12 0 0
170 8.1662846964e-06 8.1650328590e-06 8.1650426321e-06 8.1662306073e-06 8.1371392427e-06 2.0510454135e-08 1.3615425760e-06 1.3579350369e-06 2.8678971747e-07 2.7959312265e-07 7.8109877310e-13 7.8108700063e-13 7.7596956638e-13 1.4107457112e-12 1.4107257029e-12 1.4007441040e-12 0 0
171 7.2809402519e-06 7.2796321322e-06 7.2796349918e-06 7.2809023893e-06 7.2533573730e-06 1.8586889275e-08 1.3615185893e-06 1.3578920710e-06 2.8679269792e-07 2.7978136172e-07 6.2909554467e-13 6.2908706022e-13 6.2402860657e-13 1.1311433668e-12 1.1311299120e-12 1.1216964857e-12 0 0
172 6.5825040786e-06 6.5814061732e-06 6.5813961572e-06 6.5824519734e-06 6.5553932429e-06 1.6829641570e-08 1.3615066529e-06 1.3578645742e-06 2.8680018655e-07 2.7995486565e-07 4.9454081483e-13 4.9453843798e-13 4.9036816274e-13 9.1434954166e-13 9.1434151916e-13 9.0625770777e-13 0 0
173 5.8880347935e-06 5.8869285229e-06 5.8869111371e-06 5.8879812981e-06 5.8612160083e-06 1.5285705473e-08 1.3614872370e-06 1.3578393111e-06 2.8683086382e-07 2.8013499378e-07 4.2402462382e-13 4.2401845923e-13 4.2007196333e-13 7.5670097666e-13 7.5668984967e-13 7.4925482485e-13 0 0
174 5.4183394112e-06 5.4173211355e-06 5.4173118492e-06 5.4182935502e-06 5.3916393022e-06 1.3922716265e-08 1.3614693368e-06 1.3578176002e-06 2.8687841218e-07 2.8030268689e-07 3.2859163142e-13 3.2858611665e-13 3.2516871140e-13 5.9054454153e-13 5.9053456569e-13 5.8422364169e-13 0 0
175 4.9067653359e-06 4.9057679836e-06 4.9057499495e-06 4.9067122055e-06 4.8811766726e-06 1.2657779686e-08 1.3614459119e-06 1.3577888659e-06 2.8693891192e-07 2.8046769757e-07 2.6316278093e-13 2.6315928603e-13 2.6029525757e-13 4.8504363261e-13 4.8503562278e-13 4.7960593830e-13 0 0
176 4.5532001819e-06 4.5522996003e-06 4.5522809281e-06 4.5531430103e-06 4.5270876671e-06 1.1500004342e-08 1.3614125380e-06 1.3577513024e-06 2.8699484255e-07 2.8061370015e-07 2.2154350241e-13 2.2153893303e-13 2.1896807284e-13 4.0601390157e-13 4.0600509066e-13 4.0109929267e-13 0 0
177 4.1054071492e-06 4.1044802793e-06 4.1044714038e-06 4.1053442788e-06 4.0791945779e-06 1.0457060804e-08 1.3613780805e-06 1.3577148265e-06 2.8706155776e-07 2.8076052469e-07 1.8801697381e-13 1.8801279977e-13 1.8570648491e-13 3.3895319019e-13 3.3894415052e-13 3.3454489179e-13 0 0
178 3.6733175208e-06 3.6725365165e-06 3.6725349814e-06 3.6732495781e-06 3.6476470581e-06 9.5331574956e-09 1.3613429881e-06 1.3576781427e-06 2.8712443322e-07 2.8090333227e-07 1.5349492292e-13 1.5349006788e-13 1.5138324622e-13 2.7512615179e-13 2.7511673495e-13 2.7116850432e-13 0 0
179 3.3620412527e-06 3.3612973565e-06 3.3612980016e-06 3.3619831668e-06 3.3374609453e-06 8.6974528432e-09 1.3613082192e-06 1.3576420626e-06 2.8717658033e-07 2.8101281741e-07 1.1946212162e-13 1.1945739536e-13 1.1763680308e-13 2.2004254119e-13 2.2003406042e-13 2.1661752253e-13 0 0
180 3.0595225530e-06 3.0588229110e-06 3.0588247542e-06 3.0594682270e-06 3.0352681435e-06 7.9236792208e-09 1.3612828971e-06 1.3576165040e-06 2.8722974241e-07 2.8111522300e-07 1.0052916348e-13 1.0052549071e-13 9.8951662836e-14 1.8634960506e-13 1.8634312843e-13 1.8333251584e-13 0 0
181 2.7166365935e-06 2.7160058546e-06 2.7160034595e-06 2.7165822237e-06 2.6942143179e-06 7.2223162279e-09 1.3612502132e-06 1.3575830986e-06 2.8728388132e-07 2.8121197969e-07 8.6974004936e-14 8.6971228830e-14 8.5525770493e-14 1.5820291139e-13 1.5819724003e-13 1.5547632626e-13 0 0
182 2.4724135632e-06 2.4718727550e-06 2.4718756498e-06 2.4723609737e-06 2.4505756957e-06 6.5810188479e-09 1.3612423278e-06 1.3575752843e-06 2.8732965747e-07 2.8130609734e-07 7.0568379241e-14 7.0565515237e-14 6.9298299737e-14 1.2938673699e-13 1.2938174837e-13 1.2700257512e-13 0 0
183 2.2143449364e-06 2.2138477913e-06 2.2138514153e-06 2.2142988906e-06 2.1945627919e-06 6.0066067499e-09 1.3612374880e-06 1.3575700181e-06 2.8736500883e-07 2.8138864150e-07 5.9007116835e-14 5.9004884312e-14 5.7883819266e-14 1.0663231801e-13 1.0662824790e-13 1.0456696273e-13 0 0
184 2.0144666657e-06 2.0140496131e-06 2.0140581186e-06 2.0144246792e-06 1.9952398880e-06 5.4830455815e-09 1.3612331353e-06 1.3575651515e-06 2.8738199049e-07 2.8144075547e-07 4.7250525852e-14 4.7248663315e-14 4.6332729320e-14 8.6522610476e-14 8.6519333364e-14 8.4780706761e-14 0 0
185 1.8158431558e-06 1.8154652588e-06 1.8154777403e-06 1.8158048566e-06 1.7978163753e-06 5.0128951194e-09 1.3612279374e-06 1.3575596593e-06 2.8739375355e-07 2.8149017181e-07 3.9250263471e-14 3.9248986006e-14 3.8419354503e-14 7.1298658613e-14 7.1296267501e-14 6.9725475393e-14 0 0
186 1.6283515180e-06 1.6280500246e-06 1.6280600805e-06 1.6283119888e-06 1.6115400879e-06 4.5918373304e-09 1.3612252054e-06 1.3575564911e-06 2.8739577508e-07 2.8152994319e-07 3.2157652370e-14 3.2156569074e-14 3.1427985214e-14 5.8306675964e-14 5.8304489708e-14 5.6949236993e-14 0 0
187 1.4816788271e-06 1.4813903450e-06 1.4814008841e-06 1.4816449447e-06 1.4651027310e-06 4.2077992590e-09 1.3612232462e-06 1.3575536905e-06 2.8739545158e-07 2.8156649198e-07 2.5823669163e-14 2.5822443142e-14 2.5208567872e-14 4.7584920610e-14 4.7582597584e-14 4.6401684578e-14 0 0
188 1.3679911821e-06 1.3677578642e-06 1.3677685654e-06 1.3679527718e-06 1.3515643789e-06 3.8629747120e-09 1.3612226786e-06 1.3575525821e-06 2.8738996486e-07 2.8159640068e-07 2.1850749187e-14 2.1849709542e-14 2.1286141252e-14 3.9693000505e-14 3.9690906811e-14 3.8610174086e-14 0 0
189 1.2527798397e-06 1.2525486679e-06 1.2525619114e-06 1.2527503790e-06 1.2365102168e-06 3.5432945417e-09 1.3612213963e-06 1.3575505779e-06 2.8737979949e-07 2.8162290015e-07 1.7756458362e-14 1.7755328457e-14 1.7240982947e-14 3.2813038999e-14 3.2810993505e-14 3.1817864315e-14 0 0
190 1.1715603564e-06 1.1713538217e-06 1.1713635404e-06 1.1715297645e-06 1.1549241089e-06 3.2312973595e-09 1.3612191534e-06 1.3575477628e-06 2.8737193601e-07 2.8165138958e-07 1.4852014886e-14 1.4851184518e-14 1.4387796510e-14 2.8177943397e-14 2.8176462899e-14 2.7268118319e-14 0 0
191 1.0704305328e-06 1.0702364898e-06 1.0702475826e-06 1.0704036805e-06 1.0544002986e-06 2.9406585333e-09 1.3612166795e-06 1.3575446811e-06 2.8736409209e-07 2.8167828852e-07 1.3516005750e-14 1.3515339022e-14 1.3060624630e-14 2.4958098164e-14 2.4956816128e-14 2.4096176443e-14 0 0
192 9.6521580166e-07 9.6504883702e-07 9.6505776855e-07 9.6518813708e-07 9.5003667595e-07 2.6830187722e-09 1.3612145722e-06 1.3575419725e-06 2.8735350578e-07 2.8170120459e-07 1.1568482397e-14 1.1567895079e-14 1.1158825600e-14 2.0907509115e-14 2.0906453652e-14 2.0146644769e-14 0 0
193 8.9289357786e-07 8.9272980050e-07 8.9273878761e-07 8.9286590293e-07 8.7802531852e-07 2.4505090837e-09 1.3612127875e-06 1.3575396691e-06 2.8734686996e-07 2.8172135985e-07 9.2373085619e-15 9.2368604085e-15 8.8912167559e-15 1.6976984510e-14 1.6976003936e-14 1.6321362664e-14 0 0
194 8.2081762650e-07 8.2067514315e-07 8.2068373032e-07 8.2079060005e-07 8.0629302323e-07 2.2350520788e-09 1.3612112743e-06 1.3575376669e-06 2.8734337650e-07 2.8174339393e-07 7.6712850405e-15 7.6707303703e-15 7.3689969057e-15 1.4271013626e-14 1.4270052154e-14 1.3692063976e-14 0 0
195 7.5070446240e-07 7.5056117037e-07 7.5057070416e-07 7.5068296982e-07 7.3647067174e-07 2.0369029163e-09 1.3612099131e-06 1.3575358707e-06 2.8734195273e-07 2.8176290031e-07 6.6024346217e-15 6.6020322889e-15 6.3268075674e-15 1.2211097655e-14 1.2210393287e-14 1.1684338393e-14 0 0
196 6.8402043559e-07 6.8389973980e-07 6.8390691335e-07 6.8399921160e-07 6.7033102812e-07 1.8599402115e-09 1.3612077473e-06 1.3575336943e-06 2.8734219894e-07 2.8177962173e-07 5.6431147740e-15 5.6427844168e-15 5.3930926565e-15 1.0231036923e-14 1.0230423279e-14 9.7623732015e-15 0 0
197 6.1203290102e-07 6.1190641786e-07 6.1191335015e-07 6.1201996032e-07 5.9864702256e-07 1.7041586497e-09 1.3612054086e-06 1.3575313024e-06 2.8734155326e-07 2.8179426977e-07 4.5897690619e-15 4.5894820062e-15 4.3722078909e-15 8.2365724614e-15 8.2361418033e-15 7.8309754514e-15 0 0
198 5.7437579096e-07 5.7427155530e-07 5.7427724276e-07 5.7436559165e-07 5.6099179877e-07 1.5583667797e-09 1.3612030827e-06 1.3575289413e-06 2.8734020681e-07 2.8180566027e-07 3.5962356213e-15 3.5960817657e-15 3.4139358007e-15 6.6575170637e-15 6.6572723896e-15 6.3081050800e-15 0 0
199 5.3027160558e-07 5.3015915896e-07 5.3016542189e-07 5.3026697327e-07 5.1651388444e-07 1.4172052248e-09 1.3612030398e-06 1.3575289032e-06 2.8734031390e-07 2.8181602108e-07 3.0348274934e-15 3.0347360909e-15 2.8687989484e-15 5.7051722958e-15 5.7050176215e-15 5.3798653900e-15 0 0
200 4.8978528332e-07 4.8968228373e-07 4.8968920272e-07 4.8978182477e-07 4.7636034458e-07 1.2863085602e-09 1.3612030067e-06 1.3575288626e-06 2.8733961266e-07 2.8182422236e-07 2.6860053131e-15 2.6859482520e-15 2.5269500034e-15 4.9210093397e-15 4.9209226104e-15 4.6201107176e-15 0 0
201 4.4180048447e-07 4.4170205310e-07 4.4170763728e-07 4.4179944399e-07 4.2847316708e-07 1.1659789901e-09 1.3612031291e-06 1.3575289041e-06 2.8734084366e-07 2.8183092125e-07 2.2392332085e-15 2.2392027468e-15 2.0988527756e-15 4.0878785579e-15 4.0878216610e-15 3.8200779345e-15 0 0
202 4.1095394767e-07 4.1085838594e-07 4.1086405948e-07 4.1095393494e-07 3.9724592529e-07 1.0546658823e-09 1.3612032289e-06 1.3575289570e-06 2.8734095996e-07 2.8183472331e-07 1.8360169445e-15 1.8359879589e-15 1.7104915574e-15 3.3803181799e-15 3.3802713233e-15 3.1361089940e-15 0 0
203 3.7319179503e-07 3.7310240699e-07 3.7310700193e-07 3.7319200724e-07 3.5976305156e-07 9.5004704294e-10 1.3612033062e-06 1.3575289983e-06 2.8734160537e-07 2.8183736354e-07 1.5636688959e-15 1.5636634782e-15 1.4430188815e-15 2.8915659285e-15 2.8915671940e-15 2.6617163335e-15 0 0
204 3.4122965773e-07 3.4114587923e-07 3.4115090459e-07 3.4122647475e-07 3.2796376032e-07 8.5187897635e-10 1.3612033749e-06 1.3575290208e-06 2.8734157453e-07 2.8183918183e-07 1.3301394540e-15 1.3301534353e-15 1.2223295293e-15 2.4772963437e-15 2.4772935439e-15 2.2680967347e-15 0 0
205 3.0554486130e-07 3.0546781506e-07 3.0547201875e-07 3.0553981335e-07 2.9292500913e-07 7.6538500755e-10 1.3612033636e-06 1.3575289841e-06 2.8734322463e-07 2.8184267520e-07 1.1536639770e-15 1.1536453216e-15 1.0517032124e-15 2.0860740905e-15 2.0860049799e-15 1.8962153896e-15 0 0
206 2.7405961190e-07 2.7399104647e-07 2.7399416265e-07 2.7405264621e-07 2.6187061899e-07 6.8974933677e-10 1.3612033711e-06 1.3575289737e-06 2.8734511232e-07 2.8184522039e-07 9.2764042323e-16 9.2758916867e-16 8.4176101419e-16 1.6784942798e-15 1.6783991731e-15 1.5172054151e-15 0 0
207 2.4155709788e-07 2.4149755946e-07 2.4149977614e-07 2.4155301239e-07 2.3024396206e-07 6.2419451471e-10 1.3612034601e-06 1.3575290174e-06 2.8734645963e-07 2.8184752810e-07 7.6203631901e-16 7.6199083935e-16 6.8573076904e-16 1.3578968108e-15 1.3578276958e-15 1.2175319346e-15 0 0
208 2.1609184720e-07 2.1603778641e-07 2.1603961348e-07 2.1608891495e-07 2.0557772419e-07 5.6831212610e-10 1.3612034446e-06 1.3575289871e-06 2.8734713115e-07 2.8184865508e-07 5.9431857487e-16 5.9429186832e-16 5.3059499069e-16 1.0510144716e-15 1.0509713759e-15 9.3680488714e-16 0 0
209 1.9680650491e-07 1.9675720294e-07 1.9675876133e-07 1.9680236545e-07 1.8674236894e-07 5.1745530480e-10 1.3612034592e-06 1.3575289949e-06 2.8734769257e-07 2.8184995589e-07 4.4983391707e-16 4.4982192884e-16 4.0032809966e-16 8.2028205482e-16 8.2025315359e-16 7.2797399619e-16 0 0
210 1.7765313638e-07 1.7760888609e-07 1.7761042173e-07 1.7764840792e-07 1.6812049285e-07 4.6912309509e-10 1.3612034689e-06 1.3575290016e-06 2.8734809544e-07 2.8185094325e-07 3.7279321177e-16 3.7277581195e-16 3.3020054789e-16 6.8935393423e-16 6.8932218874e-16 6.0829162887e-16 0 0
211 1.5952572145e-07 1.5948499704e-07 1.5948633542e-07 1.5952212759e-07 1.5069953293e-07 4.2581690477e-10 1.3612034611e-06 1.3575290042e-06 2.8734863351e-07 2.8185192208e-07 3.1568872549e-16 3.1567223878e-16 2.7711529902e-16 5.6869303811e-16 5.6866403947e-16 4.9781142750e-16 0 0
212 1.4455283487e-07 1.4451835164e-07 1.4451928355e-07 1.4454789430e-07 1.3614203237e-07 3.8661457725e-10 1.3612034146e-06 1.3575289669e-06 2.8734904111e-07 2.8185319986e-07 2.5389491732e-16 2.5388626748e-16 2.2198361855e-16 4.5687401123e-16 4.5685569043e-16 3.9765147555e-16 0 0
213 1.3325861939e-07 1.3322638807e-07 1.3322736082e-07 1.3325237641e-07 1.2495090285e-07 3.4946243711e-10 1.3612033716e-06 1.3575289279e-06 2.8734903950e-07 2.8185340242e-07 2.0107404633e-16 2.0106529289e-16 1.7407543506e-16 3.7330470283e-16 3.7328403172e-16 3.2160824568e-16 0 0
conv_iter_double=192
conv_iter_p32q=192
conv_iter_p32n=192
conv_iter_p32q_loose_1e-6=97
conv_iter_p32n_loose_1e-6=97
