iter  res_double64      res_float32      res_posit32q      res_posit32n      res_float32fma      pAp_dynrange      pAp_mag      sat_frac_pq      sat_frac_pn      pAp_double        pAp_naive        cond_pAp          n_eff
   0  2.2196733709e+01  2.2196727972e+01  2.2196733643e+01  2.2196732956e+01  2.2196727972e+01  1.995911e+04  3.609138e-04  0.000000e+00  0.000000e+00  3.6091382813e-04  3.6091384391e-04  9.197774e+15  153
   1  3.9436407570e+01  3.9436393420e+01  3.9436406962e+01  3.9436406188e+01  3.9436394968e+01  1.455950e+04  3.551965e-04  0.000000e+00  0.000000e+00  3.5519651651e-04  3.5519653466e-04  1.139822e+16  153
   2  5.1441963284e+01  5.1441932904e+01  5.1441961973e+01  5.1441960194e+01  5.1441959007e+01  8.991553e+03  8.345317e-04  0.000000e+00  0.000000e+00  8.3453166051e-04  8.3453163097e-04  1.640797e+16  153
   3  7.9110605166e+01  7.9110580119e+01  7.9110609436e+01  7.9110600178e+01  7.9110654184e+01  2.118042e+04  1.342985e-03  0.000000e+00  0.000000e+00  1.3429849624e-03  1.3429848186e-03  7.020938e+15  153
   4  7.2384638111e+01  7.2384650290e+01  7.2384636799e+01  7.2384635113e+01  7.2384677273e+01  4.641485e+02  4.185388e-03  0.000000e+00  0.000000e+00  4.1853881371e-03  4.1853878647e-03  7.662623e+15  153
   5  7.3494747201e+01  7.3494708435e+01  7.3494739993e+01  7.3494753281e+01  7.3494834667e+01  8.437751e+03  3.914983e-03  0.000000e+00  0.000000e+00  3.9149838598e-03  3.9149837685e-03  9.479337e+15  153
   6  5.0949443878e+01  5.0949428243e+01  5.0949443217e+01  5.0949445014e+01  5.0949492932e+01  5.890596e+03  5.827280e-03  0.000000e+00  0.000000e+00  5.8272808029e-03  5.8272808674e-03  6.024858e+15  153
   7  5.0992813383e+01  5.0992809312e+01  5.0992809312e+01  5.0992810509e+01  5.0992873947e+01  1.685837e+03  2.051877e-03  0.000000e+00  0.000000e+00  2.0518773171e-03  2.0518776728e-03  1.870815e+16  153
   8  5.5321050637e+01  5.5321046744e+01  5.5321017507e+01  5.5321027437e+01  5.5321112942e+01  2.345245e+04  1.938621e-03  0.000000e+00  0.000000e+00  1.9386213429e-03  1.9386210188e-03  6.555990e+15  153
   9  6.3920604502e+01  6.3920629877e+01  6.3920559217e+01  6.3920546804e+01  6.3920660432e+01  1.181973e+04  2.262552e-03  0.000000e+00  0.000000e+00  2.2625543369e-03  2.2625531419e-03  1.354770e+16  153
  10  6.7747706554e+01  6.7747744139e+01  6.7747648642e+01  6.7747636029e+01  6.7747762157e+01  1.260126e+04  2.105510e-03  0.000000e+00  0.000000e+00  2.1055127928e-03  2.1055095131e-03  1.806091e+16  153
  11  7.7614256147e+01  7.7614274370e+01  7.7614173712e+01  7.7614146974e+01  7.7614296389e+01  2.158586e+04  2.517659e-03  0.000000e+00  0.000000e+00  2.5176629801e-03  2.5176581694e-03  9.001851e+15  153
  12  1.1083915891e+02  1.1083909808e+02  1.1083901879e+02  1.1083898355e+02  1.1083909808e+02  6.158362e+04  2.015894e-03  0.000000e+00  0.000000e+00  2.0158978719e-03  2.0158924744e-03  1.093021e+16  153
  13  1.0096375987e+02  1.0096361891e+02  1.0096362858e+02  1.0096359715e+02  1.0096362858e+02  6.430162e+03  4.936144e-03  0.000000e+00  0.000000e+00  4.9361567460e-03  4.9361418351e-03  1.054089e+16  153
  14  8.4500553457e+01  8.4500364043e+01  8.4500394380e+01  8.4500407382e+01  8.4500456498e+01  1.752082e+04  4.516640e-03  0.000000e+00  0.000000e+00  4.5166529109e-03  4.5166377677e-03  5.763886e+15  153
  15  7.4203931735e+01  7.4203718873e+01  7.4203786320e+01  7.4203768225e+01  7.4203830737e+01  2.294030e+03  4.749292e-03  0.000000e+00  0.000000e+00  4.7493111334e-03  4.7492957674e-03  1.447041e+16  153
  16  5.0452640979e+01  5.0452459639e+01  5.0452543717e+01  5.0452503190e+01  5.0452469317e+01  4.338013e+03  4.353071e-03  0.000000e+00  0.000000e+00  4.3530859309e-03  4.3530653347e-03  3.614742e+15  153
  17  3.8254798849e+01  3.8254561807e+01  3.8254718165e+01  3.8254702210e+01  3.8254633604e+01  2.478847e+03  1.554803e-03  0.000000e+00  0.000000e+00  1.5548086593e-03  1.5548002557e-03  5.051320e+15  153
  18  4.2859820359e+01  4.2859340822e+01  4.2859709301e+01  4.2859739919e+01  4.2859654119e+01  2.031776e+04  6.889948e-04  0.000000e+00  0.000000e+00  6.8899810128e-04  6.8899423059e-04  5.277105e+15  153
  19  6.1991975359e+01  6.1991466304e+01  6.1991746415e+01  6.1991719831e+01  6.1991438736e+01  2.636524e+04  7.918373e-04  0.000000e+00  0.000000e+00  7.9184228624e-04  7.9183785419e-04  4.450517e+15  153
  20  6.4108679733e+01  6.4107868844e+01  6.4108390576e+01  6.4108367726e+01  6.4108466740e+01  3.734522e+03  1.877297e-03  0.000000e+00  0.000000e+00  1.8773105631e-03  1.8772954936e-03  1.149775e+16  153
  21  7.9475273267e+01  7.9471619345e+01  7.9474957055e+01  7.9475579116e+01  7.9478073455e+01  3.293406e+05  1.211332e-03  0.000000e+00  0.000000e+00  1.2113433318e-03  1.2113283447e-03  9.965230e+15  153
  22  7.9556586751e+01  7.9557780447e+01  7.9555929987e+01  7.9555440513e+01  7.9553579257e+01  2.626463e+04  3.431121e-03  0.000000e+00  0.000000e+00  3.4311590327e-03  3.4311143681e-03  7.870015e+15  153
  23  8.8036057617e+01  8.8024274772e+01  8.8036218299e+01  8.8038874969e+01  8.8051950552e+01  9.308342e+04  2.832737e-03  0.000000e+00  0.000000e+00  2.8327736718e-03  2.8327342006e-03  1.535214e+16  153
  24  6.8772929118e+01  6.8675446082e+01  6.8777840599e+01  6.8802077222e+01  6.8902345411e+01  3.416568e+04  3.982234e-03  0.000000e+00  0.000000e+00  3.9822952733e-03  3.9822487161e-03  1.155962e+16  153
  25  5.4262249468e+01  5.4232875952e+01  5.4263861366e+01  5.4275068688e+01  5.4332488321e+01  4.383867e+04  3.378383e-03  0.000000e+00  0.000000e+00  3.3784336438e-03  3.3784921980e-03  5.344168e+15  153
  26  4.9354206485e+01  4.9380127305e+01  4.9354904682e+01  4.9365007147e+01  4.9456758358e+01  2.781142e+04  2.022405e-03  0.000000e+00  0.000000e+00  2.0224315660e-03  2.0226165652e-03  2.652148e+15  153
  27  4.2619529944e+01  4.2459361315e+01  4.2652577895e+01  4.2809506054e+01  4.3807239342e+01  7.510136e+04  1.296241e-03  0.000000e+00  0.000000e+00  1.2962293148e-03  1.2971107208e-03  6.030675e+15  153
  28  3.8790785650e+01  4.1612087137e+01  3.8816786967e+01  3.9149247429e+01  4.2813972659e+01  3.805014e+04  1.032503e-03  0.000000e+00  0.000000e+00  1.0323138294e-03  1.0380145977e-03  4.936669e+15  153
  29  3.7482426198e+01  4.8450774391e+01  3.7393245262e+01  3.8835885637e+01  4.5706954968e+01  4.491850e+03  8.748767e-04  0.000000e+00  0.000000e+00  8.7362737480e-04  9.0837664902e-04  6.317479e+15  153
  30  3.9220306065e+01  3.8760921785e+01  4.0140099272e+01  4.6496809655e+01  3.9235656839e+01  8.783555e+04  7.300467e-04  0.000000e+00  0.000000e+00  7.1775692704e-04  1.0203462152e-03  9.894294e+15  153
  31  3.2051208850e+01  3.4293961650e+01  3.5489513299e+01  3.6533545142e+01  3.4288997529e+01  1.056283e+04  1.068576e-03  0.000000e+00  0.000000e+00  9.5905044741e-04  1.8840033154e-03  5.733346e+15  153
  32  2.4446662834e+01  2.5568544900e+01  2.5981086895e+01  2.5307864521e+01  2.5381645047e+01  2.676409e+03  1.159250e-03  0.000000e+00  0.000000e+00  7.9562353982e-04  1.0590383899e-03  3.466942e+15  153
  33  2.1020814816e+01  2.4669712738e+01  2.5253608974e+01  2.4557576004e+01  2.4582310266e+01  2.663255e+03  5.193824e-04  0.000000e+00  0.000000e+00  3.2976118959e-04  3.9165386261e-04  2.659317e+15  153
  34  1.7668885297e+01  2.1479424145e+01  2.1931946489e+01  2.1534565486e+01  2.1475208272e+01  1.076250e+05  5.231368e-04  0.000000e+00  0.000000e+00  2.5764596705e-04  4.2715475865e-04  3.353785e+15  153
  35  1.8800451926e+01  1.9413992549e+01  1.9360825996e+01  1.9258395259e+01  1.9288236617e+01  2.045630e+03  2.269065e-04  0.000000e+00  0.000000e+00  1.4322739966e-04  2.1382901468e-04  9.933929e+15  153
  36  1.8201590381e+01  1.9108415182e+01  1.7835183140e+01  1.7735620826e+01  1.8704403380e+01  5.329445e+04  2.003123e-04  0.000000e+00  0.000000e+00  2.3241735445e-04  1.9807022181e-04  3.002150e+15  153
  37  1.3270330009e+01  2.0627666879e+01  1.6198820773e+01  1.5982754175e+01  1.8762185981e+01  3.132626e+03  2.173169e-04  0.000000e+00  0.000000e+00  2.2364055213e-04  2.1495446708e-04  2.916255e+15  153
  38  1.3250143995e+01  1.5982273773e+01  1.5493325796e+01  1.4283119597e+01  1.7137597122e+01  1.037503e+03  1.914596e-04  0.000000e+00  0.000000e+00  9.6150380929e-05  1.7508261226e-04  3.258593e+15  153
  39  1.4792227026e+01  1.4541939428e+01  1.8060721023e+01  1.9419003631e+01  1.4887475688e+01  9.677374e+03  1.513241e-04  0.000000e+00  0.000000e+00  1.0117561607e-04  1.1224320770e-04  2.685777e+15  153
  40  1.6671646584e+01  1.4858940110e+01  1.6789301299e+01  1.6698380598e+01  1.5198079259e+01  9.137769e+02  2.088045e-04  0.000000e+00  0.000000e+00  1.2793992082e-04  2.5874403218e-04  2.684479e+15  153
  41  1.6434141206e+01  1.6576562979e+01  1.6338953310e+01  1.6881497637e+01  1.6279910686e+01  2.701385e+04  1.681975e-04  0.000000e+00  0.000000e+00  1.3535025320e-04  2.0322689670e-04  3.866657e+15  153
  42  1.3352989105e+01  1.9887131929e+01  1.7034841400e+01  1.6599890311e+01  1.6582408068e+01  1.862157e+04  1.268865e-04  0.000000e+00  0.000000e+00  1.2271728593e-04  1.3074370509e-04  1.674726e+15  153
  43  1.3931227850e+01  1.8568977228e+01  1.5831402544e+01  1.4384936009e+01  1.4139080220e+01  1.901699e+04  1.456300e-04  0.000000e+00  0.000000e+00  6.3147358175e-05  1.3397839211e-04  2.396383e+15  153
  44  1.5677894988e+01  1.4514284136e+01  1.7891491732e+01  1.5843422489e+01  1.6440099010e+01  1.811031e+04  1.984009e-04  0.000000e+00  0.000000e+00  8.9381582985e-05  1.3053702423e-04  2.096778e+15  153
  45  1.0993335430e+01  1.4810710557e+01  1.5739879687e+01  2.0019475419e+01  1.8749047014e+01  7.347021e+02  1.548676e-04  0.000000e+00  0.000000e+00  1.4027114757e-04  1.1420055307e-04  1.871305e+15  153
  46  9.7251226986e+00  1.4181224090e+01  1.4271781270e+01  1.4760503165e+01  1.5491416277e+01  1.656441e+03  1.656207e-04  0.000000e+00  0.000000e+00  8.3407750915e-05  2.7914543898e-04  2.181518e+15  153
  47  1.0406289612e+01  1.3997375242e+01  1.0285093801e+01  1.0438570847e+01  1.1124424609e+01  4.168351e+03  1.056088e-04  0.000000e+00  0.000000e+00  8.1673021147e-05  1.3561236847e-04  4.476569e+15  153
  48  7.8728878290e+00  1.0898465152e+01  1.2647765530e+01  1.2585727759e+01  1.2582532710e+01  5.952584e+02  7.402533e-05  0.000000e+00  0.000000e+00  1.0034509228e-04  7.4735875387e-05  2.067222e+15  153
  49  6.7436675891e+00  7.8104299015e+00  7.9467442666e+00  7.8441451684e+00  7.5265602294e+00  2.167854e+04  9.621441e-05  0.000000e+00  0.000000e+00  2.8035146600e-05  9.8308304587e-05  2.478812e+15  153
  50  5.3935817183e+00  7.1089870473e+00  7.2343698259e+00  7.2439738584e+00  7.0928206990e+00  1.350942e+04  3.967594e-05  0.000000e+00  0.000000e+00  2.7330605016e-05  4.0053915654e-05  2.442435e+15  153
  51  5.7269769964e+00  8.3196041182e+00  6.7645190527e+00  6.7333836368e+00  6.8870375241e+00  1.154256e+04  2.529604e-05  0.000000e+00  0.000000e+00  2.1133735899e-05  2.5358422135e-05  1.907297e+15  153
  52  5.4869468216e+00  7.1739863195e+00  5.7718088127e+00  5.9438325541e+00  7.2015604236e+00  5.801644e+04  3.031150e-05  0.000000e+00  0.000000e+00  1.5975502752e-05  3.0961413358e-05  2.028349e+15  153
  53  6.8240539364e+00  5.8013056765e+00  5.7575811083e+00  7.2162097904e+00  6.8153459396e+00  3.144270e+03  1.788093e-05  0.000000e+00  0.000000e+00  1.5079100896e-05  2.2683424504e-05  4.710031e+15  153
  54  8.5450996697e+00  5.8877072178e+00  6.1839316126e+00  6.8558855848e+00  5.9826195435e+00  3.363228e+03  1.580267e-05  0.000000e+00  0.000000e+00  1.9122165600e-05  4.4006244934e-05  7.549384e+15  153
  55  9.4724611648e+00  6.4139102448e+00  8.4579936619e+00  6.4569995323e+00  6.3962902523e+00  1.445510e+04  1.866647e-05  0.000000e+00  0.000000e+00  4.5049982287e-05  3.0920586141e-05  6.666479e+15  153
  56  9.8790926769e+00  8.3696239924e+00  9.9570299091e+00  8.4020332623e+00  8.3873168561e+00  7.582703e+02  5.314049e-05  0.000000e+00  0.000000e+00  6.9552279588e-05  1.4148845366e-05  6.578483e+15  153
  57  1.0076438611e+01  7.6180926445e+00  7.9033168433e+00  7.6216708248e+00  7.6383542546e+00  9.347048e+03  5.448757e-05  0.000000e+00  0.000000e+00  4.7688554986e-05  2.8851442039e-05  6.218742e+15  153
  58  1.1791728098e+01  8.1759170251e+00  8.2081183649e+00  8.1552425654e+00  8.1505499906e+00  1.166013e+04  3.082500e-05  0.000000e+00  0.000000e+00  4.4450317593e-05  2.8840402592e-05  2.657064e+15  153
  59  1.3904278887e+01  1.1730438832e+01  1.1313563302e+01  1.1315761876e+01  1.1301782748e+01  8.583541e+03  3.013397e-05  0.000000e+00  0.000000e+00  7.9738338076e-05  2.9887362871e-05  1.089130e+16  153
  60  1.6492181169e+01  1.4359961563e+01  1.2748306012e+01  1.2252503276e+01  1.4594853558e+01  1.117830e+04  5.946259e-05  0.000000e+00  0.000000e+00  1.3258313611e-04  5.8440589783e-05  8.872021e+15  153
  61  1.5053967907e+01  1.4816644145e+01  1.4426608448e+01  1.3088727329e+01  1.3446027454e+01  1.661834e+04  1.095380e-04  0.000000e+00  0.000000e+00  1.8637013547e-04  1.0239879339e-04  2.477147e+16  153
  62  1.1654263863e+01  1.4121957637e+01  1.4596937073e+01  1.4956059247e+01  1.3789802233e+01  2.540561e+04  1.132514e-04  0.000000e+00  0.000000e+00  1.1609581378e-04  9.8892174719e-05  1.895781e+15  153
  63  1.0948768071e+01  1.5989528090e+01  1.5082567389e+01  1.4490130584e+01  1.5153504302e+01  9.736311e+03  1.226083e-04  0.000000e+00  0.000000e+00  7.7067581898e-05  1.1768094555e-04  3.142257e+15  153
  64  1.2131032836e+01  1.3685525551e+01  1.0637443930e+01  1.2549094112e+01  1.3914915664e+01  2.079574e+04  1.327218e-04  0.000000e+00  0.000000e+00  4.8449692863e-05  1.5899892605e-04  2.823751e+15  153
  65  1.1839418432e+01  1.2358768183e+01  1.1809870271e+01  1.3108000800e+01  1.3395916422e+01  2.163054e+04  6.445777e-05  0.000000e+00  0.000000e+00  9.0962509827e-05  7.7987438999e-05  3.069324e+15  153
  66  9.9038361951e+00  1.1843157993e+01  1.5396032880e+01  1.6044717051e+01  1.1240559665e+01  7.974767e+03  8.328183e-05  0.000000e+00  0.000000e+00  8.4816286378e-05  1.1359849304e-04  1.613716e+15  153
  67  9.0722996677e+00  1.1311494055e+01  1.2936186719e+01  1.0920282294e+01  1.1494054833e+01  3.548434e+04  2.247600e-04  0.000000e+00  0.000000e+00  5.1888926062e-05  2.0025656704e-04  2.818043e+15  153
  68  8.5920800374e+00  1.2087184178e+01  9.9290031720e+00  1.0601102590e+01  9.7702863875e+00  1.322554e+03  1.020769e-04  0.000000e+00  0.000000e+00  5.8569310175e-05  8.1077803770e-05  3.332889e+15  153
  69  5.7164278213e+00  9.5355059018e+00  7.7202635605e+00  8.1687100702e+00  9.6514469781e+00  2.091999e+04  6.308645e-05  0.000000e+00  0.000000e+00  3.9519357637e-05  6.4432591898e-05  2.035045e+15  153
  70  5.4036755107e+00  7.7283579222e+00  7.5740553478e+00  7.2797738408e+00  7.3943929926e+00  6.059411e+04  3.978541e-05  0.000000e+00  0.000000e+00  1.6406985619e-05  4.4855194574e-05  2.354991e+15  153
  71  4.7563905400e+00  7.0683820418e+00  6.2553055560e+00  6.3426068408e+00  5.7479569496e+00  8.592893e+03  3.846624e-05  0.000000e+00  0.000000e+00  1.1847810409e-05  3.8848569602e-05  1.580903e+15  153
  72  4.9671303347e+00  6.1864894466e+00  5.0861273524e+00  5.6541282088e+00  5.3767049880e+00  1.107211e+03  1.979554e-05  0.000000e+00  0.000000e+00  1.2309934802e-05  1.9555237486e-05  1.326180e+15  153
  73  5.3580890249e+00  5.7716373843e+00  6.6895359897e+00  6.3647071922e+00  6.3354738868e+00  2.937355e+03  1.773273e-05  0.000000e+00  0.000000e+00  1.1443989502e-05  3.1171946830e-05  1.873051e+15  153
  74  5.1299334210e+00  6.3937145124e+00  5.5292372409e+00  5.2548210624e+00  5.4272559121e+00  6.645714e+03  2.996498e-05  0.000000e+00  0.000000e+00  1.1671508414e-05  2.2777418963e-05  2.267778e+15  153
  75  5.3481352261e+00  5.0318334016e+00  6.2220980579e+00  6.3480201218e+00  6.1151719945e+00  2.163777e+04  1.688578e-05  0.000000e+00  0.000000e+00  1.8069869230e-05  1.4372853911e-05  2.256248e+15  153
  76  5.2345875431e+00  6.0872674353e+00  6.5204394732e+00  7.5427973692e+00  6.6807205205e+00  1.337658e+04  1.367997e-05  0.000000e+00  0.000000e+00  1.5814854007e-05  2.5202882171e-05  1.614881e+15  153
  77  4.8610874411e+00  6.4960781884e+00  5.6238515529e+00  6.9104067001e+00  7.0581886838e+00  3.815337e+03  1.779577e-05  0.000000e+00  0.000000e+00  1.5509247507e-05  2.7988388865e-05  1.546908e+15  153
  78  6.0778490567e+00  5.8758631945e+00  6.7362901836e+00  5.6962072352e+00  5.0433842069e+00  7.148941e+03  2.550432e-05  0.000000e+00  0.000000e+00  9.2480444172e-06  2.6507474104e-05  2.478280e+15  153
  79  5.6075202841e+00  5.9668687982e+00  6.0799229569e+00  6.3201902022e+00  5.6280233100e+00  2.721999e+03  3.828245e-05  0.000000e+00  0.000000e+00  1.7858256171e-05  2.3578131731e-05  2.125282e+15  153
  80  3.9973023408e+00  5.7607579972e+00  6.0676230974e+00  6.8976640106e+00  6.6784624014e+00  1.308853e+04  2.652287e-05  0.000000e+00  0.000000e+00  2.3386263111e-05  2.4534108888e-05  2.786637e+15  153
  81  2.6369058853e+00  5.4822740144e+00  6.5056626523e+00  5.5559993434e+00  6.1206344306e+00  4.742587e+03  2.212495e-05  0.000000e+00  0.000000e+00  1.1744288570e-05  2.4925050639e-05  1.949917e+15  153
  82  2.4133031047e+00  5.3868040835e+00  5.6781152283e+00  5.2814815177e+00  5.4670554015e+00  4.456418e+03  2.056501e-05  0.000000e+00  0.000000e+00  5.3371310782e-06  1.2362640518e-05  1.139234e+15  153
  83  2.8200858905e+00  5.7829640090e+00  5.0887246413e+00  5.0724780097e+00  5.3986242237e+00  1.972563e+03  1.753930e-05  0.000000e+00  0.000000e+00  2.9105780226e-06  1.7435397240e-05  3.822214e+15  153
  84  2.2098678525e+00  4.1068392861e+00  4.0826314531e+00  4.0387115916e+00  4.4637826909e+00  1.230072e+03  1.697051e-05  0.000000e+00  0.000000e+00  6.7777658087e-06  2.0822101760e-05  2.559219e+15  153
  85  1.4086011019e+00  2.9199070142e+00  2.8112691623e+00  2.6955771828e+00  2.9089157840e+00  4.333390e+03  1.287826e-05  0.000000e+00  0.000000e+00  5.0401687495e-06  1.0020573427e-05  1.264479e+15  153
  86  1.3590117734e+00  2.2563388331e+00  2.2970577479e+00  2.2098818507e+00  2.2536528923e+00  4.880000e+03  5.375766e-06  0.000000e+00  0.000000e+00  1.0992326459e-06  4.8840961426e-06  1.020391e+15  153
  87  9.3041984733e-01  2.1692432953e+00  1.8032329858e+00  1.8796674531e+00  1.9820036649e+00  9.106074e+04  3.068850e-06  0.000000e+00  0.000000e+00  9.2883315516e-07  3.0103319659e-06  1.260906e+15  153
  88  8.2771110202e-01  1.8971129769e+00  1.3795492089e+00  1.4998634147e+00  1.6612601885e+00  3.055013e+03  1.940318e-06  0.000000e+00  0.000000e+00  7.7885757805e-07  2.0442773803e-06  1.301820e+15  153
  89  5.3702590467e-01  1.3599140808e+00  1.0746406108e+00  1.0575100218e+00  1.0720853393e+00  5.599329e+03  1.916988e-06  0.000000e+00  0.000000e+00  3.4705484630e-07  2.3106670142e-06  8.247812e+14  153
  90  3.9489972214e-01  1.2099440899e+00  9.9023916217e-01  9.8116413283e-01  1.0208531722e+00  7.360391e+03  7.384735e-07  0.000000e+00  0.000000e+00  1.7460762606e-07  8.1374605543e-07  9.349835e+14  153
  91  3.2130877259e-01  9.1924576910e-01  7.5108814031e-01  7.9041065347e-01  9.1639743810e-01  3.214803e+04  7.137173e-07  0.000000e+00  0.000000e+00  9.1124900925e-08  6.8159931743e-07  7.165873e+14  153
  92  2.9468778423e-01  7.7582977696e-01  6.3574762386e-01  6.5315914447e-01  6.4036466380e-01  1.176680e+04  4.347024e-07  0.000000e+00  0.000000e+00  5.5883189117e-08  4.4809536348e-07  1.192359e+15  153
  93  1.8349551414e-01  5.6445779765e-01  4.3340136796e-01  5.0724140663e-01  5.6882174846e-01  1.544991e+04  2.400715e-07  0.000000e+00  0.000000e+00  6.1576536864e-08  3.2754451240e-07  9.508752e+14  153
  94  1.2817877555e-01  3.6838324622e-01  3.7471328021e-01  4.6140715344e-01  4.6567619542e-01  7.159590e+03  1.345019e-07  0.000000e+00  0.000000e+00  2.5278607099e-08  2.5916261848e-07  7.927271e+14  153
  95  7.1897482818e-02  3.4496675072e-01  3.1255935090e-01  3.5285293655e-01  3.4536140061e-01  2.369400e+05  9.628553e-08  0.000000e+00  0.000000e+00  8.0907927222e-09  1.6631770450e-07  3.527089e+14  153
  96  5.0321913007e-02  2.6137904995e-01  2.4095829289e-01  2.5083814693e-01  2.7617546953e-01  7.242310e+03  6.931387e-08  0.000000e+00  0.000000e+00  3.9746855798e-09  9.3350308816e-08  6.214916e+14  153
  97  4.0283361197e-02  2.5328326458e-01  1.8934729289e-01  1.9323965663e-01  2.3055636632e-01  1.382194e+04  5.928156e-08  0.000000e+00  0.000000e+00  1.4738173532e-09  4.1356472025e-08  9.154481e+14  153
  98  4.8197111746e-02  1.4300780675e-01  1.1022573287e-01  1.5713853475e-01  1.5092743399e-01  4.478196e+03  2.347405e-08  0.000000e+00  0.000000e+00  9.2751971176e-10  2.6487043669e-08  1.644988e+15  153
  99  4.8980439208e-02  9.6490694526e-02  7.2121286344e-02  1.0424553256e-01  9.5127089727e-02  2.274418e+03  7.043360e-09  0.000000e+00  0.000000e+00  1.6730646416e-09  2.2701563296e-08  2.570347e+15  153
 100  7.6567066981e-02  5.7782135058e-02  4.3311099414e-02  5.6749930536e-02  5.5425710838e-02  2.305961e+03  4.983816e-09  0.000000e+00  0.000000e+00  8.4696367969e-10  6.8632211025e-09  1.621652e+15  153
 101  6.2629654535e-02  4.1445948300e-02  4.7469865313e-02  3.4319230462e-02  3.4448074027e-02  1.734366e+04  1.857212e-09  0.000000e+00  0.000000e+00  2.4826269326e-09  2.9637128307e-09  1.976011e+15  153
 102  5.8145583784e-02  5.0118792873e-02  4.0353701776e-02  3.7468753108e-02  3.6511632725e-02  9.214464e+03  1.701448e-09  0.000000e+00  0.000000e+00  3.0052503644e-09  5.3830495617e-10  2.414944e+15  153
 103  6.9529383075e-02  3.8224017351e-02  4.7573981400e-02  5.1176845695e-02  4.7620500089e-02  8.585822e+03  6.533369e-10  0.000000e+00  0.000000e+00  1.4570136909e-09  5.6471849419e-10  2.315203e+15  153
 104  7.6187946706e-02  5.3878855482e-02  8.4643428374e-02  7.4795537690e-02  6.6597819992e-02  3.211213e+04  8.423600e-10  0.000000e+00  0.000000e+00  1.6672606011e-09  9.7437524715e-10  3.719464e+15  153
 105  6.9469389290e-02  6.6658131356e-02  7.2935130283e-02  7.6570162676e-02  7.8905887886e-02  3.111496e+03  4.660242e-09  0.000000e+00  0.000000e+00  5.3073691857e-09  4.5107260149e-09  2.681887e+15  153
 106  4.6725111096e-02  4.9060295790e-02  4.7102987777e-02  4.9203600851e-02  5.2802999315e-02  1.508238e+05  3.195224e-09  0.000000e+00  0.000000e+00  2.9246504565e-09  2.7168756134e-09  1.072846e+15  153
 107  2.2020262707e-02  6.7538044598e-02  5.8552955294e-02  6.0547684464e-02  5.9790571467e-02  1.221400e+03  1.100913e-09  0.000000e+00  0.000000e+00  1.7472773009e-09  1.1838583447e-09  4.954781e+14  153
 108  1.2485352013e-02  7.4766982713e-02  6.8100384150e-02  9.2143035122e-02  6.3093762459e-02  8.467281e+02  1.338895e-09  0.000000e+00  0.000000e+00  3.0454743326e-10  1.8154855397e-09  5.622924e+14  153
 109  7.8648994534e-03  7.1235505981e-02  6.8649876616e-02  6.6665502728e-02  6.1277948038e-02  1.370888e+05  2.611072e-09  0.000000e+00  0.000000e+00  9.5401038655e-11  4.6519730290e-09  4.537373e+14  153
 110  5.4873454802e-03  5.9135572354e-02  4.4349953247e-02  4.2538186099e-02  4.9166700017e-02  5.493373e+03  3.732119e-09  0.000000e+00  0.000000e+00  3.7800598700e-11  2.4883153316e-09  4.380523e+14  153
 111  3.9888750977e-03  3.3895620007e-02  1.8937010596e-02  1.9178081208e-02  2.0189714044e-02  2.017303e+03  1.232230e-09  0.000000e+00  0.000000e+00  1.6462588627e-11  1.0352394497e-09  5.197799e+14  153
 112  2.5240886144e-03  1.8170342110e-02  1.1766084179e-02  1.0657178677e-02  1.2059382139e-02  1.358521e+03  2.472598e-10  0.000000e+00  0.000000e+00  1.5640315673e-11  2.3053403631e-10  4.683564e+14  153
 113  1.4453802271e-03  1.1455426008e-02  8.4975669617e-03  8.2393712382e-03  8.9410413040e-03  5.809031e+04  9.502588e-11  0.000000e+00  0.000000e+00  5.6532068701e-12  7.9138029463e-11  4.158061e+14  153
 114  9.0064936690e-04  8.8769103709e-03  7.4832279259e-03  7.0232055076e-03  6.8764293600e-03  1.049728e+04  6.189871e-11  0.000000e+00  0.000000e+00  1.3586943206e-12  7.2809536178e-11  3.665470e+14  153
 115  7.8559978154e-04  6.1860059356e-03  6.2894165377e-03  5.4128784933e-03  6.3246067220e-03  1.440072e+05  3.053174e-11  0.000000e+00  0.000000e+00  7.1527037072e-13  4.5547232652e-11  5.572339e+14  153
 116  5.7656850947e-04  5.6587864575e-03  3.7629113617e-03  3.5970843061e-03  4.0082417579e-03  4.710995e+03  2.809006e-11  0.000000e+00  0.000000e+00  3.8039239475e-13  2.8965080334e-11  4.621206e+14  153
 117  4.9456967500e-04  2.8047341142e-03  1.8032760821e-03  1.9388313195e-03  2.9515355765e-03  1.256192e+03  9.463874e-12  0.000000e+00  0.000000e+00  2.8048185935e-13  1.0297457331e-11  8.507704e+14  153
 118  2.2551125565e-04  1.5386011564e-03  1.3812194712e-03  1.3513818707e-03  1.5810891970e-03  1.300353e+04  2.345062e-12  0.000000e+00  0.000000e+00  1.4441747574e-13  2.9215796449e-12  4.500695e+14  153
 119  1.5518142192e-04  1.0588881216e-03  1.1671741544e-03  1.0116271412e-03  1.1186048388e-03  1.962289e+04  1.562524e-12  0.000000e+00  0.000000e+00  3.9520027042e-14  1.4382661728e-12  4.301433e+14  153
 120  1.2871659438e-04  8.0585158788e-04  7.8324861420e-04  8.7815644315e-04  9.3390496049e-04  3.429680e+03  1.637510e-12  0.000000e+00  0.000000e+00  3.4397514464e-14  1.0292010300e-12  5.748403e+14  153
 121  6.8218384624e-05  7.0827274187e-04  5.2624856822e-04  5.6913516210e-04  7.5835665795e-04  4.588851e+03  5.385414e-13  0.000000e+00  0.000000e+00  2.0153393178e-14  6.3155383700e-13  7.925905e+14  153
 122  3.8494739160e-05  4.2986539225e-04  3.6110813766e-04  5.1050946436e-04  4.4754814242e-04  7.378308e+02  2.061910e-13  0.000000e+00  0.000000e+00  3.9267562244e-15  3.1766776709e-13  6.344668e+14  153
 123  3.5064249323e-05  3.2943068196e-04  2.4690146191e-04  2.5593098983e-04  3.2510022346e-04  1.341854e+05  1.121690e-13  0.000000e+00  0.000000e+00  1.5611464381e-15  1.9440438842e-13  7.018809e+14  153
 124  2.1645562976e-05  2.1420506239e-04  2.2947342360e-04  1.9145969412e-04  2.2976287107e-04  3.044065e+04  6.685798e-14  0.000000e+00  0.000000e+00  1.1799455370e-15  5.2773757586e-14  6.179732e+14  153
 125  1.2098088371e-05  1.7462615809e-04  1.0773619923e-04  9.5432062154e-05  1.4807895013e-04  7.352002e+04  4.002397e-14  0.000000e+00  0.000000e+00  2.4234226462e-16  2.3617826445e-14  3.449212e+14  153
 126  9.0438008214e-06  7.7591346513e-05  6.4352206558e-05  6.8697565990e-05  6.6565213324e-05  3.397088e+03  1.357486e-14  0.000000e+00  0.000000e+00  1.1474649273e-16  7.6760429610e-15  4.461498e+14  153
 127  6.2871627347e-06  4.8397723661e-05  3.8720431529e-05  4.5223470253e-05  4.1680861284e-05  4.284480e+04  3.837750e-15  0.000000e+00  0.000000e+00  6.8396240659e-17  4.3478133420e-15  4.755713e+14  153
 128  2.1888119697e-06  4.0272642536e-05  4.3143378093e-05  3.9372838309e-05  3.6159734795e-05  4.499425e+03  1.084853e-15  0.000000e+00  0.000000e+00  2.7954465870e-17  1.3415917682e-15  2.652482e+14  153
 129  1.4855660877e-06  3.9486211663e-05  2.4652429919e-05  2.7682611905e-05  2.5491621195e-05  1.047185e+04  1.440119e-15  0.000000e+00  0.000000e+00  3.4395539945e-18  1.5292671643e-15  4.005671e+14  153
 130  9.1306990460e-07  1.9991208704e-05  1.6440836804e-05  2.0377952222e-05  2.1154430878e-05  7.176506e+02  3.508817e-16  0.000000e+00  0.000000e+00  1.4428610735e-18  5.6256540225e-16  2.974673e+14  153
 131  5.3027078199e-07  1.5476316711e-05  1.1341350042e-05  1.3859946435e-05  1.9506914135e-05  2.067742e+05  1.982464e-16  0.000000e+00  0.000000e+00  6.0938170166e-19  3.0859104334e-16  4.429456e+14  153
 132  2.3320667272e-07  1.4305166163e-05  1.0397434047e-05  1.0005727524e-05  1.6078320992e-05  3.033763e+04  1.052252e-16  0.000000e+00  0.000000e+00  3.7455586693e-19  1.5033818374e-16  3.348361e+14  153
 133  1.2048770973e-07  1.0497681002e-05  6.4021257113e-06  7.2207620031e-06  1.2793634038e-05  8.381747e+03  1.017388e-16  0.000000e+00  0.000000e+00  4.9839419131e-20  8.5987396673e-17  3.838512e+14  153
 134  5.8454045207e-08  6.5321087840e-06  2.9159387074e-06  4.7446336193e-06  1.3876319826e-05  1.675822e+03  2.726006e-17  0.000000e+00  0.000000e+00  1.0162769812e-20  5.7530477778e-17  3.335625e+14  153
 135  3.6335129550e-08  5.9277021858e-06  1.4561025182e-06  2.1927661216e-06  1.6822816218e-05  7.820242e+03  8.388167e-18  0.000000e+00  0.000000e+00  3.6582767569e-21  1.9032830325e-17  4.268597e+14  153
 136  3.2264870106e-08  7.3342953043e-06  1.2983678874e-06  1.4038933313e-06  3.0747310353e-05  6.917571e+03  1.275420e-18  0.000000e+00  0.000000e+00  1.0871877867e-21  4.0721108939e-18  5.100888e+14  153
 137  3.4751644226e-08  1.2403649288e-05  1.1393832503e-06  1.3644177679e-06  4.1424440172e-05  1.702763e+05  1.357264e-18  0.000000e+00  0.000000e+00  7.2861609578e-22  1.4040629892e-18  1.107960e+15  153
 138  1.9303814354e-08  1.4688437476e-05  5.8941462578e-07  9.4978283441e-07  6.0221449683e-05  1.286555e+04  9.619118e-19  0.000000e+00  0.000000e+00  1.0312403368e-21  1.3895575500e-18  7.788460e+14  153
 139  1.1656736478e-08  1.7631941839e-05  7.0164881033e-07  5.5707260459e-07  5.2280341272e-05  1.087761e+04  2.599332e-19  0.000000e+00  0.000000e+00  3.6091996834e-22  6.4596850140e-19  4.953232e+14  153
 140  9.7220978336e-09  3.5553672547e-05  7.1970448945e-07  9.4338701638e-07  6.3808038923e-05  2.169811e+04  3.309781e-19  0.000000e+00  0.000000e+00  1.3023729120e-22  9.9341082845e-20  5.889958e+14  153
 141  4.3427010978e-09  4.8667098928e-05  1.2170729224e-06  1.8276469352e-06  5.2563689285e-05  1.408425e+04  1.621274e-19  0.000000e+00  0.000000e+00  8.4914657336e-23  2.4929238429e-19  4.626748e+14  153
 142  2.4963791521e-09  3.8923350508e-05  1.7578614296e-06  3.5837834809e-06  2.6060987117e-05  5.678866e+04  3.839177e-19  0.000000e+00  0.000000e+00  1.9793250649e-23  1.0275568441e-18  3.714631e+14  153
 143  2.0805369201e-09  2.1568847899e-05  2.8696827848e-06  3.4710191198e-06  2.0455734906e-05  3.398216e+03  1.035815e-18  0.000000e+00  0.000000e+00  5.5095331770e-24  6.7055363269e-18  5.705664e+14  153
 144  1.5158419884e-09  1.5392792226e-05  3.2012406008e-06  3.9588987940e-06  1.1229242349e-05  1.815897e+04  3.665959e-18  0.000000e+00  0.000000e+00  3.6509162730e-24  3.5545737632e-18  5.719763e+14  153
 145  9.2280871287e-10  1.4652386512e-05  2.5555545752e-06  3.8741156414e-06  6.4556325078e-06  3.040402e+03  8.569432e-18  0.000000e+00  0.000000e+00  2.4535268750e-24  1.3631301220e-17  4.303081e+14  153
 146  5.8046722205e-10  1.4287608266e-05  2.3175048612e-06  1.9224122271e-06  7.2534700171e-06  5.533775e+03  4.351208e-18  0.000000e+00  0.000000e+00  8.0080829450e-25  1.3705840120e-17  3.690977e+14  153
 147  2.6970119680e-10  1.8120687403e-05  1.7363949327e-06  2.0353930755e-06  8.8326267674e-06  4.470748e+04  3.083412e-18  0.000000e+00  0.000000e+00  1.7357267190e-25  2.9908733368e-18  1.912436e+14  153
 148  1.0568637668e-10  1.7325176155e-05  2.0640663349e-06  2.0593612328e-06  7.0091047396e-06  3.419758e+03  1.770934e-18  0.000000e+00  0.000000e+00  7.2520483020e-26  3.3610267347e-18  1.330713e+14  153
 149  5.4458036792e-11  1.3723894124e-05  1.7063781572e-06  1.5328947175e-06  7.1540344825e-06  5.772551e+04  3.700263e-18  0.000000e+00  0.000000e+00  9.3352313014e-27  2.6376605977e-18  1.959856e+14  153
 150  5.0009807955e-11  1.0010126765e-05  1.3529626630e-06  1.2138016831e-06  5.0686017652e-06  8.141845e+03  1.279337e-18  0.000000e+00  0.000000e+00  3.7420057826e-27  2.2001680805e-18  3.131886e+14  153
 151  2.3393089271e-11  8.3967873921e-06  1.2354280928e-06  1.4048987919e-06  3.5555266242e-06  1.497165e+03  1.343712e-18  0.000000e+00  0.000000e+00  2.1904860169e-27  1.2028926642e-18  3.640204e+14  153
 152  9.6179801648e-12  7.9591513783e-06  1.5527915340e-06  8.5277216609e-07  3.1054283370e-06  1.389628e+04  9.914521e-19  0.000000e+00  0.000000e+00  6.0979463577e-28  1.0797552495e-18  2.092364e+14  153
 153  5.5076529694e-12  5.8607578342e-06  2.0854340126e-06  9.7266644842e-07  2.6458785015e-06  1.604111e+05  9.607471e-19  0.000000e+00  0.000000e+00  9.4676316639e-29  3.1244927842e-19  1.961840e+14  153
 154  5.7478617637e-12  4.1791925600e-06  2.6183332123e-06  1.7448044463e-06  2.0098819381e-06  3.235532e+04  2.869959e-18  0.000000e+00  0.000000e+00  1.7076076844e-29  4.0832282014e-19  3.603175e+14  153
 155  2.4127070885e-12  2.7114330369e-06  2.4109392685e-06  1.5929025064e-06  2.3998644950e-06  6.801411e+03  4.614212e-18  0.000000e+00  0.000000e+00  4.9029208517e-29  2.1639574220e-18  4.160066e+14  153
 156  9.4803782666e-13  2.7930620211e-06  2.0943156647e-06  1.3774333294e-06  1.9741091736e-06  1.312889e+03  2.929040e-18  0.000000e+00  0.000000e+00  4.7924423361e-30  1.4628258999e-18  9.062560e+13  153
 157  6.4364778924e-13  2.8488641505e-06  1.8018239869e-06  1.1522082608e-06  1.5949478267e-06  4.465784e+03  3.519845e-18  0.000000e+00  0.000000e+00  5.0739905290e-31  9.5788838423e-19  1.658535e+14  153
 158  3.1586995008e-13  2.8744827326e-06  1.3702512042e-06  8.6480108919e-07  1.9219753185e-06  7.799430e+03  3.559232e-18  0.000000e+00  0.000000e+00  4.3556564600e-31  1.1099307983e-18  3.059934e+14  153
 159  8.9112127920e-14  3.7793518753e-06  1.2375297185e-06  9.5833590718e-07  3.0708837781e-06  5.804065e+03  1.390828e-18  0.000000e+00  0.000000e+00  7.3335192205e-32  5.5448894310e-19  1.229909e+14  153
 160  4.5575550262e-14  4.7310722960e-06  9.0673711264e-07  6.8746495459e-07  3.4129358688e-06  2.203804e+03  8.898081e-19  0.000000e+00  0.000000e+00  7.1425069176e-33  4.7635015371e-19  1.691198e+14  153
 161  1.5395973002e-14  3.7922491197e-06  6.5587065740e-07  5.1882107421e-07  2.8174125720e-06  9.534642e+03  5.899584e-19  0.000000e+00  0.000000e+00  3.0231447235e-33  3.3669559653e-19  1.040195e+14  153
 162  8.9361073410e-15  2.9832922453e-06  7.7441698149e-07  5.2435197847e-07  2.6795155582e-06  2.799956e+04  3.928115e-19  0.000000e+00  0.000000e+00  2.3555311229e-34  2.2012268717e-19  3.082414e+14  153
 163  5.4813863474e-15  2.7828933054e-06  6.7524419170e-07  6.3255385389e-07  2.2073719364e-06  1.024231e+04  2.920146e-19  0.000000e+00  0.000000e+00  7.6691179098e-35  1.9269999550e-19  2.045140e+14  153
 164  5.8775375189e-15  1.9594022143e-06  6.4743332253e-07  7.6077141148e-07  1.6919488084e-06  4.658586e+04  2.113612e-19  0.000000e+00  0.000000e+00  2.0834266682e-35  3.9159391943e-19  5.246796e+14  153
 165  3.8350462092e-15  1.2835711176e-06  6.1547528848e-07  6.0562754857e-07  1.7942202534e-06  3.579849e+04  3.375426e-19  0.000000e+00  0.000000e+00  2.1427829586e-35  3.1668444315e-19  3.084666e+14  153
 166  8.7411882662e-15  8.2000460404e-07  4.3225810067e-07  5.9300753695e-07  1.4357460438e-06  1.040735e+04  2.491336e-19  0.000000e+00  0.000000e+00  3.8474464286e-36  2.0381730293e-19  1.049808e+15  153
 167  1.2476825473e-14  1.0077780107e-06  3.1451137030e-07  5.2205261791e-07  1.2860713741e-06  1.486274e+04  1.529159e-19  0.000000e+00  0.000000e+00  3.4379292210e-35  2.8963232840e-19  1.381779e+15  153
 168  2.0273258655e-14  5.8315715110e-07  2.1753211409e-07  2.9403256384e-07  1.4622063242e-06  1.731641e+04  1.021866e-19  0.000000e+00  0.000000e+00  2.3411291777e-35  1.8587079236e-19  2.630558e+15  153
 169  2.9641555848e-14  5.6907079228e-07  1.3475404137e-07  1.7327481133e-07  2.3409593703e-06  2.917932e+06  7.566386e-20  0.000000e+00  0.000000e+00  1.3562689022e-34  8.0759297565e-20  8.263516e+15  153
 170  2.2244022446e-14  9.5832487657e-07  8.8767427185e-08  1.3534171147e-07  3.5182879474e-06  5.603305e+03  1.475690e-20  0.000000e+00  0.000000e+00  6.2168655283e-34  2.7594745235e-20  1.293599e+15  153
 171  1.7160244447e-14  1.3275323412e-06  8.6970894306e-08  1.4659753962e-07  4.6404676017e-06  1.555128e+04  6.076469e-21  0.000000e+00  0.000000e+00  3.6220193286e-34  1.1759199588e-20  3.061734e+15  153
 172  6.8301554590e-15  1.8736114955e-06  1.1894752242e-07  1.2710676714e-07  2.8561153510e-06  2.652912e+05  5.657915e-21  0.000000e+00  0.000000e+00  3.0722049188e-34  1.1653320470e-20  5.029979e+14  153
 173  3.8854590265e-15  1.2867555251e-06  1.1985419586e-07  1.7482837380e-07  2.9161754723e-06  1.431039e+04  8.377685e-21  0.000000e+00  0.000000e+00  2.2135652241e-35  7.8780681540e-21  2.642696e+14  153
 174  7.9143514620e-15  1.1620178326e-06  1.0818585533e-07  2.1784290002e-07  3.8471976267e-06  5.142607e+04  8.043504e-21  0.000000e+00  0.000000e+00  5.4895430541e-37  1.5696579304e-20  3.185105e+14  153
 175  6.8773919115e-15  1.3034744890e-06  1.0781139926e-07  1.9609372231e-07  2.9177438517e-06  1.845018e+03  7.679545e-21  0.000000e+00  0.000000e+00  3.9423283482e-35  2.9407925137e-20  8.275514e+14  153
 176  3.0476841718e-15  1.6066488645e-06  1.5835770448e-07  1.6369699818e-07  6.4174183433e-06  1.864603e+04  6.786190e-21  0.000000e+00  0.000000e+00  4.3389813719e-35  2.8931469105e-20  4.167622e+14  153
 177  2.6676740025e-15  1.7606700689e-06  9.8030825745e-08  2.1339890658e-07  4.3705746954e-06  2.104076e+04  1.368488e-20  0.000000e+00  0.000000e+00  8.8793032155e-36  2.3114735037e-20  7.615155e+14  153
 178  2.3708526457e-15  2.7523216761e-06  1.0915064815e-07  9.6459350007e-08  3.7628466759e-06  1.181994e+04  3.505591e-21  0.000000e+00  0.000000e+00  2.8761262687e-36  3.3788673662e-20  6.344223e+14  153
 179  4.1435071290e-15  1.6457745340e-06  1.4683179846e-07  8.3634180248e-08  4.1669255824e-06  9.637216e+02  7.924390e-21  0.000000e+00  0.000000e+00  5.1399250966e-37  5.8018448164e-21  7.627242e+14  153
 180  1.0703773947e-14  1.6859812077e-06  1.2627751927e-07  7.2574846635e-08  2.6885325332e-06  3.881305e+04  8.682088e-21  0.000000e+00  0.000000e+00  5.0791437958e-36  7.8251285948e-21  2.632595e+15  153
 181  4.9523527672e-15  1.6787602854e-06  1.9519819105e-07  7.0104838976e-08  2.0478193033e-06  2.415314e+03  6.878834e-21  0.000000e+00  0.000000e+00  1.0407366240e-34  3.5122088809e-21  8.284329e+14  153
 182  1.3994201135e-15  9.0402628298e-07  3.7262331433e-07  6.3720349386e-08  1.0234401934e-06  7.554868e+03  1.163016e-20  0.000000e+00  0.000000e+00  1.2505654487e-35  4.8141911651e-21  1.386299e+14  153
 183  8.2558831934e-16  9.1177128126e-07  3.2332456367e-07  1.0052946688e-07  9.1067875030e-07  1.503302e+04  1.340165e-19  0.000000e+00  0.000000e+00  2.1148165709e-36  1.6816581853e-21  4.076145e+14  153
 184  1.0974794677e-15  7.8346231529e-07  1.8779260077e-07  6.5819456323e-08  8.1649185427e-07  1.466598e+03  6.417598e-20  0.000000e+00  0.000000e+00  2.1498229360e-37  7.6663099171e-21  4.330658e+14  153
 185  4.7826565064e-15  9.9120054982e-07  1.0488858987e-07  3.9312887096e-08  1.3544266661e-06  1.868989e+04  4.566037e-20  0.000000e+00  0.000000e+00  1.5858617485e-37  3.6247054442e-21  3.412679e+15  153
 186  1.1004091353e-15  8.5891347518e-07  1.2044975281e-07  1.8813774953e-08  7.9127006968e-07  7.396413e+03  5.863056e-21  0.000000e+00  0.000000e+00  1.2586370133e-35  1.3698110944e-21  1.255244e+14  153
 187  1.5238417495e-15  1.3291895444e-06  9.6073609045e-08  2.2594171658e-08  4.8727843763e-07  1.351562e+04  1.098827e-20  0.000000e+00  0.000000e+00  7.0595529380e-37  2.0369322584e-22  1.447419e+15  153
 188  1.1877371850e-15  5.3464785671e-07  1.5831935922e-07  2.6301362011e-08  3.2438343463e-07  1.106249e+04  4.314574e-21  0.000000e+00  0.000000e+00  1.9559794122e-36  3.5692843432e-22  7.229848e+14  153
 189  5.9126650266e-15  4.8946572521e-07  1.2243704406e-07  4.9527844848e-08  3.4616056305e-07  9.779792e+03  1.838988e-20  0.000000e+00  0.000000e+00  6.4417741297e-38  2.5683958020e-22  1.772912e+15  153
 190  9.6092547131e-16  4.2924933978e-07  1.3598346125e-07  4.4731366057e-08  3.2224923952e-07  2.155008e+04  5.800190e-21  0.000000e+00  0.000000e+00  4.8713001292e-35  1.3673295526e-21  2.549875e+14  153
 191  1.2491547850e-15  7.0936218402e-07  7.6889125409e-08  8.0611200964e-08  3.9092826688e-07  1.308224e+03  1.489587e-20  0.000000e+00  0.000000e+00  5.0641493230e-37  5.7075462266e-22  2.978211e+15  153
 192  3.7696589691e-15  7.5506805429e-07  6.6408181323e-08  5.3768253579e-08  6.9831445266e-07  1.723327e+04  2.996048e-21  0.000000e+00  0.000000e+00  5.9347017941e-38  4.8704394467e-21  4.125012e+15  153
 193  1.0511556815e-15  1.0023552016e-06  1.2599558806e-07  5.8403375286e-08  4.0405682063e-07  6.371171e+04  1.402898e-21  0.000000e+00  0.000000e+00  2.6267435450e-35  1.9868878314e-21  7.863667e+14  153
 194  3.7484487259e-15  6.4155335750e-07  1.4822811429e-07  6.6193141862e-08  2.5485641882e-07  2.548912e+04  6.638952e-21  0.000000e+00  0.000000e+00  2.6089044932e-38  1.9935052763e-21  1.794915e+15  153
 195  4.8347919598e-16  3.3415931725e-07  1.8368906514e-07  9.2656065547e-08  1.8198918175e-07  3.064192e+03  7.007874e-21  0.000000e+00  0.000000e+00  1.5348704705e-35  1.8595020170e-21  1.549956e+14  153
 196  1.6685815906e-15  5.4916585834e-07  1.0159796643e-07  1.1373199022e-07  2.8375309925e-07  7.308132e+04  2.258534e-20  0.000000e+00  0.000000e+00  1.2968515942e-38  4.7629059671e-21  2.698744e+15  153
 197  3.7444535770e-16  3.5270299929e-07  1.5233886786e-07  1.2933988496e-07  3.3998717549e-07  5.779532e+03  5.469318e-21  0.000000e+00  0.000000e+00  2.3428772896e-36  5.9854789124e-21  2.973535e+14  153
 198  1.3673955632e-16  3.6810821137e-07  5.8954447706e-08  9.5098136582e-08  4.8657699719e-07  3.749308e+03  1.504145e-20  0.000000e+00  0.000000e+00  1.5638428248e-37  1.2751816323e-20  9.650443e+14  153
 199  3.2786724737e-16  3.7079376519e-07  7.9544639471e-08  7.6709128862e-08  2.3846427683e-07  1.558094e+04  1.517049e-21  0.000000e+00  0.000000e+00  1.2755865650e-39  2.4997398111e-21  5.532314e+15  153
 200  3.1602898802e-16  1.9654479322e-07  9.8352690776e-08  5.1050474749e-08  1.6127496305e-07  5.007577e+03  2.534481e-21  0.000000e+00  0.000000e+00  8.2436203475e-38  5.6562610286e-21  2.569370e+15  153
 201  8.3633901424e-17  8.2857163907e-08  9.8315754731e-08  9.3761683622e-08  8.4192708471e-08  1.020656e+04  6.868908e-21  0.000000e+00  0.000000e+00  1.1525976999e-37  9.8848083200e-22  1.026545e+15  153
 202  1.7760124836e-16  3.1090239253e-08  8.7303730004e-08  7.3095844725e-08  5.4610737988e-08  2.011539e+04  5.998714e-21  0.000000e+00  0.000000e+00  1.2123344803e-39  4.9845903712e-21  4.434056e+15  153
 203  2.8090871324e-16  2.7840139531e-08  2.9261263826e-08  6.0501928686e-08  8.3722987102e-08  1.212567e+06  1.128936e-20  0.000000e+00  0.000000e+00  6.6673776088e-39  3.7868328443e-21  2.743949e+15  153
 204  4.6968684859e-17  1.6666649403e-08  1.7409637951e-08  3.6900535341e-08  9.8019013503e-08  4.043244e+03  9.115530e-22  0.000000e+00  0.000000e+00  1.2060708873e-37  2.7627832459e-21  1.261898e+14  153
 205  2.4249230323e-17  2.4784573218e-08  1.2128163649e-08  2.0026311689e-08  4.4882478060e-08  6.358325e+04  2.012117e-22  0.000000e+00  0.000000e+00  3.5055539475e-39  1.2482155443e-21  4.151562e+14  153
 206  3.3159537903e-17  1.9222872780e-08  1.8638271173e-08  2.9057227015e-08  3.3162785173e-08  2.926415e+03  5.769585e-23  0.000000e+00  0.000000e+00  1.6647197822e-40  1.1704605668e-22  6.263343e+14  153
 207  1.1938246854e-17  1.5192113253e-08  1.6113958050e-08  2.7940647349e-08  2.4837393325e-08  1.413540e+04  2.055544e-22  0.000000e+00  0.000000e+00  1.3949115964e-39  6.2617572370e-22  1.565705e+14  153
 208  5.0342822892e-18  9.7417080935e-09  1.0916691236e-08  2.3279571644e-08  2.7771587739e-08  6.303970e+03  1.763963e-22  0.000000e+00  0.000000e+00  2.2283972305e-40  5.0954325733e-22  5.352732e+14  153
 209  5.5295291260e-18  8.7004406153e-09  8.2344812522e-09  1.8662795822e-08  4.2494824165e-08  6.586580e+03  1.172529e-22  0.000000e+00  0.000000e+00  1.8424246504e-41  3.5816920524e-22  1.408893e+15  153
 210  7.7361304450e-18  1.3225375481e-08  4.8958490930e-09  2.0136654048e-08  2.9650114705e-08  2.116343e+03  5.997059e-23  0.000000e+00  0.000000e+00  8.8644376651e-42  2.4050276310e-22  1.146511e+15  153
 211  2.2009305497e-18  2.5581024276e-08  6.8064395992e-09  2.3318544006e-08  1.8591429311e-08  3.072493e+03  1.026221e-23  0.000000e+00  0.000000e+00  7.7369513711e-41  1.7536228986e-22  2.404696e+14  153
 212  1.3967781119e-18  2.0304994721e-08  7.2240842981e-09  2.7083518601e-08  1.0714410872e-08  2.979636e+03  1.592323e-23  0.000000e+00  0.000000e+00  6.9032451654e-42  2.5166970137e-22  4.975174e+14  153
 213  1.5513742548e-18  7.0604194957e-09  6.5393658236e-09  2.2693225408e-08  1.0018250886e-08  5.158416e+03  2.853773e-23  0.000000e+00  0.000000e+00  1.2983375737e-42  3.3914405115e-22  7.843993e+14  153
 214  8.5017942954e-19  3.3817018831e-09  6.2934299562e-09  2.0635087853e-08  1.5687325710e-08  2.450124e+04  2.833094e-23  0.000000e+00  0.000000e+00  1.2329836331e-42  6.0880493084e-22  1.754185e+14  153
 215  7.6146002872e-19  3.5216004803e-09  6.4107751950e-09  1.8844005420e-08  2.6604386542e-08  2.819276e+03  2.998530e-23  0.000000e+00  0.000000e+00  7.0869945639e-43  3.6995652896e-22  6.029422e+14  153
 216  2.0383002964e-18  2.6117180408e-09  7.9108901064e-09  2.1573615543e-08  1.1093116683e-08  7.013198e+03  1.687965e-23  0.000000e+00  0.000000e+00  1.3546431153e-43  1.9480103426e-22  1.812203e+15  153
 217  1.6902527005e-18  1.6725014084e-09  5.5756437503e-09  2.1967049914e-08  7.9223652303e-09  9.889469e+03  5.924681e-23  0.000000e+00  0.000000e+00  2.5111718588e-42  2.7110844576e-22  1.096769e+15  153
 218  1.2401570505e-18  1.4210760127e-09  4.3062852105e-09  1.4580060518e-08  7.4128453683e-09  4.679679e+03  3.381101e-23  0.000000e+00  0.000000e+00  3.4931800812e-42  4.9258605478e-22  7.645917e+14  153
 219  1.3684839010e-18  9.8341819419e-10  5.6368342106e-09  7.9265071687e-09  4.4836572332e-09  4.581325e+03  5.622243e-24  0.000000e+00  0.000000e+00  6.2546143549e-43  2.5559880928e-22  1.351807e+15  153
 220  1.2535524416e-18  2.0457657570e-09  5.4167537597e-09  8.8088020884e-09  2.9938300048e-09  9.869850e+03  2.429843e-23  0.000000e+00  0.000000e+00  1.3580310697e-42  3.6912934835e-23  6.284303e+14  153
 221  9.5251084540e-19  1.0811004508e-09  3.0693159563e-09  1.2948817165e-08  9.3508401935e-10  2.146877e+04  2.869283e-23  0.000000e+00  0.000000e+00  1.2241204776e-42  2.2204629568e-23  4.148614e+14  153
 222  1.0104483172e-18  6.2513455239e-10  3.2335390366e-09  7.3208717175e-09  9.6726156552e-10  1.370629e+03  4.032505e-24  0.000000e+00  0.000000e+00  5.1069251068e-43  1.5695752123e-22  8.534295e+14  153
 223  1.0742949429e-18  9.4774912088e-10  2.4064837960e-09  5.6558859859e-09  1.1426307475e-09  8.173138e+04  6.875939e-24  0.000000e+00  0.000000e+00  5.3452073831e-43  4.6528909456e-23  7.291977e+14  153
 224  3.8414976557e-19  7.8540459480e-10  3.2694886136e-09  6.0419720258e-09  2.1012561716e-10  2.105660e+03  3.709388e-24  0.000000e+00  0.000000e+00  7.2190894944e-43  2.2127081386e-23  2.588898e+14  153
 225  2.0703898636e-19  3.3396260840e-10  2.3300338357e-09  3.4024108056e-09  3.5076032017e-10  1.626915e+03  4.950159e-24  0.000000e+00  0.000000e+00  1.9626827028e-43  3.2466839043e-23  1.854773e+14  153
 226  1.9058404218e-19  5.8158134999e-10  1.1808590049e-09  3.6638474515e-09  6.9147101114e-10  7.376421e+03  6.901788e-24  0.000000e+00  0.000000e+00  2.7906701224e-44  6.0229088352e-24  2.465373e+14  153
 227  1.0097249510e-19  5.1092291630e-10  1.1810831406e-09  4.2766789019e-09  4.4375134502e-10  3.817746e+03  9.855082e-25  0.000000e+00  0.000000e+00  1.8987587710e-44  6.1521558059e-24  1.488204e+14  153
 228  6.4886765639e-20  3.9323547514e-10  1.0090260664e-09  1.9465872417e-09  3.8772558910e-10  1.705514e+03  9.014976e-25  0.000000e+00  0.000000e+00  6.5206447707e-45  1.7448341046e-23  1.535157e+14  153
 229  4.4524876718e-20  7.5129554261e-10  3.0166720450e-10  1.5077919055e-09  8.4642256474e-10  1.508616e+03  1.298932e-24  0.000000e+00  0.000000e+00  2.1961728740e-45  3.0825402515e-24  2.091223e+14  153
 230  2.7908170466e-20  6.2233892501e-10  2.5036061611e-10  1.3518408130e-09  4.9745546232e-10  5.079817e+03  1.033976e-25  0.000000e+00  0.000000e+00  1.4656942446e-45  1.6123559596e-24  1.624224e+14  153
 231  1.7835372292e-20  6.2639122223e-10  2.7841829962e-10  1.1057061907e-09  3.9824093575e-10  3.067365e+03  4.038968e-26  0.000000e+00  0.000000e+00  5.8012160969e-46  1.2536956159e-24  1.452350e+14  153
 232  1.0564810556e-20  4.5340423220e-10  1.9257248303e-10  1.2005550545e-09  4.6925112300e-10  5.667198e+03  6.745076e-26  0.000000e+00  0.000000e+00  2.3862958813e-46  6.0422958808e-25  1.653136e+14  153
 233  8.6584519076e-21  3.2888083281e-10  7.2634412966e-11  1.5144482371e-09  3.9872846042e-10  1.639890e+04  6.381569e-26  0.000000e+00  0.000000e+00  8.4014029118e-47  5.7838019393e-25  1.640225e+14  153
 234  6.5768825433e-21  1.4919754315e-10  4.7798251557e-11  1.6848202173e-09  1.2270508138e-10  3.892861e+03  4.543839e-27  0.000000e+00  0.000000e+00  4.3017236214e-47  1.6123559596e-24  1.573251e+14  153
 235  2.1449396615e-21  8.7069483552e-11  5.4357052422e-11  2.2924693937e-09  1.0476572110e-10  5.806681e+03  1.262177e-27  0.000000e+00  0.000000e+00  3.2675001562e-47  1.0372069400e-24  9.361336e+13  153
 236  1.4284652254e-21  7.3155845863e-11  4.8977788603e-11  2.1113821069e-09  1.0022064614e-10  6.334729e+04  1.968997e-27  0.000000e+00  0.000000e+00  4.3555163267e-48  3.0114544176e-24  1.393499e+14  153
 237  1.3393487161e-21  4.8134254336e-11  3.0855872781e-11  2.1150897170e-09  4.4220423793e-11  2.553311e+04  1.565100e-27  0.000000e+00  0.000000e+00  9.1153933054e-49  4.3168488218e-24  2.676647e+14  153
 238  1.0008692334e-21  3.0279538376e-11  2.5457729866e-11  1.6860138110e-09  2.1544307225e-11  4.801898e+04  8.077936e-28  0.000000e+00  0.000000e+00  1.4931484059e-48  2.4750794891e-24  2.579386e+14  153
 239  6.8911282248e-22  2.5909551875e-11  2.2909519826e-11  1.4119107767e-09  1.0396719607e-11  9.081471e+02  4.796274e-28  0.000000e+00  0.000000e+00  6.8173696985e-49  1.8223822870e-24  2.947730e+14  153
 240  3.0830831471e-22  1.1324390627e-11  2.3603096037e-11  9.8610031105e-10  7.0823086547e-12  1.581294e+03  2.082593e-28  0.000000e+00  0.000000e+00  4.8211671006e-49  1.3183191013e-24  1.580595e+14  153
 241  1.8422986241e-22  7.7256579254e-12  3.0027102219e-11  1.1305161822e-09  5.6604192537e-12  1.123459e+05  2.524355e-28  0.000000e+00  0.000000e+00  6.8370235057e-50  7.2055186172e-25  1.926128e+14  153
 242  2.1708345189e-22  7.5615076934e-12  4.1339510707e-11  7.1792725844e-10  5.7858423761e-12  3.293318e+03  3.849641e-28  0.000000e+00  0.000000e+00  1.7661798982e-50  8.6918587803e-25  5.137689e+14  153
 243  1.2599228144e-22  4.5770277125e-12  5.9861059242e-11  6.5269030398e-10  5.9943358289e-12  3.254714e+03  7.320629e-28  0.000000e+00  0.000000e+00  5.1865336141e-50  3.4735123379e-25  4.079300e+14  153
 244  7.2566787463e-23  3.5233997609e-12  7.1324335028e-11  5.1227082190e-10  5.4913597290e-12  7.080830e+03  1.438882e-27  0.000000e+00  0.000000e+00  1.2327575282e-50  3.1827066538e-25  2.778120e+14  153
 245  3.6279929112e-23  2.7641372453e-12  4.6924991109e-11  5.2250292517e-10  7.2831756877e-12  4.525296e+03  4.745787e-27  0.000000e+00  0.000000e+00  3.0232874646e-51  1.4701842918e-25  9.964766e+13  153
 246  1.9668673657e-23  1.7061849648e-12  7.1370709763e-11  4.8835715845e-10  1.1626905108e-11  8.644461e+02  8.582807e-28  0.000000e+00  0.000000e+00  1.0718074137e-51  1.6640547479e-25  1.790636e+14  153
 247  1.3484664644e-23  1.2171334865e-12  7.1243106604e-11  8.0233723578e-10  1.5575284775e-11  4.764858e+03  2.069971e-27  0.000000e+00  0.000000e+00  3.5808680097e-52  1.2924697071e-25  2.005134e+14  153
 248  1.2161942787e-23  1.5571956323e-12  9.7938686856e-11  1.0543864298e-09  2.1861328523e-11  7.132811e+02  3.079713e-27  0.000000e+00  0.000000e+00  1.3448860202e-52  2.1487308881e-25  2.528603e+14  153
 249  7.2657971205e-24  1.8699463432e-12  5.9750410239e-11  1.3261418313e-09  2.5754695483e-11  1.160938e+03  6.462349e-27  0.000000e+00  0.000000e+00  1.2864428403e-52  5.0406318577e-25  2.458095e+14  153
 250  4.8628764809e-24  1.9813163400e-12  5.3374245003e-11  1.5095464174e-09  1.9198060675e-11  1.640884e+04  2.524355e-27  0.000000e+00  0.000000e+00  2.9672071480e-53  1.0921369025e-24  2.390225e+14  153
 251  4.9119674956e-24  2.2086080259e-12  3.9737737597e-11  1.5302361199e-09  1.9294338253e-11  2.271484e+03  2.574842e-27  0.000000e+00  0.000000e+00  1.5210387869e-53  9.1442231778e-25  1.938801e+14  153
 252  4.2231041575e-24  3.3070764987e-12  3.7400032297e-11  1.0254713082e-09  2.0466093486e-11  8.379520e+04  1.135960e-27  0.000000e+00  0.000000e+00  1.7381841439e-53  1.6252806567e-24  3.184473e+14  153
 253  2.2893980185e-24  3.7672671637e-12  3.9361266333e-11  1.1837694590e-09  2.3349417057e-11  4.623900e+03  9.844984e-28  0.000000e+00  0.000000e+00  1.6596252533e-53  1.1567603879e-24  2.387659e+14  153
 254  9.4398287914e-25  4.7178898993e-12  3.9706501326e-11  9.3975407774e-10  1.3577325970e-11  5.902807e+03  7.825500e-28  0.000000e+00  0.000000e+00  4.1143061781e-54  9.8227697741e-25  1.152115e+14  153
 255  6.3472983662e-25  5.6405657043e-12  3.8177116697e-11  8.2433741995e-10  9.6875697951e-12  2.217844e+03  1.034986e-27  0.000000e+00  0.000000e+00  9.1895975849e-55  5.2991257992e-25  1.622282e+14  153
 256  3.6430549617e-25  5.8581937854e-12  4.6588860550e-11  8.5553629119e-10  3.8374461698e-12  4.295057e+04  7.446847e-28  0.000000e+00  0.000000e+00  3.3051789792e-55  4.8790731444e-25  1.412852e+14  153
 257  3.1473229373e-25  6.0049182669e-12  4.9095868512e-11  7.7371864103e-10  3.3281866967e-12  4.524694e+04  1.135960e-27  0.000000e+00  0.000000e+00  1.0712987767e-55  4.3297735188e-25  2.931109e+14  153
 258  1.6990073561e-25  4.7559782393e-12  3.9612644724e-11  6.6883426592e-10  1.7489624613e-12  9.018011e+03  1.312665e-27  0.000000e+00  0.000000e+00  8.9556413497e-56  3.5866034372e-25  1.894099e+14  153
 259  1.0456614773e-25  5.6718856914e-12  3.6809263010e-11  5.5740673925e-10  2.2539035503e-12  2.378473e+04  1.161203e-27  0.000000e+00  0.000000e+00  1.9426219002e-56  3.3765771098e-25  1.665944e+14  153
 260  6.1778840915e-26  5.2664966108e-12  3.3081111686e-11  4.9192146235e-10  1.8955158122e-12  5.390715e+03  8.582807e-28  0.000000e+00  0.000000e+00  7.1534448396e-57  1.5832753912e-25  1.123927e+14  153
 261  3.7463340113e-26  4.0460119544e-12  2.9694688633e-11  5.4204663414e-10  1.6303339299e-12  3.630527e+04  1.009742e-27  0.000000e+00  0.000000e+00  3.5200955407e-57  1.7125223619e-25  1.490679e+14  153
 262  3.0155822284e-26  4.6745899305e-12  2.8616582717e-11  5.1428206053e-10  1.4689683011e-12  6.872634e+04  6.563323e-28  0.000000e+00  0.000000e+00  1.0727240391e-57  1.7448341046e-25  2.152032e+14  153
 263  1.6194640435e-26  4.3890849758e-12  2.9652874922e-11  4.6071809453e-10  1.5481834569e-12  1.278406e+04  3.092335e-28  0.000000e+00  0.000000e+00  8.0292523011e-58  2.1487308881e-25  1.546198e+14  153
 264  1.0832453326e-26  4.0294531792e-12  3.6865400397e-11  4.8873642296e-10  9.9124476974e-13  1.175442e+05  4.922492e-28  0.000000e+00  0.000000e+00  1.5048886353e-58  1.2278462218e-25  1.198965e+14  153
 265  6.8139987179e-27  3.4946775822e-12  2.9188971050e-11  4.0764847153e-10  9.8179833680e-13  8.081316e+02  7.951718e-28  0.000000e+00  0.000000e+00  6.2648814979e-59  1.2763138358e-25  1.809964e+14  153
 266  4.0678530631e-27  2.4333988100e-12  2.5868689869e-11  4.9897369363e-10  9.5926635917e-13  2.146966e+05  6.941976e-28  0.000000e+00  0.000000e+00  2.5285487039e-59  1.1066771867e-25  1.288643e+14  153
 267  2.6074482974e-27  1.7426335602e-12  2.4932433301e-11  4.2178595129e-10  8.7129556030e-13  3.359936e+03  4.796274e-28  0.000000e+00  0.000000e+00  7.9027895271e-60  1.6155871339e-25  1.066638e+14  153
 268  1.5242670749e-27  1.4198070992e-12  2.3497724547e-11  3.8037325787e-10  7.6290803877e-13  5.793292e+03  5.301145e-28  0.000000e+00  0.000000e+00  5.6077965093e-60  9.1280673065e-26  1.160337e+14  153
 269  8.7385720010e-28  9.8922533700e-13  1.7984093514e-11  5.3984467527e-10  7.0513298069e-13  4.096609e+04  2.713682e-28  0.000000e+00  0.000000e+00  3.1399797256e-60  8.6837808447e-26  1.516071e+14  153
 270  4.9046542587e-28  5.3966756991e-13  1.5993923985e-11  3.1639959933e-10  8.4750074282e-13  1.101372e+04  2.713682e-28  0.000000e+00  0.000000e+00  7.7326794824e-61  1.8660031396e-25  1.220495e+14  153
 271  2.3804820693e-28  3.2458793712e-13  1.1036409978e-11  3.0528690437e-10  1.1594554399e-12  1.985850e+04  2.271919e-28  0.000000e+00  0.000000e+00  2.7017116475e-61  5.1698788285e-26  9.282023e+13  153
 272  1.2057064337e-28  2.7803656587e-13  1.0329874105e-11  3.3991261813e-10  1.7920516720e-12  7.648513e+02  7.573065e-29  0.000000e+00  0.000000e+00  4.3939576592e-62  4.9679304367e-26  7.778872e+13  153
 273  7.8606507833e-29  2.3835416616e-13  8.3542422867e-12  2.2149884084e-10  1.8281704595e-12  7.249456e+03  7.573065e-29  0.000000e+00  0.000000e+00  9.9770321757e-63  8.7241705230e-26  1.394711e+14  153
 274  4.5572331107e-29  1.5584356052e-13  8.3851268367e-12  1.7781493676e-10  2.2703477884e-12  3.778408e+03  4.890938e-29  0.000000e+00  0.000000e+00  6.9421345592e-63  3.8774091213e-26  1.006711e+14  153
 275  3.6446774258e-29  1.8404599758e-13  7.8830161435e-12  1.8571516583e-10  3.1309552876e-12  2.189443e+03  5.364254e-29  0.000000e+00  0.000000e+00  2.0084990039e-63  2.2618219874e-26  1.527208e+14  153
 276  1.7818893630e-29  1.9593058539e-13  7.9678172678e-12  1.8367289975e-10  2.3429408515e-12  3.261548e+04  3.786532e-29  0.000000e+00  0.000000e+00  1.4189571206e-63  1.5348077772e-26  1.852811e+14  153
 277  1.6910929940e-29  2.2181386396e-13  7.7773763116e-12  1.3169784768e-10  2.2146407870e-12  1.409805e+04  5.679799e-29  0.000000e+00  0.000000e+00  2.8623230097e-64  2.3022116658e-26  3.353829e+14  153
 278  1.1170261841e-29  2.0936742870e-13  5.8501793002e-12  1.4288043084e-10  1.7363660948e-12  1.988192e+03  4.102077e-29  0.000000e+00  0.000000e+00  2.7626031323e-64  1.7973406865e-26  2.026122e+14  153
 279  5.3789786314e-30  2.0387242481e-13  8.9920467568e-12  9.3248713660e-11  1.4521716483e-12  1.425645e+03  1.656608e-29  0.000000e+00  0.000000e+00  1.1041280396e-64  1.2015929308e-26  1.630154e+14  153
